2.425: [Full GC2.426: [CMS: 0K->19979K(1024000K), 0.3367150 secs] 170426K->19979K(1761280K), [CMS Perm : 13945K->13941K(524288K)], 0.3377090 secs] [Times: user=0.24 sys=0.09, real=0.34 secs] 
11.908: [GC11.909: [ParNew
Desired survivor size 41943040 bytes, new threshold 1 (max 6)
- age   1:   70367463.548: [GC 10606K->6986K(29184K), 0.0668540 secs]
K), 0.3150090 secs] 675339K->89089K(1761280K), 0.3153890 secs] [Times: user=1.61 sys=0.54, real=0.31 secs] 
17.201: [GC17.201: [ParNew
Desired survivor size 41943040 bytes, new threshold 1 (max 6)
- age   1:   66927480 bytes,   66927480 total
: 724470K->81920K(737280K), 1.6803960 secs] 744449K->155436K(1761280K), 1.6806470 secs] [Times: user=3.22 sys=1.10, real=1.68 secs] 
30.582: [GC30.583: [ParNew
Desired survivor size 41943040 bytes, new threshold 1 (max 6)
- age   1:   83883864 bytes,   83883864 total
: 737280K->81920K(737280K), 1.4547680 secs] 810796K->353134K(1761280K), 1.4549380 secs] [Times: user=4.28 sys=1.21, real=1.45 secs] 
41.391: [GC41.392: [ParNew
Desired survivor size 41943040 bytes, new threshold 1 (max 6)
- age   1:   73822640 bytes,   73822640 total
: 737280K->81920K(737280K), 0.5099920 secs] 1008494K->450830K(1761280K), 0.5101950 secs] [Times: user=2.59 sys=0.49, real=0.51 secs] 
48.468: [GC48.468: [ParNew
Desired survivor size 41943040 bytes, new threshold 1 (max 6)
- age   1:   67382456 bytes,   67382456 total
: 737280K->81920K(737280K), 0.4426830 secs] 1106190K->509223K(1761280K), 0.4428860 secs] [Times: user=2.58 sys=0.31, real=0.44 secs] 
56.052: [GC56.052: [ParNew
Desired survivor size 41943040 bytes, new threshold 1 (max 6)
- age   1:   61219360 bytes,   61219360 total
: 737280K->81920K(737280K), 0.4785170 secs] 1164583K->555479K(1761280K), 0.4786900 secs] [Times: user=2.37 sys=0.21, real=0.48 secs] 
67.245: [GC67.245: [ParNew
Desired survivor size 41943040 bytes, new threshold 1 (max 6)
- age   1:   57059120 bytes,   57059120 total
: 737280K->81920K(737280K), 0.3972420 secs] 1210839K->616287K(1761280K), 0.3974010 secs] [Times: user=2.32 sys=0.34, real=0.40 secs] 
67.643: [GC [1 CMS-initial-mark: 534367K(1024000K)] 627067K(1761280K), 0.1017410 secs] [Times: user=0.10 sys=0.00, real=0.10 secs] 
67.745: [CMS-concurrent-mark-start]
69.032: [CMS-concurrent-mark: 1.287/1.287 secs] [Times: user=2.98 sys=0.06, real=1.29 secs] 
69.032: [CMS-concurrent-preclean-start]
69.036: [CMS-concurrent-preclean: 0.004/0.004 secs] [Times: user=0.01 sys=0.00, real=0.00 secs] 
69.037: [CMS-concurrent-abortable-preclean-start]
 CMS: abort preclean due to time 75.006: [CMS-concurrent-abortable-preclean: 5.649/5.969 secs] [Times: user=8.46 sys=0.17, real=5.97 secs] 
75.007: [GC[YG occupancy: 603926 K (737280 K)]75.007: [Rescan (parallel) , 0.8510530 secs]75.859: [weak refs processing, 0.0001350 secs]75.859: [scrub string table, 0.0013320 secs] [1 CMS-remark: 534367K(1024000K)] 1138294K(1761280K), 0.8527790 secs] [Times: user=5.80 sys=0.04, real=0.85 secs] 
75.861: [CMS-concurrent-sweep-start]
76.337: [CMS-concurrent-sweep: 0.476/0.476 secs] [Times: user=0.62 sys=0.02, real=0.47 secs] 
76.337: [CMS-concurrent-reset-start]
76.359: [CMS-concurrent-reset: 0.022/0.022 secs] [Times: user=0.03 sys=0.00, real=0.03 secs] 
77.241: [GC77.241: [ParNew
Desired survivor size 41943040 bytes, new threshold 1 (max 6)
- age   1:   64847456 bytes,   64847456 total
: 737280K->81920K(737280K), 0.2941640 secs] 1238892K->628138K(1761280K), 0.2943310 secs] [Times: user=1.86 sys=0.07, real=0.29 secs] 
85.403: [GC85.403: [ParNew
Desired survivor size 41943040 bytes, new threshold 1 (max 6)
- age   1:   78918104 bytes,   78918104 total
: 737280K->81920K(737280K), 0.3910440 secs] 1283498K->678799K(1761280K), 0.3912230 secs] [Times: user=2.44 sys=0.24, real=0.39 secs] 
98.396: [GC98.396: [ParNew
Desired survivor size 41943040 bytes, new threshold 1 (max 6)
- age   1:   54531216 bytes,   54531216 total
: 737280K->81920K(737280K), 0.4055450 secs] 1334159K->742194K(1761280K), 0.4057060 secs] [Times: user=2.29 sys=0.37, real=0.41 secs] 
107.864: [GC107.864: [ParNew
Desired survivor size 41943040 bytes, new threshold 1 (max 6)
- age   1:   71370320 bytes,   71370320 total
: 737280K->81920K(737280K), 0.3885020 secs] 1397554K->783484K(1761280K), 0.3887920 secs] [Times: user=2.37 sys=0.21, real=0.39 secs] 
119.259: [GC119.259: [ParNew
Desired survivor size 41943040 bytes, new threshold 1 (max 6)
- age   1:   50333352 bytes,   50333352 total
: 737280K->66837K(737280K), 0.4211960 secs] 1438844K->821163K(1761280K), 0.4214420 secs] [Times: user=2.56 sys=0.30, real=0.42 secs] 
132.417: [GC132.417: [ParNew
Desired survivor size 41943040 bytes, new threshold 1 (max 6)
- age   1:   55580016 bytes,   55580016 total
: 722197K->80361K(737280K), 0.3676560 secs] 1476523K->882041K(1761280K), 0.3678310 secs] [Times: user=2.10 sys=0.27, real=0.36 secs] 
141.929: [GC141.929: [ParNew
Desired survivor size 41943040 bytes, new threshold 1 (max 6)
- age   1:   83166128 bytes,   83166128 total
: 735721K->81920K(737280K), 0.3996890 secs] 1537401K->930096K(1761280K), 0.3998740 secs] [Times: user=2.37 sys=0.24, real=0.40 secs] 
158.840: [GC158.840: [ParNew
Desired survivor size 41943040 bytes, new threshold 1 (max 6)
- age   1:   53389192 bytes,   53389192 total
: 737280K->80287K(737280K), 0.4654320 secs] 1585456K->998733K(1761280K), 0.4655990 secs] [Times: user=2.61 sys=0.36, real=0.46 secs] 
159.307: [GC [1 CMS-initial-mark: 918446K(1024000K)] 1011884K(1761280K), 0.1024030 secs] [Times: user=0.10 sys=0.00, real=0.10 secs] 
159.410: [CMS-concurrent-mark-start]
161.961: [CMS-concurrent-mark: 2.551/2.551 secs] [Times: user=5.81 sys=0.11, real=2.55 secs] 
161.961: [CMS-concurrent-preclean-start]
161.966: [CMS-concurrent-preclean: 0.005/0.005 secs] [Times: user=0.01 sys=0.00, real=0.00 secs] 
161.966: [CMS-concurrent-abortable-preclean-start]
 CMS: abort preclean due to time 167.782: [CMS-concurrent-abortable-preclean: 5.471/5.816 secs] [Times: user=7.26 sys=0.07, real=5.82 secs] 
167.782: [GC[YG occupancy: 530632 K (737280 K)]167.783: [Rescan (parallel) , 0.6579390 secs]168.441: [weak refs processing, 0.0000590 secs]168.441: [scrub string table, 0.0011130 secs] [1 CMS-remark: 918446K(1024000K)] 1449079K(1761280K), 0.6593080 secs] [Times: user=4.80 sys=0.02, real=0.66 secs] 
168.442: [CMS-concurrent-sweep-start]
169.392: [CMS-concurrent-sweep: 0.950/0.950 secs] [Times: user=1.24 sys=0.02, real=0.95 secs] 
169.392: [CMS-concurrent-reset-start]
169.411: [CMS-concurrent-reset: 0.019/0.019 secs] [Times: user=0.02 sys=0.00, real=0.01 secs] 
171.414: [GC [1 CMS-initial-mark: 857235K(1024000K)] 1519570K(1761280K), 0.9965740 secs] [Times: user=0.99 sys=0.00, real=0.99 secs] 
172.411: [CMS-concurrent-mark-start]
173.051: [GC173.052: [ParNew
Desired survivor size 41943040 bytes, new threshold 1 (max 6)
- age   1:   62288296 bytes,   62288296 total
: 735647K->81920K(737280K), 0.2834550 secs] 1592882K->983179K(1761280K), 0.2836190 secs] [Times: user=1.77 sys=0.00, real=0.28 secs] 
175.016: [CMS-concurrent-mark: 2.314/2.605 secs] [Times: user=7.45 sys=0.02, real=2.61 secs] 
175.016: [CMS-concurrent-preclean-start]
175.936: [CMS-concurrent-preclean: 0.871/0.920 secs] [Times: user=0.92 sys=0.01, real=0.92 secs] 
175.936: [CMS-concurrent-abortable-preclean-start]
 CMS: abort preclean due to time 181.322: [CMS-concurrent-abortable-preclean: 4.977/5.386 secs] [Times: user=6.58 sys=0.20, real=5.38 secs] 
181.323: [GC[YG occupancy: 424138 K (737280 K)]181.323: [Rescan (parallel) , 0.5285950 secs]181.852: [weak refs processing, 0.0000340 secs]181.852: [scrub string table, 0.0011110 secs] [1 CMS-remark: 901259K(1024000K)] 1325397K(1761280K), 0.5299030 secs] [Times: user=3.96 sys=0.01, real=0.53 secs] 
181.853: [CMS-concurrent-sweep-start]
182.461: [CMS-concurrent-sweep: 0.608/0.608 secs] [Times: user=1.03 sys=0.01, real=0.60 secs] 
182.461: [CMS-concurrent-reset-start]
182.471: [CMS-concurrent-reset: 0.010/0.010 secs] [Times: user=0.01 sys=0.00, real=0.01 secs] 
183.863: [GC [1 CMS-initial-mark: 898230K(1024000K)] 1427591K(1761280K), 0.8178130 secs] [Times: user=0.81 sys=0.00, real=0.82 secs] 
184.681: [CMS-concurrent-mark-start]
187.172: [CMS-concurrent-mark: 2.490/2.490 secs] [Times: user=5.61 sys=0.09, real=2.49 secs] 
187.172: [CMS-concurrent-preclean-start]
187.176: [CMS-concurrent-preclean: 0.004/0.004 secs] [Times: user=0.01 sys=0.00, real=0.01 secs] 
187.176: [CMS-concurrent-abortable-preclean-start]
190.406: [GC190.406: [ParNew190.459: [CMS-concurrent-abortable-preclean: 2.973/3.283 secs] [Times: user=4.27 sys=0.13, real=3.28 secs] 

Desired survivor size 41943040 bytes, new threshold 1 (max 6)
- age   1:   58015344 bytes,   58015344 total
: 737280K->74822K(737280K), 0.2761610 secs] 1635510K->1017422K(1761280K), 0.2763890 secs] [Times: user=1.68 sys=0.15, real=0.27 secs] 
190.684: [GC[YG occupancy: 88040 K (737280 K)]190.684: [Rescan (parallel) , 0.0699050 secs]190.754: [weak refs processing, 0.0000520 secs]190.754: [scrub string table, 0.0011050 secs] [1 CMS-remark: 942599K(1024000K)] 1030639K(1761280K), 0.0712320 secs] [Times: user=0.55 sys=0.01, real=0.08 secs] 
190.755: [CMS-concurrent-sweep-start]
191.396: [CMS-concurrent-sweep: 0.640/0.640 secs] [Times: user=0.96 sys=0.00, real=0.64 secs] 
191.396: [CMS-concurrent-reset-start]
191.406: [CMS-concurrent-reset: 0.010/0.010 secs] [Times: user=0.01 sys=0.00, real=0.01 secs] 
193.041: [GC [1 CMS-initial-mark: 942490K(1024000K)] 1133070K(1761280K), 0.2625960 secs] [Times: user=0.26 sys=0.00, real=0.26 secs] 
193.304: [CMS-concurrent-mark-start]
197.328: [CMS-concurrent-mark: 3.042/4.024 secs] [Times: user=15.69 sys=0.63, real=4.03 secs] 
197.328: [CMS-concurrent-preclean-start]
197.467: [CMS-concurrent-preclean: 0.127/0.139 secs] [Times: user=0.20 sys=0.01, real=0.14 secs] 
197.467: [CMS-concurrent-abortable-preclean-start]
197.830: [GC197.830: [ParNew
Desired survivor size 41943040 bytes, new threshold 6 (max 6)
- age   1:   25059560 bytes,   25059560 total
: 730182K->58265K(737280K), 0.2720720 secs] 1672672K->1039201K(1761280K), 0.2722650 secs] [Times: user=1.39 sys=0.24, real=0.27 secs] 
198.129: [CMS-concurrent-abortable-preclean: 0.372/0.662 secs] [Times: user=2.46 sys=0.28, real=0.66 secs] 
198.151: [GC[YG occupancy: 152115 K (737280 K)]198.151: [Rescan (parallel) , 0.0683210 secs]198.220: [weak refs processing, 0.0000310 secs]198.220: [scrub string table, 0.0011310 secs] [1 CMS-remark: 980936K(1024000K)] 1133052K(1761280K), 0.0696630 secs] [Times: user=0.54 sys=0.00, real=0.07 secs] 
198.228: [CMS-concurrent-sweep-start]
198.771: [GC198.771: [ParNew: 713625K->713625K(737280K), 0.0000970 secs]198.771: [CMS198.969: [CMS-concurrent-sweep: 0.718/0.741 secs] [Times: user=4.15 sys=0.10, real=0.74 secs] 
 (concurrent mode failure): 980770K->971108K(1024000K), 7.4017760 secs] 1694396K->971108K(1761280K), [CMS Perm : 47490K->47384K(524288K)], 7.4021210 secs] [Times: user=7.32 sys=0.00, real=7.40 secs] 
206.493: [GC [1 CMS-initial-mark: 971108K(1024000K)] 1598351K(1761280K), 0.4652220 secs] [Times: user=0.47 sys=0.00, real=0.46 secs] 
206.958: [CMS-concurrent-mark-start]
206.973: [GC206.973: [ParNew
Desired survivor size 41943040 bytes, new threshold 6 (max 6)
- age   1:    5440528 bytes,    5440528 total
: 655360K->23250K(737280K), 0.0113500 secs] 1626468K->994358K(1761280K), 0.0115360 secs] [Times: user=0.08 sys=0.00, real=0.01 secs] 
207.440: [GC207.440: [ParNew
Desired survivor size 41943040 bytes, new threshold 6 (max 6)
- age   1:    2330624 bytes,    2330624 total
- age   2:    1208136 bytes,    3538760 total
: 678610K->7174K(737280K), 0.0098760 secs] 1649718K->978282K(1761280K), 0.0100630 secs] [Times: user=0.07 sys=0.00, real=0.01 secs] 
208.142: [GC208.142: [ParNew
Desired survivor size 41943040 bytes, new threshold 6 (max 6)
- age   1:    2339576 bytes,    2339576 total
- age   2:    1247312 bytes,    3586888 total
- age   3:    1200736 bytes,    4787624 total
: 662534K->5751K(737280K), 0.0094730 secs] 1633642K->976859K(1761280K), 0.0096490 secs] [Times: user=0.07 sys=0.00, real=0.01 secs] 
208.405: [GC208.405: [ParNew
Desired survivor size 41943040 bytes, new threshold 6 (max 6)
- age   1:     816528 bytes,     816528 total
- age   2:    1513024 bytes,    2329552 total
- age   3:     657432 bytes,    2986984 total
- age   4:    1197496 bytes,    4184480 total
: 661111K->5335K(737280K), 0.0091710 secs] 1632219K->976443K(1761280K), 0.0093890 secs] [Times: user=0.06 sys=0.00, real=0.01 secs] 
208.700: [GC208.700: [ParNew
Desired survivor size 41943040 bytes, new threshold 6 (max 6)
- age   1:    1336208 bytes,    1336208 total
- age   2:     166952 bytes,    1503160 total
- age   3:    1496256 bytes,    2999416 total
- age   4:     657368 bytes,    3656784 total
- age   5:    1183576 bytes,    4840360 total
: 660695K->7230K(737280K), 0.0105320 secs] 1631803K->978338K(1761280K), 0.0106940 secs] [Times: user=0.07 sys=0.00, real=0.01 secs] 
209.047: [GC209.048: [ParNew
Desired survivor size 41943040 bytes, new threshold 6 (max 6)
- age   1:    1215392 bytes,    1215392 total
- age   2:     403496 bytes,    1618888 total
- age   3:     166928 bytes,    1785816 total
- age   4:    1496232 bytes,    3282048 total
- age   5:     657160 bytes,    3939208 total
- age   6:    1183576 bytes,    5122784 total
: 662590K->6869K(737280K), 0.0101350 secs] 1633698K->977977K(1761280K), 0.0103060 secs] [Times: user=0.06 sys=0.00, real=0.01 secs] 
209.346: [GC209.346: [ParNew
Desired survivor size 41943040 bytes, new threshold 6 (max 6)
- age   1:    1494320 bytes,    1494320 total
- age   2:     444608 bytes,    1938928 total
- age   3:     403392 bytes,    2342320 total
- age   4:     166832 bytes,    2509152 total
- age   5:    1496232 bytes,    4005384 total
- age   6:     656840 bytes,    4662224 total
: 662229K->7342K(737280K), 0.0142160 secs] 1633337K->979728K(1761280K), 0.0143720 secs] [Times: user=0.08 sys=0.00, real=0.02 secs] 
209.638: [GC209.638: [ParNew
Desired survivor size 41943040 bytes, new threshold 6 (max 6)
- age   1:     928752 bytes,     928752 total
- age   2:     547256 bytes,    1476008 total
- age   3:     441528 bytes,    1917536 total
- age   4:     403200 bytes,    2320736 total
- age   5:     166832 bytes,    2487568 total
- age   6:    1496024 bytes,    3983592 total
: 662702K->5218K(737280K), 0.0109710 secs] 1635088K->978294K(1761280K), 0.0111210 secs] [Times: user=0.06 sys=0.00, real=0.02 secs] 
209.943: [GC209.943: [ParNew
Desired survivor size 41943040 bytes, new threshold 6 (max 6)
- age   1:    1120144 bytes,    1120144 total
- age   2:     312040 bytes,    1432184 total
- age   3:     547184 bytes,    1979368 total
- age   4:     441528 bytes,    2420896 total
- age   5:     378200 bytes,    2799096 total
- age   6:     166832 bytes,    2965928 total
: 660578K->4586K(737280K), 0.0135890 secs] 1633654K->979229K(1761280K), 0.0137710 secs] [Times: user=0.07 sys=0.01, real=0.01 secs] 
210.224: [GC210.224: [ParNew
Desired survivor size 41943040 bytes, new threshold 6 (max 6)
- age   1:    1198824 bytes,    1198824 total
- age   2:     432072 bytes,    1630896 total
- age   3:     312016 bytes,    1942912 total
- age   4:     544208 bytes,    2487120 total
- age   5:     438040 bytes,    2925160 total
- age   6:     378200 bytes,    3303360 total
: 659946K->5186K(737280K), 0.0091700 secs] 1634589K->979995K(1761280K), 0.0093220 secs] [Times: user=0.05 sys=0.00, real=0.01 secs] 
210.562: [GC210.562: [ParNew
Desired survivor size 41943040 bytes, new threshold 6 (max 6)
- age   1:     361952 bytes,     361952 total
- age   2:     186488 bytes,     548440 total
- age   3:     431856 bytes,     980296 total
- age   4:     311992 bytes,    1292288 total
- age   5:     544136 bytes,    1836424 total
- age   6:     438040 bytes,    2274464 total
: 660546K->3217K(737280K), 0.0083990 secs] 1635355K->978399K(1761280K), 0.0085820 secs] [Times: user=0.05 sys=0.00, real=0.01 secs] 
210.843: [GC210.843: [ParNew
Desired survivor size 41943040 bytes, new threshold 6 (max 6)
- age   1:     890328 bytes,     890328 total
- age   2:     199704 bytes,    1090032 total
- age   3:     186392 bytes,    1276424 total
- age   4:     431832 bytes,    1708256 total
- age   5:     311992 bytes,    2020248 total
- age   6:     544136 bytes,    2564384 total
: 658577K->3705K(737280K), 0.0089110 secs] 1633759K->979329K(1761280K), 0.0091180 secs] [Times: user=0.06 sys=0.00, real=0.01 secs] 
211.137: [GC211.138: [ParNew
Desired survivor size 41943040 bytes, new threshold 6 (max 6)
- age   1:    1200672 bytes,    1200672 total
- age   2:     331832 bytes,    1532504 total
- age   3:     199464 bytes,    1731968 total
- age   4:     186336 bytes,    1918304 total
- age   5:     431832 bytes,    2350136 total
- age   6:     311992 bytes,    2662128 total
: 659065K->4055K(737280K), 0.0107210 secs] 1634689K->980216K(1761280K), 0.0108720 secs] [Times: user=0.06 sys=0.00, real=0.02 secs] 
211.410: [GC211.411: [ParNew
Desired survivor size 41943040 bytes, new threshold 6 (max 6)
- age   1:    1455240 bytes,    1455240 total
- age   2:     187536 bytes,    1642776 total
- age   3:     331808 bytes,    1974584 total
- age   4:     199368 bytes,    2173952 total
- age   5:     186288 bytes,    2360240 total
- age   6:     431808 bytes,    2792048 total
: 659415K->3860K(737280K), 0.0094080 secs] 1635576K->980335K(1761280K), 0.0095380 secs] [Times: user=0.07 sys=0.00, real=0.01 secs] 
211.685: [GC211.685: [ParNew
Desired survivor size 41943040 bytes, new threshold 6 (max 6)
- age   1:    1051512 bytes,    1051512 total
- age   2:     461064 bytes,    1512576 total
- age   3:     187392 bytes,    1699968 total
- age   4:     331808 bytes,    2031776 total
- age   5:     199368 bytes,    2231144 total
- age   6:     186288 bytes,    2417432 total
: 659220K->3696K(737280K), 0.0093150 secs] 1635695K->980598K(1761280K), 0.0094700 secs] [Times: user=0.05 sys=0.00, real=0.01 secs] 
211.976: [GC211.976: [ParNew
Desired survivor size 41943040 bytes, new threshold 6 (max 6)
- age   1:    1242640 bytes,    1242640 total
- age   2:     301328 bytes,    1543968 total
- age   3:     466856 bytes,    2010824 total
- age   4:     189152 bytes,    2199976 total
- age   5:     332128 bytes,    2532104 total
- age   6:     199688 bytes,    2731792 total
: 659056K->3969K(737280K), 0.0086970 secs] 1635958K->981056K(1761280K), 0.0089070 secs] [Times: user=0.06 sys=0.00, real=0.01 secs] 
212.262: [GC212.262: [ParNew
Desired survivor size 41943040 bytes, new threshold 6 (max 6)
- age   1:    1054344 bytes,    1054344 total
- age   2:     697344 bytes,    1751688 total
- age   3:     296360 bytes,    2048048 total
- age   4:     458736 bytes,    2506784 total
- age   5:     187528 bytes,    2694312 total
- age   6:     332688 bytes,    3027000 total
: 659329K->4228K(737280K), 0.0464620 secs] 1636416K->981512K(1761280K), 0.0466340 secs] [Times: user=0.35 sys=0.00, real=0.05 secs] 
212.585: [GC212.585: [ParNew
Desired survivor size 41943040 bytes, new threshold 6 (max 6)
- age   1:    1214456 bytes,    1214456 total
- age   2:     344448 bytes,    1558904 total
- age   3:     697272 bytes,    2256176 total
- age   4:     294608 bytes,    2550784 total
- age   5:     465328 bytes,    3016112 total
- age   6:     189288 bytes,    3205400 total
: 659588K->4654K(737280K), 0.0099730 secs] 1636872K->982265K(1761280K), 0.0101100 secs] [Times: user=0.07 sys=0.00, real=0.01 secs] 
212.934: [GC212.934: [ParNew
Desired survivor size 41943040 bytes, new threshold 6 (max 6)
- age   1:    1391200 bytes,    1391200 total
- age   2:     460000 bytes,    1851200 total
- age   3:     344448 bytes,    2195648 total
- age   4:     697248 bytes,    2892896 total
- age   5:     294208 bytes,    3187104 total
- age   6:     461648 bytes,    3648752 total
: 660014K->4962K(737280K), 0.0101960 secs] 1637625K->982760K(1761280K), 0.0103540 secs] [Times: user=0.05 sys=0.01, real=0.01 secs] 
213.219: [GC213.219: [ParNew
Desired survivor size 41943040 bytes, new threshold 6 (max 6)
- age   1:    1522328 bytes,    1522328 total
- age   2:     669344 bytes,    2191672 total
- age   3:     459856 bytes,    2651528 total
- age   4:     344416 bytes,    2995944 total
- age   5:     697304 bytes,    3693248 total
- age   6:     293728 bytes,    3986976 total
: 660322K->5574K(737280K), 0.0123680 secs] 1638120K->983824K(1761280K), 0.0125550 secs] [Times: user=0.07 sys=0.00, real=0.01 secs] 
213.493: [GC213.493: [ParNew
Desired survivor size 41943040 bytes, new threshold 6 (max 6)
- age   1:     941304 bytes,     941304 total
- age   2:     197096 bytes,    1138400 total
- age   3:     669296 bytes,    1807696 total
- age   4:     459784 bytes,    2267480 total
- age   5:     344416 bytes,    2611896 total
- age   6:     697144 bytes,    3309040 total
: 660934K->4718K(737280K), 0.0099410 secs] 1639184K->983256K(1761280K), 0.0101330 secs] [Times: user=0.06 sys=0.00, real=0.01 secs] 
213.760: [GC213.760: [ParNew
Desired survivor size 41943040 bytes, new threshold 6 (max 6)
- age   1:    1586648 bytes,    1586648 total
- age   2:     190888 bytes,    1777536 total
- age   3:     197016 bytes,    1974552 total
- age   4:     669296 bytes,    2643848 total
- age   5:     459784 bytes,    3103632 total
- age   6:     344416 bytes,    3448048 total
: 660078K->5471K(737280K), 0.0122030 secs] 1638616K->984704K(1761280K), 0.0123710 secs] [Times: user=0.07 sys=0.00, real=0.01 secs] 
214.043: [GC214.043: [ParNew
Desired survivor size 41943040 bytes, new threshold 6 (max 6)
- age   1:    2416600 bytes,    2416600 total
- age   2:     277736 bytes,    2694336 total
- age   3:     194064 bytes,    2888400 total
- age   4:     198648 bytes,    3087048 total
- age   5:     683216 bytes,    3770264 total
- age   6:     467864 bytes,    4238128 total
: 660831K->5471K(737280K), 0.0100630 secs] 1640064K->985044K(1761280K), 0.0102330 secs] [Times: user=0.06 sys=0.00, real=0.01 secs] 
214.332: [GC214.332: [ParNew
Desired survivor size 41943040 bytes, new threshold 6 (max 6)
- age   1:     655992 bytes,     655992 total
- age   2:     342592 bytes,     998584 total
- age   3:     276728 bytes,    1275312 total
- age   4:     192224 bytes,    1467536 total
- age   5:     199528 bytes,    1667064 total
- age   6:     678896 bytes,    2345960 total
: 660831K->3920K(737280K), 0.0101450 secs] 1640404K->983946K(1761280K), 0.0103000 secs] [Times: user=0.07 sys=0.01, real=0.01 secs] 
214.611: [GC214.611: [ParNew
Desired survivor size 41943040 bytes, new threshold 6 (max 6)
- age   1:     979208 bytes,     979208 total
- age   2:     294736 bytes,    1273944 total
- age   3:     344088 bytes,    1618032 total
- age   4:     274968 bytes,    1893000 total
- age   5:     192256 bytes,    2085256 total
- age   6:     198728 bytes,    2283984 total
: 659280K->3205K(737280K), 0.0107460 secs] 1639306K->983890K(1761280K), 0.0109070 secs] [Times: user=0.07 sys=0.01, real=0.01 secs] 
214.893: [GC214.894: [ParNew
Desired survivor size 41943040 bytes, new threshold 6 (max 6)
- age   1:    2504176 bytes,    2504176 total
- age   2:     238432 bytes,    2742608 total
- age   3:     294664 bytes,    3037272 total
- age   4:     342488 bytes,    3379760 total
- age   5:     273000 bytes,    3652760 total
- age   6:     192016 bytes,    3844776 total
: 658565K->4778K(737280K), 0.0102150 secs] 1639250K->985661K(1761280K), 0.0104020 secs] [Times: user=0.07 sys=0.01, real=0.01 secs] 
215.193: [GC215.193: [ParNew
Desired survivor size 41943040 bytes, new threshold 6 (max 6)
- age   1:     695648 bytes,     695648 total
- age   2:     223456 bytes,     919104 total
- age   3:     238360 bytes,    1157464 total
- age   4:     294640 bytes,    1452104 total
- age   5:     341928 bytes,    1794032 total
- age   6:     270680 bytes,    2064712 total
: 660138K->3343K(737280K), 0.0084900 secs] 1641021K->984416K(1761280K), 0.0086330 secs] [Times: user=0.06 sys=0.00, real=0.01 secs] 
215.472: [CMS-concurrent-mark: 6.174/8.514 secs] [Times: user=62.60 sys=1.23, real=8.51 secs] 
215.474: [GC215.474: [ParNew
Desired survivor size 41943040 bytes, new threshold 6 (max 6)
- age   1:    2939232 bytes,    2939232 total
- age   2:     276224 bytes,    3215456 total
- age   3:     223384 bytes,    3438840 total
- age   4:     238312 bytes,    3677152 total
- age   5:     294640 bytes,    3971792 total
- age   6:     341928 bytes,    4313720 total
: 658703K->5577K(737280K), 0.0118210 secs] 1639776K->986920K(1761280K), 0.0119370 secs] [Times: user=0.09 sys=0.00, real=0.01 secs] 
215.486: [CMS-concurrent-preclean-start]
215.546: [CMS-concurrent-preclean: 0.057/0.060 secs] [Times: user=0.45 sys=0.01, real=0.06 secs] 
215.546: [CMS-concurrent-abortable-preclean-start]
215.639: [CMS-concurrent-abortable-preclean: 0.092/0.092 secs] [Times: user=0.72 sys=0.01, real=0.09 secs] 
215.640: [GC[YG occupancy: 390905 K (737280 K)]215.640: [Rescan (parallel) , 0.1295430 secs]215.770: [weak refs processing, 0.0000320 secs]215.770: [scrub string table, 0.0010190 secs] [1 CMS-remark: 981343K(1024000K)] 1372248K(1761280K), 0.1307870 secs] [Times: user=0.98 sys=0.00, real=0.13 secs] 
215.771: [CMS-concurrent-sweep-start]
215.909: [GC215.909: [ParNew
Desired survivor size 41943040 bytes, new threshold 6 (max 6)
- age   1:    2556816 bytes,    2556816 total
- age   2:     707928 bytes,    3264744 total
- age   3:     276032 bytes,    3540776 total
- age   4:     223312 bytes,    3764088 total
- age   5:     238312 bytes,    4002400 total
- age   6:     294640 bytes,    4297040 total
: 660937K->6088K(737280K), 0.0102210 secs] 1642046K->987536K(1761280K), 0.0104550 secs] [Times: user=0.06 sys=0.01, real=0.01 secs] 
216.197: [GC216.197: [ParNew
Desired survivor size 41943040 bytes, new threshold 6 (max 6)
- age   1:    1561624 bytes,    1561624 total
- age   2:     279048 bytes,    1840672 total
- age   3:     707776 bytes,    2548448 total
- age   4:     276032 bytes,    2824480 total
- age   5:     223280 bytes,    3047760 total
- age   6:     238312 bytes,    3286072 total
: 661448K->4594K(737280K), 0.0145730 secs] 1642885K->986323K(1761280K), 0.0147940 secs] [Times: user=0.11 sys=0.00, real=0.02 secs] 
216.469: [GC216.469: [ParNew
Desired survivor size 41943040 bytes, new threshold 6 (max 6)
- age   1:    1060432 bytes,    1060432 total
- age   2:     246600 bytes,    1307032 total
- age   3:     278952 bytes,    1585984 total
- age   4:     707728 bytes,    2293712 total
- age   5:     276032 bytes,    2569744 total
- age   6:     223280 bytes,    2793024 total
: 659954K->4284K(737280K), 0.0124330 secs] 1641682K->986248K(1761280K), 0.0125780 secs] [Times: user=0.10 sys=0.00, real=0.01 secs] 
216.731: [GC216.731: [ParNew
Desired survivor size 41943040 bytes, new threshold 6 (max 6)
- age   1:     419336 bytes,     419336 total
- age   2:      22248 bytes,     441584 total
- age   3:     246504 bytes,     688088 total
- age   4:     278952 bytes,     967040 total
- age   5:     707728 bytes,    1674768 total
- age   6:     276032 bytes,    1950800 total
: 659644K->3265K(737280K), 0.0120100 secs] 1641608K->985450K(1761280K), 0.0121880 secs] [Times: user=0.08 sys=0.00, real=0.01 secs] 
217.020: [GC217.020: [ParNew
Desired survivor size 41943040 bytes, new threshold 6 (max 6)
- age   1:     388672 bytes,     388672 total
- age   2:      25504 bytes,     414176 total
- age   3:      22080 bytes,     436256 total
- age   4:     246424 bytes,     682680 total
- age   5:     278952 bytes,     961632 total
- age   6:     707728 bytes,    1669360 total
: 658625K->1980K(737280K), 0.0123310 secs] 1640810K->984439K(1761280K), 0.0125000 secs] [Times: user=0.07 sys=0.00, real=0.01 secs] 
217.287: [GC217.287: [ParNew
Desired survivor size 41943040 bytes, new threshold 6 (max 6)
- age   1:     873360 bytes,     873360 total
- age   2:      64136 bytes,     937496 total
- age   3:      25480 bytes,     962976 total
- age   4:      22080 bytes,     985056 total
- age   5:     246424 bytes,    1231480 total
- age   6:     278952 bytes,    1510432 total
: 657340K->2374K(737280K), 0.0122740 secs] 1639769K->985504K(1761280K), 0.0124190 secs] [Times: user=0.08 sys=0.00, real=0.02 secs] 
217.403: [CMS-concurrent-sweep: 1.538/1.632 secs] [Times: user=12.22 sys=0.25, real=1.63 secs] 
217.403: [CMS-concurrent-reset-start]
217.460: [CMS-concurrent-reset: 0.057/0.057 secs] [Times: user=0.44 sys=0.01, real=0.06 secs] 
217.536: [GC217.536: [ParNew
Desired survivor size 41943040 bytes, new threshold 6 (max 6)
- age   1:    1486672 bytes,    1486672 total
- age   2:      45360 bytes,    1532032 total
- age   3:      64112 bytes,    1596144 total
- age   4:      25480 bytes,    1621624 total
- age   5:      22032 bytes,    1643656 total
- age   6:     246424 bytes,    1890080 total
: 657734K->2440K(737280K), 0.0092090 secs] 1640681K->985664K(1761280K), 0.0094060 secs] [Times: user=0.06 sys=0.00, real=0.01 secs] 
217.547: [GC [1 CMS-initial-mark: 983223K(1024000K)] 989756K(1761280K), 0.0071180 secs] [Times: user=0.00 sys=0.00, real=0.01 secs] 
217.554: [CMS-concurrent-mark-start]
217.811: [GC217.811: [ParNew
Desired survivor size 41943040 bytes, new threshold 6 (max 6)
- age   1:    1246536 bytes,    1246536 total
- age   2:      17992 bytes,    1264528 total
- age   3:      45264 bytes,    1309792 total
- age   4:      63992 bytes,    1373784 total
- age   5:      25480 bytes,    1399264 total
- age   6:      22032 bytes,    1421296 total
: 657800K->1979K(737280K), 0.0079750 secs] 1641024K->985445K(1761280K), 0.0081120 secs] [Times: user=0.06 sys=0.00, real=0.01 secs] 
218.076: [GC218.076: [ParNew
Desired survivor size 41943040 bytes, new threshold 6 (max 6)
- age   1:     986472 bytes,     986472 total
- age   2:      25736 bytes,    1012208 total
- age   3:      17872 bytes,    1030080 total
- age   4:      45264 bytes,    1075344 total
- age   5:      63992 bytes,    1139336 total
- age   6:      25480 bytes,    1164816 total
: 657339K->1851K(737280K), 0.0071890 secs] 1640805K->985341K(1761280K), 0.0073580 secs] [Times: user=0.05 sys=0.00, real=0.01 secs] 
218.327: [GC218.327: [ParNew
Desired survivor size 41943040 bytes, new threshold 6 (max 6)
- age   1:    1090136 bytes,    1090136 total
- age   2:      18976 bytes,    1109112 total
- age   3:      25616 bytes,    1134728 total
- age   4:      17872 bytes,    1152600 total
- age   5:      45264 bytes,    1197864 total
- age   6:      63992 bytes,    1261856 total
: 657211K->1987K(737280K), 0.0069870 secs] 1640701K->985505K(1761280K), 0.0071850 secs] [Times: user=0.05 sys=0.00, real=0.01 secs] 
218.610: [GC218.610: [ParNew
Desired survivor size 41943040 bytes, new threshold 6 (max 6)
- age   1:     498984 bytes,     498984 total
- age   2:      15400 bytes,     514384 total
- age   3:      18904 bytes,     533288 total
- age   4:      25568 bytes,     558856 total
- age   5:      17824 bytes,     576680 total
- age   6:      45264 bytes,     621944 total
: 657347K->1230K(737280K), 0.0067010 secs] 1640865K->984813K(1761280K), 0.0068350 secs] [Times: user=0.05 sys=0.00, real=0.00 secs] 
218.881: [GC218.881: [ParNew
Desired survivor size 41943040 bytes, new threshold 6 (max 6)
- age   1:     480712 bytes,     480712 total
- age   2:      38032 bytes,     518744 total
- age   3:      15328 bytes,     534072 total
- age   4:      18904 bytes,     552976 total
- age   5:      25568 bytes,     578544 total
- age   6:      17824 bytes,     596368 total
: 656590K->869K(737280K), 0.0146670 secs] 1640173K->984500K(1761280K), 0.0148330 secs] [Times: user=0.07 sys=0.01, real=0.01 secs] 
219.169: [GC219.169: [ParNew
Desired survivor size 41943040 bytes, new threshold 6 (max 6)
- age   1:    1355856 bytes,    1355856 total
- age   2:      31080 bytes,    1386936 total
- age   3:      37936 bytes,    1424872 total
- age   4:      15328 bytes,    1440200 total
- age   5:      18904 bytes,    1459104 total
- age   6:      25568 bytes,    1484672 total
: 656229K->1791K(737280K), 0.0073580 secs] 1639860K->985441K(1761280K), 0.0075000 secs] [Times: user=0.05 sys=0.00, real=0.00 secs] 
219.429: [GC219.429: [ParNew
Desired survivor size 41943040 bytes, new threshold 6 (max 6)
- age   1:    1325264 bytes,    1325264 total
- age   2:      33112 bytes,    1358376 total
- age   3:      31056 bytes,    1389432 total
- age   4:      37912 bytes,    1427344 total
- age   5:      15328 bytes,    1442672 total
- age   6:      18904 bytes,    1461576 total
: 657151K->2295K(737280K), 0.0073620 secs] 1640801K->985973K(1761280K), 0.0075050 secs] [Times: user=0.04 sys=0.00, real=0.01 secs] 
219.704: [GC219.704: [ParNew
Desired survivor size 41943040 bytes, new threshold 6 (max 6)
- age   1:    1795704 bytes,    1795704 total
- age   2:      20568 bytes,    1816272 total
- age   3:      32896 bytes,    1849168 total
- age   4:      30912 bytes,    1880080 total
- age   5:      37816 bytes,    1917896 total
- age   6:      15328 bytes,    1933224 total
: 657655K->2581K(737280K), 0.0070680 secs] 1641333K->986279K(1761280K), 0.0073200 secs] [Times: user=0.05 sys=0.00, real=0.01 secs] 
219.984: [GC219.984: [ParNew
Desired survivor size 41943040 bytes, new threshold 6 (max 6)
- age   1:     885256 bytes,     885256 total
- age   2:      23608 bytes,     908864 total
- age   3:      20472 bytes,     929336 total
- age   4:      32848 bytes,     962184 total
- age   5:      30912 bytes,     993096 total
- age   6:      37816 bytes,    1030912 total
: 657941K->1980K(737280K), 0.0067770 secs] 1641639K->985694K(1761280K), 0.0069830 secs] [Times: user=0.04 sys=0.00, real=0.01 secs] 
220.250: [GC220.250: [ParNew
Desired survivor size 41943040 bytes, new threshold 6 (max 6)
- age   1:    1306784 bytes,    1306784 total
- age   2:      31896 bytes,    1338680 total
- age   3:      23536 bytes,    1362216 total
- age   4:      20376 bytes,    1382592 total
- age   5:      32728 bytes,    1415320 total
- age   6:      30912 bytes,    1446232 total
: 657340K->1737K(737280K), 0.0071600 secs] 1641054K->985492K(1761280K), 0.0072800 secs] [Times: user=0.04 sys=0.00, real=0.00 secs] 
220.495: [GC220.495: [ParNew
Desired survivor size 41943040 bytes, new threshold 6 (max 6)
- age   1:    1699160 bytes,    1699160 total
- age   2:      32080 bytes,    1731240 total
- age   3:      31840 bytes,    1763080 total
- age   4:      23488 bytes,    1786568 total
- age   5:      20352 bytes,    1806920 total
- age   6:      32728 bytes,    1839648 total
: 657097K->2369K(737280K), 0.0080950 secs] 1640852K->986156K(1761280K), 0.0082440 secs] [Times: user=0.05 sys=0.01, real=0.01 secs] 
220.762: [GC220.762: [ParNew
Desired survivor size 41943040 bytes, new threshold 6 (max 6)
- age   1:     898344 bytes,     898344 total
- age   2:      15672 bytes,     914016 total
- age   3:      31888 bytes,     945904 total
- age   4:      31696 bytes,     977600 total
- age   5:      23488 bytes,    1001088 total
- age   6:      20352 bytes,    1021440 total
: 657729K->1663K(737280K), 0.0068980 secs] 1641516K->985487K(1761280K), 0.0070370 secs] [Times: user=0.04 sys=0.00, real=0.00 secs] 
221.035: [GC221.035: [ParNew
Desired survivor size 41943040 bytes, new threshold 6 (max 6)
- age   1:     643896 bytes,     643896 total
- age   2:      34264 bytes,     678160 total
- age   3:      15600 bytes,     693760 total
- age   4:      31888 bytes,     725648 total
- age   5:      31672 bytes,     757320 total
- age   6:      23488 bytes,     780808 total
: 657023K->1283K(737280K), 0.0067420 secs] 1640847K->985129K(1761280K), 0.0068830 secs] [Times: user=0.04 sys=0.00, real=0.01 secs] 
221.293: [GC221.294: [ParNew
Desired survivor size 41943040 bytes, new threshold 6 (max 6)
- age   1:     895688 bytes,     895688 total
- age   2:      36736 bytes,     932424 total
- age   3:      34240 bytes,     966664 total
- age   4:      15600 bytes,     982264 total
- age   5:      31888 bytes,    1014152 total
- age   6:      31672 bytes,    1045824 total
: 656643K->1208K(737280K), 0.0074570 secs] 1640489K->985079K(1761280K), 0.0076090 secs] [Times: user=0.04 sys=0.01, real=0.01 secs] 
221.606: [GC221.606: [ParNew
Desired survivor size 41943040 bytes, new threshold 6 (max 6)
- age   1:    1206128 bytes,    1206128 total
- age   2:      34280 bytes,    1240408 total
- age   3:      36664 bytes,    1277072 total
- age   4:      34240 bytes,    1311312 total
- age   5:      15520 bytes,    1326832 total
- age   6:      31888 bytes,    1358720 total
: 656568K->1884K(737280K), 0.0086130 secs] 1640439K->985789K(1761280K), 0.0087840 secs] [Times: user=0.06 sys=0.00, real=0.01 secs] 
221.902: [GC221.903: [ParNew
Desired survivor size 41943040 bytes, new threshold 6 (max 6)
- age   1:    3757360 bytes,    3757360 total
- age   2:      74208 bytes,    3831568 total
- age   3:      34280 bytes,    3865848 total
- age   4:      36664 bytes,    3902512 total
- age   5:      34240 bytes,    3936752 total
- age   6:      15520 bytes,    3952272 total
: 657244K->4411K(737280K), 0.0106900 secs] 1641149K->988348K(1761280K), 0.0110800 secs] [Times: user=0.08 sys=0.00, real=0.01 secs] 
222.189: [GC222.189: [ParNew
Desired survivor size 41943040 bytes, new threshold 6 (max 6)
- age   1:     286816 bytes,     286816 total
- age   2:      13584 bytes,     300400 total
- age   3:      74056 bytes,     374456 total
- age   4:      34280 bytes,     408736 total
- age   5:      36664 bytes,     445400 total
- age   6:      34240 bytes,     479640 total
: 659771K->3199K(737280K), 0.0069690 secs] 1643708K->987153K(1761280K), 0.0071310 secs] [Times: user=0.05 sys=0.00, real=0.01 secs] 
222.469: [GC222.469: [ParNew
Desired survivor size 41943040 bytes, new threshold 6 (max 6)
- age   1:    1905216 bytes,    1905216 total
- age   2:      59168 bytes,    1964384 total
- age   3:      13536 bytes,    1977920 total
- age   4:      73888 bytes,    2051808 total
- age   5:      34280 bytes,    2086088 total
- age   6:      36664 bytes,    2122752 total
: 658559K->2551K(737280K), 0.0092310 secs] 1642513K->986542K(1761280K), 0.0094060 secs] [Times: user=0.06 sys=0.00, real=0.01 secs] 
222.743: [GC222.743: [ParNew
Desired survivor size 41943040 bytes, new threshold 6 (max 6)
- age   1:    1426504 bytes,    1426504 total
- age   2:      19512 bytes,    1446016 total
- age   3:      58320 bytes,    1504336 total
- age   4:      13536 bytes,    1517872 total
- age   5:      73864 bytes,    1591736 total
- age   6:      34280 bytes,    1626016 total
: 657911K->2665K(737280K), 0.0167700 secs] 1641902K->986694K(1761280K), 0.0169210 secs] [Times: user=0.05 sys=0.00, real=0.02 secs] 
223.029: [GC223.029: [ParNew
Desired survivor size 41943040 bytes, new threshold 6 (max 6)
- age   1:     803864 bytes,     803864 total
- age   2:      32464 bytes,     836328 total
- age   3:      19336 bytes,     855664 total
- age   4:      58200 bytes,     913864 total
- age   5:      13488 bytes,     927352 total
- age   6:      73840 bytes,    1001192 total
: 658025K->1689K(737280K), 0.0071550 secs] 1642054K->985754K(1761280K), 0.0073330 secs] [Times: user=0.05 sys=0.01, real=0.01 secs] 
223.282: [GC223.282: [ParNew
Desired survivor size 41943040 bytes, new threshold 6 (max 6)
- age   1:     741400 bytes,     741400 total
- age   2:      26824 bytes,     768224 total
- age   3:      32272 bytes,     800496 total
- age   4:      19168 bytes,     819664 total
- age   5:      58176 bytes,     877840 total
- age   6:      13488 bytes,     891328 total
: 657049K->1253K(737280K), 0.0075800 secs] 1641114K->985394K(1761280K), 0.0077710 secs] [Times: user=0.04 sys=0.01, real=0.00 secs] 
223.398: [CMS-concurrent-mark: 5.349/5.844 secs] [Times: user=43.95 sys=0.73, real=5.84 secs] 
223.398: [CMS-concurrent-preclean-start]
223.424: [CMS-concurrent-preclean: 0.024/0.026 secs] [Times: user=0.20 sys=0.00, real=0.03 secs] 
223.424: [CMS-concurrent-abortable-preclean-start]
223.548: [GC223.548: [ParNew
Desired survivor size 41943040 bytes, new threshold 6 (max 6)
- age   1:    1747192 bytes,    1747192 total
- age   2:      33040 bytes,    1780232 total
- age   3:      26648 bytes,    1806880 total
- age   4:      32248 bytes,    1839128 total
- age   5:      19144 bytes,    1858272 total
- age   6:      58176 bytes,    1916448 total
: 656613K->2226K(737280K), 0.0077700 secs] 1640754K->986382K(1761280K), 0.0079050 secs] [Times: user=0.04 sys=0.01, real=0.01 secs] 
223.752: [CMS-concurrent-abortable-preclean: 0.317/0.327 secs] [Times: user=2.49 sys=0.04, real=0.33 secs] 
223.770: [GC[YG occupancy: 641495 K (737280 K)]223.770: [Rescan (parallel) , 0.2137390 secs]223.984: [weak refs processing, 0.0000320 secs]223.984: [scrub string table, 0.0010190 secs] [1 CMS-remark: 984155K(1024000K)] 1625651K(1761280K), 0.2149480 secs] [Times: user=1.57 sys=0.00, real=0.21 secs] 
223.985: [CMS-concurrent-sweep-start]
223.994: [GC223.994: [ParNew
Desired survivor size 41943040 bytes, new threshold 6 (max 6)
- age   1:     626768 bytes,     626768 total
- age   2:      18568 bytes,     645336 total
- age   3:      32944 bytes,     678280 total
- age   4:      26624 bytes,     704904 total
- age   5:      32224 bytes,     737128 total
- age   6:      19144 bytes,     756272 total
: 657586K->1605K(737280K), 0.0069410 secs] 1641742K->985822K(1761280K), 0.0071050 secs] [Times: user=0.04 sys=0.00, real=0.01 secs] 
224.256: [GC224.256: [ParNew
Desired survivor size 41943040 bytes, new threshold 6 (max 6)
- age   1:    1433048 bytes,    1433048 total
- age   2:     312176 bytes,    1745224 total
- age   3:      18400 bytes,    1763624 total
- age   4:      32864 bytes,    1796488 total
- age   5:      26624 bytes,    1823112 total
- age   6:      32224 bytes,    1855336 total
: 656965K->2204K(737280K), 0.0071850 secs] 1641177K->986437K(1761280K), 0.0073500 secs] [Times: user=0.05 sys=0.00, real=0.01 secs] 
224.515: [GC224.515: [ParNew
Desired survivor size 41943040 bytes, new threshold 6 (max 6)
- age   1:    1610024 bytes,    1610024 total
- age   2:      29280 bytes,    1639304 total
- age   3:      33928 bytes,    1673232 total
- age   4:      18328 bytes,    1691560 total
- age   5:      32864 bytes,    1724424 total
- age   6:      26624 bytes,    1751048 total
: 657564K->2866K(737280K), 0.0070930 secs] 1641782K->987117K(1761280K), 0.0072550 secs] [Times: user=0.05 sys=0.00, real=0.01 secs] 
224.761: [GC224.761: [ParNew
Desired survivor size 41943040 bytes, new threshold 6 (max 6)
- age   1:    1812824 bytes,    1812824 total
- age   2:      20840 bytes,    1833664 total
- age   3:      29208 bytes,    1862872 total
- age   4:      33928 bytes,    1896800 total
- age   5:      18328 bytes,    1915128 total
- age   6:      32864 bytes,    1947992 total
: 658226K->2430K(737280K), 0.0079430 secs] 1642477K->986709K(1761280K), 0.0080870 secs] [Times: user=0.05 sys=0.01, real=0.00 secs] 
225.031: [GC225.031: [ParNew
Desired survivor size 41943040 bytes, new threshold 6 (max 6)
- age   1:     935448 bytes,     935448 total
- age   2:      12120 bytes,     947568 total
- age   3:      20504 bytes,     968072 total
- age   4:      29152 bytes,     997224 total
- age   5:      33928 bytes,    1031152 total
- age   6:      18328 bytes,    1049480 total
: 657790K->1682K(737280K), 0.0072730 secs] 1642069K->985996K(1761280K), 0.0074250 secs] [Times: user=0.05 sys=0.00, real=0.00 secs] 
225.289: [GC225.289: [ParNew
Desired survivor size 41943040 bytes, new threshold 6 (max 6)
- age   1:    1640880 bytes,    1640880 total
- age   2:      23776 bytes,    1664656 total
- age   3:      12120 bytes,    1676776 total
- age   4:      20504 bytes,    1697280 total
- age   5:      29200 bytes,    1726480 total
- age   6:      33928 bytes,    1760408 total
: 657042K->2230K(737280K), 0.0072490 secs] 1641356K->986564K(1761280K), 0.0074280 secs] [Times: user=0.05 sys=0.00, real=0.01 secs] 
225.381: [CMS-concurrent-sweep: 1.344/1.396 secs] [Times: user=10.44 sys=0.20, real=1.40 secs] 
225.381: [CMS-concurrent-reset-start]
225.414: [CMS-concurrent-reset: 0.032/0.032 secs] [Times: user=0.25 sys=0.01, real=0.03 secs] 
225.516: [GC225.516: [ParNew
Desired survivor size 41943040 bytes, new threshold 6 (max 6)
- age   1:     971912 bytes,     971912 total
- age   2:      22328 bytes,     994240 total
- age   3:      23680 bytes,    1017920 total
- age   4:      12096 bytes,    1030016 total
- age   5:      20432 bytes,    1050448 total
- age   6:      29152 bytes,    1079600 total
: 657366K->1586K(737280K), 0.0065660 secs] 1639261K->983517K(1761280K), 0.0067240 secs] [Times: user=0.04 sys=0.00, real=0.01 secs] 
225.527: [GC [1 CMS-initial-mark: 981930K(1024000K)] 994148K(1761280K), 0.0097060 secs] [Times: user=0.01 sys=0.00, real=0.01 secs] 
225.537: [CMS-concurrent-mark-start]
225.854: [GC225.855: [ParNew
Desired survivor size 41943040 bytes, new threshold 6 (max 6)
- age   1:    1149472 bytes,    1149472 total
- age   2:      17856 bytes,    1167328 total
- age   3:      22136 bytes,    1189464 total
- age   4:      23512 bytes,    1212976 total
- age   5:      11976 bytes,    1224952 total
- age   6:      20408 bytes,    1245360 total
: 656946K->1929K(737280K), 0.0386090 secs] 1638877K->983891K(1761280K), 0.0388490 secs] [Times: user=0.07 sys=0.00, real=0.04 secs] 
226.136: [GC226.136: [ParNew
Desired survivor size 41943040 bytes, new threshold 6 (max 6)
- age   1:    1185960 bytes,    1185960 total
- age   2:      36696 bytes,    1222656 total
- age   3:      17760 bytes,    1240416 total
- age   4:      22064 bytes,    1262480 total
- age   5:      23488 bytes,    1285968 total
- age   6:      11976 bytes,    1297944 total
: 657289K->2115K(737280K), 0.0071220 secs] 1639251K->984099K(1761280K), 0.0072510 secs] [Times: user=0.04 sys=0.00, real=0.01 secs] 
226.402: [GC226.402: [ParNew
Desired survivor size 41943040 bytes, new threshold 6 (max 6)
- age   1:     190856 bytes,     190856 total
- age   2:      26664 bytes,     217520 total
- age   3:      36600 bytes,     254120 total
- age   4:      17760 bytes,     271880 total
- age   5:      22064 bytes,     293944 total
- age   6:      23456 bytes,     317400 total
: 657475K->874K(737280K), 0.0069470 secs] 1639459K->982871K(1761280K), 0.0070770 secs] [Times: user=0.04 sys=0.00, real=0.00 secs] 
226.700: [GC226.700: [ParNew
Desired survivor size 41943040 bytes, new threshold 6 (max 6)
- age   1:     697872 bytes,     697872 total
- age   2:      26984 bytes,     724856 total
- age   3:      26664 bytes,     751520 total
- age   4:      36576 bytes,     788096 total
- age   5:      17712 bytes,     805808 total
- age   6:      22064 bytes,     827872 total
: 656234K->951K(737280K), 0.0072910 secs] 1638231K->982973K(1761280K), 0.0074190 secs] [Times: user=0.05 sys=0.00, real=0.01 secs] 
226.989: [GC226.989: [ParNew
Desired survivor size 41943040 bytes, new threshold 6 (max 6)
- age   1:     749944 bytes,     749944 total
- age   2:      28272 bytes,     778216 total
- age   3:      26960 bytes,     805176 total
- age   4:      26664 bytes,     831840 total
- age   5:      36576 bytes,     868416 total
- age   6:      17712 bytes,     886128 total
: 656311K->1180K(737280K), 0.0067540 secs] 1638333K->983225K(1761280K), 0.0069370 secs] [Times: user=0.05 sys=0.01, real=0.01 secs] 
227.267: [GC227.267: [ParNew
Desired survivor size 41943040 bytes, new threshold 6 (max 6)
- age   1:    1354608 bytes,    1354608 total
- age   2:      22392 bytes,    1377000 total
- age   3:      28128 bytes,    1405128 total
- age   4:      26896 bytes,    1432024 total
- age   5:      26664 bytes,    1458688 total
- age   6:      36576 bytes,    1495264 total
: 656540K->2044K(737280K), 0.0076250 secs] 1638585K->984108K(1761280K), 0.0077880 secs] [Times: user=0.04 sys=0.00, real=0.01 secs] 
227.522: [GC227.522: [ParNew
Desired survivor size 41943040 bytes, new threshold 6 (max 6)
- age   1:     639384 bytes,     639384 total
- age   2:      32840 bytes,     672224 total
- age   3:      22104 bytes,     694328 total
- age   4:      27912 bytes,     722240 total
- age   5:      26872 bytes,     749112 total
- age   6:      26664 bytes,     775776 total
: 657404K->1462K(737280K), 0.0073100 secs] 1639468K->983565K(1761280K), 0.0074730 secs] [Times: user=0.04 sys=0.00, real=0.00 secs] 
227.785: [GC227.785: [ParNew
Desired survivor size 41943040 bytes, new threshold 6 (max 6)
- age   1:     348176 bytes,     348176 total
- age   2:      21672 bytes,     369848 total
- age   3:      32696 bytes,     402544 total
- age   4:      22104 bytes,     424648 total
- age   5:      27888 bytes,     452536 total
- age   6:      26872 bytes,     479408 total
: 656822K->837K(737280K), 0.0064860 secs] 1638925K->982969K(1761280K), 0.0066230 secs] [Times: user=0.04 sys=0.01, real=0.01 secs] 
228.061: [GC228.061: [ParNew
Desired survivor size 41943040 bytes, new threshold 6 (max 6)
- age   1:     989288 bytes,     989288 total
- age   2:      29248 bytes,    1018536 total
- age   3:      21528 bytes,    1040064 total
- age   4:      32552 bytes,    1072616 total
- age   5:      22104 bytes,    1094720 total
- age   6:      27888 bytes,    1122608 total
: 656197K->1188K(737280K), 0.0068760 secs] 1638329K->983348K(1761280K), 0.0069970 secs] [Times: user=0.05 sys=0.00, real=0.00 secs] 
228.314: [GC228.314: [ParNew
Desired survivor size 41943040 bytes, new threshold 6 (max 6)
- age   1:    1467072 bytes,    1467072 total
- age   2:      21616 bytes,    1488688 total
- age   3:      29224 bytes,    1517912 total
- age   4:      21528 bytes,    1539440 total
- age   5:      32552 bytes,    1571992 total
- age   6:      22104 bytes,    1594096 total
: 656548K->1921K(737280K), 0.0071640 secs] 1638708K->984111K(1761280K), 0.0073320 secs] [Times: user=0.05 sys=0.01, real=0.01 secs] 
228.551: [GC228.551: [ParNew
Desired survivor size 41943040 bytes, new threshold 6 (max 6)
- age   1:    1446120 bytes,    1446120 total
- age   2:      25200 bytes,    1471320 total
- age   3:      21472 bytes,    1492792 total
- age   4:      29152 bytes,    1521944 total
- age   5:      21480 bytes,    1543424 total
- age   6:      32520 bytes,    1575944 total
: 657281K->2264K(737280K), 0.0071670 secs] 1639471K->984479K(1761280K), 0.0073010 secs] [Times: user=0.06 sys=0.00, real=0.00 secs] 
228.809: [GC228.810: [ParNew
Desired survivor size 41943040 bytes, new threshold 6 (max 6)
- age   1:    1736848 bytes,    1736848 total
- age   2:      13848 bytes,    1750696 total
- age   3:      25144 bytes,    1775840 total
- age   4:      21424 bytes,    1797264 total
- age   5:      29128 bytes,    1826392 total
- age   6:      21480 bytes,    1847872 total
: 657624K->2817K(737280K), 0.0076460 secs] 1639839K->985065K(1761280K), 0.0078250 secs] [Times: user=0.05 sys=0.00, real=0.01 secs] 
229.113: [GC229.113: [ParNew
Desired survivor size 41943040 bytes, new threshold 6 (max 6)
- age   1:     259000 bytes,     259000 total
- age   2:      10048 bytes,     269048 total
- age   3:      13680 bytes,     282728 total
- age   4:      24976 bytes,     307704 total
- age   5:      21400 bytes,     329104 total
- age   6:      29008 bytes,     358112 total
: 658177K->1729K(737280K), 0.0068660 secs] 1640425K->984001K(1761280K), 0.0069970 secs] [Times: user=0.04 sys=0.01, real=0.00 secs] 
229.370: [GC229.371: [ParNew
Desired survivor size 41943040 bytes, new threshold 6 (max 6)
- age   1:     619432 bytes,     619432 total
- age   2:      24200 bytes,     643632 total
- age   3:       9880 bytes,     653512 total
- age   4:      13656 bytes,     667168 total
- age   5:      24976 bytes,     692144 total
- age   6:      21400 bytes,     713544 total
: 657089K->974K(737280K), 0.0090460 secs] 1639361K->983277K(1761280K), 0.0091850 secs] [Times: user=0.07 sys=0.00, real=0.01 secs] 
229.621: [GC229.621: [ParNew
Desired survivor size 41943040 bytes, new threshold 6 (max 6)
- age   1:    1427320 bytes,    1427320 total
- age   2:      29008 bytes,    1456328 total
- age   3:      24080 bytes,    1480408 total
- age   4:       9832 bytes,    1490240 total
- age   5:      13608 bytes,    1503848 total
- age   6:      24976 bytes,    1528824 total
: 656334K->1876K(737280K), 0.0083440 secs] 1638637K->984201K(1761280K), 0.0085130 secs] [Times: user=0.05 sys=0.00, real=0.00 secs] 
229.900: [GC229.900: [ParNew
Desired survivor size 41943040 bytes, new threshold 6 (max 6)
- age   1:    1243024 bytes,    1243024 total
- age   2:      24808 bytes,    1267832 total
- age   3:      28864 bytes,    1296696 total
- age   4:      24032 bytes,    1320728 total
- age   5:       9832 bytes,    1330560 total
- age   6:      13608 bytes,    1344168 total
: 657236K->2245K(737280K), 0.0076810 secs] 1639561K->984597K(1761280K), 0.0078460 secs] [Times: user=0.05 sys=0.00, real=0.01 secs] 
230.132: [GC230.132: [ParNew
Desired survivor size 41943040 bytes, new threshold 6 (max 6)
- age   1:     761808 bytes,     761808 total
- age   2:      22304 bytes,     784112 total
- age   3:      24760 bytes,     808872 total
- age   4:      28864 bytes,     837736 total
- age   5:      24032 bytes,     861768 total
- age   6:       9832 bytes,     871600 total
: 657605K->1422K(737280K), 0.0071050 secs] 1639957K->983791K(1761280K), 0.0072640 secs] [Times: user=0.05 sys=0.00, real=0.00 secs] 
230.408: [GC230.408: [ParNew
Desired survivor size 41943040 bytes, new threshold 6 (max 6)
- age   1:    2161864 bytes,    2161864 total
- age   2:     413848 bytes,    2575712 total
- age   3:      22208 bytes,    2597920 total
- age   4:      24736 bytes,    2622656 total
- age   5:      28760 bytes,    2651416 total
- age   6:      24032 bytes,    2675448 total
: 656782K->2940K(737280K), 0.0085860 secs] 1639151K->985320K(1761280K), 0.0087720 secs] [Times: user=0.05 sys=0.00, real=0.01 secs] 
230.646: [GC230.646: [ParNew
Desired survivor size 41943040 bytes, new threshold 6 (max 6)
- age   1:    1823096 bytes,    1823096 total
- age   2:      46416 bytes,    1869512 total
- age   3:      28680 bytes,    1898192 total
- age   4:      22112 bytes,    1920304 total
- age   5:      24688 bytes,    1944992 total
- age   6:      28760 bytes,    1973752 total
: 658300K->2872K(737280K), 0.0071140 secs] 1640680K->985278K(1761280K), 0.0072710 secs] [Times: user=0.06 sys=0.00, real=0.01 secs] 
230.914: [GC230.914: [ParNew
Desired survivor size 41943040 bytes, new threshold 6 (max 6)
- age   1:    2053632 bytes,    2053632 total
- age   2:      16264 bytes,    2069896 total
- age   3:      46368 bytes,    2116264 total
- age   4:      28680 bytes,    2144944 total
- age   5:      22112 bytes,    2167056 total
- age   6:      24688 bytes,    2191744 total
: 658232K->3443K(737280K), 0.0079210 secs] 1640638K->985880K(1761280K), 0.0080730 secs] [Times: user=0.05 sys=0.00, real=0.01 secs] 
231.162: [GC231.162: [ParNew
Desired survivor size 41943040 bytes, new threshold 6 (max 6)
- age   1:     900384 bytes,     900384 total
- age   2:     320008 bytes,    1220392 total
- age   3:      16240 bytes,    1236632 total
- age   4:      46320 bytes,    1282952 total
- age   5:      28656 bytes,    1311608 total
- age   6:      22112 bytes,    1333720 total
: 658803K->2621K(737280K), 0.0081950 secs] 1641240K->985084K(1761280K), 0.0083610 secs] [Times: user=0.05 sys=0.00, real=0.00 secs] 
231.420: [GC231.420: [ParNew
Desired survivor size 41943040 bytes, new threshold 6 (max 6)
- age   1:     726064 bytes,     726064 total
- age   2:      12960 bytes,     739024 total
- age   3:      13344 bytes,     752368 total
- age   4:      16192 bytes,     768560 total
- age   5:      46264 bytes,     814824 total
- age   6:      28656 bytes,     843480 total
: 657981K->1392K(737280K), 0.0072380 secs] 1640444K->983878K(1761280K), 0.0073460 secs] [Times: user=0.04 sys=0.00, real=0.01 secs] 
231.642: [CMS-concurrent-mark: 5.748/6.105 secs] [Times: user=44.77 sys=0.83, real=6.11 secs] 
231.642: [CMS-concurrent-preclean-start]
231.669: [CMS-concurrent-preclean: 0.024/0.027 secs] [Times: user=0.20 sys=0.01, real=0.02 secs] 
231.669: [CMS-concurrent-abortable-preclean-start]
231.671: [GC231.671: [ParNew
Desired survivor size 41943040 bytes, new threshold 6 (max 6)
- age   1:    1598064 bytes,    1598064 total
- age   2:       3344 bytes,    1601408 total
- age   3:      12720 bytes,    1614128 total
- age   4:      13032 bytes,    1627160 total
- age   5:      16120 bytes,    1643280 total
- age   6:      46264 bytes,    1689544 total
: 656752K->1967K(737280K), 0.0073600 secs] 1639238K->984484K(1761280K), 0.0075760 secs] [Times: user=0.05 sys=0.00, real=0.00 secs] 
231.802: [CMS-concurrent-abortable-preclean: 0.122/0.133 secs] [Times: user=1.00 sys=0.01, real=0.14 secs] 
231.807: [GC[YG occupancy: 370240 K (737280 K)]231.808: [Rescan (parallel) , 0.0703280 secs]231.878: [weak refs processing, 0.0000320 secs]231.878: [scrub string table, 0.0011930 secs] [1 CMS-remark: 982517K(1024000K)] 1352757K(1761280K), 0.0717200 secs] [Times: user=0.54 sys=0.00, real=0.07 secs] 
231.882: [CMS-concurrent-sweep-start]
232.003: [GC232.003: [ParNew
Desired survivor size 41943040 bytes, new threshold 6 (max 6)
- age   1:    1583496 bytes,    1583496 total
- age   2:      30480 bytes,    1613976 total
- age   3:       3320 bytes,    1617296 total
- age   4:      12720 bytes,    1630016 total
- age   5:      13032 bytes,    1643048 total
- age   6:      16120 bytes,    1659168 total
: 657327K->2239K(737280K), 0.0073070 secs] 1639843K->984803K(1761280K), 0.0074630 secs] [Times: user=0.05 sys=0.00, real=0.00 secs] 
232.253: [GC232.253: [ParNew
Desired survivor size 41943040 bytes, new threshold 6 (max 6)
- age   1:     827440 bytes,     827440 total
- age   2:       5776 bytes,     833216 total
- age   3:      30304 bytes,     863520 total
- age   4:       3320 bytes,     866840 total
- age   5:      12720 bytes,     879560 total
- age   6:      13032 bytes,     892592 total
: 657599K->1559K(737280K), 0.0067730 secs] 1640162K->984139K(1761280K), 0.0069300 secs] [Times: user=0.04 sys=0.00, real=0.00 secs] 
232.523: [GC232.523: [ParNew
Desired survivor size 41943040 bytes, new threshold 6 (max 6)
- age   1:     868136 bytes,     868136 total
- age   2:      19760 bytes,     887896 total
- age   3:       5632 bytes,     893528 total
- age   4:      30232 bytes,     923760 total
- age   5:       3200 bytes,     926960 total
- age   6:      12720 bytes,     939680 total
: 656919K->1254K(737280K), 0.0065480 secs] 1639499K->983849K(1761280K), 0.0066890 secs] [Times: user=0.05 sys=0.00, real=0.00 secs] 
232.749: [GC232.749: [ParNew
Desired survivor size 41943040 bytes, new threshold 6 (max 6)
- age   1:    2192968 bytes,    2192968 total
- age   2:      15792 bytes,    2208760 total
- age   3:      19568 bytes,    2228328 total
- age   4:       5368 bytes,    2233696 total
- age   5:      30160 bytes,    2263856 total
- age   6:       3200 bytes,    2267056 total
: 656614K->2710K(737280K), 0.0078370 secs] 1639209K->985319K(1761280K), 0.0080150 secs] [Times: user=0.05 sys=0.00, real=0.01 secs] 
233.009: [GC233.009: [ParNew
Desired survivor size 41943040 bytes, new threshold 6 (max 6)
- age   1:    1033216 bytes,    1033216 total
- age   2:      13304 bytes,    1046520 total
- age   3:      15768 bytes,    1062288 total
- age   4:      19544 bytes,    1081832 total
- age   5:       5368 bytes,    1087200 total
- age   6:      30160 bytes,    1117360 total
: 658070K->1877K(737280K), 0.0069060 secs] 1640679K->984490K(1761280K), 0.0070480 secs] [Times: user=0.05 sys=0.00, real=0.01 secs] 
233.245: [GC233.245: [ParNew
Desired survivor size 41943040 bytes, new threshold 6 (max 6)
- age   1:     815168 bytes,     815168 total
- age   2:      20552 bytes,     835720 total
- age   3:      13304 bytes,     849024 total
- age   4:      15768 bytes,     864792 total
- age   5:      19544 bytes,     884336 total
- age   6:       5368 bytes,     889704 total
: 657237K->1317K(737280K), 0.0068990 secs] 1639850K->983963K(1761280K), 0.0070470 secs] [Times: user=0.05 sys=0.00, real=0.01 secs] 
233.309: [CMS-concurrent-sweep: 1.374/1.427 secs] [Times: user=10.44 sys=0.20, real=1.42 secs] 
233.309: [CMS-concurrent-reset-start]
233.348: [CMS-concurrent-reset: 0.039/0.039 secs] [Times: user=0.30 sys=0.01, real=0.04 secs] 
233.480: [GC233.480: [ParNew
Desired survivor size 41943040 bytes, new threshold 6 (max 6)
- age   1:    2241504 bytes,    2241504 total
- age   2:      17304 bytes,    2258808 total
- age   3:      20360 bytes,    2279168 total
- age   4:      13232 bytes,    2292400 total
- age   5:      15672 bytes,    2308072 total
- age   6:      19400 bytes,    2327472 total
: 656677K->2833K(737280K), 0.0077360 secs] 1639243K->985404K(1761280K), 0.0078850 secs] [Times: user=0.05 sys=0.00, real=0.01 secs] 
233.489: [GC [1 CMS-initial-mark: 982571K(1024000K)] 986588K(1761280K), 0.0067990 secs] [Times: user=0.01 sys=0.00, real=0.01 secs] 
233.497: [CMS-concurrent-mark-start]
233.745: [GC233.745: [ParNew
Desired survivor size 41943040 bytes, new threshold 6 (max 6)
- age   1:    1880832 bytes,    1880832 total
- age   2:      26792 bytes,    1907624 total
- age   3:      17208 bytes,    1924832 total
- age   4:      20336 bytes,    1945168 total
- age   5:      13184 bytes,    1958352 total
- age   6:      15672 bytes,    1974024 total
: 658193K->2882K(737280K), 0.0075470 secs] 1640764K->985475K(1761280K), 0.0077330 secs] [Times: user=0.05 sys=0.00, real=0.01 secs] 
234.000: [GC234.000: [ParNew
Desired survivor size 41943040 bytes, new threshold 6 (max 6)
- age   1:     659744 bytes,     659744 total
- age   2:      17504 bytes,     677248 total
- age   3:      26408 bytes,     703656 total
- age   4:      17088 bytes,     720744 total
- age   5:      20336 bytes,     741080 total
- age   6:      13184 bytes,     754264 total
: 658242K->1926K(737280K), 0.0065930 secs] 1640835K->984535K(1761280K), 0.0067550 secs] [Times: user=0.04 sys=0.00, real=0.01 secs] 
234.238: [GC234.238: [ParNew
Desired survivor size 41943040 bytes, new threshold 6 (max 6)
- age   1:     545776 bytes,     545776 total
- age   2:      14064 bytes,     559840 total
- age   3:      17384 bytes,     577224 total
- age   4:      26408 bytes,     603632 total
- age   5:      17088 bytes,     620720 total
- age   6:      20336 bytes,     641056 total
: 657286K->1081K(737280K), 0.0071930 secs] 1639895K->983705K(1761280K), 0.0073200 secs] [Times: user=0.04 sys=0.00, real=0.01 secs] 
234.473: [GC234.473: [ParNew
Desired survivor size 41943040 bytes, new threshold 6 (max 6)
- age   1:    2023176 bytes,    2023176 total
- age   2:      12744 bytes,    2035920 total
- age   3:      13944 bytes,    2049864 total
- age   4:      17384 bytes,    2067248 total
- age   5:      26408 bytes,    2093656 total
- age   6:      17088 bytes,    2110744 total
: 656441K->2256K(737280K), 0.0071390 secs] 1639065K->984902K(1761280K), 0.0072860 secs] [Times: user=0.05 sys=0.00, real=0.00 secs] 
234.710: [GC234.710: [ParNew
Desired survivor size 41943040 bytes, new threshold 6 (max 6)
- age   1:    1073744 bytes,    1073744 total
- age   2:      22136 bytes,    1095880 total
- age   3:      12648 bytes,    1108528 total
- age   4:      13896 bytes,    1122424 total
- age   5:      17336 bytes,    1139760 total
- age   6:      26408 bytes,    1166168 total
: 657616K->1852K(737280K), 0.0070840 secs] 1640262K->984515K(1761280K), 0.0072140 secs] [Times: user=0.05 sys=0.00, real=0.01 secs] 
234.985: [GC234.985: [ParNew
Desired survivor size 41943040 bytes, new threshold 6 (max 6)
- age   1:    1428504 bytes,    1428504 total
- age   2:      13192 bytes,    1441696 total
- age   3:      22040 bytes,    1463736 total
- age   4:      12624 bytes,    1476360 total
- age   5:      13896 bytes,    1490256 total
- age   6:      17336 bytes,    1507592 total
: 657212K->2214K(737280K), 0.0073280 secs] 1639875K->984906K(1761280K), 0.0074630 secs] [Times: user=0.04 sys=0.01, real=0.01 secs] 
235.241: [GC235.241: [ParNew
Desired survivor size 41943040 bytes, new threshold 6 (max 6)
- age   1:     452856 bytes,     452856 total
- age   2:      17768 bytes,     470624 total
- age   3:      13192 bytes,     483816 total
- age   4:      21920 bytes,     505736 total
- age   5:      12576 bytes,     518312 total
- age   6:      13872 bytes,     532184 total
: 657574K->1420K(737280K), 0.0067200 secs] 1640266K->984130K(1761280K), 0.0068580 secs] [Times: user=0.04 sys=0.00, real=0.01 secs] 
235.506: [GC235.506: [ParNew
Desired survivor size 41943040 bytes, new threshold 6 (max 6)
- age   1:    1063776 bytes,    1063776 total
- age   2:      16032 bytes,    1079808 total
- age   3:      17528 bytes,    1097336 total
- age   4:      13120 bytes,    1110456 total
- age   5:      21872 bytes,    1132328 total
- age   6:      12576 bytes,    1144904 total
: 656780K->1333K(737280K), 0.0070770 secs] 1639490K->984058K(1761280K), 0.0072030 secs] [Times: user=0.04 sys=0.00, real=0.01 secs] 
235.767: [GC235.767: [ParNew
Desired survivor size 41943040 bytes, new threshold 6 (max 6)
- age   1:     553088 bytes,     553088 total
- age   2:      22992 bytes,     576080 total
- age   3:      15672 bytes,     591752 total
- age   4:      17432 bytes,     609184 total
- age   5:      13016 bytes,     622200 total
- age   6:      21752 bytes,     643952 total
: 656693K->1079K(737280K), 0.0063290 secs] 1639418K->983818K(1761280K), 0.0064980 secs] [Times: user=0.05 sys=0.00, real=0.01 secs] 
236.051: [GC236.052: [ParNew
Desired survivor size 41943040 bytes, new threshold 6 (max 6)
- age   1:     894400 bytes,     894400 total
- age   2:      14824 bytes,     909224 total
- age   3:      22608 bytes,     931832 total
- age   4:      15552 bytes,     947384 total
- age   5:      17432 bytes,     964816 total
- age   6:      12992 bytes,     977808 total
: 656439K->1129K(737280K), 0.0069190 secs] 1639178K->983892K(1761280K), 0.0071130 secs] [Times: user=0.04 sys=0.00, real=0.01 secs] 
236.291: [GC236.292: [ParNew
Desired survivor size 41943040 bytes, new threshold 6 (max 6)
- age   1:     389120 bytes,     389120 total
- age   2:      23512 bytes,     412632 total
- age   3:      14720 bytes,     427352 total
- age   4:      22608 bytes,     449960 total
- age   5:      15552 bytes,     465512 total
- age   6:      17432 bytes,     482944 total
: 656489K->835K(737280K), 0.0067070 secs] 1639252K->983611K(1761280K), 0.0068510 secs] [Times: user=0.05 sys=0.01, real=0.01 secs] 
236.538: [GC236.538: [ParNew
Desired survivor size 41943040 bytes, new threshold 6 (max 6)
- age   1:     772192 bytes,     772192 total
- age   2:      13944 bytes,     786136 total
- age   3:      23392 bytes,     809528 total
- age   4:      14720 bytes,     824248 total
- age   5:      22608 bytes,     846856 total
- age   6:      15552 bytes,     862408 total
: 656195K->1108K(737280K), 0.0064700 secs] 1638971K->983902K(1761280K), 0.0066170 secs] [Times: user=0.05 sys=0.00, real=0.01 secs] 
236.801: [GC236.801: [ParNew
Desired survivor size 41943040 bytes, new threshold 6 (max 6)
- age   1:     930736 bytes,     930736 total
- age   2:       7848 bytes,     938584 total
- age   3:      13824 bytes,     952408 total
- age   4:      23344 bytes,     975752 total
- age   5:      14672 bytes,     990424 total
- age   6:      22608 bytes,    1013032 total
: 656468K->1456K(737280K), 0.0068940 secs] 1639262K->984267K(1761280K), 0.0070280 secs] [Times: user=0.05 sys=0.00, real=0.01 secs] 
237.053: [GC237.053: [ParNew
Desired survivor size 41943040 bytes, new threshold 6 (max 6)
- age   1:    1046600 bytes,    1046600 total
- age   2:      29752 bytes,    1076352 total
- age   3:       7776 bytes,    1084128 total
- age   4:      13824 bytes,    1097952 total
- age   5:      23344 bytes,    1121296 total
- age   6:      14672 bytes,    1135968 total
: 656816K->1732K(737280K), 0.0066830 secs] 1639627K->984567K(1761280K), 0.0068240 secs] [Times: user=0.04 sys=0.00, real=0.00 secs] 
237.308: [GC237.308: [ParNew
Desired survivor size 41943040 bytes, new threshold 6 (max 6)
- age   1:    2218080 bytes,    2218080 total
- age   2:     627128 bytes,    2845208 total
- age   3:      29536 bytes,    2874744 total
- age   4:       7776 bytes,    2882520 total
- age   5:      13712 bytes,    2896232 total
- age   6:      23320 bytes,    2919552 total
: 657092K->3454K(737280K), 0.0080400 secs] 1639927K->986305K(1761280K), 0.0082190 secs] [Times: user=0.05 sys=0.00, real=0.01 secs] 
237.557: [GC237.557: [ParNew
Desired survivor size 41943040 bytes, new threshold 6 (max 6)
- age   1:     701208 bytes,     701208 total
- age   2:      27048 bytes,     728256 total
- age   3:      14664 bytes,     742920 total
- age   4:      29512 bytes,     772432 total
- age   5:       7728 bytes,     780160 total
- age   6:      13712 bytes,     793872 total
: 658814K->2404K(737280K), 0.0068280 secs] 1641665K->985280K(1761280K), 0.0070050 secs] [Times: user=0.04 sys=0.01, real=0.01 secs] 
237.792: [GC237.792: [ParNew
Desired survivor size 41943040 bytes, new threshold 6 (max 6)
- age   1:    1126472 bytes,    1126472 total
- age   2:      19880 bytes,    1146352 total
- age   3:      26952 bytes,    1173304 total
- age   4:      14664 bytes,    1187968 total
- age   5:      29464 bytes,    1217432 total
- age   6:       7728 bytes,    1225160 total
: 657764K->1689K(737280K), 0.0074900 secs] 1640640K->984580K(1761280K), 0.0076570 secs] [Times: user=0.05 sys=0.00, real=0.00 secs] 
238.049: [GC238.049: [ParNew
Desired survivor size 41943040 bytes, new threshold 6 (max 6)
- age   1:    1795968 bytes,    1795968 total
- age   2:      16056 bytes,    1812024 total
- age   3:      19808 bytes,    1831832 total
- age   4:      26928 bytes,    1858760 total
- age   5:      14664 bytes,    1873424 total
- age   6:      29464 bytes,    1902888 total
: 657049K->2329K(737280K), 0.0070850 secs] 1639940K->985230K(1761280K), 0.0072790 secs] [Times: user=0.05 sys=0.01, real=0.01 secs] 
238.310: [GC238.310: [ParNew
Desired survivor size 41943040 bytes, new threshold 6 (max 6)
- age   1:     752600 bytes,     752600 total
- age   2:      12976 bytes,     765576 total
- age   3:      15888 bytes,     781464 total
- age   4:      19688 bytes,     801152 total
- age   5:      26688 bytes,     827840 total
- age   6:      14616 bytes,     842456 total
: 657689K->1667K(737280K), 0.0069550 secs] 1640590K->984599K(1761280K), 0.0071290 secs] [Times: user=0.05 sys=0.00, real=0.01 secs] 
238.555: [GC238.555: [ParNew
Desired survivor size 41943040 bytes, new threshold 6 (max 6)
- age   1:    1012880 bytes,    1012880 total
- age   2:      23304 bytes,    1036184 total
- age   3:      12760 bytes,    1048944 total
- age   4:      15768 bytes,    1064712 total
- age   5:      19664 bytes,    1084376 total
- age   6:      26688 bytes,    1111064 total
: 657027K->1450K(737280K), 0.0071090 secs] 1639959K->984399K(1761280K), 0.0072480 secs] [Times: user=0.05 sys=0.00, real=0.01 secs] 
238.808: [GC238.808: [ParNew
Desired survivor size 41943040 bytes, new threshold 6 (max 6)
- age   1:     857432 bytes,     857432 total
- age   2:      30248 bytes,     887680 total
- age   3:      23112 bytes,     910792 total
- age   4:      12760 bytes,     923552 total
- age   5:      15720 bytes,     939272 total
- age   6:      19664 bytes,     958936 total
: 656810K->1617K(737280K), 0.0067690 secs] 1639759K->984593K(1761280K), 0.0069170 secs] [Times: user=0.04 sys=0.00, real=0.01 secs] 
239.046: [GC239.046: [ParNew
Desired survivor size 41943040 bytes, new threshold 6 (max 6)
- age   1:    1346976 bytes,    1346976 total
- age   2:      31720 bytes,    1378696 total
- age   3:      30248 bytes,    1408944 total
- age   4:      23112 bytes,    1432056 total
- age   5:      12760 bytes,    1444816 total
- age   6:      15720 bytes,    1460536 total
: 656977K->1799K(737280K), 0.0073630 secs] 1639953K->984796K(1761280K), 0.0075400 secs] [Times: user=0.05 sys=0.00, real=0.01 secs] 
239.345: [GC239.345: [ParNew
Desired survivor size 41943040 bytes, new threshold 6 (max 6)
- age   1:    3208552 bytes,    3208552 total
- age   2:       7360 bytes,    3215912 total
- age   3:      31048 bytes,    3246960 total
- age   4:      30224 bytes,    3277184 total
- age   5:      23112 bytes,    3300296 total
- age   6:      12760 bytes,    3313056 total
: 657159K->3659K(737280K), 0.0084290 secs] 1640156K->986673K(1761280K), 0.0085620 secs] [Times: user=0.06 sys=0.00, real=0.01 secs] 
239.414: [CMS-concurrent-mark: 5.586/5.918 secs] [Times: user=44.08 sys=0.80, real=5.92 secs] 
239.415: [CMS-concurrent-preclean-start]
239.437: [CMS-concurrent-preclean: 0.021/0.023 secs] [Times: user=0.18 sys=0.00, real=0.02 secs] 
239.437: [CMS-concurrent-abortable-preclean-start]
239.683: [GC239.684: [ParNew
Desired survivor size 41943040 bytes, new threshold 6 (max 6)
- age   1:     913920 bytes,     913920 total
- age   2:      23960 bytes,     937880 total
- age   3:       7360 bytes,     945240 total
- age   4:      30936 bytes,     976176 total
- age   5:      30224 bytes,    1006400 total
- age   6:      23112 bytes,    1029512 total
: 659019K->2731K(737280K), 0.0067600 secs] 1642033K->985759K(1761280K), 0.0069370 secs] [Times: user=0.04 sys=0.00, real=0.00 secs] 
239.814: [CMS-concurrent-abortable-preclean: 0.367/0.377 secs] [Times: user=2.12 sys=0.03, real=0.38 secs] 
239.815: [GC[YG occupancy: 362172 K (737280 K)]239.816: [Rescan (parallel) , 0.0733010 secs]239.889: [weak refs processing, 0.0000410 secs]239.889: [scrub string table, 0.0014520 secs] [1 CMS-remark: 983027K(1024000K)] 1345200K(1761280K), 0.0749360 secs] [Times: user=0.52 sys=0.00, real=0.07 secs] 
239.891: [CMS-concurrent-sweep-start]
240.003: [GC240.004: [ParNew
Desired survivor size 41943040 bytes, new threshold 6 (max 6)
- age   1:    1612000 bytes,    1612000 total
- age   2:       6480 bytes,    1618480 total
- age   3:      23696 bytes,    1642176 total
- age   4:       7360 bytes,    1649536 total
- age   5:      30936 bytes,    1680472 total
- age   6:      30224 bytes,    1710696 total
: 658091K->2218K(737280K), 0.0074370 secs] 1641118K->985269K(1761280K), 0.0076240 secs] [Times: user=0.04 sys=0.00, real=0.00 secs] 
240.250: [GC240.250: [ParNew
Desired survivor size 41943040 bytes, new threshold 6 (max 6)
- age   1:     539352 bytes,     539352 total
- age   2:      23056 bytes,     562408 total
- age   3:       6360 bytes,     568768 total
- age   4:      23648 bytes,     592416 total
- age   5:       7360 bytes,     599776 total
- age   6:      30936 bytes,     630712 total
: 657578K->1486K(737280K), 0.0066620 secs] 1640626K->984565K(1761280K), 0.0068070 secs] [Times: user=0.05 sys=0.00, real=0.01 secs] 
240.513: [GC240.513: [ParNew
Desired survivor size 41943040 bytes, new threshold 6 (max 6)
- age   1:     654432 bytes,     654432 total
- age   2:      22000 bytes,     676432 total
- age   3:      23008 bytes,     699440 total
- age   4:       6360 bytes,     705800 total
- age   5:      23648 bytes,     729448 total
- age   6:       7360 bytes,     736808 total
: 656846K->1054K(737280K), 0.0072930 secs] 1639925K->984166K(1761280K), 0.0075220 secs] [Times: user=0.04 sys=0.00, real=0.00 secs] 
240.856: [GC240.856: [ParNew
Desired survivor size 41943040 bytes, new threshold 6 (max 6)
- age   1:     740320 bytes,     740320 total
- age   2:      11280 bytes,     751600 total
- age   3:      21856 bytes,     773456 total
- age   4:      22960 bytes,     796416 total
- age   5:       6312 bytes,     802728 total
- age   6:      23648 bytes,     826376 total
: 656414K->1208K(737280K), 0.0067210 secs] 1639526K->984328K(1761280K), 0.0068420 secs] [Times: user=0.05 sys=0.00, real=0.01 secs] 
241.067: [CMS-concurrent-sweep: 1.141/1.176 secs] [Times: user=8.20 sys=0.17, real=1.18 secs] 
241.067: [CMS-concurrent-reset-start]
241.095: [CMS-concurrent-reset: 0.028/0.028 secs] [Times: user=0.21 sys=0.01, real=0.03 secs] 
241.129: [GC241.129: [ParNew
Desired survivor size 41943040 bytes, new threshold 6 (max 6)
- age   1:    1128976 bytes,    1128976 total
- age   2:      24512 bytes,    1153488 total
- age   3:      11160 bytes,    1164648 total
- age   4:      21856 bytes,    1186504 total
- age   5:      22960 bytes,    1209464 total
- age   6:       6312 bytes,    1215776 total
: 656568K->1555K(737280K), 0.0066600 secs] 1639646K->984658K(1761280K), 0.0068200 secs] [Times: user=0.04 sys=0.00, real=0.01 secs] 
241.138: [GC [1 CMS-initial-mark: 983102K(1024000K)] 988312K(1761280K), 0.0066580 secs] [Times: user=0.01 sys=0.00, real=0.01 secs] 
241.145: [CMS-concurrent-mark-start]
241.380: [GC241.380: [ParNew
Desired survivor size 41943040 bytes, new threshold 6 (max 6)
- age   1:    1706296 bytes,    1706296 total
- age   2:      10560 bytes,    1716856 total
- age   3:      24440 bytes,    1741296 total
- age   4:      11160 bytes,    1752456 total
- age   5:      21856 bytes,    1774312 total
- age   6:      22960 bytes,    1797272 total
: 656915K->2305K(737280K), 0.0073050 secs] 1640018K->985415K(1761280K), 0.0074530 secs] [Times: user=0.05 sys=0.00, real=0.01 secs] 
241.603: [GC241.603: [ParNew
Desired survivor size 41943040 bytes, new threshold 6 (max 6)
- age   1:    2659984 bytes,    2659984 total
- age   2:      25936 bytes,    2685920 total
- age   3:      10392 bytes,    2696312 total
- age   4:      24440 bytes,    2720752 total
- age   5:      11160 bytes,    2731912 total
- age   6:      21856 bytes,    2753768 total
: 657665K->3373K(737280K), 0.0081580 secs] 1640775K->986507K(1761280K), 0.0083040 secs] [Times: user=0.06 sys=0.00, real=0.00 secs] 
241.836: [GC241.836: [ParNew
Desired survivor size 41943040 bytes, new threshold 6 (max 6)
- age   1:    1463360 bytes,    1463360 total
- age   2:      17328 bytes,    1480688 total
- age   3:      25696 bytes,    1506384 total
- age   4:      10296 bytes,    1516680 total
- age   5:      24200 bytes,    1540880 total
- age   6:      11040 bytes,    1551920 total
: 658733K->2413K(737280K), 0.0070180 secs] 1641867K->985570K(1761280K), 0.0072320 secs] [Times: user=0.05 sys=0.00, real=0.01 secs] 
242.096: [GC242.096: [ParNew
Desired survivor size 41943040 bytes, new threshold 6 (max 6)
- age   1:     606208 bytes,     606208 total
- age   2:      19384 bytes,     625592 total
- age   3:      16432 bytes,     642024 total
- age   4:      25696 bytes,     667720 total
- age   5:      10296 bytes,     678016 total
- age   6:      24200 bytes,     702216 total
: 657773K->1740K(737280K), 0.0064930 secs] 1640930K->984909K(1761280K), 0.0066200 secs] [Times: user=0.04 sys=0.01, real=0.01 secs] 
242.352: [GC242.352: [ParNew
Desired survivor size 41943040 bytes, new threshold 6 (max 6)
- age   1:     809792 bytes,     809792 total
- age   2:      23888 bytes,     833680 total
- age   3:      19216 bytes,     852896 total
- age   4:      16432 bytes,     869328 total
- age   5:      25672 bytes,     895000 total
- age   6:      10296 bytes,     905296 total
: 657100K->1288K(737280K), 0.0068880 secs] 1640269K->984484K(1761280K), 0.0070950 secs] [Times: user=0.05 sys=0.00, real=0.01 secs] 
242.593: [GC242.593: [ParNew
Desired survivor size 41943040 bytes, new threshold 6 (max 6)
- age   1:    1953512 bytes,    1953512 total
- age   2:       7456 bytes,    1960968 total
- age   3:      23600 bytes,    1984568 total
- age   4:      19192 bytes,    2003760 total
- age   5:      16408 bytes,    2020168 total
- age   6:      25640 bytes,    2045808 total
: 656648K->2444K(737280K), 0.0072120 secs] 1639844K->985651K(1761280K), 0.0073490 secs] [Times: user=0.05 sys=0.00, real=0.00 secs] 
242.827: [GC242.827: [ParNew
Desired survivor size 41943040 bytes, new threshold 6 (max 6)
- age   1:    2270648 bytes,    2270648 total
- age   2:      19632 bytes,    2290280 total
- age   3:       7432 bytes,    2297712 total
- age   4:      23600 bytes,    2321312 total
- age   5:      19144 bytes,    2340456 total
- age   6:      16408 bytes,    2356864 total
: 657804K->3404K(737280K), 0.0082790 secs] 1641011K->986637K(1761280K), 0.0084420 secs] [Times: user=0.05 sys=0.00, real=0.01 secs] 
243.087: [GC243.087: [ParNew
Desired survivor size 41943040 bytes, new threshold 6 (max 6)
- age   1:     659088 bytes,     659088 total
- age   2:      23344 bytes,     682432 total
- age   3:      19464 bytes,     701896 total
- age   4:       7360 bytes,     709256 total
- age   5:      23552 bytes,     732808 total
- age   6:      19144 bytes,     751952 total
: 658764K->2151K(737280K), 0.0065780 secs] 1641997K->985403K(1761280K), 0.0067240 secs] [Times: user=0.04 sys=0.00, real=0.01 secs] 
243.342: [GC243.342: [ParNew
Desired survivor size 41943040 bytes, new threshold 6 (max 6)
- age   1:     532360 bytes,     532360 total
- age   2:      15944 bytes,     548304 total
- age   3:      23320 bytes,     571624 total
- age   4:      19440 bytes,     591064 total
- age   5:       7360 bytes,     598424 total
- age   6:      23552 bytes,     621976 total
: 657511K->1082K(737280K), 0.0068040 secs] 1640763K->984354K(1761280K), 0.0069530 secs] [Times: user=0.05 sys=0.00, real=0.01 secs] 
243.592: [GC243.592: [ParNew
Desired survivor size 41943040 bytes, new threshold 6 (max 6)
- age   1:     689816 bytes,     689816 total
- age   2:      20008 bytes,     709824 total
- age   3:      15920 bytes,     725744 total
- age   4:      23320 bytes,     749064 total
- age   5:      19408 bytes,     768472 total
- age   6:       7360 bytes,     775832 total
: 656442K->969K(737280K), 0.0070210 secs] 1639714K->984266K(1761280K), 0.0071450 secs] [Times: user=0.04 sys=0.00, real=0.01 secs] 
243.858: [GC243.858: [ParNew
Desired survivor size 41943040 bytes, new threshold 6 (max 6)
- age   1:     699216 bytes,     699216 total
- age   2:      16152 bytes,     715368 total
- age   3:      19528 bytes,     734896 total
- age   4:      15392 bytes,     750288 total
- age   5:      23128 bytes,     773416 total
- age   6:      19384 bytes,     792800 total
: 656329K->1173K(737280K), 0.0066210 secs] 1639626K->984478K(1761280K), 0.0067490 secs] [Times: user=0.04 sys=0.00, real=0.01 secs] 
244.138: [GC244.138: [ParNew
Desired survivor size 41943040 bytes, new threshold 6 (max 6)
- age   1:     734368 bytes,     734368 total
- age   2:      24056 bytes,     758424 total
- age   3:      16104 bytes,     774528 total
- age   4:      19480 bytes,     794008 total
- age   5:      15392 bytes,     809400 total
- age   6:      23128 bytes,     832528 total
: 656533K->1215K(737280K), 0.0067120 secs] 1639838K->984541K(1761280K), 0.0068690 secs] [Times: user=0.04 sys=0.00, real=0.01 secs] 
244.395: [GC244.395: [ParNew
Desired survivor size 41943040 bytes, new threshold 6 (max 6)
- age   1:    1667064 bytes,    1667064 total
- age   2:      16904 bytes,    1683968 total
- age   3:      24032 bytes,    1708000 total
- age   4:      16080 bytes,    1724080 total
- age   5:      19480 bytes,    1743560 total
- age   6:      15392 bytes,    1758952 total
: 656575K->2191K(737280K), 0.0070940 secs] 1639901K->985541K(1761280K), 0.0072570 secs] [Times: user=0.05 sys=0.00, real=0.00 secs] 
244.636: [GC244.636: [ParNew
Desired survivor size 41943040 bytes, new threshold 6 (max 6)
- age   1:    1005352 bytes,    1005352 total
- age   2:      18448 bytes,    1023800 total
- age   3:      16704 bytes,    1040504 total
- age   4:      23984 bytes,    1064488 total
- age   5:      16080 bytes,    1080568 total
- age   6:      19480 bytes,    1100048 total
: 657551K->1859K(737280K), 0.0065880 secs] 1640901K->985225K(1761280K), 0.0067360 secs] [Times: user=0.04 sys=0.00, real=0.01 secs] 
244.875: [GC244.875: [ParNew
Desired survivor size 41943040 bytes, new threshold 6 (max 6)
- age   1:     919976 bytes,     919976 total
- age   2:      10872 bytes,     930848 total
- age   3:      18160 bytes,     949008 total
- age   4:      16584 bytes,     965592 total
- age   5:      23936 bytes,     989528 total
- age   6:      16080 bytes,    1005608 total
: 657219K->1355K(737280K), 0.0123780 secs] 1640585K->984743K(1761280K), 0.0125580 secs] [Times: user=0.06 sys=0.00, real=0.01 secs] 
245.129: [GC245.129: [ParNew
Desired survivor size 41943040 bytes, new threshold 6 (max 6)
- age   1:     800600 bytes,     800600 total
- age   2:      24464 bytes,     825064 total
- age   3:      10824 bytes,     835888 total
- age   4:      18160 bytes,     854048 total
- age   5:      16584 bytes,     870632 total
- age   6:      23936 bytes,     894568 total
: 656715K->1279K(737280K), 0.0066750 secs] 1640103K->984683K(1761280K), 0.0068350 secs] [Times: user=0.04 sys=0.00, real=0.01 secs] 
245.387: [GC245.387: [ParNew
Desired survivor size 41943040 bytes, new threshold 6 (max 6)
- age   1:     481792 bytes,     481792 total
- age   2:      18808 bytes,     500600 total
- age   3:      24320 bytes,     524920 total
- age   4:      10800 bytes,     535720 total
- age   5:      18160 bytes,     553880 total
- age   6:      16584 bytes,     570464 total
: 656639K->998K(737280K), 0.0070930 secs] 1640043K->984428K(1761280K), 0.0072520 secs] [Times: user=0.04 sys=0.01, real=0.01 secs] 
245.632: [GC245.633: [ParNew
Desired survivor size 41943040 bytes, new threshold 6 (max 6)
- age   1:     633440 bytes,     633440 total
- age   2:      13696 bytes,     647136 total
- age   3:      18496 bytes,     665632 total
- age   4:      24104 bytes,     689736 total
- age   5:      10656 bytes,     700392 total
- age   6:      18160 bytes,     718552 total
: 656358K->969K(737280K), 0.0066960 secs] 1639788K->984417K(1761280K), 0.0068770 secs] [Times: user=0.05 sys=0.00, real=0.00 secs] 
245.860: [GC245.860: [ParNew
Desired survivor size 41943040 bytes, new threshold 6 (max 6)
- age   1:     818976 bytes,     818976 total
- age   2:      30048 bytes,     849024 total
- age   3:      13672 bytes,     862696 total
- age   4:      18496 bytes,     881192 total
- age   5:      24080 bytes,     905272 total
- age   6:      10656 bytes,     915928 total
: 656329K->1268K(737280K), 0.0066550 secs] 1639777K->984735K(1761280K), 0.0067930 secs] [Times: user=0.04 sys=0.00, real=0.01 secs] 
246.110: [GC246.110: [ParNew
Desired survivor size 41943040 bytes, new threshold 6 (max 6)
- age   1:    1651152 bytes,    1651152 total
- age   2:      19144 bytes,    1670296 total
- age   3:      29808 bytes,    1700104 total
- age   4:      13528 bytes,    1713632 total
- age   5:      18496 bytes,    1732128 total
- age   6:      24080 bytes,    1756208 total
: 656628K->2384K(737280K), 0.0073820 secs] 1640095K->985862K(1761280K), 0.0075860 secs] [Times: user=0.05 sys=0.00, real=0.01 secs] 
246.337: [GC246.337: [ParNew
Desired survivor size 41943040 bytes, new threshold 6 (max 6)
- age   1:    1041368 bytes,    1041368 total
- age   2:      17352 bytes,    1058720 total
- age   3:      19120 bytes,    1077840 total
- age   4:      29776 bytes,    1107616 total
- age   5:      13528 bytes,    1121144 total
- age   6:      18496 bytes,    1139640 total
: 657744K->1493K(737280K), 0.0069660 secs] 1641222K->984996K(1761280K), 0.0070910 secs] [Times: user=0.05 sys=0.00, real=0.01 secs] 
246.591: [GC246.591: [ParNew
Desired survivor size 41943040 bytes, new threshold 6 (max 6)
- age   1:     868560 bytes,     868560 total
- age   2:      10960 bytes,     879520 total
- age   3:      17088 bytes,     896608 total
- age   4:      19048 bytes,     915656 total
- age   5:      29728 bytes,     945384 total
- age   6:      13360 bytes,     958744 total
: 656853K->1510K(737280K), 0.0068200 secs] 1640356K->985032K(1761280K), 0.0069640 secs] [Times: user=0.05 sys=0.00, real=0.01 secs] 
246.818: [GC246.818: [ParNew
Desired survivor size 41943040 bytes, new threshold 6 (max 6)
- age   1:    1243744 bytes,    1243744 total
- age   2:      23776 bytes,    1267520 total
- age   3:      10912 bytes,    1278432 total
- age   4:      17088 bytes,    1295520 total
- age   5:      19024 bytes,    1314544 total
- age   6:      29704 bytes,    1344248 total
: 656870K->1883K(737280K), 0.0069920 secs] 1640392K->985419K(1761280K), 0.0071490 secs] [Times: user=0.04 sys=0.00, real=0.01 secs] 
247.063: [GC247.063: [ParNew
Desired survivor size 41943040 bytes, new threshold 6 (max 6)
- age   1:    1418976 bytes,    1418976 total
- age   2:       8520 bytes,    1427496 total
- age   3:      23536 bytes,    1451032 total
- age   4:      10792 bytes,    1461824 total
- age   5:      16968 bytes,    1478792 total
- age   6:      19000 bytes,    1497792 total
: 657243K->2162K(737280K), 0.0070020 secs] 1640779K->985729K(1761280K), 0.0071460 secs] [Times: user=0.04 sys=0.00, real=0.01 secs] 
247.289: [GC247.289: [ParNew
Desired survivor size 41943040 bytes, new threshold 6 (max 6)
- age   1:    1522536 bytes,    1522536 total
- age   2:     231080 bytes,    1753616 total
- age   3:       8496 bytes,    1762112 total
- age   4:      23488 bytes,    1785600 total
- age   5:      10720 bytes,    1796320 total
- age   6:      16944 bytes,    1813264 total
: 657522K->2460K(737280K), 0.0075640 secs] 1641089K->986048K(1761280K), 0.0077180 secs] [Times: user=0.04 sys=0.00, real=0.01 secs] 
247.527: [GC247.528: [ParNew
Desired survivor size 41943040 bytes, new threshold 6 (max 6)
- age   1:    1186584 bytes,    1186584 total
- age   2:      12544 bytes,    1199128 total
- age   3:      23368 bytes,    1222496 total
- age   4:       8400 bytes,    1230896 total
- age   5:      23488 bytes,    1254384 total
- age   6:      10720 bytes,    1265104 total
: 657820K->2099K(737280K), 0.0070060 secs] 1641408K->985705K(1761280K), 0.0071350 secs] [Times: user=0.05 sys=0.00, real=0.01 secs] 
247.769: [GC247.769: [ParNew
Desired survivor size 41943040 bytes, new threshold 6 (max 6)
- age   1:     999456 bytes,     999456 total
- age   2:      15440 bytes,    1014896 total
- age   3:      12448 bytes,    1027344 total
- age   4:      23344 bytes,    1050688 total
- age   5:       8352 bytes,    1059040 total
- age   6:      23488 bytes,    1082528 total
: 657459K->1545K(737280K), 0.0072310 secs] 1641065K->985163K(1761280K), 0.0073680 secs] [Times: user=0.04 sys=0.00, real=0.01 secs] 
248.040: [GC248.040: [ParNew
Desired survivor size 41943040 bytes, new threshold 6 (max 6)
- age   1:     742704 bytes,     742704 total
- age   2:      19368 bytes,     762072 total
- age   3:      15272 bytes,     777344 total
- age   4:      12136 bytes,     789480 total
- age   5:      23248 bytes,     812728 total
- age   6:       8352 bytes,     821080 total
: 656905K->1393K(737280K), 0.0086190 secs] 1640523K->985037K(1761280K), 0.0088130 secs] [Times: user=0.05 sys=0.00, real=0.01 secs] 
248.071: [CMS-concurrent-mark: 6.641/6.926 secs] [Times: user=51.89 sys=1.01, real=6.92 secs] 
248.071: [CMS-concurrent-preclean-start]
248.095: [CMS-concurrent-preclean: 0.022/0.024 secs] [Times: user=0.19 sys=0.00, real=0.03 secs] 
248.095: [CMS-concurrent-abortable-preclean-start]
248.180: [CMS-concurrent-abortable-preclean: 0.084/0.084 secs] [Times: user=0.64 sys=0.01, real=0.08 secs] 
248.181: [GC[YG occupancy: 343671 K (737280 K)]248.181: [Rescan (parallel) , 0.0611690 secs]248.242: [weak refs processing, 0.0000270 secs]248.242: [scrub string table, 0.0009950 secs] [1 CMS-remark: 983643K(1024000K)] 1327314K(1761280K), 0.0623110 secs] [Times: user=0.47 sys=0.00, real=0.07 secs] 
248.244: [CMS-concurrent-sweep-start]
248.383: [GC248.383: [ParNew
Desired survivor size 41943040 bytes, new threshold 6 (max 6)
- age   1:    1121888 bytes,    1121888 total
- age   2:      14176 bytes,    1136064 total
- age   3:      19224 bytes,    1155288 total
- age   4:      15224 bytes,    1170512 total
- age   5:      12136 bytes,    1182648 total
- age   6:      23248 bytes,    1205896 total
: 656753K->1454K(737280K), 0.0075050 secs] 1640396K->985106K(1761280K), 0.0076500 secs] [Times: user=0.05 sys=0.00, real=0.01 secs] 
248.626: [GC248.626: [ParNew
Desired survivor size 41943040 bytes, new threshold 6 (max 6)
- age   1:    1068008 bytes,    1068008 total
- age   2:       7176 bytes,    1075184 total
- age   3:      14152 bytes,    1089336 total
- age   4:      19224 bytes,    1108560 total
- age   5:      15160 bytes,    1123720 total
- age   6:      12136 bytes,    1135856 total
: 656814K->1788K(737280K), 0.0074540 secs] 1640466K->985464K(1761280K), 0.0076090 secs] [Times: user=0.04 sys=0.01, real=0.01 secs] 
248.865: [GC248.865: [ParNew
Desired survivor size 41943040 bytes, new threshold 6 (max 6)
- age   1:    1038416 bytes,    1038416 total
- age   2:      20944 bytes,    1059360 total
- age   3:       6840 bytes,    1066200 total
- age   4:      13984 bytes,    1080184 total
- age   5:      19176 bytes,    1099360 total
- age   6:      15160 bytes,    1114520 total
: 657148K->1903K(737280K), 0.0070520 secs] 1640824K->985593K(1761280K), 0.0072630 secs] [Times: user=0.04 sys=0.00, real=0.00 secs] 
249.130: [GC249.130: [ParNew
Desired survivor size 41943040 bytes, new threshold 6 (max 6)
- age   1:    1255648 bytes,    1255648 total
- age   2:      32320 bytes,    1287968 total
- age   3:      20944 bytes,    1308912 total
- age   4:       6840 bytes,    1315752 total
- age   5:      13984 bytes,    1329736 total
- age   6:      19176 bytes,    1348912 total
: 657263K->1614K(737280K), 0.0073050 secs] 1640953K->985321K(1761280K), 0.0074320 secs] [Times: user=0.04 sys=0.01, real=0.01 secs] 
249.380: [GC249.380: [ParNew
Desired survivor size 41943040 bytes, new threshold 6 (max 6)
- age   1:     937504 bytes,     937504 total
- age   2:       7920 bytes,     945424 total
- age   3:      32152 bytes,     977576 total
- age   4:      20872 bytes,     998448 total
- age   5:       6840 bytes,    1005288 total
- age   6:      13984 bytes,    1019272 total
: 656974K->1592K(737280K), 0.0068110 secs] 1640681K->985319K(1761280K), 0.0069580 secs] [Times: user=0.05 sys=0.00, real=0.01 secs] 
249.588: [CMS-concurrent-sweep: 1.299/1.344 secs] [Times: user=10.04 sys=0.23, real=1.34 secs] 
249.588: [CMS-concurrent-reset-start]
249.615: [GC249.615: [ParNew
Desired survivor size 41943040 bytes, new threshold 6 (max 6)
- age   1:    3080768 bytes,    3080768 total
- age   2:      16912 bytes,    3097680 total
- age   3:       7704 bytes,    3105384 total
- age   4:      31768 bytes,    3137152 total
- age   5:      20680 bytes,    3157832 total
- age   6:       6720 bytes,    3164552 total
: 656952K->3755K(737280K), 0.0087740 secs] 1640618K->987436K(1761280K), 0.0089110 secs] [Times: user=0.06 sys=0.00, real=0.01 secs] 
249.631: [CMS-concurrent-reset: 0.032/0.042 secs] [Times: user=0.28 sys=0.01, real=0.04 secs] 
249.829: [GC249.829: [ParNew
Desired survivor size 41943040 bytes, new threshold 6 (max 6)
- age   1:     957504 bytes,     957504 total
- age   2:      28104 bytes,     985608 total
- age   3:      16912 bytes,    1002520 total
- age   4:       7704 bytes,    1010224 total
- age   5:      31720 bytes,    1041944 total
- age   6:      20680 bytes,    1062624 total
: 659115K->2576K(737280K), 0.0066770 secs] 1642796K->986265K(1761280K), 0.0068050 secs] [Times: user=0.05 sys=0.00, real=0.01 secs] 
249.836: [GC [1 CMS-initial-mark: 983688K(1024000K)] 988165K(1761280K), 0.0054370 secs] [Times: user=0.01 sys=0.00, real=0.00 secs] 
249.842: [CMS-concurrent-mark-start]
250.096: [GC250.096: [ParNew
Desired survivor size 41943040 bytes, new threshold 6 (max 6)
- age   1:    1066944 bytes,    1066944 total
- age   2:      14216 bytes,    1081160 total
- age   3:      27984 bytes,    1109144 total
- age   4:      16912 bytes,    1126056 total
- age   5:       7704 bytes,    1133760 total
- age   6:      31720 bytes,    1165480 total
: 657936K->1679K(737280K), 0.0071860 secs] 1641625K->985390K(1761280K), 0.0073370 secs] [Times: user=0.04 sys=0.00, real=0.01 secs] 
250.366: [GC250.366: [ParNew
Desired survivor size 41943040 bytes, new threshold 6 (max 6)
- age   1:    3226264 bytes,    3226264 total
- age   2:      11952 bytes,    3238216 total
- age   3:      14048 bytes,    3252264 total
- age   4:      27936 bytes,    3280200 total
- age   5:      16912 bytes,    3297112 total
- age   6:       7704 bytes,    3304816 total
: 657039K->3753K(737280K), 0.0079470 secs] 1640750K->987497K(1761280K), 0.0081080 secs] [Times: user=0.05 sys=0.00, real=0.01 secs] 
250.618: [GC250.618: [ParNew
Desired survivor size 41943040 bytes, new threshold 6 (max 6)
- age   1:     819352 bytes,     819352 total
- age   2:       7464 bytes,     826816 total
- age   3:      11568 bytes,     838384 total
- age   4:      13928 bytes,     852312 total
- age   5:      27936 bytes,     880248 total
- age   6:      16912 bytes,     897160 total
: 659113K->2698K(737280K), 0.0082100 secs] 1642857K->986452K(1761280K), 0.0083340 secs] [Times: user=0.04 sys=0.00, real=0.01 secs] 
250.853: [GC250.853: [ParNew
Desired survivor size 41943040 bytes, new threshold 6 (max 6)
- age   1:     893696 bytes,     893696 total
- age   2:      27232 bytes,     920928 total
- age   3:       7416 bytes,     928344 total
- age   4:      11568 bytes,     939912 total
- age   5:      13880 bytes,     953792 total
- age   6:      27936 bytes,     981728 total
: 658058K->1675K(737280K), 0.0073520 secs] 1641812K->985447K(1761280K), 0.0075090 secs] [Times: user=0.05 sys=0.00, real=0.01 secs] 
251.123: [GC251.123: [ParNew
Desired survivor size 41943040 bytes, new threshold 6 (max 6)
- age   1:    2280848 bytes,    2280848 total
- age   2:      17352 bytes,    2298200 total
- age   3:      27112 bytes,    2325312 total
- age   4:       7392 bytes,    2332704 total
- age   5:      11568 bytes,    2344272 total
- age   6:      13880 bytes,    2358152 total
: 657035K->2550K(737280K), 0.0086110 secs] 1640807K->986351K(1761280K), 0.0087930 secs] [Times: user=0.05 sys=0.00, real=0.01 secs] 
251.369: [GC251.369: [ParNew
Desired survivor size 41943040 bytes, new threshold 6 (max 6)
- age   1:    1732056 bytes,    1732056 total
- age   2:       4864 bytes,    1736920 total
- age   3:      17208 bytes,    1754128 total
- age   4:      26944 bytes,    1781072 total
- age   5:       7368 bytes,    1788440 total
- age   6:      11568 bytes,    1800008 total
: 657910K->2809K(737280K), 0.0094450 secs] 1641711K->986625K(1761280K), 0.0095920 secs] [Times: user=0.05 sys=0.00, real=0.01 secs] 
251.622: [GC251.622: [ParNew
Desired survivor size 41943040 bytes, new threshold 6 (max 6)
- age   1:     823976 bytes,     823976 total
- age   2:      26080 bytes,     850056 total
- age   3:       4784 bytes,     854840 total
- age   4:      17160 bytes,     872000 total
- age   5:      26944 bytes,     898944 total
- age   6:       7368 bytes,     906312 total
: 658169K->2009K(737280K), 0.0074110 secs] 1641985K->985838K(1761280K), 0.0076160 secs] [Times: user=0.06 sys=0.00, real=0.01 secs] 
251.860: [GC251.860: [ParNew
Desired survivor size 41943040 bytes, new threshold 6 (max 6)
- age   1:    1133872 bytes,    1133872 total
- age   2:      12624 bytes,    1146496 total
- age   3:      25960 bytes,    1172456 total
- age   4:       4784 bytes,    1177240 total
- age   5:      17112 bytes,    1194352 total
- age   6:      26944 bytes,    1221296 total
: 657369K->1654K(737280K), 0.0066310 secs] 1641198K->985492K(1761280K), 0.0067740 secs] [Times: user=0.04 sys=0.00, real=0.01 secs] 
252.115: [GC252.116: [ParNew
Desired survivor size 41943040 bytes, new threshold 6 (max 6)
- age   1:     387368 bytes,     387368 total
- age   2:       9200 bytes,     396568 total
- age   3:      12408 bytes,     408976 total
- age   4:      25912 bytes,     434888 total
- age   5:       4760 bytes,     439648 total
- age   6:      17112 bytes,     456760 total
: 657014K->1089K(737280K), 0.0061020 secs] 1640852K->984955K(1761280K), 0.0062440 secs] [Times: user=0.04 sys=0.00, real=0.00 secs] 
252.367: [GC252.367: [ParNew
Desired survivor size 41943040 bytes, new threshold 6 (max 6)
- age   1:     415384 bytes,     415384 total
- age   2:      12704 bytes,     428088 total
- age   3:       9056 bytes,     437144 total
- age   4:      12216 bytes,     449360 total
- age   5:      25840 bytes,     475200 total
- age   6:       4640 bytes,     479840 total
: 656449K->714K(737280K), 0.0069270 secs] 1640315K->984598K(1761280K), 0.0070900 secs] [Times: user=0.04 sys=0.00, real=0.01 secs] 
252.619: [GC252.619: [ParNew
Desired survivor size 41943040 bytes, new threshold 6 (max 6)
- age   1:     704008 bytes,     704008 total
- age   2:      16808 bytes,     720816 total
- age   3:      12680 bytes,     733496 total
- age   4:       9008 bytes,     742504 total
- age   5:      12216 bytes,     754720 total
- age   6:      25840 bytes,     780560 total
: 656074K->922K(737280K), 0.0074260 secs] 1639958K->984811K(1761280K), 0.0075980 secs] [Times: user=0.05 sys=0.00, real=0.01 secs] 
252.883: [GC252.884: [ParNew
Desired survivor size 41943040 bytes, new threshold 6 (max 6)
- age   1:     996464 bytes,     996464 total
- age   2:       6712 bytes,    1003176 total
- age   3:      16808 bytes,    1019984 total
- age   4:      12656 bytes,    1032640 total
- age   5:       8960 bytes,    1041600 total
- age   6:      12216 bytes,    1053816 total
: 656282K->1545K(737280K), 0.0138570 secs] 1640171K->985462K(1761280K), 0.0140480 secs] [Times: user=0.06 sys=0.00, real=0.02 secs] 
253.135: [GC253.135: [ParNew
Desired survivor size 41943040 bytes, new threshold 6 (max 6)
- age   1:    1447528 bytes,    1447528 total
- age   2:       4240 bytes,    1451768 total
- age   3:       6496 bytes,    1458264 total
- age   4:      16568 bytes,    1474832 total
- age   5:      12608 bytes,    1487440 total
- age   6:       8960 bytes,    1496400 total
: 656905K->1887K(737280K), 0.0071200 secs] 1640822K->985816K(1761280K), 0.0072500 secs] [Times: user=0.05 sys=0.00, real=0.00 secs] 
253.369: [GC253.369: [ParNew
Desired survivor size 41943040 bytes, new threshold 6 (max 6)
- age   1:    1630488 bytes,    1630488 total
- age   2:      13976 bytes,    1644464 total
- age   3:       3784 bytes,    1648248 total
- age   4:       6400 bytes,    1654648 total
- age   5:      16568 bytes,    1671216 total
- age   6:      12608 bytes,    1683824 total
: 657247K->2330K(737280K), 0.0094380 secs] 1641176K->986269K(1761280K), 0.0095870 secs] [Times: user=0.06 sys=0.00, real=0.01 secs] 
253.599: [GC253.599: [ParNew
Desired survivor size 41943040 bytes, new threshold 6 (max 6)
- age   1:     814816 bytes,     814816 total
- age   2:       7688 bytes,     822504 total
- age   3:      13832 bytes,     836336 total
- age   4:       3616 bytes,     839952 total
- age   5:       6328 bytes,     846280 total
- age   6:      16520 bytes,     862800 total
: 657690K->1566K(737280K), 0.0068610 secs] 1641629K->985518K(1761280K), 0.0070650 secs] [Times: user=0.04 sys=0.00, real=0.01 secs] 
253.837: [GC253.837: [ParNew
Desired survivor size 41943040 bytes, new threshold 6 (max 6)
- age   1:    2734024 bytes,    2734024 total
- age   2:       9392 bytes,    2743416 total
- age   3:       7520 bytes,    2750936 total
- age   4:      13808 bytes,    2764744 total
- age   5:       3568 bytes,    2768312 total
- age   6:       6328 bytes,    2774640 total
: 656926K->3007K(737280K), 0.0080910 secs] 1640878K->986977K(1761280K), 0.0082470 secs] [Times: user=0.06 sys=0.00, real=0.01 secs] 
254.085: [GC254.085: [ParNew
Desired survivor size 41943040 bytes, new threshold 6 (max 6)
- age   1:    1264840 bytes,    1264840 total
- age   2:      18504 bytes,    1283344 total
- age   3:       9176 bytes,    1292520 total
- age   4:       7328 bytes,    1299848 total
- age   5:      13760 bytes,    1313608 total
- age   6:       3520 bytes,    1317128 total
: 658367K->2209K(737280K), 0.0071460 secs] 1642337K->986186K(1761280K), 0.0072940 secs] [Times: user=0.05 sys=0.00, real=0.00 secs] 
254.320: [GC254.320: [ParNew
Desired survivor size 41943040 bytes, new threshold 6 (max 6)
- age   1:    1820216 bytes,    1820216 total
- age   2:      12632 bytes,    1832848 total
- age   3:      18408 bytes,    1851256 total
- age   4:       9152 bytes,    1860408 total
- age   5:       7328 bytes,    1867736 total
- age   6:      13760 bytes,    1881496 total
: 657569K->2457K(737280K), 0.0077280 secs] 1641546K->986439K(1761280K), 0.0079070 secs] [Times: user=0.05 sys=0.00, real=0.01 secs] 
254.572: [GC254.572: [ParNew
Desired survivor size 41943040 bytes, new threshold 6 (max 6)
- age   1:     616048 bytes,     616048 total
- age   2:       9656 bytes,     625704 total
- age   3:      12512 bytes,     638216 total
- age   4:      18376 bytes,     656592 total
- age   5:       9152 bytes,     665744 total
- age   6:       7328 bytes,     673072 total
: 657817K->1636K(737280K), 0.0067820 secs] 1641799K->985634K(1761280K), 0.0069310 secs] [Times: user=0.05 sys=0.00, real=0.01 secs] 
254.817: [GC254.817: [ParNew
Desired survivor size 41943040 bytes, new threshold 6 (max 6)
- age   1:    1028696 bytes,    1028696 total
- age   2:       9160 bytes,    1037856 total
- age   3:       9608 bytes,    1047464 total
- age   4:      12488 bytes,    1059952 total
- age   5:      18328 bytes,    1078280 total
- age   6:       9152 bytes,    1087432 total
: 656996K->1475K(737280K), 0.0066460 secs] 1640994K->985481K(1761280K), 0.0068210 secs] [Times: user=0.05 sys=0.00, real=0.00 secs] 
255.080: [GC255.080: [ParNew
Desired survivor size 41943040 bytes, new threshold 6 (max 6)
- age   1:    1214656 bytes,    1214656 total
- age   2:       6632 bytes,    1221288 total
- age   3:       9016 bytes,    1230304 total
- age   4:       9464 bytes,    1239768 total
- age   5:      12248 bytes,    1252016 total
- age   6:      18280 bytes,    1270296 total
: 656835K->1560K(737280K), 0.0070370 secs] 1640841K->985576K(1761280K), 0.0071600 secs] [Times: user=0.04 sys=0.00, real=0.01 secs] 
255.326: [GC255.326: [ParNew
Desired survivor size 41943040 bytes, new threshold 6 (max 6)
- age   1:     631608 bytes,     631608 total
- age   2:      17104 bytes,     648712 total
- age   3:       6488 bytes,     655200 total
- age   4:       8992 bytes,     664192 total
- age   5:       9440 bytes,     673632 total
- age   6:      12248 bytes,     685880 total
: 656920K->1316K(737280K), 0.0068490 secs] 1640936K->985352K(1761280K), 0.0070030 secs] [Times: user=0.04 sys=0.01, real=0.00 secs] 
255.580: [GC255.580: [ParNew
Desired survivor size 41943040 bytes, new threshold 6 (max 6)
- age   1:     615440 bytes,     615440 total
- age   2:      15048 bytes,     630488 total
- age   3:      16960 bytes,     647448 total
- age   4:       6488 bytes,     653936 total
- age   5:       8992 bytes,     662928 total
- age   6:       9440 bytes,     672368 total
: 656676K->951K(737280K), 0.0067150 secs] 1640712K->984999K(1761280K), 0.0068460 secs] [Times: user=0.05 sys=0.00, real=0.01 secs] 
255.866: [CMS-concurrent-mark: 5.711/6.023 secs] [Times: user=44.46 sys=0.77, real=6.03 secs] 
255.866: [CMS-concurrent-preclean-start]
255.882: [GC255.882: [ParNew
Desired survivor size 41943040 bytes, new threshold 6 (max 6)
- age   1:     702360 bytes,     702360 total
- age   2:      15608 bytes,     717968 total
- age   3:      14808 bytes,     732776 total
- age   4:      16840 bytes,     749616 total
- age   5:       6392 bytes,     756008 total
- age   6:       8944 bytes,     764952 total
: 656311K->1021K(737280K), 0.0121020 secs] 1640359K->985080K(1761280K), 0.0122490 secs] [Times: user=0.05 sys=0.01, real=0.01 secs] 
255.909: [CMS-concurrent-preclean: 0.021/0.043 secs] [Times: user=0.22 sys=0.01, real=0.04 secs] 
255.909: [CMS-concurrent-abortable-preclean-start]
256.019: [CMS-concurrent-abortable-preclean: 0.110/0.110 secs] [Times: user=0.83 sys=0.02, real=0.11 secs] 
256.023: [GC[YG occupancy: 360245 K (737280 K)]256.023: [Rescan (parallel) , 0.0629020 secs]256.086: [weak refs processing, 0.0000270 secs]256.086: [scrub string table, 0.0010090 secs] [1 CMS-remark: 984058K(1024000K)] 1344304K(1761280K), 0.0640690 secs] [Times: user=0.50 sys=0.00, real=0.07 secs] 
256.087: [CMS-concurrent-sweep-start]
256.195: [GC256.195: [ParNew
Desired survivor size 41943040 bytes, new threshold 6 (max 6)
- age   1:    2408656 bytes,    2408656 total
- age   2:      19856 bytes,    2428512 total
- age   3:      15056 bytes,    2443568 total
- age   4:      14808 bytes,    2458376 total
- age   5:      16840 bytes,    2475216 total
- age   6:       6392 bytes,    2481608 total
: 656381K->2600K(737280K), 0.0083100 secs] 1640440K->986669K(1761280K), 0.0084860 secs] [Times: user=0.06 sys=0.00, real=0.00 secs] 
256.452: [GC256.452: [ParNew
Desired survivor size 41943040 bytes, new threshold 6 (max 6)
- age   1:    1046512 bytes,    1046512 total
- age   2:      36688 bytes,    1083200 total
- age   3:      19856 bytes,    1103056 total
- age   4:      15056 bytes,    1118112 total
- age   5:      14808 bytes,    1132920 total
- age   6:      16840 bytes,    1149760 total
: 657960K->2246K(737280K), 0.0066890 secs] 1642029K->986322K(1761280K), 0.0068330 secs] [Times: user=0.04 sys=0.00, real=0.01 secs] 
256.703: [GC256.703: [ParNew
Desired survivor size 41943040 bytes, new threshold 6 (max 6)
- age   1:    1015720 bytes,    1015720 total
- age   2:      11576 bytes,    1027296 total
- age   3:      36568 bytes,    1063864 total
- age   4:      19832 bytes,    1083696 total
- age   5:      15056 bytes,    1098752 total
- age   6:      14808 bytes,    1113560 total
: 657606K->1495K(737280K), 0.0076920 secs] 1641682K->985589K(1761280K), 0.0078320 secs] [Times: user=0.04 sys=0.00, real=0.01 secs] 
256.949: [GC256.949: [ParNew
Desired survivor size 41943040 bytes, new threshold 6 (max 6)
- age   1:    1125320 bytes,    1125320 total
- age   2:      12096 bytes,    1137416 total
- age   3:      11432 bytes,    1148848 total
- age   4:      36376 bytes,    1185224 total
- age   5:      19784 bytes,    1205008 total
- age   6:      15056 bytes,    1220064 total
: 656855K->1830K(737280K), 0.0070200 secs] 1640949K->985939K(1761280K), 0.0071910 secs] [Times: user=0.04 sys=0.00, real=0.01 secs] 
257.202: [GC257.202: [ParNew
Desired survivor size 41943040 bytes, new threshold 6 (max 6)
- age   1:     367888 bytes,     367888 total
- age   2:      13744 bytes,     381632 total
- age   3:      11832 bytes,     393464 total
- age   4:      11384 bytes,     404848 total
- age   5:      36352 bytes,     441200 total
- age   6:      19656 bytes,     460856 total
: 657190K->1155K(737280K), 0.0084710 secs] 1641299K->985280K(1761280K), 0.0086010 secs] [Times: user=0.06 sys=0.00, real=0.01 secs] 
257.320: [CMS-concurrent-sweep: 1.176/1.233 secs] [Times: user=9.16 sys=0.19, real=1.23 secs] 
257.320: [CMS-concurrent-reset-start]
257.347: [CMS-concurrent-reset: 0.027/0.027 secs] [Times: user=0.21 sys=0.00, real=0.03 secs] 
257.445: [GC257.445: [ParNew
Desired survivor size 41943040 bytes, new threshold 6 (max 6)
- age   1:    1774192 bytes,    1774192 total
- age   2:       8608 bytes,    1782800 total
- age   3:      13720 bytes,    1796520 total
- age   4:      11832 bytes,    1808352 total
- age   5:      11352 bytes,    1819704 total
- age   6:      36352 bytes,    1856056 total
: 656515K->2056K(737280K), 0.0068830 secs] 1640583K->986145K(1761280K), 0.0070590 secs] [Times: user=0.05 sys=0.00, real=0.00 secs] 
257.454: [GC [1 CMS-initial-mark: 984088K(1024000K)] 989800K(1761280K), 0.0078170 secs] [Times: user=0.00 sys=0.00, real=0.01 secs] 
257.462: [CMS-concurrent-mark-start]
257.683: [GC257.683: [ParNew
Desired survivor size 41943040 bytes, new threshold 6 (max 6)
- age   1:    1539536 bytes,    1539536 total
- age   2:      13840 bytes,    1553376 total
- age   3:       8440 bytes,    1561816 total
- age   4:      13528 bytes,    1575344 total
- age   5:      11760 bytes,    1587104 total
- age   6:      11304 bytes,    1598408 total
: 657416K->2372K(737280K), 0.0073070 secs] 1641505K->986497K(1761280K), 0.0074590 secs] [Times: user=0.05 sys=0.00, real=0.01 secs] 
257.945: [GC257.945: [ParNew
Desired survivor size 41943040 bytes, new threshold 6 (max 6)
- age   1:     834016 bytes,     834016 total
- age   2:       8800 bytes,     842816 total
- age   3:      11976 bytes,     854792 total
- age   4:       8416 bytes,     863208 total
- age   5:      13448 bytes,     876656 total
- age   6:      11760 bytes,     888416 total
: 657732K->1535K(737280K), 0.0064430 secs] 1641857K->985674K(1761280K), 0.0065650 secs] [Times: user=0.04 sys=0.00, real=0.00 secs] 
258.175: [GC258.175: [ParNew
Desired survivor size 41943040 bytes, new threshold 6 (max 6)
- age   1:     690880 bytes,     690880 total
- age   2:      19400 bytes,     710280 total
- age   3:       8776 bytes,     719056 total
- age   4:      11952 bytes,     731008 total
- age   5:       8416 bytes,     739424 total
- age   6:      13448 bytes,     752872 total
: 656895K->1152K(737280K), 0.0065280 secs] 1641034K->985305K(1761280K), 0.0066650 secs] [Times: user=0.04 sys=0.00, real=0.00 secs] 
258.420: [GC258.421: [ParNew
Desired survivor size 41943040 bytes, new threshold 6 (max 6)
- age   1:    1003344 bytes,    1003344 total
- age   2:       2992 bytes,    1006336 total
- age   3:      18944 bytes,    1025280 total
- age   4:       8488 bytes,    1033768 total
- age   5:      11688 bytes,    1045456 total
- age   6:       8176 bytes,    1053632 total
: 656512K->1457K(737280K), 0.0069950 secs] 1640665K->985625K(1761280K), 0.0071360 secs] [Times: user=0.05 sys=0.00, real=0.01 secs] 
258.674: [GC258.674: [ParNew
Desired survivor size 41943040 bytes, new threshold 6 (max 6)
- age   1:     409584 bytes,     409584 total
- age   2:      17448 bytes,     427032 total
- age   3:       2920 bytes,     429952 total
- age   4:      18920 bytes,     448872 total
- age   5:       8464 bytes,     457336 total
- age   6:      11688 bytes,     469024 total
: 656817K->1073K(737280K), 0.0061890 secs] 1640985K->985249K(1761280K), 0.0063360 secs] [Times: user=0.05 sys=0.00, real=0.01 secs] 
258.934: [GC258.934: [ParNew
Desired survivor size 41943040 bytes, new threshold 6 (max 6)
- age   1:     598528 bytes,     598528 total
- age   2:       8824 bytes,     607352 total
- age   3:      17208 bytes,     624560 total
- age   4:       2800 bytes,     627360 total
- age   5:      18824 bytes,     646184 total
- age   6:       8464 bytes,     654648 total
: 656433K->820K(737280K), 0.0066020 secs] 1640609K->985009K(1761280K), 0.0068140 secs] [Times: user=0.03 sys=0.00, real=0.01 secs] 
259.175: [GC259.175: [ParNew
Desired survivor size 41943040 bytes, new threshold 6 (max 6)
- age   1:    1845152 bytes,    1845152 total
- age   2:       3968 bytes,    1849120 total
- age   3:       8440 bytes,    1857560 total
- age   4:      16920 bytes,    1874480 total
- age   5:       2704 bytes,    1877184 total
- age   6:      18728 bytes,    1895912 total
: 656180K->2182K(737280K), 0.0071080 secs] 1640369K->986380K(1761280K), 0.0072420 secs] [Times: user=0.05 sys=0.00, real=0.00 secs] 
259.411: [GC259.412: [ParNew
Desired survivor size 41943040 bytes, new threshold 6 (max 6)
- age   1:    1690440 bytes,    1690440 total
- age   2:      20488 bytes,    1710928 total
- age   3:       3872 bytes,    1714800 total
- age   4:       8368 bytes,    1723168 total
- age   5:      16776 bytes,    1739944 total
- age   6:       2704 bytes,    1742648 total
: 657542K->2492K(737280K), 0.0075920 secs] 1641740K->986710K(1761280K), 0.0077510 secs] [Times: user=0.05 sys=0.00, real=0.01 secs] 
259.652: [GC259.652: [ParNew
Desired survivor size 41943040 bytes, new threshold 6 (max 6)
- age   1:    1025744 bytes,    1025744 total
- age   2:       7528 bytes,    1033272 total
- age   3:      20200 bytes,    1053472 total
- age   4:       3848 bytes,    1057320 total
- age   5:       8368 bytes,    1065688 total
- age   6:      16776 bytes,    1082464 total
: 657852K->1659K(737280K), 0.0067860 secs] 1642070K->985881K(1761280K), 0.0069260 secs] [Times: user=0.04 sys=0.00, real=0.01 secs] 
259.897: [GC259.897: [ParNew
Desired survivor size 41943040 bytes, new threshold 6 (max 6)
- age   1:    1619368 bytes,    1619368 total
- age   2:      14624 bytes,    1633992 total
- age   3:       7168 bytes,    1641160 total
- age   4:      20080 bytes,    1661240 total
- age   5:       3776 bytes,    1665016 total
- age   6:       8368 bytes,    1673384 total
: 657019K->1962K(737280K), 0.0076020 secs] 1641241K->986202K(1761280K), 0.0077740 secs] [Times: user=0.05 sys=0.00, real=0.00 secs] 
260.148: [GC260.148: [ParNew
Desired survivor size 41943040 bytes, new threshold 6 (max 6)
- age   1:     973184 bytes,     973184 total
- age   2:      17528 bytes,     990712 total
- age   3:      14576 bytes,    1005288 total
- age   4:       7168 bytes,    1012456 total
- age   5:      20080 bytes,    1032536 total
- age   6:       3776 bytes,    1036312 total
: 657322K->1718K(737280K), 0.0066620 secs] 1641562K->985967K(1761280K), 0.0068140 secs] [Times: user=0.04 sys=0.00, real=0.00 secs] 
260.407: [GC260.407: [ParNew
Desired survivor size 41943040 bytes, new threshold 6 (max 6)
- age   1:    1417592 bytes,    1417592 total
- age   2:      18872 bytes,    1436464 total
- age   3:      17432 bytes,    1453896 total
- age   4:      14504 bytes,    1468400 total
- age   5:       7168 bytes,    1475568 total
- age   6:      20080 bytes,    1495648 total
: 657078K->1713K(737280K), 0.0068980 secs] 1641327K->985967K(1761280K), 0.0070610 secs] [Times: user=0.05 sys=0.00, real=0.00 secs] 
260.648: [GC260.648: [ParNew
Desired survivor size 41943040 bytes, new threshold 6 (max 6)
- age   1:     497040 bytes,     497040 total
- age   2:       5672 bytes,     502712 total
- age   3:      18752 bytes,     521464 total
- age   4:      17408 bytes,     538872 total
- age   5:      14504 bytes,     553376 total
- age   6:       7168 bytes,     560544 total
: 657073K->1285K(737280K), 0.0062510 secs] 1641327K->985561K(1761280K), 0.0063590 secs] [Times: user=0.05 sys=0.01, real=0.00 secs] 
260.900: [GC260.901: [ParNew
Desired survivor size 41943040 bytes, new threshold 6 (max 6)
- age   1:     449040 bytes,     449040 total
- age   2:      13696 bytes,     462736 total
- age   3:       5624 bytes,     468360 total
- age   4:      18752 bytes,     487112 total
- age   5:      17360 bytes,     504472 total
- age   6:      14504 bytes,     518976 total
: 656645K->790K(737280K), 0.0070900 secs] 1640921K->985073K(1761280K), 0.0072380 secs] [Times: user=0.04 sys=0.01, real=0.01 secs] 
261.153: [GC261.153: [ParNew
Desired survivor size 41943040 bytes, new threshold 6 (max 6)
- age   1:    1343904 bytes,    1343904 total
- age   2:       9368 bytes,    1353272 total
- age   3:      13504 bytes,    1366776 total
- age   4:       5600 bytes,    1372376 total
- age   5:      18752 bytes,    1391128 total
- age   6:      17360 bytes,    1408488 total
: 656150K->1663K(737280K), 0.0072180 secs] 1640433K->985961K(1761280K), 0.0073720 secs] [Times: user=0.05 sys=0.00, real=0.01 secs] 
261.394: [GC261.394: [ParNew
Desired survivor size 41943040 bytes, new threshold 6 (max 6)
- age   1:     490488 bytes,     490488 total
- age   2:      20952 bytes,     511440 total
- age   3:       9248 bytes,     520688 total
- age   4:      13304 bytes,     533992 total
- age   5:       5528 bytes,     539520 total
- age   6:      18704 bytes,     558224 total
: 657023K->1159K(737280K), 0.0064380 secs] 1641321K->985476K(1761280K), 0.0066080 secs] [Times: user=0.04 sys=0.01, real=0.01 secs] 
261.622: [GC261.622: [ParNew
Desired survivor size 41943040 bytes, new threshold 6 (max 6)
- age   1:    2905928 bytes,    2905928 total
- age   2:       3216 bytes,    2909144 total
- age   3:      20640 bytes,    2929784 total
- age   4:       9104 bytes,    2938888 total
- age   5:      13208 bytes,    2952096 total
- age   6:       5432 bytes,    2957528 total
: 656519K->3213K(737280K), 0.0086780 secs] 1640836K->987549K(1761280K), 0.0088410 secs] [Times: user=0.05 sys=0.00, real=0.01 secs] 
261.854: [GC261.854: [ParNew
Desired survivor size 41943040 bytes, new threshold 6 (max 6)
- age   1:    1429504 bytes,    1429504 total
- age   2:       5232 bytes,    1434736 total
- age   3:       3144 bytes,    1437880 total
- age   4:      20616 bytes,    1458496 total
- age   5:       9080 bytes,    1467576 total
- age   6:      13208 bytes,    1480784 total
: 658573K->2289K(737280K), 0.0071020 secs] 1642909K->986632K(1761280K), 0.0072490 secs] [Times: user=0.04 sys=0.00, real=0.01 secs] 
262.089: [GC262.089: [ParNew
Desired survivor size 41943040 bytes, new threshold 6 (max 6)
- age   1:     917664 bytes,     917664 total
- age   2:       4816 bytes,     922480 total
- age   3:       5136 bytes,     927616 total
- age   4:       3000 bytes,     930616 total
- age   5:      20472 bytes,     951088 total
- age   6:       9056 bytes,     960144 total
: 657649K->1864K(737280K), 0.0069150 secs] 1641992K->986221K(1761280K), 0.0070560 secs] [Times: user=0.05 sys=0.00, real=0.01 secs] 
262.323: [GC262.323: [ParNew
Desired survivor size 41943040 bytes, new threshold 6 (max 6)
- age   1:     294696 bytes,     294696 total
- age   2:      16864 bytes,     311560 total
- age   3:       4744 bytes,     316304 total
- age   4:       5016 bytes,     321320 total
- age   5:       3000 bytes,     324320 total
- age   6:      20472 bytes,     344792 total
: 657224K->765K(737280K), 0.0062720 secs] 1641581K->985133K(1761280K), 0.0063920 secs] [Times: user=0.05 sys=0.00, real=0.01 secs] 
262.551: [GC262.551: [ParNew
Desired survivor size 41943040 bytes, new threshold 6 (max 6)
- age   1:     903288 bytes,     903288 total
- age   2:      17760 bytes,     921048 total
- age   3:      16816 bytes,     937864 total
- age   4:       4672 bytes,     942536 total
- age   5:       5016 bytes,     947552 total
- age   6:       3000 bytes,     950552 total
: 656125K->1072K(737280K), 0.0067890 secs] 1640493K->985461K(1761280K), 0.0069610 secs] [Times: user=0.04 sys=0.00, real=0.01 secs] 
262.783: [GC262.783: [ParNew
Desired survivor size 41943040 bytes, new threshold 6 (max 6)
- age   1:    1326440 bytes,    1326440 total
- age   2:      15832 bytes,    1342272 total
- age   3:      17592 bytes,    1359864 total
- age   4:      16720 bytes,    1376584 total
- age   5:       4504 bytes,    1381088 total
- age   6:       4968 bytes,    1386056 total
: 656432K->1745K(737280K), 0.0067510 secs] 1640821K->986136K(1761280K), 0.0068910 secs] [Times: user=0.05 sys=0.00, real=0.01 secs] 
263.032: [GC263.032: [ParNew
Desired survivor size 41943040 bytes, new threshold 6 (max 6)
- age   1:    1884008 bytes,    1884008 total
- age   2:      14096 bytes,    1898104 total
- age   3:      15664 bytes,    1913768 total
- age   4:      17448 bytes,    1931216 total
- age   5:      16576 bytes,    1947792 total
- age   6:       4456 bytes,    1952248 total
: 657105K->2418K(737280K), 0.0074190 secs] 1641496K->986815K(1761280K), 0.0075750 secs] [Times: user=0.05 sys=0.00, real=0.01 secs] 
263.269: [GC263.269: [ParNew
Desired survivor size 41943040 bytes, new threshold 6 (max 6)
- age   1:     614440 bytes,     614440 total
- age   2:      13960 bytes,     628400 total
- age   3:      13928 bytes,     642328 total
- age   4:      15592 bytes,     657920 total
- age   5:      17424 bytes,     675344 total
- age   6:      16576 bytes,     691920 total
: 657778K->1732K(737280K), 0.0066630 secs] 1642175K->986134K(1761280K), 0.0068440 secs] [Times: user=0.04 sys=0.01, real=0.01 secs] 
263.501: [GC263.501: [ParNew
Desired survivor size 41943040 bytes, new threshold 6 (max 6)
- age   1:     798488 bytes,     798488 total
- age   2:      19688 bytes,     818176 total
- age   3:      13936 bytes,     832112 total
- age   4:      13880 bytes,     845992 total
- age   5:      15568 bytes,     861560 total
- age   6:      17424 bytes,     878984 total
: 657092K->1128K(737280K), 0.0066970 secs] 1641494K->985548K(1761280K), 0.0068500 secs] [Times: user=0.05 sys=0.00, real=0.01 secs] 
263.735: [GC263.735: [ParNew
Desired survivor size 41943040 bytes, new threshold 6 (max 6)
- age   1:    6311992 bytes,    6311992 total
- age   2:      35336 bytes,    6347328 total
- age   3:      19640 bytes,    6366968 total
- age   4:      13936 bytes,    6380904 total
- age   5:      13880 bytes,    6394784 total
- age   6:      15568 bytes,    6410352 total
: 656488K->6553K(737280K), 0.0106430 secs] 1640908K->990991K(1761280K), 0.0107960 secs] [Times: user=0.07 sys=0.01, real=0.02 secs] 
263.979: [GC263.979: [ParNew
Desired survivor size 41943040 bytes, new threshold 6 (max 6)
- age   1:    2439624 bytes,    2439624 total
- age   2:    4233944 bytes,    6673568 total
- age   3:      35184 bytes,    6708752 total
- age   4:      19616 bytes,    6728368 total
- age   5:      13840 bytes,    6742208 total
- age   6:      13880 bytes,    6756088 total
: 661913K->9787K(737280K), 0.0102210 secs] 1646351K->994243K(1761280K), 0.0104380 secs] [Times: user=0.07 sys=0.00, real=0.01 secs] 
264.215: [GC264.215: [ParNew
Desired survivor size 41943040 bytes, new threshold 6 (max 6)
- age   1:    1143448 bytes,    1143448 total
- age   2:     496360 bytes,    1639808 total
- age   3:    3501392 bytes,    5141200 total
- age   4:      35040 bytes,    5176240 total
- age   5:      19568 bytes,    5195808 total
- age   6:      13528 bytes,    5209336 total
: 665147K->6943K(737280K), 0.0093830 secs] 1649603K->991413K(1761280K), 0.0095460 secs] [Times: user=0.07 sys=0.00, real=0.01 secs] 
264.446: [GC264.446: [ParNew
Desired survivor size 41943040 bytes, new threshold 6 (max 6)
- age   1:    2379416 bytes,    2379416 total
- age   2:     500624 bytes,    2880040 total
- age   3:     496264 bytes,    3376304 total
- age   4:    3501296 bytes,    6877600 total
- age   5:      35016 bytes,    6912616 total
- age   6:      19568 bytes,    6932184 total
: 662303K->10716K(737280K), 0.0104970 secs] 1646773K->995202K(1761280K), 0.0106740 secs] [Times: user=0.08 sys=0.00, real=0.01 secs] 
264.667: [GC264.667: [ParNew
Desired survivor size 41943040 bytes, new threshold 6 (max 6)
- age   1:    2283768 bytes,    2283768 total
- age   2:     445384 bytes,    2729152 total
- age   3:     426968 bytes,    3156120 total
- age   4:     496144 bytes,    3652264 total
- age   5:    3501296 bytes,    7153560 total
- age   6:      35016 bytes,    7188576 total
: 666076K->11229K(737280K), 0.0104630 secs] 1650562K->995735K(1761280K), 0.0106610 secs] [Times: user=0.08 sys=0.00, real=0.01 secs] 
264.920: [GC264.920: [ParNew
Desired survivor size 41943040 bytes, new threshold 6 (max 6)
- age   1:    2670440 bytes,    2670440 total
- age   2:     608048 bytes,    3278488 total
- age   3:     294976 bytes,    3573464 total
- age   4:     426896 bytes,    4000360 total
- age   5:     496072 bytes,    4496432 total
- age   6:    3501272 bytes,    7997704 total
: 666589K->12021K(737280K), 0.0112670 secs] 1651095K->996563K(1761280K), 0.0114500 secs] [Times: user=0.07 sys=0.00, real=0.01 secs] 
265.147: [GC265.147: [ParNew
Desired survivor size 41943040 bytes, new threshold 6 (max 6)
- age   1:    1901736 bytes,    1901736 total
- age   2:     318360 bytes,    2220096 total
- age   3:     608024 bytes,    2828120 total
- age   4:     294952 bytes,    3123072 total
- age   5:     426896 bytes,    3549968 total
- age   6:     496072 bytes,    4046040 total
: 667381K->7575K(737280K), 0.1187240 secs] 1651923K->995959K(1761280K), 0.1189460 secs] [Times: user=0.29 sys=0.06, real=0.12 secs] 
265.351: [CMS-concurrent-mark: 7.469/7.890 secs] [Times: user=58.55 sys=1.08, real=7.89 secs] 
265.352: [CMS-concurrent-preclean-start]
265.397: [CMS-concurrent-preclean: 0.043/0.046 secs] [Times: user=0.34 sys=0.01, real=0.05 secs] 
265.397: [CMS-concurrent-abortable-preclean-start]
265.495: [GC265.495: [ParNew
Desired survivor size 41943040 bytes, new threshold 6 (max 6)
- age   1:    1713128 bytes,    1713128 total
- age   2:     624352 bytes,    2337480 total
- age   3:     318256 bytes,    2655736 total
- age   4:     607976 bytes,    3263712 total
- age   5:     294952 bytes,    3558664 total
- age   6:     426896 bytes,    3985560 total
: 662935K->5063K(737280K), 0.0153830 secs] 1651319K->993933K(1761280K), 0.0155420 secs] [Times: user=0.07 sys=0.00, real=0.01 secs] 
265.640: [CMS-concurrent-abortable-preclean: 0.225/0.242 secs] [Times: user=1.79 sys=0.03, real=0.24 secs] 
265.674: [GC[YG occupancy: 521638 K (737280 K)]265.674: [Rescan (parallel) , 0.1523020 secs]265.826: [weak refs processing, 0.0000530 secs]265.826: [scrub string table, 0.0010060 secs] [1 CMS-remark: 988870K(1024000K)] 1510509K(1761280K), 0.1535290 secs] [Times: user=1.15 sys=0.00, real=0.16 secs] 
265.827: [CMS-concurrent-sweep-start]
265.896: [GC265.896: [ParNew
Desired survivor size 41943040 bytes, new threshold 6 (max 6)
- age   1:    2943888 bytes,    2943888 total
- age   2:    1052240 bytes,    3996128 total
- age   3:     624280 bytes,    4620408 total
- age   4:     318232 bytes,    4938640 total
- age   5:     607976 bytes,    5546616 total
- age   6:     294952 bytes,    5841568 total
: 660423K->7996K(737280K), 0.0170700 secs] 1649293K->997284K(1761280K), 0.0173440 secs] [Times: user=0.09 sys=0.00, real=0.01 secs] 
266.157: [GC266.157: [ParNew
Desired survivor size 41943040 bytes, new threshold 6 (max 6)
- age   1:    2252624 bytes,    2252624 total
- age   2:     649144 bytes,    2901768 total
- age   3:     490264 bytes,    3392032 total
- age   4:     624136 bytes,    4016168 total
- age   5:     317920 bytes,    4334088 total
- age   6:     607904 bytes,    4941992 total
: 663356K->6524K(737280K), 0.0126510 secs] 1652644K->996101K(1761280K), 0.0128180 secs] [Times: user=0.07 sys=0.00, real=0.01 secs] 
266.417: [GC266.417: [ParNew
Desired survivor size 41943040 bytes, new threshold 6 (max 6)
- age   1:     630616 bytes,     630616 total
- age   2:     449000 bytes,    1079616 total
- age   3:     649096 bytes,    1728712 total
- age   4:     490216 bytes,    2218928 total
- age   5:     624136 bytes,    2843064 total
- age   6:     317920 bytes,    3160984 total
: 661884K->5540K(737280K), 0.0183290 secs] 1651461K->995711K(1761280K), 0.0185140 secs] [Times: user=0.07 sys=0.01, real=0.01 secs] 
266.672: [GC266.672: [ParNew
Desired survivor size 41943040 bytes, new threshold 6 (max 6)
- age   1:    1426144 bytes,    1426144 total
- age   2:     515240 bytes,    1941384 total
- age   3:     448664 bytes,    2390048 total
- age   4:     649000 bytes,    3039048 total
- age   5:     490144 bytes,    3529192 total
- age   6:     624112 bytes,    4153304 total
: 660900K->5076K(737280K), 0.0136420 secs] 1651071K->995559K(1761280K), 0.0138140 secs] [Times: user=0.08 sys=0.01, real=0.01 secs] 
266.944: [GC266.944: [ParNew
Desired survivor size 41943040 bytes, new threshold 6 (max 6)
- age   1:    1233072 bytes,    1233072 total
- age   2:     342632 bytes,    1575704 total
- age   3:     515024 bytes,    2090728 total
- age   4:     448568 bytes,    2539296 total
- age   5:     648976 bytes,    3188272 total
- age   6:     490144 bytes,    3678416 total
: 660436K->5003K(737280K), 0.0186480 secs] 1650876K->996054K(1761280K), 0.0188180 secs] [Times: user=0.07 sys=0.01, real=0.02 secs] 
267.015: [CMS-concurrent-sweep: 1.087/1.188 secs] [Times: user=8.53 sys=0.19, real=1.18 secs] 
267.015: [CMS-concurrent-reset-start]
267.067: [CMS-concurrent-reset: 0.051/0.051 secs] [Times: user=0.41 sys=0.01, real=0.06 secs] 
267.177: [GC267.177: [ParNew
Desired survivor size 41943040 bytes, new threshold 6 (max 6)
- age   1:    2380184 bytes,    2380184 total
- age   2:      17784 bytes,    2397968 total
- age   3:     342632 bytes,    2740600 total
- age   4:     515024 bytes,    3255624 total
- age   5:     448568 bytes,    3704192 total
- age   6:     648976 bytes,    4353168 total
: 660363K->6307K(737280K), 0.0155140 secs] 1651395K->997818K(1761280K), 0.0156530 secs] [Times: user=0.08 sys=0.01, real=0.01 secs] 
267.194: [GC [1 CMS-initial-mark: 991511K(1024000K)] 1000171K(1761280K), 0.0093930 secs] [Times: user=0.01 sys=0.00, real=0.01 secs] 
267.203: [CMS-concurrent-mark-start]
267.449: [GC267.449: [ParNew
Desired survivor size 41943040 bytes, new threshold 6 (max 6)
- age   1:     997752 bytes,     997752 total
- age   2:       4072 bytes,    1001824 total
- age   3:      17376 bytes,    1019200 total
- age   4:     342536 bytes,    1361736 total
- age   5:     515000 bytes,    1876736 total
- age   6:     448568 bytes,    2325304 total
: 661667K->4089K(737280K), 0.0179620 secs] 1653178K->996235K(1761280K), 0.0181540 secs] [Times: user=0.07 sys=0.01, real=0.02 secs] 
267.696: [GC267.697: [ParNew
Desired survivor size 41943040 bytes, new threshold 6 (max 6)
- age   1:    1656376 bytes,    1656376 total
- age   2:       7520 bytes,    1663896 total
- age   3:       3856 bytes,    1667752 total
- age   4:      17064 bytes,    1684816 total
- age   5:     342512 bytes,    2027328 total
- age   6:     515000 bytes,    2542328 total
: 659449K->3747K(737280K), 0.0145240 secs] 1651595K->996332K(1761280K), 0.0147520 secs] [Times: user=0.07 sys=0.01, real=0.01 secs] 
267.949: [GC267.949: [ParNew
Desired survivor size 41943040 bytes, new threshold 6 (max 6)
- age   1:    1228480 bytes,    1228480 total
- age   2:       5480 bytes,    1233960 total
- age   3:       7208 bytes,    1241168 total
- age   4:       3736 bytes,    1244904 total
- age   5:      16944 bytes,    1261848 total
- age   6:     342440 bytes,    1604288 total
: 659107K->2621K(737280K), 0.0169650 secs] 1651692K->995710K(1761280K), 0.0170940 secs] [Times: user=0.07 sys=0.01, real=0.02 secs] 
268.210: [GC268.210: [ParNew
Desired survivor size 41943040 bytes, new threshold 6 (max 6)
- age   1:     532568 bytes,     532568 total
- age   2:      12464 bytes,     545032 total
- age   3:       5384 bytes,     550416 total
- age   4:       7064 bytes,     557480 total
- age   5:       3568 bytes,     561048 total
- age   6:      16896 bytes,     577944 total
: 657981K->1316K(737280K), 0.0121450 secs] 1651070K->994740K(1761280K), 0.0123660 secs] [Times: user=0.05 sys=0.01, real=0.01 secs] 
268.463: [GC268.463: [ParNew
Desired survivor size 41943040 bytes, new threshold 6 (max 6)
- age   1:    1066568 bytes,    1066568 total
- age   2:      21720 bytes,    1088288 total
- age   3:      12152 bytes,    1100440 total
- age   4:       5360 bytes,    1105800 total
- age   5:       7064 bytes,    1112864 total
- age   6:       3568 bytes,    1116432 total
: 656676K->1449K(737280K), 0.0075780 secs] 1650100K->994892K(1761280K), 0.0077270 secs] [Times: user=0.05 sys=0.00, real=0.01 secs] 
268.706: [GC268.707: [ParNew
Desired survivor size 41943040 bytes, new threshold 6 (max 6)
- age   1:    1355944 bytes,    1355944 total
- age   2:      10568 bytes,    1366512 total
- age   3:      21552 bytes,    1388064 total
- age   4:      12128 bytes,    1400192 total
- age   5:       5360 bytes,    1405552 total
- age   6:       7064 bytes,    1412616 total
: 656809K->1887K(737280K), 0.0065950 secs] 1650252K->995336K(1761280K), 0.0067400 secs] [Times: user=0.05 sys=0.00, real=0.00 secs] 
268.958: [GC268.959: [ParNew
Desired survivor size 41943040 bytes, new threshold 6 (max 6)
- age   1:    1962856 bytes,    1962856 total
- age   2:      11640 bytes,    1974496 total
- age   3:      10568 bytes,    1985064 total
- age   4:      21552 bytes,    2006616 total
- age   5:      12104 bytes,    2018720 total
- age   6:       5360 bytes,    2024080 total
: 657247K->2700K(737280K), 0.0076580 secs] 1650696K->996156K(1761280K), 0.0078390 secs] [Times: user=0.05 sys=0.00, real=0.01 secs] 
269.201: [GC269.201: [ParNew
Desired survivor size 41943040 bytes, new threshold 6 (max 6)
- age   1:     430864 bytes,     430864 total
- age   2:       5784 bytes,     436648 total
- age   3:      11232 bytes,     447880 total
- age   4:      10424 bytes,     458304 total
- age   5:      21456 bytes,     479760 total
- age   6:      12104 bytes,     491864 total
: 658060K->1800K(737280K), 0.0093210 secs] 1651516K->995262K(1761280K), 0.0094930 secs] [Times: user=0.06 sys=0.00, real=0.01 secs] 
269.454: [GC269.455: [ParNew
Desired survivor size 41943040 bytes, new threshold 6 (max 6)
- age   1:    1207040 bytes,    1207040 total
- age   2:      32472 bytes,    1239512 total
- age   3:       5656 bytes,    1245168 total
- age   4:      11232 bytes,    1256400 total
- age   5:      10424 bytes,    1266824 total
- age   6:      21456 bytes,    1288280 total
: 657160K->1568K(737280K), 0.0068830 secs] 1650622K->995043K(1761280K), 0.0070290 secs] [Times: user=0.04 sys=0.00, real=0.01 secs] 
269.702: [GC269.702: [ParNew
Desired survivor size 41943040 bytes, new threshold 6 (max 6)
- age   1:    1132368 bytes,    1132368 total
- age   2:       6560 bytes,    1138928 total
- age   3:      32392 bytes,    1171320 total
- age   4:       5560 bytes,    1176880 total
- age   5:      11160 bytes,    1188040 total
- age   6:      10400 bytes,    1198440 total
: 656928K->1764K(737280K), 0.0067350 secs] 1650403K->995262K(1761280K), 0.0068730 secs] [Times: user=0.03 sys=0.00, real=0.01 secs] 
269.942: [GC269.942: [ParNew
Desired survivor size 41943040 bytes, new threshold 6 (max 6)
- age   1:    1121472 bytes,    1121472 total
- age   2:      15768 bytes,    1137240 total
- age   3:       6368 bytes,    1143608 total
- age   4:      32320 bytes,    1175928 total
- age   5:       5536 bytes,    1181464 total
- age   6:      11160 bytes,    1192624 total
: 657124K->1867K(737280K), 0.0067070 secs] 1650622K->995377K(1761280K), 0.0068610 secs] [Times: user=0.05 sys=0.00, real=0.01 secs] 
270.188: [GC270.188: [ParNew
Desired survivor size 41943040 bytes, new threshold 6 (max 6)
- age   1:    1390320 bytes,    1390320 total
- age   2:      15944 bytes,    1406264 total
- age   3:      15576 bytes,    1421840 total
- age   4:       6200 bytes,    1428040 total
- age   5:      32272 bytes,    1460312 total
- age   6:       5536 bytes,    1465848 total
: 657227K->2176K(737280K), 0.0071740 secs] 1650737K->995698K(1761280K), 0.0073140 secs] [Times: user=0.04 sys=0.00, real=0.00 secs] 
270.485: [GC270.485: [ParNew
Desired survivor size 41943040 bytes, new threshold 6 (max 6)
- age   1:    1381688 bytes,    1381688 total
- age   2:      20680 bytes,    1402368 total
- age   3:      15872 bytes,    1418240 total
- age   4:      15480 bytes,    1433720 total
- age   5:       6128 bytes,    1439848 total
- age   6:      32248 bytes,    1472096 total
: 657536K->2045K(737280K), 0.0070110 secs] 1651058K->995573K(1761280K), 0.0071750 secs] [Times: user=0.05 sys=0.00, real=0.01 secs] 
270.723: [GC270.723: [ParNew
Desired survivor size 41943040 bytes, new threshold 6 (max 6)
- age   1:     411288 bytes,     411288 total
- age   2:      11512 bytes,     422800 total
- age   3:      20512 bytes,     443312 total
- age   4:      15824 bytes,     459136 total
- age   5:      15456 bytes,     474592 total
- age   6:       6128 bytes,     480720 total
: 657405K->1419K(737280K), 0.0065960 secs] 1650933K->994980K(1761280K), 0.0067440 secs] [Times: user=0.04 sys=0.00, real=0.01 secs] 
270.994: [GC270.994: [ParNew
Desired survivor size 41943040 bytes, new threshold 6 (max 6)
- age   1:    1556976 bytes,    1556976 total
- age   2:      10616 bytes,    1567592 total
- age   3:      11248 bytes,    1578840 total
- age   4:      20464 bytes,    1599304 total
- age   5:      15776 bytes,    1615080 total
- age   6:      15456 bytes,    1630536 total
: 656779K->1829K(737280K), 0.0074690 secs] 1650340K->995397K(1761280K), 0.0076070 secs] [Times: user=0.05 sys=0.00, real=0.01 secs] 
271.242: [GC271.242: [ParNew
Desired survivor size 41943040 bytes, new threshold 6 (max 6)
- age   1:     555128 bytes,     555128 total
- age   2:      16728 bytes,     571856 total
- age   3:      10544 bytes,     582400 total
- age   4:      11224 bytes,     593624 total
- age   5:      20440 bytes,     614064 total
- age   6:      15776 bytes,     629840 total
: 657189K->1312K(737280K), 0.0071250 secs] 1650757K->994896K(1761280K), 0.0072860 secs] [Times: user=0.05 sys=0.00, real=0.01 secs] 
271.480: [GC271.480: [ParNew
Desired survivor size 41943040 bytes, new threshold 6 (max 6)
- age   1:    1005088 bytes,    1005088 total
- age   2:      24984 bytes,    1030072 total
- age   3:      16704 bytes,    1046776 total
- age   4:      10544 bytes,    1057320 total
- age   5:      11224 bytes,    1068544 total
- age   6:      20440 bytes,    1088984 total
: 656672K->1327K(737280K), 0.0072800 secs] 1650256K->994928K(1761280K), 0.0074270 secs] [Times: user=0.04 sys=0.00, real=0.01 secs] 
271.716: [GC271.716: [ParNew
Desired survivor size 41943040 bytes, new threshold 6 (max 6)
- age   1:    1062792 bytes,    1062792 total
- age   2:       2888 bytes,    1065680 total
- age   3:      24672 bytes,    1090352 total
- age   4:      16560 bytes,    1106912 total
- age   5:      10448 bytes,    1117360 total
- age   6:      11176 bytes,    1128536 total
: 656687K->1523K(737280K), 0.0069170 secs] 1650288K->995145K(1761280K), 0.0070850 secs] [Times: user=0.04 sys=0.00, real=0.01 secs] 
271.957: [GC271.957: [ParNew
Desired survivor size 41943040 bytes, new threshold 6 (max 6)
- age   1:     616032 bytes,     616032 total
- age   2:      20584 bytes,     636616 total
- age   3:       2792 bytes,     639408 total
- age   4:      24648 bytes,     664056 total
- age   5:      16536 bytes,     680592 total
- age   6:      10448 bytes,     691040 total
: 656883K->1060K(737280K), 0.0066510 secs] 1650505K->994695K(1761280K), 0.0067650 secs] [Times: user=0.04 sys=0.00, real=0.00 secs] 
272.210: [GC272.210: [ParNew
Desired survivor size 41943040 bytes, new threshold 6 (max 6)
- age   1:    1934520 bytes,    1934520 total
- age   2:       4520 bytes,    1939040 total
- age   3:      20464 bytes,    1959504 total
- age   4:       2744 bytes,    1962248 total
- age   5:      24552 bytes,    1986800 total
- age   6:      16536 bytes,    2003336 total
: 656420K->2314K(737280K), 0.0073300 secs] 1650055K->995959K(1761280K), 0.0074780 secs] [Times: user=0.05 sys=0.00, real=0.01 secs] 
272.447: [GC272.447: [ParNew
Desired survivor size 41943040 bytes, new threshold 6 (max 6)
- age   1:     584256 bytes,     584256 total
- age   2:      17096 bytes,     601352 total
- age   3:       4352 bytes,     605704 total
- age   4:      20320 bytes,     626024 total
- age   5:       2576 bytes,     628600 total
- age   6:      24528 bytes,     653128 total
: 657674K->1660K(737280K), 0.0067430 secs] 1651319K->995324K(1761280K), 0.0069010 secs] [Times: user=0.05 sys=0.00, real=0.00 secs] 
272.692: [GC272.692: [ParNew
Desired survivor size 41943040 bytes, new threshold 6 (max 6)
- age   1:    1647880 bytes,    1647880 total
- age   2:      12320 bytes,    1660200 total
- age   3:      17016 bytes,    1677216 total
- age   4:       4352 bytes,    1681568 total
- age   5:      20320 bytes,    1701888 total
- age   6:       2544 bytes,    1704432 total
: 657020K->1938K(737280K), 0.0074840 secs] 1650684K->995629K(1761280K), 0.0076400 secs] [Times: user=0.04 sys=0.00, real=0.01 secs] 
272.939: [GC272.939: [ParNew
Desired survivor size 41943040 bytes, new threshold 6 (max 6)
- age   1:    1870904 bytes,    1870904 total
- age   2:      15992 bytes,    1886896 total
- age   3:      12032 bytes,    1898928 total
- age   4:      16992 bytes,    1915920 total
- age   5:       4328 bytes,    1920248 total
- age   6:      20320 bytes,    1940568 total
: 657298K->2610K(737280K), 0.0071590 secs] 1650989K->996303K(1761280K), 0.0072800 secs] [Times: user=0.05 sys=0.00, real=0.00 secs] 
273.165: [GC273.166: [ParNew
Desired survivor size 41943040 bytes, new threshold 6 (max 6)
- age   1:    1664880 bytes,    1664880 total
- age   2:     341408 bytes,    2006288 total
- age   3:      15816 bytes,    2022104 total
- age   4:      11864 bytes,    2033968 total
- age   5:      16752 bytes,    2050720 total
- age   6:       4256 bytes,    2054976 total
: 657970K->2875K(737280K), 0.0074010 secs] 1651663K->996590K(1761280K), 0.0076020 secs] [Times: user=0.05 sys=0.01, real=0.01 secs] 
273.404: [GC273.404: [ParNew
Desired survivor size 41943040 bytes, new threshold 6 (max 6)
- age   1:     783688 bytes,     783688 total
- age   2:      16512 bytes,     800200 total
- age   3:       8176 bytes,     808376 total
- age   4:      15648 bytes,     824024 total
- age   5:      11648 bytes,     835672 total
- age   6:      16752 bytes,     852424 total
: 658235K->1947K(737280K), 0.0065070 secs] 1651950K->995667K(1761280K), 0.0066540 secs] [Times: user=0.05 sys=0.00, real=0.01 secs] 
273.630: [GC273.630: [ParNew
Desired survivor size 41943040 bytes, new threshold 6 (max 6)
- age   1:    2873072 bytes,    2873072 total
- age   2:      11104 bytes,    2884176 total
- age   3:      16512 bytes,    2900688 total
- age   4:       8176 bytes,    2908864 total
- age   5:      15648 bytes,    2924512 total
- age   6:      11648 bytes,    2936160 total
: 657307K->3295K(737280K), 0.0082230 secs] 1651027K->997033K(1761280K), 0.0084100 secs] [Times: user=0.06 sys=0.00, real=0.01 secs] 
273.863: [GC273.863: [ParNew
Desired survivor size 41943040 bytes, new threshold 6 (max 6)
- age   1:    1256128 bytes,    1256128 total
- age   2:       5272 bytes,    1261400 total
- age   3:      10960 bytes,    1272360 total
- age   4:      16512 bytes,    1288872 total
- age   5:       8080 bytes,    1296952 total
- age   6:      15648 bytes,    1312600 total
: 658655K->2350K(737280K), 0.0073410 secs] 1652393K->996100K(1761280K), 0.0074780 secs] [Times: user=0.05 sys=0.00, real=0.01 secs] 
274.096: [GC274.096: [ParNew
Desired survivor size 41943040 bytes, new threshold 6 (max 6)
- age   1:     849208 bytes,     849208 total
- age   2:      16048 bytes,     865256 total
- age   3:       5128 bytes,     870384 total
- age   4:      10840 bytes,     881224 total
- age   5:      16464 bytes,     897688 total
- age   6:       8056 bytes,     905744 total
: 657710K->1468K(737280K), 0.0066610 secs] 1651460K->995236K(1761280K), 0.0068410 secs] [Times: user=0.04 sys=0.00, real=0.01 secs] 
274.179: [CMS-concurrent-mark: 6.676/6.975 secs] [Times: user=51.76 sys=1.03, real=6.98 secs] 
274.179: [CMS-concurrent-preclean-start]
274.211: [CMS-concurrent-preclean: 0.030/0.032 secs] [Times: user=0.23 sys=0.01, real=0.03 secs] 
274.211: [CMS-concurrent-abortable-preclean-start]
274.334: [GC274.334: [ParNew
Desired survivor size 41943040 bytes, new threshold 6 (max 6)
- age   1:    2007048 bytes,    2007048 total
- age   2:      19928 bytes,    2026976 total
- age   3:      15688 bytes,    2042664 total
- age   4:       4912 bytes,    2047576 total
- age   5:      10720 bytes,    2058296 total
- age   6:      16416 bytes,    2074712 total
: 656828K->2442K(737280K), 0.0074840 secs] 1650596K->996219K(1761280K), 0.0076410 secs] [Times: user=0.06 sys=0.00, real=0.01 secs] 
274.462: [CMS-concurrent-abortable-preclean: 0.241/0.252 secs] [Times: user=1.88 sys=0.04, real=0.25 secs] 
274.495: [GC[YG occupancy: 486581 K (737280 K)]274.495: [Rescan (parallel) , 0.1503610 secs]274.646: [weak refs processing, 0.0000370 secs]274.646: [scrub string table, 0.0010130 secs] [1 CMS-remark: 993776K(1024000K)] 1480358K(1761280K), 0.1515550 secs] [Times: user=1.11 sys=0.00, real=0.15 secs] 
274.647: [CMS-concurrent-sweep-start]
274.714: [GC274.714: [ParNew
Desired survivor size 41943040 bytes, new threshold 6 (max 6)
- age   1:    1414320 bytes,    1414320 total
- age   2:      32592 bytes,    1446912 total
- age   3:      19712 bytes,    1466624 total
- age   4:      15544 bytes,    1482168 total
- age   5:       4720 bytes,    1486888 total
- age   6:      10576 bytes,    1497464 total
: 657802K->2409K(737280K), 0.0072400 secs] 1651564K->996188K(1761280K), 0.0074140 secs] [Times: user=0.05 sys=0.00, real=0.01 secs] 
274.979: [GC274.979: [ParNew
Desired survivor size 41943040 bytes, new threshold 6 (max 6)
- age   1:    1551736 bytes,    1551736 total
- age   2:      22400 bytes,    1574136 total
- age   3:      32328 bytes,    1606464 total
- age   4:      19664 bytes,    1626128 total
- age   5:      15544 bytes,    1641672 total
- age   6:       4720 bytes,    1646392 total
: 657769K->2302K(737280K), 0.0072940 secs] 1651546K->996091K(1761280K), 0.0074220 secs] [Times: user=0.05 sys=0.00, real=0.00 secs] 
275.236: [GC275.236: [ParNew
Desired survivor size 41943040 bytes, new threshold 6 (max 6)
- age   1:    1413288 bytes,    1413288 total
- age   2:      17832 bytes,    1431120 total
- age   3:      22280 bytes,    1453400 total
- age   4:      32160 bytes,    1485560 total
- age   5:      19640 bytes,    1505200 total
- age   6:      15544 bytes,    1520744 total
: 657662K->2384K(737280K), 0.0069850 secs] 1651451K->996179K(1761280K), 0.0071380 secs] [Times: user=0.05 sys=0.00, real=0.01 secs] 
275.483: [GC275.483: [ParNew
Desired survivor size 41943040 bytes, new threshold 6 (max 6)
- age   1:    1181400 bytes,    1181400 total
- age   2:       9792 bytes,    1191192 total
- age   3:      17520 bytes,    1208712 total
- age   4:      22256 bytes,    1230968 total
- age   5:      32128 bytes,    1263096 total
- age   6:      19640 bytes,    1282736 total
: 657744K->2077K(737280K), 0.0074670 secs] 1651539K->995889K(1761280K), 0.0076180 secs] [Times: user=0.04 sys=0.00, real=0.01 secs] 
275.717: [GC275.717: [ParNew
Desired survivor size 41943040 bytes, new threshold 6 (max 6)
- age   1:    1040488 bytes,    1040488 total
- age   2:      12512 bytes,    1053000 total
- age   3:       9792 bytes,    1062792 total
- age   4:      17520 bytes,    1080312 total
- age   5:      22256 bytes,    1102568 total
- age   6:      32128 bytes,    1134696 total
: 657437K->1482K(737280K), 0.0067580 secs] 1651236K->995301K(1761280K), 0.0068750 secs] [Times: user=0.04 sys=0.00, real=0.00 secs] 
275.953: [CMS-concurrent-sweep: 1.261/1.306 secs] [Times: user=9.70 sys=0.19, real=1.30 secs] 
275.954: [CMS-concurrent-reset-start]
275.971: [GC275.971: [ParNew
Desired survivor size 41943040 bytes, new threshold 6 (max 6)
- age   1:    3368744 bytes,    3368744 total
- age   2:       6400 bytes,    3375144 total
- age   3:      12368 bytes,    3387512 total
- age   4:       9696 bytes,    3397208 total
- age   5:      17448 bytes,    3414656 total
- age   6:      22256 bytes,    3436912 total
: 656842K->3916K(737280K), 0.0081180 secs] 1645069K->992176K(1761280K), 0.0082630 secs] [Times: user=0.06 sys=0.00, real=0.01 secs] 
275.996: [CMS-concurrent-reset: 0.033/0.042 secs] [Times: user=0.30 sys=0.02, real=0.04 secs] 
276.186: [GC276.187: [ParNew
Desired survivor size 41943040 bytes, new threshold 6 (max 6)
- age   1:     579008 bytes,     579008 total
- age   2:      14344 bytes,     593352 total
- age   3:       6280 bytes,     599632 total
- age   4:      12200 bytes,     611832 total
- age   5:       9624 bytes,     621456 total
- age   6:      17280 bytes,     638736 total
: 659276K->2807K(737280K), 0.0064390 secs] 1647536K->991091K(1761280K), 0.0065790 secs] [Times: user=0.05 sys=0.00, real=0.01 secs] 
276.195: [GC [1 CMS-initial-mark: 988283K(1024000K)] 997778K(1761280K), 0.0072340 secs] [Times: user=0.01 sys=0.00, real=0.01 secs] 
276.203: [CMS-concurrent-mark-start]
276.458: [GC276.458: [ParNew
Desired survivor size 41943040 bytes, new threshold 6 (max 6)
- age   1:     516664 bytes,     516664 total
- age   2:      14368 bytes,     531032 total
- age   3:      13936 bytes,     544968 total
- age   4:       6112 bytes,     551080 total
- age   5:      12120 bytes,     563200 total
- age   6:       9624 bytes,     572824 total
: 658167K->965K(737280K), 0.0063770 secs] 1646451K->989267K(1761280K), 0.0065190 secs] [Times: user=0.04 sys=0.00, real=0.00 secs] 
276.694: [GC276.694: [ParNew
Desired survivor size 41943040 bytes, new threshold 6 (max 6)
- age   1:    1472200 bytes,    1472200 total
- age   2:       6280 bytes,    1478480 total
- age   3:      14312 bytes,    1492792 total
- age   4:      13888 bytes,    1506680 total
- age   5:       6112 bytes,    1512792 total
- age   6:      12120 bytes,    1524912 total
: 656325K->1643K(737280K), 0.0069120 secs] 1644627K->989957K(1761280K), 0.0071480 secs] [Times: user=0.05 sys=0.00, real=0.01 secs] 
276.935: [GC276.935: [ParNew
Desired survivor size 41943040 bytes, new threshold 6 (max 6)
- age   1:    1871872 bytes,    1871872 total
- age   2:       7112 bytes,    1878984 total
- age   3:       5920 bytes,    1884904 total
- age   4:      14096 bytes,    1899000 total
- age   5:      13672 bytes,    1912672 total
- age   6:       6040 bytes,    1918712 total
: 657003K->2598K(737280K), 0.0073000 secs] 1645317K->990925K(1761280K), 0.0074510 secs] [Times: user=0.06 sys=0.00, real=0.01 secs] 
277.185: [GC277.185: [ParNew
Desired survivor size 41943040 bytes, new threshold 6 (max 6)
- age   1:    1359872 bytes,    1359872 total
- age   2:       6456 bytes,    1366328 total
- age   3:       6976 bytes,    1373304 total
- age   4:       5896 bytes,    1379200 total
- age   5:      14072 bytes,    1393272 total
- age   6:      13648 bytes,    1406920 total
: 657958K->2352K(737280K), 0.0067720 secs] 1646285K->990686K(1761280K), 0.0069330 secs] [Times: user=0.05 sys=0.00, real=0.01 secs] 
277.430: [GC277.430: [ParNew
Desired survivor size 41943040 bytes, new threshold 6 (max 6)
- age   1:     861080 bytes,     861080 total
- age   2:      11080 bytes,     872160 total
- age   3:       6288 bytes,     878448 total
- age   4:       6784 bytes,     885232 total
- age   5:       5848 bytes,     891080 total
- age   6:      14048 bytes,     905128 total
: 657712K->1414K(737280K), 0.0068910 secs] 1646046K->989762K(1761280K), 0.0071090 secs] [Times: user=0.05 sys=0.00, real=0.01 secs] 
277.691: [GC277.692: [ParNew
Desired survivor size 41943040 bytes, new threshold 6 (max 6)
- age   1:    1176360 bytes,    1176360 total
- age   2:       2288 bytes,    1178648 total
- age   3:      11008 bytes,    1189656 total
- age   4:       6288 bytes,    1195944 total
- age   5:       6784 bytes,    1202728 total
- age   6:       5848 bytes,    1208576 total
: 656774K->1685K(737280K), 0.0068430 secs] 1645122K->990047K(1761280K), 0.0070080 secs] [Times: user=0.05 sys=0.00, real=0.01 secs] 
277.947: [GC277.947: [ParNew
Desired survivor size 41943040 bytes, new threshold 6 (max 6)
- age   1:    1746096 bytes,    1746096 total
- age   2:       4752 bytes,    1750848 total
- age   3:       1880 bytes,    1752728 total
- age   4:      10768 bytes,    1763496 total
- age   5:       6288 bytes,    1769784 total
- age   6:       6784 bytes,    1776568 total
: 657045K->2358K(737280K), 0.0069530 secs] 1645407K->990727K(1761280K), 0.0071070 secs] [Times: user=0.05 sys=0.00, real=0.00 secs] 
278.179: [GC278.180: [ParNew
Desired survivor size 41943040 bytes, new threshold 6 (max 6)
- age   1:     818224 bytes,     818224 total
- age   2:       8416 bytes,     826640 total
- age   3:       4536 bytes,     831176 total
- age   4:       1856 bytes,     833032 total
- age   5:      10720 bytes,     843752 total
- age   6:       6288 bytes,     850040 total
: 657718K->1578K(737280K), 0.0061850 secs] 1646087K->989955K(1761280K), 0.0063310 secs] [Times: user=0.05 sys=0.00, real=0.00 secs] 
278.420: [GC278.420: [ParNew
Desired survivor size 41943040 bytes, new threshold 6 (max 6)
- age   1:    2192304 bytes,    2192304 total
- age   2:       1688 bytes,    2193992 total
- age   3:       8200 bytes,    2202192 total
- age   4:       4152 bytes,    2206344 total
- age   5:       1856 bytes,    2208200 total
- age   6:      10576 bytes,    2218776 total
: 656938K->2470K(737280K), 0.0076810 secs] 1645315K->990854K(1761280K), 0.0078690 secs] [Times: user=0.05 sys=0.01, real=0.01 secs] 
278.674: [GC278.674: [ParNew
Desired survivor size 41943040 bytes, new threshold 6 (max 6)
- age   1:    1449472 bytes,    1449472 total
- age   2:      15824 bytes,    1465296 total
- age   3:       1664 bytes,    1466960 total
- age   4:       8200 bytes,    1475160 total
- age   5:       4152 bytes,    1479312 total
- age   6:       1856 bytes,    1481168 total
: 657830K->2477K(737280K), 0.0068950 secs] 1646214K->990872K(1761280K), 0.0070870 secs] [Times: user=0.05 sys=0.00, real=0.01 secs] 
278.924: [GC278.924: [ParNew
Desired survivor size 41943040 bytes, new threshold 6 (max 6)
- age   1:    2508120 bytes,    2508120 total
- age   2:       2256 bytes,    2510376 total
- age   3:      15656 bytes,    2526032 total
- age   4:       1400 bytes,    2527432 total
- age   5:       8104 bytes,    2535536 total
- age   6:       3984 bytes,    2539520 total
: 657837K->2854K(737280K), 0.0075260 secs] 1646232K->991251K(1761280K), 0.0077430 secs] [Times: user=0.05 sys=0.01, real=0.01 secs] 
279.145: [GC279.145: [ParNew
Desired survivor size 41943040 bytes, new threshold 6 (max 6)
- age   1:     947512 bytes,     947512 total
- age   2:       6952 bytes,     954464 total
- age   3:       2016 bytes,     956480 total
- age   4:      15488 bytes,     971968 total
- age   5:       1280 bytes,     973248 total
- age   6:       8104 bytes,     981352 total
: 658214K->2371K(737280K), 0.0071110 secs] 1646611K->990773K(1761280K), 0.0072610 secs] [Times: user=0.04 sys=0.00, real=0.01 secs] 
279.374: [GC279.374: [ParNew
Desired survivor size 41943040 bytes, new threshold 6 (max 6)
- age   1:    2073944 bytes,    2073944 total
- age   2:       4752 bytes,    2078696 total
- age   3:       6904 bytes,    2085600 total
- age   4:       1856 bytes,    2087456 total
- age   5:      15440 bytes,    2102896 total
- age   6:       1280 bytes,    2104176 total
: 657731K->2548K(737280K), 0.0082450 secs] 1646133K->990958K(1761280K), 0.0084050 secs] [Times: user=0.06 sys=0.00, real=0.01 secs] 
279.604: [GC279.604: [ParNew
Desired survivor size 41943040 bytes, new threshold 6 (max 6)
- age   1:    1207040 bytes,    1207040 total
- age   2:       2688 bytes,    1209728 total
- age   3:       4728 bytes,    1214456 total
- age   4:       6784 bytes,    1221240 total
- age   5:       1856 bytes,    1223096 total
- age   6:      15440 bytes,    1238536 total
: 657908K->1983K(737280K), 0.0068820 secs] 1646318K->990395K(1761280K), 0.0070200 secs] [Times: user=0.05 sys=0.00, real=0.01 secs] 
279.852: [GC279.853: [ParNew
Desired survivor size 41943040 bytes, new threshold 6 (max 6)
- age   1:    1948312 bytes,    1948312 total
- age   2:       7984 bytes,    1956296 total
- age   3:       2376 bytes,    1958672 total
- age   4:       4680 bytes,    1963352 total
- age   5:       6424 bytes,    1969776 total
- age   6:       1616 bytes,    1971392 total
: 657343K->2863K(737280K), 0.0075660 secs] 1645755K->991291K(1761280K), 0.0077380 secs] [Times: user=0.05 sys=0.00, real=0.01 secs] 
280.100: [GC280.100: [ParNew
Desired survivor size 41943040 bytes, new threshold 6 (max 6)
- age   1:    1627000 bytes,    1627000 total
- age   2:       9376 bytes,    1636376 total
- age   3:       7792 bytes,    1644168 total
- age   4:       2184 bytes,    1646352 total
- age   5:       4536 bytes,    1650888 total
- age   6:       6424 bytes,    1657312 total
: 658223K->2671K(737280K), 0.0070580 secs] 1646651K->991101K(1761280K), 0.0072100 secs] [Times: user=0.05 sys=0.00, real=0.00 secs] 
280.357: [GC280.357: [ParNew
Desired survivor size 41943040 bytes, new threshold 6 (max 6)
- age   1:     984152 bytes,     984152 total
- age   2:      13848 bytes,     998000 total
- age   3:       9232 bytes,    1007232 total
- age   4:       7624 bytes,    1014856 total
- age   5:       2088 bytes,    1016944 total
- age   6:       4488 bytes,    1021432 total
: 658031K->1659K(737280K), 0.0070580 secs] 1646461K->990096K(1761280K), 0.0072500 secs] [Times: user=0.05 sys=0.00, real=0.01 secs] 
280.595: [GC280.595: [ParNew
Desired survivor size 41943040 bytes, new threshold 6 (max 6)
- age   1:    1262080 bytes,    1262080 total
- age   2:      29816 bytes,    1291896 total
- age   3:      13608 bytes,    1305504 total
- age   4:       9160 bytes,    1314664 total
- age   5:       7576 bytes,    1322240 total
- age   6:       2088 bytes,    1324328 total
: 657019K->1889K(737280K), 0.0067830 secs] 1645456K->990331K(1761280K), 0.0069890 secs] [Times: user=0.05 sys=0.00, real=0.01 secs] 
280.853: [GC280.853: [ParNew
Desired survivor size 41943040 bytes, new threshold 6 (max 6)
- age   1:    1117992 bytes,    1117992 total
- age   2:      14552 bytes,    1132544 total
- age   3:      29792 bytes,    1162336 total
- age   4:      13608 bytes,    1175944 total
- age   5:       9160 bytes,    1185104 total
- age   6:       7576 bytes,    1192680 total
: 657249K->2048K(737280K), 0.0071280 secs] 1645691K->990493K(1761280K), 0.0072630 secs] [Times: user=0.05 sys=0.00, real=0.01 secs] 
281.090: [GC281.090: [ParNew
Desired survivor size 41943040 bytes, new threshold 6 (max 6)
- age   1:    1486848 bytes,    1486848 total
- age   2:      13288 bytes,    1500136 total
- age   3:      14456 bytes,    1514592 total
- age   4:      29744 bytes,    1544336 total
- age   5:      13512 bytes,    1557848 total
- age   6:       9160 bytes,    1567008 total
: 657408K->2067K(737280K), 0.0071390 secs] 1645853K->990520K(1761280K), 0.0072760 secs] [Times: user=0.05 sys=0.00, real=0.00 secs] 
281.317: [GC281.317: [ParNew
Desired survivor size 41943040 bytes, new threshold 6 (max 6)
- age   1:    2204840 bytes,    2204840 total
- age   2:       3528 bytes,    2208368 total
- age   3:      13072 bytes,    2221440 total
- age   4:      14288 bytes,    2235728 total
- age   5:      29696 bytes,    2265424 total
- age   6:      13464 bytes,    2278888 total
: 657427K->2838K(737280K), 0.0075140 secs] 1645880K->991301K(1761280K), 0.0076530 secs] [Times: user=0.05 sys=0.00, real=0.01 secs] 
281.543: [GC281.543: [ParNew
Desired survivor size 41943040 bytes, new threshold 6 (max 6)
- age   1:    1945792 bytes,    1945792 total
- age   2:      11240 bytes,    1957032 total
- age   3:       3288 bytes,    1960320 total
- age   4:      12856 bytes,    1973176 total
- age   5:      14192 bytes,    1987368 total
- age   6:      29648 bytes,    2017016 total
: 658198K->2754K(737280K), 0.0080310 secs] 1646661K->991231K(1761280K), 0.0082240 secs] [Times: user=0.05 sys=0.00, real=0.01 secs] 
281.776: [GC281.776: [ParNew
Desired survivor size 41943040 bytes, new threshold 6 (max 6)
- age   1:    1317592 bytes,    1317592 total
- age   2:       3472 bytes,    1321064 total
- age   3:      11144 bytes,    1332208 total
- age   4:       3120 bytes,    1335328 total
- age   5:      12592 bytes,    1347920 total
- age   6:      14168 bytes,    1362088 total
: 658114K->1978K(737280K), 0.0068640 secs] 1646591K->990486K(1761280K), 0.0070220 secs] [Times: user=0.04 sys=0.00, real=0.01 secs] 
282.013: [GC282.013: [ParNew
Desired survivor size 41943040 bytes, new threshold 6 (max 6)
- age   1:     387856 bytes,     387856 total
- age   2:       6696 bytes,     394552 total
- age   3:       3328 bytes,     397880 total
- age   4:      11144 bytes,     409024 total
- age   5:       3096 bytes,     412120 total
- age   6:      12592 bytes,     424712 total
: 657338K->1492K(737280K), 0.0061760 secs] 1645846K->990014K(1761280K), 0.0063140 secs] [Times: user=0.04 sys=0.00, real=0.01 secs] 
282.235: [GC282.235: [ParNew
Desired survivor size 41943040 bytes, new threshold 6 (max 6)
- age   1:    2607248 bytes,    2607248 total
- age   2:       9064 bytes,    2616312 total
- age   3:       6624 bytes,    2622936 total
- age   4:       3304 bytes,    2626240 total
- age   5:      11120 bytes,    2637360 total
- age   6:       3072 bytes,    2640432 total
: 656852K->2860K(737280K), 0.0080750 secs] 1645374K->991396K(1761280K), 0.0082120 secs] [Times: user=0.05 sys=0.00, real=0.01 secs] 
282.480: [GC282.480: [ParNew
Desired survivor size 41943040 bytes, new threshold 6 (max 6)
- age   1:    3459528 bytes,    3459528 total
- age   2:       6424 bytes,    3465952 total
- age   3:       8584 bytes,    3474536 total
- age   4:       6432 bytes,    3480968 total
- age   5:       3160 bytes,    3484128 total
- age   6:      11000 bytes,    3495128 total
: 658220K->4362K(737280K), 0.0081590 secs] 1646756K->992902K(1761280K), 0.0083480 secs] [Times: user=0.06 sys=0.00, real=0.01 secs] 
282.702: [GC282.702: [ParNew
Desired survivor size 41943040 bytes, new threshold 6 (max 6)
- age   1:    1526320 bytes,    1526320 total
- age   2:    1550056 bytes,    3076376 total
- age   3:       6280 bytes,    3082656 total
- age   4:       8464 bytes,    3091120 total
- age   5:       6408 bytes,    3097528 total
- age   6:       3160 bytes,    3100688 total
: 659722K->4609K(737280K), 0.0079840 secs] 1648262K->993161K(1761280K), 0.0081250 secs] [Times: user=0.06 sys=0.00, real=0.01 secs] 
282.958: [GC282.958: [ParNew
Desired survivor size 41943040 bytes, new threshold 6 (max 6)
- age   1:    2120024 bytes,    2120024 total
- age   2:     170512 bytes,    2290536 total
- age   3:    1549936 bytes,    3840472 total
- age   4:       6232 bytes,    3846704 total
- age   5:       8440 bytes,    3855144 total
- age   6:       6312 bytes,    3861456 total
: 659969K->5698K(737280K), 0.0085590 secs] 1648521K->994254K(1761280K), 0.0087110 secs] [Times: user=0.06 sys=0.00, real=0.01 secs] 
283.188: [GC283.188: [ParNew
Desired survivor size 41943040 bytes, new threshold 6 (max 6)
- age   1:    1828464 bytes,    1828464 total
- age   2:     832952 bytes,    2661416 total
- age   3:     170368 bytes,    2831784 total
- age   4:    1549888 bytes,    4381672 total
- age   5:       6184 bytes,    4387856 total
- age   6:       8416 bytes,    4396272 total
: 661058K->6279K(737280K), 0.0082130 secs] 1649614K->994841K(1761280K), 0.0083550 secs] [Times: user=0.06 sys=0.00, real=0.00 secs] 
283.362: [CMS-concurrent-mark: 6.891/7.160 secs] [Times: user=53.63 sys=0.94, real=7.16 secs] 
283.362: [CMS-concurrent-preclean-start]
283.382: [CMS-concurrent-preclean: 0.018/0.020 secs] [Times: user=0.16 sys=0.00, real=0.02 secs] 
283.382: [CMS-concurrent-abortable-preclean-start]
283.412: [GC283.412: [ParNew
Desired survivor size 41943040 bytes, new threshold 6 (max 6)
- age   1:    2384496 bytes,    2384496 total
- age   2:     644592 bytes,    3029088 total
- age   3:     832752 bytes,    3861840 total
- age   4:     170320 bytes,    4032160 total
- age   5:    1549816 bytes,    5581976 total
- age   6:       6184 bytes,    5588160 total
: 661639K->7719K(737280K), 0.0095410 secs] 1650201K->996290K(1761280K), 0.0097340 secs] [Times: user=0.06 sys=0.00, real=0.01 secs] 
283.617: [CMS-concurrent-abortable-preclean: 0.224/0.235 secs] [Times: user=1.78 sys=0.04, real=0.23 secs] 
283.639: [GC[YG occupancy: 663079 K (737280 K)]283.639: [Rescan (parallel) , 0.2396970 secs]283.879: [weak refs processing, 0.0000290 secs]283.879: [scrub string table, 0.0011670 secs] [1 CMS-remark: 988571K(1024000K)] 1651650K(1761280K), 0.2436470 secs] [Times: user=1.80 sys=0.01, real=0.24 secs] 
283.884: [CMS-concurrent-sweep-start]
283.895: [GC283.895: [ParNew
Desired survivor size 41943040 bytes, new threshold 6 (max 6)
- age   1:    1118904 bytes,    1118904 total
- age   2:      11176 bytes,    1130080 total
- age   3:       9296 bytes,    1139376 total
- age   4:       4480 bytes,    1143856 total
- age   5:       5256 bytes,    1149112 total
- age   6:      30616 bytes,    1179728 total
: 663079K->5122K(737280K), 0.0079100 secs] 1651650K->993700K(1761280K), 0.0083430 secs] [Times: user=0.05 sys=0.01, real=0.01 secs] 
284.143: [GC284.143: [ParNew
Desired survivor size 41943040 bytes, new threshold 6 (max 6)
- age   1:    1475272 bytes,    1475272 total
- age   2:      14968 bytes,    1490240 total
- age   3:      11080 bytes,    1501320 total
- age   4:       9200 bytes,    1510520 total
- age   5:       4480 bytes,    1515000 total
- age   6:       5256 bytes,    1520256 total
: 660482K->2156K(737280K), 0.0070610 secs] 1649059K->990764K(1761280K), 0.0071970 secs] [Times: user=0.05 sys=0.00, real=0.01 secs] 
284.387: [GC284.387: [ParNew
Desired survivor size 41943040 bytes, new threshold 6 (max 6)
- age   1:     588640 bytes,     588640 total
- age   2:      10352 bytes,     598992 total
- age   3:      14872 bytes,     613864 total
- age   4:      11080 bytes,     624944 total
- age   5:       9200 bytes,     634144 total
- age   6:       4480 bytes,     638624 total
: 657516K->1505K(737280K), 0.0067510 secs] 1646124K->990119K(1761280K), 0.0069160 secs] [Times: user=0.04 sys=0.00, real=0.01 secs] 
284.630: [GC284.630: [ParNew
Desired survivor size 41943040 bytes, new threshold 6 (max 6)
- age   1:    1732536 bytes,    1732536 total
- age   2:       5560 bytes,    1738096 total
- age   3:      10352 bytes,    1748448 total
- age   4:      14808 bytes,    1763256 total
- age   5:      11080 bytes,    1774336 total
- age   6:       9200 bytes,    1783536 total
: 656865K->2067K(737280K), 0.0068570 secs] 1645479K->990686K(1761280K), 0.0069770 secs] [Times: user=0.05 sys=0.00, real=0.00 secs] 
284.885: [GC284.885: [ParNew
Desired survivor size 41943040 bytes, new threshold 6 (max 6)
- age   1:     852744 bytes,     852744 total
- age   2:      17416 bytes,     870160 total
- age   3:       5272 bytes,     875432 total
- age   4:      10208 bytes,     885640 total
- age   5:      14664 bytes,     900304 total
- age   6:      11056 bytes,     911360 total
: 657427K->1634K(737280K), 0.0118470 secs] 1646046K->990263K(1761280K), 0.0119850 secs] [Times: user=0.04 sys=0.01, real=0.01 secs] 
285.124: [GC285.124: [ParNew
Desired survivor size 41943040 bytes, new threshold 6 (max 6)
- age   1:    1389248 bytes,    1389248 total
- age   2:       8880 bytes,    1398128 total
- age   3:      17248 bytes,    1415376 total
- age   4:       5152 bytes,    1420528 total
- age   5:      10064 bytes,    1430592 total
- age   6:      14616 bytes,    1445208 total
: 656994K->1742K(737280K), 0.0085990 secs] 1645623K->990382K(1761280K), 0.0087790 secs] [Times: user=0.04 sys=0.00, real=0.01 secs] 
285.353: [GC285.353: [ParNew
Desired survivor size 41943040 bytes, new threshold 6 (max 6)
- age   1:    1807920 bytes,    1807920 total
- age   2:       7912 bytes,    1815832 total
- age   3:       8832 bytes,    1824664 total
- age   4:      17248 bytes,    1841912 total
- age   5:       5152 bytes,    1847064 total
- age   6:      10064 bytes,    1857128 total
: 657102K->2465K(737280K), 0.0077430 secs] 1645739K->991119K(1761280K), 0.0078800 secs] [Times: user=0.05 sys=0.00, real=0.01 secs] 
285.452: [CMS-concurrent-sweep: 1.493/1.568 secs] [Times: user=11.56 sys=0.25, real=1.57 secs] 
285.452: [CMS-concurrent-reset-start]
285.501: [CMS-concurrent-reset: 0.049/0.049 secs] [Times: user=0.37 sys=0.01, real=0.05 secs] 
285.585: [GC285.585: [ParNew
Desired survivor size 41943040 bytes, new threshold 6 (max 6)
- age   1:    1107080 bytes,    1107080 total
- age   2:       6496 bytes,    1113576 total
- age   3:       7600 bytes,    1121176 total
- age   4:       8520 bytes,    1129696 total
- age   5:      17080 bytes,    1146776 total
- age   6:       5152 bytes,    1151928 total
: 657825K->1876K(737280K), 0.0066540 secs] 1643611K->987673K(1761280K), 0.0068020 secs] [Times: user=0.04 sys=0.00, real=0.01 secs] 
285.593: [GC [1 CMS-initial-mark: 985796K(1024000K)] 991010K(1761280K), 0.0058360 secs] [Times: user=0.00 sys=0.00, real=0.00 secs] 
285.599: [CMS-concurrent-mark-start]
285.845: [GC285.845: [ParNew
Desired survivor size 41943040 bytes, new threshold 6 (max 6)
- age   1:     706984 bytes,     706984 total
- age   2:      11368 bytes,     718352 total
- age   3:       6496 bytes,     724848 total
- age   4:       7600 bytes,     732448 total
- age   5:       8520 bytes,     740968 total
- age   6:      17080 bytes,     758048 total
: 657236K->1258K(737280K), 0.0063220 secs] 1643033K->987061K(1761280K), 0.0064560 secs] [Times: user=0.04 sys=0.00, real=0.01 secs] 
286.187: [GC286.187: [ParNew
Desired survivor size 41943040 bytes, new threshold 6 (max 6)
- age   1:    1157808 bytes,    1157808 total
- age   2:       5248 bytes,    1163056 total
- age   3:      10864 bytes,    1173920 total
- age   4:       6136 bytes,    1180056 total
- age   5:       7360 bytes,    1187416 total
- age   6:       8424 bytes,    1195840 total
: 656618K->1461K(737280K), 0.0132450 secs] 1642421K->987283K(1761280K), 0.0134030 secs] [Times: user=0.04 sys=0.00, real=0.02 secs] 
286.463: [GC286.463: [ParNew
Desired survivor size 41943040 bytes, new threshold 6 (max 6)
- age   1:     194416 bytes,     194416 total
- age   2:      24904 bytes,     219320 total
- age   3:       5104 bytes,     224424 total
- age   4:      10816 bytes,     235240 total
- age   5:       6040 bytes,     241280 total
- age   6:       7240 bytes,     248520 total
: 656821K->997K(737280K), 0.0061940 secs] 1642643K->986828K(1761280K), 0.0063730 secs] [Times: user=0.04 sys=0.01, real=0.00 secs] 
286.714: [GC286.714: [ParNew
Desired survivor size 41943040 bytes, new threshold 6 (max 6)
- age   1:     549480 bytes,     549480 total
- age   2:      18096 bytes,     567576 total
- age   3:      24784 bytes,     592360 total
- age   4:       4960 bytes,     597320 total
- age   5:      10720 bytes,     608040 total
- age   6:       6040 bytes,     614080 total
: 656357K->775K(737280K), 0.0063190 secs] 1642188K->986613K(1761280K), 0.0064580 secs] [Times: user=0.04 sys=0.00, real=0.01 secs] 
286.955: [GC286.955: [ParNew
Desired survivor size 41943040 bytes, new threshold 6 (max 6)
- age   1:    1986120 bytes,    1986120 total
- age   2:      15624 bytes,    2001744 total
- age   3:      18072 bytes,    2019816 total
- age   4:      24784 bytes,    2044600 total
- age   5:       4960 bytes,    2049560 total
- age   6:      10720 bytes,    2060280 total
: 656135K->2241K(737280K), 0.0070830 secs] 1641973K->988086K(1761280K), 0.0072320 secs] [Times: user=0.05 sys=0.00, real=0.01 secs] 
287.197: [GC287.197: [ParNew
Desired survivor size 41943040 bytes, new threshold 6 (max 6)
- age   1:    1064248 bytes,    1064248 total
- age   2:       2520 bytes,    1066768 total
- age   3:      15384 bytes,    1082152 total
- age   4:      18000 bytes,    1100152 total
- age   5:      24712 bytes,    1124864 total
- age   6:       4960 bytes,    1129824 total
: 657601K->1640K(737280K), 0.0071850 secs] 1643446K->987497K(1761280K), 0.0073290 secs] [Times: user=0.04 sys=0.00, real=0.01 secs] 
287.429: [GC287.429: [ParNew
Desired survivor size 41943040 bytes, new threshold 6 (max 6)
- age   1:     983016 bytes,     983016 total
- age   2:       8032 bytes,     991048 total
- age   3:       2424 bytes,     993472 total
- age   4:      15264 bytes,    1008736 total
- age   5:      17856 bytes,    1026592 total
- age   6:      24616 bytes,    1051208 total
: 657000K->1856K(737280K), 0.0066880 secs] 1642857K->987719K(1761280K), 0.0068390 secs] [Times: user=0.05 sys=0.00, real=0.01 secs] 
287.664: [GC287.664: [ParNew
Desired survivor size 41943040 bytes, new threshold 6 (max 6)
- age   1:     571416 bytes,     571416 total
- age   2:      11824 bytes,     583240 total
- age   3:       7744 bytes,     590984 total
- age   4:       2280 bytes,     593264 total
- age   5:      15168 bytes,     608432 total
- age   6:      17536 bytes,     625968 total
: 657216K->1041K(737280K), 0.0062530 secs] 1643079K->986929K(1761280K), 0.0063740 secs] [Times: user=0.04 sys=0.00, real=0.01 secs] 
287.920: [GC287.920: [ParNew
Desired survivor size 41943040 bytes, new threshold 6 (max 6)
- age   1:    1750296 bytes,    1750296 total
- age   2:      15688 bytes,    1765984 total
- age   3:      11728 bytes,    1777712 total
- age   4:       7744 bytes,    1785456 total
- age   5:       2280 bytes,    1787736 total
- age   6:      15168 bytes,    1802904 total
: 656401K->1913K(737280K), 0.0073130 secs] 1642289K->987819K(1761280K), 0.0074610 secs] [Times: user=0.04 sys=0.01, real=0.01 secs] 
288.167: [GC288.167: [ParNew
Desired survivor size 41943040 bytes, new threshold 6 (max 6)
- age   1:     946824 bytes,     946824 total
- age   2:       8992 bytes,     955816 total
- age   3:      15520 bytes,     971336 total
- age   4:      11584 bytes,     982920 total
- age   5:       7648 bytes,     990568 total
- age   6:       2232 bytes,     992800 total
: 657273K->1421K(737280K), 0.0069230 secs] 1643179K->987343K(1761280K), 0.0070420 secs] [Times: user=0.04 sys=0.00, real=0.01 secs] 
288.413: [GC288.413: [ParNew
Desired survivor size 41943040 bytes, new threshold 6 (max 6)
- age   1:     627768 bytes,     627768 total
- age   2:      18536 bytes,     646304 total
- age   3:       8776 bytes,     655080 total
- age   4:      15424 bytes,     670504 total
- age   5:      11584 bytes,     682088 total
- age   6:       7648 bytes,     689736 total
: 656781K->1217K(737280K), 0.0063110 secs] 1642703K->987143K(1761280K), 0.0064950 secs] [Times: user=0.04 sys=0.00, real=0.00 secs] 
288.651: [GC288.651: [ParNew
Desired survivor size 41943040 bytes, new threshold 6 (max 6)
- age   1:     855336 bytes,     855336 total
- age   2:      11888 bytes,     867224 total
- age   3:      18464 bytes,     885688 total
- age   4:       8656 bytes,     894344 total
- age   5:      15400 bytes,     909744 total
- age   6:      11584 bytes,     921328 total
: 656577K->1177K(737280K), 0.0069240 secs] 1642503K->987110K(1761280K), 0.0070850 secs] [Times: user=0.04 sys=0.00, real=0.00 secs] 
288.918: [GC288.918: [ParNew
Desired survivor size 41943040 bytes, new threshold 6 (max 6)
- age   1:     564080 bytes,     564080 total
- age   2:      17648 bytes,     581728 total
- age   3:      11456 bytes,     593184 total
- age   4:      18320 bytes,     611504 total
- age   5:       8560 bytes,     620064 total
- age   6:      15400 bytes,     635464 total
: 656537K->1107K(737280K), 0.0068470 secs] 1642470K->987053K(1761280K), 0.0069690 secs] [Times: user=0.04 sys=0.00, real=0.01 secs] 
289.156: [GC289.156: [ParNew
Desired survivor size 41943040 bytes, new threshold 6 (max 6)
- age   1:    2778712 bytes,    2778712 total
- age   2:      13080 bytes,    2791792 total
- age   3:      17624 bytes,    2809416 total
- age   4:      11456 bytes,    2820872 total
- age   5:      18272 bytes,    2839144 total
- age   6:       8560 bytes,    2847704 total
: 656467K->2992K(737280K), 0.0083480 secs] 1642413K->988954K(1761280K), 0.0085770 secs] [Times: user=0.05 sys=0.00, real=0.01 secs] 
289.395: [GC289.395: [ParNew
Desired survivor size 41943040 bytes, new threshold 6 (max 6)
- age   1:    1280312 bytes,    1280312 total
- age   2:       6272 bytes,    1286584 total
- age   3:      12960 bytes,    1299544 total
- age   4:      17624 bytes,    1317168 total
- age   5:      11456 bytes,    1328624 total
- age   6:      18272 bytes,    1346896 total
: 658352K->2188K(737280K), 0.0071840 secs] 1644314K->988159K(1761280K), 0.0073410 secs] [Times: user=0.05 sys=0.00, real=0.01 secs] 
289.633: [GC289.633: [ParNew
Desired survivor size 41943040 bytes, new threshold 6 (max 6)
- age   1:     376776 bytes,     376776 total
- age   2:       1640 bytes,     378416 total
- age   3:       6176 bytes,     384592 total
- age   4:      12864 bytes,     397456 total
- age   5:      17536 bytes,     414992 total
- age   6:      11456 bytes,     426448 total
: 657548K->1533K(737280K), 0.0063850 secs] 1643519K->987524K(1761280K), 0.0065140 secs] [Times: user=0.03 sys=0.00, real=0.00 secs] 
289.852: [GC289.852: [ParNew
Desired survivor size 41943040 bytes, new threshold 6 (max 6)
- age   1:     821176 bytes,     821176 total
- age   2:       4752 bytes,     825928 total
- age   3:       1352 bytes,     827280 total
- age   4:       5768 bytes,     833048 total
- age   5:      12624 bytes,     845672 total
- age   6:      17368 bytes,     863040 total
: 656893K->1096K(737280K), 0.0062960 secs] 1642884K->987099K(1761280K), 0.0064460 secs] [Times: user=0.04 sys=0.00, real=0.00 secs] 
290.117: [GC290.117: [ParNew
Desired survivor size 41943040 bytes, new threshold 6 (max 6)
- age   1:    1801280 bytes,    1801280 total
- age   2:      11808 bytes,    1813088 total
- age   3:       4560 bytes,    1817648 total
- age   4:       1256 bytes,    1818904 total
- age   5:       5552 bytes,    1824456 total
- age   6:      12576 bytes,    1837032 total
: 656456K->2073K(737280K), 0.0072220 secs] 1642459K->988094K(1761280K), 0.0073790 secs] [Times: user=0.06 sys=0.01, real=0.01 secs] 
290.412: [GC290.412: [ParNew
Desired survivor size 41943040 bytes, new threshold 6 (max 6)
- age   1:    2185200 bytes,    2185200 total
- age   2:       6080 bytes,    2191280 total
- age   3:      11736 bytes,    2203016 total
- age   4:       4464 bytes,    2207480 total
- age   5:       1256 bytes,    2208736 total
- age   6:       5528 bytes,    2214264 total
: 657433K->2876K(737280K), 0.0076110 secs] 1643454K->988910K(1761280K), 0.0078340 secs] [Times: user=0.05 sys=0.00, real=0.00 secs] 
290.634: [GC290.634: [ParNew
Desired survivor size 41943040 bytes, new threshold 6 (max 6)
- age   1:    1708128 bytes,    1708128 total
- age   2:      14104 bytes,    1722232 total
- age   3:       5888 bytes,    1728120 total
- age   4:      11536 bytes,    1739656 total
- age   5:       4344 bytes,    1744000 total
- age   6:       1184 bytes,    1745184 total
: 658236K->2506K(737280K), 0.0075940 secs] 1644270K->988547K(1761280K), 0.0077550 secs] [Times: user=0.05 sys=0.00, real=0.01 secs] 
290.881: [GC290.881: [ParNew
Desired survivor size 41943040 bytes, new threshold 6 (max 6)
- age   1:    1027552 bytes,    1027552 total
- age   2:      14568 bytes,    1042120 total
- age   3:      12088 bytes,    1054208 total
- age   4:       5864 bytes,    1060072 total
- age   5:      11536 bytes,    1071608 total
- age   6:       4344 bytes,    1075952 total
: 657866K->2002K(737280K), 0.0159610 secs] 1643907K->988043K(1761280K), 0.0161130 secs] [Times: user=0.07 sys=0.00, real=0.01 secs] 
291.122: [GC291.123: [ParNew
Desired survivor size 41943040 bytes, new threshold 6 (max 6)
- age   1:    1431584 bytes,    1431584 total
- age   2:      11288 bytes,    1442872 total
- age   3:      14448 bytes,    1457320 total
- age   4:      12088 bytes,    1469408 total
- age   5:       5840 bytes,    1475248 total
- age   6:      11536 bytes,    1486784 total
: 657362K->1782K(737280K), 0.0078140 secs] 1643403K->987829K(1761280K), 0.0079400 secs] [Times: user=0.05 sys=0.00, real=0.01 secs] 
291.359: [GC291.359: [ParNew
Desired survivor size 41943040 bytes, new threshold 6 (max 6)
- age   1:     635440 bytes,     635440 total
- age   2:       5672 bytes,     641112 total
- age   3:      11120 bytes,     652232 total
- age   4:      14424 bytes,     666656 total
- age   5:      12064 bytes,     678720 total
- age   6:       5840 bytes,     684560 total
: 657142K->1461K(737280K), 0.0064920 secs] 1643189K->987519K(1761280K), 0.0066690 secs] [Times: user=0.04 sys=0.00, real=0.01 secs] 
291.611: [GC291.611: [ParNew
Desired survivor size 41943040 bytes, new threshold 6 (max 6)
- age   1:     273552 bytes,     273552 total
- age   2:      16288 bytes,     289840 total
- age   3:       5384 bytes,     295224 total
- age   4:      10784 bytes,     306008 total
- age   5:      14272 bytes,     320280 total
- age   6:      11992 bytes,     332272 total
: 656821K->719K(737280K), 0.0063750 secs] 1642879K->986784K(1761280K), 0.0064890 secs] [Times: user=0.04 sys=0.00, real=0.00 secs] 
291.857: [GC291.857: [ParNew
Desired survivor size 41943040 bytes, new threshold 6 (max 6)
- age   1:    1393448 bytes,    1393448 total
- age   2:       6784 bytes,    1400232 total
- age   3:      16144 bytes,    1416376 total
- age   4:       5360 bytes,    1421736 total
- age   5:      10784 bytes,    1432520 total
- age   6:      14272 bytes,    1446792 total
: 656079K->1593K(737280K), 0.0071510 secs] 1642144K->987671K(1761280K), 0.0072800 secs] [Times: user=0.04 sys=0.00, real=0.01 secs] 
292.090: [GC292.090: [ParNew
Desired survivor size 41943040 bytes, new threshold 6 (max 6)
- age   1:    1112872 bytes,    1112872 total
- age   2:      15112 bytes,    1127984 total
- age   3:       6640 bytes,    1134624 total
- age   4:      16144 bytes,    1150768 total
- age   5:       5360 bytes,    1156128 total
- age   6:      10784 bytes,    1166912 total
: 656953K->1689K(737280K), 0.0069420 secs] 1643031K->987781K(1761280K), 0.0070780 secs] [Times: user=0.05 sys=0.00, real=0.00 secs] 
292.313: [GC292.313: [ParNew
Desired survivor size 41943040 bytes, new threshold 6 (max 6)
- age   1:    1535160 bytes,    1535160 total
- age   2:       9016 bytes,    1544176 total
- age   3:      15064 bytes,    1559240 total
- age   4:       6640 bytes,    1565880 total
- age   5:      16120 bytes,    1582000 total
- age   6:       5336 bytes,    1587336 total
: 657049K->1988K(737280K), 0.0069850 secs] 1643141K->988092K(1761280K), 0.0071760 secs] [Times: user=0.05 sys=0.00, real=0.00 secs] 
292.545: [GC292.545: [ParNew
Desired survivor size 41943040 bytes, new threshold 6 (max 6)
- age   1:    1239312 bytes,    1239312 total
- age   2:       4808 bytes,    1244120 total
- age   3:       8896 bytes,    1253016 total
- age   4:      14896 bytes,    1267912 total
- age   5:       6616 bytes,    1274528 total
- age   6:      16120 bytes,    1290648 total
: 657348K->1989K(737280K), 0.0067240 secs] 1643452K->988099K(1761280K), 0.0068450 secs] [Times: user=0.04 sys=0.00, real=0.01 secs] 
292.776: [GC292.776: [ParNew
Desired survivor size 41943040 bytes, new threshold 6 (max 6)
- age   1:    1836072 bytes,    1836072 total
- age   2:      15992 bytes,    1852064 total
- age   3:       4784 bytes,    1856848 total
- age   4:       8872 bytes,    1865720 total
- age   5:      14848 bytes,    1880568 total
- age   6:       6616 bytes,    1887184 total
: 657349K->2614K(737280K), 0.0075620 secs] 1643459K->988741K(1761280K), 0.0076890 secs] [Times: user=0.05 sys=0.00, real=0.01 secs] 
292.827: [CMS-concurrent-mark: 6.940/7.228 secs] [Times: user=53.05 sys=1.03, real=7.23 secs] 
292.827: [CMS-concurrent-preclean-start]
292.847: [CMS-concurrent-preclean: 0.019/0.020 secs] [Times: user=0.16 sys=0.00, real=0.02 secs] 
292.848: [CMS-concurrent-abortable-preclean-start]
293.029: [GC293.029: [ParNew
Desired survivor size 41943040 bytes, new threshold 6 (max 6)
- age   1:    1003856 bytes,    1003856 total
- age   2:       6360 bytes,    1010216 total
- age   3:      15704 bytes,    1025920 total
- age   4:       4640 bytes,    1030560 total
- age   5:       8776 bytes,    1039336 total
- age   6:      14824 bytes,    1054160 total
: 657974K->1709K(737280K), 0.0068100 secs] 1644101K->987843K(1761280K), 0.0069410 secs] [Times: user=0.05 sys=0.00, real=0.01 secs] 
293.185: [CMS-concurrent-abortable-preclean: 0.327/0.337 secs] [Times: user=2.47 sys=0.05, real=0.34 secs] 
293.226: [GC[YG occupancy: 566463 K (737280 K)]293.226: [Rescan (parallel) , 0.1306290 secs]293.357: [weak refs processing, 0.0000300 secs]293.357: [scrub string table, 0.0010060 secs] [1 CMS-remark: 986134K(1024000K)] 1552597K(1761280K), 0.1318500 secs] [Times: user=1.01 sys=0.00, real=0.13 secs] 
293.358: [CMS-concurrent-sweep-start]
293.397: [GC293.397: [ParNew
Desired survivor size 41943040 bytes, new threshold 6 (max 6)
- age   1:    1336984 bytes,    1336984 total
- age   2:       7056 bytes,    1344040 total
- age   3:       6304 bytes,    1350344 total
- age   4:      15704 bytes,    1366048 total
- age   5:       4592 bytes,    1370640 total
- age   6:       8776 bytes,    1379416 total
: 657069K->2098K(737280K), 0.0067980 secs] 1643202K->988247K(1761280K), 0.0069660 secs] [Times: user=0.05 sys=0.00, real=0.01 secs] 
293.636: [GC293.636: [ParNew
Desired survivor size 41943040 bytes, new threshold 6 (max 6)
- age   1:     960808 bytes,     960808 total
- age   2:       5384 bytes,     966192 total
- age   3:       6936 bytes,     973128 total
- age   4:       6208 bytes,     979336 total
- age   5:      15584 bytes,     994920 total
- age   6:       4568 bytes,     999488 total
: 657458K->1637K(737280K), 0.0068010 secs] 1643607K->987796K(1761280K), 0.0069390 secs] [Times: user=0.05 sys=0.00, real=0.01 secs] 
293.892: [GC293.892: [ParNew
Desired survivor size 41943040 bytes, new threshold 6 (max 6)
- age   1:    1448728 bytes,    1448728 total
- age   2:       5008 bytes,    1453736 total
- age   3:       5072 bytes,    1458808 total
- age   4:       6552 bytes,    1465360 total
- age   5:       5920 bytes,    1471280 total
- age   6:      15464 bytes,    1486744 total
: 656997K->1907K(737280K), 0.0087020 secs] 1643156K->988070K(1761280K), 0.0088680 secs] [Times: user=0.05 sys=0.01, real=0.01 secs] 
294.116: [GC294.116: [ParNew
Desired survivor size 41943040 bytes, new threshold 6 (max 6)
- age   1:     549696 bytes,     549696 total
- age   2:       9344 bytes,     559040 total
- age   3:       4960 bytes,     564000 total
- age   4:       5024 bytes,     569024 total
- age   5:       6552 bytes,     575576 total
- age   6:       5920 bytes,     581496 total
: 657267K->1420K(737280K), 0.0063520 secs] 1643430K->987600K(1761280K), 0.0065840 secs] [Times: user=0.04 sys=0.00, real=0.01 secs] 
294.356: [GC294.356: [ParNew
Desired survivor size 41943040 bytes, new threshold 6 (max 6)
- age   1:      43568 bytes,      43568 total
- age   2:      10656 bytes,      54224 total
- age   3:       8936 bytes,      63160 total
- age   4:       4864 bytes,      68024 total
- age   5:       4952 bytes,      72976 total
- age   6:       6480 bytes,      79456 total
: 656780K->457K(737280K), 0.0070020 secs] 1642960K->986643K(1761280K), 0.0071370 secs] [Times: user=0.03 sys=0.00, real=0.01 secs] 
294.596: [GC294.596: [ParNew
Desired survivor size 41943040 bytes, new threshold 6 (max 6)
- age   1:    1377568 bytes,    1377568 total
- age   2:      16200 bytes,    1393768 total
- age   3:      10656 bytes,    1404424 total
- age   4:       8936 bytes,    1413360 total
- age   5:       4864 bytes,    1418224 total
- age   6:       4920 bytes,    1423144 total
: 655817K->1465K(737280K), 0.0068020 secs] 1642003K->987659K(1761280K), 0.0069460 secs] [Times: user=0.05 sys=0.00, real=0.01 secs] 
294.839: [GC294.839: [ParNew
Desired survivor size 41943040 bytes, new threshold 6 (max 6)
- age   1:    3138768 bytes,    3138768 total
- age   2:     745368 bytes,    3884136 total
- age   3:      15816 bytes,    3899952 total
- age   4:      10488 bytes,    3910440 total
- age   5:       8888 bytes,    3919328 total
- age   6:       4864 bytes,    3924192 total
: 656825K->4432K(737280K), 0.0085010 secs] 1643019K->990631K(1761280K), 0.0086780 secs] [Times: user=0.06 sys=0.00, real=0.01 secs] 
294.996: [CMS-concurrent-sweep: 1.568/1.638 secs] [Times: user=12.09 sys=0.26, real=1.64 secs] 
294.996: [CMS-concurrent-reset-start]
295.027: [CMS-concurrent-reset: 0.030/0.030 secs] [Times: user=0.23 sys=0.01, real=0.03 secs] 
295.089: [GC295.089: [ParNew
Desired survivor size 41943040 bytes, new threshold 6 (max 6)
- age   1:     997512 bytes,     997512 total
- age   2:      12536 bytes,    1010048 total
- age   3:      13320 bytes,    1023368 total
- age   4:      15720 bytes,    1039088 total
- age   5:      10488 bytes,    1049576 total
- age   6:       8888 bytes,    1058464 total
: 659792K->3535K(737280K), 0.0079960 secs] 1645956K->989705K(1761280K), 0.0081320 secs] [Times: user=0.04 sys=0.00, real=0.01 secs] 
295.098: [GC [1 CMS-initial-mark: 986169K(1024000K)] 991499K(1761280K), 0.0054070 secs] [Times: user=0.01 sys=0.00, real=0.01 secs] 
295.104: [CMS-concurrent-mark-start]
295.345: [GC295.346: [ParNew
Desired survivor size 41943040 bytes, new threshold 6 (max 6)
- age   1:    1364072 bytes,    1364072 total
- age   2:       1416 bytes,    1365488 total
- age   3:      12224 bytes,    1377712 total
- age   4:      13128 bytes,    1390840 total
- age   5:      15552 bytes,    1406392 total
- age   6:      10200 bytes,    1416592 total
: 658895K->2088K(737280K), 0.0068970 secs] 1645065K->988267K(1761280K), 0.0070410 secs] [Times: user=0.05 sys=0.00, real=0.01 secs] 
295.580: [GC295.580: [ParNew
Desired survivor size 41943040 bytes, new threshold 6 (max 6)
- age   1:    1460248 bytes,    1460248 total
- age   2:      15072 bytes,    1475320 total
- age   3:       1200 bytes,    1476520 total
- age   4:      12176 bytes,    1488696 total
- age   5:      13032 bytes,    1501728 total
- age   6:      15480 bytes,    1517208 total
: 657448K->2272K(737280K), 0.0071390 secs] 1643627K->988461K(1761280K), 0.0072630 secs] [Times: user=0.05 sys=0.00, real=0.01 secs] 
295.826: [GC295.826: [ParNew
Desired survivor size 41943040 bytes, new threshold 6 (max 6)
- age   1:    1272296 bytes,    1272296 total
- age   2:      11880 bytes,    1284176 total
- age   3:      14712 bytes,    1298888 total
- age   4:        960 bytes,    1299848 total
- age   5:      12056 bytes,    1311904 total
- age   6:      13008 bytes,    1324912 total
: 657632K->2153K(737280K), 0.0071200 secs] 1643821K->988360K(1761280K), 0.0073380 secs] [Times: user=0.05 sys=0.00, real=0.01 secs] 
296.079: [GC296.079: [ParNew
Desired survivor size 41943040 bytes, new threshold 6 (max 6)
- age   1:    2163120 bytes,    2163120 total
- age   2:       5920 bytes,    2169040 total
- age   3:      11760 bytes,    2180800 total
- age   4:      14688 bytes,    2195488 total
- age   5:        960 bytes,    2196448 total
- age   6:      12104 bytes,    2208552 total
: 657513K->2658K(737280K), 0.0076620 secs] 1643720K->988878K(1761280K), 0.0078010 secs] [Times: user=0.06 sys=0.00, real=0.01 secs] 
296.317: [GC296.317: [ParNew
Desired survivor size 41943040 bytes, new threshold 6 (max 6)
- age   1:     424800 bytes,     424800 total
- age   2:       5776 bytes,     430576 total
- age   3:       5776 bytes,     436352 total
- age   4:      11760 bytes,     448112 total
- age   5:      14640 bytes,     462752 total
- age   6:        960 bytes,     463712 total
: 658018K->1949K(737280K), 0.0061810 secs] 1644238K->988182K(1761280K), 0.0063250 secs] [Times: user=0.04 sys=0.00, real=0.01 secs] 
296.564: [GC296.564: [ParNew
Desired survivor size 41943040 bytes, new threshold 6 (max 6)
- age   1:     838168 bytes,     838168 total
- age   2:       6536 bytes,     844704 total
- age   3:       5728 bytes,     850432 total
- age   4:       5704 bytes,     856136 total
- age   5:      11736 bytes,     867872 total
- age   6:      14568 bytes,     882440 total
: 657309K->1201K(737280K), 0.0069770 secs] 1643542K->987435K(1761280K), 0.0071330 secs] [Times: user=0.05 sys=0.00, real=0.01 secs] 
296.808: [GC296.808: [ParNew
Desired survivor size 41943040 bytes, new threshold 6 (max 6)
- age   1:     998968 bytes,     998968 total
- age   2:      19488 bytes,    1018456 total
- age   3:       6152 bytes,    1024608 total
- age   4:       5320 bytes,    1029928 total
- age   5:       5632 bytes,    1035560 total
- age   6:      11736 bytes,    1047296 total
: 656561K->1493K(737280K), 0.0067580 secs] 1642795K->987743K(1761280K), 0.0069230 secs] [Times: user=0.04 sys=0.01, real=0.01 secs] 
297.070: [GC297.070: [ParNew
Desired survivor size 41943040 bytes, new threshold 6 (max 6)
- age   1:     431400 bytes,     431400 total
- age   2:      16144 bytes,     447544 total
- age   3:      19320 bytes,     466864 total
- age   4:       6152 bytes,     473016 total
- age   5:       5320 bytes,     478336 total
- age   6:       5632 bytes,     483968 total
: 656853K->966K(737280K), 0.0064700 secs] 1643103K->987229K(1761280K), 0.0066010 secs] [Times: user=0.05 sys=0.00, real=0.01 secs] 
297.320: [GC297.320: [ParNew
Desired survivor size 41943040 bytes, new threshold 6 (max 6)
- age   1:    2625120 bytes,    2625120 total
- age   2:      11696 bytes,    2636816 total
- age   3:      15976 bytes,    2652792 total
- age   4:      19272 bytes,    2672064 total
- age   5:       6072 bytes,    2678136 total
- age   6:       5320 bytes,    2683456 total
: 656326K->2878K(737280K), 0.0087820 secs] 1642589K->989148K(1761280K), 0.0089570 secs] [Times: user=0.05 sys=0.00, real=0.01 secs] 
297.571: [GC297.571: [ParNew
Desired survivor size 41943040 bytes, new threshold 6 (max 6)
- age   1:     906336 bytes,     906336 total
- age   2:      11984 bytes,     918320 total
- age   3:      11528 bytes,     929848 total
- age   4:      15976 bytes,     945824 total
- age   5:      19248 bytes,     965072 total
- age   6:       6072 bytes,     971144 total
: 658238K->2070K(737280K), 0.0068580 secs] 1644508K->988345K(1761280K), 0.0070060 secs] [Times: user=0.04 sys=0.00, real=0.00 secs] 
297.824: [GC297.824: [ParNew
Desired survivor size 41943040 bytes, new threshold 6 (max 6)
- age   1:     696304 bytes,     696304 total
- age   2:       7816 bytes,     704120 total
- age   3:      11624 bytes,     715744 total
- age   4:      11264 bytes,     727008 total
- age   5:      15928 bytes,     742936 total
- age   6:      19248 bytes,     762184 total
: 657430K->1309K(737280K), 0.0066910 secs] 1643705K->987592K(1761280K), 0.0068590 secs] [Times: user=0.05 sys=0.00, real=0.01 secs] 
298.064: [GC298.064: [ParNew
Desired survivor size 41943040 bytes, new threshold 6 (max 6)
- age   1:    2306376 bytes,    2306376 total
- age   2:      13496 bytes,    2319872 total
- age   3:       7696 bytes,    2327568 total
- age   4:      11432 bytes,    2339000 total
- age   5:      11192 bytes,    2350192 total
- age   6:      15760 bytes,    2365952 total
: 656669K->2549K(737280K), 0.0079590 secs] 1642952K->988852K(1761280K), 0.0080890 secs] [Times: user=0.05 sys=0.00, real=0.01 secs] 
298.307: [GC298.307: [ParNew
Desired survivor size 41943040 bytes, new threshold 6 (max 6)
- age   1:     807384 bytes,     807384 total
- age   2:       7384 bytes,     814768 total
- age   3:      13160 bytes,     827928 total
- age   4:       7672 bytes,     835600 total
- age   5:      11352 bytes,     846952 total
- age   6:      11192 bytes,     858144 total
: 657909K->1857K(737280K), 0.0069910 secs] 1644212K->988176K(1761280K), 0.0071480 secs] [Times: user=0.04 sys=0.01, real=0.01 secs] 
298.532: [GC298.532: [ParNew
Desired survivor size 41943040 bytes, new threshold 6 (max 6)
- age   1:    1480160 bytes,    1480160 total
- age   2:       9808 bytes,    1489968 total
- age   3:       7384 bytes,    1497352 total
- age   4:      13160 bytes,    1510512 total
- age   5:       7672 bytes,    1518184 total
- age   6:      11352 bytes,    1529536 total
: 657217K->1946K(737280K), 0.0072250 secs] 1643536K->988277K(1761280K), 0.0073760 secs] [Times: user=0.05 sys=0.01, real=0.00 secs] 
298.771: [GC298.771: [ParNew
Desired survivor size 41943040 bytes, new threshold 6 (max 6)
- age   1:    2584064 bytes,    2584064 total
- age   2:       1768 bytes,    2585832 total
- age   3:       9304 bytes,    2595136 total
- age   4:       7312 bytes,    2602448 total
- age   5:      13112 bytes,    2615560 total
- age   6:       7672 bytes,    2623232 total
: 657306K->3287K(737280K), 0.0080340 secs] 1643637K->989630K(1761280K), 0.0081620 secs] [Times: user=0.05 sys=0.00, real=0.00 secs] 
298.994: [GC298.994: [ParNew
Desired survivor size 41943040 bytes, new threshold 6 (max 6)
- age   1:     870712 bytes,     870712 total
- age   2:      13872 bytes,     884584 total
- age   3:       1600 bytes,     886184 total
- age   4:       9208 bytes,     895392 total
- age   5:       7264 bytes,     902656 total
- age   6:      13112 bytes,     915768 total
: 658647K->2250K(737280K), 0.0066820 secs] 1644990K->988601K(1761280K), 0.0068020 secs] [Times: user=0.04 sys=0.00, real=0.00 secs] 
299.217: [GC299.217: [ParNew
Desired survivor size 41943040 bytes, new threshold 6 (max 6)
- age   1:    2823232 bytes,    2823232 total
- age   2:       5184 bytes,    2828416 total
- age   3:      13608 bytes,    2842024 total
- age   4:       1480 bytes,    2843504 total
- age   5:       8824 bytes,    2852328 total
- age   6:       7168 bytes,    2859496 total
: 657610K->3046K(737280K), 0.0088390 secs] 1643961K->989411K(1761280K), 0.0089960 secs] [Times: user=0.06 sys=0.00, real=0.01 secs] 
299.454: [GC299.454: [ParNew
Desired survivor size 41943040 bytes, new threshold 6 (max 6)
- age   1:    1564552 bytes,    1564552 total
- age   2:      12984 bytes,    1577536 total
- age   3:       4896 bytes,    1582432 total
- age   4:      13536 bytes,    1595968 total
- age   5:       1408 bytes,    1597376 total
- age   6:       8752 bytes,    1606128 total
: 658406K->2290K(737280K), 0.0074390 secs] 1644771K->988663K(1761280K), 0.0075740 secs] [Times: user=0.05 sys=0.00, real=0.00 secs] 
299.673: [GC299.673: [ParNew
Desired survivor size 41943040 bytes, new threshold 6 (max 6)
- age   1:     827192 bytes,     827192 total
- age   2:       6976 bytes,     834168 total
- age   3:      12744 bytes,     846912 total
- age   4:       4872 bytes,     851784 total
- age   5:      13536 bytes,     865320 total
- age   6:       1408 bytes,     866728 total
: 657650K->1749K(737280K), 0.0064520 secs] 1644023K->988130K(1761280K), 0.0065880 secs] [Times: user=0.05 sys=0.00, real=0.00 secs] 
299.905: [GC299.905: [ParNew
Desired survivor size 41943040 bytes, new threshold 6 (max 6)
- age   1:    1372032 bytes,    1372032 total
- age   2:      12328 bytes,    1384360 total
- age   3:       6856 bytes,    1391216 total
- age   4:      12744 bytes,    1403960 total
- age   5:       4872 bytes,    1408832 total
- age   6:      13536 bytes,    1422368 total
: 657109K->1603K(737280K), 0.0069530 secs] 1643490K->987987K(1761280K), 0.0070670 secs] [Times: user=0.05 sys=0.00, real=0.01 secs] 
300.151: [GC300.151: [ParNew
Desired survivor size 41943040 bytes, new threshold 6 (max 6)
- age   1:     925120 bytes,     925120 total
- age   2:       5568 bytes,     930688 total
- age   3:      12128 bytes,     942816 total
- age   4:       6736 bytes,     949552 total
- age   5:      12648 bytes,     962200 total
- age   6:       4872 bytes,     967072 total
: 656963K->1691K(737280K), 0.0070020 secs] 1643347K->988089K(1761280K), 0.0071430 secs] [Times: user=0.04 sys=0.00, real=0.01 secs] 
300.389: [GC300.389: [ParNew
Desired survivor size 41943040 bytes, new threshold 6 (max 6)
- age   1:    1353688 bytes,    1353688 total
- age   2:      14608 bytes,    1368296 total
- age   3:       5376 bytes,    1373672 total
- age   4:      12008 bytes,    1385680 total
- age   5:       6712 bytes,    1392392 total
- age   6:      12648 bytes,    1405040 total
: 657051K->1489K(737280K), 0.0076200 secs] 1643449K->987892K(1761280K), 0.0077960 secs] [Times: user=0.03 sys=0.00, real=0.01 secs] 
300.629: [GC300.629: [ParNew
Desired survivor size 41943040 bytes, new threshold 6 (max 6)
- age   1:    1170296 bytes,    1170296 total
- age   2:      13456 bytes,    1183752 total
- age   3:      14440 bytes,    1198192 total
- age   4:       5304 bytes,    1203496 total
- age   5:      11888 bytes,    1215384 total
- age   6:       6616 bytes,    1222000 total
: 656849K->1940K(737280K), 0.0068960 secs] 1643252K->988357K(1761280K), 0.0070370 secs] [Times: user=0.04 sys=0.00, real=0.01 secs] 
300.867: [GC300.867: [ParNew
Desired survivor size 41943040 bytes, new threshold 6 (max 6)
- age   1:    1012824 bytes,    1012824 total
- age   2:      12384 bytes,    1025208 total
- age   3:      13264 bytes,    1038472 total
- age   4:      14440 bytes,    1052912 total
- age   5:       5280 bytes,    1058192 total
- age   6:      11888 bytes,    1070080 total
: 657300K->1790K(737280K), 0.0067920 secs] 1643717K->988214K(1761280K), 0.0069610 secs] [Times: user=0.04 sys=0.00, real=0.01 secs] 
301.141: [GC301.141: [ParNew
Desired survivor size 41943040 bytes, new threshold 6 (max 6)
- age   1:    2272048 bytes,    2272048 total
- age   2:      18264 bytes,    2290312 total
- age   3:      12360 bytes,    2302672 total
- age   4:      13264 bytes,    2315936 total
- age   5:      14416 bytes,    2330352 total
- age   6:       5280 bytes,    2335632 total
: 657150K->2588K(737280K), 0.0075190 secs] 1643574K->989025K(1761280K), 0.0076520 secs] [Times: user=0.04 sys=0.00, real=0.01 secs] 
301.386: [GC301.386: [ParNew
Desired survivor size 41943040 bytes, new threshold 6 (max 6)
- age   1:    1274128 bytes,    1274128 total
- age   2:      13216 bytes,    1287344 total
- age   3:      18208 bytes,    1305552 total
- age   4:      12360 bytes,    1317912 total
- age   5:      13240 bytes,    1331152 total
- age   6:      14392 bytes,    1345544 total
: 657948K->1883K(737280K), 0.0071250 secs] 1644385K->988326K(1761280K), 0.0072480 secs] [Times: user=0.05 sys=0.00, real=0.01 secs] 
301.622: [GC301.622: [ParNew
Desired survivor size 41943040 bytes, new threshold 6 (max 6)
- age   1:    1116312 bytes,    1116312 total
- age   2:       2592 bytes,    1118904 total
- age   3:      12880 bytes,    1131784 total
- age   4:      17896 bytes,    1149680 total
- age   5:      12264 bytes,    1161944 total
- age   6:      13096 bytes,    1175040 total
: 657243K->1820K(737280K), 0.0075790 secs] 1643686K->988278K(1761280K), 0.0077230 secs] [Times: user=0.05 sys=0.00, real=0.00 secs] 
301.884: [GC301.884: [ParNew
Desired survivor size 41943040 bytes, new threshold 6 (max 6)
- age   1:    1139432 bytes,    1139432 total
- age   2:       7824 bytes,    1147256 total
- age   3:       2592 bytes,    1149848 total
- age   4:      12784 bytes,    1162632 total
- age   5:      17872 bytes,    1180504 total
- age   6:      12264 bytes,    1192768 total
: 657180K->1837K(737280K), 0.0135750 secs] 1643638K->988309K(1761280K), 0.0137650 secs] [Times: user=0.05 sys=0.00, real=0.01 secs] 
302.130: [GC302.130: [ParNew
Desired survivor size 41943040 bytes, new threshold 6 (max 6)
- age   1:    1719416 bytes,    1719416 total
- age   2:       5416 bytes,    1724832 total
- age   3:       7680 bytes,    1732512 total
- age   4:       2496 bytes,    1735008 total
- age   5:      12712 bytes,    1747720 total
- age   6:      17872 bytes,    1765592 total
: 657197K->2212K(737280K), 0.0068390 secs] 1643669K->988697K(1761280K), 0.0069920 secs] [Times: user=0.05 sys=0.01, real=0.01 secs] 
302.247: [CMS-concurrent-mark: 6.825/7.144 secs] [Times: user=53.43 sys=0.99, real=7.14 secs] 
302.247: [CMS-concurrent-preclean-start]
302.265: [CMS-concurrent-preclean: 0.016/0.018 secs] [Times: user=0.14 sys=0.00, real=0.02 secs] 
302.265: [CMS-concurrent-abortable-preclean-start]
302.365: [GC302.365: [ParNew
Desired survivor size 41943040 bytes, new threshold 6 (max 6)
- age   1:     595832 bytes,     595832 total
- age   2:       7720 bytes,     603552 total
- age   3:       5080 bytes,     608632 total
- age   4:       7608 bytes,     616240 total
- age   5:       2352 bytes,     618592 total
- age   6:      12640 bytes,     631232 total
: 657572K->1588K(737280K), 0.0062380 secs] 1644057K->988091K(1761280K), 0.0063870 secs] [Times: user=0.04 sys=0.00, real=0.00 secs] 
302.504: [CMS-concurrent-abortable-preclean: 0.230/0.239 secs] [Times: user=1.79 sys=0.03, real=0.24 secs] 
302.534: [GC[YG occupancy: 440632 K (737280 K)]302.534: [Rescan (parallel) , 0.1120960 secs]302.646: [weak refs processing, 0.0000290 secs]302.646: [scrub string table, 0.0009990 secs] [1 CMS-remark: 986503K(1024000K)] 1427136K(1761280K), 0.1132780 secs] [Times: user=0.85 sys=0.00, real=0.11 secs] 
302.648: [CMS-concurrent-sweep-start]
302.736: [GC302.736: [ParNew
Desired survivor size 41943040 bytes, new threshold 6 (max 6)
- age   1:    1234632 bytes,    1234632 total
- age   2:      18200 bytes,    1252832 total
- age   3:       7600 bytes,    1260432 total
- age   4:       4912 bytes,    1265344 total
- age   5:       7456 bytes,    1272800 total
- age   6:       2160 bytes,    1274960 total
: 656948K->1515K(737280K), 0.0068610 secs] 1643451K->988031K(1761280K), 0.0070400 secs] [Times: user=0.04 sys=0.01, real=0.01 secs] 
302.981: [GC302.981: [ParNew
Desired survivor size 41943040 bytes, new threshold 6 (max 6)
- age   1:     808616 bytes,     808616 total
- age   2:      16152 bytes,     824768 total
- age   3:      18128 bytes,     842896 total
- age   4:       7600 bytes,     850496 total
- age   5:       4912 bytes,     855408 total
- age   6:       7456 bytes,     862864 total
: 656875K->1473K(737280K), 0.0064290 secs] 1643391K->987992K(1761280K), 0.0065400 secs] [Times: user=0.04 sys=0.00, real=0.01 secs] 
303.206: [GC303.207: [ParNew
Desired survivor size 41943040 bytes, new threshold 6 (max 6)
- age   1:     309688 bytes,     309688 total
- age   2:      14712 bytes,     324400 total
- age   3:      16008 bytes,     340408 total
- age   4:      17984 bytes,     358392 total
- age   5:       7576 bytes,     365968 total
- age   6:       4912 bytes,     370880 total
: 656833K->802K(737280K), 0.0062000 secs] 1643352K->987330K(1761280K), 0.0063220 secs] [Times: user=0.04 sys=0.00, real=0.01 secs] 
303.458: [GC303.459: [ParNew
Desired survivor size 41943040 bytes, new threshold 6 (max 6)
- age   1:     974904 bytes,     974904 total
- age   2:       6760 bytes,     981664 total
- age   3:      14544 bytes,     996208 total
- age   4:      15888 bytes,    1012096 total
- age   5:      17864 bytes,    1029960 total
- age   6:       7504 bytes,    1037464 total
: 656162K->1162K(737280K), 0.0064100 secs] 1642690K->987695K(1761280K), 0.0065400 secs] [Times: user=0.04 sys=0.00, real=0.01 secs] 
303.717: [GC303.717: [ParNew
Desired survivor size 41943040 bytes, new threshold 6 (max 6)
- age   1:     957032 bytes,     957032 total
- age   2:      18416 bytes,     975448 total
- age   3:       6736 bytes,     982184 total
- age   4:      14544 bytes,     996728 total
- age   5:      15936 bytes,    1012664 total
- age   6:      17864 bytes,    1030528 total
: 656522K->1660K(737280K), 0.0071500 secs] 1643055K->988201K(1761280K), 0.0073010 secs] [Times: user=0.05 sys=0.00, real=0.01 secs] 
303.965: [GC303.965: [ParNew
Desired survivor size 41943040 bytes, new threshold 6 (max 6)
- age   1:    2500840 bytes,    2500840 total
- age   2:      10480 bytes,    2511320 total
- age   3:      18296 bytes,    2529616 total
- age   4:       6688 bytes,    2536304 total
- age   5:      14520 bytes,    2550824 total
- age   6:      15888 bytes,    2566712 total
: 657020K->3007K(737280K), 0.0082850 secs] 1643561K->989566K(1761280K), 0.0084290 secs] [Times: user=0.06 sys=0.00, real=0.01 secs] 
304.158: [CMS-concurrent-sweep: 1.458/1.510 secs] [Times: user=11.27 sys=0.23, real=1.51 secs] 
304.175: [CMS-concurrent-reset-start]
304.205: [GC304.205: [ParNew
Desired survivor size 41943040 bytes, new threshold 6 (max 6)
- age   1:     634800 bytes,     634800 total
- age   2:       8328 bytes,     643128 total
- age   3:      10288 bytes,     653416 total
- age   4:      18176 bytes,     671592 total
- age   5:       6568 bytes,     678160 total
- age   6:      14472 bytes,     692632 total
: 658367K->2120K(737280K), 0.0063250 secs] 1644886K->988656K(1761280K), 0.0064900 secs] [Times: user=0.04 sys=0.00, real=0.00 secs] 
304.229: [CMS-concurrent-reset: 0.046/0.054 secs] [Times: user=0.39 sys=0.01, real=0.05 secs] 
304.427: [GC304.427: [ParNew
Desired survivor size 41943040 bytes, new threshold 6 (max 6)
- age   1:    2036872 bytes,    2036872 total
- age   2:      16848 bytes,    2053720 total
- age   3:       8136 bytes,    2061856 total
- age   4:      10120 bytes,    2071976 total
- age   5:      17840 bytes,    2089816 total
- age   6:       6496 bytes,    2096312 total
: 657480K->2359K(737280K), 0.0076740 secs] 1644016K->988911K(1761280K), 0.0078180 secs] [Times: user=0.05 sys=0.00, real=0.01 secs] 
304.435: [GC [1 CMS-initial-mark: 986551K(1024000K)] 990417K(1761280K), 0.0065930 secs] [Times: user=0.01 sys=0.00, real=0.01 secs] 
304.442: [CMS-concurrent-mark-start]
304.689: [GC304.689: [ParNew
Desired survivor size 41943040 bytes, new threshold 6 (max 6)
- age   1:     930248 bytes,     930248 total
- age   2:      16432 bytes,     946680 total
- age   3:      16848 bytes,     963528 total
- age   4:       8136 bytes,     971664 total
- age   5:      10120 bytes,     981784 total
- age   6:      17840 bytes,     999624 total
: 657719K->1710K(737280K), 0.0067000 secs] 1644271K->988268K(1761280K), 0.0068300 secs] [Times: user=0.05 sys=0.00, real=0.01 secs] 
304.955: [GC304.955: [ParNew
Desired survivor size 41943040 bytes, new threshold 6 (max 6)
- age   1:     982912 bytes,     982912 total
- age   2:       3352 bytes,     986264 total
- age   3:      16216 bytes,    1002480 total
- age   4:      16704 bytes,    1019184 total
- age   5:       8008 bytes,    1027192 total
- age   6:      10024 bytes,    1037216 total
: 657070K->1587K(737280K), 0.0063990 secs] 1643628K->988164K(1761280K), 0.0065330 secs] [Times: user=0.05 sys=0.00, real=0.01 secs] 
305.210: [GC305.210: [ParNew
Desired survivor size 41943040 bytes, new threshold 6 (max 6)
- age   1:     721232 bytes,     721232 total
- age   2:      13712 bytes,     734944 total
- age   3:       3280 bytes,     738224 total
- age   4:      16192 bytes,     754416 total
- age   5:      16680 bytes,     771096 total
- age   6:       8008 bytes,     779104 total
: 656947K->1437K(737280K), 0.0066340 secs] 1643524K->988024K(1761280K), 0.0067490 secs] [Times: user=0.04 sys=0.00, real=0.01 secs] 
305.468: [GC305.468: [ParNew
Desired survivor size 41943040 bytes, new threshold 6 (max 6)
- age   1:     302824 bytes,     302824 total
- age   2:       1728 bytes,     304552 total
- age   3:      13296 bytes,     317848 total
- age   4:       2992 bytes,     320840 total
- age   5:      15952 bytes,     336792 total
- age   6:      16656 bytes,     353448 total
: 656797K->590K(737280K), 0.0070280 secs] 1643384K->987186K(1761280K), 0.0072090 secs] [Times: user=0.04 sys=0.00, real=0.01 secs] 
305.744: [GC305.744: [ParNew
Desired survivor size 41943040 bytes, new threshold 6 (max 6)
- age   1:    2259120 bytes,    2259120 total
- age   2:      16480 bytes,    2275600 total
- age   3:       1704 bytes,    2277304 total
- age   4:      13296 bytes,    2290600 total
- age   5:       2992 bytes,    2293592 total
- age   6:      15952 bytes,    2309544 total
: 655950K->2410K(737280K), 0.0076220 secs] 1642546K->989024K(1761280K), 0.0078000 secs] [Times: user=0.05 sys=0.00, real=0.00 secs] 
306.007: [GC306.007: [ParNew
Desired survivor size 41943040 bytes, new threshold 6 (max 6)
- age   1:    2365768 bytes,    2365768 total
- age   2:       4808 bytes,    2370576 total
- age   3:      16184 bytes,    2386760 total
- age   4:       1464 bytes,    2388224 total
- age   5:      13224 bytes,    2401448 total
- age   6:       2992 bytes,    2404440 total
: 657770K->3293K(737280K), 0.0077090 secs] 1644384K->989925K(1761280K), 0.0078400 secs] [Times: user=0.05 sys=0.01, real=0.01 secs] 
306.250: [GC306.250: [ParNew
Desired survivor size 41943040 bytes, new threshold 6 (max 6)
- age   1:     703160 bytes,     703160 total
- age   2:      12408 bytes,     715568 total
- age   3:       4496 bytes,     720064 total
- age   4:      16040 bytes,     736104 total
- age   5:       1272 bytes,     737376 total
- age   6:      13104 bytes,     750480 total
: 658653K->2200K(737280K), 0.0064650 secs] 1645285K->988835K(1761280K), 0.0066000 secs] [Times: user=0.05 sys=0.00, real=0.01 secs] 
306.493: [GC306.493: [ParNew
Desired survivor size 41943040 bytes, new threshold 6 (max 6)
- age   1:    1071032 bytes,    1071032 total
- age   2:      18296 bytes,    1089328 total
- age   3:      12288 bytes,    1101616 total
- age   4:       4320 bytes,    1105936 total
- age   5:      15872 bytes,    1121808 total
- age   6:       1152 bytes,    1122960 total
: 657560K->1466K(737280K), 0.0066420 secs] 1644195K->988116K(1761280K), 0.0068050 secs] [Times: user=0.04 sys=0.00, real=0.01 secs] 
306.730: [GC306.730: [ParNew
Desired survivor size 41943040 bytes, new threshold 6 (max 6)
- age   1:    3242864 bytes,    3242864 total
- age   2:      22616 bytes,    3265480 total
- age   3:      18200 bytes,    3283680 total
- age   4:      12216 bytes,    3295896 total
- age   5:       4248 bytes,    3300144 total
- age   6:      15848 bytes,    3315992 total
: 656826K->3646K(737280K), 0.0084730 secs] 1643476K->990297K(1761280K), 0.0086170 secs] [Times: user=0.05 sys=0.00, real=0.01 secs] 
306.995: [GC306.995: [ParNew
Desired survivor size 41943040 bytes, new threshold 6 (max 6)
- age   1:     623496 bytes,     623496 total
- age   2:      13360 bytes,     636856 total
- age   3:      21792 bytes,     658648 total
- age   4:      18080 bytes,     676728 total
- age   5:      12216 bytes,     688944 total
- age   6:       4248 bytes,     693192 total
: 659006K->2680K(737280K), 0.0065900 secs] 1645657K->989348K(1761280K), 0.0067640 secs] [Times: user=0.04 sys=0.01, real=0.00 secs] 
307.233: [GC307.233: [ParNew
Desired survivor size 41943040 bytes, new threshold 6 (max 6)
- age   1:    2313024 bytes,    2313024 total
- age   2:      16488 bytes,    2329512 total
- age   3:      13240 bytes,    2342752 total
- age   4:      21792 bytes,    2364544 total
- age   5:      18056 bytes,    2382600 total
- age   6:      12216 bytes,    2394816 total
: 658040K->2727K(737280K), 0.0081620 secs] 1644708K->989400K(1761280K), 0.0083190 secs] [Times: user=0.05 sys=0.00, real=0.00 secs] 
307.457: [GC307.457: [ParNew
Desired survivor size 41943040 bytes, new threshold 6 (max 6)
- age   1:    1027016 bytes,    1027016 total
- age   2:      11008 bytes,    1038024 total
- age   3:      16224 bytes,    1054248 total
- age   4:      13096 bytes,    1067344 total
- age   5:      21720 bytes,    1089064 total
- age   6:      18032 bytes,    1107096 total
: 658087K->1963K(737280K), 0.0067620 secs] 1644760K->988650K(1761280K), 0.0069560 secs] [Times: user=0.04 sys=0.01, real=0.01 secs] 
307.687: [GC307.687: [ParNew
Desired survivor size 41943040 bytes, new threshold 6 (max 6)
- age   1:    1370040 bytes,    1370040 total
- age   2:      11600 bytes,    1381640 total
- age   3:      10816 bytes,    1392456 total
- age   4:      16128 bytes,    1408584 total
- age   5:      13096 bytes,    1421680 total
- age   6:      21720 bytes,    1443400 total
: 657323K->1904K(737280K), 0.0067560 secs] 1644010K->988610K(1761280K), 0.0069160 secs] [Times: user=0.04 sys=0.00, real=0.01 secs] 
307.920: [GC307.920: [ParNew
Desired survivor size 41943040 bytes, new threshold 6 (max 6)
- age   1:    2500688 bytes,    2500688 total
- age   2:       6792 bytes,    2507480 total
- age   3:      11600 bytes,    2519080 total
- age   4:      10816 bytes,    2529896 total
- age   5:      16128 bytes,    2546024 total
- age   6:      13096 bytes,    2559120 total
: 657264K->3043K(737280K), 0.0080510 secs] 1643970K->989771K(1761280K), 0.0082200 secs] [Times: user=0.06 sys=0.00, real=0.01 secs] 
308.147: [GC308.147: [ParNew
Desired survivor size 41943040 bytes, new threshold 6 (max 6)
- age   1:    2003408 bytes,    2003408 total
- age   2:       2032 bytes,    2005440 total
- age   3:       6360 bytes,    2011800 total
- age   4:      11240 bytes,    2023040 total
- age   5:      10768 bytes,    2033808 total
- age   6:      16128 bytes,    2049936 total
: 658403K->3017K(737280K), 0.0071380 secs] 1645131K->989759K(1761280K), 0.0073010 secs] [Times: user=0.05 sys=0.00, real=0.01 secs] 
308.389: [GC308.389: [ParNew
Desired survivor size 41943040 bytes, new threshold 6 (max 6)
- age   1:     958120 bytes,     958120 total
- age   2:       5080 bytes,     963200 total
- age   3:       1528 bytes,     964728 total
- age   4:       6072 bytes,     970800 total
- age   5:      11000 bytes,     981800 total
- age   6:      10720 bytes,     992520 total
: 658377K->2562K(737280K), 0.0073970 secs] 1645119K->989321K(1761280K), 0.0075800 secs] [Times: user=0.04 sys=0.00, real=0.01 secs] 
308.631: [GC308.631: [ParNew
Desired survivor size 41943040 bytes, new threshold 6 (max 6)
- age   1:     859256 bytes,     859256 total
- age   2:      13472 bytes,     872728 total
- age   3:       4792 bytes,     877520 total
- age   4:       1360 bytes,     878880 total
- age   5:       6024 bytes,     884904 total
- age   6:      10784 bytes,     895688 total
: 657922K->1132K(737280K), 0.0063880 secs] 1644681K->987902K(1761280K), 0.0065160 secs] [Times: user=0.04 sys=0.00, real=0.01 secs] 
308.882: [GC308.883: [ParNew
Desired survivor size 41943040 bytes, new threshold 6 (max 6)
- age   1:      78392 bytes,      78392 total
- age   2:       5992 bytes,      84384 total
- age   3:      13400 bytes,      97784 total
- age   4:       4768 bytes,     102552 total
- age   5:       1360 bytes,     103912 total
- age   6:       6024 bytes,     109936 total
: 656492K->844K(737280K), 0.0123740 secs] 1643262K->987626K(1761280K), 0.0125790 secs] [Times: user=0.05 sys=0.00, real=0.02 secs] 
309.134: [GC309.134: [ParNew
Desired survivor size 41943040 bytes, new threshold 6 (max 6)
- age   1:    1156864 bytes,    1156864 total
- age   2:       5232 bytes,    1162096 total
- age   3:       5872 bytes,    1167968 total
- age   4:      13376 bytes,    1181344 total
- age   5:       4768 bytes,    1186112 total
- age   6:       1360 bytes,    1187472 total
: 656204K->1243K(737280K), 0.0070020 secs] 1642986K->988032K(1761280K), 0.0071560 secs] [Times: user=0.05 sys=0.00, real=0.00 secs] 
309.362: [GC309.362: [ParNew
Desired survivor size 41943040 bytes, new threshold 6 (max 6)
- age   1:     861040 bytes,     861040 total
- age   2:      12416 bytes,     873456 total
- age   3:       5064 bytes,     878520 total
- age   4:       5728 bytes,     884248 total
- age   5:      13328 bytes,     897576 total
- age   6:       4768 bytes,     902344 total
: 656603K->1507K(737280K), 0.0067590 secs] 1643392K->988298K(1761280K), 0.0069470 secs] [Times: user=0.05 sys=0.00, real=0.01 secs] 
309.599: [GC309.599: [ParNew
Desired survivor size 41943040 bytes, new threshold 6 (max 6)
- age   1:    1953920 bytes,    1953920 total
- age   2:      14488 bytes,    1968408 total
- age   3:      12392 bytes,    1980800 total
- age   4:       5064 bytes,    1985864 total
- age   5:       5704 bytes,    1991568 total
- age   6:      13328 bytes,    2004896 total
: 656867K->2249K(737280K), 0.0073200 secs] 1643658K->989045K(1761280K), 0.0074600 secs] [Times: user=0.04 sys=0.00, real=0.01 secs] 
309.836: [GC309.836: [ParNew
Desired survivor size 41943040 bytes, new threshold 6 (max 6)
- age   1:     891216 bytes,     891216 total
- age   2:       5600 bytes,     896816 total
- age   3:      14056 bytes,     910872 total
- age   4:      12080 bytes,     922952 total
- age   5:       4920 bytes,     927872 total
- age   6:       5320 bytes,     933192 total
: 657609K->1810K(737280K), 0.0064270 secs] 1644405K->988620K(1761280K), 0.0065630 secs] [Times: user=0.05 sys=0.00, real=0.00 secs] 
310.075: [GC310.076: [ParNew
Desired survivor size 41943040 bytes, new threshold 6 (max 6)
- age   1:     696432 bytes,     696432 total
- age   2:      22256 bytes,     718688 total
- age   3:       5576 bytes,     724264 total
- age   4:      14056 bytes,     738320 total
- age   5:      12080 bytes,     750400 total
- age   6:       4920 bytes,     755320 total
: 657170K->1116K(737280K), 0.0069040 secs] 1643980K->987932K(1761280K), 0.0070500 secs] [Times: user=0.04 sys=0.00, real=0.00 secs] 
310.294: [GC310.294: [ParNew
Desired survivor size 41943040 bytes, new threshold 6 (max 6)
- age   1:    1960760 bytes,    1960760 total
- age   2:       6144 bytes,    1966904 total
- age   3:      22064 bytes,    1988968 total
- age   4:       5552 bytes,    1994520 total
- age   5:      14032 bytes,    2008552 total
- age   6:      12080 bytes,    2020632 total
: 656476K->2402K(737280K), 0.0074980 secs] 1643292K->989224K(1761280K), 0.0076270 secs] [Times: user=0.05 sys=0.00, real=0.00 secs] 
310.565: [GC310.565: [ParNew
Desired survivor size 41943040 bytes, new threshold 6 (max 6)
- age   1:     699560 bytes,     699560 total
- age   2:       6240 bytes,     705800 total
- age   3:       5808 bytes,     711608 total
- age   4:      21824 bytes,     733432 total
- age   5:       5528 bytes,     738960 total
- age   6:      14032 bytes,     752992 total
: 657762K->1665K(737280K), 0.0063440 secs] 1644584K->988499K(1761280K), 0.0064720 secs] [Times: user=0.04 sys=0.00, real=0.00 secs] 
310.787: [GC310.788: [ParNew
Desired survivor size 41943040 bytes, new threshold 6 (max 6)
- age   1:    2414344 bytes,    2414344 total
- age   2:      10280 bytes,    2424624 total
- age   3:       6240 bytes,    2430864 total
- age   4:       5808 bytes,    2436672 total
- age   5:      21824 bytes,    2458496 total
- age   6:       5528 bytes,    2464024 total
: 657025K->2767K(737280K), 0.0077080 secs] 1643859K->989616K(1761280K), 0.0078400 secs] [Times: user=0.04 sys=0.00, real=0.01 secs] 
311.030: [GC311.030: [ParNew
Desired survivor size 41943040 bytes, new threshold 6 (max 6)
- age   1:    1587136 bytes,    1587136 total
- age   2:       1128 bytes,    1588264 total
- age   3:       9992 bytes,    1598256 total
- age   4:       6024 bytes,    1604280 total
- age   5:       5568 bytes,    1609848 total
- age   6:      21560 bytes,    1631408 total
: 658127K->2472K(737280K), 0.0071270 secs] 1644976K->989327K(1761280K), 0.0072610 secs] [Times: user=0.05 sys=0.00, real=0.01 secs] 
311.271: [GC311.271: [ParNew
Desired survivor size 41943040 bytes, new threshold 6 (max 6)
- age   1:    1054200 bytes,    1054200 total
- age   2:      15752 bytes,    1069952 total
- age   3:       1104 bytes,    1071056 total
- age   4:       9992 bytes,    1081048 total
- age   5:       6000 bytes,    1087048 total
- age   6:       5568 bytes,    1092616 total
: 657832K->1689K(737280K), 0.0067100 secs] 1644687K->988567K(1761280K), 0.0068530 secs] [Times: user=0.05 sys=0.00, real=0.01 secs] 
311.507: [GC311.507: [ParNew
Desired survivor size 41943040 bytes, new threshold 6 (max 6)
- age   1:     702024 bytes,     702024 total
- age   2:       1280 bytes,     703304 total
- age   3:      15656 bytes,     718960 total
- age   4:        888 bytes,     719848 total
- age   5:       9888 bytes,     729736 total
- age   6:       6000 bytes,     735736 total
: 657049K->1528K(737280K), 0.0067390 secs] 1643927K->988412K(1761280K), 0.0068460 secs] [Times: user=0.04 sys=0.00, real=0.01 secs] 
311.728: [CMS-concurrent-mark: 7.019/7.286 secs] [Times: user=54.30 sys=1.04, real=7.28 secs] 
311.729: [GC311.729: [ParNew
Desired survivor size 41943040 bytes, new threshold 6 (max 6)
- age   1:    1844856 bytes,    1844856 total
- age   2:       6712 bytes,    1851568 total
- age   3:       1280 bytes,    1852848 total
- age   4:      15656 bytes,    1868504 total
- age   5:        888 bytes,    1869392 total
- age   6:       9888 bytes,    1879280 total
: 656888K->2084K(737280K), 0.0073040 secs] 1643772K->988975K(1761280K), 0.0074110 secs] [Times: user=0.04 sys=0.00, real=0.01 secs] 
311.737: [CMS-concurrent-preclean-start]
311.754: [CMS-concurrent-preclean: 0.016/0.018 secs] [Times: user=0.14 sys=0.01, real=0.02 secs] 
311.755: [CMS-concurrent-abortable-preclean-start]
311.910: [CMS-concurrent-abortable-preclean: 0.155/0.155 secs] [Times: user=1.14 sys=0.02, real=0.15 secs] 
311.911: [GC[YG occupancy: 493077 K (737280 K)]311.911: [Rescan (parallel) , 0.2478990 secs]312.159: [weak refs processing, 0.0000300 secs]312.159: [scrub string table, 0.0013840 secs] [1 CMS-remark: 986890K(1024000K)] 1479968K(1761280K), 0.2495020 secs] [Times: user=1.17 sys=0.00, real=0.25 secs] 
312.161: [CMS-concurrent-sweep-start]
312.363: [GC312.363: [ParNew
Desired survivor size 41943040 bytes, new threshold 6 (max 6)
- age   1:    1806784 bytes,    1806784 total
- age   2:     391928 bytes,    2198712 total
- age   3:       6400 bytes,    2205112 total
- age   4:       1064 bytes,    2206176 total
- age   5:      15440 bytes,    2221616 total
- age   6:        792 bytes,    2222408 total
: 657444K->2660K(737280K), 0.0139430 secs] 1644333K->989560K(1761280K), 0.0141200 secs] [Times: user=0.07 sys=0.00, real=0.02 secs] 
312.637: [GC312.637: [ParNew
Desired survivor size 41943040 bytes, new threshold 6 (max 6)
- age   1:     422568 bytes,     422568 total
- age   2:       8248 bytes,     430816 total
- age   3:       6960 bytes,     437776 total
- age   4:       6352 bytes,     444128 total
- age   5:        992 bytes,     445120 total
- age   6:      15368 bytes,     460488 total
: 658020K->2007K(737280K), 0.0063090 secs] 1644920K->988908K(1761280K), 0.0064330 secs] [Times: user=0.04 sys=0.01, real=0.00 secs] 
312.923: [GC312.923: [ParNew
Desired survivor size 41943040 bytes, new threshold 6 (max 6)
- age   1:    1256488 bytes,    1256488 total
- age   2:       5992 bytes,    1262480 total
- age   3:       8008 bytes,    1270488 total
- age   4:       6840 bytes,    1277328 total
- age   5:       6304 bytes,    1283632 total
- age   6:        968 bytes,    1284600 total
: 657367K->1467K(737280K), 0.0068220 secs] 1644268K->988383K(1761280K), 0.0069620 secs] [Times: user=0.04 sys=0.00, real=0.01 secs] 
313.169: [GC313.169: [ParNew
Desired survivor size 41943040 bytes, new threshold 6 (max 6)
- age   1:    1582608 bytes,    1582608 total
- age   2:      11472 bytes,    1594080 total
- age   3:       5704 bytes,    1599784 total
- age   4:       7768 bytes,    1607552 total
- age   5:       6816 bytes,    1614368 total
- age   6:       6304 bytes,    1620672 total
: 656827K->2040K(737280K), 0.0067920 secs] 1643743K->988958K(1761280K), 0.0069520 secs] [Times: user=0.05 sys=0.00, real=0.01 secs] 
313.409: [GC313.409: [ParNew
Desired survivor size 41943040 bytes, new threshold 6 (max 6)
- age   1:     168232 bytes,     168232 total
- age   2:       9808 bytes,     178040 total
- age   3:      11352 bytes,     189392 total
- age   4:       5656 bytes,     195048 total
- age   5:       7744 bytes,     202792 total
- age   6:       6816 bytes,     209608 total
: 657400K->1459K(737280K), 0.0065160 secs] 1644318K->988383K(1761280K), 0.0067350 secs] [Times: user=0.04 sys=0.00, real=0.01 secs] 
313.538: [CMS-concurrent-sweep: 1.295/1.377 secs] [Times: user=9.18 sys=0.22, real=1.38 secs] 
313.539: [CMS-concurrent-reset-start]
313.598: [CMS-concurrent-reset: 0.060/0.060 secs] [Times: user=0.47 sys=0.00, real=0.06 secs] 
313.642: [GC313.642: [ParNew
Desired survivor size 41943040 bytes, new threshold 6 (max 6)
- age   1:    1661880 bytes,    1661880 total
- age   2:       8720 bytes,    1670600 total
- age   3:       9592 bytes,    1680192 total
- age   4:      11088 bytes,    1691280 total
- age   5:       5392 bytes,    1696672 total
- age   6:       7552 bytes,    1704224 total
: 656819K->1864K(737280K), 0.0069970 secs] 1643700K->988753K(1761280K), 0.0071490 secs] [Times: user=0.04 sys=0.00, real=0.01 secs] 
313.650: [GC [1 CMS-initial-mark: 986888K(1024000K)] 990521K(1761280K), 0.0063820 secs] [Times: user=0.01 sys=0.00, real=0.01 secs] 
313.656: [CMS-concurrent-mark-start]
313.903: [GC313.903: [ParNew
Desired survivor size 41943040 bytes, new threshold 6 (max 6)
- age   1:     661104 bytes,     661104 total
- age   2:      16328 bytes,     677432 total
- age   3:       8576 bytes,     686008 total
- age   4:       9616 bytes,     695624 total
- age   5:      11088 bytes,     706712 total
- age   6:       5392 bytes,     712104 total
: 657224K->1349K(737280K), 0.0066270 secs] 1644113K->988245K(1761280K), 0.0067830 secs] [Times: user=0.04 sys=0.00, real=0.01 secs] 
314.152: [GC314.152: [ParNew
Desired survivor size 41943040 bytes, new threshold 6 (max 6)
- age   1:    2169832 bytes,    2169832 total
- age   2:       2672 bytes,    2172504 total
- age   3:      16152 bytes,    2188656 total
- age   4:       8552 bytes,    2197208 total
- age   5:       9568 bytes,    2206776 total
- age   6:      11088 bytes,    2217864 total
: 656709K->2466K(737280K), 0.0078080 secs] 1643605K->989369K(1761280K), 0.0079600 secs] [Times: user=0.06 sys=0.01, real=0.01 secs] 
314.390: [GC314.390: [ParNew
Desired survivor size 41943040 bytes, new threshold 6 (max 6)
- age   1:    1486880 bytes,    1486880 total
- age   2:      12336 bytes,    1499216 total
- age   3:       2528 bytes,    1501744 total
- age   4:      16056 bytes,    1517800 total
- age   5:       8432 bytes,    1526232 total
- age   6:       9568 bytes,    1535800 total
: 657826K->2217K(737280K), 0.0071850 secs] 1644729K->989131K(1761280K), 0.0073730 secs] [Times: user=0.05 sys=0.00, real=0.01 secs] 
314.617: [GC314.617: [ParNew
Desired survivor size 41943040 bytes, new threshold 6 (max 6)
- age   1:    1614696 bytes,    1614696 total
- age   2:       8896 bytes,    1623592 total
- age   3:      12216 bytes,    1635808 total
- age   4:       2456 bytes,    1638264 total
- age   5:      15960 bytes,    1654224 total
- age   6:       8312 bytes,    1662536 total
: 657577K->2548K(737280K), 0.0069160 secs] 1644491K->989473K(1761280K), 0.0070590 secs] [Times: user=0.04 sys=0.00, real=0.01 secs] 
314.865: [GC314.865: [ParNew
Desired survivor size 41943040 bytes, new threshold 6 (max 6)
- age   1:     700952 bytes,     700952 total
- age   2:       6000 bytes,     706952 total
- age   3:       8752 bytes,     715704 total
- age   4:      12096 bytes,     727800 total
- age   5:       2432 bytes,     730232 total
- age   6:      15960 bytes,     746192 total
: 657908K->1609K(737280K), 0.0068430 secs] 1644833K->988542K(1761280K), 0.0070050 secs] [Times: user=0.03 sys=0.01, real=0.00 secs] 
315.121: [GC315.121: [ParNew
Desired survivor size 41943040 bytes, new threshold 6 (max 6)
- age   1:     472384 bytes,     472384 total
- age   2:      14632 bytes,     487016 total
- age   3:       5880 bytes,     492896 total
- age   4:       8704 bytes,     501600 total
- age   5:      12096 bytes,     513696 total
- age   6:       2432 bytes,     516128 total
: 656969K->929K(737280K), 0.0079880 secs] 1643902K->987878K(1761280K), 0.0081430 secs] [Times: user=0.06 sys=0.00, real=0.01 secs] 
315.355: [GC315.355: [ParNew
Desired survivor size 41943040 bytes, new threshold 6 (max 6)
- age   1:    1293024 bytes,    1293024 total
- age   2:      16928 bytes,    1309952 total
- age   3:      14560 bytes,    1324512 total
- age   4:       5760 bytes,    1330272 total
- age   5:       8504 bytes,    1338776 total
- age   6:      11856 bytes,    1350632 total
: 656289K->1521K(737280K), 0.0067540 secs] 1643238K->988474K(1761280K), 0.0069450 secs] [Times: user=0.04 sys=0.01, real=0.00 secs] 
315.611: [GC315.611: [ParNew
Desired survivor size 41943040 bytes, new threshold 6 (max 6)
- age   1:     804152 bytes,     804152 total
- age   2:      15024 bytes,     819176 total
- age   3:      16424 bytes,     835600 total
- age   4:      14384 bytes,     849984 total
- age   5:       5592 bytes,     855576 total
- age   6:       8360 bytes,     863936 total
: 656881K->1618K(737280K), 0.0065080 secs] 1643834K->988583K(1761280K), 0.0066490 secs] [Times: user=0.04 sys=0.01, real=0.01 secs] 
315.854: [GC315.854: [ParNew
Desired survivor size 41943040 bytes, new threshold 6 (max 6)
- age   1:    1975752 bytes,    1975752 total
- age   2:      17520 bytes,    1993272 total
- age   3:      15000 bytes,    2008272 total
- age   4:      16424 bytes,    2024696 total
- age   5:      14384 bytes,    2039080 total
- age   6:       5592 bytes,    2044672 total
: 656978K->2344K(737280K), 0.0074400 secs] 1643943K->989318K(1761280K), 0.0076010 secs] [Times: user=0.05 sys=0.00, real=0.00 secs] 
316.097: [GC316.097: [ParNew
Desired survivor size 41943040 bytes, new threshold 6 (max 6)
- age   1:     773376 bytes,     773376 total
- age   2:       7672 bytes,     781048 total
- age   3:      15288 bytes,     796336 total
- age   4:      14784 bytes,     811120 total
- age   5:      16352 bytes,     827472 total
- age   6:      14384 bytes,     841856 total
: 657704K->1644K(737280K), 0.0067730 secs] 1644678K->988624K(1761280K), 0.0069200 secs] [Times: user=0.04 sys=0.00, real=0.01 secs] 
316.355: [GC316.355: [ParNew
Desired survivor size 41943040 bytes, new threshold 6 (max 6)
- age   1:    3062376 bytes,    3062376 total
- age   2:      33984 bytes,    3096360 total
- age   3:       7528 bytes,    3103888 total
- age   4:      15288 bytes,    3119176 total
- age   5:      14728 bytes,    3133904 total
- age   6:      16352 bytes,    3150256 total
: 657004K->3326K(737280K), 0.0083440 secs] 1643984K->990322K(1761280K), 0.0084910 secs] [Times: user=0.05 sys=0.00, real=0.01 secs] 
316.603: [GC316.603: [ParNew
Desired survivor size 41943040 bytes, new threshold 6 (max 6)
- age   1:     937704 bytes,     937704 total
- age   2:       6024 bytes,     943728 total
- age   3:      33960 bytes,     977688 total
- age   4:       7528 bytes,     985216 total
- age   5:      15232 bytes,    1000448 total
- age   6:      14728 bytes,    1015176 total
: 658686K->2487K(737280K), 0.0069480 secs] 1645682K->989500K(1761280K), 0.0071190 secs] [Times: user=0.05 sys=0.00, real=0.01 secs] 
316.855: [GC316.855: [ParNew
Desired survivor size 41943040 bytes, new threshold 6 (max 6)
- age   1:    1807320 bytes,    1807320 total
- age   2:       4776 bytes,    1812096 total
- age   3:       5712 bytes,    1817808 total
- age   4:      33840 bytes,    1851648 total
- age   5:       7456 bytes,    1859104 total
- age   6:      15160 bytes,    1874264 total
: 657847K->2391K(737280K), 0.0080290 secs] 1644860K->989420K(1761280K), 0.0081730 secs] [Times: user=0.05 sys=0.00, real=0.00 secs] 
317.104: [GC317.104: [ParNew
Desired survivor size 41943040 bytes, new threshold 6 (max 6)
- age   1:    1557896 bytes,    1557896 total
- age   2:       3584 bytes,    1561480 total
- age   3:       4752 bytes,    1566232 total
- age   4:       5712 bytes,    1571944 total
- age   5:      33840 bytes,    1605784 total
- age   6:       7456 bytes,    1613240 total
: 657751K->2385K(737280K), 0.0069870 secs] 1644780K->989430K(1761280K), 0.0071380 secs] [Times: user=0.06 sys=0.00, real=0.00 secs] 
317.350: [GC317.350: [ParNew
Desired survivor size 41943040 bytes, new threshold 6 (max 6)
- age   1:    1554344 bytes,    1554344 total
- age   2:       7240 bytes,    1561584 total
- age   3:       3392 bytes,    1564976 total
- age   4:       4584 bytes,    1569560 total
- age   5:       5544 bytes,    1575104 total
- age   6:      33768 bytes,    1608872 total
: 657745K->2368K(737280K), 0.0077380 secs] 1644790K->989421K(1761280K), 0.0079060 secs] [Times: user=0.05 sys=0.00, real=0.01 secs] 
317.612: [GC317.613: [ParNew
Desired survivor size 41943040 bytes, new threshold 6 (max 6)
- age   1:     379088 bytes,     379088 total
- age   2:      17592 bytes,     396680 total
- age   3:       6832 bytes,     403512 total
- age   4:       3080 bytes,     406592 total
- age   5:       4344 bytes,     410936 total
- age   6:       5352 bytes,     416288 total
: 657728K->1573K(737280K), 0.0065550 secs] 1644781K->988660K(1761280K), 0.0066960 secs] [Times: user=0.04 sys=0.00, real=0.01 secs] 
317.893: [GC317.894: [ParNew
Desired survivor size 41943040 bytes, new threshold 6 (max 6)
- age   1:    1038104 bytes,    1038104 total
- age   2:      17752 bytes,    1055856 total
- age   3:      17448 bytes,    1073304 total
- age   4:       6592 bytes,    1079896 total
- age   5:       2936 bytes,    1082832 total
- age   6:       4192 bytes,    1087024 total
: 656933K->1299K(737280K), 0.0072780 secs] 1644020K->988392K(1761280K), 0.0074790 secs] [Times: user=0.04 sys=0.00, real=0.01 secs] 
318.123: [GC318.123: [ParNew
Desired survivor size 41943040 bytes, new threshold 6 (max 6)
- age   1:    2945520 bytes,    2945520 total
- age   2:     469200 bytes,    3414720 total
- age   3:      17536 bytes,    3432256 total
- age   4:      17328 bytes,    3449584 total
- age   5:       6592 bytes,    3456176 total
- age   6:       2936 bytes,    3459112 total
: 656659K->3909K(737280K), 0.0093580 secs] 1643752K->991008K(1761280K), 0.0095000 secs] [Times: user=0.06 sys=0.00, real=0.01 secs] 
318.362: [GC318.362: [ParNew
Desired survivor size 41943040 bytes, new threshold 6 (max 6)
- age   1:     872688 bytes,     872688 total
- age   2:     647200 bytes,    1519888 total
- age   3:     468952 bytes,    1988840 total
- age   4:      17512 bytes,    2006352 total
- age   5:      17304 bytes,    2023656 total
- age   6:       6592 bytes,    2030248 total
: 659269K->3109K(737280K), 0.0066500 secs] 1646368K->990210K(1761280K), 0.0067850 secs] [Times: user=0.05 sys=0.00, real=0.01 secs] 
318.616: [GC318.617: [ParNew
Desired survivor size 41943040 bytes, new threshold 6 (max 6)
- age   1:    1399576 bytes,    1399576 total
- age   2:       5800 bytes,    1405376 total
- age   3:       4608 bytes,    1409984 total
- age   4:       5024 bytes,    1415008 total
- age   5:      17488 bytes,    1432496 total
- age   6:      17304 bytes,    1449800 total
: 658469K->2177K(737280K), 0.0071110 secs] 1645570K->989286K(1761280K), 0.0072800 secs] [Times: user=0.05 sys=0.00, real=0.01 secs] 
318.862: [GC318.862: [ParNew
Desired survivor size 41943040 bytes, new threshold 6 (max 6)
- age   1:    1321088 bytes,    1321088 total
- age   2:      10848 bytes,    1331936 total
- age   3:       5680 bytes,    1337616 total
- age   4:       4464 bytes,    1342080 total
- age   5:       4856 bytes,    1346936 total
- age   6:      17416 bytes,    1364352 total
: 657537K->2409K(737280K), 0.0069220 secs] 1644646K->989536K(1761280K), 0.0070490 secs] [Times: user=0.04 sys=0.00, real=0.01 secs] 
319.105: [GC319.105: [ParNew
Desired survivor size 41943040 bytes, new threshold 6 (max 6)
- age   1:    1491888 bytes,    1491888 total
- age   2:      17320 bytes,    1509208 total
- age   3:      10824 bytes,    1520032 total
- age   4:       5680 bytes,    1525712 total
- age   5:       4464 bytes,    1530176 total
- age   6:       4856 bytes,    1535032 total
: 657769K->2027K(737280K), 0.0073010 secs] 1644896K->989172K(1761280K), 0.0074730 secs] [Times: user=0.04 sys=0.01, real=0.00 secs] 
319.322: [GC319.322: [ParNew
Desired survivor size 41943040 bytes, new threshold 6 (max 6)
- age   1:    2508160 bytes,    2508160 total
- age   2:       4040 bytes,    2512200 total
- age   3:      17224 bytes,    2529424 total
- age   4:      10824 bytes,    2540248 total
- age   5:       5680 bytes,    2545928 total
- age   6:       4464 bytes,    2550392 total
: 657387K->3036K(737280K), 0.0101130 secs] 1644532K->990187K(1761280K), 0.0103680 secs] [Times: user=0.08 sys=0.00, real=0.01 secs] 
319.560: [GC319.560: [ParNew
Desired survivor size 41943040 bytes, new threshold 6 (max 6)
- age   1:    1554152 bytes,    1554152 total
- age   2:      14248 bytes,    1568400 total
- age   3:       4016 bytes,    1572416 total
- age   4:      17152 bytes,    1589568 total
- age   5:      10800 bytes,    1600368 total
- age   6:       5656 bytes,    1606024 total
: 658396K->2205K(737280K), 0.0072370 secs] 1645547K->989361K(1761280K), 0.0073770 secs] [Times: user=0.05 sys=0.00, real=0.01 secs] 
319.796: [GC319.796: [ParNew
Desired survivor size 41943040 bytes, new threshold 6 (max 6)
- age   1:    1570664 bytes,    1570664 total
- age   2:       9616 bytes,    1580280 total
- age   3:      13744 bytes,    1594024 total
- age   4:       3704 bytes,    1597728 total
- age   5:      16840 bytes,    1614568 total
- age   6:      10584 bytes,    1625152 total
: 657565K->2807K(737280K), 0.0069320 secs] 1644721K->989969K(1761280K), 0.0070530 secs] [Times: user=0.05 sys=0.00, real=0.00 secs] 
319.840: [CMS-concurrent-mark: 5.879/6.183 secs] [Times: user=46.33 sys=0.88, real=6.18 secs] 
319.840: [CMS-concurrent-preclean-start]
319.858: [CMS-concurrent-preclean: 0.016/0.018 secs] [Times: user=0.14 sys=0.00, real=0.02 secs] 
319.858: [CMS-concurrent-abortable-preclean-start]
320.028: [GC320.029: [ParNew
Desired survivor size 41943040 bytes, new threshold 6 (max 6)
- age   1:    4490664 bytes,    4490664 total
- age   2:     539784 bytes,    5030448 total
- age   3:       9616 bytes,    5040064 total
- age   4:      13744 bytes,    5053808 total
- age   5:       3704 bytes,    5057512 total
- age   6:      16840 bytes,    5074352 total
: 658167K->5520K(737280K), 0.0096530 secs] 1645329K->992693K(1761280K), 0.0098080 secs] [Times: user=0.07 sys=0.00, real=0.01 secs] 
320.220: [CMS-concurrent-abortable-preclean: 0.245/0.362 secs] [Times: user=2.68 sys=0.06, real=0.36 secs] 
320.249: [GC[YG occupancy: 660880 K (737280 K)]320.249: [Rescan (parallel) , 0.3756200 secs]320.625: [weak refs processing, 0.0000570 secs]320.625: [scrub string table, 0.0010860 secs] [1 CMS-remark: 987172K(1024000K)] 1648053K(1761280K), 0.3769600 secs] [Times: user=2.77 sys=0.01, real=0.38 secs] 
320.628: [GC320.628: [ParNew
Desired survivor size 41943040 bytes, new threshold 6 (max 6)
- age   1:    2206456 bytes,    2206456 total
- age   2:       1536 bytes,    2207992 total
- age   3:      15976 bytes,    2223968 total
- age   4:       9496 bytes,    2233464 total
- age   5:      13648 bytes,    2247112 total
- age   6:       3560 bytes,    2250672 total
: 660880K->3973K(737280K), 0.0067550 secs] 1648053K->991163K(1761280K), 0.0068640 secs] [Times: user=0.05 sys=0.00, real=0.01 secs] 
320.636: [CMS-concurrent-sweep-start]
320.871: [GC320.871: [ParNew
Desired survivor size 41943040 bytes, new threshold 6 (max 6)
- age   1:     762072 bytes,     762072 total
- age   2:       1896 bytes,     763968 total
- age   3:       1200 bytes,     765168 total
- age   4:      15712 bytes,     780880 total
- age   5:       9400 bytes,     790280 total
- age   6:      13648 bytes,     803928 total
: 659333K->1817K(737280K), 0.0089320 secs] 1646523K->989011K(1761280K), 0.0090790 secs] [Times: user=0.04 sys=0.00, real=0.01 secs] 
321.112: [GC321.112: [ParNew
Desired survivor size 41943040 bytes, new threshold 6 (max 6)
- age   1:    2598904 bytes,    2598904 total
- age   2:      16792 bytes,    2615696 total
- age   3:       1728 bytes,    2617424 total
- age   4:        936 bytes,    2618360 total
- age   5:      15640 bytes,    2634000 total
- age   6:       9400 bytes,    2643400 total
: 657177K->2901K(737280K), 0.0080060 secs] 1644371K->990109K(1761280K), 0.0081590 secs] [Times: user=0.05 sys=0.00, real=0.01 secs] 
321.350: [GC321.350: [ParNew
Desired survivor size 41943040 bytes, new threshold 6 (max 6)
- age   1:     972776 bytes,     972776 total
- age   2:       8592 bytes,     981368 total
- age   3:      16696 bytes,     998064 total
- age   4:       1632 bytes,     999696 total
- age   5:        768 bytes,    1000464 total
- age   6:      15544 bytes,    1016008 total
: 658261K->2123K(737280K), 0.0065970 secs] 1645469K->989342K(1761280K), 0.0067910 secs] [Times: user=0.05 sys=0.00, real=0.01 secs] 
321.577: [GC321.577: [ParNew
Desired survivor size 41943040 bytes, new threshold 6 (max 6)
- age   1:    2803936 bytes,    2803936 total
- age   2:       3472 bytes,    2807408 total
- age   3:       8544 bytes,    2815952 total
- age   4:      16640 bytes,    2832592 total
- age   5:       1632 bytes,    2834224 total
- age   6:        768 bytes,    2834992 total
: 657483K->3272K(737280K), 0.0080190 secs] 1644702K->990509K(1761280K), 0.0081670 secs] [Times: user=0.05 sys=0.00, real=0.01 secs] 
321.811: [GC321.811: [ParNew
Desired survivor size 41943040 bytes, new threshold 6 (max 6)
- age   1:    1448256 bytes,    1448256 total
- age   2:       4536 bytes,    1452792 total
- age   3:       3424 bytes,    1456216 total
- age   4:       8544 bytes,    1464760 total
- age   5:      16592 bytes,    1481352 total
- age   6:       1632 bytes,    1482984 total
: 658632K->2302K(737280K), 0.0070240 secs] 1645869K->989539K(1761280K), 0.0071640 secs] [Times: user=0.05 sys=0.00, real=0.01 secs] 
322.065: [GC322.065: [ParNew
Desired survivor size 41943040 bytes, new threshold 6 (max 6)
- age   1:    1097352 bytes,    1097352 total
- age   2:      11576 bytes,    1108928 total
- age   3:       4152 bytes,    1113080 total
- age   4:       3160 bytes,    1116240 total
- age   5:       8424 bytes,    1124664 total
- age   6:      16568 bytes,    1141232 total
: 657662K->1869K(737280K), 0.0063570 secs] 1644899K->989109K(1761280K), 0.0065120 secs] [Times: user=0.04 sys=0.00, real=0.00 secs] 
322.302: [GC322.302: [ParNew
Desired survivor size 41943040 bytes, new threshold 6 (max 6)
- age   1:     563976 bytes,     563976 total
- age   2:       6496 bytes,     570472 total
- age   3:      11528 bytes,     582000 total
- age   4:       4104 bytes,     586104 total
- age   5:       3136 bytes,     589240 total
- age   6:       8400 bytes,     597640 total
: 657229K->1041K(737280K), 0.0075460 secs] 1644469K->988298K(1761280K), 0.0076820 secs] [Times: user=0.05 sys=0.00, real=0.01 secs] 
322.379: [CMS-concurrent-sweep: 1.634/1.744 secs] [Times: user=12.96 sys=0.25, real=1.74 secs] 
322.379: [CMS-concurrent-reset-start]
322.418: [CMS-concurrent-reset: 0.038/0.038 secs] [Times: user=0.29 sys=0.01, real=0.04 secs] 
322.537: [GC322.537: [ParNew
Desired survivor size 41943040 bytes, new threshold 6 (max 6)
- age   1:    1076640 bytes,    1076640 total
- age   2:       6000 bytes,    1082640 total
- age   3:       6352 bytes,    1088992 total
- age   4:      11504 bytes,    1100496 total
- age   5:       4056 bytes,    1104552 total
- age   6:       3112 bytes,    1107664 total
: 656401K->1335K(737280K), 0.0066700 secs] 1643600K->988542K(1761280K), 0.0068100 secs] [Times: user=0.05 sys=0.00, real=0.00 secs] 
322.544: [GC [1 CMS-initial-mark: 987207K(1024000K)] 990547K(1761280K), 0.0050400 secs] [Times: user=0.01 sys=0.00, real=0.01 secs] 
322.549: [CMS-concurrent-mark-start]
322.777: [GC322.777: [ParNew
Desired survivor size 41943040 bytes, new threshold 6 (max 6)
- age   1:    2139936 bytes,    2139936 total
- age   2:       7000 bytes,    2146936 total
- age   3:       5616 bytes,    2152552 total
- age   4:       6304 bytes,    2158856 total
- age   5:      11504 bytes,    2170360 total
- age   6:       4056 bytes,    2174416 total
: 656695K->2524K(737280K), 0.0074750 secs] 1643902K->989736K(1761280K), 0.0076290 secs] [Times: user=0.05 sys=0.00, real=0.01 secs] 
323.010: [GC323.010: [ParNew
Desired survivor size 41943040 bytes, new threshold 6 (max 6)
- age   1:    1779576 bytes,    1779576 total
- age   2:     238016 bytes,    2017592 total
- age   3:       7000 bytes,    2024592 total
- age   4:       5616 bytes,    2030208 total
- age   5:       6304 bytes,    2036512 total
- age   6:      11456 bytes,    2047968 total
: 657884K->3188K(737280K), 0.0074340 secs] 1645096K->990404K(1761280K), 0.0076590 secs] [Times: user=0.05 sys=0.00, real=0.01 secs] 
323.236: [GC323.236: [ParNew
Desired survivor size 41943040 bytes, new threshold 6 (max 6)
- age   1:    1616736 bytes,    1616736 total
- age   2:       3288 bytes,    1620024 total
- age   3:       5856 bytes,    1625880 total
- age   4:       6928 bytes,    1632808 total
- age   5:       5520 bytes,    1638328 total
- age   6:       6160 bytes,    1644488 total
: 658548K->2444K(737280K), 0.0071940 secs] 1645764K->989671K(1761280K), 0.0073560 secs] [Times: user=0.05 sys=0.00, real=0.00 secs] 
323.473: [GC323.474: [ParNew
Desired survivor size 41943040 bytes, new threshold 6 (max 6)
- age   1:    1598960 bytes,    1598960 total
- age   2:       1520 bytes,    1600480 total
- age   3:       2832 bytes,    1603312 total
- age   4:       5304 bytes,    1608616 total
- age   5:       6544 bytes,    1615160 total
- age   6:       5376 bytes,    1620536 total
: 657804K->2328K(737280K), 0.0074170 secs] 1645031K->989562K(1761280K), 0.0076050 secs] [Times: user=0.04 sys=0.00, real=0.01 secs] 
323.713: [GC323.713: [ParNew
Desired survivor size 41943040 bytes, new threshold 6 (max 6)
- age   1:     800696 bytes,     800696 total
- age   2:      15992 bytes,     816688 total
- age   3:       1424 bytes,     818112 total
- age   4:       2784 bytes,     820896 total
- age   5:       5184 bytes,     826080 total
- age   6:       6520 bytes,     832600 total
: 657688K->1610K(737280K), 0.0065290 secs] 1644922K->988850K(1761280K), 0.0066580 secs] [Times: user=0.04 sys=0.00, real=0.01 secs] 
323.967: [GC323.967: [ParNew
Desired survivor size 41943040 bytes, new threshold 6 (max 6)
- age   1:    1510616 bytes,    1510616 total
- age   2:      21752 bytes,    1532368 total
- age   3:      15944 bytes,    1548312 total
- age   4:       1352 bytes,    1549664 total
- age   5:       2688 bytes,    1552352 total
- age   6:       5160 bytes,    1557512 total
: 656970K->1857K(737280K), 0.0071790 secs] 1644210K->989105K(1761280K), 0.0073280 secs] [Times: user=0.04 sys=0.01, real=0.00 secs] 
324.226: [GC324.226: [ParNew
Desired survivor size 41943040 bytes, new threshold 6 (max 6)
- age   1:     648848 bytes,     648848 total
- age   2:       9408 bytes,     658256 total
- age   3:      21608 bytes,     679864 total
- age   4:      15896 bytes,     695760 total
- age   5:       1352 bytes,     697112 total
- age   6:       2688 bytes,     699800 total
: 657217K->1317K(737280K), 0.0064150 secs] 1644465K->988571K(1761280K), 0.0065680 secs] [Times: user=0.05 sys=0.00, real=0.00 secs] 
324.460: [GC324.460: [ParNew
Desired survivor size 41943040 bytes, new threshold 6 (max 6)
- age   1:    1300712 bytes,    1300712 total
- age   2:       2192 bytes,    1302904 total
- age   3:       9264 bytes,    1312168 total
- age   4:      21536 bytes,    1333704 total
- age   5:      15776 bytes,    1349480 total
- age   6:       1208 bytes,    1350688 total
: 656677K->1537K(737280K), 0.0066170 secs] 1643931K->988795K(1761280K), 0.0067490 secs] [Times: user=0.04 sys=0.00, real=0.01 secs] 
324.713: [GC324.714: [ParNew
Desired survivor size 41943040 bytes, new threshold 6 (max 6)
- age   1:    1500376 bytes,    1500376 total
- age   2:      11944 bytes,    1512320 total
- age   3:       1944 bytes,    1514264 total
- age   4:       9144 bytes,    1523408 total
- age   5:      21464 bytes,    1544872 total
- age   6:      15776 bytes,    1560648 total
: 656897K->2129K(737280K), 0.0074800 secs] 1644155K->989388K(1761280K), 0.0076050 secs] [Times: user=0.04 sys=0.00, real=0.01 secs] 
324.977: [GC324.977: [ParNew
Desired survivor size 41943040 bytes, new threshold 6 (max 6)
- age   1:    1102968 bytes,    1102968 total
- age   2:       2424 bytes,    1105392 total
- age   3:      11872 bytes,    1117264 total
- age   4:       1920 bytes,    1119184 total
- age   5:       9096 bytes,    1128280 total
- age   6:      21464 bytes,    1149744 total
: 657489K->1427K(737280K), 0.0068230 secs] 1644748K->988702K(1761280K), 0.0071520 secs] [Times: user=0.04 sys=0.00, real=0.00 secs] 
325.213: [GC325.213: [ParNew
Desired survivor size 41943040 bytes, new threshold 6 (max 6)
- age   1:    1374576 bytes,    1374576 total
- age   2:      10376 bytes,    1384952 total
- age   3:       2040 bytes,    1386992 total
- age   4:      11728 bytes,    1398720 total
- age   5:       1728 bytes,    1400448 total
- age   6:       9072 bytes,    1409520 total
: 656787K->1948K(737280K), 0.0094260 secs] 1644062K->989245K(1761280K), 0.0095960 secs] [Times: user=0.07 sys=0.00, real=0.01 secs] 
325.474: [GC325.474: [ParNew
Desired survivor size 41943040 bytes, new threshold 6 (max 6)
- age   1:    1945736 bytes,    1945736 total
- age   2:      12512 bytes,    1958248 total
- age   3:      10016 bytes,    1968264 total
- age   4:       1920 bytes,    1970184 total
- age   5:      11656 bytes,    1981840 total
- age   6:       1560 bytes,    1983400 total
: 657308K->2664K(737280K), 0.0073360 secs] 1644605K->989971K(1761280K), 0.0074780 secs] [Times: user=0.05 sys=0.00, real=0.01 secs] 
325.700: [GC325.701: [ParNew
Desired survivor size 41943040 bytes, new threshold 6 (max 6)
- age   1:     624424 bytes,     624424 total
- age   2:       7400 bytes,     631824 total
- age   3:      12512 bytes,     644336 total
- age   4:      10016 bytes,     654352 total
- age   5:       1920 bytes,     656272 total
- age   6:      11656 bytes,     667928 total
: 658024K->1785K(737280K), 0.0065750 secs] 1645331K->989094K(1761280K), 0.0066870 secs] [Times: user=0.04 sys=0.00, real=0.01 secs] 
325.960: [GC325.960: [ParNew
Desired survivor size 41943040 bytes, new threshold 6 (max 6)
- age   1:     642224 bytes,     642224 total
- age   2:      12088 bytes,     654312 total
- age   3:       7112 bytes,     661424 total
- age   4:      12344 bytes,     673768 total
- age   5:       9968 bytes,     683736 total
- age   6:       1920 bytes,     685656 total
: 657145K->1066K(737280K), 0.0065870 secs] 1644454K->988388K(1761280K), 0.0067240 secs] [Times: user=0.03 sys=0.00, real=0.01 secs] 
326.206: [GC326.206: [ParNew
Desired survivor size 41943040 bytes, new threshold 6 (max 6)
- age   1:    1125112 bytes,    1125112 total
- age   2:       2120 bytes,    1127232 total
- age   3:      11824 bytes,    1139056 total
- age   4:       6944 bytes,    1146000 total
- age   5:      12248 bytes,    1158248 total
- age   6:       9848 bytes,    1168096 total
: 656426K->1472K(737280K), 0.0065820 secs] 1643748K->988796K(1761280K), 0.0067170 secs] [Times: user=0.05 sys=0.00, real=0.00 secs] 
326.441: [GC326.441: [ParNew
Desired survivor size 41943040 bytes, new threshold 6 (max 6)
- age   1:    2521304 bytes,    2521304 total
- age   2:      20728 bytes,    2542032 total
- age   3:       1880 bytes,    2543912 total
- age   4:      11704 bytes,    2555616 total
- age   5:       6728 bytes,    2562344 total
- age   6:      12248 bytes,    2574592 total
: 656832K->2930K(737280K), 0.0077860 secs] 1644156K->990264K(1761280K), 0.0079280 secs] [Times: user=0.05 sys=0.01, real=0.01 secs] 
326.697: [GC326.697: [ParNew
Desired survivor size 41943040 bytes, new threshold 6 (max 6)
- age   1:    1453456 bytes,    1453456 total
- age   2:      21616 bytes,    1475072 total
- age   3:      20680 bytes,    1495752 total
- age   4:       1848 bytes,    1497600 total
- age   5:      11704 bytes,    1509304 total
- age   6:       6728 bytes,    1516032 total
: 658290K->2408K(737280K), 0.0074470 secs] 1645624K->989755K(1761280K), 0.0075990 secs] [Times: user=0.04 sys=0.00, real=0.00 secs] 
326.950: [GC326.950: [ParNew
Desired survivor size 41943040 bytes, new threshold 6 (max 6)
- age   1:     731568 bytes,     731568 total
- age   2:       6712 bytes,     738280 total
- age   3:      21568 bytes,     759848 total
- age   4:      20656 bytes,     780504 total
- age   5:       1800 bytes,     782304 total
- age   6:      11704 bytes,     794008 total
: 657768K->1645K(737280K), 0.0066500 secs] 1645115K->989000K(1761280K), 0.0067910 secs] [Times: user=0.04 sys=0.01, real=0.01 secs] 
327.207: [GC327.207: [ParNew
Desired survivor size 41943040 bytes, new threshold 6 (max 6)
- age   1:    1511032 bytes,    1511032 total
- age   2:       9320 bytes,    1520352 total
- age   3:       6376 bytes,    1526728 total
- age   4:      21352 bytes,    1548080 total
- age   5:      20584 bytes,    1568664 total
- age   6:       1776 bytes,    1570440 total
: 657005K->1843K(737280K), 0.0075660 secs] 1644360K->989210K(1761280K), 0.0076790 secs] [Times: user=0.05 sys=0.00, real=0.00 secs] 
327.452: [GC327.453: [ParNew
Desired survivor size 41943040 bytes, new threshold 6 (max 6)
- age   1:     956968 bytes,     956968 total
- age   2:      10424 bytes,     967392 total
- age   3:       9248 bytes,     976640 total
- age   4:       6352 bytes,     982992 total
- age   5:      21352 bytes,    1004344 total
- age   6:      20584 bytes,    1024928 total
: 657203K->1657K(737280K), 0.0066250 secs] 1644570K->989025K(1761280K), 0.0067600 secs] [Times: user=0.05 sys=0.00, real=0.01 secs] 
327.689: [GC327.689: [ParNew
Desired survivor size 41943040 bytes, new threshold 6 (max 6)
- age   1:    2924616 bytes,    2924616 total
- age   2:       9776 bytes,    2934392 total
- age   3:      10160 bytes,    2944552 total
- age   4:       8864 bytes,    2953416 total
- age   5:       6256 bytes,    2959672 total
- age   6:      21352 bytes,    2981024 total
: 657017K->3246K(737280K), 0.0084240 secs] 1644385K->990636K(1761280K), 0.0085700 secs] [Times: user=0.05 sys=0.00, real=0.01 secs] 
327.935: [GC327.935: [ParNew
Desired survivor size 41943040 bytes, new threshold 6 (max 6)
- age   1:    1621760 bytes,    1621760 total
- age   2:     469592 bytes,    2091352 total
- age   3:       9704 bytes,    2101056 total
- age   4:      10136 bytes,    2111192 total
- age   5:       8816 bytes,    2120008 total
- age   6:       6256 bytes,    2126264 total
: 658606K->2760K(737280K), 0.0075790 secs] 1645996K->990171K(1761280K), 0.0077300 secs] [Times: user=0.05 sys=0.00, real=0.01 secs] 
328.173: [GC328.173: [ParNew
Desired survivor size 41943040 bytes, new threshold 6 (max 6)
- age   1:    1814664 bytes,    1814664 total
- age   2:      17208 bytes,    1831872 total
- age   3:       8416 bytes,    1840288 total
- age   4:       9680 bytes,    1849968 total
- age   5:      10136 bytes,    1860104 total
- age   6:       8816 bytes,    1868920 total
: 658120K->2442K(737280K), 0.0072550 secs] 1645531K->989860K(1761280K), 0.0074270 secs] [Times: user=0.05 sys=0.00, real=0.01 secs] 
328.401: [GC328.401: [ParNew
Desired survivor size 41943040 bytes, new threshold 6 (max 6)
- age   1:     691968 bytes,     691968 total
- age   2:      10920 bytes,     702888 total
- age   3:      17136 bytes,     720024 total
- age   4:       8416 bytes,     728440 total
- age   5:       9680 bytes,     738120 total
- age   6:      10136 bytes,     748256 total
: 657802K->1911K(737280K), 0.0074160 secs] 1645220K->989339K(1761280K), 0.0075330 secs] [Times: user=0.04 sys=0.01, real=0.01 secs] 
328.618: [GC328.618: [ParNew
Desired survivor size 41943040 bytes, new threshold 6 (max 6)
- age   1:    2414680 bytes,    2414680 total
- age   2:       4720 bytes,    2419400 total
- age   3:      10704 bytes,    2430104 total
- age   4:      17040 bytes,    2447144 total
- age   5:       8296 bytes,    2455440 total
- age   6:       9584 bytes,    2465024 total
: 657271K->2889K(737280K), 0.0078760 secs] 1644699K->990328K(1761280K), 0.0080500 secs] [Times: user=0.06 sys=0.00, real=0.01 secs] 
328.852: [GC328.852: [ParNew
Desired survivor size 41943040 bytes, new threshold 6 (max 6)
- age   1:    1496152 bytes,    1496152 total
- age   2:       5120 bytes,    1501272 total
- age   3:       4624 bytes,    1505896 total
- age   4:      10704 bytes,    1516600 total
- age   5:      16992 bytes,    1533592 total
- age   6:       8296 bytes,    1541888 total
: 658249K->2216K(737280K), 0.0068730 secs] 1645688K->989665K(1761280K), 0.0070110 secs] [Times: user=0.05 sys=0.01, real=0.01 secs] 
329.092: [CMS-concurrent-mark: 6.306/6.542 secs] [Times: user=48.97 sys=0.94, real=6.54 secs] 
329.092: [CMS-concurrent-preclean-start]
329.101: [GC329.101: [ParNew
Desired survivor size 41943040 bytes, new threshold 6 (max 6)
- age   1:     936104 bytes,     936104 total
- age   2:       5248 bytes,     941352 total
- age   3:       4736 bytes,     946088 total
- age   4:       4264 bytes,     950352 total
- age   5:      10512 bytes,     960864 total
- age   6:      16752 bytes,     977616 total
: 657576K->1622K(737280K), 0.0064370 secs] 1645025K->989079K(1761280K), 0.0065850 secs] [Times: user=0.04 sys=0.00, real=0.01 secs] 
329.119: [CMS-concurrent-preclean: 0.017/0.027 secs] [Times: user=0.17 sys=0.00, real=0.03 secs] 
329.119: [CMS-concurrent-abortable-preclean-start]
329.238: [CMS-concurrent-abortable-preclean: 0.119/0.119 secs] [Times: user=0.85 sys=0.03, real=0.12 secs] 
329.241: [GC[YG occupancy: 358280 K (737280 K)]329.241: [Rescan (parallel) , 0.0651870 secs]329.306: [weak refs processing, 0.0000280 secs]329.306: [scrub string table, 0.0010020 secs] [1 CMS-remark: 987457K(1024000K)] 1345737K(1761280K), 0.0663350 secs] [Times: user=0.51 sys=0.00, real=0.07 secs] 
329.307: [CMS-concurrent-sweep-start]
329.422: [GC329.422: [ParNew
Desired survivor size 41943040 bytes, new threshold 6 (max 6)
- age   1:    1749232 bytes,    1749232 total
- age   2:      26112 bytes,    1775344 total
- age   3:       5200 bytes,    1780544 total
- age   4:       4704 bytes,    1785248 total
- age   5:       4264 bytes,    1789512 total
- age   6:      10512 bytes,    1800024 total
: 656982K->2099K(737280K), 0.0072210 secs] 1644439K->989574K(1761280K), 0.0073830 secs] [Times: user=0.05 sys=0.00, real=0.01 secs] 
329.681: [GC329.681: [ParNew
Desired survivor size 41943040 bytes, new threshold 6 (max 6)
- age   1:    1711616 bytes,    1711616 total
- age   2:       9168 bytes,    1720784 total
- age   3:      25944 bytes,    1746728 total
- age   4:       5152 bytes,    1751880 total
- age   5:       4680 bytes,    1756560 total
- age   6:       4264 bytes,    1760824 total
: 657459K->2641K(737280K), 0.0072550 secs] 1644934K->990126K(1761280K), 0.0074270 secs] [Times: user=0.04 sys=0.00, real=0.01 secs] 
329.950: [GC329.950: [ParNew
Desired survivor size 41943040 bytes, new threshold 6 (max 6)
- age   1:     759784 bytes,     759784 total
- age   2:       4352 bytes,     764136 total
- age   3:       8880 bytes,     773016 total
- age   4:      25944 bytes,     798960 total
- age   5:       5128 bytes,     804088 total
- age   6:       4680 bytes,     808768 total
: 658001K->1667K(737280K), 0.0068020 secs] 1645486K->989157K(1761280K), 0.0069350 secs] [Times: user=0.04 sys=0.00, real=0.01 secs] 
330.196: [GC330.196: [ParNew
Desired survivor size 41943040 bytes, new threshold 6 (max 6)
- age   1:    2190640 bytes,    2190640 total
- age   2:      10392 bytes,    2201032 total
- age   3:       4352 bytes,    2205384 total
- age   4:       8880 bytes,    2214264 total
- age   5:      25920 bytes,    2240184 total
- age   6:       5128 bytes,    2245312 total
: 657027K->2673K(737280K), 0.0076590 secs] 1644517K->990169K(1761280K), 0.0078070 secs] [Times: user=0.05 sys=0.00, real=0.00 secs] 
330.396: [CMS-concurrent-sweep: 1.053/1.089 secs] [Times: user=7.82 sys=0.15, real=1.09 secs] 
330.396: [CMS-concurrent-reset-start]
330.424: [CMS-concurrent-reset: 0.027/0.027 secs] [Times: user=0.21 sys=0.01, real=0.02 secs] 
330.475: [GC330.475: [ParNew
Desired survivor size 41943040 bytes, new threshold 6 (max 6)
- age   1:    1083824 bytes,    1083824 total
- age   2:       5744 bytes,    1089568 total
- age   3:      10296 bytes,    1099864 total
- age   4:       4328 bytes,    1104192 total
- age   5:       8880 bytes,    1113072 total
- age   6:      25920 bytes,    1138992 total
: 658033K->2050K(737280K), 0.0066620 secs] 1645499K->989522K(1761280K), 0.0067890 secs] [Times: user=0.04 sys=0.00, real=0.01 secs] 
330.483: [GC [1 CMS-initial-mark: 987471K(1024000K)] 991478K(1761280K), 0.0053910 secs] [Times: user=0.01 sys=0.00, real=0.01 secs] 
330.488: [CMS-concurrent-mark-start]
330.726: [GC330.726: [ParNew
Desired survivor size 41943040 bytes, new threshold 6 (max 6)
- age   1:    2089072 bytes,    2089072 total
- age   2:      12024 bytes,    2101096 total
- age   3:       5192 bytes,    2106288 total
- age   4:       9816 bytes,    2116104 total
- age   5:       4064 bytes,    2120168 total
- age   6:       8688 bytes,    2128856 total
: 657410K->2509K(737280K), 0.0074390 secs] 1644882K->990007K(1761280K), 0.0078350 secs] [Times: user=0.05 sys=0.01, real=0.00 secs] 
331.047: [GC331.047: [ParNew
Desired survivor size 41943040 bytes, new threshold 6 (max 6)
- age   1:    2496920 bytes,    2496920 total
- age   2:      14536 bytes,    2511456 total
- age   3:      12024 bytes,    2523480 total
- age   4:       5168 bytes,    2528648 total
- age   5:       9760 bytes,    2538408 total
- age   6:       4064 bytes,    2542472 total
: 657869K->3332K(737280K), 0.0103280 secs] 1645367K->990840K(1761280K), 0.0105580 secs] [Times: user=0.06 sys=0.00, real=0.01 secs] 
331.398: [GC331.398: [ParNew
Desired survivor size 41943040 bytes, new threshold 6 (max 6)
- age   1:     409312 bytes,     409312 total
- age   2:      16880 bytes,     426192 total
- age   3:      14056 bytes,     440248 total
- age   4:      11880 bytes,     452128 total
- age   5:       5072 bytes,     457200 total
- age   6:       9736 bytes,     466936 total
: 658692K->2306K(737280K), 0.0068220 secs] 1646200K->989819K(1761280K), 0.0070460 secs] [Times: user=0.03 sys=0.00, real=0.01 secs] 
331.660: [GC331.660: [ParNew
Desired survivor size 41943040 bytes, new threshold 6 (max 6)
- age   1:     894064 bytes,     894064 total
- age   2:      12392 bytes,     906456 total
- age   3:      16656 bytes,     923112 total
- age   4:      13936 bytes,     937048 total
- age   5:      11736 bytes,     948784 total
- age   6:       5000 bytes,     953784 total
: 657666K->1324K(737280K), 0.0079790 secs] 1645179K->988846K(1761280K), 0.0081840 secs] [Times: user=0.04 sys=0.00, real=0.01 secs] 
331.935: [GC331.936: [ParNew
Desired survivor size 41943040 bytes, new threshold 6 (max 6)
- age   1:    2807304 bytes,    2807304 total
- age   2:       9800 bytes,    2817104 total
- age   3:      12272 bytes,    2829376 total
- age   4:      16632 bytes,    2846008 total
- age   5:      13936 bytes,    2859944 total
- age   6:      11736 bytes,    2871680 total
: 656684K->3348K(737280K), 0.0086230 secs] 1644206K->990876K(1761280K), 0.0088020 secs] [Times: user=0.05 sys=0.00, real=0.01 secs] 
332.181: [GC332.181: [ParNew
Desired survivor size 41943040 bytes, new threshold 6 (max 6)
- age   1:    1121424 bytes,    1121424 total
- age   2:      16560 bytes,    1137984 total
- age   3:       7664 bytes,    1145648 total
- age   4:      12200 bytes,    1157848 total
- age   5:      16512 bytes,    1174360 total
- age   6:      13840 bytes,    1188200 total
: 658708K->2319K(737280K), 0.0068500 secs] 1646236K->989860K(1761280K), 0.0070040 secs] [Times: user=0.04 sys=0.00, real=0.01 secs] 
332.515: [GC332.515: [ParNew
Desired survivor size 41943040 bytes, new threshold 6 (max 6)
- age   1:     785344 bytes,     785344 total
- age   2:       4568 bytes,     789912 total
- age   3:      15688 bytes,     805600 total
- age   4:       7568 bytes,     813168 total
- age   5:      12056 bytes,     825224 total
- age   6:      16464 bytes,     841688 total
: 657679K->1395K(737280K), 0.0066920 secs] 1645220K->988950K(1761280K), 0.0068190 secs] [Times: user=0.04 sys=0.00, real=0.01 secs] 
332.782: [GC332.782: [ParNew
Desired survivor size 41943040 bytes, new threshold 6 (max 6)
- age   1:    2204904 bytes,    2204904 total
- age   2:       4936 bytes,    2209840 total
- age   3:       4376 bytes,    2214216 total
- age   4:      15616 bytes,    2229832 total
- age   5:       7544 bytes,    2237376 total
- age   6:      12056 bytes,    2249432 total
: 656755K->2458K(737280K), 0.0073170 secs] 1644310K->990030K(1761280K), 0.0074560 secs] [Times: user=0.04 sys=0.00, real=0.01 secs] 
333.043: [GC333.043: [ParNew
Desired survivor size 41943040 bytes, new threshold 6 (max 6)
- age   1:    2028656 bytes,    2028656 total
- age   2:       2344 bytes,    2031000 total
- age   3:       4816 bytes,    2035816 total
- age   4:       4232 bytes,    2040048 total
- age   5:      15568 bytes,    2055616 total
- age   6:       7416 bytes,    2063032 total
: 657818K->3129K(737280K), 0.0074200 secs] 1645390K->990713K(1761280K), 0.0075960 secs] [Times: user=0.05 sys=0.01, real=0.01 secs] 
333.294: [GC333.294: [ParNew
Desired survivor size 41943040 bytes, new threshold 6 (max 6)
- age   1:     792208 bytes,     792208 total
- age   2:       1608 bytes,     793816 total
- age   3:       2344 bytes,     796160 total
- age   4:       4816 bytes,     800976 total
- age   5:       4232 bytes,     805208 total
- age   6:      15568 bytes,     820776 total
: 658489K->1958K(737280K), 0.0065320 secs] 1646073K->989550K(1761280K), 0.0066670 secs] [Times: user=0.05 sys=0.00, real=0.01 secs] 
333.533: [GC333.533: [ParNew
Desired survivor size 41943040 bytes, new threshold 6 (max 6)
- age   1:    3008432 bytes,    3008432 total
- age   2:       1376 bytes,    3009808 total
- age   3:       1224 bytes,    3011032 total
- age   4:       2080 bytes,    3013112 total
- age   5:       4576 bytes,    3017688 total
- age   6:       4064 bytes,    3021752 total
: 657318K->3456K(737280K), 0.0082930 secs] 1644910K->991065K(1761280K), 0.0084400 secs] [Times: user=0.05 sys=0.00, real=0.01 secs] 
333.758: [GC333.758: [ParNew
Desired survivor size 41943040 bytes, new threshold 6 (max 6)
- age   1:    1168088 bytes,    1168088 total
- age   2:     464816 bytes,    1632904 total
- age   3:       1200 bytes,    1634104 total
- age   4:       1104 bytes,    1635208 total
- age   5:       1960 bytes,    1637168 total
- age   6:       4336 bytes,    1641504 total
: 658816K->2410K(737280K), 0.0069700 secs] 1646425K->990023K(1761280K), 0.0070960 secs] [Times: user=0.04 sys=0.01, real=0.00 secs] 
333.989: [GC333.989: [ParNew
Desired survivor size 41943040 bytes, new threshold 6 (max 6)
- age   1:     680704 bytes,     680704 total
- age   2:      17304 bytes,     698008 total
- age   3:      15128 bytes,     713136 total
- age   4:       1200 bytes,     714336 total
- age   5:       1080 bytes,     715416 total
- age   6:       1960 bytes,     717376 total
: 657770K->1804K(737280K), 0.0063570 secs] 1645383K->989422K(1761280K), 0.0065230 secs] [Times: user=0.04 sys=0.00, real=0.00 secs] 
334.204: [GC334.246: [ParNew
Desired survivor size 41943040 bytes, new threshold 6 (max 6)
- age   1:     909840 bytes,     909840 total
- age   2:       8240 bytes,     918080 total
- age   3:      17304 bytes,     935384 total
- age   4:      15128 bytes,     950512 total
- age   5:       1200 bytes,     951712 total
- age   6:       1056 bytes,     952768 total
: 657164K->1252K(737280K), 0.0067440 secs] 1644782K->988872K(1761280K), 0.0485770 secs] [Times: user=0.04 sys=0.00, real=0.05 secs] 
334.502: [GC334.502: [ParNew
Desired survivor size 41943040 bytes, new threshold 6 (max 6)
- age   1:     490352 bytes,     490352 total
- age   2:       5216 bytes,     495568 total
- age   3:       8120 bytes,     503688 total
- age   4:      17184 bytes,     520872 total
- age   5:      15008 bytes,     535880 total
- age   6:       1176 bytes,     537056 total
: 656612K->961K(737280K), 0.0064580 secs] 1644232K->988582K(1761280K), 0.0066070 secs] [Times: user=0.04 sys=0.00, real=0.01 secs] 
334.756: [GC334.756: [ParNew
Desired survivor size 41943040 bytes, new threshold 6 (max 6)
- age   1:     501616 bytes,     501616 total
- age   2:       5216 bytes,     506832 total
- age   3:       5000 bytes,     511832 total
- age   4:       8072 bytes,     519904 total
- age   5:      17184 bytes,     537088 total
- age   6:      14984 bytes,     552072 total
: 656321K->717K(737280K), 0.0066270 secs] 1643942K->988341K(1761280K), 0.0067730 secs] [Times: user=0.05 sys=0.00, real=0.01 secs] 
335.001: [GC335.001: [ParNew
Desired survivor size 41943040 bytes, new threshold 6 (max 6)
- age   1:     856088 bytes,     856088 total
- age   2:       8704 bytes,     864792 total
- age   3:       5120 bytes,     869912 total
- age   4:       4904 bytes,     874816 total
- age   5:       7912 bytes,     882728 total
- age   6:      17064 bytes,     899792 total
: 656077K->1204K(737280K), 0.0063930 secs] 1643701K->988843K(1761280K), 0.0065910 secs] [Times: user=0.04 sys=0.00, real=0.01 secs] 
335.232: [GC335.232: [ParNew
Desired survivor size 41943040 bytes, new threshold 6 (max 6)
- age   1:     804600 bytes,     804600 total
- age   2:      11024 bytes,     815624 total
- age   3:       8512 bytes,     824136 total
- age   4:       4928 bytes,     829064 total
- age   5:       4784 bytes,     833848 total
- age   6:       7840 bytes,     841688 total
: 656564K->1375K(737280K), 0.0071720 secs] 1644203K->989032K(1761280K), 0.0072900 secs] [Times: user=0.03 sys=0.00, real=0.01 secs] 
335.466: [GC335.466: [ParNew
Desired survivor size 41943040 bytes, new threshold 6 (max 6)
- age   1:    2560288 bytes,    2560288 total
- age   2:       3360 bytes,    2563648 total
- age   3:      10680 bytes,    2574328 total
- age   4:       8368 bytes,    2582696 total
- age   5:       4760 bytes,    2587456 total
- age   6:       4592 bytes,    2592048 total
: 656735K->2838K(737280K), 0.0075230 secs] 1644392K->990504K(1761280K), 0.0076810 secs] [Times: user=0.04 sys=0.00, real=0.01 secs] 
335.706: [GC335.707: [ParNew
Desired survivor size 41943040 bytes, new threshold 6 (max 6)
- age   1:    1635712 bytes,    1635712 total
- age   2:       4880 bytes,    1640592 total
- age   3:       3120 bytes,    1643712 total
- age   4:      10656 bytes,    1654368 total
- age   5:       8344 bytes,    1662712 total
- age   6:       4760 bytes,    1667472 total
: 658198K->2530K(737280K), 0.0071590 secs] 1645864K->990201K(1761280K), 0.0073670 secs] [Times: user=0.05 sys=0.00, real=0.00 secs] 
335.950: [GC335.950: [ParNew
Desired survivor size 41943040 bytes, new threshold 6 (max 6)
- age   1:    1975792 bytes,    1975792 total
- age   2:      12744 bytes,    1988536 total
- age   3:       4880 bytes,    1993416 total
- age   4:       3120 bytes,    1996536 total
- age   5:      10632 bytes,    2007168 total
- age   6:       8344 bytes,    2015512 total
: 657890K->2807K(737280K), 0.0077140 secs] 1645561K->990483K(1761280K), 0.0078570 secs] [Times: user=0.06 sys=0.00, real=0.01 secs] 
336.198: [GC336.198: [ParNew
Desired survivor size 41943040 bytes, new threshold 6 (max 6)
- age   1:    1223176 bytes,    1223176 total
- age   2:      12528 bytes,    1235704 total
- age   3:      12744 bytes,    1248448 total
- age   4:       4880 bytes,    1253328 total
- age   5:       3120 bytes,    1256448 total
- age   6:      10608 bytes,    1267056 total
: 658167K->1908K(737280K), 0.0073390 secs] 1645843K->989593K(1761280K), 0.0074790 secs] [Times: user=0.04 sys=0.00, real=0.00 secs] 
336.434: [GC336.434: [ParNew
Desired survivor size 41943040 bytes, new threshold 6 (max 6)
- age   1:    1554808 bytes,    1554808 total
- age   2:       2888 bytes,    1557696 total
- age   3:      12328 bytes,    1570024 total
- age   4:      12672 bytes,    1582696 total
- age   5:       4784 bytes,    1587480 total
- age   6:       3024 bytes,    1590504 total
: 657268K->2283K(737280K), 0.0071840 secs] 1644953K->989980K(1761280K), 0.0073300 secs] [Times: user=0.05 sys=0.00, real=0.01 secs] 
336.675: [GC336.675: [ParNew
Desired survivor size 41943040 bytes, new threshold 6 (max 6)
- age   1:     977368 bytes,     977368 total
- age   2:       5312 bytes,     982680 total
- age   3:       2544 bytes,     985224 total
- age   4:      12160 bytes,     997384 total
- age   5:      12288 bytes,    1009672 total
- age   6:       4592 bytes,    1014264 total
: 657643K->1705K(737280K), 0.0078000 secs] 1645340K->989405K(1761280K), 0.0079920 secs] [Times: user=0.05 sys=0.00, real=0.01 secs] 
336.912: [GC336.912: [ParNew
Desired survivor size 41943040 bytes, new threshold 6 (max 6)
- age   1:    1484328 bytes,    1484328 total
- age   2:      19080 bytes,    1503408 total
- age   3:       4920 bytes,    1508328 total
- age   4:       2304 bytes,    1510632 total
- age   5:      11992 bytes,    1522624 total
- age   6:      12240 bytes,    1534864 total
: 657065K->1782K(737280K), 0.0071600 secs] 1644765K->989487K(1761280K), 0.0075050 secs] [Times: user=0.04 sys=0.00, real=0.01 secs] 
337.137: [GC337.137: [ParNew
Desired survivor size 41943040 bytes, new threshold 6 (max 6)
- age   1:    1562672 bytes,    1562672 total
- age   2:      12120 bytes,    1574792 total
- age   3:      18984 bytes,    1593776 total
- age   4:       4800 bytes,    1598576 total
- age   5:       2208 bytes,    1600784 total
- age   6:      11968 bytes,    1612752 total
: 657142K->2295K(737280K), 0.0071820 secs] 1644847K->990014K(1761280K), 0.0073310 secs] [Times: user=0.05 sys=0.00, real=0.00 secs] 
337.373: [GC337.373: [ParNew
Desired survivor size 41943040 bytes, new threshold 6 (max 6)
- age   1:    1386192 bytes,    1386192 total
- age   2:       8304 bytes,    1394496 total
- age   3:      12072 bytes,    1406568 total
- age   4:      18960 bytes,    1425528 total
- age   5:       4800 bytes,    1430328 total
- age   6:       2208 bytes,    1432536 total
: 657655K->1886K(737280K), 0.0082400 secs] 1645374K->989617K(1761280K), 0.0083740 secs] [Times: user=0.05 sys=0.00, real=0.01 secs] 
337.611: [GC337.612: [ParNew
Desired survivor size 41943040 bytes, new threshold 6 (max 6)
- age   1:    2013320 bytes,    2013320 total
- age   2:       6880 bytes,    2020200 total
- age   3:       8256 bytes,    2028456 total
- age   4:      12072 bytes,    2040528 total
- age   5:      18960 bytes,    2059488 total
- age   6:       4800 bytes,    2064288 total
: 657246K->2674K(737280K), 0.0071270 secs] 1644977K->990409K(1761280K), 0.0072650 secs] [Times: user=0.05 sys=0.00, real=0.01 secs] 
337.840: [GC337.840: [ParNew
Desired survivor size 41943040 bytes, new threshold 6 (max 6)
- age   1:    1398704 bytes,    1398704 total
- age   2:       5744 bytes,    1404448 total
- age   3:       6880 bytes,    1411328 total
- age   4:       8256 bytes,    1419584 total
- age   5:      12072 bytes,    1431656 total
- age   6:      18960 bytes,    1450616 total
: 658034K->2102K(737280K), 0.0090480 secs] 1645769K->989841K(1761280K), 0.0091790 secs] [Times: user=0.05 sys=0.00, real=0.01 secs] 
337.979: [CMS-concurrent-mark: 7.190/7.491 secs] [Times: user=53.66 sys=1.03, real=7.49 secs] 
337.979: [CMS-concurrent-preclean-start]
337.999: [CMS-concurrent-preclean: 0.018/0.020 secs] [Times: user=0.16 sys=0.00, real=0.02 secs] 
337.999: [CMS-concurrent-abortable-preclean-start]
338.085: [GC338.085: [ParNew
Desired survivor size 41943040 bytes, new threshold 6 (max 6)
- age   1:    2412832 bytes,    2412832 total
- age   2:       1456 bytes,    2414288 total
- age   3:       5552 bytes,    2419840 total
- age   4:       6568 bytes,    2426408 total
- age   5:       7944 bytes,    2434352 total
- age   6:      11784 bytes,    2446136 total
: 657462K->3250K(737280K), 0.0077460 secs] 1645201K->991009K(1761280K), 0.0080210 secs] [Times: user=0.05 sys=0.01, real=0.01 secs] 
338.210: [CMS-concurrent-abortable-preclean: 0.199/0.210 secs] [Times: user=1.56 sys=0.03, real=0.21 secs] 
338.231: [GC[YG occupancy: 414197 K (737280 K)]338.231: [Rescan (parallel) , 0.1120420 secs]338.343: [weak refs processing, 0.0000270 secs]338.343: [scrub string table, 0.0010480 secs] [1 CMS-remark: 987759K(1024000K)] 1401956K(1761280K), 0.1132700 secs] [Times: user=0.86 sys=0.01, real=0.11 secs] 
338.345: [CMS-concurrent-sweep-start]
338.441: [GC338.441: [ParNew
Desired survivor size 41943040 bytes, new threshold 6 (max 6)
- age   1:     508992 bytes,     508992 total
- age   2:       9672 bytes,     518664 total
- age   3:       1376 bytes,     520040 total
- age   4:       5528 bytes,     525568 total
- age   5:       6544 bytes,     532112 total
- age   6:       7920 bytes,     540032 total
: 658610K->2174K(737280K), 0.0063000 secs] 1646369K->989945K(1761280K), 0.0064320 secs] [Times: user=0.04 sys=0.00, real=0.01 secs] 
338.675: [GC338.675: [ParNew
Desired survivor size 41943040 bytes, new threshold 6 (max 6)
- age   1:    2720352 bytes,    2720352 total
- age   2:       3528 bytes,    2723880 total
- age   3:       9648 bytes,    2733528 total
- age   4:       1376 bytes,    2734904 total
- age   5:       5528 bytes,    2740432 total
- age   6:       6544 bytes,    2746976 total
: 657534K->3039K(737280K), 0.0080940 secs] 1645305K->990819K(1761280K), 0.0082910 secs] [Times: user=0.06 sys=0.00, real=0.01 secs] 
338.936: [GC338.936: [ParNew
Desired survivor size 41943040 bytes, new threshold 6 (max 6)
- age   1:     421808 bytes,     421808 total
- age   2:       4536 bytes,     426344 total
- age   3:       3088 bytes,     429432 total
- age   4:       9432 bytes,     438864 total
- age   5:       1136 bytes,     440000 total
- age   6:       5264 bytes,     445264 total
: 658399K->2180K(737280K), 0.0062920 secs] 1646179K->989967K(1761280K), 0.0064300 secs] [Times: user=0.05 sys=0.00, real=0.01 secs] 
339.151: [GC339.151: [ParNew
Desired survivor size 41943040 bytes, new threshold 6 (max 6)
- age   1:    2782248 bytes,    2782248 total
- age   2:       9480 bytes,    2791728 total
- age   3:       4536 bytes,    2796264 total
- age   4:       3088 bytes,    2799352 total
- age   5:       9384 bytes,    2808736 total
- age   6:       1136 bytes,    2809872 total
: 657540K->2976K(737280K), 0.0076990 secs] 1645327K->990769K(1761280K), 0.0078490 secs] [Times: user=0.05 sys=0.00, real=0.01 secs] 
339.382: [GC339.382: [ParNew
Desired survivor size 41943040 bytes, new threshold 6 (max 6)
- age   1:    1947672 bytes,    1947672 total
- age   2:       1696 bytes,    1949368 total
- age   3:       9312 bytes,    1958680 total
- age   4:       4512 bytes,    1963192 total
- age   5:       2920 bytes,    1966112 total
- age   6:       9240 bytes,    1975352 total
: 658336K->2768K(737280K), 0.0073310 secs] 1646129K->990562K(1761280K), 0.0075240 secs] [Times: user=0.04 sys=0.01, real=0.01 secs] 
339.630: [GC339.630: [ParNew
Desired survivor size 41943040 bytes, new threshold 6 (max 6)
- age   1:    2525112 bytes,    2525112 total
- age   2:       8560 bytes,    2533672 total
- age   3:       1696 bytes,    2535368 total
- age   4:       9312 bytes,    2544680 total
- age   5:       4512 bytes,    2549192 total
- age   6:       2920 bytes,    2552112 total
: 658128K->3500K(737280K), 0.0076540 secs] 1645922K->991304K(1761280K), 0.0077950 secs] [Times: user=0.05 sys=0.00, real=0.01 secs] 
339.869: [GC339.869: [ParNew
Desired survivor size 41943040 bytes, new threshold 6 (max 6)
- age   1:     981512 bytes,     981512 total
- age   2:       4528 bytes,     986040 total
- age   3:       8296 bytes,     994336 total
- age   4:       1528 bytes,     995864 total
- age   5:       9192 bytes,    1005056 total
- age   6:       4488 bytes,    1009544 total
: 658860K->2369K(737280K), 0.0104540 secs] 1646646K->990159K(1761280K), 0.0105920 secs] [Times: user=0.05 sys=0.00, real=0.01 secs] 
339.903: [CMS-concurrent-sweep: 1.492/1.559 secs] [Times: user=11.54 sys=0.24, real=1.56 secs] 
339.904: [CMS-concurrent-reset-start]
339.941: [CMS-concurrent-reset: 0.037/0.037 secs] [Times: user=0.29 sys=0.01, real=0.04 secs] 
340.092: [GC340.092: [ParNew
Desired survivor size 41943040 bytes, new threshold 6 (max 6)
- age   1:    2222024 bytes,    2222024 total
- age   2:      18928 bytes,    2240952 total
- age   3:       4432 bytes,    2245384 total
- age   4:       8248 bytes,    2253632 total
- age   5:       1480 bytes,    2255112 total
- age   6:       9192 bytes,    2264304 total
: 657729K->2765K(737280K), 0.0078640 secs] 1645488K->990530K(1761280K), 0.0080360 secs] [Times: user=0.05 sys=0.00, real=0.01 secs] 
340.102: [GC [1 CMS-initial-mark: 987764K(1024000K)] 997000K(1761280K), 0.0080240 secs] [Times: user=0.01 sys=0.00, real=0.01 secs] 
340.111: [CMS-concurrent-mark-start]
340.341: [GC340.341: [ParNew
Desired survivor size 41943040 bytes, new threshold 6 (max 6)
- age   1:     542280 bytes,     542280 total
- age   2:       9448 bytes,     551728 total
- age   3:      18736 bytes,     570464 total
- age   4:       4288 bytes,     574752 total
- age   5:       8128 bytes,     582880 total
- age   6:       1360 bytes,     584240 total
: 658125K->1899K(737280K), 0.0067020 secs] 1645890K->989673K(1761280K), 0.0069030 secs] [Times: user=0.05 sys=0.00, real=0.01 secs] 
340.580: [GC340.580: [ParNew
Desired survivor size 41943040 bytes, new threshold 6 (max 6)
- age   1:    2284344 bytes,    2284344 total
- age   2:      12280 bytes,    2296624 total
- age   3:       9376 bytes,    2306000 total
- age   4:      18496 bytes,    2324496 total
- age   5:       3976 bytes,    2328472 total
- age   6:       7888 bytes,    2336360 total
: 657259K->2546K(737280K), 0.0076180 secs] 1645033K->990322K(1761280K), 0.0078160 secs] [Times: user=0.05 sys=0.00, real=0.01 secs] 
340.836: [GC340.836: [ParNew
Desired survivor size 41943040 bytes, new threshold 6 (max 6)
- age   1:     951976 bytes,     951976 total
- age   2:      18528 bytes,     970504 total
- age   3:      12208 bytes,     982712 total
- age   4:       9376 bytes,     992088 total
- age   5:      18496 bytes,    1010584 total
- age   6:       3976 bytes,    1014560 total
: 657906K->1865K(737280K), 0.0066150 secs] 1645682K->989649K(1761280K), 0.0067340 secs] [Times: user=0.05 sys=0.00, real=0.01 secs] 
341.104: [GC341.104: [ParNew
Desired survivor size 41943040 bytes, new threshold 6 (max 6)
- age   1:    3071912 bytes,    3071912 total
- age   2:     421440 bytes,    3493352 total
- age   3:      18456 bytes,    3511808 total
- age   4:      12136 bytes,    3523944 total
- age   5:       9256 bytes,    3533200 total
- age   6:      18328 bytes,    3551528 total
: 657225K->3875K(737280K), 0.0088110 secs] 1645009K->991664K(1761280K), 0.0089650 secs] [Times: user=0.06 sys=0.00, real=0.01 secs] 
341.338: [GC341.338: [ParNew
Desired survivor size 41943040 bytes, new threshold 6 (max 6)
- age   1:    2225568 bytes,    2225568 total
- age   2:       1264 bytes,    2226832 total
- age   3:      11824 bytes,    2238656 total
- age   4:      18432 bytes,    2257088 total
- age   5:      12136 bytes,    2269224 total
- age   6:       9256 bytes,    2278480 total
: 659235K->3513K(737280K), 0.0075190 secs] 1647024K->991320K(1761280K), 0.0076680 secs] [Times: user=0.04 sys=0.00, real=0.00 secs] 
341.587: [GC341.588: [ParNew
Desired survivor size 41943040 bytes, new threshold 6 (max 6)
- age   1:     735488 bytes,     735488 total
- age   2:       1712 bytes,     737200 total
- age   3:       1064 bytes,     738264 total
- age   4:      11632 bytes,     749896 total
- age   5:      18312 bytes,     768208 total
- age   6:      12016 bytes,     780224 total
: 658873K->2371K(737280K), 0.0068400 secs] 1646680K->990188K(1761280K), 0.0069690 secs] [Times: user=0.05 sys=0.00, real=0.00 secs] 
341.830: [GC341.830: [ParNew
Desired survivor size 41943040 bytes, new threshold 6 (max 6)
- age   1:    1523680 bytes,    1523680 total
- age   2:      11336 bytes,    1535016 total
- age   3:       1616 bytes,    1536632 total
- age   4:        992 bytes,    1537624 total
- age   5:      11584 bytes,    1549208 total
- age   6:      18216 bytes,    1567424 total
: 657731K->1958K(737280K), 0.0068090 secs] 1645548K->989788K(1761280K), 0.0069590 secs] [Times: user=0.05 sys=0.00, real=0.00 secs] 
342.083: [GC342.083: [ParNew
Desired survivor size 41943040 bytes, new threshold 6 (max 6)
- age   1:    1263776 bytes,    1263776 total
- age   2:      15288 bytes,    1279064 total
- age   3:      10960 bytes,    1290024 total
- age   4:       1376 bytes,    1291400 total
- age   5:        656 bytes,    1292056 total
- age   6:      11488 bytes,    1303544 total
: 657318K->1679K(737280K), 0.0069270 secs] 1645148K->989528K(1761280K), 0.0070590 secs] [Times: user=0.05 sys=0.00, real=0.01 secs] 
342.322: [GC342.322: [ParNew
Desired survivor size 41943040 bytes, new threshold 6 (max 6)
- age   1:    1048576 bytes,    1048576 total
- age   2:      15440 bytes,    1064016 total
- age   3:      15024 bytes,    1079040 total
- age   4:      10816 bytes,    1089856 total
- age   5:       1328 bytes,    1091184 total
- age   6:        632 bytes,    1091816 total
: 657039K->1613K(737280K), 0.0067880 secs] 1644888K->989474K(1761280K), 0.0069360 secs] [Times: user=0.04 sys=0.01, real=0.01 secs] 
342.558: [GC342.558: [ParNew
Desired survivor size 41943040 bytes, new threshold 6 (max 6)
- age   1:    2832648 bytes,    2832648 total
- age   2:       8912 bytes,    2841560 total
- age   3:      15240 bytes,    2856800 total
- age   4:      14880 bytes,    2871680 total
- age   5:      10792 bytes,    2882472 total
- age   6:       1328 bytes,    2883800 total
: 656973K->3226K(737280K), 0.0083520 secs] 1644834K->991088K(1761280K), 0.0085350 secs] [Times: user=0.06 sys=0.00, real=0.00 secs] 
342.825: [GC342.825: [ParNew
Desired survivor size 41943040 bytes, new threshold 6 (max 6)
- age   1:    1641984 bytes,    1641984 total
- age   2:       2192 bytes,    1644176 total
- age   3:       8600 bytes,    1652776 total
- age   4:      15096 bytes,    1667872 total
- age   5:      14664 bytes,    1682536 total
- age   6:      10792 bytes,    1693328 total
: 658586K->2691K(737280K), 0.0070340 secs] 1646448K->990555K(1761280K), 0.0071690 secs] [Times: user=0.05 sys=0.00, real=0.01 secs] 
343.087: [GC343.087: [ParNew
Desired survivor size 41943040 bytes, new threshold 6 (max 6)
- age   1:     131472 bytes,     131472 total
- age   2:      15480 bytes,     146952 total
- age   3:       2120 bytes,     149072 total
- age   4:       8552 bytes,     157624 total
- age   5:      14952 bytes,     172576 total
- age   6:      14664 bytes,     187240 total
: 658051K->1838K(737280K), 0.0067670 secs] 1645915K->989713K(1761280K), 0.0068850 secs] [Times: user=0.04 sys=0.01, real=0.01 secs] 
343.310: [GC343.310: [ParNew
Desired survivor size 41943040 bytes, new threshold 6 (max 6)
- age   1:     250032 bytes,     250032 total
- age   2:       5040 bytes,     255072 total
- age   3:      15312 bytes,     270384 total
- age   4:       2120 bytes,     272504 total
- age   5:       8552 bytes,     281056 total
- age   6:      14952 bytes,     296008 total
: 657198K->617K(737280K), 0.0063800 secs] 1645073K->988507K(1761280K), 0.0065270 secs] [Times: user=0.04 sys=0.00, real=0.00 secs] 
343.540: [GC343.540: [ParNew
Desired survivor size 41943040 bytes, new threshold 6 (max 6)
- age   1:    1122136 bytes,    1122136 total
- age   2:      11872 bytes,    1134008 total
- age   3:       4848 bytes,    1138856 total
- age   4:      15096 bytes,    1153952 total
- age   5:       2096 bytes,    1156048 total
- age   6:       8504 bytes,    1164552 total
: 655977K->1283K(737280K), 0.0071880 secs] 1643867K->989188K(1761280K), 0.0073100 secs] [Times: user=0.05 sys=0.00, real=0.00 secs] 
343.772: [GC343.772: [ParNew
Desired survivor size 41943040 bytes, new threshold 6 (max 6)
- age   1:    1831360 bytes,    1831360 total
- age   2:      10376 bytes,    1841736 total
- age   3:      11824 bytes,    1853560 total
- age   4:       4824 bytes,    1858384 total
- age   5:      15096 bytes,    1873480 total
- age   6:       2096 bytes,    1875576 total
: 656643K->2262K(737280K), 0.0072600 secs] 1644548K->990177K(1761280K), 0.0073890 secs] [Times: user=0.05 sys=0.00, real=0.01 secs] 
344.004: [GC344.004: [ParNew
Desired survivor size 41943040 bytes, new threshold 6 (max 6)
- age   1:     770136 bytes,     770136 total
- age   2:       8864 bytes,     779000 total
- age   3:      10328 bytes,     789328 total
- age   4:      11800 bytes,     801128 total
- age   5:       4800 bytes,     805928 total
- age   6:      15096 bytes,     821024 total
: 657622K->1600K(737280K), 0.0061740 secs] 1645537K->989517K(1761280K), 0.0063010 secs] [Times: user=0.04 sys=0.00, real=0.01 secs] 
344.232: [GC344.232: [ParNew
Desired survivor size 41943040 bytes, new threshold 6 (max 6)
- age   1:     604024 bytes,     604024 total
- age   2:       1480 bytes,     605504 total
- age   3:       8480 bytes,     613984 total
- age   4:      10064 bytes,     624048 total
- age   5:      11632 bytes,     635680 total
- age   6:       4704 bytes,     640384 total
: 656960K->875K(737280K), 0.0065060 secs] 1644877K->988809K(1761280K), 0.0066800 secs] [Times: user=0.04 sys=0.01, real=0.01 secs] 
344.473: [GC344.473: [ParNew
Desired survivor size 41943040 bytes, new threshold 6 (max 6)
- age   1:    2576248 bytes,    2576248 total
- age   2:      14560 bytes,    2590808 total
- age   3:       1408 bytes,    2592216 total
- age   4:       8240 bytes,    2600456 total
- age   5:      10016 bytes,    2610472 total
- age   6:      11632 bytes,    2622104 total
: 656235K->2899K(737280K), 0.0073780 secs] 1644169K->990837K(1761280K), 0.0075480 secs] [Times: user=0.05 sys=0.00, real=0.01 secs] 
344.702: [GC344.702: [ParNew
Desired survivor size 41943040 bytes, new threshold 6 (max 6)
- age   1:    1585384 bytes,    1585384 total
- age   2:       6336 bytes,    1591720 total
- age   3:      14368 bytes,    1606088 total
- age   4:       1304 bytes,    1607392 total
- age   5:       8240 bytes,    1615632 total
- age   6:      10016 bytes,    1625648 total
: 658259K->2341K(737280K), 0.0072190 secs] 1646197K->990292K(1761280K), 0.0073480 secs] [Times: user=0.05 sys=0.00, real=0.01 secs] 
344.927: [GC344.927: [ParNew
Desired survivor size 41943040 bytes, new threshold 6 (max 6)
- age   1:    1520360 bytes,    1520360 total
- age   2:       9336 bytes,    1529696 total
- age   3:       6192 bytes,    1535888 total
- age   4:      14272 bytes,    1550160 total
- age   5:       1256 bytes,    1551416 total
- age   6:       8096 bytes,    1559512 total
: 657701K->2352K(737280K), 0.0082020 secs] 1645652K->990313K(1761280K), 0.0083440 secs] [Times: user=0.04 sys=0.00, real=0.01 secs] 
345.154: [GC345.154: [ParNew
Desired survivor size 41943040 bytes, new threshold 6 (max 6)
- age   1:     430656 bytes,     430656 total
- age   2:       1352 bytes,     432008 total
- age   3:       9152 bytes,     441160 total
- age   4:       6096 bytes,     447256 total
- age   5:      14200 bytes,     461456 total
- age   6:       1184 bytes,     462640 total
: 657712K->1570K(737280K), 0.0063840 secs] 1645673K->989539K(1761280K), 0.0065360 secs] [Times: user=0.04 sys=0.00, real=0.01 secs] 
345.385: [GC345.385: [ParNew
Desired survivor size 41943040 bytes, new threshold 6 (max 6)
- age   1:    2483472 bytes,    2483472 total
- age   2:       1624 bytes,    2485096 total
- age   3:       1280 bytes,    2486376 total
- age   4:       9152 bytes,    2495528 total
- age   5:       6096 bytes,    2501624 total
- age   6:      14200 bytes,    2515824 total
: 656930K->2716K(737280K), 0.0084120 secs] 1644899K->990688K(1761280K), 0.0085710 secs] [Times: user=0.05 sys=0.00, real=0.01 secs] 
345.624: [GC345.624: [ParNew
Desired survivor size 41943040 bytes, new threshold 6 (max 6)
- age   1:    1566920 bytes,    1566920 total
- age   2:       4792 bytes,    1571712 total
- age   3:       1576 bytes,    1573288 total
- age   4:       1184 bytes,    1574472 total
- age   5:       9056 bytes,    1583528 total
- age   6:       6048 bytes,    1589576 total
: 658076K->2215K(737280K), 0.0077190 secs] 1646048K->990200K(1761280K), 0.0078850 secs] [Times: user=0.06 sys=0.00, real=0.01 secs] 
345.849: [GC345.849: [ParNew
Desired survivor size 41943040 bytes, new threshold 6 (max 6)
- age   1:    1032856 bytes,    1032856 total
- age   2:       8256 bytes,    1041112 total
- age   3:       4624 bytes,    1045736 total
- age   4:       1528 bytes,    1047264 total
- age   5:       1040 bytes,    1048304 total
- age   6:       8960 bytes,    1057264 total
: 657575K->1863K(737280K), 0.0063670 secs] 1645560K->989856K(1761280K), 0.0064960 secs] [Times: user=0.05 sys=0.00, real=0.00 secs] 
346.105: [GC346.105: [ParNew
Desired survivor size 41943040 bytes, new threshold 6 (max 6)
- age   1:    3281896 bytes,    3281896 total
- age   2:       2248 bytes,    3284144 total
- age   3:       7992 bytes,    3292136 total
- age   4:       4504 bytes,    3296640 total
- age   5:       1120 bytes,    3297760 total
- age   6:        704 bytes,    3298464 total
: 657223K->3605K(737280K), 0.0083930 secs] 1645216K->991608K(1761280K), 0.0085390 secs] [Times: user=0.06 sys=0.00, real=0.01 secs] 
346.438: [GC346.438: [ParNew
Desired survivor size 41943040 bytes, new threshold 6 (max 6)
- age   1:    1666488 bytes,    1666488 total
- age   2:      19152 bytes,    1685640 total
- age   3:       2248 bytes,    1687888 total
- age   4:       7992 bytes,    1695880 total
- age   5:       4504 bytes,    1700384 total
- age   6:       1120 bytes,    1701504 total
: 658965K->2943K(737280K), 0.0281970 secs] 1646968K->990946K(1761280K), 0.0283710 secs] [Times: user=0.05 sys=0.00, real=0.02 secs] 
346.713: [GC346.713: [ParNew
Desired survivor size 41943040 bytes, new threshold 6 (max 6)
- age   1:     667320 bytes,     667320 total
- age   2:       8960 bytes,     676280 total
- age   3:      18912 bytes,     695192 total
- age   4:       2152 bytes,     697344 total
- age   5:       7920 bytes,     705264 total
- age   6:       4288 bytes,     709552 total
: 658303K->1277K(737280K), 0.0066930 secs] 1646306K->989282K(1761280K), 0.0068510 secs] [Times: user=0.04 sys=0.00, real=0.01 secs] 
346.951: [GC346.951: [ParNew
Desired survivor size 41943040 bytes, new threshold 6 (max 6)
- age   1:    2134256 bytes,    2134256 total
- age   2:      13080 bytes,    2147336 total
- age   3:       8912 bytes,    2156248 total
- age   4:      18816 bytes,    2175064 total
- age   5:       2128 bytes,    2177192 total
- age   6:       7896 bytes,    2185088 total
: 656637K->2461K(737280K), 0.0075790 secs] 1644642K->990470K(1761280K), 0.0077470 secs] [Times: user=0.05 sys=0.01, real=0.01 secs] 
347.190: [GC347.190: [ParNew
Desired survivor size 41943040 bytes, new threshold 6 (max 6)
- age   1:    1124744 bytes,    1124744 total
- age   2:       4288 bytes,    1129032 total
- age   3:      13008 bytes,    1142040 total
- age   4:       8888 bytes,    1150928 total
- age   5:      18768 bytes,    1169696 total
- age   6:       2128 bytes,    1171824 total
: 657821K->2181K(737280K), 0.0072550 secs] 1645830K->990199K(1761280K), 0.0074240 secs] [Times: user=0.04 sys=0.00, real=0.00 secs] 
347.430: [GC347.430: [ParNew
Desired survivor size 41943040 bytes, new threshold 6 (max 6)
- age   1:    1258512 bytes,    1258512 total
- age   2:       5224 bytes,    1263736 total
- age   3:       4024 bytes,    1267760 total
- age   4:      12816 bytes,    1280576 total
- age   5:       8624 bytes,    1289200 total
- age   6:      18504 bytes,    1307704 total
: 657541K->1622K(737280K), 0.0065710 secs] 1645559K->989643K(1761280K), 0.0067000 secs] [Times: user=0.04 sys=0.00, real=0.00 secs] 
347.582: [CMS-concurrent-mark: 7.169/7.471 secs] [Times: user=55.30 sys=1.04, real=7.47 secs] 
347.582: [CMS-concurrent-preclean-start]
347.602: [CMS-concurrent-preclean: 0.018/0.019 secs] [Times: user=0.14 sys=0.00, real=0.02 secs] 
347.602: [CMS-concurrent-abortable-preclean-start]
347.654: [GC347.654: [ParNew
Desired survivor size 41943040 bytes, new threshold 6 (max 6)
- age   1:     611184 bytes,     611184 total
- age   2:      13688 bytes,     624872 total
- age   3:       5056 bytes,     629928 total
- age   4:       3904 bytes,     633832 total
- age   5:      12768 bytes,     646600 total
- age   6:       8600 bytes,     655200 total
: 656982K->1320K(737280K), 0.0066860 secs] 1645003K->989360K(1761280K), 0.0068090 secs] [Times: user=0.04 sys=0.00, real=0.01 secs] 
347.772: [CMS-concurrent-abortable-preclean: 0.161/0.170 secs] [Times: user=1.26 sys=0.03, real=0.17 secs] 
347.773: [GC[YG occupancy: 334963 K (737280 K)]347.773: [Rescan (parallel) , 0.0661020 secs]347.839: [weak refs processing, 0.0000290 secs]347.839: [scrub string table, 0.0009990 secs] [1 CMS-remark: 988039K(1024000K)] 1323003K(1761280K), 0.0672520 secs] [Times: user=0.51 sys=0.00, real=0.07 secs] 
347.840: [CMS-concurrent-sweep-start]
347.981: [GC347.981: [ParNew
Desired survivor size 41943040 bytes, new threshold 6 (max 6)
- age   1:     910192 bytes,     910192 total
- age   2:       8784 bytes,     918976 total
- age   3:      13688 bytes,     932664 total
- age   4:       5056 bytes,     937720 total
- age   5:       3904 bytes,     941624 total
- age   6:      12736 bytes,     954360 total
: 656680K->1200K(737280K), 0.0069070 secs] 1644719K->989248K(1761280K), 0.0070670 secs] [Times: user=0.04 sys=0.00, real=0.00 secs] 
348.213: [GC348.213: [ParNew
Desired survivor size 41943040 bytes, new threshold 6 (max 6)
- age   1:     528632 bytes,     528632 total
- age   2:       1824 bytes,     530456 total
- age   3:       8400 bytes,     538856 total
- age   4:      13616 bytes,     552472 total
- age   5:       4888 bytes,     557360 total
- age   6:       3856 bytes,     561216 total
: 656560K->1040K(737280K), 0.0094140 secs] 1644608K->989102K(1761280K), 0.0095800 secs] [Times: user=0.05 sys=0.00, real=0.01 secs] 
348.468: [GC348.468: [ParNew
Desired survivor size 41943040 bytes, new threshold 6 (max 6)
- age   1:     374272 bytes,     374272 total
- age   2:      12192 bytes,     386464 total
- age   3:       1728 bytes,     388192 total
- age   4:       8352 bytes,     396544 total
- age   5:      13544 bytes,     410088 total
- age   6:       4840 bytes,     414928 total
: 656400K->620K(737280K), 0.0064290 secs] 1644462K->988686K(1761280K), 0.0065720 secs] [Times: user=0.04 sys=0.00, real=0.01 secs] 
348.723: [GC348.723: [ParNew
Desired survivor size 41943040 bytes, new threshold 6 (max 6)
- age   1:    1284888 bytes,    1284888 total
- age   2:       5600 bytes,    1290488 total
- age   3:      12192 bytes,    1302680 total
- age   4:       1728 bytes,    1304408 total
- age   5:       8352 bytes,    1312760 total
- age   6:      13544 bytes,    1326304 total
: 655980K->1425K(737280K), 0.0066870 secs] 1644046K->989497K(1761280K), 0.0068200 secs] [Times: user=0.05 sys=0.00, real=0.01 secs] 
348.989: [GC348.989: [ParNew
Desired survivor size 41943040 bytes, new threshold 6 (max 6)
- age   1:     371592 bytes,     371592 total
- age   2:       7552 bytes,     379144 total
- age   3:       5504 bytes,     384648 total
- age   4:      12120 bytes,     396768 total
- age   5:       1656 bytes,     398424 total
- age   6:       8280 bytes,     406704 total
: 656785K->1073K(737280K), 0.0061630 secs] 1644845K->989147K(1761280K), 0.0063000 secs] [Times: user=0.04 sys=0.00, real=0.00 secs] 
349.014: [CMS-concurrent-sweep: 1.129/1.174 secs] [Times: user=8.65 sys=0.17, real=1.17 secs] 
349.015: [CMS-concurrent-reset-start]
349.047: [CMS-concurrent-reset: 0.032/0.032 secs] [Times: user=0.24 sys=0.00, real=0.03 secs] 
349.215: [GC349.215: [ParNew
Desired survivor size 41943040 bytes, new threshold 6 (max 6)
- age   1:    1474712 bytes,    1474712 total
- age   2:       1968 bytes,    1476680 total
- age   3:       7072 bytes,    1483752 total
- age   4:       4928 bytes,    1488680 total
- age   5:      11760 bytes,    1500440 total
- age   6:       1560 bytes,    1502000 total
: 656433K->1608K(737280K), 0.0105560 secs] 1644465K->989648K(1761280K), 0.0107020 secs] [Times: user=0.05 sys=0.00, real=0.01 secs] 
349.228: [GC [1 CMS-initial-mark: 988040K(1024000K)] 994074K(1761280K), 0.0072060 secs] [Times: user=0.01 sys=0.00, real=0.01 secs] 
349.235: [CMS-concurrent-mark-start]
349.483: [GC349.483: [ParNew
Desired survivor size 41943040 bytes, new threshold 6 (max 6)
- age   1:     955048 bytes,     955048 total
- age   2:      14544 bytes,     969592 total
- age   3:       1920 bytes,     971512 total
- age   4:       7072 bytes,     978584 total
- age   5:       4928 bytes,     983512 total
- age   6:      11760 bytes,     995272 total
: 656968K->1788K(737280K), 0.0067960 secs] 1645008K->989830K(1761280K), 0.0069830 secs] [Times: user=0.04 sys=0.00, real=0.01 secs] 
349.721: [GC349.722: [ParNew
Desired survivor size 41943040 bytes, new threshold 6 (max 6)
- age   1:     424968 bytes,     424968 total
- age   2:      19064 bytes,     444032 total
- age   3:      14544 bytes,     458576 total
- age   4:       1920 bytes,     460496 total
- age   5:       7072 bytes,     467568 total
- age   6:       4928 bytes,     472496 total
: 657148K->910K(737280K), 0.0065570 secs] 1645190K->988965K(1761280K), 0.0067000 secs] [Times: user=0.04 sys=0.01, real=0.01 secs] 
349.964: [GC349.964: [ParNew
Desired survivor size 41943040 bytes, new threshold 6 (max 6)
- age   1:    1496096 bytes,    1496096 total
- age   2:       2416 bytes,    1498512 total
- age   3:      19040 bytes,    1517552 total
- age   4:      14544 bytes,    1532096 total
- age   5:       1920 bytes,    1534016 total
- age   6:       7072 bytes,    1541088 total
: 656270K->1651K(737280K), 0.0069240 secs] 1644325K->989711K(1761280K), 0.0071590 secs] [Times: user=0.05 sys=0.00, real=0.01 secs] 
350.205: [GC350.206: [ParNew
Desired survivor size 41943040 bytes, new threshold 6 (max 6)
- age   1:    1843200 bytes,    1843200 total
- age   2:       1720 bytes,    1844920 total
- age   3:       2272 bytes,    1847192 total
- age   4:      18896 bytes,    1866088 total
- age   5:      14448 bytes,    1880536 total
- age   6:       1920 bytes,    1882456 total
: 657011K->2426K(737280K), 0.0073260 secs] 1645071K->990494K(1761280K), 0.0074620 secs] [Times: user=0.05 sys=0.00, real=0.01 secs] 
350.500: [GC350.501: [ParNew
Desired survivor size 41943040 bytes, new threshold 6 (max 6)
- age   1:     772080 bytes,     772080 total
- age   2:       9224 bytes,     781304 total
- age   3:       1624 bytes,     782928 total
- age   4:       2128 bytes,     785056 total
- age   5:      18848 bytes,     803904 total
- age   6:      14448 bytes,     818352 total
: 657786K->1682K(737280K), 0.0063190 secs] 1645854K->989752K(1761280K), 0.0064430 secs] [Times: user=0.05 sys=0.00, real=0.00 secs] 
350.760: [GC350.760: [ParNew
Desired survivor size 41943040 bytes, new threshold 6 (max 6)
- age   1:    1242520 bytes,    1242520 total
- age   2:       5000 bytes,    1247520 total
- age   3:       9152 bytes,    1256672 total
- age   4:       1432 bytes,    1258104 total
- age   5:       2032 bytes,    1260136 total
- age   6:      18728 bytes,    1278864 total
: 657042K->1710K(737280K), 0.0070520 secs] 1645112K->989795K(1761280K), 0.0071900 secs] [Times: user=0.05 sys=0.00, real=0.00 secs] 
351.033: [GC351.033: [ParNew
Desired survivor size 41943040 bytes, new threshold 6 (max 6)
- age   1:    1096560 bytes,    1096560 total
- age   2:       5440 bytes,    1102000 total
- age   3:       4760 bytes,    1106760 total
- age   4:       8864 bytes,    1115624 total
- age   5:       1120 bytes,    1116744 total
- age   6:       1936 bytes,    1118680 total
: 657070K->1814K(737280K), 0.0067530 secs] 1645155K->989919K(1761280K), 0.0069340 secs] [Times: user=0.05 sys=0.00, real=0.01 secs] 
351.286: [GC351.286: [ParNew
Desired survivor size 41943040 bytes, new threshold 6 (max 6)
- age   1:    1379896 bytes,    1379896 total
- age   2:      11672 bytes,    1391568 total
- age   3:       5248 bytes,    1396816 total
- age   4:       4664 bytes,    1401480 total
- age   5:       8664 bytes,    1410144 total
- age   6:       1096 bytes,    1411240 total
: 657174K->2059K(737280K), 0.0065050 secs] 1645279K->990167K(1761280K), 0.0066450 secs] [Times: user=0.05 sys=0.00, real=0.01 secs] 
351.522: [GC351.522: [ParNew
Desired survivor size 41943040 bytes, new threshold 6 (max 6)
- age   1:    1403232 bytes,    1403232 total
- age   2:       9232 bytes,    1412464 total
- age   3:      11360 bytes,    1423824 total
- age   4:       5176 bytes,    1429000 total
- age   5:       4640 bytes,    1433640 total
- age   6:       8664 bytes,    1442304 total
: 657419K->2126K(737280K), 0.0068640 secs] 1645527K->990235K(1761280K), 0.0070100 secs] [Times: user=0.04 sys=0.00, real=0.01 secs] 
351.762: [GC351.762: [ParNew
Desired survivor size 41943040 bytes, new threshold 6 (max 6)
- age   1:     942792 bytes,     942792 total
- age   2:       9096 bytes,     951888 total
- age   3:       8824 bytes,     960712 total
- age   4:      11064 bytes,     971776 total
- age   5:       5032 bytes,     976808 total
- age   6:       4520 bytes,     981328 total
: 657486K->1556K(737280K), 0.0069990 secs] 1645595K->989675K(1761280K), 0.0071310 secs] [Times: user=0.04 sys=0.00, real=0.01 secs] 
352.003: [GC352.003: [ParNew
Desired survivor size 41943040 bytes, new threshold 6 (max 6)
- age   1:    1365168 bytes,    1365168 total
- age   2:      10264 bytes,    1375432 total
- age   3:       9000 bytes,    1384432 total
- age   4:       8752 bytes,    1393184 total
- age   5:      11064 bytes,    1404248 total
- age   6:       5032 bytes,    1409280 total
: 656916K->1862K(737280K), 0.0067490 secs] 1645035K->989986K(1761280K), 0.0069040 secs] [Times: user=0.05 sys=0.00, real=0.01 secs] 
352.246: [GC352.246: [ParNew
Desired survivor size 41943040 bytes, new threshold 6 (max 6)
- age   1:     496216 bytes,     496216 total
- age   2:       7808 bytes,     504024 total
- age   3:      10240 bytes,     514264 total
- age   4:       9000 bytes,     523264 total
- age   5:       8728 bytes,     531992 total
- age   6:      11040 bytes,     543032 total
: 657222K->1298K(737280K), 0.0065350 secs] 1645346K->989427K(1761280K), 0.0066670 secs] [Times: user=0.04 sys=0.00, real=0.01 secs] 
352.458: [GC352.458: [ParNew
Desired survivor size 41943040 bytes, new threshold 6 (max 6)
- age   1:    2567256 bytes,    2567256 total
- age   2:      14208 bytes,    2581464 total
- age   3:       7808 bytes,    2589272 total
- age   4:      10240 bytes,    2599512 total
- age   5:       9000 bytes,    2608512 total
- age   6:       8728 bytes,    2617240 total
: 656658K->2813K(737280K), 0.0080670 secs] 1644787K->990954K(1761280K), 0.0083030 secs] [Times: user=0.06 sys=0.00, real=0.01 secs] 
352.686: [GC352.686: [ParNew
Desired survivor size 41943040 bytes, new threshold 6 (max 6)
- age   1:     677160 bytes,     677160 total
- age   2:       3848 bytes,     681008 total
- age   3:      14208 bytes,     695216 total
- age   4:       7808 bytes,     703024 total
- age   5:      10240 bytes,     713264 total
- age   6:       9000 bytes,     722264 total
: 658173K->2047K(737280K), 0.0065570 secs] 1646314K->990197K(1761280K), 0.0066720 secs] [Times: user=0.04 sys=0.00, real=0.01 secs] 
352.932: [GC352.932: [ParNew
Desired survivor size 41943040 bytes, new threshold 6 (max 6)
- age   1:    1463528 bytes,    1463528 total
- age   2:        984 bytes,    1464512 total
- age   3:       3656 bytes,    1468168 total
- age   4:      13968 bytes,    1482136 total
- age   5:       7688 bytes,    1489824 total
- age   6:      10168 bytes,    1499992 total
: 657407K->1978K(737280K), 0.0071120 secs] 1645557K->990137K(1761280K), 0.0072600 secs] [Times: user=0.05 sys=0.00, real=0.01 secs] 
353.161: [GC353.161: [ParNew
Desired survivor size 41943040 bytes, new threshold 6 (max 6)
- age   1:     880784 bytes,     880784 total
- age   2:      11016 bytes,     891800 total
- age   3:        816 bytes,     892616 total
- age   4:       3512 bytes,     896128 total
- age   5:      13728 bytes,     909856 total
- age   6:       7496 bytes,     917352 total
: 657338K->1429K(737280K), 0.0064900 secs] 1645497K->989599K(1761280K), 0.0066260 secs] [Times: user=0.05 sys=0.00, real=0.00 secs] 
353.403: [GC353.403: [ParNew
Desired survivor size 41943040 bytes, new threshold 6 (max 6)
- age   1:    1015352 bytes,    1015352 total
- age   2:       8000 bytes,    1023352 total
- age   3:      10752 bytes,    1034104 total
- age   4:        624 bytes,    1034728 total
- age   5:       3440 bytes,    1038168 total
- age   6:      13632 bytes,    1051800 total
: 656789K->1608K(737280K), 0.0069770 secs] 1644959K->989786K(1761280K), 0.0071230 secs] [Times: user=0.04 sys=0.00, real=0.01 secs] 
353.637: [GC353.637: [ParNew
Desired survivor size 41943040 bytes, new threshold 6 (max 6)
- age   1:     871248 bytes,     871248 total
- age   2:       8840 bytes,     880088 total
- age   3:       7832 bytes,     887920 total
- age   4:      10728 bytes,     898648 total
- age   5:        624 bytes,     899272 total
- age   6:       3440 bytes,     902712 total
: 656968K->1526K(737280K), 0.0066400 secs] 1645146K->989718K(1761280K), 0.0067740 secs] [Times: user=0.04 sys=0.00, real=0.01 secs] 
353.873: [GC353.873: [ParNew
Desired survivor size 41943040 bytes, new threshold 6 (max 6)
- age   1:     421312 bytes,     421312 total
- age   2:       9272 bytes,     430584 total
- age   3:       8696 bytes,     439280 total
- age   4:       7760 bytes,     447040 total
- age   5:      10704 bytes,     457744 total
- age   6:        624 bytes,     458368 total
: 656886K->804K(737280K), 0.0182020 secs] 1645078K->989000K(1761280K), 0.0183690 secs] [Times: user=0.08 sys=0.00, real=0.02 secs] 
354.147: [GC354.147: [ParNew
Desired survivor size 41943040 bytes, new threshold 6 (max 6)
- age   1:     857992 bytes,     857992 total
- age   2:       5624 bytes,     863616 total
- age   3:       9152 bytes,     872768 total
- age   4:       8624 bytes,     881392 total
- age   5:       7616 bytes,     889008 total
- age   6:      10656 bytes,     899664 total
: 656164K->1060K(737280K), 0.0066420 secs] 1644360K->989256K(1761280K), 0.0067710 secs] [Times: user=0.04 sys=0.00, real=0.01 secs] 
354.385: [GC354.385: [ParNew
Desired survivor size 41943040 bytes, new threshold 6 (max 6)
- age   1:    1557128 bytes,    1557128 total
- age   2:      19072 bytes,    1576200 total
- age   3:       5504 bytes,    1581704 total
- age   4:       8936 bytes,    1590640 total
- age   5:       8600 bytes,    1599240 total
- age   6:       7568 bytes,    1606808 total
: 656420K->1935K(737280K), 0.0069510 secs] 1644616K->990143K(1761280K), 0.0071060 secs] [Times: user=0.05 sys=0.00, real=0.01 secs] 
354.615: [GC354.615: [ParNew
Desired survivor size 41943040 bytes, new threshold 6 (max 6)
- age   1:     938568 bytes,     938568 total
- age   2:      12336 bytes,     950904 total
- age   3:      18952 bytes,     969856 total
- age   4:       5504 bytes,     975360 total
- age   5:       8936 bytes,     984296 total
- age   6:       8600 bytes,     992896 total
: 657295K->1531K(737280K), 0.0065090 secs] 1645503K->989747K(1761280K), 0.0066750 secs] [Times: user=0.04 sys=0.00, real=0.01 secs] 
354.851: [GC354.851: [ParNew
Desired survivor size 41943040 bytes, new threshold 6 (max 6)
- age   1:    1105152 bytes,    1105152 total
- age   2:       1144 bytes,    1106296 total
- age   3:      12000 bytes,    1118296 total
- age   4:      18688 bytes,    1136984 total
- age   5:       5456 bytes,    1142440 total
- age   6:       8864 bytes,    1151304 total
: 656891K->1868K(737280K), 0.0068000 secs] 1645107K->990093K(1761280K), 0.0069660 secs] [Times: user=0.05 sys=0.00, real=0.00 secs] 
355.089: [GC355.089: [ParNew
Desired survivor size 41943040 bytes, new threshold 6 (max 6)
- age   1:    2892016 bytes,    2892016 total
- age   2:      15448 bytes,    2907464 total
- age   3:       1144 bytes,    2908608 total
- age   4:      12000 bytes,    2920608 total
- age   5:      18664 bytes,    2939272 total
- age   6:       5456 bytes,    2944728 total
: 657228K->3330K(737280K), 0.0082890 secs] 1645453K->991565K(1761280K), 0.0084950 secs] [Times: user=0.06 sys=0.00, real=0.01 secs] 
355.313: [GC355.314: [ParNew
Desired survivor size 41943040 bytes, new threshold 6 (max 6)
- age   1:    1515872 bytes,    1515872 total
- age   2:       5280 bytes,    1521152 total
- age   3:      14912 bytes,    1536064 total
- age   4:        736 bytes,    1536800 total
- age   5:      11688 bytes,    1548488 total
- age   6:      18328 bytes,    1566816 total
: 658690K->2434K(737280K), 0.0070630 secs] 1646925K->990675K(1761280K), 0.0072230 secs] [Times: user=0.05 sys=0.00, real=0.01 secs] 
355.540: [GC355.540: [ParNew
Desired survivor size 41943040 bytes, new threshold 6 (max 6)
- age   1:    1514000 bytes,    1514000 total
- age   2:      11424 bytes,    1525424 total
- age   3:       5112 bytes,    1530536 total
- age   4:      14792 bytes,    1545328 total
- age   5:        736 bytes,    1546064 total
- age   6:      11688 bytes,    1557752 total
: 657794K->2414K(737280K), 0.0073210 secs] 1646035K->990674K(1761280K), 0.0074940 secs] [Times: user=0.05 sys=0.00, real=0.00 secs] 
355.775: [GC355.775: [ParNew
Desired survivor size 41943040 bytes, new threshold 6 (max 6)
- age   1:    1503976 bytes,    1503976 total
- age   2:       2744 bytes,    1506720 total
- age   3:      10944 bytes,    1517664 total
- age   4:       5040 bytes,    1522704 total
- age   5:      14672 bytes,    1537376 total
- age   6:        616 bytes,    1537992 total
: 657774K->2172K(737280K), 0.0071270 secs] 1646034K->990444K(1761280K), 0.0072670 secs] [Times: user=0.05 sys=0.00, real=0.01 secs] 
356.034: [GC356.034: [ParNew
Desired survivor size 41943040 bytes, new threshold 6 (max 6)
- age   1:    1212104 bytes,    1212104 total
- age   2:      14368 bytes,    1226472 total
- age   3:        952 bytes,    1227424 total
- age   4:      10944 bytes,    1238368 total
- age   5:       5040 bytes,    1243408 total
- age   6:      14672 bytes,    1258080 total
: 657532K->1901K(737280K), 0.0066620 secs] 1645804K->990174K(1761280K), 0.0068630 secs] [Times: user=0.05 sys=0.00, real=0.01 secs] 
356.270: [GC356.270: [ParNew
Desired survivor size 41943040 bytes, new threshold 6 (max 6)
- age   1:     863240 bytes,     863240 total
- age   2:      13392 bytes,     876632 total
- age   3:      14368 bytes,     891000 total
- age   4:        952 bytes,     891952 total
- age   5:      10920 bytes,     902872 total
- age   6:       5016 bytes,     907888 total
: 657261K->1627K(737280K), 0.0065710 secs] 1645534K->989915K(1761280K), 0.0067520 secs] [Times: user=0.04 sys=0.00, real=0.00 secs] 
356.497: [GC356.497: [ParNew
Desired survivor size 41943040 bytes, new threshold 6 (max 6)
- age   1:    1785928 bytes,    1785928 total
- age   2:      18640 bytes,    1804568 total
- age   3:      13392 bytes,    1817960 total
- age   4:      14368 bytes,    1832328 total
- age   5:        952 bytes,    1833280 total
- age   6:      10920 bytes,    1844200 total
: 656987K->2138K(737280K), 0.0068530 secs] 1645275K->990432K(1761280K), 0.0069940 secs] [Times: user=0.05 sys=0.01, real=0.01 secs] 
356.724: [GC356.724: [ParNew
Desired survivor size 41943040 bytes, new threshold 6 (max 6)
- age   1:     452792 bytes,     452792 total
- age   2:        968 bytes,     453760 total
- age   3:      18280 bytes,     472040 total
- age   4:      12936 bytes,     484976 total
- age   5:      14128 bytes,     499104 total
- age   6:        808 bytes,     499912 total
: 657498K->1515K(737280K), 0.0063500 secs] 1645792K->989820K(1761280K), 0.0064760 secs] [Times: user=0.04 sys=0.00, real=0.01 secs] 
356.973: [GC356.973: [ParNew
Desired survivor size 41943040 bytes, new threshold 6 (max 6)
- age   1:     615768 bytes,     615768 total
- age   2:       5264 bytes,     621032 total
- age   3:        680 bytes,     621712 total
- age   4:      18112 bytes,     639824 total
- age   5:      12912 bytes,     652736 total
- age   6:      14128 bytes,     666864 total
: 656875K->939K(737280K), 0.0063850 secs] 1645180K->989245K(1761280K), 0.0065070 secs] [Times: user=0.04 sys=0.00, real=0.01 secs] 
357.192: [GC357.192: [ParNew
Desired survivor size 41943040 bytes, new threshold 6 (max 6)
- age   1:    1482576 bytes,    1482576 total
- age   2:      12616 bytes,    1495192 total
- age   3:       5072 bytes,    1500264 total
- age   4:        464 bytes,    1500728 total
- age   5:      17848 bytes,    1518576 total
- age   6:      12720 bytes,    1531296 total
: 656299K->1917K(737280K), 0.0070100 secs] 1644605K->990238K(1761280K), 0.0071600 secs] [Times: user=0.04 sys=0.00, real=0.01 secs] 
357.399: [CMS-concurrent-mark: 7.871/8.164 secs] [Times: user=60.89 sys=1.22, real=8.17 secs] 
357.399: [CMS-concurrent-preclean-start]
357.419: [CMS-concurrent-preclean: 0.018/0.020 secs] [Times: user=0.15 sys=0.00, real=0.02 secs] 
357.419: [CMS-concurrent-abortable-preclean-start]
357.421: [GC357.421: [ParNew
Desired survivor size 41943040 bytes, new threshold 6 (max 6)
- age   1:     738568 bytes,     738568 total
- age   2:      10200 bytes,     748768 total
- age   3:      12568 bytes,     761336 total
- age   4:       5072 bytes,     766408 total
- age   5:        464 bytes,     766872 total
- age   6:      17848 bytes,     784720 total
: 657277K->1275K(737280K), 0.0064750 secs] 1645598K->989609K(1761280K), 0.0066210 secs] [Times: user=0.04 sys=0.01, real=0.00 secs] 
357.551: [CMS-concurrent-abortable-preclean: 0.124/0.132 secs] [Times: user=0.98 sys=0.02, real=0.13 secs] 
357.559: [GC[YG occupancy: 391021 K (737280 K)]357.559: [Rescan (parallel) , 0.0686100 secs]357.627: [weak refs processing, 0.0000300 secs]357.627: [scrub string table, 0.0011100 secs] [1 CMS-remark: 988334K(1024000K)] 1379355K(1761280K), 0.0698930 secs] [Times: user=0.52 sys=0.00, real=0.07 secs] 
357.629: [CMS-concurrent-sweep-start]
357.733: [GC357.733: [ParNew
Desired survivor size 41943040 bytes, new threshold 6 (max 6)
- age   1:     542384 bytes,     542384 total
- age   2:       5656 bytes,     548040 total
- age   3:       9840 bytes,     557880 total
- age   4:      12544 bytes,     570424 total
- age   5:       5048 bytes,     575472 total
- age   6:        464 bytes,     575936 total
: 656635K->893K(737280K), 0.0065900 secs] 1644969K->989245K(1761280K), 0.0067720 secs] [Times: user=0.04 sys=0.00, real=0.01 secs] 
357.984: [GC357.984: [ParNew
Desired survivor size 41943040 bytes, new threshold 6 (max 6)
- age   1:     162800 bytes,     162800 total
- age   2:      13216 bytes,     176016 total
- age   3:       5656 bytes,     181672 total
- age   4:       9840 bytes,     191512 total
- age   5:      12544 bytes,     204056 total
- age   6:       5048 bytes,     209104 total
: 656253K->645K(737280K), 0.0064040 secs] 1644605K->988997K(1761280K), 0.0065630 secs] [Times: user=0.04 sys=0.00, real=0.01 secs] 
358.231: [GC358.231: [ParNew
Desired survivor size 41943040 bytes, new threshold 6 (max 6)
- age   1:    1051208 bytes,    1051208 total
- age   2:       1600 bytes,    1052808 total
- age   3:      13024 bytes,    1065832 total
- age   4:       5608 bytes,    1071440 total
- age   5:       9696 bytes,    1081136 total
- age   6:      12400 bytes,    1093536 total
: 656005K->1194K(737280K), 0.0070840 secs] 1644357K->989552K(1761280K), 0.0072290 secs] [Times: user=0.04 sys=0.00, real=0.00 secs] 
358.481: [GC358.481: [ParNew
Desired survivor size 41943040 bytes, new threshold 6 (max 6)
- age   1:     978504 bytes,     978504 total
- age   2:       2112 bytes,     980616 total
- age   3:       1312 bytes,     981928 total
- age   4:      12664 bytes,     994592 total
- age   5:       5464 bytes,    1000056 total
- age   6:       9600 bytes,    1009656 total
: 656554K->1601K(737280K), 0.0067920 secs] 1644912K->989972K(1761280K), 0.0069250 secs] [Times: user=0.05 sys=0.00, real=0.00 secs] 
358.720: [GC358.721: [ParNew
Desired survivor size 41943040 bytes, new threshold 6 (max 6)
- age   1:     760848 bytes,     760848 total
- age   2:      20072 bytes,     780920 total
- age   3:       1800 bytes,     782720 total
- age   4:       1096 bytes,     783816 total
- age   5:      12448 bytes,     796264 total
- age   6:       5272 bytes,     801536 total
: 656961K->1310K(737280K), 0.0068350 secs] 1645332K->989691K(1761280K), 0.0069900 secs] [Times: user=0.04 sys=0.00, real=0.00 secs] 
358.912: [CMS-concurrent-sweep: 1.241/1.282 secs] [Times: user=9.55 sys=0.19, real=1.28 secs] 
358.912: [CMS-concurrent-reset-start]
358.940: [CMS-concurrent-reset: 0.028/0.028 secs] [Times: user=0.22 sys=0.00, real=0.03 secs] 
358.976: [GC358.976: [ParNew
Desired survivor size 41943040 bytes, new threshold 6 (max 6)
- age   1:    1106152 bytes,    1106152 total
- age   2:       5624 bytes,    1111776 total
- age   3:      19904 bytes,    1131680 total
- age   4:       1728 bytes,    1133408 total
- age   5:       1096 bytes,    1134504 total
- age   6:      12448 bytes,    1146952 total
: 656670K->1396K(737280K), 0.0067360 secs] 1645015K->989747K(1761280K), 0.0068700 secs] [Times: user=0.05 sys=0.00, real=0.01 secs] 
358.984: [GC [1 CMS-initial-mark: 988351K(1024000K)] 991868K(1761280K), 0.0057340 secs] [Times: user=0.01 sys=0.00, real=0.00 secs] 
358.991: [CMS-concurrent-mark-start]
359.229: [GC359.229: [ParNew
Desired survivor size 41943040 bytes, new threshold 6 (max 6)
- age   1:    1388256 bytes,    1388256 total
- age   2:      12792 bytes,    1401048 total
- age   3:       5552 bytes,    1406600 total
- age   4:      19880 bytes,    1426480 total
- age   5:       1680 bytes,    1428160 total
- age   6:       1096 bytes,    1429256 total
: 656756K->1946K(737280K), 0.0072340 secs] 1645107K->990311K(1761280K), 0.0073950 secs] [Times: user=0.05 sys=0.00, real=0.01 secs] 
359.471: [GC359.471: [ParNew
Desired survivor size 41943040 bytes, new threshold 6 (max 6)
- age   1:     833880 bytes,     833880 total
- age   2:      12280 bytes,     846160 total
- age   3:      12624 bytes,     858784 total
- age   4:       5408 bytes,     864192 total
- age   5:      19832 bytes,     884024 total
- age   6:       1488 bytes,     885512 total
: 657306K->1612K(737280K), 0.0065990 secs] 1645671K->989979K(1761280K), 0.0067980 secs] [Times: user=0.04 sys=0.00, real=0.00 secs] 
359.713: [GC359.713: [ParNew
Desired survivor size 41943040 bytes, new threshold 6 (max 6)
- age   1:    1022896 bytes,    1022896 total
- age   2:       6600 bytes,    1029496 total
- age   3:      12256 bytes,    1041752 total
- age   4:      12624 bytes,    1054376 total
- age   5:       5408 bytes,    1059784 total
- age   6:      19832 bytes,    1079616 total
: 656972K->1374K(737280K), 0.0066300 secs] 1645339K->989743K(1761280K), 0.0067480 secs] [Times: user=0.05 sys=0.00, real=0.00 secs] 
359.976: [GC359.976: [ParNew
Desired survivor size 41943040 bytes, new threshold 6 (max 6)
- age   1:    1081896 bytes,    1081896 total
- age   2:       5224 bytes,    1087120 total
- age   3:       6600 bytes,    1093720 total
- age   4:      12256 bytes,    1105976 total
- age   5:      12624 bytes,    1118600 total
- age   6:       5408 bytes,    1124008 total
: 656734K->1428K(737280K), 0.0069740 secs] 1645103K->989818K(1761280K), 0.0071140 secs] [Times: user=0.04 sys=0.00, real=0.01 secs] 
360.227: [GC360.227: [ParNew
Desired survivor size 41943040 bytes, new threshold 6 (max 6)
- age   1:    1684448 bytes,    1684448 total
- age   2:       2472 bytes,    1686920 total
- age   3:       5008 bytes,    1691928 total
- age   4:       6288 bytes,    1698216 total
- age   5:      12160 bytes,    1710376 total
- age   6:      12576 bytes,    1722952 total
: 656788K->2122K(737280K), 0.0075780 secs] 1645178K->990518K(1761280K), 0.0077510 secs] [Times: user=0.04 sys=0.00, real=0.01 secs] 
360.458: [GC360.458: [ParNew
Desired survivor size 41943040 bytes, new threshold 6 (max 6)
- age   1:    1389456 bytes,    1389456 total
- age   2:       5720 bytes,    1395176 total
- age   3:       2376 bytes,    1397552 total
- age   4:       4888 bytes,    1402440 total
- age   5:       6208 bytes,    1408648 total
- age   6:      12008 bytes,    1420656 total
: 657482K->2290K(737280K), 0.0069580 secs] 1645878K->990699K(1761280K), 0.0071290 secs] [Times: user=0.05 sys=0.00, real=0.01 secs] 
360.715: [GC360.715: [ParNew
Desired survivor size 41943040 bytes, new threshold 6 (max 6)
- age   1:    1340656 bytes,    1340656 total
- age   2:      14104 bytes,    1354760 total
- age   3:       5168 bytes,    1359928 total
- age   4:       2040 bytes,    1361968 total
- age   5:       4648 bytes,    1366616 total
- age   6:       5896 bytes,    1372512 total
: 657650K->2311K(737280K), 0.0068730 secs] 1646059K->990732K(1761280K), 0.0070300 secs] [Times: user=0.05 sys=0.00, real=0.01 secs] 
360.965: [GC360.965: [ParNew
Desired survivor size 41943040 bytes, new threshold 6 (max 6)
- age   1:    1728848 bytes,    1728848 total
- age   2:       8184 bytes,    1737032 total
- age   3:      14080 bytes,    1751112 total
- age   4:       5072 bytes,    1756184 total
- age   5:       2016 bytes,    1758200 total
- age   6:       4648 bytes,    1762848 total
: 657671K->2038K(737280K), 0.0073970 secs] 1646092K->990466K(1761280K), 0.0075440 secs] [Times: user=0.05 sys=0.00, real=0.01 secs] 
361.188: [GC361.188: [ParNew
Desired survivor size 41943040 bytes, new threshold 6 (max 6)
- age   1:    2215136 bytes,    2215136 total
- age   2:       2872 bytes,    2218008 total
- age   3:       8016 bytes,    2226024 total
- age   4:      13984 bytes,    2240008 total
- age   5:       5000 bytes,    2245008 total
- age   6:       2016 bytes,    2247024 total
: 657398K->2635K(737280K), 0.0074200 secs] 1645826K->991068K(1761280K), 0.0075820 secs] [Times: user=0.05 sys=0.01, real=0.01 secs] 
361.431: [GC361.431: [ParNew
Desired survivor size 41943040 bytes, new threshold 6 (max 6)
- age   1:     981880 bytes,     981880 total
- age   2:       1064 bytes,     982944 total
- age   3:       2680 bytes,     985624 total
- age   4:       7848 bytes,     993472 total
- age   5:      13864 bytes,    1007336 total
- age   6:       4976 bytes,    1012312 total
: 657995K->2022K(737280K), 0.0068350 secs] 1646428K->990458K(1761280K), 0.0070170 secs] [Times: user=0.04 sys=0.00, real=0.00 secs] 
361.671: [GC361.671: [ParNew
Desired survivor size 41943040 bytes, new threshold 6 (max 6)
- age   1:    2215352 bytes,    2215352 total
- age   2:       3360 bytes,    2218712 total
- age   3:        896 bytes,    2219608 total
- age   4:       2512 bytes,    2222120 total
- age   5:       7632 bytes,    2229752 total
- age   6:      13816 bytes,    2243568 total
: 657382K->2519K(737280K), 0.0076530 secs] 1645818K->990961K(1761280K), 0.0079070 secs] [Times: user=0.05 sys=0.00, real=0.00 secs] 
361.920: [GC361.920: [ParNew
Desired survivor size 41943040 bytes, new threshold 6 (max 6)
- age   1:    1246112 bytes,    1246112 total
- age   2:      15984 bytes,    1262096 total
- age   3:       3216 bytes,    1265312 total
- age   4:        824 bytes,    1266136 total
- age   5:       2488 bytes,    1268624 total
- age   6:       7632 bytes,    1276256 total
: 657879K->1862K(737280K), 0.0070150 secs] 1646321K->990318K(1761280K), 0.0071670 secs] [Times: user=0.04 sys=0.00, real=0.01 secs] 
362.134: [GC362.134: [ParNew
Desired survivor size 41943040 bytes, new threshold 6 (max 6)
- age   1:    1477000 bytes,    1477000 total
- age   2:      17392 bytes,    1494392 total
- age   3:      15984 bytes,    1510376 total
- age   4:       3216 bytes,    1513592 total
- age   5:        824 bytes,    1514416 total
- age   6:       2488 bytes,    1516904 total
: 657222K->2275K(737280K), 0.0074040 secs] 1645678K->990738K(1761280K), 0.0075710 secs] [Times: user=0.05 sys=0.00, real=0.01 secs] 
362.373: [GC362.373: [ParNew
Desired survivor size 41943040 bytes, new threshold 6 (max 6)
- age   1:    1517656 bytes,    1517656 total
- age   2:       5072 bytes,    1522728 total
- age   3:      14944 bytes,    1537672 total
- age   4:      15984 bytes,    1553656 total
- age   5:       3216 bytes,    1556872 total
- age   6:        776 bytes,    1557648 total
: 657635K->2009K(737280K), 0.0081500 secs] 1646098K->990475K(1761280K), 0.0082920 secs] [Times: user=0.05 sys=0.00, real=0.01 secs] 
362.606: [GC362.606: [ParNew
Desired survivor size 41943040 bytes, new threshold 6 (max 6)
- age   1:    2197976 bytes,    2197976 total
- age   2:      15840 bytes,    2213816 total
- age   3:       4832 bytes,    2218648 total
- age   4:      14896 bytes,    2233544 total
- age   5:      15888 bytes,    2249432 total
- age   6:       3096 bytes,    2252528 total
: 657369K->3012K(737280K), 0.0074740 secs] 1645835K->991479K(1761280K), 0.0076340 secs] [Times: user=0.04 sys=0.01, real=0.01 secs] 
362.838: [GC362.838: [ParNew
Desired survivor size 41943040 bytes, new threshold 6 (max 6)
- age   1:    1426272 bytes,    1426272 total
- age   2:      12112 bytes,    1438384 total
- age   3:      15744 bytes,    1454128 total
- age   4:       4736 bytes,    1458864 total
- age   5:      14792 bytes,    1473656 total
- age   6:      15840 bytes,    1489496 total
: 658372K->2532K(737280K), 0.0069840 secs] 1646839K->991003K(1761280K), 0.0071060 secs] [Times: user=0.05 sys=0.00, real=0.01 secs] 
363.081: [GC363.081: [ParNew
Desired survivor size 41943040 bytes, new threshold 6 (max 6)
- age   1:    1810128 bytes,    1810128 total
- age   2:       7584 bytes,    1817712 total
- age   3:      12112 bytes,    1829824 total
- age   4:      15744 bytes,    1845568 total
- age   5:       4736 bytes,    1850304 total
- age   6:      14760 bytes,    1865064 total
: 657892K->2235K(737280K), 0.0072160 secs] 1646363K->990723K(1761280K), 0.0073360 secs] [Times: user=0.05 sys=0.01, real=0.00 secs] 
363.321: [GC363.322: [ParNew
Desired survivor size 41943040 bytes, new threshold 6 (max 6)
- age   1:     826072 bytes,     826072 total
- age   2:        976 bytes,     827048 total
- age   3:       7296 bytes,     834344 total
- age   4:      11728 bytes,     846072 total
- age   5:      15528 bytes,     861600 total
- age   6:       4568 bytes,     866168 total
: 657595K->1629K(737280K), 0.0064720 secs] 1646083K->990132K(1761280K), 0.0066870 secs] [Times: user=0.04 sys=0.00, real=0.00 secs] 
363.555: [GC363.555: [ParNew
Desired survivor size 41943040 bytes, new threshold 6 (max 6)
- age   1:     939200 bytes,     939200 total
- age   2:      15752 bytes,     954952 total
- age   3:        832 bytes,     955784 total
- age   4:       7048 bytes,     962832 total
- age   5:      11584 bytes,     974416 total
- age   6:      15504 bytes,     989920 total
: 656989K->1267K(737280K), 0.0063580 secs] 1645492K->989776K(1761280K), 0.0064840 secs] [Times: user=0.05 sys=0.00, real=0.01 secs] 
363.794: [GC363.794: [ParNew
Desired survivor size 41943040 bytes, new threshold 6 (max 6)
- age   1:    1568648 bytes,    1568648 total
- age   2:       9264 bytes,    1577912 total
- age   3:      15608 bytes,    1593520 total
- age   4:        832 bytes,    1594352 total
- age   5:       7048 bytes,    1601400 total
- age   6:      11584 bytes,    1612984 total
: 656627K->2152K(737280K), 0.0069110 secs] 1645136K->990676K(1761280K), 0.0070530 secs] [Times: user=0.04 sys=0.00, real=0.00 secs] 
364.038: [GC364.038: [ParNew
Desired survivor size 41943040 bytes, new threshold 6 (max 6)
- age   1:     990328 bytes,     990328 total
- age   2:       9664 bytes,     999992 total
- age   3:       8880 bytes,    1008872 total
- age   4:      15560 bytes,    1024432 total
- age   5:        832 bytes,    1025264 total
- age   6:       7048 bytes,    1032312 total
: 657512K->1583K(737280K), 0.0071000 secs] 1646036K->990120K(1761280K), 0.0072900 secs] [Times: user=0.05 sys=0.01, real=0.01 secs] 
364.262: [GC364.262: [ParNew
Desired survivor size 41943040 bytes, new threshold 6 (max 6)
- age   1:    1240144 bytes,    1240144 total
- age   2:       4912 bytes,    1245056 total
- age   3:       9664 bytes,    1254720 total
- age   4:       8880 bytes,    1263600 total
- age   5:      15512 bytes,    1279112 total
- age   6:        832 bytes,    1279944 total
: 656943K->1939K(737280K), 0.0067880 secs] 1645480K->990483K(1761280K), 0.0069360 secs] [Times: user=0.05 sys=0.00, real=0.00 secs] 
364.496: [GC364.497: [ParNew
Desired survivor size 41943040 bytes, new threshold 6 (max 6)
- age   1:     468496 bytes,     468496 total
- age   2:       4360 bytes,     472856 total
- age   3:       4648 bytes,     477504 total
- age   4:       9280 bytes,     486784 total
- age   5:       8544 bytes,     495328 total
- age   6:      15200 bytes,     510528 total
: 657299K->1214K(737280K), 0.0066740 secs] 1645843K->989760K(1761280K), 0.0067930 secs] [Times: user=0.04 sys=0.01, real=0.01 secs] 
364.739: [GC364.739: [ParNew
Desired survivor size 41943040 bytes, new threshold 6 (max 6)
- age   1:    1471120 bytes,    1471120 total
- age   2:      14928 bytes,    1486048 total
- age   3:       4360 bytes,    1490408 total
- age   4:       4648 bytes,    1495056 total
- age   5:       9280 bytes,    1504336 total
- age   6:       8544 bytes,    1512880 total
: 656574K->1717K(737280K), 0.0066780 secs] 1645120K->990278K(1761280K), 0.0068090 secs] [Times: user=0.04 sys=0.00, real=0.01 secs] 
364.985: [GC364.985: [ParNew
Desired survivor size 41943040 bytes, new threshold 6 (max 6)
- age   1:    2108064 bytes,    2108064 total
- age   2:       1472 bytes,    2109536 total
- age   3:      14496 bytes,    2124032 total
- age   4:       4168 bytes,    2128200 total
- age   5:       4528 bytes,    2132728 total
- age   6:       9208 bytes,    2141936 total
: 657077K->2461K(737280K), 0.0072080 secs] 1645638K->991032K(1761280K), 0.0073650 secs] [Times: user=0.05 sys=0.00, real=0.01 secs] 
365.219: [GC365.219: [ParNew
Desired survivor size 41943040 bytes, new threshold 6 (max 6)
- age   1:    1054952 bytes,    1054952 total
- age   2:       9720 bytes,    1064672 total
- age   3:       1232 bytes,    1065904 total
- age   4:      14232 bytes,    1080136 total
- age   5:       3904 bytes,    1084040 total
- age   6:       4504 bytes,    1088544 total
: 657821K->2345K(737280K), 0.0088870 secs] 1646392K->990926K(1761280K), 0.0090910 secs] [Times: user=0.05 sys=0.01, real=0.01 secs] 
365.443: [GC365.443: [ParNew
Desired survivor size 41943040 bytes, new threshold 6 (max 6)
- age   1:    1223584 bytes,    1223584 total
- age   2:      11520 bytes,    1235104 total
- age   3:       9696 bytes,    1244800 total
- age   4:       1232 bytes,    1246032 total
- age   5:      14232 bytes,    1260264 total
- age   6:       3904 bytes,    1264168 total
: 657705K->1627K(737280K), 0.0071050 secs] 1646286K->990213K(1761280K), 0.0072780 secs] [Times: user=0.04 sys=0.00, real=0.00 secs] 
365.662: [GC365.662: [ParNew
Desired survivor size 41943040 bytes, new threshold 6 (max 6)
- age   1:     500784 bytes,     500784 total
- age   2:       4240 bytes,     505024 total
- age   3:      11400 bytes,     516424 total
- age   4:       9648 bytes,     526072 total
- age   5:       1232 bytes,     527304 total
- age   6:      14232 bytes,     541536 total
: 656987K->1285K(737280K), 0.0062350 secs] 1645573K->989875K(1761280K), 0.0064010 secs] [Times: user=0.04 sys=0.00, real=0.01 secs] 
365.888: [GC365.888: [ParNew
Desired survivor size 41943040 bytes, new threshold 6 (max 6)
- age   1:     999352 bytes,     999352 total
- age   2:       5112 bytes,    1004464 total
- age   3:       4168 bytes,    1008632 total
- age   4:      11400 bytes,    1020032 total
- age   5:       9648 bytes,    1029680 total
- age   6:       1232 bytes,    1030912 total
: 656645K->1270K(737280K), 0.0114350 secs] 1645235K->989875K(1761280K), 0.0115890 secs] [Times: user=0.05 sys=0.01, real=0.01 secs] 
366.118: [GC366.118: [ParNew
Desired survivor size 41943040 bytes, new threshold 6 (max 6)
- age   1:    1142792 bytes,    1142792 total
- age   2:       1984 bytes,    1144776 total
- age   3:       4920 bytes,    1149696 total
- age   4:       4024 bytes,    1153720 total
- age   5:      11112 bytes,    1164832 total
- age   6:       9360 bytes,    1174192 total
: 656630K->1533K(737280K), 0.0065700 secs] 1645235K->990139K(1761280K), 0.0067200 secs] [Times: user=0.05 sys=0.00, real=0.01 secs] 
366.356: [GC366.356: [ParNew
Desired survivor size 41943040 bytes, new threshold 6 (max 6)
- age   1:    1256088 bytes,    1256088 total
- age   2:       5472 bytes,    1261560 total
- age   3:       1672 bytes,    1263232 total
- age   4:       4824 bytes,    1268056 total
- age   5:       4000 bytes,    1272056 total
- age   6:      11064 bytes,    1283120 total
: 656893K->1888K(737280K), 0.0067310 secs] 1645499K->990504K(1761280K), 0.0069030 secs] [Times: user=0.04 sys=0.00, real=0.01 secs] 
366.601: [GC366.601: [ParNew
Desired survivor size 41943040 bytes, new threshold 6 (max 6)
- age   1:    2161928 bytes,    2161928 total
- age   2:      16288 bytes,    2178216 total
- age   3:       5296 bytes,    2183512 total
- age   4:       1576 bytes,    2185088 total
- age   5:       4704 bytes,    2189792 total
- age   6:       3952 bytes,    2193744 total
: 657248K->2721K(737280K), 0.0076540 secs] 1645864K->991349K(1761280K), 0.0077900 secs] [Times: user=0.05 sys=0.00, real=0.01 secs] 
366.839: [GC366.839: [ParNew
Desired survivor size 41943040 bytes, new threshold 6 (max 6)
- age   1:     802912 bytes,     802912 total
- age   2:       9736 bytes,     812648 total
- age   3:      16000 bytes,     828648 total
- age   4:       5272 bytes,     833920 total
- age   5:       1576 bytes,     835496 total
- age   6:       4704 bytes,     840200 total
: 658081K->1909K(737280K), 0.0064560 secs] 1646709K->990541K(1761280K), 0.0066000 secs] [Times: user=0.05 sys=0.00, real=0.01 secs] 
367.080: [GC367.080: [ParNew
Desired survivor size 41943040 bytes, new threshold 6 (max 6)
- age   1:    1355600 bytes,    1355600 total
- age   2:      10152 bytes,    1365752 total
- age   3:       9736 bytes,    1375488 total
- age   4:      16000 bytes,    1391488 total
- age   5:       5272 bytes,    1396760 total
- age   6:       1576 bytes,    1398336 total
: 657269K->1668K(737280K), 0.0069870 secs] 1645901K->990305K(1761280K), 0.0071090 secs] [Times: user=0.04 sys=0.00, real=0.01 secs] 
367.102: [CMS-concurrent-mark: 7.808/8.111 secs] [Times: user=60.65 sys=1.16, real=8.11 secs] 
367.103: [CMS-concurrent-preclean-start]
367.124: [CMS-concurrent-preclean: 0.020/0.021 secs] [Times: user=0.17 sys=0.01, real=0.02 secs] 
367.124: [CMS-concurrent-abortable-preclean-start]
367.206: [CMS-concurrent-abortable-preclean: 0.082/0.082 secs] [Times: user=0.64 sys=0.01, real=0.08 secs] 
367.232: [GC[YG occupancy: 447010 K (737280 K)]367.232: [Rescan (parallel) , 0.0987750 secs]367.331: [weak refs processing, 0.0000300 secs]367.331: [scrub string table, 0.0009910 secs] [1 CMS-remark: 988637K(1024000K)] 1435647K(1761280K), 0.0999580 secs] [Times: user=0.75 sys=0.00, real=0.10 secs] 
367.333: [CMS-concurrent-sweep-start]
367.413: [GC367.413: [ParNew
Desired survivor size 41943040 bytes, new threshold 6 (max 6)
- age   1:    1548584 bytes,    1548584 total
- age   2:       2888 bytes,    1551472 total
- age   3:      10152 bytes,    1561624 total
- age   4:       9736 bytes,    1571360 total
- age   5:      15952 bytes,    1587312 total
- age   6:       5272 bytes,    1592584 total
: 657028K->2288K(737280K), 0.0068920 secs] 1645665K->990927K(1761280K), 0.0070870 secs] [Times: user=0.04 sys=0.00, real=0.00 secs] 
367.661: [GC367.661: [ParNew
Desired survivor size 41943040 bytes, new threshold 6 (max 6)
- age   1:    1584072 bytes,    1584072 total
- age   2:       1056 bytes,    1585128 total
- age   3:       2888 bytes,    1588016 total
- age   4:      10152 bytes,    1598168 total
- age   5:       9736 bytes,    1607904 total
- age   6:      15952 bytes,    1623856 total
: 657648K->2391K(737280K), 0.0071600 secs] 1646287K->991036K(1761280K), 0.0073580 secs] [Times: user=0.05 sys=0.00, real=0.01 secs] 
367.918: [GC367.918: [ParNew
Desired survivor size 41943040 bytes, new threshold 6 (max 6)
- age   1:    1841016 bytes,    1841016 total
- age   2:       1152 bytes,    1842168 total
- age   3:        960 bytes,    1843128 total
- age   4:       2840 bytes,    1845968 total
- age   5:       9936 bytes,    1855904 total
- age   6:       9688 bytes,    1865592 total
: 657751K->2919K(737280K), 0.0073070 secs] 1646396K->991581K(1761280K), 0.0074450 secs] [Times: user=0.05 sys=0.00, real=0.01 secs] 
368.149: [GC368.149: [ParNew
Desired survivor size 41943040 bytes, new threshold 6 (max 6)
- age   1:    1547712 bytes,    1547712 total
- age   2:       2112 bytes,    1549824 total
- age   3:       1008 bytes,    1550832 total
- age   4:        936 bytes,    1551768 total
- age   5:       2768 bytes,    1554536 total
- age   6:       9888 bytes,    1564424 total
: 658279K->2633K(737280K), 0.0069750 secs] 1646941K->991305K(1761280K), 0.0071770 secs] [Times: user=0.05 sys=0.00, real=0.01 secs] 
368.409: [GC368.409: [ParNew
Desired survivor size 41943040 bytes, new threshold 6 (max 6)
- age   1:    1893144 bytes,    1893144 total
- age   2:       5160 bytes,    1898304 total
- age   3:       1800 bytes,    1900104 total
- age   4:        720 bytes,    1900824 total
- age   5:        864 bytes,    1901688 total
- age   6:       2600 bytes,    1904288 total
: 657993K->2150K(737280K), 0.0068100 secs] 1646665K->990832K(1761280K), 0.0069830 secs] [Times: user=0.05 sys=0.00, real=0.01 secs] 
368.619: [CMS-concurrent-sweep: 1.243/1.287 secs] [Times: user=9.64 sys=0.20, real=1.28 secs] 
368.620: [CMS-concurrent-reset-start]
368.656: [GC368.656: [ParNew
Desired survivor size 41943040 bytes, new threshold 6 (max 6)
- age   1:    2285392 bytes,    2285392 total
- age   2:       9536 bytes,    2294928 total
- age   3:       5160 bytes,    2300088 total
- age   4:       1800 bytes,    2301888 total
- age   5:        720 bytes,    2302608 total
- age   6:        864 bytes,    2303472 total
: 657510K->2883K(737280K), 0.0073680 secs] 1646154K->991531K(1761280K), 0.0075290 secs] [Times: user=0.04 sys=0.00, real=0.01 secs] 
368.664: [CMS-concurrent-reset: 0.035/0.045 secs] [Times: user=0.31 sys=0.00, real=0.05 secs] 
368.868: [GC368.869: [ParNew
Desired survivor size 41943040 bytes, new threshold 6 (max 6)
- age   1:    2494384 bytes,    2494384 total
- age   2:      11536 bytes,    2505920 total
- age   3:       9536 bytes,    2515456 total
- age   4:       5160 bytes,    2520616 total
- age   5:       1800 bytes,    2522416 total
- age   6:        720 bytes,    2523136 total
: 658243K->3935K(737280K), 0.0139320 secs] 1646891K->992585K(1761280K), 0.0141960 secs] [Times: user=0.07 sys=0.00, real=0.02 secs] 
368.891: [GC [1 CMS-initial-mark: 988649K(1024000K)] 994717K(1761280K), 0.0078070 secs] [Times: user=0.01 sys=0.00, real=0.01 secs] 
368.899: [CMS-concurrent-mark-start]
369.134: [GC369.134: [ParNew
Desired survivor size 41943040 bytes, new threshold 6 (max 6)
- age   1:    1939264 bytes,    1939264 total
- age   2:     648088 bytes,    2587352 total
- age   3:      11344 bytes,    2598696 total
- age   4:       9368 bytes,    2608064 total
- age   5:       5088 bytes,    2613152 total
- age   6:       1800 bytes,    2614952 total
: 659295K->4449K(737280K), 0.0077230 secs] 1647945K->993099K(1761280K), 0.0078890 secs] [Times: user=0.05 sys=0.00, real=0.00 secs] 
369.368: [GC369.368: [ParNew
Desired survivor size 41943040 bytes, new threshold 6 (max 6)
- age   1:    2227920 bytes,    2227920 total
- age   2:       8736 bytes,    2236656 total
- age   3:       1120 bytes,    2237776 total
- age   4:      11200 bytes,    2248976 total
- age   5:       9152 bytes,    2258128 total
- age   6:       4944 bytes,    2263072 total
: 659809K->2907K(737280K), 0.0097740 secs] 1648459K->991559K(1761280K), 0.0099500 secs] [Times: user=0.06 sys=0.00, real=0.01 secs] 
369.602: [GC369.602: [ParNew
Desired survivor size 41943040 bytes, new threshold 6 (max 6)
- age   1:    2215360 bytes,    2215360 total
- age   2:       9608 bytes,    2224968 total
- age   3:       8464 bytes,    2233432 total
- age   4:        928 bytes,    2234360 total
- age   5:      10960 bytes,    2245320 total
- age   6:       9032 bytes,    2254352 total
: 658267K->3579K(737280K), 0.0074790 secs] 1646919K->992236K(1761280K), 0.0076290 secs] [Times: user=0.05 sys=0.00, real=0.01 secs] 
369.845: [GC369.845: [ParNew
Desired survivor size 41943040 bytes, new threshold 6 (max 6)
- age   1:    2738200 bytes,    2738200 total
- age   2:       4632 bytes,    2742832 total
- age   3:       9416 bytes,    2752248 total
- age   4:       8320 bytes,    2760568 total
- age   5:        832 bytes,    2761400 total
- age   6:      10912 bytes,    2772312 total
: 658939K->4054K(737280K), 0.0079480 secs] 1647596K->992721K(1761280K), 0.0080970 secs] [Times: user=0.05 sys=0.00, real=0.01 secs] 
370.095: [GC370.095: [ParNew
Desired survivor size 41943040 bytes, new threshold 6 (max 6)
- age   1:     761760 bytes,     761760 total
- age   2:      10280 bytes,     772040 total
- age   3:       4632 bytes,     776672 total
- age   4:       9416 bytes,     786088 total
- age   5:       8320 bytes,     794408 total
- age   6:        832 bytes,     795240 total
: 659414K->2571K(737280K), 0.0063010 secs] 1648081K->991249K(1761280K), 0.0064130 secs] [Times: user=0.04 sys=0.00, real=0.00 secs] 
370.382: [GC370.382: [ParNew
Desired survivor size 41943040 bytes, new threshold 6 (max 6)
- age   1:     284992 bytes,     284992 total
- age   2:       4864 bytes,     289856 total
- age   3:      10040 bytes,     299896 total
- age   4:       4488 bytes,     304384 total
- age   5:       9296 bytes,     313680 total
- age   6:       8272 bytes,     321952 total
: 657931K->836K(737280K), 0.0060860 secs] 1646609K->989516K(1761280K), 0.0062370 secs] [Times: user=0.04 sys=0.00, real=0.00 secs] 
370.648: [GC370.648: [ParNew
Desired survivor size 41943040 bytes, new threshold 6 (max 6)
- age   1:    1116888 bytes,    1116888 total
- age   2:      14104 bytes,    1130992 total
- age   3:       4840 bytes,    1135832 total
- age   4:      10040 bytes,    1145872 total
- age   5:       4488 bytes,    1150360 total
- age   6:       9296 bytes,    1159656 total
: 656196K->1223K(737280K), 0.0068320 secs] 1644876K->989911K(1761280K), 0.0069560 secs] [Times: user=0.04 sys=0.00, real=0.01 secs] 
370.904: [GC370.904: [ParNew
Desired survivor size 41943040 bytes, new threshold 6 (max 6)
- age   1:     702152 bytes,     702152 total
- age   2:      15888 bytes,     718040 total
- age   3:      14008 bytes,     732048 total
- age   4:       4768 bytes,     736816 total
- age   5:       9992 bytes,     746808 total
- age   6:       4464 bytes,     751272 total
: 656583K->1036K(737280K), 0.0065740 secs] 1645271K->989735K(1761280K), 0.0067370 secs] [Times: user=0.04 sys=0.01, real=0.00 secs] 
371.163: [GC371.163: [ParNew
Desired survivor size 41943040 bytes, new threshold 6 (max 6)
- age   1:     751200 bytes,     751200 total
- age   2:       6640 bytes,     757840 total
- age   3:      15528 bytes,     773368 total
- age   4:      13744 bytes,     787112 total
- age   5:       4456 bytes,     791568 total
- age   6:       9752 bytes,     801320 total
: 656396K->1170K(737280K), 0.0062100 secs] 1645095K->989874K(1761280K), 0.0063440 secs] [Times: user=0.04 sys=0.00, real=0.00 secs] 
371.396: [GC371.396: [ParNew
Desired survivor size 41943040 bytes, new threshold 6 (max 6)
- age   1:    1524160 bytes,    1524160 total
- age   2:       4784 bytes,    1528944 total
- age   3:       6592 bytes,    1535536 total
- age   4:      15456 bytes,    1550992 total
- age   5:      13624 bytes,    1564616 total
- age   6:       4288 bytes,    1568904 total
: 656530K->1857K(737280K), 0.0070110 secs] 1645234K->990571K(1761280K), 0.0071370 secs] [Times: user=0.05 sys=0.00, real=0.01 secs] 
371.657: [GC371.657: [ParNew
Desired survivor size 41943040 bytes, new threshold 6 (max 6)
- age   1:     601584 bytes,     601584 total
- age   2:       8768 bytes,     610352 total
- age   3:       4760 bytes,     615112 total
- age   4:       6544 bytes,     621656 total
- age   5:      15408 bytes,     637064 total
- age   6:      13552 bytes,     650616 total
: 657217K->1344K(737280K), 0.0062160 secs] 1645931K->990063K(1761280K), 0.0063700 secs] [Times: user=0.04 sys=0.00, real=0.01 secs] 
371.910: [GC371.910: [ParNew
Desired survivor size 41943040 bytes, new threshold 6 (max 6)
- age   1:    1011400 bytes,    1011400 total
- age   2:       4624 bytes,    1016024 total
- age   3:       8528 bytes,    1024552 total
- age   4:       4640 bytes,    1029192 total
- age   5:       6496 bytes,    1035688 total
- age   6:      15408 bytes,    1051096 total
: 656704K->1292K(737280K), 0.0068720 secs] 1645423K->990025K(1761280K), 0.0070030 secs] [Times: user=0.05 sys=0.00, real=0.01 secs] 
372.153: [GC372.153: [ParNew
Desired survivor size 41943040 bytes, new threshold 6 (max 6)
- age   1:    2065624 bytes,    2065624 total
- age   2:       2024 bytes,    2067648 total
- age   3:       4464 bytes,    2072112 total
- age   4:       8456 bytes,    2080568 total
- age   5:       4640 bytes,    2085208 total
- age   6:       6496 bytes,    2091704 total
: 656652K->2512K(737280K), 0.0074020 secs] 1645385K->991260K(1761280K), 0.0075720 secs] [Times: user=0.05 sys=0.00, real=0.01 secs] 
372.396: [GC372.396: [ParNew
Desired survivor size 41943040 bytes, new threshold 6 (max 6)
- age   1:    1681696 bytes,    1681696 total
- age   2:       4784 bytes,    1686480 total
- age   3:       2000 bytes,    1688480 total
- age   4:       4464 bytes,    1692944 total
- age   5:       8408 bytes,    1701352 total
- age   6:       4640 bytes,    1705992 total
: 657872K->2200K(737280K), 0.0067270 secs] 1646620K->990955K(1761280K), 0.0068670 secs] [Times: user=0.04 sys=0.00, real=0.01 secs] 
372.641: [GC372.641: [ParNew
Desired survivor size 41943040 bytes, new threshold 6 (max 6)
- age   1:    1934256 bytes,    1934256 total
- age   2:     515040 bytes,    2449296 total
- age   3:       4496 bytes,    2453792 total
- age   4:       1760 bytes,    2455552 total
- age   5:       4368 bytes,    2459920 total
- age   6:       8360 bytes,    2468280 total
: 657560K->3379K(737280K), 0.0077310 secs] 1646315K->992139K(1761280K), 0.0078680 secs] [Times: user=0.05 sys=0.00, real=0.01 secs] 
372.896: [GC372.896: [ParNew
Desired survivor size 41943040 bytes, new threshold 6 (max 6)
- age   1:    1222560 bytes,    1222560 total
- age   2:      14688 bytes,    1237248 total
- age   3:       1672 bytes,    1238920 total
- age   4:       4400 bytes,    1243320 total
- age   5:       1760 bytes,    1245080 total
- age   6:       4368 bytes,    1249448 total
: 658739K->2509K(737280K), 0.0071100 secs] 1647499K->991278K(1761280K), 0.0073020 secs] [Times: user=0.04 sys=0.00, real=0.01 secs] 
373.150: [GC373.150: [ParNew
Desired survivor size 41943040 bytes, new threshold 6 (max 6)
- age   1:    1486680 bytes,    1486680 total
- age   2:       3912 bytes,    1490592 total
- age   3:      14400 bytes,    1504992 total
- age   4:       1456 bytes,    1506448 total
- age   5:       4184 bytes,    1510632 total
- age   6:       1544 bytes,    1512176 total
: 657869K->2157K(737280K), 0.0068500 secs] 1646638K->990930K(1761280K), 0.0070560 secs] [Times: user=0.05 sys=0.00, real=0.01 secs] 
373.371: [GC373.371: [ParNew
Desired survivor size 41943040 bytes, new threshold 6 (max 6)
- age   1:     791872 bytes,     791872 total
- age   2:      10624 bytes,     802496 total
- age   3:       3816 bytes,     806312 total
- age   4:      14304 bytes,     820616 total
- age   5:       1408 bytes,     822024 total
- age   6:       4184 bytes,     826208 total
: 657517K->1701K(737280K), 0.0080930 secs] 1646290K->990477K(1761280K), 0.0082190 secs] [Times: user=0.05 sys=0.00, real=0.01 secs] 
373.610: [GC373.610: [ParNew
Desired survivor size 41943040 bytes, new threshold 6 (max 6)
- age   1:    1628888 bytes,    1628888 total
- age   2:       3088 bytes,    1631976 total
- age   3:      10480 bytes,    1642456 total
- age   4:       3792 bytes,    1646248 total
- age   5:      14304 bytes,    1660552 total
- age   6:       1408 bytes,    1661960 total
: 657061K->1928K(737280K), 0.0070330 secs] 1645837K->990708K(1761280K), 0.0071710 secs] [Times: user=0.04 sys=0.00, real=0.01 secs] 
373.852: [GC373.852: [ParNew
Desired survivor size 41943040 bytes, new threshold 6 (max 6)
- age   1:     358512 bytes,     358512 total
- age   2:       4528 bytes,     363040 total
- age   3:       2944 bytes,     365984 total
- age   4:      10168 bytes,     376152 total
- age   5:       3696 bytes,     379848 total
- age   6:      14208 bytes,     394056 total
: 657288K->1378K(737280K), 0.0062830 secs] 1646068K->990160K(1761280K), 0.0064220 secs] [Times: user=0.04 sys=0.00, real=0.01 secs] 
374.128: [GC374.129: [ParNew
Desired survivor size 41943040 bytes, new threshold 6 (max 6)
- age   1:    1355632 bytes,    1355632 total
- age   2:       2592 bytes,    1358224 total
- age   3:       4216 bytes,    1362440 total
- age   4:       2824 bytes,    1365264 total
- age   5:      10096 bytes,    1375360 total
- age   6:       3696 bytes,    1379056 total
: 656738K->1542K(737280K), 0.0074960 secs] 1645520K->990338K(1761280K), 0.0076350 secs] [Times: user=0.04 sys=0.00, real=0.01 secs] 
374.372: [GC374.372: [ParNew
Desired survivor size 41943040 bytes, new threshold 6 (max 6)
- age   1:    1836904 bytes,    1836904 total
- age   2:       9976 bytes,    1846880 total
- age   3:       2160 bytes,    1849040 total
- age   4:       4048 bytes,    1853088 total
- age   5:       2728 bytes,    1855816 total
- age   6:      10096 bytes,    1865912 total
: 656902K->2520K(737280K), 0.0089300 secs] 1645698K->991321K(1761280K), 0.0090810 secs] [Times: user=0.06 sys=0.00, real=0.01 secs] 
374.622: [GC374.622: [ParNew
Desired survivor size 41943040 bytes, new threshold 6 (max 6)
- age   1:    2116488 bytes,    2116488 total
- age   2:       4424 bytes,    2120912 total
- age   3:       8272 bytes,    2129184 total
- age   4:       2160 bytes,    2131344 total
- age   5:       4048 bytes,    2135392 total
- age   6:       2728 bytes,    2138120 total
: 657880K->3293K(737280K), 0.0080520 secs] 1646681K->992105K(1761280K), 0.0082030 secs] [Times: user=0.06 sys=0.00, real=0.01 secs] 
374.733: [CMS-concurrent-mark: 5.525/5.834 secs] [Times: user=43.44 sys=0.73, real=5.84 secs] 
374.733: [CMS-concurrent-preclean-start]
374.748: [CMS-concurrent-preclean: 0.014/0.015 secs] [Times: user=0.12 sys=0.00, real=0.01 secs] 
374.748: [CMS-concurrent-abortable-preclean-start]
374.865: [GC374.865: [ParNew
Desired survivor size 41943040 bytes, new threshold 6 (max 6)
- age   1:    1539976 bytes,    1539976 total
- age   2:      12200 bytes,    1552176 total
- age   3:       4256 bytes,    1556432 total
- age   4:       8128 bytes,    1564560 total
- age   5:       1992 bytes,    1566552 total
- age   6:       4024 bytes,    1570576 total
: 658653K->2224K(737280K), 0.0068240 secs] 1647465K->991039K(1761280K), 0.0069820 secs] [Times: user=0.05 sys=0.00, real=0.00 secs] 
375.026: [CMS-concurrent-abortable-preclean: 0.269/0.278 secs] [Times: user=2.05 sys=0.03, real=0.28 secs] 
375.038: [GC[YG occupancy: 474836 K (737280 K)]375.038: [Rescan (parallel) , 0.1162310 secs]375.154: [weak refs processing, 0.0000370 secs]375.154: [scrub string table, 0.0009930 secs] [1 CMS-remark: 988814K(1024000K)] 1463650K(1761280K), 0.1174390 secs] [Times: user=0.88 sys=0.00, real=0.12 secs] 
375.156: [CMS-concurrent-sweep-start]
375.230: [GC375.230: [ParNew
Desired survivor size 41943040 bytes, new threshold 6 (max 6)
- age   1:    1815240 bytes,    1815240 total
- age   2:     264656 bytes,    2079896 total
- age   3:      12128 bytes,    2092024 total
- age   4:       4112 bytes,    2096136 total
- age   5:       7984 bytes,    2104120 total
- age   6:       1992 bytes,    2106112 total
: 657584K->3084K(737280K), 0.0076990 secs] 1646399K->991902K(1761280K), 0.0078500 secs] [Times: user=0.05 sys=0.01, real=0.01 secs] 
375.483: [GC375.483: [ParNew
Desired survivor size 41943040 bytes, new threshold 6 (max 6)
- age   1:     549064 bytes,     549064 total
- age   2:      12072 bytes,     561136 total
- age   3:       7136 bytes,     568272 total
- age   4:      12128 bytes,     580400 total
- age   5:       4064 bytes,     584464 total
- age   6:       7984 bytes,     592448 total
: 658444K->2198K(737280K), 0.0073650 secs] 1647262K->991019K(1761280K), 0.0074760 secs] [Times: user=0.03 sys=0.00, real=0.01 secs] 
375.735: [GC375.735: [ParNew
Desired survivor size 41943040 bytes, new threshold 6 (max 6)
- age   1:    1839648 bytes,    1839648 total
- age   2:      14360 bytes,    1854008 total
- age   3:      11832 bytes,    1865840 total
- age   4:       6872 bytes,    1872712 total
- age   5:      11840 bytes,    1884552 total
- age   6:       3872 bytes,    1888424 total
: 657558K->2215K(737280K), 0.0101650 secs] 1646379K->991045K(1761280K), 0.0103540 secs] [Times: user=0.05 sys=0.01, real=0.01 secs] 
376.053: [GC376.053: [ParNew
Desired survivor size 41943040 bytes, new threshold 6 (max 6)
- age   1:    2690672 bytes,    2690672 total
- age   2:      11544 bytes,    2702216 total
- age   3:      14312 bytes,    2716528 total
- age   4:      11736 bytes,    2728264 total
- age   5:       6872 bytes,    2735136 total
- age   6:      11840 bytes,    2746976 total
: 657575K->3468K(737280K), 0.0081440 secs] 1646405K->992302K(1761280K), 0.0082860 secs] [Times: user=0.05 sys=0.01, real=0.00 secs] 
376.294: [GC376.294: [ParNew
Desired survivor size 41943040 bytes, new threshold 6 (max 6)
- age   1:    1368568 bytes,    1368568 total
- age   2:      24800 bytes,    1393368 total
- age   3:      11424 bytes,    1404792 total
- age   4:      14240 bytes,    1419032 total
- age   5:      11736 bytes,    1430768 total
- age   6:       6872 bytes,    1437640 total
: 658828K->2397K(737280K), 0.0070180 secs] 1647662K->991243K(1761280K), 0.0071680 secs] [Times: user=0.05 sys=0.00, real=0.00 secs] 
376.476: [CMS-concurrent-sweep: 1.245/1.320 secs] [Times: user=9.39 sys=0.20, real=1.32 secs] 
376.476: [CMS-concurrent-reset-start]
376.521: [CMS-concurrent-reset: 0.045/0.045 secs] [Times: user=0.35 sys=0.00, real=0.04 secs] 
376.533: [GC376.533: [ParNew
Desired survivor size 41943040 bytes, new threshold 6 (max 6)
- age   1:     280640 bytes,     280640 total
- age   2:       8888 bytes,     289528 total
- age   3:      24440 bytes,     313968 total
- age   4:      11040 bytes,     325008 total
- age   5:      14216 bytes,     339224 total
- age   6:      11736 bytes,     350960 total
: 657757K->1125K(737280K), 0.0059440 secs] 1646559K->989935K(1761280K), 0.0060890 secs] [Times: user=0.04 sys=0.01, real=0.00 secs] 
376.540: [GC [1 CMS-initial-mark: 988809K(1024000K)] 991403K(1761280K), 0.0045570 secs] [Times: user=0.01 sys=0.00, real=0.01 secs] 
376.545: [CMS-concurrent-mark-start]
376.768: [GC376.768: [ParNew
Desired survivor size 41943040 bytes, new threshold 6 (max 6)
- age   1:    1206216 bytes,    1206216 total
- age   2:       5320 bytes,    1211536 total
- age   3:       8864 bytes,    1220400 total
- age   4:      24440 bytes,    1244840 total
- age   5:      11040 bytes,    1255880 total
- age   6:      14216 bytes,    1270096 total
: 656485K->1376K(737280K), 0.0066650 secs] 1645295K->990198K(1761280K), 0.0068130 secs] [Times: user=0.04 sys=0.00, real=0.01 secs] 
377.012: [GC377.012: [ParNew
Desired survivor size 41943040 bytes, new threshold 6 (max 6)
- age   1:    1215016 bytes,    1215016 total
- age   2:      13736 bytes,    1228752 total
- age   3:       4912 bytes,    1233664 total
- age   4:       8840 bytes,    1242504 total
- age   5:      24440 bytes,    1266944 total
- age   6:      11040 bytes,    1277984 total
: 656736K->1788K(737280K), 0.0069790 secs] 1645558K->990625K(1761280K), 0.0071150 secs] [Times: user=0.04 sys=0.00, real=0.01 secs] 
377.247: [GC377.247: [ParNew
Desired survivor size 41943040 bytes, new threshold 6 (max 6)
- age   1:    2479384 bytes,    2479384 total
- age   2:      11632 bytes,    2491016 total
- age   3:      13704 bytes,    2504720 total
- age   4:       4912 bytes,    2509632 total
- age   5:       8840 bytes,    2518472 total
- age   6:      24440 bytes,    2542912 total
: 657148K->3277K(737280K), 0.0078800 secs] 1645985K->992125K(1761280K), 0.0080160 secs] [Times: user=0.06 sys=0.00, real=0.01 secs] 
377.496: [GC377.496: [ParNew
Desired survivor size 41943040 bytes, new threshold 6 (max 6)
- age   1:    2100904 bytes,    2100904 total
- age   2:       2136 bytes,    2103040 total
- age   3:       9592 bytes,    2112632 total
- age   4:      13464 bytes,    2126096 total
- age   5:       4744 bytes,    2130840 total
- age   6:       8648 bytes,    2139488 total
: 658637K->2970K(737280K), 0.0069190 secs] 1647485K->991843K(1761280K), 0.0070600 secs] [Times: user=0.04 sys=0.00, real=0.01 secs] 
377.727: [GC377.727: [ParNew
Desired survivor size 41943040 bytes, new threshold 6 (max 6)
- age   1:     772752 bytes,     772752 total
- age   2:       5680 bytes,     778432 total
- age   3:       2112 bytes,     780544 total
- age   4:       9520 bytes,     790064 total
- age   5:      13464 bytes,     803528 total
- age   6:       4744 bytes,     808272 total
: 658330K->2107K(737280K), 0.0067790 secs] 1647203K->990988K(1761280K), 0.0069530 secs] [Times: user=0.03 sys=0.00, real=0.01 secs] 
377.988: [GC377.988: [ParNew
Desired survivor size 41943040 bytes, new threshold 6 (max 6)
- age   1:     624776 bytes,     624776 total
- age   2:       4072 bytes,     628848 total
- age   3:       5512 bytes,     634360 total
- age   4:       2032 bytes,     636392 total
- age   5:       9424 bytes,     645816 total
- age   6:      13440 bytes,     659256 total
: 657467K->905K(737280K), 0.0062100 secs] 1646348K->989792K(1761280K), 0.0063270 secs] [Times: user=0.04 sys=0.00, real=0.01 secs] 
378.235: [GC378.235: [ParNew
Desired survivor size 41943040 bytes, new threshold 6 (max 6)
- age   1:    1773752 bytes,    1773752 total
- age   2:       9120 bytes,    1782872 total
- age   3:       3952 bytes,    1786824 total
- age   4:       5344 bytes,    1792168 total
- age   5:       1816 bytes,    1793984 total
- age   6:       9400 bytes,    1803384 total
: 656265K->2157K(737280K), 0.0074140 secs] 1645152K->991058K(1761280K), 0.0075780 secs] [Times: user=0.04 sys=0.00, real=0.00 secs] 
378.481: [GC378.482: [ParNew
Desired survivor size 41943040 bytes, new threshold 6 (max 6)
- age   1:    1245808 bytes,    1245808 total
- age   2:       1088 bytes,    1246896 total
- age   3:       8952 bytes,    1255848 total
- age   4:       3856 bytes,    1259704 total
- age   5:       5176 bytes,    1264880 total
- age   6:       1648 bytes,    1266528 total
: 657517K->2044K(737280K), 0.0074970 secs] 1646418K->990955K(1761280K), 0.0076640 secs] [Times: user=0.03 sys=0.00, real=0.01 secs] 
378.721: [GC378.721: [ParNew
Desired survivor size 41943040 bytes, new threshold 6 (max 6)
- age   1:    1398304 bytes,    1398304 total
- age   2:       8824 bytes,    1407128 total
- age   3:        776 bytes,    1407904 total
- age   4:       8592 bytes,    1416496 total
- age   5:       3712 bytes,    1420208 total
- age   6:       5080 bytes,    1425288 total
: 657404K->2273K(737280K), 0.0066070 secs] 1646315K->991187K(1761280K), 0.0067500 secs] [Times: user=0.05 sys=0.00, real=0.01 secs] 
378.985: [GC378.985: [ParNew
Desired survivor size 41943040 bytes, new threshold 6 (max 6)
- age   1:    1607736 bytes,    1607736 total
- age   2:      18472 bytes,    1626208 total
- age   3:       8800 bytes,    1635008 total
- age   4:        776 bytes,    1635784 total
- age   5:       8592 bytes,    1644376 total
- age   6:       3712 bytes,    1648088 total
: 657633K->2395K(737280K), 0.0068830 secs] 1646547K->991314K(1761280K), 0.0070470 secs] [Times: user=0.04 sys=0.00, real=0.00 secs] 
379.234: [GC379.234: [ParNew
Desired survivor size 41943040 bytes, new threshold 6 (max 6)
- age   1:     583376 bytes,     583376 total
- age   2:       7384 bytes,     590760 total
- age   3:      18328 bytes,     609088 total
- age   4:       8704 bytes,     617792 total
- age   5:        752 bytes,     618544 total
- age   6:       8592 bytes,     627136 total
: 657755K->1549K(737280K), 0.0061520 secs] 1646674K->990472K(1761280K), 0.0063180 secs] [Times: user=0.04 sys=0.00, real=0.00 secs] 
379.460: [GC379.461: [ParNew
Desired survivor size 41943040 bytes, new threshold 6 (max 6)
- age   1:    1495032 bytes,    1495032 total
- age   2:       5368 bytes,    1500400 total
- age   3:       7384 bytes,    1507784 total
- age   4:      18328 bytes,    1526112 total
- age   5:       8656 bytes,    1534768 total
- age   6:        752 bytes,    1535520 total
: 656909K->1756K(737280K), 0.0067450 secs] 1645832K->990688K(1761280K), 0.0069040 secs] [Times: user=0.04 sys=0.00, real=0.01 secs] 
379.700: [GC379.700: [ParNew
Desired survivor size 41943040 bytes, new threshold 6 (max 6)
- age   1:     955808 bytes,     955808 total
- age   2:        616 bytes,     956424 total
- age   3:       4808 bytes,     961232 total
- age   4:       7096 bytes,     968328 total
- age   5:      18208 bytes,     986536 total
- age   6:       8440 bytes,     994976 total
: 657116K->1732K(737280K), 0.0064270 secs] 1646048K->990665K(1761280K), 0.0065600 secs] [Times: user=0.04 sys=0.00, real=0.01 secs] 
379.960: [GC379.960: [ParNew
Desired survivor size 41943040 bytes, new threshold 6 (max 6)
- age   1:    2482056 bytes,    2482056 total
- age   2:       8800 bytes,    2490856 total
- age   3:        592 bytes,    2491448 total
- age   4:       4808 bytes,    2496256 total
- age   5:       7096 bytes,    2503352 total
- age   6:      18208 bytes,    2521560 total
: 657092K->2802K(737280K), 0.0075110 secs] 1646025K->991744K(1761280K), 0.0076870 secs] [Times: user=0.05 sys=0.00, real=0.01 secs] 
380.194: [GC380.194: [ParNew
Desired survivor size 41943040 bytes, new threshold 6 (max 6)
- age   1:     916096 bytes,     916096 total
- age   2:       7864 bytes,     923960 total
- age   3:       8744 bytes,     932704 total
- age   4:        592 bytes,     933296 total
- age   5:       4808 bytes,     938104 total
- age   6:       7096 bytes,     945200 total
: 658162K->2016K(737280K), 0.0065210 secs] 1647104K->990977K(1761280K), 0.0066570 secs] [Times: user=0.04 sys=0.00, real=0.01 secs] 
380.433: [GC380.433: [ParNew
Desired survivor size 41943040 bytes, new threshold 6 (max 6)
- age   1:    1083688 bytes,    1083688 total
- age   2:       4296 bytes,    1087984 total
- age   3:       7648 bytes,    1095632 total
- age   4:       8480 bytes,    1104112 total
- age   5:        448 bytes,    1104560 total
- age   6:       4712 bytes,    1109272 total
: 657376K->1488K(737280K), 0.0066180 secs] 1646337K->990456K(1761280K), 0.0068060 secs] [Times: user=0.05 sys=0.00, real=0.01 secs] 
380.659: [GC380.660: [ParNew
Desired survivor size 41943040 bytes, new threshold 6 (max 6)
- age   1:    1936688 bytes,    1936688 total
- age   2:       8888 bytes,    1945576 total
- age   3:       4296 bytes,    1949872 total
- age   4:       7648 bytes,    1957520 total
- age   5:       8480 bytes,    1966000 total
- age   6:        448 bytes,    1966448 total
: 656848K->2434K(737280K), 0.0072700 secs] 1645816K->991407K(1761280K), 0.0074220 secs] [Times: user=0.04 sys=0.00, real=0.01 secs] 
380.902: [GC380.902: [ParNew
Desired survivor size 41943040 bytes, new threshold 6 (max 6)
- age   1:    1620072 bytes,    1620072 total
- age   2:       6400 bytes,    1626472 total
- age   3:       8720 bytes,    1635192 total
- age   4:       4200 bytes,    1639392 total
- age   5:       7432 bytes,    1646824 total
- age   6:       8376 bytes,    1655200 total
: 657794K->2544K(737280K), 0.0080610 secs] 1646767K->991518K(1761280K), 0.0081980 secs] [Times: user=0.05 sys=0.00, real=0.01 secs] 
381.137: [GC381.137: [ParNew
Desired survivor size 41943040 bytes, new threshold 6 (max 6)
- age   1:    2072864 bytes,    2072864 total
- age   2:      11840 bytes,    2084704 total
- age   3:       6400 bytes,    2091104 total
- age   4:       8720 bytes,    2099824 total
- age   5:       4200 bytes,    2104024 total
- age   6:       7432 bytes,    2111456 total
: 657904K->3068K(737280K), 0.0076110 secs] 1646878K->992051K(1761280K), 0.0077530 secs] [Times: user=0.06 sys=0.00, real=0.01 secs] 
381.382: [GC381.382: [ParNew
Desired survivor size 41943040 bytes, new threshold 6 (max 6)
- age   1:     564760 bytes,     564760 total
- age   2:       1048 bytes,     565808 total
- age   3:      11744 bytes,     577552 total
- age   4:       6136 bytes,     583688 total
- age   5:       8504 bytes,     592192 total
- age   6:       4104 bytes,     596296 total
: 658428K->1955K(737280K), 0.0065270 secs] 1647411K->990946K(1761280K), 0.0066720 secs] [Times: user=0.03 sys=0.00, real=0.01 secs] 
381.602: [GC381.602: [ParNew
Desired survivor size 41943040 bytes, new threshold 6 (max 6)
- age   1:    2765816 bytes,    2765816 total
- age   2:     306272 bytes,    3072088 total
- age   3:        904 bytes,    3072992 total
- age   4:      11576 bytes,    3084568 total
- age   5:       6016 bytes,    3090584 total
- age   6:       8312 bytes,    3098896 total
: 657315K->3331K(737280K), 0.0081500 secs] 1646306K->992326K(1761280K), 0.0082840 secs] [Times: user=0.06 sys=0.00, real=0.01 secs] 
381.831: [GC381.831: [ParNew
Desired survivor size 41943040 bytes, new threshold 6 (max 6)
- age   1:    1367472 bytes,    1367472 total
- age   2:      10928 bytes,    1378400 total
- age   3:       8552 bytes,    1386952 total
- age   4:        776 bytes,    1387728 total
- age   5:      11408 bytes,    1399136 total
- age   6:       5920 bytes,    1405056 total
: 658691K->2428K(737280K), 0.0068080 secs] 1647686K->991432K(1761280K), 0.0069560 secs] [Times: user=0.04 sys=0.00, real=0.01 secs] 
382.088: [GC382.088: [ParNew
Desired survivor size 41943040 bytes, new threshold 6 (max 6)
- age   1:    1147400 bytes,    1147400 total
- age   2:      16952 bytes,    1164352 total
- age   3:      10808 bytes,    1175160 total
- age   4:       8432 bytes,    1183592 total
- age   5:        776 bytes,    1184368 total
- age   6:      11376 bytes,    1195744 total
: 657788K->1822K(737280K), 0.0064990 secs] 1646792K->990834K(1761280K), 0.0066370 secs] [Times: user=0.05 sys=0.00, real=0.01 secs] 
382.323: [GC382.323: [ParNew
Desired survivor size 41943040 bytes, new threshold 6 (max 6)
- age   1:     957392 bytes,     957392 total
- age   2:       5144 bytes,     962536 total
- age   3:      16896 bytes,     979432 total
- age   4:      10808 bytes,     990240 total
- age   5:       8408 bytes,     998648 total
- age   6:        776 bytes,     999424 total
: 657182K->1445K(737280K), 0.0064460 secs] 1646194K->990468K(1761280K), 0.0065840 secs] [Times: user=0.05 sys=0.00, real=0.01 secs] 
382.541: [GC382.541: [ParNew
Desired survivor size 41943040 bytes, new threshold 6 (max 6)
- age   1:    2128224 bytes,    2128224 total
- age   2:       5008 bytes,    2133232 total
- age   3:       5016 bytes,    2138248 total
- age   4:      16848 bytes,    2155096 total
- age   5:      10736 bytes,    2165832 total
- age   6:       8336 bytes,    2174168 total
: 656805K->2679K(737280K), 0.0075940 secs] 1645828K->991703K(1761280K), 0.0077190 secs] [Times: user=0.04 sys=0.00, real=0.01 secs] 
382.768: [GC382.768: [ParNew
Desired survivor size 41943040 bytes, new threshold 6 (max 6)
- age   1:    1370792 bytes,    1370792 total
- age   2:       3480 bytes,    1374272 total
- age   3:       4600 bytes,    1378872 total
- age   4:       4848 bytes,    1383720 total
- age   5:      16704 bytes,    1400424 total
- age   6:      10736 bytes,    1411160 total
: 658039K->2309K(737280K), 0.0068070 secs] 1647063K->991342K(1761280K), 0.0069220 secs] [Times: user=0.04 sys=0.01, real=0.01 secs] 
383.006: [GC383.006: [ParNew
Desired survivor size 41943040 bytes, new threshold 6 (max 6)
- age   1:     914728 bytes,     914728 total
- age   2:      10928 bytes,     925656 total
- age   3:       3160 bytes,     928816 total
- age   4:       4432 bytes,     933248 total
- age   5:       4680 bytes,     937928 total
- age   6:      16656 bytes,     954584 total
: 657669K->1590K(737280K), 0.0068430 secs] 1646702K->990634K(1761280K), 0.0069720 secs] [Times: user=0.04 sys=0.01, real=0.00 secs] 
383.253: [GC383.253: [ParNew
Desired survivor size 41943040 bytes, new threshold 6 (max 6)
- age   1:    1897608 bytes,    1897608 total
- age   2:      13136 bytes,    1910744 total
- age   3:      10928 bytes,    1921672 total
- age   4:       3128 bytes,    1924800 total
- age   5:       4432 bytes,    1929232 total
- age   6:       4680 bytes,    1933912 total
: 656950K->2154K(737280K), 0.0081340 secs] 1645994K->991215K(1761280K), 0.0082920 secs] [Times: user=0.06 sys=0.00, real=0.01 secs] 
383.482: [GC383.482: [ParNew
Desired survivor size 41943040 bytes, new threshold 6 (max 6)
- age   1:     422040 bytes,     422040 total
- age   2:       1040 bytes,     423080 total
- age   3:      13040 bytes,     436120 total
- age   4:      10904 bytes,     447024 total
- age   5:       3104 bytes,     450128 total
- age   6:       4408 bytes,     454536 total
: 657514K->1565K(737280K), 0.0066400 secs] 1646575K->990631K(1761280K), 0.0067750 secs] [Times: user=0.04 sys=0.00, real=0.01 secs] 
383.713: [GC383.713: [ParNew
Desired survivor size 41943040 bytes, new threshold 6 (max 6)
- age   1:     785312 bytes,     785312 total
- age   2:       5984 bytes,     791296 total
- age   3:        896 bytes,     792192 total
- age   4:      12920 bytes,     805112 total
- age   5:      10808 bytes,     815920 total
- age   6:       2888 bytes,     818808 total
: 656925K->1004K(737280K), 0.0064560 secs] 1645991K->990075K(1761280K), 0.0065740 secs] [Times: user=0.04 sys=0.00, real=0.01 secs] 
383.952: [GC383.952: [ParNew
Desired survivor size 41943040 bytes, new threshold 6 (max 6)
- age   1:    1084792 bytes,    1084792 total
- age   2:       4344 bytes,    1089136 total
- age   3:       5816 bytes,    1094952 total
- age   4:        896 bytes,    1095848 total
- age   5:      12848 bytes,    1108696 total
- age   6:      10808 bytes,    1119504 total
: 656364K->1450K(737280K), 0.0065430 secs] 1645435K->990524K(1761280K), 0.0066840 secs] [Times: user=0.04 sys=0.00, real=0.01 secs] 
384.190: [GC384.190: [ParNew
Desired survivor size 41943040 bytes, new threshold 6 (max 6)
- age   1:    2473664 bytes,    2473664 total
- age   2:      11016 bytes,    2484680 total
- age   3:       4104 bytes,    2488784 total
- age   4:       5576 bytes,    2494360 total
- age   5:        800 bytes,    2495160 total
- age   6:      12800 bytes,    2507960 total
: 656810K->3129K(737280K), 0.0075610 secs] 1645884K->992214K(1761280K), 0.0077320 secs] [Times: user=0.06 sys=0.00, real=0.01 secs] 
384.235: [CMS-concurrent-mark: 7.386/7.690 secs] [Times: user=57.64 sys=1.02, real=7.69 secs] 
384.235: [CMS-concurrent-preclean-start]
384.254: [CMS-concurrent-preclean: 0.017/0.019 secs] [Times: user=0.15 sys=0.00, real=0.02 secs] 
384.254: [CMS-concurrent-abortable-preclean-start]
384.415: [GC384.416: [ParNew
Desired survivor size 41943040 bytes, new threshold 6 (max 6)
- age   1:    1092480 bytes,    1092480 total
- age   2:      20600 bytes,    1113080 total
- age   3:      10896 bytes,    1123976 total
- age   4:       3960 bytes,    1127936 total
- age   5:       5528 bytes,    1133464 total
- age   6:        752 bytes,    1134216 total
: 658489K->2087K(737280K), 0.0070640 secs] 1647574K->991185K(1761280K), 0.0072170 secs] [Times: user=0.04 sys=0.00, real=0.00 secs] 
384.544: [CMS-concurrent-abortable-preclean: 0.277/0.290 secs] [Times: user=2.12 sys=0.06, real=0.28 secs] 
384.545: [GC[YG occupancy: 353416 K (737280 K)]384.545: [Rescan (parallel) , 0.0882640 secs]384.634: [weak refs processing, 0.0000430 secs]384.634: [scrub string table, 0.0010040 secs] [1 CMS-remark: 989098K(1024000K)] 1342514K(1761280K), 0.0894530 secs] [Times: user=0.66 sys=0.01, real=0.09 secs] 
384.635: [CMS-concurrent-sweep-start]
384.753: [GC384.753: [ParNew
Desired survivor size 41943040 bytes, new threshold 6 (max 6)
- age   1:    2747872 bytes,    2747872 total
- age   2:      17112 bytes,    2764984 total
- age   3:      20264 bytes,    2785248 total
- age   4:      10608 bytes,    2795856 total
- age   5:       3816 bytes,    2799672 total
- age   6:       5432 bytes,    2805104 total
: 657447K->3280K(737280K), 0.0078310 secs] 1646545K->992379K(1761280K), 0.0080060 secs] [Times: user=0.06 sys=0.00, real=0.01 secs] 
384.995: [GC384.995: [ParNew
Desired survivor size 41943040 bytes, new threshold 6 (max 6)
- age   1:     442680 bytes,     442680 total
- age   2:      72168 bytes,     514848 total
- age   3:      17032 bytes,     531880 total
- age   4:      20264 bytes,     552144 total
- age   5:      10608 bytes,     562752 total
- age   6:       3816 bytes,     566568 total
: 658640K->2288K(737280K), 0.0064550 secs] 1647739K->991394K(1761280K), 0.0065920 secs] [Times: user=0.04 sys=0.00, real=0.00 secs] 
385.258: [GC385.258: [ParNew
Desired survivor size 41943040 bytes, new threshold 6 (max 6)
- age   1:     756864 bytes,     756864 total
- age   2:      46424 bytes,     803288 total
- age   3:      68832 bytes,     872120 total
- age   4:      16936 bytes,     889056 total
- age   5:      20264 bytes,     909320 total
- age   6:      10608 bytes,     919928 total
: 657648K->1332K(737280K), 0.0063140 secs] 1646754K->990441K(1761280K), 0.0064510 secs] [Times: user=0.04 sys=0.00, real=0.00 secs] 
385.509: [GC385.509: [ParNew
Desired survivor size 41943040 bytes, new threshold 6 (max 6)
- age   1:    1179936 bytes,    1179936 total
- age   2:      78704 bytes,    1258640 total
- age   3:      46280 bytes,    1304920 total
- age   4:      68688 bytes,    1373608 total
- age   5:      16792 bytes,    1390400 total
- age   6:      20264 bytes,    1410664 total
: 656692K->1809K(737280K), 0.0069290 secs] 1645801K->990929K(1761280K), 0.0070950 secs] [Times: user=0.04 sys=0.00, real=0.01 secs] 
385.757: [GC385.757: [ParNew
Desired survivor size 41943040 bytes, new threshold 6 (max 6)
- age   1:    1566400 bytes,    1566400 total
- age   2:      35088 bytes,    1601488 total
- age   3:      78704 bytes,    1680192 total
- age   4:      46280 bytes,    1726472 total
- age   5:      68688 bytes,    1795160 total
- age   6:      16792 bytes,    1811952 total
: 657169K->2492K(737280K), 0.0071650 secs] 1646272K->991615K(1761280K), 0.0073080 secs] [Times: user=0.05 sys=0.00, real=0.00 secs] 
385.778: [CMS-concurrent-sweep: 1.098/1.143 secs] [Times: user=8.53 sys=0.18, real=1.14 secs] 
385.778: [CMS-concurrent-reset-start]
385.823: [CMS-concurrent-reset: 0.045/0.045 secs] [Times: user=0.33 sys=0.01, real=0.04 secs] 
385.987: [GC385.988: [ParNew
Desired survivor size 41943040 bytes, new threshold 6 (max 6)
- age   1:    2264472 bytes,    2264472 total
- age   2:       1488 bytes,    2265960 total
- age   3:      35016 bytes,    2300976 total
- age   4:      78648 bytes,    2379624 total
- age   5:      43176 bytes,    2422800 total
- age   6:      68576 bytes,    2491376 total
: 657852K->3277K(737280K), 0.0077970 secs] 1646942K->992385K(1761280K), 0.0080170 secs] [Times: user=0.06 sys=0.01, real=0.01 secs] 
385.997: [GC [1 CMS-initial-mark: 989108K(1024000K)] 997873K(1761280K), 0.0069320 secs] [Times: user=0.01 sys=0.00, real=0.00 secs] 
386.004: [CMS-concurrent-mark-start]
386.231: [GC386.231: [ParNew
Desired survivor size 41943040 bytes, new threshold 6 (max 6)
- age   1:    3168448 bytes,    3168448 total
- age   2:     372944 bytes,    3541392 total
- age   3:       1392 bytes,    3542784 total
- age   4:      34872 bytes,    3577656 total
- age   5:      78552 bytes,    3656208 total
- age   6:      43176 bytes,    3699384 total
: 658637K->5027K(737280K), 0.0087020 secs] 1647745K->994203K(1761280K), 0.0088720 secs] [Times: user=0.07 sys=0.00, real=0.01 secs] 
386.471: [GC386.472: [ParNew
Desired survivor size 41943040 bytes, new threshold 6 (max 6)
- age   1:    2127792 bytes,    2127792 total
- age   2:    2605608 bytes,    4733400 total
- age   3:     372912 bytes,    5106312 total
- age   4:       1392 bytes,    5107704 total
- age   5:      34824 bytes,    5142528 total
- age   6:      78552 bytes,    5221080 total
: 660387K->6944K(737280K), 0.0092150 secs] 1649563K->996163K(1761280K), 0.0094280 secs] [Times: user=0.06 sys=0.00, real=0.01 secs] 
386.710: [GC386.710: [ParNew
Desired survivor size 41943040 bytes, new threshold 6 (max 6)
- age   1:    2218512 bytes,    2218512 total
- age   2:     489416 bytes,    2707928 total
- age   3:    2529904 bytes,    5237832 total
- age   4:       9960 bytes,    5247792 total
- age   5:       1392 bytes,    5249184 total
- age   6:      34824 bytes,    5284008 total
: 662304K->8702K(737280K), 0.0095400 secs] 1651523K->997998K(1761280K), 0.0097070 secs] [Times: user=0.07 sys=0.00, real=0.01 secs] 
386.949: [GC386.949: [ParNew
Desired survivor size 41943040 bytes, new threshold 6 (max 6)
- age   1:    3023312 bytes,    3023312 total
- age   2:     417192 bytes,    3440504 total
- age   3:     489104 bytes,    3929608 total
- age   4:    2529520 bytes,    6459128 total
- age   5:       9648 bytes,    6468776 total
- age   6:        840 bytes,    6469616 total
: 664062K->8899K(737280K), 0.0098380 secs] 1653358K->998230K(1761280K), 0.0099830 secs] [Times: user=0.06 sys=0.00, real=0.01 secs] 
387.184: [GC387.184: [ParNew
Desired survivor size 41943040 bytes, new threshold 6 (max 6)
- age   1:    1953552 bytes,    1953552 total
- age   2:     637840 bytes,    2591392 total
- age   3:     417160 bytes,    3008552 total
- age   4:     489104 bytes,    3497656 total
- age   5:    2529520 bytes,    6027176 total
- age   6:       9648 bytes,    6036824 total
: 664259K->9646K(737280K), 0.0097970 secs] 1653590K->998978K(1761280K), 0.0099980 secs] [Times: user=0.07 sys=0.00, real=0.01 secs] 
387.432: [GC387.432: [ParNew
Desired survivor size 41943040 bytes, new threshold 6 (max 6)
- age   1:    1629592 bytes,    1629592 total
- age   2:     420368 bytes,    2049960 total
- age   3:     637648 bytes,    2687608 total
- age   4:     416728 bytes,    3104336 total
- age   5:     488888 bytes,    3593224 total
- age   6:    2529376 bytes,    6122600 total
: 665006K->9424K(737280K), 0.0095630 secs] 1654338K->998766K(1761280K), 0.0097210 secs] [Times: user=0.07 sys=0.00, real=0.01 secs] 
387.676: [GC387.676: [ParNew
Desired survivor size 41943040 bytes, new threshold 6 (max 6)
- age   1:    1600808 bytes,    1600808 total
- age   2:     703152 bytes,    2303960 total
- age   3:     420368 bytes,    2724328 total
- age   4:     637648 bytes,    3361976 total
- age   5:     416728 bytes,    3778704 total
- age   6:     488888 bytes,    4267592 total
: 664784K->7417K(737280K), 0.0547020 secs] 1654126K->999230K(1761280K), 0.0548830 secs] [Times: user=0.22 sys=0.02, real=0.05 secs] 
387.981: [GC387.981: [ParNew
Desired survivor size 41943040 bytes, new threshold 6 (max 6)
- age   1:    1923624 bytes,    1923624 total
- age   2:     781984 bytes,    2705608 total
- age   3:     702984 bytes,    3408592 total
- age   4:     420320 bytes,    3828912 total
- age   5:     637648 bytes,    4466560 total
- age   6:     416728 bytes,    4883288 total
: 662777K->6092K(737280K), 0.0130860 secs] 1654590K->998383K(1761280K), 0.0133030 secs] [Times: user=0.07 sys=0.01, real=0.01 secs] 
388.226: [GC388.226: [ParNew
Desired survivor size 41943040 bytes, new threshold 6 (max 6)
- age   1:    2705736 bytes,    2705736 total
- age   2:     580560 bytes,    3286296 total
- age   3:     781800 bytes,    4068096 total
- age   4:     702864 bytes,    4770960 total
- age   5:     420320 bytes,    5191280 total
- age   6:     637648 bytes,    5828928 total
: 661452K->8676K(737280K), 0.0127770 secs] 1653743K->1001374K(1761280K), 0.0129360 secs] [Times: user=0.08 sys=0.00, real=0.01 secs] 
388.469: [GC388.469: [ParNew
Desired survivor size 41943040 bytes, new threshold 6 (max 6)
- age   1:    2192064 bytes,    2192064 total
- age   2:     385896 bytes,    2577960 total
- age   3:     555848 bytes,    3133808 total
- age   4:     662616 bytes,    3796424 total
- age   5:     702720 bytes,    4499144 total
- age   6:     420320 bytes,    4919464 total
: 664036K->6692K(737280K), 0.0128150 secs] 1656734K->1000013K(1761280K), 0.0129840 secs] [Times: user=0.08 sys=0.00, real=0.01 secs] 
388.730: [GC388.730: [ParNew
Desired survivor size 41943040 bytes, new threshold 6 (max 6)
- age   1:    1770648 bytes,    1770648 total
- age   2:     585000 bytes,    2355648 total
- age   3:     385848 bytes,    2741496 total
- age   4:     552520 bytes,    3294016 total
- age   5:     659416 bytes,    3953432 total
- age   6:     702720 bytes,    4656152 total
: 662052K->5559K(737280K), 0.0124000 secs] 1655373K->999291K(1761280K), 0.0125740 secs] [Times: user=0.07 sys=0.00, real=0.01 secs] 
388.984: [GC388.984: [ParNew
Desired survivor size 41943040 bytes, new threshold 6 (max 6)
- age   1:    1654824 bytes,    1654824 total
- age   2:      11920 bytes,    1666744 total
- age   3:     584736 bytes,    2251480 total
- age   4:     385800 bytes,    2637280 total
- age   5:     552496 bytes,    3189776 total
- age   6:     659416 bytes,    3849192 total
: 660919K->5807K(737280K), 0.0182060 secs] 1654651K->1000226K(1761280K), 0.0184180 secs] [Times: user=0.08 sys=0.00, real=0.02 secs] 
389.256: [GC389.256: [ParNew
Desired survivor size 41943040 bytes, new threshold 6 (max 6)
- age   1:     512632 bytes,     512632 total
- age   2:      11712 bytes,     524344 total
- age   3:      11752 bytes,     536096 total
- age   4:     584656 bytes,    1120752 total
- age   5:     385800 bytes,    1506552 total
- age   6:     552496 bytes,    2059048 total
: 661167K->4975K(737280K), 0.0180120 secs] 1655586K->1000039K(1761280K), 0.0181390 secs] [Times: user=0.07 sys=0.00, real=0.01 secs] 
389.496: [GC389.496: [ParNew
Desired survivor size 41943040 bytes, new threshold 6 (max 6)
- age   1:    3081088 bytes,    3081088 total
- age   2:      18704 bytes,    3099792 total
- age   3:      11472 bytes,    3111264 total
- age   4:      11512 bytes,    3122776 total
- age   5:     584488 bytes,    3707264 total
- age   6:     385704 bytes,    4092968 total
: 660335K->4810K(737280K), 0.0158770 secs] 1655399K->1000414K(1761280K), 0.0160330 secs] [Times: user=0.08 sys=0.00, real=0.01 secs] 
389.768: [GC389.768: [ParNew
Desired survivor size 41943040 bytes, new threshold 6 (max 6)
- age   1:     250968 bytes,     250968 total
- age   2:      11752 bytes,     262720 total
- age   3:      18584 bytes,     281304 total
- age   4:      11400 bytes,     292704 total
- age   5:      11320 bytes,     304024 total
- age   6:     584392 bytes,     888416 total
: 660170K->3435K(737280K), 0.0126450 secs] 1655774K->999415K(1761280K), 0.0128090 secs] [Times: user=0.04 sys=0.01, real=0.01 secs] 
390.007: [GC390.007: [ParNew
Desired survivor size 41943040 bytes, new threshold 6 (max 6)
- age   1:    2891880 bytes,    2891880 total
- age   2:       5984 bytes,    2897864 total
- age   3:      11656 bytes,    2909520 total
- age   4:      18536 bytes,    2928056 total
- age   5:      11376 bytes,    2939432 total
- age   6:      11320 bytes,    2950752 total
: 658795K->3495K(737280K), 0.0177830 secs] 1654775K->1000048K(1761280K), 0.0180640 secs] [Times: user=0.07 sys=0.01, real=0.02 secs] 
390.242: [GC390.242: [ParNew
Desired survivor size 41943040 bytes, new threshold 6 (max 6)
- age   1:    2316008 bytes,    2316008 total
- age   2:       4664 bytes,    2320672 total
- age   3:       5984 bytes,    2326656 total
- age   4:      11656 bytes,    2338312 total
- age   5:      18536 bytes,    2356848 total
- age   6:      11376 bytes,    2368224 total
: 658855K->3645K(737280K), 0.0073060 secs] 1655408K->1000209K(1761280K), 0.0074470 secs] [Times: user=0.04 sys=0.00, real=0.01 secs] 
390.526: [GC390.526: [ParNew
Desired survivor size 41943040 bytes, new threshold 6 (max 6)
- age   1:     957448 bytes,     957448 total
- age   2:        464 bytes,     957912 total
- age   3:       4400 bytes,     962312 total
- age   4:       5696 bytes,     968008 total
- age   5:      11560 bytes,     979568 total
- age   6:      18512 bytes,     998080 total
: 659005K->2342K(737280K), 0.0065590 secs] 1655569K->998917K(1761280K), 0.0067200 secs] [Times: user=0.04 sys=0.00, real=0.00 secs] 
390.757: [GC390.757: [ParNew
Desired survivor size 41943040 bytes, new threshold 6 (max 6)
- age   1:    1626648 bytes,    1626648 total
- age   2:      13120 bytes,    1639768 total
- age   3:        296 bytes,    1640064 total
- age   4:       4376 bytes,    1644440 total
- age   5:       5576 bytes,    1650016 total
- age   6:      11488 bytes,    1661504 total
: 657702K->2021K(737280K), 0.0071930 secs] 1654277K->998615K(1761280K), 0.0073490 secs] [Times: user=0.05 sys=0.00, real=0.00 secs] 
391.006: [GC391.006: [ParNew
Desired survivor size 41943040 bytes, new threshold 6 (max 6)
- age   1:    1542344 bytes,    1542344 total
- age   2:       5664 bytes,    1548008 total
- age   3:      13120 bytes,    1561128 total
- age   4:        296 bytes,    1561424 total
- age   5:       4376 bytes,    1565800 total
- age   6:       5576 bytes,    1571376 total
: 657381K->2000K(737280K), 0.0070520 secs] 1653975K->998606K(1761280K), 0.0072210 secs] [Times: user=0.04 sys=0.00, real=0.00 secs] 
391.249: [GC391.249: [ParNew
Desired survivor size 41943040 bytes, new threshold 6 (max 6)
- age   1:     817240 bytes,     817240 total
- age   2:      11464 bytes,     828704 total
- age   3:       5568 bytes,     834272 total
- age   4:      13096 bytes,     847368 total
- age   5:        296 bytes,     847664 total
- age   6:       4376 bytes,     852040 total
: 657360K->1514K(737280K), 0.0065900 secs] 1653966K->998127K(1761280K), 0.0067580 secs] [Times: user=0.04 sys=0.00, real=0.01 secs] 
391.489: [GC391.489: [ParNew
Desired survivor size 41943040 bytes, new threshold 6 (max 6)
- age   1:     705064 bytes,     705064 total
- age   2:       5288 bytes,     710352 total
- age   3:      11264 bytes,     721616 total
- age   4:       5400 bytes,     727016 total
- age   5:      12856 bytes,     739872 total
- age   6:        176 bytes,     740048 total
: 656874K->1122K(737280K), 0.0064400 secs] 1653487K->997739K(1761280K), 0.0065780 secs] [Times: user=0.05 sys=0.00, real=0.01 secs] 
391.719: [GC391.719: [ParNew
Desired survivor size 41943040 bytes, new threshold 6 (max 6)
- age   1:    1850176 bytes,    1850176 total
- age   2:       3176 bytes,    1853352 total
- age   3:       5216 bytes,    1858568 total
- age   4:      11168 bytes,    1869736 total
- age   5:       5280 bytes,    1875016 total
- age   6:      12808 bytes,    1887824 total
: 656482K->2233K(737280K), 0.0068520 secs] 1653099K->998851K(1761280K), 0.0069980 secs] [Times: user=0.04 sys=0.00, real=0.01 secs] 
391.985: [GC391.985: [ParNew
Desired survivor size 41943040 bytes, new threshold 6 (max 6)
- age   1:    1668728 bytes,    1668728 total
- age   2:       4608 bytes,    1673336 total
- age   3:       3176 bytes,    1676512 total
- age   4:       5216 bytes,    1681728 total
- age   5:      11168 bytes,    1692896 total
- age   6:       5280 bytes,    1698176 total
: 657593K->2732K(737280K), 0.0071550 secs] 1654211K->999363K(1761280K), 0.0073510 secs] [Times: user=0.04 sys=0.00, real=0.01 secs] 
392.241: [GC392.241: [ParNew
Desired survivor size 41943040 bytes, new threshold 6 (max 6)
- age   1:    1728680 bytes,    1728680 total
- age   2:       1024 bytes,    1729704 total
- age   3:       4608 bytes,    1734312 total
- age   4:       3144 bytes,    1737456 total
- age   5:       5216 bytes,    1742672 total
- age   6:      11168 bytes,    1753840 total
: 658092K->2859K(737280K), 0.0066700 secs] 1654723K->999496K(1761280K), 0.0068170 secs] [Times: user=0.05 sys=0.00, real=0.01 secs] 
392.397: [CMS-concurrent-mark: 6.036/6.393 secs] [Times: user=47.29 sys=0.85, real=6.40 secs] 
392.397: [CMS-concurrent-preclean-start]
392.433: [CMS-concurrent-preclean: 0.035/0.036 secs] [Times: user=0.28 sys=0.00, real=0.03 secs] 
392.433: [CMS-concurrent-abortable-preclean-start]
392.474: [GC392.474: [ParNew
Desired survivor size 41943040 bytes, new threshold 6 (max 6)
- age   1:    1609816 bytes,    1609816 total
- age   2:       1488 bytes,    1611304 total
- age   3:        920 bytes,    1612224 total
- age   4:       4488 bytes,    1616712 total
- age   5:       2952 bytes,    1619664 total
- age   6:       5000 bytes,    1624664 total
: 658219K->2232K(737280K), 0.0076180 secs] 1654856K->998881K(1761280K), 0.0077420 secs] [Times: user=0.04 sys=0.00, real=0.01 secs] 
392.615: [CMS-concurrent-abortable-preclean: 0.172/0.182 secs] [Times: user=1.35 sys=0.02, real=0.18 secs] 
392.616: [GC[YG occupancy: 381030 K (737280 K)]392.617: [Rescan (parallel) , 0.0719200 secs]392.689: [weak refs processing, 0.0000300 secs]392.689: [scrub string table, 0.0010210 secs] [1 CMS-remark: 996648K(1024000K)] 1377679K(1761280K), 0.0731280 secs] [Times: user=0.56 sys=0.00, real=0.07 secs] 
392.690: [CMS-concurrent-sweep-start]
392.800: [GC392.800: [ParNew
Desired survivor size 41943040 bytes, new threshold 6 (max 6)
- age   1:    1265584 bytes,    1265584 total
- age   2:       4632 bytes,    1270216 total
- age   3:       1464 bytes,    1271680 total
- age   4:        896 bytes,    1272576 total
- age   5:       4344 bytes,    1276920 total
- age   6:       2880 bytes,    1279800 total
: 657592K->1997K(737280K), 0.0065040 secs] 1654241K->998651K(1761280K), 0.0066740 secs] [Times: user=0.04 sys=0.01, real=0.01 secs] 
393.071: [GC393.071: [ParNew
Desired survivor size 41943040 bytes, new threshold 6 (max 6)
- age   1:     386688 bytes,     386688 total
- age   2:       1272 bytes,     387960 total
- age   3:       4584 bytes,     392544 total
- age   4:       1464 bytes,     394008 total
- age   5:        896 bytes,     394904 total
- age   6:       4344 bytes,     399248 total
: 657357K->1300K(737280K), 0.0061210 secs] 1654011K->997956K(1761280K), 0.0062560 secs] [Times: user=0.03 sys=0.00, real=0.01 secs] 
393.320: [GC393.320: [ParNew
Desired survivor size 41943040 bytes, new threshold 6 (max 6)
- age   1:    1153344 bytes,    1153344 total
- age   2:       9616 bytes,    1162960 total
- age   3:       1104 bytes,    1164064 total
- age   4:       4288 bytes,    1168352 total
- age   5:       1128 bytes,    1169480 total
- age   6:        680 bytes,    1170160 total
: 656660K->1373K(737280K), 0.0069700 secs] 1653316K->998034K(1761280K), 0.0070900 secs] [Times: user=0.05 sys=0.01, real=0.01 secs] 
393.562: [GC393.562: [ParNew
Desired survivor size 41943040 bytes, new threshold 6 (max 6)
- age   1:     848880 bytes,     848880 total
- age   2:      15944 bytes,     864824 total
- age   3:       9616 bytes,     874440 total
- age   4:       1104 bytes,     875544 total
- age   5:       4240 bytes,     879784 total
- age   6:       1096 bytes,     880880 total
: 656733K->1323K(737280K), 0.0063850 secs] 1653394K->997985K(1761280K), 0.0065390 secs] [Times: user=0.04 sys=0.00, real=0.01 secs] 
393.804: [GC393.804: [ParNew
Desired survivor size 41943040 bytes, new threshold 6 (max 6)
- age   1:     642280 bytes,     642280 total
- age   2:       1432 bytes,     643712 total
- age   3:      15800 bytes,     659512 total
- age   4:       9376 bytes,     668888 total
- age   5:        864 bytes,     669752 total
- age   6:       4120 bytes,     673872 total
: 656683K->1107K(737280K), 0.0062360 secs] 1653345K->997770K(1761280K), 0.0064060 secs] [Times: user=0.04 sys=0.00, real=0.01 secs] 
393.980: [CMS-concurrent-sweep: 1.250/1.290 secs] [Times: user=9.61 sys=0.17, real=1.29 secs] 
393.980: [CMS-concurrent-reset-start]
394.009: [CMS-concurrent-reset: 0.029/0.029 secs] [Times: user=0.23 sys=0.00, real=0.03 secs] 
394.053: [GC394.053: [ParNew
Desired survivor size 41943040 bytes, new threshold 6 (max 6)
- age   1:    1855712 bytes,    1855712 total
- age   2:       5840 bytes,    1861552 total
- age   3:       1216 bytes,    1862768 total
- age   4:      15440 bytes,    1878208 total
- age   5:       9112 bytes,    1887320 total
- age   6:        720 bytes,    1888040 total
: 656467K->2173K(737280K), 0.0071320 secs] 1653098K->998809K(1761280K), 0.0072970 secs] [Times: user=0.05 sys=0.00, real=0.01 secs] 
394.061: [GC [1 CMS-initial-mark: 996635K(1024000K)] 1000043K(1761280K), 0.0059330 secs] [Times: user=0.01 sys=0.00, real=0.01 secs] 
394.068: [CMS-concurrent-mark-start]
394.322: [GC394.322: [ParNew
Desired survivor size 41943040 bytes, new threshold 6 (max 6)
- age   1:    1906784 bytes,    1906784 total
- age   2:       1360 bytes,    1908144 total
- age   3:       5768 bytes,    1913912 total
- age   4:       1120 bytes,    1915032 total
- age   5:      15296 bytes,    1930328 total
- age   6:       9040 bytes,    1939368 total
: 657533K->2801K(737280K), 0.0070660 secs] 1654169K->999437K(1761280K), 0.0072280 secs] [Times: user=0.05 sys=0.00, real=0.01 secs] 
394.563: [GC394.563: [ParNew
Desired survivor size 41943040 bytes, new threshold 6 (max 6)
- age   1:     848704 bytes,     848704 total
- age   2:       5216 bytes,     853920 total
- age   3:       1240 bytes,     855160 total
- age   4:       5640 bytes,     860800 total
- age   5:       1072 bytes,     861872 total
- age   6:      15296 bytes,     877168 total
: 658161K->1793K(737280K), 0.0064070 secs] 1654797K->998439K(1761280K), 0.0065880 secs] [Times: user=0.04 sys=0.00, real=0.01 secs] 
394.795: [GC394.795: [ParNew
Desired survivor size 41943040 bytes, new threshold 6 (max 6)
- age   1:     890432 bytes,     890432 total
- age   2:       5072 bytes,     895504 total
- age   3:       5120 bytes,     900624 total
- age   4:       1216 bytes,     901840 total
- age   5:       5616 bytes,     907456 total
- age   6:       1072 bytes,     908528 total
: 657153K->1346K(737280K), 0.0067800 secs] 1653799K->998009K(1761280K), 0.0069190 secs] [Times: user=0.05 sys=0.00, real=0.01 secs] 
395.046: [GC395.046: [ParNew
Desired survivor size 41943040 bytes, new threshold 6 (max 6)
- age   1:    2345592 bytes,    2345592 total
- age   2:       5272 bytes,    2350864 total
- age   3:       5048 bytes,    2355912 total
- age   4:       5120 bytes,    2361032 total
- age   5:       1216 bytes,    2362248 total
- age   6:       5616 bytes,    2367864 total
: 656706K->2573K(737280K), 0.0075810 secs] 1653369K->999237K(1761280K), 0.0077390 secs] [Times: user=0.05 sys=0.00, real=0.00 secs] 
395.285: [GC395.285: [ParNew
Desired survivor size 41943040 bytes, new threshold 6 (max 6)
- age   1:     586648 bytes,     586648 total
- age   2:      14728 bytes,     601376 total
- age   3:       5152 bytes,     606528 total
- age   4:       5000 bytes,     611528 total
- age   5:       5024 bytes,     616552 total
- age   6:       1192 bytes,     617744 total
: 657933K->1948K(737280K), 0.0064820 secs] 1654597K->998618K(1761280K), 0.0066070 secs] [Times: user=0.03 sys=0.00, real=0.01 secs] 
395.528: [GC395.529: [ParNew
Desired survivor size 41943040 bytes, new threshold 6 (max 6)
- age   1:    1029936 bytes,    1029936 total
- age   2:       6176 bytes,    1036112 total
- age   3:      14560 bytes,    1050672 total
- age   4:       5104 bytes,    1055776 total
- age   5:       4880 bytes,    1060656 total
- age   6:       4928 bytes,    1065584 total
: 657308K->1355K(737280K), 0.0063780 secs] 1653978K->998026K(1761280K), 0.0065890 secs] [Times: user=0.04 sys=0.01, real=0.00 secs] 
395.775: [GC395.775: [ParNew
Desired survivor size 41943040 bytes, new threshold 6 (max 6)
- age   1:     694656 bytes,     694656 total
- age   2:       1240 bytes,     695896 total
- age   3:       6080 bytes,     701976 total
- age   4:      14488 bytes,     716464 total
- age   5:       4984 bytes,     721448 total
- age   6:       4736 bytes,     726184 total
: 656715K->1410K(737280K), 0.0065750 secs] 1653386K->998086K(1761280K), 0.0067190 secs] [Times: user=0.05 sys=0.00, real=0.01 secs] 
396.031: [GC396.031: [ParNew
Desired survivor size 41943040 bytes, new threshold 6 (max 6)
- age   1:    2356592 bytes,    2356592 total
- age   2:       4960 bytes,    2361552 total
- age   3:       1072 bytes,    2362624 total
- age   4:       5984 bytes,    2368608 total
- age   5:      14368 bytes,    2382976 total
- age   6:       4888 bytes,    2387864 total
: 656770K->2504K(737280K), 0.0076280 secs] 1653446K->999185K(1761280K), 0.0077750 secs] [Times: user=0.05 sys=0.00, real=0.01 secs] 
396.280: [GC396.280: [ParNew
Desired survivor size 41943040 bytes, new threshold 6 (max 6)
- age   1:    1654360 bytes,    1654360 total
- age   2:     843440 bytes,    2497800 total
- age   3:       4712 bytes,    2502512 total
- age   4:       1072 bytes,    2503584 total
- age   5:       5864 bytes,    2509448 total
- age   6:      14224 bytes,    2523672 total
: 657864K->3514K(737280K), 0.0075100 secs] 1654545K->1000200K(1761280K), 0.0076920 secs] [Times: user=0.06 sys=0.00, real=0.01 secs] 
396.527: [GC396.528: [ParNew
Desired survivor size 41943040 bytes, new threshold 6 (max 6)
- age   1:     681216 bytes,     681216 total
- age   2:       8528 bytes,     689744 total
- age   3:       5696 bytes,     695440 total
- age   4:       4496 bytes,     699936 total
- age   5:        880 bytes,     700816 total
- age   6:       5768 bytes,     706584 total
: 658874K->2317K(737280K), 0.0064770 secs] 1655560K->999017K(1761280K), 0.0066160 secs] [Times: user=0.05 sys=0.00, real=0.00 secs] 
396.762: [GC396.762: [ParNew
Desired survivor size 41943040 bytes, new threshold 6 (max 6)
- age   1:    1395880 bytes,    1395880 total
- age   2:       8128 bytes,    1404008 total
- age   3:       7912 bytes,    1411920 total
- age   4:       5552 bytes,    1417472 total
- age   5:       4304 bytes,    1421776 total
- age   6:        784 bytes,    1422560 total
: 657677K->1785K(737280K), 0.0068920 secs] 1654377K->998492K(1761280K), 0.0070280 secs] [Times: user=0.05 sys=0.00, real=0.01 secs] 
397.013: [GC397.014: [ParNew
Desired survivor size 41943040 bytes, new threshold 6 (max 6)
- age   1:    1832176 bytes,    1832176 total
- age   2:       8640 bytes,    1840816 total
- age   3:       8032 bytes,    1848848 total
- age   4:       7816 bytes,    1856664 total
- age   5:       5480 bytes,    1862144 total
- age   6:       4304 bytes,    1866448 total
: 657145K->2306K(737280K), 0.0072240 secs] 1653852K->999014K(1761280K), 0.0073900 secs] [Times: user=0.05 sys=0.00, real=0.01 secs] 
397.250: [GC397.250: [ParNew
Desired survivor size 41943040 bytes, new threshold 6 (max 6)
- age   1:    1476744 bytes,    1476744 total
- age   2:       1800 bytes,    1478544 total
- age   3:       8448 bytes,    1486992 total
- age   4:       7984 bytes,    1494976 total
- age   5:       7784 bytes,    1502760 total
- age   6:       5480 bytes,    1508240 total
: 657666K->2511K(737280K), 0.0073090 secs] 1654374K->999224K(1761280K), 0.0074720 secs] [Times: user=0.04 sys=0.00, real=0.01 secs] 
397.486: [GC397.486: [ParNew
Desired survivor size 41943040 bytes, new threshold 6 (max 6)
- age   1:    2775880 bytes,    2775880 total
- age   2:      18512 bytes,    2794392 total
- age   3:       1392 bytes,    2795784 total
- age   4:       8232 bytes,    2804016 total
- age   5:       7696 bytes,    2811712 total
- age   6:       7688 bytes,    2819400 total
: 657871K->3277K(737280K), 0.0081020 secs] 1654584K->999996K(1761280K), 0.0082550 secs] [Times: user=0.05 sys=0.00, real=0.00 secs] 
397.727: [GC397.727: [ParNew
Desired survivor size 41943040 bytes, new threshold 6 (max 6)
- age   1:    2332024 bytes,    2332024 total
- age   2:       3496 bytes,    2335520 total
- age   3:      18344 bytes,    2353864 total
- age   4:       1128 bytes,    2354992 total
- age   5:       8176 bytes,    2363168 total
- age   6:       7696 bytes,    2370864 total
: 658637K->4038K(737280K), 0.0078540 secs] 1655356K->1000766K(1761280K), 0.0079980 secs] [Times: user=0.05 sys=0.00, real=0.00 secs] 
397.965: [GC397.966: [ParNew
Desired survivor size 41943040 bytes, new threshold 6 (max 6)
- age   1:     402024 bytes,     402024 total
- age   2:      11384 bytes,     413408 total
- age   3:       3448 bytes,     416856 total
- age   4:      18248 bytes,     435104 total
- age   5:       1008 bytes,     436112 total
- age   6:       8152 bytes,     444264 total
: 659398K->1445K(737280K), 0.0063050 secs] 1656126K->998180K(1761280K), 0.0065240 secs] [Times: user=0.04 sys=0.00, real=0.01 secs] 
398.218: [GC398.219: [ParNew
Desired survivor size 41943040 bytes, new threshold 6 (max 6)
- age   1:    2637824 bytes,    2637824 total
- age   2:        520 bytes,    2638344 total
- age   3:      11312 bytes,    2649656 total
- age   4:       3400 bytes,    2653056 total
- age   5:      18216 bytes,    2671272 total
- age   6:       1008 bytes,    2672280 total
: 656805K->2877K(737280K), 0.0105930 secs] 1653540K->999621K(1761280K), 0.0110900 secs] [Times: user=0.05 sys=0.00, real=0.01 secs] 
398.459: [GC398.459: [ParNew
Desired survivor size 41943040 bytes, new threshold 6 (max 6)
- age   1:     723176 bytes,     723176 total
- age   2:       5144 bytes,     728320 total
- age   3:        496 bytes,     728816 total
- age   4:      11216 bytes,     740032 total
- age   5:       3376 bytes,     743408 total
- age   6:      18216 bytes,     761624 total
: 658237K->2334K(737280K), 0.0062200 secs] 1654981K->999079K(1761280K), 0.0063580 secs] [Times: user=0.04 sys=0.00, real=0.00 secs] 
398.685: [GC398.686: [ParNew
Desired survivor size 41943040 bytes, new threshold 6 (max 6)
- age   1:    1033480 bytes,    1033480 total
- age   2:       4464 bytes,    1037944 total
- age   3:       4952 bytes,    1042896 total
- age   4:        448 bytes,    1043344 total
- age   5:      11048 bytes,    1054392 total
- age   6:       3328 bytes,    1057720 total
: 657694K->1321K(737280K), 0.0068040 secs] 1654439K->998085K(1761280K), 0.0069770 secs] [Times: user=0.04 sys=0.00, real=0.01 secs] 
398.926: [GC398.926: [ParNew
Desired survivor size 41943040 bytes, new threshold 6 (max 6)
- age   1:     804712 bytes,     804712 total
- age   2:       4728 bytes,     809440 total
- age   3:       4224 bytes,     813664 total
- age   4:       4808 bytes,     818472 total
- age   5:        208 bytes,     818680 total
- age   6:      10880 bytes,     829560 total
: 656681K->1426K(737280K), 0.0064670 secs] 1653445K->998193K(1761280K), 0.0066530 secs] [Times: user=0.05 sys=0.00, real=0.01 secs] 
399.151: [GC399.151: [ParNew
Desired survivor size 41943040 bytes, new threshold 6 (max 6)
- age   1:     994920 bytes,     994920 total
- age   2:      15672 bytes,    1010592 total
- age   3:       4608 bytes,    1015200 total
- age   4:       4104 bytes,    1019304 total
- age   5:       4616 bytes,    1023920 total
- age   6:        160 bytes,    1024080 total
: 656786K->1353K(737280K), 0.0068630 secs] 1653553K->998132K(1761280K), 0.0069970 secs] [Times: user=0.04 sys=0.00, real=0.01 secs] 
399.383: [GC399.383: [ParNew
Desired survivor size 41943040 bytes, new threshold 6 (max 6)
- age   1:     905952 bytes,     905952 total
- age   2:      15744 bytes,     921696 total
- age   3:      15576 bytes,     937272 total
- age   4:       4584 bytes,     941856 total
- age   5:       4104 bytes,     945960 total
- age   6:       4616 bytes,     950576 total
: 656713K->1438K(737280K), 0.0065030 secs] 1653492K->998217K(1761280K), 0.0066460 secs] [Times: user=0.04 sys=0.00, real=0.01 secs] 
399.633: [GC399.633: [ParNew
Desired survivor size 41943040 bytes, new threshold 6 (max 6)
- age   1:     697752 bytes,     697752 total
- age   2:      17688 bytes,     715440 total
- age   3:      15456 bytes,     730896 total
- age   4:      15120 bytes,     746016 total
- age   5:       4320 bytes,     750336 total
- age   6:       4008 bytes,     754344 total
: 656798K->1261K(737280K), 0.0065590 secs] 1653577K->998045K(1761280K), 0.0067670 secs] [Times: user=0.05 sys=0.00, real=0.01 secs] 
399.867: [GC399.867: [ParNew
Desired survivor size 41943040 bytes, new threshold 6 (max 6)
- age   1:    1849616 bytes,    1849616 total
- age   2:      12672 bytes,    1862288 total
- age   3:      17544 bytes,    1879832 total
- age   4:      15408 bytes,    1895240 total
- age   5:      15120 bytes,    1910360 total
- age   6:       4320 bytes,    1914680 total
: 656621K->2212K(737280K), 0.0073990 secs] 1653405K->999000K(1761280K), 0.0075920 secs] [Times: user=0.05 sys=0.00, real=0.00 secs] 
400.101: [GC400.101: [ParNew
Desired survivor size 41943040 bytes, new threshold 6 (max 6)
- age   1:    1339112 bytes,    1339112 total
- age   2:      10576 bytes,    1349688 total
- age   3:      12480 bytes,    1362168 total
- age   4:      17448 bytes,    1379616 total
- age   5:      15360 bytes,    1394976 total
- age   6:      15120 bytes,    1410096 total
: 657572K->1911K(737280K), 0.0069340 secs] 1654360K->998703K(1761280K), 0.0070760 secs] [Times: user=0.05 sys=0.00, real=0.01 secs] 
400.333: [GC400.333: [ParNew
Desired survivor size 41943040 bytes, new threshold 6 (max 6)
- age   1:    1779608 bytes,    1779608 total
- age   2:       5584 bytes,    1785192 total
- age   3:      10448 bytes,    1795640 total
- age   4:      12384 bytes,    1808024 total
- age   5:      17448 bytes,    1825472 total
- age   6:      15360 bytes,    1840832 total
: 657271K->2653K(737280K), 0.0071850 secs] 1654063K->999461K(1761280K), 0.0073150 secs] [Times: user=0.04 sys=0.00, real=0.01 secs] 
400.562: [GC400.563: [ParNew
Desired survivor size 41943040 bytes, new threshold 6 (max 6)
- age   1:     810896 bytes,     810896 total
- age   2:       5800 bytes,     816696 total
- age   3:       5536 bytes,     822232 total
- age   4:      10448 bytes,     832680 total
- age   5:      12336 bytes,     845016 total
- age   6:      17448 bytes,     862464 total
: 658013K->1702K(737280K), 0.0065170 secs] 1654821K->998526K(1761280K), 0.0066730 secs] [Times: user=0.04 sys=0.00, real=0.01 secs] 
400.793: [GC400.793: [ParNew
Desired survivor size 41943040 bytes, new threshold 6 (max 6)
- age   1:    1731352 bytes,    1731352 total
- age   2:       8944 bytes,    1740296 total
- age   3:       5608 bytes,    1745904 total
- age   4:       5320 bytes,    1751224 total
- age   5:      10304 bytes,    1761528 total
- age   6:      12264 bytes,    1773792 total
: 657062K->2131K(737280K), 0.0070980 secs] 1653886K->998972K(1761280K), 0.0072390 secs] [Times: user=0.05 sys=0.00, real=0.01 secs] 
401.043: [GC401.043: [ParNew
Desired survivor size 41943040 bytes, new threshold 6 (max 6)
- age   1:    1450360 bytes,    1450360 total
- age   2:       4368 bytes,    1454728 total
- age   3:       8944 bytes,    1463672 total
- age   4:       5608 bytes,    1469280 total
- age   5:       5320 bytes,    1474600 total
- age   6:      10304 bytes,    1484904 total
: 657491K->2412K(737280K), 0.0077510 secs] 1654332K->999267K(1761280K), 0.0079180 secs] [Times: user=0.05 sys=0.00, real=0.01 secs] 
401.263: [GC401.263: [ParNew
Desired survivor size 41943040 bytes, new threshold 6 (max 6)
- age   1:    2006232 bytes,    2006232 total
- age   2:       5624 bytes,    2011856 total
- age   3:       4296 bytes,    2016152 total
- age   4:       8824 bytes,    2024976 total
- age   5:       5464 bytes,    2030440 total
- age   6:       5224 bytes,    2035664 total
: 657772K->2552K(737280K), 0.0074970 secs] 1654627K->999417K(1761280K), 0.0076310 secs] [Times: user=0.05 sys=0.00, real=0.01 secs] 
401.482: [GC401.482: [ParNew
Desired survivor size 41943040 bytes, new threshold 6 (max 6)
- age   1:     396528 bytes,     396528 total
- age   2:      12232 bytes,     408760 total
- age   3:       5384 bytes,     414144 total
- age   4:       4056 bytes,     418200 total
- age   5:       8416 bytes,     426616 total
- age   6:       5248 bytes,     431864 total
: 657912K->1855K(737280K), 0.0064310 secs] 1654777K->998726K(1761280K), 0.0066110 secs] [Times: user=0.03 sys=0.00, real=0.01 secs] 
401.709: [GC401.709: [ParNew
Desired survivor size 41943040 bytes, new threshold 6 (max 6)
- age   1:    2364568 bytes,    2364568 total
- age   2:       8112 bytes,    2372680 total
- age   3:      11920 bytes,    2384600 total
- age   4:       5336 bytes,    2389936 total
- age   5:       4056 bytes,    2393992 total
- age   6:       8416 bytes,    2402408 total
: 657215K->2561K(737280K), 0.0074190 secs] 1654086K->999438K(1761280K), 0.0075760 secs] [Times: user=0.05 sys=0.00, real=0.00 secs] 
401.939: [CMS-concurrent-mark: 7.582/7.870 secs] [Times: user=58.99 sys=1.10, real=7.87 secs] 
401.939: [CMS-concurrent-preclean-start]
401.951: [GC401.951: [ParNew
Desired survivor size 41943040 bytes, new threshold 6 (max 6)
- age   1:     580136 bytes,     580136 total
- age   2:       7808 bytes,     587944 total
- age   3:       7968 bytes,     595912 total
- age   4:      11840 bytes,     607752 total
- age   5:       5144 bytes,     612896 total
- age   6:       4008 bytes,     616904 total
: 657921K->1901K(737280K), 0.0065800 secs] 1654798K->998788K(1761280K), 0.0067720 secs] [Times: user=0.04 sys=0.00, real=0.01 secs] 
401.968: [CMS-concurrent-preclean: 0.018/0.029 secs] [Times: user=0.18 sys=0.00, real=0.03 secs] 
401.968: [CMS-concurrent-abortable-preclean-start]
402.159: [CMS-concurrent-abortable-preclean: 0.088/0.191 secs] [Times: user=1.45 sys=0.03, real=0.19 secs] 
402.168: [GC[YG occupancy: 623981 K (737280 K)]402.168: [Rescan (parallel) , 0.2679630 secs]402.436: [weak refs processing, 0.0000350 secs]402.436: [scrub string table, 0.0010130 secs] [1 CMS-remark: 996886K(1024000K)] 1620868K(1761280K), 0.2691750 secs] [Times: user=2.01 sys=0.00, real=0.27 secs] 
402.438: [CMS-concurrent-sweep-start]
402.453: [GC402.453: [ParNew
Desired survivor size 41943040 bytes, new threshold 6 (max 6)
- age   1:    1385064 bytes,    1385064 total
- age   2:       2280 bytes,    1387344 total
- age   3:       7560 bytes,    1394904 total
- age   4:       7704 bytes,    1402608 total
- age   5:      11696 bytes,    1414304 total
- age   6:       5048 bytes,    1419352 total
: 657261K->1729K(737280K), 0.0067290 secs] 1654148K->998620K(1761280K), 0.0068610 secs] [Times: user=0.05 sys=0.00, real=0.01 secs] 
402.715: [GC402.715: [ParNew
Desired survivor size 41943040 bytes, new threshold 6 (max 6)
- age   1:     833848 bytes,     833848 total
- age   2:       9376 bytes,     843224 total
- age   3:       2256 bytes,     845480 total
- age   4:       7560 bytes,     853040 total
- age   5:       7656 bytes,     860696 total
- age   6:      11696 bytes,     872392 total
: 657089K->1636K(737280K), 0.0067630 secs] 1653977K->998530K(1761280K), 0.0068950 secs] [Times: user=0.05 sys=0.00, real=0.01 secs] 
402.982: [GC402.982: [ParNew
Desired survivor size 41943040 bytes, new threshold 6 (max 6)
- age   1:    1380000 bytes,    1380000 total
- age   2:       1768 bytes,    1381768 total
- age   3:       8992 bytes,    1390760 total
- age   4:       2112 bytes,    1392872 total
- age   5:       7536 bytes,    1400408 total
- age   6:       7656 bytes,    1408064 total
: 656996K->1773K(737280K), 0.0070650 secs] 1653890K->998679K(1761280K), 0.0072390 secs] [Times: user=0.05 sys=0.01, real=0.01 secs] 
403.226: [GC403.226: [ParNew
Desired survivor size 41943040 bytes, new threshold 6 (max 6)
- age   1:    1148272 bytes,    1148272 total
- age   2:     173160 bytes,    1321432 total
- age   3:       1688 bytes,    1323120 total
- age   4:       8992 bytes,    1332112 total
- age   5:       2112 bytes,    1334224 total
- age   6:       7536 bytes,    1341760 total
: 657133K->1926K(737280K), 0.0066770 secs] 1654039K->998840K(1761280K), 0.0068290 secs] [Times: user=0.04 sys=0.01, real=0.01 secs] 
403.462: [GC403.462: [ParNew
Desired survivor size 41943040 bytes, new threshold 6 (max 6)
- age   1:    2484328 bytes,    2484328 total
- age   2:     337176 bytes,    2821504 total
- age   3:       1952 bytes,    2823456 total
- age   4:       1688 bytes,    2825144 total
- age   5:       8992 bytes,    2834136 total
- age   6:       2112 bytes,    2836248 total
: 657286K->3677K(737280K), 0.0085350 secs] 1654200K->1000599K(1761280K), 0.0087580 secs] [Times: user=0.05 sys=0.00, real=0.01 secs] 
403.702: [GC403.702: [ParNew
Desired survivor size 41943040 bytes, new threshold 6 (max 6)
- age   1:    1943736 bytes,    1943736 total
- age   2:       4784 bytes,    1948520 total
- age   3:       5368 bytes,    1953888 total
- age   4:       1832 bytes,    1955720 total
- age   5:       1472 bytes,    1957192 total
- age   6:       8896 bytes,    1966088 total
: 659037K->2996K(737280K), 0.0074940 secs] 1651425K->995387K(1761280K), 0.0076740 secs] [Times: user=0.05 sys=0.00, real=0.01 secs] 
403.717: [CMS-concurrent-sweep: 1.217/1.279 secs] [Times: user=9.48 sys=0.19, real=1.28 secs] 
403.718: [CMS-concurrent-reset-start]
403.751: [CMS-concurrent-reset: 0.034/0.034 secs] [Times: user=0.25 sys=0.01, real=0.03 secs] 
403.936: [GC403.936: [ParNew
Desired survivor size 41943040 bytes, new threshold 6 (max 6)
- age   1:     880544 bytes,     880544 total
- age   2:      11792 bytes,     892336 total
- age   3:       4616 bytes,     896952 total
- age   4:       5224 bytes,     902176 total
- age   5:       1664 bytes,     903840 total
- age   6:       1472 bytes,     905312 total
: 658356K->2039K(737280K), 0.0065070 secs] 1647988K->991680K(1761280K), 0.0066510 secs] [Times: user=0.05 sys=0.00, real=0.01 secs] 
403.944: [GC [1 CMS-initial-mark: 989641K(1024000K)] 993934K(1761280K), 0.0054010 secs] [Times: user=0.01 sys=0.00, real=0.01 secs] 
403.950: [CMS-concurrent-mark-start]
404.190: [GC404.190: [ParNew
Desired survivor size 41943040 bytes, new threshold 6 (max 6)
- age   1:    1154920 bytes,    1154920 total
- age   2:       6440 bytes,    1161360 total
- age   3:      11720 bytes,    1173080 total
- age   4:       4592 bytes,    1177672 total
- age   5:       5128 bytes,    1182800 total
- age   6:       1640 bytes,    1184440 total
: 657399K->1577K(737280K), 0.0067770 secs] 1647040K->991220K(1761280K), 0.0069140 secs] [Times: user=0.04 sys=0.00, real=0.00 secs] 
404.427: [GC404.427: [ParNew
Desired survivor size 41943040 bytes, new threshold 6 (max 6)
- age   1:     586776 bytes,     586776 total
- age   2:       5872 bytes,     592648 total
- age   3:       6152 bytes,     598800 total
- age   4:      11552 bytes,     610352 total
- age   5:       4352 bytes,     614704 total
- age   6:       5008 bytes,     619712 total
: 656937K->1077K(737280K), 0.0065470 secs] 1646580K->990722K(1761280K), 0.0067250 secs] [Times: user=0.04 sys=0.00, real=0.01 secs] 
404.680: [GC404.680: [ParNew
Desired survivor size 41943040 bytes, new threshold 6 (max 6)
- age   1:    1472392 bytes,    1472392 total
- age   2:       4552 bytes,    1476944 total
- age   3:       5584 bytes,    1482528 total
- age   4:       5984 bytes,    1488512 total
- age   5:      11408 bytes,    1499920 total
- age   6:       4256 bytes,    1504176 total
: 656437K->1737K(737280K), 0.0068400 secs] 1646082K->991387K(1761280K), 0.0070050 secs] [Times: user=0.04 sys=0.00, real=0.00 secs] 
404.936: [GC404.936: [ParNew
Desired survivor size 41943040 bytes, new threshold 6 (max 6)
- age   1:    2087560 bytes,    2087560 total
- age   2:       3824 bytes,    2091384 total
- age   3:       4504 bytes,    2095888 total
- age   4:       5584 bytes,    2101472 total
- age   5:       5960 bytes,    2107432 total
- age   6:      11408 bytes,    2118840 total
: 657097K->2758K(737280K), 0.0071360 secs] 1646747K->992412K(1761280K), 0.0073290 secs] [Times: user=0.05 sys=0.00, real=0.01 secs] 
405.180: [GC405.180: [ParNew
Desired survivor size 41943040 bytes, new threshold 6 (max 6)
- age   1:    2141424 bytes,    2141424 total
- age   2:       3216 bytes,    2144640 total
- age   3:       3536 bytes,    2148176 total
- age   4:       4456 bytes,    2152632 total
- age   5:       5560 bytes,    2158192 total
- age   6:       5936 bytes,    2164128 total
: 658118K->3252K(737280K), 0.0078090 secs] 1647772K->992918K(1761280K), 0.0080080 secs] [Times: user=0.05 sys=0.00, real=0.01 secs] 
405.444: [GC405.444: [ParNew
Desired survivor size 41943040 bytes, new threshold 6 (max 6)
- age   1:     575856 bytes,     575856 total
- age   2:      11632 bytes,     587488 total
- age   3:       3120 bytes,     590608 total
- age   4:       3512 bytes,     594120 total
- age   5:       4456 bytes,     598576 total
- age   6:       5560 bytes,     604136 total
: 658612K->2049K(737280K), 0.0062070 secs] 1648278K->991722K(1761280K), 0.0063420 secs] [Times: user=0.04 sys=0.00, real=0.01 secs] 
405.705: [GC405.705: [ParNew
Desired survivor size 41943040 bytes, new threshold 6 (max 6)
- age   1:     808200 bytes,     808200 total
- age   2:       5264 bytes,     813464 total
- age   3:      11344 bytes,     824808 total
- age   4:       3000 bytes,     827808 total
- age   5:       3392 bytes,     831200 total
- age   6:       4456 bytes,     835656 total
: 657409K->1237K(737280K), 0.0064790 secs] 1647082K->990916K(1761280K), 0.0066510 secs] [Times: user=0.05 sys=0.00, real=0.01 secs] 
405.952: [GC405.952: [ParNew
Desired survivor size 41943040 bytes, new threshold 6 (max 6)
- age   1:    1363184 bytes,    1363184 total
- age   2:      17912 bytes,    1381096 total
- age   3:       5264 bytes,    1386360 total
- age   4:      11344 bytes,    1397704 total
- age   5:       3000 bytes,    1400704 total
- age   6:       3392 bytes,    1404096 total
: 656597K->1748K(737280K), 0.0068630 secs] 1646276K->991432K(1761280K), 0.0070100 secs] [Times: user=0.05 sys=0.00, real=0.01 secs] 
406.199: [GC406.199: [ParNew
Desired survivor size 41943040 bytes, new threshold 6 (max 6)
- age   1:     826968 bytes,     826968 total
- age   2:       1592 bytes,     828560 total
- age   3:      17720 bytes,     846280 total
- age   4:       5144 bytes,     851424 total
- age   5:      11216 bytes,     862640 total
- age   6:       2952 bytes,     865592 total
: 657108K->1375K(737280K), 0.0067520 secs] 1646792K->991063K(1761280K), 0.0069080 secs] [Times: user=0.05 sys=0.00, real=0.00 secs] 
406.442: [GC406.442: [ParNew
Desired survivor size 41943040 bytes, new threshold 6 (max 6)
- age   1:    3421848 bytes,    3421848 total
- age   2:       2048 bytes,    3423896 total
- age   3:       1352 bytes,    3425248 total
- age   4:      17480 bytes,    3442728 total
- age   5:       4952 bytes,    3447680 total
- age   6:      10976 bytes,    3458656 total
: 656735K->3876K(737280K), 0.0081940 secs] 1646423K->993567K(1761280K), 0.0083700 secs] [Times: user=0.05 sys=0.00, real=0.01 secs] 
406.783: [GC406.783: [ParNew
Desired survivor size 41943040 bytes, new threshold 6 (max 6)
- age   1:    2262208 bytes,    2262208 total
- age   2:       4736 bytes,    2266944 total
- age   3:       1856 bytes,    2268800 total
- age   4:       1280 bytes,    2270080 total
- age   5:      17312 bytes,    2287392 total
- age   6:       4832 bytes,    2292224 total
: 659236K->3114K(737280K), 0.0102780 secs] 1648927K->992816K(1761280K), 0.0104610 secs] [Times: user=0.07 sys=0.00, real=0.01 secs] 
407.054: [GC407.054: [ParNew
Desired survivor size 41943040 bytes, new threshold 6 (max 6)
- age   1:     381096 bytes,     381096 total
- age   2:       4368 bytes,     385464 total
- age   3:       4736 bytes,     390200 total
- age   4:       1784 bytes,     391984 total
- age   5:       1208 bytes,     393192 total
- age   6:      17312 bytes,     410504 total
: 658474K->2371K(737280K), 0.0067800 secs] 1648176K->992078K(1761280K), 0.0069080 secs] [Times: user=0.04 sys=0.00, real=0.01 secs] 
407.300: [GC407.300: [ParNew
Desired survivor size 41943040 bytes, new threshold 6 (max 6)
- age   1:    1511552 bytes,    1511552 total
- age   2:      33752 bytes,    1545304 total
- age   3:       4008 bytes,    1549312 total
- age   4:       4328 bytes,    1553640 total
- age   5:       1712 bytes,    1555352 total
- age   6:       1088 bytes,    1556440 total
: 657731K->1920K(737280K), 0.0067770 secs] 1647438K->991645K(1761280K), 0.0069840 secs] [Times: user=0.04 sys=0.00, real=0.00 secs] 
407.554: [GC407.554: [ParNew
Desired survivor size 41943040 bytes, new threshold 6 (max 6)
- age   1:    1282296 bytes,    1282296 total
- age   2:      22416 bytes,    1304712 total
- age   3:      33608 bytes,    1338320 total
- age   4:       3888 bytes,    1342208 total
- age   5:       4304 bytes,    1346512 total
- age   6:       1712 bytes,    1348224 total
: 657280K->1960K(737280K), 0.0068860 secs] 1647005K->991687K(1761280K), 0.0070690 secs] [Times: user=0.04 sys=0.00, real=0.01 secs] 
407.796: [GC407.796: [ParNew
Desired survivor size 41943040 bytes, new threshold 6 (max 6)
- age   1:    1596616 bytes,    1596616 total
- age   2:      27232 bytes,    1623848 total
- age   3:      22344 bytes,    1646192 total
- age   4:      33552 bytes,    1679744 total
- age   5:       3888 bytes,    1683632 total
- age   6:       4304 bytes,    1687936 total
: 657320K->2464K(737280K), 0.0078000 secs] 1647047K->992193K(1761280K), 0.0079430 secs] [Times: user=0.04 sys=0.00, real=0.01 secs] 
408.044: [GC408.044: [ParNew
Desired survivor size 41943040 bytes, new threshold 6 (max 6)
- age   1:    1374440 bytes,    1374440 total
- age   2:       8928 bytes,    1383368 total
- age   3:      27160 bytes,    1410528 total
- age   4:      22200 bytes,    1432728 total
- age   5:      33432 bytes,    1466160 total
- age   6:       3816 bytes,    1469976 total
: 657824K->2151K(737280K), 0.0067860 secs] 1647553K->991884K(1761280K), 0.0069360 secs] [Times: user=0.05 sys=0.00, real=0.01 secs] 
408.277: [GC408.277: [ParNew
Desired survivor size 41943040 bytes, new threshold 6 (max 6)
- age   1:    1553704 bytes,    1553704 total
- age   2:       6552 bytes,    1560256 total
- age   3:       8656 bytes,    1568912 total
- age   4:      27088 bytes,    1596000 total
- age   5:      22200 bytes,    1618200 total
- age   6:      33432 bytes,    1651632 total
: 657511K->2568K(737280K), 0.0072190 secs] 1647244K->992306K(1761280K), 0.0073470 secs] [Times: user=0.05 sys=0.00, real=0.01 secs] 
408.528: [GC408.529: [ParNew
Desired survivor size 41943040 bytes, new threshold 6 (max 6)
- age   1:    1156376 bytes,    1156376 total
- age   2:       1440 bytes,    1157816 total
- age   3:       6552 bytes,    1164368 total
- age   4:       8656 bytes,    1173024 total
- age   5:      27040 bytes,    1200064 total
- age   6:      22200 bytes,    1222264 total
: 657928K->1970K(737280K), 0.0069250 secs] 1647666K->991741K(1761280K), 0.0071550 secs] [Times: user=0.05 sys=0.00, real=0.00 secs] 
408.767: [GC408.767: [ParNew
Desired survivor size 41943040 bytes, new threshold 6 (max 6)
- age   1:     629432 bytes,     629432 total
- age   2:       1760 bytes,     631192 total
- age   3:       1152 bytes,     632344 total
- age   4:       6384 bytes,     638728 total
- age   5:       8608 bytes,     647336 total
- age   6:      26992 bytes,     674328 total
: 657330K->1289K(737280K), 0.0064690 secs] 1647101K->991083K(1761280K), 0.0066160 secs] [Times: user=0.05 sys=0.00, real=0.01 secs] 
409.034: [GC409.034: [ParNew
Desired survivor size 41943040 bytes, new threshold 6 (max 6)
- age   1:     891776 bytes,     891776 total
- age   2:      10976 bytes,     902752 total
- age   3:       1664 bytes,     904416 total
- age   4:       1080 bytes,     905496 total
- age   5:       6264 bytes,     911760 total
- age   6:       8584 bytes,     920344 total
: 656649K->1138K(737280K), 0.0065490 secs] 1646443K->990960K(1761280K), 0.0067120 secs] [Times: user=0.04 sys=0.00, real=0.01 secs] 
409.270: [GC409.270: [ParNew
Desired survivor size 41943040 bytes, new threshold 6 (max 6)
- age   1:    2214952 bytes,    2214952 total
- age   2:       6400 bytes,    2221352 total
- age   3:      10808 bytes,    2232160 total
- age   4:       1616 bytes,    2233776 total
- age   5:       1032 bytes,    2234808 total
- age   6:       6048 bytes,    2240856 total
: 656498K->2653K(737280K), 0.0074860 secs] 1646320K->992484K(1761280K), 0.0076390 secs] [Times: user=0.05 sys=0.00, real=0.01 secs] 
409.502: [GC409.502: [ParNew
Desired survivor size 41943040 bytes, new threshold 6 (max 6)
- age   1:     565088 bytes,     565088 total
- age   2:       5024 bytes,     570112 total
- age   3:       6184 bytes,     576296 total
- age   4:      10784 bytes,     587080 total
- age   5:       1496 bytes,     588576 total
- age   6:        912 bytes,     589488 total
: 658013K->1845K(737280K), 0.0062340 secs] 1647844K->991682K(1761280K), 0.0063650 secs] [Times: user=0.04 sys=0.00, real=0.01 secs] 
409.740: [GC409.740: [ParNew
Desired survivor size 41943040 bytes, new threshold 6 (max 6)
- age   1:     629008 bytes,     629008 total
- age   2:      10936 bytes,     639944 total
- age   3:       4808 bytes,     644752 total
- age   4:       5848 bytes,     650600 total
- age   5:      10664 bytes,     661264 total
- age   6:       1328 bytes,     662592 total
: 657205K->907K(737280K), 0.0062680 secs] 1647042K->990746K(1761280K), 0.0064190 secs] [Times: user=0.04 sys=0.00, real=0.00 secs] 
409.965: [GC409.965: [ParNew
Desired survivor size 41943040 bytes, new threshold 6 (max 6)
- age   1:    2202496 bytes,    2202496 total
- age   2:      16168 bytes,    2218664 total
- age   3:      10936 bytes,    2229600 total
- age   4:       4808 bytes,    2234408 total
- age   5:       5848 bytes,    2240256 total
- age   6:      10664 bytes,    2250920 total
: 656267K->2626K(737280K), 0.0076250 secs] 1646106K->992466K(1761280K), 0.0077730 secs] [Times: user=0.05 sys=0.00, real=0.01 secs] 
410.144: [CMS-concurrent-mark: 5.967/6.194 secs] [Times: user=45.83 sys=0.83, real=6.19 secs] 
410.144: [CMS-concurrent-preclean-start]
410.161: [CMS-concurrent-preclean: 0.016/0.017 secs] [Times: user=0.12 sys=0.00, real=0.02 secs] 
410.161: [CMS-concurrent-abortable-preclean-start]
410.193: [GC410.193: [ParNew
Desired survivor size 41943040 bytes, new threshold 6 (max 6)
- age   1:     389720 bytes,     389720 total
- age   2:       4056 bytes,     393776 total
- age   3:      16024 bytes,     409800 total
- age   4:      10816 bytes,     420616 total
- age   5:       4688 bytes,     425304 total
- age   6:       5528 bytes,     430832 total
: 657986K->1807K(737280K), 0.0064360 secs] 1647826K->991659K(1761280K), 0.0065870 secs] [Times: user=0.05 sys=0.00, real=0.01 secs] 
410.381: [CMS-concurrent-abortable-preclean: 0.084/0.220 secs] [Times: user=1.36 sys=0.02, real=0.22 secs] 
410.385: [GC[YG occupancy: 445224 K (737280 K)]410.385: [Rescan (parallel) , 0.2249430 secs]410.610: [weak refs processing, 0.0000310 secs]410.610: [scrub string table, 0.0009990 secs] [1 CMS-remark: 989851K(1024000K)] 1435076K(1761280K), 0.2261460 secs] [Times: user=1.65 sys=0.01, real=0.23 secs] 
410.611: [CMS-concurrent-sweep-start]
410.691: [GC410.691: [ParNew
Desired survivor size 41943040 bytes, new threshold 6 (max 6)
- age   1:    1136960 bytes,    1136960 total
- age   2:       3336 bytes,    1140296 total
- age   3:       3864 bytes,    1144160 total
- age   4:      15856 bytes,    1160016 total
- age   5:      10768 bytes,    1170784 total
- age   6:       4688 bytes,    1175472 total
: 657167K->1462K(737280K), 0.0067140 secs] 1647018K->991319K(1761280K), 0.0068450 secs] [Times: user=0.05 sys=0.00, real=0.01 secs] 
410.948: [GC410.948: [ParNew
Desired survivor size 41943040 bytes, new threshold 6 (max 6)
- age   1:    1397688 bytes,    1397688 total
- age   2:       5016 bytes,    1402704 total
- age   3:       3072 bytes,    1405776 total
- age   4:       3720 bytes,    1409496 total
- age   5:      15688 bytes,    1425184 total
- age   6:      10744 bytes,    1435928 total
: 656822K->1875K(737280K), 0.0071950 secs] 1646679K->991737K(1761280K), 0.0073170 secs] [Times: user=0.05 sys=0.00, real=0.01 secs] 
411.173: [GC411.174: [ParNew
Desired survivor size 41943040 bytes, new threshold 6 (max 6)
- age   1:     439400 bytes,     439400 total
- age   2:       4888 bytes,     444288 total
- age   3:       4848 bytes,     449136 total
- age   4:       2808 bytes,     451944 total
- age   5:       3600 bytes,     455544 total
- age   6:      15664 bytes,     471208 total
: 657235K->1301K(737280K), 0.0063410 secs] 1647097K->991175K(1761280K), 0.0065250 secs] [Times: user=0.04 sys=0.00, real=0.01 secs] 
411.424: [GC411.424: [ParNew
Desired survivor size 41943040 bytes, new threshold 6 (max 6)
- age   1:    1051920 bytes,    1051920 total
- age   2:       1176 bytes,    1053096 total
- age   3:       4624 bytes,    1057720 total
- age   4:       4704 bytes,    1062424 total
- age   5:       2712 bytes,    1065136 total
- age   6:       3576 bytes,    1068712 total
: 656661K->1266K(737280K), 0.0071280 secs] 1646535K->991155K(1761280K), 0.0072550 secs] [Times: user=0.04 sys=0.00, real=0.01 secs] 
411.661: [GC411.661: [ParNew
Desired survivor size 41943040 bytes, new threshold 6 (max 6)
- age   1:     303328 bytes,     303328 total
- age   2:       8936 bytes,     312264 total
- age   3:       1032 bytes,     313296 total
- age   4:       4576 bytes,     317872 total
- age   5:       4512 bytes,     322384 total
- age   6:       2688 bytes,     325072 total
: 656626K->892K(737280K), 0.0062730 secs] 1646515K->990786K(1761280K), 0.0064520 secs] [Times: user=0.04 sys=0.00, real=0.00 secs] 
411.902: [GC411.902: [ParNew
Desired survivor size 41943040 bytes, new threshold 6 (max 6)
- age   1:    1265568 bytes,    1265568 total
- age   2:      10904 bytes,    1276472 total
- age   3:       8904 bytes,    1285376 total
- age   4:       1080 bytes,    1286456 total
- age   5:       4576 bytes,    1291032 total
- age   6:       4512 bytes,    1295544 total
: 656252K->1474K(737280K), 0.0067900 secs] 1646146K->991371K(1761280K), 0.0069580 secs] [Times: user=0.05 sys=0.00, real=0.01 secs] 
412.081: [CMS-concurrent-sweep: 1.416/1.470 secs] [Times: user=10.95 sys=0.21, real=1.47 secs] 
412.082: [CMS-concurrent-reset-start]
412.120: [CMS-concurrent-reset: 0.039/0.039 secs] [Times: user=0.30 sys=0.01, real=0.04 secs] 
412.143: [GC412.143: [ParNew
Desired survivor size 41943040 bytes, new threshold 6 (max 6)
- age   1:    1813096 bytes,    1813096 total
- age   2:      19448 bytes,    1832544 total
- age   3:      10832 bytes,    1843376 total
- age   4:       8880 bytes,    1852256 total
- age   5:       1032 bytes,    1853288 total
- age   6:       4576 bytes,    1857864 total
: 656834K->2305K(737280K), 0.0072860 secs] 1646620K->992095K(1761280K), 0.0074260 secs] [Times: user=0.04 sys=0.00, real=0.01 secs] 
412.152: [GC [1 CMS-initial-mark: 989790K(1024000K)] 995395K(1761280K), 0.0066560 secs] [Times: user=0.00 sys=0.00, real=0.01 secs] 
412.159: [CMS-concurrent-mark-start]
412.390: [GC412.390: [ParNew
Desired survivor size 41943040 bytes, new threshold 6 (max 6)
- age   1:     742224 bytes,     742224 total
- age   2:       6016 bytes,     748240 total
- age   3:      19256 bytes,     767496 total
- age   4:      10616 bytes,     778112 total
- age   5:       8664 bytes,     786776 total
- age   6:        936 bytes,     787712 total
: 657665K->1616K(737280K), 0.0064350 secs] 1647455K->991411K(1761280K), 0.0065750 secs] [Times: user=0.04 sys=0.00, real=0.00 secs] 
412.620: [GC412.620: [ParNew
Desired survivor size 41943040 bytes, new threshold 6 (max 6)
- age   1:    2535704 bytes,    2535704 total
- age   2:      24192 bytes,    2559896 total
- age   3:       5776 bytes,    2565672 total
- age   4:      19088 bytes,    2584760 total
- age   5:      10592 bytes,    2595352 total
- age   6:       8544 bytes,    2603896 total
: 656976K->2943K(737280K), 0.0089620 secs] 1646771K->992739K(1761280K), 0.0091190 secs] [Times: user=0.06 sys=0.00, real=0.01 secs] 
412.861: [GC412.861: [ParNew
Desired survivor size 41943040 bytes, new threshold 6 (max 6)
- age   1:     658976 bytes,     658976 total
- age   2:       3768 bytes,     662744 total
- age   3:      21128 bytes,     683872 total
- age   4:       5752 bytes,     689624 total
- age   5:      18984 bytes,     708608 total
- age   6:      10520 bytes,     719128 total
: 658303K->2080K(737280K), 0.0064400 secs] 1648099K->991885K(1761280K), 0.0065960 secs] [Times: user=0.04 sys=0.00, real=0.00 secs] 
413.133: [GC413.134: [ParNew
Desired survivor size 41943040 bytes, new threshold 6 (max 6)
- age   1:    1193704 bytes,    1193704 total
- age   2:      12688 bytes,    1206392 total
- age   3:       3768 bytes,    1210160 total
- age   4:      21128 bytes,    1231288 total
- age   5:       5752 bytes,    1237040 total
- age   6:      15888 bytes,    1252928 total
: 657440K->1652K(737280K), 0.0064170 secs] 1647245K->991468K(1761280K), 0.0066270 secs] [Times: user=0.04 sys=0.00, real=0.01 secs] 
413.395: [GC413.395: [ParNew
Desired survivor size 41943040 bytes, new threshold 6 (max 6)
- age   1:    1283264 bytes,    1283264 total
- age   2:      13064 bytes,    1296328 total
- age   3:      12256 bytes,    1308584 total
- age   4:       3480 bytes,    1312064 total
- age   5:      20912 bytes,    1332976 total
- age   6:       5608 bytes,    1338584 total
: 657012K->1910K(737280K), 0.0067520 secs] 1646828K->991741K(1761280K), 0.0069310 secs] [Times: user=0.04 sys=0.00, real=0.01 secs] 
413.642: [GC413.642: [ParNew
Desired survivor size 41943040 bytes, new threshold 6 (max 6)
- age   1:     370824 bytes,     370824 total
- age   2:      15048 bytes,     385872 total
- age   3:      12800 bytes,     398672 total
- age   4:       8808 bytes,     407480 total
- age   5:       3456 bytes,     410936 total
- age   6:      20912 bytes,     431848 total
: 657270K->1253K(737280K), 0.0065400 secs] 1647101K->991091K(1761280K), 0.0067090 secs] [Times: user=0.03 sys=0.00, real=0.01 secs] 
413.874: [GC413.874: [ParNew
Desired survivor size 41943040 bytes, new threshold 6 (max 6)
- age   1:     529928 bytes,     529928 total
- age   2:       9352 bytes,     539280 total
- age   3:      15048 bytes,     554328 total
- age   4:      12800 bytes,     567128 total
- age   5:       8808 bytes,     575936 total
- age   6:       3456 bytes,     579392 total
: 656613K->837K(737280K), 0.0106840 secs] 1646451K->990696K(1761280K), 0.0108250 secs] [Times: user=0.07 sys=0.00, real=0.01 secs] 
414.115: [GC414.115: [ParNew
Desired survivor size 41943040 bytes, new threshold 6 (max 6)
- age   1:    1239128 bytes,    1239128 total
- age   2:      12152 bytes,    1251280 total
- age   3:       8968 bytes,    1260248 total
- age   4:      14928 bytes,    1275176 total
- age   5:      12800 bytes,    1287976 total
- age   6:       8808 bytes,    1296784 total
: 656197K->1521K(737280K), 0.0065040 secs] 1646056K->991383K(1761280K), 0.0066950 secs] [Times: user=0.05 sys=0.00, real=0.01 secs] 
414.370: [GC414.370: [ParNew
Desired survivor size 41943040 bytes, new threshold 6 (max 6)
- age   1:    1588232 bytes,    1588232 total
- age   2:       7456 bytes,    1595688 total
- age   3:      11696 bytes,    1607384 total
- age   4:       8752 bytes,    1616136 total
- age   5:      14640 bytes,    1630776 total
- age   6:      12656 bytes,    1643432 total
: 656881K->2028K(737280K), 0.0089180 secs] 1646743K->991900K(1761280K), 0.0090860 secs] [Times: user=0.06 sys=0.00, real=0.01 secs] 
414.623: [GC414.623: [ParNew
Desired survivor size 41943040 bytes, new threshold 6 (max 6)
- age   1:    1096144 bytes,    1096144 total
- age   2:      15016 bytes,    1111160 total
- age   3:       7456 bytes,    1118616 total
- age   4:      11696 bytes,    1130312 total
- age   5:       8752 bytes,    1139064 total
- age   6:      14640 bytes,    1153704 total
: 657388K->2027K(737280K), 0.0108090 secs] 1647260K->991910K(1761280K), 0.0109500 secs] [Times: user=0.07 sys=0.00, real=0.01 secs] 
414.895: [GC414.895: [ParNew
Desired survivor size 41943040 bytes, new threshold 6 (max 6)
- age   1:     906752 bytes,     906752 total
- age   2:       8672 bytes,     915424 total
- age   3:      14800 bytes,     930224 total
- age   4:       7456 bytes,     937680 total
- age   5:      11696 bytes,     949376 total
- age   6:       8704 bytes,     958080 total
: 657387K->1483K(737280K), 0.0067200 secs] 1647270K->991382K(1761280K), 0.0068900 secs] [Times: user=0.04 sys=0.00, real=0.01 secs] 
415.148: [GC415.148: [ParNew
Desired survivor size 41943040 bytes, new threshold 6 (max 6)
- age   1:    1264496 bytes,    1264496 total
- age   2:       3704 bytes,    1268200 total
- age   3:       8624 bytes,    1276824 total
- age   4:      14680 bytes,    1291504 total
- age   5:       7408 bytes,    1298912 total
- age   6:      11696 bytes,    1310608 total
: 656843K->1686K(737280K), 0.0066350 secs] 1646742K->991594K(1761280K), 0.0068440 secs] [Times: user=0.04 sys=0.00, real=0.01 secs] 
415.398: [GC415.399: [ParNew
Desired survivor size 41943040 bytes, new threshold 6 (max 6)
- age   1:    1275560 bytes,    1275560 total
- age   2:       1216 bytes,    1276776 total
- age   3:       3536 bytes,    1280312 total
- age   4:       8432 bytes,    1288744 total
- age   5:      14656 bytes,    1303400 total
- age   6:       7408 bytes,    1310808 total
: 657046K->2073K(737280K), 0.0066290 secs] 1646954K->991993K(1761280K), 0.0067860 secs] [Times: user=0.05 sys=0.00, real=0.00 secs] 
415.637: [GC415.637: [ParNew
Desired survivor size 41943040 bytes, new threshold 6 (max 6)
- age   1:     664328 bytes,     664328 total
- age   2:       3448 bytes,     667776 total
- age   3:       1144 bytes,     668920 total
- age   4:       3512 bytes,     672432 total
- age   5:       8432 bytes,     680864 total
- age   6:      14656 bytes,     695520 total
: 657433K->1256K(737280K), 0.0065910 secs] 1647353K->991184K(1761280K), 0.0067440 secs] [Times: user=0.05 sys=0.00, real=0.01 secs] 
415.862: [GC415.862: [ParNew
Desired survivor size 41943040 bytes, new threshold 6 (max 6)
- age   1:    1741192 bytes,    1741192 total
- age   2:       1336 bytes,    1742528 total
- age   3:       3448 bytes,    1745976 total
- age   4:       1144 bytes,    1747120 total
- age   5:       3464 bytes,    1750584 total
- age   6:       8432 bytes,    1759016 total
: 656616K->2061K(737280K), 0.0069860 secs] 1646544K->992004K(1761280K), 0.0071200 secs] [Times: user=0.04 sys=0.00, real=0.01 secs] 
416.113: [GC416.114: [ParNew
Desired survivor size 41943040 bytes, new threshold 6 (max 6)
- age   1:    1613640 bytes,    1613640 total
- age   2:       7896 bytes,    1621536 total
- age   3:       1072 bytes,    1622608 total
- age   4:       3040 bytes,    1625648 total
- age   5:        928 bytes,    1626576 total
- age   6:       3200 bytes,    1629776 total
: 657421K->2503K(737280K), 0.0074730 secs] 1647364K->992455K(1761280K), 0.0076030 secs] [Times: user=0.04 sys=0.01, real=0.01 secs] 
416.345: [GC416.345: [ParNew
Desired survivor size 41943040 bytes, new threshold 6 (max 6)
- age   1:     474016 bytes,     474016 total
- age   2:       5648 bytes,     479664 total
- age   3:       7848 bytes,     487512 total
- age   4:       1048 bytes,     488560 total
- age   5:       3040 bytes,     491600 total
- age   6:        928 bytes,     492528 total
: 657863K->1551K(737280K), 0.0059860 secs] 1647815K->991506K(1761280K), 0.0061760 secs] [Times: user=0.04 sys=0.00, real=0.01 secs] 
416.578: [GC416.578: [ParNew
Desired survivor size 41943040 bytes, new threshold 6 (max 6)
- age   1:    3179416 bytes,    3179416 total
- age   2:       4480 bytes,    3183896 total
- age   3:       5432 bytes,    3189328 total
- age   4:       7704 bytes,    3197032 total
- age   5:        928 bytes,    3197960 total
- age   6:       2920 bytes,    3200880 total
: 656911K->3365K(737280K), 0.0085860 secs] 1646866K->993322K(1761280K), 0.0087230 secs] [Times: user=0.05 sys=0.00, real=0.01 secs] 
416.803: [GC416.803: [ParNew
Desired survivor size 41943040 bytes, new threshold 6 (max 6)
- age   1:     655952 bytes,     655952 total
- age   2:       1560 bytes,     657512 total
- age   3:       4360 bytes,     661872 total
- age   4:       5168 bytes,     667040 total
- age   5:       7536 bytes,     674576 total
- age   6:        808 bytes,     675384 total
: 658725K->2471K(737280K), 0.0069820 secs] 1648682K->992431K(1761280K), 0.0071410 secs] [Times: user=0.04 sys=0.00, real=0.01 secs] 
417.054: [GC417.054: [ParNew
Desired survivor size 41943040 bytes, new threshold 6 (max 6)
- age   1:    1451656 bytes,    1451656 total
- age   2:      14424 bytes,    1466080 total
- age   3:       1512 bytes,    1467592 total
- age   4:       4360 bytes,    1471952 total
- age   5:       5168 bytes,    1477120 total
- age   6:       7536 bytes,    1484656 total
: 657831K->1859K(737280K), 0.0069730 secs] 1647791K->991819K(1761280K), 0.0071950 secs] [Times: user=0.05 sys=0.00, real=0.01 secs] 
417.307: [GC417.307: [ParNew
Desired survivor size 41943040 bytes, new threshold 6 (max 6)
- age   1:     415192 bytes,     415192 total
- age   2:       2544 bytes,     417736 total
- age   3:      13992 bytes,     431728 total
- age   4:       1272 bytes,     433000 total
- age   5:       4192 bytes,     437192 total
- age   6:       5024 bytes,     442216 total
: 657219K->1283K(737280K), 0.0062740 secs] 1647179K->991251K(1761280K), 0.0064080 secs] [Times: user=0.05 sys=0.01, real=0.01 secs] 
417.552: [GC417.552: [ParNew
Desired survivor size 41943040 bytes, new threshold 6 (max 6)
- age   1:    2045424 bytes,    2045424 total
- age   2:       6304 bytes,    2051728 total
- age   3:       2424 bytes,    2054152 total
- age   4:      13992 bytes,    2068144 total
- age   5:       1248 bytes,    2069392 total
- age   6:       4192 bytes,    2073584 total
: 656643K->2250K(737280K), 0.0073730 secs] 1646611K->992224K(1761280K), 0.0075240 secs] [Times: user=0.05 sys=0.00, real=0.01 secs] 
417.775: [GC417.775: [ParNew
Desired survivor size 41943040 bytes, new threshold 6 (max 6)
- age   1:    1212496 bytes,    1212496 total
- age   2:      16256 bytes,    1228752 total
- age   3:       6280 bytes,    1235032 total
- age   4:       2424 bytes,    1237456 total
- age   5:      13800 bytes,    1251256 total
- age   6:       1248 bytes,    1252504 total
: 657610K->2032K(737280K), 0.0069060 secs] 1647584K->992010K(1761280K), 0.0070620 secs] [Times: user=0.04 sys=0.00, real=0.01 secs] 
418.015: [GC418.015: [ParNew
Desired survivor size 41943040 bytes, new threshold 6 (max 6)
- age   1:    1449120 bytes,    1449120 total
- age   2:      46136 bytes,    1495256 total
- age   3:      16256 bytes,    1511512 total
- age   4:       6216 bytes,    1517728 total
- age   5:       2424 bytes,    1520152 total
- age   6:      13800 bytes,    1533952 total
: 657392K->2317K(737280K), 0.0069910 secs] 1647370K->992296K(1761280K), 0.0071480 secs] [Times: user=0.04 sys=0.00, real=0.01 secs] 
418.272: [GC418.272: [ParNew
Desired survivor size 41943040 bytes, new threshold 6 (max 6)
- age   1:    1069520 bytes,    1069520 total
- age   2:       9352 bytes,    1078872 total
- age   3:      45872 bytes,    1124744 total
- age   4:      15848 bytes,    1140592 total
- age   5:       6072 bytes,    1146664 total
- age   6:       2328 bytes,    1148992 total
: 657677K->1817K(737280K), 0.0066000 secs] 1647656K->991812K(1761280K), 0.0067360 secs] [Times: user=0.04 sys=0.00, real=0.00 secs] 
418.496: [GC418.496: [ParNew
Desired survivor size 41943040 bytes, new threshold 6 (max 6)
- age   1:    1121904 bytes,    1121904 total
- age   2:       4968 bytes,    1126872 total
- age   3:       9160 bytes,    1136032 total
- age   4:      45680 bytes,    1181712 total
- age   5:      15680 bytes,    1197392 total
- age   6:       6024 bytes,    1203416 total
: 657177K->1958K(737280K), 0.0070400 secs] 1647172K->991955K(1761280K), 0.0071690 secs] [Times: user=0.04 sys=0.00, real=0.01 secs] 
418.724: [GC418.724: [ParNew
Desired survivor size 41943040 bytes, new threshold 6 (max 6)
- age   1:    1974192 bytes,    1974192 total
- age   2:       2448 bytes,    1976640 total
- age   3:       4944 bytes,    1981584 total
- age   4:       9160 bytes,    1990744 total
- age   5:      45632 bytes,    2036376 total
- age   6:      15680 bytes,    2052056 total
: 657318K->2513K(737280K), 0.0069710 secs] 1647315K->992516K(1761280K), 0.0070970 secs] [Times: user=0.05 sys=0.00, real=0.01 secs] 
418.932: [CMS-concurrent-mark: 6.505/6.773 secs] [Times: user=50.81 sys=0.94, real=6.77 secs] 
418.932: [CMS-concurrent-preclean-start]
418.949: [CMS-concurrent-preclean: 0.016/0.017 secs] [Times: user=0.14 sys=0.00, real=0.01 secs] 
418.949: [CMS-concurrent-abortable-preclean-start]
418.966: [GC418.966: [ParNew
Desired survivor size 41943040 bytes, new threshold 6 (max 6)
- age   1:    4003720 bytes,    4003720 total
- age   2:       1520 bytes,    4005240 total
- age   3:       2064 bytes,    4007304 total
- age   4:       4608 bytes,    4011912 total
- age   5:       8968 bytes,    4020880 total
- age   6:      42232 bytes,    4063112 total
: 657873K->5171K(737280K), 0.0089700 secs] 1647876K->995190K(1761280K), 0.0092820 secs] [Times: user=0.06 sys=0.00, real=0.01 secs] 
419.084: [CMS-concurrent-abortable-preclean: 0.124/0.135 secs] [Times: user=1.01 sys=0.01, real=0.14 secs] 
419.087: [GC[YG occupancy: 362689 K (737280 K)]419.087: [Rescan (parallel) , 0.1204700 secs]419.207: [weak refs processing, 0.0000340 secs]419.207: [scrub string table, 0.0010180 secs] [1 CMS-remark: 990019K(1024000K)] 1352708K(1761280K), 0.1216550 secs] [Times: user=0.90 sys=0.01, real=0.12 secs] 
419.209: [CMS-concurrent-sweep-start]
419.329: [GC419.329: [ParNew
Desired survivor size 41943040 bytes, new threshold 6 (max 6)
- age   1:     666384 bytes,     666384 total
- age   2:      13184 bytes,     679568 total
- age   3:       1448 bytes,     681016 total
- age   4:       2064 bytes,     683080 total
- age   5:       4608 bytes,     687688 total
- age   6:       8968 bytes,     696656 total
: 660531K->3425K(737280K), 0.0062450 secs] 1650550K->993486K(1761280K), 0.0063740 secs] [Times: user=0.04 sys=0.00, real=0.01 secs] 
419.577: [GC419.577: [ParNew
Desired survivor size 41943040 bytes, new threshold 6 (max 6)
- age   1:    1694808 bytes,    1694808 total
- age   2:       3864 bytes,    1698672 total
- age   3:      13040 bytes,    1711712 total
- age   4:       1352 bytes,    1713064 total
- age   5:       1872 bytes,    1714936 total
- age   6:       4488 bytes,    1719424 total
: 658785K->2090K(737280K), 0.0070370 secs] 1648846K->992160K(1761280K), 0.0071680 secs] [Times: user=0.05 sys=0.00, real=0.01 secs] 
419.820: [GC419.820: [ParNew
Desired survivor size 41943040 bytes, new threshold 6 (max 6)
- age   1:    1849344 bytes,    1849344 total
- age   2:     763928 bytes,    2613272 total
- age   3:       3760 bytes,    2617032 total
- age   4:      12944 bytes,    2629976 total
- age   5:        992 bytes,    2630968 total
- age   6:       1752 bytes,    2632720 total
: 657450K->3198K(737280K), 0.0072650 secs] 1647520K->993273K(1761280K), 0.0074490 secs] [Times: user=0.05 sys=0.00, real=0.00 secs] 
420.092: [GC420.092: [ParNew
Desired survivor size 41943040 bytes, new threshold 6 (max 6)
- age   1:     908784 bytes,     908784 total
- age   2:       4672 bytes,     913456 total
- age   3:       4264 bytes,     917720 total
- age   4:       3544 bytes,     921264 total
- age   5:      12824 bytes,     934088 total
- age   6:        992 bytes,     935080 total
: 658558K->2592K(737280K), 0.0066380 secs] 1648633K->992669K(1761280K), 0.0067910 secs] [Times: user=0.04 sys=0.00, real=0.00 secs] 
420.339: [GC420.339: [ParNew
Desired survivor size 41943040 bytes, new threshold 6 (max 6)
- age   1:    1477696 bytes,    1477696 total
- age   2:       8504 bytes,    1486200 total
- age   3:       4552 bytes,    1490752 total
- age   4:       4192 bytes,    1494944 total
- age   5:       3544 bytes,    1498488 total
- age   6:      12824 bytes,    1511312 total
: 657952K->1910K(737280K), 0.0067380 secs] 1648029K->991988K(1761280K), 0.0068750 secs] [Times: user=0.05 sys=0.01, real=0.01 secs] 
420.452: [CMS-concurrent-sweep: 1.202/1.243 secs] [Times: user=9.26 sys=0.18, real=1.25 secs] 
420.452: [CMS-concurrent-reset-start]
420.482: [CMS-concurrent-reset: 0.030/0.030 secs] [Times: user=0.22 sys=0.00, real=0.03 secs] 
420.570: [GC420.570: [ParNew
Desired survivor size 41943040 bytes, new threshold 6 (max 6)
- age   1:     504768 bytes,     504768 total
- age   2:       3112 bytes,     507880 total
- age   3:       8384 bytes,     516264 total
- age   4:       4552 bytes,     520816 total
- age   5:       4168 bytes,     524984 total
- age   6:       3544 bytes,     528528 total
: 657270K->1308K(737280K), 0.0064710 secs] 1647215K->991265K(1761280K), 0.0065980 secs] [Times: user=0.04 sys=0.00, real=0.00 secs] 
420.580: [GC [1 CMS-initial-mark: 989957K(1024000K)] 997536K(1761280K), 0.0071000 secs] [Times: user=0.00 sys=0.00, real=0.00 secs] 
420.587: [CMS-concurrent-mark-start]
420.847: [GC420.847: [ParNew
Desired survivor size 41943040 bytes, new threshold 6 (max 6)
- age   1:     303064 bytes,     303064 total
- age   2:       4208 bytes,     307272 total
- age   3:       2800 bytes,     310072 total
- age   4:       8264 bytes,     318336 total
- age   5:       4432 bytes,     322768 total
- age   6:       4168 bytes,     326936 total
: 656668K->627K(737280K), 0.0063120 secs] 1646625K->990588K(1761280K), 0.0064680 secs] [Times: user=0.05 sys=0.01, real=0.01 secs] 
421.121: [GC421.122: [ParNew
Desired survivor size 41943040 bytes, new threshold 6 (max 6)
- age   1:     372048 bytes,     372048 total
- age   2:       8336 bytes,     380384 total
- age   3:       3848 bytes,     384232 total
- age   4:       2560 bytes,     386792 total
- age   5:       8024 bytes,     394816 total
- age   6:       4360 bytes,     399176 total
: 655987K->525K(737280K), 0.0077540 secs] 1645948K->990492K(1761280K), 0.0078920 secs] [Times: user=0.05 sys=0.00, real=0.01 secs] 
421.367: [GC421.367: [ParNew
Desired survivor size 41943040 bytes, new threshold 6 (max 6)
- age   1:    1953456 bytes,    1953456 total
- age   2:      11088 bytes,    1964544 total
- age   3:       8264 bytes,    1972808 total
- age   4:       3800 bytes,    1976608 total
- age   5:       2560 bytes,    1979168 total
- age   6:       8024 bytes,    1987192 total
: 655885K->2105K(737280K), 0.0068480 secs] 1645852K->992075K(1761280K), 0.0070300 secs] [Times: user=0.05 sys=0.00, real=0.01 secs] 
421.617: [GC421.617: [ParNew
Desired survivor size 41943040 bytes, new threshold 6 (max 6)
- age   1:    1998576 bytes,    1998576 total
- age   2:       5304 bytes,    2003880 total
- age   3:      10776 bytes,    2014656 total
- age   4:       8168 bytes,    2022824 total
- age   5:       3800 bytes,    2026624 total
- age   6:       2560 bytes,    2029184 total
: 657465K->2893K(737280K), 0.0075210 secs] 1647435K->992872K(1761280K), 0.0076890 secs] [Times: user=0.05 sys=0.00, real=0.01 secs] 
421.872: [GC421.872: [ParNew
Desired survivor size 41943040 bytes, new threshold 6 (max 6)
- age   1:    1302392 bytes,    1302392 total
- age   2:       7864 bytes,    1310256 total
- age   3:       5232 bytes,    1315488 total
- age   4:      10512 bytes,    1326000 total
- age   5:       7952 bytes,    1333952 total
- age   6:       3632 bytes,    1337584 total
: 658253K->2574K(737280K), 0.0115160 secs] 1648232K->992556K(1761280K), 0.0116550 secs] [Times: user=0.06 sys=0.01, real=0.01 secs] 
422.145: [GC422.145: [ParNew
Desired survivor size 41943040 bytes, new threshold 6 (max 6)
- age   1:     348632 bytes,     348632 total
- age   2:       4584 bytes,     353216 total
- age   3:       7712 bytes,     360928 total
- age   4:       5184 bytes,     366112 total
- age   5:      10464 bytes,     376576 total
- age   6:       7880 bytes,     384456 total
: 657934K->957K(737280K), 0.0061610 secs] 1647916K->990943K(1761280K), 0.0063290 secs] [Times: user=0.04 sys=0.01, real=0.01 secs] 
422.401: [GC422.401: [ParNew
Desired survivor size 41943040 bytes, new threshold 6 (max 6)
- age   1:     805888 bytes,     805888 total
- age   2:      12600 bytes,     818488 total
- age   3:       4344 bytes,     822832 total
- age   4:       7544 bytes,     830376 total
- age   5:       5064 bytes,     835440 total
- age   6:      10440 bytes,     845880 total
: 656317K->999K(737280K), 0.0067250 secs] 1646303K->990994K(1761280K), 0.0068560 secs] [Times: user=0.05 sys=0.00, real=0.00 secs] 
422.643: [GC422.643: [ParNew
Desired survivor size 41943040 bytes, new threshold 6 (max 6)
- age   1:    1875336 bytes,    1875336 total
- age   2:      28824 bytes,    1904160 total
- age   3:      12160 bytes,    1916320 total
- age   4:       4128 bytes,    1920448 total
- age   5:       7448 bytes,    1927896 total
- age   6:       4968 bytes,    1932864 total
: 656359K->2196K(737280K), 0.0073190 secs] 1646354K->992202K(1761280K), 0.0075300 secs] [Times: user=0.05 sys=0.00, real=0.01 secs] 
422.949: [GC422.949: [ParNew
Desired survivor size 41943040 bytes, new threshold 6 (max 6)
- age   1:     878648 bytes,     878648 total
- age   2:      33752 bytes,     912400 total
- age   3:      28704 bytes,     941104 total
- age   4:      12040 bytes,     953144 total
- age   5:       4056 bytes,     957200 total
- age   6:       7448 bytes,     964648 total
: 657556K->1591K(737280K), 0.0065710 secs] 1647562K->991602K(1761280K), 0.0067400 secs] [Times: user=0.05 sys=0.00, real=0.01 secs] 
423.299: [GC423.299: [ParNew
Desired survivor size 41943040 bytes, new threshold 6 (max 6)
- age   1:    1851048 bytes,    1851048 total
- age   2:       6336 bytes,    1857384 total
- age   3:      33512 bytes,    1890896 total
- age   4:      28680 bytes,    1919576 total
- age   5:      12040 bytes,    1931616 total
- age   6:       4024 bytes,    1935640 total
: 656951K->2253K(737280K), 0.0071320 secs] 1646962K->992272K(1761280K), 0.0072810 secs] [Times: user=0.04 sys=0.00, real=0.01 secs] 
423.538: [GC423.538: [ParNew
Desired survivor size 41943040 bytes, new threshold 6 (max 6)
- age   1:    1902792 bytes,    1902792 total
- age   2:       4880 bytes,    1907672 total
- age   3:       6024 bytes,    1913696 total
- age   4:      33224 bytes,    1946920 total
- age   5:      28608 bytes,    1975528 total
- age   6:      12040 bytes,    1987568 total
: 657613K->2809K(737280K), 0.0070750 secs] 1647632K->992833K(1761280K), 0.0072280 secs] [Times: user=0.05 sys=0.00, real=0.01 secs] 
423.770: [GC423.770: [ParNew
Desired survivor size 41943040 bytes, new threshold 6 (max 6)
- age   1:     906520 bytes,     906520 total
- age   2:      11440 bytes,     917960 total
- age   3:       4856 bytes,     922816 total
- age   4:       6000 bytes,     928816 total
- age   5:      33224 bytes,     962040 total
- age   6:      28608 bytes,     990648 total
: 658169K->1857K(737280K), 0.0072840 secs] 1648193K->991892K(1761280K), 0.0075260 secs] [Times: user=0.05 sys=0.00, real=0.00 secs] 
424.015: [GC424.015: [ParNew
Desired survivor size 41943040 bytes, new threshold 6 (max 6)
- age   1:     845392 bytes,     845392 total
- age   2:       2144 bytes,     847536 total
- age   3:      11296 bytes,     858832 total
- age   4:       4856 bytes,     863688 total
- age   5:       5976 bytes,     869664 total
- age   6:      33224 bytes,     902888 total
: 657217K->1447K(737280K), 0.0066480 secs] 1647252K->991511K(1761280K), 0.0068020 secs] [Times: user=0.05 sys=0.00, real=0.01 secs] 
424.337: [GC424.337: [ParNew
Desired survivor size 41943040 bytes, new threshold 6 (max 6)
- age   1:     953888 bytes,     953888 total
- age   2:      13040 bytes,     966928 total
- age   3:       1952 bytes,     968880 total
- age   4:      11272 bytes,     980152 total
- age   5:       4832 bytes,     984984 total
- age   6:       5952 bytes,     990936 total
: 656807K->1302K(737280K), 0.0066980 secs] 1646871K->991399K(1761280K), 0.0068390 secs] [Times: user=0.04 sys=0.00, real=0.01 secs] 
424.572: [GC424.572: [ParNew
Desired survivor size 41943040 bytes, new threshold 6 (max 6)
- age   1:    1452480 bytes,    1452480 total
- age   2:      12944 bytes,    1465424 total
- age   3:      13016 bytes,    1478440 total
- age   4:       1904 bytes,    1480344 total
- age   5:      11248 bytes,    1491592 total
- age   6:       4832 bytes,    1496424 total
: 656662K->2003K(737280K), 0.0071080 secs] 1646759K->992107K(1761280K), 0.0072550 secs] [Times: user=0.05 sys=0.00, real=0.00 secs] 
424.795: [GC424.795: [ParNew
Desired survivor size 41943040 bytes, new threshold 6 (max 6)
- age   1:    1357336 bytes,    1357336 total
- age   2:       8560 bytes,    1365896 total
- age   3:      12944 bytes,    1378840 total
- age   4:      13016 bytes,    1391856 total
- age   5:       1880 bytes,    1393736 total
- age   6:      11248 bytes,    1404984 total
: 657363K->2164K(737280K), 0.0068420 secs] 1647467K->992273K(1761280K), 0.0069950 secs] [Times: user=0.05 sys=0.00, real=0.01 secs] 
425.039: [GC425.039: [ParNew
Desired survivor size 41943040 bytes, new threshold 6 (max 6)
- age   1:     684528 bytes,     684528 total
- age   2:        888 bytes,     685416 total
- age   3:       8032 bytes,     693448 total
- age   4:       9736 bytes,     703184 total
- age   5:      12560 bytes,     715744 total
- age   6:       1352 bytes,     717096 total
: 657524K->1362K(737280K), 0.0061120 secs] 1647633K->991482K(1761280K), 0.0062670 secs] [Times: user=0.04 sys=0.00, real=0.01 secs] 
425.270: [GC425.270: [ParNew
Desired survivor size 41943040 bytes, new threshold 6 (max 6)
- age   1:    1114416 bytes,    1114416 total
- age   2:      20536 bytes,    1134952 total
- age   3:        816 bytes,    1135768 total
- age   4:       7984 bytes,    1143752 total
- age   5:       9736 bytes,    1153488 total
- age   6:      12536 bytes,    1166024 total
: 656722K->1507K(737280K), 0.0066830 secs] 1646842K->991629K(1761280K), 0.0068120 secs] [Times: user=0.05 sys=0.00, real=0.01 secs] 
425.494: [GC425.494: [ParNew
Desired survivor size 41943040 bytes, new threshold 6 (max 6)
- age   1:     387744 bytes,     387744 total
- age   2:      10016 bytes,     397760 total
- age   3:      20272 bytes,     418032 total
- age   4:        664 bytes,     418696 total
- age   5:       7840 bytes,     426536 total
- age   6:       9736 bytes,     436272 total
: 656867K->1004K(737280K), 0.0061340 secs] 1646989K->991139K(1761280K), 0.0062690 secs] [Times: user=0.04 sys=0.00, real=0.00 secs] 
425.720: [GC425.720: [ParNew
Desired survivor size 41943040 bytes, new threshold 6 (max 6)
- age   1:    1029040 bytes,    1029040 total
- age   2:       8328 bytes,    1037368 total
- age   3:      10016 bytes,    1047384 total
- age   4:      20272 bytes,    1067656 total
- age   5:        664 bytes,    1068320 total
- age   6:       7840 bytes,    1076160 total
: 656364K->1233K(737280K), 0.0067960 secs] 1646499K->991377K(1761280K), 0.0069480 secs] [Times: user=0.04 sys=0.00, real=0.00 secs] 
425.976: [GC425.976: [ParNew
Desired survivor size 41943040 bytes, new threshold 6 (max 6)
- age   1:    1278072 bytes,    1278072 total
- age   2:       4992 bytes,    1283064 total
- age   3:       8064 bytes,    1291128 total
- age   4:       9800 bytes,    1300928 total
- age   5:      20176 bytes,    1321104 total
- age   6:        544 bytes,    1321648 total
: 656593K->1670K(737280K), 0.0070910 secs] 1646737K->991823K(1761280K), 0.0072250 secs] [Times: user=0.05 sys=0.00, real=0.01 secs] 
426.197: [GC426.197: [ParNew
Desired survivor size 41943040 bytes, new threshold 6 (max 6)
- age   1:    2529488 bytes,    2529488 total
- age   2:      10768 bytes,    2540256 total
- age   3:       4992 bytes,    2545248 total
- age   4:       8064 bytes,    2553312 total
- age   5:       9800 bytes,    2563112 total
- age   6:      20176 bytes,    2583288 total
: 657030K->3274K(737280K), 0.0079250 secs] 1647183K->993428K(1761280K), 0.0080560 secs] [Times: user=0.05 sys=0.00, real=0.01 secs] 
426.430: [GC426.430: [ParNew
Desired survivor size 41943040 bytes, new threshold 6 (max 6)
- age   1:    1715568 bytes,    1715568 total
- age   2:       8720 bytes,    1724288 total
- age   3:      10552 bytes,    1734840 total
- age   4:       4656 bytes,    1739496 total
- age   5:       7872 bytes,    1747368 total
- age   6:       9560 bytes,    1756928 total
: 658634K->2463K(737280K), 0.0070230 secs] 1648788K->992637K(1761280K), 0.0071990 secs] [Times: user=0.04 sys=0.00, real=0.01 secs] 
426.659: [GC426.659: [ParNew
Desired survivor size 41943040 bytes, new threshold 6 (max 6)
- age   1:    1056064 bytes,    1056064 total
- age   2:     162392 bytes,    1218456 total
- age   3:       8408 bytes,    1226864 total
- age   4:      10360 bytes,    1237224 total
- age   5:       4344 bytes,    1241568 total
- age   6:       7704 bytes,    1249272 total
: 657823K->1834K(737280K), 0.0066310 secs] 1647997K->992018K(1761280K), 0.0067900 secs] [Times: user=0.05 sys=0.00, real=0.01 secs] 
426.884: [GC426.884: [ParNew
Desired survivor size 41943040 bytes, new threshold 6 (max 6)
- age   1:    1831368 bytes,    1831368 total
- age   2:       4224 bytes,    1835592 total
- age   3:       7800 bytes,    1843392 total
- age   4:       8408 bytes,    1851800 total
- age   5:      10312 bytes,    1862112 total
- age   6:       4344 bytes,    1866456 total
: 657194K->2232K(737280K), 0.0151210 secs] 1647378K->992423K(1761280K), 0.0153530 secs] [Times: user=0.05 sys=0.00, real=0.01 secs] 
427.114: [GC427.114: [ParNew
Desired survivor size 41943040 bytes, new threshold 6 (max 6)
- age   1:    2072664 bytes,    2072664 total
- age   2:       4888 bytes,    2077552 total
- age   3:       4032 bytes,    2081584 total
- age   4:       7584 bytes,    2089168 total
- age   5:       8280 bytes,    2097448 total
- age   6:      10168 bytes,    2107616 total
: 657592K->2993K(737280K), 0.0070220 secs] 1647783K->993189K(1761280K), 0.0071630 secs] [Times: user=0.06 sys=0.00, real=0.01 secs] 
427.363: [GC427.363: [ParNew
Desired survivor size 41943040 bytes, new threshold 6 (max 6)
- age   1:     629104 bytes,     629104 total
- age   2:       5080 bytes,     634184 total
- age   3:       4840 bytes,     639024 total
- age   4:       4032 bytes,     643056 total
- age   5:       7584 bytes,     650640 total
- age   6:       8280 bytes,     658920 total
: 658353K->1971K(737280K), 0.0067770 secs] 1648549K->992178K(1761280K), 0.0069010 secs] [Times: user=0.03 sys=0.00, real=0.01 secs] 
427.624: [GC427.624: [ParNew
Desired survivor size 41943040 bytes, new threshold 6 (max 6)
- age   1:      47984 bytes,      47984 total
- age   2:       4872 bytes,      52856 total
- age   3:       4904 bytes,      57760 total
- age   4:       4792 bytes,      62552 total
- age   5:       4032 bytes,      66584 total
- age   6:       7584 bytes,      74168 total
: 657331K->653K(737280K), 0.0066140 secs] 1647538K->990869K(1761280K), 0.0067720 secs] [Times: user=0.04 sys=0.00, real=0.01 secs] 
427.872: [GC427.872: [ParNew
Desired survivor size 41943040 bytes, new threshold 6 (max 6)
- age   1:    1233088 bytes,    1233088 total
- age   2:       4720 bytes,    1237808 total
- age   3:       4776 bytes,    1242584 total
- age   4:       4904 bytes,    1247488 total
- age   5:       4744 bytes,    1252232 total
- age   6:       4032 bytes,    1256264 total
: 656013K->1327K(737280K), 0.0124410 secs] 1646229K->991551K(1761280K), 0.0126020 secs] [Times: user=0.08 sys=0.00, real=0.01 secs] 
428.122: [GC428.122: [ParNew
Desired survivor size 41943040 bytes, new threshold 6 (max 6)
- age   1:    1465696 bytes,    1465696 total
- age   2:       5336 bytes,    1471032 total
- age   3:       4696 bytes,    1475728 total
- age   4:       4776 bytes,    1480504 total
- age   5:       4904 bytes,    1485408 total
- age   6:       4744 bytes,    1490152 total
: 656687K->2049K(737280K), 0.0080380 secs] 1646911K->992277K(1761280K), 0.0082090 secs] [Times: user=0.05 sys=0.00, real=0.00 secs] 
428.213: [CMS-concurrent-mark: 7.324/7.626 secs] [Times: user=55.27 sys=1.07, real=7.63 secs] 
428.213: [CMS-concurrent-preclean-start]
428.237: [CMS-concurrent-preclean: 0.022/0.023 secs] [Times: user=0.17 sys=0.00, real=0.02 secs] 
428.237: [CMS-concurrent-abortable-preclean-start]
428.352: [GC428.352: [ParNew
Desired survivor size 41943040 bytes, new threshold 6 (max 6)
- age   1:    2721944 bytes,    2721944 total
- age   2:       9384 bytes,    2731328 total
- age   3:       5072 bytes,    2736400 total
- age   4:       4288 bytes,    2740688 total
- age   5:       4272 bytes,    2744960 total
- age   6:       4496 bytes,    2749456 total
: 657409K->3331K(737280K), 0.0079150 secs] 1647637K->993564K(1761280K), 0.0080790 secs] [Times: user=0.05 sys=0.00, real=0.01 secs] 
428.480: [CMS-concurrent-abortable-preclean: 0.232/0.243 secs] [Times: user=1.83 sys=0.03, real=0.24 secs] 
428.499: [GC[YG occupancy: 413561 K (737280 K)]428.499: [Rescan (parallel) , 0.0859760 secs]428.585: [weak refs processing, 0.0000300 secs]428.585: [scrub string table, 0.0010060 secs] [1 CMS-remark: 990232K(1024000K)] 1403793K(1761280K), 0.0871600 secs] [Times: user=0.67 sys=0.00, real=0.09 secs] 
428.586: [CMS-concurrent-sweep-start]
428.685: [GC428.685: [ParNew
Desired survivor size 41943040 bytes, new threshold 6 (max 6)
- age   1:    1084536 bytes,    1084536 total
- age   2:       6016 bytes,    1090552 total
- age   3:       9216 bytes,    1099768 total
- age   4:       4976 bytes,    1104744 total
- age   5:       4288 bytes,    1109032 total
- age   6:       4272 bytes,    1113304 total
: 658691K->2347K(737280K), 0.0066650 secs] 1648923K->992583K(1761280K), 0.0068170 secs] [Times: user=0.04 sys=0.00, real=0.01 secs] 
428.935: [GC428.935: [ParNew
Desired survivor size 41943040 bytes, new threshold 6 (max 6)
- age   1:    2224032 bytes,    2224032 total
- age   2:       6664 bytes,    2230696 total
- age   3:       5968 bytes,    2236664 total
- age   4:       9216 bytes,    2245880 total
- age   5:       4928 bytes,    2250808 total
- age   6:       4288 bytes,    2255096 total
: 657707K->2858K(737280K), 0.0075240 secs] 1647943K->993099K(1761280K), 0.0077390 secs] [Times: user=0.05 sys=0.00, real=0.01 secs] 
429.170: [GC429.170: [ParNew
Desired survivor size 41943040 bytes, new threshold 6 (max 6)
- age   1:     944880 bytes,     944880 total
- age   2:        808 bytes,     945688 total
- age   3:       6592 bytes,     952280 total
- age   4:       5968 bytes,     958248 total
- age   5:       9216 bytes,     967464 total
- age   6:       4928 bytes,     972392 total
: 658218K->1900K(737280K), 0.0066270 secs] 1648459K->992145K(1761280K), 0.0067570 secs] [Times: user=0.05 sys=0.00, real=0.00 secs] 
429.413: [GC429.413: [ParNew
Desired survivor size 41943040 bytes, new threshold 6 (max 6)
- age   1:    1520280 bytes,    1520280 total
- age   2:       4544 bytes,    1524824 total
- age   3:        760 bytes,    1525584 total
- age   4:       6296 bytes,    1531880 total
- age   5:       5848 bytes,    1537728 total
- age   6:       9192 bytes,    1546920 total
: 657260K->1974K(737280K), 0.0070410 secs] 1647505K->992224K(1761280K), 0.0072770 secs] [Times: user=0.04 sys=0.00, real=0.01 secs] 
429.657: [GC429.657: [ParNew
Desired survivor size 41943040 bytes, new threshold 6 (max 6)
- age   1:    1030096 bytes,    1030096 total
- age   2:       1272 bytes,    1031368 total
- age   3:       4472 bytes,    1035840 total
- age   4:        664 bytes,    1036504 total
- age   5:       6176 bytes,    1042680 total
- age   6:       5848 bytes,    1048528 total
: 657334K->1843K(737280K), 0.0065930 secs] 1647584K->992103K(1761280K), 0.0067340 secs] [Times: user=0.04 sys=0.01, real=0.01 secs] 
429.914: [GC429.914: [ParNew
Desired survivor size 41943040 bytes, new threshold 6 (max 6)
- age   1:    1253784 bytes,    1253784 total
- age   2:       1304 bytes,    1255088 total
- age   3:        792 bytes,    1255880 total
- age   4:       4304 bytes,    1260184 total
- age   5:        520 bytes,    1260704 total
- age   6:       5912 bytes,    1266616 total
: 657203K->1528K(737280K), 0.0065870 secs] 1647427K->991757K(1761280K), 0.0067220 secs] [Times: user=0.05 sys=0.00, real=0.01 secs] 
429.947: [CMS-concurrent-sweep: 1.310/1.361 secs] [Times: user=10.09 sys=0.19, real=1.36 secs] 
429.948: [CMS-concurrent-reset-start]
430.043: [CMS-concurrent-reset: 0.095/0.095 secs] [Times: user=0.74 sys=0.01, real=0.10 secs] 
430.134: [GC430.134: [ParNew
Desired survivor size 41943040 bytes, new threshold 6 (max 6)
- age   1:    1658552 bytes,    1658552 total
- age   2:       4832 bytes,    1663384 total
- age   3:       1200 bytes,    1664584 total
- age   4:        672 bytes,    1665256 total
- age   5:       4280 bytes,    1669536 total
- age   6:        520 bytes,    1670056 total
: 656888K->2215K(737280K), 0.0074200 secs] 1647006K->992339K(1761280K), 0.0076210 secs] [Times: user=0.05 sys=0.00, real=0.01 secs] 
430.143: [GC [1 CMS-initial-mark: 990124K(1024000K)] 996134K(1761280K), 0.0074930 secs] [Times: user=0.01 sys=0.00, real=0.01 secs] 
430.151: [CMS-concurrent-mark-start]
430.424: [GC430.424: [ParNew
Desired survivor size 41943040 bytes, new threshold 6 (max 6)
- age   1:    1297800 bytes,    1297800 total
- age   2:      11424 bytes,    1309224 total
- age   3:       4568 bytes,    1313792 total
- age   4:       1056 bytes,    1314848 total
- age   5:        576 bytes,    1315424 total
- age   6:       4280 bytes,    1319704 total
: 657575K->2437K(737280K), 0.0064300 secs] 1647699K->992562K(1761280K), 0.0066370 secs] [Times: user=0.05 sys=0.01, real=0.01 secs] 
430.668: [GC430.668: [ParNew
Desired survivor size 41943040 bytes, new threshold 6 (max 6)
- age   1:    1059144 bytes,    1059144 total
- age   2:       2784 bytes,    1061928 total
- age   3:      11224 bytes,    1073152 total
- age   4:       4544 bytes,    1077696 total
- age   5:       1032 bytes,    1078728 total
- age   6:        576 bytes,    1079304 total
: 657797K->1609K(737280K), 0.0068830 secs] 1647922K->991739K(1761280K), 0.0070210 secs] [Times: user=0.04 sys=0.01, real=0.01 secs] 
430.919: [GC430.919: [ParNew
Desired survivor size 41943040 bytes, new threshold 6 (max 6)
- age   1:    2231088 bytes,    2231088 total
- age   2:       5648 bytes,    2236736 total
- age   3:       2592 bytes,    2239328 total
- age   4:      11104 bytes,    2250432 total
- age   5:       4448 bytes,    2254880 total
- age   6:       1032 bytes,    2255912 total
: 656969K->2764K(737280K), 0.0074940 secs] 1647099K->992894K(1761280K), 0.0076510 secs] [Times: user=0.05 sys=0.01, real=0.01 secs] 
431.176: [GC431.176: [ParNew
Desired survivor size 41943040 bytes, new threshold 6 (max 6)
- age   1:    1891832 bytes,    1891832 total
- age   2:       5048 bytes,    1896880 total
- age   3:       5624 bytes,    1902504 total
- age   4:       2592 bytes,    1905096 total
- age   5:      11104 bytes,    1916200 total
- age   6:       4448 bytes,    1920648 total
: 658124K->2855K(737280K), 0.0072410 secs] 1648254K->992987K(1761280K), 0.0073870 secs] [Times: user=0.05 sys=0.00, real=0.01 secs] 
431.416: [GC431.416: [ParNew
Desired survivor size 41943040 bytes, new threshold 6 (max 6)
- age   1:    1365672 bytes,    1365672 total
- age   2:       4696 bytes,    1370368 total
- age   3:       4904 bytes,    1375272 total
- age   4:       5288 bytes,    1380560 total
- age   5:       2520 bytes,    1383080 total
- age   6:      11056 bytes,    1394136 total
: 658215K->2588K(737280K), 0.0071430 secs] 1648347K->992724K(1761280K), 0.0073010 secs] [Times: user=0.04 sys=0.00, real=0.01 secs] 
431.648: [GC431.648: [ParNew
Desired survivor size 41943040 bytes, new threshold 6 (max 6)
- age   1:    1321624 bytes,    1321624 total
- age   2:       4688 bytes,    1326312 total
- age   3:       4496 bytes,    1330808 total
- age   4:       4856 bytes,    1335664 total
- age   5:       5192 bytes,    1340856 total
- age   6:       2448 bytes,    1343304 total
: 657948K->1717K(737280K), 0.0068130 secs] 1648084K->991864K(1761280K), 0.0069460 secs] [Times: user=0.04 sys=0.00, real=0.01 secs] 
431.910: [GC431.910: [ParNew
Desired survivor size 41943040 bytes, new threshold 6 (max 6)
- age   1:    1066544 bytes,    1066544 total
- age   2:       8360 bytes,    1074904 total
- age   3:       4496 bytes,    1079400 total
- age   4:       4304 bytes,    1083704 total
- age   5:       4640 bytes,    1088344 total
- age   6:       5168 bytes,    1093512 total
: 657077K->1997K(737280K), 0.0066420 secs] 1647224K->992147K(1761280K), 0.0067780 secs] [Times: user=0.05 sys=0.00, real=0.01 secs] 
432.179: [GC432.179: [ParNew
Desired survivor size 41943040 bytes, new threshold 6 (max 6)
- age   1:    1387168 bytes,    1387168 total
- age   2:       7840 bytes,    1395008 total
- age   3:       8072 bytes,    1403080 total
- age   4:       4136 bytes,    1407216 total
- age   5:       4064 bytes,    1411280 total
- age   6:       4472 bytes,    1415752 total
: 657357K->1680K(737280K), 0.0067310 secs] 1647507K->991836K(1761280K), 0.0068740 secs] [Times: user=0.04 sys=0.00, real=0.01 secs] 
432.488: [GC432.488: [ParNew
Desired survivor size 41943040 bytes, new threshold 6 (max 6)
- age   1:    2306360 bytes,    2306360 total
- age   2:      17104 bytes,    2323464 total
- age   3:       7520 bytes,    2330984 total
- age   4:       8072 bytes,    2339056 total
- age   5:       4104 bytes,    2343160 total
- age   6:       4064 bytes,    2347224 total
: 657040K->3034K(737280K), 0.0100810 secs] 1647196K->993195K(1761280K), 0.0104120 secs] [Times: user=0.05 sys=0.01, real=0.01 secs] 
432.915: [GC432.915: [ParNew
Desired survivor size 41943040 bytes, new threshold 6 (max 6)
- age   1:     641048 bytes,     641048 total
- age   2:      49296 bytes,     690344 total
- age   3:      17104 bytes,     707448 total
- age   4:       7472 bytes,     714920 total
- age   5:       8072 bytes,     722992 total
- age   6:       4104 bytes,     727096 total
: 658394K->2022K(737280K), 0.0066660 secs] 1648555K->992187K(1761280K), 0.0068040 secs] [Times: user=0.05 sys=0.01, real=0.01 secs] 
433.170: [GC433.170: [ParNew
Desired survivor size 41943040 bytes, new threshold 6 (max 6)
- age   1:    1528800 bytes,    1528800 total
- age   2:      45352 bytes,    1574152 total
- age   3:      48936 bytes,    1623088 total
- age   4:      16744 bytes,    1639832 total
- age   5:       7448 bytes,    1647280 total
- age   6:       7976 bytes,    1655256 total
: 657382K->1878K(737280K), 0.0073250 secs] 1647547K->992048K(1761280K), 0.0074940 secs] [Times: user=0.04 sys=0.01, real=0.01 secs] 
433.406: [GC433.407: [ParNew
Desired survivor size 41943040 bytes, new threshold 6 (max 6)
- age   1:    1598080 bytes,    1598080 total
- age   2:      12240 bytes,    1610320 total
- age   3:      39176 bytes,    1649496 total
- age   4:      48912 bytes,    1698408 total
- age   5:      16744 bytes,    1715152 total
- age   6:       7448 bytes,    1722600 total
: 657238K->2593K(737280K), 0.0071770 secs] 1647408K->992771K(1761280K), 0.0073100 secs] [Times: user=0.05 sys=0.00, real=0.01 secs] 
433.643: [GC433.644: [ParNew
Desired survivor size 41943040 bytes, new threshold 6 (max 6)
- age   1:    1437072 bytes,    1437072 total
- age   2:    1031960 bytes,    2469032 total
- age   3:      12000 bytes,    2481032 total
- age   4:      39056 bytes,    2520088 total
- age   5:      45696 bytes,    2565784 total
- age   6:      16648 bytes,    2582432 total
: 657953K->3415K(737280K), 0.0073880 secs] 1648131K->993601K(1761280K), 0.0075590 secs] [Times: user=0.05 sys=0.00, real=0.00 secs] 
433.903: [GC433.903: [ParNew
Desired survivor size 41943040 bytes, new threshold 6 (max 6)
- age   1:     555520 bytes,     555520 total
- age   2:      13272 bytes,     568792 total
- age   3:      20312 bytes,     589104 total
- age   4:      12000 bytes,     601104 total
- age   5:      39032 bytes,     640136 total
- age   6:      45664 bytes,     685800 total
: 658775K->2293K(737280K), 0.0065350 secs] 1648961K->992496K(1761280K), 0.0067280 secs] [Times: user=0.04 sys=0.00, real=0.00 secs] 
434.137: [GC434.137: [ParNew
Desired survivor size 41943040 bytes, new threshold 6 (max 6)
- age   1:     323496 bytes,     323496 total
- age   2:       1144 bytes,     324640 total
- age   3:      12840 bytes,     337480 total
- age   4:      20048 bytes,     357528 total
- age   5:      11832 bytes,     369360 total
- age   6:      39008 bytes,     408368 total
: 657653K->925K(737280K), 0.0063930 secs] 1647856K->991173K(1761280K), 0.0065050 secs] [Times: user=0.04 sys=0.00, real=0.01 secs] 
434.372: [GC434.372: [ParNew
Desired survivor size 41943040 bytes, new threshold 6 (max 6)
- age   1:    2050320 bytes,    2050320 total
- age   2:       5928 bytes,    2056248 total
- age   3:        976 bytes,    2057224 total
- age   4:      12696 bytes,    2069920 total
- age   5:      20000 bytes,    2089920 total
- age   6:      11808 bytes,    2101728 total
: 656285K->2259K(737280K), 0.0093580 secs] 1646533K->992546K(1761280K), 0.0095370 secs] [Times: user=0.06 sys=0.00, real=0.01 secs] 
434.613: [GC434.613: [ParNew
Desired survivor size 41943040 bytes, new threshold 6 (max 6)
- age   1:    1331400 bytes,    1331400 total
- age   2:      15704 bytes,    1347104 total
- age   3:       5568 bytes,    1352672 total
- age   4:        880 bytes,    1353552 total
- age   5:      12672 bytes,    1366224 total
- age   6:      19904 bytes,    1386128 total
: 657619K->2231K(737280K), 0.0068740 secs] 1647906K->992530K(1761280K), 0.0071190 secs] [Times: user=0.04 sys=0.00, real=0.00 secs] 
434.842: [GC434.843: [ParNew
Desired survivor size 41943040 bytes, new threshold 6 (max 6)
- age   1:    1650360 bytes,    1650360 total
- age   2:     603024 bytes,    2253384 total
- age   3:      15608 bytes,    2268992 total
- age   4:       5568 bytes,    2274560 total
- age   5:        856 bytes,    2275416 total
- age   6:      12672 bytes,    2288088 total
: 657591K->2664K(737280K), 0.0075690 secs] 1647890K->992982K(1761280K), 0.0077060 secs] [Times: user=0.05 sys=0.00, real=0.00 secs] 
435.075: [GC435.075: [ParNew
Desired survivor size 41943040 bytes, new threshold 6 (max 6)
- age   1:    2719080 bytes,    2719080 total
- age   2:      10608 bytes,    2729688 total
- age   3:       7608 bytes,    2737296 total
- age   4:      15416 bytes,    2752712 total
- age   5:       5424 bytes,    2758136 total
- age   6:        832 bytes,    2758968 total
: 658024K->3808K(737280K), 0.0081340 secs] 1648342K->994139K(1761280K), 0.0082800 secs] [Times: user=0.06 sys=0.00, real=0.01 secs] 
435.322: [GC435.322: [ParNew
Desired survivor size 41943040 bytes, new threshold 6 (max 6)
- age   1:     961184 bytes,     961184 total
- age   2:       8992 bytes,     970176 total
- age   3:      10584 bytes,     980760 total
- age   4:       7608 bytes,     988368 total
- age   5:      15416 bytes,    1003784 total
- age   6:       5424 bytes,    1009208 total
: 659168K->2528K(737280K), 0.0064400 secs] 1649499K->992861K(1761280K), 0.0065800 secs] [Times: user=0.04 sys=0.00, real=0.00 secs] 
435.573: [GC435.573: [ParNew
Desired survivor size 41943040 bytes, new threshold 6 (max 6)
- age   1:    1522816 bytes,    1522816 total
- age   2:       1064 bytes,    1523880 total
- age   3:       8824 bytes,    1532704 total
- age   4:      10416 bytes,    1543120 total
- age   5:       7464 bytes,    1550584 total
- age   6:      15296 bytes,    1565880 total
: 657888K->1976K(737280K), 0.0071580 secs] 1648221K->992315K(1761280K), 0.0072980 secs] [Times: user=0.04 sys=0.00, real=0.00 secs] 
435.892: [GC435.892: [ParNew
Desired survivor size 41943040 bytes, new threshold 6 (max 6)
- age   1:    1208160 bytes,    1208160 total
- age   2:     359448 bytes,    1567608 total
- age   3:        824 bytes,    1568432 total
- age   4:       8584 bytes,    1577016 total
- age   5:      10368 bytes,    1587384 total
- age   6:       7248 bytes,    1594632 total
: 657336K->2562K(737280K), 0.0093520 secs] 1647675K->992916K(1761280K), 0.0095290 secs] [Times: user=0.05 sys=0.00, real=0.01 secs] 
436.129: [GC436.129: [ParNew
Desired survivor size 41943040 bytes, new threshold 6 (max 6)
- age   1:     706168 bytes,     706168 total
- age   2:       9664 bytes,     715832 total
- age   3:      10320 bytes,     726152 total
- age   4:        824 bytes,     726976 total
- age   5:       8560 bytes,     735536 total
- age   6:      10368 bytes,     745904 total
: 657922K->1509K(737280K), 0.0061670 secs] 1648276K->991871K(1761280K), 0.0063150 secs] [Times: user=0.04 sys=0.01, real=0.01 secs] 
436.384: [GC436.384: [ParNew
Desired survivor size 41943040 bytes, new threshold 6 (max 6)
- age   1:     583920 bytes,     583920 total
- age   2:      18216 bytes,     602136 total
- age   3:       9592 bytes,     611728 total
- age   4:      10320 bytes,     622048 total
- age   5:        824 bytes,     622872 total
- age   6:       8560 bytes,     631432 total
: 656869K->975K(737280K), 0.0063910 secs] 1647231K->991348K(1761280K), 0.0065290 secs] [Times: user=0.04 sys=0.01, real=0.00 secs] 
436.615: [GC436.615: [ParNew
Desired survivor size 41943040 bytes, new threshold 6 (max 6)
- age   1:    1608240 bytes,    1608240 total
- age   2:      12824 bytes,    1621064 total
- age   3:      17976 bytes,    1639040 total
- age   4:       9448 bytes,    1648488 total
- age   5:      10296 bytes,    1658784 total
- age   6:        824 bytes,    1659608 total
: 656335K->1953K(737280K), 0.0073760 secs] 1646708K->992334K(1761280K), 0.0075850 secs] [Times: user=0.05 sys=0.00, real=0.01 secs] 
436.829: [GC436.830: [ParNew
Desired survivor size 41943040 bytes, new threshold 6 (max 6)
- age   1:    1236336 bytes,    1236336 total
- age   2:       2384 bytes,    1238720 total
- age   3:      12824 bytes,    1251544 total
- age   4:      17952 bytes,    1269496 total
- age   5:       9424 bytes,    1278920 total
- age   6:      10296 bytes,    1289216 total
: 657313K->2057K(737280K), 0.0066690 secs] 1647694K->992439K(1761280K), 0.0068020 secs] [Times: user=0.04 sys=0.00, real=0.01 secs] 
437.009: [CMS-concurrent-mark: 6.590/6.858 secs] [Times: user=49.08 sys=0.94, real=6.85 secs] 
437.009: [CMS-concurrent-preclean-start]
437.024: [CMS-concurrent-preclean: 0.014/0.015 secs] [Times: user=0.11 sys=0.00, real=0.02 secs] 
437.024: [CMS-concurrent-abortable-preclean-start]
437.073: [GC437.073: [ParNew
Desired survivor size 41943040 bytes, new threshold 6 (max 6)
- age   1:    1371408 bytes,    1371408 total
- age   2:       4680 bytes,    1376088 total
- age   3:       2168 bytes,    1378256 total
- age   4:      12680 bytes,    1390936 total
- age   5:      17808 bytes,    1408744 total
- age   6:       9328 bytes,    1418072 total
: 657417K->2091K(737280K), 0.0070000 secs] 1647799K->992484K(1761280K), 0.0072030 secs] [Times: user=0.05 sys=0.00, real=0.00 secs] 
437.197: [CMS-concurrent-abortable-preclean: 0.163/0.173 secs] [Times: user=1.30 sys=0.02, real=0.17 secs] 
437.199: [GC[YG occupancy: 360347 K (737280 K)]437.199: [Rescan (parallel) , 0.0670460 secs]437.266: [weak refs processing, 0.0000330 secs]437.266: [scrub string table, 0.0010040 secs] [1 CMS-remark: 990392K(1024000K)] 1350740K(1761280K), 0.0682260 secs] [Times: user=0.51 sys=0.01, real=0.07 secs] 
437.268: [CMS-concurrent-sweep-start]
437.380: [GC437.380: [ParNew
Desired survivor size 41943040 bytes, new threshold 6 (max 6)
- age   1:    2258576 bytes,    2258576 total
- age   2:       2496 bytes,    2261072 total
- age   3:       4512 bytes,    2265584 total
- age   4:       2048 bytes,    2267632 total
- age   5:      12560 bytes,    2280192 total
- age   6:      17640 bytes,    2297832 total
: 657451K->2721K(737280K), 0.0074830 secs] 1647844K->993123K(1761280K), 0.0076470 secs] [Times: user=0.05 sys=0.00, real=0.01 secs] 
437.634: [GC437.634: [ParNew
Desired survivor size 41943040 bytes, new threshold 6 (max 6)
- age   1:    2148968 bytes,    2148968 total
- age   2:       4856 bytes,    2153824 total
- age   3:       2472 bytes,    2156296 total
- age   4:       4512 bytes,    2160808 total
- age   5:       2048 bytes,    2162856 total
- age   6:      12560 bytes,    2175416 total
: 658081K->3034K(737280K), 0.0072170 secs] 1648483K->993454K(1761280K), 0.0073680 secs] [Times: user=0.05 sys=0.00, real=0.00 secs] 
437.901: [GC437.901: [ParNew
Desired survivor size 41943040 bytes, new threshold 6 (max 6)
- age   1:     918656 bytes,     918656 total
- age   2:       1440 bytes,     920096 total
- age   3:       4736 bytes,     924832 total
- age   4:       2472 bytes,     927304 total
- age   5:       4440 bytes,     931744 total
- age   6:       1928 bytes,     933672 total
: 658394K->2099K(737280K), 0.0063510 secs] 1648814K->992531K(1761280K), 0.0065030 secs] [Times: user=0.04 sys=0.00, real=0.01 secs] 
438.126: [GC438.126: [ParNew
Desired survivor size 41943040 bytes, new threshold 6 (max 6)
- age   1:    2237688 bytes,    2237688 total
- age   2:       5632 bytes,    2243320 total
- age   3:       1368 bytes,    2244688 total
- age   4:       4736 bytes,    2249424 total
- age   5:       2448 bytes,    2251872 total
- age   6:       4440 bytes,    2256312 total
: 657459K->2816K(737280K), 0.0090540 secs] 1647891K->993251K(1761280K), 0.0092290 secs] [Times: user=0.06 sys=0.00, real=0.01 secs] 
438.358: [GC438.358: [ParNew
Desired survivor size 41943040 bytes, new threshold 6 (max 6)
- age   1:     617608 bytes,     617608 total
- age   2:       1592 bytes,     619200 total
- age   3:       5392 bytes,     624592 total
- age   4:       1152 bytes,     625744 total
- age   5:       4520 bytes,     630264 total
- age   6:       2256 bytes,     632520 total
: 658176K->1869K(737280K), 0.0064880 secs] 1648611K->992308K(1761280K), 0.0066420 secs] [Times: user=0.03 sys=0.00, real=0.01 secs] 
438.599: [GC438.599: [ParNew
Desired survivor size 41943040 bytes, new threshold 6 (max 6)
- age   1:     451136 bytes,     451136 total
- age   2:      11976 bytes,     463112 total
- age   3:       1376 bytes,     464488 total
- age   4:       5104 bytes,     469592 total
- age   5:       1032 bytes,     470624 total
- age   6:       4376 bytes,     475000 total
: 657229K->854K(737280K), 0.0060030 secs] 1647651K->991279K(1761280K), 0.0061210 secs] [Times: user=0.04 sys=0.00, real=0.01 secs] 
438.631: [CMS-concurrent-sweep: 1.310/1.364 secs] [Times: user=10.15 sys=0.19, real=1.36 secs] 
438.632: [CMS-concurrent-reset-start]
438.798: [CMS-concurrent-reset: 0.166/0.166 secs] [Times: user=1.26 sys=0.03, real=0.17 secs] 
438.828: [GC438.828: [ParNew
Desired survivor size 41943040 bytes, new threshold 6 (max 6)
- age   1:     510592 bytes,     510592 total
- age   2:       9008 bytes,     519600 total
- age   3:      11784 bytes,     531384 total
- age   4:       1304 bytes,     532688 total
- age   5:       5080 bytes,     537768 total
- age   6:        960 bytes,     538728 total
: 656214K->741K(737280K), 0.0061670 secs] 1646544K->991075K(1761280K), 0.0063190 secs] [Times: user=0.04 sys=0.00, real=0.01 secs] 
438.836: [GC [1 CMS-initial-mark: 990334K(1024000K)] 992919K(1761280K), 0.0047050 secs] [Times: user=0.01 sys=0.00, real=0.00 secs] 
438.841: [CMS-concurrent-mark-start]
439.087: [GC439.087: [ParNew
Desired survivor size 41943040 bytes, new threshold 6 (max 6)
- age   1:    1918752 bytes,    1918752 total
- age   2:       4704 bytes,    1923456 total
- age   3:       8784 bytes,    1932240 total
- age   4:      11640 bytes,    1943880 total
- age   5:       1184 bytes,    1945064 total
- age   6:       4864 bytes,    1949928 total
: 656101K->2146K(737280K), 0.0073830 secs] 1646435K->992482K(1761280K), 0.0075620 secs] [Times: user=0.05 sys=0.00, real=0.01 secs] 
439.314: [GC439.314: [ParNew
Desired survivor size 41943040 bytes, new threshold 6 (max 6)
- age   1:    2747632 bytes,    2747632 total
- age   2:       9184 bytes,    2756816 total
- age   3:       4440 bytes,    2761256 total
- age   4:       8760 bytes,    2770016 total
- age   5:      11544 bytes,    2781560 total
- age   6:       1016 bytes,    2782576 total
: 657506K->3287K(737280K), 0.0078520 secs] 1647842K->993629K(1761280K), 0.0079980 secs] [Times: user=0.05 sys=0.00, real=0.00 secs] 
439.553: [GC439.553: [ParNew
Desired survivor size 41943040 bytes, new threshold 6 (max 6)
- age   1:     496984 bytes,     496984 total
- age   2:       7424 bytes,     504408 total
- age   3:       9088 bytes,     513496 total
- age   4:       4368 bytes,     517864 total
- age   5:       8712 bytes,     526576 total
- age   6:      11544 bytes,     538120 total
: 658647K->2424K(737280K), 0.0062950 secs] 1648989K->992767K(1761280K), 0.0064330 secs] [Times: user=0.04 sys=0.00, real=0.00 secs] 
439.803: [GC439.803: [ParNew
Desired survivor size 41943040 bytes, new threshold 6 (max 6)
- age   1:    1800176 bytes,    1800176 total
- age   2:      11032 bytes,    1811208 total
- age   3:       7304 bytes,    1818512 total
- age   4:       8992 bytes,    1827504 total
- age   5:       4368 bytes,    1831872 total
- age   6:       8712 bytes,    1840584 total
: 657784K->2120K(737280K), 0.0069000 secs] 1648127K->992475K(1761280K), 0.0070740 secs] [Times: user=0.05 sys=0.00, real=0.00 secs] 
440.043: [GC440.043: [ParNew
Desired survivor size 41943040 bytes, new threshold 6 (max 6)
- age   1:    2751176 bytes,    2751176 total
- age   2:       6696 bytes,    2757872 total
- age   3:      10888 bytes,    2768760 total
- age   4:       7304 bytes,    2776064 total
- age   5:       8944 bytes,    2785008 total
- age   6:       4368 bytes,    2789376 total
: 657480K->3256K(737280K), 0.0080770 secs] 1647835K->993620K(1761280K), 0.0082480 secs] [Times: user=0.06 sys=0.00, real=0.00 secs] 
440.299: [GC440.299: [ParNew
Desired survivor size 41943040 bytes, new threshold 6 (max 6)
- age   1:    1545368 bytes,    1545368 total
- age   2:       1304 bytes,    1546672 total
- age   3:       4560 bytes,    1551232 total
- age   4:      10792 bytes,    1562024 total
- age   5:       7232 bytes,    1569256 total
- age   6:       8776 bytes,    1578032 total
: 658616K->2426K(737280K), 0.0068490 secs] 1648980K->992794K(1761280K), 0.0069810 secs] [Times: user=0.05 sys=0.00, real=0.01 secs] 
440.569: [GC440.570: [ParNew
Desired survivor size 41943040 bytes, new threshold 6 (max 6)
- age   1:     933912 bytes,     933912 total
- age   2:       1400 bytes,     935312 total
- age   3:       1160 bytes,     936472 total
- age   4:       4296 bytes,     940768 total
- age   5:      10672 bytes,     951440 total
- age   6:       7136 bytes,     958576 total
: 657786K->1762K(737280K), 0.0064030 secs] 1648154K->992140K(1761280K), 0.0065740 secs] [Times: user=0.04 sys=0.00, real=0.01 secs] 
440.798: [GC440.798: [ParNew
Desired survivor size 41943040 bytes, new threshold 6 (max 6)
- age   1:    1031608 bytes,    1031608 total
- age   2:      19592 bytes,    1051200 total
- age   3:       1328 bytes,    1052528 total
- age   4:       1088 bytes,    1053616 total
- age   5:       4272 bytes,    1057888 total
- age   6:      10600 bytes,    1068488 total
: 657122K->1583K(737280K), 0.0067020 secs] 1647500K->991968K(1761280K), 0.0068830 secs] [Times: user=0.04 sys=0.00, real=0.01 secs] 
441.051: [GC441.051: [ParNew
Desired survivor size 41943040 bytes, new threshold 6 (max 6)
- age   1:    1924992 bytes,    1924992 total
- age   2:      13520 bytes,    1938512 total
- age   3:      19448 bytes,    1957960 total
- age   4:       1232 bytes,    1959192 total
- age   5:       1008 bytes,    1960200 total
- age   6:       4272 bytes,    1964472 total
: 656943K->2328K(737280K), 0.0077780 secs] 1647328K->992724K(1761280K), 0.0079090 secs] [Times: user=0.05 sys=0.00, real=0.01 secs] 
441.307: [GC441.307: [ParNew
Desired survivor size 41943040 bytes, new threshold 6 (max 6)
- age   1:     348136 bytes,     348136 total
- age   2:       4800 bytes,     352936 total
- age   3:       4648 bytes,     357584 total
- age   4:      19448 bytes,     377032 total
- age   5:       1232 bytes,     378264 total
- age   6:       1008 bytes,     379272 total
: 657688K->1684K(737280K), 0.0061230 secs] 1648084K->992084K(1761280K), 0.0062430 secs] [Times: user=0.04 sys=0.01, real=0.01 secs] 
441.548: [GC441.548: [ParNew
Desired survivor size 41943040 bytes, new threshold 6 (max 6)
- age   1:    1841888 bytes,    1841888 total
- age   2:       4872 bytes,    1846760 total
- age   3:       4776 bytes,    1851536 total
- age   4:       4576 bytes,    1856112 total
- age   5:      19448 bytes,    1875560 total
- age   6:       1232 bytes,    1876792 total
: 657044K->2118K(737280K), 0.0077400 secs] 1647444K->992520K(1761280K), 0.0078900 secs] [Times: user=0.05 sys=0.00, real=0.01 secs] 
441.791: [GC441.791: [ParNew
Desired survivor size 41943040 bytes, new threshold 6 (max 6)
- age   1:     399304 bytes,     399304 total
- age   2:       4424 bytes,     403728 total
- age   3:       4800 bytes,     408528 total
- age   4:       4704 bytes,     413232 total
- age   5:       4528 bytes,     417760 total
- age   6:      19328 bytes,     437088 total
: 657478K->1690K(737280K), 0.0064920 secs] 1647880K->992094K(1761280K), 0.0066170 secs] [Times: user=0.04 sys=0.00, real=0.01 secs] 
442.069: [GC442.069: [ParNew
Desired survivor size 41943040 bytes, new threshold 6 (max 6)
- age   1:    1289624 bytes,    1289624 total
- age   2:       8096 bytes,    1297720 total
- age   3:       4272 bytes,    1301992 total
- age   4:       4800 bytes,    1306792 total
- age   5:       4624 bytes,    1311416 total
- age   6:       4528 bytes,    1315944 total
: 657050K->1523K(737280K), 0.0067190 secs] 1647454K->991946K(1761280K), 0.0068940 secs] [Times: user=0.04 sys=0.00, real=0.01 secs] 
442.325: [GC442.325: [ParNew
Desired survivor size 41943040 bytes, new threshold 6 (max 6)
- age   1:     976648 bytes,     976648 total
- age   2:     137088 bytes,    1113736 total
- age   3:       7712 bytes,    1121448 total
- age   4:       3864 bytes,    1125312 total
- age   5:       4632 bytes,    1129944 total
- age   6:       4456 bytes,    1134400 total
: 656883K->1608K(737280K), 0.0065390 secs] 1647306K->992036K(1761280K), 0.0067300 secs] [Times: user=0.04 sys=0.00, real=0.00 secs] 
442.563: [GC442.563: [ParNew
Desired survivor size 41943040 bytes, new threshold 6 (max 6)
- age   1:    1794136 bytes,    1794136 total
- age   2:      17160 bytes,    1811296 total
- age   3:     133728 bytes,    1945024 total
- age   4:       7640 bytes,    1952664 total
- age   5:       3792 bytes,    1956456 total
- age   6:       4536 bytes,    1960992 total
: 656968K->2335K(737280K), 0.0076700 secs] 1647396K->992768K(1761280K), 0.0078150 secs] [Times: user=0.05 sys=0.01, real=0.00 secs] 
442.809: [GC442.809: [ParNew
Desired survivor size 41943040 bytes, new threshold 6 (max 6)
- age   1:    1437360 bytes,    1437360 total
- age   2:      52728 bytes,    1490088 total
- age   3:      17136 bytes,    1507224 total
- age   4:     127880 bytes,    1635104 total
- age   5:       7640 bytes,    1642744 total
- age   6:       3792 bytes,    1646536 total
: 657695K->2352K(737280K), 0.0069520 secs] 1648128K->992790K(1761280K), 0.0070810 secs] [Times: user=0.04 sys=0.00, real=0.01 secs] 
443.069: [GC443.070: [ParNew
Desired survivor size 41943040 bytes, new threshold 6 (max 6)
- age   1:     828608 bytes,     828608 total
- age   2:     100096 bytes,     928704 total
- age   3:      52560 bytes,     981264 total
- age   4:      17064 bytes,     998328 total
- age   5:     118344 bytes,    1116672 total
- age   6:       7568 bytes,    1124240 total
: 657712K->1838K(737280K), 0.0070700 secs] 1648150K->992280K(1761280K), 0.0072930 secs] [Times: user=0.04 sys=0.00, real=0.01 secs] 
443.319: [GC443.319: [ParNew
Desired survivor size 41943040 bytes, new threshold 6 (max 6)
- age   1:    1579136 bytes,    1579136 total
- age   2:      13192 bytes,    1592328 total
- age   3:      97296 bytes,    1689624 total
- age   4:      52440 bytes,    1742064 total
- age   5:      16872 bytes,    1758936 total
- age   6:     118224 bytes,    1877160 total
: 657198K->2460K(737280K), 0.0069250 secs] 1647640K->992909K(1761280K), 0.0070880 secs] [Times: user=0.05 sys=0.00, real=0.01 secs] 
443.561: [GC443.561: [ParNew
Desired survivor size 41943040 bytes, new threshold 6 (max 6)
- age   1:     685152 bytes,     685152 total
- age   2:      22592 bytes,     707744 total
- age   3:      13024 bytes,     720768 total
- age   4:      97272 bytes,     818040 total
- age   5:      52416 bytes,     870456 total
- age   6:      16872 bytes,     887328 total
: 657820K->1777K(737280K), 0.0066510 secs] 1648269K->992342K(1761280K), 0.0067760 secs] [Times: user=0.04 sys=0.00, real=0.01 secs] 
443.813: [GC443.813: [ParNew
Desired survivor size 41943040 bytes, new threshold 6 (max 6)
- age   1:    1233216 bytes,    1233216 total
- age   2:       7152 bytes,    1240368 total
- age   3:      22448 bytes,    1262816 total
- age   4:      12928 bytes,    1275744 total
- age   5:      97152 bytes,    1372896 total
- age   6:      52296 bytes,    1425192 total
: 657137K->1709K(737280K), 0.0068510 secs] 1647702K->992291K(1761280K), 0.0070040 secs] [Times: user=0.05 sys=0.00, real=0.01 secs] 
444.068: [GC444.068: [ParNew
Desired survivor size 41943040 bytes, new threshold 6 (max 6)
- age   1:    1420936 bytes,    1420936 total
- age   2:       1608 bytes,    1422544 total
- age   3:       7080 bytes,    1429624 total
- age   4:      22400 bytes,    1452024 total
- age   5:      12856 bytes,    1464880 total
- age   6:      97152 bytes,    1562032 total
: 657069K->2142K(737280K), 0.0070780 secs] 1647651K->992772K(1761280K), 0.0072320 secs] [Times: user=0.05 sys=0.00, real=0.01 secs] 
444.289: [GC444.289: [ParNew
Desired survivor size 41943040 bytes, new threshold 6 (max 6)
- age   1:    2699232 bytes,    2699232 total
- age   2:      11512 bytes,    2710744 total
- age   3:       1296 bytes,    2712040 total
- age   4:       6624 bytes,    2718664 total
- age   5:      22112 bytes,    2740776 total
- age   6:      12640 bytes,    2753416 total
: 657502K->3443K(737280K), 0.0081420 secs] 1648132K->994169K(1761280K), 0.0083680 secs] [Times: user=0.06 sys=0.00, real=0.01 secs] 
444.526: [GC444.526: [ParNew
Desired survivor size 41943040 bytes, new threshold 6 (max 6)
- age   1:     800064 bytes,     800064 total
- age   2:       4272 bytes,     804336 total
- age   3:      10624 bytes,     814960 total
- age   4:       1200 bytes,     816160 total
- age   5:       6552 bytes,     822712 total
- age   6:      22040 bytes,     844752 total
: 658803K->2379K(737280K), 0.0065630 secs] 1649529K->993117K(1761280K), 0.0067260 secs] [Times: user=0.04 sys=0.00, real=0.00 secs] 
444.771: [GC444.771: [ParNew
Desired survivor size 41943040 bytes, new threshold 6 (max 6)
- age   1:     787344 bytes,     787344 total
- age   2:      11808 bytes,     799152 total
- age   3:       4104 bytes,     803256 total
- age   4:      10552 bytes,     813808 total
- age   5:       1096 bytes,     814904 total
- age   6:       6528 bytes,     821432 total
: 657739K->1201K(737280K), 0.0064790 secs] 1648477K->991961K(1761280K), 0.0066510 secs] [Times: user=0.04 sys=0.00, real=0.01 secs] 
444.785: [CMS-concurrent-mark: 5.698/5.944 secs] [Times: user=44.36 sys=0.84, real=5.95 secs] 
444.785: [CMS-concurrent-preclean-start]
444.802: [CMS-concurrent-preclean: 0.016/0.017 secs] [Times: user=0.12 sys=0.00, real=0.01 secs] 
444.802: [CMS-concurrent-abortable-preclean-start]
445.002: [GC445.003: [ParNew
Desired survivor size 41943040 bytes, new threshold 6 (max 6)
- age   1:    3184464 bytes,    3184464 total
- age   2:       1856 bytes,    3186320 total
- age   3:      11784 bytes,    3198104 total
- age   4:       4104 bytes,    3202208 total
- age   5:      10504 bytes,    3212712 total
- age   6:       1096 bytes,    3213808 total
: 656561K->3508K(737280K), 0.0083790 secs] 1647321K->994275K(1761280K), 0.0085600 secs] [Times: user=0.06 sys=0.00, real=0.01 secs] 
445.018: [CMS-concurrent-abortable-preclean: 0.096/0.216 secs] [Times: user=1.59 sys=0.02, real=0.22 secs] 
445.031: [GC[YG occupancy: 61562 K (737280 K)]445.031: [Rescan (parallel) , 0.0278500 secs]445.059: [weak refs processing, 0.0000410 secs]445.059: [scrub string table, 0.0010160 secs] [1 CMS-remark: 990767K(1024000K)] 1052329K(1761280K), 0.0290390 secs] [Times: user=0.21 sys=0.00, real=0.03 secs] 
445.060: [CMS-concurrent-sweep-start]
445.292: [GC445.292: [ParNew
Desired survivor size 41943040 bytes, new threshold 6 (max 6)
- age   1:     618856 bytes,     618856 total
- age   2:       7960 bytes,     626816 total
- age   3:       1712 bytes,     628528 total
- age   4:      11736 bytes,     640264 total
- age   5:       4080 bytes,     644344 total
- age   6:      10504 bytes,     654848 total
: 658868K->2554K(737280K), 0.0063760 secs] 1649635K->993323K(1761280K), 0.0065080 secs] [Times: user=0.04 sys=0.00, real=0.01 secs] 
445.524: [GC445.524: [ParNew
Desired survivor size 41943040 bytes, new threshold 6 (max 6)
- age   1:    2333784 bytes,    2333784 total
- age   2:       2264 bytes,    2336048 total
- age   3:       7792 bytes,    2343840 total
- age   4:       1448 bytes,    2345288 total
- age   5:      11688 bytes,    2356976 total
- age   6:       4056 bytes,    2361032 total
: 657914K->2694K(737280K), 0.0074240 secs] 1648683K->993474K(1761280K), 0.0075530 secs] [Times: user=0.05 sys=0.00, real=0.00 secs] 
445.768: [GC445.768: [ParNew
Desired survivor size 41943040 bytes, new threshold 6 (max 6)
- age   1:    1472368 bytes,    1472368 total
- age   2:       6120 bytes,    1478488 total
- age   3:       2216 bytes,    1480704 total
- age   4:       7696 bytes,    1488400 total
- age   5:       1352 bytes,    1489752 total
- age   6:      11664 bytes,    1501416 total
: 658054K->2170K(737280K), 0.0070140 secs] 1648834K->992953K(1761280K), 0.0071790 secs] [Times: user=0.05 sys=0.00, real=0.01 secs] 
446.016: [GC446.016: [ParNew
Desired survivor size 41943040 bytes, new threshold 6 (max 6)
- age   1:     923976 bytes,     923976 total
- age   2:       6880 bytes,     930856 total
- age   3:       5928 bytes,     936784 total
- age   4:       1904 bytes,     938688 total
- age   5:       7456 bytes,     946144 total
- age   6:       1208 bytes,     947352 total
: 657530K->1581K(737280K), 0.0065330 secs] 1648313K->992377K(1761280K), 0.0067100 secs] [Times: user=0.05 sys=0.01, real=0.00 secs] 
446.271: [GC446.271: [ParNew
Desired survivor size 41943040 bytes, new threshold 6 (max 6)
- age   1:    1159496 bytes,    1159496 total
- age   2:       6320 bytes,    1165816 total
- age   3:       6736 bytes,    1172552 total
- age   4:       5856 bytes,    1178408 total
- age   5:       1760 bytes,    1180168 total
- age   6:       7456 bytes,    1187624 total
: 656941K->1484K(737280K), 0.0062040 secs] 1647737K->992281K(1761280K), 0.0063830 secs] [Times: user=0.04 sys=0.00, real=0.01 secs] 
446.426: [CMS-concurrent-sweep: 1.322/1.366 secs] [Times: user=10.17 sys=0.22, real=1.37 secs] 
446.426: [CMS-concurrent-reset-start]
446.461: [CMS-concurrent-reset: 0.035/0.035 secs] [Times: user=0.27 sys=0.01, real=0.03 secs] 
446.500: [GC446.500: [ParNew
Desired survivor size 41943040 bytes, new threshold 6 (max 6)
- age   1:    1203128 bytes,    1203128 total
- age   2:       3840 bytes,    1206968 total
- age   3:       6056 bytes,    1213024 total
- age   4:       6568 bytes,    1219592 total
- age   5:       5760 bytes,    1225352 total
- age   6:       1512 bytes,    1226864 total
: 656844K->1847K(737280K), 0.0067510 secs] 1647486K->992495K(1761280K), 0.0069000 secs] [Times: user=0.05 sys=0.00, real=0.01 secs] 
446.513: [GC [1 CMS-initial-mark: 990648K(1024000K)] 1012716K(1761280K), 0.0173210 secs] [Times: user=0.02 sys=0.00, real=0.02 secs] 
446.530: [CMS-concurrent-mark-start]
446.771: [GC446.771: [ParNew
Desired survivor size 41943040 bytes, new threshold 6 (max 6)
- age   1:    1176016 bytes,    1176016 total
- age   2:      18504 bytes,    1194520 total
- age   3:       3840 bytes,    1198360 total
- age   4:       6056 bytes,    1204416 total
- age   5:       6568 bytes,    1210984 total
- age   6:       5760 bytes,    1216744 total
: 657207K->2034K(737280K), 0.0066990 secs] 1647855K->992685K(1761280K), 0.0068640 secs] [Times: user=0.05 sys=0.00, real=0.01 secs] 
447.007: [GC447.007: [ParNew
Desired survivor size 41943040 bytes, new threshold 6 (max 6)
- age   1:     949648 bytes,     949648 total
- age   2:        672 bytes,     950320 total
- age   3:      18328 bytes,     968648 total
- age   4:       3792 bytes,     972440 total
- age   5:       6008 bytes,     978448 total
- age   6:       6568 bytes,     985016 total
: 657394K->1380K(737280K), 0.0063900 secs] 1648045K->992037K(1761280K), 0.0065550 secs] [Times: user=0.05 sys=0.00, real=0.00 secs] 
447.248: [GC447.248: [ParNew
Desired survivor size 41943040 bytes, new threshold 6 (max 6)
- age   1:    1250976 bytes,    1250976 total
- age   2:       2032 bytes,    1253008 total
- age   3:        600 bytes,    1253608 total
- age   4:      18160 bytes,    1271768 total
- age   5:       3600 bytes,    1275368 total
- age   6:       5792 bytes,    1281160 total
: 656740K->2037K(737280K), 0.0071410 secs] 1647397K->992701K(1761280K), 0.0073250 secs] [Times: user=0.05 sys=0.00, real=0.01 secs] 
447.487: [GC447.487: [ParNew
Desired survivor size 41943040 bytes, new threshold 6 (max 6)
- age   1:    2007872 bytes,    2007872 total
- age   2:       8792 bytes,    2016664 total
- age   3:       2000 bytes,    2018664 total
- age   4:        600 bytes,    2019264 total
- age   5:      18160 bytes,    2037424 total
- age   6:       3600 bytes,    2041024 total
: 657397K->2620K(737280K), 0.0071610 secs] 1648061K->993290K(1761280K), 0.0072900 secs] [Times: user=0.04 sys=0.01, real=0.01 secs] 
447.722: [GC447.722: [ParNew
Desired survivor size 41943040 bytes, new threshold 6 (max 6)
- age   1:     703368 bytes,     703368 total
- age   2:       2064 bytes,     705432 total
- age   3:       8792 bytes,     714224 total
- age   4:       2000 bytes,     716224 total
- age   5:        600 bytes,     716824 total
- age   6:      18160 bytes,     734984 total
: 657980K->1786K(737280K), 0.0061460 secs] 1648650K->992460K(1761280K), 0.0063130 secs] [Times: user=0.04 sys=0.00, real=0.01 secs] 
447.983: [GC447.983: [ParNew
Desired survivor size 41943040 bytes, new threshold 6 (max 6)
- age   1:     234056 bytes,     234056 total
- age   2:       1072 bytes,     235128 total
- age   3:       1872 bytes,     237000 total
- age   4:       8672 bytes,     245672 total
- age   5:       1952 bytes,     247624 total
- age   6:        576 bytes,     248200 total
: 657146K->715K(737280K), 0.0065340 secs] 1647820K->991408K(1761280K), 0.0067410 secs] [Times: user=0.03 sys=0.00, real=0.01 secs] 
448.226: [GC448.226: [ParNew
Desired survivor size 41943040 bytes, new threshold 6 (max 6)
- age   1:     409944 bytes,     409944 total
- age   2:       5112 bytes,     415056 total
- age   3:       1040 bytes,     416096 total
- age   4:       1872 bytes,     417968 total
- age   5:       8672 bytes,     426640 total
- age   6:       1904 bytes,     428544 total
: 656075K->598K(737280K), 0.0060980 secs] 1646768K->991292K(1761280K), 0.0062250 secs] [Times: user=0.04 sys=0.00, real=0.00 secs] 
448.476: [GC448.476: [ParNew
Desired survivor size 41943040 bytes, new threshold 6 (max 6)
- age   1:     966776 bytes,     966776 total
- age   2:       1656 bytes,     968432 total
- age   3:       4704 bytes,     973136 total
- age   4:        800 bytes,     973936 total
- age   5:       1608 bytes,     975544 total
- age   6:       8504 bytes,     984048 total
: 655958K->1214K(737280K), 0.0065060 secs] 1646652K->991910K(1761280K), 0.0066800 secs] [Times: user=0.04 sys=0.00, real=0.00 secs] 
448.714: [GC448.714: [ParNew
Desired survivor size 41943040 bytes, new threshold 6 (max 6)
- age   1:    2980976 bytes,    2980976 total
- age   2:      11840 bytes,    2992816 total
- age   3:       1600 bytes,    2994416 total
- age   4:       4704 bytes,    2999120 total
- age   5:        800 bytes,    2999920 total
- age   6:       1608 bytes,    3001528 total
: 656574K->3460K(737280K), 0.0079460 secs] 1647270K->994165K(1761280K), 0.0080960 secs] [Times: user=0.05 sys=0.00, real=0.00 secs] 
448.969: [GC448.969: [ParNew
Desired survivor size 41943040 bytes, new threshold 6 (max 6)
- age   1:     438848 bytes,     438848 total
- age   2:       3968 bytes,     442816 total
- age   3:      11552 bytes,     454368 total
- age   4:       1600 bytes,     455968 total
- age   5:       4704 bytes,     460672 total
- age   6:        800 bytes,     461472 total
: 658820K->2401K(737280K), 0.0062100 secs] 1649525K->993108K(1761280K), 0.0063290 secs] [Times: user=0.04 sys=0.00, real=0.01 secs] 
449.194: [GC449.194: [ParNew
Desired survivor size 41943040 bytes, new threshold 6 (max 6)
- age   1:    3866152 bytes,    3866152 total
- age   2:       1744 bytes,    3867896 total
- age   3:       3896 bytes,    3871792 total
- age   4:      11504 bytes,    3883296 total
- age   5:       1552 bytes,    3884848 total
- age   6:       4704 bytes,    3889552 total
: 657761K->4024K(737280K), 0.0083730 secs] 1648468K->994732K(1761280K), 0.0085640 secs] [Times: user=0.05 sys=0.00, real=0.00 secs] 
449.437: [GC449.438: [ParNew
Desired survivor size 41943040 bytes, new threshold 6 (max 6)
- age   1:    2159704 bytes,    2159704 total
- age   2:       1424 bytes,    2161128 total
- age   3:       1744 bytes,    2162872 total
- age   4:       3896 bytes,    2166768 total
- age   5:      11504 bytes,    2178272 total
- age   6:       1552 bytes,    2179824 total
: 659384K->3019K(737280K), 0.0073970 secs] 1650092K->993732K(1761280K), 0.0075240 secs] [Times: user=0.05 sys=0.00, real=0.01 secs] 
449.698: [GC449.698: [ParNew
Desired survivor size 41943040 bytes, new threshold 6 (max 6)
- age   1:     738528 bytes,     738528 total
- age   2:       1184 bytes,     739712 total
- age   3:       1304 bytes,     741016 total
- age   4:       1720 bytes,     742736 total
- age   5:       3896 bytes,     746632 total
- age   6:      11504 bytes,     758136 total
: 658379K->2351K(737280K), 0.0065120 secs] 1649092K->993066K(1761280K), 0.0067160 secs] [Times: user=0.04 sys=0.01, real=0.01 secs] 
449.930: [GC449.930: [ParNew
Desired survivor size 41943040 bytes, new threshold 6 (max 6)
- age   1:    1269688 bytes,    1269688 total
- age   2:       1112 bytes,    1270800 total
- age   3:        920 bytes,    1271720 total
- age   4:       1136 bytes,    1272856 total
- age   5:       1336 bytes,    1274192 total
- age   6:       3824 bytes,    1278016 total
: 657711K->1642K(737280K), 0.0067840 secs] 1648426K->992369K(1761280K), 0.0069110 secs] [Times: user=0.04 sys=0.00, real=0.01 secs] 
450.153: [GC450.153: [ParNew
Desired survivor size 41943040 bytes, new threshold 6 (max 6)
- age   1:     990280 bytes,     990280 total
- age   2:       1504 bytes,     991784 total
- age   3:        968 bytes,     992752 total
- age   4:        680 bytes,     993432 total
- age   5:        944 bytes,     994376 total
- age   6:       1144 bytes,     995520 total
: 657002K->1552K(737280K), 0.0065450 secs] 1647729K->992283K(1761280K), 0.0066810 secs] [Times: user=0.04 sys=0.00, real=0.01 secs] 
450.429: [GC450.429: [ParNew
Desired survivor size 41943040 bytes, new threshold 6 (max 6)
- age   1:     525552 bytes,     525552 total
- age   2:       5112 bytes,     530664 total
- age   3:       1192 bytes,     531856 total
- age   4:        800 bytes,     532656 total
- age   5:        416 bytes,     533072 total
- age   6:        816 bytes,     533888 total
: 656912K->1138K(737280K), 0.0060840 secs] 1647643K->991869K(1761280K), 0.0062480 secs] [Times: user=0.04 sys=0.00, real=0.01 secs] 
450.670: [GC450.670: [ParNew
Desired survivor size 41943040 bytes, new threshold 6 (max 6)
- age   1:    1555512 bytes,    1555512 total
- age   2:       8584 bytes,    1564096 total
- age   3:       4992 bytes,    1569088 total
- age   4:        952 bytes,    1570040 total
- age   5:        632 bytes,    1570672 total
- age   6:        272 bytes,    1570944 total
: 656498K->1681K(737280K), 0.0073310 secs] 1647229K->992414K(1761280K), 0.0074880 secs] [Times: user=0.04 sys=0.00, real=0.01 secs] 
450.907: [GC450.907: [ParNew
Desired survivor size 41943040 bytes, new threshold 6 (max 6)
- age   1:     742008 bytes,     742008 total
- age   2:      27560 bytes,     769568 total
- age   3:       8392 bytes,     777960 total
- age   4:       4992 bytes,     782952 total
- age   5:        952 bytes,     783904 total
- age   6:        632 bytes,     784536 total
: 657041K->1420K(737280K), 0.0064180 secs] 1647774K->992153K(1761280K), 0.0065500 secs] [Times: user=0.04 sys=0.00, real=0.00 secs] 
451.147: [GC451.147: [ParNew
Desired survivor size 41943040 bytes, new threshold 6 (max 6)
- age   1:    1241688 bytes,    1241688 total
- age   2:       2072 bytes,    1243760 total
- age   3:      27368 bytes,    1271128 total
- age   4:       8344 bytes,    1279472 total
- age   5:       4944 bytes,    1284416 total
- age   6:        952 bytes,    1285368 total
: 656780K->1658K(737280K), 0.0066930 secs] 1647513K->992392K(1761280K), 0.0068550 secs] [Times: user=0.04 sys=0.00, real=0.00 secs] 
451.381: [GC451.381: [ParNew
Desired survivor size 41943040 bytes, new threshold 6 (max 6)
- age   1:    4346024 bytes,    4346024 total
- age   2:     222912 bytes,    4568936 total
- age   3:       2048 bytes,    4570984 total
- age   4:      27368 bytes,    4598352 total
- age   5:       8344 bytes,    4606696 total
- age   6:       4944 bytes,    4611640 total
: 657018K->4914K(737280K), 0.0090820 secs] 1647752K->995650K(1761280K), 0.0092460 secs] [Times: user=0.06 sys=0.00, real=0.01 secs] 
451.633: [GC451.633: [ParNew
Desired survivor size 41943040 bytes, new threshold 6 (max 6)
- age   1:     223504 bytes,     223504 total
- age   2:       1304 bytes,     224808 total
- age   3:       9648 bytes,     234456 total
- age   4:       1880 bytes,     236336 total
- age   5:      27272 bytes,     263608 total
- age   6:       8344 bytes,     271952 total
: 660274K->3650K(737280K), 0.0058420 secs] 1651010K->994390K(1761280K), 0.0059690 secs] [Times: user=0.04 sys=0.00, real=0.01 secs] 
451.861: [GC451.861: [ParNew
Desired survivor size 41943040 bytes, new threshold 6 (max 6)
- age   1:    3197520 bytes,    3197520 total
- age   2:       8736 bytes,    3206256 total
- age   3:       1112 bytes,    3207368 total
- age   4:       9456 bytes,    3216824 total
- age   5:       1688 bytes,    3218512 total
- age   6:      27128 bytes,    3245640 total
: 659010K->3729K(737280K), 0.0082310 secs] 1649750K->994478K(1761280K), 0.0083760 secs] [Times: user=0.06 sys=0.00, real=0.01 secs] 
452.103: [GC452.103: [ParNew
Desired survivor size 41943040 bytes, new threshold 6 (max 6)
- age   1:    2085136 bytes,    2085136 total
- age   2:       5248 bytes,    2090384 total
- age   3:       8736 bytes,    2099120 total
- age   4:       1112 bytes,    2100232 total
- age   5:       9408 bytes,    2109640 total
- age   6:       1688 bytes,    2111328 total
: 659089K->2945K(737280K), 0.0077380 secs] 1649838K->993721K(1761280K), 0.0078790 secs] [Times: user=0.05 sys=0.00, real=0.01 secs] 
452.328: [GC452.328: [ParNew
Desired survivor size 41943040 bytes, new threshold 6 (max 6)
- age   1:    1600872 bytes,    1600872 total
- age   2:       5232 bytes,    1606104 total
- age   3:       5176 bytes,    1611280 total
- age   4:       8712 bytes,    1619992 total
- age   5:       1112 bytes,    1621104 total
- age   6:       9408 bytes,    1630512 total
: 658305K->2200K(737280K), 0.0072970 secs] 1649081K->992979K(1761280K), 0.0074590 secs] [Times: user=0.05 sys=0.00, real=0.01 secs] 
452.573: [GC452.573: [ParNew
Desired survivor size 41943040 bytes, new threshold 6 (max 6)
- age   1:     589560 bytes,     589560 total
- age   2:      10568 bytes,     600128 total
- age   3:       4920 bytes,     605048 total
- age   4:       4960 bytes,     610008 total
- age   5:       8496 bytes,     618504 total
- age   6:       1112 bytes,     619616 total
: 657560K->1744K(737280K), 0.0062800 secs] 1648339K->992532K(1761280K), 0.0064230 secs] [Times: user=0.03 sys=0.00, real=0.01 secs] 
452.817: [GC452.817: [ParNew
Desired survivor size 41943040 bytes, new threshold 6 (max 6)
- age   1:     967728 bytes,     967728 total
- age   2:      20480 bytes,     988208 total
- age   3:      10568 bytes,     998776 total
- age   4:       4920 bytes,    1003696 total
- age   5:       4960 bytes,    1008656 total
- age   6:       8496 bytes,    1017152 total
: 657104K->1395K(737280K), 0.0063640 secs] 1647892K->992184K(1761280K), 0.0065040 secs] [Times: user=0.05 sys=0.00, real=0.00 secs] 
453.053: [GC453.053: [ParNew
Desired survivor size 41943040 bytes, new threshold 6 (max 6)
- age   1:    1774224 bytes,    1774224 total
- age   2:       2424 bytes,    1776648 total
- age   3:      20336 bytes,    1796984 total
- age   4:      10544 bytes,    1807528 total
- age   5:       4896 bytes,    1812424 total
- age   6:       4960 bytes,    1817384 total
: 656755K->2341K(737280K), 0.0073070 secs] 1647544K->993139K(1761280K), 0.0074590 secs] [Times: user=0.05 sys=0.00, real=0.01 secs] 
453.286: [GC453.286: [ParNew
Desired survivor size 41943040 bytes, new threshold 6 (max 6)
- age   1:    1314680 bytes,    1314680 total
- age   2:       1088 bytes,    1315768 total
- age   3:       2280 bytes,    1318048 total
- age   4:      20264 bytes,    1338312 total
- age   5:      10544 bytes,    1348856 total
- age   6:       4872 bytes,    1353728 total
: 657701K->2136K(737280K), 0.0068360 secs] 1648499K->992940K(1761280K), 0.0069940 secs] [Times: user=0.05 sys=0.00, real=0.00 secs] 
453.528: [GC453.528: [ParNew
Desired survivor size 41943040 bytes, new threshold 6 (max 6)
- age   1:    1188944 bytes,    1188944 total
- age   2:       8408 bytes,    1197352 total
- age   3:       1040 bytes,    1198392 total
- age   4:       2184 bytes,    1200576 total
- age   5:      20120 bytes,    1220696 total
- age   6:      10520 bytes,    1231216 total
: 657496K->1897K(737280K), 0.0070430 secs] 1648300K->992706K(1761280K), 0.0072970 secs] [Times: user=0.05 sys=0.00, real=0.01 secs] 
453.761: [GC453.761: [ParNew
Desired survivor size 41943040 bytes, new threshold 6 (max 6)
- age   1:     960656 bytes,     960656 total
- age   2:       8808 bytes,     969464 total
- age   3:       8384 bytes,     977848 total
- age   4:       1008 bytes,     978856 total
- age   5:       2184 bytes,     981040 total
- age   6:      20120 bytes,    1001160 total
: 657257K->1558K(737280K), 0.0066170 secs] 1648066K->992378K(1761280K), 0.0067600 secs] [Times: user=0.04 sys=0.00, real=0.01 secs] 
453.997: [GC453.997: [ParNew
Desired survivor size 41943040 bytes, new threshold 6 (max 6)
- age   1:     476008 bytes,     476008 total
- age   2:       1232 bytes,     477240 total
- age   3:       8664 bytes,     485904 total
- age   4:       8216 bytes,     494120 total
- age   5:        936 bytes,     495056 total
- age   6:       1968 bytes,     497024 total
: 656918K->1045K(737280K), 0.0062980 secs] 1647738K->991884K(1761280K), 0.0064860 secs] [Times: user=0.04 sys=0.00, real=0.00 secs] 
454.215: [GC454.215: [ParNew
Desired survivor size 41943040 bytes, new threshold 6 (max 6)
- age   1:     603368 bytes,     603368 total
- age   2:        808 bytes,     604176 total
- age   3:        912 bytes,     605088 total
- age   4:       8416 bytes,     613504 total
- age   5:       8000 bytes,     621504 total
- age   6:        720 bytes,     622224 total
: 656405K->831K(737280K), 0.0096350 secs] 1647244K->991673K(1761280K), 0.0097980 secs] [Times: user=0.07 sys=0.00, real=0.01 secs] 
454.332: [CMS-concurrent-mark: 7.518/7.801 secs] [Times: user=58.25 sys=1.12, real=7.80 secs] 
454.332: [CMS-concurrent-preclean-start]
454.349: [CMS-concurrent-preclean: 0.016/0.017 secs] [Times: user=0.12 sys=0.00, real=0.02 secs] 
454.349: [CMS-concurrent-abortable-preclean-start]
454.457: [GC454.457: [ParNew
Desired survivor size 41943040 bytes, new threshold 6 (max 6)
- age   1:    1011768 bytes,    1011768 total
- age   2:       4576 bytes,    1016344 total
- age   3:        688 bytes,    1017032 total
- age   4:        888 bytes,    1017920 total
- age   5:       8416 bytes,    1026336 total
- age   6:       8000 bytes,    1034336 total
: 656191K->1275K(737280K), 0.0062300 secs] 1647033K->992118K(1761280K), 0.0064190 secs] [Times: user=0.05 sys=0.00, real=0.00 secs] 
454.591: [CMS-concurrent-abortable-preclean: 0.232/0.242 secs] [Times: user=1.81 sys=0.05, real=0.24 secs] 
454.599: [GC[YG occupancy: 390995 K (737280 K)]454.599: [Rescan (parallel) , 0.1089380 secs]454.708: [weak refs processing, 0.0000350 secs]454.708: [scrub string table, 0.0009960 secs] [1 CMS-remark: 990842K(1024000K)] 1381837K(1761280K), 0.1101090 secs] [Times: user=0.83 sys=0.00, real=0.11 secs] 
454.710: [CMS-concurrent-sweep-start]
454.813: [GC454.813: [ParNew
Desired survivor size 41943040 bytes, new threshold 6 (max 6)
- age   1:    1013984 bytes,    1013984 total
- age   2:       2792 bytes,    1016776 total
- age   3:       4192 bytes,    1020968 total
- age   4:        616 bytes,    1021584 total
- age   5:        768 bytes,    1022352 total
- age   6:       8128 bytes,    1030480 total
: 656635K->1573K(737280K), 0.0071500 secs] 1647477K->992424K(1761280K), 0.0072890 secs] [Times: user=0.05 sys=0.00, real=0.01 secs] 
455.084: [GC455.084: [ParNew
Desired survivor size 41943040 bytes, new threshold 6 (max 6)
- age   1:     691656 bytes,     691656 total
- age   2:      17928 bytes,     709584 total
- age   3:       2696 bytes,     712280 total
- age   4:       4144 bytes,     716424 total
- age   5:        616 bytes,     717040 total
- age   6:        768 bytes,     717808 total
: 656933K->1346K(737280K), 0.0062610 secs] 1647784K->992206K(1761280K), 0.0063960 secs] [Times: user=0.05 sys=0.00, real=0.01 secs] 
455.331: [GC455.331: [ParNew
Desired survivor size 41943040 bytes, new threshold 6 (max 6)
- age   1:    2001440 bytes,    2001440 total
- age   2:       1632 bytes,    2003072 total
- age   3:      17928 bytes,    2021000 total
- age   4:       2696 bytes,    2023696 total
- age   5:       4120 bytes,    2027816 total
- age   6:        616 bytes,    2028432 total
: 656706K->2157K(737280K), 0.0072650 secs] 1647566K->993018K(1761280K), 0.0074950 secs] [Times: user=0.04 sys=0.00, real=0.01 secs] 
455.564: [GC455.564: [ParNew
Desired survivor size 41943040 bytes, new threshold 6 (max 6)
- age   1:    1847440 bytes,    1847440 total
- age   2:       1288 bytes,    1848728 total
- age   3:       1584 bytes,    1850312 total
- age   4:      17880 bytes,    1868192 total
- age   5:       2480 bytes,    1870672 total
- age   6:       3952 bytes,    1874624 total
: 657517K->2822K(737280K), 0.0068130 secs] 1648378K->993683K(1761280K), 0.0069870 secs] [Times: user=0.05 sys=0.00, real=0.01 secs] 
455.802: [GC455.802: [ParNew
Desired survivor size 41943040 bytes, new threshold 6 (max 6)
- age   1:    2468480 bytes,    2468480 total
- age   2:       1024 bytes,    2469504 total
- age   3:       1000 bytes,    2470504 total
- age   4:       1416 bytes,    2471920 total
- age   5:      17736 bytes,    2489656 total
- age   6:       2288 bytes,    2491944 total
: 658182K->3330K(737280K), 0.0077680 secs] 1649043K->994195K(1761280K), 0.0079400 secs] [Times: user=0.05 sys=0.00, real=0.01 secs] 
455.947: [CMS-concurrent-sweep: 1.191/1.237 secs] [Times: user=9.18 sys=0.17, real=1.24 secs] 
455.947: [CMS-concurrent-reset-start]
455.996: [CMS-concurrent-reset: 0.048/0.048 secs] [Times: user=0.37 sys=0.00, real=0.05 secs] 
456.049: [GC456.049: [ParNew
Desired survivor size 41943040 bytes, new threshold 6 (max 6)
- age   1:    2607504 bytes,    2607504 total
- age   2:       8424 bytes,    2615928 total
- age   3:        928 bytes,    2616856 total
- age   4:        808 bytes,    2617664 total
- age   5:       1224 bytes,    2618888 total
- age   6:      17544 bytes,    2636432 total
: 658690K->4254K(737280K), 0.0079990 secs] 1649413K->994980K(1761280K), 0.0081760 secs] [Times: user=0.05 sys=0.00, real=0.01 secs] 
456.058: [GC [1 CMS-initial-mark: 990725K(1024000K)] 998381K(1761280K), 0.0073560 secs] [Times: user=0.01 sys=0.00, real=0.01 secs] 
456.066: [CMS-concurrent-mark-start]
456.307: [GC456.307: [ParNew
Desired survivor size 41943040 bytes, new threshold 6 (max 6)
- age   1:    1638944 bytes,    1638944 total
- age   2:       8432 bytes,    1647376 total
- age   3:       8424 bytes,    1655800 total
- age   4:        928 bytes,    1656728 total
- age   5:        784 bytes,    1657512 total
- age   6:       1224 bytes,    1658736 total
: 659614K->2498K(737280K), 0.0081000 secs] 1650340K->993241K(1761280K), 0.0082980 secs] [Times: user=0.05 sys=0.00, real=0.01 secs] 
456.533: [GC456.533: [ParNew
Desired survivor size 41943040 bytes, new threshold 6 (max 6)
- age   1:     724856 bytes,     724856 total
- age   2:        832 bytes,     725688 total
- age   3:       8312 bytes,     734000 total
- age   4:       8256 bytes,     742256 total
- age   5:        928 bytes,     743184 total
- age   6:        784 bytes,     743968 total
: 657858K->1839K(737280K), 0.0062100 secs] 1648601K->992584K(1761280K), 0.0063410 secs] [Times: user=0.04 sys=0.00, real=0.01 secs] 
456.783: [GC456.784: [ParNew
Desired survivor size 41943040 bytes, new threshold 6 (max 6)
- age   1:     685944 bytes,     685944 total
- age   2:       4800 bytes,     690744 total
- age   3:        664 bytes,     691408 total
- age   4:       8168 bytes,     699576 total
- age   5:       8184 bytes,     707760 total
- age   6:        928 bytes,     708688 total
: 657199K->1042K(737280K), 0.0062810 secs] 1647944K->991788K(1761280K), 0.0064500 secs] [Times: user=0.04 sys=0.00, real=0.01 secs] 
457.030: [GC457.030: [ParNew
Desired survivor size 41943040 bytes, new threshold 6 (max 6)
- age   1:    1662816 bytes,    1662816 total
- age   2:      19432 bytes,    1682248 total
- age   3:       4744 bytes,    1686992 total
- age   4:        664 bytes,    1687656 total
- age   5:       8168 bytes,    1695824 total
- age   6:       8184 bytes,    1704008 total
: 656402K->2038K(737280K), 0.0067410 secs] 1647148K->992785K(1761280K), 0.0069050 secs] [Times: user=0.05 sys=0.00, real=0.01 secs] 
457.283: [GC457.283: [ParNew
Desired survivor size 41943040 bytes, new threshold 6 (max 6)
- age   1:    1208856 bytes,    1208856 total
- age   2:       4232 bytes,    1213088 total
- age   3:      18976 bytes,    1232064 total
- age   4:       4456 bytes,    1236520 total
- age   5:        344 bytes,    1236864 total
- age   6:       7904 bytes,    1244768 total
: 657398K->1949K(737280K), 0.0070010 secs] 1648145K->992705K(1761280K), 0.0072390 secs] [Times: user=0.04 sys=0.00, real=0.01 secs] 
457.552: [GC457.552: [ParNew
Desired survivor size 41943040 bytes, new threshold 6 (max 6)
- age   1:     640016 bytes,     640016 total
- age   2:       4112 bytes,     644128 total
- age   3:       4040 bytes,     648168 total
- age   4:      18880 bytes,     667048 total
- age   5:       4456 bytes,     671504 total
- age   6:        344 bytes,     671848 total
: 657309K->1266K(737280K), 0.0060210 secs] 1648065K->992030K(1761280K), 0.0061990 secs] [Times: user=0.04 sys=0.00, real=0.01 secs] 
457.800: [GC457.800: [ParNew
Desired survivor size 41943040 bytes, new threshold 6 (max 6)
- age   1:     879728 bytes,     879728 total
- age   2:       5664 bytes,     885392 total
- age   3:       4016 bytes,     889408 total
- age   4:       3968 bytes,     893376 total
- age   5:      18688 bytes,     912064 total
- age   6:       4360 bytes,     916424 total
: 656626K->1125K(737280K), 0.0061080 secs] 1647390K->991889K(1761280K), 0.0062580 secs] [Times: user=0.04 sys=0.00, real=0.01 secs] 
458.072: [GC458.072: [ParNew
Desired survivor size 41943040 bytes, new threshold 6 (max 6)
- age   1:    1002840 bytes,    1002840 total
- age   2:       4472 bytes,    1007312 total
- age   3:       5616 bytes,    1012928 total
- age   4:       3968 bytes,    1016896 total
- age   5:       3920 bytes,    1020816 total
- age   6:      18568 bytes,    1039384 total
: 656485K->1522K(737280K), 0.0067220 secs] 1647249K->992291K(1761280K), 0.0069030 secs] [Times: user=0.04 sys=0.00, real=0.01 secs] 
458.330: [GC458.330: [ParNew
Desired survivor size 41943040 bytes, new threshold 6 (max 6)
- age   1:    1539904 bytes,    1539904 total
- age   2:       1704 bytes,    1541608 total
- age   3:       4296 bytes,    1545904 total
- age   4:       5544 bytes,    1551448 total
- age   5:       3896 bytes,    1555344 total
- age   6:       3824 bytes,    1559168 total
: 656882K->1928K(737280K), 0.0069910 secs] 1647651K->992716K(1761280K), 0.0071580 secs] [Times: user=0.05 sys=0.01, real=0.01 secs] 
458.569: [GC458.569: [ParNew
Desired survivor size 41943040 bytes, new threshold 6 (max 6)
- age   1:     420560 bytes,     420560 total
- age   2:      19472 bytes,     440032 total
- age   3:       1464 bytes,     441496 total
- age   4:       4200 bytes,     445696 total
- age   5:       5376 bytes,     451072 total
- age   6:       3872 bytes,     454944 total
: 657288K->1383K(737280K), 0.0063490 secs] 1648076K->992175K(1761280K), 0.0065020 secs] [Times: user=0.05 sys=0.00, real=0.01 secs] 
458.790: [GC458.791: [ParNew
Desired survivor size 41943040 bytes, new threshold 6 (max 6)
- age   1:    2946888 bytes,    2946888 total
- age   2:      13520 bytes,    2960408 total
- age   3:      19472 bytes,    2979880 total
- age   4:       1464 bytes,    2981344 total
- age   5:       4200 bytes,    2985544 total
- age   6:       5376 bytes,    2990920 total
: 656743K->3141K(737280K), 0.0082780 secs] 1647535K->993936K(1761280K), 0.0084390 secs] [Times: user=0.06 sys=0.00, real=0.01 secs] 
459.024: [GC459.024: [ParNew
Desired survivor size 41943040 bytes, new threshold 6 (max 6)
- age   1:    1904800 bytes,    1904800 total
- age   2:     911144 bytes,    2815944 total
- age   3:      13352 bytes,    2829296 total
- age   4:      16440 bytes,    2845736 total
- age   5:       1464 bytes,    2847200 total
- age   6:       4200 bytes,    2851400 total
: 658501K->4033K(737280K), 0.0077080 secs] 1649296K->994835K(1761280K), 0.0078430 secs] [Times: user=0.05 sys=0.00, real=0.01 secs] 
459.281: [GC459.281: [ParNew
Desired survivor size 41943040 bytes, new threshold 6 (max 6)
- age   1:     858064 bytes,     858064 total
- age   2:      20088 bytes,     878152 total
- age   3:      40584 bytes,     918736 total
- age   4:      13280 bytes,     932016 total
- age   5:      16344 bytes,     948360 total
- age   6:       1440 bytes,     949800 total
: 659393K->2664K(737280K), 0.0084360 secs] 1650195K->993471K(1761280K), 0.0087360 secs] [Times: user=0.04 sys=0.00, real=0.01 secs] 
459.522: [GC459.522: [ParNew
Desired survivor size 41943040 bytes, new threshold 6 (max 6)
- age   1:     752976 bytes,     752976 total
- age   2:      12392 bytes,     765368 total
- age   3:      16560 bytes,     781928 total
- age   4:      40536 bytes,     822464 total
- age   5:      13064 bytes,     835528 total
- age   6:      16320 bytes,     851848 total
: 658024K->1234K(737280K), 0.0090810 secs] 1648831K->992043K(1761280K), 0.0092450 secs] [Times: user=0.05 sys=0.00, real=0.01 secs] 
459.760: [GC459.760: [ParNew
Desired survivor size 41943040 bytes, new threshold 6 (max 6)
- age   1:    1248848 bytes,    1248848 total
- age   2:       8656 bytes,    1257504 total
- age   3:      12104 bytes,    1269608 total
- age   4:      16296 bytes,    1285904 total
- age   5:      40224 bytes,    1326128 total
- age   6:      12776 bytes,    1338904 total
: 656594K->1590K(737280K), 0.0095120 secs] 1647403K->992415K(1761280K), 0.0097740 secs] [Times: user=0.04 sys=0.00, real=0.01 secs] 
460.015: [GC460.015: [ParNew
Desired survivor size 41943040 bytes, new threshold 6 (max 6)
- age   1:    2713792 bytes,    2713792 total
- age   2:       2832 bytes,    2716624 total
- age   3:       8656 bytes,    2725280 total
- age   4:      12080 bytes,    2737360 total
- age   5:      16296 bytes,    2753656 total
- age   6:      40224 bytes,    2793880 total
: 656950K->3280K(737280K), 0.0095480 secs] 1647775K->994119K(1761280K), 0.0097660 secs] [Times: user=0.06 sys=0.00, real=0.01 secs] 
460.249: [GC460.249: [ParNew
Desired survivor size 41943040 bytes, new threshold 6 (max 6)
- age   1:     806720 bytes,     806720 total
- age   2:       5072 bytes,     811792 total
- age   3:       2832 bytes,     814624 total
- age   4:       8656 bytes,     823280 total
- age   5:      12032 bytes,     835312 total
- age   6:      16296 bytes,     851608 total
: 658640K->2344K(737280K), 0.0070470 secs] 1649479K->993223K(1761280K), 0.0071690 secs] [Times: user=0.04 sys=0.00, real=0.01 secs] 
460.480: [GC460.480: [ParNew
Desired survivor size 41943040 bytes, new threshold 6 (max 6)
- age   1:    1546512 bytes,    1546512 total
- age   2:       1880 bytes,    1548392 total
- age   3:       4832 bytes,    1553224 total
- age   4:       2664 bytes,    1555888 total
- age   5:       8512 bytes,    1564400 total
- age   6:      12032 bytes,    1576432 total
: 657704K->1885K(737280K), 0.0075050 secs] 1648583K->992780K(1761280K), 0.0077350 secs] [Times: user=0.05 sys=0.00, real=0.01 secs] 
460.734: [GC460.734: [ParNew
Desired survivor size 41943040 bytes, new threshold 6 (max 6)
- age   1:     746144 bytes,     746144 total
- age   2:       1784 bytes,     747928 total
- age   3:       1704 bytes,     749632 total
- age   4:       4760 bytes,     754392 total
- age   5:       2640 bytes,     757032 total
- age   6:       8512 bytes,     765544 total
: 657245K->1353K(737280K), 0.0064070 secs] 1648140K->992260K(1761280K), 0.0066200 secs] [Times: user=0.04 sys=0.00, real=0.01 secs] 
460.983: [GC460.984: [ParNew
Desired survivor size 41943040 bytes, new threshold 6 (max 6)
- age   1:     604904 bytes,     604904 total
- age   2:       8104 bytes,     613008 total
- age   3:       1496 bytes,     614504 total
- age   4:       1488 bytes,     615992 total
- age   5:       4568 bytes,     620560 total
- age   6:       2400 bytes,     622960 total
: 656713K->927K(737280K), 0.0067870 secs] 1647620K->991843K(1761280K), 0.0069650 secs] [Times: user=0.04 sys=0.00, real=0.01 secs] 
461.213: [GC461.213: [ParNew
Desired survivor size 41943040 bytes, new threshold 6 (max 6)
- age   1:     373320 bytes,     373320 total
- age   2:       5808 bytes,     379128 total
- age   3:       8024 bytes,     387152 total
- age   4:       1472 bytes,     388624 total
- age   5:       1440 bytes,     390064 total
- age   6:       4568 bytes,     394632 total
: 656287K->916K(737280K), 0.0096160 secs] 1647203K->991835K(1761280K), 0.0098240 secs] [Times: user=0.03 sys=0.00, real=0.01 secs] 
461.448: [GC461.449: [ParNew
Desired survivor size 41943040 bytes, new threshold 6 (max 6)
- age   1:    2206160 bytes,    2206160 total
- age   2:       9968 bytes,    2216128 total
- age   3:       5736 bytes,    2221864 total
- age   4:       7904 bytes,    2229768 total
- age   5:       1424 bytes,    2231192 total
- age   6:       1392 bytes,    2232584 total
: 656276K->2303K(737280K), 0.0082670 secs] 1647195K->993227K(1761280K), 0.0084170 secs] [Times: user=0.05 sys=0.00, real=0.01 secs] 
461.666: [GC461.666: [ParNew
Desired survivor size 41943040 bytes, new threshold 6 (max 6)
- age   1:    3699088 bytes,    3699088 total
- age   2:     846632 bytes,    4545720 total
- age   3:       9944 bytes,    4555664 total
- age   4:       5712 bytes,    4561376 total
- age   5:       7904 bytes,    4569280 total
- age   6:       1424 bytes,    4570704 total
: 657663K->5128K(737280K), 0.0095210 secs] 1648587K->996054K(1761280K), 0.0097350 secs] [Times: user=0.07 sys=0.00, real=0.00 secs] 
461.906: [GC461.906: [ParNew
Desired survivor size 41943040 bytes, new threshold 6 (max 6)
- age   1:    1736072 bytes,    1736072 total
- age   2:    1547304 bytes,    3283376 total
- age   3:     846200 bytes,    4129576 total
- age   4:       9656 bytes,    4139232 total
- age   5:       5544 bytes,    4144776 total
- age   6:       7784 bytes,    4152560 total
: 660488K->6134K(737280K), 0.0085850 secs] 1651414K->997062K(1761280K), 0.0087890 secs] [Times: user=0.05 sys=0.00, real=0.00 secs] 
462.148: [GC462.149: [ParNew
Desired survivor size 41943040 bytes, new threshold 6 (max 6)
- age   1:     713552 bytes,     713552 total
- age   2:       7640 bytes,     721192 total
- age   3:       4232 bytes,     725424 total
- age   4:       2104 bytes,     727528 total
- age   5:       9512 bytes,     737040 total
- age   6:       5496 bytes,     742536 total
: 661494K->3985K(737280K), 0.0064290 secs] 1652422K->994920K(1761280K), 0.0065790 secs] [Times: user=0.04 sys=0.00, real=0.00 secs] 
462.383: [GC462.383: [ParNew
Desired survivor size 41943040 bytes, new threshold 6 (max 6)
- age   1:     913320 bytes,     913320 total
- age   2:      11464 bytes,     924784 total
- age   3:       7472 bytes,     932256 total
- age   4:       4136 bytes,     936392 total
- age   5:       1960 bytes,     938352 total
- age   6:       9360 bytes,     947712 total
: 659345K->1698K(737280K), 0.0066060 secs] 1650280K->992639K(1761280K), 0.0068140 secs] [Times: user=0.05 sys=0.00, real=0.01 secs] 
462.608: [GC462.608: [ParNew
Desired survivor size 41943040 bytes, new threshold 6 (max 6)
- age   1:    2614160 bytes,    2614160 total
- age   2:       7040 bytes,    2621200 total
- age   3:      11336 bytes,    2632536 total
- age   4:       7424 bytes,    2639960 total
- age   5:       4136 bytes,    2644096 total
- age   6:       1960 bytes,    2646056 total
: 657058K->2922K(737280K), 0.0077880 secs] 1647999K->993874K(1761280K), 0.0079900 secs] [Times: user=0.05 sys=0.00, real=0.01 secs] 
462.860: [GC462.860: [ParNew
Desired survivor size 41943040 bytes, new threshold 6 (max 6)
- age   1:     482144 bytes,     482144 total
- age   2:      10440 bytes,     492584 total
- age   3:       6968 bytes,     499552 total
- age   4:      11240 bytes,     510792 total
- age   5:       7400 bytes,     518192 total
- age   6:       4136 bytes,     522328 total
: 658282K->2089K(737280K), 0.0061600 secs] 1649234K->993044K(1761280K), 0.0063310 secs] [Times: user=0.03 sys=0.01, real=0.01 secs] 
463.108: [GC463.108: [ParNew
Desired survivor size 41943040 bytes, new threshold 6 (max 6)
- age   1:    1768464 bytes,    1768464 total
- age   2:      18584 bytes,    1787048 total
- age   3:      10440 bytes,    1797488 total
- age   4:       6944 bytes,    1804432 total
- age   5:      11240 bytes,    1815672 total
- age   6:       7400 bytes,    1823072 total
: 657449K->2112K(737280K), 0.0071500 secs] 1648404K->993071K(1761280K), 0.0073790 secs] [Times: user=0.04 sys=0.00, real=0.00 secs] 
463.340: [GC463.340: [ParNew
Desired survivor size 41943040 bytes, new threshold 6 (max 6)
- age   1:    2400592 bytes,    2400592 total
- age   2:       1608 bytes,    2402200 total
- age   3:      18392 bytes,    2420592 total
- age   4:      10296 bytes,    2430888 total
- age   5:       6848 bytes,    2437736 total
- age   6:      11144 bytes,    2448880 total
: 657472K->2995K(737280K), 0.0077390 secs] 1648431K->993962K(1761280K), 0.0079310 secs] [Times: user=0.06 sys=0.00, real=0.01 secs] 
463.567: [GC463.567: [ParNew
Desired survivor size 41943040 bytes, new threshold 6 (max 6)
- age   1:    2396512 bytes,    2396512 total
- age   2:      12000 bytes,    2408512 total
- age   3:       1608 bytes,    2410120 total
- age   4:      18392 bytes,    2428512 total
- age   5:      10296 bytes,    2438808 total
- age   6:       6848 bytes,    2445656 total
: 658355K->3523K(737280K), 0.0078580 secs] 1649322K->994501K(1761280K), 0.0080220 secs] [Times: user=0.05 sys=0.00, real=0.00 secs] 
463.802: [GC463.802: [ParNew
Desired survivor size 41943040 bytes, new threshold 6 (max 6)
- age   1:    1613592 bytes,    1613592 total
- age   2:     557632 bytes,    2171224 total
- age   3:      11856 bytes,    2183080 total
- age   4:       1416 bytes,    2184496 total
- age   5:      18224 bytes,    2202720 total
- age   6:      10248 bytes,    2212968 total
: 658883K->3208K(737280K), 0.0074380 secs] 1649861K->994194K(1761280K), 0.0076020 secs] [Times: user=0.05 sys=0.01, real=0.01 secs] 
463.838: [CMS-concurrent-mark: 7.463/7.772 secs] [Times: user=57.62 sys=1.07, real=7.77 secs] 
463.838: [CMS-concurrent-preclean-start]
463.858: [CMS-concurrent-preclean: 0.019/0.020 secs] [Times: user=0.14 sys=0.00, real=0.02 secs] 
463.858: [CMS-concurrent-abortable-preclean-start]
464.037: [GC464.037: [ParNew
Desired survivor size 41943040 bytes, new threshold 6 (max 6)
- age   1:     544904 bytes,     544904 total
- age   2:       5616 bytes,     550520 total
- age   3:      11056 bytes,     561576 total
- age   4:      11808 bytes,     573384 total
- age   5:       1416 bytes,     574800 total
- age   6:      18224 bytes,     593024 total
: 658568K->2204K(737280K), 0.0063260 secs] 1649554K->993200K(1761280K), 0.0064560 secs] [Times: user=0.04 sys=0.00, real=0.01 secs] 
464.169: [CMS-concurrent-abortable-preclean: 0.302/0.310 secs] [Times: user=2.27 sys=0.05, real=0.31 secs] 
464.177: [GC[YG occupancy: 393231 K (737280 K)]464.177: [Rescan (parallel) , 0.1379570 secs]464.315: [weak refs processing, 0.0000370 secs]464.315: [scrub string table, 0.0010280 secs] [1 CMS-remark: 990996K(1024000K)] 1384228K(1761280K), 0.1391970 secs] [Times: user=1.02 sys=0.01, real=0.13 secs] 
464.316: [CMS-concurrent-sweep-start]
464.421: [GC464.421: [ParNew
Desired survivor size 41943040 bytes, new threshold 6 (max 6)
- age   1:     319392 bytes,     319392 total
- age   2:       3736 bytes,     323128 total
- age   3:       5424 bytes,     328552 total
- age   4:      10960 bytes,     339512 total
- age   5:      11592 bytes,     351104 total
- age   6:       1320 bytes,     352424 total
: 657564K->782K(737280K), 0.0063840 secs] 1648560K->991797K(1761280K), 0.0065210 secs] [Times: user=0.03 sys=0.00, real=0.01 secs] 
464.644: [GC464.644: [ParNew
Desired survivor size 41943040 bytes, new threshold 6 (max 6)
- age   1:    1608688 bytes,    1608688 total
- age   2:       7024 bytes,    1615712 total
- age   3:       3688 bytes,    1619400 total
- age   4:       5424 bytes,    1624824 total
- age   5:      10960 bytes,    1635784 total
- age   6:      11592 bytes,    1647376 total
: 656142K->1780K(737280K), 0.0073510 secs] 1647157K->992796K(1761280K), 0.0074960 secs] [Times: user=0.04 sys=0.00, real=0.01 secs] 
464.893: [GC464.893: [ParNew
Desired survivor size 41943040 bytes, new threshold 6 (max 6)
- age   1:    1404616 bytes,    1404616 total
- age   2:       8456 bytes,    1413072 total
- age   3:       6672 bytes,    1419744 total
- age   4:       3616 bytes,    1423360 total
- age   5:       5280 bytes,    1428640 total
- age   6:      10912 bytes,    1439552 total
: 657140K->1923K(737280K), 0.0067350 secs] 1648156K->992951K(1761280K), 0.0069490 secs] [Times: user=0.05 sys=0.00, real=0.01 secs] 
465.152: [GC465.152: [ParNew
Desired survivor size 41943040 bytes, new threshold 6 (max 6)
- age   1:     812960 bytes,     812960 total
- age   2:       9032 bytes,     821992 total
- age   3:       8312 bytes,     830304 total
- age   4:       6456 bytes,     836760 total
- age   5:       3568 bytes,     840328 total
- age   6:       5136 bytes,     845464 total
: 657283K->1546K(737280K), 0.0068470 secs] 1648310K->992585K(1761280K), 0.0069560 secs] [Times: user=0.04 sys=0.00, real=0.01 secs] 
465.393: [GC465.393: [ParNew
Desired survivor size 41943040 bytes, new threshold 6 (max 6)
- age   1:    1677728 bytes,    1677728 total
- age   2:       3792 bytes,    1681520 total
- age   3:       8816 bytes,    1690336 total
- age   4:       8216 bytes,    1698552 total
- age   5:       6336 bytes,    1704888 total
- age   6:       3400 bytes,    1708288 total
: 656906K->1960K(737280K), 0.0069620 secs] 1647945K->993004K(1761280K), 0.0071780 secs] [Times: user=0.05 sys=0.00, real=0.01 secs] 
465.633: [GC465.633: [ParNew
Desired survivor size 41943040 bytes, new threshold 6 (max 6)
- age   1:     900272 bytes,     900272 total
- age   2:      12632 bytes,     912904 total
- age   3:       3792 bytes,     916696 total
- age   4:       8816 bytes,     925512 total
- age   5:       8216 bytes,     933728 total
- age   6:       6304 bytes,     940032 total
: 657320K->1414K(737280K), 0.0061840 secs] 1648277K->992375K(1761280K), 0.0063400 secs] [Times: user=0.04 sys=0.01, real=0.01 secs] 
465.670: [CMS-concurrent-sweep: 1.287/1.353 secs] [Times: user=10.02 sys=0.18, real=1.36 secs] 
465.670: [CMS-concurrent-reset-start]
465.767: [CMS-concurrent-reset: 0.097/0.097 secs] [Times: user=0.74 sys=0.01, real=0.10 secs] 
465.852: [GC465.852: [ParNew
Desired survivor size 41943040 bytes, new threshold 6 (max 6)
- age   1:    2153792 bytes,    2153792 total
- age   2:       9120 bytes,    2162912 total
- age   3:      12536 bytes,    2175448 total
- age   4:       3696 bytes,    2179144 total
- age   5:       8720 bytes,    2187864 total
- age   6:       8144 bytes,    2196008 total
: 656774K->2605K(737280K), 0.0076450 secs] 1647695K->993532K(1761280K), 0.0077810 secs] [Times: user=0.05 sys=0.00, real=0.01 secs] 
465.861: [GC [1 CMS-initial-mark: 990927K(1024000K)] 994390K(1761280K), 0.0062970 secs] [Times: user=0.00 sys=0.00, real=0.01 secs] 
465.867: [CMS-concurrent-mark-start]
466.133: [GC466.133: [ParNew
Desired survivor size 41943040 bytes, new threshold 6 (max 6)
- age   1:     138104 bytes,     138104 total
- age   2:       1736 bytes,     139840 total
- age   3:       9048 bytes,     148888 total
- age   4:      12504 bytes,     161392 total
- age   5:       3696 bytes,     165088 total
- age   6:       8720 bytes,     173808 total
: 657965K->1869K(737280K), 0.0062290 secs] 1648892K->992804K(1761280K), 0.0063530 secs] [Times: user=0.04 sys=0.00, real=0.01 secs] 
466.373: [GC466.373: [ParNew
Desired survivor size 41943040 bytes, new threshold 6 (max 6)
- age   1:     647384 bytes,     647384 total
- age   2:        888 bytes,     648272 total
- age   3:       1448 bytes,     649720 total
- age   4:       8880 bytes,     658600 total
- age   5:      12336 bytes,     670936 total
- age   6:       3672 bytes,     674608 total
: 657229K->935K(737280K), 0.0082160 secs] 1648164K->991880K(1761280K), 0.0083790 secs] [Times: user=0.05 sys=0.00, real=0.01 secs] 
466.614: [GC466.614: [ParNew
Desired survivor size 41943040 bytes, new threshold 6 (max 6)
- age   1:    2131208 bytes,    2131208 total
- age   2:       8240 bytes,    2139448 total
- age   3:        816 bytes,    2140264 total
- age   4:       1448 bytes,    2141712 total
- age   5:       8880 bytes,    2150592 total
- age   6:      12336 bytes,    2162928 total
: 656295K->2475K(737280K), 0.0074010 secs] 1647240K->993424K(1761280K), 0.0075450 secs] [Times: user=0.05 sys=0.00, real=0.01 secs] 
466.904: [GC466.904: [ParNew
Desired survivor size 41943040 bytes, new threshold 6 (max 6)
- age   1:     212256 bytes,     212256 total
- age   2:       5088 bytes,     217344 total
- age   3:       8120 bytes,     225464 total
- age   4:        720 bytes,     226184 total
- age   5:       1352 bytes,     227536 total
- age   6:       8832 bytes,     236368 total
: 657835K->1521K(737280K), 0.0091320 secs] 1648784K->992483K(1761280K), 0.0093460 secs] [Times: user=0.05 sys=0.00, real=0.01 secs] 
467.195: [GC467.195: [ParNew
Desired survivor size 41943040 bytes, new threshold 6 (max 6)
- age   1:    1275624 bytes,    1275624 total
- age   2:       1176 bytes,    1276800 total
- age   3:       4872 bytes,    1281672 total
- age   4:       7880 bytes,    1289552 total
- age   5:        480 bytes,    1290032 total
- age   6:       1208 bytes,    1291240 total
: 656881K->1493K(737280K), 0.0064570 secs] 1647843K->992464K(1761280K), 0.0066210 secs] [Times: user=0.05 sys=0.00, real=0.01 secs] 
467.446: [GC467.447: [ParNew
Desired survivor size 41943040 bytes, new threshold 6 (max 6)
- age   1:     839048 bytes,     839048 total
- age   2:      13472 bytes,     852520 total
- age   3:        840 bytes,     853360 total
- age   4:       4776 bytes,     858136 total
- age   5:       7680 bytes,     865816 total
- age   6:        480 bytes,     866296 total
: 656853K->1331K(737280K), 0.0071500 secs] 1647824K->992303K(1761280K), 0.0072850 secs] [Times: user=0.04 sys=0.00, real=0.01 secs] 
467.684: [GC467.684: [ParNew
Desired survivor size 41943040 bytes, new threshold 6 (max 6)
- age   1:    1320032 bytes,    1320032 total
- age   2:       2040 bytes,    1322072 total
- age   3:      13352 bytes,    1335424 total
- age   4:        768 bytes,    1336192 total
- age   5:       4704 bytes,    1340896 total
- age   6:       7656 bytes,    1348552 total
: 656691K->1689K(737280K), 0.0068940 secs] 1647663K->992661K(1761280K), 0.0070250 secs] [Times: user=0.05 sys=0.00, real=0.01 secs] 
467.922: [GC467.922: [ParNew
Desired survivor size 41943040 bytes, new threshold 6 (max 6)
- age   1:    1461984 bytes,    1461984 total
- age   2:       9424 bytes,    1471408 total
- age   3:       2040 bytes,    1473448 total
- age   4:      13352 bytes,    1486800 total
- age   5:        768 bytes,    1487568 total
- age   6:       4704 bytes,    1492272 total
: 657049K->2122K(737280K), 0.0068350 secs] 1648021K->993103K(1761280K), 0.0069710 secs] [Times: user=0.05 sys=0.00, real=0.01 secs] 
468.160: [GC468.160: [ParNew
Desired survivor size 41943040 bytes, new threshold 6 (max 6)
- age   1:    1875520 bytes,    1875520 total
- age   2:        864 bytes,    1876384 total
- age   3:       9304 bytes,    1885688 total
- age   4:       2040 bytes,    1887728 total
- age   5:      13352 bytes,    1901080 total
- age   6:        768 bytes,    1901848 total
: 657482K->2617K(737280K), 0.0068970 secs] 1648463K->993604K(1761280K), 0.0070660 secs] [Times: user=0.04 sys=0.00, real=0.01 secs] 
468.406: [GC468.406: [ParNew
Desired survivor size 41943040 bytes, new threshold 6 (max 6)
- age   1:     557664 bytes,     557664 total
- age   2:       5344 bytes,     563008 total
- age   3:        864 bytes,     563872 total
- age   4:       9304 bytes,     573176 total
- age   5:       1992 bytes,     575168 total
- age   6:      13352 bytes,     588520 total
: 657977K->1742K(737280K), 0.0064230 secs] 1648964K->992729K(1761280K), 0.0065780 secs] [Times: user=0.04 sys=0.00, real=0.01 secs] 
468.651: [GC468.651: [ParNew
Desired survivor size 41943040 bytes, new threshold 6 (max 6)
- age   1:    1488440 bytes,    1488440 total
- age   2:       5584 bytes,    1494024 total
- age   3:       5216 bytes,    1499240 total
- age   4:        768 bytes,    1500008 total
- age   5:       9136 bytes,    1509144 total
- age   6:       1872 bytes,    1511016 total
: 657102K->1809K(737280K), 0.0071980 secs] 1648089K->992810K(1761280K), 0.0074510 secs] [Times: user=0.05 sys=0.00, real=0.01 secs] 
468.904: [GC468.904: [ParNew
Desired survivor size 41943040 bytes, new threshold 6 (max 6)
- age   1:    1441864 bytes,    1441864 total
- age   2:     197528 bytes,    1639392 total
- age   3:       5488 bytes,    1644880 total
- age   4:       5120 bytes,    1650000 total
- age   5:        720 bytes,    1650720 total
- age   6:       8992 bytes,    1659712 total
: 657169K->2190K(737280K), 0.0069180 secs] 1648170K->993192K(1761280K), 0.0071160 secs] [Times: user=0.05 sys=0.00, real=0.01 secs] 
469.161: [GC469.161: [ParNew
Desired survivor size 41943040 bytes, new threshold 6 (max 6)
- age   1:    1139280 bytes,    1139280 total
- age   2:       2024 bytes,    1141304 total
- age   3:       1136 bytes,    1142440 total
- age   4:       5224 bytes,    1147664 total
- age   5:       4952 bytes,    1152616 total
- age   6:        504 bytes,    1153120 total
: 657550K->1910K(737280K), 0.0067180 secs] 1648552K->992922K(1761280K), 0.0068730 secs] [Times: user=0.04 sys=0.00, real=0.01 secs] 
469.423: [GC469.423: [ParNew
Desired survivor size 41943040 bytes, new threshold 6 (max 6)
- age   1:     775344 bytes,     775344 total
- age   2:       9216 bytes,     784560 total
- age   3:       2000 bytes,     786560 total
- age   4:       1136 bytes,     787696 total
- age   5:       5176 bytes,     792872 total
- age   6:       4952 bytes,     797824 total
: 657270K->1206K(737280K), 0.0063900 secs] 1648282K->992219K(1761280K), 0.0065180 secs] [Times: user=0.04 sys=0.00, real=0.01 secs] 
469.649: [GC469.649: [ParNew
Desired survivor size 41943040 bytes, new threshold 6 (max 6)
- age   1:    3483984 bytes,    3483984 total
- age   2:       1480 bytes,    3485464 total
- age   3:       9216 bytes,    3494680 total
- age   4:       2000 bytes,    3496680 total
- age   5:       1104 bytes,    3497784 total
- age   6:       5176 bytes,    3502960 total
: 656566K->3829K(737280K), 0.0090550 secs] 1647579K->994847K(1761280K), 0.0092590 secs] [Times: user=0.05 sys=0.00, real=0.01 secs] 
469.896: [GC469.896: [ParNew
Desired survivor size 41943040 bytes, new threshold 6 (max 6)
- age   1:    2114608 bytes,    2114608 total
- age   2:       2216 bytes,    2116824 total
- age   3:       1216 bytes,    2118040 total
- age   4:       9024 bytes,    2127064 total
- age   5:       1880 bytes,    2128944 total
- age   6:        960 bytes,    2129904 total
: 659189K->3107K(737280K), 0.0076530 secs] 1650207K->994130K(1761280K), 0.0078110 secs] [Times: user=0.05 sys=0.00, real=0.01 secs] 
470.144: [GC470.144: [ParNew
Desired survivor size 41943040 bytes, new threshold 6 (max 6)
- age   1:     688744 bytes,     688744 total
- age   2:       4576 bytes,     693320 total
- age   3:       2168 bytes,     695488 total
- age   4:       1096 bytes,     696584 total
- age   5:       8976 bytes,     705560 total
- age   6:       1808 bytes,     707368 total
: 658467K->2250K(737280K), 0.0065960 secs] 1649490K->993274K(1761280K), 0.0067520 secs] [Times: user=0.03 sys=0.00, real=0.01 secs] 
470.429: [GC470.429: [ParNew
Desired survivor size 41943040 bytes, new threshold 6 (max 6)
- age   1:     761952 bytes,     761952 total
- age   2:       7728 bytes,     769680 total
- age   3:       4528 bytes,     774208 total
- age   4:       2000 bytes,     776208 total
- age   5:        832 bytes,     777040 total
- age   6:       8856 bytes,     785896 total
: 657610K->1102K(737280K), 0.0063700 secs] 1648634K->992129K(1761280K), 0.0065150 secs] [Times: user=0.03 sys=0.00, real=0.00 secs] 
470.651: [GC470.651: [ParNew
Desired survivor size 41943040 bytes, new threshold 6 (max 6)
- age   1:    1383760 bytes,    1383760 total
- age   2:       1120 bytes,    1384880 total
- age   3:       7560 bytes,    1392440 total
- age   4:       4408 bytes,    1396848 total
- age   5:       1832 bytes,    1398680 total
- age   6:        640 bytes,    1399320 total
: 656462K->1708K(737280K), 0.0077630 secs] 1647489K->992744K(1761280K), 0.0079010 secs] [Times: user=0.03 sys=0.00, real=0.01 secs] 
470.904: [GC470.904: [ParNew
Desired survivor size 41943040 bytes, new threshold 6 (max 6)
- age   1:    3727416 bytes,    3727416 total
- age   2:       4432 bytes,    3731848 total
- age   3:        752 bytes,    3732600 total
- age   4:       7464 bytes,    3740064 total
- age   5:       4384 bytes,    3744448 total
- age   6:       1832 bytes,    3746280 total
: 657068K->4403K(737280K), 0.0083930 secs] 1648104K->995440K(1761280K), 0.0085890 secs] [Times: user=0.05 sys=0.00, real=0.01 secs] 
471.132: [GC471.132: [ParNew
Desired survivor size 41943040 bytes, new threshold 6 (max 6)
- age   1:    1433736 bytes,    1433736 total
- age   2:       4336 bytes,    1438072 total
- age   3:       4360 bytes,    1442432 total
- age   4:        656 bytes,    1443088 total
- age   5:       7392 bytes,    1450480 total
- age   6:       4312 bytes,    1454792 total
: 659763K->3047K(737280K), 0.0069490 secs] 1650800K->994086K(1761280K), 0.0070890 secs] [Times: user=0.05 sys=0.00, real=0.01 secs] 
471.356: [GC471.356: [ParNew
Desired survivor size 41943040 bytes, new threshold 6 (max 6)
- age   1:    1148216 bytes,    1148216 total
- age   2:      10760 bytes,    1158976 total
- age   3:       4216 bytes,    1163192 total
- age   4:       4288 bytes,    1167480 total
- age   5:        536 bytes,    1168016 total
- age   6:       7272 bytes,    1175288 total
: 658407K->1780K(737280K), 0.0064330 secs] 1649446K->992823K(1761280K), 0.0065860 secs] [Times: user=0.04 sys=0.01, real=0.01 secs] 
471.583: [GC471.583: [ParNew
Desired survivor size 41943040 bytes, new threshold 6 (max 6)
- age   1:    1691944 bytes,    1691944 total
- age   2:       1728 bytes,    1693672 total
- age   3:      10688 bytes,    1704360 total
- age   4:       4144 bytes,    1708504 total
- age   5:       4144 bytes,    1712648 total
- age   6:        416 bytes,    1713064 total
: 657140K->2220K(737280K), 0.0070840 secs] 1648183K->993272K(1761280K), 0.0072370 secs] [Times: user=0.05 sys=0.00, real=0.01 secs] 
471.821: [GC471.821: [ParNew
Desired survivor size 41943040 bytes, new threshold 6 (max 6)
- age   1:     713504 bytes,     713504 total
- age   2:       5608 bytes,     719112 total
- age   3:       1608 bytes,     720720 total
- age   4:      10640 bytes,     731360 total
- age   5:       4024 bytes,     735384 total
- age   6:       4120 bytes,     739504 total
: 657580K->1550K(737280K), 0.0062610 secs] 1648632K->992602K(1761280K), 0.0064190 secs] [Times: user=0.05 sys=0.00, real=0.00 secs] 
472.064: [GC472.064: [ParNew
Desired survivor size 41943040 bytes, new threshold 6 (max 6)
- age   1:    2108400 bytes,    2108400 total
- age   2:       1792 bytes,    2110192 total
- age   3:       5552 bytes,    2115744 total
- age   4:       1608 bytes,    2117352 total
- age   5:      10640 bytes,    2127992 total
- age   6:       4024 bytes,    2132016 total
: 656910K->2387K(737280K), 0.0071630 secs] 1647962K->993443K(1761280K), 0.0073280 secs] [Times: user=0.05 sys=0.00, real=0.01 secs] 
472.306: [GC472.306: [ParNew
Desired survivor size 41943040 bytes, new threshold 6 (max 6)
- age   1:     844704 bytes,     844704 total
- age   2:       1512 bytes,     846216 total
- age   3:       1600 bytes,     847816 total
- age   4:       5456 bytes,     853272 total
- age   5:       1440 bytes,     854712 total
- age   6:      10592 bytes,     865304 total
: 657747K->1941K(737280K), 0.0073850 secs] 1648803K->993002K(1761280K), 0.0075310 secs] [Times: user=0.03 sys=0.00, real=0.01 secs] 
472.541: [GC472.541: [ParNew
Desired survivor size 41943040 bytes, new threshold 6 (max 6)
- age   1:    1681536 bytes,    1681536 total
- age   2:       4648 bytes,    1686184 total
- age   3:       1512 bytes,    1687696 total
- age   4:       1568 bytes,    1689264 total
- age   5:       5432 bytes,    1694696 total
- age   6:       1440 bytes,    1696136 total
: 657301K->2058K(737280K), 0.0069620 secs] 1648362K->993129K(1761280K), 0.0070920 secs] [Times: user=0.05 sys=0.00, real=0.01 secs] 
472.763: [GC472.763: [ParNew
Desired survivor size 41943040 bytes, new threshold 6 (max 6)
- age   1:    1134680 bytes,    1134680 total
- age   2:       1080 bytes,    1135760 total
- age   3:       4576 bytes,    1140336 total
- age   4:       1512 bytes,    1141848 total
- age   5:       1568 bytes,    1143416 total
- age   6:       5432 bytes,    1148848 total
: 657418K->1786K(737280K), 0.0067870 secs] 1648489K->992859K(1761280K), 0.0069860 secs] [Times: user=0.05 sys=0.00, real=0.01 secs] 
472.989: [GC472.989: [ParNew
Desired survivor size 41943040 bytes, new threshold 6 (max 6)
- age   1:    1268240 bytes,    1268240 total
- age   2:       4544 bytes,    1272784 total
- age   3:       1056 bytes,    1273840 total
- age   4:       4408 bytes,    1278248 total
- age   5:       1392 bytes,    1279640 total
- age   6:       1400 bytes,    1281040 total
: 657146K->1948K(737280K), 0.0066510 secs] 1648219K->993026K(1761280K), 0.0067980 secs] [Times: user=0.04 sys=0.00, real=0.00 secs] 
473.207: [GC473.207: [ParNew
Desired survivor size 41943040 bytes, new threshold 6 (max 6)
- age   1:    1616696 bytes,    1616696 total
- age   2:      12032 bytes,    1628728 total
- age   3:       4496 bytes,    1633224 total
- age   4:       1056 bytes,    1634280 total
- age   5:       4408 bytes,    1638688 total
- age   6:       1392 bytes,    1640080 total
: 657308K->2166K(737280K), 0.0069430 secs] 1648386K->993246K(1761280K), 0.0070680 secs] [Times: user=0.05 sys=0.00, real=0.01 secs] 
473.435: [GC473.435: [ParNew
Desired survivor size 41943040 bytes, new threshold 6 (max 6)
- age   1:    3316480 bytes,    3316480 total
- age   2:     244088 bytes,    3560568 total
- age   3:      11840 bytes,    3572408 total
- age   4:       4280 bytes,    3576688 total
- age   5:        984 bytes,    3577672 total
- age   6:       4360 bytes,    3582032 total
: 657526K->4532K(737280K), 0.0089040 secs] 1648606K->995614K(1761280K), 0.0090500 secs] [Times: user=0.06 sys=0.00, real=0.01 secs] 
473.547: [CMS-concurrent-mark: 7.385/7.680 secs] [Times: user=56.43 sys=1.07, real=7.67 secs] 
473.547: [CMS-concurrent-preclean-start]
473.565: [CMS-concurrent-preclean: 0.016/0.017 secs] [Times: user=0.14 sys=0.01, real=0.02 secs] 
473.565: [CMS-concurrent-abortable-preclean-start]
473.668: [GC473.669: [ParNew
Desired survivor size 41943040 bytes, new threshold 6 (max 6)
- age   1:    3202584 bytes,    3202584 total
- age   2:       4648 bytes,    3207232 total
- age   3:       4992 bytes,    3212224 total
- age   4:      11744 bytes,    3223968 total
- age   5:       4256 bytes,    3228224 total
- age   6:        936 bytes,    3229160 total
: 659892K->4126K(737280K), 0.0080780 secs] 1650974K->995212K(1761280K), 0.0082490 secs] [Times: user=0.06 sys=0.00, real=0.00 secs] 
473.799: [CMS-concurrent-abortable-preclean: 0.223/0.233 secs] [Times: user=1.74 sys=0.03, real=0.24 secs] 
473.800: [GC[YG occupancy: 381837 K (737280 K)]473.800: [Rescan (parallel) , 0.1037640 secs]473.904: [weak refs processing, 0.0000370 secs]473.904: [scrub string table, 0.0013490 secs] [1 CMS-remark: 991086K(1024000K)] 1372923K(1761280K), 0.1053250 secs] [Times: user=0.73 sys=0.00, real=0.10 secs] 
473.906: [CMS-concurrent-sweep-start]
474.007: [GC474.007: [ParNew
Desired survivor size 41943040 bytes, new threshold 6 (max 6)
- age   1:    2575976 bytes,    2575976 total
- age   2:       3304 bytes,    2579280 total
- age   3:       4504 bytes,    2583784 total
- age   4:       4776 bytes,    2588560 total
- age   5:      11672 bytes,    2600232 total
- age   6:       4208 bytes,    2604440 total
: 659486K->3894K(737280K), 0.0077010 secs] 1650572K->994981K(1761280K), 0.0078680 secs] [Times: user=0.05 sys=0.01, real=0.01 secs] 
474.245: [GC474.245: [ParNew
Desired survivor size 41943040 bytes, new threshold 6 (max 6)
- age   1:    1754632 bytes,    1754632 total
- age   2:        840 bytes,    1755472 total
- age   3:       1152 bytes,    1756624 total
- age   4:       4192 bytes,    1760816 total
- age   5:       4680 bytes,    1765496 total
- age   6:      11576 bytes,    1777072 total
: 659254K->2686K(737280K), 0.0073790 secs] 1650341K->993777K(1761280K), 0.0075290 secs] [Times: user=0.04 sys=0.00, real=0.01 secs] 
474.499: [GC474.500: [ParNew
Desired survivor size 41943040 bytes, new threshold 6 (max 6)
- age   1:    1315128 bytes,    1315128 total
- age   2:       1904 bytes,    1317032 total
- age   3:        840 bytes,    1317872 total
- age   4:       1152 bytes,    1319024 total
- age   5:       4144 bytes,    1323168 total
- age   6:       4680 bytes,    1327848 total
: 658046K->2466K(737280K), 0.0072780 secs] 1649137K->993569K(1761280K), 0.0336090 secs] [Times: user=0.04 sys=0.00, real=0.03 secs] 
474.764: [GC474.764: [ParNew
Desired survivor size 41943040 bytes, new threshold 6 (max 6)
- age   1:     650984 bytes,     650984 total
- age   2:        832 bytes,     651816 total
- age   3:       1664 bytes,     653480 total
- age   4:        744 bytes,     654224 total
- age   5:        936 bytes,     655160 total
- age   6:       3928 bytes,     659088 total
: 657826K->1224K(737280K), 0.0060840 secs] 1648929K->992332K(1761280K), 0.0062390 secs] [Times: user=0.05 sys=0.00, real=0.01 secs] 
475.022: [GC475.022: [ParNew
Desired survivor size 41943040 bytes, new threshold 6 (max 6)
- age   1:    1848904 bytes,    1848904 total
- age   2:       7688 bytes,    1856592 total
- age   3:        736 bytes,    1857328 total
- age   4:       1592 bytes,    1858920 total
- age   5:        672 bytes,    1859592 total
- age   6:        936 bytes,    1860528 total
: 656584K->2066K(737280K), 0.0074120 secs] 1647692K->993178K(1761280K), 0.0076190 secs] [Times: user=0.05 sys=0.00, real=0.01 secs] 
475.213: [CMS-concurrent-sweep: 1.235/1.307 secs] [Times: user=9.58 sys=0.19, real=1.31 secs] 
475.213: [CMS-concurrent-reset-start]
475.271: [GC475.271: [ParNew
Desired survivor size 41943040 bytes, new threshold 6 (max 6)
- age   1:     916280 bytes,     916280 total
- age   2:      16208 bytes,     932488 total
- age   3:       7688 bytes,     940176 total
- age   4:        712 bytes,     940888 total
- age   5:       1592 bytes,     942480 total
- age   6:        672 bytes,     943152 total
: 657426K->1484K(737280K), 0.0061960 secs] 1648386K->992445K(1761280K), 0.0063750 secs] [Times: user=0.04 sys=0.00, real=0.00 secs] 
475.291: [CMS-concurrent-reset: 0.069/0.078 secs] [Times: user=0.56 sys=0.01, real=0.08 secs] 
475.482: [GC475.483: [ParNew
Desired survivor size 41943040 bytes, new threshold 6 (max 6)
- age   1:    1401864 bytes,    1401864 total
- age   2:       1616 bytes,    1403480 total
- age   3:      16112 bytes,    1419592 total
- age   4:       7472 bytes,    1427064 total
- age   5:        664 bytes,    1427728 total
- age   6:       1568 bytes,    1429296 total
: 656844K->1991K(737280K), 0.0067650 secs] 1647805K->992953K(1761280K), 0.0069080 secs] [Times: user=0.04 sys=0.00, real=0.01 secs] 
475.491: [GC [1 CMS-initial-mark: 990962K(1024000K)] 997078K(1761280K), 0.0064520 secs] [Times: user=0.01 sys=0.00, real=0.01 secs] 
475.498: [CMS-concurrent-mark-start]
475.737: [GC475.737: [ParNew
Desired survivor size 41943040 bytes, new threshold 6 (max 6)
- age   1:     910328 bytes,     910328 total
- age   2:       2200 bytes,     912528 total
- age   3:       1592 bytes,     914120 total
- age   4:      16064 bytes,     930184 total
- age   5:       7472 bytes,     937656 total
- age   6:        664 bytes,     938320 total
: 657351K->1312K(737280K), 0.0064800 secs] 1648313K->992276K(1761280K), 0.0066180 secs] [Times: user=0.04 sys=0.00, real=0.01 secs] 
475.967: [GC475.967: [ParNew
Desired survivor size 41943040 bytes, new threshold 6 (max 6)
- age   1:    2037440 bytes,    2037440 total
- age   2:       4672 bytes,    2042112 total
- age   3:       1984 bytes,    2044096 total
- age   4:       1400 bytes,    2045496 total
- age   5:      15944 bytes,    2061440 total
- age   6:       7376 bytes,    2068816 total
: 656672K->2538K(737280K), 0.0073850 secs] 1647636K->993503K(1761280K), 0.0075490 secs] [Times: user=0.05 sys=0.00, real=0.01 secs] 
476.196: [GC476.197: [ParNew
Desired survivor size 41943040 bytes, new threshold 6 (max 6)
- age   1:     677920 bytes,     677920 total
- age   2:       1096 bytes,     679016 total
- age   3:       4640 bytes,     683656 total
- age   4:       1984 bytes,     685640 total
- age   5:       1400 bytes,     687040 total
- age   6:      15944 bytes,     702984 total
: 657898K->1990K(737280K), 0.0061650 secs] 1648863K->992962K(1761280K), 0.0064670 secs] [Times: user=0.04 sys=0.00, real=0.01 secs] 
476.448: [GC476.448: [ParNew
Desired survivor size 41943040 bytes, new threshold 6 (max 6)
- age   1:     585264 bytes,     585264 total
- age   2:        600 bytes,     585864 total
- age   3:        856 bytes,     586720 total
- age   4:       4424 bytes,     591144 total
- age   5:       1816 bytes,     592960 total
- age   6:       1256 bytes,     594216 total
: 657350K->997K(737280K), 0.0062600 secs] 1648322K->991986K(1761280K), 0.0064020 secs] [Times: user=0.04 sys=0.00, real=0.00 secs] 
476.688: [GC476.689: [ParNew
Desired survivor size 41943040 bytes, new threshold 6 (max 6)
- age   1:    1063776 bytes,    1063776 total
- age   2:       5672 bytes,    1069448 total
- age   3:        600 bytes,    1070048 total
- age   4:        856 bytes,    1070904 total
- age   5:       4424 bytes,    1075328 total
- age   6:       1816 bytes,    1077144 total
: 656357K->1206K(737280K), 0.0066040 secs] 1647346K->992196K(1761280K), 0.0067370 secs] [Times: user=0.04 sys=0.01, real=0.01 secs] 
476.941: [GC476.941: [ParNew
Desired survivor size 41943040 bytes, new threshold 6 (max 6)
- age   1:     278000 bytes,     278000 total
- age   2:       5152 bytes,     283152 total
- age   3:       5264 bytes,     288416 total
- age   4:        408 bytes,     288824 total
- age   5:        592 bytes,     289416 total
- age   6:       4256 bytes,     293672 total
: 656566K->881K(737280K), 0.0061240 secs] 1647556K->991873K(1761280K), 0.0062730 secs] [Times: user=0.04 sys=0.00, real=0.00 secs] 
477.192: [GC477.192: [ParNew
Desired survivor size 41943040 bytes, new threshold 6 (max 6)
- age   1:    1895592 bytes,    1895592 total
- age   2:       4872 bytes,    1900464 total
- age   3:       5080 bytes,    1905544 total
- age   4:       5192 bytes,    1910736 total
- age   5:        408 bytes,    1911144 total
- age   6:        592 bytes,    1911736 total
: 656241K->1979K(737280K), 0.0072580 secs] 1647233K->992976K(1761280K), 0.0074630 secs] [Times: user=0.05 sys=0.00, real=0.01 secs] 
477.453: [GC477.453: [ParNew
Desired survivor size 41943040 bytes, new threshold 6 (max 6)
- age   1:    1568728 bytes,    1568728 total
- age   2:      10336 bytes,    1579064 total
- age   3:       4656 bytes,    1583720 total
- age   4:       4552 bytes,    1588272 total
- age   5:       4856 bytes,    1593128 total
- age   6:        168 bytes,    1593296 total
: 657339K->2384K(737280K), 0.0068770 secs] 1648336K->993381K(1761280K), 0.0070020 secs] [Times: user=0.05 sys=0.00, real=0.01 secs] 
477.714: [GC477.714: [ParNew
Desired survivor size 41943040 bytes, new threshold 6 (max 6)
- age   1:     594848 bytes,     594848 total
- age   2:      16520 bytes,     611368 total
- age   3:      10200 bytes,     621568 total
- age   4:       4584 bytes,     626152 total
- age   5:       4528 bytes,     630680 total
- age   6:       4856 bytes,     635536 total
: 657744K->1533K(737280K), 0.0062340 secs] 1648741K->992531K(1761280K), 0.0063940 secs] [Times: user=0.05 sys=0.00, real=0.01 secs] 
477.964: [GC477.964: [ParNew
Desired survivor size 41943040 bytes, new threshold 6 (max 6)
- age   1:    1365848 bytes,    1365848 total
- age   2:       8192 bytes,    1374040 total
- age   3:      16352 bytes,    1390392 total
- age   4:      10056 bytes,    1400448 total
- age   5:       4512 bytes,    1404960 total
- age   6:       4456 bytes,    1409416 total
: 656893K->1771K(737280K), 0.0071030 secs] 1647891K->992774K(1761280K), 0.0072190 secs] [Times: user=0.04 sys=0.00, real=0.01 secs] 
478.201: [GC478.202: [ParNew
Desired survivor size 41943040 bytes, new threshold 6 (max 6)
- age   1:    1578288 bytes,    1578288 total
- age   2:       5544 bytes,    1583832 total
- age   3:       8024 bytes,    1591856 total
- age   4:      16136 bytes,    1607992 total
- age   5:       9936 bytes,    1617928 total
- age   6:       4488 bytes,    1622416 total
: 657131K->2224K(737280K), 0.0071160 secs] 1648134K->993232K(1761280K), 0.0073110 secs] [Times: user=0.04 sys=0.00, real=0.01 secs] 
478.429: [GC478.429: [ParNew
Desired survivor size 41943040 bytes, new threshold 6 (max 6)
- age   1:    3084240 bytes,    3084240 total
- age   2:     291464 bytes,    3375704 total
- age   3:       5544 bytes,    3381248 total
- age   4:       8024 bytes,    3389272 total
- age   5:      16112 bytes,    3405384 total
- age   6:       9936 bytes,    3415320 total
: 657584K->4083K(737280K), 0.0083800 secs] 1648592K->995096K(1761280K), 0.0085640 secs] [Times: user=0.06 sys=0.00, real=0.00 secs] 
478.658: [GC478.658: [ParNew
Desired survivor size 41943040 bytes, new threshold 6 (max 6)
- age   1:    1014312 bytes,    1014312 total
- age   2:        560 bytes,    1014872 total
- age   3:       4840 bytes,    1019712 total
- age   4:       5088 bytes,    1024800 total
- age   5:       7544 bytes,    1032344 total
- age   6:      15944 bytes,    1048288 total
: 659443K->2872K(737280K), 0.0067130 secs] 1650456K->993895K(1761280K), 0.0068910 secs] [Times: user=0.05 sys=0.00, real=0.01 secs] 
478.883: [GC478.884: [ParNew
Desired survivor size 41943040 bytes, new threshold 6 (max 6)
- age   1:     915832 bytes,     915832 total
- age   2:       7584 bytes,     923416 total
- age   3:        536 bytes,     923952 total
- age   4:       4744 bytes,     928696 total
- age   5:       4968 bytes,     933664 total
- age   6:       7352 bytes,     941016 total
: 658232K->1461K(737280K), 0.0075300 secs] 1649255K->992499K(1761280K), 0.0077250 secs] [Times: user=0.05 sys=0.00, real=0.01 secs] 
479.130: [GC479.130: [ParNew
Desired survivor size 41943040 bytes, new threshold 6 (max 6)
- age   1:    1050408 bytes,    1050408 total
- age   2:       4528 bytes,    1054936 total
- age   3:       7416 bytes,    1062352 total
- age   4:        512 bytes,    1062864 total
- age   5:       4720 bytes,    1067584 total
- age   6:       4968 bytes,    1072552 total
: 656821K->1515K(737280K), 0.0066210 secs] 1647859K->992561K(1761280K), 0.0068170 secs] [Times: user=0.04 sys=0.00, real=0.00 secs] 
479.367: [GC479.367: [ParNew
Desired survivor size 41943040 bytes, new threshold 6 (max 6)
- age   1:    1724592 bytes,    1724592 total
- age   2:      16336 bytes,    1740928 total
- age   3:       4456 bytes,    1745384 total
- age   4:       7392 bytes,    1752776 total
- age   5:        464 bytes,    1753240 total
- age   6:       4720 bytes,    1757960 total
: 656875K->2037K(737280K), 0.0073250 secs] 1647921K->993089K(1761280K), 0.0075040 secs] [Times: user=0.05 sys=0.00, real=0.01 secs] 
479.610: [GC479.610: [ParNew
Desired survivor size 41943040 bytes, new threshold 6 (max 6)
- age   1:     707472 bytes,     707472 total
- age   2:       1808 bytes,     709280 total
- age   3:      16336 bytes,     725616 total
- age   4:       4456 bytes,     730072 total
- age   5:       7368 bytes,     737440 total
- age   6:        464 bytes,     737904 total
: 657397K->1542K(737280K), 0.0059650 secs] 1648449K->992599K(1761280K), 0.0061040 secs] [Times: user=0.04 sys=0.00, real=0.00 secs] 
479.835: [GC479.835: [ParNew
Desired survivor size 41943040 bytes, new threshold 6 (max 6)
- age   1:    1326216 bytes,    1326216 total
- age   2:       2728 bytes,    1328944 total
- age   3:       1760 bytes,    1330704 total
- age   4:      16312 bytes,    1347016 total
- age   5:       4456 bytes,    1351472 total
- age   6:       7368 bytes,    1358840 total
: 656902K->1721K(737280K), 0.0068510 secs] 1647959K->992779K(1761280K), 0.0070450 secs] [Times: user=0.04 sys=0.00, real=0.01 secs] 
480.067: [GC480.067: [ParNew
Desired survivor size 41943040 bytes, new threshold 6 (max 6)
- age   1:    1710072 bytes,    1710072 total
- age   2:       4464 bytes,    1714536 total
- age   3:       2464 bytes,    1717000 total
- age   4:       1688 bytes,    1718688 total
- age   5:      16288 bytes,    1734976 total
- age   6:       4456 bytes,    1739432 total
: 657081K->2173K(737280K), 0.0073740 secs] 1648139K->993238K(1761280K), 0.0075860 secs] [Times: user=0.05 sys=0.00, real=0.01 secs] 
480.299: [GC480.299: [ParNew
Desired survivor size 41943040 bytes, new threshold 6 (max 6)
- age   1:    1850064 bytes,    1850064 total
- age   2:       1280 bytes,    1851344 total
- age   3:       4320 bytes,    1855664 total
- age   4:       2296 bytes,    1857960 total
- age   5:       1592 bytes,    1859552 total
- age   6:      16264 bytes,    1875816 total
: 657533K->2932K(737280K), 0.0072380 secs] 1648598K->994001K(1761280K), 0.0074010 secs] [Times: user=0.05 sys=0.00, real=0.00 secs] 
480.519: [GC480.520: [ParNew
Desired survivor size 41943040 bytes, new threshold 6 (max 6)
- age   1:    1299440 bytes,    1299440 total
- age   2:       6864 bytes,    1306304 total
- age   3:       1184 bytes,    1307488 total
- age   4:       4072 bytes,    1311560 total
- age   5:       2080 bytes,    1313640 total
- age   6:       1280 bytes,    1314920 total
: 658292K->1764K(737280K), 0.0070100 secs] 1649361K->992851K(1761280K), 0.0071530 secs] [Times: user=0.04 sys=0.00, real=0.00 secs] 
480.752: [GC480.752: [ParNew
Desired survivor size 41943040 bytes, new threshold 6 (max 6)
- age   1:    1579048 bytes,    1579048 total
- age   2:       7504 bytes,    1586552 total
- age   3:       6864 bytes,    1593416 total
- age   4:       1184 bytes,    1594600 total
- age   5:       4072 bytes,    1598672 total
- age   6:       2056 bytes,    1600728 total
: 657124K->2282K(737280K), 0.0069200 secs] 1648211K->993370K(1761280K), 0.0070490 secs] [Times: user=0.05 sys=0.00, real=0.01 secs] 
480.989: [GC480.989: [ParNew
Desired survivor size 41943040 bytes, new threshold 6 (max 6)
- age   1:    1242512 bytes,    1242512 total
- age   2:       1944 bytes,    1244456 total
- age   3:       7456 bytes,    1251912 total
- age   4:       6864 bytes,    1258776 total
- age   5:       1184 bytes,    1259960 total
- age   6:       4072 bytes,    1264032 total
: 657642K->2094K(737280K), 0.0068050 secs] 1648730K->993185K(1761280K), 0.0069510 secs] [Times: user=0.05 sys=0.00, real=0.00 secs] 
481.232: [GC481.232: [ParNew
Desired survivor size 41943040 bytes, new threshold 6 (max 6)
- age   1:     554168 bytes,     554168 total
- age   2:       1544 bytes,     555712 total
- age   3:       1920 bytes,     557632 total
- age   4:       7456 bytes,     565088 total
- age   5:       6864 bytes,     571952 total
- age   6:       1184 bytes,     573136 total
: 657454K->1054K(737280K), 0.0066700 secs] 1648545K->992150K(1761280K), 0.0068460 secs] [Times: user=0.05 sys=0.00, real=0.01 secs] 
481.456: [GC481.456: [ParNew
Desired survivor size 41943040 bytes, new threshold 6 (max 6)
- age   1:     215328 bytes,     215328 total
- age   2:      15664 bytes,     230992 total
- age   3:       1160 bytes,     232152 total
- age   4:       1656 bytes,     233808 total
- age   5:       7192 bytes,     241000 total
- age   6:       6528 bytes,     247528 total
: 656414K->578K(737280K), 0.0059180 secs] 1647510K->991675K(1761280K), 0.0060680 secs] [Times: user=0.04 sys=0.00, real=0.01 secs] 
481.678: [GC481.678: [ParNew
Desired survivor size 41943040 bytes, new threshold 6 (max 6)
- age   1:    2057216 bytes,    2057216 total
- age   2:       5384 bytes,    2062600 total
- age   3:      15608 bytes,    2078208 total
- age   4:       1160 bytes,    2079368 total
- age   5:       1632 bytes,    2081000 total
- age   6:       7192 bytes,    2088192 total
: 655938K->2178K(737280K), 0.0073120 secs] 1647035K->993281K(1761280K), 0.0074730 secs] [Times: user=0.05 sys=0.00, real=0.01 secs] 
481.912: [GC481.912: [ParNew
Desired survivor size 41943040 bytes, new threshold 6 (max 6)
- age   1:    1592008 bytes,    1592008 total
- age   2:       1312 bytes,    1593320 total
- age   3:       5360 bytes,    1598680 total
- age   4:      15536 bytes,    1614216 total
- age   5:       1064 bytes,    1615280 total
- age   6:       1560 bytes,    1616840 total
: 657538K->2367K(737280K), 0.0066700 secs] 1648641K->993478K(1761280K), 0.0067980 secs] [Times: user=0.04 sys=0.00, real=0.01 secs] 
482.144: [GC482.144: [ParNew
Desired survivor size 41943040 bytes, new threshold 6 (max 6)
- age   1:     837112 bytes,     837112 total
- age   2:       2672 bytes,     839784 total
- age   3:       1288 bytes,     841072 total
- age   4:       5360 bytes,     846432 total
- age   5:      15536 bytes,     861968 total
- age   6:       1064 bytes,     863032 total
: 657727K->1776K(737280K), 0.0071860 secs] 1648838K->992888K(1761280K), 0.0073640 secs] [Times: user=0.04 sys=0.00, real=0.01 secs] 
482.388: [GC482.388: [ParNew
Desired survivor size 41943040 bytes, new threshold 6 (max 6)
- age   1:    1396048 bytes,    1396048 total
- age   2:       3984 bytes,    1400032 total
- age   3:       2336 bytes,    1402368 total
- age   4:       1096 bytes,    1403464 total
- age   5:       5096 bytes,    1408560 total
- age   6:      15224 bytes,    1423784 total
: 657136K->1776K(737280K), 0.0068740 secs] 1648248K->992890K(1761280K), 0.0070070 secs] [Times: user=0.04 sys=0.00, real=0.01 secs] 
482.628: [GC482.628: [ParNew
Desired survivor size 41943040 bytes, new threshold 6 (max 6)
- age   1:    2518448 bytes,    2518448 total
- age   2:       9096 bytes,    2527544 total
- age   3:       3960 bytes,    2531504 total
- age   4:       2336 bytes,    2533840 total
- age   5:       1072 bytes,    2534912 total
- age   6:       5096 bytes,    2540008 total
: 657136K->3051K(737280K), 0.0075560 secs] 1648250K->994180K(1761280K), 0.0077690 secs] [Times: user=0.05 sys=0.01, real=0.01 secs] 
482.852: [GC482.852: [ParNew
Desired survivor size 41943040 bytes, new threshold 6 (max 6)
- age   1:    2418208 bytes,    2418208 total
- age   2:       1744 bytes,    2419952 total
- age   3:       8496 bytes,    2428448 total
- age   4:       3456 bytes,    2431904 total
- age   5:       2024 bytes,    2433928 total
- age   6:        584 bytes,    2434512 total
: 658411K->3789K(737280K), 0.0079160 secs] 1649540K->994923K(1761280K), 0.0080570 secs] [Times: user=0.05 sys=0.00, real=0.01 secs] 
483.080: [GC483.080: [ParNew
Desired survivor size 41943040 bytes, new threshold 6 (max 6)
- age   1:    1883552 bytes,    1883552 total
- age   2:       7408 bytes,    1890960 total
- age   3:       1696 bytes,    1892656 total
- age   4:       8424 bytes,    1901080 total
- age   5:       3384 bytes,    1904464 total
- age   6:       2000 bytes,    1906464 total
: 659149K->2615K(737280K), 0.0068200 secs] 1650283K->993750K(1761280K), 0.0069700 secs] [Times: user=0.05 sys=0.00, real=0.00 secs] 
483.313: [GC483.314: [ParNew
Desired survivor size 41943040 bytes, new threshold 6 (max 6)
- age   1:    1333752 bytes,    1333752 total
- age   2:     334808 bytes,    1668560 total
- age   3:       7336 bytes,    1675896 total
- age   4:       1552 bytes,    1677448 total
- age   5:       8376 bytes,    1685824 total
- age   6:       3360 bytes,    1689184 total
: 657975K->2719K(737280K), 0.0069530 secs] 1649110K->993856K(1761280K), 0.0071050 secs] [Times: user=0.05 sys=0.00, real=0.01 secs] 
483.542: [CMS-concurrent-mark: 7.748/8.044 secs] [Times: user=60.33 sys=1.13, real=8.04 secs] 
483.544: [GC483.544: [ParNew
Desired survivor size 41943040 bytes, new threshold 6 (max 6)
- age   1:    1693504 bytes,    1693504 total
- age   2:       9016 bytes,    1702520 total
- age   3:       8216 bytes,    1710736 total
- age   4:       7264 bytes,    1718000 total
- age   5:       1552 bytes,    1719552 total
- age   6:       8352 bytes,    1727904 total
: 658079K->2380K(737280K), 0.0071440 secs] 1649216K->993522K(1761280K), 0.0072960 secs] [Times: user=0.04 sys=0.01, real=0.01 secs] 
483.551: [CMS-concurrent-preclean-start]
483.569: [CMS-concurrent-preclean: 0.017/0.018 secs] [Times: user=0.14 sys=0.01, real=0.01 secs] 
483.569: [CMS-concurrent-abortable-preclean-start]
483.679: [CMS-concurrent-abortable-preclean: 0.109/0.110 secs] [Times: user=0.84 sys=0.01, real=0.11 secs] 
483.681: [GC[YG occupancy: 371397 K (737280 K)]483.681: [Rescan (parallel) , 0.0644200 secs]483.745: [weak refs processing, 0.0001240 secs]483.745: [scrub string table, 0.0010050 secs] [1 CMS-remark: 991141K(1024000K)] 1362538K(1761280K), 0.0656810 secs] [Times: user=0.50 sys=0.01, real=0.06 secs] 
483.747: [CMS-concurrent-sweep-start]
483.855: [GC483.855: [ParNew
Desired survivor size 41943040 bytes, new threshold 6 (max 6)
- age   1:    1026136 bytes,    1026136 total
- age   2:       4896 bytes,    1031032 total
- age   3:       8800 bytes,    1039832 total
- age   4:       8048 bytes,    1047880 total
- age   5:       7120 bytes,    1055000 total
- age   6:       1504 bytes,    1056504 total
: 657740K->2123K(737280K), 0.0070610 secs] 1648881K->993272K(1761280K), 0.0072090 secs] [Times: user=0.05 sys=0.00, real=0.01 secs] 
484.105: [GC484.105: [ParNew
Desired survivor size 41943040 bytes, new threshold 6 (max 6)
- age   1:    1967136 bytes,    1967136 total
- age   2:       9032 bytes,    1976168 total
- age   3:       4848 bytes,    1981016 total
- age   4:       8776 bytes,    1989792 total
- age   5:       8024 bytes,    1997816 total
- age   6:       7096 bytes,    2004912 total
: 657483K->2333K(737280K), 0.0071870 secs] 1648632K->993484K(1761280K), 0.0073490 secs] [Times: user=0.04 sys=0.00, real=0.01 secs] 
484.353: [GC484.353: [ParNew
Desired survivor size 41943040 bytes, new threshold 6 (max 6)
- age   1:     987048 bytes,     987048 total
- age   2:       2488 bytes,     989536 total
- age   3:       8912 bytes,     998448 total
- age   4:       4776 bytes,    1003224 total
- age   5:       8776 bytes,    1012000 total
- age   6:       8024 bytes,    1020024 total
: 657693K->1671K(737280K), 0.0066980 secs] 1648844K->992830K(1761280K), 0.0068460 secs] [Times: user=0.05 sys=0.00, real=0.01 secs] 
484.597: [GC484.597: [ParNew
Desired survivor size 41943040 bytes, new threshold 6 (max 6)
- age   1:    1897984 bytes,    1897984 total
- age   2:       2128 bytes,    1900112 total
- age   3:       2344 bytes,    1902456 total
- age   4:       8816 bytes,    1911272 total
- age   5:       4728 bytes,    1916000 total
- age   6:       8776 bytes,    1924776 total
: 657031K->2176K(737280K), 0.0073350 secs] 1648190K->993343K(1761280K), 0.0075250 secs] [Times: user=0.05 sys=0.00, real=0.01 secs] 
484.829: [GC484.829: [ParNew
Desired survivor size 41943040 bytes, new threshold 6 (max 6)
- age   1:    3201872 bytes,    3201872 total
- age   2:       7768 bytes,    3209640 total
- age   3:       2128 bytes,    3211768 total
- age   4:       2344 bytes,    3214112 total
- age   5:       8816 bytes,    3222928 total
- age   6:       4696 bytes,    3227624 total
: 657536K->4019K(737280K), 0.0082570 secs] 1648703K->995194K(1761280K), 0.0084200 secs] [Times: user=0.06 sys=0.00, real=0.01 secs] 
485.076: [GC485.076: [ParNew
Desired survivor size 41943040 bytes, new threshold 6 (max 6)
- age   1:    2163928 bytes,    2163928 total
- age   2:        600 bytes,    2164528 total
- age   3:       7672 bytes,    2172200 total
- age   4:       1840 bytes,    2174040 total
- age   5:       2128 bytes,    2176168 total
- age   6:       8624 bytes,    2184792 total
: 659379K->3457K(737280K), 0.0070570 secs] 1650426K->994510K(1761280K), 0.0072100 secs] [Times: user=0.05 sys=0.00, real=0.01 secs] 
485.085: [CMS-concurrent-sweep: 1.284/1.338 secs] [Times: user=9.95 sys=0.19, real=1.34 secs] 
485.085: [CMS-concurrent-reset-start]
485.112: [CMS-concurrent-reset: 0.028/0.028 secs] [Times: user=0.20 sys=0.01, real=0.03 secs] 
485.305: [GC485.305: [ParNew
Desired survivor size 41943040 bytes, new threshold 6 (max 6)
- age   1:     695992 bytes,     695992 total
- age   2:       4608 bytes,     700600 total
- age   3:        600 bytes,     701200 total
- age   4:       7648 bytes,     708848 total
- age   5:       1840 bytes,     710688 total
- age   6:       2128 bytes,     712816 total
: 658817K->2291K(737280K), 0.0064320 secs] 1649849K->993332K(1761280K), 0.0065690 secs] [Times: user=0.04 sys=0.00, real=0.01 secs] 
485.318: [GC [1 CMS-initial-mark: 991040K(1024000K)] 1017414K(1761280K), 0.0184920 secs] [Times: user=0.02 sys=0.01, real=0.02 secs] 
485.337: [CMS-concurrent-mark-start]
485.566: [GC485.566: [ParNew
Desired survivor size 41943040 bytes, new threshold 6 (max 6)
- age   1:    2225320 bytes,    2225320 total
- age   2:       7928 bytes,    2233248 total
- age   3:       4296 bytes,    2237544 total
- age   4:        384 bytes,    2237928 total
- age   5:       7360 bytes,    2245288 total
- age   6:       1456 bytes,    2246744 total
: 657651K->2427K(737280K), 0.0072670 secs] 1648692K->993471K(1761280K), 0.0074620 secs] [Times: user=0.05 sys=0.00, real=0.01 secs] 
485.795: [GC485.795: [ParNew
Desired survivor size 41943040 bytes, new threshold 6 (max 6)
- age   1:    1183112 bytes,    1183112 total
- age   2:       1952 bytes,    1185064 total
- age   3:       7760 bytes,    1192824 total
- age   4:       4104 bytes,    1196928 total
- age   5:        264 bytes,    1197192 total
- age   6:       7264 bytes,    1204456 total
: 657787K->2061K(737280K), 0.0075320 secs] 1648831K->993106K(1761280K), 0.0076920 secs] [Times: user=0.04 sys=0.00, real=0.01 secs] 
486.032: [GC486.032: [ParNew
Desired survivor size 41943040 bytes, new threshold 6 (max 6)
- age   1:    1003576 bytes,    1003576 total
- age   2:       4560 bytes,    1008136 total
- age   3:       1856 bytes,    1009992 total
- age   4:       7568 bytes,    1017560 total
- age   5:       4080 bytes,    1021640 total
- age   6:        264 bytes,    1021904 total
: 657421K->1573K(737280K), 0.0065320 secs] 1648466K->992626K(1761280K), 0.0067080 secs] [Times: user=0.04 sys=0.00, real=0.00 secs] 
486.257: [GC486.258: [ParNew
Desired survivor size 41943040 bytes, new threshold 6 (max 6)
- age   1:    1565688 bytes,    1565688 total
- age   2:       3984 bytes,    1569672 total
- age   3:       4392 bytes,    1574064 total
- age   4:       1760 bytes,    1575824 total
- age   5:       7448 bytes,    1583272 total
- age   6:       4008 bytes,    1587280 total
: 656933K->1946K(737280K), 0.0069500 secs] 1647986K->992999K(1761280K), 0.0070840 secs] [Times: user=0.05 sys=0.00, real=0.01 secs] 
486.526: [GC486.526: [ParNew
Desired survivor size 41943040 bytes, new threshold 6 (max 6)
- age   1:     515736 bytes,     515736 total
- age   2:        680 bytes,     516416 total
- age   3:       3864 bytes,     520280 total
- age   4:       4296 bytes,     524576 total
- age   5:       1544 bytes,     526120 total
- age   6:       7376 bytes,     533496 total
: 657306K->1405K(737280K), 0.0062650 secs] 1648359K->992463K(1761280K), 0.0064190 secs] [Times: user=0.05 sys=0.00, real=0.01 secs] 
486.762: [GC486.762: [ParNew
Desired survivor size 41943040 bytes, new threshold 6 (max 6)
- age   1:    1217584 bytes,    1217584 total
- age   2:       6224 bytes,    1223808 total
- age   3:        488 bytes,    1224296 total
- age   4:       3696 bytes,    1227992 total
- age   5:       4224 bytes,    1232216 total
- age   6:       1520 bytes,    1233736 total
: 656765K->1385K(737280K), 0.0066260 secs] 1647823K->992449K(1761280K), 0.0068010 secs] [Times: user=0.05 sys=0.00, real=0.00 secs] 
487.027: [GC487.027: [ParNew
Desired survivor size 41943040 bytes, new threshold 6 (max 6)
- age   1:    1165216 bytes,    1165216 total
- age   2:       1784 bytes,    1167000 total
- age   3:       6120 bytes,    1173120 total
- age   4:        488 bytes,    1173608 total
- age   5:       3696 bytes,    1177304 total
- age   6:       4224 bytes,    1181528 total
: 656745K->1664K(737280K), 0.0076450 secs] 1647809K->992730K(1761280K), 0.0077950 secs] [Times: user=0.04 sys=0.00, real=0.01 secs] 
487.281: [GC487.281: [ParNew
Desired survivor size 41943040 bytes, new threshold 6 (max 6)
- age   1:     622248 bytes,     622248 total
- age   2:       1888 bytes,     624136 total
- age   3:       1616 bytes,     625752 total
- age   4:       6024 bytes,     631776 total
- age   5:        488 bytes,     632264 total
- age   6:       3696 bytes,     635960 total
: 657024K->1401K(737280K), 0.0065860 secs] 1648090K->992473K(1761280K), 0.0067060 secs] [Times: user=0.03 sys=0.00, real=0.00 secs] 
487.531: [GC487.531: [ParNew
Desired survivor size 41943040 bytes, new threshold 6 (max 6)
- age   1:     597728 bytes,     597728 total
- age   2:       8408 bytes,     606136 total
- age   3:       1712 bytes,     607848 total
- age   4:       1592 bytes,     609440 total
- age   5:       5928 bytes,     615368 total
- age   6:        488 bytes,     615856 total
: 656761K->898K(737280K), 0.0060830 secs] 1647833K->991973K(1761280K), 0.0062670 secs] [Times: user=0.04 sys=0.00, real=0.00 secs] 
487.778: [GC487.778: [ParNew
Desired survivor size 41943040 bytes, new threshold 6 (max 6)
- age   1:    1102528 bytes,    1102528 total
- age   2:       3728 bytes,    1106256 total
- age   3:       8208 bytes,    1114464 total
- age   4:       1664 bytes,    1116128 total
- age   5:       1472 bytes,    1117600 total
- age   6:       5904 bytes,    1123504 total
: 656258K->1376K(737280K), 0.0064700 secs] 1647333K->992451K(1761280K), 0.0066370 secs] [Times: user=0.04 sys=0.00, real=0.01 secs] 
488.022: [GC488.022: [ParNew
Desired survivor size 41943040 bytes, new threshold 6 (max 6)
- age   1:    1411136 bytes,    1411136 total
- age   2:       1320 bytes,    1412456 total
- age   3:       3584 bytes,    1416040 total
- age   4:       8184 bytes,    1424224 total
- age   5:       1664 bytes,    1425888 total
- age   6:       1472 bytes,    1427360 total
: 656736K->1814K(737280K), 0.0074110 secs] 1647811K->992896K(1761280K), 0.0075610 secs] [Times: user=0.04 sys=0.01, real=0.01 secs] 
488.250: [GC488.250: [ParNew
Desired survivor size 41943040 bytes, new threshold 6 (max 6)
- age   1:     733032 bytes,     733032 total
- age   2:       4736 bytes,     737768 total
- age   3:        984 bytes,     738752 total
- age   4:       3392 bytes,     742144 total
- age   5:       8064 bytes,     750208 total
- age   6:       1472 bytes,     751680 total
: 657174K->1287K(737280K), 0.0061690 secs] 1648256K->992370K(1761280K), 0.0064160 secs] [Times: user=0.05 sys=0.00, real=0.00 secs] 
488.488: [GC488.488: [ParNew
Desired survivor size 41943040 bytes, new threshold 6 (max 6)
- age   1:    2281200 bytes,    2281200 total
- age   2:       1688 bytes,    2282888 total
- age   3:       4472 bytes,    2287360 total
- age   4:        600 bytes,    2287960 total
- age   5:       3032 bytes,    2290992 total
- age   6:       7992 bytes,    2298984 total
: 656647K->2537K(737280K), 0.0077890 secs] 1647730K->993623K(1761280K), 0.0079860 secs] [Times: user=0.05 sys=0.00, real=0.01 secs] 
488.705: [GC488.705: [ParNew
Desired survivor size 41943040 bytes, new threshold 6 (max 6)
- age   1:    1395552 bytes,    1395552 total
- age   2:       6288 bytes,    1401840 total
- age   3:       1688 bytes,    1403528 total
- age   4:       4472 bytes,    1408000 total
- age   5:        576 bytes,    1408576 total
- age   6:       3032 bytes,    1411608 total
: 657897K->2062K(737280K), 0.0067500 secs] 1648983K->993155K(1761280K), 0.0069150 secs] [Times: user=0.04 sys=0.00, real=0.01 secs] 
488.949: [GC488.949: [ParNew
Desired survivor size 41943040 bytes, new threshold 6 (max 6)
- age   1:     683424 bytes,     683424 total
- age   2:        920 bytes,     684344 total
- age   3:       6024 bytes,     690368 total
- age   4:       1592 bytes,     691960 total
- age   5:       4472 bytes,     696432 total
- age   6:        576 bytes,     697008 total
: 657422K->1678K(737280K), 0.0080430 secs] 1648515K->992775K(1761280K), 0.0081970 secs] [Times: user=0.04 sys=0.00, real=0.01 secs] 
489.184: [GC489.184: [ParNew
Desired survivor size 41943040 bytes, new threshold 6 (max 6)
- age   1:    1585712 bytes,    1585712 total
- age   2:      11168 bytes,    1596880 total
- age   3:        888 bytes,    1597768 total
- age   4:       6024 bytes,    1603792 total
- age   5:       1592 bytes,    1605384 total
- age   6:       4472 bytes,    1609856 total
: 657038K->1884K(737280K), 0.0070380 secs] 1648135K->992982K(1761280K), 0.0072160 secs] [Times: user=0.05 sys=0.00, real=0.01 secs] 
489.424: [GC489.425: [ParNew
Desired survivor size 41943040 bytes, new threshold 6 (max 6)
- age   1:     258360 bytes,     258360 total
- age   2:       1968 bytes,     260328 total
- age   3:      11048 bytes,     271376 total
- age   4:        792 bytes,     272168 total
- age   5:       5784 bytes,     277952 total
- age   6:       1208 bytes,     279160 total
: 657244K->1336K(737280K), 0.0063940 secs] 1648342K->992438K(1761280K), 0.0065740 secs] [Times: user=0.04 sys=0.00, real=0.01 secs] 
489.665: [GC489.665: [ParNew
Desired survivor size 41943040 bytes, new threshold 6 (max 6)
- age   1:    1334352 bytes,    1334352 total
- age   2:      21712 bytes,    1356064 total
- age   3:       1968 bytes,    1358032 total
- age   4:      11048 bytes,    1369080 total
- age   5:        768 bytes,    1369848 total
- age   6:       5760 bytes,    1375608 total
: 656696K->1558K(737280K), 0.0069660 secs] 1647798K->992662K(1761280K), 0.0071370 secs] [Times: user=0.05 sys=0.00, real=0.01 secs] 
489.911: [GC489.911: [ParNew
Desired survivor size 41943040 bytes, new threshold 6 (max 6)
- age   1:     343520 bytes,     343520 total
- age   2:       2056 bytes,     345576 total
- age   3:      21688 bytes,     367264 total
- age   4:       1968 bytes,     369232 total
- age   5:      11048 bytes,     380280 total
- age   6:        768 bytes,     381048 total
: 656918K->1108K(737280K), 0.0061120 secs] 1648022K->992218K(1761280K), 0.0062960 secs] [Times: user=0.04 sys=0.00, real=0.00 secs] 
490.137: [GC490.137: [ParNew
Desired survivor size 41943040 bytes, new threshold 6 (max 6)
- age   1:    1784552 bytes,    1784552 total
- age   2:        888 bytes,    1785440 total
- age   3:       1824 bytes,    1787264 total
- age   4:      21496 bytes,    1808760 total
- age   5:       1800 bytes,    1810560 total
- age   6:      11000 bytes,    1821560 total
: 656468K->1942K(737280K), 0.0072050 secs] 1647578K->993054K(1761280K), 0.0073530 secs] [Times: user=0.04 sys=0.00, real=0.01 secs] 
490.413: [GC490.413: [ParNew
Desired survivor size 41943040 bytes, new threshold 6 (max 6)
- age   1:    1365768 bytes,    1365768 total
- age   2:       1600 bytes,    1367368 total
- age   3:        888 bytes,    1368256 total
- age   4:       1824 bytes,    1370080 total
- age   5:      21496 bytes,    1391576 total
- age   6:       1800 bytes,    1393376 total
: 657302K->2139K(737280K), 0.0069490 secs] 1648414K->993262K(1761280K), 0.0071500 secs] [Times: user=0.05 sys=0.00, real=0.00 secs] 
490.648: [GC490.648: [ParNew
Desired survivor size 41943040 bytes, new threshold 6 (max 6)
- age   1:    1657592 bytes,    1657592 total
- age   2:       1424 bytes,    1659016 total
- age   3:       1528 bytes,    1660544 total
- age   4:        696 bytes,    1661240 total
- age   5:       1656 bytes,    1662896 total
- age   6:      21472 bytes,    1684368 total
: 657499K->2410K(737280K), 0.0069020 secs] 1648622K->993535K(1761280K), 0.0070490 secs] [Times: user=0.05 sys=0.00, real=0.01 secs] 
490.897: [GC490.897: [ParNew
Desired survivor size 41943040 bytes, new threshold 6 (max 6)
- age   1:     513792 bytes,     513792 total
- age   2:       4392 bytes,     518184 total
- age   3:       1112 bytes,     519296 total
- age   4:       1432 bytes,     520728 total
- age   5:        456 bytes,     521184 total
- age   6:       1488 bytes,     522672 total
: 657770K->1972K(737280K), 0.0074530 secs] 1648895K->993119K(1761280K), 0.0076250 secs] [Times: user=0.05 sys=0.00, real=0.01 secs] 
491.140: [GC491.140: [ParNew
Desired survivor size 41943040 bytes, new threshold 6 (max 6)
- age   1:    1362296 bytes,    1362296 total
- age   2:       4712 bytes,    1367008 total
- age   3:       4392 bytes,    1371400 total
- age   4:       1112 bytes,    1372512 total
- age   5:       1432 bytes,    1373944 total
- age   6:        456 bytes,    1374400 total
: 657332K->1566K(737280K), 0.0068130 secs] 1648479K->992715K(1761280K), 0.0069610 secs] [Times: user=0.04 sys=0.00, real=0.01 secs] 
491.380: [GC491.380: [ParNew
Desired survivor size 41943040 bytes, new threshold 6 (max 6)
- age   1:     634680 bytes,     634680 total
- age   2:     211184 bytes,     845864 total
- age   3:       4712 bytes,     850576 total
- age   4:       4392 bytes,     854968 total
- age   5:       1112 bytes,     856080 total
- age   6:       1432 bytes,     857512 total
: 656926K->1421K(737280K), 0.0062870 secs] 1648075K->992570K(1761280K), 0.0064250 secs] [Times: user=0.05 sys=0.00, real=0.00 secs] 
491.637: [GC491.637: [ParNew
Desired survivor size 41943040 bytes, new threshold 6 (max 6)
- age   1:     398024 bytes,     398024 total
- age   2:       8240 bytes,     406264 total
- age   3:       1728 bytes,     407992 total
- age   4:       4688 bytes,     412680 total
- age   5:       4344 bytes,     417024 total
- age   6:       1112 bytes,     418136 total
: 656781K->673K(737280K), 0.0064920 secs] 1647930K->991824K(1761280K), 0.0066630 secs] [Times: user=0.04 sys=0.00, real=0.01 secs] 
491.863: [GC491.863: [ParNew
Desired survivor size 41943040 bytes, new threshold 6 (max 6)
- age   1:     929032 bytes,     929032 total
- age   2:       1352 bytes,     930384 total
- age   3:       8024 bytes,     938408 total
- age   4:       1512 bytes,     939920 total
- age   5:       4328 bytes,     944248 total
- age   6:       3832 bytes,     948080 total
: 656033K->1082K(737280K), 0.0062580 secs] 1647184K->992234K(1761280K), 0.0063860 secs] [Times: user=0.04 sys=0.00, real=0.00 secs] 
492.090: [GC492.090: [ParNew
Desired survivor size 41943040 bytes, new threshold 6 (max 6)
- age   1:    1590504 bytes,    1590504 total
- age   2:       4224 bytes,    1594728 total
- age   3:       1280 bytes,    1596008 total
- age   4:       7904 bytes,    1603912 total
- age   5:       1464 bytes,    1605376 total
- age   6:       4304 bytes,    1609680 total
: 656442K->1919K(737280K), 0.0077200 secs] 1647594K->993075K(1761280K), 0.0079020 secs] [Times: user=0.04 sys=0.00, real=0.01 secs] 
492.587: [GC492.587: [ParNew
Desired survivor size 41943040 bytes, new threshold 6 (max 6)
- age   1:    1122968 bytes,    1122968 total
- age   2:       1168 bytes,    1124136 total
- age   3:       3976 bytes,    1128112 total
- age   4:        992 bytes,    1129104 total
- age   5:       7616 bytes,    1136720 total
- age   6:       1344 bytes,    1138064 total
: 657279K->1899K(737280K), 0.0094880 secs] 1648435K->993059K(1761280K), 0.0096080 secs] [Times: user=0.05 sys=0.01, real=0.01 secs] 
492.858: [GC492.858: [ParNew
Desired survivor size 41943040 bytes, new threshold 6 (max 6)
- age   1:    2351024 bytes,    2351024 total
- age   2:     446088 bytes,    2797112 total
- age   3:       1168 bytes,    2798280 total
- age   4:       3976 bytes,    2802256 total
- age   5:        968 bytes,    2803224 total
- age   6:       7616 bytes,    2810840 total
: 657259K->3048K(737280K), 0.0077820 secs] 1648419K->994210K(1761280K), 0.0079560 secs] [Times: user=0.06 sys=0.00, real=0.01 secs] 
492.937: [CMS-concurrent-mark: 7.311/7.600 secs] [Times: user=54.27 sys=0.99, real=7.60 secs] 
492.937: [CMS-concurrent-preclean-start]
492.953: [CMS-concurrent-preclean: 0.015/0.016 secs] [Times: user=0.13 sys=0.00, real=0.02 secs] 
492.953: [CMS-concurrent-abortable-preclean-start]
493.100: [GC493.100: [ParNew
Desired survivor size 41943040 bytes, new threshold 6 (max 6)
- age   1:     356736 bytes,     356736 total
- age   2:        824 bytes,     357560 total
- age   3:       1984 bytes,     359544 total
- age   4:       1120 bytes,     360664 total
- age   5:       3832 bytes,     364496 total
- age   6:        896 bytes,     365392 total
: 658408K->2249K(737280K), 0.0063240 secs] 1649570K->993419K(1761280K), 0.0064740 secs] [Times: user=0.04 sys=0.00, real=0.01 secs] 
493.320: [CMS-concurrent-abortable-preclean: 0.235/0.367 secs] [Times: user=2.75 sys=0.05, real=0.36 secs] 
493.323: [GC[YG occupancy: 621157 K (737280 K)]493.323: [Rescan (parallel) , 0.2568360 secs]493.580: [weak refs processing, 0.0000300 secs]493.580: [scrub string table, 0.0009920 secs] [1 CMS-remark: 991169K(1024000K)] 1612327K(1761280K), 0.2579990 secs] [Times: user=1.92 sys=0.01, real=0.26 secs] 
493.581: [CMS-concurrent-sweep-start]
493.599: [GC493.599: [ParNew
Desired survivor size 41943040 bytes, new threshold 6 (max 6)
- age   1:    1353264 bytes,    1353264 total
- age   2:       2096 bytes,    1355360 total
- age   3:        752 bytes,    1356112 total
- age   4:       1808 bytes,    1357920 total
- age   5:       1048 bytes,    1358968 total
- age   6:       3760 bytes,    1362728 total
: 657609K->1572K(737280K), 0.0065300 secs] 1648779K->992743K(1761280K), 0.0067550 secs] [Times: user=0.04 sys=0.00, real=0.01 secs] 
493.844: [GC493.844: [ParNew
Desired survivor size 41943040 bytes, new threshold 6 (max 6)
- age   1:    1482536 bytes,    1482536 total
- age   2:      11472 bytes,    1494008 total
- age   3:       1904 bytes,    1495912 total
- age   4:        728 bytes,    1496640 total
- age   5:       1808 bytes,    1498448 total
- age   6:       1048 bytes,    1499496 total
: 656932K->2022K(737280K), 0.0067560 secs] 1648101K->993194K(1761280K), 0.0069040 secs] [Times: user=0.04 sys=0.00, real=0.01 secs] 
494.078: [GC494.078: [ParNew
Desired survivor size 41943040 bytes, new threshold 6 (max 6)
- age   1:    3504536 bytes,    3504536 total
- age   2:       6536 bytes,    3511072 total
- age   3:      11472 bytes,    3522544 total
- age   4:       1904 bytes,    3524448 total
- age   5:        728 bytes,    3525176 total
- age   6:       1808 bytes,    3526984 total
: 657382K->3988K(737280K), 0.0088500 secs] 1648554K->995161K(1761280K), 0.0090310 secs] [Times: user=0.07 sys=0.00, real=0.01 secs] 
494.327: [GC494.327: [ParNew
Desired survivor size 41943040 bytes, new threshold 6 (max 6)
- age   1:    1790176 bytes,    1790176 total
- age   2:       2000 bytes,    1792176 total
- age   3:       6296 bytes,    1798472 total
- age   4:      11160 bytes,    1809632 total
- age   5:       1784 bytes,    1811416 total
- age   6:        536 bytes,    1811952 total
: 659348K->2930K(737280K), 0.0070440 secs] 1650521K->994105K(1761280K), 0.0072040 secs] [Times: user=0.05 sys=0.00, real=0.01 secs] 
494.575: [GC494.575: [ParNew
Desired survivor size 41943040 bytes, new threshold 6 (max 6)
- age   1:    1780128 bytes,    1780128 total
- age   2:       1072 bytes,    1781200 total
- age   3:       1856 bytes,    1783056 total
- age   4:       6200 bytes,    1789256 total
- age   5:      11160 bytes,    1800416 total
- age   6:       1664 bytes,    1802080 total
: 658290K->2574K(737280K), 0.0070510 secs] 1649465K->993750K(1761280K), 0.0072060 secs] [Times: user=0.04 sys=0.00, real=0.01 secs] 
494.814: [GC494.814: [ParNew
Desired survivor size 41943040 bytes, new threshold 6 (max 6)
- age   1:    1627768 bytes,    1627768 total
- age   2:       1856 bytes,    1629624 total
- age   3:        976 bytes,    1630600 total
- age   4:       1688 bytes,    1632288 total
- age   5:       6104 bytes,    1638392 total
- age   6:      10960 bytes,    1649352 total
: 657934K->2293K(737280K), 0.0077480 secs] 1649110K->993471K(1761280K), 0.0078680 secs] [Times: user=0.03 sys=0.00, real=0.01 secs] 
494.987: [CMS-concurrent-sweep: 1.351/1.406 secs] [Times: user=10.41 sys=0.21, real=1.40 secs] 
494.987: [CMS-concurrent-reset-start]
495.028: [CMS-concurrent-reset: 0.041/0.041 secs] [Times: user=0.31 sys=0.01, real=0.04 secs] 
495.063: [GC495.063: [ParNew
Desired survivor size 41943040 bytes, new threshold 6 (max 6)
- age   1:     526760 bytes,     526760 total
- age   2:        944 bytes,     527704 total
- age   3:       1496 bytes,     529200 total
- age   4:        760 bytes,     529960 total
- age   5:       1592 bytes,     531552 total
- age   6:       5960 bytes,     537512 total
: 657653K->1666K(737280K), 0.0064010 secs] 1648766K->992790K(1761280K), 0.0065640 secs] [Times: user=0.05 sys=0.00, real=0.00 secs] 
495.074: [GC [1 CMS-initial-mark: 991123K(1024000K)] 1004346K(1761280K), 0.0112880 secs] [Times: user=0.02 sys=0.00, real=0.01 secs] 
495.085: [CMS-concurrent-mark-start]
495.323: [GC495.324: [ParNew
Desired survivor size 41943040 bytes, new threshold 6 (max 6)
- age   1:     644664 bytes,     644664 total
- age   2:       5192 bytes,     649856 total
- age   3:        776 bytes,     650632 total
- age   4:       1352 bytes,     651984 total
- age   5:        736 bytes,     652720 total
- age   6:       1568 bytes,     654288 total
: 657026K->890K(737280K), 0.0062700 secs] 1648150K->992020K(1761280K), 0.0064370 secs] [Times: user=0.04 sys=0.00, real=0.00 secs] 
495.561: [GC495.561: [ParNew
Desired survivor size 41943040 bytes, new threshold 6 (max 6)
- age   1:    1379664 bytes,    1379664 total
- age   2:       8648 bytes,    1388312 total
- age   3:       4952 bytes,    1393264 total
- age   4:        680 bytes,    1393944 total
- age   5:       1256 bytes,    1395200 total
- age   6:        592 bytes,    1395792 total
: 656250K->1771K(737280K), 0.0073630 secs] 1647380K->992903K(1761280K), 0.0074920 secs] [Times: user=0.04 sys=0.00, real=0.00 secs] 
495.803: [GC495.803: [ParNew
Desired survivor size 41943040 bytes, new threshold 6 (max 6)
- age   1:     456200 bytes,     456200 total
- age   2:       5776 bytes,     461976 total
- age   3:       8528 bytes,     470504 total
- age   4:       4856 bytes,     475360 total
- age   5:        632 bytes,     475992 total
- age   6:       1256 bytes,     477248 total
: 657131K->1176K(737280K), 0.0062260 secs] 1648263K->992309K(1761280K), 0.0063940 secs] [Times: user=0.04 sys=0.00, real=0.00 secs] 
496.052: [GC496.052: [ParNew
Desired survivor size 41943040 bytes, new threshold 6 (max 6)
- age   1:     987824 bytes,     987824 total
- age   2:       9208 bytes,     997032 total
- age   3:       5464 bytes,    1002496 total
- age   4:       8240 bytes,    1010736 total
- age   5:       4688 bytes,    1015424 total
- age   6:        608 bytes,    1016032 total
: 656536K->1231K(737280K), 0.0064450 secs] 1647669K->992366K(1761280K), 0.0066340 secs] [Times: user=0.04 sys=0.00, real=0.00 secs] 
496.291: [GC496.291: [ParNew
Desired survivor size 41943040 bytes, new threshold 6 (max 6)
- age   1:    1430160 bytes,    1430160 total
- age   2:      19032 bytes,    1449192 total
- age   3:       9088 bytes,    1458280 total
- age   4:       5392 bytes,    1463672 total
- age   5:       8024 bytes,    1471696 total
- age   6:       4496 bytes,    1476192 total
: 656591K->1799K(737280K), 0.0068210 secs] 1647726K->992934K(1761280K), 0.0070260 secs] [Times: user=0.04 sys=0.00, real=0.00 secs] 
496.539: [GC496.539: [ParNew
Desired survivor size 41943040 bytes, new threshold 6 (max 6)
- age   1:     651472 bytes,     651472 total
- age   2:       2216 bytes,     653688 total
- age   3:      19000 bytes,     672688 total
- age   4:       9088 bytes,     681776 total
- age   5:       5392 bytes,     687168 total
- age   6:       8024 bytes,     695192 total
: 657159K->1454K(737280K), 0.0063230 secs] 1648294K->992594K(1761280K), 0.0064630 secs] [Times: user=0.04 sys=0.01, real=0.01 secs] 
496.782: [GC496.782: [ParNew
Desired survivor size 41943040 bytes, new threshold 6 (max 6)
- age   1:     876904 bytes,     876904 total
- age   2:       2256 bytes,     879160 total
- age   3:       2168 bytes,     881328 total
- age   4:      18856 bytes,     900184 total
- age   5:       8872 bytes,     909056 total
- age   6:       5248 bytes,     914304 total
: 656814K->1227K(737280K), 0.0063200 secs] 1647954K->992376K(1761280K), 0.0064880 secs] [Times: user=0.04 sys=0.01, real=0.00 secs] 
497.041: [GC497.041: [ParNew
Desired survivor size 41943040 bytes, new threshold 6 (max 6)
- age   1:    1716152 bytes,    1716152 total
- age   2:       5392 bytes,    1721544 total
- age   3:       2256 bytes,    1723800 total
- age   4:       2168 bytes,    1725968 total
- age   5:      18856 bytes,    1744824 total
- age   6:       8872 bytes,    1753696 total
: 656587K->2340K(737280K), 0.0072050 secs] 1647736K->993494K(1761280K), 0.0073530 secs] [Times: user=0.05 sys=0.00, real=0.01 secs] 
497.277: [GC497.277: [ParNew
Desired survivor size 41943040 bytes, new threshold 6 (max 6)
- age   1:    2603120 bytes,    2603120 total
- age   2:       2344 bytes,    2605464 total
- age   3:       5224 bytes,    2610688 total
- age   4:       2128 bytes,    2612816 total
- age   5:       2144 bytes,    2614960 total
- age   6:      18856 bytes,    2633816 total
: 657700K->3162K(737280K), 0.0078620 secs] 1648854K->994325K(1761280K), 0.0080660 secs] [Times: user=0.05 sys=0.01, real=0.01 secs] 
497.505: [GC497.506: [ParNew
Desired survivor size 41943040 bytes, new threshold 6 (max 6)
- age   1:    2640944 bytes,    2640944 total
- age   2:       2096 bytes,    2643040 total
- age   3:       2224 bytes,    2645264 total
- age   4:       5080 bytes,    2650344 total
- age   5:       2056 bytes,    2652400 total
- age   6:       2120 bytes,    2654520 total
: 658522K->4026K(737280K), 0.0076500 secs] 1649685K->995208K(1761280K), 0.0078960 secs] [Times: user=0.05 sys=0.01, real=0.01 secs] 
497.732: [GC497.732: [ParNew
Desired survivor size 41943040 bytes, new threshold 6 (max 6)
- age   1:    2773128 bytes,    2773128 total
- age   2:        536 bytes,    2773664 total
- age   3:       1976 bytes,    2775640 total
- age   4:       2104 bytes,    2777744 total
- age   5:       4912 bytes,    2782656 total
- age   6:       1960 bytes,    2784616 total
: 659386K->4094K(737280K), 0.0079110 secs] 1650568K->995278K(1761280K), 0.0080910 secs] [Times: user=0.05 sys=0.00, real=0.00 secs] 
497.995: [GC497.995: [ParNew
Desired survivor size 41943040 bytes, new threshold 6 (max 6)
- age   1:    1513680 bytes,    1513680 total
- age   2:       8632 bytes,    1522312 total
- age   3:        392 bytes,    1522704 total
- age   4:       1712 bytes,    1524416 total
- age   5:       1984 bytes,    1526400 total
- age   6:       4888 bytes,    1531288 total
: 659454K->3003K(737280K), 0.0071920 secs] 1650638K->994189K(1761280K), 0.0073900 secs] [Times: user=0.05 sys=0.00, real=0.01 secs] 
498.250: [GC498.250: [ParNew
Desired survivor size 41943040 bytes, new threshold 6 (max 6)
- age   1:    1750656 bytes,    1750656 total
- age   2:       8992 bytes,    1759648 total
- age   3:       8536 bytes,    1768184 total
- age   4:        368 bytes,    1768552 total
- age   5:       1712 bytes,    1770264 total
- age   6:       1984 bytes,    1772248 total
: 658363K->2302K(737280K), 0.0071780 secs] 1649549K->993494K(1761280K), 0.0073340 secs] [Times: user=0.04 sys=0.01, real=0.01 secs] 
498.490: [GC498.490: [ParNew
Desired survivor size 41943040 bytes, new threshold 6 (max 6)
- age   1:    2458784 bytes,    2458784 total
- age   2:       4240 bytes,    2463024 total
- age   3:       8744 bytes,    2471768 total
- age   4:       8392 bytes,    2480160 total
- age   5:        296 bytes,    2480456 total
- age   6:       1472 bytes,    2481928 total
: 657662K->3210K(737280K), 0.0074420 secs] 1648854K->994405K(1761280K), 0.0076240 secs] [Times: user=0.05 sys=0.00, real=0.01 secs] 
498.721: [GC498.721: [ParNew
Desired survivor size 41943040 bytes, new threshold 6 (max 6)
- age   1:    3144160 bytes,    3144160 total
- age   2:       7768 bytes,    3151928 total
- age   3:       4024 bytes,    3155952 total
- age   4:       8600 bytes,    3164552 total
- age   5:       8368 bytes,    3172920 total
- age   6:        296 bytes,    3173216 total
: 658570K->4160K(737280K), 0.0078200 secs] 1649765K->995357K(1761280K), 0.0079560 secs] [Times: user=0.05 sys=0.00, real=0.01 secs] 
498.967: [GC498.967: [ParNew
Desired survivor size 41943040 bytes, new threshold 6 (max 6)
- age   1:    2397528 bytes,    2397528 total
- age   2:     423848 bytes,    2821376 total
- age   3:       7624 bytes,    2829000 total
- age   4:       4000 bytes,    2833000 total
- age   5:       8528 bytes,    2841528 total
- age   6:       8272 bytes,    2849800 total
: 659520K->3958K(737280K), 0.0075610 secs] 1650717K->995155K(1761280K), 0.0077110 secs] [Times: user=0.05 sys=0.00, real=0.01 secs] 
499.223: [GC499.223: [ParNew
Desired survivor size 41943040 bytes, new threshold 6 (max 6)
- age   1:     765240 bytes,     765240 total
- age   2:       6832 bytes,     772072 total
- age   3:       4392 bytes,     776464 total
- age   4:       7600 bytes,     784064 total
- age   5:       3832 bytes,     787896 total
- age   6:       8408 bytes,     796304 total
: 659318K->3157K(737280K), 0.0069760 secs] 1650515K->994363K(1761280K), 0.0071590 secs] [Times: user=0.04 sys=0.00, real=0.00 secs] 
499.464: [GC499.464: [ParNew
Desired survivor size 41943040 bytes, new threshold 6 (max 6)
- age   1:    2240160 bytes,    2240160 total
- age   2:        808 bytes,    2240968 total
- age   3:       6784 bytes,    2247752 total
- age   4:       4336 bytes,    2252088 total
- age   5:       7456 bytes,    2259544 total
- age   6:       3832 bytes,    2263376 total
: 658517K->2688K(737280K), 0.0075800 secs] 1649723K->993903K(1761280K), 0.0078420 secs] [Times: user=0.05 sys=0.00, real=0.01 secs] 
499.686: [GC499.686: [ParNew
Desired survivor size 41943040 bytes, new threshold 6 (max 6)
- age   1:    3906920 bytes,    3906920 total
- age   2:     287640 bytes,    4194560 total
- age   3:        808 bytes,    4195368 total
- age   4:       6784 bytes,    4202152 total
- age   5:       4312 bytes,    4206464 total
- age   6:       7456 bytes,    4213920 total
: 658048K->5174K(737280K), 0.0092060 secs] 1649263K->996393K(1761280K), 0.0093670 secs] [Times: user=0.07 sys=0.00, real=0.01 secs] 
499.932: [GC499.932: [ParNew
Desired survivor size 41943040 bytes, new threshold 6 (max 6)
- age   1:    1491968 bytes,    1491968 total
- age   2:        544 bytes,    1492512 total
- age   3:       1616 bytes,    1494128 total
- age   4:        760 bytes,    1494888 total
- age   5:       6712 bytes,    1501600 total
- age   6:       4264 bytes,    1505864 total
: 660534K->3556K(737280K), 0.0068710 secs] 1651753K->994783K(1761280K), 0.0070290 secs] [Times: user=0.04 sys=0.00, real=0.00 secs] 
500.162: [GC500.162: [ParNew
Desired survivor size 41943040 bytes, new threshold 6 (max 6)
- age   1:    1929736 bytes,    1929736 total
- age   2:      11520 bytes,    1941256 total
- age   3:        496 bytes,    1941752 total
- age   4:       1568 bytes,    1943320 total
- age   5:        592 bytes,    1943912 total
- age   6:       6688 bytes,    1950600 total
: 658916K->2521K(737280K), 0.0073390 secs] 1650143K->993752K(1761280K), 0.0074770 secs] [Times: user=0.05 sys=0.00, real=0.00 secs] 
500.409: [GC500.410: [ParNew
Desired survivor size 41943040 bytes, new threshold 6 (max 6)
- age   1:     420856 bytes,     420856 total
- age   2:       1584 bytes,     422440 total
- age   3:      11520 bytes,     433960 total
- age   4:        496 bytes,     434456 total
- age   5:       1568 bytes,     436024 total
- age   6:        592 bytes,     436616 total
: 657881K->1788K(737280K), 0.0063030 secs] 1649112K->993026K(1761280K), 0.0064360 secs] [Times: user=0.04 sys=0.00, real=0.01 secs] 
500.647: [GC500.647: [ParNew
Desired survivor size 41943040 bytes, new threshold 6 (max 6)
- age   1:     746344 bytes,     746344 total
- age   2:       1608 bytes,     747952 total
- age   3:       1296 bytes,     749248 total
- age   4:      11280 bytes,     760528 total
- age   5:        424 bytes,     760952 total
- age   6:       1328 bytes,     762280 total
: 657148K->1038K(737280K), 0.0063920 secs] 1648386K->992277K(1761280K), 0.0065300 secs] [Times: user=0.05 sys=0.00, real=0.01 secs] 
500.886: [GC500.886: [ParNew
Desired survivor size 41943040 bytes, new threshold 6 (max 6)
- age   1:    1648512 bytes,    1648512 total
- age   2:       3312 bytes,    1651824 total
- age   3:       1320 bytes,    1653144 total
- age   4:       1080 bytes,    1654224 total
- age   5:      11064 bytes,    1665288 total
- age   6:        256 bytes,    1665544 total
: 656398K->1828K(737280K), 0.0125570 secs] 1647637K->993068K(1761280K), 0.0127030 secs] [Times: user=0.05 sys=0.00, real=0.01 secs] 
501.139: [GC501.139: [ParNew
Desired survivor size 41943040 bytes, new threshold 6 (max 6)
- age   1:    1791560 bytes,    1791560 total
- age   2:       7600 bytes,    1799160 total
- age   3:       3024 bytes,    1802184 total
- age   4:       1176 bytes,    1803360 total
- age   5:       1008 bytes,    1804368 total
- age   6:      10848 bytes,    1815216 total
: 657188K->2439K(737280K), 0.0070160 secs] 1648428K->993679K(1761280K), 0.0071480 secs] [Times: user=0.06 sys=0.00, real=0.01 secs] 
501.364: [GC501.364: [ParNew
Desired survivor size 41943040 bytes, new threshold 6 (max 6)
- age   1:     163872 bytes,     163872 total
- age   2:       8104 bytes,     171976 total
- age   3:       7216 bytes,     179192 total
- age   4:       2760 bytes,     181952 total
- age   5:       1080 bytes,     183032 total
- age   6:        912 bytes,     183944 total
: 657799K->1678K(737280K), 0.0061720 secs] 1649039K->992929K(1761280K), 0.0063580 secs] [Times: user=0.04 sys=0.00, real=0.00 secs] 
501.611: [GC501.611: [ParNew
Desired survivor size 41943040 bytes, new threshold 6 (max 6)
- age   1:    1228360 bytes,    1228360 total
- age   2:       7648 bytes,    1236008 total
- age   3:       8104 bytes,    1244112 total
- age   4:       7216 bytes,    1251328 total
- age   5:       2760 bytes,    1254088 total
- age   6:       1080 bytes,    1255168 total
: 657038K->1416K(737280K), 0.0072510 secs] 1648289K->992668K(1761280K), 0.0074380 secs] [Times: user=0.04 sys=0.00, real=0.01 secs] 
501.841: [GC501.842: [ParNew
Desired survivor size 41943040 bytes, new threshold 6 (max 6)
- age   1:    1349704 bytes,    1349704 total
- age   2:       2136 bytes,    1351840 total
- age   3:       7624 bytes,    1359464 total
- age   4:       7936 bytes,    1367400 total
- age   5:       7136 bytes,    1374536 total
- age   6:       2736 bytes,    1377272 total
: 656776K->1936K(737280K), 0.0069010 secs] 1648028K->993190K(1761280K), 0.0070370 secs] [Times: user=0.05 sys=0.00, real=0.00 secs] 
502.067: [GC502.067: [ParNew
Desired survivor size 41943040 bytes, new threshold 6 (max 6)
- age   1:    1764216 bytes,    1764216 total
- age   2:      13040 bytes,    1777256 total
- age   3:       1888 bytes,    1779144 total
- age   4:       7480 bytes,    1786624 total
- age   5:       7768 bytes,    1794392 total
- age   6:       7016 bytes,    1801408 total
: 657296K->2217K(737280K), 0.0072390 secs] 1648550K->993474K(1761280K), 0.0074190 secs] [Times: user=0.05 sys=0.00, real=0.01 secs] 
502.298: [GC502.298: [ParNew
Desired survivor size 41943040 bytes, new threshold 6 (max 6)
- age   1:    1542424 bytes,    1542424 total
- age   2:       4560 bytes,    1546984 total
- age   3:      13016 bytes,    1560000 total
- age   4:       1888 bytes,    1561888 total
- age   5:       7480 bytes,    1569368 total
- age   6:       7768 bytes,    1577136 total
: 657577K->2249K(737280K), 0.0070730 secs] 1648834K->993514K(1761280K), 0.0071960 secs] [Times: user=0.04 sys=0.00, real=0.01 secs] 
502.456: [CMS-concurrent-mark: 7.098/7.371 secs] [Times: user=55.14 sys=1.03, real=7.37 secs] 
502.456: [CMS-concurrent-preclean-start]
502.474: [CMS-concurrent-preclean: 0.017/0.018 secs] [Times: user=0.14 sys=0.00, real=0.02 secs] 
502.474: [CMS-concurrent-abortable-preclean-start]
502.529: [GC502.529: [ParNew
Desired survivor size 41943040 bytes, new threshold 6 (max 6)
- age   1:    1612056 bytes,    1612056 total
- age   2:       1608 bytes,    1613664 total
- age   3:       4560 bytes,    1618224 total
- age   4:      12936 bytes,    1631160 total
- age   5:       1864 bytes,    1633024 total
- age   6:       7480 bytes,    1640504 total
: 657609K->2541K(737280K), 0.0075190 secs] 1648874K->993814K(1761280K), 0.0077200 secs] [Times: user=0.04 sys=0.00, real=0.01 secs] 
502.664: [CMS-concurrent-abortable-preclean: 0.179/0.190 secs] [Times: user=1.42 sys=0.03, real=0.19 secs] 
502.665: [GC[YG occupancy: 388099 K (737280 K)]502.665: [Rescan (parallel) , 0.0742750 secs]502.739: [weak refs processing, 0.0000400 secs]502.739: [scrub string table, 0.0010130 secs] [1 CMS-remark: 991272K(1024000K)] 1379372K(1761280K), 0.0754540 secs] [Times: user=0.57 sys=0.00, real=0.07 secs] 
502.741: [CMS-concurrent-sweep-start]
502.848: [GC502.848: [ParNew
Desired survivor size 41943040 bytes, new threshold 6 (max 6)
- age   1:    2145952 bytes,    2145952 total
- age   2:       1736 bytes,    2147688 total
- age   3:       1392 bytes,    2149080 total
- age   4:       4368 bytes,    2153448 total
- age   5:      12792 bytes,    2166240 total
- age   6:       1840 bytes,    2168080 total
: 657901K->2787K(737280K), 0.0071350 secs] 1649174K->994067K(1761280K), 0.0072920 secs] [Times: user=0.05 sys=0.00, real=0.01 secs] 
503.095: [GC503.095: [ParNew
Desired survivor size 41943040 bytes, new threshold 6 (max 6)
- age   1:    2249888 bytes,    2249888 total
- age   2:     206112 bytes,    2456000 total
- age   3:       1400 bytes,    2457400 total
- age   4:       1152 bytes,    2458552 total
- age   5:       4128 bytes,    2462680 total
- age   6:      12600 bytes,    2475280 total
: 658147K->3475K(737280K), 0.0076740 secs] 1649427K->994758K(1761280K), 0.0078770 secs] [Times: user=0.06 sys=0.00, real=0.01 secs] 
503.356: [GC503.356: [ParNew
Desired survivor size 41943040 bytes, new threshold 6 (max 6)
- age   1:     723064 bytes,     723064 total
- age   2:       2288 bytes,     725352 total
- age   3:       4288 bytes,     729640 total
- age   4:       1400 bytes,     731040 total
- age   5:       1128 bytes,     732168 total
- age   6:       4128 bytes,     736296 total
: 658835K->2309K(737280K), 0.0064840 secs] 1650118K->993605K(1761280K), 0.0066340 secs] [Times: user=0.04 sys=0.00, real=0.01 secs] 
503.612: [GC503.612: [ParNew
Desired survivor size 41943040 bytes, new threshold 6 (max 6)
- age   1:     946032 bytes,     946032 total
- age   2:       2520 bytes,     948552 total
- age   3:       2072 bytes,     950624 total
- age   4:       4216 bytes,     954840 total
- age   5:       1256 bytes,     956096 total
- age   6:       1056 bytes,     957152 total
: 657669K->1324K(737280K), 0.0064270 secs] 1648965K->992624K(1761280K), 0.0065640 secs] [Times: user=0.03 sys=0.00, real=0.01 secs] 
503.847: [CMS-concurrent-sweep: 1.070/1.106 secs] [Times: user=8.27 sys=0.16, real=1.11 secs] 
503.847: [CMS-concurrent-reset-start]
503.861: [GC503.861: [ParNew
Desired survivor size 41943040 bytes, new threshold 6 (max 6)
- age   1:    1110752 bytes,    1110752 total
- age   2:       7960 bytes,    1118712 total
- age   3:       2400 bytes,    1121112 total
- age   4:       1952 bytes,    1123064 total
- age   5:       4048 bytes,    1127112 total
- age   6:       1056 bytes,    1128168 total
: 656684K->1558K(737280K), 0.0066840 secs] 1647923K->992797K(1761280K), 0.0068280 secs] [Times: user=0.04 sys=0.00, real=0.01 secs] 
503.912: [CMS-concurrent-reset: 0.056/0.065 secs] [Times: user=0.43 sys=0.01, real=0.07 secs] 
504.090: [GC504.090: [ParNew
Desired survivor size 41943040 bytes, new threshold 6 (max 6)
- age   1:    1660896 bytes,    1660896 total
- age   2:      16544 bytes,    1677440 total
- age   3:       7816 bytes,    1685256 total
- age   4:       2400 bytes,    1687656 total
- age   5:       1952 bytes,    1689608 total
- age   6:       4048 bytes,    1693656 total
: 656918K->2228K(737280K), 0.0070240 secs] 1648157K->993469K(1761280K), 0.0071710 secs] [Times: user=0.05 sys=0.00, real=0.01 secs] 
504.099: [GC [1 CMS-initial-mark: 991240K(1024000K)] 997649K(1761280K), 0.0069220 secs] [Times: user=0.01 sys=0.00, real=0.01 secs] 
504.106: [CMS-concurrent-mark-start]
504.358: [GC504.358: [ParNew
Desired survivor size 41943040 bytes, new threshold 6 (max 6)
- age   1:     633224 bytes,     633224 total
- age   2:       1432 bytes,     634656 total
- age   3:      16208 bytes,     650864 total
- age   4:       7720 bytes,     658584 total
- age   5:       2400 bytes,     660984 total
- age   6:       1952 bytes,     662936 total
: 657588K->1502K(737280K), 0.0064890 secs] 1648829K->992747K(1761280K), 0.0066460 secs] [Times: user=0.04 sys=0.00, real=0.01 secs] 
504.597: [GC504.597: [ParNew
Desired survivor size 41943040 bytes, new threshold 6 (max 6)
- age   1:     990152 bytes,     990152 total
- age   2:       6016 bytes,     996168 total
- age   3:       1432 bytes,     997600 total
- age   4:      16208 bytes,    1013808 total
- age   5:       7720 bytes,    1021528 total
- age   6:       2400 bytes,    1023928 total
: 656862K->1314K(737280K), 0.0066110 secs] 1648107K->992561K(1761280K), 0.0067560 secs] [Times: user=0.04 sys=0.00, real=0.01 secs] 
504.827: [GC504.827: [ParNew
Desired survivor size 41943040 bytes, new threshold 6 (max 6)
- age   1:    1655248 bytes,    1655248 total
- age   2:       1408 bytes,    1656656 total
- age   3:       5704 bytes,    1662360 total
- age   4:       1264 bytes,    1663624 total
- age   5:      16136 bytes,    1679760 total
- age   6:       7552 bytes,    1687312 total
: 656674K->2374K(737280K), 0.0071950 secs] 1647921K->993624K(1761280K), 0.0074260 secs] [Times: user=0.05 sys=0.00, real=0.01 secs] 
505.063: [GC505.063: [ParNew
Desired survivor size 41943040 bytes, new threshold 6 (max 6)
- age   1:     481232 bytes,     481232 total
- age   2:       8032 bytes,     489264 total
- age   3:       1168 bytes,     490432 total
- age   4:       5488 bytes,     495920 total
- age   5:       1072 bytes,     496992 total
- age   6:      15944 bytes,     512936 total
: 657734K->1462K(737280K), 0.0059240 secs] 1648984K->992719K(1761280K), 0.0060830 secs] [Times: user=0.04 sys=0.00, real=0.00 secs] 
505.320: [GC505.320: [ParNew
Desired survivor size 41943040 bytes, new threshold 6 (max 6)
- age   1:     691176 bytes,     691176 total
- age   2:       1528 bytes,     692704 total
- age   3:       7888 bytes,     700592 total
- age   4:        976 bytes,     701568 total
- age   5:       5440 bytes,     707008 total
- age   6:       1072 bytes,     708080 total
: 656822K->1042K(737280K), 0.0066440 secs] 1648079K->992316K(1761280K), 0.0068170 secs] [Times: user=0.04 sys=0.00, real=0.01 secs] 
505.563: [GC505.563: [ParNew
Desired survivor size 41943040 bytes, new threshold 6 (max 6)
- age   1:    1257168 bytes,    1257168 total
- age   2:       7944 bytes,    1265112 total
- age   3:       1432 bytes,    1266544 total
- age   4:       7888 bytes,    1274432 total
- age   5:        944 bytes,    1275376 total
- age   6:       5440 bytes,    1280816 total
: 656402K->1603K(737280K), 0.0064540 secs] 1647676K->992878K(1761280K), 0.0066300 secs] [Times: user=0.04 sys=0.00, real=0.00 secs] 
505.810: [GC505.810: [ParNew
Desired survivor size 41943040 bytes, new threshold 6 (max 6)
- age   1:     923736 bytes,     923736 total
- age   2:       3912 bytes,     927648 total
- age   3:       7776 bytes,     935424 total
- age   4:       1408 bytes,     936832 total
- age   5:       7720 bytes,     944552 total
- age   6:        920 bytes,     945472 total
: 656963K->1510K(737280K), 0.0066140 secs] 1648238K->992791K(1761280K), 0.0067470 secs] [Times: user=0.04 sys=0.00, real=0.01 secs] 
506.069: [GC506.069: [ParNew
Desired survivor size 41943040 bytes, new threshold 6 (max 6)
- age   1:     564760 bytes,     564760 total
- age   2:       1448 bytes,     566208 total
- age   3:       3456 bytes,     569664 total
- age   4:       7320 bytes,     576984 total
- age   5:       1192 bytes,     578176 total
- age   6:       7504 bytes,     585680 total
: 656870K->967K(737280K), 0.0061960 secs] 1648151K->992249K(1761280K), 0.0063350 secs] [Times: user=0.05 sys=0.00, real=0.01 secs] 
506.313: [GC506.313: [ParNew
Desired survivor size 41943040 bytes, new threshold 6 (max 6)
- age   1:     186136 bytes,     186136 total
- age   2:      14592 bytes,     200728 total
- age   3:       1304 bytes,     202032 total
- age   4:       3456 bytes,     205488 total
- age   5:       7320 bytes,     212808 total
- age   6:       1192 bytes,     214000 total
: 656327K->570K(737280K), 0.0060040 secs] 1647609K->991860K(1761280K), 0.0061810 secs] [Times: user=0.05 sys=0.01, real=0.00 secs] 
506.551: [GC506.551: [ParNew
Desired survivor size 41943040 bytes, new threshold 6 (max 6)
- age   1:    1758800 bytes,    1758800 total
- age   2:       4616 bytes,    1763416 total
- age   3:      14568 bytes,    1777984 total
- age   4:       1304 bytes,    1779288 total
- age   5:       3456 bytes,    1782744 total
- age   6:       7320 bytes,    1790064 total
: 655930K->1829K(737280K), 0.0070080 secs] 1647220K->993120K(1761280K), 0.0071410 secs] [Times: user=0.04 sys=0.00, real=0.01 secs] 
506.792: [GC506.792: [ParNew
Desired survivor size 41943040 bytes, new threshold 6 (max 6)
- age   1:    3469368 bytes,    3469368 total
- age   2:       1408 bytes,    3470776 total
- age   3:       4400 bytes,    3475176 total
- age   4:      14424 bytes,    3489600 total
- age   5:       1256 bytes,    3490856 total
- age   6:       3456 bytes,    3494312 total
: 657189K->4058K(737280K), 0.0081710 secs] 1648480K->995357K(1761280K), 0.0083790 secs] [Times: user=0.07 sys=0.00, real=0.01 secs] 
507.043: [GC507.043: [ParNew
Desired survivor size 41943040 bytes, new threshold 6 (max 6)
- age   1:     807328 bytes,     807328 total
- age   2:       1056 bytes,     808384 total
- age   3:       1192 bytes,     809576 total
- age   4:       4184 bytes,     813760 total
- age   5:      14280 bytes,     828040 total
- age   6:       1256 bytes,     829296 total
: 659418K->2897K(737280K), 0.0069930 secs] 1650717K->994200K(1761280K), 0.0071610 secs] [Times: user=0.04 sys=0.00, real=0.00 secs] 
507.293: [GC507.293: [ParNew
Desired survivor size 41943040 bytes, new threshold 6 (max 6)
- age   1:     647048 bytes,     647048 total
- age   2:       7552 bytes,     654600 total
- age   3:        864 bytes,     655464 total
- age   4:       1096 bytes,     656560 total
- age   5:       4088 bytes,     660648 total
- age   6:      14184 bytes,     674832 total
: 658257K->926K(737280K), 0.0063410 secs] 1649560K->992231K(1761280K), 0.0065520 secs] [Times: user=0.04 sys=0.00, real=0.00 secs] 
507.555: [GC507.555: [ParNew
Desired survivor size 41943040 bytes, new threshold 6 (max 6)
- age   1:    1152560 bytes,    1152560 total
- age   2:       4448 bytes,    1157008 total
- age   3:       7448 bytes,    1164456 total
- age   4:        672 bytes,    1165128 total
- age   5:       1024 bytes,    1166152 total
- age   6:       4040 bytes,    1170192 total
: 656286K->1452K(737280K), 0.0067700 secs] 1647591K->992771K(1761280K), 0.0069220 secs] [Times: user=0.05 sys=0.00, real=0.00 secs] 
507.787: [GC507.787: [ParNew
Desired survivor size 41943040 bytes, new threshold 6 (max 6)
- age   1:     896968 bytes,     896968 total
- age   2:       9080 bytes,     906048 total
- age   3:       4448 bytes,     910496 total
- age   4:       7448 bytes,     917944 total
- age   5:        648 bytes,     918592 total
- age   6:       1024 bytes,     919616 total
: 656812K->1557K(737280K), 0.0064130 secs] 1648131K->992881K(1761280K), 0.0065700 secs] [Times: user=0.05 sys=0.00, real=0.01 secs] 
508.031: [GC508.031: [ParNew
Desired survivor size 41943040 bytes, new threshold 6 (max 6)
- age   1:    2140312 bytes,    2140312 total
- age   2:       4592 bytes,    2144904 total
- age   3:       9080 bytes,    2153984 total
- age   4:       4448 bytes,    2158432 total
- age   5:       7424 bytes,    2165856 total
- age   6:        648 bytes,    2166504 total
: 656917K->2460K(737280K), 0.0070440 secs] 1648241K->993785K(1761280K), 0.0071830 secs] [Times: user=0.04 sys=0.01, real=0.01 secs] 
508.270: [GC508.270: [ParNew
Desired survivor size 41943040 bytes, new threshold 6 (max 6)
- age   1:    1048208 bytes,    1048208 total
- age   2:       8624 bytes,    1056832 total
- age   3:       4496 bytes,    1061328 total
- age   4:       9080 bytes,    1070408 total
- age   5:       4448 bytes,    1074856 total
- age   6:       7424 bytes,    1082280 total
: 657820K->1952K(737280K), 0.0068300 secs] 1649145K->993278K(1761280K), 0.0069870 secs] [Times: user=0.04 sys=0.00, real=0.01 secs] 
508.515: [GC508.515: [ParNew
Desired survivor size 41943040 bytes, new threshold 6 (max 6)
- age   1:    1117440 bytes,    1117440 total
- age   2:       3800 bytes,    1121240 total
- age   3:       8456 bytes,    1129696 total
- age   4:       4328 bytes,    1134024 total
- age   5:       8832 bytes,    1142856 total
- age   6:       4112 bytes,    1146968 total
: 657312K->1453K(737280K), 0.0068940 secs] 1648638K->992786K(1761280K), 0.0070730 secs] [Times: user=0.04 sys=0.00, real=0.01 secs] 
508.746: [GC508.746: [ParNew
Desired survivor size 41943040 bytes, new threshold 6 (max 6)
- age   1:    1088240 bytes,    1088240 total
- age   2:       1712 bytes,    1089952 total
- age   3:       3800 bytes,    1093752 total
- age   4:       8456 bytes,    1102208 total
- age   5:       4304 bytes,    1106512 total
- age   6:       8832 bytes,    1115344 total
: 656813K->1702K(737280K), 0.0065620 secs] 1648146K->993040K(1761280K), 0.0067230 secs] [Times: user=0.04 sys=0.00, real=0.01 secs] 
508.983: [GC508.983: [ParNew
Desired survivor size 41943040 bytes, new threshold 6 (max 6)
- age   1:    3831704 bytes,    3831704 total
- age   2:        968 bytes,    3832672 total
- age   3:       1568 bytes,    3834240 total
- age   4:       3632 bytes,    3837872 total
- age   5:       8384 bytes,    3846256 total
- age   6:       4040 bytes,    3850296 total
: 657062K->4315K(737280K), 0.0089760 secs] 1648400K->995661K(1761280K), 0.0091590 secs] [Times: user=0.06 sys=0.00, real=0.00 secs] 
509.203: [GC509.203: [ParNew
Desired survivor size 41943040 bytes, new threshold 6 (max 6)
- age   1:    1021288 bytes,    1021288 total
- age   2:       4320 bytes,    1025608 total
- age   3:        776 bytes,    1026384 total
- age   4:       1280 bytes,    1027664 total
- age   5:       3344 bytes,    1031008 total
- age   6:       8168 bytes,    1039176 total
: 659675K->3089K(737280K), 0.0065640 secs] 1651021K->994440K(1761280K), 0.0066720 secs] [Times: user=0.04 sys=0.00, real=0.00 secs] 
509.426: [GC509.426: [ParNew
Desired survivor size 41943040 bytes, new threshold 6 (max 6)
- age   1:     639024 bytes,     639024 total
- age   2:       2464 bytes,     641488 total
- age   3:       4320 bytes,     645808 total
- age   4:        776 bytes,     646584 total
- age   5:       1280 bytes,     647864 total
- age   6:       3344 bytes,     651208 total
: 658449K->1154K(737280K), 0.0065170 secs] 1649800K->992513K(1761280K), 0.0066770 secs] [Times: user=0.04 sys=0.00, real=0.01 secs] 
509.654: [GC509.654: [ParNew
Desired survivor size 41943040 bytes, new threshold 6 (max 6)
- age   1:    2687776 bytes,    2687776 total
- age   2:        904 bytes,    2688680 total
- age   3:       2464 bytes,    2691144 total
- age   4:       4320 bytes,    2695464 total
- age   5:        776 bytes,    2696240 total
- age   6:       1280 bytes,    2697520 total
: 656514K->2846K(737280K), 0.0081090 secs] 1647873K->994208K(1761280K), 0.0082530 secs] [Times: user=0.05 sys=0.00, real=0.00 secs] 
509.863: [GC509.863: [ParNew
Desired survivor size 41943040 bytes, new threshold 6 (max 6)
- age   1:    2483512 bytes,    2483512 total
- age   2:        800 bytes,    2484312 total
- age   3:        664 bytes,    2484976 total
- age   4:       2200 bytes,    2487176 total
- age   5:       4128 bytes,    2491304 total
- age   6:        536 bytes,    2491840 total
: 658206K->3674K(737280K), 0.0076820 secs] 1649568K->995037K(1761280K), 0.0078270 secs] [Times: user=0.04 sys=0.01, real=0.00 secs] 
510.089: [GC510.089: [ParNew
Desired survivor size 41943040 bytes, new threshold 6 (max 6)
- age   1:    2650992 bytes,    2650992 total
- age   2:       1408 bytes,    2652400 total
- age   3:        656 bytes,    2653056 total
- age   4:        400 bytes,    2653456 total
- age   5:       2104 bytes,    2655560 total
- age   6:       4008 bytes,    2659568 total
: 659034K->4406K(737280K), 0.0082290 secs] 1650397K->995770K(1761280K), 0.0083930 secs] [Times: user=0.06 sys=0.00, real=0.01 secs] 
510.335: [GC510.335: [ParNew
Desired survivor size 41943040 bytes, new threshold 6 (max 6)
- age   1:    1262456 bytes,    1262456 total
- age   2:       8944 bytes,    1271400 total
- age   3:       1216 bytes,    1272616 total
- age   4:        464 bytes,    1273080 total
- age   5:        304 bytes,    1273384 total
- age   6:       1936 bytes,    1275320 total
: 659766K->2146K(737280K), 0.0329550 secs] 1651130K->993515K(1761280K), 0.0330940 secs] [Times: user=0.05 sys=0.00, real=0.03 secs] 
510.611: [GC510.611: [ParNew
Desired survivor size 41943040 bytes, new threshold 6 (max 6)
- age   1:    2217936 bytes,    2217936 total
- age   2:       4400 bytes,    2222336 total
- age   3:       8944 bytes,    2231280 total
- age   4:       1216 bytes,    2232496 total
- age   5:        464 bytes,    2232960 total
- age   6:        304 bytes,    2233264 total
: 657506K->2572K(737280K), 0.0074240 secs] 1648875K->993943K(1761280K), 0.0076130 secs] [Times: user=0.05 sys=0.00, real=0.01 secs] 
510.851: [GC510.851: [ParNew
Desired survivor size 41943040 bytes, new threshold 6 (max 6)
- age   1:    1075616 bytes,    1075616 total
- age   2:       1472 bytes,    1077088 total
- age   3:       4352 bytes,    1081440 total
- age   4:       8920 bytes,    1090360 total
- age   5:       1192 bytes,    1091552 total
- age   6:        464 bytes,    1092016 total
: 657932K->1849K(737280K), 0.0065430 secs] 1649303K->993221K(1761280K), 0.0067610 secs] [Times: user=0.04 sys=0.00, real=0.01 secs] 
511.103: [GC511.103: [ParNew
Desired survivor size 41943040 bytes, new threshold 6 (max 6)
- age   1:    2394328 bytes,    2394328 total
- age   2:       5920 bytes,    2400248 total
- age   3:       1472 bytes,    2401720 total
- age   4:       4352 bytes,    2406072 total
- age   5:       8896 bytes,    2414968 total
- age   6:       1192 bytes,    2416160 total
: 657209K->2910K(737280K), 0.0079520 secs] 1648581K->994282K(1761280K), 0.0081050 secs] [Times: user=0.05 sys=0.00, real=0.01 secs] 
511.356: [GC511.356: [ParNew
Desired survivor size 41943040 bytes, new threshold 6 (max 6)
- age   1:    1466576 bytes,    1466576 total
- age   2:     328808 bytes,    1795384 total
- age   3:       3992 bytes,    1799376 total
- age   4:       1448 bytes,    1800824 total
- age   5:       4352 bytes,    1805176 total
- age   6:       8896 bytes,    1814072 total
: 658270K->2233K(737280K), 0.0072650 secs] 1649642K->993606K(1761280K), 0.0074140 secs] [Times: user=0.06 sys=0.00, real=0.01 secs] 
511.566: [CMS-concurrent-mark: 7.159/7.459 secs] [Times: user=55.67 sys=1.06, real=7.46 secs] 
511.566: [CMS-concurrent-preclean-start]
511.580: [GC511.580: [ParNew
Desired survivor size 41943040 bytes, new threshold 6 (max 6)
- age   1:    1642352 bytes,    1642352 total
- age   2:       4216 bytes,    1646568 total
- age   3:       1128 bytes,    1647696 total
- age   4:       3896 bytes,    1651592 total
- age   5:       1304 bytes,    1652896 total
- age   6:       4160 bytes,    1657056 total
: 657593K->2737K(737280K), 0.0070360 secs] 1648966K->994119K(1761280K), 0.0071760 secs] [Times: user=0.04 sys=0.00, real=0.01 secs] 
511.589: [CMS-concurrent-preclean: 0.012/0.023 secs] [Times: user=0.15 sys=0.01, real=0.02 secs] 
511.589: [CMS-concurrent-abortable-preclean-start]
511.712: [CMS-concurrent-abortable-preclean: 0.123/0.123 secs] [Times: user=0.93 sys=0.01, real=0.12 secs] 
511.717: [GC[YG occupancy: 378762 K (737280 K)]511.717: [Rescan (parallel) , 0.0714870 secs]511.788: [weak refs processing, 0.0001500 secs]511.788: [scrub string table, 0.0009890 secs] [1 CMS-remark: 991382K(1024000K)] 1370144K(1761280K), 0.0727980 secs] [Times: user=0.55 sys=0.00, real=0.07 secs] 
511.790: [CMS-concurrent-sweep-start]
511.913: [GC511.913: [ParNew
Desired survivor size 41943040 bytes, new threshold 6 (max 6)
- age   1:     904680 bytes,     904680 total
- age   2:       6000 bytes,     910680 total
- age   3:       4000 bytes,     914680 total
- age   4:        888 bytes,     915568 total
- age   5:       3704 bytes,     919272 total
- age   6:       1112 bytes,     920384 total
: 658097K->1328K(737280K), 0.0067110 secs] 1649440K->992675K(1761280K), 0.0068760 secs] [Times: user=0.04 sys=0.00, real=0.00 secs] 
512.156: [GC512.156: [ParNew
Desired survivor size 41943040 bytes, new threshold 6 (max 6)
- age   1:    2113192 bytes,    2113192 total
- age   2:       7552 bytes,    2120744 total
- age   3:       5976 bytes,    2126720 total
- age   4:       4000 bytes,    2130720 total
- age   5:        888 bytes,    2131608 total
- age   6:       3704 bytes,    2135312 total
: 656688K->2584K(737280K), 0.0072590 secs] 1648033K->993931K(1761280K), 0.0074230 secs] [Times: user=0.05 sys=0.00, real=0.01 secs] 
512.401: [GC512.401: [ParNew
Desired survivor size 41943040 bytes, new threshold 6 (max 6)
- age   1:    1842512 bytes,    1842512 total
- age   2:       8224 bytes,    1850736 total
- age   3:       5512 bytes,    1856248 total
- age   4:       5952 bytes,    1862200 total
- age   5:       4000 bytes,    1866200 total
- age   6:        888 bytes,    1867088 total
: 657944K->2698K(737280K), 0.0072150 secs] 1649290K->994048K(1761280K), 0.0073640 secs] [Times: user=0.05 sys=0.00, real=0.01 secs] 
512.624: [GC512.624: [ParNew
Desired survivor size 41943040 bytes, new threshold 6 (max 6)
- age   1:    1044792 bytes,    1044792 total
- age   2:      11240 bytes,    1056032 total
- age   3:       8224 bytes,    1064256 total
- age   4:       5512 bytes,    1069768 total
- age   5:       5952 bytes,    1075720 total
- age   6:       4000 bytes,    1079720 total
: 658058K->2044K(737280K), 0.0070530 secs] 1649408K->993395K(1761280K), 0.0072050 secs] [Times: user=0.04 sys=0.00, real=0.00 secs] 
512.861: [GC512.861: [ParNew
Desired survivor size 41943040 bytes, new threshold 6 (max 6)
- age   1:    1356824 bytes,    1356824 total
- age   2:        336 bytes,    1357160 total
- age   3:      10928 bytes,    1368088 total
- age   4:       8032 bytes,    1376120 total
- age   5:       5320 bytes,    1381440 total
- age   6:       5760 bytes,    1387200 total
: 657404K->1593K(737280K), 0.0065580 secs] 1648755K->992948K(1761280K), 0.0067050 secs] [Times: user=0.04 sys=0.00, real=0.01 secs] 
513.104: [GC513.104: [ParNew
Desired survivor size 41943040 bytes, new threshold 6 (max 6)
- age   1:    2149944 bytes,    2149944 total
- age   2:       8280 bytes,    2158224 total
- age   3:        192 bytes,    2158416 total
- age   4:      10856 bytes,    2169272 total
- age   5:       7960 bytes,    2177232 total
- age   6:       5224 bytes,    2182456 total
: 656953K->2610K(737280K), 0.0077130 secs] 1648308K->993971K(1761280K), 0.0078450 secs] [Times: user=0.05 sys=0.00, real=0.00 secs] 
513.229: [CMS-concurrent-sweep: 1.384/1.439 secs] [Times: user=10.66 sys=0.18, real=1.44 secs] 
513.229: [CMS-concurrent-reset-start]
513.263: [CMS-concurrent-reset: 0.034/0.034 secs] [Times: user=0.27 sys=0.01, real=0.04 secs] 
513.342: [GC513.342: [ParNew
Desired survivor size 41943040 bytes, new threshold 6 (max 6)
- age   1:     250296 bytes,     250296 total
- age   2:       4520 bytes,     254816 total
- age   3:       8256 bytes,     263072 total
- age   4:        192 bytes,     263264 total
- age   5:      10856 bytes,     274120 total
- age   6:       7960 bytes,     282080 total
: 657970K->1905K(737280K), 0.0063250 secs] 1649244K->993185K(1761280K), 0.0064790 secs] [Times: user=0.04 sys=0.00, real=0.01 secs] 
513.351: [GC [1 CMS-initial-mark: 991280K(1024000K)] 999723K(1761280K), 0.0069680 secs] [Times: user=0.00 sys=0.00, real=0.01 secs] 
513.358: [CMS-concurrent-mark-start]
513.595: [GC513.595: [ParNew
Desired survivor size 41943040 bytes, new threshold 6 (max 6)
- age   1:    1317176 bytes,    1317176 total
- age   2:        904 bytes,    1318080 total
- age   3:       4520 bytes,    1322600 total
- age   4:       8064 bytes,    1330664 total
- age   5:        120 bytes,    1330784 total
- age   6:      10808 bytes,    1341592 total
: 657265K->1584K(737280K), 0.0067550 secs] 1648545K->992872K(1761280K), 0.0068960 secs] [Times: user=0.04 sys=0.00, real=0.00 secs] 
513.831: [GC513.831: [ParNew
Desired survivor size 41943040 bytes, new threshold 6 (max 6)
- age   1:     434912 bytes,     434912 total
- age   2:       5096 bytes,     440008 total
- age   3:        712 bytes,     440720 total
- age   4:       4376 bytes,     445096 total
- age   5:       7944 bytes,     453040 total
- age   6:        120 bytes,     453160 total
: 656944K->1114K(737280K), 0.0061740 secs] 1648232K->992413K(1761280K), 0.0063140 secs] [Times: user=0.04 sys=0.00, real=0.01 secs] 
514.083: [GC514.083: [ParNew
Desired survivor size 41943040 bytes, new threshold 6 (max 6)
- age   1:    2048448 bytes,    2048448 total
- age   2:       4648 bytes,    2053096 total
- age   3:       5024 bytes,    2058120 total
- age   4:        592 bytes,    2058712 total
- age   5:       4088 bytes,    2062800 total
- age   6:       7872 bytes,    2070672 total
: 656474K->2286K(737280K), 0.0070750 secs] 1647773K->993585K(1761280K), 0.0072070 secs] [Times: user=0.05 sys=0.00, real=0.01 secs] 
514.333: [GC514.333: [ParNew
Desired survivor size 41943040 bytes, new threshold 6 (max 6)
- age   1:     150088 bytes,     150088 total
- age   2:       4816 bytes,     154904 total
- age   3:       4576 bytes,     159480 total
- age   4:       4952 bytes,     164432 total
- age   5:        472 bytes,     164904 total
- age   6:       3968 bytes,     168872 total
: 657646K->1614K(737280K), 0.0060830 secs] 1648945K->992921K(1761280K), 0.0062850 secs] [Times: user=0.04 sys=0.00, real=0.01 secs] 
514.650: [GC514.650: [ParNew
Desired survivor size 41943040 bytes, new threshold 6 (max 6)
- age   1:     468488 bytes,     468488 total
- age   2:      16960 bytes,     485448 total
- age   3:       4792 bytes,     490240 total
- age   4:       4576 bytes,     494816 total
- age   5:       4952 bytes,     499768 total
- age   6:        472 bytes,     500240 total
: 656974K->814K(737280K), 0.0068290 secs] 1648281K->992125K(1761280K), 0.0069680 secs] [Times: user=0.04 sys=0.00, real=0.01 secs] 
514.978: [GC514.978: [ParNew
Desired survivor size 41943040 bytes, new threshold 6 (max 6)
- age   1:    1409416 bytes,    1409416 total
- age   2:       5056 bytes,    1414472 total
- age   3:      14104 bytes,    1428576 total
- age   4:       4528 bytes,    1433104 total
- age   5:       4384 bytes,    1437488 total
- age   6:       4832 bytes,    1442320 total
: 656174K->1662K(737280K), 0.0070100 secs] 1647485K->992974K(1761280K), 0.0071370 secs] [Times: user=0.05 sys=0.01, real=0.01 secs] 
515.240: [GC515.240: [ParNew
Desired survivor size 41943040 bytes, new threshold 6 (max 6)
- age   1:    1896616 bytes,    1896616 total
- age   2:       7712 bytes,    1904328 total
- age   3:       5032 bytes,    1909360 total
- age   4:      14104 bytes,    1923464 total
- age   5:       4528 bytes,    1927992 total
- age   6:       4384 bytes,    1932376 total
: 657022K->2644K(737280K), 0.0074010 secs] 1648334K->993960K(1761280K), 0.0075410 secs] [Times: user=0.04 sys=0.00, real=0.01 secs] 
515.490: [GC515.490: [ParNew
Desired survivor size 41943040 bytes, new threshold 6 (max 6)
- age   1:     599536 bytes,     599536 total
- age   2:      46760 bytes,     646296 total
- age   3:       7544 bytes,     653840 total
- age   4:       4888 bytes,     658728 total
- age   5:      14048 bytes,     672776 total
- age   6:       4480 bytes,     677256 total
: 658004K->1709K(737280K), 0.0062210 secs] 1649320K->993030K(1761280K), 0.0063500 secs] [Times: user=0.04 sys=0.00, real=0.01 secs] 
515.741: [GC515.741: [ParNew
Desired survivor size 41943040 bytes, new threshold 6 (max 6)
- age   1:     916952 bytes,     916952 total
- age   2:       7816 bytes,     924768 total
- age   3:      46616 bytes,     971384 total
- age   4:       7448 bytes,     978832 total
- age   5:       4696 bytes,     983528 total
- age   6:      13856 bytes,     997384 total
: 657069K->1185K(737280K), 0.0064140 secs] 1648390K->992511K(1761280K), 0.0065560 secs] [Times: user=0.03 sys=0.01, real=0.01 secs] 
516.077: [GC516.077: [ParNew
Desired survivor size 41943040 bytes, new threshold 6 (max 6)
- age   1:    2182128 bytes,    2182128 total
- age   2:       8296 bytes,    2190424 total
- age   3:       7672 bytes,    2198096 total
- age   4:      46376 bytes,    2244472 total
- age   5:       7256 bytes,    2251728 total
- age   6:       4456 bytes,    2256184 total
: 656545K->2635K(737280K), 0.0074690 secs] 1647871K->993975K(1761280K), 0.0076110 secs] [Times: user=0.05 sys=0.01, real=0.01 secs] 
516.300: [GC516.300: [ParNew
Desired survivor size 41943040 bytes, new threshold 6 (max 6)
- age   1:     209288 bytes,     209288 total
- age   2:       8160 bytes,     217448 total
- age   3:       8224 bytes,     225672 total
- age   4:       7672 bytes,     233344 total
- age   5:      46376 bytes,     279720 total
- age   6:       7256 bytes,     286976 total
: 657995K->1872K(737280K), 0.0059900 secs] 1649335K->993216K(1761280K), 0.0061660 secs] [Times: user=0.04 sys=0.00, real=0.01 secs] 
516.546: [GC516.546: [ParNew
Desired survivor size 41943040 bytes, new threshold 6 (max 6)
- age   1:    1609568 bytes,    1609568 total
- age   2:       7880 bytes,    1617448 total
- age   3:       7848 bytes,    1625296 total
- age   4:       8000 bytes,    1633296 total
- age   5:       7312 bytes,    1640608 total
- age   6:      46232 bytes,    1686840 total
: 657232K->1887K(737280K), 0.0072010 secs] 1648576K->993239K(1761280K), 0.0073820 secs] [Times: user=0.04 sys=0.00, real=0.00 secs] 
516.770: [GC516.770: [ParNew
Desired survivor size 41943040 bytes, new threshold 6 (max 6)
- age   1:     485560 bytes,     485560 total
- age   2:       5808 bytes,     491368 total
- age   3:       7760 bytes,     499128 total
- age   4:       7704 bytes,     506832 total
- age   5:       8000 bytes,     514832 total
- age   6:       7312 bytes,     522144 total
: 657247K->1365K(737280K), 0.0063240 secs] 1648599K->992762K(1761280K), 0.0064400 secs] [Times: user=0.04 sys=0.00, real=0.01 secs] 
517.037: [GC517.037: [ParNew
Desired survivor size 41943040 bytes, new threshold 6 (max 6)
- age   1:     471248 bytes,     471248 total
- age   2:       4240 bytes,     475488 total
- age   3:       5808 bytes,     481296 total
- age   4:       7760 bytes,     489056 total
- age   5:       7680 bytes,     496736 total
- age   6:       8000 bytes,     504736 total
: 656725K->761K(737280K), 0.0058920 secs] 1648122K->992167K(1761280K), 0.0060120 secs] [Times: user=0.04 sys=0.00, real=0.00 secs] 
517.281: [GC517.281: [ParNew
Desired survivor size 41943040 bytes, new threshold 6 (max 6)
- age   1:    1500120 bytes,    1500120 total
- age   2:       4144 bytes,    1504264 total
- age   3:       3776 bytes,    1508040 total
- age   4:       5616 bytes,    1513656 total
- age   5:       7688 bytes,    1521344 total
- age   6:       7584 bytes,    1528928 total
: 656121K->1704K(737280K), 0.0075880 secs] 1647527K->993117K(1761280K), 0.0077700 secs] [Times: user=0.04 sys=0.00, real=0.01 secs] 
517.518: [GC517.518: [ParNew
Desired survivor size 41943040 bytes, new threshold 6 (max 6)
- age   1:     357920 bytes,     357920 total
- age   2:       4768 bytes,     362688 total
- age   3:       4144 bytes,     366832 total
- age   4:       3776 bytes,     370608 total
- age   5:       5616 bytes,     376224 total
- age   6:       7688 bytes,     383912 total
: 657064K->1241K(737280K), 0.0058610 secs] 1648477K->992663K(1761280K), 0.0060250 secs] [Times: user=0.04 sys=0.00, real=0.00 secs] 
517.751: [GC517.751: [ParNew
Desired survivor size 41943040 bytes, new threshold 6 (max 6)
- age   1:     281344 bytes,     281344 total
- age   2:       1864 bytes,     283208 total
- age   3:       4504 bytes,     287712 total
- age   4:       3904 bytes,     291616 total
- age   5:       3632 bytes,     295248 total
- age   6:       5592 bytes,     300840 total
: 656601K->555K(737280K), 0.0060300 secs] 1648023K->991984K(1761280K), 0.0061610 secs] [Times: user=0.04 sys=0.00, real=0.01 secs] 
518.010: [GC518.010: [ParNew
Desired survivor size 41943040 bytes, new threshold 6 (max 6)
- age   1:     367080 bytes,     367080 total
- age   2:       3120 bytes,     370200 total
- age   3:       1768 bytes,     371968 total
- age   4:       4456 bytes,     376424 total
- age   5:       3880 bytes,     380304 total
- age   6:       3608 bytes,     383912 total
: 655915K->527K(737280K), 0.0072790 secs] 1647344K->991962K(1761280K), 0.0074060 secs] [Times: user=0.04 sys=0.00, real=0.01 secs] 
518.233: [GC518.233: [ParNew
Desired survivor size 41943040 bytes, new threshold 6 (max 6)
- age   1:    2703968 bytes,    2703968 total
- age   2:      11136 bytes,    2715104 total
- age   3:       2856 bytes,    2717960 total
- age   4:       1624 bytes,    2719584 total
- age   5:       4384 bytes,    2723968 total
- age   6:       3856 bytes,    2727824 total
: 655887K->2880K(737280K), 0.0081560 secs] 1647322K->994319K(1761280K), 0.0083000 secs] [Times: user=0.05 sys=0.00, real=0.01 secs] 
518.478: [GC518.478: [ParNew
Desired survivor size 41943040 bytes, new threshold 6 (max 6)
- age   1:     763120 bytes,     763120 total
- age   2:       9416 bytes,     772536 total
- age   3:      10968 bytes,     783504 total
- age   4:       2616 bytes,     786120 total
- age   5:       1456 bytes,     787576 total
- age   6:       4216 bytes,     791792 total
: 658240K->2081K(737280K), 0.0062650 secs] 1649679K->993523K(1761280K), 0.0064170 secs] [Times: user=0.05 sys=0.00, real=0.01 secs] 
518.704: [GC518.705: [ParNew
Desired survivor size 41943040 bytes, new threshold 6 (max 6)
- age   1:    1874072 bytes,    1874072 total
- age   2:       5184 bytes,    1879256 total
- age   3:       9392 bytes,    1888648 total
- age   4:      10800 bytes,    1899448 total
- age   5:       2520 bytes,    1901968 total
- age   6:       1384 bytes,    1903352 total
: 657441K->2319K(737280K), 0.0074540 secs] 1648883K->993766K(1761280K), 0.0076190 secs] [Times: user=0.05 sys=0.01, real=0.00 secs] 
518.956: [GC518.956: [ParNew
Desired survivor size 41943040 bytes, new threshold 6 (max 6)
- age   1:    1633888 bytes,    1633888 total
- age   2:       7544 bytes,    1641432 total
- age   3:       5136 bytes,    1646568 total
- age   4:       9392 bytes,    1655960 total
- age   5:      10776 bytes,    1666736 total
- age   6:       2520 bytes,    1669256 total
: 657679K->2555K(737280K), 0.0070250 secs] 1649126K->994003K(1761280K), 0.0071740 secs] [Times: user=0.05 sys=0.00, real=0.00 secs] 
519.174: [GC519.174: [ParNew
Desired survivor size 41943040 bytes, new threshold 6 (max 6)
- age   1:    1506544 bytes,    1506544 total
- age   2:       4600 bytes,    1511144 total
- age   3:       7488 bytes,    1518632 total
- age   4:       5136 bytes,    1523768 total
- age   5:       9392 bytes,    1533160 total
- age   6:      10752 bytes,    1543912 total
: 657915K->2625K(737280K), 0.0067780 secs] 1649363K->994077K(1761280K), 0.0069190 secs] [Times: user=0.05 sys=0.00, real=0.01 secs] 
519.403: [GC519.403: [ParNew
Desired survivor size 41943040 bytes, new threshold 6 (max 6)
- age   1:    2861776 bytes,    2861776 total
- age   2:       1344 bytes,    2863120 total
- age   3:       4552 bytes,    2867672 total
- age   4:       7392 bytes,    2875064 total
- age   5:       5016 bytes,    2880080 total
- age   6:       9392 bytes,    2889472 total
: 657985K->3271K(737280K), 0.0080040 secs] 1649437K->994734K(1761280K), 0.0081480 secs] [Times: user=0.06 sys=0.00, real=0.01 secs] 
519.631: [GC519.631: [ParNew
Desired survivor size 41943040 bytes, new threshold 6 (max 6)
- age   1:     765728 bytes,     765728 total
- age   2:       1624 bytes,     767352 total
- age   3:       1312 bytes,     768664 total
- age   4:       4552 bytes,     773216 total
- age   5:       7392 bytes,     780608 total
- age   6:       5016 bytes,     785624 total
: 658631K->2358K(737280K), 0.0065150 secs] 1650094K->993830K(1761280K), 0.0066410 secs] [Times: user=0.03 sys=0.00, real=0.01 secs] 
519.872: [GC519.872: [ParNew
Desired survivor size 41943040 bytes, new threshold 6 (max 6)
- age   1:    1577832 bytes,    1577832 total
- age   2:       1896 bytes,    1579728 total
- age   3:       1576 bytes,    1581304 total
- age   4:       1096 bytes,    1582400 total
- age   5:       4504 bytes,    1586904 total
- age   6:       7224 bytes,    1594128 total
: 657718K->1855K(737280K), 0.0233410 secs] 1649190K->993333K(1761280K), 0.0234980 secs] [Times: user=0.09 sys=0.00, real=0.03 secs] 
520.138: [GC520.139: [ParNew
Desired survivor size 41943040 bytes, new threshold 6 (max 6)
- age   1:    1371184 bytes,    1371184 total
- age   2:       1432 bytes,    1372616 total
- age   3:       1680 bytes,    1374296 total
- age   4:       1528 bytes,    1375824 total
- age   5:        904 bytes,    1376728 total
- age   6:       4504 bytes,    1381232 total
: 657215K->2044K(737280K), 0.0067260 secs] 1648693K->993529K(1761280K), 0.0068860 secs] [Times: user=0.04 sys=0.00, real=0.01 secs] 
520.393: [GC520.393: [ParNew
Desired survivor size 41943040 bytes, new threshold 6 (max 6)
- age   1:    1301832 bytes,    1301832 total
- age   2:       7984 bytes,    1309816 total
- age   3:       1288 bytes,    1311104 total
- age   4:       1560 bytes,    1312664 total
- age   5:       1480 bytes,    1314144 total
- age   6:        808 bytes,    1314952 total
: 657404K->2197K(737280K), 0.0071680 secs] 1648889K->993687K(1761280K), 0.0073180 secs] [Times: user=0.04 sys=0.00, real=0.01 secs] 
520.614: [GC520.614: [ParNew
Desired survivor size 41943040 bytes, new threshold 6 (max 6)
- age   1:    1896112 bytes,    1896112 total
- age   2:       8648 bytes,    1904760 total
- age   3:       7744 bytes,    1912504 total
- age   4:       1192 bytes,    1913696 total
- age   5:       1512 bytes,    1915208 total
- age   6:       1408 bytes,    1916616 total
: 657557K->2254K(737280K), 0.0075940 secs] 1649047K->993744K(1761280K), 0.0077300 secs] [Times: user=0.04 sys=0.00, real=0.00 secs] 
520.846: [GC520.846: [ParNew
Desired survivor size 41943040 bytes, new threshold 6 (max 6)
- age   1:    1230976 bytes,    1230976 total
- age   2:       3968 bytes,    1234944 total
- age   3:       8480 bytes,    1243424 total
- age   4:       7648 bytes,    1251072 total
- age   5:       1144 bytes,    1252216 total
- age   6:       1480 bytes,    1253696 total
: 657614K->2011K(737280K), 0.0066990 secs] 1649104K->993503K(1761280K), 0.0068460 secs] [Times: user=0.05 sys=0.00, real=0.00 secs] 
521.068: [CMS-concurrent-mark: 7.435/7.710 secs] [Times: user=56.10 sys=1.03, real=7.71 secs] 
521.069: [CMS-concurrent-preclean-start]
521.084: [CMS-concurrent-preclean: 0.014/0.015 secs] [Times: user=0.10 sys=0.00, real=0.01 secs] 
521.084: [CMS-concurrent-abortable-preclean-start]
521.092: [GC521.093: [ParNew
Desired survivor size 41943040 bytes, new threshold 6 (max 6)
- age   1:    1249576 bytes,    1249576 total
- age   2:      10032 bytes,    1259608 total
- age   3:       3680 bytes,    1263288 total
- age   4:       8096 bytes,    1271384 total
- age   5:       7504 bytes,    1278888 total
- age   6:        808 bytes,    1279696 total
: 657371K->1815K(737280K), 0.0067050 secs] 1648863K->993309K(1761280K), 0.0068400 secs] [Times: user=0.04 sys=0.00, real=0.01 secs] 
521.274: [CMS-concurrent-abortable-preclean: 0.071/0.190 secs] [Times: user=1.40 sys=0.03, real=0.20 secs] 
521.300: [GC[YG occupancy: 600699 K (737280 K)]521.300: [Rescan (parallel) , 0.2694340 secs]521.570: [weak refs processing, 0.0000420 secs]521.570: [scrub string table, 0.0010030 secs] [1 CMS-remark: 991493K(1024000K)] 1592193K(1761280K), 0.2706270 secs] [Times: user=2.01 sys=0.01, real=0.27 secs] 
521.572: [CMS-concurrent-sweep-start]
521.592: [GC521.592: [ParNew
Desired survivor size 41943040 bytes, new threshold 6 (max 6)
- age   1:    1688320 bytes,    1688320 total
- age   2:       5776 bytes,    1694096 total
- age   3:      10032 bytes,    1704128 total
- age   4:       3680 bytes,    1707808 total
- age   5:       8096 bytes,    1715904 total
- age   6:       7504 bytes,    1723408 total
: 657175K->2376K(737280K), 0.0069610 secs] 1648663K->993865K(1761280K), 0.0071040 secs] [Times: user=0.04 sys=0.00, real=0.01 secs] 
521.850: [GC521.850: [ParNew
Desired survivor size 41943040 bytes, new threshold 6 (max 6)
- age   1:    1807128 bytes,    1807128 total
- age   2:       2368 bytes,    1809496 total
- age   3:       5656 bytes,    1815152 total
- age   4:       9984 bytes,    1825136 total
- age   5:       3680 bytes,    1828816 total
- age   6:       8096 bytes,    1836912 total
: 657736K->2763K(737280K), 0.0073400 secs] 1649108K->994143K(1761280K), 0.0075170 secs] [Times: user=0.05 sys=0.00, real=0.01 secs] 
522.097: [GC522.097: [ParNew
Desired survivor size 41943040 bytes, new threshold 6 (max 6)
- age   1:    1539888 bytes,    1539888 total
- age   2:       1128 bytes,    1541016 total
- age   3:       1624 bytes,    1542640 total
- age   4:       5224 bytes,    1547864 total
- age   5:       9832 bytes,    1557696 total
- age   6:       3584 bytes,    1561280 total
: 658123K->2392K(737280K), 0.0069040 secs] 1649487K->993764K(1761280K), 0.0070350 secs] [Times: user=0.05 sys=0.00, real=0.01 secs] 
522.338: [GC522.338: [ParNew
Desired survivor size 41943040 bytes, new threshold 6 (max 6)
- age   1:    1310624 bytes,    1310624 total
- age   2:       4432 bytes,    1315056 total
- age   3:       1080 bytes,    1316136 total
- age   4:       1624 bytes,    1317760 total
- age   5:       5224 bytes,    1322984 total
- age   6:       9832 bytes,    1332816 total
: 657752K->2170K(737280K), 0.0069690 secs] 1649124K->993546K(1761280K), 0.0072040 secs] [Times: user=0.05 sys=0.00, real=0.01 secs] 
522.580: [GC522.580: [ParNew
Desired survivor size 41943040 bytes, new threshold 6 (max 6)
- age   1:    1430800 bytes,    1430800 total
- age   2:      17232 bytes,    1448032 total
- age   3:       4432 bytes,    1452464 total
- age   4:       1080 bytes,    1453544 total
- age   5:       1624 bytes,    1455168 total
- age   6:       5224 bytes,    1460392 total
: 657530K->1875K(737280K), 0.0065290 secs] 1648906K->993261K(1761280K), 0.0066690 secs] [Times: user=0.04 sys=0.00, real=0.01 secs] 
522.819: [GC522.819: [ParNew
Desired survivor size 41943040 bytes, new threshold 6 (max 6)
- age   1:     505048 bytes,     505048 total
- age   2:        752 bytes,     505800 total
- age   3:      17112 bytes,     522912 total
- age   4:       4304 bytes,     527216 total
- age   5:        936 bytes,     528152 total
- age   6:       1624 bytes,     529776 total
: 657235K->1290K(737280K), 0.0061220 secs] 1648621K->992681K(1761280K), 0.0062510 secs] [Times: user=0.04 sys=0.00, real=0.01 secs] 
523.036: [CMS-concurrent-sweep: 1.412/1.465 secs] [Times: user=10.80 sys=0.22, real=1.47 secs] 
523.036: [CMS-concurrent-reset-start]
523.076: [GC523.076: [ParNew
Desired survivor size 41943040 bytes, new threshold 6 (max 6)
- age   1:    2402368 bytes,    2402368 total
- age   2:       1832 bytes,    2404200 total
- age   3:        560 bytes,    2404760 total
- age   4:      16896 bytes,    2421656 total
- age   5:       4112 bytes,    2425768 total
- age   6:        688 bytes,    2426456 total
: 656650K->2647K(737280K), 0.0074720 secs] 1647827K->993826K(1761280K), 0.0076150 secs] [Times: user=0.05 sys=0.00, real=0.00 secs] 
523.124: [CMS-concurrent-reset: 0.079/0.088 secs] [Times: user=0.66 sys=0.01, real=0.08 secs] 
523.293: [GC523.293: [ParNew
Desired survivor size 41943040 bytes, new threshold 6 (max 6)
- age   1:     683856 bytes,     683856 total
- age   2:       1504 bytes,     685360 total
- age   3:       1832 bytes,     687192 total
- age   4:        560 bytes,     687752 total
- age   5:      16896 bytes,     704648 total
- age   6:       4112 bytes,     708760 total
: 658007K->1906K(737280K), 0.0063060 secs] 1649186K->993085K(1761280K), 0.0064400 secs] [Times: user=0.05 sys=0.00, real=0.01 secs] 
523.302: [GC [1 CMS-initial-mark: 991179K(1024000K)] 997701K(1761280K), 0.0076140 secs] [Times: user=0.01 sys=0.00, real=0.01 secs] 
523.310: [CMS-concurrent-mark-start]
523.551: [GC523.551: [ParNew
Desired survivor size 41943040 bytes, new threshold 6 (max 6)
- age   1:     949256 bytes,     949256 total
- age   2:       1888 bytes,     951144 total
- age   3:       1432 bytes,     952576 total
- age   4:       1832 bytes,     954408 total
- age   5:        560 bytes,     954968 total
- age   6:      16896 bytes,     971864 total
: 657266K->1299K(737280K), 0.0064080 secs] 1648445K->992483K(1761280K), 0.0065860 secs] [Times: user=0.04 sys=0.00, real=0.01 secs] 
523.787: [GC523.787: [ParNew
Desired survivor size 41943040 bytes, new threshold 6 (max 6)
- age   1:    1682368 bytes,    1682368 total
- age   2:       4000 bytes,    1686368 total
- age   3:       1712 bytes,    1688080 total
- age   4:       1336 bytes,    1689416 total
- age   5:       1760 bytes,    1691176 total
- age   6:        560 bytes,    1691736 total
: 656659K->2185K(737280K), 0.0070630 secs] 1647843K->993386K(1761280K), 0.0071990 secs] [Times: user=0.05 sys=0.00, real=0.00 secs] 
524.039: [GC524.039: [ParNew
Desired survivor size 41943040 bytes, new threshold 6 (max 6)
- age   1:    1125992 bytes,    1125992 total
- age   2:       8984 bytes,    1134976 total
- age   3:       3784 bytes,    1138760 total
- age   4:       1568 bytes,    1140328 total
- age   5:       1072 bytes,    1141400 total
- age   6:       1592 bytes,    1142992 total
: 657545K->2004K(737280K), 0.0067520 secs] 1648746K->993205K(1761280K), 0.0068830 secs] [Times: user=0.04 sys=0.00, real=0.00 secs] 
524.292: [GC524.292: [ParNew
Desired survivor size 41943040 bytes, new threshold 6 (max 6)
- age   1:     834992 bytes,     834992 total
- age   2:       1320 bytes,     836312 total
- age   3:       8984 bytes,     845296 total
- age   4:       3784 bytes,     849080 total
- age   5:       1536 bytes,     850616 total
- age   6:       1072 bytes,     851688 total
: 657364K->1272K(737280K), 0.0063000 secs] 1648565K->992475K(1761280K), 0.0064900 secs] [Times: user=0.04 sys=0.00, real=0.01 secs] 
524.531: [GC524.532: [ParNew
Desired survivor size 41943040 bytes, new threshold 6 (max 6)
- age   1:     910056 bytes,     910056 total
- age   2:       8184 bytes,     918240 total
- age   3:       1224 bytes,     919464 total
- age   4:       8888 bytes,     928352 total
- age   5:       3688 bytes,     932040 total
- age   6:       1416 bytes,     933456 total
: 656632K->1331K(737280K), 0.0063650 secs] 1647835K->992536K(1761280K), 0.0065470 secs] [Times: user=0.04 sys=0.00, real=0.01 secs] 
524.776: [GC524.776: [ParNew
Desired survivor size 41943040 bytes, new threshold 6 (max 6)
- age   1:    1658648 bytes,    1658648 total
- age   2:      44816 bytes,    1703464 total
- age   3:       7864 bytes,    1711328 total
- age   4:       1032 bytes,    1712360 total
- age   5:       8600 bytes,    1720960 total
- age   6:       3544 bytes,    1724504 total
: 656691K->2221K(737280K), 0.0076160 secs] 1647896K->993427K(1761280K), 0.0077680 secs] [Times: user=0.04 sys=0.00, real=0.00 secs] 
525.032: [GC525.032: [ParNew
Desired survivor size 41943040 bytes, new threshold 6 (max 6)
- age   1:     362624 bytes,     362624 total
- age   2:      10528 bytes,     373152 total
- age   3:      44528 bytes,     417680 total
- age   4:       7744 bytes,     425424 total
- age   5:        816 bytes,     426240 total
- age   6:       8336 bytes,     434576 total
: 657581K->1485K(737280K), 0.0061220 secs] 1648787K->992695K(1761280K), 0.0062590 secs] [Times: user=0.05 sys=0.00, real=0.01 secs] 
525.274: [GC525.275: [ParNew
Desired survivor size 41943040 bytes, new threshold 6 (max 6)
- age   1:    1828384 bytes,    1828384 total
- age   2:       7184 bytes,    1835568 total
- age   3:      10456 bytes,    1846024 total
- age   4:      44528 bytes,    1890552 total
- age   5:       7744 bytes,    1898296 total
- age   6:        792 bytes,    1899088 total
: 656845K->2148K(737280K), 0.0073210 secs] 1648055K->993367K(1761280K), 0.0074790 secs] [Times: user=0.05 sys=0.01, real=0.01 secs] 
525.526: [GC525.526: [ParNew
Desired survivor size 41943040 bytes, new threshold 6 (max 6)
- age   1:    1701728 bytes,    1701728 total
- age   2:       5344 bytes,    1707072 total
- age   3:       7136 bytes,    1714208 total
- age   4:      10456 bytes,    1724664 total
- age   5:      44528 bytes,    1769192 total
- age   6:       7744 bytes,    1776936 total
: 657508K->2643K(737280K), 0.0070640 secs] 1648727K->993862K(1761280K), 0.0071910 secs] [Times: user=0.05 sys=0.00, real=0.00 secs] 
525.768: [GC525.768: [ParNew
Desired survivor size 41943040 bytes, new threshold 6 (max 6)
- age   1:    3967024 bytes,    3967024 total
- age   2:       4488 bytes,    3971512 total
- age   3:       5008 bytes,    3976520 total
- age   4:       7040 bytes,    3983560 total
- age   5:      10408 bytes,    3993968 total
- age   6:      38200 bytes,    4032168 total
: 658003K->4617K(737280K), 0.0477190 secs] 1649222K->995844K(1761280K), 0.0478880 secs] [Times: user=0.07 sys=0.00, real=0.05 secs] 
526.067: [GC526.068: [ParNew
Desired survivor size 41943040 bytes, new threshold 6 (max 6)
- age   1:    1273672 bytes,    1273672 total
- age   2:      25080 bytes,    1298752 total
- age   3:       4488 bytes,    1303240 total
- age   4:       4984 bytes,    1308224 total
- age   5:       7016 bytes,    1315240 total
- age   6:      10376 bytes,    1325616 total
: 659977K->3373K(737280K), 0.0066440 secs] 1651204K->994638K(1761280K), 0.0068290 secs] [Times: user=0.04 sys=0.00, real=0.00 secs] 
526.314: [GC526.315: [ParNew
Desired survivor size 41943040 bytes, new threshold 6 (max 6)
- age   1:     560888 bytes,     560888 total
- age   2:       1064 bytes,     561952 total
- age   3:      24888 bytes,     586840 total
- age   4:       4344 bytes,     591184 total
- age   5:       4696 bytes,     595880 total
- age   6:       6704 bytes,     602584 total
: 658733K->1166K(737280K), 0.0059830 secs] 1649998K->992442K(1761280K), 0.0061820 secs] [Times: user=0.03 sys=0.00, real=0.01 secs] 
526.557: [GC526.557: [ParNew
Desired survivor size 41943040 bytes, new threshold 6 (max 6)
- age   1:     805328 bytes,     805328 total
- age   2:       8864 bytes,     814192 total
- age   3:        992 bytes,     815184 total
- age   4:      24864 bytes,     840048 total
- age   5:       4296 bytes,     844344 total
- age   6:       4528 bytes,     848872 total
: 656526K->1216K(737280K), 0.0064850 secs] 1647802K->992498K(1761280K), 0.0066210 secs] [Times: user=0.05 sys=0.00, real=0.00 secs] 
526.798: [GC526.798: [ParNew
Desired survivor size 41943040 bytes, new threshold 6 (max 6)
- age   1:     512144 bytes,     512144 total
- age   2:       5320 bytes,     517464 total
- age   3:       8720 bytes,     526184 total
- age   4:        872 bytes,     527056 total
- age   5:      24816 bytes,     551872 total
- age   6:       4296 bytes,     556168 total
: 656576K->1031K(737280K), 0.0061150 secs] 1647858K->992317K(1761280K), 0.0062550 secs] [Times: user=0.04 sys=0.00, real=0.00 secs] 
527.050: [GC527.050: [ParNew
Desired survivor size 41943040 bytes, new threshold 6 (max 6)
- age   1:    1191480 bytes,    1191480 total
- age   2:       8168 bytes,    1199648 total
- age   3:       4912 bytes,    1204560 total
- age   4:       8456 bytes,    1213016 total
- age   5:        632 bytes,    1213648 total
- age   6:      24552 bytes,    1238200 total
: 656391K->1369K(737280K), 0.0067760 secs] 1647677K->992660K(1761280K), 0.0069120 secs] [Times: user=0.04 sys=0.00, real=0.01 secs] 
527.355: [GC527.355: [ParNew
Desired survivor size 41943040 bytes, new threshold 6 (max 6)
- age   1:    1395592 bytes,    1395592 total
- age   2:       5712 bytes,    1401304 total
- age   3:       8168 bytes,    1409472 total
- age   4:       4912 bytes,    1414384 total
- age   5:       8456 bytes,    1422840 total
- age   6:        576 bytes,    1423416 total
: 656729K->2009K(737280K), 0.0085290 secs] 1648020K->993325K(1761280K), 0.0086680 secs] [Times: user=0.04 sys=0.00, real=0.01 secs] 
527.630: [GC527.630: [ParNew
Desired survivor size 41943040 bytes, new threshold 6 (max 6)
- age   1:    1676328 bytes,    1676328 total
- age   2:       1520 bytes,    1677848 total
- age   3:       5424 bytes,    1683272 total
- age   4:       7928 bytes,    1691200 total
- age   5:       4864 bytes,    1696064 total
- age   6:       8456 bytes,    1704520 total
: 657369K->2425K(737280K), 0.0070040 secs] 1648685K->993742K(1761280K), 0.0071360 secs] [Times: user=0.05 sys=0.00, real=0.01 secs] 
527.883: [GC527.883: [ParNew
Desired survivor size 41943040 bytes, new threshold 6 (max 6)
- age   1:     134176 bytes,     134176 total
- age   2:       2216 bytes,     136392 total
- age   3:       1280 bytes,     137672 total
- age   4:       5160 bytes,     142832 total
- age   5:       7712 bytes,     150544 total
- age   6:       4792 bytes,     155336 total
: 657785K->1571K(737280K), 0.0166250 secs] 1649102K->992896K(1761280K), 0.0169930 secs] [Times: user=0.06 sys=0.00, real=0.02 secs] 
528.140: [GC528.140: [ParNew
Desired survivor size 41943040 bytes, new threshold 6 (max 6)
- age   1:    1701088 bytes,    1701088 total
- age   2:      11920 bytes,    1713008 total
- age   3:       2120 bytes,    1715128 total
- age   4:       1256 bytes,    1716384 total
- age   5:       5136 bytes,    1721520 total
- age   6:       7712 bytes,    1729232 total
: 656931K->1896K(737280K), 0.0075240 secs] 1648256K->993226K(1761280K), 0.0076560 secs] [Times: user=0.05 sys=0.01, real=0.01 secs] 
528.385: [GC528.385: [ParNew
Desired survivor size 41943040 bytes, new threshold 6 (max 6)
- age   1:     737904 bytes,     737904 total
- age   2:       6584 bytes,     744488 total
- age   3:      11848 bytes,     756336 total
- age   4:       1976 bytes,     758312 total
- age   5:       1232 bytes,     759544 total
- age   6:       5040 bytes,     764584 total
: 657256K->1371K(737280K), 0.0065560 secs] 1648586K->992710K(1761280K), 0.0067120 secs] [Times: user=0.04 sys=0.00, real=0.01 secs] 
528.711: [GC528.711: [ParNew
Desired survivor size 41943040 bytes, new threshold 6 (max 6)
- age   1:    2728616 bytes,    2728616 total
- age   2:       9320 bytes,    2737936 total
- age   3:       6440 bytes,    2744376 total
- age   4:      11752 bytes,    2756128 total
- age   5:       1976 bytes,    2758104 total
- age   6:       1200 bytes,    2759304 total
: 656731K->3115K(737280K), 0.0142390 secs] 1648070K->994458K(1761280K), 0.0143680 secs] [Times: user=0.07 sys=0.00, real=0.01 secs] 
528.976: [GC528.976: [ParNew
Desired survivor size 41943040 bytes, new threshold 6 (max 6)
- age   1:    1139808 bytes,    1139808 total
- age   2:       3184 bytes,    1142992 total
- age   3:       9080 bytes,    1152072 total
- age   4:       6320 bytes,    1158392 total
- age   5:      11728 bytes,    1170120 total
- age   6:       1976 bytes,    1172096 total
: 658475K->2176K(737280K), 0.0069840 secs] 1649818K->993522K(1761280K), 0.0071530 secs] [Times: user=0.05 sys=0.00, real=0.00 secs] 
529.202: [GC529.202: [ParNew
Desired survivor size 41943040 bytes, new threshold 6 (max 6)
- age   1:    2819400 bytes,    2819400 total
- age   2:       1696 bytes,    2821096 total
- age   3:       3184 bytes,    2824280 total
- age   4:       9048 bytes,    2833328 total
- age   5:       6296 bytes,    2839624 total
- age   6:      11728 bytes,    2851352 total
: 657536K->3163K(737280K), 0.0080370 secs] 1648882K->994511K(1761280K), 0.0081680 secs] [Times: user=0.06 sys=0.00, real=0.01 secs] 
529.442: [GC529.442: [ParNew
Desired survivor size 41943040 bytes, new threshold 6 (max 6)
- age   1:    1359360 bytes,    1359360 total
- age   2:       4632 bytes,    1363992 total
- age   3:       1696 bytes,    1365688 total
- age   4:       3160 bytes,    1368848 total
- age   5:       9048 bytes,    1377896 total
- age   6:       6296 bytes,    1384192 total
: 658523K->2331K(737280K), 0.0068070 secs] 1649871K->993691K(1761280K), 0.0069480 secs] [Times: user=0.05 sys=0.00, real=0.01 secs] 
529.682: [GC529.682: [ParNew
Desired survivor size 41943040 bytes, new threshold 6 (max 6)
- age   1:     191880 bytes,     191880 total
- age   2:       4384 bytes,     196264 total
- age   3:       4456 bytes,     200720 total
- age   4:       1360 bytes,     202080 total
- age   5:       3064 bytes,     205144 total
- age   6:       8784 bytes,     213928 total
: 657691K->1089K(737280K), 0.0066200 secs] 1649051K->992455K(1761280K), 0.0067700 secs] [Times: user=0.05 sys=0.00, real=0.01 secs] 
529.749: [CMS-concurrent-mark: 6.140/6.440 secs] [Times: user=46.63 sys=0.89, real=6.44 secs] 
529.750: [CMS-concurrent-preclean-start]
529.764: [CMS-concurrent-preclean: 0.014/0.015 secs] [Times: user=0.11 sys=0.01, real=0.01 secs] 
529.764: [CMS-concurrent-abortable-preclean-start]
529.916: [GC529.916: [ParNew
Desired survivor size 41943040 bytes, new threshold 6 (max 6)
- age   1:     962912 bytes,     962912 total
- age   2:       4416 bytes,     967328 total
- age   3:       4288 bytes,     971616 total
- age   4:       4360 bytes,     975976 total
- age   5:       1192 bytes,     977168 total
- age   6:       3016 bytes,     980184 total
: 656449K->1098K(737280K), 0.0067950 secs] 1647815K->992473K(1761280K), 0.0069610 secs] [Times: user=0.04 sys=0.00, real=0.01 secs] 
530.079: [CMS-concurrent-abortable-preclean: 0.086/0.315 secs] [Times: user=2.31 sys=0.04, real=0.32 secs] 
530.083: [GC[YG occupancy: 498922 K (737280 K)]530.083: [Rescan (parallel) , 0.3149400 secs]530.398: [weak refs processing, 0.0000330 secs]530.398: [scrub string table, 0.0010080 secs] [1 CMS-remark: 991375K(1024000K)] 1490297K(1761280K), 0.3161190 secs] [Times: user=2.06 sys=0.01, real=0.32 secs] 
530.399: [CMS-concurrent-sweep-start]
530.466: [GC530.466: [ParNew
Desired survivor size 41943040 bytes, new threshold 6 (max 6)
- age   1:    1194488 bytes,    1194488 total
- age   2:       8088 bytes,    1202576 total
- age   3:       4224 bytes,    1206800 total
- age   4:       4216 bytes,    1211016 total
- age   5:       4312 bytes,    1215328 total
- age   6:       1048 bytes,    1216376 total
: 656458K->1579K(737280K), 0.0066000 secs] 1647826K->992950K(1761280K), 0.0068200 secs] [Times: user=0.04 sys=0.00, real=0.01 secs] 
530.721: [GC530.721: [ParNew
Desired survivor size 41943040 bytes, new threshold 6 (max 6)
- age   1:    1547360 bytes,    1547360 total
- age   2:      11592 bytes,    1558952 total
- age   3:       7968 bytes,    1566920 total
- age   4:       4080 bytes,    1571000 total
- age   5:       4216 bytes,    1575216 total
- age   6:       4312 bytes,    1579528 total
: 656939K->1904K(737280K), 0.0068000 secs] 1648309K->993276K(1761280K), 0.0069440 secs] [Times: user=0.04 sys=0.00, real=0.01 secs] 
530.982: [GC530.982: [ParNew
Desired survivor size 41943040 bytes, new threshold 6 (max 6)
- age   1:    1413688 bytes,    1413688 total
- age   2:       2152 bytes,    1415840 total
- age   3:      11592 bytes,    1427432 total
- age   4:       7944 bytes,    1435376 total
- age   5:       4080 bytes,    1439456 total
- age   6:       4216 bytes,    1443672 total
: 657264K->2143K(737280K), 0.0067260 secs] 1648636K->993519K(1761280K), 0.0068630 secs] [Times: user=0.05 sys=0.00, real=0.01 secs] 
531.229: [GC531.229: [ParNew
Desired survivor size 41943040 bytes, new threshold 6 (max 6)
- age   1:     869856 bytes,     869856 total
- age   2:       1304 bytes,     871160 total
- age   3:       1744 bytes,     872904 total
- age   4:      11208 bytes,     884112 total
- age   5:       7680 bytes,     891792 total
- age   6:       3984 bytes,     895776 total
: 657503K->1768K(737280K), 0.0102580 secs] 1648879K->993148K(1761280K), 0.0104630 secs] [Times: user=0.07 sys=0.00, real=0.01 secs] 
531.501: [GC531.501: [ParNew
Desired survivor size 41943040 bytes, new threshold 6 (max 6)
- age   1:    1099736 bytes,    1099736 total
- age   2:      11808 bytes,    1111544 total
- age   3:       1304 bytes,    1112848 total
- age   4:       1744 bytes,    1114592 total
- age   5:      11208 bytes,    1125800 total
- age   6:       7680 bytes,    1133480 total
: 657128K->1533K(737280K), 0.0068100 secs] 1648508K->992918K(1761280K), 0.0070140 secs] [Times: user=0.04 sys=0.00, real=0.01 secs] 
531.614: [CMS-concurrent-sweep: 1.158/1.214 secs] [Times: user=8.90 sys=0.17, real=1.21 secs] 
531.614: [CMS-concurrent-reset-start]
531.648: [CMS-concurrent-reset: 0.034/0.034 secs] [Times: user=0.27 sys=0.00, real=0.04 secs] 
531.732: [GC531.732: [ParNew
Desired survivor size 41943040 bytes, new threshold 6 (max 6)
- age   1:    2410328 bytes,    2410328 total
- age   2:     326808 bytes,    2737136 total
- age   3:      11704 bytes,    2748840 total
- age   4:       1304 bytes,    2750144 total
- age   5:       1744 bytes,    2751888 total
- age   6:      11208 bytes,    2763096 total
: 656893K->3126K(737280K), 0.0077470 secs] 1648240K->994481K(1761280K), 0.0079150 secs] [Times: user=0.05 sys=0.00, real=0.01 secs] 
531.741: [GC [1 CMS-initial-mark: 991354K(1024000K)] 996633K(1761280K), 0.0070020 secs] [Times: user=0.01 sys=0.00, real=0.01 secs] 
531.748: [CMS-concurrent-mark-start]
532.005: [GC532.006: [ParNew
Desired survivor size 41943040 bytes, new threshold 6 (max 6)
- age   1:    1928072 bytes,    1928072 total
- age   2:     496600 bytes,    2424672 total
- age   3:     326376 bytes,    2751048 total
- age   4:      11584 bytes,    2762632 total
- age   5:       1088 bytes,    2763720 total
- age   6:       1528 bytes,    2765248 total
: 658486K->3979K(737280K), 0.0082050 secs] 1649841K->995345K(1761280K), 0.0083720 secs] [Times: user=0.04 sys=0.01, real=0.01 secs] 
532.243: [GC532.243: [ParNew
Desired survivor size 41943040 bytes, new threshold 6 (max 6)
- age   1:    1413224 bytes,    1413224 total
- age   2:     104728 bytes,    1517952 total
- age   3:      99608 bytes,    1617560 total
- age   4:      89744 bytes,    1707304 total
- age   5:      11560 bytes,    1718864 total
- age   6:       1088 bytes,    1719952 total
: 659339K->3566K(737280K), 0.0077870 secs] 1650705K->994934K(1761280K), 0.0079820 secs] [Times: user=0.05 sys=0.00, real=0.01 secs] 
532.474: [GC532.474: [ParNew
Desired survivor size 41943040 bytes, new threshold 6 (max 6)
- age   1:     773952 bytes,     773952 total
- age   2:      53480 bytes,     827432 total
- age   3:     104656 bytes,     932088 total
- age   4:      99464 bytes,    1031552 total
- age   5:      89624 bytes,    1121176 total
- age   6:      11368 bytes,    1132544 total
: 658926K->1917K(737280K), 0.0064200 secs] 1650294K->993286K(1761280K), 0.0066170 secs] [Times: user=0.04 sys=0.00, real=0.01 secs] 
532.709: [GC532.709: [ParNew
Desired survivor size 41943040 bytes, new threshold 6 (max 6)
- age   1:    1159024 bytes,    1159024 total
- age   2:      18312 bytes,    1177336 total
- age   3:      53408 bytes,    1230744 total
- age   4:     104488 bytes,    1335232 total
- age   5:      93616 bytes,    1428848 total
- age   6:      89624 bytes,    1518472 total
: 657277K->1927K(737280K), 0.0066090 secs] 1648646K->993309K(1761280K), 0.0067400 secs] [Times: user=0.04 sys=0.00, real=0.00 secs] 
532.967: [GC532.967: [ParNew
Desired survivor size 41943040 bytes, new threshold 6 (max 6)
- age   1:     634216 bytes,     634216 total
- age   2:       9936 bytes,     644152 total
- age   3:      17928 bytes,     662080 total
- age   4:      53216 bytes,     715296 total
- age   5:     104272 bytes,     819568 total
- age   6:      93424 bytes,     912992 total
: 657287K->1619K(737280K), 0.0067710 secs] 1648669K->993088K(1761280K), 0.0069120 secs] [Times: user=0.04 sys=0.00, real=0.01 secs] 
533.211: [GC533.212: [ParNew
Desired survivor size 41943040 bytes, new threshold 6 (max 6)
- age   1:    1264264 bytes,    1264264 total
- age   2:       5752 bytes,    1270016 total
- age   3:       9744 bytes,    1279760 total
- age   4:      17808 bytes,    1297568 total
- age   5:      53048 bytes,    1350616 total
- age   6:     101064 bytes,    1451680 total
: 656979K->1728K(737280K), 0.0067140 secs] 1648448K->993284K(1761280K), 0.0068610 secs] [Times: user=0.04 sys=0.00, real=0.01 secs] 
533.466: [GC533.466: [ParNew
Desired survivor size 41943040 bytes, new threshold 6 (max 6)
- age   1:    2141368 bytes,    2141368 total
- age   2:      14864 bytes,    2156232 total
- age   3:       5680 bytes,    2161912 total
- age   4:       9744 bytes,    2171656 total
- age   5:      17808 bytes,    2189464 total
- age   6:      49848 bytes,    2239312 total
: 657088K->2916K(737280K), 0.0076820 secs] 1648644K->994571K(1761280K), 0.0078120 secs] [Times: user=0.06 sys=0.00, real=0.01 secs] 
533.712: [GC533.713: [ParNew
Desired survivor size 41943040 bytes, new threshold 6 (max 6)
- age   1:    1264896 bytes,    1264896 total
- age   2:       4608 bytes,    1269504 total
- age   3:      14672 bytes,    1284176 total
- age   4:       5632 bytes,    1289808 total
- age   5:       9672 bytes,    1299480 total
- age   6:      17712 bytes,    1317192 total
: 658276K->1947K(737280K), 0.0068710 secs] 1649931K->993651K(1761280K), 0.0070100 secs] [Times: user=0.04 sys=0.01, real=0.01 secs] 
533.968: [GC533.968: [ParNew
Desired survivor size 41943040 bytes, new threshold 6 (max 6)
- age   1:    1268448 bytes,    1268448 total
- age   2:      14904 bytes,    1283352 total
- age   3:       4608 bytes,    1287960 total
- age   4:      11240 bytes,    1299200 total
- age   5:       5608 bytes,    1304808 total
- age   6:       9672 bytes,    1314480 total
: 657307K->1995K(737280K), 0.0067900 secs] 1649011K->993718K(1761280K), 0.0069860 secs] [Times: user=0.05 sys=0.00, real=0.00 secs] 
534.220: [GC534.220: [ParNew
Desired survivor size 41943040 bytes, new threshold 6 (max 6)
- age   1:    1010256 bytes,    1010256 total
- age   2:      15624 bytes,    1025880 total
- age   3:      14784 bytes,    1040664 total
- age   4:       4584 bytes,    1045248 total
- age   5:      11168 bytes,    1056416 total
- age   6:       5608 bytes,    1062024 total
: 657355K->1657K(737280K), 0.0070110 secs] 1649078K->993388K(1761280K), 0.0072240 secs] [Times: user=0.04 sys=0.00, real=0.01 secs] 
534.486: [GC534.486: [ParNew
Desired survivor size 41943040 bytes, new threshold 6 (max 6)
- age   1:     105352 bytes,     105352 total
- age   2:       8544 bytes,     113896 total
- age   3:      15216 bytes,     129112 total
- age   4:      14544 bytes,     143656 total
- age   5:       4368 bytes,     148024 total
- age   6:      10904 bytes,     158928 total
: 657017K->1109K(737280K), 0.0059470 secs] 1648748K->992846K(1761280K), 0.0060780 secs] [Times: user=0.04 sys=0.00, real=0.01 secs] 
534.736: [GC534.736: [ParNew
Desired survivor size 41943040 bytes, new threshold 6 (max 6)
- age   1:    1435128 bytes,    1435128 total
- age   2:      16728 bytes,    1451856 total
- age   3:       8544 bytes,    1460400 total
- age   4:      15216 bytes,    1475616 total
- age   5:      14544 bytes,    1490160 total
- age   6:       4368 bytes,    1494528 total
: 656469K->1616K(737280K), 0.0067020 secs] 1648206K->993364K(1761280K), 0.0068810 secs] [Times: user=0.04 sys=0.00, real=0.01 secs] 
534.982: [GC534.982: [ParNew
Desired survivor size 41943040 bytes, new threshold 6 (max 6)
- age   1:    1159680 bytes,    1159680 total
- age   2:       4248 bytes,    1163928 total
- age   3:      16728 bytes,    1180656 total
- age   4:       8544 bytes,    1189200 total
- age   5:      15192 bytes,    1204392 total
- age   6:      14544 bytes,    1218936 total
: 656976K->1893K(737280K), 0.0069160 secs] 1648724K->993645K(1761280K), 0.0070610 secs] [Times: user=0.04 sys=0.00, real=0.01 secs] 
535.230: [GC535.230: [ParNew
Desired survivor size 41943040 bytes, new threshold 6 (max 6)
- age   1:    1860064 bytes,    1860064 total
- age   2:       1632 bytes,    1861696 total
- age   3:       3976 bytes,    1865672 total
- age   4:      16456 bytes,    1882128 total
- age   5:       8472 bytes,    1890600 total
- age   6:      15072 bytes,    1905672 total
: 657253K->2664K(737280K), 0.0104490 secs] 1649005K->994431K(1761280K), 0.0105860 secs] [Times: user=0.06 sys=0.00, real=0.01 secs] 
535.473: [GC535.474: [ParNew
Desired survivor size 41943040 bytes, new threshold 6 (max 6)
- age   1:     765928 bytes,     765928 total
- age   2:      21944 bytes,     787872 total
- age   3:       1440 bytes,     789312 total
- age   4:       3904 bytes,     793216 total
- age   5:      16336 bytes,     809552 total
- age   6:       8400 bytes,     817952 total
: 658024K->1691K(737280K), 0.0061350 secs] 1649791K->993474K(1761280K), 0.0062700 secs] [Times: user=0.04 sys=0.00, real=0.01 secs] 
535.708: [GC535.708: [ParNew
Desired survivor size 41943040 bytes, new threshold 6 (max 6)
- age   1:     345208 bytes,     345208 total
- age   2:      18472 bytes,     363680 total
- age   3:      21752 bytes,     385432 total
- age   4:       1392 bytes,     386824 total
- age   5:       3856 bytes,     390680 total
- age   6:      16168 bytes,     406848 total
: 657051K->812K(737280K), 0.0062440 secs] 1648834K->992604K(1761280K), 0.0063700 secs] [Times: user=0.04 sys=0.00, real=0.00 secs] 
535.972: [GC535.972: [ParNew
Desired survivor size 41943040 bytes, new threshold 6 (max 6)
- age   1:    1677248 bytes,    1677248 total
- age   2:       4352 bytes,    1681600 total
- age   3:      18424 bytes,    1700024 total
- age   4:      21672 bytes,    1721696 total
- age   5:       1296 bytes,    1722992 total
- age   6:       3736 bytes,    1726728 total
: 656172K->1895K(737280K), 0.0072700 secs] 1647964K->993702K(1761280K), 0.0074180 secs] [Times: user=0.04 sys=0.00, real=0.01 secs] 
536.199: [GC536.199: [ParNew
Desired survivor size 41943040 bytes, new threshold 6 (max 6)
- age   1:    1439040 bytes,    1439040 total
- age   2:       4480 bytes,    1443520 total
- age   3:       4256 bytes,    1447776 total
- age   4:      18232 bytes,    1466008 total
- age   5:      21528 bytes,    1487536 total
- age   6:       1104 bytes,    1488640 total
: 657255K->2189K(737280K), 0.0070050 secs] 1649062K->994000K(1761280K), 0.0071450 secs] [Times: user=0.05 sys=0.01, real=0.00 secs] 
536.423: [GC536.423: [ParNew
Desired survivor size 41943040 bytes, new threshold 6 (max 6)
- age   1:     786352 bytes,     786352 total
- age   2:       1664 bytes,     788016 total
- age   3:       4424 bytes,     792440 total
- age   4:       4256 bytes,     796696 total
- age   5:      18232 bytes,     814928 total
- age   6:      21528 bytes,     836456 total
: 657549K->1605K(737280K), 0.0060890 secs] 1649360K->993418K(1761280K), 0.0062200 secs] [Times: user=0.04 sys=0.00, real=0.01 secs] 
536.651: [GC536.651: [ParNew
Desired survivor size 41943040 bytes, new threshold 6 (max 6)
- age   1:    2870920 bytes,    2870920 total
- age   2:       5288 bytes,    2876208 total
- age   3:       1496 bytes,    2877704 total
- age   4:       4304 bytes,    2882008 total
- age   5:       4160 bytes,    2886168 total
- age   6:      18112 bytes,    2904280 total
: 656965K->3066K(737280K), 0.0082270 secs] 1648778K->994900K(1761280K), 0.0083760 secs] [Times: user=0.05 sys=0.00, real=0.01 secs] 
536.901: [GC536.901: [ParNew
Desired survivor size 41943040 bytes, new threshold 6 (max 6)
- age   1:     945000 bytes,     945000 total
- age   2:      11616 bytes,     956616 total
- age   3:       5192 bytes,     961808 total
- age   4:       1496 bytes,     963304 total
- age   5:       4280 bytes,     967584 total
- age   6:       4160 bytes,     971744 total
: 658426K->2292K(737280K), 0.0065870 secs] 1650260K->994144K(1761280K), 0.0067280 secs] [Times: user=0.05 sys=0.00, real=0.00 secs] 
537.112: [GC537.112: [ParNew
Desired survivor size 41943040 bytes, new threshold 6 (max 6)
- age   1:    2731320 bytes,    2731320 total
- age   2:       4552 bytes,    2735872 total
- age   3:      11568 bytes,    2747440 total
- age   4:       5168 bytes,    2752608 total
- age   5:       1496 bytes,    2754104 total
- age   6:       4280 bytes,    2758384 total
: 657652K->3251K(737280K), 0.0082440 secs] 1649504K->995108K(1761280K), 0.0083840 secs] [Times: user=0.05 sys=0.00, real=0.01 secs] 
537.353: [GC537.353: [ParNew
Desired survivor size 41943040 bytes, new threshold 6 (max 6)
- age   1:    1024400 bytes,    1024400 total
- age   2:       6024 bytes,    1030424 total
- age   3:       4360 bytes,    1034784 total
- age   4:      11496 bytes,    1046280 total
- age   5:       5096 bytes,    1051376 total
- age   6:       1344 bytes,    1052720 total
: 658611K->2252K(737280K), 0.0064560 secs] 1650468K->994113K(1761280K), 0.0066220 secs] [Times: user=0.04 sys=0.00, real=0.01 secs] 
537.580: [GC537.580: [ParNew
Desired survivor size 41943040 bytes, new threshold 6 (max 6)
- age   1:    1356168 bytes,    1356168 total
- age   2:       4752 bytes,    1360920 total
- age   3:       5928 bytes,    1366848 total
- age   4:       4216 bytes,    1371064 total
- age   5:      11496 bytes,    1382560 total
- age   6:       5048 bytes,    1387608 total
: 657612K->1897K(737280K), 0.0068480 secs] 1649473K->993759K(1761280K), 0.0069970 secs] [Times: user=0.04 sys=0.00, real=0.00 secs] 
537.811: [GC537.811: [ParNew
Desired survivor size 41943040 bytes, new threshold 6 (max 6)
- age   1:    1498216 bytes,    1498216 total
- age   2:       3984 bytes,    1502200 total
- age   3:       4360 bytes,    1506560 total
- age   4:       5712 bytes,    1512272 total
- age   5:       3976 bytes,    1516248 total
- age   6:      11352 bytes,    1527600 total
: 657257K->2350K(737280K), 0.0070680 secs] 1649119K->994218K(1761280K), 0.0072220 secs] [Times: user=0.04 sys=0.00, real=0.01 secs] 
538.051: [GC538.051: [ParNew
Desired survivor size 41943040 bytes, new threshold 6 (max 6)
- age   1:     718864 bytes,     718864 total
- age   2:       5944 bytes,     724808 total
- age   3:       3744 bytes,     728552 total
- age   4:       4144 bytes,     732696 total
- age   5:       5616 bytes,     738312 total
- age   6:       3592 bytes,     741904 total
: 657710K->1432K(737280K), 0.0062720 secs] 1649578K->993311K(1761280K), 0.0064580 secs] [Times: user=0.04 sys=0.00, real=0.00 secs] 
538.305: [GC538.305: [ParNew
Desired survivor size 41943040 bytes, new threshold 6 (max 6)
- age   1:    2439144 bytes,    2439144 total
- age   2:       9224 bytes,    2448368 total
- age   3:       5944 bytes,    2454312 total
- age   4:       3744 bytes,    2458056 total
- age   5:       4120 bytes,    2462176 total
- age   6:       5616 bytes,    2467792 total
: 656792K->2676K(737280K), 0.0082430 secs] 1648671K->994559K(1761280K), 0.0084860 secs] [Times: user=0.06 sys=0.00, real=0.01 secs] 
538.534: [GC538.534: [ParNew
Desired survivor size 41943040 bytes, new threshold 6 (max 6)
- age   1:    1548600 bytes,    1548600 total
- age   2:       2608 bytes,    1551208 total
- age   3:       8912 bytes,    1560120 total
- age   4:       5680 bytes,    1565800 total
- age   5:       3624 bytes,    1569424 total
- age   6:       4048 bytes,    1573472 total
: 658036K->2210K(737280K), 0.0067610 secs] 1649919K->994099K(1761280K), 0.0069120 secs] [Times: user=0.05 sys=0.01, real=0.01 secs] 
538.751: [GC538.751: [ParNew
Desired survivor size 41943040 bytes, new threshold 6 (max 6)
- age   1:     800136 bytes,     800136 total
- age   2:       7056 bytes,     807192 total
- age   3:        584 bytes,     807776 total
- age   4:       8840 bytes,     816616 total
- age   5:       5680 bytes,     822296 total
- age   6:       3624 bytes,     825920 total
: 657570K->1849K(737280K), 0.0068470 secs] 1649459K->993742K(1761280K), 0.0069650 secs] [Times: user=0.03 sys=0.00, real=0.01 secs] 
538.999: [GC538.999: [ParNew
Desired survivor size 41943040 bytes, new threshold 6 (max 6)
- age   1:     870360 bytes,     870360 total
- age   2:       8160 bytes,     878520 total
- age   3:       6936 bytes,     885456 total
- age   4:        512 bytes,     885968 total
- age   5:       8744 bytes,     894712 total
- age   6:       5680 bytes,     900392 total
: 657209K->1248K(737280K), 0.0064870 secs] 1649102K->993145K(1761280K), 0.0066440 secs] [Times: user=0.04 sys=0.00, real=0.00 secs] 
539.214: [GC539.214: [ParNew
Desired survivor size 41943040 bytes, new threshold 6 (max 6)
- age   1:    2472152 bytes,    2472152 total
- age   2:       6688 bytes,    2478840 total
- age   3:       8088 bytes,    2486928 total
- age   4:       6912 bytes,    2493840 total
- age   5:        488 bytes,    2494328 total
- age   6:       8744 bytes,    2503072 total
: 656608K->2827K(737280K), 0.0077800 secs] 1648505K->994731K(1761280K), 0.0080090 secs] [Times: user=0.05 sys=0.00, real=0.01 secs] 
539.457: [GC539.457: [ParNew
Desired survivor size 41943040 bytes, new threshold 6 (max 6)
- age   1:    1629824 bytes,    1629824 total
- age   2:        864 bytes,    1630688 total
- age   3:       6328 bytes,    1637016 total
- age   4:       7824 bytes,    1644840 total
- age   5:       6696 bytes,    1651536 total
- age   6:        416 bytes,    1651952 total
: 658187K->2298K(737280K), 0.0070140 secs] 1650091K->994210K(1761280K), 0.0071650 secs] [Times: user=0.04 sys=0.00, real=0.01 secs] 
539.681: [GC539.681: [ParNew
Desired survivor size 41943040 bytes, new threshold 6 (max 6)
- age   1:    1199768 bytes,    1199768 total
- age   2:       8600 bytes,    1208368 total
- age   3:        768 bytes,    1209136 total
- age   4:       6256 bytes,    1215392 total
- age   5:       7824 bytes,    1223216 total
- age   6:       6696 bytes,    1229912 total
: 657658K->2150K(737280K), 0.0071210 secs] 1649570K->994063K(1761280K), 0.0072660 secs] [Times: user=0.05 sys=0.00, real=0.01 secs] 
539.748: [CMS-concurrent-mark: 7.703/8.000 secs] [Times: user=59.93 sys=1.14, real=8.00 secs] 
539.748: [CMS-concurrent-preclean-start]
539.768: [CMS-concurrent-preclean: 0.019/0.020 secs] [Times: user=0.16 sys=0.01, real=0.02 secs] 
539.769: [CMS-concurrent-abortable-preclean-start]
539.915: [GC539.915: [ParNew
Desired survivor size 41943040 bytes, new threshold 6 (max 6)
- age   1:    1146448 bytes,    1146448 total
- age   2:       1312 bytes,    1147760 total
- age   3:       8000 bytes,    1155760 total
- age   4:        528 bytes,    1156288 total
- age   5:       5992 bytes,    1162280 total
- age   6:       7776 bytes,    1170056 total
: 657510K->1651K(737280K), 0.0069190 secs] 1649423K->993571K(1761280K), 0.0071180 secs] [Times: user=0.05 sys=0.00, real=0.01 secs] 
540.038: [CMS-concurrent-abortable-preclean: 0.239/0.269 secs] [Times: user=2.00 sys=0.02, real=0.26 secs] 
540.039: [GC[YG occupancy: 349894 K (737280 K)]540.039: [Rescan (parallel) , 0.0703520 secs]540.109: [weak refs processing, 0.0000290 secs]540.109: [scrub string table, 0.0009930 secs] [1 CMS-remark: 991920K(1024000K)] 1341814K(1761280K), 0.0714940 secs] [Times: user=0.55 sys=0.00, real=0.07 secs] 
540.111: [CMS-concurrent-sweep-start]
540.233: [GC540.233: [ParNew
Desired survivor size 41943040 bytes, new threshold 6 (max 6)
- age   1:     724424 bytes,     724424 total
- age   2:       4336 bytes,     728760 total
- age   3:       1312 bytes,     730072 total
- age   4:       8000 bytes,     738072 total
- age   5:        504 bytes,     738576 total
- age   6:       5968 bytes,     744544 total
: 657011K->1346K(737280K), 0.0083630 secs] 1648925K->993268K(1761280K), 0.0085200 secs] [Times: user=0.06 sys=0.00, real=0.01 secs] 
540.481: [GC540.481: [ParNew
Desired survivor size 41943040 bytes, new threshold 6 (max 6)
- age   1:    3307432 bytes,    3307432 total
- age   2:       4664 bytes,    3312096 total
- age   3:       4264 bytes,    3316360 total
- age   4:       1168 bytes,    3317528 total
- age   5:       7880 bytes,    3325408 total
- age   6:        504 bytes,    3325912 total
: 656706K->3522K(737280K), 0.0081730 secs] 1648628K->995451K(1761280K), 0.0083230 secs] [Times: user=0.06 sys=0.00, real=0.01 secs] 
540.732: [GC540.732: [ParNew
Desired survivor size 41943040 bytes, new threshold 6 (max 6)
- age   1:    2704288 bytes,    2704288 total
- age   2:       8392 bytes,    2712680 total
- age   3:       4280 bytes,    2716960 total
- age   4:       4096 bytes,    2721056 total
- age   5:        976 bytes,    2722032 total
- age   6:       7568 bytes,    2729600 total
: 658882K->4178K(737280K), 0.0077570 secs] 1650811K->996107K(1761280K), 0.0079110 secs] [Times: user=0.04 sys=0.00, real=0.01 secs] 
541.001: [GC541.001: [ParNew
Desired survivor size 41943040 bytes, new threshold 6 (max 6)
- age   1:     315840 bytes,     315840 total
- age   2:      16184 bytes,     332024 total
- age   3:       8392 bytes,     340416 total
- age   4:       4232 bytes,     344648 total
- age   5:       3952 bytes,     348600 total
- age   6:        952 bytes,     349552 total
: 659538K->2642K(737280K), 0.0061660 secs] 1651467K->994579K(1761280K), 0.0063000 secs] [Times: user=0.04 sys=0.00, real=0.00 secs] 
541.122: [CMS-concurrent-sweep: 0.973/1.011 secs] [Times: user=7.51 sys=0.18, real=1.01 secs] 
541.122: [CMS-concurrent-reset-start]
541.183: [CMS-concurrent-reset: 0.060/0.060 secs] [Times: user=0.47 sys=0.00, real=0.06 secs] 
541.239: [GC541.239: [ParNew
Desired survivor size 41943040 bytes, new threshold 6 (max 6)
- age   1:    1909696 bytes,    1909696 total
- age   2:       5648 bytes,    1915344 total
- age   3:      16040 bytes,    1931384 total
- age   4:       8392 bytes,    1939776 total
- age   5:       4208 bytes,    1943984 total
- age   6:       3952 bytes,    1947936 total
: 658002K->2354K(737280K), 0.0072020 secs] 1649909K->994263K(1761280K), 0.0073550 secs] [Times: user=0.05 sys=0.00, real=0.00 secs] 
541.249: [GC [1 CMS-initial-mark: 991908K(1024000K)] 1004773K(1761280K), 0.0095510 secs] [Times: user=0.01 sys=0.00, real=0.01 secs] 
541.259: [CMS-concurrent-mark-start]
541.509: [GC541.509: [ParNew
Desired survivor size 41943040 bytes, new threshold 6 (max 6)
- age   1:     765968 bytes,     765968 total
- age   2:       1872 bytes,     767840 total
- age   3:       5576 bytes,     773416 total
- age   4:      15888 bytes,     789304 total
- age   5:       8344 bytes,     797648 total
- age   6:       4064 bytes,     801712 total
: 657714K->1809K(737280K), 0.0064540 secs] 1649623K->993721K(1761280K), 0.0066030 secs] [Times: user=0.04 sys=0.00, real=0.00 secs] 
541.749: [GC541.749: [ParNew
Desired survivor size 41943040 bytes, new threshold 6 (max 6)
- age   1:     551040 bytes,     551040 total
- age   2:       1768 bytes,     552808 total
- age   3:       1872 bytes,     554680 total
- age   4:       5576 bytes,     560256 total
- age   5:      15888 bytes,     576144 total
- age   6:       8344 bytes,     584488 total
: 657169K->956K(737280K), 0.0061890 secs] 1649081K->992873K(1761280K), 0.0063820 secs] [Times: user=0.04 sys=0.00, real=0.00 secs] 
541.996: [GC541.996: [ParNew
Desired survivor size 41943040 bytes, new threshold 6 (max 6)
- age   1:    1749776 bytes,    1749776 total
- age   2:       1680 bytes,    1751456 total
- age   3:       1552 bytes,    1753008 total
- age   4:       1776 bytes,    1754784 total
- age   5:       5408 bytes,    1760192 total
- age   6:      15840 bytes,    1776032 total
: 656316K->1939K(737280K), 0.0071030 secs] 1648233K->993865K(1761280K), 0.0072870 secs] [Times: user=0.05 sys=0.00, real=0.01 secs] 
542.228: [GC542.228: [ParNew
Desired survivor size 41943040 bytes, new threshold 6 (max 6)
- age   1:    2999104 bytes,    2999104 total
- age   2:       4984 bytes,    3004088 total
- age   3:       1632 bytes,    3005720 total
- age   4:       1496 bytes,    3007216 total
- age   5:       1752 bytes,    3008968 total
- age   6:       5408 bytes,    3014376 total
: 657299K->3843K(737280K), 0.0102720 secs] 1649225K->995785K(1761280K), 0.0104320 secs] [Times: user=0.07 sys=0.00, real=0.01 secs] 
542.478: [GC542.478: [ParNew
Desired survivor size 41943040 bytes, new threshold 6 (max 6)
- age   1:    1792704 bytes,    1792704 total
- age   2:        664 bytes,    1793368 total
- age   3:       4816 bytes,    1798184 total
- age   4:       1464 bytes,    1799648 total
- age   5:       1328 bytes,    1800976 total
- age   6:       1512 bytes,    1802488 total
: 659203K->2557K(737280K), 0.0069450 secs] 1651145K->994504K(1761280K), 0.0070820 secs] [Times: user=0.05 sys=0.00, real=0.01 secs] 
542.710: [GC542.710: [ParNew
Desired survivor size 41943040 bytes, new threshold 6 (max 6)
- age   1:    2260192 bytes,    2260192 total
- age   2:     239368 bytes,    2499560 total
- age   3:        544 bytes,    2500104 total
- age   4:       4624 bytes,    2504728 total
- age   5:       1344 bytes,    2506072 total
- age   6:       1256 bytes,    2507328 total
: 657917K->3674K(737280K), 0.0076280 secs] 1649864K->995622K(1761280K), 0.0078100 secs] [Times: user=0.06 sys=0.00, real=0.00 secs] 
542.963: [GC542.963: [ParNew
Desired survivor size 41943040 bytes, new threshold 6 (max 6)
- age   1:    2681456 bytes,    2681456 total
- age   2:       4288 bytes,    2685744 total
- age   3:       4800 bytes,    2690544 total
- age   4:        496 bytes,    2691040 total
- age   5:       4552 bytes,    2695592 total
- age   6:       1248 bytes,    2696840 total
: 659034K->4071K(737280K), 0.0079580 secs] 1650982K->996021K(1761280K), 0.0081150 secs] [Times: user=0.06 sys=0.00, real=0.01 secs] 
543.196: [GC543.196: [ParNew
Desired survivor size 41943040 bytes, new threshold 6 (max 6)
- age   1:    1098168 bytes,    1098168 total
- age   2:     336552 bytes,    1434720 total
- age   3:       4120 bytes,    1438840 total
- age   4:       4776 bytes,    1443616 total
- age   5:        400 bytes,    1444016 total
- age   6:       4432 bytes,    1448448 total
: 659431K->2556K(737280K), 0.0066240 secs] 1651381K->994508K(1761280K), 0.0067540 secs] [Times: user=0.04 sys=0.00, real=0.01 secs] 
543.443: [GC543.444: [ParNew
Desired survivor size 41943040 bytes, new threshold 6 (max 6)
- age   1:    1495352 bytes,    1495352 total
- age   2:       1896 bytes,    1497248 total
- age   3:       7832 bytes,    1505080 total
- age   4:       4072 bytes,    1509152 total
- age   5:       4584 bytes,    1513736 total
- age   6:        376 bytes,    1514112 total
: 657916K->2046K(737280K), 0.0068290 secs] 1649868K->994003K(1761280K), 0.0070090 secs] [Times: user=0.05 sys=0.00, real=0.01 secs] 
543.689: [GC543.689: [ParNew
Desired survivor size 41943040 bytes, new threshold 6 (max 6)
- age   1:     807952 bytes,     807952 total
- age   2:        912 bytes,     808864 total
- age   3:       1704 bytes,     810568 total
- age   4:       7664 bytes,     818232 total
- age   5:       3952 bytes,     822184 total
- age   6:       4536 bytes,     826720 total
: 657406K->1576K(737280K), 0.0063420 secs] 1649363K->993533K(1761280K), 0.0065230 secs] [Times: user=0.04 sys=0.00, real=0.00 secs] 
543.925: [GC543.925: [ParNew
Desired survivor size 41943040 bytes, new threshold 6 (max 6)
- age   1:     299024 bytes,     299024 total
- age   2:       1568 bytes,     300592 total
- age   3:        816 bytes,     301408 total
- age   4:       1656 bytes,     303064 total
- age   5:       7568 bytes,     310632 total
- age   6:       3832 bytes,     314464 total
: 656936K->734K(737280K), 0.0061880 secs] 1648893K->992696K(1761280K), 0.0063490 secs] [Times: user=0.04 sys=0.00, real=0.01 secs] 
544.161: [GC544.161: [ParNew
Desired survivor size 41943040 bytes, new threshold 6 (max 6)
- age   1:    1192640 bytes,    1192640 total
- age   2:       4704 bytes,    1197344 total
- age   3:       1376 bytes,    1198720 total
- age   4:        816 bytes,    1199536 total
- age   5:       1656 bytes,    1201192 total
- age   6:       7544 bytes,    1208736 total
: 656094K->1322K(737280K), 0.0065000 secs] 1648056K->993288K(1761280K), 0.0066460 secs] [Times: user=0.05 sys=0.00, real=0.00 secs] 
544.399: [GC544.399: [ParNew
Desired survivor size 41943040 bytes, new threshold 6 (max 6)
- age   1:    1500176 bytes,    1500176 total
- age   2:       6392 bytes,    1506568 total
- age   3:       4704 bytes,    1511272 total
- age   4:       1376 bytes,    1512648 total
- age   5:        792 bytes,    1513440 total
- age   6:       1656 bytes,    1515096 total
: 656682K->2029K(737280K), 0.0069200 secs] 1648648K->994002K(1761280K), 0.0070670 secs] [Times: user=0.05 sys=0.00, real=0.00 secs] 
544.634: [GC544.634: [ParNew
Desired survivor size 41943040 bytes, new threshold 6 (max 6)
- age   1:    1973616 bytes,    1973616 total
- age   2:        376 bytes,    1973992 total
- age   3:       6344 bytes,    1980336 total
- age   4:       4536 bytes,    1984872 total
- age   5:       1352 bytes,    1986224 total
- age   6:        792 bytes,    1987016 total
: 657389K->2697K(737280K), 0.0070420 secs] 1649362K->994672K(1761280K), 0.0072180 secs] [Times: user=0.05 sys=0.00, real=0.01 secs] 
544.866: [GC544.866: [ParNew
Desired survivor size 41943040 bytes, new threshold 6 (max 6)
- age   1:    1901328 bytes,    1901328 total
- age   2:     911640 bytes,    2812968 total
- age   3:        280 bytes,    2813248 total
- age   4:       6056 bytes,    2819304 total
- age   5:       4344 bytes,    2823648 total
- age   6:       1160 bytes,    2824808 total
: 658057K->3585K(737280K), 0.0077490 secs] 1650032K->995561K(1761280K), 0.0079200 secs] [Times: user=0.04 sys=0.00, real=0.01 secs] 
545.108: [GC545.108: [ParNew
Desired survivor size 41943040 bytes, new threshold 6 (max 6)
- age   1:     787552 bytes,     787552 total
- age   2:       8192 bytes,     795744 total
- age   3:        808 bytes,     796552 total
- age   4:        184 bytes,     796736 total
- age   5:       5936 bytes,     802672 total
- age   6:       4344 bytes,     807016 total
: 658945K->2517K(737280K), 0.0067430 secs] 1650921K->994494K(1761280K), 0.0068760 secs] [Times: user=0.04 sys=0.01, real=0.01 secs] 
545.341: [GC545.341: [ParNew
Desired survivor size 41943040 bytes, new threshold 6 (max 6)
- age   1:     850872 bytes,     850872 total
- age   2:      34520 bytes,     885392 total
- age   3:       8096 bytes,     893488 total
- age   4:        592 bytes,     894080 total
- age   5:        160 bytes,     894240 total
- age   6:       5936 bytes,     900176 total
: 657877K->1445K(737280K), 0.0069880 secs] 1649854K->993428K(1761280K), 0.0071160 secs] [Times: user=0.05 sys=0.00, real=0.00 secs] 
545.559: [GC545.559: [ParNew
Desired survivor size 41943040 bytes, new threshold 6 (max 6)
- age   1:    2851104 bytes,    2851104 total
- age   2:     394400 bytes,    3245504 total
- age   3:      34496 bytes,    3280000 total
- age   4:       7976 bytes,    3287976 total
- age   5:        592 bytes,    3288568 total
- age   6:        160 bytes,    3288728 total
: 656805K->3680K(737280K), 0.0080920 secs] 1648788K->995669K(1761280K), 0.0083070 secs] [Times: user=0.06 sys=0.00, real=0.00 secs] 
545.784: [GC545.785: [ParNew
Desired survivor size 41943040 bytes, new threshold 6 (max 6)
- age   1:    2272544 bytes,    2272544 total
- age   2:       4288 bytes,    2276832 total
- age   3:       1800 bytes,    2278632 total
- age   4:      34496 bytes,    2313128 total
- age   5:       7976 bytes,    2321104 total
- age   6:        592 bytes,    2321696 total
: 659040K->3281K(737280K), 0.0075900 secs] 1651029K->995270K(1761280K), 0.0077580 secs] [Times: user=0.04 sys=0.00, real=0.01 secs] 
546.038: [GC546.038: [ParNew
Desired survivor size 41943040 bytes, new threshold 6 (max 6)
- age   1:     695704 bytes,     695704 total
- age   2:       1320 bytes,     697024 total
- age   3:       4024 bytes,     701048 total
- age   4:       1576 bytes,     702624 total
- age   5:      28280 bytes,     730904 total
- age   6:       7856 bytes,     738760 total
: 658641K->2356K(737280K), 0.0060300 secs] 1650630K->994346K(1761280K), 0.0061620 secs] [Times: user=0.03 sys=0.00, real=0.01 secs] 
546.273: [GC546.273: [ParNew
Desired survivor size 41943040 bytes, new threshold 6 (max 6)
- age   1:    1711600 bytes,    1711600 total
- age   2:      20600 bytes,    1732200 total
- age   3:       1224 bytes,    1733424 total
- age   4:       3928 bytes,    1737352 total
- age   5:       1408 bytes,    1738760 total
- age   6:      28184 bytes,    1766944 total
: 657716K->2116K(737280K), 0.0071290 secs] 1649706K->994113K(1761280K), 0.0072770 secs] [Times: user=0.05 sys=0.00, real=0.01 secs] 
546.516: [GC546.516: [ParNew
Desired survivor size 41943040 bytes, new threshold 6 (max 6)
- age   1:    1084024 bytes,    1084024 total
- age   2:       8640 bytes,    1092664 total
- age   3:      20432 bytes,    1113096 total
- age   4:       1104 bytes,    1114200 total
- age   5:       3880 bytes,    1118080 total
- age   6:       1264 bytes,    1119344 total
: 657476K->2044K(737280K), 0.0065600 secs] 1649473K->994069K(1761280K), 0.0066910 secs] [Times: user=0.04 sys=0.01, real=0.01 secs] 
546.748: [GC546.749: [ParNew
Desired survivor size 41943040 bytes, new threshold 6 (max 6)
- age   1:    2062144 bytes,    2062144 total
- age   2:      13600 bytes,    2075744 total
- age   3:       8568 bytes,    2084312 total
- age   4:      20336 bytes,    2104648 total
- age   5:       1056 bytes,    2105704 total
- age   6:       3832 bytes,    2109536 total
: 657404K->2540K(737280K), 0.0072890 secs] 1649429K->994566K(1761280K), 0.0074590 secs] [Times: user=0.04 sys=0.01, real=0.01 secs] 
547.001: [GC547.001: [ParNew
Desired survivor size 41943040 bytes, new threshold 6 (max 6)
- age   1:    1925200 bytes,    1925200 total
- age   2:       7136 bytes,    1932336 total
- age   3:      13504 bytes,    1945840 total
- age   4:       8520 bytes,    1954360 total
- age   5:      20288 bytes,    1974648 total
- age   6:       1056 bytes,    1975704 total
: 657900K->3045K(737280K), 0.0073610 secs] 1649926K->995076K(1761280K), 0.0075310 secs] [Times: user=0.05 sys=0.00, real=0.01 secs] 
547.249: [GC547.249: [ParNew
Desired survivor size 41943040 bytes, new threshold 6 (max 6)
- age   1:     589184 bytes,     589184 total
- age   2:      12384 bytes,     601568 total
- age   3:       6912 bytes,     608480 total
- age   4:      13432 bytes,     621912 total
- age   5:       8496 bytes,     630408 total
- age   6:      20288 bytes,     650696 total
: 658405K->1882K(737280K), 0.0062870 secs] 1650436K->993914K(1761280K), 0.0064300 secs] [Times: user=0.04 sys=0.00, real=0.00 secs] 
547.486: [GC547.486: [ParNew
Desired survivor size 41943040 bytes, new threshold 6 (max 6)
- age   1:     790624 bytes,     790624 total
- age   2:       1704 bytes,     792328 total
- age   3:      12192 bytes,     804520 total
- age   4:       6672 bytes,     811192 total
- age   5:      13288 bytes,     824480 total
- age   6:       8352 bytes,     832832 total
: 657242K->1180K(737280K), 0.0063220 secs] 1649274K->993232K(1761280K), 0.0064830 secs] [Times: user=0.05 sys=0.00, real=0.01 secs] 
547.724: [GC547.724: [ParNew
Desired survivor size 41943040 bytes, new threshold 6 (max 6)
- age   1:    1889096 bytes,    1889096 total
- age   2:       5168 bytes,    1894264 total
- age   3:       1704 bytes,    1895968 total
- age   4:      12192 bytes,    1908160 total
- age   5:       6672 bytes,    1914832 total
- age   6:      13288 bytes,    1928120 total
: 656540K->2302K(737280K), 0.0071190 secs] 1648592K->994363K(1761280K), 0.0072980 secs] [Times: user=0.05 sys=0.00, real=0.01 secs] 
547.972: [GC547.973: [ParNew
Desired survivor size 41943040 bytes, new threshold 6 (max 6)
- age   1:    1065056 bytes,    1065056 total
- age   2:       4248 bytes,    1069304 total
- age   3:       5144 bytes,    1074448 total
- age   4:       1584 bytes,    1076032 total
- age   5:      12136 bytes,    1088168 total
- age   6:       6672 bytes,    1094840 total
: 657662K->2205K(737280K), 0.0073480 secs] 1649723K->994280K(1761280K), 0.0075020 secs] [Times: user=0.04 sys=0.00, real=0.01 secs] 
548.212: [CMS-concurrent-mark: 6.700/6.953 secs] [Times: user=52.12 sys=1.00, real=6.95 secs] 
548.213: [CMS-concurrent-preclean-start]
548.215: [GC548.215: [ParNew
Desired survivor size 41943040 bytes, new threshold 6 (max 6)
- age   1:    1404648 bytes,    1404648 total
- age   2:       1928 bytes,    1406576 total
- age   3:       4248 bytes,    1410824 total
- age   4:       5144 bytes,    1415968 total
- age   5:       1584 bytes,    1417552 total
- age   6:      12112 bytes,    1429664 total
: 657565K->1704K(737280K), 0.0070540 secs] 1649640K->993786K(1761280K), 0.0072120 secs] [Times: user=0.05 sys=0.00, real=0.01 secs] 
548.237: [CMS-concurrent-preclean: 0.014/0.024 secs] [Times: user=0.16 sys=0.00, real=0.02 secs] 
548.237: [CMS-concurrent-abortable-preclean-start]
548.351: [CMS-concurrent-abortable-preclean: 0.114/0.114 secs] [Times: user=0.87 sys=0.01, real=0.12 secs] 
548.353: [GC[YG occupancy: 378442 K (737280 K)]548.353: [Rescan (parallel) , 0.0771850 secs]548.430: [weak refs processing, 0.0000300 secs]548.430: [scrub string table, 0.0009950 secs] [1 CMS-remark: 992082K(1024000K)] 1370524K(1761280K), 0.0783170 secs] [Times: user=0.60 sys=0.00, real=0.08 secs] 
548.431: [CMS-concurrent-sweep-start]
548.540: [GC548.541: [ParNew
Desired survivor size 41943040 bytes, new threshold 6 (max 6)
- age   1:     536728 bytes,     536728 total
- age   2:        968 bytes,     537696 total
- age   3:       1760 bytes,     539456 total
- age   4:       4104 bytes,     543560 total
- age   5:       5072 bytes,     548632 total
- age   6:       1512 bytes,     550144 total
: 657064K->1247K(737280K), 0.0064580 secs] 1649135K->993331K(1761280K), 0.0066090 secs] [Times: user=0.04 sys=0.01, real=0.00 secs] 
548.794: [GC548.794: [ParNew
Desired survivor size 41943040 bytes, new threshold 6 (max 6)
- age   1:    2109544 bytes,    2109544 total
- age   2:       4768 bytes,    2114312 total
- age   3:        968 bytes,    2115280 total
- age   4:       1760 bytes,    2117040 total
- age   5:       4104 bytes,    2121144 total
- age   6:       5072 bytes,    2126216 total
: 656607K->2310K(737280K), 0.0122720 secs] 1648690K->994395K(1761280K), 0.0124530 secs] [Times: user=0.07 sys=0.00, real=0.01 secs] 
549.045: [GC549.045: [ParNew
Desired survivor size 41943040 bytes, new threshold 6 (max 6)
- age   1:     577440 bytes,     577440 total
- age   2:        976 bytes,     578416 total
- age   3:       4576 bytes,     582992 total
- age   4:        872 bytes,     583864 total
- age   5:       1616 bytes,     585480 total
- age   6:       3888 bytes,     589368 total
: 657670K->1685K(737280K), 0.0065640 secs] 1649755K->993775K(1761280K), 0.0067010 secs] [Times: user=0.04 sys=0.00, real=0.01 secs] 
549.275: [GC549.275: [ParNew
Desired survivor size 41943040 bytes, new threshold 6 (max 6)
- age   1:    2412128 bytes,    2412128 total
- age   2:      16888 bytes,    2429016 total
- age   3:        976 bytes,    2429992 total
- age   4:       4576 bytes,    2434568 total
- age   5:        872 bytes,    2435440 total
- age   6:       1616 bytes,    2437056 total
: 657045K->2614K(737280K), 0.0079570 secs] 1649135K->994708K(1761280K), 0.0081640 secs] [Times: user=0.05 sys=0.01, real=0.01 secs] 
549.517: [GC549.517: [ParNew
Desired survivor size 41943040 bytes, new threshold 6 (max 6)
- age   1:    2148672 bytes,    2148672 total
- age   2:        808 bytes,    2149480 total
- age   3:      14824 bytes,    2164304 total
- age   4:        856 bytes,    2165160 total
- age   5:       4408 bytes,    2169568 total
- age   6:        800 bytes,    2170368 total
: 657974K->3130K(737280K), 0.0078020 secs] 1650068K->995226K(1761280K), 0.0079780 secs] [Times: user=0.05 sys=0.00, real=0.01 secs] 
549.741: [GC549.741: [ParNew
Desired survivor size 41943040 bytes, new threshold 6 (max 6)
- age   1:    1239312 bytes,    1239312 total
- age   2:       2680 bytes,    1241992 total
- age   3:        592 bytes,    1242584 total
- age   4:      14776 bytes,    1257360 total
- age   5:        856 bytes,    1258216 total
- age   6:       4408 bytes,    1262624 total
: 658490K->2330K(737280K), 0.0066720 secs] 1650577K->994418K(1761280K), 0.0068030 secs] [Times: user=0.04 sys=0.00, real=0.00 secs] 
549.792: [CMS-concurrent-sweep: 1.293/1.361 secs] [Times: user=10.17 sys=0.17, real=1.36 secs] 
549.792: [CMS-concurrent-reset-start]
549.843: [CMS-concurrent-reset: 0.051/0.051 secs] [Times: user=0.40 sys=0.00, real=0.05 secs] 
549.975: [GC549.975: [ParNew
Desired survivor size 41943040 bytes, new threshold 6 (max 6)
- age   1:     840680 bytes,     840680 total
- age   2:        928 bytes,     841608 total
- age   3:       2192 bytes,     843800 total
- age   4:        352 bytes,     844152 total
- age   5:      14440 bytes,     858592 total
- age   6:        640 bytes,     859232 total
: 657690K->1470K(737280K), 0.0063920 secs] 1649595K->993380K(1761280K), 0.0065600 secs] [Times: user=0.04 sys=0.00, real=0.01 secs] 
549.982: [GC [1 CMS-initial-mark: 991910K(1024000K)] 995232K(1761280K), 0.0051910 secs] [Times: user=0.00 sys=0.00, real=0.00 secs] 
549.988: [CMS-concurrent-mark-start]
550.224: [GC550.224: [ParNew
Desired survivor size 41943040 bytes, new threshold 6 (max 6)
- age   1:    1598432 bytes,    1598432 total
- age   2:       7256 bytes,    1605688 total
- age   3:        880 bytes,    1606568 total
- age   4:       2000 bytes,    1608568 total
- age   5:        256 bytes,    1608824 total
- age   6:      14344 bytes,    1623168 total
: 656830K->1818K(737280K), 0.0066880 secs] 1648740K->993730K(1761280K), 0.0068290 secs] [Times: user=0.05 sys=0.00, real=0.01 secs] 
550.507: [GC550.507: [ParNew
Desired survivor size 41943040 bytes, new threshold 6 (max 6)
- age   1:    1052072 bytes,    1052072 total
- age   2:       4920 bytes,    1056992 total
- age   3:       7064 bytes,    1064056 total
- age   4:        808 bytes,    1064864 total
- age   5:       2000 bytes,    1066864 total
- age   6:        256 bytes,    1067120 total
: 657178K->1494K(737280K), 0.0070840 secs] 1649090K->993420K(1761280K), 0.0072860 secs] [Times: user=0.04 sys=0.00, real=0.01 secs] 
550.754: [GC550.754: [ParNew
Desired survivor size 41943040 bytes, new threshold 6 (max 6)
- age   1:    2517896 bytes,    2517896 total
- age   2:       6536 bytes,    2524432 total
- age   3:       4824 bytes,    2529256 total
- age   4:       7064 bytes,    2536320 total
- age   5:        808 bytes,    2537128 total
- age   6:       1976 bytes,    2539104 total
: 656854K->2923K(737280K), 0.0078700 secs] 1648780K->994849K(1761280K), 0.0080160 secs] [Times: user=0.04 sys=0.00, real=0.01 secs] 
551.012: [GC551.013: [ParNew
Desired survivor size 41943040 bytes, new threshold 6 (max 6)
- age   1:    1541936 bytes,    1541936 total
- age   2:      11480 bytes,    1553416 total
- age   3:       4624 bytes,    1558040 total
- age   4:       4824 bytes,    1562864 total
- age   5:       7064 bytes,    1569928 total
- age   6:        808 bytes,    1570736 total
: 658283K->2138K(737280K), 0.0071110 secs] 1650209K->994066K(1761280K), 0.0072770 secs] [Times: user=0.05 sys=0.00, real=0.01 secs] 
551.260: [GC551.260: [ParNew
Desired survivor size 41943040 bytes, new threshold 6 (max 6)
- age   1:    1527040 bytes,    1527040 total
- age   2:      12480 bytes,    1539520 total
- age   3:      11456 bytes,    1550976 total
- age   4:       4624 bytes,    1555600 total
- age   5:       4800 bytes,    1560400 total
- age   6:       7064 bytes,    1567464 total
: 657498K->2738K(737280K), 0.0070420 secs] 1649426K->994667K(1761280K), 0.0072240 secs] [Times: user=0.05 sys=0.00, real=0.01 secs] 
551.479: [GC551.479: [ParNew
Desired survivor size 41943040 bytes, new threshold 6 (max 6)
- age   1:    2192040 bytes,    2192040 total
- age   2:        928 bytes,    2192968 total
- age   3:      12480 bytes,    2205448 total
- age   4:      11456 bytes,    2216904 total
- age   5:       4624 bytes,    2221528 total
- age   6:       4800 bytes,    2226328 total
: 658098K->2736K(737280K), 0.0071720 secs] 1650027K->994673K(1761280K), 0.0073530 secs] [Times: user=0.05 sys=0.00, real=0.01 secs] 
551.725: [GC551.725: [ParNew
Desired survivor size 41943040 bytes, new threshold 6 (max 6)
- age   1:     981352 bytes,     981352 total
- age   2:        808 bytes,     982160 total
- age   3:        928 bytes,     983088 total
- age   4:      12480 bytes,     995568 total
- age   5:      11432 bytes,    1007000 total
- age   6:       4624 bytes,    1011624 total
: 658096K->1879K(737280K), 0.0065640 secs] 1650033K->993821K(1761280K), 0.0066880 secs] [Times: user=0.04 sys=0.00, real=0.01 secs] 
551.988: [GC551.988: [ParNew
Desired survivor size 41943040 bytes, new threshold 6 (max 6)
- age   1:     376256 bytes,     376256 total
- age   2:       1344 bytes,     377600 total
- age   3:        640 bytes,     378240 total
- age   4:        712 bytes,     378952 total
- age   5:      12264 bytes,     391216 total
- age   6:      11120 bytes,     402336 total
: 657239K->840K(737280K), 0.0061440 secs] 1649181K->992786K(1761280K), 0.0062840 secs] [Times: user=0.04 sys=0.00, real=0.01 secs] 
552.224: [GC552.224: [ParNew
Desired survivor size 41943040 bytes, new threshold 6 (max 6)
- age   1:     103768 bytes,     103768 total
- age   2:       5936 bytes,     109704 total
- age   3:       1144 bytes,     110848 total
- age   4:        616 bytes,     111464 total
- age   5:        592 bytes,     112056 total
- age   6:      12240 bytes,     124296 total
: 656200K->402K(737280K), 0.0060710 secs] 1648146K->992360K(1761280K), 0.0062110 secs] [Times: user=0.04 sys=0.00, real=0.01 secs] 
552.480: [GC552.481: [ParNew
Desired survivor size 41943040 bytes, new threshold 6 (max 6)
- age   1:    1747192 bytes,    1747192 total
- age   2:       1712 bytes,    1748904 total
- age   3:       5912 bytes,    1754816 total
- age   4:       1144 bytes,    1755960 total
- age   5:        616 bytes,    1756576 total
- age   6:        592 bytes,    1757168 total
: 655762K->1765K(737280K), 0.0076270 secs] 1647720K->993736K(1761280K), 0.0077840 secs] [Times: user=0.05 sys=0.01, real=0.00 secs] 
552.717: [GC552.717: [ParNew
Desired survivor size 41943040 bytes, new threshold 6 (max 6)
- age   1:    2630544 bytes,    2630544 total
- age   2:       1832 bytes,    2632376 total
- age   3:       1584 bytes,    2633960 total
- age   4:       5816 bytes,    2639776 total
- age   5:       1072 bytes,    2640848 total
- age   6:        616 bytes,    2641464 total
: 657125K->3292K(737280K), 0.0076710 secs] 1649096K->995263K(1761280K), 0.0078260 secs] [Times: user=0.05 sys=0.00, real=0.01 secs] 
553.187: [GC553.187: [ParNew
Desired survivor size 41943040 bytes, new threshold 6 (max 6)
- age   1:    1661664 bytes,    1661664 total
- age   2:       4600 bytes,    1666264 total
- age   3:       1712 bytes,    1667976 total
- age   4:       1560 bytes,    1669536 total
- age   5:       5720 bytes,    1675256 total
- age   6:        976 bytes,    1676232 total
: 658652K->2546K(737280K), 0.0074870 secs] 1650623K->994518K(1761280K), 0.0076890 secs] [Times: user=0.04 sys=0.00, real=0.01 secs] 
553.407: [GC553.407: [ParNew
Desired survivor size 41943040 bytes, new threshold 6 (max 6)
- age   1:     803176 bytes,     803176 total
- age   2:      11416 bytes,     814592 total
- age   3:       4600 bytes,     819192 total
- age   4:       1712 bytes,     820904 total
- age   5:       1560 bytes,     822464 total
- age   6:       5720 bytes,     828184 total
: 657906K->1793K(737280K), 0.0066070 secs] 1649878K->993767K(1761280K), 0.0067710 secs] [Times: user=0.05 sys=0.00, real=0.01 secs] 
553.619: [GC553.619: [ParNew
Desired survivor size 41943040 bytes, new threshold 6 (max 6)
- age   1:    2700360 bytes,    2700360 total
- age   2:        632 bytes,    2700992 total
- age   3:      10856 bytes,    2711848 total
- age   4:       4240 bytes,    2716088 total
- age   5:       1544 bytes,    2717632 total
- age   6:       1344 bytes,    2718976 total
: 657153K->3007K(737280K), 0.0097420 secs] 1649127K->994985K(1761280K), 0.0099130 secs] [Times: user=0.05 sys=0.00, real=0.01 secs] 
553.853: [GC553.853: [ParNew
Desired survivor size 41943040 bytes, new threshold 6 (max 6)
- age   1:    1381336 bytes,    1381336 total
- age   2:       4216 bytes,    1385552 total
- age   3:        368 bytes,    1385920 total
- age   4:      10640 bytes,    1396560 total
- age   5:       4168 bytes,    1400728 total
- age   6:       1232 bytes,    1401960 total
: 658367K->2179K(737280K), 0.0068570 secs] 1650345K->994159K(1761280K), 0.0069890 secs] [Times: user=0.04 sys=0.00, real=0.01 secs] 
554.093: [GC554.093: [ParNew
Desired survivor size 41943040 bytes, new threshold 6 (max 6)
- age   1:    1287088 bytes,    1287088 total
- age   2:       2648 bytes,    1289736 total
- age   3:       4184 bytes,    1293920 total
- age   4:        272 bytes,    1294192 total
- age   5:      10520 bytes,    1304712 total
- age   6:       4144 bytes,    1308856 total
: 657539K->2357K(737280K), 0.0071250 secs] 1649519K->994339K(1761280K), 0.0072700 secs] [Times: user=0.03 sys=0.00, real=0.01 secs] 
554.334: [GC554.334: [ParNew
Desired survivor size 41943040 bytes, new threshold 6 (max 6)
- age   1:     767368 bytes,     767368 total
- age   2:       1136 bytes,     768504 total
- age   3:       2624 bytes,     771128 total
- age   4:       4184 bytes,     775312 total
- age   5:        272 bytes,     775584 total
- age   6:      10496 bytes,     786080 total
: 657717K->1308K(737280K), 0.0062250 secs] 1649699K->993295K(1761280K), 0.0065520 secs] [Times: user=0.04 sys=0.00, real=0.01 secs] 
554.563: [GC554.563: [ParNew
Desired survivor size 41943040 bytes, new threshold 6 (max 6)
- age   1:    2965216 bytes,    2965216 total
- age   2:       8120 bytes,    2973336 total
- age   3:       1040 bytes,    2974376 total
- age   4:       2600 bytes,    2976976 total
- age   5:       4040 bytes,    2981016 total
- age   6:        248 bytes,    2981264 total
: 656668K->3225K(737280K), 0.0080700 secs] 1648655K->995222K(1761280K), 0.0082190 secs] [Times: user=0.05 sys=0.00, real=0.01 secs] 
554.786: [GC554.786: [ParNew
Desired survivor size 41943040 bytes, new threshold 6 (max 6)
- age   1:    1899160 bytes,    1899160 total
- age   2:       1168 bytes,    1900328 total
- age   3:       7904 bytes,    1908232 total
- age   4:        944 bytes,    1909176 total
- age   5:       2480 bytes,    1911656 total
- age   6:       3968 bytes,    1915624 total
: 658585K->2598K(737280K), 0.0071230 secs] 1650582K->994596K(1761280K), 0.0072830 secs] [Times: user=0.05 sys=0.00, real=0.01 secs] 
555.033: [GC555.033: [ParNew
Desired survivor size 41943040 bytes, new threshold 6 (max 6)
- age   1:     945296 bytes,     945296 total
- age   2:       7496 bytes,     952792 total
- age   3:       1024 bytes,     953816 total
- age   4:       7520 bytes,     961336 total
- age   5:        632 bytes,     961968 total
- age   6:       2312 bytes,     964280 total
: 657958K->1980K(737280K), 0.0064640 secs] 1649956K->993982K(1761280K), 0.0066010 secs] [Times: user=0.04 sys=0.01, real=0.01 secs] 
555.274: [GC555.274: [ParNew
Desired survivor size 41943040 bytes, new threshold 6 (max 6)
- age   1:     615616 bytes,     615616 total
- age   2:       5048 bytes,     620664 total
- age   3:       7424 bytes,     628088 total
- age   4:       1000 bytes,     629088 total
- age   5:       7424 bytes,     636512 total
- age   6:        504 bytes,     637016 total
: 657340K->954K(737280K), 0.0062450 secs] 1649342K->992958K(1761280K), 0.0064560 secs] [Times: user=0.05 sys=0.00, real=0.01 secs] 
555.508: [GC555.508: [ParNew
Desired survivor size 41943040 bytes, new threshold 6 (max 6)
- age   1:    2079584 bytes,    2079584 total
- age   2:      15400 bytes,    2094984 total
- age   3:       5048 bytes,    2100032 total
- age   4:       7424 bytes,    2107456 total
- age   5:       1000 bytes,    2108456 total
- age   6:       7424 bytes,    2115880 total
: 656314K->2545K(737280K), 0.0077330 secs] 1648318K->994549K(1761280K), 0.0078880 secs] [Times: user=0.05 sys=0.00, real=0.01 secs] 
555.741: [GC555.741: [ParNew
Desired survivor size 41943040 bytes, new threshold 6 (max 6)
- age   1:    1169080 bytes,    1169080 total
- age   2:       1192 bytes,    1170272 total
- age   3:      15400 bytes,    1185672 total
- age   4:       5048 bytes,    1190720 total
- age   5:       7400 bytes,    1198120 total
- age   6:       1000 bytes,    1199120 total
: 657905K->1719K(737280K), 0.0064110 secs] 1649909K->993731K(1761280K), 0.0065940 secs] [Times: user=0.04 sys=0.01, real=0.00 secs] 
556.031: [GC556.031: [ParNew
Desired survivor size 41943040 bytes, new threshold 6 (max 6)
- age   1:    1145808 bytes,    1145808 total
- age   2:       1488 bytes,    1147296 total
- age   3:        808 bytes,    1148104 total
- age   4:      15136 bytes,    1163240 total
- age   5:       4704 bytes,    1167944 total
- age   6:       7376 bytes,    1175320 total
: 657079K->1962K(737280K), 0.0065840 secs] 1649091K->993975K(1761280K), 0.0067140 secs] [Times: user=0.04 sys=0.00, real=0.00 secs] 
556.262: [GC556.262: [ParNew
Desired survivor size 41943040 bytes, new threshold 6 (max 6)
- age   1:     453000 bytes,     453000 total
- age   2:      21328 bytes,     474328 total
- age   3:       1200 bytes,     475528 total
- age   4:        544 bytes,     476072 total
- age   5:      15064 bytes,     491136 total
- age   6:       4704 bytes,     495840 total
: 657322K->852K(737280K), 0.0066470 secs] 1649335K->992873K(1761280K), 0.0068180 secs] [Times: user=0.04 sys=0.01, real=0.00 secs] 
556.485: [GC556.485: [ParNew
Desired survivor size 41943040 bytes, new threshold 6 (max 6)
- age   1:    1781024 bytes,    1781024 total
- age   2:       4456 bytes,    1785480 total
- age   3:      21208 bytes,    1806688 total
- age   4:       1056 bytes,    1807744 total
- age   5:        448 bytes,    1808192 total
- age   6:      14992 bytes,    1823184 total
: 656212K->1947K(737280K), 0.0070650 secs] 1648233K->993973K(1761280K), 0.0072450 secs] [Times: user=0.05 sys=0.00, real=0.01 secs] 
556.701: [GC556.701: [ParNew
Desired survivor size 41943040 bytes, new threshold 6 (max 6)
- age   1:    2387344 bytes,    2387344 total
- age   2:     148736 bytes,    2536080 total
- age   3:       4360 bytes,    2540440 total
- age   4:      21128 bytes,    2561568 total
- age   5:        976 bytes,    2562544 total
- age   6:        448 bytes,    2562992 total
: 657307K->3213K(737280K), 0.0079980 secs] 1649333K->995254K(1761280K), 0.0081320 secs] [Times: user=0.05 sys=0.00, real=0.00 secs] 
556.945: [GC556.945: [ParNew
Desired survivor size 41943040 bytes, new threshold 6 (max 6)
- age   1:    1393920 bytes,    1393920 total
- age   2:        832 bytes,    1394752 total
- age   3:       2064 bytes,    1396816 total
- age   4:       4240 bytes,    1401056 total
- age   5:      20984 bytes,    1422040 total
- age   6:        880 bytes,    1422920 total
: 658573K->2793K(737280K), 0.0064740 secs] 1650614K->994834K(1761280K), 0.0066580 secs] [Times: user=0.05 sys=0.00, real=0.01 secs] 
557.178: [GC557.178: [ParNew
Desired survivor size 41943040 bytes, new threshold 6 (max 6)
- age   1:    1352776 bytes,    1352776 total
- age   2:        888 bytes,    1353664 total
- age   3:        664 bytes,    1354328 total
- age   4:       1752 bytes,    1356080 total
- age   5:       4144 bytes,    1360224 total
- age   6:      20960 bytes,    1381184 total
: 658153K->1754K(737280K), 0.0067540 secs] 1650194K->993797K(1761280K), 0.0069210 secs] [Times: user=0.04 sys=0.01, real=0.01 secs] 
557.412: [GC557.412: [ParNew
Desired survivor size 41943040 bytes, new threshold 6 (max 6)
- age   1:    1444792 bytes,    1444792 total
- age   2:      12440 bytes,    1457232 total
- age   3:        864 bytes,    1458096 total
- age   4:        664 bytes,    1458760 total
- age   5:       1752 bytes,    1460512 total
- age   6:       4120 bytes,    1464632 total
: 657114K->1922K(737280K), 0.0070380 secs] 1649157K->993985K(1761280K), 0.0071670 secs] [Times: user=0.05 sys=0.00, real=0.00 secs] 
557.634: [GC557.634: [ParNew
Desired survivor size 41943040 bytes, new threshold 6 (max 6)
- age   1:     817096 bytes,     817096 total
- age   2:       1200 bytes,     818296 total
- age   3:      12320 bytes,     830616 total
- age   4:        840 bytes,     831456 total
- age   5:        496 bytes,     831952 total
- age   6:       1752 bytes,     833704 total
: 657282K->1741K(737280K), 0.0071820 secs] 1649345K->993809K(1761280K), 0.0073230 secs] [Times: user=0.04 sys=0.00, real=0.01 secs] 
557.897: [GC557.897: [ParNew
Desired survivor size 41943040 bytes, new threshold 6 (max 6)
- age   1:    1303416 bytes,    1303416 total
- age   2:       2104 bytes,    1305520 total
- age   3:       1152 bytes,    1306672 total
- age   4:      12224 bytes,    1318896 total
- age   5:        816 bytes,    1319712 total
- age   6:        496 bytes,    1320208 total
: 657101K->1634K(737280K), 0.0070020 secs] 1649169K->993704K(1761280K), 0.0071670 secs] [Times: user=0.04 sys=0.00, real=0.01 secs] 
558.037: [CMS-concurrent-mark: 7.759/8.049 secs] [Times: user=58.15 sys=1.04, real=8.05 secs] 
558.037: [CMS-concurrent-preclean-start]
558.052: [CMS-concurrent-preclean: 0.014/0.015 secs] [Times: user=0.12 sys=0.00, real=0.02 secs] 
558.052: [CMS-concurrent-abortable-preclean-start]
558.120: [GC558.120: [ParNew
Desired survivor size 41943040 bytes, new threshold 6 (max 6)
- age   1:    1782296 bytes,    1782296 total
- age   2:       4208 bytes,    1786504 total
- age   3:       1840 bytes,    1788344 total
- age   4:        864 bytes,    1789208 total
- age   5:      12032 bytes,    1801240 total
- age   6:        792 bytes,    1802032 total
: 656994K->1978K(737280K), 0.0090760 secs] 1649064K->994048K(1761280K), 0.0092460 secs] [Times: user=0.06 sys=0.00, real=0.01 secs] 
558.312: [CMS-concurrent-abortable-preclean: 0.248/0.260 secs] [Times: user=1.95 sys=0.03, real=0.26 secs] 
558.327: [GC[YG occupancy: 605199 K (737280 K)]558.328: [Rescan (parallel) , 0.2165720 secs]558.544: [weak refs processing, 0.0000320 secs]558.544: [scrub string table, 0.0010500 secs] [1 CMS-remark: 992070K(1024000K)] 1597270K(1761280K), 0.2178310 secs] [Times: user=1.60 sys=0.01, real=0.22 secs] 
558.546: [CMS-concurrent-sweep-start]
558.568: [GC558.568: [ParNew
Desired survivor size 41943040 bytes, new threshold 6 (max 6)
- age   1:    2813848 bytes,    2813848 total
- age   2:     315640 bytes,    3129488 total
- age   3:       4016 bytes,    3133504 total
- age   4:       1672 bytes,    3135176 total
- age   5:        696 bytes,    3135872 total
- age   6:      11888 bytes,    3147760 total
: 657338K->3805K(737280K), 0.0081770 secs] 1649407K->995876K(1761280K), 0.0083440 secs] [Times: user=0.05 sys=0.00, real=0.01 secs] 
558.819: [GC558.819: [ParNew
Desired survivor size 41943040 bytes, new threshold 6 (max 6)
- age   1:    1830976 bytes,    1830976 total
- age   2:       4888 bytes,    1835864 total
- age   3:       4432 bytes,    1840296 total
- age   4:       3992 bytes,    1844288 total
- age   5:       1648 bytes,    1845936 total
- age   6:        696 bytes,    1846632 total
: 659165K->3044K(737280K), 0.0072560 secs] 1651233K->995123K(1761280K), 0.0073880 secs] [Times: user=0.05 sys=0.00, real=0.01 secs] 
559.068: [GC559.069: [ParNew
Desired survivor size 41943040 bytes, new threshold 6 (max 6)
- age   1:    1115376 bytes,    1115376 total
- age   2:       8088 bytes,    1123464 total
- age   3:       4888 bytes,    1128352 total
- age   4:       4432 bytes,    1132784 total
- age   5:       3992 bytes,    1136776 total
- age   6:       1648 bytes,    1138424 total
: 658404K->1690K(737280K), 0.0069460 secs] 1650483K->993771K(1761280K), 0.0071420 secs] [Times: user=0.05 sys=0.00, real=0.01 secs] 
559.317: [GC559.317: [ParNew
Desired survivor size 41943040 bytes, new threshold 6 (max 6)
- age   1:    1475432 bytes,    1475432 total
- age   2:       4352 bytes,    1479784 total
- age   3:       8088 bytes,    1487872 total
- age   4:       4864 bytes,    1492736 total
- age   5:       4432 bytes,    1497168 total
- age   6:       3992 bytes,    1501160 total
: 657050K->2051K(737280K), 0.0067000 secs] 1649131K->994133K(1761280K), 0.0068770 secs] [Times: user=0.04 sys=0.00, real=0.01 secs] 
559.564: [GC559.564: [ParNew
Desired survivor size 41943040 bytes, new threshold 6 (max 6)
- age   1:     970064 bytes,     970064 total
- age   2:       8336 bytes,     978400 total
- age   3:       4136 bytes,     982536 total
- age   4:       7824 bytes,     990360 total
- age   5:       4624 bytes,     994984 total
- age   6:       4168 bytes,     999152 total
: 657411K->1740K(737280K), 0.0065060 secs] 1649493K->993827K(1761280K), 0.0066460 secs] [Times: user=0.04 sys=0.01, real=0.00 secs] 
559.791: [GC559.791: [ParNew
Desired survivor size 41943040 bytes, new threshold 6 (max 6)
- age   1:    2571808 bytes,    2571808 total
- age   2:       2232 bytes,    2574040 total
- age   3:       8216 bytes,    2582256 total
- age   4:       4088 bytes,    2586344 total
- age   5:       7728 bytes,    2594072 total
- age   6:       4576 bytes,    2598648 total
: 657100K->3034K(737280K), 0.0081540 secs] 1649187K->995125K(1761280K), 0.0083410 secs] [Times: user=0.05 sys=0.00, real=0.00 secs] 
560.019: [GC560.019: [ParNew
Desired survivor size 41943040 bytes, new threshold 6 (max 6)
- age   1:     833216 bytes,     833216 total
- age   2:       1880 bytes,     835096 total
- age   3:       2232 bytes,     837328 total
- age   4:       8216 bytes,     845544 total
- age   5:       4088 bytes,     849632 total
- age   6:       7728 bytes,     857360 total
: 658394K->2081K(737280K), 0.0063710 secs] 1650415K->994107K(1761280K), 0.0065340 secs] [Times: user=0.04 sys=0.00, real=0.01 secs] 
560.061: [CMS-concurrent-sweep: 1.430/1.515 secs] [Times: user=11.23 sys=0.23, real=1.52 secs] 
560.061: [CMS-concurrent-reset-start]
560.101: [CMS-concurrent-reset: 0.039/0.039 secs] [Times: user=0.30 sys=0.01, real=0.04 secs] 
560.242: [GC560.242: [ParNew
Desired survivor size 41943040 bytes, new threshold 6 (max 6)
- age   1:    1275384 bytes,    1275384 total
- age   2:       4840 bytes,    1280224 total
- age   3:       1832 bytes,    1282056 total
- age   4:       2136 bytes,    1284192 total
- age   5:       8096 bytes,    1292288 total
- age   6:       3992 bytes,    1296280 total
: 657441K->1668K(737280K), 0.0085200 secs] 1649389K->993624K(1761280K), 0.0086690 secs] [Times: user=0.04 sys=0.00, real=0.01 secs] 
560.252: [GC [1 CMS-initial-mark: 991956K(1024000K)] 996922K(1761280K), 0.0058320 secs] [Times: user=0.01 sys=0.00, real=0.00 secs] 
560.258: [CMS-concurrent-mark-start]
560.498: [GC560.498: [ParNew
Desired survivor size 41943040 bytes, new threshold 6 (max 6)
- age   1:    1017312 bytes,    1017312 total
- age   2:       7480 bytes,    1024792 total
- age   3:       4840 bytes,    1029632 total
- age   4:       1800 bytes,    1031432 total
- age   5:       2136 bytes,    1033568 total
- age   6:       8072 bytes,    1041640 total
: 657028K->2026K(737280K), 0.0066900 secs] 1648984K->993987K(1761280K), 0.0068440 secs] [Times: user=0.05 sys=0.00, real=0.01 secs] 
560.736: [GC560.736: [ParNew
Desired survivor size 41943040 bytes, new threshold 6 (max 6)
- age   1:    3008040 bytes,    3008040 total
- age   2:        928 bytes,    3008968 total
- age   3:       7288 bytes,    3016256 total
- age   4:       4768 bytes,    3021024 total
- age   5:       1728 bytes,    3022752 total
- age   6:       2040 bytes,    3024792 total
: 657386K->3354K(737280K), 0.0080860 secs] 1649347K->995323K(1761280K), 0.0082520 secs] [Times: user=0.05 sys=0.00, real=0.01 secs] 
560.982: [GC560.982: [ParNew
Desired survivor size 41943040 bytes, new threshold 6 (max 6)
- age   1:    1191848 bytes,    1191848 total
- age   2:       7184 bytes,    1199032 total
- age   3:        880 bytes,    1199912 total
- age   4:       7288 bytes,    1207200 total
- age   5:       4768 bytes,    1211968 total
- age   6:       1728 bytes,    1213696 total
: 658714K->2383K(737280K), 0.0066770 secs] 1650683K->994353K(1761280K), 0.0068210 secs] [Times: user=0.04 sys=0.00, real=0.00 secs] 
561.242: [GC561.242: [ParNew
Desired survivor size 41943040 bytes, new threshold 6 (max 6)
- age   1:     758320 bytes,     758320 total
- age   2:       2608 bytes,     760928 total
- age   3:       7184 bytes,     768112 total
- age   4:        880 bytes,     768992 total
- age   5:       7288 bytes,     776280 total
- age   6:       4768 bytes,     781048 total
: 657743K->1430K(737280K), 0.0060790 secs] 1649713K->993403K(1761280K), 0.0062120 secs] [Times: user=0.04 sys=0.00, real=0.00 secs] 
561.475: [GC561.475: [ParNew
Desired survivor size 41943040 bytes, new threshold 6 (max 6)
- age   1:    1534376 bytes,    1534376 total
- age   2:       7752 bytes,    1542128 total
- age   3:       2248 bytes,    1544376 total
- age   4:       6752 bytes,    1551128 total
- age   5:        640 bytes,    1551768 total
- age   6:       6976 bytes,    1558744 total
: 656790K->1774K(737280K), 0.0066790 secs] 1648763K->993752K(1761280K), 0.0068420 secs] [Times: user=0.04 sys=0.00, real=0.01 secs] 
561.716: [GC561.716: [ParNew
Desired survivor size 41943040 bytes, new threshold 6 (max 6)
- age   1:     804792 bytes,     804792 total
- age   2:       8048 bytes,     812840 total
- age   3:       7752 bytes,     820592 total
- age   4:       2248 bytes,     822840 total
- age   5:       6752 bytes,     829592 total
- age   6:        640 bytes,     830232 total
: 657134K->1278K(737280K), 0.0072120 secs] 1649112K->993263K(1761280K), 0.0073810 secs] [Times: user=0.04 sys=0.00, real=0.01 secs] 
561.968: [GC561.968: [ParNew
Desired survivor size 41943040 bytes, new threshold 6 (max 6)
- age   1:    1696000 bytes,    1696000 total
- age   2:       7784 bytes,    1703784 total
- age   3:       7880 bytes,    1711664 total
- age   4:       7680 bytes,    1719344 total
- age   5:       2176 bytes,    1721520 total
- age   6:       6680 bytes,    1728200 total
: 656638K->2319K(737280K), 0.0071250 secs] 1648623K->994305K(1761280K), 0.0072720 secs] [Times: user=0.04 sys=0.00, real=0.01 secs] 
562.222: [GC562.222: [ParNew
Desired survivor size 41943040 bytes, new threshold 6 (max 6)
- age   1:     695328 bytes,     695328 total
- age   2:       8632 bytes,     703960 total
- age   3:       7640 bytes,     711600 total
- age   4:       7664 bytes,     719264 total
- age   5:       7536 bytes,     726800 total
- age   6:       2032 bytes,     728832 total
: 657679K->1497K(737280K), 0.0065750 secs] 1649665K->993490K(1761280K), 0.0067000 secs] [Times: user=0.03 sys=0.01, real=0.00 secs] 
562.469: [GC562.469: [ParNew
Desired survivor size 41943040 bytes, new threshold 6 (max 6)
- age   1:     578800 bytes,     578800 total
- age   2:       5208 bytes,     584008 total
- age   3:       8584 bytes,     592592 total
- age   4:       7544 bytes,     600136 total
- age   5:       7592 bytes,     607728 total
- age   6:       7536 bytes,     615264 total
: 656857K->881K(737280K), 0.0060880 secs] 1648850K->992877K(1761280K), 0.0062250 secs] [Times: user=0.04 sys=0.00, real=0.01 secs] 
562.707: [GC562.707: [ParNew
Desired survivor size 41943040 bytes, new threshold 6 (max 6)
- age   1:    1225480 bytes,    1225480 total
- age   2:       1912 bytes,    1227392 total
- age   3:       5112 bytes,    1232504 total
- age   4:       8584 bytes,    1241088 total
- age   5:       7544 bytes,    1248632 total
- age   6:       7592 bytes,    1256224 total
: 656241K->1451K(737280K), 0.0066950 secs] 1648237K->993453K(1761280K), 0.0068140 secs] [Times: user=0.05 sys=0.00, real=0.01 secs] 
562.973: [GC562.973: [ParNew
Desired survivor size 41943040 bytes, new threshold 6 (max 6)
- age   1:    1133312 bytes,    1133312 total
- age   2:        808 bytes,    1134120 total
- age   3:       1672 bytes,    1135792 total
- age   4:       4776 bytes,    1140568 total
- age   5:       8392 bytes,    1148960 total
- age   6:       7352 bytes,    1156312 total
: 656811K->1877K(737280K), 0.0066650 secs] 1648813K->993888K(1761280K), 0.0068120 secs] [Times: user=0.04 sys=0.00, real=0.00 secs] 
563.211: [GC563.211: [ParNew
Desired survivor size 41943040 bytes, new threshold 6 (max 6)
- age   1:    2067464 bytes,    2067464 total
- age   2:       5336 bytes,    2072800 total
- age   3:        664 bytes,    2073464 total
- age   4:       1648 bytes,    2075112 total
- age   5:       4776 bytes,    2079888 total
- age   6:       8392 bytes,    2088280 total
: 657237K->2509K(737280K), 0.0073280 secs] 1649248K->994527K(1761280K), 0.0075430 secs] [Times: user=0.04 sys=0.00, real=0.01 secs] 
563.455: [GC563.455: [ParNew
Desired survivor size 41943040 bytes, new threshold 6 (max 6)
- age   1:     715224 bytes,     715224 total
- age   2:       5952 bytes,     721176 total
- age   3:       5048 bytes,     726224 total
- age   4:        640 bytes,     726864 total
- age   5:       1624 bytes,     728488 total
- age   6:       4776 bytes,     733264 total
: 657869K->1808K(737280K), 0.0066280 secs] 1649887K->993835K(1761280K), 0.0067540 secs] [Times: user=0.04 sys=0.00, real=0.01 secs] 
563.696: [GC563.696: [ParNew
Desired survivor size 41943040 bytes, new threshold 6 (max 6)
- age   1:     405968 bytes,     405968 total
- age   2:       8528 bytes,     414496 total
- age   3:       5952 bytes,     420448 total
- age   4:       5048 bytes,     425496 total
- age   5:        640 bytes,     426136 total
- age   6:       1624 bytes,     427760 total
: 657168K->867K(737280K), 0.0060610 secs] 1649195K->992900K(1761280K), 0.0061850 secs] [Times: user=0.04 sys=0.00, real=0.01 secs] 
563.930: [GC563.930: [ParNew
Desired survivor size 41943040 bytes, new threshold 6 (max 6)
- age   1:    1701400 bytes,    1701400 total
- age   2:        984 bytes,    1702384 total
- age   3:       8256 bytes,    1710640 total
- age   4:       5688 bytes,    1716328 total
- age   5:       4880 bytes,    1721208 total
- age   6:        496 bytes,    1721704 total
: 656227K->1815K(737280K), 0.0067030 secs] 1648260K->993850K(1761280K), 0.0068640 secs] [Times: user=0.05 sys=0.00, real=0.01 secs] 
564.156: [GC564.156: [ParNew
Desired survivor size 41943040 bytes, new threshold 6 (max 6)
- age   1:    2180624 bytes,    2180624 total
- age   2:     277528 bytes,    2458152 total
- age   3:        864 bytes,    2459016 total
- age   4:       8112 bytes,    2467128 total
- age   5:       5448 bytes,    2472576 total
- age   6:       4760 bytes,    2477336 total
: 657175K->3167K(737280K), 0.0076240 secs] 1649210K->995202K(1761280K), 0.0077900 secs] [Times: user=0.05 sys=0.00, real=0.01 secs] 
564.383: [GC564.384: [ParNew
Desired survivor size 41943040 bytes, new threshold 6 (max 6)
- age   1:    1686064 bytes,    1686064 total
- age   2:     423256 bytes,    2109320 total
- age   3:       4552 bytes,    2113872 total
- age   4:        648 bytes,    2114520 total
- age   5:       7872 bytes,    2122392 total
- age   6:       5376 bytes,    2127768 total
: 658527K->3490K(737280K), 0.0071170 secs] 1650562K->995530K(1761280K), 0.0072660 secs] [Times: user=0.05 sys=0.00, real=0.00 secs] 
564.611: [GC564.611: [ParNew
Desired survivor size 41943040 bytes, new threshold 6 (max 6)
- age   1:    1014496 bytes,    1014496 total
- age   2:       7760 bytes,    1022256 total
- age   3:        760 bytes,    1023016 total
- age   4:       4336 bytes,    1027352 total
- age   5:        624 bytes,    1027976 total
- age   6:       7800 bytes,    1035776 total
: 658850K->1974K(737280K), 0.0066180 secs] 1650890K->994020K(1761280K), 0.0067840 secs] [Times: user=0.05 sys=0.00, real=0.01 secs] 
564.843: [GC564.843: [ParNew
Desired survivor size 41943040 bytes, new threshold 6 (max 6)
- age   1:    1855720 bytes,    1855720 total
- age   2:      11944 bytes,    1867664 total
- age   3:       7712 bytes,    1875376 total
- age   4:        688 bytes,    1876064 total
- age   5:       4312 bytes,    1880376 total
- age   6:        624 bytes,    1881000 total
: 657334K->2213K(737280K), 0.0076260 secs] 1649380K->994267K(1761280K), 0.0078020 secs] [Times: user=0.05 sys=0.00, real=0.00 secs] 
565.086: [GC565.086: [ParNew
Desired survivor size 41943040 bytes, new threshold 6 (max 6)
- age   1:    1995904 bytes,    1995904 total
- age   2:       3904 bytes,    1999808 total
- age   3:      11680 bytes,    2011488 total
- age   4:       7712 bytes,    2019200 total
- age   5:        688 bytes,    2019888 total
- age   6:       4312 bytes,    2024200 total
: 657573K->2720K(737280K), 0.0072370 secs] 1649627K->994775K(1761280K), 0.0074070 secs] [Times: user=0.06 sys=0.00, real=0.01 secs] 
565.308: [GC565.308: [ParNew
Desired survivor size 41943040 bytes, new threshold 6 (max 6)
- age   1:    1257472 bytes,    1257472 total
- age   2:       7248 bytes,    1264720 total
- age   3:       3904 bytes,    1268624 total
- age   4:      11680 bytes,    1280304 total
- age   5:       7712 bytes,    1288016 total
- age   6:        688 bytes,    1288704 total
: 658080K->1871K(737280K), 0.0074420 secs] 1650135K->993930K(1761280K), 0.0075930 secs] [Times: user=0.05 sys=0.00, real=0.01 secs] 
565.547: [GC565.547: [ParNew
Desired survivor size 41943040 bytes, new threshold 6 (max 6)
- age   1:     259936 bytes,     259936 total
- age   2:       8400 bytes,     268336 total
- age   3:       7248 bytes,     275584 total
- age   4:       3904 bytes,     279488 total
- age   5:      11680 bytes,     291168 total
- age   6:       7688 bytes,     298856 total
: 657231K->1411K(737280K), 0.0063180 secs] 1649290K->993471K(1761280K), 0.0064580 secs] [Times: user=0.04 sys=0.00, real=0.01 secs] 
565.770: [GC565.770: [ParNew
Desired survivor size 41943040 bytes, new threshold 6 (max 6)
- age   1:    1424400 bytes,    1424400 total
- age   2:      33728 bytes,    1458128 total
- age   3:       8328 bytes,    1466456 total
- age   4:       7104 bytes,    1473560 total
- age   5:       3808 bytes,    1477368 total
- age   6:      11632 bytes,    1489000 total
: 656771K->1703K(737280K), 0.0069140 secs] 1648831K->993771K(1761280K), 0.0070440 secs] [Times: user=0.04 sys=0.00, real=0.01 secs] 
565.999: [GC565.999: [ParNew
Desired survivor size 41943040 bytes, new threshold 6 (max 6)
- age   1:    1614872 bytes,    1614872 total
- age   2:       3992 bytes,    1618864 total
- age   3:      33728 bytes,    1652592 total
- age   4:       8328 bytes,    1660920 total
- age   5:       7104 bytes,    1668024 total
- age   6:       3808 bytes,    1671832 total
: 657063K->2394K(737280K), 0.0075120 secs] 1649131K->994474K(1761280K), 0.0077010 secs] [Times: user=0.04 sys=0.00, real=0.01 secs] 
566.220: [GC566.220: [ParNew
Desired survivor size 41943040 bytes, new threshold 6 (max 6)
- age   1:    1843256 bytes,    1843256 total
- age   2:       4856 bytes,    1848112 total
- age   3:       3752 bytes,    1851864 total
- age   4:      33488 bytes,    1885352 total
- age   5:       8184 bytes,    1893536 total
- age   6:       6960 bytes,    1900496 total
: 657754K->2666K(737280K), 0.0073420 secs] 1649834K->994750K(1761280K), 0.0074800 secs] [Times: user=0.05 sys=0.00, real=0.01 secs] 
566.459: [GC566.459: [ParNew
Desired survivor size 41943040 bytes, new threshold 6 (max 6)
- age   1:    1038944 bytes,    1038944 total
- age   2:      13336 bytes,    1052280 total
- age   3:       4760 bytes,    1057040 total
- age   4:       3584 bytes,    1060624 total
- age   5:      33344 bytes,    1093968 total
- age   6:       8040 bytes,    1102008 total
: 658026K->1994K(737280K), 0.0063800 secs] 1650110K->994085K(1761280K), 0.0065420 secs] [Times: user=0.04 sys=0.00, real=0.01 secs] 
566.683: [GC566.684: [ParNew
Desired survivor size 41943040 bytes, new threshold 6 (max 6)
- age   1:    1418416 bytes,    1418416 total
- age   2:      10080 bytes,    1428496 total
- age   3:      13144 bytes,    1441640 total
- age   4:       4664 bytes,    1446304 total
- age   5:       3584 bytes,    1449888 total
- age   6:      33344 bytes,    1483232 total
: 657354K->1799K(737280K), 0.0071150 secs] 1649445K->993898K(1761280K), 0.0073190 secs] [Times: user=0.05 sys=0.00, real=0.00 secs] 
566.940: [GC566.940: [ParNew
Desired survivor size 41943040 bytes, new threshold 6 (max 6)
- age   1:    1320208 bytes,    1320208 total
- age   2:       5008 bytes,    1325216 total
- age   3:       9864 bytes,    1335080 total
- age   4:      13072 bytes,    1348152 total
- age   5:       4664 bytes,    1352816 total
- age   6:       3560 bytes,    1356376 total
: 657159K->2109K(737280K), 0.0067830 secs] 1649258K->994241K(1761280K), 0.0069380 secs] [Times: user=0.04 sys=0.00, real=0.01 secs] 
567.173: [GC567.174: [ParNew
Desired survivor size 41943040 bytes, new threshold 6 (max 6)
- age   1:     856624 bytes,     856624 total
- age   2:       5248 bytes,     861872 total
- age   3:       4936 bytes,     866808 total
- age   4:       9840 bytes,     876648 total
- age   5:      13072 bytes,     889720 total
- age   6:       4664 bytes,     894384 total
: 657469K->1647K(737280K), 0.0063090 secs] 1649601K->993783K(1761280K), 0.0064510 secs] [Times: user=0.05 sys=0.00, real=0.00 secs] 
567.410: [GC567.410: [ParNew
Desired survivor size 41943040 bytes, new threshold 6 (max 6)
- age   1:    2234280 bytes,    2234280 total
- age   2:       9768 bytes,    2244048 total
- age   3:       4712 bytes,    2248760 total
- age   4:       4432 bytes,    2253192 total
- age   5:       9384 bytes,    2262576 total
- age   6:      12928 bytes,    2275504 total
: 657007K->2463K(737280K), 0.0078980 secs] 1649143K->994604K(1761280K), 0.0080290 secs] [Times: user=0.05 sys=0.00, real=0.01 secs] 
567.638: [GC567.638: [ParNew
Desired survivor size 41943040 bytes, new threshold 6 (max 6)
- age   1:    3129936 bytes,    3129936 total
- age   2:      12088 bytes,    3142024 total
- age   3:       9768 bytes,    3151792 total
- age   4:       4712 bytes,    3156504 total
- age   5:       4432 bytes,    3160936 total
- age   6:       9384 bytes,    3170320 total
: 657823K->3661K(737280K), 0.0085090 secs] 1649964K->995816K(1761280K), 0.0086560 secs] [Times: user=0.06 sys=0.00, real=0.01 secs] 
567.879: [GC567.879: [ParNew
Desired survivor size 41943040 bytes, new threshold 6 (max 6)
- age   1:    1654640 bytes,    1654640 total
- age   2:       7944 bytes,    1662584 total
- age   3:      11936 bytes,    1674520 total
- age   4:       9768 bytes,    1684288 total
- age   5:       4688 bytes,    1688976 total
- age   6:       4432 bytes,    1693408 total
: 659021K->3127K(737280K), 0.0175490 secs] 1651176K->995291K(1761280K), 0.0177310 secs] [Times: user=0.09 sys=0.00, real=0.02 secs] 
568.126: [GC568.126: [ParNew
Desired survivor size 41943040 bytes, new threshold 6 (max 6)
- age   1:     688400 bytes,     688400 total
- age   2:       4856 bytes,     693256 total
- age   3:       7944 bytes,     701200 total
- age   4:      11936 bytes,     713136 total
- age   5:       9768 bytes,     722904 total
- age   6:       4688 bytes,     727592 total
: 658487K->1315K(737280K), 0.0067630 secs] 1650651K->993483K(1761280K), 0.0068920 secs] [Times: user=0.04 sys=0.00, real=0.01 secs] 
568.362: [GC568.362: [ParNew
Desired survivor size 41943040 bytes, new threshold 6 (max 6)
- age   1:    1112568 bytes,    1112568 total
- age   2:       4640 bytes,    1117208 total
- age   3:       4856 bytes,    1122064 total
- age   4:       7944 bytes,    1130008 total
- age   5:      11912 bytes,    1141920 total
- age   6:       9768 bytes,    1151688 total
: 656675K->1488K(737280K), 0.0065500 secs] 1648843K->993661K(1761280K), 0.0066790 secs] [Times: user=0.05 sys=0.00, real=0.00 secs] 
568.478: [CMS-concurrent-mark: 7.906/8.220 secs] [Times: user=61.46 sys=1.14, real=8.22 secs] 
568.478: [CMS-concurrent-preclean-start]
568.493: [CMS-concurrent-preclean: 0.014/0.015 secs] [Times: user=0.11 sys=0.00, real=0.02 secs] 
568.493: [CMS-concurrent-abortable-preclean-start]
568.595: [GC568.595: [ParNew
Desired survivor size 41943040 bytes, new threshold 6 (max 6)
- age   1:     947256 bytes,     947256 total
- age   2:       1368 bytes,     948624 total
- age   3:       4616 bytes,     953240 total
- age   4:       4784 bytes,     958024 total
- age   5:       7920 bytes,     965944 total
- age   6:      11792 bytes,     977736 total
: 656848K->1612K(737280K), 0.0063000 secs] 1649021K->993795K(1761280K), 0.0064730 secs] [Times: user=0.03 sys=0.01, real=0.01 secs] 
568.754: [CMS-concurrent-abortable-preclean: 0.139/0.260 secs] [Times: user=1.94 sys=0.04, real=0.26 secs] 
568.757: [GC[YG occupancy: 488468 K (737280 K)]568.757: [Rescan (parallel) , 0.3014020 secs]569.059: [weak refs processing, 0.0000400 secs]569.059: [scrub string table, 0.0010030 secs] [1 CMS-remark: 992183K(1024000K)] 1480651K(1761280K), 0.3025990 secs] [Times: user=2.19 sys=0.01, real=0.30 secs] 
569.060: [CMS-concurrent-sweep-start]
569.127: [GC569.127: [ParNew
Desired survivor size 41943040 bytes, new threshold 6 (max 6)
- age   1:    1307024 bytes,    1307024 total
- age   2:       1120 bytes,    1308144 total
- age   3:       1224 bytes,    1309368 total
- age   4:       4520 bytes,    1313888 total
- age   5:       4640 bytes,    1318528 total
- age   6:       7752 bytes,    1326280 total
: 656972K->1515K(737280K), 0.0070650 secs] 1649147K->993702K(1761280K), 0.0072310 secs] [Times: user=0.05 sys=0.00, real=0.01 secs] 
569.383: [GC569.383: [ParNew
Desired survivor size 41943040 bytes, new threshold 6 (max 6)
- age   1:     535864 bytes,     535864 total
- age   2:       4192 bytes,     540056 total
- age   3:        688 bytes,     540744 total
- age   4:        792 bytes,     541536 total
- age   5:       4184 bytes,     545720 total
- age   6:       4280 bytes,     550000 total
: 656875K->1263K(737280K), 0.0060830 secs] 1649062K->993457K(1761280K), 0.0062370 secs] [Times: user=0.04 sys=0.00, real=0.00 secs] 
569.641: [GC569.641: [ParNew
Desired survivor size 41943040 bytes, new threshold 6 (max 6)
- age   1:     699240 bytes,     699240 total
- age   2:       8624 bytes,     707864 total
- age   3:       4120 bytes,     711984 total
- age   4:        568 bytes,     712552 total
- age   5:        696 bytes,     713248 total
- age   6:       4088 bytes,     717336 total
: 656623K->1024K(737280K), 0.0064670 secs] 1648817K->993223K(1761280K), 0.0066200 secs] [Times: user=0.04 sys=0.00, real=0.01 secs] 
569.901: [GC569.901: [ParNew
Desired survivor size 41943040 bytes, new threshold 6 (max 6)
- age   1:    1492336 bytes,    1492336 total
- age   2:       8640 bytes,    1500976 total
- age   3:       8624 bytes,    1509600 total
- age   4:       4120 bytes,    1513720 total
- age   5:        568 bytes,    1514288 total
- age   6:        696 bytes,    1514984 total
: 656384K->1776K(737280K), 0.0068820 secs] 1648583K->993979K(1761280K), 0.0070430 secs] [Times: user=0.04 sys=0.00, real=0.01 secs] 
570.138: [GC570.138: [ParNew
Desired survivor size 41943040 bytes, new threshold 6 (max 6)
- age   1:    3175848 bytes,    3175848 total
- age   2:       4232 bytes,    3180080 total
- age   3:       8424 bytes,    3188504 total
- age   4:       8432 bytes,    3196936 total
- age   5:       4048 bytes,    3200984 total
- age   6:        568 bytes,    3201552 total
: 657136K->3654K(737280K), 0.0083460 secs] 1649339K->995858K(1761280K), 0.0085010 secs] [Times: user=0.05 sys=0.01, real=0.01 secs] 
570.201: [CMS-concurrent-sweep: 1.093/1.140 secs] [Times: user=8.50 sys=0.17, real=1.14 secs] 
570.201: [CMS-concurrent-reset-start]
570.237: [CMS-concurrent-reset: 0.036/0.036 secs] [Times: user=0.27 sys=0.00, real=0.04 secs] 
570.408: [GC570.408: [ParNew
Desired survivor size 41943040 bytes, new threshold 6 (max 6)
- age   1:    1043904 bytes,    1043904 total
- age   2:       3960 bytes,    1047864 total
- age   3:       4232 bytes,    1052096 total
- age   4:       8424 bytes,    1060520 total
- age   5:       8408 bytes,    1068928 total
- age   6:       4048 bytes,    1072976 total
: 659014K->2662K(737280K), 0.0062320 secs] 1651076K->994725K(1761280K), 0.0064270 secs] [Times: user=0.05 sys=0.00, real=0.01 secs] 
570.415: [GC [1 CMS-initial-mark: 992062K(1024000K)] 996615K(1761280K), 0.0048420 secs] [Times: user=0.00 sys=0.00, real=0.00 secs] 
570.420: [CMS-concurrent-mark-start]
570.659: [GC570.659: [ParNew
Desired survivor size 41943040 bytes, new threshold 6 (max 6)
- age   1:    2129904 bytes,    2129904 total
- age   2:      65912 bytes,    2195816 total
- age   3:       3840 bytes,    2199656 total
- age   4:       4112 bytes,    2203768 total
- age   5:       8208 bytes,    2211976 total
- age   6:       8240 bytes,    2220216 total
: 658022K->2550K(737280K), 0.0075760 secs] 1650085K->994617K(1761280K), 0.0077180 secs] [Times: user=0.05 sys=0.00, real=0.01 secs] 
570.923: [GC570.924: [ParNew
Desired survivor size 41943040 bytes, new threshold 6 (max 6)
- age   1:     745696 bytes,     745696 total
- age   2:       1776 bytes,     747472 total
- age   3:       1128 bytes,     748600 total
- age   4:       3744 bytes,     752344 total
- age   5:       4064 bytes,     756408 total
- age   6:       7992 bytes,     764400 total
: 657910K->1858K(737280K), 0.0063070 secs] 1649977K->993933K(1761280K), 0.0064300 secs] [Times: user=0.05 sys=0.00, real=0.00 secs] 
571.169: [GC571.169: [ParNew
Desired survivor size 41943040 bytes, new threshold 6 (max 6)
- age   1:     672912 bytes,     672912 total
- age   2:       8200 bytes,     681112 total
- age   3:       1728 bytes,     682840 total
- age   4:       1104 bytes,     683944 total
- age   5:       3720 bytes,     687664 total
- age   6:       4064 bytes,     691728 total
: 657218K->1023K(737280K), 0.0063050 secs] 1649293K->993106K(1761280K), 0.0064620 secs] [Times: user=0.05 sys=0.00, real=0.01 secs] 
571.443: [GC571.443: [ParNew
Desired survivor size 41943040 bytes, new threshold 6 (max 6)
- age   1:     445896 bytes,     445896 total
- age   2:       4128 bytes,     450024 total
- age   3:       7792 bytes,     457816 total
- age   4:       1512 bytes,     459328 total
- age   5:        888 bytes,     460216 total
- age   6:       3576 bytes,     463792 total
: 656383K->952K(737280K), 0.0063680 secs] 1648466K->993040K(1761280K), 0.0065180 secs] [Times: user=0.04 sys=0.00, real=0.00 secs] 
571.690: [GC571.690: [ParNew
Desired survivor size 41943040 bytes, new threshold 6 (max 6)
- age   1:    1924624 bytes,    1924624 total
- age   2:     171952 bytes,    2096576 total
- age   3:       4080 bytes,    2100656 total
- age   4:       7720 bytes,    2108376 total
- age   5:       1416 bytes,    2109792 total
- age   6:        816 bytes,    2110608 total
: 656312K->2229K(737280K), 0.0072570 secs] 1648400K->994321K(1761280K), 0.0073920 secs] [Times: user=0.05 sys=0.00, real=0.01 secs] 
571.929: [GC571.929: [ParNew
Desired survivor size 41943040 bytes, new threshold 6 (max 6)
- age   1:    1451776 bytes,    1451776 total
- age   2:       8000 bytes,    1459776 total
- age   3:       4200 bytes,    1463976 total
- age   4:       3984 bytes,    1467960 total
- age   5:       7504 bytes,    1475464 total
- age   6:       1416 bytes,    1476880 total
: 657589K->2447K(737280K), 0.0068210 secs] 1649681K->994539K(1761280K), 0.0069600 secs] [Times: user=0.05 sys=0.00, real=0.01 secs] 
572.172: [GC572.172: [ParNew
Desired survivor size 41943040 bytes, new threshold 6 (max 6)
- age   1:    1185696 bytes,    1185696 total
- age   2:       9136 bytes,    1194832 total
- age   3:       7808 bytes,    1202640 total
- age   4:       4128 bytes,    1206768 total
- age   5:       3936 bytes,    1210704 total
- age   6:       7472 bytes,    1218176 total
: 657807K->1660K(737280K), 0.0066500 secs] 1649899K->993754K(1761280K), 0.0068250 secs] [Times: user=0.04 sys=0.00, real=0.01 secs] 
572.408: [GC572.408: [ParNew
Desired survivor size 41943040 bytes, new threshold 6 (max 6)
- age   1:    1133800 bytes,    1133800 total
- age   2:       4336 bytes,    1138136 total
- age   3:       9064 bytes,    1147200 total
- age   4:       7808 bytes,    1155008 total
- age   5:       4104 bytes,    1159112 total
- age   6:       3936 bytes,    1163048 total
: 657020K->1835K(737280K), 0.0065270 secs] 1649114K->993936K(1761280K), 0.0067050 secs] [Times: user=0.04 sys=0.00, real=0.01 secs] 
572.666: [GC572.666: [ParNew
Desired survivor size 41943040 bytes, new threshold 6 (max 6)
- age   1:     746624 bytes,     746624 total
- age   2:       1904 bytes,     748528 total
- age   3:       4144 bytes,     752672 total
- age   4:       8776 bytes,     761448 total
- age   5:       7712 bytes,     769160 total
- age   6:       4032 bytes,     773192 total
: 657195K->1134K(737280K), 0.0065640 secs] 1649296K->993240K(1761280K), 0.0067090 secs] [Times: user=0.04 sys=0.00, real=0.01 secs] 
572.919: [GC572.919: [ParNew
Desired survivor size 41943040 bytes, new threshold 6 (max 6)
- age   1:    2875360 bytes,    2875360 total
- age   2:       9464 bytes,    2884824 total
- age   3:       1880 bytes,    2886704 total
- age   4:       4144 bytes,    2890848 total
- age   5:       8776 bytes,    2899624 total
- age   6:       7712 bytes,    2907336 total
: 656494K->3293K(737280K), 0.0083500 secs] 1648600K->995403K(1761280K), 0.0085050 secs] [Times: user=0.04 sys=0.01, real=0.01 secs] 
573.150: [GC573.150: [ParNew
Desired survivor size 41943040 bytes, new threshold 6 (max 6)
- age   1:    1002680 bytes,    1002680 total
- age   2:       4528 bytes,    1007208 total
- age   3:       9176 bytes,    1016384 total
- age   4:       1832 bytes,    1018216 total
- age   5:       4096 bytes,    1022312 total
- age   6:       8704 bytes,    1031016 total
: 658653K->2634K(737280K), 0.0074920 secs] 1650763K->994752K(1761280K), 0.0076370 secs] [Times: user=0.04 sys=0.00, real=0.01 secs] 
573.391: [GC573.391: [ParNew
Desired survivor size 41943040 bytes, new threshold 6 (max 6)
- age   1:     826000 bytes,     826000 total
- age   2:       4304 bytes,     830304 total
- age   3:       4216 bytes,     834520 total
- age   4:       8936 bytes,     843456 total
- age   5:       1664 bytes,     845120 total
- age   6:       3880 bytes,     849000 total
: 657994K->1465K(737280K), 0.0063560 secs] 1650112K->993591K(1761280K), 0.0064820 secs] [Times: user=0.04 sys=0.00, real=0.01 secs] 
573.614: [GC573.614: [ParNew
Desired survivor size 41943040 bytes, new threshold 6 (max 6)
- age   1:    2346960 bytes,    2346960 total
- age   2:       1464 bytes,    2348424 total
- age   3:       4184 bytes,    2352608 total
- age   4:       4192 bytes,    2356800 total
- age   5:       8936 bytes,    2365736 total
- age   6:       1664 bytes,    2367400 total
: 656825K->2535K(737280K), 0.0074140 secs] 1648951K->994666K(1761280K), 0.0075770 secs] [Times: user=0.05 sys=0.01, real=0.00 secs] 
573.841: [GC573.841: [ParNew
Desired survivor size 41943040 bytes, new threshold 6 (max 6)
- age   1:     916912 bytes,     916912 total
- age   2:       4632 bytes,     921544 total
- age   3:       1248 bytes,     922792 total
- age   4:       4040 bytes,     926832 total
- age   5:       4072 bytes,     930904 total
- age   6:       8912 bytes,     939816 total
: 657895K->1864K(737280K), 0.0063070 secs] 1650026K->993996K(1761280K), 0.0064480 secs] [Times: user=0.04 sys=0.00, real=0.01 secs] 
574.074: [GC574.074: [ParNew
Desired survivor size 41943040 bytes, new threshold 6 (max 6)
- age   1:    1464328 bytes,    1464328 total
- age   2:      16048 bytes,    1480376 total
- age   3:       4632 bytes,    1485008 total
- age   4:       1248 bytes,    1486256 total
- age   5:       4040 bytes,    1490296 total
- age   6:       4072 bytes,    1494368 total
: 657224K->1924K(737280K), 0.0076950 secs] 1649356K->994066K(1761280K), 0.0078230 secs] [Times: user=0.04 sys=0.00, real=0.00 secs] 
574.322: [GC574.323: [ParNew
Desired survivor size 41943040 bytes, new threshold 6 (max 6)
- age   1:     457912 bytes,     457912 total
- age   2:       4120 bytes,     462032 total
- age   3:      15928 bytes,     477960 total
- age   4:       4512 bytes,     482472 total
- age   5:       1128 bytes,     483600 total
- age   6:       3968 bytes,     487568 total
: 657284K->1297K(737280K), 0.0061930 secs] 1649426K->993443K(1761280K), 0.0074670 secs] [Times: user=0.05 sys=0.00, real=0.01 secs] 
574.560: [GC574.560: [ParNew
Desired survivor size 41943040 bytes, new threshold 6 (max 6)
- age   1:    1056016 bytes,    1056016 total
- age   2:       4744 bytes,    1060760 total
- age   3:       3712 bytes,    1064472 total
- age   4:      15712 bytes,    1080184 total
- age   5:       4320 bytes,    1084504 total
- age   6:        936 bytes,    1085440 total
: 656657K->1274K(737280K), 0.0067520 secs] 1648803K->993425K(1761280K), 0.0068940 secs] [Times: user=0.05 sys=0.00, real=0.01 secs] 
574.795: [GC574.795: [ParNew
Desired survivor size 41943040 bytes, new threshold 6 (max 6)
- age   1:    1714616 bytes,    1714616 total
- age   2:      14520 bytes,    1729136 total
- age   3:       4744 bytes,    1733880 total
- age   4:       3712 bytes,    1737592 total
- age   5:      15712 bytes,    1753304 total
- age   6:       4320 bytes,    1757624 total
: 656634K->2151K(737280K), 0.0069350 secs] 1648785K->994303K(1761280K), 0.0070810 secs] [Times: user=0.05 sys=0.00, real=0.01 secs] 
575.063: [GC575.063: [ParNew
Desired survivor size 41943040 bytes, new threshold 6 (max 6)
- age   1:    1336248 bytes,    1336248 total
- age   2:       1928 bytes,    1338176 total
- age   3:      14520 bytes,    1352696 total
- age   4:       4744 bytes,    1357440 total
- age   5:       3712 bytes,    1361152 total
- age   6:      15712 bytes,    1376864 total
: 657511K->2081K(737280K), 0.0065670 secs] 1649663K->994238K(1761280K), 0.0067130 secs] [Times: user=0.05 sys=0.00, real=0.00 secs] 
575.300: [GC575.300: [ParNew
Desired survivor size 41943040 bytes, new threshold 6 (max 6)
- age   1:    2426944 bytes,    2426944 total
- age   2:       1224 bytes,    2428168 total
- age   3:       1376 bytes,    2429544 total
- age   4:      14160 bytes,    2443704 total
- age   5:       4504 bytes,    2448208 total
- age   6:       3568 bytes,    2451776 total
: 657441K->2947K(737280K), 0.0080510 secs] 1649598K->995119K(1761280K), 0.0082190 secs] [Times: user=0.05 sys=0.01, real=0.01 secs] 
575.525: [GC575.525: [ParNew
Desired survivor size 41943040 bytes, new threshold 6 (max 6)
- age   1:    2967256 bytes,    2967256 total
- age   2:      11192 bytes,    2978448 total
- age   3:       1200 bytes,    2979648 total
- age   4:       1280 bytes,    2980928 total
- age   5:      13944 bytes,    2994872 total
- age   6:       4504 bytes,    2999376 total
: 658307K->4017K(737280K), 0.0084850 secs] 1650479K->996193K(1761280K), 0.0086870 secs] [Times: user=0.06 sys=0.00, real=0.01 secs] 
575.756: [GC575.756: [ParNew
Desired survivor size 41943040 bytes, new threshold 6 (max 6)
- age   1:     496424 bytes,     496424 total
- age   2:       4464 bytes,     500888 total
- age   3:      11144 bytes,     512032 total
- age   4:       1176 bytes,     513208 total
- age   5:       1176 bytes,     514384 total
- age   6:      13872 bytes,     528256 total
: 659377K->2732K(737280K), 0.0067410 secs] 1651553K->994913K(1761280K), 0.0069030 secs] [Times: user=0.05 sys=0.00, real=0.01 secs] 
576.003: [GC576.003: [ParNew
Desired survivor size 41943040 bytes, new threshold 6 (max 6)
- age   1:     915936 bytes,     915936 total
- age   2:      12072 bytes,     928008 total
- age   3:       4368 bytes,     932376 total
- age   4:      11000 bytes,     943376 total
- age   5:       1056 bytes,     944432 total
- age   6:        984 bytes,     945416 total
: 658092K->1462K(737280K), 0.0063110 secs] 1650273K->993657K(1761280K), 0.0064600 secs] [Times: user=0.04 sys=0.00, real=0.01 secs] 
576.219: [GC576.219: [ParNew
Desired survivor size 41943040 bytes, new threshold 6 (max 6)
- age   1:    2027880 bytes,    2027880 total
- age   2:       4448 bytes,    2032328 total
- age   3:      12072 bytes,    2044400 total
- age   4:       4368 bytes,    2048768 total
- age   5:      10976 bytes,    2059744 total
- age   6:       1056 bytes,    2060800 total
: 656822K->2551K(737280K), 0.0073780 secs] 1649017K->994747K(1761280K), 0.0075220 secs] [Times: user=0.05 sys=0.00, real=0.01 secs] 
576.445: [GC576.445: [ParNew
Desired survivor size 41943040 bytes, new threshold 6 (max 6)
- age   1:    1230392 bytes,    1230392 total
- age   2:       3944 bytes,    1234336 total
- age   3:       4328 bytes,    1238664 total
- age   4:      12024 bytes,    1250688 total
- age   5:       4248 bytes,    1254936 total
- age   6:      10832 bytes,    1265768 total
: 657911K->1947K(737280K), 0.0073940 secs] 1650107K->994145K(1761280K), 0.0075290 secs] [Times: user=0.04 sys=0.00, real=0.00 secs] 
576.674: [GC576.674: [ParNew
Desired survivor size 41943040 bytes, new threshold 6 (max 6)
- age   1:    1491576 bytes,    1491576 total
- age   2:       1640 bytes,    1493216 total
- age   3:       3872 bytes,    1497088 total
- age   4:       4136 bytes,    1501224 total
- age   5:      11880 bytes,    1513104 total
- age   6:       4128 bytes,    1517232 total
: 657307K->2209K(737280K), 0.0071090 secs] 1649505K->994418K(1761280K), 0.0072480 secs] [Times: user=0.04 sys=0.00, real=0.00 secs] 
576.905: [GC576.905: [ParNew
Desired survivor size 41943040 bytes, new threshold 6 (max 6)
- age   1:    1367864 bytes,    1367864 total
- age   2:       8048 bytes,    1375912 total
- age   3:       1424 bytes,    1377336 total
- age   4:       3728 bytes,    1381064 total
- age   5:       4040 bytes,    1385104 total
- age   6:      11760 bytes,    1396864 total
: 657569K->1995K(737280K), 0.0067500 secs] 1649778K->994208K(1761280K), 0.0068940 secs] [Times: user=0.05 sys=0.00, real=0.00 secs] 
577.122: [GC577.122: [ParNew
Desired survivor size 41943040 bytes, new threshold 6 (max 6)
- age   1:    2126112 bytes,    2126112 total
- age   2:       5960 bytes,    2132072 total
- age   3:       8024 bytes,    2140096 total
- age   4:       1424 bytes,    2141520 total
- age   5:       3704 bytes,    2145224 total
- age   6:       4040 bytes,    2149264 total
: 657355K->2945K(737280K), 0.0091410 secs] 1649568K->995170K(1761280K), 0.0092850 secs] [Times: user=0.07 sys=0.00, real=0.01 secs] 
577.354: [GC577.355: [ParNew
Desired survivor size 41943040 bytes, new threshold 6 (max 6)
- age   1:     721432 bytes,     721432 total
- age   2:        928 bytes,     722360 total
- age   3:       5384 bytes,     727744 total
- age   4:       7760 bytes,     735504 total
- age   5:       1088 bytes,     736592 total
- age   6:       3440 bytes,     740032 total
: 658305K->1920K(737280K), 0.0072060 secs] 1650530K->994149K(1761280K), 0.0073130 secs] [Times: user=0.04 sys=0.00, real=0.00 secs] 
577.593: [GC577.593: [ParNew
Desired survivor size 41943040 bytes, new threshold 6 (max 6)
- age   1:    2111664 bytes,    2111664 total
- age   2:       6920 bytes,    2118584 total
- age   3:        928 bytes,    2119512 total
- age   4:       5384 bytes,    2124896 total
- age   5:       7760 bytes,    2132656 total
- age   6:       1064 bytes,    2133720 total
: 657280K->2395K(737280K), 0.0074910 secs] 1649509K->994627K(1761280K), 0.0076570 secs] [Times: user=0.04 sys=0.01, real=0.01 secs] 
577.834: [GC577.834: [ParNew
Desired survivor size 41943040 bytes, new threshold 6 (max 6)
- age   1:     599768 bytes,     599768 total
- age   2:        832 bytes,     600600 total
- age   3:       6504 bytes,     607104 total
- age   4:        832 bytes,     607936 total
- age   5:       5336 bytes,     613272 total
- age   6:       7760 bytes,     621032 total
: 657755K->1728K(737280K), 0.0063010 secs] 1649987K->993961K(1761280K), 0.0064580 secs] [Times: user=0.04 sys=0.01, real=0.00 secs] 
578.082: [GC578.082: [ParNew
Desired survivor size 41943040 bytes, new threshold 6 (max 6)
- age   1:     955992 bytes,     955992 total
- age   2:      12640 bytes,     968632 total
- age   3:        760 bytes,     969392 total
- age   4:       6432 bytes,     975824 total
- age   5:        808 bytes,     976632 total
- age   6:       5336 bytes,     981968 total
: 657088K->1240K(737280K), 0.0066420 secs] 1649321K->993482K(1761280K), 0.0067960 secs] [Times: user=0.04 sys=0.00, real=0.01 secs] 
578.317: [GC578.317: [ParNew
Desired survivor size 41943040 bytes, new threshold 6 (max 6)
- age   1:    2888128 bytes,    2888128 total
- age   2:       2560 bytes,    2890688 total
- age   3:      12472 bytes,    2903160 total
- age   4:        640 bytes,    2903800 total
- age   5:       6264 bytes,    2910064 total
- age   6:        640 bytes,    2910704 total
: 656600K->3244K(737280K), 0.0081590 secs] 1648842K->995491K(1761280K), 0.0083560 secs] [Times: user=0.06 sys=0.00, real=0.01 secs] 
578.367: [CMS-concurrent-mark: 7.643/7.947 secs] [Times: user=59.34 sys=1.09, real=7.95 secs] 
578.367: [CMS-concurrent-preclean-start]
578.387: [CMS-concurrent-preclean: 0.019/0.020 secs] [Times: user=0.15 sys=0.00, real=0.02 secs] 
578.387: [CMS-concurrent-abortable-preclean-start]
578.536: [GC578.536: [ParNew
Desired survivor size 41943040 bytes, new threshold 6 (max 6)
- age   1:     718864 bytes,     718864 total
- age   2:       2784 bytes,     721648 total
- age   3:       2488 bytes,     724136 total
- age   4:      12400 bytes,     736536 total
- age   5:        520 bytes,     737056 total
- age   6:       6216 bytes,     743272 total
: 658604K->2348K(737280K), 0.0064780 secs] 1650851K->994596K(1761280K), 0.0066010 secs] [Times: user=0.04 sys=0.00, real=0.00 secs] 
578.669: [CMS-concurrent-abortable-preclean: 0.273/0.282 secs] [Times: user=2.13 sys=0.05, real=0.28 secs] 
578.670: [GC[YG occupancy: 367084 K (737280 K)]578.670: [Rescan (parallel) , 0.0665120 secs]578.737: [weak refs processing, 0.0000340 secs]578.737: [scrub string table, 0.0009960 secs] [1 CMS-remark: 992248K(1024000K)] 1359332K(1761280K), 0.0676670 secs] [Times: user=0.52 sys=0.00, real=0.07 secs] 
578.738: [CMS-concurrent-sweep-start]
578.856: [GC578.857: [ParNew
Desired survivor size 41943040 bytes, new threshold 6 (max 6)
- age   1:    1704136 bytes,    1704136 total
- age   2:       3728 bytes,    1707864 total
- age   3:       2640 bytes,    1710504 total
- age   4:       2440 bytes,    1712944 total
- age   5:      12328 bytes,    1725272 total
- age   6:        376 bytes,    1725648 total
: 657708K->2017K(737280K), 0.0074670 secs] 1649948K->994263K(1761280K), 0.0075950 secs] [Times: user=0.05 sys=0.00, real=0.01 secs] 
579.107: [GC579.107: [ParNew
Desired survivor size 41943040 bytes, new threshold 6 (max 6)
- age   1:     549168 bytes,     549168 total
- age   2:       7840 bytes,     557008 total
- age   3:       3656 bytes,     560664 total
- age   4:       2496 bytes,     563160 total
- age   5:       2392 bytes,     565552 total
- age   6:      12280 bytes,     577832 total
: 657377K->1456K(737280K), 0.0061850 secs] 1649623K->993702K(1761280K), 0.0063290 secs] [Times: user=0.04 sys=0.00, real=0.01 secs] 
579.363: [GC579.363: [ParNew
Desired survivor size 41943040 bytes, new threshold 6 (max 6)
- age   1:     852584 bytes,     852584 total
- age   2:       4272 bytes,     856856 total
- age   3:       7624 bytes,     864480 total
- age   4:       3560 bytes,     868040 total
- age   5:       2328 bytes,     870368 total
- age   6:       2248 bytes,     872616 total
: 656816K->1073K(737280K), 0.0064010 secs] 1649062K->993332K(1761280K), 0.0065290 secs] [Times: user=0.04 sys=0.00, real=0.01 secs] 
579.606: [GC579.606: [ParNew
Desired survivor size 41943040 bytes, new threshold 6 (max 6)
- age   1:     888976 bytes,     888976 total
- age   2:        968 bytes,     889944 total
- age   3:       4104 bytes,     894048 total
- age   4:       7432 bytes,     901480 total
- age   5:       3320 bytes,     904800 total
- age   6:       2112 bytes,     906912 total
: 656433K->1339K(737280K), 0.0067690 secs] 1648692K->993601K(1761280K), 0.0069020 secs] [Times: user=0.04 sys=0.00, real=0.00 secs] 
579.845: [GC579.845: [ParNew
Desired survivor size 41943040 bytes, new threshold 6 (max 6)
- age   1:    1419784 bytes,    1419784 total
- age   2:       4648 bytes,    1424432 total
- age   3:        728 bytes,    1425160 total
- age   4:       3792 bytes,    1428952 total
- age   5:       7144 bytes,    1436096 total
- age   6:       3224 bytes,    1439320 total
: 656699K->1925K(737280K), 0.0066410 secs] 1648961K->994190K(1761280K), 0.0067790 secs] [Times: user=0.05 sys=0.01, real=0.00 secs] 
579.985: [CMS-concurrent-sweep: 1.204/1.246 secs] [Times: user=9.30 sys=0.18, real=1.25 secs] 
579.985: [CMS-concurrent-reset-start]
580.082: [CMS-concurrent-reset: 0.097/0.097 secs] [Times: user=0.74 sys=0.02, real=0.09 secs] 
580.091: [GC580.091: [ParNew
Desired survivor size 41943040 bytes, new threshold 6 (max 6)
- age   1:    1086624 bytes,    1086624 total
- age   2:      15080 bytes,    1101704 total
- age   3:       4624 bytes,    1106328 total
- age   4:        728 bytes,    1107056 total
- age   5:       3792 bytes,    1110848 total
- age   6:       7144 bytes,    1117992 total
: 657285K->1585K(737280K), 0.0067580 secs] 1649413K->993716K(1761280K), 0.0069200 secs] [Times: user=0.05 sys=0.00, real=0.01 secs] 
580.115: [GC [1 CMS-initial-mark: 992131K(1024000K)] 1042614K(1761280K), 0.0365090 secs] [Times: user=0.03 sys=0.00, real=0.03 secs] 
580.152: [CMS-concurrent-mark-start]
580.372: [GC580.372: [ParNew
Desired survivor size 41943040 bytes, new threshold 6 (max 6)
- age   1:    1037464 bytes,    1037464 total
- age   2:       4896 bytes,    1042360 total
- age   3:      15008 bytes,    1057368 total
- age   4:       4600 bytes,    1061968 total
- age   5:        704 bytes,    1062672 total
- age   6:       3792 bytes,    1066464 total
: 656945K->1703K(737280K), 0.0082350 secs] 1649076K->993842K(1761280K), 0.0084120 secs] [Times: user=0.06 sys=0.00, real=0.01 secs] 
580.612: [GC580.612: [ParNew
Desired survivor size 41943040 bytes, new threshold 6 (max 6)
- age   1:    1587768 bytes,    1587768 total
- age   2:       1368 bytes,    1589136 total
- age   3:       4704 bytes,    1593840 total
- age   4:      14912 bytes,    1608752 total
- age   5:       4528 bytes,    1613280 total
- age   6:        704 bytes,    1613984 total
: 657063K->1997K(737280K), 0.0069130 secs] 1649202K->994140K(1761280K), 0.0070540 secs] [Times: user=0.05 sys=0.00, real=0.01 secs] 
580.867: [GC580.867: [ParNew
Desired survivor size 41943040 bytes, new threshold 6 (max 6)
- age   1:     879208 bytes,     879208 total
- age   2:      10704 bytes,     889912 total
- age   3:       1272 bytes,     891184 total
- age   4:       4584 bytes,     895768 total
- age   5:      14912 bytes,     910680 total
- age   6:       4528 bytes,     915208 total
: 657357K->1629K(737280K), 0.0062340 secs] 1649500K->993773K(1761280K), 0.0063670 secs] [Times: user=0.04 sys=0.00, real=0.01 secs] 
581.129: [GC581.129: [ParNew
Desired survivor size 41943040 bytes, new threshold 6 (max 6)
- age   1:    1209576 bytes,    1209576 total
- age   2:       5568 bytes,    1215144 total
- age   3:      10632 bytes,    1225776 total
- age   4:       1176 bytes,    1226952 total
- age   5:       4584 bytes,    1231536 total
- age   6:      14880 bytes,    1246416 total
: 656989K->1568K(737280K), 0.0066910 secs] 1649133K->993717K(1761280K), 0.0068640 secs] [Times: user=0.04 sys=0.00, real=0.01 secs] 
581.374: [GC581.374: [ParNew
Desired survivor size 41943040 bytes, new threshold 6 (max 6)
- age   1:     747120 bytes,     747120 total
- age   2:       5760 bytes,     752880 total
- age   3:       5184 bytes,     758064 total
- age   4:      10368 bytes,     768432 total
- age   5:       1080 bytes,     769512 total
- age   6:       4488 bytes,     774000 total
: 656928K->1495K(737280K), 0.0085530 secs] 1649077K->993658K(1761280K), 0.0086900 secs] [Times: user=0.06 sys=0.00, real=0.00 secs] 
581.630: [GC581.630: [ParNew
Desired survivor size 41943040 bytes, new threshold 6 (max 6)
- age   1:     291312 bytes,     291312 total
- age   2:      10256 bytes,     301568 total
- age   3:       5656 bytes,     307224 total
- age   4:       5184 bytes,     312408 total
- age   5:      10344 bytes,     322752 total
- age   6:       1080 bytes,     323832 total
: 656855K->694K(737280K), 0.0060200 secs] 1649018K->992862K(1761280K), 0.0061460 secs] [Times: user=0.04 sys=0.00, real=0.01 secs] 
581.893: [GC581.893: [ParNew
Desired survivor size 41943040 bytes, new threshold 6 (max 6)
- age   1:    1180104 bytes,    1180104 total
- age   2:      11896 bytes,    1192000 total
- age   3:      10184 bytes,    1202184 total
- age   4:       5536 bytes,    1207720 total
- age   5:       5160 bytes,    1212880 total
- age   6:      10344 bytes,    1223224 total
: 656054K->1319K(737280K), 0.0068550 secs] 1648222K->993489K(1761280K), 0.0070580 secs] [Times: user=0.04 sys=0.00, real=0.01 secs] 
582.135: [GC582.136: [ParNew
Desired survivor size 41943040 bytes, new threshold 6 (max 6)
- age   1:     468984 bytes,     468984 total
- age   2:       1328 bytes,     470312 total
- age   3:      11896 bytes,     482208 total
- age   4:      10184 bytes,     492392 total
- age   5:       5536 bytes,     497928 total
- age   6:       5160 bytes,     503088 total
: 656679K->1080K(737280K), 0.0066480 secs] 1648849K->993261K(1761280K), 0.0067930 secs] [Times: user=0.05 sys=0.00, real=0.00 secs] 
582.391: [GC582.391: [ParNew
Desired survivor size 41943040 bytes, new threshold 6 (max 6)
- age   1:    2133000 bytes,    2133000 total
- age   2:      12128 bytes,    2145128 total
- age   3:        920 bytes,    2146048 total
- age   4:      11632 bytes,    2157680 total
- age   5:       9992 bytes,    2167672 total
- age   6:       5344 bytes,    2173016 total
: 656440K->2333K(737280K), 0.0069940 secs] 1648621K->994520K(1761280K), 0.0071520 secs] [Times: user=0.04 sys=0.00, real=0.01 secs] 
582.631: [GC582.631: [ParNew
Desired survivor size 41943040 bytes, new threshold 6 (max 6)
- age   1:     923384 bytes,     923384 total
- age   2:       2576 bytes,     925960 total
- age   3:      12080 bytes,     938040 total
- age   4:        920 bytes,     938960 total
- age   5:      11608 bytes,     950568 total
- age   6:       9992 bytes,     960560 total
: 657693K->1697K(737280K), 0.0064120 secs] 1649880K->993889K(1761280K), 0.0065460 secs] [Times: user=0.05 sys=0.00, real=0.01 secs] 
582.910: [GC582.910: [ParNew
Desired survivor size 41943040 bytes, new threshold 6 (max 6)
- age   1:    2287120 bytes,    2287120 total
- age   2:       5760 bytes,    2292880 total
- age   3:       2472 bytes,    2295352 total
- age   4:      11984 bytes,    2307336 total
- age   5:        896 bytes,    2308232 total
- age   6:      11512 bytes,    2319744 total
: 657057K->2716K(737280K), 0.0072950 secs] 1649249K->994918K(1761280K), 0.0074750 secs] [Times: user=0.05 sys=0.00, real=0.01 secs] 
583.161: [GC583.161: [ParNew
Desired survivor size 41943040 bytes, new threshold 6 (max 6)
- age   1:    2420520 bytes,    2420520 total
- age   2:     628512 bytes,    3049032 total
- age   3:       5712 bytes,    3054744 total
- age   4:       2376 bytes,    3057120 total
- age   5:      11840 bytes,    3068960 total
- age   6:        872 bytes,    3069832 total
: 658076K->3786K(737280K), 0.0078460 secs] 1650278K->996000K(1761280K), 0.0079980 secs] [Times: user=0.06 sys=0.00, real=0.01 secs] 
583.395: [GC583.396: [ParNew
Desired survivor size 41943040 bytes, new threshold 6 (max 6)
- age   1:     993904 bytes,     993904 total
- age   2:       2528 bytes,     996432 total
- age   3:       4984 bytes,    1001416 total
- age   4:       5472 bytes,    1006888 total
- age   5:       2208 bytes,    1009096 total
- age   6:      11696 bytes,    1020792 total
: 659146K->2721K(737280K), 0.0064600 secs] 1651360K->994937K(1761280K), 0.0066120 secs] [Times: user=0.04 sys=0.00, real=0.00 secs] 
583.624: [GC583.624: [ParNew
Desired survivor size 41943040 bytes, new threshold 6 (max 6)
- age   1:    2076888 bytes,    2076888 total
- age   2:      12208 bytes,    2089096 total
- age   3:       2528 bytes,    2091624 total
- age   4:       4984 bytes,    2096608 total
- age   5:       5448 bytes,    2102056 total
- age   6:       2208 bytes,    2104264 total
: 658081K->2556K(737280K), 0.0083060 secs] 1650297K->994783K(1761280K), 0.0084970 secs] [Times: user=0.05 sys=0.00, real=0.00 secs] 
583.851: [GC583.851: [ParNew
Desired survivor size 41943040 bytes, new threshold 6 (max 6)
- age   1:    2287696 bytes,    2287696 total
- age   2:       4952 bytes,    2292648 total
- age   3:      12208 bytes,    2304856 total
- age   4:       2528 bytes,    2307384 total
- age   5:       4984 bytes,    2312368 total
- age   6:       5448 bytes,    2317816 total
: 657916K->3103K(737280K), 0.0075200 secs] 1650143K->995333K(1761280K), 0.0077240 secs] [Times: user=0.06 sys=0.01, real=0.01 secs] 
584.107: [GC584.107: [ParNew
Desired survivor size 41943040 bytes, new threshold 6 (max 6)
- age   1:    1729312 bytes,    1729312 total
- age   2:       1648 bytes,    1730960 total
- age   3:       4736 bytes,    1735696 total
- age   4:      11992 bytes,    1747688 total
- age   5:       2432 bytes,    1750120 total
- age   6:       4888 bytes,    1755008 total
: 658463K->2676K(737280K), 0.0076130 secs] 1650693K->994911K(1761280K), 0.0077660 secs] [Times: user=0.06 sys=0.00, real=0.01 secs] 
584.319: [GC584.319: [ParNew
Desired survivor size 41943040 bytes, new threshold 6 (max 6)
- age   1:    1582048 bytes,    1582048 total
- age   2:      11944 bytes,    1593992 total
- age   3:       1624 bytes,    1595616 total
- age   4:       4736 bytes,    1600352 total
- age   5:      11968 bytes,    1612320 total
- age   6:       2432 bytes,    1614752 total
: 658036K->2503K(737280K), 0.0069710 secs] 1650271K->994743K(1761280K), 0.0071400 secs] [Times: user=0.05 sys=0.00, real=0.01 secs] 
584.560: [GC584.560: [ParNew
Desired survivor size 41943040 bytes, new threshold 6 (max 6)
- age   1:     484712 bytes,     484712 total
- age   2:        656 bytes,     485368 total
- age   3:      10824 bytes,     496192 total
- age   4:       1264 bytes,     497456 total
- age   5:       4592 bytes,     502048 total
- age   6:      11560 bytes,     513608 total
: 657863K->1637K(737280K), 0.0063400 secs] 1650103K->993880K(1761280K), 0.0064750 secs] [Times: user=0.04 sys=0.00, real=0.01 secs] 
584.799: [GC584.799: [ParNew
Desired survivor size 41943040 bytes, new threshold 6 (max 6)
- age   1:    1326848 bytes,    1326848 total
- age   2:       6960 bytes,    1333808 total
- age   3:        536 bytes,    1334344 total
- age   4:      10704 bytes,    1345048 total
- age   5:       1144 bytes,    1346192 total
- age   6:       4400 bytes,    1350592 total
: 656997K->1545K(737280K), 0.0067950 secs] 1649240K->993800K(1761280K), 0.0069240 secs] [Times: user=0.05 sys=0.00, real=0.01 secs] 
585.034: [GC585.034: [ParNew
Desired survivor size 41943040 bytes, new threshold 6 (max 6)
- age   1:    1280632 bytes,    1280632 total
- age   2:       5960 bytes,    1286592 total
- age   3:       6816 bytes,    1293408 total
- age   4:        488 bytes,    1293896 total
- age   5:      10632 bytes,    1304528 total
- age   6:       1144 bytes,    1305672 total
: 656905K->1954K(737280K), 0.0066900 secs] 1649160K->994213K(1761280K), 0.0068190 secs] [Times: user=0.05 sys=0.00, real=0.01 secs] 
585.262: [GC585.262: [ParNew
Desired survivor size 41943040 bytes, new threshold 6 (max 6)
- age   1:    1178632 bytes,    1178632 total
- age   2:       7888 bytes,    1186520 total
- age   3:       5624 bytes,    1192144 total
- age   4:       6768 bytes,    1198912 total
- age   5:        416 bytes,    1199328 total
- age   6:      10608 bytes,    1209936 total
: 657314K->1853K(737280K), 0.0067770 secs] 1649573K->994114K(1761280K), 0.0068970 secs] [Times: user=0.05 sys=0.00, real=0.01 secs] 
585.488: [GC585.488: [ParNew
Desired survivor size 41943040 bytes, new threshold 6 (max 6)
- age   1:    1450640 bytes,    1450640 total
- age   2:       4544 bytes,    1455184 total
- age   3:       7720 bytes,    1462904 total
- age   4:       5504 bytes,    1468408 total
- age   5:       6648 bytes,    1475056 total
- age   6:        296 bytes,    1475352 total
: 657213K->2240K(737280K), 0.0071280 secs] 1649474K->994511K(1761280K), 0.0072620 secs] [Times: user=0.05 sys=0.00, real=0.01 secs] 
585.725: [GC585.725: [ParNew
Desired survivor size 41943040 bytes, new threshold 6 (max 6)
- age   1:     687864 bytes,     687864 total
- age   2:      11688 bytes,     699552 total
- age   3:       4472 bytes,     704024 total
- age   4:       7504 bytes,     711528 total
- age   5:       5408 bytes,     716936 total
- age   6:       6528 bytes,     723464 total
: 657600K->1379K(737280K), 0.0060710 secs] 1649871K->993650K(1761280K), 0.0062950 secs] [Times: user=0.04 sys=0.00, real=0.00 secs] 
585.967: [GC585.967: [ParNew
Desired survivor size 41943040 bytes, new threshold 6 (max 6)
- age   1:    1038080 bytes,    1038080 total
- age   2:       1120 bytes,    1039200 total
- age   3:      11520 bytes,    1050720 total
- age   4:       4424 bytes,    1055144 total
- age   5:       7504 bytes,    1062648 total
- age   6:       5408 bytes,    1068056 total
: 656739K->1372K(737280K), 0.0066410 secs] 1649010K->993650K(1761280K), 0.0067690 secs] [Times: user=0.04 sys=0.00, real=0.00 secs] 
586.204: [GC586.204: [ParNew
Desired survivor size 41943040 bytes, new threshold 6 (max 6)
- age   1:    1137952 bytes,    1137952 total
- age   2:       5432 bytes,    1143384 total
- age   3:        952 bytes,    1144336 total
- age   4:      11424 bytes,    1155760 total
- age   5:       4304 bytes,    1160064 total
- age   6:       7408 bytes,    1167472 total
: 656732K->1635K(737280K), 0.0067560 secs] 1649010K->993920K(1761280K), 0.0069350 secs] [Times: user=0.05 sys=0.00, real=0.01 secs] 
586.447: [GC586.447: [ParNew
Desired survivor size 41943040 bytes, new threshold 6 (max 6)
- age   1:    1487696 bytes,    1487696 total
- age   2:      44304 bytes,    1532000 total
- age   3:       5144 bytes,    1537144 total
- age   4:        496 bytes,    1537640 total
- age   5:      11304 bytes,    1548944 total
- age   6:       4280 bytes,    1553224 total
: 656995K->2041K(737280K), 0.0071140 secs] 1649280K->994333K(1761280K), 0.0072590 secs] [Times: user=0.05 sys=0.00, real=0.00 secs] 
586.691: [GC586.691: [ParNew
Desired survivor size 41943040 bytes, new threshold 6 (max 6)
- age   1:     439336 bytes,     439336 total
- age   2:      22728 bytes,     462064 total
- age   3:      44304 bytes,     506368 total
- age   4:       5144 bytes,     511512 total
- age   5:        496 bytes,     512008 total
- age   6:      11280 bytes,     523288 total
: 657401K->1409K(737280K), 0.0060200 secs] 1649693K->993706K(1761280K), 0.0061740 secs] [Times: user=0.04 sys=0.01, real=0.01 secs] 
586.948: [GC586.948: [ParNew
Desired survivor size 41943040 bytes, new threshold 6 (max 6)
- age   1:     442872 bytes,     442872 total
- age   2:       2968 bytes,     445840 total
- age   3:      22632 bytes,     468472 total
- age   4:      44136 bytes,     512608 total
- age   5:       4928 bytes,     517536 total
- age   6:        472 bytes,     518008 total
: 656769K->780K(737280K), 0.0066750 secs] 1649066K->993089K(1761280K), 0.0067960 secs] [Times: user=0.04 sys=0.00, real=0.01 secs] 
587.188: [GC587.188: [ParNew
Desired survivor size 41943040 bytes, new threshold 6 (max 6)
- age   1:    1210224 bytes,    1210224 total
- age   2:       4544 bytes,    1214768 total
- age   3:       2920 bytes,    1217688 total
- age   4:      22560 bytes,    1240248 total
- age   5:      44112 bytes,    1284360 total
- age   6:       4880 bytes,    1289240 total
: 656140K->1498K(737280K), 0.0067900 secs] 1648449K->993807K(1761280K), 0.0069100 secs] [Times: user=0.04 sys=0.00, real=0.01 secs] 
587.434: [GC587.435: [ParNew
Desired survivor size 41943040 bytes, new threshold 6 (max 6)
- age   1:     558712 bytes,     558712 total
- age   2:       1536 bytes,     560248 total
- age   3:       4232 bytes,     564480 total
- age   4:       2848 bytes,     567328 total
- age   5:      22392 bytes,     589720 total
- age   6:      43912 bytes,     633632 total
: 656858K->1069K(737280K), 0.0065780 secs] 1649167K->993384K(1761280K), 0.0067060 secs] [Times: user=0.04 sys=0.00, real=0.00 secs] 
587.446: [CMS-concurrent-mark: 7.012/7.294 secs] [Times: user=54.50 sys=1.04, real=7.30 secs] 
587.446: [CMS-concurrent-preclean-start]
587.462: [CMS-concurrent-preclean: 0.015/0.016 secs] [Times: user=0.12 sys=0.00, real=0.01 secs] 
587.462: [CMS-concurrent-abortable-preclean-start]
587.582: [CMS-concurrent-abortable-preclean: 0.119/0.120 secs] [Times: user=0.92 sys=0.02, real=0.12 secs] 
587.584: [GC[YG occupancy: 438681 K (737280 K)]587.584: [Rescan (parallel) , 0.0981070 secs]587.682: [weak refs processing, 0.0000370 secs]587.682: [scrub string table, 0.0010020 secs] [1 CMS-remark: 992314K(1024000K)] 1430995K(1761280K), 0.0992760 secs] [Times: user=0.75 sys=0.00, real=0.09 secs] 
587.684: [CMS-concurrent-sweep-start]
587.766: [GC587.766: [ParNew
Desired survivor size 41943040 bytes, new threshold 6 (max 6)
- age   1:     870808 bytes,     870808 total
- age   2:      17552 bytes,     888360 total
- age   3:       1536 bytes,     889896 total
- age   4:       4232 bytes,     894128 total
- age   5:       2824 bytes,     896952 total
- age   6:      22392 bytes,     919344 total
: 656429K->1123K(737280K), 0.0067770 secs] 1648742K->993479K(1761280K), 0.0069180 secs] [Times: user=0.05 sys=0.00, real=0.00 secs] 
588.025: [GC588.025: [ParNew
Desired survivor size 41943040 bytes, new threshold 6 (max 6)
- age   1:    1097888 bytes,    1097888 total
- age   2:       2112 bytes,    1100000 total
- age   3:      17480 bytes,    1117480 total
- age   4:       1488 bytes,    1118968 total
- age   5:       4232 bytes,    1123200 total
- age   6:       2824 bytes,    1126024 total
: 656483K->1396K(737280K), 0.0067820 secs] 1648839K->993775K(1761280K), 0.0069820 secs] [Times: user=0.04 sys=0.00, real=0.00 secs] 
588.271: [GC588.271: [ParNew
Desired survivor size 41943040 bytes, new threshold 6 (max 6)
- age   1:     846192 bytes,     846192 total
- age   2:      11064 bytes,     857256 total
- age   3:       2016 bytes,     859272 total
- age   4:      17336 bytes,     876608 total
- age   5:       1368 bytes,     877976 total
- age   6:       4136 bytes,     882112 total
: 656756K->1408K(737280K), 0.0066640 secs] 1649135K->993790K(1761280K), 0.0067960 secs] [Times: user=0.04 sys=0.00, real=0.01 secs] 
588.505: [GC588.505: [ParNew
Desired survivor size 41943040 bytes, new threshold 6 (max 6)
- age   1:    1972208 bytes,    1972208 total
- age   2:       3984 bytes,    1976192 total
- age   3:      10824 bytes,    1987016 total
- age   4:       1968 bytes,    1988984 total
- age   5:      17312 bytes,    2006296 total
- age   6:       1368 bytes,    2007664 total
: 656768K->2368K(737280K), 0.0072460 secs] 1649150K->994754K(1761280K), 0.0074150 secs] [Times: user=0.05 sys=0.00, real=0.01 secs] 
588.744: [GC588.745: [ParNew
Desired survivor size 41943040 bytes, new threshold 6 (max 6)
- age   1:     950840 bytes,     950840 total
- age   2:       4944 bytes,     955784 total
- age   3:       3768 bytes,     959552 total
- age   4:      10560 bytes,     970112 total
- age   5:       1776 bytes,     971888 total
- age   6:      17024 bytes,     988912 total
: 657728K->1908K(737280K), 0.0082860 secs] 1650114K->994295K(1761280K), 0.0084170 secs] [Times: user=0.06 sys=0.00, real=0.01 secs] 
589.091: [GC589.091: [ParNew
Desired survivor size 41943040 bytes, new threshold 6 (max 6)
- age   1:     677552 bytes,     677552 total
- age   2:       8552 bytes,     686104 total
- age   3:       4944 bytes,     691048 total
- age   4:       3768 bytes,     694816 total
- age   5:      10560 bytes,     705376 total
- age   6:       1776 bytes,     707152 total
: 657268K->1179K(737280K), 0.0066310 secs] 1649617K->993546K(1761280K), 0.0068050 secs] [Times: user=0.05 sys=0.00, real=0.01 secs] 
589.113: [CMS-concurrent-sweep: 1.374/1.429 secs] [Times: user=9.96 sys=0.21, real=1.43 secs] 
589.113: [CMS-concurrent-reset-start]
589.147: [CMS-concurrent-reset: 0.034/0.034 secs] [Times: user=0.26 sys=0.00, real=0.04 secs] 
589.314: [GC589.314: [ParNew
Desired survivor size 41943040 bytes, new threshold 6 (max 6)
- age   1:    1385080 bytes,    1385080 total
- age   2:       1256 bytes,    1386336 total
- age   3:       8504 bytes,    1394840 total
- age   4:       4944 bytes,    1399784 total
- age   5:       3720 bytes,    1403504 total
- age   6:      10560 bytes,    1414064 total
: 656539K->1594K(737280K), 0.0070080 secs] 1648869K->993926K(1761280K), 0.0071540 secs] [Times: user=0.04 sys=0.00, real=0.01 secs] 
589.324: [GC [1 CMS-initial-mark: 992332K(1024000K)] 999332K(1761280K), 0.0066820 secs] [Times: user=0.00 sys=0.00, real=0.01 secs] 
589.331: [CMS-concurrent-mark-start]
589.568: [GC589.568: [ParNew
Desired survivor size 41943040 bytes, new threshold 6 (max 6)
- age   1:    1776920 bytes,    1776920 total
- age   2:       4192 bytes,    1781112 total
- age   3:       1064 bytes,    1782176 total
- age   4:       8384 bytes,    1790560 total
- age   5:       4752 bytes,    1795312 total
- age   6:       3552 bytes,    1798864 total
: 656954K->2155K(737280K), 0.0071980 secs] 1649286K->994498K(1761280K), 0.0073520 secs] [Times: user=0.04 sys=0.00, real=0.01 secs] 
589.812: [GC589.812: [ParNew
Desired survivor size 41943040 bytes, new threshold 6 (max 6)
- age   1:    1402552 bytes,    1402552 total
- age   2:       9000 bytes,    1411552 total
- age   3:       4048 bytes,    1415600 total
- age   4:        992 bytes,    1416592 total
- age   5:       8264 bytes,    1424856 total
- age   6:       4656 bytes,    1429512 total
: 657515K->2407K(737280K), 0.0065560 secs] 1649858K->994753K(1761280K), 0.0067170 secs] [Times: user=0.04 sys=0.01, real=0.01 secs] 
590.065: [GC590.065: [ParNew
Desired survivor size 41943040 bytes, new threshold 6 (max 6)
- age   1:    1792008 bytes,    1792008 total
- age   2:      24656 bytes,    1816664 total
- age   3:       8832 bytes,    1825496 total
- age   4:       3928 bytes,    1829424 total
- age   5:        872 bytes,    1830296 total
- age   6:       8168 bytes,    1838464 total
: 657767K->2196K(737280K), 0.0072340 secs] 1650113K->994547K(1761280K), 0.0073750 secs] [Times: user=0.04 sys=0.01, real=0.00 secs] 
590.306: [GC590.306: [ParNew
Desired survivor size 41943040 bytes, new threshold 6 (max 6)
- age   1:    2013896 bytes,    2013896 total
- age   2:       8920 bytes,    2022816 total
- age   3:      24416 bytes,    2047232 total
- age   4:       8688 bytes,    2055920 total
- age   5:       3688 bytes,    2059608 total
- age   6:        824 bytes,    2060432 total
: 657556K->2761K(737280K), 0.0073880 secs] 1649907K->995120K(1761280K), 0.0075350 secs] [Times: user=0.05 sys=0.00, real=0.00 secs] 
590.584: [GC590.584: [ParNew
Desired survivor size 41943040 bytes, new threshold 6 (max 6)
- age   1:    1547984 bytes,    1547984 total
- age   2:       4720 bytes,    1552704 total
- age   3:       8896 bytes,    1561600 total
- age   4:      24416 bytes,    1586016 total
- age   5:       8688 bytes,    1594704 total
- age   6:       3688 bytes,    1598392 total
: 658121K->2379K(737280K), 0.0068180 secs] 1650480K->994740K(1761280K), 0.0069690 secs] [Times: user=0.04 sys=0.00, real=0.01 secs] 
590.837: [GC590.837: [ParNew
Desired survivor size 41943040 bytes, new threshold 6 (max 6)
- age   1:    1185264 bytes,    1185264 total
- age   2:       1632 bytes,    1186896 total
- age   3:       4552 bytes,    1191448 total
- age   4:       8704 bytes,    1200152 total
- age   5:      24320 bytes,    1224472 total
- age   6:       8616 bytes,    1233088 total
: 657739K->1646K(737280K), 0.0067400 secs] 1650100K->994010K(1761280K), 0.0068700 secs] [Times: user=0.04 sys=0.00, real=0.00 secs] 
591.086: [GC591.086: [ParNew
Desired survivor size 41943040 bytes, new threshold 6 (max 6)
- age   1:     858392 bytes,     858392 total
- age   2:      28680 bytes,     887072 total
- age   3:       1464 bytes,     888536 total
- age   4:       4408 bytes,     892944 total
- age   5:       8680 bytes,     901624 total
- age   6:      24296 bytes,     925920 total
: 657006K->1643K(737280K), 0.0064560 secs] 1649370K->994016K(1761280K), 0.0066090 secs] [Times: user=0.04 sys=0.00, real=0.00 secs] 
591.338: [GC591.338: [ParNew
Desired survivor size 41943040 bytes, new threshold 6 (max 6)
- age   1:    1536136 bytes,    1536136 total
- age   2:      15072 bytes,    1551208 total
- age   3:      28584 bytes,    1579792 total
- age   4:       1344 bytes,    1581136 total
- age   5:       4360 bytes,    1585496 total
- age   6:       8680 bytes,    1594176 total
: 657003K->1753K(737280K), 0.0070790 secs] 1649376K->994149K(1761280K), 0.0072080 secs] [Times: user=0.05 sys=0.00, real=0.01 secs] 
591.591: [GC591.592: [ParNew
Desired survivor size 41943040 bytes, new threshold 6 (max 6)
- age   1:    1910904 bytes,    1910904 total
- age   2:       1352 bytes,    1912256 total
- age   3:      14832 bytes,    1927088 total
- age   4:      28416 bytes,    1955504 total
- age   5:       1320 bytes,    1956824 total
- age   6:       4312 bytes,    1961136 total
: 657113K->2502K(737280K), 0.0074030 secs] 1649509K->994907K(1761280K), 0.0075850 secs] [Times: user=0.05 sys=0.00, real=0.01 secs] 
591.836: [GC591.836: [ParNew
Desired survivor size 41943040 bytes, new threshold 6 (max 6)
- age   1:     525032 bytes,     525032 total
- age   2:       4840 bytes,     529872 total
- age   3:       1184 bytes,     531056 total
- age   4:      14688 bytes,     545744 total
- age   5:      28392 bytes,     574136 total
- age   6:       1320 bytes,     575456 total
: 657862K->1770K(737280K), 0.0062840 secs] 1650267K->994180K(1761280K), 0.0064070 secs] [Times: user=0.04 sys=0.00, real=0.00 secs] 
592.087: [GC592.087: [ParNew
Desired survivor size 41943040 bytes, new threshold 6 (max 6)
- age   1:    1269272 bytes,    1269272 total
- age   2:      13584 bytes,    1282856 total
- age   3:       4648 bytes,    1287504 total
- age   4:       1040 bytes,    1288544 total
- age   5:      14520 bytes,    1303064 total
- age   6:      24904 bytes,    1327968 total
: 657130K->1530K(737280K), 0.0066900 secs] 1649540K->993942K(1761280K), 0.0068690 secs] [Times: user=0.04 sys=0.00, real=0.00 secs] 
592.309: [GC592.309: [ParNew
Desired survivor size 41943040 bytes, new threshold 6 (max 6)
- age   1:    1696792 bytes,    1696792 total
- age   2:      19544 bytes,    1716336 total
- age   3:      13552 bytes,    1729888 total
- age   4:       4648 bytes,    1734536 total
- age   5:       1016 bytes,    1735552 total
- age   6:      14520 bytes,    1750072 total
: 656890K->2097K(737280K), 0.0070910 secs] 1649302K->994533K(1761280K), 0.0072280 secs] [Times: user=0.05 sys=0.00, real=0.01 secs] 
592.547: [GC592.547: [ParNew
Desired survivor size 41943040 bytes, new threshold 6 (max 6)
- age   1:     832208 bytes,     832208 total
- age   2:       1152 bytes,     833360 total
- age   3:      19544 bytes,     852904 total
- age   4:      13552 bytes,     866456 total
- age   5:       4648 bytes,     871104 total
- age   6:       1016 bytes,     872120 total
: 657457K->1561K(737280K), 0.0064470 secs] 1649893K->994012K(1761280K), 0.0065810 secs] [Times: user=0.04 sys=0.00, real=0.00 secs] 
592.788: [GC592.788: [ParNew
Desired survivor size 41943040 bytes, new threshold 6 (max 6)
- age   1:     807880 bytes,     807880 total
- age   2:       4888 bytes,     812768 total
- age   3:       1152 bytes,     813920 total
- age   4:      19544 bytes,     833464 total
- age   5:      13528 bytes,     846992 total
- age   6:       4648 bytes,     851640 total
: 656921K->1241K(737280K), 0.0064200 secs] 1649372K->993693K(1761280K), 0.0065520 secs] [Times: user=0.04 sys=0.00, real=0.00 secs] 
593.025: [GC593.025: [ParNew
Desired survivor size 41943040 bytes, new threshold 6 (max 6)
- age   1:     400256 bytes,     400256 total
- age   2:       1000 bytes,     401256 total
- age   3:       4408 bytes,     405664 total
- age   4:        840 bytes,     406504 total
- age   5:      19184 bytes,     425688 total
- age   6:      13144 bytes,     438832 total
: 656601K->1001K(737280K), 0.0063400 secs] 1649053K->993458K(1761280K), 0.0064670 secs] [Times: user=0.04 sys=0.00, real=0.00 secs] 
593.258: [GC593.258: [ParNew
Desired survivor size 41943040 bytes, new threshold 6 (max 6)
- age   1:    1079232 bytes,    1079232 total
- age   2:       5280 bytes,    1084512 total
- age   3:        856 bytes,    1085368 total
- age   4:       4336 bytes,    1089704 total
- age   5:        648 bytes,    1090352 total
- age   6:      19088 bytes,    1109440 total
: 656361K->1263K(737280K), 0.0066940 secs] 1648818K->993733K(1761280K), 0.0068490 secs] [Times: user=0.03 sys=0.00, real=0.00 secs] 
593.484: [GC593.484: [ParNew
Desired survivor size 41943040 bytes, new threshold 6 (max 6)
- age   1:     656600 bytes,     656600 total
- age   2:       1640 bytes,     658240 total
- age   3:       5280 bytes,     663520 total
- age   4:        856 bytes,     664376 total
- age   5:       4336 bytes,     668712 total
- age   6:        624 bytes,     669336 total
: 656623K->1128K(737280K), 0.0066350 secs] 1649093K->993618K(1761280K), 0.0067750 secs] [Times: user=0.04 sys=0.00, real=0.01 secs] 
593.704: [GC593.704: [ParNew
Desired survivor size 41943040 bytes, new threshold 6 (max 6)
- age   1:    3421208 bytes,    3421208 total
- age   2:       4616 bytes,    3425824 total
- age   3:       1472 bytes,    3427296 total
- age   4:       5064 bytes,    3432360 total
- age   5:        640 bytes,    3433000 total
- age   6:       4216 bytes,    3437216 total
: 656488K->3590K(737280K), 0.0079170 secs] 1648978K->996080K(1761280K), 0.0080610 secs] [Times: user=0.05 sys=0.00, real=0.01 secs] 
593.951: [GC593.951: [ParNew
Desired survivor size 41943040 bytes, new threshold 6 (max 6)
- age   1:    1714192 bytes,    1714192 total
- age   2:       4528 bytes,    1718720 total
- age   3:       4520 bytes,    1723240 total
- age   4:       1448 bytes,    1724688 total
- age   5:       5016 bytes,    1729704 total
- age   6:        640 bytes,    1730344 total
: 658950K->2635K(737280K), 0.0070520 secs] 1651440K->995129K(1761280K), 0.0071720 secs] [Times: user=0.05 sys=0.00, real=0.01 secs] 
594.200: [GC594.200: [ParNew
Desired survivor size 41943040 bytes, new threshold 6 (max 6)
- age   1:    1236504 bytes,    1236504 total
- age   2:       1832 bytes,    1238336 total
- age   3:       4408 bytes,    1242744 total
- age   4:       4352 bytes,    1247096 total
- age   5:       1232 bytes,    1248328 total
- age   6:       4896 bytes,    1253224 total
: 657995K->2166K(737280K), 0.0067740 secs] 1650489K->994662K(1761280K), 0.0069650 secs] [Times: user=0.04 sys=0.00, real=0.01 secs] 
594.431: [GC594.431: [ParNew
Desired survivor size 41943040 bytes, new threshold 6 (max 6)
- age   1:    1450264 bytes,    1450264 total
- age   2:      14608 bytes,    1464872 total
- age   3:       1832 bytes,    1466704 total
- age   4:       4408 bytes,    1471112 total
- age   5:       4328 bytes,    1475440 total
- age   6:       1232 bytes,    1476672 total
: 657526K->1998K(737280K), 0.0074360 secs] 1650022K->994499K(1761280K), 0.0075690 secs] [Times: user=0.03 sys=0.00, real=0.01 secs] 
594.664: [GC594.664: [ParNew
Desired survivor size 41943040 bytes, new threshold 6 (max 6)
- age   1:     780240 bytes,     780240 total
- age   2:      10448 bytes,     790688 total
- age   3:      14392 bytes,     805080 total
- age   4:       1760 bytes,     806840 total
- age   5:       4288 bytes,     811128 total
- age   6:       4328 bytes,     815456 total
: 657358K->1481K(737280K), 0.0060410 secs] 1649859K->993983K(1761280K), 0.0061920 secs] [Times: user=0.04 sys=0.00, real=0.01 secs] 
594.900: [GC594.900: [ParNew
Desired survivor size 41943040 bytes, new threshold 6 (max 6)
- age   1:     999688 bytes,     999688 total
- age   2:      10568 bytes,    1010256 total
- age   3:      10080 bytes,    1020336 total
- age   4:      14056 bytes,    1034392 total
- age   5:       1304 bytes,    1035696 total
- age   6:       4048 bytes,    1039744 total
: 656841K->1334K(737280K), 0.0067860 secs] 1649343K->993841K(1761280K), 0.0069160 secs] [Times: user=0.04 sys=0.00, real=0.01 secs] 
595.119: [GC595.120: [ParNew
Desired survivor size 41943040 bytes, new threshold 6 (max 6)
- age   1:     208968 bytes,     208968 total
- age   2:       2264 bytes,     211232 total
- age   3:      10520 bytes,     221752 total
- age   4:       9960 bytes,     231712 total
- age   5:      14008 bytes,     245720 total
- age   6:       1256 bytes,     246976 total
: 656694K->918K(737280K), 0.0068270 secs] 1649201K->993429K(1761280K), 0.0069540 secs] [Times: user=0.05 sys=0.00, real=0.01 secs] 
595.351: [GC595.351: [ParNew
Desired survivor size 41943040 bytes, new threshold 6 (max 6)
- age   1:    1457896 bytes,    1457896 total
- age   2:       2280 bytes,    1460176 total
- age   3:       2192 bytes,    1462368 total
- age   4:      10496 bytes,    1472864 total
- age   5:       9936 bytes,    1482800 total
- age   6:      14008 bytes,    1496808 total
: 656278K->1630K(737280K), 0.0067360 secs] 1648789K->994143K(1761280K), 0.0069360 secs] [Times: user=0.05 sys=0.00, real=0.01 secs] 
595.575: [GC595.575: [ParNew
Desired survivor size 41943040 bytes, new threshold 6 (max 6)
- age   1:    3010224 bytes,    3010224 total
- age   2:       1224 bytes,    3011448 total
- age   3:       2208 bytes,    3013656 total
- age   4:       2192 bytes,    3015848 total
- age   5:      10496 bytes,    3026344 total
- age   6:       9936 bytes,    3036280 total
: 656990K->3360K(737280K), 0.0085420 secs] 1649503K->995887K(1761280K), 0.0087570 secs] [Times: user=0.05 sys=0.00, real=0.01 secs] 
595.829: [GC595.829: [ParNew
Desired survivor size 41943040 bytes, new threshold 6 (max 6)
- age   1:    1365304 bytes,    1365304 total
- age   2:       1312 bytes,    1366616 total
- age   3:        864 bytes,    1367480 total
- age   4:       1872 bytes,    1369352 total
- age   5:       1832 bytes,    1371184 total
- age   6:      10232 bytes,    1381416 total
: 658720K->2516K(737280K), 0.0069650 secs] 1651247K->995053K(1761280K), 0.0071270 secs] [Times: user=0.04 sys=0.00, real=0.01 secs] 
596.059: [GC596.059: [ParNew
Desired survivor size 41943040 bytes, new threshold 6 (max 6)
- age   1:    1541272 bytes,    1541272 total
- age   2:       5160 bytes,    1546432 total
- age   3:       1072 bytes,    1547504 total
- age   4:        552 bytes,    1548056 total
- age   5:       1776 bytes,    1549832 total
- age   6:       1736 bytes,    1551568 total
: 657876K->2128K(737280K), 0.0070440 secs] 1650413K->994675K(1761280K), 0.0071960 secs] [Times: user=0.04 sys=0.00, real=0.01 secs] 
596.297: [GC596.297: [ParNew
Desired survivor size 41943040 bytes, new threshold 6 (max 6)
- age   1:    1398696 bytes,    1398696 total
- age   2:       4528 bytes,    1403224 total
- age   3:       5136 bytes,    1408360 total
- age   4:       1072 bytes,    1409432 total
- age   5:        528 bytes,    1409960 total
- age   6:       1776 bytes,    1411736 total
: 657488K->2485K(737280K), 0.0069150 secs] 1650035K->995035K(1761280K), 0.0070580 secs] [Times: user=0.04 sys=0.00, real=0.00 secs] 
596.531: [GC596.531: [ParNew
Desired survivor size 41943040 bytes, new threshold 6 (max 6)
- age   1:     408864 bytes,     408864 total
- age   2:       8712 bytes,     417576 total
- age   3:       4528 bytes,     422104 total
- age   4:       5136 bytes,     427240 total
- age   5:       1072 bytes,     428312 total
- age   6:        528 bytes,     428840 total
: 657845K->872K(737280K), 0.0059940 secs] 1650395K->993424K(1761280K), 0.0061340 secs] [Times: user=0.04 sys=0.00, real=0.01 secs] 
596.765: [GC596.765: [ParNew
Desired survivor size 41943040 bytes, new threshold 6 (max 6)
- age   1:    1976968 bytes,    1976968 total
- age   2:       1104 bytes,    1978072 total
- age   3:       8424 bytes,    1986496 total
- age   4:       4336 bytes,    1990832 total
- age   5:       5016 bytes,    1995848 total
- age   6:       1048 bytes,    1996896 total
: 656232K->2109K(737280K), 0.0074080 secs] 1648784K->994662K(1761280K), 0.0075650 secs] [Times: user=0.05 sys=0.00, real=0.01 secs] 
597.008: [GC597.008: [ParNew
Desired survivor size 41943040 bytes, new threshold 6 (max 6)
- age   1:    2683320 bytes,    2683320 total
- age   2:      11232 bytes,    2694552 total
- age   3:        960 bytes,    2695512 total
- age   4:       8328 bytes,    2703840 total
- age   5:       4192 bytes,    2708032 total
- age   6:       5016 bytes,    2713048 total
: 657469K->3501K(737280K), 0.0079320 secs] 1650022K->996055K(1761280K), 0.0081060 secs] [Times: user=0.05 sys=0.00, real=0.01 secs] 
597.242: [GC597.243: [ParNew
Desired survivor size 41943040 bytes, new threshold 6 (max 6)
- age   1:    1513064 bytes,    1513064 total
- age   2:       5120 bytes,    1518184 total
- age   3:      11112 bytes,    1529296 total
- age   4:        936 bytes,    1530232 total
- age   5:       8256 bytes,    1538488 total
- age   6:       4168 bytes,    1542656 total
: 658861K->2376K(737280K), 0.0069240 secs] 1651415K->994934K(1761280K), 0.0071410 secs] [Times: user=0.05 sys=0.00, real=0.01 secs] 
597.478: [GC597.478: [ParNew
Desired survivor size 41943040 bytes, new threshold 6 (max 6)
- age   1:     681880 bytes,     681880 total
- age   2:       4304 bytes,     686184 total
- age   3:       4856 bytes,     691040 total
- age   4:      10968 bytes,     702008 total
- age   5:        720 bytes,     702728 total
- age   6:       8112 bytes,     710840 total
: 657736K->1724K(737280K), 0.0062920 secs] 1650294K->994286K(1761280K), 0.0064200 secs] [Times: user=0.04 sys=0.00, real=0.00 secs] 
597.683: [GC597.683: [ParNew
Desired survivor size 41943040 bytes, new threshold 6 (max 6)
- age   1:    2698312 bytes,    2698312 total
- age   2:       9136 bytes,    2707448 total
- age   3:       4216 bytes,    2711664 total
- age   4:       4856 bytes,    2716520 total
- age   5:      10944 bytes,    2727464 total
- age   6:        720 bytes,    2728184 total
: 657084K->3024K(737280K), 0.0079320 secs] 1649646K->995595K(1761280K), 0.0080680 secs] [Times: user=0.05 sys=0.00, real=0.01 secs] 
597.696: [CMS-concurrent-mark: 8.055/8.365 secs] [Times: user=62.45 sys=1.17, real=8.36 secs] 
597.696: [CMS-concurrent-preclean-start]
597.713: [CMS-concurrent-preclean: 0.016/0.017 secs] [Times: user=0.12 sys=0.00, real=0.02 secs] 
597.713: [CMS-concurrent-abortable-preclean-start]
597.855: [CMS-concurrent-abortable-preclean: 0.141/0.141 secs] [Times: user=1.08 sys=0.02, real=0.14 secs] 
597.860: [GC[YG occupancy: 505265 K (737280 K)]597.860: [Rescan (parallel) , 0.2345090 secs]598.094: [weak refs processing, 0.0000290 secs]598.094: [scrub string table, 0.0010120 secs] [1 CMS-remark: 992571K(1024000K)] 1497836K(1761280K), 0.2357920 secs] [Times: user=1.70 sys=0.01, real=0.23 secs] 
598.096: [CMS-concurrent-sweep-start]
598.165: [GC598.165: [ParNew
Desired survivor size 41943040 bytes, new threshold 6 (max 6)
- age   1:     314712 bytes,     314712 total
- age   2:       6904 bytes,     321616 total
- age   3:       9008 bytes,     330624 total
- age   4:       4216 bytes,     334840 total
- age   5:       4856 bytes,     339696 total
- age   6:      10944 bytes,     350640 total
: 658384K->2170K(737280K), 0.0062820 secs] 1650950K->994737K(1761280K), 0.0064490 secs] [Times: user=0.04 sys=0.00, real=0.01 secs] 
598.414: [GC598.414: [ParNew
Desired survivor size 41943040 bytes, new threshold 6 (max 6)
- age   1:    1181528 bytes,    1181528 total
- age   2:       8584 bytes,    1190112 total
- age   3:       6832 bytes,    1196944 total
- age   4:       8792 bytes,    1205736 total
- age   5:       4168 bytes,    1209904 total
- age   6:       4760 bytes,    1214664 total
: 657530K->1441K(737280K), 0.0066840 secs] 1650097K->994019K(1761280K), 0.0068160 secs] [Times: user=0.05 sys=0.00, real=0.01 secs] 
598.651: [GC598.651: [ParNew
Desired survivor size 41943040 bytes, new threshold 6 (max 6)
- age   1:    1900568 bytes,    1900568 total
- age   2:       1184 bytes,    1901752 total
- age   3:       8296 bytes,    1910048 total
- age   4:       6832 bytes,    1916880 total
- age   5:       8768 bytes,    1925648 total
- age   6:       4168 bytes,    1929816 total
: 656801K->2473K(737280K), 0.0072800 secs] 1649379K->995056K(1761280K), 0.0074140 secs] [Times: user=0.05 sys=0.00, real=0.01 secs] 
598.903: [GC598.903: [ParNew
Desired survivor size 41943040 bytes, new threshold 6 (max 6)
- age   1:    1548120 bytes,    1548120 total
- age   2:       7616 bytes,    1555736 total
- age   3:       1136 bytes,    1556872 total
- age   4:       8200 bytes,    1565072 total
- age   5:       6736 bytes,    1571808 total
- age   6:       8624 bytes,    1580432 total
: 657833K->2301K(737280K), 0.0069230 secs] 1650416K->994889K(1761280K), 0.0070840 secs] [Times: user=0.05 sys=0.00, real=0.01 secs] 
599.135: [GC599.135: [ParNew
Desired survivor size 41943040 bytes, new threshold 6 (max 6)
- age   1:    1422208 bytes,    1422208 total
- age   2:        936 bytes,    1423144 total
- age   3:       7376 bytes,    1430520 total
- age   4:       1136 bytes,    1431656 total
- age   5:       8200 bytes,    1439856 total
- age   6:       6736 bytes,    1446592 total
: 657661K->2364K(737280K), 0.0069240 secs] 1650249K->994960K(1761280K), 0.0071000 secs] [Times: user=0.04 sys=0.00, real=0.01 secs] 
599.383: [GC599.383: [ParNew
Desired survivor size 41943040 bytes, new threshold 6 (max 6)
- age   1:    1993560 bytes,    1993560 total
- age   2:       7976 bytes,    2001536 total
- age   3:        720 bytes,    2002256 total
- age   4:       7280 bytes,    2009536 total
- age   5:        800 bytes,    2010336 total
- age   6:       8008 bytes,    2018344 total
: 657724K->2424K(737280K), 0.0071620 secs] 1650320K->995028K(1761280K), 0.0073580 secs] [Times: user=0.05 sys=0.00, real=0.01 secs] 
599.537: [CMS-concurrent-sweep: 1.387/1.441 secs] [Times: user=10.74 sys=0.22, real=1.45 secs] 
599.537: [CMS-concurrent-reset-start]
599.569: [CMS-concurrent-reset: 0.032/0.032 secs] [Times: user=0.24 sys=0.00, real=0.03 secs] 
599.618: [GC599.618: [ParNew
Desired survivor size 41943040 bytes, new threshold 6 (max 6)
- age   1:    1965016 bytes,    1965016 total
- age   2:       1712 bytes,    1966728 total
- age   3:       7808 bytes,    1974536 total
- age   4:        552 bytes,    1975088 total
- age   5:       7208 bytes,    1982296 total
- age   6:        776 bytes,    1983072 total
: 657784K->2563K(737280K), 0.0072010 secs] 1650337K->995124K(1761280K), 0.0073900 secs] [Times: user=0.05 sys=0.00, real=0.00 secs] 
599.628: [GC [1 CMS-initial-mark: 992560K(1024000K)] 1000038K(1761280K), 0.0078820 secs] [Times: user=0.01 sys=0.00, real=0.00 secs] 
599.636: [CMS-concurrent-mark-start]
599.872: [GC599.872: [ParNew
Desired survivor size 41943040 bytes, new threshold 6 (max 6)
- age   1:    1456968 bytes,    1456968 total
- age   2:       8368 bytes,    1465336 total
- age   3:       1712 bytes,    1467048 total
- age   4:       7808 bytes,    1474856 total
- age   5:        528 bytes,    1475384 total
- age   6:       7208 bytes,    1482592 total
: 657923K->2349K(737280K), 0.0111760 secs] 1650484K->994911K(1761280K), 0.0113280 secs] [Times: user=0.06 sys=0.00, real=0.01 secs] 
600.130: [GC600.130: [ParNew
Desired survivor size 41943040 bytes, new threshold 6 (max 6)
- age   1:    1171720 bytes,    1171720 total
- age   2:        888 bytes,    1172608 total
- age   3:       8056 bytes,    1180664 total
- age   4:       1376 bytes,    1182040 total
- age   5:       7592 bytes,    1189632 total
- age   6:        360 bytes,    1189992 total
: 657709K->1944K(737280K), 0.0064250 secs] 1650271K->994513K(1761280K), 0.0065820 secs] [Times: user=0.05 sys=0.00, real=0.01 secs] 
600.381: [GC600.381: [ParNew
Desired survivor size 41943040 bytes, new threshold 6 (max 6)
- age   1:     521976 bytes,     521976 total
- age   2:       8184 bytes,     530160 total
- age   3:        744 bytes,     530904 total
- age   4:       7912 bytes,     538816 total
- age   5:       1328 bytes,     540144 total
- age   6:       7592 bytes,     547736 total
: 657304K->927K(737280K), 0.0065030 secs] 1649873K->993497K(1761280K), 0.0066540 secs] [Times: user=0.03 sys=0.01, real=0.01 secs] 
600.608: [GC600.608: [ParNew
Desired survivor size 41943040 bytes, new threshold 6 (max 6)
- age   1:    3137824 bytes,    3137824 total
- age   2:      21592 bytes,    3159416 total
- age   3:       8184 bytes,    3167600 total
- age   4:        744 bytes,    3168344 total
- age   5:       7912 bytes,    3176256 total
- age   6:       1328 bytes,    3177584 total
: 656287K->3305K(737280K), 0.0087100 secs] 1648857K->995882K(1761280K), 0.0088420 secs] [Times: user=0.06 sys=0.00, real=0.01 secs] 
600.825: [GC600.825: [ParNew
Desired survivor size 41943040 bytes, new threshold 6 (max 6)
- age   1:    2247824 bytes,    2247824 total
- age   2:       1504 bytes,    2249328 total
- age   3:      21512 bytes,    2270840 total
- age   4:       8184 bytes,    2279024 total
- age   5:        720 bytes,    2279744 total
- age   6:       7912 bytes,    2287656 total
: 658665K->3036K(737280K), 0.0078240 secs] 1651242K->995615K(1761280K), 0.0080280 secs] [Times: user=0.05 sys=0.00, real=0.01 secs] 
601.083: [GC601.083: [ParNew
Desired survivor size 41943040 bytes, new threshold 6 (max 6)
- age   1:      95792 bytes,      95792 total
- age   2:       4032 bytes,      99824 total
- age   3:       1408 bytes,     101232 total
- age   4:      21368 bytes,     122600 total
- age   5:       8040 bytes,     130640 total
- age   6:        600 bytes,     131240 total
: 658396K->2282K(737280K), 0.0061620 secs] 1650975K->994870K(1761280K), 0.0062760 secs] [Times: user=0.04 sys=0.00, real=0.01 secs] 
601.323: [GC601.323: [ParNew
Desired survivor size 41943040 bytes, new threshold 6 (max 6)
- age   1:     770144 bytes,     770144 total
- age   2:       4736 bytes,     774880 total
- age   3:       4008 bytes,     778888 total
- age   4:       1408 bytes,     780296 total
- age   5:      21368 bytes,     801664 total
- age   6:       8040 bytes,     809704 total
: 657642K->1115K(737280K), 0.0063390 secs] 1650230K->993703K(1761280K), 0.0064670 secs] [Times: user=0.04 sys=0.00, real=0.01 secs] 
601.563: [GC601.563: [ParNew
Desired survivor size 41943040 bytes, new threshold 6 (max 6)
- age   1:    1964640 bytes,    1964640 total
- age   2:       1512 bytes,    1966152 total
- age   3:       4736 bytes,    1970888 total
- age   4:       4008 bytes,    1974896 total
- age   5:       1408 bytes,    1976304 total
- age   6:      21344 bytes,    1997648 total
: 656475K->2410K(737280K), 0.0073450 secs] 1649063K->995007K(1761280K), 0.0074840 secs] [Times: user=0.05 sys=0.01, real=0.01 secs] 
601.812: [GC601.812: [ParNew
Desired survivor size 41943040 bytes, new threshold 6 (max 6)
- age   1:     370352 bytes,     370352 total
- age   2:       1104 bytes,     371456 total
- age   3:       1056 bytes,     372512 total
- age   4:       4496 bytes,     377008 total
- age   5:       3888 bytes,     380896 total
- age   6:       1216 bytes,     382112 total
: 657770K->1648K(737280K), 0.0060850 secs] 1650367K->994266K(1761280K), 0.0062410 secs] [Times: user=0.04 sys=0.00, real=0.01 secs] 
602.077: [GC602.077: [ParNew
Desired survivor size 41943040 bytes, new threshold 6 (max 6)
- age   1:    1710672 bytes,    1710672 total
- age   2:       4960 bytes,    1715632 total
- age   3:       1080 bytes,    1716712 total
- age   4:       1056 bytes,    1717768 total
- age   5:       4496 bytes,    1722264 total
- age   6:       3888 bytes,    1726152 total
: 657008K->1895K(737280K), 0.0073300 secs] 1649626K->994514K(1761280K), 0.0074710 secs] [Times: user=0.05 sys=0.00, real=0.01 secs] 
602.314: [GC602.314: [ParNew
Desired survivor size 41943040 bytes, new threshold 6 (max 6)
- age   1:    1685392 bytes,    1685392 total
- age   2:       2152 bytes,    1687544 total
- age   3:       4648 bytes,    1692192 total
- age   4:        984 bytes,    1693176 total
- age   5:        984 bytes,    1694160 total
- age   6:       4392 bytes,    1698552 total
: 657255K->2607K(737280K), 0.0070760 secs] 1649874K->995230K(1761280K), 0.0072430 secs] [Times: user=0.04 sys=0.00, real=0.01 secs] 
602.556: [GC602.557: [ParNew
Desired survivor size 41943040 bytes, new threshold 6 (max 6)
- age   1:    1923368 bytes,    1923368 total
- age   2:      11496 bytes,    1934864 total
- age   3:       1504 bytes,    1936368 total
- age   4:       4360 bytes,    1940728 total
- age   5:        672 bytes,    1941400 total
- age   6:        720 bytes,    1942120 total
: 657967K->2785K(737280K), 0.0075210 secs] 1650590K->995413K(1761280K), 0.0076680 secs] [Times: user=0.04 sys=0.00, real=0.01 secs] 
602.788: [GC602.788: [ParNew
Desired survivor size 41943040 bytes, new threshold 6 (max 6)
- age   1:    1931912 bytes,    1931912 total
- age   2:       8184 bytes,    1940096 total
- age   3:      11368 bytes,    1951464 total
- age   4:       1408 bytes,    1952872 total
- age   5:       4216 bytes,    1957088 total
- age   6:        672 bytes,    1957760 total
: 658145K->2958K(737280K), 0.0073730 secs] 1650773K->995587K(1761280K), 0.0075370 secs] [Times: user=0.05 sys=0.00, real=0.00 secs] 
603.039: [GC603.039: [ParNew
Desired survivor size 41943040 bytes, new threshold 6 (max 6)
- age   1:     778504 bytes,     778504 total
- age   2:       5440 bytes,     783944 total
- age   3:       8088 bytes,     792032 total
- age   4:      11368 bytes,     803400 total
- age   5:       1408 bytes,     804808 total
- age   6:       4216 bytes,     809024 total
: 658318K->2361K(737280K), 0.0065170 secs] 1650947K->994990K(1761280K), 0.0066510 secs] [Times: user=0.04 sys=0.01, real=0.00 secs] 
603.272: [GC603.272: [ParNew
Desired survivor size 41943040 bytes, new threshold 6 (max 6)
- age   1:    1285776 bytes,    1285776 total
- age   2:       1400 bytes,    1287176 total
- age   3:       5320 bytes,    1292496 total
- age   4:       8016 bytes,    1300512 total
- age   5:      11272 bytes,    1311784 total
- age   6:       1384 bytes,    1313168 total
: 657721K->1590K(737280K), 0.0064940 secs] 1650350K->994224K(1761280K), 0.0066710 secs] [Times: user=0.04 sys=0.01, real=0.01 secs] 
603.498: [GC603.498: [ParNew
Desired survivor size 41943040 bytes, new threshold 6 (max 6)
- age   1:    2389472 bytes,    2389472 total
- age   2:       4832 bytes,    2394304 total
- age   3:       1304 bytes,    2395608 total
- age   4:       5176 bytes,    2400784 total
- age   5:       7968 bytes,    2408752 total
- age   6:      11272 bytes,    2420024 total
: 656950K->2964K(737280K), 0.0076950 secs] 1649584K->995600K(1761280K), 0.0078300 secs] [Times: user=0.05 sys=0.00, real=0.00 secs] 
603.756: [GC603.756: [ParNew
Desired survivor size 41943040 bytes, new threshold 6 (max 6)
- age   1:     559912 bytes,     559912 total
- age   2:       1080 bytes,     560992 total
- age   3:       4736 bytes,     565728 total
- age   4:       1232 bytes,     566960 total
- age   5:       5104 bytes,     572064 total
- age   6:       7920 bytes,     579984 total
: 658324K->2054K(737280K), 0.0064400 secs] 1650960K->994702K(1761280K), 0.0065580 secs] [Times: user=0.03 sys=0.00, real=0.01 secs] 
603.995: [GC603.995: [ParNew
Desired survivor size 41943040 bytes, new threshold 6 (max 6)
- age   1:    1552288 bytes,    1552288 total
- age   2:       4288 bytes,    1556576 total
- age   3:        864 bytes,    1557440 total
- age   4:       4568 bytes,    1562008 total
- age   5:       1064 bytes,    1563072 total
- age   6:       5048 bytes,    1568120 total
: 657414K->1965K(737280K), 0.0072420 secs] 1650062K->994621K(1761280K), 0.0073920 secs] [Times: user=0.06 sys=0.00, real=0.01 secs] 
604.221: [GC604.221: [ParNew
Desired survivor size 41943040 bytes, new threshold 6 (max 6)
- age   1:     759968 bytes,     759968 total
- age   2:       5904 bytes,     765872 total
- age   3:       4120 bytes,     769992 total
- age   4:        816 bytes,     770808 total
- age   5:       4496 bytes,     775304 total
- age   6:        968 bytes,     776272 total
: 657325K->1476K(737280K), 0.0064130 secs] 1649981K->994136K(1761280K), 0.0065370 secs] [Times: user=0.04 sys=0.00, real=0.00 secs] 
604.450: [GC604.450: [ParNew
Desired survivor size 41943040 bytes, new threshold 6 (max 6)
- age   1:    1600712 bytes,    1600712 total
- age   2:       1744 bytes,    1602456 total
- age   3:       5568 bytes,    1608024 total
- age   4:       4048 bytes,    1612072 total
- age   5:        648 bytes,    1612720 total
- age   6:       4472 bytes,    1617192 total
: 656836K->1913K(737280K), 0.0066920 secs] 1649496K->994575K(1761280K), 0.0068450 secs] [Times: user=0.04 sys=0.01, real=0.00 secs] 
604.696: [GC604.696: [ParNew
Desired survivor size 41943040 bytes, new threshold 6 (max 6)
- age   1:     667168 bytes,     667168 total
- age   2:      11344 bytes,     678512 total
- age   3:       1384 bytes,     679896 total
- age   4:       5232 bytes,     685128 total
- age   5:       3784 bytes,     688912 total
- age   6:        504 bytes,     689416 total
: 657273K->1337K(737280K), 0.0064420 secs] 1649935K->994004K(1761280K), 0.0065750 secs] [Times: user=0.04 sys=0.00, real=0.01 secs] 
604.941: [GC604.941: [ParNew
Desired survivor size 41943040 bytes, new threshold 6 (max 6)
- age   1:     677968 bytes,     677968 total
- age   2:       7600 bytes,     685568 total
- age   3:      11320 bytes,     696888 total
- age   4:       1384 bytes,     698272 total
- age   5:       5232 bytes,     703504 total
- age   6:       3760 bytes,     707264 total
: 656697K->1100K(737280K), 0.0061900 secs] 1649364K->993767K(1761280K), 0.0064010 secs] [Times: user=0.04 sys=0.01, real=0.00 secs] 
605.166: [GC605.167: [ParNew
Desired survivor size 41943040 bytes, new threshold 6 (max 6)
- age   1:     678816 bytes,     678816 total
- age   2:       1880 bytes,     680696 total
- age   3:       7528 bytes,     688224 total
- age   4:      11296 bytes,     699520 total
- age   5:       1384 bytes,     700904 total
- age   6:       5232 bytes,     706136 total
: 656460K->997K(737280K), 0.0065450 secs] 1649127K->993668K(1761280K), 0.0067150 secs] [Times: user=0.04 sys=0.00, real=0.01 secs] 
605.408: [GC605.408: [ParNew
Desired survivor size 41943040 bytes, new threshold 6 (max 6)
- age   1:     481168 bytes,     481168 total
- age   2:       1032 bytes,     482200 total
- age   3:       1832 bytes,     484032 total
- age   4:       7480 bytes,     491512 total
- age   5:      11176 bytes,     502688 total
- age   6:       1312 bytes,     504000 total
: 656357K->768K(737280K), 0.0063450 secs] 1649028K->993445K(1761280K), 0.0064970 secs] [Times: user=0.04 sys=0.00, real=0.00 secs] 
605.637: [GC605.637: [ParNew
Desired survivor size 41943040 bytes, new threshold 6 (max 6)
- age   1:    1302488 bytes,    1302488 total
- age   2:       4248 bytes,    1306736 total
- age   3:       1032 bytes,    1307768 total
- age   4:       1832 bytes,    1309600 total
- age   5:       7480 bytes,    1317080 total
- age   6:      11176 bytes,    1328256 total
: 656128K->1560K(737280K), 0.0068200 secs] 1648805K->994238K(1761280K), 0.0069830 secs] [Times: user=0.05 sys=0.00, real=0.01 secs] 
605.863: [GC605.863: [ParNew
Desired survivor size 41943040 bytes, new threshold 6 (max 6)
- age   1:     712152 bytes,     712152 total
- age   2:       1288 bytes,     713440 total
- age   3:       4152 bytes,     717592 total
- age   4:        808 bytes,     718400 total
- age   5:       1712 bytes,     720112 total
- age   6:       7456 bytes,     727568 total
: 656920K->1377K(737280K), 0.0063840 secs] 1649598K->994066K(1761280K), 0.0065520 secs] [Times: user=0.03 sys=0.01, real=0.01 secs] 
606.097: [GC606.097: [ParNew
Desired survivor size 41943040 bytes, new threshold 6 (max 6)
- age   1:    1459264 bytes,    1459264 total
- age   2:        824 bytes,    1460088 total
- age   3:        976 bytes,    1461064 total
- age   4:       3936 bytes,    1465000 total
- age   5:        688 bytes,    1465688 total
- age   6:       1616 bytes,    1467304 total
: 656737K->1761K(737280K), 0.0065500 secs] 1649426K->994458K(1761280K), 0.0066850 secs] [Times: user=0.04 sys=0.01, real=0.01 secs] 
606.334: [GC606.335: [ParNew
Desired survivor size 41943040 bytes, new threshold 6 (max 6)
- age   1:    1370656 bytes,    1370656 total
- age   2:       4344 bytes,    1375000 total
- age   3:        800 bytes,    1375800 total
- age   4:        808 bytes,    1376608 total
- age   5:       3888 bytes,    1380496 total
- age   6:        688 bytes,    1381184 total
: 657121K->2117K(737280K), 0.0606860 secs] 1649818K->994816K(1761280K), 0.0608210 secs] [Times: user=0.08 sys=0.00, real=0.06 secs] 
606.638: [GC606.638: [ParNew
Desired survivor size 41943040 bytes, new threshold 6 (max 6)
- age   1:    1764200 bytes,    1764200 total
- age   2:      11464 bytes,    1775664 total
- age   3:       4200 bytes,    1779864 total
- age   4:        704 bytes,    1780568 total
- age   5:        424 bytes,    1780992 total
- age   6:       3696 bytes,    1784688 total
: 657477K->2628K(737280K), 0.0072510 secs] 1650176K->995328K(1761280K), 0.0073840 secs] [Times: user=0.04 sys=0.00, real=0.00 secs] 
606.997: [GC606.997: [ParNew
Desired survivor size 41943040 bytes, new threshold 6 (max 6)
- age   1:     746952 bytes,     746952 total
- age   2:       5072 bytes,     752024 total
- age   3:      11360 bytes,     763384 total
- age   4:       4128 bytes,     767512 total
- age   5:        632 bytes,     768144 total
- age   6:        352 bytes,     768496 total
: 657988K->1635K(737280K), 0.0064170 secs] 1650688K->994339K(1761280K), 0.0066230 secs] [Times: user=0.05 sys=0.00, real=0.01 secs] 
607.240: [GC607.240: [ParNew
Desired survivor size 41943040 bytes, new threshold 6 (max 6)
- age   1:     869656 bytes,     869656 total
- age   2:       4416 bytes,     874072 total
- age   3:       4976 bytes,     879048 total
- age   4:      11264 bytes,     890312 total
- age   5:       4104 bytes,     894416 total
- age   6:        632 bytes,     895048 total
: 656995K->1294K(737280K), 0.0067630 secs] 1649699K->993998K(1761280K), 0.0069030 secs] [Times: user=0.05 sys=0.00, real=0.00 secs] 
607.471: [GC607.471: [ParNew
Desired survivor size 41943040 bytes, new threshold 6 (max 6)
- age   1:     513200 bytes,     513200 total
- age   2:       4416 bytes,     517616 total
- age   3:       4256 bytes,     521872 total
- age   4:       4784 bytes,     526656 total
- age   5:      11096 bytes,     537752 total
- age   6:       4104 bytes,     541856 total
: 656654K->1138K(737280K), 0.0061680 secs] 1649358K->993843K(1761280K), 0.0063600 secs] [Times: user=0.04 sys=0.00, real=0.00 secs] 
607.688: [CMS-concurrent-mark: 7.707/8.051 secs] [Times: user=59.22 sys=1.16, real=8.04 secs] 
607.688: [CMS-concurrent-preclean-start]
607.705: [CMS-concurrent-preclean: 0.016/0.017 secs] [Times: user=0.13 sys=0.00, real=0.01 secs] 
607.705: [CMS-concurrent-abortable-preclean-start]
607.717: [GC607.717: [ParNew
Desired survivor size 41943040 bytes, new threshold 6 (max 6)
- age   1:     828072 bytes,     828072 total
- age   2:       1024 bytes,     829096 total
- age   3:       4176 bytes,     833272 total
- age   4:       4112 bytes,     837384 total
- age   5:       4544 bytes,     841928 total
- age   6:      11000 bytes,     852928 total
: 656498K->1064K(737280K), 0.0064050 secs] 1649203K->993773K(1761280K), 0.0065690 secs] [Times: user=0.04 sys=0.00, real=0.01 secs] 
607.928: [CMS-concurrent-abortable-preclean: 0.103/0.223 secs] [Times: user=1.08 sys=0.03, real=0.22 secs] 
607.942: [GC[YG occupancy: 410135 K (737280 K)]607.942: [Rescan (parallel) , 0.1682850 secs]608.111: [weak refs processing, 0.0000290 secs]608.111: [scrub string table, 0.0009940 secs] [1 CMS-remark: 992709K(1024000K)] 1402844K(1761280K), 0.1694700 secs] [Times: user=1.27 sys=0.01, real=0.17 secs] 
608.114: [CMS-concurrent-sweep-start]
608.212: [GC608.212: [ParNew
Desired survivor size 41943040 bytes, new threshold 6 (max 6)
- age   1:    2557736 bytes,    2557736 total
- age   2:       5192 bytes,    2562928 total
- age   3:        992 bytes,    2563920 total
- age   4:       4176 bytes,    2568096 total
- age   5:       4088 bytes,    2572184 total
- age   6:       4544 bytes,    2576728 total
: 656424K->2813K(737280K), 0.0082600 secs] 1649131K->995531K(1761280K), 0.0084150 secs] [Times: user=0.05 sys=0.00, real=0.01 secs] 
608.460: [GC608.460: [ParNew
Desired survivor size 41943040 bytes, new threshold 6 (max 6)
- age   1:     656072 bytes,     656072 total
- age   2:       4456 bytes,     660528 total
- age   3:       4856 bytes,     665384 total
- age   4:        944 bytes,     666328 total
- age   5:       4032 bytes,     670360 total
- age   6:       3968 bytes,     674328 total
: 658173K->2069K(737280K), 0.0060670 secs] 1650891K->994791K(1761280K), 0.0062190 secs] [Times: user=0.04 sys=0.00, real=0.00 secs] 
608.706: [GC608.706: [ParNew
Desired survivor size 41943040 bytes, new threshold 6 (max 6)
- age   1:    1032664 bytes,    1032664 total
- age   2:      14624 bytes,    1047288 total
- age   3:       4456 bytes,    1051744 total
- age   4:       4856 bytes,    1056600 total
- age   5:        944 bytes,    1057544 total
- age   6:       4032 bytes,    1061576 total
: 657429K->1363K(737280K), 0.0064510 secs] 1650151K->994090K(1761280K), 0.0066060 secs] [Times: user=0.04 sys=0.01, real=0.01 secs] 
608.967: [GC608.967: [ParNew
Desired survivor size 41943040 bytes, new threshold 6 (max 6)
- age   1:    1595808 bytes,    1595808 total
- age   2:       4784 bytes,    1600592 total
- age   3:      14552 bytes,    1615144 total
- age   4:       4144 bytes,    1619288 total
- age   5:       4616 bytes,    1623904 total
- age   6:        864 bytes,    1624768 total
: 656723K->2014K(737280K), 0.0070260 secs] 1649450K->994745K(1761280K), 0.0071680 secs] [Times: user=0.04 sys=0.00, real=0.01 secs] 
609.222: [GC609.222: [ParNew
Desired survivor size 41943040 bytes, new threshold 6 (max 6)
- age   1:     264848 bytes,     264848 total
- age   2:       6744 bytes,     271592 total
- age   3:       4784 bytes,     276376 total
- age   4:      14552 bytes,     290928 total
- age   5:       4144 bytes,     295072 total
- age   6:       4616 bytes,     299688 total
: 657374K->1427K(737280K), 0.0059090 secs] 1650105K->994159K(1761280K), 0.0060470 secs] [Times: user=0.04 sys=0.00, real=0.00 secs] 
609.273: [CMS-concurrent-sweep: 1.116/1.160 secs] [Times: user=8.51 sys=0.17, real=1.16 secs] 
609.274: [CMS-concurrent-reset-start]
609.320: [CMS-concurrent-reset: 0.046/0.046 secs] [Times: user=0.34 sys=0.01, real=0.05 secs] 
609.452: [GC609.452: [ParNew
Desired survivor size 41943040 bytes, new threshold 6 (max 6)
- age   1:     766520 bytes,     766520 total
- age   2:       1008 bytes,     767528 total
- age   3:       6648 bytes,     774176 total
- age   4:       4712 bytes,     778888 total
- age   5:      14432 bytes,     793320 total
- age   6:       4144 bytes,     797464 total
: 656787K->1021K(737280K), 0.0062540 secs] 1649417K->993656K(1761280K), 0.0064080 secs] [Times: user=0.04 sys=0.00, real=0.00 secs] 
609.460: [GC [1 CMS-initial-mark: 992635K(1024000K)] 998547K(1761280K), 0.0057540 secs] [Times: user=0.01 sys=0.00, real=0.00 secs] 
609.466: [CMS-concurrent-mark-start]
609.711: [GC609.711: [ParNew
Desired survivor size 41943040 bytes, new threshold 6 (max 6)
- age   1:    1301080 bytes,    1301080 total
- age   2:      61944 bytes,    1363024 total
- age   3:        768 bytes,    1363792 total
- age   4:       6264 bytes,    1370056 total
- age   5:       4424 bytes,    1374480 total
- age   6:      14168 bytes,    1388648 total
: 656381K->1642K(737280K), 0.0065860 secs] 1649016K->994282K(1761280K), 0.0067100 secs] [Times: user=0.04 sys=0.00, real=0.00 secs] 
609.950: [GC609.950: [ParNew
Desired survivor size 41943040 bytes, new threshold 6 (max 6)
- age   1:    1725832 bytes,    1725832 total
- age   2:       1792 bytes,    1727624 total
- age   3:       4240 bytes,    1731864 total
- age   4:        600 bytes,    1732464 total
- age   5:       6072 bytes,    1738536 total
- age   6:       4160 bytes,    1742696 total
: 657002K->2231K(737280K), 0.0076610 secs] 1649642K->994885K(1761280K), 0.0078030 secs] [Times: user=0.05 sys=0.00, real=0.00 secs] 
610.194: [GC610.194: [ParNew
Desired survivor size 41943040 bytes, new threshold 6 (max 6)
- age   1:     907336 bytes,     907336 total
- age   2:       1416 bytes,     908752 total
- age   3:       1528 bytes,     910280 total
- age   4:       4048 bytes,     914328 total
- age   5:        120 bytes,     914448 total
- age   6:       5616 bytes,     920064 total
: 657591K->1573K(737280K), 0.0063180 secs] 1650245K->994232K(1761280K), 0.0064690 secs] [Times: user=0.04 sys=0.00, real=0.01 secs] 
610.466: [GC610.466: [ParNew
Desired survivor size 41943040 bytes, new threshold 6 (max 6)
- age   1:    1914096 bytes,    1914096 total
- age   2:       4280 bytes,    1918376 total
- age   3:       1296 bytes,    1919672 total
- age   4:       1288 bytes,    1920960 total
- age   5:       3976 bytes,    1924936 total
- age   6:        120 bytes,    1925056 total
: 656933K->2282K(737280K), 0.0072300 secs] 1649592K->994946K(1761280K), 0.0073670 secs] [Times: user=0.06 sys=0.00, real=0.01 secs] 
610.717: [GC610.717: [ParNew
Desired survivor size 41943040 bytes, new threshold 6 (max 6)
- age   1:     296688 bytes,     296688 total
- age   2:      14408 bytes,     311096 total
- age   3:       4280 bytes,     315376 total
- age   4:       1296 bytes,     316672 total
- age   5:       1288 bytes,     317960 total
- age   6:       3976 bytes,     321936 total
: 657642K->1592K(737280K), 0.0064300 secs] 1650306K->994257K(1761280K), 0.0066420 secs] [Times: user=0.05 sys=0.01, real=0.01 secs] 
610.975: [GC610.976: [ParNew
Desired survivor size 41943040 bytes, new threshold 6 (max 6)
- age   1:     345824 bytes,     345824 total
- age   2:       1368 bytes,     347192 total
- age   3:      14384 bytes,     361576 total
- age   4:       4280 bytes,     365856 total
- age   5:       1248 bytes,     367104 total
- age   6:       1288 bytes,     368392 total
: 656952K->628K(737280K), 0.0061490 secs] 1649617K->993297K(1761280K), 0.0063020 secs] [Times: user=0.04 sys=0.00, real=0.01 secs] 
611.217: [GC611.217: [ParNew
Desired survivor size 41943040 bytes, new threshold 6 (max 6)
- age   1:     663216 bytes,     663216 total
- age   2:       1120 bytes,     664336 total
- age   3:       1320 bytes,     665656 total
- age   4:      14312 bytes,     679968 total
- age   5:       4280 bytes,     684248 total
- age   6:       1248 bytes,     685496 total
: 655988K->872K(737280K), 0.0061700 secs] 1648657K->993542K(1761280K), 0.0062980 secs] [Times: user=0.04 sys=0.00, real=0.01 secs] 
611.465: [GC611.465: [ParNew
Desired survivor size 41943040 bytes, new threshold 6 (max 6)
- age   1:    1675720 bytes,    1675720 total
- age   2:       8344 bytes,    1684064 total
- age   3:        904 bytes,    1684968 total
- age   4:        976 bytes,    1685944 total
- age   5:      14240 bytes,    1700184 total
- age   6:       4160 bytes,    1704344 total
: 656232K->1904K(737280K), 0.0067720 secs] 1648902K->994576K(1761280K), 0.0069370 secs] [Times: user=0.05 sys=0.01, real=0.01 secs] 
611.692: [GC611.693: [ParNew
Desired survivor size 41943040 bytes, new threshold 6 (max 6)
- age   1:    3428400 bytes,    3428400 total
- age   2:       5464 bytes,    3433864 total
- age   3:       8248 bytes,    3442112 total
- age   4:        880 bytes,    3442992 total
- age   5:        904 bytes,    3443896 total
- age   6:      14240 bytes,    3458136 total
: 657264K->4168K(737280K), 0.0083660 secs] 1649936K->996844K(1761280K), 0.0085180 secs] [Times: user=0.06 sys=0.00, real=0.01 secs] 
611.941: [GC611.941: [ParNew
Desired survivor size 41943040 bytes, new threshold 6 (max 6)
- age   1:    2579136 bytes,    2579136 total
- age   2:       4768 bytes,    2583904 total
- age   3:       5240 bytes,    2589144 total
- age   4:       8128 bytes,    2597272 total
- age   5:        784 bytes,    2598056 total
- age   6:        784 bytes,    2598840 total
: 659528K->3600K(737280K), 0.0076420 secs] 1652204K->996290K(1761280K), 0.0078040 secs] [Times: user=0.05 sys=0.01, real=0.00 secs] 
612.180: [GC612.180: [ParNew
Desired survivor size 41943040 bytes, new threshold 6 (max 6)
- age   1:    2093072 bytes,    2093072 total
- age   2:       4312 bytes,    2097384 total
- age   3:       4648 bytes,    2102032 total
- age   4:       5240 bytes,    2107272 total
- age   5:       8128 bytes,    2115400 total
- age   6:        784 bytes,    2116184 total
: 658960K->3279K(737280K), 0.0074820 secs] 1651650K->995970K(1761280K), 0.0076680 secs] [Times: user=0.05 sys=0.00, real=0.00 secs] 
612.411: [GC612.411: [ParNew
Desired survivor size 41943040 bytes, new threshold 6 (max 6)
- age   1:    1624624 bytes,    1624624 total
- age   2:       4288 bytes,    1628912 total
- age   3:       4240 bytes,    1633152 total
- age   4:       4576 bytes,    1637728 total
- age   5:       5240 bytes,    1642968 total
- age   6:       8128 bytes,    1651096 total
: 658639K->2205K(737280K), 0.0067730 secs] 1651330K->994897K(1761280K), 0.0069170 secs] [Times: user=0.05 sys=0.00, real=0.00 secs] 
612.660: [GC612.660: [ParNew
Desired survivor size 41943040 bytes, new threshold 6 (max 6)
- age   1:     226968 bytes,     226968 total
- age   2:       5008 bytes,     231976 total
- age   3:       4288 bytes,     236264 total
- age   4:       4240 bytes,     240504 total
- age   5:       4576 bytes,     245080 total
- age   6:       5216 bytes,     250296 total
: 657565K->1760K(737280K), 0.0059560 secs] 1650257K->994461K(1761280K), 0.0061330 secs] [Times: user=0.03 sys=0.00, real=0.00 secs] 
612.935: [GC612.935: [ParNew
Desired survivor size 41943040 bytes, new threshold 6 (max 6)
- age   1:    1867664 bytes,    1867664 total
- age   2:       8000 bytes,    1875664 total
- age   3:       4688 bytes,    1880352 total
- age   4:       4096 bytes,    1884448 total
- age   5:       4000 bytes,    1888448 total
- age   6:       4408 bytes,    1892856 total
: 657120K->2065K(737280K), 0.0072790 secs] 1649821K->994771K(1761280K), 0.0074790 secs] [Times: user=0.05 sys=0.00, real=0.01 secs] 
613.185: [GC613.185: [ParNew
Desired survivor size 41943040 bytes, new threshold 6 (max 6)
- age   1:     905408 bytes,     905408 total
- age   2:       4288 bytes,     909696 total
- age   3:       7712 bytes,     917408 total
- age   4:       4472 bytes,     921880 total
- age   5:       3904 bytes,     925784 total
- age   6:       3760 bytes,     929544 total
: 657425K->1507K(737280K), 0.0066070 secs] 1650131K->994218K(1761280K), 0.0067370 secs] [Times: user=0.04 sys=0.01, real=0.01 secs] 
613.416: [GC613.416: [ParNew
Desired survivor size 41943040 bytes, new threshold 6 (max 6)
- age   1:    2340848 bytes,    2340848 total
- age   2:       1432 bytes,    2342280 total
- age   3:       4256 bytes,    2346536 total
- age   4:       7712 bytes,    2354248 total
- age   5:       4472 bytes,    2358720 total
- age   6:       3904 bytes,    2362624 total
: 656867K->3041K(737280K), 0.0073740 secs] 1649578K->995755K(1761280K), 0.0075630 secs] [Times: user=0.06 sys=0.01, real=0.01 secs] 
613.664: [GC613.664: [ParNew
Desired survivor size 41943040 bytes, new threshold 6 (max 6)
- age   1:    1263416 bytes,    1263416 total
- age   2:       4512 bytes,    1267928 total
- age   3:       1216 bytes,    1269144 total
- age   4:       4088 bytes,    1273232 total
- age   5:       7472 bytes,    1280704 total
- age   6:       4304 bytes,    1285008 total
: 658401K->2244K(737280K), 0.0066490 secs] 1651115K->994963K(1761280K), 0.0067900 secs] [Times: user=0.04 sys=0.00, real=0.01 secs] 
613.922: [GC613.922: [ParNew
Desired survivor size 41943040 bytes, new threshold 6 (max 6)
- age   1:     597000 bytes,     597000 total
- age   2:       1112 bytes,     598112 total
- age   3:       4512 bytes,     602624 total
- age   4:       1216 bytes,     603840 total
- age   5:       4064 bytes,     607904 total
- age   6:       7472 bytes,     615376 total
: 657604K->1090K(737280K), 0.0062130 secs] 1650323K->993813K(1761280K), 0.0063520 secs] [Times: user=0.04 sys=0.00, real=0.00 secs] 
614.154: [GC614.154: [ParNew
Desired survivor size 41943040 bytes, new threshold 6 (max 6)
- age   1:     753496 bytes,     753496 total
- age   2:       1304 bytes,     754800 total
- age   3:        992 bytes,     755792 total
- age   4:       4416 bytes,     760208 total
- age   5:       1000 bytes,     761208 total
- age   6:       3920 bytes,     765128 total
: 656450K->943K(737280K), 0.0070170 secs] 1649173K->993674K(1761280K), 0.0071560 secs] [Times: user=0.04 sys=0.00, real=0.01 secs] 
614.390: [GC614.390: [ParNew
Desired survivor size 41943040 bytes, new threshold 6 (max 6)
- age   1:    1450312 bytes,    1450312 total
- age   2:       7976 bytes,    1458288 total
- age   3:       1304 bytes,    1459592 total
- age   4:        848 bytes,    1460440 total
- age   5:       4344 bytes,    1464784 total
- age   6:        952 bytes,    1465736 total
: 656303K->1678K(737280K), 0.0068210 secs] 1649034K->994412K(1761280K), 0.0070000 secs] [Times: user=0.05 sys=0.00, real=0.00 secs] 
614.609: [GC614.609: [ParNew
Desired survivor size 41943040 bytes, new threshold 6 (max 6)
- age   1:    1619832 bytes,    1619832 total
- age   2:        936 bytes,    1620768 total
- age   3:       7736 bytes,    1628504 total
- age   4:       1136 bytes,    1629640 total
- age   5:        560 bytes,    1630200 total
- age   6:       4056 bytes,    1634256 total
: 657038K->2327K(737280K), 0.0072000 secs] 1649772K->995063K(1761280K), 0.0073490 secs] [Times: user=0.04 sys=0.00, real=0.01 secs] 
614.855: [GC614.855: [ParNew
Desired survivor size 41943040 bytes, new threshold 6 (max 6)
- age   1:     630672 bytes,     630672 total
- age   2:       9104 bytes,     639776 total
- age   3:        936 bytes,     640712 total
- age   4:       7736 bytes,     648448 total
- age   5:       1112 bytes,     649560 total
- age   6:        560 bytes,     650120 total
: 657687K->1507K(737280K), 0.0062460 secs] 1650423K->994247K(1761280K), 0.0063960 secs] [Times: user=0.05 sys=0.00, real=0.01 secs] 
615.083: [GC615.083: [ParNew
Desired survivor size 41943040 bytes, new threshold 6 (max 6)
- age   1:    1330560 bytes,    1330560 total
- age   2:       7944 bytes,    1338504 total
- age   3:       9032 bytes,    1347536 total
- age   4:        936 bytes,    1348472 total
- age   5:       7736 bytes,    1356208 total
- age   6:       1112 bytes,    1357320 total
: 656867K->1537K(737280K), 0.0067160 secs] 1649607K->994277K(1761280K), 0.0068590 secs] [Times: user=0.05 sys=0.00, real=0.01 secs] 
615.330: [GC615.330: [ParNew
Desired survivor size 41943040 bytes, new threshold 6 (max 6)
- age   1:    1175648 bytes,    1175648 total
- age   2:       1360 bytes,    1177008 total
- age   3:       7920 bytes,    1184928 total
- age   4:       9032 bytes,    1193960 total
- age   5:        936 bytes,    1194896 total
- age   6:       7736 bytes,    1202632 total
: 656897K->2008K(737280K), 0.0063580 secs] 1649637K->994750K(1761280K), 0.0065080 secs] [Times: user=0.05 sys=0.00, real=0.01 secs] 
615.555: [GC615.555: [ParNew
Desired survivor size 41943040 bytes, new threshold 6 (max 6)
- age   1:    3060864 bytes,    3060864 total
- age   2:       4120 bytes,    3064984 total
- age   3:       1168 bytes,    3066152 total
- age   4:       7656 bytes,    3073808 total
- age   5:       8808 bytes,    3082616 total
- age   6:        792 bytes,    3083408 total
: 657368K->3455K(737280K), 0.0082770 secs] 1650110K->996204K(1761280K), 0.0084780 secs] [Times: user=0.05 sys=0.00, real=0.01 secs] 
615.821: [GC615.821: [ParNew
Desired survivor size 41943040 bytes, new threshold 6 (max 6)
- age   1:    1690248 bytes,    1690248 total
- age   2:       7432 bytes,    1697680 total
- age   3:       4120 bytes,    1701800 total
- age   4:       1168 bytes,    1702968 total
- age   5:       7632 bytes,    1710600 total
- age   6:       8808 bytes,    1719408 total
: 658815K->3660K(737280K), 0.0336830 secs] 1651564K->996410K(1761280K), 0.0338390 secs] [Times: user=0.06 sys=0.00, real=0.03 secs] 
616.111: [GC616.111: [ParNew
Desired survivor size 41943040 bytes, new threshold 6 (max 6)
- age   1:    1518224 bytes,    1518224 total
- age   2:       1272 bytes,    1519496 total
- age   3:       7072 bytes,    1526568 total
- age   4:       3976 bytes,    1530544 total
- age   5:       1072 bytes,    1531616 total
- age   6:       7488 bytes,    1539104 total
: 659020K->2169K(737280K), 0.0066300 secs] 1651770K->994928K(1761280K), 0.0067700 secs] [Times: user=0.05 sys=0.00, real=0.00 secs] 
616.346: [GC616.346: [ParNew
Desired survivor size 41943040 bytes, new threshold 6 (max 6)
- age   1:    2831848 bytes,    2831848 total
- age   2:      18208 bytes,    2850056 total
- age   3:       1104 bytes,    2851160 total
- age   4:       6976 bytes,    2858136 total
- age   5:       3880 bytes,    2862016 total
- age   6:       1072 bytes,    2863088 total
: 657529K->3772K(737280K), 0.0080360 secs] 1650288K->996540K(1761280K), 0.0082000 secs] [Times: user=0.05 sys=0.01, real=0.01 secs] 
616.561: [CMS-concurrent-mark: 6.818/7.095 secs] [Times: user=52.38 sys=0.99, real=7.10 secs] 
616.561: [CMS-concurrent-preclean-start]
616.579: [CMS-concurrent-preclean: 0.017/0.018 secs] [Times: user=0.14 sys=0.00, real=0.01 secs] 
616.579: [CMS-concurrent-abortable-preclean-start]
616.584: [GC616.584: [ParNew
Desired survivor size 41943040 bytes, new threshold 6 (max 6)
- age   1:     884744 bytes,     884744 total
- age   2:       3448 bytes,     888192 total
- age   3:      18208 bytes,     906400 total
- age   4:       1104 bytes,     907504 total
- age   5:       6920 bytes,     914424 total
- age   6:       3880 bytes,     918304 total
: 659132K->2456K(737280K), 0.0063920 secs] 1651900K->995224K(1761280K), 0.0065700 secs] [Times: user=0.04 sys=0.00, real=0.01 secs] 
616.714: [CMS-concurrent-abortable-preclean: 0.126/0.135 secs] [Times: user=0.99 sys=0.02, real=0.14 secs] 
616.716: [GC[YG occupancy: 358717 K (737280 K)]616.716: [Rescan (parallel) , 0.0649950 secs]616.781: [weak refs processing, 0.0000360 secs]616.781: [scrub string table, 0.0012470 secs] [1 CMS-remark: 992768K(1024000K)] 1351485K(1761280K), 0.0664190 secs] [Times: user=0.52 sys=0.00, real=0.07 secs] 
616.782: [CMS-concurrent-sweep-start]
616.917: [GC616.917: [ParNew
Desired survivor size 41943040 bytes, new threshold 6 (max 6)
- age   1:     762960 bytes,     762960 total
- age   2:       8752 bytes,     771712 total
- age   3:       3424 bytes,     775136 total
- age   4:      18208 bytes,     793344 total
- age   5:       1080 bytes,     794424 total
- age   6:       6920 bytes,     801344 total
: 657816K->1362K(737280K), 0.0064420 secs] 1650583K->994132K(1761280K), 0.0065980 secs] [Times: user=0.03 sys=0.00, real=0.01 secs] 
617.158: [GC617.158: [ParNew
Desired survivor size 41943040 bytes, new threshold 6 (max 6)
- age   1:    1310104 bytes,    1310104 total
- age   2:       1208 bytes,    1311312 total
- age   3:       8600 bytes,    1319912 total
- age   4:       3328 bytes,    1323240 total
- age   5:      18040 bytes,    1341280 total
- age   6:        912 bytes,    1342192 total
: 656722K->1509K(737280K), 0.0067650 secs] 1649492K->994286K(1761280K), 0.0070000 secs] [Times: user=0.05 sys=0.00, real=0.01 secs] 
617.396: [GC617.397: [ParNew
Desired survivor size 41943040 bytes, new threshold 6 (max 6)
- age   1:    1826536 bytes,    1826536 total
- age   2:       1552 bytes,    1828088 total
- age   3:       1064 bytes,    1829152 total
- age   4:       8528 bytes,    1837680 total
- age   5:       3280 bytes,    1840960 total
- age   6:      18008 bytes,    1858968 total
: 656869K->2217K(737280K), 0.0071730 secs] 1649646K->994996K(1761280K), 0.0073310 secs] [Times: user=0.05 sys=0.00, real=0.01 secs] 
617.634: [GC617.634: [ParNew
Desired survivor size 41943040 bytes, new threshold 6 (max 6)
- age   1:    1038760 bytes,    1038760 total
- age   2:    1123264 bytes,    2162024 total
- age   3:       1552 bytes,    2163576 total
- age   4:       1064 bytes,    2164640 total
- age   5:       8504 bytes,    2173144 total
- age   6:       3280 bytes,    2176424 total
: 657577K->3072K(737280K), 0.0071270 secs] 1650356K->995869K(1761280K), 0.0072620 secs] [Times: user=0.04 sys=0.00, real=0.01 secs] 
617.892: [GC617.893: [ParNew
Desired survivor size 41943040 bytes, new threshold 6 (max 6)
- age   1:    2528504 bytes,    2528504 total
- age   2:        744 bytes,    2529248 total
- age   3:       5760 bytes,    2535008 total
- age   4:       1384 bytes,    2536392 total
- age   5:        728 bytes,    2537120 total
- age   6:       8240 bytes,    2545360 total
: 658432K->3757K(737280K), 0.0086700 secs] 1651229K->996556K(1761280K), 0.0089990 secs] [Times: user=0.05 sys=0.01, real=0.01 secs] 
618.131: [GC618.131: [ParNew
Desired survivor size 41943040 bytes, new threshold 6 (max 6)
- age   1:    1793640 bytes,    1793640 total
- age   2:       4888 bytes,    1798528 total
- age   3:        720 bytes,    1799248 total
- age   4:       5760 bytes,    1805008 total
- age   5:       1384 bytes,    1806392 total
- age   6:        728 bytes,    1807120 total
: 659117K->2660K(737280K), 0.0073040 secs] 1651916K->995468K(1761280K), 0.0074520 secs] [Times: user=0.05 sys=0.00, real=0.00 secs] 
618.237: [CMS-concurrent-sweep: 1.386/1.454 secs] [Times: user=10.69 sys=0.22, real=1.45 secs] 
618.237: [CMS-concurrent-reset-start]
618.274: [CMS-concurrent-reset: 0.037/0.037 secs] [Times: user=0.29 sys=0.01, real=0.04 secs] 
618.360: [GC618.361: [ParNew
Desired survivor size 41943040 bytes, new threshold 6 (max 6)
- age   1:    1646040 bytes,    1646040 total
- age   2:        768 bytes,    1646808 total
- age   3:       4816 bytes,    1651624 total
- age   4:        696 bytes,    1652320 total
- age   5:       5688 bytes,    1658008 total
- age   6:       1240 bytes,    1659248 total
: 658020K->2154K(737280K), 0.0070360 secs] 1650783K->994917K(1761280K), 0.0072010 secs] [Times: user=0.04 sys=0.00, real=0.00 secs] 
618.379: [GC [1 CMS-initial-mark: 992762K(1024000K)] 1024845K(1761280K), 0.0247420 secs] [Times: user=0.02 sys=0.00, real=0.03 secs] 
618.404: [CMS-concurrent-mark-start]
618.632: [GC618.632: [ParNew
Desired survivor size 41943040 bytes, new threshold 6 (max 6)
- age   1:      79024 bytes,      79024 total
- age   2:       1136 bytes,      80160 total
- age   3:        624 bytes,      80784 total
- age   4:       4768 bytes,      85552 total
- age   5:        528 bytes,      86080 total
- age   6:       5608 bytes,      91688 total
: 657514K->1694K(737280K), 0.0057580 secs] 1650277K->994458K(1761280K), 0.0058990 secs] [Times: user=0.04 sys=0.00, real=0.00 secs] 
618.871: [GC618.871: [ParNew
Desired survivor size 41943040 bytes, new threshold 6 (max 6)
- age   1:     849736 bytes,     849736 total
- age   2:      14920 bytes,     864656 total
- age   3:       1088 bytes,     865744 total
- age   4:        624 bytes,     866368 total
- age   5:       4744 bytes,     871112 total
- age   6:        528 bytes,     871640 total
: 657054K->1100K(737280K), 0.0091620 secs] 1649818K->993870K(1761280K), 0.0092830 secs] [Times: user=0.06 sys=0.00, real=0.01 secs] 
619.116: [GC619.116: [ParNew
Desired survivor size 41943040 bytes, new threshold 6 (max 6)
- age   1:     606128 bytes,     606128 total
- age   2:       4696 bytes,     610824 total
- age   3:      14696 bytes,     625520 total
- age   4:        872 bytes,     626392 total
- age   5:        480 bytes,     626872 total
- age   6:       4600 bytes,     631472 total
: 656460K->1029K(737280K), 0.0065610 secs] 1649230K->993799K(1761280K), 0.0067210 secs] [Times: user=0.04 sys=0.00, real=0.01 secs] 
619.372: [GC619.372: [ParNew
Desired survivor size 41943040 bytes, new threshold 6 (max 6)
- age   1:    1340720 bytes,    1340720 total
- age   2:       1568 bytes,    1342288 total
- age   3:       4696 bytes,    1346984 total
- age   4:      14696 bytes,    1361680 total
- age   5:        872 bytes,    1362552 total
- age   6:        480 bytes,    1363032 total
: 656389K->1568K(737280K), 0.0083640 secs] 1649159K->994344K(1761280K), 0.0085170 secs] [Times: user=0.06 sys=0.00, real=0.01 secs] 
619.629: [GC619.629: [ParNew
Desired survivor size 41943040 bytes, new threshold 6 (max 6)
- age   1:    1309976 bytes,    1309976 total
- age   2:        960 bytes,    1310936 total
- age   3:       1232 bytes,    1312168 total
- age   4:       4648 bytes,    1316816 total
- age   5:      14624 bytes,    1331440 total
- age   6:        704 bytes,    1332144 total
: 656928K->1930K(737280K), 0.0068400 secs] 1649704K->994706K(1761280K), 0.0070170 secs] [Times: user=0.04 sys=0.01, real=0.01 secs] 
619.870: [GC619.870: [ParNew
Desired survivor size 41943040 bytes, new threshold 6 (max 6)
- age   1:     242424 bytes,     242424 total
- age   2:       4928 bytes,     247352 total
- age   3:        864 bytes,     248216 total
- age   4:       1112 bytes,     249328 total
- age   5:       4528 bytes,     253856 total
- age   6:      14624 bytes,     268480 total
: 657290K->1251K(737280K), 0.0127250 secs] 1650066K->994028K(1761280K), 0.0128870 secs] [Times: user=0.03 sys=0.00, real=0.02 secs] 
620.145: [GC620.145: [ParNew
Desired survivor size 41943040 bytes, new threshold 6 (max 6)
- age   1:     778136 bytes,     778136 total
- age   2:       5808 bytes,     783944 total
- age   3:       4584 bytes,     788528 total
- age   4:        648 bytes,     789176 total
- age   5:        872 bytes,     790048 total
- age   6:       4288 bytes,     794336 total
: 656611K->993K(737280K), 0.0063210 secs] 1649388K->993784K(1761280K), 0.0064700 secs] [Times: user=0.05 sys=0.00, real=0.01 secs] 
620.382: [GC620.382: [ParNew
Desired survivor size 41943040 bytes, new threshold 6 (max 6)
- age   1:    1576168 bytes,    1576168 total
- age   2:       7664 bytes,    1583832 total
- age   3:       5808 bytes,    1589640 total
- age   4:       4584 bytes,    1594224 total
- age   5:        648 bytes,    1594872 total
- age   6:        872 bytes,    1595744 total
: 656353K->1860K(737280K), 0.0068640 secs] 1649144K->994656K(1761280K), 0.0070980 secs] [Times: user=0.05 sys=0.00, real=0.00 secs] 
620.608: [GC620.608: [ParNew
Desired survivor size 41943040 bytes, new threshold 6 (max 6)
- age   1:    1885208 bytes,    1885208 total
- age   2:       1248 bytes,    1886456 total
- age   3:       7664 bytes,    1894120 total
- age   4:       5808 bytes,    1899928 total
- age   5:       4560 bytes,    1904488 total
- age   6:        648 bytes,    1905136 total
: 657220K->2341K(737280K), 0.0079060 secs] 1650016K->995138K(1761280K), 0.0080570 secs] [Times: user=0.05 sys=0.00, real=0.01 secs] 
620.845: [GC620.845: [ParNew
Desired survivor size 41943040 bytes, new threshold 6 (max 6)
- age   1:    1580144 bytes,    1580144 total
- age   2:       1136 bytes,    1581280 total
- age   3:       1248 bytes,    1582528 total
- age   4:       7664 bytes,    1590192 total
- age   5:       5808 bytes,    1596000 total
- age   6:       4560 bytes,    1600560 total
: 657701K->2378K(737280K), 0.0067670 secs] 1650498K->995176K(1761280K), 0.0069360 secs] [Times: user=0.04 sys=0.00, real=0.01 secs] 
621.110: [GC621.110: [ParNew
Desired survivor size 41943040 bytes, new threshold 6 (max 6)
- age   1:     412256 bytes,     412256 total
- age   2:       8216 bytes,     420472 total
- age   3:        872 bytes,     421344 total
- age   4:       1056 bytes,     422400 total
- age   5:       7592 bytes,     429992 total
- age   6:       5736 bytes,     435728 total
: 657738K->1604K(737280K), 0.0067640 secs] 1650536K->994407K(1761280K), 0.0069160 secs] [Times: user=0.04 sys=0.00, real=0.00 secs] 
621.352: [GC621.352: [ParNew
Desired survivor size 41943040 bytes, new threshold 6 (max 6)
- age   1:     271568 bytes,     271568 total
- age   2:       7856 bytes,     279424 total
- age   3:       8120 bytes,     287544 total
- age   4:        800 bytes,     288344 total
- age   5:        888 bytes,     289232 total
- age   6:       7496 bytes,     296728 total
: 656964K->634K(737280K), 0.0060720 secs] 1649767K->993443K(1761280K), 0.0062280 secs] [Times: user=0.04 sys=0.00, real=0.00 secs] 
621.602: [GC621.602: [ParNew
Desired survivor size 41943040 bytes, new threshold 6 (max 6)
- age   1:    1372680 bytes,    1372680 total
- age   2:       8216 bytes,    1380896 total
- age   3:       7784 bytes,    1388680 total
- age   4:       8024 bytes,    1396704 total
- age   5:        680 bytes,    1397384 total
- age   6:        792 bytes,    1398176 total
: 655994K->1472K(737280K), 0.0068110 secs] 1648803K->994288K(1761280K), 0.0069760 secs] [Times: user=0.04 sys=0.00, real=0.00 secs] 
621.845: [GC621.845: [ParNew
Desired survivor size 41943040 bytes, new threshold 6 (max 6)
- age   1:     392616 bytes,     392616 total
- age   2:       1704 bytes,     394320 total
- age   3:       8168 bytes,     402488 total
- age   4:       7664 bytes,     410152 total
- age   5:       8024 bytes,     418176 total
- age   6:        680 bytes,     418856 total
: 656832K->1083K(737280K), 0.0059780 secs] 1649648K->993900K(1761280K), 0.0061080 secs] [Times: user=0.04 sys=0.00, real=0.01 secs] 
622.100: [GC622.100: [ParNew
Desired survivor size 41943040 bytes, new threshold 6 (max 6)
- age   1:     710272 bytes,     710272 total
- age   2:       3808 bytes,     714080 total
- age   3:       1656 bytes,     715736 total
- age   4:       8000 bytes,     723736 total
- age   5:       7568 bytes,     731304 total
- age   6:       7880 bytes,     739184 total
: 656443K->932K(737280K), 0.0060820 secs] 1649260K->993750K(1761280K), 0.0062010 secs] [Times: user=0.04 sys=0.00, real=0.01 secs] 
622.320: [GC622.320: [ParNew
Desired survivor size 41943040 bytes, new threshold 6 (max 6)
- age   1:    1460136 bytes,    1460136 total
- age   2:       1184 bytes,    1461320 total
- age   3:       3560 bytes,    1464880 total
- age   4:       1488 bytes,    1466368 total
- age   5:       7904 bytes,    1474272 total
- age   6:       7568 bytes,    1481840 total
: 656292K->1666K(737280K), 0.0069780 secs] 1649110K->994492K(1761280K), 0.0071780 secs] [Times: user=0.04 sys=0.00, real=0.01 secs] 
622.546: [GC622.546: [ParNew
Desired survivor size 41943040 bytes, new threshold 6 (max 6)
- age   1:    1284328 bytes,    1284328 total
- age   2:       8976 bytes,    1293304 total
- age   3:        992 bytes,    1294296 total
- age   4:       3392 bytes,    1297688 total
- age   5:       1368 bytes,    1299056 total
- age   6:       7784 bytes,    1306840 total
: 657026K->1866K(737280K), 0.0069740 secs] 1649852K->994700K(1761280K), 0.0071470 secs] [Times: user=0.05 sys=0.00, real=0.01 secs] 
622.769: [GC622.769: [ParNew
Desired survivor size 41943040 bytes, new threshold 6 (max 6)
- age   1:     473368 bytes,     473368 total
- age   2:      11536 bytes,     484904 total
- age   3:       8976 bytes,     493880 total
- age   4:        992 bytes,     494872 total
- age   5:       3392 bytes,     498264 total
- age   6:       1368 bytes,     499632 total
: 657226K->1268K(737280K), 0.0063240 secs] 1650060K->994110K(1761280K), 0.0064950 secs] [Times: user=0.04 sys=0.01, real=0.01 secs] 
623.000: [GC623.000: [ParNew
Desired survivor size 41943040 bytes, new threshold 6 (max 6)
- age   1:     824336 bytes,     824336 total
- age   2:       8544 bytes,     832880 total
- age   3:      11464 bytes,     844344 total
- age   4:       8928 bytes,     853272 total
- age   5:        728 bytes,     854000 total
- age   6:       3272 bytes,     857272 total
: 656628K->1097K(737280K), 0.0063620 secs] 1649470K->993941K(1761280K), 0.0065160 secs] [Times: user=0.04 sys=0.00, real=0.01 secs] 
623.259: [GC623.259: [ParNew
Desired survivor size 41943040 bytes, new threshold 6 (max 6)
- age   1:    1770760 bytes,    1770760 total
- age   2:        912 bytes,    1771672 total
- age   3:       8544 bytes,    1780216 total
- age   4:      11464 bytes,    1791680 total
- age   5:       8928 bytes,    1800608 total
- age   6:        728 bytes,    1801336 total
: 656457K->2120K(737280K), 0.0074350 secs] 1649301K->994968K(1761280K), 0.0075990 secs] [Times: user=0.05 sys=0.00, real=0.01 secs] 
623.481: [GC623.481: [ParNew
Desired survivor size 41943040 bytes, new threshold 6 (max 6)
- age   1:    2059816 bytes,    2059816 total
- age   2:       4576 bytes,    2064392 total
- age   3:        912 bytes,    2065304 total
- age   4:       8544 bytes,    2073848 total
- age   5:      11440 bytes,    2085288 total
- age   6:       8928 bytes,    2094216 total
: 657480K->2819K(737280K), 0.0071910 secs] 1650328K->995668K(1761280K), 0.0073470 secs] [Times: user=0.05 sys=0.00, real=0.00 secs] 
623.705: [GC623.705: [ParNew
Desired survivor size 41943040 bytes, new threshold 6 (max 6)
- age   1:    2119568 bytes,    2119568 total
- age   2:     183576 bytes,    2303144 total
- age   3:       4336 bytes,    2307480 total
- age   4:        768 bytes,    2308248 total
- age   5:       8280 bytes,    2316528 total
- age   6:      11224 bytes,    2327752 total
: 658179K->3342K(737280K), 0.0076350 secs] 1651028K->996199K(1761280K), 0.0077660 secs] [Times: user=0.05 sys=0.00, real=0.01 secs] 
623.955: [GC623.955: [ParNew
Desired survivor size 41943040 bytes, new threshold 6 (max 6)
- age   1:    1209744 bytes,    1209744 total
- age   2:       6992 bytes,    1216736 total
- age   3:       1040 bytes,    1217776 total
- age   4:       4192 bytes,    1221968 total
- age   5:        672 bytes,    1222640 total
- age   6:       8256 bytes,    1230896 total
: 658702K->2455K(737280K), 0.0074600 secs] 1651559K->995324K(1761280K), 0.0075970 secs] [Times: user=0.03 sys=0.00, real=0.01 secs] 
624.194: [GC624.194: [ParNew
Desired survivor size 41943040 bytes, new threshold 6 (max 6)
- age   1:    1176720 bytes,    1176720 total
- age   2:       1272 bytes,    1177992 total
- age   3:       6800 bytes,    1184792 total
- age   4:        848 bytes,    1185640 total
- age   5:       4000 bytes,    1189640 total
- age   6:        576 bytes,    1190216 total
: 657815K->1743K(737280K), 0.0062780 secs] 1650684K->994620K(1761280K), 0.0064500 secs] [Times: user=0.04 sys=0.00, real=0.00 secs] 
624.447: [GC624.448: [ParNew
Desired survivor size 41943040 bytes, new threshold 6 (max 6)
- age   1:     513472 bytes,     513472 total
- age   2:       4344 bytes,     517816 total
- age   3:       1272 bytes,     519088 total
- age   4:       6800 bytes,     525888 total
- age   5:        848 bytes,     526736 total
- age   6:       4000 bytes,     530736 total
: 657103K->1260K(737280K), 0.0063590 secs] 1649980K->994138K(1761280K), 0.0065360 secs] [Times: user=0.04 sys=0.00, real=0.01 secs] 
624.696: [GC624.696: [ParNew
Desired survivor size 41943040 bytes, new threshold 6 (max 6)
- age   1:    1823928 bytes,    1823928 total
- age   2:     125712 bytes,    1949640 total
- age   3:       4344 bytes,    1953984 total
- age   4:       1272 bytes,    1955256 total
- age   5:       6800 bytes,    1962056 total
- age   6:        824 bytes,    1962880 total
: 656620K->2254K(737280K), 0.0072040 secs] 1649498K->995136K(1761280K), 0.0074420 secs] [Times: user=0.05 sys=0.00, real=0.01 secs] 
624.941: [GC624.941: [ParNew
Desired survivor size 41943040 bytes, new threshold 6 (max 6)
- age   1:     812824 bytes,     812824 total
- age   2:     121384 bytes,     934208 total
- age   3:     125592 bytes,    1059800 total
- age   4:       4248 bytes,    1064048 total
- age   5:       1248 bytes,    1065296 total
- age   6:       6768 bytes,    1072064 total
: 657614K->1945K(737280K), 0.0063810 secs] 1650496K->994828K(1761280K), 0.0065330 secs] [Times: user=0.03 sys=0.01, real=0.00 secs] 
625.200: [CMS-concurrent-mark: 6.496/6.796 secs] [Times: user=50.82 sys=0.95, real=6.79 secs] 
625.201: [CMS-concurrent-preclean-start]
625.204: [GC625.204: [ParNew
Desired survivor size 41943040 bytes, new threshold 6 (max 6)
- age   1:    1872928 bytes,    1872928 total
- age   2:     376920 bytes,    2249848 total
- age   3:     121216 bytes,    2371064 total
- age   4:     119104 bytes,    2490168 total
- age   5:       4008 bytes,    2494176 total
- age   6:       1008 bytes,    2495184 total
: 657305K->2833K(737280K), 0.0073170 secs] 1650188K->995723K(1761280K), 0.0074800 secs] [Times: user=0.05 sys=0.00, real=0.01 secs] 
625.224: [CMS-concurrent-preclean: 0.013/0.024 secs] [Times: user=0.15 sys=0.01, real=0.03 secs] 
625.224: [CMS-concurrent-abortable-preclean-start]
625.345: [CMS-concurrent-abortable-preclean: 0.121/0.121 secs] [Times: user=0.91 sys=0.02, real=0.12 secs] 
625.347: [GC[YG occupancy: 400605 K (737280 K)]625.347: [Rescan (parallel) , 0.0832700 secs]625.430: [weak refs processing, 0.0000530 secs]625.430: [scrub string table, 0.0010020 secs] [1 CMS-remark: 992890K(1024000K)] 1393495K(1761280K), 0.0844610 secs] [Times: user=0.63 sys=0.00, real=0.09 secs] 
625.432: [CMS-concurrent-sweep-start]
625.530: [GC625.530: [ParNew
Desired survivor size 41943040 bytes, new threshold 6 (max 6)
- age   1:    1511752 bytes,    1511752 total
- age   2:      53616 bytes,    1565368 total
- age   3:      35888 bytes,    1601256 total
- age   4:     121048 bytes,    1722304 total
- age   5:     119104 bytes,    1841408 total
- age   6:       4008 bytes,    1845416 total
: 658193K->2528K(737280K), 0.0068960 secs] 1651081K->995418K(1761280K), 0.0071360 secs] [Times: user=0.05 sys=0.00, real=0.01 secs] 
625.789: [GC625.789: [ParNew
Desired survivor size 41943040 bytes, new threshold 6 (max 6)
- age   1:    1343784 bytes,    1343784 total
- age   2:      25912 bytes,    1369696 total
- age   3:      53280 bytes,    1422976 total
- age   4:      35792 bytes,    1458768 total
- age   5:     120952 bytes,    1579720 total
- age   6:     118960 bytes,    1698680 total
: 657888K->2553K(737280K), 0.0074360 secs] 1650777K->995446K(1761280K), 0.0075980 secs] [Times: user=0.04 sys=0.00, real=0.01 secs] 
626.059: [GC626.059: [ParNew
Desired survivor size 41943040 bytes, new threshold 6 (max 6)
- age   1:    1043872 bytes,    1043872 total
- age   2:      16576 bytes,    1060448 total
- age   3:      25840 bytes,    1086288 total
- age   4:      53256 bytes,    1139544 total
- age   5:      35768 bytes,    1175312 total
- age   6:     117952 bytes,    1293264 total
: 657913K->2135K(737280K), 0.0071290 secs] 1650806K->995145K(1761280K), 0.0073160 secs] [Times: user=0.04 sys=0.00, real=0.01 secs] 
626.315: [GC626.315: [ParNew
Desired survivor size 41943040 bytes, new threshold 6 (max 6)
- age   1:    3057504 bytes,    3057504 total
- age   2:      10960 bytes,    3068464 total
- age   3:      16456 bytes,    3084920 total
- age   4:      25840 bytes,    3110760 total
- age   5:      53256 bytes,    3164016 total
- age   6:      35768 bytes,    3199784 total
: 657495K->3490K(737280K), 0.0086940 secs] 1650505K->996615K(1761280K), 0.0088520 secs] [Times: user=0.05 sys=0.01, real=0.01 secs] 
626.419: [CMS-concurrent-sweep: 0.950/0.987 secs] [Times: user=7.34 sys=0.15, real=0.98 secs] 
626.419: [CMS-concurrent-reset-start]
626.478: [CMS-concurrent-reset: 0.059/0.059 secs] [Times: user=0.46 sys=0.01, real=0.06 secs] 
626.552: [GC626.552: [ParNew
Desired survivor size 41943040 bytes, new threshold 6 (max 6)
- age   1:    1002392 bytes,    1002392 total
- age   2:       6328 bytes,    1008720 total
- age   3:       7128 bytes,    1015848 total
- age   4:      16264 bytes,    1032112 total
- age   5:      25648 bytes,    1057760 total
- age   6:      53160 bytes,    1110920 total
: 658850K->2568K(737280K), 0.0065660 secs] 1651919K->995672K(1761280K), 0.0067540 secs] [Times: user=0.04 sys=0.00, real=0.00 secs] 
626.560: [GC [1 CMS-initial-mark: 993104K(1024000K)] 1000271K(1761280K), 0.0071520 secs] [Times: user=0.01 sys=0.00, real=0.01 secs] 
626.568: [CMS-concurrent-mark-start]
626.821: [GC626.821: [ParNew
Desired survivor size 41943040 bytes, new threshold 6 (max 6)
- age   1:     644624 bytes,     644624 total
- age   2:      39576 bytes,     684200 total
- age   3:       6232 bytes,     690432 total
- age   4:       7056 bytes,     697488 total
- age   5:      13216 bytes,     710704 total
- age   6:      25648 bytes,     736352 total
: 657928K->1180K(737280K), 0.0065750 secs] 1651032K->994334K(1761280K), 0.0067550 secs] [Times: user=0.05 sys=0.00, real=0.00 secs] 
627.077: [GC627.077: [ParNew
Desired survivor size 41943040 bytes, new threshold 6 (max 6)
- age   1:    1409392 bytes,    1409392 total
- age   2:      27464 bytes,    1436856 total
- age   3:      39576 bytes,    1476432 total
- age   4:       6232 bytes,    1482664 total
- age   5:       7032 bytes,    1489696 total
- age   6:      13216 bytes,    1502912 total
: 656540K->1803K(737280K), 0.0068600 secs] 1649694K->994983K(1761280K), 0.0069970 secs] [Times: user=0.04 sys=0.00, real=0.01 secs] 
627.314: [GC627.314: [ParNew
Desired survivor size 41943040 bytes, new threshold 6 (max 6)
- age   1:    1963976 bytes,    1963976 total
- age   2:     239320 bytes,    2203296 total
- age   3:      27008 bytes,    2230304 total
- age   4:      39024 bytes,    2269328 total
- age   5:       5824 bytes,    2275152 total
- age   6:       6960 bytes,    2282112 total
: 657163K->2765K(737280K), 0.0073210 secs] 1650343K->995957K(1761280K), 0.0074790 secs] [Times: user=0.05 sys=0.00, real=0.01 secs] 
627.567: [GC627.567: [ParNew
Desired survivor size 41943040 bytes, new threshold 6 (max 6)
- age   1:     797432 bytes,     797432 total
- age   2:      11456 bytes,     808888 total
- age   3:       4176 bytes,     813064 total
- age   4:      26864 bytes,     839928 total
- age   5:      38760 bytes,     878688 total
- age   6:       5656 bytes,     884344 total
: 658125K->1996K(737280K), 0.0064490 secs] 1651317K->995195K(1761280K), 0.0066360 secs] [Times: user=0.04 sys=0.00, real=0.01 secs] 
627.804: [GC627.804: [ParNew
Desired survivor size 41943040 bytes, new threshold 6 (max 6)
- age   1:    1157448 bytes,    1157448 total
- age   2:       8976 bytes,    1166424 total
- age   3:      11456 bytes,    1177880 total
- age   4:       4176 bytes,    1182056 total
- age   5:      26864 bytes,    1208920 total
- age   6:      38760 bytes,    1247680 total
: 657356K->1749K(737280K), 0.0065370 secs] 1650555K->994953K(1761280K), 0.0067410 secs] [Times: user=0.04 sys=0.00, real=0.01 secs] 
628.060: [GC628.060: [ParNew
Desired survivor size 41943040 bytes, new threshold 6 (max 6)
- age   1:    1550704 bytes,    1550704 total
- age   2:       4136 bytes,    1554840 total
- age   3:       8760 bytes,    1563600 total
- age   4:      11304 bytes,    1574904 total
- age   5:       4008 bytes,    1578912 total
- age   6:      26696 bytes,    1605608 total
: 657109K->1959K(737280K), 0.0069680 secs] 1650313K->995202K(1761280K), 0.0071180 secs] [Times: user=0.05 sys=0.00, real=0.01 secs] 
628.299: [GC628.299: [ParNew
Desired survivor size 41943040 bytes, new threshold 6 (max 6)
- age   1:    2267792 bytes,    2267792 total
- age   2:     354888 bytes,    2622680 total
- age   3:       4136 bytes,    2626816 total
- age   4:       8760 bytes,    2635576 total
- age   5:      11304 bytes,    2646880 total
- age   6:       4008 bytes,    2650888 total
: 657319K->3093K(737280K), 0.0092310 secs] 1650562K->996363K(1761280K), 0.0093930 secs] [Times: user=0.05 sys=0.00, real=0.01 secs] 
628.540: [GC628.540: [ParNew
Desired survivor size 41943040 bytes, new threshold 6 (max 6)
- age   1:     802992 bytes,     802992 total
- age   2:        488 bytes,     803480 total
- age   3:       8528 bytes,     812008 total
- age   4:       4112 bytes,     816120 total
- age   5:       8520 bytes,     824640 total
- age   6:      11304 bytes,     835944 total
: 658453K->2305K(737280K), 0.0063230 secs] 1651723K->995578K(1761280K), 0.0065070 secs] [Times: user=0.04 sys=0.00, real=0.01 secs] 
628.785: [GC628.786: [ParNew
Desired survivor size 41943040 bytes, new threshold 6 (max 6)
- age   1:    1012080 bytes,    1012080 total
- age   2:       1688 bytes,    1013768 total
- age   3:        224 bytes,    1013992 total
- age   4:       8256 bytes,    1022248 total
- age   5:       3992 bytes,    1026240 total
- age   6:       8352 bytes,    1034592 total
: 657665K->1463K(737280K), 0.0067100 secs] 1650938K->994747K(1761280K), 0.0068330 secs] [Times: user=0.04 sys=0.00, real=0.01 secs] 
629.037: [GC629.037: [ParNew
Desired survivor size 41943040 bytes, new threshold 6 (max 6)
- age   1:    2985752 bytes,    2985752 total
- age   2:      10712 bytes,    2996464 total
- age   3:       1280 bytes,    2997744 total
- age   4:         80 bytes,    2997824 total
- age   5:       8040 bytes,    3005864 total
- age   6:       3992 bytes,    3009856 total
: 656823K->3454K(737280K), 0.0081890 secs] 1650107K->996748K(1761280K), 0.0083470 secs] [Times: user=0.05 sys=0.00, real=0.01 secs] 
629.284: [GC629.284: [ParNew
Desired survivor size 41943040 bytes, new threshold 6 (max 6)
- age   1:    1458752 bytes,    1458752 total
- age   2:       8552 bytes,    1467304 total
- age   3:      10712 bytes,    1478016 total
- age   4:       1280 bytes,    1479296 total
- age   5:         80 bytes,    1479376 total
- age   6:       8040 bytes,    1487416 total
: 658814K->2747K(737280K), 0.0066980 secs] 1652108K->996045K(1761280K), 0.0068820 secs] [Times: user=0.05 sys=0.00, real=0.00 secs] 
629.529: [GC629.529: [ParNew
Desired survivor size 41943040 bytes, new threshold 6 (max 6)
- age   1:    1347448 bytes,    1347448 total
- age   2:       3872 bytes,    1351320 total
- age   3:       8288 bytes,    1359608 total
- age   4:      10544 bytes,    1370152 total
- age   5:       1232 bytes,    1371384 total
- age   6:         80 bytes,    1371464 total
: 658107K->2021K(737280K), 0.0065690 secs] 1651405K->995327K(1761280K), 0.0067430 secs] [Times: user=0.04 sys=0.00, real=0.01 secs] 
629.753: [GC629.753: [ParNew
Desired survivor size 41943040 bytes, new threshold 6 (max 6)
- age   1:    1476200 bytes,    1476200 total
- age   2:       2136 bytes,    1478336 total
- age   3:       3872 bytes,    1482208 total
- age   4:       8288 bytes,    1490496 total
- age   5:      10544 bytes,    1501040 total
- age   6:       1232 bytes,    1502272 total
: 657381K->2101K(737280K), 0.0066950 secs] 1650687K->995407K(1761280K), 0.0068500 secs] [Times: user=0.04 sys=0.00, real=0.00 secs] 
629.997: [GC629.997: [ParNew
Desired survivor size 41943040 bytes, new threshold 6 (max 6)
- age   1:    3030832 bytes,    3030832 total
- age   2:       2352 bytes,    3033184 total
- age   3:       2104 bytes,    3035288 total
- age   4:       3872 bytes,    3039160 total
- age   5:       8264 bytes,    3047424 total
- age   6:      10544 bytes,    3057968 total
: 657461K->3914K(737280K), 0.0082120 secs] 1650767K->997222K(1761280K), 0.0083490 secs] [Times: user=0.06 sys=0.00, real=0.01 secs] 
630.224: [GC630.224: [ParNew
Desired survivor size 41943040 bytes, new threshold 6 (max 6)
- age   1:     591328 bytes,     591328 total
- age   2:       1072 bytes,     592400 total
- age   3:       2280 bytes,     594680 total
- age   4:       2080 bytes,     596760 total
- age   5:       3872 bytes,     600632 total
- age   6:       8264 bytes,     608896 total
: 659274K->2595K(737280K), 0.0067230 secs] 1652582K->995913K(1761280K), 0.0068440 secs] [Times: user=0.03 sys=0.01, real=0.00 secs] 
630.493: [GC630.493: [ParNew
Desired survivor size 41943040 bytes, new threshold 6 (max 6)
- age   1:     692680 bytes,     692680 total
- age   2:       4096 bytes,     696776 total
- age   3:        952 bytes,     697728 total
- age   4:       2232 bytes,     699960 total
- age   5:       2032 bytes,     701992 total
- age   6:       3824 bytes,     705816 total
: 657955K->1096K(737280K), 0.0062310 secs] 1651273K->994422K(1761280K), 0.0063880 secs] [Times: user=0.04 sys=0.01, real=0.00 secs] 
630.730: [GC630.730: [ParNew
Desired survivor size 41943040 bytes, new threshold 6 (max 6)
- age   1:    1367888 bytes,    1367888 total
- age   2:       5440 bytes,    1373328 total
- age   3:       3904 bytes,    1377232 total
- age   4:        832 bytes,    1378064 total
- age   5:       2160 bytes,    1380224 total
- age   6:       1840 bytes,    1382064 total
: 656456K->1701K(737280K), 0.0069820 secs] 1649782K->995031K(1761280K), 0.0071270 secs] [Times: user=0.05 sys=0.00, real=0.01 secs] 
630.975: [GC630.975: [ParNew
Desired survivor size 41943040 bytes, new threshold 6 (max 6)
- age   1:    1042784 bytes,    1042784 total
- age   2:       1416 bytes,    1044200 total
- age   3:       4808 bytes,    1049008 total
- age   4:       3472 bytes,    1052480 total
- age   5:        184 bytes,    1052664 total
- age   6:       1680 bytes,    1054344 total
: 657061K->1787K(737280K), 0.0064390 secs] 1650391K->995118K(1761280K), 0.0065830 secs] [Times: user=0.04 sys=0.00, real=0.01 secs] 
631.202: [GC631.203: [ParNew
Desired survivor size 41943040 bytes, new threshold 6 (max 6)
- age   1:    1715728 bytes,    1715728 total
- age   2:      16752 bytes,    1732480 total
- age   3:       1416 bytes,    1733896 total
- age   4:       4808 bytes,    1738704 total
- age   5:       3472 bytes,    1742176 total
- age   6:        184 bytes,    1742360 total
: 657147K->2052K(737280K), 0.0070410 secs] 1650478K->995386K(1761280K), 0.0072120 secs] [Times: user=0.05 sys=0.00, real=0.00 secs] 
631.433: [GC631.434: [ParNew
Desired survivor size 41943040 bytes, new threshold 6 (max 6)
- age   1:    1132016 bytes,    1132016 total
- age   2:       4176 bytes,    1136192 total
- age   3:      16536 bytes,    1152728 total
- age   4:       1176 bytes,    1153904 total
- age   5:       4688 bytes,    1158592 total
- age   6:       3352 bytes,    1161944 total
: 657412K->2170K(737280K), 0.0067440 secs] 1650746K->995505K(1761280K), 0.0068910 secs] [Times: user=0.05 sys=0.00, real=0.00 secs] 
631.675: [GC631.675: [ParNew
Desired survivor size 41943040 bytes, new threshold 6 (max 6)
- age   1:     979112 bytes,     979112 total
- age   2:       2312 bytes,     981424 total
- age   3:       4176 bytes,     985600 total
- age   4:      16536 bytes,    1002136 total
- age   5:       1152 bytes,    1003288 total
- age   6:       4688 bytes,    1007976 total
: 657530K->1377K(737280K), 0.0062510 secs] 1650865K->994715K(1761280K), 0.0064310 secs] [Times: user=0.04 sys=0.00, real=0.01 secs] 
631.904: [GC631.904: [ParNew
Desired survivor size 41943040 bytes, new threshold 6 (max 6)
- age   1:     942040 bytes,     942040 total
- age   2:       1424 bytes,     943464 total
- age   3:       2312 bytes,     945776 total
- age   4:       4176 bytes,     949952 total
- age   5:      16536 bytes,     966488 total
- age   6:       1152 bytes,     967640 total
: 656737K->1402K(737280K), 0.0071680 secs] 1650075K->994745K(1761280K), 0.0073320 secs] [Times: user=0.04 sys=0.00, real=0.00 secs] 
632.131: [GC632.131: [ParNew
Desired survivor size 41943040 bytes, new threshold 6 (max 6)
- age   1:    2165832 bytes,    2165832 total
- age   2:       1264 bytes,    2167096 total
- age   3:       1208 bytes,    2168304 total
- age   4:       2120 bytes,    2170424 total
- age   5:       3888 bytes,    2174312 total
- age   6:      16344 bytes,    2190656 total
: 656762K->2709K(737280K), 0.0075200 secs] 1650105K->996053K(1761280K), 0.0076550 secs] [Times: user=0.05 sys=0.00, real=0.01 secs] 
632.369: [GC632.369: [ParNew
Desired survivor size 41943040 bytes, new threshold 6 (max 6)
- age   1:    3434384 bytes,    3434384 total
- age   2:       4960 bytes,    3439344 total
- age   3:       1144 bytes,    3440488 total
- age   4:       1208 bytes,    3441696 total
- age   5:       2120 bytes,    3443816 total
- age   6:       3856 bytes,    3447672 total
: 658069K->4600K(737280K), 0.0103360 secs] 1651413K->997960K(1761280K), 0.0105150 secs] [Times: user=0.07 sys=0.00, real=0.01 secs] 
632.604: [GC632.604: [ParNew
Desired survivor size 41943040 bytes, new threshold 6 (max 6)
- age   1:    1198008 bytes,    1198008 total
- age   2:       4192 bytes,    1202200 total
- age   3:       4864 bytes,    1207064 total
- age   4:       1000 bytes,    1208064 total
- age   5:       1184 bytes,    1209248 total
- age   6:       2120 bytes,    1211368 total
: 659960K->2985K(737280K), 0.0066660 secs] 1653320K->996349K(1761280K), 0.0068150 secs] [Times: user=0.04 sys=0.00, real=0.00 secs] 
632.847: [GC632.847: [ParNew
Desired survivor size 41943040 bytes, new threshold 6 (max 6)
- age   1:    2937024 bytes,    2937024 total
- age   2:      12376 bytes,    2949400 total
- age   3:       4144 bytes,    2953544 total
- age   4:       4840 bytes,    2958384 total
- age   5:       1000 bytes,    2959384 total
- age   6:       1184 bytes,    2960568 total
: 658345K->3386K(737280K), 0.0077920 secs] 1651709K->996753K(1761280K), 0.0079750 secs] [Times: user=0.05 sys=0.00, real=0.01 secs] 
633.077: [GC633.077: [ParNew
Desired survivor size 41943040 bytes, new threshold 6 (max 6)
- age   1:     993232 bytes,     993232 total
- age   2:      39832 bytes,    1033064 total
- age   3:      12256 bytes,    1045320 total
- age   4:       4072 bytes,    1049392 total
- age   5:       4696 bytes,    1054088 total
- age   6:        928 bytes,    1055016 total
: 658746K->2428K(737280K), 0.0064670 secs] 1652113K->995797K(1761280K), 0.0065940 secs] [Times: user=0.03 sys=0.00, real=0.01 secs] 
633.300: [GC633.300: [ParNew
Desired survivor size 41943040 bytes, new threshold 6 (max 6)
- age   1:     788080 bytes,     788080 total
- age   2:       9408 bytes,     797488 total
- age   3:      39664 bytes,     837152 total
- age   4:      12088 bytes,     849240 total
- age   5:       3952 bytes,     853192 total
- age   6:       4504 bytes,     857696 total
: 657788K->1366K(737280K), 0.0065930 secs] 1651157K->994735K(1761280K), 0.0067220 secs] [Times: user=0.04 sys=0.00, real=0.01 secs] 
633.534: [GC633.534: [ParNew
Desired survivor size 41943040 bytes, new threshold 6 (max 6)
- age   1:    1840368 bytes,    1840368 total
- age   2:        760 bytes,    1841128 total
- age   3:       9264 bytes,    1850392 total
- age   4:      39616 bytes,    1890008 total
- age   5:      11968 bytes,    1901976 total
- age   6:       3808 bytes,    1905784 total
: 656726K->2410K(737280K), 0.0070850 secs] 1650095K->995784K(1761280K), 0.0072730 secs] [Times: user=0.05 sys=0.00, real=0.00 secs] 
633.769: [GC633.769: [ParNew
Desired survivor size 41943040 bytes, new threshold 6 (max 6)
- age   1:    1141504 bytes,    1141504 total
- age   2:      10128 bytes,    1151632 total
- age   3:        760 bytes,    1152392 total
- age   4:       9264 bytes,    1161656 total
- age   5:      39616 bytes,    1201272 total
- age   6:      11968 bytes,    1213240 total
: 657770K->2018K(737280K), 0.0067200 secs] 1651144K->995396K(1761280K), 0.0068940 secs] [Times: user=0.04 sys=0.00, real=0.01 secs] 
633.998: [GC633.998: [ParNew
Desired survivor size 41943040 bytes, new threshold 6 (max 6)
- age   1:    1881088 bytes,    1881088 total
- age   2:       5176 bytes,    1886264 total
- age   3:      10104 bytes,    1896368 total
- age   4:        760 bytes,    1897128 total
- age   5:       9072 bytes,    1906200 total
- age   6:      39616 bytes,    1945816 total
: 657378K->2332K(737280K), 0.0075540 secs] 1650756K->995721K(1761280K), 0.0076960 secs] [Times: user=0.06 sys=0.00, real=0.01 secs] 
634.245: [GC634.245: [ParNew
Desired survivor size 41943040 bytes, new threshold 6 (max 6)
- age   1:    2104840 bytes,    2104840 total
- age   2:       1392 bytes,    2106232 total
- age   3:       5176 bytes,    2111408 total
- age   4:      10104 bytes,    2121512 total
- age   5:        760 bytes,    2122272 total
- age   6:       9072 bytes,    2131344 total
: 657692K->2660K(737280K), 0.0074730 secs] 1651081K->996088K(1761280K), 0.0076840 secs] [Times: user=0.06 sys=0.00, real=0.01 secs] 
634.481: [GC634.481: [ParNew
Desired survivor size 41943040 bytes, new threshold 6 (max 6)
- age   1:    1061632 bytes,    1061632 total
- age   2:        792 bytes,    1062424 total
- age   3:       1128 bytes,    1063552 total
- age   4:       4720 bytes,    1068272 total
- age   5:       9792 bytes,    1078064 total
- age   6:        568 bytes,    1078632 total
: 658020K->1970K(737280K), 0.0065390 secs] 1651448K->995407K(1761280K), 0.0066850 secs] [Times: user=0.04 sys=0.00, real=0.01 secs] 
634.707: [GC634.707: [ParNew
Desired survivor size 41943040 bytes, new threshold 6 (max 6)
- age   1:    1128600 bytes,    1128600 total
- age   2:       4536 bytes,    1133136 total
- age   3:        696 bytes,    1133832 total
- age   4:       1080 bytes,    1134912 total
- age   5:       4648 bytes,    1139560 total
- age   6:       9744 bytes,    1149304 total
: 657330K->1553K(737280K), 0.0065410 secs] 1650767K->994991K(1761280K), 0.0066890 secs] [Times: user=0.04 sys=0.00, real=0.01 secs] 
634.943: [GC634.943: [ParNew
Desired survivor size 41943040 bytes, new threshold 6 (max 6)
- age   1:     721752 bytes,     721752 total
- age   2:      13128 bytes,     734880 total
- age   3:       4392 bytes,     739272 total
- age   4:        672 bytes,     739944 total
- age   5:       1008 bytes,     740952 total
- age   6:       4576 bytes,     745528 total
: 656913K->1196K(737280K), 0.0064000 secs] 1650351K->994645K(1761280K), 0.0065280 secs] [Times: user=0.04 sys=0.00, real=0.00 secs] 
635.118: [CMS-concurrent-mark: 8.177/8.550 secs] [Times: user=63.53 sys=1.30, real=8.55 secs] 
635.118: [CMS-concurrent-preclean-start]
635.137: [CMS-concurrent-preclean: 0.017/0.018 secs] [Times: user=0.14 sys=0.00, real=0.02 secs] 
635.137: [CMS-concurrent-abortable-preclean-start]
635.174: [GC635.174: [ParNew
Desired survivor size 41943040 bytes, new threshold 6 (max 6)
- age   1:    2018536 bytes,    2018536 total
- age   2:      17016 bytes,    2035552 total
- age   3:      12984 bytes,    2048536 total
- age   4:       4296 bytes,    2052832 total
- age   5:        552 bytes,    2053384 total
- age   6:        888 bytes,    2054272 total
: 656556K->2436K(737280K), 0.0078740 secs] 1650005K->995888K(1761280K), 0.0080410 secs] [Times: user=0.04 sys=0.00, real=0.00 secs] 
635.316: [CMS-concurrent-abortable-preclean: 0.168/0.179 secs] [Times: user=1.32 sys=0.03, real=0.18 secs] 
635.355: [GC[YG occupancy: 497776 K (737280 K)]635.355: [Rescan (parallel) , 0.1058820 secs]635.461: [weak refs processing, 0.0000320 secs]635.461: [scrub string table, 0.0010020 secs] [1 CMS-remark: 993452K(1024000K)] 1491229K(1761280K), 0.1071100 secs] [Times: user=0.81 sys=0.00, real=0.10 secs] 
635.463: [CMS-concurrent-sweep-start]
635.525: [GC635.525: [ParNew
Desired survivor size 41943040 bytes, new threshold 6 (max 6)
- age   1:     644320 bytes,     644320 total
- age   2:      11536 bytes,     655856 total
- age   3:      17016 bytes,     672872 total
- age   4:      12984 bytes,     685856 total
- age   5:       4296 bytes,     690152 total
- age   6:        552 bytes,     690704 total
: 657796K->1707K(737280K), 0.0063810 secs] 1651247K->995160K(1761280K), 0.0065910 secs] [Times: user=0.05 sys=0.00, real=0.00 secs] 
635.763: [GC635.763: [ParNew
Desired survivor size 41943040 bytes, new threshold 6 (max 6)
- age   1:     117208 bytes,     117208 total
- age   2:       4504 bytes,     121712 total
- age   3:      11464 bytes,     133176 total
- age   4:      16920 bytes,     150096 total
- age   5:      12888 bytes,     162984 total
- age   6:       4200 bytes,     167184 total
: 657067K->670K(737280K), 0.0062630 secs] 1650520K->994122K(1761280K), 0.0064110 secs] [Times: user=0.04 sys=0.00, real=0.00 secs] 
636.012: [GC636.012: [ParNew
Desired survivor size 41943040 bytes, new threshold 6 (max 6)
- age   1:    1650480 bytes,    1650480 total
- age   2:        896 bytes,    1651376 total
- age   3:       4240 bytes,    1655616 total
- age   4:      11296 bytes,    1666912 total
- age   5:      16656 bytes,    1683568 total
- age   6:      12768 bytes,    1696336 total
: 656030K->1762K(737280K), 0.0072450 secs] 1649482K->995219K(1761280K), 0.0074310 secs] [Times: user=0.06 sys=0.00, real=0.01 secs] 
636.242: [GC636.242: [ParNew
Desired survivor size 41943040 bytes, new threshold 6 (max 6)
- age   1:    1567304 bytes,    1567304 total
- age   2:       4008 bytes,    1571312 total
- age   3:        896 bytes,    1572208 total
- age   4:       4240 bytes,    1576448 total
- age   5:      11272 bytes,    1587720 total
- age   6:      16656 bytes,    1604376 total
: 657122K->2567K(737280K), 0.0066780 secs] 1650579K->996038K(1761280K), 0.0069270 secs] [Times: user=0.05 sys=0.01, real=0.01 secs] 
636.483: [GC636.483: [ParNew
Desired survivor size 41943040 bytes, new threshold 6 (max 6)
- age   1:    1061704 bytes,    1061704 total
- age   2:       1120 bytes,    1062824 total
- age   3:       3888 bytes,    1066712 total
- age   4:        872 bytes,    1067584 total
- age   5:       4168 bytes,    1071752 total
- age   6:      11224 bytes,    1082976 total
: 657927K->1683K(737280K), 0.0068750 secs] 1651398K->995170K(1761280K), 0.0070200 secs] [Times: user=0.04 sys=0.00, real=0.00 secs] 
636.739: [GC636.739: [ParNew
Desired survivor size 41943040 bytes, new threshold 6 (max 6)
- age   1:     516352 bytes,     516352 total
- age   2:       1880 bytes,     518232 total
- age   3:       1072 bytes,     519304 total
- age   4:       3792 bytes,     523096 total
- age   5:        800 bytes,     523896 total
- age   6:       4000 bytes,     527896 total
: 657043K->1167K(737280K), 0.0061740 secs] 1650452K->994587K(1761280K), 0.0063140 secs] [Times: user=0.04 sys=0.00, real=0.01 secs] 
636.748: [CMS-concurrent-sweep: 1.233/1.286 secs] [Times: user=9.58 sys=0.18, real=1.28 secs] 
636.749: [CMS-concurrent-reset-start]
636.820: [CMS-concurrent-reset: 0.071/0.071 secs] [Times: user=0.54 sys=0.00, real=0.07 secs] 
636.969: [GC636.969: [ParNew
Desired survivor size 41943040 bytes, new threshold 6 (max 6)
- age   1:    3063384 bytes,    3063384 total
- age   2:       8120 bytes,    3071504 total
- age   3:       1688 bytes,    3073192 total
- age   4:       1000 bytes,    3074192 total
- age   5:       3512 bytes,    3077704 total
- age   6:        680 bytes,    3078384 total
: 656527K->3221K(737280K), 0.0080140 secs] 1649914K->996613K(1761280K), 0.0081520 secs] [Times: user=0.06 sys=0.00, real=0.01 secs] 
636.981: [GC [1 CMS-initial-mark: 993391K(1024000K)] 1005161K(1761280K), 0.0121850 secs] [Times: user=0.01 sys=0.00, real=0.02 secs] 
636.993: [CMS-concurrent-mark-start]
637.221: [GC637.221: [ParNew
Desired survivor size 41943040 bytes, new threshold 6 (max 6)
- age   1:    1793176 bytes,    1793176 total
- age   2:       9160 bytes,    1802336 total
- age   3:       8120 bytes,    1810456 total
- age   4:       1688 bytes,    1812144 total
- age   5:        976 bytes,    1813120 total
- age   6:       3512 bytes,    1816632 total
: 658581K->2962K(737280K), 0.0069240 secs] 1651973K->996355K(1761280K), 0.0070820 secs] [Times: user=0.05 sys=0.00, real=0.01 secs] 
637.465: [GC637.465: [ParNew
Desired survivor size 41943040 bytes, new threshold 6 (max 6)
- age   1:     869344 bytes,     869344 total
- age   2:        968 bytes,     870312 total
- age   3:       8792 bytes,     879104 total
- age   4:       7832 bytes,     886936 total
- age   5:       1448 bytes,     888384 total
- age   6:        760 bytes,     889144 total
: 658322K->1414K(737280K), 0.0064740 secs] 1651715K->994810K(1761280K), 0.0066300 secs] [Times: user=0.04 sys=0.00, real=0.00 secs] 
637.717: [GC637.717: [ParNew
Desired survivor size 41943040 bytes, new threshold 6 (max 6)
- age   1:    1509296 bytes,    1509296 total
- age   2:       1224 bytes,    1510520 total
- age   3:        920 bytes,    1511440 total
- age   4:       8672 bytes,    1520112 total
- age   5:       7640 bytes,    1527752 total
- age   6:       1400 bytes,    1529152 total
: 656774K->1931K(737280K), 0.0070210 secs] 1650170K->995328K(1761280K), 0.0071630 secs] [Times: user=0.04 sys=0.00, real=0.01 secs] 
637.963: [GC637.963: [ParNew
Desired survivor size 41943040 bytes, new threshold 6 (max 6)
- age   1:    1064584 bytes,    1064584 total
- age   2:       6672 bytes,    1071256 total
- age   3:        976 bytes,    1072232 total
- age   4:        776 bytes,    1073008 total
- age   5:       8456 bytes,    1081464 total
- age   6:       7520 bytes,    1088984 total
: 657291K->1701K(737280K), 0.0068270 secs] 1650688K->995100K(1761280K), 0.0069790 secs] [Times: user=0.05 sys=0.00, real=0.00 secs] 
638.203: [GC638.203: [ParNew
Desired survivor size 41943040 bytes, new threshold 6 (max 6)
- age   1:    2452464 bytes,    2452464 total
- age   2:       1320 bytes,    2453784 total
- age   3:       6648 bytes,    2460432 total
- age   4:        976 bytes,    2461408 total
- age   5:        752 bytes,    2462160 total
- age   6:       8456 bytes,    2470616 total
: 657061K->2987K(737280K), 0.0073440 secs] 1650460K->996393K(1761280K), 0.0074930 secs] [Times: user=0.05 sys=0.00, real=0.00 secs] 
638.431: [GC638.431: [ParNew
Desired survivor size 41943040 bytes, new threshold 6 (max 6)
- age   1:    1080648 bytes,    1080648 total
- age   2:       1504 bytes,    1082152 total
- age   3:       1320 bytes,    1083472 total
- age   4:       6648 bytes,    1090120 total
- age   5:        976 bytes,    1091096 total
- age   6:        752 bytes,    1091848 total
: 658347K->2094K(737280K), 0.0071920 secs] 1651753K->995509K(1761280K), 0.0073530 secs] [Times: user=0.04 sys=0.00, real=0.01 secs] 
638.661: [GC638.661: [ParNew
Desired survivor size 41943040 bytes, new threshold 6 (max 6)
- age   1:    2295688 bytes,    2295688 total
- age   2:        376 bytes,    2296064 total
- age   3:       1312 bytes,    2297376 total
- age   4:        960 bytes,    2298336 total
- age   5:       6216 bytes,    2304552 total
- age   6:        832 bytes,    2305384 total
: 657454K->2654K(737280K), 0.0073100 secs] 1650869K->996070K(1761280K), 0.0074980 secs] [Times: user=0.05 sys=0.00, real=0.01 secs] 
638.918: [GC638.918: [ParNew
Desired survivor size 41943040 bytes, new threshold 6 (max 6)
- age   1:    1330920 bytes,    1330920 total
- age   2:       8056 bytes,    1338976 total
- age   3:        376 bytes,    1339352 total
- age   4:       1312 bytes,    1340664 total
- age   5:        960 bytes,    1341624 total
- age   6:       6216 bytes,    1347840 total
: 658014K->1919K(737280K), 0.0066690 secs] 1651430K->995336K(1761280K), 0.0068590 secs] [Times: user=0.05 sys=0.00, real=0.01 secs] 
639.149: [GC639.149: [ParNew
Desired survivor size 41943040 bytes, new threshold 6 (max 6)
- age   1:    1669984 bytes,    1669984 total
- age   2:       8848 bytes,    1678832 total
- age   3:       7984 bytes,    1686816 total
- age   4:        352 bytes,    1687168 total
- age   5:       1144 bytes,    1688312 total
- age   6:        936 bytes,    1689248 total
: 657279K->2751K(737280K), 0.0070750 secs] 1650696K->996174K(1761280K), 0.0072620 secs] [Times: user=0.04 sys=0.00, real=0.01 secs] 
639.394: [GC639.394: [ParNew
Desired survivor size 41943040 bytes, new threshold 6 (max 6)
- age   1:    1594176 bytes,    1594176 total
- age   2:       1600 bytes,    1595776 total
- age   3:       8848 bytes,    1604624 total
- age   4:       7984 bytes,    1612608 total
- age   5:        352 bytes,    1612960 total
- age   6:       1144 bytes,    1614104 total
: 658111K->2216K(737280K), 0.0072340 secs] 1651534K->995641K(1761280K), 0.0073680 secs] [Times: user=0.05 sys=0.00, real=0.00 secs] 
639.644: [GC639.644: [ParNew
Desired survivor size 41943040 bytes, new threshold 6 (max 6)
- age   1:     457632 bytes,     457632 total
- age   2:        528 bytes,     458160 total
- age   3:       1312 bytes,     459472 total
- age   4:       8440 bytes,     467912 total
- age   5:       7648 bytes,     475560 total
- age   6:        136 bytes,     475696 total
: 657576K->1428K(737280K), 0.0059970 secs] 1651001K->994854K(1761280K), 0.0061290 secs] [Times: user=0.04 sys=0.01, real=0.00 secs] 
639.884: [GC639.884: [ParNew
Desired survivor size 41943040 bytes, new threshold 6 (max 6)
- age   1:     616616 bytes,     616616 total
- age   2:      12304 bytes,     628920 total
- age   3:        432 bytes,     629352 total
- age   4:       1288 bytes,     630640 total
- age   5:       8440 bytes,     639080 total
- age   6:       7648 bytes,     646728 total
: 656788K->887K(737280K), 0.0118720 secs] 1650214K->994313K(1761280K), 0.0120540 secs] [Times: user=0.05 sys=0.00, real=0.01 secs] 
640.153: [GC640.153: [ParNew
Desired survivor size 41943040 bytes, new threshold 6 (max 6)
- age   1:    1043584 bytes,    1043584 total
- age   2:       4232 bytes,    1047816 total
- age   3:      12256 bytes,    1060072 total
- age   4:        408 bytes,    1060480 total
- age   5:       1232 bytes,    1061712 total
- age   6:       8440 bytes,    1070152 total
: 656247K->1406K(737280K), 0.0067650 secs] 1649673K->994839K(1761280K), 0.0069560 secs] [Times: user=0.05 sys=0.00, real=0.00 secs] 
640.380: [GC640.380: [ParNew
Desired survivor size 41943040 bytes, new threshold 6 (max 6)
- age   1:     810920 bytes,     810920 total
- age   2:       3856 bytes,     814776 total
- age   3:       4016 bytes,     818792 total
- age   4:      11872 bytes,     830664 total
- age   5:        216 bytes,     830880 total
- age   6:       1088 bytes,     831968 total
: 656766K->1281K(737280K), 0.0064590 secs] 1650199K->994723K(1761280K), 0.0066280 secs] [Times: user=0.04 sys=0.00, real=0.01 secs] 
640.614: [GC640.614: [ParNew
Desired survivor size 41943040 bytes, new threshold 6 (max 6)
- age   1:    1085192 bytes,    1085192 total
- age   2:       4328 bytes,    1089520 total
- age   3:       3592 bytes,    1093112 total
- age   4:       3848 bytes,    1096960 total
- age   5:      11512 bytes,    1108472 total
- age   6:        192 bytes,    1108664 total
: 656641K->1579K(737280K), 0.0066410 secs] 1650083K->995022K(1761280K), 0.0067750 secs] [Times: user=0.04 sys=0.00, real=0.00 secs] 
640.865: [GC640.865: [ParNew
Desired survivor size 41943040 bytes, new threshold 6 (max 6)
- age   1:     890312 bytes,     890312 total
- age   2:       6096 bytes,     896408 total
- age   3:       4328 bytes,     900736 total
- age   4:       3592 bytes,     904328 total
- age   5:       3848 bytes,     908176 total
- age   6:      11512 bytes,     919688 total
: 656939K->1533K(737280K), 0.0063740 secs] 1650382K->994977K(1761280K), 0.0064860 secs] [Times: user=0.04 sys=0.00, real=0.00 secs] 
641.096: [GC641.096: [ParNew
Desired survivor size 41943040 bytes, new threshold 6 (max 6)
- age   1:    1796784 bytes,    1796784 total
- age   2:       3776 bytes,    1800560 total
- age   3:       5568 bytes,    1806128 total
- age   4:       4016 bytes,    1810144 total
- age   5:       3472 bytes,    1813616 total
- age   6:       3704 bytes,    1817320 total
: 656893K->2147K(737280K), 0.0072180 secs] 1650337K->995603K(1761280K), 0.0074160 secs] [Times: user=0.04 sys=0.01, real=0.00 secs] 
641.332: [GC641.332: [ParNew
Desired survivor size 41943040 bytes, new threshold 6 (max 6)
- age   1:    1170184 bytes,    1170184 total
- age   2:      14528 bytes,    1184712 total
- age   3:       3656 bytes,    1188368 total
- age   4:       5568 bytes,    1193936 total
- age   5:       4016 bytes,    1197952 total
- age   6:       3448 bytes,    1201400 total
: 657507K->2218K(737280K), 0.0063520 secs] 1650963K->995678K(1761280K), 0.0065310 secs] [Times: user=0.04 sys=0.00, real=0.01 secs] 
641.574: [GC641.575: [ParNew
Desired survivor size 41943040 bytes, new threshold 6 (max 6)
- age   1:    1121688 bytes,    1121688 total
- age   2:       2600 bytes,    1124288 total
- age   3:      14528 bytes,    1138816 total
- age   4:       3656 bytes,    1142472 total
- age   5:       5568 bytes,    1148040 total
- age   6:       4016 bytes,    1152056 total
: 657578K->1518K(737280K), 0.0067910 secs] 1651038K->994981K(1761280K), 0.0069380 secs] [Times: user=0.05 sys=0.00, real=0.00 secs] 
641.805: [GC641.805: [ParNew
Desired survivor size 41943040 bytes, new threshold 6 (max 6)
- age   1:     761704 bytes,     761704 total
- age   2:        944 bytes,     762648 total
- age   3:       2168 bytes,     764816 total
- age   4:      14264 bytes,     779080 total
- age   5:       3488 bytes,     782568 total
- age   6:       5400 bytes,     787968 total
: 656878K->1046K(737280K), 0.0066900 secs] 1650341K->994513K(1761280K), 0.0068370 secs] [Times: user=0.05 sys=0.00, real=0.00 secs] 
642.049: [GC642.049: [ParNew
Desired survivor size 41943040 bytes, new threshold 6 (max 6)
- age   1:     778136 bytes,     778136 total
- age   2:       8064 bytes,     786200 total
- age   3:        944 bytes,     787144 total
- age   4:       2168 bytes,     789312 total
- age   5:      14264 bytes,     803576 total
- age   6:       3456 bytes,     807032 total
: 656406K->1153K(737280K), 0.0060620 secs] 1649873K->994626K(1761280K), 0.0062120 secs] [Times: user=0.04 sys=0.00, real=0.01 secs] 
642.283: [GC642.283: [ParNew
Desired survivor size 41943040 bytes, new threshold 6 (max 6)
- age   1:     812016 bytes,     812016 total
- age   2:       1224 bytes,     813240 total
- age   3:       7872 bytes,     821112 total
- age   4:        752 bytes,     821864 total
- age   5:       2024 bytes,     823888 total
- age   6:      14240 bytes,     838128 total
: 656513K->1401K(737280K), 0.0063900 secs] 1649986K->994878K(1761280K), 0.0065320 secs] [Times: user=0.04 sys=0.00, real=0.01 secs] 
642.515: [GC642.515: [ParNew
Desired survivor size 41943040 bytes, new threshold 6 (max 6)
- age   1:    2435384 bytes,    2435384 total
- age   2:       1376 bytes,    2436760 total
- age   3:       1104 bytes,    2437864 total
- age   4:       7848 bytes,    2445712 total
- age   5:        752 bytes,    2446464 total
- age   6:       2024 bytes,    2448488 total
: 656761K->2599K(737280K), 0.0074830 secs] 1650238K->996089K(1761280K), 0.0076410 secs] [Times: user=0.04 sys=0.00, real=0.00 secs] 
642.758: [GC642.758: [ParNew
Desired survivor size 41943040 bytes, new threshold 6 (max 6)
- age   1:    2089424 bytes,    2089424 total
- age   2:        968 bytes,    2090392 total
- age   3:       1376 bytes,    2091768 total
- age   4:       1104 bytes,    2092872 total
- age   5:       7824 bytes,    2100696 total
- age   6:        752 bytes,    2101448 total
: 657959K->3360K(737280K), 0.0071680 secs] 1651449K->996853K(1761280K), 0.0073180 secs] [Times: user=0.05 sys=0.00, real=0.01 secs] 
642.994: [GC642.994: [ParNew
Desired survivor size 41943040 bytes, new threshold 6 (max 6)
- age   1:    1613512 bytes,    1613512 total
- age   2:       5152 bytes,    1618664 total
- age   3:        872 bytes,    1619536 total
- age   4:       1232 bytes,    1620768 total
- age   5:        984 bytes,    1621752 total
- age   6:       7800 bytes,    1629552 total
: 658720K->2271K(737280K), 0.0071270 secs] 1652213K->995765K(1761280K), 0.0072620 secs] [Times: user=0.05 sys=0.00, real=0.00 secs] 
643.215: [GC643.215: [ParNew
Desired survivor size 41943040 bytes, new threshold 6 (max 6)
- age   1:     934568 bytes,     934568 total
- age   2:      15896 bytes,     950464 total
- age   3:       5056 bytes,     955520 total
- age   4:        816 bytes,     956336 total
- age   5:       1208 bytes,     957544 total
- age   6:        984 bytes,     958528 total
: 657631K->1698K(737280K), 0.0065850 secs] 1651125K->995200K(1761280K), 0.0067360 secs] [Times: user=0.04 sys=0.00, real=0.00 secs] 
643.448: [GC643.448: [ParNew
Desired survivor size 41943040 bytes, new threshold 6 (max 6)
- age   1:    1395456 bytes,    1395456 total
- age   2:       8056 bytes,    1403512 total
- age   3:      15656 bytes,    1419168 total
- age   4:       4936 bytes,    1424104 total
- age   5:        552 bytes,    1424656 total
- age   6:        968 bytes,    1425624 total
: 657058K->1842K(737280K), 0.0070010 secs] 1650560K->995344K(1761280K), 0.0071790 secs] [Times: user=0.05 sys=0.00, real=0.01 secs] 
643.665: [GC643.665: [ParNew
Desired survivor size 41943040 bytes, new threshold 6 (max 6)
- age   1:    4017912 bytes,    4017912 total
- age   2:       1480 bytes,    4019392 total
- age   3:       8056 bytes,    4027448 total
- age   4:      15656 bytes,    4043104 total
- age   5:       4936 bytes,    4048040 total
- age   6:        552 bytes,    4048592 total
: 657202K->4333K(737280K), 0.0085690 secs] 1650704K->997837K(1761280K), 0.0087390 secs] [Times: user=0.06 sys=0.00, real=0.01 secs] 
643.917: [GC643.918: [ParNew
Desired survivor size 41943040 bytes, new threshold 6 (max 6)
- age   1:     943184 bytes,     943184 total
- age   2:       1264 bytes,     944448 total
- age   3:       1360 bytes,     945808 total
- age   4:       7912 bytes,     953720 total
- age   5:      15488 bytes,     969208 total
- age   6:       4840 bytes,     974048 total
: 659693K->3274K(737280K), 0.0065600 secs] 1653197K->996779K(1761280K), 0.0067000 secs] [Times: user=0.05 sys=0.00, real=0.01 secs] 
644.135: [GC644.135: [ParNew
Desired survivor size 41943040 bytes, new threshold 6 (max 6)
- age   1:    2183880 bytes,    2183880 total
- age   2:       2096 bytes,    2185976 total
- age   3:       1264 bytes,    2187240 total
- age   4:       1360 bytes,    2188600 total
- age   5:       7880 bytes,    2196480 total
- age   6:      15488 bytes,    2211968 total
: 658634K->2773K(737280K), 0.0074790 secs] 1652139K->996282K(1761280K), 0.0076330 secs] [Times: user=0.05 sys=0.00, real=0.00 secs] 
644.361: [GC644.361: [ParNew
Desired survivor size 41943040 bytes, new threshold 6 (max 6)
- age   1:    2086584 bytes,    2086584 total
- age   2:       4472 bytes,    2091056 total
- age   3:       2024 bytes,    2093080 total
- age   4:       1120 bytes,    2094200 total
- age   5:       1288 bytes,    2095488 total
- age   6:       7856 bytes,    2103344 total
: 658133K->3297K(737280K), 0.0076200 secs] 1651642K->996822K(1761280K), 0.0077970 secs] [Times: user=0.05 sys=0.00, real=0.01 secs] 
644.573: [CMS-concurrent-mark: 7.302/7.580 secs] [Times: user=56.69 sys=1.05, real=7.57 secs] 
644.573: [CMS-concurrent-preclean-start]
644.589: [CMS-concurrent-preclean: 0.015/0.016 secs] [Times: user=0.12 sys=0.01, real=0.02 secs] 
644.589: [CMS-concurrent-abortable-preclean-start]
644.606: [GC644.606: [ParNew
Desired survivor size 41943040 bytes, new threshold 6 (max 6)
- age   1:     997328 bytes,     997328 total
- age   2:       4408 bytes,    1001736 total
- age   3:       2656 bytes,    1004392 total
- age   4:       1928 bytes,    1006320 total
- age   5:       1040 bytes,    1007360 total
- age   6:       1072 bytes,    1008432 total
: 658657K->2011K(737280K), 0.0067350 secs] 1652182K->995544K(1761280K), 0.0069790 secs] [Times: user=0.05 sys=0.00, real=0.00 secs] 
644.739: [CMS-concurrent-abortable-preclean: 0.141/0.149 secs] [Times: user=1.12 sys=0.02, real=0.15 secs] 
644.749: [GC[YG occupancy: 404919 K (737280 K)]644.749: [Rescan (parallel) , 0.0669490 secs]644.816: [weak refs processing, 0.0000300 secs]644.816: [scrub string table, 0.0010370 secs] [1 CMS-remark: 993532K(1024000K)] 1398452K(1761280K), 0.0682350 secs] [Times: user=0.52 sys=0.01, real=0.07 secs] 
644.818: [CMS-concurrent-sweep-start]
644.932: [GC644.932: [ParNew
Desired survivor size 41943040 bytes, new threshold 6 (max 6)
- age   1:    1206544 bytes,    1206544 total
- age   2:       1720 bytes,    1208264 total
- age   3:       4360 bytes,    1212624 total
- age   4:       2560 bytes,    1215184 total
- age   5:       1808 bytes,    1216992 total
- age   6:       1040 bytes,    1218032 total
: 657371K->1635K(737280K), 0.0067100 secs] 1650903K->995168K(1761280K), 0.0068520 secs] [Times: user=0.04 sys=0.00, real=0.01 secs] 
645.175: [GC645.175: [ParNew
Desired survivor size 41943040 bytes, new threshold 6 (max 6)
- age   1:     355536 bytes,     355536 total
- age   2:       3864 bytes,     359400 total
- age   3:       1552 bytes,     360952 total
- age   4:       4240 bytes,     365192 total
- age   5:       2368 bytes,     367560 total
- age   6:       1736 bytes,     369296 total
: 656995K->1110K(737280K), 0.0060750 secs] 1650528K->994644K(1761280K), 0.0062570 secs] [Times: user=0.04 sys=0.01, real=0.00 secs] 
645.414: [GC645.414: [ParNew
Desired survivor size 41943040 bytes, new threshold 6 (max 6)
- age   1:    2827016 bytes,    2827016 total
- age   2:      12192 bytes,    2839208 total
- age   3:       3840 bytes,    2843048 total
- age   4:       1552 bytes,    2844600 total
- age   5:       4240 bytes,    2848840 total
- age   6:       2368 bytes,    2851208 total
: 656470K->2949K(737280K), 0.0080660 secs] 1650004K->996486K(1761280K), 0.0082260 secs] [Times: user=0.06 sys=0.00, real=0.00 secs] 
645.661: [GC645.662: [ParNew
Desired survivor size 41943040 bytes, new threshold 6 (max 6)
- age   1:    1247696 bytes,    1247696 total
- age   2:       3800 bytes,    1251496 total
- age   3:      11640 bytes,    1263136 total
- age   4:       3600 bytes,    1266736 total
- age   5:       1192 bytes,    1267928 total
- age   6:       4024 bytes,    1271952 total
: 658309K->2174K(737280K), 0.0065140 secs] 1651846K->995713K(1761280K), 0.0066840 secs] [Times: user=0.05 sys=0.00, real=0.01 secs] 
645.904: [GC645.904: [ParNew
Desired survivor size 41943040 bytes, new threshold 6 (max 6)
- age   1:     784184 bytes,     784184 total
- age   2:       7640 bytes,     791824 total
- age   3:       3800 bytes,     795624 total
- age   4:      11640 bytes,     807264 total
- age   5:       3576 bytes,     810840 total
- age   6:       1192 bytes,     812032 total
: 657534K->1387K(737280K), 0.0061590 secs] 1651073K->994930K(1761280K), 0.0063330 secs] [Times: user=0.04 sys=0.00, real=0.00 secs] 
646.127: [CMS-concurrent-sweep: 1.264/1.309 secs] [Times: user=9.73 sys=0.21, real=1.31 secs] 
646.127: [CMS-concurrent-reset-start]
646.144: [GC646.144: [ParNew
Desired survivor size 41943040 bytes, new threshold 6 (max 6)
- age   1:     593376 bytes,     593376 total
- age   2:       2984 bytes,     596360 total
- age   3:       7568 bytes,     603928 total
- age   4:       3744 bytes,     607672 total
- age   5:      11640 bytes,     619312 total
- age   6:       3576 bytes,     622888 total
: 656747K->961K(737280K), 0.0063250 secs] 1650126K->994342K(1761280K), 0.0064720 secs] [Times: user=0.03 sys=0.00, real=0.00 secs] 
646.167: [CMS-concurrent-reset: 0.032/0.040 secs] [Times: user=0.26 sys=0.01, real=0.04 secs] 
646.359: [GC646.359: [ParNew
Desired survivor size 41943040 bytes, new threshold 6 (max 6)
- age   1:    2204456 bytes,    2204456 total
- age   2:       3728 bytes,    2208184 total
- age   3:       2864 bytes,    2211048 total
- age   4:       7400 bytes,    2218448 total
- age   5:       3744 bytes,    2222192 total
- age   6:      11616 bytes,    2233808 total
: 656321K->2448K(737280K), 0.0072110 secs] 1649702K->995833K(1761280K), 0.0073820 secs] [Times: user=0.05 sys=0.01, real=0.01 secs] 
646.368: [GC [1 CMS-initial-mark: 993384K(1024000K)] 997396K(1761280K), 0.0063180 secs] [Times: user=0.01 sys=0.00, real=0.01 secs] 
646.374: [CMS-concurrent-mark-start]
646.616: [GC646.616: [ParNew
Desired survivor size 41943040 bytes, new threshold 6 (max 6)
- age   1:    1602904 bytes,    1602904 total
- age   2:       2288 bytes,    1605192 total
- age   3:       3656 bytes,    1608848 total
- age   4:       2840 bytes,    1611688 total
- age   5:       7256 bytes,    1618944 total
- age   6:       3696 bytes,    1622640 total
: 657808K->2676K(737280K), 0.0070890 secs] 1651193K->996072K(1761280K), 0.0072640 secs] [Times: user=0.05 sys=0.00, real=0.01 secs] 
646.859: [GC646.859: [ParNew
Desired survivor size 41943040 bytes, new threshold 6 (max 6)
- age   1:    1422568 bytes,    1422568 total
- age   2:       4224 bytes,    1426792 total
- age   3:       2192 bytes,    1428984 total
- age   4:       3584 bytes,    1432568 total
- age   5:       2744 bytes,    1435312 total
- age   6:       7136 bytes,    1442448 total
: 658036K->1950K(737280K), 0.0071980 secs] 1651432K->995350K(1761280K), 0.0073240 secs] [Times: user=0.04 sys=0.00, real=0.01 secs] 
647.104: [GC647.104: [ParNew
Desired survivor size 41943040 bytes, new threshold 6 (max 6)
- age   1:    1003584 bytes,    1003584 total
- age   2:       1224 bytes,    1004808 total
- age   3:       3984 bytes,    1008792 total
- age   4:       1880 bytes,    1010672 total
- age   5:       3296 bytes,    1013968 total
- age   6:       2672 bytes,    1016640 total
: 657310K->1645K(737280K), 0.0065600 secs] 1650710K->995052K(1761280K), 0.0067040 secs] [Times: user=0.04 sys=0.01, real=0.00 secs] 
647.351: [GC647.351: [ParNew
Desired survivor size 41943040 bytes, new threshold 6 (max 6)
- age   1:    1249040 bytes,    1249040 total
- age   2:      10952 bytes,    1259992 total
- age   3:        984 bytes,    1260976 total
- age   4:       3864 bytes,    1264840 total
- age   5:       1760 bytes,    1266600 total
- age   6:       3104 bytes,    1269704 total
: 657005K->1744K(737280K), 0.0068620 secs] 1650412K->995155K(1761280K), 0.0070390 secs] [Times: user=0.05 sys=0.00, real=0.01 secs] 
647.596: [GC647.596: [ParNew
Desired survivor size 41943040 bytes, new threshold 6 (max 6)
- age   1:     852384 bytes,     852384 total
- age   2:       7976 bytes,     860360 total
- age   3:      10928 bytes,     871288 total
- age   4:        984 bytes,     872272 total
- age   5:       3864 bytes,     876136 total
- age   6:       1760 bytes,     877896 total
: 657104K->1647K(737280K), 0.0063120 secs] 1650515K->995061K(1761280K), 0.0064550 secs] [Times: user=0.04 sys=0.00, real=0.00 secs] 
647.844: [GC647.844: [ParNew
Desired survivor size 41943040 bytes, new threshold 6 (max 6)
- age   1:     805856 bytes,     805856 total
- age   2:       5528 bytes,     811384 total
- age   3:       7904 bytes,     819288 total
- age   4:      10904 bytes,     830192 total
- age   5:        960 bytes,     831152 total
- age   6:       3864 bytes,     835016 total
: 657007K->1164K(737280K), 0.0066240 secs] 1650421K->994580K(1761280K), 0.0068180 secs] [Times: user=0.04 sys=0.00, real=0.01 secs] 
648.097: [GC648.097: [ParNew
Desired survivor size 41943040 bytes, new threshold 6 (max 6)
- age   1:     428840 bytes,     428840 total
- age   2:     387256 bytes,     816096 total
- age   3:       5504 bytes,     821600 total
- age   4:       7904 bytes,     829504 total
- age   5:      10904 bytes,     840408 total
- age   6:        960 bytes,     841368 total
: 656524K->1342K(737280K), 0.0062090 secs] 1649940K->994761K(1761280K), 0.0063490 secs] [Times: user=0.04 sys=0.00, real=0.00 secs] 
648.351: [GC648.351: [ParNew
Desired survivor size 41943040 bytes, new threshold 6 (max 6)
- age   1:     912904 bytes,     912904 total
- age   2:       1120 bytes,     914024 total
- age   3:       7120 bytes,     921144 total
- age   4:       5504 bytes,     926648 total
- age   5:       7880 bytes,     934528 total
- age   6:      10904 bytes,     945432 total
: 656702K->1313K(737280K), 0.0072710 secs] 1650121K->994733K(1761280K), 0.0074040 secs] [Times: user=0.04 sys=0.00, real=0.01 secs] 
648.590: [GC648.590: [ParNew
Desired survivor size 41943040 bytes, new threshold 6 (max 6)
- age   1:    2090352 bytes,    2090352 total
- age   2:        704 bytes,    2091056 total
- age   3:        856 bytes,    2091912 total
- age   4:       7000 bytes,    2098912 total
- age   5:       5408 bytes,    2104320 total
- age   6:       7784 bytes,    2112104 total
: 656673K->2571K(737280K), 0.0075750 secs] 1650093K->996003K(1761280K), 0.0078180 secs] [Times: user=0.04 sys=0.00, real=0.01 secs] 
648.824: [GC648.824: [ParNew
Desired survivor size 41943040 bytes, new threshold 6 (max 6)
- age   1:    1145880 bytes,    1145880 total
- age   2:       6152 bytes,    1152032 total
- age   3:        704 bytes,    1152736 total
- age   4:        856 bytes,    1153592 total
- age   5:       6976 bytes,    1160568 total
- age   6:       5408 bytes,    1165976 total
: 657931K->1770K(737280K), 0.0069550 secs] 1651363K->995210K(1761280K), 0.0071070 secs] [Times: user=0.05 sys=0.00, real=0.01 secs] 
649.072: [GC649.072: [ParNew
Desired survivor size 41943040 bytes, new threshold 6 (max 6)
- age   1:     280464 bytes,     280464 total
- age   2:       3760 bytes,     284224 total
- age   3:       6008 bytes,     290232 total
- age   4:        680 bytes,     290912 total
- age   5:        808 bytes,     291720 total
- age   6:       6856 bytes,     298576 total
: 657130K->1296K(737280K), 0.0063130 secs] 1650570K->994742K(1761280K), 0.0064840 secs] [Times: user=0.04 sys=0.00, real=0.01 secs] 
649.395: [GC649.395: [ParNew
Desired survivor size 41943040 bytes, new threshold 6 (max 6)
- age   1:    2202152 bytes,    2202152 total
- age   2:       2256 bytes,    2204408 total
- age   3:       3688 bytes,    2208096 total
- age   4:       5840 bytes,    2213936 total
- age   5:        632 bytes,    2214568 total
- age   6:        616 bytes,    2215184 total
: 656656K->2332K(737280K), 0.0096680 secs] 1650102K->995785K(1761280K), 0.0098290 secs] [Times: user=0.06 sys=0.00, real=0.01 secs] 
649.641: [GC649.641: [ParNew
Desired survivor size 41943040 bytes, new threshold 6 (max 6)
- age   1:    1454184 bytes,    1454184 total
- age   2:       8000 bytes,    1462184 total
- age   3:       2040 bytes,    1464224 total
- age   4:       3640 bytes,    1467864 total
- age   5:       5648 bytes,    1473512 total
- age   6:        512 bytes,    1474024 total
: 657692K->2367K(737280K), 0.0068550 secs] 1651145K->995820K(1761280K), 0.0069970 secs] [Times: user=0.04 sys=0.00, real=0.01 secs] 
649.874: [GC649.874: [ParNew
Desired survivor size 41943040 bytes, new threshold 6 (max 6)
- age   1:     465008 bytes,     465008 total
- age   2:       2024 bytes,     467032 total
- age   3:       7904 bytes,     474936 total
- age   4:       1920 bytes,     476856 total
- age   5:       3520 bytes,     480376 total
- age   6:       5624 bytes,     486000 total
: 657727K->1509K(737280K), 0.0180270 secs] 1651180K->994963K(1761280K), 0.0181960 secs] [Times: user=0.09 sys=0.01, real=0.02 secs] 
650.144: [GC650.144: [ParNew
Desired survivor size 41943040 bytes, new threshold 6 (max 6)
- age   1:    1595160 bytes,    1595160 total
- age   2:       1048 bytes,    1596208 total
- age   3:       1832 bytes,    1598040 total
- age   4:       7808 bytes,    1605848 total
- age   5:       1800 bytes,    1607648 total
- age   6:       3400 bytes,    1611048 total
: 656869K->1798K(737280K), 0.0068310 secs] 1650323K->995257K(1761280K), 0.0069650 secs] [Times: user=0.04 sys=0.01, real=0.01 secs] 
650.401: [GC650.401: [ParNew
Desired survivor size 41943040 bytes, new threshold 6 (max 6)
- age   1:    1562152 bytes,    1562152 total
- age   2:       4136 bytes,    1566288 total
- age   3:        760 bytes,    1567048 total
- age   4:       1712 bytes,    1568760 total
- age   5:       7760 bytes,    1576520 total
- age   6:       1536 bytes,    1578056 total
: 657158K->2119K(737280K), 0.0069240 secs] 1650617K->995581K(1761280K), 0.0070640 secs] [Times: user=0.05 sys=0.00, real=0.01 secs] 
650.615: [GC650.615: [ParNew
Desired survivor size 41943040 bytes, new threshold 6 (max 6)
- age   1:    2546984 bytes,    2546984 total
- age   2:       2016 bytes,    2549000 total
- age   3:       4136 bytes,    2553136 total
- age   4:        760 bytes,    2553896 total
- age   5:       1712 bytes,    2555608 total
- age   6:       7760 bytes,    2563368 total
: 657479K->3148K(737280K), 0.0078600 secs] 1650941K->996613K(1761280K), 0.0080470 secs] [Times: user=0.05 sys=0.01, real=0.00 secs] 
650.857: [GC650.857: [ParNew
Desired survivor size 41943040 bytes, new threshold 6 (max 6)
- age   1:    1321904 bytes,    1321904 total
- age   2:      10632 bytes,    1332536 total
- age   3:       2016 bytes,    1334552 total
- age   4:       4136 bytes,    1338688 total
- age   5:        736 bytes,    1339424 total
- age   6:       1712 bytes,    1341136 total
: 658508K->2248K(737280K), 0.0066980 secs] 1651973K->995720K(1761280K), 0.0068380 secs] [Times: user=0.04 sys=0.00, real=0.00 secs] 
651.103: [GC651.103: [ParNew
Desired survivor size 41943040 bytes, new threshold 6 (max 6)
- age   1:    3314640 bytes,    3314640 total
- age   2:       6256 bytes,    3320896 total
- age   3:      10632 bytes,    3331528 total
- age   4:       2016 bytes,    3333544 total
- age   5:       4136 bytes,    3337680 total
- age   6:        736 bytes,    3338416 total
: 657608K->3949K(737280K), 0.0083760 secs] 1651080K->997423K(1761280K), 0.0085880 secs] [Times: user=0.05 sys=0.00, real=0.01 secs] 
651.332: [GC651.332: [ParNew
Desired survivor size 41943040 bytes, new threshold 6 (max 6)
- age   1:    2109136 bytes,    2109136 total
- age   2:      36944 bytes,    2146080 total
- age   3:       6184 bytes,    2152264 total
- age   4:      10512 bytes,    2162776 total
- age   5:       1968 bytes,    2164744 total
- age   6:       4040 bytes,    2168784 total
: 659309K->3046K(737280K), 0.0073470 secs] 1652783K->996521K(1761280K), 0.0075370 secs] [Times: user=0.05 sys=0.00, real=0.01 secs] 
651.565: [GC651.565: [ParNew
Desired survivor size 41943040 bytes, new threshold 6 (max 6)
- age   1:     980048 bytes,     980048 total
- age   2:    1049640 bytes,    2029688 total
- age   3:      36728 bytes,    2066416 total
- age   4:       5968 bytes,    2072384 total
- age   5:      10272 bytes,    2082656 total
- age   6:       1728 bytes,    2084384 total
: 658406K->3115K(737280K), 0.0069720 secs] 1651881K->996593K(1761280K), 0.0071190 secs] [Times: user=0.05 sys=0.00, real=0.00 secs] 
651.797: [GC651.797: [ParNew
Desired survivor size 41943040 bytes, new threshold 6 (max 6)
- age   1:     941424 bytes,     941424 total
- age   2:       1104 bytes,     942528 total
- age   3:       9064 bytes,     951592 total
- age   4:      36464 bytes,     988056 total
- age   5:       5704 bytes,     993760 total
- age   6:      10152 bytes,    1003912 total
: 658475K->2093K(737280K), 0.0064730 secs] 1651953K->995573K(1761280K), 0.0066150 secs] [Times: user=0.04 sys=0.00, real=0.00 secs] 
652.037: [GC652.037: [ParNew
Desired survivor size 41943040 bytes, new threshold 6 (max 6)
- age   1:    2937936 bytes,    2937936 total
- age   2:       4464 bytes,    2942400 total
- age   3:       1008 bytes,    2943408 total
- age   4:       8968 bytes,    2952376 total
- age   5:      36320 bytes,    2988696 total
- age   6:       5584 bytes,    2994280 total
: 657453K->3452K(737280K), 0.0078260 secs] 1650933K->996942K(1761280K), 0.0079910 secs] [Times: user=0.05 sys=0.00, real=0.01 secs] 
652.278: [GC652.278: [ParNew
Desired survivor size 41943040 bytes, new threshold 6 (max 6)
- age   1:    2168168 bytes,    2168168 total
- age   2:       5432 bytes,    2173600 total
- age   3:       4288 bytes,    2177888 total
- age   4:        744 bytes,    2178632 total
- age   5:       8824 bytes,    2187456 total
- age   6:      36224 bytes,    2223680 total
: 658812K->3623K(737280K), 0.0075260 secs] 1652302K->997120K(1761280K), 0.0077370 secs] [Times: user=0.05 sys=0.00, real=0.01 secs] 
652.519: [GC652.519: [ParNew
Desired survivor size 41943040 bytes, new threshold 6 (max 6)
- age   1:    1423656 bytes,    1423656 total
- age   2:       4448 bytes,    1428104 total
- age   3:       5312 bytes,    1433416 total
- age   4:       4240 bytes,    1437656 total
- age   5:        624 bytes,    1438280 total
- age   6:       8824 bytes,    1447104 total
: 658983K->2127K(737280K), 0.0067350 secs] 1652480K->995659K(1761280K), 0.0069260 secs] [Times: user=0.05 sys=0.00, real=0.01 secs] 
652.761: [GC652.762: [ParNew
Desired survivor size 41943040 bytes, new threshold 6 (max 6)
- age   1:    1147280 bytes,    1147280 total
- age   2:      40856 bytes,    1188136 total
- age   3:       4448 bytes,    1192584 total
- age   4:       5312 bytes,    1197896 total
- age   5:       4216 bytes,    1202112 total
- age   6:        624 bytes,    1202736 total
: 657487K->1944K(737280K), 0.0066030 secs] 1651019K->995485K(1761280K), 0.0067530 secs] [Times: user=0.04 sys=0.00, real=0.01 secs] 
653.002: [GC653.002: [ParNew
Desired survivor size 41943040 bytes, new threshold 6 (max 6)
- age   1:    1145992 bytes,    1145992 total
- age   2:      10376 bytes,    1156368 total
- age   3:      40856 bytes,    1197224 total
- age   4:       4448 bytes,    1201672 total
- age   5:       5312 bytes,    1206984 total
- age   6:       4216 bytes,    1211200 total
: 657304K->2006K(737280K), 0.0065040 secs] 1650845K->995547K(1761280K), 0.0066610 secs] [Times: user=0.05 sys=0.00, real=0.01 secs] 
653.223: [GC653.224: [ParNew
Desired survivor size 41943040 bytes, new threshold 6 (max 6)
- age   1:    2062672 bytes,    2062672 total
- age   2:       2648 bytes,    2065320 total
- age   3:      10136 bytes,    2075456 total
- age   4:      40616 bytes,    2116072 total
- age   5:       4256 bytes,    2120328 total
- age   6:       5240 bytes,    2125568 total
: 657366K->2444K(737280K), 0.0072340 secs] 1650907K->995990K(1761280K), 0.0073840 secs] [Times: user=0.05 sys=0.00, real=0.01 secs] 
653.462: [GC653.462: [ParNew
Desired survivor size 41943040 bytes, new threshold 6 (max 6)
- age   1:    1774968 bytes,    1774968 total
- age   2:       4512 bytes,    1779480 total
- age   3:        480 bytes,    1779960 total
- age   4:       9896 bytes,    1789856 total
- age   5:      40352 bytes,    1830208 total
- age   6:       4112 bytes,    1834320 total
: 657804K->2617K(737280K), 0.0070350 secs] 1651350K->996168K(1761280K), 0.0071760 secs] [Times: user=0.05 sys=0.00, real=0.01 secs] 
653.684: [GC653.685: [ParNew
Desired survivor size 41943040 bytes, new threshold 6 (max 6)
- age   1:    1193408 bytes,    1193408 total
- age   2:      15200 bytes,    1208608 total
- age   3:       4416 bytes,    1213024 total
- age   4:        408 bytes,    1213432 total
- age   5:       9752 bytes,    1223184 total
- age   6:      40304 bytes,    1263488 total
: 657977K->2224K(737280K), 0.0082660 secs] 1651528K->995780K(1761280K), 0.0084080 secs] [Times: user=0.03 sys=0.00, real=0.00 secs] 
653.937: [GC653.937: [ParNew
Desired survivor size 41943040 bytes, new threshold 6 (max 6)
- age   1:     384048 bytes,     384048 total
- age   2:       7760 bytes,     391808 total
- age   3:      14792 bytes,     406600 total
- age   4:       4344 bytes,     410944 total
- age   5:        408 bytes,     411352 total
- age   6:       3704 bytes,     415056 total
: 657584K->907K(737280K), 0.0063930 secs] 1651140K->994500K(1761280K), 0.0065560 secs] [Times: user=0.03 sys=0.00, real=0.00 secs] 
654.079: [CMS-concurrent-mark: 7.394/7.704 secs] [Times: user=56.67 sys=1.11, real=7.70 secs] 
654.079: [CMS-concurrent-preclean-start]
654.096: [CMS-concurrent-preclean: 0.017/0.018 secs] [Times: user=0.15 sys=0.00, real=0.02 secs] 
654.097: [CMS-concurrent-abortable-preclean-start]
654.164: [GC654.164: [ParNew
Desired survivor size 41943040 bytes, new threshold 6 (max 6)
- age   1:    2293040 bytes,    2293040 total
- age   2:      18304 bytes,    2311344 total
- age   3:       7760 bytes,    2319104 total
- age   4:      14792 bytes,    2333896 total
- age   5:       4344 bytes,    2338240 total
- age   6:        408 bytes,    2338648 total
: 656267K->2415K(737280K), 0.0073810 secs] 1649860K->996012K(1761280K), 0.0075420 secs] [Times: user=0.05 sys=0.00, real=0.01 secs] 
654.317: [CMS-concurrent-abortable-preclean: 0.198/0.220 secs] [Times: user=1.67 sys=0.02, real=0.22 secs] 
654.319: [GC[YG occupancy: 458241 K (737280 K)]654.319: [Rescan (parallel) , 0.1043750 secs]654.423: [weak refs processing, 0.0000330 secs]654.423: [scrub string table, 0.0010040 secs] [1 CMS-remark: 993596K(1024000K)] 1451838K(1761280K), 0.1055700 secs] [Times: user=0.78 sys=0.00, real=0.10 secs] 
654.425: [CMS-concurrent-sweep-start]
654.507: [GC654.507: [ParNew
Desired survivor size 41943040 bytes, new threshold 6 (max 6)
- age   1:    1336440 bytes,    1336440 total
- age   2:       1400 bytes,    1337840 total
- age   3:      18016 bytes,    1355856 total
- age   4:       7664 bytes,    1363520 total
- age   5:      14624 bytes,    1378144 total
- age   6:       4320 bytes,    1382464 total
: 657775K->2259K(737280K), 0.0069470 secs] 1651371K->995855K(1761280K), 0.0071220 secs] [Times: user=0.05 sys=0.00, real=0.00 secs] 
654.754: [GC654.754: [ParNew
Desired survivor size 41943040 bytes, new threshold 6 (max 6)
- age   1:    1051552 bytes,    1051552 total
- age   2:       9392 bytes,    1060944 total
- age   3:       1304 bytes,    1062248 total
- age   4:      17848 bytes,    1080096 total
- age   5:       7536 bytes,    1087632 total
- age   6:      14600 bytes,    1102232 total
: 657619K->1677K(737280K), 0.0065730 secs] 1651215K->995277K(1761280K), 0.0067240 secs] [Times: user=0.05 sys=0.00, real=0.01 secs] 
655.004: [GC655.004: [ParNew
Desired survivor size 41943040 bytes, new threshold 6 (max 6)
- age   1:    1620432 bytes,    1620432 total
- age   2:       6512 bytes,    1626944 total
- age   3:       9392 bytes,    1636336 total
- age   4:       1304 bytes,    1637640 total
- age   5:      17848 bytes,    1655488 total
- age   6:       7536 bytes,    1663024 total
: 657037K->2093K(737280K), 0.0071600 secs] 1650637K->995708K(1761280K), 0.0072950 secs] [Times: user=0.05 sys=0.00, real=0.01 secs] 
655.257: [GC655.257: [ParNew
Desired survivor size 41943040 bytes, new threshold 6 (max 6)
- age   1:    1687408 bytes,    1687408 total
- age   2:        808 bytes,    1688216 total
- age   3:       6096 bytes,    1694312 total
- age   4:       9152 bytes,    1703464 total
- age   5:       1064 bytes,    1704528 total
- age   6:      17656 bytes,    1722184 total
: 657453K->2589K(737280K), 0.0068950 secs] 1651068K->996212K(1761280K), 0.0070750 secs] [Times: user=0.05 sys=0.00, real=0.00 secs] 
655.505: [GC655.505: [ParNew
Desired survivor size 41943040 bytes, new threshold 6 (max 6)
- age   1:    1209096 bytes,    1209096 total
- age   2:       4032 bytes,    1213128 total
- age   3:        808 bytes,    1213936 total
- age   4:       6096 bytes,    1220032 total
- age   5:       9152 bytes,    1229184 total
- age   6:       1064 bytes,    1230248 total
: 657949K->1835K(737280K), 0.0072580 secs] 1651572K->995476K(1761280K), 0.0073990 secs] [Times: user=0.04 sys=0.00, real=0.01 secs] 
655.730: [CMS-concurrent-sweep: 1.263/1.306 secs] [Times: user=9.78 sys=0.19, real=1.31 secs] 
655.730: [CMS-concurrent-reset-start]
655.742: [GC655.742: [ParNew
Desired survivor size 41943040 bytes, new threshold 6 (max 6)
- age   1:    2938760 bytes,    2938760 total
- age   2:       8328 bytes,    2947088 total
- age   3:       4008 bytes,    2951096 total
- age   4:        808 bytes,    2951904 total
- age   5:       6072 bytes,    2957976 total
- age   6:       9152 bytes,    2967128 total
: 657195K->3435K(737280K), 0.0078800 secs] 1650680K->996922K(1761280K), 0.0080350 secs] [Times: user=0.05 sys=0.01, real=0.01 secs] 
655.813: [CMS-concurrent-reset: 0.073/0.082 secs] [Times: user=0.59 sys=0.01, real=0.08 secs] 
655.965: [GC655.965: [ParNew
Desired survivor size 41943040 bytes, new threshold 6 (max 6)
- age   1:     658176 bytes,     658176 total
- age   2:       3104 bytes,     661280 total
- age   3:       8256 bytes,     669536 total
- age   4:       3960 bytes,     673496 total
- age   5:        760 bytes,     674256 total
- age   6:       5952 bytes,     680208 total
: 658795K->2500K(737280K), 0.0066780 secs] 1652282K->995996K(1761280K), 0.0068570 secs] [Times: user=0.05 sys=0.00, real=0.01 secs] 
655.973: [GC [1 CMS-initial-mark: 993495K(1024000K)] 999066K(1761280K), 0.0056000 secs] [Times: user=0.01 sys=0.00, real=0.01 secs] 
655.979: [CMS-concurrent-mark-start]
656.217: [GC656.217: [ParNew
Desired survivor size 41943040 bytes, new threshold 6 (max 6)
- age   1:    1302216 bytes,    1302216 total
- age   2:       2168 bytes,    1304384 total
- age   3:       3104 bytes,    1307488 total
- age   4:       8256 bytes,    1315744 total
- age   5:       3960 bytes,    1319704 total
- age   6:        760 bytes,    1320464 total
: 657860K->1681K(737280K), 0.0066350 secs] 1651356K->995183K(1761280K), 0.0067760 secs] [Times: user=0.05 sys=0.00, real=0.00 secs] 
656.449: [GC656.449: [ParNew
Desired survivor size 41943040 bytes, new threshold 6 (max 6)
- age   1:    2255992 bytes,    2255992 total
- age   2:       1168 bytes,    2257160 total
- age   3:       2168 bytes,    2259328 total
- age   4:       3104 bytes,    2262432 total
- age   5:       8224 bytes,    2270656 total
- age   6:       3936 bytes,    2274592 total
: 657041K->2621K(737280K), 0.0075140 secs] 1650543K->996124K(1761280K), 0.0076500 secs] [Times: user=0.04 sys=0.00, real=0.01 secs] 
656.682: [GC656.682: [ParNew
Desired survivor size 41943040 bytes, new threshold 6 (max 6)
- age   1:     838824 bytes,     838824 total
- age   2:       4960 bytes,     843784 total
- age   3:        976 bytes,     844760 total
- age   4:       2120 bytes,     846880 total
- age   5:       2984 bytes,     849864 total
- age   6:       8032 bytes,     857896 total
: 657981K->1957K(737280K), 0.0064180 secs] 1651484K->995464K(1761280K), 0.0066080 secs] [Times: user=0.04 sys=0.00, real=0.01 secs] 
656.944: [GC656.944: [ParNew
Desired survivor size 41943040 bytes, new threshold 6 (max 6)
- age   1:    1098216 bytes,    1098216 total
- age   2:       5128 bytes,    1103344 total
- age   3:       4960 bytes,    1108304 total
- age   4:        976 bytes,    1109280 total
- age   5:       2120 bytes,    1111400 total
- age   6:       2960 bytes,    1114360 total
: 657317K->1607K(737280K), 0.0063180 secs] 1650824K->995121K(1761280K), 0.0064490 secs] [Times: user=0.04 sys=0.00, real=0.01 secs] 
657.197: [GC657.197: [ParNew
Desired survivor size 41943040 bytes, new threshold 6 (max 6)
- age   1:     488928 bytes,     488928 total
- age   2:       4720 bytes,     493648 total
- age   3:       4864 bytes,     498512 total
- age   4:       4648 bytes,     503160 total
- age   5:        904 bytes,     504064 total
- age   6:       1952 bytes,     506016 total
: 656967K->1017K(737280K), 0.0063430 secs] 1650481K->994534K(1761280K), 0.0065010 secs] [Times: user=0.04 sys=0.00, real=0.00 secs] 
657.457: [GC657.457: [ParNew
Desired survivor size 41943040 bytes, new threshold 6 (max 6)
- age   1:     180736 bytes,     180736 total
- age   2:       7624 bytes,     188360 total
- age   3:       4624 bytes,     192984 total
- age   4:       4840 bytes,     197824 total
- age   5:       4472 bytes,     202296 total
- age   6:        808 bytes,     203104 total
: 656377K->494K(737280K), 0.0059490 secs] 1649894K->994014K(1761280K), 0.0060760 secs] [Times: user=0.04 sys=0.00, real=0.00 secs] 
657.715: [GC657.715: [ParNew
Desired survivor size 41943040 bytes, new threshold 6 (max 6)
- age   1:    1711032 bytes,    1711032 total
- age   2:      12128 bytes,    1723160 total
- age   3:       7624 bytes,    1730784 total
- age   4:       4624 bytes,    1735408 total
- age   5:       4840 bytes,    1740248 total
- age   6:       4472 bytes,    1744720 total
: 655854K->1796K(737280K), 0.0070030 secs] 1649374K->995317K(1761280K), 0.0071520 secs] [Times: user=0.04 sys=0.00, real=0.01 secs] 
657.972: [GC657.972: [ParNew
Desired survivor size 41943040 bytes, new threshold 6 (max 6)
- age   1:    1593792 bytes,    1593792 total
- age   2:      24056 bytes,    1617848 total
- age   3:      11888 bytes,    1629736 total
- age   4:       7096 bytes,    1636832 total
- age   5:       4144 bytes,    1640976 total
- age   6:       4576 bytes,    1645552 total
: 657156K->2317K(737280K), 0.0071520 secs] 1650677K->995841K(1761280K), 0.0072920 secs] [Times: user=0.04 sys=0.00, real=0.01 secs] 
658.219: [GC658.219: [ParNew
Desired survivor size 41943040 bytes, new threshold 6 (max 6)
- age   1:     935904 bytes,     935904 total
- age   2:      20544 bytes,     956448 total
- age   3:      23984 bytes,     980432 total
- age   4:      11656 bytes,     992088 total
- age   5:       6976 bytes,     999064 total
- age   6:       3880 bytes,    1002944 total
: 657677K->1536K(737280K), 0.0069450 secs] 1651201K->995065K(1761280K), 0.0070840 secs] [Times: user=0.04 sys=0.00, real=0.01 secs] 
658.479: [GC658.479: [ParNew
Desired survivor size 41943040 bytes, new threshold 6 (max 6)
- age   1:     313496 bytes,     313496 total
- age   2:       4376 bytes,     317872 total
- age   3:      20424 bytes,     338296 total
- age   4:      23840 bytes,     362136 total
- age   5:      11608 bytes,     373744 total
- age   6:       6976 bytes,     380720 total
: 656896K->1258K(737280K), 0.0063830 secs] 1650425K->994792K(1761280K), 0.0065320 secs] [Times: user=0.03 sys=0.00, real=0.00 secs] 
658.736: [GC658.736: [ParNew
Desired survivor size 41943040 bytes, new threshold 6 (max 6)
- age   1:    1030544 bytes,    1030544 total
- age   2:       6808 bytes,    1037352 total
- age   3:       4352 bytes,    1041704 total
- age   4:      17224 bytes,    1058928 total
- age   5:      23840 bytes,    1082768 total
- age   6:      11608 bytes,    1094376 total
: 656618K->1211K(737280K), 0.0064060 secs] 1650152K->994751K(1761280K), 0.0065880 secs] [Times: user=0.04 sys=0.00, real=0.00 secs] 
658.973: [GC658.973: [ParNew
Desired survivor size 41943040 bytes, new threshold 6 (max 6)
- age   1:    1438544 bytes,    1438544 total
- age   2:      13608 bytes,    1452152 total
- age   3:       6568 bytes,    1458720 total
- age   4:       4208 bytes,    1462928 total
- age   5:      17200 bytes,    1480128 total
- age   6:      23640 bytes,    1503768 total
: 656571K->1901K(737280K), 0.0066410 secs] 1650111K->995453K(1761280K), 0.0067920 secs] [Times: user=0.05 sys=0.00, real=0.01 secs] 
659.189: [GC659.189: [ParNew
Desired survivor size 41943040 bytes, new threshold 6 (max 6)
- age   1:    1667696 bytes,    1667696 total
- age   2:       4072 bytes,    1671768 total
- age   3:      13416 bytes,    1685184 total
- age   4:       6520 bytes,    1691704 total
- age   5:       4160 bytes,    1695864 total
- age   6:      17128 bytes,    1712992 total
: 657261K->2650K(737280K), 0.0070630 secs] 1650813K->996225K(1761280K), 0.0072470 secs] [Times: user=0.05 sys=0.00, real=0.01 secs] 
659.449: [GC659.449: [ParNew
Desired survivor size 41943040 bytes, new threshold 6 (max 6)
- age   1:    1361744 bytes,    1361744 total
- age   2:       1032 bytes,    1362776 total
- age   3:       3824 bytes,    1366600 total
- age   4:      13152 bytes,    1379752 total
- age   5:       6160 bytes,    1385912 total
- age   6:       4088 bytes,    1390000 total
: 658010K->2577K(737280K), 0.0068190 secs] 1651585K->996169K(1761280K), 0.0069780 secs] [Times: user=0.05 sys=0.00, real=0.01 secs] 
659.692: [GC659.692: [ParNew
Desired survivor size 41943040 bytes, new threshold 6 (max 6)
- age   1:    1156888 bytes,    1156888 total
- age   2:      25712 bytes,    1182600 total
- age   3:        816 bytes,    1183416 total
- age   4:       3656 bytes,    1187072 total
- age   5:      12936 bytes,    1200008 total
- age   6:       5872 bytes,    1205880 total
: 657937K->1698K(737280K), 0.0066410 secs] 1651529K->995294K(1761280K), 0.0067930 secs] [Times: user=0.05 sys=0.00, real=0.01 secs] 
659.917: [GC659.917: [ParNew
Desired survivor size 41943040 bytes, new threshold 6 (max 6)
- age   1:     627432 bytes,     627432 total
- age   2:       7336 bytes,     634768 total
- age   3:      25464 bytes,     660232 total
- age   4:        720 bytes,     660952 total
- age   5:       3536 bytes,     664488 total
- age   6:      12840 bytes,     677328 total
: 657058K->1386K(737280K), 0.0068200 secs] 1650654K->994989K(1761280K), 0.0069320 secs] [Times: user=0.04 sys=0.00, real=0.00 secs] 
660.137: [GC660.137: [ParNew
Desired survivor size 41943040 bytes, new threshold 6 (max 6)
- age   1:    1234152 bytes,    1234152 total
- age   2:     271608 bytes,    1505760 total
- age   3:       7336 bytes,    1513096 total
- age   4:      25464 bytes,    1538560 total
- age   5:        720 bytes,    1539280 total
- age   6:       3536 bytes,    1542816 total
: 656746K->1773K(737280K), 0.0072310 secs] 1650349K->995389K(1761280K), 0.0074440 secs] [Times: user=0.05 sys=0.00, real=0.00 secs] 
660.370: [GC660.370: [ParNew
Desired survivor size 41943040 bytes, new threshold 6 (max 6)
- age   1:    1528248 bytes,    1528248 total
- age   2:        808 bytes,    1529056 total
- age   3:      37944 bytes,    1567000 total
- age   4:       6928 bytes,    1573928 total
- age   5:      25272 bytes,    1599200 total
- age   6:        576 bytes,    1599776 total
: 657133K->2365K(737280K), 0.0091790 secs] 1650749K->995984K(1761280K), 0.0093190 secs] [Times: user=0.06 sys=0.00, real=0.01 secs] 
660.603: [GC660.603: [ParNew
Desired survivor size 41943040 bytes, new threshold 6 (max 6)
- age   1:     578512 bytes,     578512 total
- age   2:       5992 bytes,     584504 total
- age   3:        544 bytes,     585048 total
- age   4:      37824 bytes,     622872 total
- age   5:       6808 bytes,     629680 total
- age   6:      25224 bytes,     654904 total
: 657725K->1487K(737280K), 0.0065010 secs] 1651344K->995107K(1761280K), 0.0066800 secs] [Times: user=0.04 sys=0.00, real=0.01 secs] 
660.851: [GC660.851: [ParNew
Desired survivor size 41943040 bytes, new threshold 6 (max 6)
- age   1:    2201720 bytes,    2201720 total
- age   2:       2984 bytes,    2204704 total
- age   3:       5872 bytes,    2210576 total
- age   4:        520 bytes,    2211096 total
- age   5:      37800 bytes,    2248896 total
- age   6:       6808 bytes,    2255704 total
: 656847K->2599K(737280K), 0.0075500 secs] 1650467K->996244K(1761280K), 0.0076940 secs] [Times: user=0.04 sys=0.00, real=0.01 secs] 
661.093: [GC661.093: [ParNew
Desired survivor size 41943040 bytes, new threshold 6 (max 6)
- age   1:    1423144 bytes,    1423144 total
- age   2:        688 bytes,    1423832 total
- age   3:       2960 bytes,    1426792 total
- age   4:       5872 bytes,    1432664 total
- age   5:        520 bytes,    1433184 total
- age   6:      37800 bytes,    1470984 total
: 657959K->2481K(737280K), 0.0070870 secs] 1651604K->996134K(1761280K), 0.0072330 secs] [Times: user=0.05 sys=0.00, real=0.01 secs] 
661.318: [GC661.318: [ParNew
Desired survivor size 41943040 bytes, new threshold 6 (max 6)
- age   1:    1533504 bytes,    1533504 total
- age   2:        992 bytes,    1534496 total
- age   3:        544 bytes,    1535040 total
- age   4:       2792 bytes,    1537832 total
- age   5:       5752 bytes,    1543584 total
- age   6:        496 bytes,    1544080 total
: 657841K->1979K(737280K), 0.0070320 secs] 1651494K->995670K(1761280K), 0.0071630 secs] [Times: user=0.04 sys=0.00, real=0.00 secs] 
661.553: [GC661.553: [ParNew
Desired survivor size 41943040 bytes, new threshold 6 (max 6)
- age   1:    1922536 bytes,    1922536 total
- age   2:       2232 bytes,    1924768 total
- age   3:        920 bytes,    1925688 total
- age   4:        544 bytes,    1926232 total
- age   5:       2792 bytes,    1929024 total
- age   6:       5728 bytes,    1934752 total
: 657339K->2584K(737280K), 0.0071120 secs] 1651030K->996275K(1761280K), 0.0072420 secs] [Times: user=0.05 sys=0.00, real=0.01 secs] 
661.780: [GC661.780: [ParNew
Desired survivor size 41943040 bytes, new threshold 6 (max 6)
- age   1:     434920 bytes,     434920 total
- age   2:       8632 bytes,     443552 total
- age   3:       2016 bytes,     445568 total
- age   4:        704 bytes,     446272 total
- age   5:        400 bytes,     446672 total
- age   6:       2672 bytes,     449344 total
: 657944K->1761K(737280K), 0.0065160 secs] 1651635K->995458K(1761280K), 0.0066790 secs] [Times: user=0.04 sys=0.00, real=0.01 secs] 
662.005: [GC662.005: [ParNew
Desired survivor size 41943040 bytes, new threshold 6 (max 6)
- age   1:    2367624 bytes,    2367624 total
- age   2:       7496 bytes,    2375120 total
- age   3:       8632 bytes,    2383752 total
- age   4:       2016 bytes,    2385768 total
- age   5:        704 bytes,    2386472 total
- age   6:        400 bytes,    2386872 total
: 657121K->2613K(737280K), 0.0074940 secs] 1650818K->996312K(1761280K), 0.0076990 secs] [Times: user=0.04 sys=0.00, real=0.01 secs] 
662.258: [GC662.258: [ParNew
Desired survivor size 41943040 bytes, new threshold 6 (max 6)
- age   1:     178392 bytes,     178392 total
- age   2:       1552 bytes,     179944 total
- age   3:       7328 bytes,     187272 total
- age   4:       8488 bytes,     195760 total
- age   5:       1968 bytes,     197728 total
- age   6:        584 bytes,     198312 total
: 657973K->1885K(737280K), 0.0060160 secs] 1651672K->995585K(1761280K), 0.0061530 secs] [Times: user=0.03 sys=0.00, real=0.00 secs] 
662.515: [GC662.515: [ParNew
Desired survivor size 41943040 bytes, new threshold 6 (max 6)
- age   1:     195232 bytes,     195232 total
- age   2:       5080 bytes,     200312 total
- age   3:       1192 bytes,     201504 total
- age   4:       7064 bytes,     208568 total
- age   5:       8200 bytes,     216768 total
- age   6:       1664 bytes,     218432 total
: 657245K->507K(737280K), 0.0061350 secs] 1650945K->994208K(1761280K), 0.0062870 secs] [Times: user=0.04 sys=0.00, real=0.01 secs] 
662.745: [GC662.745: [ParNew
Desired survivor size 41943040 bytes, new threshold 6 (max 6)
- age   1:    1277792 bytes,    1277792 total
- age   2:       5400 bytes,    1283192 total
- age   3:       4912 bytes,    1288104 total
- age   4:       1192 bytes,    1289296 total
- age   5:       7040 bytes,    1296336 total
- age   6:       8200 bytes,    1304536 total
: 655867K->1370K(737280K), 0.0068140 secs] 1649568K->995073K(1761280K), 0.0069560 secs] [Times: user=0.05 sys=0.00, real=0.01 secs] 
662.986: [GC662.986: [ParNew
Desired survivor size 41943040 bytes, new threshold 6 (max 6)
- age   1:    1802880 bytes,    1802880 total
- age   2:       8104 bytes,    1810984 total
- age   3:       5184 bytes,    1816168 total
- age   4:       4720 bytes,    1820888 total
- age   5:       1168 bytes,    1822056 total
- age   6:       6992 bytes,    1829048 total
: 656730K->2266K(737280K), 0.0074990 secs] 1650433K->995976K(1761280K), 0.0076630 secs] [Times: user=0.05 sys=0.00, real=0.00 secs] 
663.196: [CMS-concurrent-mark: 6.964/7.217 secs] [Times: user=54.12 sys=1.03, real=7.22 secs] 
663.197: [CMS-concurrent-preclean-start]
663.213: [CMS-concurrent-preclean: 0.015/0.016 secs] [Times: user=0.13 sys=0.00, real=0.01 secs] 
663.213: [CMS-concurrent-abortable-preclean-start]
663.222: [GC663.222: [ParNew
Desired survivor size 41943040 bytes, new threshold 6 (max 6)
- age   1:    1026088 bytes,    1026088 total
- age   2:       1240 bytes,    1027328 total
- age   3:       8032 bytes,    1035360 total
- age   4:       5160 bytes,    1040520 total
- age   5:       4720 bytes,    1045240 total
- age   6:       1168 bytes,    1046408 total
: 657626K->1591K(737280K), 0.0065020 secs] 1651336K->995309K(1761280K), 0.0066820 secs] [Times: user=0.04 sys=0.00, real=0.01 secs] 
663.392: [CMS-concurrent-abortable-preclean: 0.053/0.179 secs] [Times: user=1.29 sys=0.03, real=0.18 secs] 
663.403: [GC[YG occupancy: 532588 K (737280 K)]663.403: [Rescan (parallel) , 0.3135810 secs]663.717: [weak refs processing, 0.0000340 secs]663.717: [scrub string table, 0.0010060 secs] [1 CMS-remark: 993717K(1024000K)] 1526306K(1761280K), 0.3147820 secs] [Times: user=2.34 sys=0.00, real=0.32 secs] 
663.718: [CMS-concurrent-sweep-start]
663.765: [GC663.765: [ParNew
Desired survivor size 41943040 bytes, new threshold 6 (max 6)
- age   1:    1710096 bytes,    1710096 total
- age   2:       1272 bytes,    1711368 total
- age   3:       1208 bytes,    1712576 total
- age   4:       8008 bytes,    1720584 total
- age   5:       5136 bytes,    1725720 total
- age   6:       4720 bytes,    1730440 total
: 656951K->2183K(737280K), 0.0074290 secs] 1650665K->995898K(1761280K), 0.0075770 secs] [Times: user=0.04 sys=0.00, real=0.01 secs] 
664.026: [GC664.027: [ParNew
Desired survivor size 41943040 bytes, new threshold 6 (max 6)
- age   1:     422576 bytes,     422576 total
- age   2:      11864 bytes,     434440 total
- age   3:       1272 bytes,     435712 total
- age   4:       1208 bytes,     436920 total
- age   5:       8008 bytes,     444928 total
- age   6:       5136 bytes,     450064 total
: 657543K->1558K(737280K), 0.0063580 secs] 1651258K->995278K(1761280K), 0.0066040 secs] [Times: user=0.04 sys=0.00, real=0.00 secs] 
664.276: [GC664.276: [ParNew
Desired survivor size 41943040 bytes, new threshold 6 (max 6)
- age   1:    1300296 bytes,    1300296 total
- age   2:       4104 bytes,    1304400 total
- age   3:      11840 bytes,    1316240 total
- age   4:       1224 bytes,    1317464 total
- age   5:       1112 bytes,    1318576 total
- age   6:       7960 bytes,    1326536 total
: 656918K->1498K(737280K), 0.0067330 secs] 1650638K->995223K(1761280K), 0.0068760 secs] [Times: user=0.05 sys=0.00, real=0.00 secs] 
664.519: [GC664.519: [ParNew
Desired survivor size 41943040 bytes, new threshold 6 (max 6)
- age   1:    3360064 bytes,    3360064 total
- age   2:       7024 bytes,    3367088 total
- age   3:       3912 bytes,    3371000 total
- age   4:      11768 bytes,    3382768 total
- age   5:       1104 bytes,    3383872 total
- age   6:        992 bytes,    3384864 total
: 656858K->3974K(737280K), 0.0083760 secs] 1650583K->997708K(1761280K), 0.0085630 secs] [Times: user=0.06 sys=0.00, real=0.01 secs] 
664.768: [GC664.768: [ParNew
Desired survivor size 41943040 bytes, new threshold 6 (max 6)
- age   1:    2099376 bytes,    2099376 total
- age   2:        816 bytes,    2100192 total
- age   3:       6872 bytes,    2107064 total
- age   4:       3744 bytes,    2110808 total
- age   5:      11624 bytes,    2122432 total
- age   6:        912 bytes,    2123344 total
: 659334K->2753K(737280K), 0.0073050 secs] 1653057K->996476K(1761280K), 0.0074860 secs] [Times: user=0.05 sys=0.00, real=0.00 secs] 
664.813: [CMS-concurrent-sweep: 1.048/1.094 secs] [Times: user=8.20 sys=0.14, real=1.09 secs] 
664.813: [CMS-concurrent-reset-start]
664.849: [CMS-concurrent-reset: 0.036/0.036 secs] [Times: user=0.28 sys=0.01, real=0.04 secs] 
665.002: [GC665.002: [ParNew
Desired survivor size 41943040 bytes, new threshold 6 (max 6)
- age   1:    1106920 bytes,    1106920 total
- age   2:       5400 bytes,    1112320 total
- age   3:        600 bytes,    1112920 total
- age   4:       6656 bytes,    1119576 total
- age   5:       3624 bytes,    1123200 total
- age   6:      11432 bytes,    1134632 total
: 658113K->2243K(737280K), 0.0061950 secs] 1651711K->995843K(1761280K), 0.0063160 secs] [Times: user=0.04 sys=0.00, real=0.01 secs] 
665.010: [GC [1 CMS-initial-mark: 993599K(1024000K)] 997058K(1761280K), 0.0050920 secs] [Times: user=0.01 sys=0.00, real=0.00 secs] 
665.015: [CMS-concurrent-mark-start]
665.269: [GC665.269: [ParNew
Desired survivor size 41943040 bytes, new threshold 6 (max 6)
- age   1:    1103432 bytes,    1103432 total
- age   2:        976 bytes,    1104408 total
- age   3:       5272 bytes,    1109680 total
- age   4:        432 bytes,    1110112 total
- age   5:       6632 bytes,    1116744 total
- age   6:       3552 bytes,    1120296 total
: 657603K->1708K(737280K), 0.0068320 secs] 1651203K->995319K(1761280K), 0.0069820 secs] [Times: user=0.03 sys=0.00, real=0.00 secs] 
665.505: [GC665.505: [ParNew
Desired survivor size 41943040 bytes, new threshold 6 (max 6)
- age   1:    2558448 bytes,    2558448 total
- age   2:       7624 bytes,    2566072 total
- age   3:        880 bytes,    2566952 total
- age   4:       5080 bytes,    2572032 total
- age   5:        360 bytes,    2572392 total
- age   6:       6536 bytes,    2578928 total
: 657068K->3060K(737280K), 0.0079680 secs] 1650679K->996675K(1761280K), 0.0081200 secs] [Times: user=0.05 sys=0.00, real=0.01 secs] 
665.743: [GC665.743: [ParNew
Desired survivor size 41943040 bytes, new threshold 6 (max 6)
- age   1:     642608 bytes,     642608 total
- age   2:       3328 bytes,     645936 total
- age   3:       7592 bytes,     653528 total
- age   4:        880 bytes,     654408 total
- age   5:       5080 bytes,     659488 total
- age   6:        360 bytes,     659848 total
: 658420K->2155K(737280K), 0.0062830 secs] 1652035K->995776K(1761280K), 0.0064500 secs] [Times: user=0.04 sys=0.00, real=0.01 secs] 
665.987: [GC665.988: [ParNew
Desired survivor size 41943040 bytes, new threshold 6 (max 6)
- age   1:    1216592 bytes,    1216592 total
- age   2:       1320 bytes,    1217912 total
- age   3:       3112 bytes,    1221024 total
- age   4:       7400 bytes,    1228424 total
- age   5:        736 bytes,    1229160 total
- age   6:       4936 bytes,    1234096 total
: 657515K->1662K(737280K), 0.0065120 secs] 1651136K->995283K(1761280K), 0.0066350 secs] [Times: user=0.05 sys=0.00, real=0.00 secs] 
666.230: [GC666.230: [ParNew
Desired survivor size 41943040 bytes, new threshold 6 (max 6)
- age   1:    1426408 bytes,    1426408 total
- age   2:      11544 bytes,    1437952 total
- age   3:       1320 bytes,    1439272 total
- age   4:       3112 bytes,    1442384 total
- age   5:       7400 bytes,    1449784 total
- age   6:        736 bytes,    1450520 total
: 657022K->2022K(737280K), 0.0106800 secs] 1650643K->995649K(1761280K), 0.0108380 secs] [Times: user=0.08 sys=0.00, real=0.01 secs] 
666.488: [GC666.488: [ParNew
Desired survivor size 41943040 bytes, new threshold 6 (max 6)
- age   1:    1254544 bytes,    1254544 total
- age   2:       1304 bytes,    1255848 total
- age   3:      11544 bytes,    1267392 total
- age   4:       1320 bytes,    1268712 total
- age   5:       3088 bytes,    1271800 total
- age   6:       7400 bytes,    1279200 total
: 657382K->1831K(737280K), 0.0063940 secs] 1651009K->995459K(1761280K), 0.0065450 secs] [Times: user=0.04 sys=0.00, real=0.00 secs] 
666.730: [GC666.730: [ParNew
Desired survivor size 41943040 bytes, new threshold 6 (max 6)
- age   1:    2806136 bytes,    2806136 total
- age   2:       1216 bytes,    2807352 total
- age   3:       1256 bytes,    2808608 total
- age   4:      11352 bytes,    2819960 total
- age   5:       1272 bytes,    2821232 total
- age   6:       2992 bytes,    2824224 total
: 657191K->3492K(737280K), 0.0078720 secs] 1650819K->997127K(1761280K), 0.0080460 secs] [Times: user=0.05 sys=0.00, real=0.01 secs] 
666.989: [GC666.989: [ParNew
Desired survivor size 41943040 bytes, new threshold 6 (max 6)
- age   1:    2407168 bytes,    2407168 total
- age   2:     619136 bytes,    3026304 total
- age   3:       1024 bytes,    3027328 total
- age   4:       1040 bytes,    3028368 total
- age   5:      11256 bytes,    3039624 total
- age   6:       1056 bytes,    3040680 total
: 658852K->4175K(737280K), 0.0078110 secs] 1652487K->997813K(1761280K), 0.0079690 secs] [Times: user=0.05 sys=0.00, real=0.01 secs] 
667.251: [GC667.251: [ParNew
Desired survivor size 41943040 bytes, new threshold 6 (max 6)
- age   1:     804248 bytes,     804248 total
- age   2:       8064 bytes,     812312 total
- age   3:        824 bytes,     813136 total
- age   4:       1024 bytes,     814160 total
- age   5:       1040 bytes,     815200 total
- age   6:      11256 bytes,     826456 total
: 659535K->2823K(737280K), 0.0064580 secs] 1653173K->996463K(1761280K), 0.0065760 secs] [Times: user=0.05 sys=0.00, real=0.01 secs] 
667.513: [GC667.513: [ParNew
Desired survivor size 41943040 bytes, new threshold 6 (max 6)
- age   1:     952384 bytes,     952384 total
- age   2:       1672 bytes,     954056 total
- age   3:       7960 bytes,     962016 total
- age   4:        824 bytes,     962840 total
- age   5:       1000 bytes,     963840 total
- age   6:       1040 bytes,     964880 total
: 658183K->1474K(737280K), 0.0064840 secs] 1651823K->995125K(1761280K), 0.0066570 secs] [Times: user=0.04 sys=0.01, real=0.01 secs] 
667.748: [GC667.748: [ParNew
Desired survivor size 41943040 bytes, new threshold 6 (max 6)
- age   1:    2487240 bytes,    2487240 total
- age   2:       1168 bytes,    2488408 total
- age   3:       1192 bytes,    2489600 total
- age   4:       7672 bytes,    2497272 total
- age   5:        392 bytes,    2497664 total
- age   6:        640 bytes,    2498304 total
: 656834K->3034K(737280K), 0.0073890 secs] 1650485K->996686K(1761280K), 0.0075960 secs] [Times: user=0.04 sys=0.01, real=0.00 secs] 
667.999: [GC667.999: [ParNew
Desired survivor size 41943040 bytes, new threshold 6 (max 6)
- age   1:    1410928 bytes,    1410928 total
- age   2:       8056 bytes,    1418984 total
- age   3:        808 bytes,    1419792 total
- age   4:       1000 bytes,    1420792 total
- age   5:       7504 bytes,    1428296 total
- age   6:        344 bytes,    1428640 total
: 658394K->2063K(737280K), 0.0070990 secs] 1652046K->995716K(1761280K), 0.0073170 secs] [Times: user=0.04 sys=0.00, real=0.00 secs] 
668.215: [GC668.215: [ParNew
Desired survivor size 41943040 bytes, new threshold 6 (max 6)
- age   1:    1813880 bytes,    1813880 total
- age   2:       9848 bytes,    1823728 total
- age   3:       7960 bytes,    1831688 total
- age   4:        592 bytes,    1832280 total
- age   5:        904 bytes,    1833184 total
- age   6:       7456 bytes,    1840640 total
: 657423K->2733K(737280K), 0.0070820 secs] 1651076K->996387K(1761280K), 0.0072120 secs] [Times: user=0.05 sys=0.00, real=0.01 secs] 
668.436: [GC668.436: [ParNew
Desired survivor size 41943040 bytes, new threshold 6 (max 6)
- age   1:     727872 bytes,     727872 total
- age   2:       1248 bytes,     729120 total
- age   3:       9680 bytes,     738800 total
- age   4:       7912 bytes,     746712 total
- age   5:        472 bytes,     747184 total
- age   6:        808 bytes,     747992 total
: 658093K->1956K(737280K), 0.0064830 secs] 1651747K->995617K(1761280K), 0.0066250 secs] [Times: user=0.04 sys=0.00, real=0.01 secs] 
668.691: [GC668.691: [ParNew
Desired survivor size 41943040 bytes, new threshold 6 (max 6)
- age   1:     351176 bytes,     351176 total
- age   2:       1048 bytes,     352224 total
- age   3:       1128 bytes,     353352 total
- age   4:       9552 bytes,     362904 total
- age   5:       7912 bytes,     370816 total
- age   6:        472 bytes,     371288 total
: 657316K->771K(737280K), 0.0060890 secs] 1650977K->994433K(1761280K), 0.0062280 secs] [Times: user=0.04 sys=0.00, real=0.01 secs] 
668.927: [GC668.927: [ParNew
Desired survivor size 41943040 bytes, new threshold 6 (max 6)
- age   1:    2338840 bytes,    2338840 total
- age   2:       4952 bytes,    2343792 total
- age   3:       1000 bytes,    2344792 total
- age   4:       1080 bytes,    2345872 total
- age   5:       9528 bytes,    2355400 total
- age   6:       7912 bytes,    2363312 total
: 656131K->2467K(737280K), 0.0074970 secs] 1649793K->996130K(1761280K), 0.0076460 secs] [Times: user=0.05 sys=0.00, real=0.00 secs] 
669.177: [GC669.177: [ParNew
Desired survivor size 41943040 bytes, new threshold 6 (max 6)
- age   1:     800464 bytes,     800464 total
- age   2:        664 bytes,     801128 total
- age   3:       4736 bytes,     805864 total
- age   4:       1000 bytes,     806864 total
- age   5:       1080 bytes,     807944 total
- age   6:       9528 bytes,     817472 total
: 657827K->1803K(737280K), 0.0062150 secs] 1651490K->995474K(1761280K), 0.0063380 secs] [Times: user=0.04 sys=0.00, real=0.01 secs] 
669.397: [GC669.397: [ParNew
Desired survivor size 41943040 bytes, new threshold 6 (max 6)
- age   1:    1176608 bytes,    1176608 total
- age   2:       1360 bytes,    1177968 total
- age   3:        664 bytes,    1178632 total
- age   4:       4736 bytes,    1183368 total
- age   5:        976 bytes,    1184344 total
- age   6:       1080 bytes,    1185424 total
: 657163K->1500K(737280K), 0.0082230 secs] 1650834K->995180K(1761280K), 0.0083580 secs] [Times: user=0.04 sys=0.00, real=0.01 secs] 
669.621: [GC669.621: [ParNew
Desired survivor size 41943040 bytes, new threshold 6 (max 6)
- age   1:    1831984 bytes,    1831984 total
- age   2:        688 bytes,    1832672 total
- age   3:       1288 bytes,    1833960 total
- age   4:        472 bytes,    1834432 total
- age   5:       4688 bytes,    1839120 total
- age   6:        904 bytes,    1840024 total
: 656860K->2375K(737280K), 0.0111490 secs] 1650540K->996056K(1761280K), 0.0113370 secs] [Times: user=0.07 sys=0.00, real=0.01 secs] 
669.858: [GC669.858: [ParNew
Desired survivor size 41943040 bytes, new threshold 6 (max 6)
- age   1:    2047176 bytes,    2047176 total
- age   2:       4664 bytes,    2051840 total
- age   3:        688 bytes,    2052528 total
- age   4:       1288 bytes,    2053816 total
- age   5:        448 bytes,    2054264 total
- age   6:       4688 bytes,    2058952 total
: 657735K->3021K(737280K), 0.0073330 secs] 1651416K->996704K(1761280K), 0.0075010 secs] [Times: user=0.04 sys=0.00, real=0.00 secs] 
670.098: [GC670.098: [ParNew
Desired survivor size 41943040 bytes, new threshold 6 (max 6)
- age   1:    2016632 bytes,    2016632 total
- age   2:       1192 bytes,    2017824 total
- age   3:       4568 bytes,    2022392 total
- age   4:        616 bytes,    2023008 total
- age   5:       1000 bytes,    2024008 total
- age   6:        424 bytes,    2024432 total
: 658381K->3344K(737280K), 0.0068080 secs] 1652064K->997031K(1761280K), 0.0069710 secs] [Times: user=0.05 sys=0.00, real=0.00 secs] 
670.371: [GC670.371: [ParNew
Desired survivor size 41943040 bytes, new threshold 6 (max 6)
- age   1:    1189944 bytes,    1189944 total
- age   2:      12224 bytes,    1202168 total
- age   3:       1192 bytes,    1203360 total
- age   4:       4568 bytes,    1207928 total
- age   5:        616 bytes,    1208544 total
- age   6:       1000 bytes,    1209544 total
: 658704K->1828K(737280K), 0.0085340 secs] 1652391K->995516K(1761280K), 0.0086660 secs] [Times: user=0.05 sys=0.00, real=0.01 secs] 
670.605: [GC670.605: [ParNew
Desired survivor size 41943040 bytes, new threshold 6 (max 6)
- age   1:    2098552 bytes,    2098552 total
- age   2:     461464 bytes,    2560016 total
- age   3:      12224 bytes,    2572240 total
- age   4:       1192 bytes,    2573432 total
- age   5:       4568 bytes,    2578000 total
- age   6:        592 bytes,    2578592 total
: 657188K->3274K(737280K), 0.0076540 secs] 1650876K->996963K(1761280K), 0.0077880 secs] [Times: user=0.05 sys=0.00, real=0.01 secs] 
670.841: [GC670.841: [ParNew
Desired survivor size 41943040 bytes, new threshold 6 (max 6)
- age   1:    2603504 bytes,    2603504 total
- age   2:       5176 bytes,    2608680 total
- age   3:        672 bytes,    2609352 total
- age   4:      11912 bytes,    2621264 total
- age   5:        880 bytes,    2622144 total
- age   6:       4352 bytes,    2626496 total
: 658634K->3826K(737280K), 0.0078470 secs] 1652323K->997515K(1761280K), 0.0079850 secs] [Times: user=0.06 sys=0.00, real=0.01 secs] 
671.080: [GC671.080: [ParNew
Desired survivor size 41943040 bytes, new threshold 6 (max 6)
- age   1:     512792 bytes,     512792 total
- age   2:       3912 bytes,     516704 total
- age   3:       4864 bytes,     521568 total
- age   4:        552 bytes,     522120 total
- age   5:      11696 bytes,     533816 total
- age   6:        784 bytes,     534600 total
: 659186K->2470K(737280K), 0.0060680 secs] 1652875K->996164K(1761280K), 0.0062090 secs] [Times: user=0.03 sys=0.01, real=0.00 secs] 
671.307: [GC671.307: [ParNew
Desired survivor size 41943040 bytes, new threshold 6 (max 6)
- age   1:    1056320 bytes,    1056320 total
- age   2:       1008 bytes,    1057328 total
- age   3:       3840 bytes,    1061168 total
- age   4:       4816 bytes,    1065984 total
- age   5:        456 bytes,    1066440 total
- age   6:      11600 bytes,    1078040 total
: 657830K->1402K(737280K), 0.0063950 secs] 1651524K->995097K(1761280K), 0.0065680 secs] [Times: user=0.05 sys=0.00, real=0.00 secs] 
671.543: [GC671.543: [ParNew
Desired survivor size 41943040 bytes, new threshold 6 (max 6)
- age   1:    3343120 bytes,    3343120 total
- age   2:       1000 bytes,    3344120 total
- age   3:        936 bytes,    3345056 total
- age   4:       3816 bytes,    3348872 total
- age   5:       4792 bytes,    3353664 total
- age   6:        456 bytes,    3354120 total
: 656762K->3784K(737280K), 0.0085040 secs] 1650457K->997491K(1761280K), 0.0086600 secs] [Times: user=0.06 sys=0.00, real=0.01 secs] 
671.772: [GC671.772: [ParNew
Desired survivor size 41943040 bytes, new threshold 6 (max 6)
- age   1:    1653816 bytes,    1653816 total
- age   2:        944 bytes,    1654760 total
- age   3:        760 bytes,    1655520 total
- age   4:        864 bytes,    1656384 total
- age   5:       3528 bytes,    1659912 total
- age   6:       4672 bytes,    1664584 total
: 659144K->2700K(737280K), 0.0072210 secs] 1652851K->996407K(1761280K), 0.0073670 secs] [Times: user=0.05 sys=0.01, real=0.01 secs] 
672.016: [GC672.016: [ParNew
Desired survivor size 41943040 bytes, new threshold 6 (max 6)
- age   1:     910304 bytes,     910304 total
- age   2:       8224 bytes,     918528 total
- age   3:        800 bytes,     919328 total
- age   4:        616 bytes,     919944 total
- age   5:        672 bytes,     920616 total
- age   6:       3432 bytes,     924048 total
: 658060K->1894K(737280K), 0.0063610 secs] 1651767K->995606K(1761280K), 0.0064920 secs] [Times: user=0.04 sys=0.00, real=0.01 secs] 
672.258: [GC672.259: [ParNew
Desired survivor size 41943040 bytes, new threshold 6 (max 6)
- age   1:    1322592 bytes,    1322592 total
- age   2:       8840 bytes,    1331432 total
- age   3:       8224 bytes,    1339656 total
- age   4:        800 bytes,    1340456 total
- age   5:        616 bytes,    1341072 total
- age   6:        672 bytes,    1341744 total
: 657254K->1725K(737280K), 0.0071360 secs] 1650966K->995440K(1761280K), 0.0072580 secs] [Times: user=0.04 sys=0.00, real=0.00 secs] 
672.488: [GC672.488: [ParNew
Desired survivor size 41943040 bytes, new threshold 6 (max 6)
- age   1:    1182008 bytes,    1182008 total
- age   2:       7416 bytes,    1189424 total
- age   3:       8840 bytes,    1198264 total
- age   4:       8224 bytes,    1206488 total
- age   5:        776 bytes,    1207264 total
- age   6:        616 bytes,    1207880 total
: 657085K->2075K(737280K), 0.0063280 secs] 1650800K->995791K(1761280K), 0.0064620 secs] [Times: user=0.04 sys=0.00, real=0.00 secs] 
672.704: [CMS-concurrent-mark: 7.409/7.689 secs] [Times: user=57.39 sys=0.97, real=7.69 secs] 
672.704: [CMS-concurrent-preclean-start]
672.718: [CMS-concurrent-preclean: 0.013/0.014 secs] [Times: user=0.11 sys=0.01, real=0.02 secs] 
672.718: [CMS-concurrent-abortable-preclean-start]
672.720: [GC672.720: [ParNew
Desired survivor size 41943040 bytes, new threshold 6 (max 6)
- age   1:    1017344 bytes,    1017344 total
- age   2:        680 bytes,    1018024 total
- age   3:       7056 bytes,    1025080 total
- age   4:       8576 bytes,    1033656 total
- age   5:       8032 bytes,    1041688 total
- age   6:        512 bytes,    1042200 total
: 657435K->1385K(737280K), 0.0060780 secs] 1651151K->995101K(1761280K), 0.0062180 secs] [Times: user=0.04 sys=0.00, real=0.00 secs] 
672.906: [CMS-concurrent-abortable-preclean: 0.077/0.188 secs] [Times: user=1.25 sys=0.02, real=0.18 secs] 
672.946: [GC[YG occupancy: 601208 K (737280 K)]672.946: [Rescan (parallel) , 0.3052870 secs]673.251: [weak refs processing, 0.0000300 secs]673.251: [scrub string table, 0.0010980 secs] [1 CMS-remark: 993716K(1024000K)] 1594925K(1761280K), 0.3066010 secs] [Times: user=1.91 sys=0.00, real=0.31 secs] 
673.253: [CMS-concurrent-sweep-start]
673.336: [GC673.337: [ParNew
Desired survivor size 41943040 bytes, new threshold 6 (max 6)
- age   1:    2585832 bytes,    2585832 total
- age   2:       2160 bytes,    2587992 total
- age   3:        432 bytes,    2588424 total
- age   4:       6960 bytes,    2595384 total
- age   5:       8480 bytes,    2603864 total
- age   6:       8008 bytes,    2611872 total
: 656745K->3199K(737280K), 0.0098950 secs] 1650459K->996914K(1761280K), 0.0101690 secs] [Times: user=0.06 sys=0.00, real=0.01 secs] 
673.738: [GC673.738: [ParNew
Desired survivor size 41943040 bytes, new threshold 6 (max 6)
- age   1:     865224 bytes,     865224 total
- age   2:       6224 bytes,     871448 total
- age   3:       2160 bytes,     873608 total
- age   4:        408 bytes,     874016 total
- age   5:       6960 bytes,     880976 total
- age   6:       8480 bytes,     889456 total
: 658559K->2150K(737280K), 0.0061460 secs] 1652274K->995873K(1761280K), 0.0063300 secs] [Times: user=0.04 sys=0.00, real=0.00 secs] 
673.991: [GC673.991: [ParNew
Desired survivor size 41943040 bytes, new threshold 6 (max 6)
- age   1:    1002232 bytes,    1002232 total
- age   2:       4464 bytes,    1006696 total
- age   3:       6056 bytes,    1012752 total
- age   4:       2016 bytes,    1014768 total
- age   5:        288 bytes,    1015056 total
- age   6:       6888 bytes,    1021944 total
: 657510K->1510K(737280K), 0.0069600 secs] 1651233K->995242K(1761280K), 0.0070910 secs] [Times: user=0.04 sys=0.00, real=0.01 secs] 
674.247: [GC674.247: [ParNew
Desired survivor size 41943040 bytes, new threshold 6 (max 6)
- age   1:     596016 bytes,     596016 total
- age   2:       4792 bytes,     600808 total
- age   3:       4416 bytes,     605224 total
- age   4:       5936 bytes,     611160 total
- age   5:       1992 bytes,     613152 total
- age   6:        288 bytes,     613440 total
: 656870K->1084K(737280K), 0.0059680 secs] 1650602K->994824K(1761280K), 0.0060920 secs] [Times: user=0.05 sys=0.00, real=0.01 secs] 
674.490: [GC674.490: [ParNew
Desired survivor size 41943040 bytes, new threshold 6 (max 6)
- age   1:     610784 bytes,     610784 total
- age   2:       1344 bytes,     612128 total
- age   3:       4696 bytes,     616824 total
- age   4:       4320 bytes,     621144 total
- age   5:       5840 bytes,     626984 total
- age   6:       1992 bytes,     628976 total
: 656444K->873K(737280K), 0.0061960 secs] 1650184K->994612K(1761280K), 0.0063430 secs] [Times: user=0.04 sys=0.01, real=0.00 secs] 
674.721: [GC674.721: [ParNew
Desired survivor size 41943040 bytes, new threshold 6 (max 6)
- age   1:    1080184 bytes,    1080184 total
- age   2:      11720 bytes,    1091904 total
- age   3:       1344 bytes,    1093248 total
- age   4:       4672 bytes,    1097920 total
- age   5:       4320 bytes,    1102240 total
- age   6:       5840 bytes,    1108080 total
: 656233K->1378K(737280K), 0.0066020 secs] 1649972K->995120K(1761280K), 0.0067600 secs] [Times: user=0.05 sys=0.00, real=0.00 secs] 
674.817: [CMS-concurrent-sweep: 1.509/1.564 secs] [Times: user=10.31 sys=0.18, real=1.56 secs] 
674.817: [CMS-concurrent-reset-start]
674.858: [CMS-concurrent-reset: 0.040/0.040 secs] [Times: user=0.30 sys=0.00, real=0.04 secs] 
674.973: [GC674.973: [ParNew
Desired survivor size 41943040 bytes, new threshold 6 (max 6)
- age   1:     265968 bytes,     265968 total
- age   2:       1000 bytes,     266968 total
- age   3:      11432 bytes,     278400 total
- age   4:       1152 bytes,     279552 total
- age   5:       4504 bytes,     284056 total
- age   6:       4200 bytes,     288256 total
: 656738K->949K(737280K), 0.0061510 secs] 1650322K->994540K(1761280K), 0.0062890 secs] [Times: user=0.04 sys=0.00, real=0.01 secs] 
674.981: [GC [1 CMS-initial-mark: 993590K(1024000K)] 996878K(1761280K), 0.0043680 secs] [Times: user=0.01 sys=0.00, real=0.00 secs] 
674.985: [CMS-concurrent-mark-start]
675.232: [GC675.232: [ParNew
Desired survivor size 41943040 bytes, new threshold 6 (max 6)
- age   1:     830600 bytes,     830600 total
- age   2:       4472 bytes,     835072 total
- age   3:        976 bytes,     836048 total
- age   4:      11336 bytes,     847384 total
- age   5:        960 bytes,     848344 total
- age   6:       4384 bytes,     852728 total
: 656309K->962K(737280K), 0.0085060 secs] 1649900K->994557K(1761280K), 0.0086740 secs] [Times: user=0.05 sys=0.00, real=0.01 secs] 
675.474: [GC675.474: [ParNew
Desired survivor size 41943040 bytes, new threshold 6 (max 6)
- age   1:     705104 bytes,     705104 total
- age   2:       4320 bytes,     709424 total
- age   3:       4112 bytes,     713536 total
- age   4:        688 bytes,     714224 total
- age   5:      11000 bytes,     725224 total
- age   6:        624 bytes,     725848 total
: 656322K->1052K(737280K), 0.0064780 secs] 1649917K->994651K(1761280K), 0.0066270 secs] [Times: user=0.04 sys=0.01, real=0.01 secs] 
675.707: [GC675.707: [ParNew
Desired survivor size 41943040 bytes, new threshold 6 (max 6)
- age   1:    1185584 bytes,    1185584 total
- age   2:       1672 bytes,    1187256 total
- age   3:       4224 bytes,    1191480 total
- age   4:       4040 bytes,    1195520 total
- age   5:        592 bytes,    1196112 total
- age   6:      10976 bytes,    1207088 total
: 656412K->1590K(737280K), 0.0067150 secs] 1650011K->995190K(1761280K), 0.0068780 secs] [Times: user=0.03 sys=0.00, real=0.01 secs] 
675.961: [GC675.961: [ParNew
Desired survivor size 41943040 bytes, new threshold 6 (max 6)
- age   1:     577912 bytes,     577912 total
- age   2:       8344 bytes,     586256 total
- age   3:       1408 bytes,     587664 total
- age   4:       4200 bytes,     591864 total
- age   5:       4016 bytes,     595880 total
- age   6:        592 bytes,     596472 total
: 656950K->1060K(737280K), 0.0062530 secs] 1650550K->994671K(1761280K), 0.0064040 secs] [Times: user=0.05 sys=0.00, real=0.00 secs] 
676.227: [GC676.227: [ParNew
Desired survivor size 41943040 bytes, new threshold 6 (max 6)
- age   1:     221960 bytes,     221960 total
- age   2:       2544 bytes,     224504 total
- age   3:       8248 bytes,     232752 total
- age   4:       1240 bytes,     233992 total
- age   5:       4104 bytes,     238096 total
- age   6:       3848 bytes,     241944 total
: 656420K->604K(737280K), 0.0060200 secs] 1650031K->994216K(1761280K), 0.0061610 secs] [Times: user=0.03 sys=0.01, real=0.01 secs] 
676.473: [GC676.473: [ParNew
Desired survivor size 41943040 bytes, new threshold 6 (max 6)
- age   1:    1446032 bytes,    1446032 total
- age   2:      18744 bytes,    1464776 total
- age   3:       2544 bytes,    1467320 total
- age   4:       8248 bytes,    1475568 total
- age   5:       1216 bytes,    1476784 total
- age   6:       4072 bytes,    1480856 total
: 655964K->1537K(737280K), 0.0068120 secs] 1649576K->995153K(1761280K), 0.0069410 secs] [Times: user=0.04 sys=0.00, real=0.01 secs] 
676.708: [GC676.709: [ParNew
Desired survivor size 41943040 bytes, new threshold 6 (max 6)
- age   1:     909736 bytes,     909736 total
- age   2:      11080 bytes,     920816 total
- age   3:      18744 bytes,     939560 total
- age   4:       2544 bytes,     942104 total
- age   5:       8248 bytes,     950352 total
- age   6:       1216 bytes,     951568 total
: 656897K->1685K(737280K), 0.0064660 secs] 1650513K->995305K(1761280K), 0.0066220 secs] [Times: user=0.04 sys=0.00, real=0.00 secs] 
676.965: [GC676.965: [ParNew
Desired survivor size 41943040 bytes, new threshold 6 (max 6)
- age   1:    1394704 bytes,    1394704 total
- age   2:        904 bytes,    1395608 total
- age   3:      11056 bytes,    1406664 total
- age   4:      18576 bytes,    1425240 total
- age   5:       2400 bytes,    1427640 total
- age   6:       8224 bytes,    1435864 total
: 657045K->1809K(737280K), 0.0068260 secs] 1650665K->995431K(1761280K), 0.0069870 secs] [Times: user=0.04 sys=0.00, real=0.01 secs] 
677.197: [GC677.198: [ParNew
Desired survivor size 41943040 bytes, new threshold 6 (max 6)
- age   1:    1054344 bytes,    1054344 total
- age   2:       7480 bytes,    1061824 total
- age   3:        760 bytes,    1062584 total
- age   4:      10792 bytes,    1073376 total
- age   5:      18432 bytes,    1091808 total
- age   6:       2160 bytes,    1093968 total
: 657169K->1662K(737280K), 0.0066260 secs] 1650791K->995292K(1761280K), 0.0067500 secs] [Times: user=0.04 sys=0.00, real=0.01 secs] 
677.435: [GC677.435: [ParNew
Desired survivor size 41943040 bytes, new threshold 6 (max 6)
- age   1:    2499920 bytes,    2499920 total
- age   2:       1040 bytes,    2500960 total
- age   3:       7384 bytes,    2508344 total
- age   4:        568 bytes,    2508912 total
- age   5:      10592 bytes,    2519504 total
- age   6:      18264 bytes,    2537768 total
: 657022K->3172K(737280K), 0.0077100 secs] 1650652K->996805K(1761280K), 0.0078620 secs] [Times: user=0.06 sys=0.00, real=0.01 secs] 
677.691: [GC677.691: [ParNew
Desired survivor size 41943040 bytes, new threshold 6 (max 6)
- age   1:     238280 bytes,     238280 total
- age   2:       5344 bytes,     243624 total
- age   3:        824 bytes,     244448 total
- age   4:       7168 bytes,     251616 total
- age   5:        496 bytes,     252112 total
- age   6:      10328 bytes,     262440 total
: 658532K->2134K(737280K), 0.0061810 secs] 1652165K->995785K(1761280K), 0.0063540 secs] [Times: user=0.05 sys=0.00, real=0.00 secs] 
677.945: [GC677.945: [ParNew
Desired survivor size 41943040 bytes, new threshold 6 (max 6)
- age   1:    1242160 bytes,    1242160 total
- age   2:       6920 bytes,    1249080 total
- age   3:       5288 bytes,    1254368 total
- age   4:        824 bytes,    1255192 total
- age   5:       7144 bytes,    1262336 total
- age   6:        496 bytes,    1262832 total
: 657494K->1599K(737280K), 0.0066350 secs] 1651145K->995260K(1761280K), 0.0067710 secs] [Times: user=0.04 sys=0.00, real=0.01 secs] 
678.173: [GC678.173: [ParNew
Desired survivor size 41943040 bytes, new threshold 6 (max 6)
- age   1:    1326528 bytes,    1326528 total
- age   2:       4952 bytes,    1331480 total
- age   3:       6896 bytes,    1338376 total
- age   4:       5288 bytes,    1343664 total
- age   5:        824 bytes,    1344488 total
- age   6:       7144 bytes,    1351632 total
: 656959K->2140K(737280K), 0.0067200 secs] 1650620K->995802K(1761280K), 0.0068700 secs] [Times: user=0.04 sys=0.00, real=0.01 secs] 
678.402: [GC678.403: [ParNew
Desired survivor size 41943040 bytes, new threshold 6 (max 6)
- age   1:     814272 bytes,     814272 total
- age   2:        848 bytes,     815120 total
- age   3:       4616 bytes,     819736 total
- age   4:       6608 bytes,     826344 total
- age   5:       4952 bytes,     831296 total
- age   6:        584 bytes,     831880 total
: 657500K->1414K(737280K), 0.0064640 secs] 1651162K->995083K(1761280K), 0.0065990 secs] [Times: user=0.04 sys=0.00, real=0.01 secs] 
678.659: [GC678.659: [ParNew
Desired survivor size 41943040 bytes, new threshold 6 (max 6)
- age   1:    1168048 bytes,    1168048 total
- age   2:      11184 bytes,    1179232 total
- age   3:        704 bytes,    1179936 total
- age   4:       4544 bytes,    1184480 total
- age   5:       6440 bytes,    1190920 total
- age   6:       4928 bytes,    1195848 total
: 656774K->1470K(737280K), 0.0067380 secs] 1650443K->995139K(1761280K), 0.0069360 secs] [Times: user=0.04 sys=0.00, real=0.00 secs] 
678.911: [GC678.911: [ParNew
Desired survivor size 41943040 bytes, new threshold 6 (max 6)
- age   1:    1497408 bytes,    1497408 total
- age   2:      57656 bytes,    1555064 total
- age   3:      11080 bytes,    1566144 total
- age   4:        584 bytes,    1566728 total
- age   5:       4472 bytes,    1571200 total
- age   6:       6440 bytes,    1577640 total
: 656830K->2061K(737280K), 0.0067670 secs] 1650499K->995735K(1761280K), 0.0069490 secs] [Times: user=0.05 sys=0.00, real=0.00 secs] 
679.161: [GC679.161: [ParNew
Desired survivor size 41943040 bytes, new threshold 6 (max 6)
- age   1:    2278208 bytes,    2278208 total
- age   2:     100784 bytes,    2378992 total
- age   3:      57608 bytes,    2436600 total
- age   4:      11080 bytes,    2447680 total
- age   5:        584 bytes,    2448264 total
- age   6:       4472 bytes,    2452736 total
: 657421K->2826K(737280K), 0.0074650 secs] 1651095K->996507K(1761280K), 0.0076660 secs] [Times: user=0.05 sys=0.01, real=0.01 secs] 
679.393: [GC679.393: [ParNew
Desired survivor size 41943040 bytes, new threshold 6 (max 6)
- age   1:    2590272 bytes,    2590272 total
- age   2:     761000 bytes,    3351272 total
- age   3:     100520 bytes,    3451792 total
- age   4:      57608 bytes,    3509400 total
- age   5:      11056 bytes,    3520456 total
- age   6:        584 bytes,    3521040 total
: 658186K->4568K(737280K), 0.0087420 secs] 1651867K->998254K(1761280K), 0.0089060 secs] [Times: user=0.06 sys=0.00, real=0.01 secs] 
679.625: [GC679.625: [ParNew
Desired survivor size 41943040 bytes, new threshold 6 (max 6)
- age   1:    1376832 bytes,    1376832 total
- age   2:      62312 bytes,    1439144 total
- age   3:      76648 bytes,    1515792 total
- age   4:     100144 bytes,    1615936 total
- age   5:      57200 bytes,    1673136 total
- age   6:      10864 bytes,    1684000 total
: 659928K->3116K(737280K), 0.0073690 secs] 1653614K->996803K(1761280K), 0.0075730 secs] [Times: user=0.04 sys=0.00, real=0.01 secs] 
679.862: [GC679.862: [ParNew
Desired survivor size 41943040 bytes, new threshold 6 (max 6)
- age   1:     796328 bytes,     796328 total
- age   2:       3320 bytes,     799648 total
- age   3:      62072 bytes,     861720 total
- age   4:      73440 bytes,     935160 total
- age   5:      99944 bytes,    1035104 total
- age   6:      57080 bytes,    1092184 total
: 658476K->1744K(737280K), 0.0062540 secs] 1652163K->995442K(1761280K), 0.0064100 secs] [Times: user=0.05 sys=0.00, real=0.01 secs] 
680.098: [GC680.098: [ParNew
Desired survivor size 41943040 bytes, new threshold 6 (max 6)
- age   1:    1746888 bytes,    1746888 total
- age   2:       6016 bytes,    1752904 total
- age   3:       3296 bytes,    1756200 total
- age   4:      59256 bytes,    1815456 total
- age   5:      73440 bytes,    1888896 total
- age   6:      96528 bytes,    1985424 total
: 657104K->2441K(737280K), 0.0077250 secs] 1650802K->996192K(1761280K), 0.0078740 secs] [Times: user=0.04 sys=0.00, real=0.01 secs] 
680.330: [GC680.330: [ParNew
Desired survivor size 41943040 bytes, new threshold 6 (max 6)
- age   1:    1248288 bytes,    1248288 total
- age   2:      28584 bytes,    1276872 total
- age   3:       4968 bytes,    1281840 total
- age   4:       3128 bytes,    1284968 total
- age   5:      59200 bytes,    1344168 total
- age   6:      73368 bytes,    1417536 total
: 657801K->1959K(737280K), 0.0069860 secs] 1651552K->995804K(1761280K), 0.0071120 secs] [Times: user=0.05 sys=0.00, real=0.00 secs] 
680.557: [GC680.558: [ParNew
Desired survivor size 41943040 bytes, new threshold 6 (max 6)
- age   1:    3060120 bytes,    3060120 total
- age   2:      14024 bytes,    3074144 total
- age   3:      28416 bytes,    3102560 total
- age   4:       4872 bytes,    3107432 total
- age   5:       2936 bytes,    3110368 total
- age   6:      55648 bytes,    3166016 total
: 657319K->3683K(737280K), 0.0083580 secs] 1651164K->997598K(1761280K), 0.0085370 secs] [Times: user=0.06 sys=0.00, real=0.01 secs] 
680.783: [GC680.783: [ParNew
Desired survivor size 41943040 bytes, new threshold 6 (max 6)
- age   1:     490064 bytes,     490064 total
- age   2:      18888 bytes,     508952 total
- age   3:      13928 bytes,     522880 total
- age   4:      28416 bytes,     551296 total
- age   5:       4840 bytes,     556136 total
- age   6:       2936 bytes,     559072 total
: 659043K->2687K(737280K), 0.0063460 secs] 1652958K->996656K(1761280K), 0.0065110 secs] [Times: user=0.05 sys=0.00, real=0.01 secs] 
681.026: [GC681.026: [ParNew
Desired survivor size 41943040 bytes, new threshold 6 (max 6)
- age   1:    1657784 bytes,    1657784 total
- age   2:       1000 bytes,    1658784 total
- age   3:      18768 bytes,    1677552 total
- age   4:      13712 bytes,    1691264 total
- age   5:      28248 bytes,    1719512 total
- age   6:       4720 bytes,    1724232 total
: 658047K->2121K(737280K), 0.0069490 secs] 1652016K->996093K(1761280K), 0.0071470 secs] [Times: user=0.05 sys=0.00, real=0.01 secs] 
681.260: [GC681.260: [ParNew
Desired survivor size 41943040 bytes, new threshold 6 (max 6)
- age   1:    2263880 bytes,    2263880 total
- age   2:       4624 bytes,    2268504 total
- age   3:        616 bytes,    2269120 total
- age   4:      18408 bytes,    2287528 total
- age   5:      13520 bytes,    2301048 total
- age   6:      25168 bytes,    2326216 total
: 657481K->2746K(737280K), 0.0078120 secs] 1651453K->996723K(1761280K), 0.0079960 secs] [Times: user=0.05 sys=0.00, real=0.00 secs] 
681.485: [GC681.486: [ParNew
Desired survivor size 41943040 bytes, new threshold 6 (max 6)
- age   1:    3683408 bytes,    3683408 total
- age   2:      12840 bytes,    3696248 total
- age   3:       4624 bytes,    3700872 total
- age   4:        616 bytes,    3701488 total
- age   5:      18384 bytes,    3719872 total
- age   6:      13520 bytes,    3733392 total
: 658106K->4657K(737280K), 0.0085830 secs] 1652083K->998659K(1761280K), 0.0088080 secs] [Times: user=0.05 sys=0.00, real=0.01 secs] 
681.723: [GC681.723: [ParNew
Desired survivor size 41943040 bytes, new threshold 6 (max 6)
- age   1:    2513648 bytes,    2513648 total
- age   2:      22296 bytes,    2535944 total
- age   3:      12808 bytes,    2548752 total
- age   4:       4624 bytes,    2553376 total
- age   5:        616 bytes,    2553992 total
- age   6:      18384 bytes,    2572376 total
: 660017K->3252K(737280K), 0.0076150 secs] 1654019K->997267K(1761280K), 0.0077500 secs] [Times: user=0.06 sys=0.00, real=0.01 secs] 
681.963: [GC681.963: [ParNew
Desired survivor size 41943040 bytes, new threshold 6 (max 6)
- age   1:    1342848 bytes,    1342848 total
- age   2:        792 bytes,    1343640 total
- age   3:      22296 bytes,    1365936 total
- age   4:      12808 bytes,    1378744 total
- age   5:       4600 bytes,    1383344 total
- age   6:        616 bytes,    1383960 total
: 658612K->2697K(737280K), 0.0076330 secs] 1652627K->996730K(1761280K), 0.0077550 secs] [Times: user=0.05 sys=0.00, real=0.01 secs] 
682.190: [GC682.190: [ParNew
Desired survivor size 41943040 bytes, new threshold 6 (max 6)
- age   1:    1148608 bytes,    1148608 total
- age   2:       1272 bytes,    1149880 total
- age   3:        648 bytes,    1150528 total
- age   4:      18936 bytes,    1169464 total
- age   5:      12784 bytes,    1182248 total
- age   6:       4600 bytes,    1186848 total
: 658057K->1919K(737280K), 0.0064450 secs] 1652090K->995953K(1761280K), 0.0065770 secs] [Times: user=0.04 sys=0.00, real=0.00 secs] 
682.407: [GC682.408: [ParNew
Desired survivor size 41943040 bytes, new threshold 6 (max 6)
- age   1:    2513464 bytes,    2513464 total
- age   2:      21136 bytes,    2534600 total
- age   3:       1152 bytes,    2535752 total
- age   4:        552 bytes,    2536304 total
- age   5:      18816 bytes,    2555120 total
- age   6:      12616 bytes,    2567736 total
: 657279K->3202K(737280K), 0.0078290 secs] 1651313K->997241K(1761280K), 0.0079740 secs] [Times: user=0.05 sys=0.00, real=0.01 secs] 
682.557: [CMS-concurrent-mark: 7.280/7.572 secs] [Times: user=56.68 sys=1.09, real=7.57 secs] 
682.558: [CMS-concurrent-preclean-start]
682.577: [CMS-concurrent-preclean: 0.018/0.020 secs] [Times: user=0.14 sys=0.00, real=0.02 secs] 
682.577: [CMS-concurrent-abortable-preclean-start]
682.635: [GC682.635: [ParNew
Desired survivor size 41943040 bytes, new threshold 6 (max 6)
- age   1:    2757952 bytes,    2757952 total
- age   2:        496 bytes,    2758448 total
- age   3:      20968 bytes,    2779416 total
- age   4:       1056 bytes,    2780472 total
- age   5:        384 bytes,    2780856 total
- age   6:      18672 bytes,    2799528 total
: 658562K->3529K(737280K), 0.0086380 secs] 1652601K->997580K(1761280K), 0.0088030 secs] [Times: user=0.05 sys=0.00, real=0.01 secs] 
682.761: [CMS-concurrent-abortable-preclean: 0.172/0.184 secs] [Times: user=1.37 sys=0.02, real=0.19 secs] 
682.762: [GC[YG occupancy: 361174 K (737280 K)]682.762: [Rescan (parallel) , 0.0944640 secs]682.857: [weak refs processing, 0.0000440 secs]682.857: [scrub string table, 0.0009970 secs] [1 CMS-remark: 994051K(1024000K)] 1355225K(1761280K), 0.0956150 secs] [Times: user=0.71 sys=0.01, real=0.09 secs] 
682.858: [CMS-concurrent-sweep-start]
682.984: [GC682.984: [ParNew
Desired survivor size 41943040 bytes, new threshold 6 (max 6)
- age   1:    1848248 bytes,    1848248 total
- age   2:       9336 bytes,    1857584 total
- age   3:        496 bytes,    1858080 total
- age   4:      20968 bytes,    1879048 total
- age   5:       1032 bytes,    1880080 total
- age   6:        384 bytes,    1880464 total
: 658889K->2593K(737280K), 0.0070230 secs] 1652939K->996662K(1761280K), 0.0071780 secs] [Times: user=0.05 sys=0.01, real=0.01 secs] 
683.230: [GC683.230: [ParNew
Desired survivor size 41943040 bytes, new threshold 6 (max 6)
- age   1:    2034144 bytes,    2034144 total
- age   2:        960 bytes,    2035104 total
- age   3:       9184 bytes,    2044288 total
- age   4:        448 bytes,    2044736 total
- age   5:      20896 bytes,    2065632 total
- age   6:        696 bytes,    2066328 total
: 657953K->3544K(737280K), 0.0103790 secs] 1652022K->997614K(1761280K), 0.0105790 secs] [Times: user=0.07 sys=0.00, real=0.01 secs] 
683.468: [GC683.468: [ParNew
Desired survivor size 41943040 bytes, new threshold 6 (max 6)
- age   1:     582848 bytes,     582848 total
- age   2:       5032 bytes,     587880 total
- age   3:        960 bytes,     588840 total
- age   4:       9184 bytes,     598024 total
- age   5:        448 bytes,     598472 total
- age   6:      20896 bytes,     619368 total
: 658904K->1421K(737280K), 0.0062420 secs] 1652973K->995490K(1761280K), 0.0063700 secs] [Times: user=0.04 sys=0.00, real=0.01 secs] 
683.713: [GC683.713: [ParNew
Desired survivor size 41943040 bytes, new threshold 6 (max 6)
- age   1:    1326264 bytes,    1326264 total
- age   2:       5128 bytes,    1331392 total
- age   3:       4880 bytes,    1336272 total
- age   4:        816 bytes,    1337088 total
- age   5:       9040 bytes,    1346128 total
- age   6:        448 bytes,    1346576 total
: 656781K->1559K(737280K), 0.0069790 secs] 1650850K->995650K(1761280K), 0.0071360 secs] [Times: user=0.05 sys=0.00, real=0.01 secs] 
683.955: [GC683.955: [ParNew
Desired survivor size 41943040 bytes, new threshold 6 (max 6)
- age   1:    2489144 bytes,    2489144 total
- age   2:       8048 bytes,    2497192 total
- age   3:       5104 bytes,    2502296 total
- age   4:       4808 bytes,    2507104 total
- age   5:        696 bytes,    2507800 total
- age   6:       8896 bytes,    2516696 total
: 656919K->2945K(737280K), 0.0074900 secs] 1651010K->997035K(1761280K), 0.0076840 secs] [Times: user=0.05 sys=0.00, real=0.01 secs] 
684.093: [CMS-concurrent-sweep: 1.187/1.234 secs] [Times: user=9.14 sys=0.19, real=1.24 secs] 
684.093: [CMS-concurrent-reset-start]
684.124: [CMS-concurrent-reset: 0.031/0.031 secs] [Times: user=0.24 sys=0.00, real=0.03 secs] 
684.197: [GC684.197: [ParNew
Desired survivor size 41943040 bytes, new threshold 6 (max 6)
- age   1:    1588056 bytes,    1588056 total
- age   2:       3424 bytes,    1591480 total
- age   3:       7976 bytes,    1599456 total
- age   4:       5104 bytes,    1604560 total
- age   5:       4808 bytes,    1609368 total
- age   6:        696 bytes,    1610064 total
: 658305K->2389K(737280K), 0.0071320 secs] 1652269K->996363K(1761280K), 0.0072760 secs] [Times: user=0.05 sys=0.01, real=0.01 secs] 
684.205: [GC [1 CMS-initial-mark: 993973K(1024000K)] 999964K(1761280K), 0.0057610 secs] [Times: user=0.01 sys=0.00, real=0.01 secs] 
684.211: [CMS-concurrent-mark-start]
684.461: [GC684.465: [ParNew
Desired survivor size 41943040 bytes, new threshold 6 (max 6)
- age   1:    1133888 bytes,    1133888 total
- age   2:       7872 bytes,    1141760 total
- age   3:       3400 bytes,    1145160 total
- age   4:       7832 bytes,    1152992 total
- age   5:       5032 bytes,    1158024 total
- age   6:       4736 bytes,    1162760 total
: 657749K->1710K(737280K), 0.0065130 secs] 1651723K->995684K(1761280K), 0.0112540 secs] [Times: user=0.05 sys=0.00, real=0.01 secs] 
684.712: [GC684.712: [ParNew
Desired survivor size 41943040 bytes, new threshold 6 (max 6)
- age   1:     881008 bytes,     881008 total
- age   2:       2256 bytes,     883264 total
- age   3:       7872 bytes,     891136 total
- age   4:       3400 bytes,     894536 total
- age   5:       7776 bytes,     902312 total
- age   6:       5032 bytes,     907344 total
: 657070K->1599K(737280K), 0.0062930 secs] 1651044K->995578K(1761280K), 0.0064300 secs] [Times: user=0.04 sys=0.00, real=0.00 secs] 
684.959: [GC684.959: [ParNew
Desired survivor size 41943040 bytes, new threshold 6 (max 6)
- age   1:     864528 bytes,     864528 total
- age   2:       7808 bytes,     872336 total
- age   3:       1992 bytes,     874328 total
- age   4:       7728 bytes,     882056 total
- age   5:       3280 bytes,     885336 total
- age   6:       7536 bytes,     892872 total
: 656959K->1304K(737280K), 0.0064380 secs] 1650938K->995288K(1761280K), 0.0065850 secs] [Times: user=0.05 sys=0.00, real=0.01 secs] 
685.217: [GC685.217: [ParNew
Desired survivor size 41943040 bytes, new threshold 6 (max 6)
- age   1:     652376 bytes,     652376 total
- age   2:       2392 bytes,     654768 total
- age   3:       7808 bytes,     662576 total
- age   4:       1992 bytes,     664568 total
- age   5:       7728 bytes,     672296 total
- age   6:       3280 bytes,     675576 total
: 656664K->1225K(737280K), 0.0064720 secs] 1650648K->995218K(1761280K), 0.0066060 secs] [Times: user=0.04 sys=0.01, real=0.01 secs] 
685.484: [GC685.484: [ParNew
Desired survivor size 41943040 bytes, new threshold 6 (max 6)
- age   1:     906712 bytes,     906712 total
- age   2:       1360 bytes,     908072 total
- age   3:       2104 bytes,     910176 total
- age   4:       7568 bytes,     917744 total
- age   5:       1776 bytes,     919520 total
- age   6:       7464 bytes,     926984 total
: 656585K->1185K(737280K), 0.0069550 secs] 1650578K->995181K(1761280K), 0.0071090 secs] [Times: user=0.05 sys=0.00, real=0.01 secs] 
685.728: [GC685.728: [ParNew
Desired survivor size 41943040 bytes, new threshold 6 (max 6)
- age   1:    1298880 bytes,    1298880 total
- age   2:       7184 bytes,    1306064 total
- age   3:       1048 bytes,    1307112 total
- age   4:       1888 bytes,    1309000 total
- age   5:       7448 bytes,    1316448 total
- age   6:       1656 bytes,    1318104 total
: 656545K->1583K(737280K), 0.0069180 secs] 1650541K->995586K(1761280K), 0.0070880 secs] [Times: user=0.04 sys=0.00, real=0.01 secs] 
685.975: [GC685.976: [ParNew
Desired survivor size 41943040 bytes, new threshold 6 (max 6)
- age   1:     206216 bytes,     206216 total
- age   2:       1280 bytes,     207496 total
- age   3:       7184 bytes,     214680 total
- age   4:       1048 bytes,     215728 total
- age   5:       1864 bytes,     217592 total
- age   6:       7448 bytes,     225040 total
: 656943K->1163K(737280K), 0.0059190 secs] 1650946K->995168K(1761280K), 0.0060530 secs] [Times: user=0.04 sys=0.00, real=0.01 secs] 
686.243: [GC686.243: [ParNew
Desired survivor size 41943040 bytes, new threshold 6 (max 6)
- age   1:     346016 bytes,     346016 total
- age   2:       4960 bytes,     350976 total
- age   3:       1280 bytes,     352256 total
- age   4:       7184 bytes,     359440 total
- age   5:       1048 bytes,     360488 total
- age   6:       1864 bytes,     362352 total
: 656523K->539K(737280K), 0.0061290 secs] 1650528K->994551K(1761280K), 0.0063120 secs] [Times: user=0.04 sys=0.00, real=0.00 secs] 
686.494: [GC686.494: [ParNew
Desired survivor size 41943040 bytes, new threshold 6 (max 6)
- age   1:     776832 bytes,     776832 total
- age   2:        488 bytes,     777320 total
- age   3:       4696 bytes,     782016 total
- age   4:       1040 bytes,     783056 total
- age   5:       7112 bytes,     790168 total
- age   6:       1048 bytes,     791216 total
: 655899K->958K(737280K), 0.0061600 secs] 1649911K->994972K(1761280K), 0.0063020 secs] [Times: user=0.04 sys=0.00, real=0.01 secs] 
686.740: [GC686.740: [ParNew
Desired survivor size 41943040 bytes, new threshold 6 (max 6)
- age   1:    1125504 bytes,    1125504 total
- age   2:       9232 bytes,    1134736 total
- age   3:        488 bytes,    1135224 total
- age   4:       4696 bytes,    1139920 total
- age   5:       1040 bytes,    1140960 total
- age   6:       7112 bytes,    1148072 total
: 656318K->1416K(737280K), 0.0071440 secs] 1650332K->995432K(1761280K), 0.0073010 secs] [Times: user=0.03 sys=0.00, real=0.01 secs] 
686.989: [GC686.989: [ParNew
Desired survivor size 41943040 bytes, new threshold 6 (max 6)
- age   1:     718264 bytes,     718264 total
- age   2:       8976 bytes,     727240 total
- age   3:       9160 bytes,     736400 total
- age   4:        464 bytes,     736864 total
- age   5:       4528 bytes,     741392 total
- age   6:        920 bytes,     742312 total
: 656776K->1007K(737280K), 0.0064200 secs] 1650792K->995030K(1761280K), 0.0066070 secs] [Times: user=0.04 sys=0.00, real=0.01 secs] 
687.221: [GC687.221: [ParNew
Desired survivor size 41943040 bytes, new threshold 6 (max 6)
- age   1:    1048360 bytes,    1048360 total
- age   2:       5000 bytes,    1053360 total
- age   3:       8664 bytes,    1062024 total
- age   4:       8776 bytes,    1070800 total
- age   5:        320 bytes,    1071120 total
- age   6:       4240 bytes,    1075360 total
: 656367K->1491K(737280K), 0.0067580 secs] 1650390K->995515K(1761280K), 0.0069500 secs] [Times: user=0.04 sys=0.00, real=0.01 secs] 
687.459: [GC687.459: [ParNew
Desired survivor size 41943040 bytes, new threshold 6 (max 6)
- age   1:    1199528 bytes,    1199528 total
- age   2:       5632 bytes,    1205160 total
- age   3:       5000 bytes,    1210160 total
- age   4:       8664 bytes,    1218824 total
- age   5:       8776 bytes,    1227600 total
- age   6:        320 bytes,    1227920 total
: 656851K->1973K(737280K), 0.0065620 secs] 1650875K->996000K(1761280K), 0.0066930 secs] [Times: user=0.04 sys=0.00, real=0.01 secs] 
687.684: [GC687.684: [ParNew
Desired survivor size 41943040 bytes, new threshold 6 (max 6)
- age   1:    2120280 bytes,    2120280 total
- age   2:       1720 bytes,    2122000 total
- age   3:       5504 bytes,    2127504 total
- age   4:       4976 bytes,    2132480 total
- age   5:       8664 bytes,    2141144 total
- age   6:       8752 bytes,    2149896 total
: 657333K->2721K(737280K), 0.0073750 secs] 1651360K->996749K(1761280K), 0.0075320 secs] [Times: user=0.05 sys=0.00, real=0.01 secs] 
687.923: [GC687.923: [ParNew
Desired survivor size 41943040 bytes, new threshold 6 (max 6)
- age   1:    1935264 bytes,    1935264 total
- age   2:       1864 bytes,    1937128 total
- age   3:       1576 bytes,    1938704 total
- age   4:       5384 bytes,    1944088 total
- age   5:       4928 bytes,    1949016 total
- age   6:       8568 bytes,    1957584 total
: 658081K->2559K(737280K), 0.0081020 secs] 1652109K->996596K(1761280K), 0.0082480 secs] [Times: user=0.04 sys=0.00, real=0.01 secs] 
688.157: [GC688.157: [ParNew
Desired survivor size 41943040 bytes, new threshold 6 (max 6)
- age   1:    3028320 bytes,    3028320 total
- age   2:     475816 bytes,    3504136 total
- age   3:       1840 bytes,    3505976 total
- age   4:       1504 bytes,    3507480 total
- age   5:       5336 bytes,    3512816 total
- age   6:       4880 bytes,    3517696 total
: 657919K->4035K(737280K), 0.0081750 secs] 1651956K->998081K(1761280K), 0.0083570 secs] [Times: user=0.05 sys=0.00, real=0.01 secs] 
688.386: [GC688.386: [ParNew
Desired survivor size 41943040 bytes, new threshold 6 (max 6)
- age   1:    3354376 bytes,    3354376 total
- age   2:       3872 bytes,    3358248 total
- age   3:       1824 bytes,    3360072 total
- age   4:       1720 bytes,    3361792 total
- age   5:       1328 bytes,    3363120 total
- age   6:       5312 bytes,    3368432 total
: 659395K->5339K(737280K), 0.0082590 secs] 1653441K->999390K(1761280K), 0.0084470 secs] [Times: user=0.05 sys=0.00, real=0.01 secs] 
688.633: [GC688.633: [ParNew
Desired survivor size 41943040 bytes, new threshold 6 (max 6)
- age   1:     733088 bytes,     733088 total
- age   2:       6296 bytes,     739384 total
- age   3:       3728 bytes,     743112 total
- age   4:       1704 bytes,     744816 total
- age   5:       1336 bytes,     746152 total
- age   6:       1112 bytes,     747264 total
: 660699K->3230K(737280K), 0.0066530 secs] 1654750K->997286K(1761280K), 0.0068030 secs] [Times: user=0.05 sys=0.00, real=0.00 secs] 
688.866: [GC688.866: [ParNew
Desired survivor size 41943040 bytes, new threshold 6 (max 6)
- age   1:    2792208 bytes,    2792208 total
- age   2:       4184 bytes,    2796392 total
- age   3:       6296 bytes,    2802688 total
- age   4:       3728 bytes,    2806416 total
- age   5:       1704 bytes,    2808120 total
- age   6:       1336 bytes,    2809456 total
: 658590K->2969K(737280K), 0.0078140 secs] 1652646K->997027K(1761280K), 0.0080030 secs] [Times: user=0.06 sys=0.00, real=0.01 secs] 
689.091: [GC689.091: [ParNew
Desired survivor size 41943040 bytes, new threshold 6 (max 6)
- age   1:    1393800 bytes,    1393800 total
- age   2:      44696 bytes,    1438496 total
- age   3:       3992 bytes,    1442488 total
- age   4:       6104 bytes,    1448592 total
- age   5:       3632 bytes,    1452224 total
- age   6:       1608 bytes,    1453832 total
: 658329K->2305K(737280K), 0.0068310 secs] 1652387K->996364K(1761280K), 0.0070120 secs] [Times: user=0.05 sys=0.00, real=0.00 secs] 
689.316: [GC689.316: [ParNew
Desired survivor size 41943040 bytes, new threshold 6 (max 6)
- age   1:    1865816 bytes,    1865816 total
- age   2:      12288 bytes,    1878104 total
- age   3:      44600 bytes,    1922704 total
- age   4:       3920 bytes,    1926624 total
- age   5:       6008 bytes,    1932632 total
- age   6:       3632 bytes,    1936264 total
: 657665K->2871K(737280K), 0.0072380 secs] 1651724K->996933K(1761280K), 0.0073860 secs] [Times: user=0.05 sys=0.01, real=0.01 secs] 
689.551: [GC689.551: [ParNew
Desired survivor size 41943040 bytes, new threshold 6 (max 6)
- age   1:    1121336 bytes,    1121336 total
- age   2:       7744 bytes,    1129080 total
- age   3:      12216 bytes,    1141296 total
- age   4:      44600 bytes,    1185896 total
- age   5:       3896 bytes,    1189792 total
- age   6:       6008 bytes,    1195800 total
: 658231K->1828K(737280K), 0.0068750 secs] 1652293K->995893K(1761280K), 0.0070480 secs] [Times: user=0.04 sys=0.00, real=0.00 secs] 
689.792: [GC689.792: [ParNew
Desired survivor size 41943040 bytes, new threshold 6 (max 6)
- age   1:     920008 bytes,     920008 total
- age   2:       1208 bytes,     921216 total
- age   3:       7552 bytes,     928768 total
- age   4:      12120 bytes,     940888 total
- age   5:      44384 bytes,     985272 total
- age   6:       3704 bytes,     988976 total
: 657188K->1499K(737280K), 0.0064310 secs] 1651253K->995571K(1761280K), 0.0066200 secs] [Times: user=0.04 sys=0.00, real=0.00 secs] 
690.027: [GC690.027: [ParNew
Desired survivor size 41943040 bytes, new threshold 6 (max 6)
- age   1:    1909184 bytes,    1909184 total
- age   2:       8800 bytes,    1917984 total
- age   3:       1088 bytes,    1919072 total
- age   4:       7528 bytes,    1926600 total
- age   5:      12072 bytes,    1938672 total
- age   6:      44384 bytes,    1983056 total
: 656859K->2511K(737280K), 0.0072790 secs] 1650931K->996587K(1761280K), 0.0074830 secs] [Times: user=0.05 sys=0.01, real=0.01 secs] 
690.249: [GC690.249: [ParNew
Desired survivor size 41943040 bytes, new threshold 6 (max 6)
- age   1:     211968 bytes,     211968 total
- age   2:        816 bytes,     212784 total
- age   3:       8224 bytes,     221008 total
- age   4:        728 bytes,     221736 total
- age   5:       7384 bytes,     229120 total
- age   6:      11928 bytes,     241048 total
: 657871K->1716K(737280K), 0.0062160 secs] 1651947K->995836K(1761280K), 0.0063790 secs] [Times: user=0.04 sys=0.00, real=0.01 secs] 
690.526: [GC690.526: [ParNew
Desired survivor size 41943040 bytes, new threshold 6 (max 6)
- age   1:    1195192 bytes,    1195192 total
- age   2:       4832 bytes,    1200024 total
- age   3:        696 bytes,    1200720 total
- age   4:       8152 bytes,    1208872 total
- age   5:        704 bytes,    1209576 total
- age   6:       7384 bytes,    1216960 total
: 657076K->1361K(737280K), 0.0068750 secs] 1651196K->995492K(1761280K), 0.0070230 secs] [Times: user=0.04 sys=0.01, real=0.01 secs] 
690.771: [GC690.771: [ParNew
Desired survivor size 41943040 bytes, new threshold 6 (max 6)
- age   1:     179320 bytes,     179320 total
- age   2:       1016 bytes,     180336 total
- age   3:       4832 bytes,     185168 total
- age   4:        696 bytes,     185864 total
- age   5:       8152 bytes,     194016 total
- age   6:        704 bytes,     194720 total
: 656721K->1009K(737280K), 0.0058030 secs] 1650852K->995148K(1761280K), 0.0059320 secs] [Times: user=0.04 sys=0.00, real=0.01 secs] 
691.019: [GC691.019: [ParNew
Desired survivor size 41943040 bytes, new threshold 6 (max 6)
- age   1:    1452800 bytes,    1452800 total
- age   2:       9168 bytes,    1461968 total
- age   3:        680 bytes,    1462648 total
- age   4:       4592 bytes,    1467240 total
- age   5:        576 bytes,    1467816 total
- age   6:       8032 bytes,    1475848 total
: 656369K->1548K(737280K), 0.0067650 secs] 1650508K->995687K(1761280K), 0.0069620 secs] [Times: user=0.04 sys=0.00, real=0.01 secs] 
691.229: [GC691.229: [ParNew
Desired survivor size 41943040 bytes, new threshold 6 (max 6)
- age   1:    1863048 bytes,    1863048 total
- age   2:       8888 bytes,    1871936 total
- age   3:       9136 bytes,    1881072 total
- age   4:        680 bytes,    1881752 total
- age   5:       4592 bytes,    1886344 total
- age   6:        576 bytes,    1886920 total
: 656908K->2450K(737280K), 0.0107720 secs] 1651047K->996597K(1761280K), 0.0109310 secs] [Times: user=0.06 sys=0.01, real=0.01 secs] 
691.469: [GC691.469: [ParNew
Desired survivor size 41943040 bytes, new threshold 6 (max 6)
- age   1:    1042008 bytes,    1042008 total
- age   2:        880 bytes,    1042888 total
- age   3:       8744 bytes,    1051632 total
- age   4:       8872 bytes,    1060504 total
- age   5:        600 bytes,    1061104 total
- age   6:       4568 bytes,    1065672 total
: 657810K->1670K(737280K), 0.0068310 secs] 1651957K->995818K(1761280K), 0.0069630 secs] [Times: user=0.05 sys=0.01, real=0.01 secs] 
691.697: [GC691.697: [ParNew
Desired survivor size 41943040 bytes, new threshold 6 (max 6)
- age   1:    2045144 bytes,    2045144 total
- age   2:       4728 bytes,    2049872 total
- age   3:        472 bytes,    2050344 total
- age   4:       8456 bytes,    2058800 total
- age   5:       8392 bytes,    2067192 total
- age   6:        312 bytes,    2067504 total
: 657030K->2695K(737280K), 0.0073890 secs] 1651178K->996849K(1761280K), 0.0075190 secs] [Times: user=0.06 sys=0.00, real=0.01 secs] 
691.943: [GC691.944: [ParNew
Desired survivor size 41943040 bytes, new threshold 6 (max 6)
- age   1:    2484680 bytes,    2484680 total
- age   2:       6968 bytes,    2491648 total
- age   3:       4536 bytes,    2496184 total
- age   4:        376 bytes,    2496560 total
- age   5:       8240 bytes,    2504800 total
- age   6:       8392 bytes,    2513192 total
: 658055K->3174K(737280K), 0.0076460 secs] 1652209K->997327K(1761280K), 0.0078100 secs] [Times: user=0.04 sys=0.00, real=0.01 secs] 
692.170: [GC692.170: [ParNew
Desired survivor size 41943040 bytes, new threshold 6 (max 6)
- age   1:     389136 bytes,     389136 total
- age   2:       1608 bytes,     390744 total
- age   3:       6824 bytes,     397568 total
- age   4:       4536 bytes,     402104 total
- age   5:        344 bytes,     402448 total
- age   6:       8216 bytes,     410664 total
: 658534K->2294K(737280K), 0.0061850 secs] 1652687K->996456K(1761280K), 0.0063040 secs] [Times: user=0.04 sys=0.00, real=0.01 secs] 
692.396: [GC692.396: [ParNew
Desired survivor size 41943040 bytes, new threshold 6 (max 6)
- age   1:     607456 bytes,     607456 total
- age   2:       3936 bytes,     611392 total
- age   3:       1584 bytes,     612976 total
- age   4:       6824 bytes,     619800 total
- age   5:       4536 bytes,     624336 total
- age   6:        344 bytes,     624680 total
: 657654K->1135K(737280K), 0.0061240 secs] 1651816K->995306K(1761280K), 0.0062510 secs] [Times: user=0.04 sys=0.00, real=0.01 secs] 
692.533: [CMS-concurrent-mark: 8.018/8.322 secs] [Times: user=62.08 sys=1.16, real=8.32 secs] 
692.533: [CMS-concurrent-preclean-start]
692.546: [CMS-concurrent-preclean: 0.013/0.014 secs] [Times: user=0.10 sys=0.01, real=0.01 secs] 
692.547: [CMS-concurrent-abortable-preclean-start]
692.631: [GC692.631: [ParNew
Desired survivor size 41943040 bytes, new threshold 6 (max 6)
- age   1:     834008 bytes,     834008 total
- age   2:       1312 bytes,     835320 total
- age   3:       3936 bytes,     839256 total
- age   4:       1584 bytes,     840840 total
- age   5:       6800 bytes,     847640 total
- age   6:       4504 bytes,     852144 total
: 656495K->1026K(737280K), 0.0060650 secs] 1650666K->995197K(1761280K), 0.0062010 secs] [Times: user=0.04 sys=0.00, real=0.00 secs] 
692.760: [CMS-concurrent-abortable-preclean: 0.100/0.213 secs] [Times: user=1.59 sys=0.03, real=0.21 secs] 
692.763: [GC[YG occupancy: 391555 K (737280 K)]692.763: [Rescan (parallel) , 0.2690660 secs]693.032: [weak refs processing, 0.0000300 secs]693.032: [scrub string table, 0.0010030 secs] [1 CMS-remark: 994171K(1024000K)] 1385726K(1761280K), 0.2702470 secs] [Times: user=1.97 sys=0.01, real=0.27 secs] 
693.033: [CMS-concurrent-sweep-start]
693.137: [GC693.137: [ParNew
Desired survivor size 41943040 bytes, new threshold 6 (max 6)
- age   1:     592520 bytes,     592520 total
- age   2:       1192 bytes,     593712 total
- age   3:       1312 bytes,     595024 total
- age   4:       3912 bytes,     598936 total
- age   5:       1584 bytes,     600520 total
- age   6:       6800 bytes,     607320 total
: 656386K->1173K(737280K), 0.0064240 secs] 1650555K->995347K(1761280K), 0.0065770 secs] [Times: user=0.05 sys=0.00, real=0.01 secs] 
693.383: [GC693.383: [ParNew
Desired survivor size 41943040 bytes, new threshold 6 (max 6)
- age   1:    1199088 bytes,    1199088 total
- age   2:       7848 bytes,    1206936 total
- age   3:        976 bytes,    1207912 total
- age   4:       1024 bytes,    1208936 total
- age   5:       3672 bytes,    1212608 total
- age   6:       1344 bytes,    1213952 total
: 656533K->1410K(737280K), 0.0063480 secs] 1650706K->995590K(1761280K), 0.0064670 secs] [Times: user=0.04 sys=0.01, real=0.00 secs] 
693.636: [GC693.636: [ParNew
Desired survivor size 41943040 bytes, new threshold 6 (max 6)
- age   1:    1648432 bytes,    1648432 total
- age   2:       4168 bytes,    1652600 total
- age   3:       7536 bytes,    1660136 total
- age   4:        760 bytes,    1660896 total
- age   5:        712 bytes,    1661608 total
- age   6:       3576 bytes,    1665184 total
: 656770K->2103K(737280K), 0.0067010 secs] 1650950K->996285K(1761280K), 0.0068400 secs] [Times: user=0.05 sys=0.00, real=0.01 secs] 
693.901: [GC693.901: [ParNew
Desired survivor size 41943040 bytes, new threshold 6 (max 6)
- age   1:     379056 bytes,     379056 total
- age   2:       1816 bytes,     380872 total
- age   3:       4168 bytes,     385040 total
- age   4:       7536 bytes,     392576 total
- age   5:        760 bytes,     393336 total
- age   6:        712 bytes,     394048 total
: 657463K->1467K(737280K), 0.0062710 secs] 1651645K->995652K(1761280K), 0.0064120 secs] [Times: user=0.03 sys=0.00, real=0.01 secs] 
694.139: [GC694.139: [ParNew
Desired survivor size 41943040 bytes, new threshold 6 (max 6)
- age   1:    1170736 bytes,    1170736 total
- age   2:       2512 bytes,    1173248 total
- age   3:       1648 bytes,    1174896 total
- age   4:       3976 bytes,    1178872 total
- age   5:       7488 bytes,    1186360 total
- age   6:        592 bytes,    1186952 total
: 656827K->1388K(737280K), 0.0067130 secs] 1651012K->995575K(1761280K), 0.0068720 secs] [Times: user=0.05 sys=0.00, real=0.01 secs] 
694.236: [CMS-concurrent-sweep: 1.161/1.203 secs] [Times: user=8.96 sys=0.20, real=1.20 secs] 
694.236: [CMS-concurrent-reset-start]
694.272: [CMS-concurrent-reset: 0.035/0.035 secs] [Times: user=0.26 sys=0.01, real=0.04 secs] 
694.366: [GC694.366: [ParNew
Desired survivor size 41943040 bytes, new threshold 6 (max 6)
- age   1:     469440 bytes,     469440 total
- age   2:       1272 bytes,     470712 total
- age   3:       2168 bytes,     472880 total
- age   4:       1528 bytes,     474408 total
- age   5:       3880 bytes,     478288 total
- age   6:       7488 bytes,     485776 total
: 656748K->1108K(737280K), 0.0057840 secs] 1650765K->995125K(1761280K), 0.0059570 secs] [Times: user=0.04 sys=0.00, real=0.01 secs] 
694.374: [GC [1 CMS-initial-mark: 994017K(1024000K)] 999180K(1761280K), 0.0066680 secs] [Times: user=0.00 sys=0.00, real=0.00 secs] 
694.381: [CMS-concurrent-mark-start]
694.636: [GC694.636: [ParNew
Desired survivor size 41943040 bytes, new threshold 6 (max 6)
- age   1:     408384 bytes,     408384 total
- age   2:      17960 bytes,     426344 total
- age   3:       1200 bytes,     427544 total
- age   4:       2024 bytes,     429568 total
- age   5:       1480 bytes,     431048 total
- age   6:       3880 bytes,     434928 total
: 656468K->689K(737280K), 0.0060420 secs] 1650485K->994714K(1761280K), 0.0062380 secs] [Times: user=0.05 sys=0.00, real=0.01 secs] 
694.873: [GC694.873: [ParNew
Desired survivor size 41943040 bytes, new threshold 6 (max 6)
- age   1:    2247688 bytes,    2247688 total
- age   2:       4744 bytes,    2252432 total
- age   3:      17664 bytes,    2270096 total
- age   4:       1128 bytes,    2271224 total
- age   5:       1488 bytes,    2272712 total
- age   6:       1216 bytes,    2273928 total
: 656049K->2494K(737280K), 0.0195140 secs] 1650074K->996523K(1761280K), 0.0197040 secs] [Times: user=0.09 sys=0.00, real=0.02 secs] 
695.106: [GC695.106: [ParNew
Desired survivor size 41943040 bytes, new threshold 6 (max 6)
- age   1:    2497544 bytes,    2497544 total
- age   2:       9224 bytes,    2506768 total
- age   3:       4552 bytes,    2511320 total
- age   4:      17568 bytes,    2528888 total
- age   5:        912 bytes,    2529800 total
- age   6:       1272 bytes,    2531072 total
: 657854K->3321K(737280K), 0.0075560 secs] 1651883K->997351K(1761280K), 0.0077170 secs] [Times: user=0.06 sys=0.00, real=0.01 secs] 
695.336: [GC695.336: [ParNew
Desired survivor size 41943040 bytes, new threshold 6 (max 6)
- age   1:    1278072 bytes,    1278072 total
- age   2:      19400 bytes,    1297472 total
- age   3:       9096 bytes,    1306568 total
- age   4:       4552 bytes,    1311120 total
- age   5:      17568 bytes,    1328688 total
- age   6:        912 bytes,    1329600 total
: 658681K->2296K(737280K), 0.0068300 secs] 1652711K->996328K(1761280K), 0.0069700 secs] [Times: user=0.05 sys=0.00, real=0.01 secs] 
695.579: [GC695.579: [ParNew
Desired survivor size 41943040 bytes, new threshold 6 (max 6)
- age   1:     900544 bytes,     900544 total
- age   2:       7584 bytes,     908128 total
- age   3:      19328 bytes,     927456 total
- age   4:       8832 bytes,     936288 total
- age   5:       4456 bytes,     940744 total
- age   6:      17488 bytes,     958232 total
: 657656K->1724K(737280K), 0.0068250 secs] 1651688K->995756K(1761280K), 0.0069700 secs] [Times: user=0.04 sys=0.00, real=0.01 secs] 
695.831: [GC695.832: [ParNew
Desired survivor size 41943040 bytes, new threshold 6 (max 6)
- age   1:    1607936 bytes,    1607936 total
- age   2:       7368 bytes,    1615304 total
- age   3:       7176 bytes,    1622480 total
- age   4:      19088 bytes,    1641568 total
- age   5:       8616 bytes,    1650184 total
- age   6:       4024 bytes,    1654208 total
: 657084K->1848K(737280K), 0.0071510 secs] 1651116K->995898K(1761280K), 0.0073020 secs] [Times: user=0.04 sys=0.00, real=0.01 secs] 
696.096: [GC696.096: [ParNew
Desired survivor size 41943040 bytes, new threshold 6 (max 6)
- age   1:     696488 bytes,     696488 total
- age   2:      11080 bytes,     707568 total
- age   3:       7272 bytes,     714840 total
- age   4:       7152 bytes,     721992 total
- age   5:      19064 bytes,     741056 total
- age   6:       8616 bytes,     749672 total
: 657208K->1365K(737280K), 0.0062940 secs] 1651258K->995419K(1761280K), 0.0064310 secs] [Times: user=0.04 sys=0.00, real=0.01 secs] 
696.343: [GC696.343: [ParNew
Desired survivor size 41943040 bytes, new threshold 6 (max 6)
- age   1:     892904 bytes,     892904 total
- age   2:       4624 bytes,     897528 total
- age   3:      11080 bytes,     908608 total
- age   4:       7272 bytes,     915880 total
- age   5:       7152 bytes,     923032 total
- age   6:      19064 bytes,     942096 total
: 656725K->1308K(737280K), 0.0065720 secs] 1650779K->995371K(1761280K), 0.0067300 secs] [Times: user=0.05 sys=0.00, real=0.00 secs] 
696.578: [GC696.579: [ParNew
Desired survivor size 41943040 bytes, new threshold 6 (max 6)
- age   1:     307696 bytes,     307696 total
- age   2:       1200 bytes,     308896 total
- age   3:       3952 bytes,     312848 total
- age   4:      10840 bytes,     323688 total
- age   5:       7200 bytes,     330888 total
- age   6:       7152 bytes,     338040 total
: 656668K->844K(737280K), 0.0061060 secs] 1650731K->994925K(1761280K), 0.0063160 secs] [Times: user=0.04 sys=0.00, real=0.01 secs] 
696.832: [GC696.832: [ParNew
Desired survivor size 41943040 bytes, new threshold 6 (max 6)
- age   1:     996752 bytes,     996752 total
- age   2:      22928 bytes,    1019680 total
- age   3:       1200 bytes,    1020880 total
- age   4:       3952 bytes,    1024832 total
- age   5:      10840 bytes,    1035672 total
- age   6:       7200 bytes,    1042872 total
: 656204K->1137K(737280K), 0.0061310 secs] 1650285K->995226K(1761280K), 0.0062950 secs] [Times: user=0.04 sys=0.00, real=0.01 secs] 
697.088: [GC697.088: [ParNew
Desired survivor size 41943040 bytes, new threshold 6 (max 6)
- age   1:    2269856 bytes,    2269856 total
- age   2:      11832 bytes,    2281688 total
- age   3:      22736 bytes,    2304424 total
- age   4:       1176 bytes,    2305600 total
- age   5:       3928 bytes,    2309528 total
- age   6:      10840 bytes,    2320368 total
: 656497K->2930K(737280K), 0.0083680 secs] 1650586K->997026K(1761280K), 0.0085000 secs] [Times: user=0.05 sys=0.00, real=0.01 secs] 
697.328: [GC697.328: [ParNew
Desired survivor size 41943040 bytes, new threshold 6 (max 6)
- age   1:    1619112 bytes,    1619112 total
- age   2:       1208 bytes,    1620320 total
- age   3:      11744 bytes,    1632064 total
- age   4:      22736 bytes,    1654800 total
- age   5:       1176 bytes,    1655976 total
- age   6:       3928 bytes,    1659904 total
: 658290K->2624K(737280K), 0.0070550 secs] 1652386K->996732K(1761280K), 0.0072070 secs] [Times: user=0.04 sys=0.01, real=0.01 secs] 
697.576: [GC697.577: [ParNew
Desired survivor size 41943040 bytes, new threshold 6 (max 6)
- age   1:    1337728 bytes,    1337728 total
- age   2:       1648 bytes,    1339376 total
- age   3:       1112 bytes,    1340488 total
- age   4:      11624 bytes,    1352112 total
- age   5:      22616 bytes,    1374728 total
- age   6:       1080 bytes,    1375808 total
: 657984K->2116K(737280K), 0.0067620 secs] 1652092K->996227K(1761280K), 0.0069080 secs] [Times: user=0.05 sys=0.00, real=0.01 secs] 
697.833: [GC697.833: [ParNew
Desired survivor size 41943040 bytes, new threshold 6 (max 6)
- age   1:    1048152 bytes,    1048152 total
- age   2:       2000 bytes,    1050152 total
- age   3:       1384 bytes,    1051536 total
- age   4:        936 bytes,    1052472 total
- age   5:      11432 bytes,    1063904 total
- age   6:      22544 bytes,    1086448 total
: 657476K->1430K(737280K), 0.0065220 secs] 1651587K->995543K(1761280K), 0.0066660 secs] [Times: user=0.05 sys=0.00, real=0.00 secs] 
698.076: [GC698.076: [ParNew
Desired survivor size 41943040 bytes, new threshold 6 (max 6)
- age   1:     650384 bytes,     650384 total
- age   2:      10752 bytes,     661136 total
- age   3:       2000 bytes,     663136 total
- age   4:       1384 bytes,     664520 total
- age   5:        936 bytes,     665456 total
- age   6:      11432 bytes,     676888 total
: 656790K->1297K(737280K), 0.0065540 secs] 1650903K->995433K(1761280K), 0.0066990 secs] [Times: user=0.05 sys=0.00, real=0.01 secs] 
698.359: [GC698.359: [ParNew
Desired survivor size 41943040 bytes, new threshold 6 (max 6)
- age   1:    1309936 bytes,    1309936 total
- age   2:        664 bytes,    1310600 total
- age   3:      10728 bytes,    1321328 total
- age   4:       1928 bytes,    1323256 total
- age   5:       1264 bytes,    1324520 total
- age   6:        840 bytes,    1325360 total
: 656657K->1608K(737280K), 0.0070850 secs] 1650793K->995755K(1761280K), 0.0072280 secs] [Times: user=0.05 sys=0.00, real=0.01 secs] 
698.645: [GC698.645: [ParNew
Desired survivor size 41943040 bytes, new threshold 6 (max 6)
- age   1:     992288 bytes,     992288 total
- age   2:       4352 bytes,     996640 total
- age   3:        424 bytes,     997064 total
- age   4:      10312 bytes,    1007376 total
- age   5:       1784 bytes,    1009160 total
- age   6:       1216 bytes,    1010376 total
: 656968K->1657K(737280K), 0.0087690 secs] 1651115K->995804K(1761280K), 0.0089480 secs] [Times: user=0.06 sys=0.01, real=0.01 secs] 
698.911: [GC698.911: [ParNew
Desired survivor size 41943040 bytes, new threshold 6 (max 6)
- age   1:    1317584 bytes,    1317584 total
- age   2:       5416 bytes,    1323000 total
- age   3:       4136 bytes,    1327136 total
- age   4:        400 bytes,    1327536 total
- age   5:      10216 bytes,    1337752 total
- age   6:       1688 bytes,    1339440 total
: 657017K->1696K(737280K), 0.0065440 secs] 1651164K->995845K(1761280K), 0.0067210 secs] [Times: user=0.04 sys=0.00, real=0.01 secs] 
699.132: [GC699.132: [ParNew
Desired survivor size 41943040 bytes, new threshold 6 (max 6)
- age   1:    1311616 bytes,    1311616 total
- age   2:       8656 bytes,    1320272 total
- age   3:       5216 bytes,    1325488 total
- age   4:       4064 bytes,    1329552 total
- age   5:        376 bytes,    1329928 total
- age   6:      10096 bytes,    1340024 total
: 657056K->1856K(737280K), 0.0072730 secs] 1651205K->996007K(1761280K), 0.0073940 secs] [Times: user=0.04 sys=0.01, real=0.00 secs] 
699.358: [GC699.358: [ParNew
Desired survivor size 41943040 bytes, new threshold 6 (max 6)
- age   1:    2668424 bytes,    2668424 total
- age   2:        576 bytes,    2669000 total
- age   3:       8440 bytes,    2677440 total
- age   4:       4976 bytes,    2682416 total
- age   5:       3896 bytes,    2686312 total
- age   6:        328 bytes,    2686640 total
: 657216K->3484K(737280K), 0.0078150 secs] 1651367K->997645K(1761280K), 0.0079970 secs] [Times: user=0.05 sys=0.01, real=0.01 secs] 
699.665: [GC699.665: [ParNew
Desired survivor size 41943040 bytes, new threshold 6 (max 6)
- age   1:    1125976 bytes,    1125976 total
- age   2:       4664 bytes,    1130640 total
- age   3:        544 bytes,    1131184 total
- age   4:       8440 bytes,    1139624 total
- age   5:       4952 bytes,    1144576 total
- age   6:       3896 bytes,    1148472 total
: 658844K->2284K(737280K), 0.0063930 secs] 1653005K->996446K(1761280K), 0.0065440 secs] [Times: user=0.04 sys=0.00, real=0.00 secs] 
699.925: [GC699.925: [ParNew
Desired survivor size 41943040 bytes, new threshold 6 (max 6)
- age   1:     569392 bytes,     569392 total
- age   2:        656 bytes,     570048 total
- age   3:       2800 bytes,     572848 total
- age   4:        544 bytes,     573392 total
- age   5:       8440 bytes,     581832 total
- age   6:       4952 bytes,     586784 total
: 657644K->991K(737280K), 0.0067710 secs] 1651806K->995157K(1761280K), 0.0069040 secs] [Times: user=0.03 sys=0.00, real=0.01 secs] 
700.154: [GC700.154: [ParNew
Desired survivor size 41943040 bytes, new threshold 6 (max 6)
- age   1:    1780464 bytes,    1780464 total
- age   2:        768 bytes,    1781232 total
- age   3:        576 bytes,    1781808 total
- age   4:       2680 bytes,    1784488 total
- age   5:        424 bytes,    1784912 total
- age   6:       8200 bytes,    1793112 total
: 656351K->2024K(737280K), 0.0072510 secs] 1650517K->996195K(1761280K), 0.0074060 secs] [Times: user=0.05 sys=0.00, real=0.00 secs] 
700.380: [GC700.380: [ParNew
Desired survivor size 41943040 bytes, new threshold 6 (max 6)
- age   1:     830784 bytes,     830784 total
- age   2:       3960 bytes,     834744 total
- age   3:        432 bytes,     835176 total
- age   4:        408 bytes,     835584 total
- age   5:       2224 bytes,     837808 total
- age   6:        232 bytes,     838040 total
: 657384K->1607K(737280K), 0.0068400 secs] 1651555K->995786K(1761280K), 0.0069970 secs] [Times: user=0.04 sys=0.00, real=0.01 secs] 
700.590: [GC700.590: [ParNew
Desired survivor size 41943040 bytes, new threshold 6 (max 6)
- age   1:    1775704 bytes,    1775704 total
- age   2:       1528 bytes,    1777232 total
- age   3:       3888 bytes,    1781120 total
- age   4:        312 bytes,    1781432 total
- age   5:        312 bytes,    1781744 total
- age   6:       2128 bytes,    1783872 total
: 656967K->2075K(737280K), 0.0068940 secs] 1651146K->996254K(1761280K), 0.0070460 secs] [Times: user=0.04 sys=0.00, real=0.01 secs] 
700.824: [GC700.824: [ParNew
Desired survivor size 41943040 bytes, new threshold 6 (max 6)
- age   1:     184752 bytes,     184752 total
- age   2:       5360 bytes,     190112 total
- age   3:       1496 bytes,     191608 total
- age   4:       3888 bytes,     195496 total
- age   5:        312 bytes,     195808 total
- age   6:        312 bytes,     196120 total
: 657435K->1472K(737280K), 0.0061030 secs] 1651614K->995653K(1761280K), 0.0062760 secs] [Times: user=0.04 sys=0.00, real=0.00 secs] 
701.085: [GC701.085: [ParNew
Desired survivor size 41943040 bytes, new threshold 6 (max 6)
- age   1:     462656 bytes,     462656 total
- age   2:       2280 bytes,     464936 total
- age   3:       5288 bytes,     470224 total
- age   4:       1496 bytes,     471720 total
- age   5:       3888 bytes,     475608 total
- age   6:        312 bytes,     475920 total
: 656832K->707K(737280K), 0.0063070 secs] 1651013K->994888K(1761280K), 0.0064760 secs] [Times: user=0.04 sys=0.00, real=0.00 secs] 
701.314: [GC701.314: [ParNew
Desired survivor size 41943040 bytes, new threshold 6 (max 6)
- age   1:    1496696 bytes,    1496696 total
- age   2:      12968 bytes,    1509664 total
- age   3:       2040 bytes,    1511704 total
- age   4:       5096 bytes,    1516800 total
- age   5:       1376 bytes,    1518176 total
- age   6:       3840 bytes,    1522016 total
: 656067K->1686K(737280K), 0.0068930 secs] 1650248K->995867K(1761280K), 0.0070380 secs] [Times: user=0.05 sys=0.00, real=0.00 secs] 
701.533: [GC701.533: [ParNew
Desired survivor size 41943040 bytes, new threshold 6 (max 6)
- age   1:    1964712 bytes,    1964712 total
- age   2:       5368 bytes,    1970080 total
- age   3:      12680 bytes,    1982760 total
- age   4:       1872 bytes,    1984632 total
- age   5:       5048 bytes,    1989680 total
- age   6:       1352 bytes,    1991032 total
: 657046K->2454K(737280K), 0.0072980 secs] 1651227K->996640K(1761280K), 0.0074340 secs] [Times: user=0.05 sys=0.00, real=0.00 secs] 
701.766: [GC701.767: [ParNew
Desired survivor size 41943040 bytes, new threshold 6 (max 6)
- age   1:     656912 bytes,     656912 total
- age   2:       8216 bytes,     665128 total
- age   3:       5344 bytes,     670472 total
- age   4:      12656 bytes,     683128 total
- age   5:       1768 bytes,     684896 total
- age   6:       5000 bytes,     689896 total
: 657814K->1765K(737280K), 0.0061940 secs] 1652000K->995952K(1761280K), 0.0063300 secs] [Times: user=0.05 sys=0.00, real=0.01 secs] 
702.028: [GC702.028: [ParNew
Desired survivor size 41943040 bytes, new threshold 6 (max 6)
- age   1:     950640 bytes,     950640 total
- age   2:       9064 bytes,     959704 total
- age   3:       8048 bytes,     967752 total
- age   4:       5032 bytes,     972784 total
- age   5:      12272 bytes,     985056 total
- age   6:       1408 bytes,     986464 total
: 657125K->1219K(737280K), 0.0067180 secs] 1651312K->995411K(1761280K), 0.0068690 secs] [Times: user=0.04 sys=0.00, real=0.01 secs] 
702.242: [GC702.242: [ParNew
Desired survivor size 41943040 bytes, new threshold 6 (max 6)
- age   1:    1700104 bytes,    1700104 total
- age   2:       4752 bytes,    1704856 total
- age   3:       9040 bytes,    1713896 total
- age   4:       8048 bytes,    1721944 total
- age   5:       5008 bytes,    1726952 total
- age   6:      12272 bytes,    1739224 total
: 656579K->2187K(737280K), 0.0070000 secs] 1650771K->996381K(1761280K), 0.0071860 secs] [Times: user=0.05 sys=0.00, real=0.01 secs] 
702.457: [GC702.458: [ParNew
Desired survivor size 41943040 bytes, new threshold 6 (max 6)
- age   1:    1161112 bytes,    1161112 total
- age   2:        808 bytes,    1161920 total
- age   3:       4752 bytes,    1166672 total
- age   4:       9040 bytes,    1175712 total
- age   5:       8048 bytes,    1183760 total
- age   6:       5008 bytes,    1188768 total
: 657547K->1679K(737280K), 0.0065610 secs] 1651741K->995885K(1761280K), 0.0066930 secs] [Times: user=0.04 sys=0.00, real=0.01 secs] 
702.674: [GC702.675: [ParNew
Desired survivor size 41943040 bytes, new threshold 6 (max 6)
- age   1:    1005744 bytes,    1005744 total
- age   2:        648 bytes,    1006392 total
- age   3:        680 bytes,    1007072 total
- age   4:       4752 bytes,    1011824 total
- age   5:       9016 bytes,    1020840 total
- age   6:       8048 bytes,    1028888 total
: 657039K->1710K(737280K), 0.0064300 secs] 1651245K->995922K(1761280K), 0.0065980 secs] [Times: user=0.04 sys=0.00, real=0.00 secs] 
702.932: [GC702.932: [ParNew
Desired survivor size 41943040 bytes, new threshold 6 (max 6)
- age   1:    1357152 bytes,    1357152 total
- age   2:       1128 bytes,    1358280 total
- age   3:        576 bytes,    1358856 total
- age   4:        608 bytes,    1359464 total
- age   5:       4680 bytes,    1364144 total
- age   6:       9016 bytes,    1373160 total
: 657070K->1719K(737280K), 0.0069210 secs] 1651282K->995939K(1761280K), 0.0070630 secs] [Times: user=0.05 sys=0.00, real=0.01 secs] 
703.149: [GC703.149: [ParNew
Desired survivor size 41943040 bytes, new threshold 6 (max 6)
- age   1:    1951448 bytes,    1951448 total
- age   2:       8272 bytes,    1959720 total
- age   3:       1032 bytes,    1960752 total
- age   4:        504 bytes,    1961256 total
- age   5:        464 bytes,    1961720 total
- age   6:       4632 bytes,    1966352 total
: 657079K->2502K(737280K), 0.0076620 secs] 1651299K->996731K(1761280K), 0.0078030 secs] [Times: user=0.05 sys=0.00, real=0.01 secs] 
703.403: [CMS-concurrent-mark: 8.690/9.022 secs] [Times: user=65.84 sys=1.30, real=9.03 secs] 
703.405: [GC703.405: [ParNew
Desired survivor size 41943040 bytes, new threshold 6 (max 6)
- age   1:    1002744 bytes,    1002744 total
- age   2:       4400 bytes,    1007144 total
- age   3:       8248 bytes,    1015392 total
- age   4:       1000 bytes,    1016392 total
- age   5:        504 bytes,    1016896 total
- age   6:        464 bytes,    1017360 total
: 657862K->1734K(737280K), 0.0065310 secs] 1652091K->995968K(1761280K), 0.0067110 secs] [Times: user=0.04 sys=0.00, real=0.00 secs] 
703.412: [CMS-concurrent-preclean-start]
703.428: [CMS-concurrent-preclean: 0.015/0.016 secs] [Times: user=0.12 sys=0.00, real=0.02 secs] 
703.428: [CMS-concurrent-abortable-preclean-start]
703.534: [CMS-concurrent-abortable-preclean: 0.105/0.106 secs] [Times: user=0.81 sys=0.01, real=0.11 secs] 
703.536: [GC[YG occupancy: 381034 K (737280 K)]703.536: [Rescan (parallel) , 0.0683760 secs]703.604: [weak refs processing, 0.0000310 secs]703.604: [scrub string table, 0.0010000 secs] [1 CMS-remark: 994233K(1024000K)] 1375267K(1761280K), 0.0695490 secs] [Times: user=0.54 sys=0.00, real=0.07 secs] 
703.606: [CMS-concurrent-sweep-start]
703.714: [GC703.714: [ParNew
Desired survivor size 41943040 bytes, new threshold 6 (max 6)
- age   1:    1641240 bytes,    1641240 total
- age   2:        928 bytes,    1642168 total
- age   3:       4280 bytes,    1646448 total
- age   4:       8104 bytes,    1654552 total
- age   5:        952 bytes,    1655504 total
- age   6:        456 bytes,    1655960 total
: 657094K->1914K(737280K), 0.0072110 secs] 1651327K->996148K(1761280K), 0.0073490 secs] [Times: user=0.04 sys=0.00, real=0.00 secs] 
703.974: [GC703.975: [ParNew
Desired survivor size 41943040 bytes, new threshold 6 (max 6)
- age   1:     915752 bytes,     915752 total
- age   2:        976 bytes,     916728 total
- age   3:        784 bytes,     917512 total
- age   4:       4136 bytes,     921648 total
- age   5:       7816 bytes,     929464 total
- age   6:        808 bytes,     930272 total
: 657274K->1591K(737280K), 0.0063950 secs] 1651508K->995825K(1761280K), 0.0065380 secs] [Times: user=0.05 sys=0.00, real=0.00 secs] 
704.211: [GC704.211: [ParNew
Desired survivor size 41943040 bytes, new threshold 6 (max 6)
- age   1:    2446896 bytes,    2446896 total
- age   2:       5536 bytes,    2452432 total
- age   3:        928 bytes,    2453360 total
- age   4:        736 bytes,    2454096 total
- age   5:       4064 bytes,    2458160 total
- age   6:       7720 bytes,    2465880 total
: 656951K->2777K(737280K), 0.0077430 secs] 1651185K->997012K(1761280K), 0.0079070 secs] [Times: user=0.05 sys=0.00, real=0.01 secs] 
704.430: [GC704.431: [ParNew
Desired survivor size 41943040 bytes, new threshold 6 (max 6)
- age   1:    1123016 bytes,    1123016 total
- age   2:       1744 bytes,    1124760 total
- age   3:       5536 bytes,    1130296 total
- age   4:        928 bytes,    1131224 total
- age   5:        736 bytes,    1131960 total
- age   6:       4064 bytes,    1136024 total
: 658137K->2227K(737280K), 0.0065130 secs] 1652372K->996469K(1761280K), 0.0067120 secs] [Times: user=0.04 sys=0.00, real=0.01 secs] 
704.691: [GC704.691: [ParNew
Desired survivor size 41943040 bytes, new threshold 6 (max 6)
- age   1:    1595208 bytes,    1595208 total
- age   2:        784 bytes,    1595992 total
- age   3:       1408 bytes,    1597400 total
- age   4:       5320 bytes,    1602720 total
- age   5:        712 bytes,    1603432 total
- age   6:        616 bytes,    1604048 total
: 657587K->2163K(737280K), 0.0067710 secs] 1651829K->996409K(1761280K), 0.0069250 secs] [Times: user=0.05 sys=0.00, real=0.01 secs] 
704.931: [GC704.931: [ParNew
Desired survivor size 41943040 bytes, new threshold 6 (max 6)
- age   1:    2323736 bytes,    2323736 total
- age   2:        776 bytes,    2324512 total
- age   3:        640 bytes,    2325152 total
- age   4:       1120 bytes,    2326272 total
- age   5:       5128 bytes,    2331400 total
- age   6:        616 bytes,    2332016 total
: 657523K->2805K(737280K), 0.0077980 secs] 1651754K->997036K(1761280K), 0.0079470 secs] [Times: user=0.05 sys=0.01, real=0.01 secs] 
705.038: [CMS-concurrent-sweep: 1.374/1.432 secs] [Times: user=10.64 sys=0.22, real=1.43 secs] 
705.038: [CMS-concurrent-reset-start]
705.147: [GC705.148: [ParNew
Desired survivor size 41943040 bytes, new threshold 6 (max 6)
- age   1:    3189904 bytes,    3189904 total
- age   2:       4720 bytes,    3194624 total
- age   3:        776 bytes,    3195400 total
- age   4:        640 bytes,    3196040 total
- age   5:       1120 bytes,    3197160 total
- age   6:       5128 bytes,    3202288 total
: 658165K->4117K(737280K), 0.0083070 secs] 1652245K->998198K(1761280K), 0.0084770 secs] [Times: user=0.05 sys=0.00, real=0.01 secs] 
705.165: [CMS-concurrent-reset: 0.116/0.127 secs] [Times: user=0.94 sys=0.01, real=0.13 secs] 
705.366: [GC705.366: [ParNew
Desired survivor size 41943040 bytes, new threshold 6 (max 6)
- age   1:     798032 bytes,     798032 total
- age   2:       8032 bytes,     806064 total
- age   3:       4720 bytes,     810784 total
- age   4:        776 bytes,     811560 total
- age   5:        640 bytes,     812200 total
- age   6:       1096 bytes,     813296 total
: 659477K->2860K(737280K), 0.0062740 secs] 1653558K->996946K(1761280K), 0.0064120 secs] [Times: user=0.04 sys=0.00, real=0.00 secs] 
705.373: [GC [1 CMS-initial-mark: 994086K(1024000K)] 998772K(1761280K), 0.0075050 secs] [Times: user=0.01 sys=0.00, real=0.00 secs] 
705.381: [CMS-concurrent-mark-start]
705.617: [GC705.617: [ParNew
Desired survivor size 41943040 bytes, new threshold 6 (max 6)
- age   1:    2575464 bytes,    2575464 total
- age   2:        848 bytes,    2576312 total
- age   3:       7856 bytes,    2584168 total
- age   4:       4672 bytes,    2588840 total
- age   5:        704 bytes,    2589544 total
- age   6:        568 bytes,    2590112 total
: 658220K->2854K(737280K), 0.0076870 secs] 1652306K->996942K(1761280K), 0.0078170 secs] [Times: user=0.05 sys=0.00, real=0.01 secs] 
705.846: [GC705.846: [ParNew
Desired survivor size 41943040 bytes, new threshold 6 (max 6)
- age   1:    1317760 bytes,    1317760 total
- age   2:       1144 bytes,    1318904 total
- age   3:        848 bytes,    1319752 total
- age   4:       7856 bytes,    1327608 total
- age   5:       4672 bytes,    1332280 total
- age   6:        680 bytes,    1332960 total
: 658214K->2125K(737280K), 0.0066830 secs] 1652302K->996214K(1761280K), 0.0068520 secs] [Times: user=0.05 sys=0.00, real=0.01 secs] 
706.084: [GC706.084: [ParNew
Desired survivor size 41943040 bytes, new threshold 6 (max 6)
- age   1:     916336 bytes,     916336 total
- age   2:       4536 bytes,     920872 total
- age   3:       1024 bytes,     921896 total
- age   4:        848 bytes,     922744 total
- age   5:       7832 bytes,     930576 total
- age   6:       4576 bytes,     935152 total
: 657485K->1507K(737280K), 0.0064530 secs] 1651574K->995596K(1761280K), 0.0066640 secs] [Times: user=0.04 sys=0.00, real=0.00 secs] 
706.320: [GC706.320: [ParNew
Desired survivor size 41943040 bytes, new threshold 6 (max 6)
- age   1:    1151800 bytes,    1151800 total
- age   2:       4336 bytes,    1156136 total
- age   3:       4440 bytes,    1160576 total
- age   4:        920 bytes,    1161496 total
- age   5:        512 bytes,    1162008 total
- age   6:       7760 bytes,    1169768 total
: 656867K->1858K(737280K), 0.0065990 secs] 1650956K->995951K(1761280K), 0.0067440 secs] [Times: user=0.05 sys=0.00, real=0.01 secs] 
706.569: [GC706.569: [ParNew
Desired survivor size 41943040 bytes, new threshold 6 (max 6)
- age   1:     294888 bytes,     294888 total
- age   2:       1152 bytes,     296040 total
- age   3:       4232 bytes,     300272 total
- age   4:       4288 bytes,     304560 total
- age   5:        800 bytes,     305360 total
- age   6:        368 bytes,     305728 total
: 657218K->1122K(737280K), 0.0062290 secs] 1651311K->995223K(1761280K), 0.0063990 secs] [Times: user=0.04 sys=0.00, real=0.01 secs] 
706.820: [GC706.820: [ParNew
Desired survivor size 41943040 bytes, new threshold 6 (max 6)
- age   1:    1084232 bytes,    1084232 total
- age   2:       1744 bytes,    1085976 total
- age   3:       1096 bytes,    1087072 total
- age   4:       4040 bytes,    1091112 total
- age   5:       4216 bytes,    1095328 total
- age   6:        728 bytes,    1096056 total
: 656482K->1243K(737280K), 0.0061710 secs] 1650583K->995344K(1761280K), 0.0062970 secs] [Times: user=0.05 sys=0.00, real=0.01 secs] 
707.079: [GC707.079: [ParNew
Desired survivor size 41943040 bytes, new threshold 6 (max 6)
- age   1:     472120 bytes,     472120 total
- age   2:      68040 bytes,     540160 total
- age   3:       1696 bytes,     541856 total
- age   4:       1096 bytes,     542952 total
- age   5:       4040 bytes,     546992 total
- age   6:       4216 bytes,     551208 total
: 656603K->1003K(737280K), 0.0059250 secs] 1650704K->995105K(1761280K), 0.0060560 secs] [Times: user=0.03 sys=0.00, real=0.01 secs] 
707.330: [GC707.330: [ParNew
Desired survivor size 41943040 bytes, new threshold 6 (max 6)
- age   1:     895448 bytes,     895448 total
- age   2:      27640 bytes,     923088 total
- age   3:      68040 bytes,     991128 total
- age   4:       1696 bytes,     992824 total
- age   5:       1072 bytes,     993896 total
- age   6:       4040 bytes,     997936 total
: 656363K->1221K(737280K), 0.0064680 secs] 1650465K->995328K(1761280K), 0.0066050 secs] [Times: user=0.03 sys=0.00, real=0.01 secs] 
707.576: [GC707.576: [ParNew
Desired survivor size 41943040 bytes, new threshold 6 (max 6)
- age   1:    1868728 bytes,    1868728 total
- age   2:      15688 bytes,    1884416 total
- age   3:      27496 bytes,    1911912 total
- age   4:      67944 bytes,    1979856 total
- age   5:       1664 bytes,    1981520 total
- age   6:       1072 bytes,    1982592 total
: 656581K->2511K(737280K), 0.0071540 secs] 1650688K->996622K(1761280K), 0.0073000 secs] [Times: user=0.05 sys=0.00, real=0.00 secs] 
707.829: [GC707.829: [ParNew
Desired survivor size 41943040 bytes, new threshold 6 (max 6)
- age   1:     286776 bytes,     286776 total
- age   2:      15296 bytes,     302072 total
- age   3:      15616 bytes,     317688 total
- age   4:      24248 bytes,     341936 total
- age   5:      67752 bytes,     409688 total
- age   6:       1616 bytes,     411304 total
: 657871K->1661K(737280K), 0.0063590 secs] 1651982K->995773K(1761280K), 0.0064970 secs] [Times: user=0.05 sys=0.00, real=0.01 secs] 
708.104: [GC708.104: [ParNew
Desired survivor size 41943040 bytes, new threshold 6 (max 6)
- age   1:     761696 bytes,     761696 total
- age   2:      30448 bytes,     792144 total
- age   3:      15104 bytes,     807248 total
- age   4:      15328 bytes,     822576 total
- age   5:      24080 bytes,     846656 total
- age   6:      67464 bytes,     914120 total
: 657021K->1224K(737280K), 0.0064810 secs] 1651133K->995339K(1761280K), 0.0066600 secs] [Times: user=0.04 sys=0.00, real=0.00 secs] 
708.328: [GC708.328: [ParNew
Desired survivor size 41943040 bytes, new threshold 6 (max 6)
- age   1:    1685248 bytes,    1685248 total
- age   2:       8568 bytes,    1693816 total
- age   3:      30280 bytes,    1724096 total
- age   4:      15032 bytes,    1739128 total
- age   5:      15208 bytes,    1754336 total
- age   6:      20896 bytes,    1775232 total
: 656584K->2096K(737280K), 0.0068650 secs] 1650699K->996276K(1761280K), 0.0070370 secs] [Times: user=0.05 sys=0.00, real=0.01 secs] 
708.552: [GC708.552: [ParNew
Desired survivor size 41943040 bytes, new threshold 6 (max 6)
- age   1:    2099680 bytes,    2099680 total
- age   2:       4776 bytes,    2104456 total
- age   3:       8328 bytes,    2112784 total
- age   4:      30256 bytes,    2143040 total
- age   5:      15032 bytes,    2158072 total
- age   6:      15208 bytes,    2173280 total
: 657456K->2999K(737280K), 0.0074420 secs] 1651636K->997200K(1761280K), 0.0076160 secs] [Times: user=0.05 sys=0.00, real=0.01 secs] 
708.785: [GC708.785: [ParNew
Desired survivor size 41943040 bytes, new threshold 6 (max 6)
- age   1:     231912 bytes,     231912 total
- age   2:       4304 bytes,     236216 total
- age   3:       4584 bytes,     240800 total
- age   4:       8016 bytes,     248816 total
- age   5:      30064 bytes,     278880 total
- age   6:      14936 bytes,     293816 total
: 658359K->1966K(737280K), 0.0061850 secs] 1652560K->996182K(1761280K), 0.0063340 secs] [Times: user=0.04 sys=0.00, real=0.00 secs] 
709.016: [GC709.016: [ParNew
Desired survivor size 41943040 bytes, new threshold 6 (max 6)
- age   1:    1568944 bytes,    1568944 total
- age   2:       8472 bytes,    1577416 total
- age   3:       4304 bytes,    1581720 total
- age   4:       4584 bytes,    1586304 total
- age   5:       8064 bytes,    1594368 total
- age   6:      30064 bytes,    1624432 total
: 657326K->1841K(737280K), 0.0069410 secs] 1651542K->996071K(1761280K), 0.0071180 secs] [Times: user=0.05 sys=0.00, real=0.00 secs] 
709.252: [GC709.252: [ParNew
Desired survivor size 41943040 bytes, new threshold 6 (max 6)
- age   1:    1519600 bytes,    1519600 total
- age   2:        592 bytes,    1520192 total
- age   3:       8232 bytes,    1528424 total
- age   4:       4208 bytes,    1532632 total
- age   5:       4504 bytes,    1537136 total
- age   6:       7920 bytes,    1545056 total
: 657201K->2486K(737280K), 0.0065800 secs] 1651431K->996746K(1761280K), 0.0067340 secs] [Times: user=0.04 sys=0.00, real=0.01 secs] 
709.562: [GC709.562: [ParNew
Desired survivor size 41943040 bytes, new threshold 6 (max 6)
- age   1:     782160 bytes,     782160 total
- age   2:      15024 bytes,     797184 total
- age   3:        472 bytes,     797656 total
- age   4:       8112 bytes,     805768 total
- age   5:       4136 bytes,     809904 total
- age   6:       4480 bytes,     814384 total
: 657846K->1646K(737280K), 0.0074290 secs] 1652106K->995914K(1761280K), 0.0075790 secs] [Times: user=0.03 sys=0.01, real=0.01 secs] 
709.820: [GC709.820: [ParNew
Desired survivor size 41943040 bytes, new threshold 6 (max 6)
- age   1:    2200624 bytes,    2200624 total
- age   2:      13184 bytes,    2213808 total
- age   3:      15024 bytes,    2228832 total
- age   4:        472 bytes,    2229304 total
- age   5:       8088 bytes,    2237392 total
- age   6:       4136 bytes,    2241528 total
: 657006K->2490K(737280K), 0.0073050 secs] 1651274K->996762K(1761280K), 0.0074610 secs] [Times: user=0.05 sys=0.00, real=0.01 secs] 
710.052: [GC710.052: [ParNew
Desired survivor size 41943040 bytes, new threshold 6 (max 6)
- age   1:    1445808 bytes,    1445808 total
- age   2:       4736 bytes,    1450544 total
- age   3:      12944 bytes,    1463488 total
- age   4:      14832 bytes,    1478320 total
- age   5:        256 bytes,    1478576 total
- age   6:       7992 bytes,    1486568 total
: 657850K->2033K(737280K), 0.0067980 secs] 1652122K->996310K(1761280K), 0.0069210 secs] [Times: user=0.04 sys=0.00, real=0.01 secs] 
710.283: [GC710.283: [ParNew
Desired survivor size 41943040 bytes, new threshold 6 (max 6)
- age   1:    2185000 bytes,    2185000 total
- age   2:       1256 bytes,    2186256 total
- age   3:       4616 bytes,    2190872 total
- age   4:      12848 bytes,    2203720 total
- age   5:      14712 bytes,    2218432 total
- age   6:        184 bytes,    2218616 total
: 657393K->3081K(737280K), 0.0075350 secs] 1651670K->997366K(1761280K), 0.0076840 secs] [Times: user=0.05 sys=0.00, real=0.01 secs] 
710.558: [GC710.558: [ParNew
Desired survivor size 41943040 bytes, new threshold 6 (max 6)
- age   1:    1525872 bytes,    1525872 total
- age   2:        832 bytes,    1526704 total
- age   3:        936 bytes,    1527640 total
- age   4:       4544 bytes,    1532184 total
- age   5:      12584 bytes,    1544768 total
- age   6:      14568 bytes,    1559336 total
: 658441K->2512K(737280K), 0.0065960 secs] 1652726K->996798K(1761280K), 0.0067530 secs] [Times: user=0.05 sys=0.00, real=0.01 secs] 
710.791: [GC710.791: [ParNew
Desired survivor size 41943040 bytes, new threshold 6 (max 6)
- age   1:    1556008 bytes,    1556008 total
- age   2:       8704 bytes,    1564712 total
- age   3:        832 bytes,    1565544 total
- age   4:        936 bytes,    1566480 total
- age   5:       4520 bytes,    1571000 total
- age   6:      12584 bytes,    1583584 total
: 657872K->2467K(737280K), 0.0072570 secs] 1652158K->996766K(1761280K), 0.0074710 secs] [Times: user=0.05 sys=0.00, real=0.01 secs] 
711.032: [GC711.032: [ParNew
Desired survivor size 41943040 bytes, new threshold 6 (max 6)
- age   1:    1434696 bytes,    1434696 total
- age   2:       1168 bytes,    1435864 total
- age   3:       8536 bytes,    1444400 total
- age   4:        856 bytes,    1445256 total
- age   5:        768 bytes,    1446024 total
- age   6:       4496 bytes,    1450520 total
: 657827K->2160K(737280K), 0.0069120 secs] 1652126K->996472K(1761280K), 0.0070560 secs] [Times: user=0.04 sys=0.00, real=0.01 secs] 
711.262: [GC711.262: [ParNew
Desired survivor size 41943040 bytes, new threshold 6 (max 6)
- age   1:    2899032 bytes,    2899032 total
- age   2:       4824 bytes,    2903856 total
- age   3:       1000 bytes,    2904856 total
- age   4:       8392 bytes,    2913248 total
- age   5:        808 bytes,    2914056 total
- age   6:        768 bytes,    2914824 total
: 657520K->3819K(737280K), 0.0079950 secs] 1651832K->998136K(1761280K), 0.0081240 secs] [Times: user=0.05 sys=0.00, real=0.01 secs] 
711.479: [GC711.479: [ParNew
Desired survivor size 41943040 bytes, new threshold 6 (max 6)
- age   1:    1597280 bytes,    1597280 total
- age   2:      12624 bytes,    1609904 total
- age   3:       4824 bytes,    1614728 total
- age   4:       1000 bytes,    1615728 total
- age   5:       8392 bytes,    1624120 total
- age   6:        784 bytes,    1624904 total
: 659179K->2498K(737280K), 0.0070090 secs] 1653496K->996816K(1761280K), 0.0071520 secs] [Times: user=0.05 sys=0.00, real=0.01 secs] 
711.699: [GC711.699: [ParNew
Desired survivor size 41943040 bytes, new threshold 6 (max 6)
- age   1:    2353776 bytes,    2353776 total
- age   2:        664 bytes,    2354440 total
- age   3:      12432 bytes,    2366872 total
- age   4:       4656 bytes,    2371528 total
- age   5:        880 bytes,    2372408 total
- age   6:       8200 bytes,    2380608 total
: 657858K->3629K(737280K), 0.0075870 secs] 1652176K->997948K(1761280K), 0.0077630 secs] [Times: user=0.05 sys=0.00, real=0.01 secs] 
711.944: [GC711.944: [ParNew
Desired survivor size 41943040 bytes, new threshold 6 (max 6)
- age   1:     388344 bytes,     388344 total
- age   2:       4520 bytes,     392864 total
- age   3:        520 bytes,     393384 total
- age   4:      12120 bytes,     405504 total
- age   5:       4512 bytes,     410016 total
- age   6:        832 bytes,     410848 total
: 658989K->2197K(737280K), 0.0062070 secs] 1653308K->996524K(1761280K), 0.0063740 secs] [Times: user=0.04 sys=0.00, real=0.00 secs] 
712.170: [GC712.170: [ParNew
Desired survivor size 41943040 bytes, new threshold 6 (max 6)
- age   1:    3561688 bytes,    3561688 total
- age   2:       4120 bytes,    3565808 total
- age   3:       4520 bytes,    3570328 total
- age   4:        520 bytes,    3570848 total
- age   5:      12120 bytes,    3582968 total
- age   6:       4512 bytes,    3587480 total
: 657557K->3903K(737280K), 0.0084970 secs] 1651884K->998231K(1761280K), 0.0087110 secs] [Times: user=0.06 sys=0.00, real=0.01 secs] 
712.403: [GC712.403: [ParNew
Desired survivor size 41943040 bytes, new threshold 6 (max 6)
- age   1:    1371376 bytes,    1371376 total
- age   2:        600 bytes,    1371976 total
- age   3:       3976 bytes,    1375952 total
- age   4:       4424 bytes,    1380376 total
- age   5:        352 bytes,    1380728 total
- age   6:      11976 bytes,    1392704 total
: 659263K->2783K(737280K), 0.0061610 secs] 1653591K->997116K(1761280K), 0.0063800 secs] [Times: user=0.04 sys=0.00, real=0.01 secs] 
712.636: [GC712.637: [ParNew
Desired survivor size 41943040 bytes, new threshold 6 (max 6)
- age   1:    1668488 bytes,    1668488 total
- age   2:       9432 bytes,    1677920 total
- age   3:        600 bytes,    1678520 total
- age   4:       3976 bytes,    1682496 total
- age   5:       4424 bytes,    1686920 total
- age   6:        352 bytes,    1687272 total
: 658143K->2110K(737280K), 0.0072800 secs] 1652476K->996455K(1761280K), 0.0075730 secs] [Times: user=0.06 sys=0.00, real=0.01 secs] 
712.861: [GC712.861: [ParNew
Desired survivor size 41943040 bytes, new threshold 6 (max 6)
- age   1:    1850800 bytes,    1850800 total
- age   2:     288568 bytes,    2139368 total
- age   3:       9432 bytes,    2148800 total
- age   4:        600 bytes,    2149400 total
- age   5:       3976 bytes,    2153376 total
- age   6:       4400 bytes,    2157776 total
: 657470K->2690K(737280K), 0.0072850 secs] 1651815K->997035K(1761280K), 0.0074320 secs] [Times: user=0.05 sys=0.00, real=0.01 secs] 
713.108: [GC713.109: [ParNew
Desired survivor size 41943040 bytes, new threshold 6 (max 6)
- age   1:     558712 bytes,     558712 total
- age   2:       1120 bytes,     559832 total
- age   3:       5848 bytes,     565680 total
- age   4:       9288 bytes,     574968 total
- age   5:        528 bytes,     575496 total
- age   6:       3880 bytes,     579376 total
: 658050K->1964K(737280K), 0.0063290 secs] 1652395K->996314K(1761280K), 0.0065080 secs] [Times: user=0.04 sys=0.00, real=0.01 secs] 
713.341: [GC713.341: [ParNew
Desired survivor size 41943040 bytes, new threshold 6 (max 6)
- age   1:     538560 bytes,     538560 total
- age   2:        904 bytes,     539464 total
- age   3:        904 bytes,     540368 total
- age   4:       5680 bytes,     546048 total
- age   5:       9120 bytes,     555168 total
- age   6:        312 bytes,     555480 total
: 657324K->948K(737280K), 0.0066240 secs] 1651674K->995302K(1761280K), 0.0067540 secs] [Times: user=0.04 sys=0.00, real=0.01 secs] 
713.563: [GC713.563: [ParNew
Desired survivor size 41943040 bytes, new threshold 6 (max 6)
- age   1:    1309712 bytes,    1309712 total
- age   2:       7976 bytes,    1317688 total
- age   3:        904 bytes,    1318592 total
- age   4:        856 bytes,    1319448 total
- age   5:       5584 bytes,    1325032 total
- age   6:       9120 bytes,    1334152 total
: 656308K->1491K(737280K), 0.0068900 secs] 1650662K->995845K(1761280K), 0.0070260 secs] [Times: user=0.04 sys=0.00, real=0.01 secs] 
713.703: [CMS-concurrent-mark: 8.012/8.323 secs] [Times: user=61.49 sys=1.13, real=8.32 secs] 
713.704: [CMS-concurrent-preclean-start]
713.721: [CMS-concurrent-preclean: 0.017/0.018 secs] [Times: user=0.13 sys=0.00, real=0.02 secs] 
713.722: [CMS-concurrent-abortable-preclean-start]
713.791: [GC713.791: [ParNew
Desired survivor size 41943040 bytes, new threshold 6 (max 6)
- age   1:     462080 bytes,     462080 total
- age   2:       1096 bytes,     463176 total
- age   3:       7736 bytes,     470912 total
- age   4:        640 bytes,     471552 total
- age   5:        664 bytes,     472216 total
- age   6:       5392 bytes,     477608 total
: 656851K->1067K(737280K), 0.0062090 secs] 1651205K->995430K(1761280K), 0.0064090 secs] [Times: user=0.04 sys=0.00, real=0.01 secs] 
713.972: [CMS-concurrent-abortable-preclean: 0.122/0.251 secs] [Times: user=1.84 sys=0.04, real=0.25 secs] 
714.017: [GC[YG occupancy: 656427 K (737280 K)]714.017: [Rescan (parallel) , 0.2806010 secs]714.298: [weak refs processing, 0.0000320 secs]714.298: [scrub string table, 0.0009930 secs] [1 CMS-remark: 994363K(1024000K)] 1650790K(1761280K), 0.2817870 secs] [Times: user=2.09 sys=0.01, real=0.28 secs] 
714.300: [CMS-concurrent-sweep-start]
714.300: [GC714.300: [ParNew
Desired survivor size 41943040 bytes, new threshold 6 (max 6)
- age   1:    2666576 bytes,    2666576 total
- age   2:       3928 bytes,    2670504 total
- age   3:       1096 bytes,    2671600 total
- age   4:       7736 bytes,    2679336 total
- age   5:        640 bytes,    2679976 total
- age   6:        664 bytes,    2680640 total
: 656427K->2816K(737280K), 0.0071730 secs] 1650790K->997185K(1761280K), 0.0072910 secs] [Times: user=0.05 sys=0.00, real=0.01 secs] 
714.555: [GC714.556: [ParNew
Desired survivor size 41943040 bytes, new threshold 6 (max 6)
- age   1:    1229712 bytes,    1229712 total
- age   2:        888 bytes,    1230600 total
- age   3:       3856 bytes,    1234456 total
- age   4:        952 bytes,    1235408 total
- age   5:       7640 bytes,    1243048 total
- age   6:        520 bytes,    1243568 total
: 658176K->2073K(737280K), 0.0067750 secs] 1652543K->996441K(1761280K), 0.0069500 secs] [Times: user=0.05 sys=0.00, real=0.00 secs] 
714.802: [GC714.803: [ParNew
Desired survivor size 41943040 bytes, new threshold 6 (max 6)
- age   1:    1698936 bytes,    1698936 total
- age   2:       5248 bytes,    1704184 total
- age   3:        888 bytes,    1705072 total
- age   4:       3832 bytes,    1708904 total
- age   5:        952 bytes,    1709856 total
- age   6:       7640 bytes,    1717496 total
: 657433K->2069K(737280K), 0.0068480 secs] 1651801K->996437K(1761280K), 0.0070220 secs] [Times: user=0.04 sys=0.00, real=0.01 secs] 
715.057: [GC715.057: [ParNew
Desired survivor size 41943040 bytes, new threshold 6 (max 6)
- age   1:    2150328 bytes,    2150328 total
- age   2:        800 bytes,    2151128 total
- age   3:       5008 bytes,    2156136 total
- age   4:        528 bytes,    2156664 total
- age   5:       3544 bytes,    2160208 total
- age   6:        784 bytes,    2160992 total
: 657429K->2815K(737280K), 0.0069290 secs] 1651797K->997190K(1761280K), 0.0070610 secs] [Times: user=0.05 sys=0.00, real=0.00 secs] 
715.309: [GC715.309: [ParNew
Desired survivor size 41943040 bytes, new threshold 6 (max 6)
- age   1:    1958664 bytes,    1958664 total
- age   2:       4368 bytes,    1963032 total
- age   3:        584 bytes,    1963616 total
- age   4:       4720 bytes,    1968336 total
- age   5:        336 bytes,    1968672 total
- age   6:       3472 bytes,    1972144 total
: 658175K->2692K(737280K), 0.0072340 secs] 1652550K->997069K(1761280K), 0.0073730 secs] [Times: user=0.04 sys=0.00, real=0.01 secs] 
715.544: [GC715.544: [ParNew
Desired survivor size 41943040 bytes, new threshold 6 (max 6)
- age   1:    1330736 bytes,    1330736 total
- age   2:       5360 bytes,    1336096 total
- age   3:       4272 bytes,    1340368 total
- age   4:        584 bytes,    1340952 total
- age   5:       4696 bytes,    1345648 total
- age   6:        336 bytes,    1345984 total
: 658052K->1934K(737280K), 0.0070530 secs] 1652429K->996314K(1761280K), 0.0071870 secs] [Times: user=0.05 sys=0.00, real=0.01 secs] 
715.697: [CMS-concurrent-sweep: 1.352/1.397 secs] [Times: user=10.38 sys=0.22, real=1.40 secs] 
715.697: [CMS-concurrent-reset-start]
715.736: [CMS-concurrent-reset: 0.039/0.039 secs] [Times: user=0.29 sys=0.01, real=0.04 secs] 
715.772: [GC715.773: [ParNew
Desired survivor size 41943040 bytes, new threshold 6 (max 6)
- age   1:    1144072 bytes,    1144072 total
- age   2:      11616 bytes,    1155688 total
- age   3:       5360 bytes,    1161048 total
- age   4:       4272 bytes,    1165320 total
- age   5:        560 bytes,    1165880 total
- age   6:       4696 bytes,    1170576 total
: 657294K->2020K(737280K), 0.0064760 secs] 1651543K->996270K(1761280K), 0.0066910 secs] [Times: user=0.05 sys=0.00, real=0.01 secs] 
715.784: [GC [1 CMS-initial-mark: 994250K(1024000K)] 1009124K(1761280K), 0.0114340 secs] [Times: user=0.02 sys=0.00, real=0.02 secs] 
715.796: [CMS-concurrent-mark-start]
716.057: [GC716.058: [ParNew
Desired survivor size 41943040 bytes, new threshold 6 (max 6)
- age   1:    2344072 bytes,    2344072 total
- age   2:        960 bytes,    2345032 total
- age   3:      11560 bytes,    2356592 total
- age   4:       5360 bytes,    2361952 total
- age   5:       4272 bytes,    2366224 total
- age   6:        560 bytes,    2366784 total
: 657380K->2587K(737280K), 0.0076870 secs] 1651630K->996842K(1761280K), 0.0078810 secs] [Times: user=0.05 sys=0.01, real=0.01 secs] 
716.295: [GC716.295: [ParNew
Desired survivor size 41943040 bytes, new threshold 6 (max 6)
- age   1:    1372600 bytes,    1372600 total
- age   2:       1352 bytes,    1373952 total
- age   3:        864 bytes,    1374816 total
- age   4:      11440 bytes,    1386256 total
- age   5:       5096 bytes,    1391352 total
- age   6:       4200 bytes,    1395552 total
: 657947K->2173K(737280K), 0.0067820 secs] 1652202K->996429K(1761280K), 0.0069350 secs] [Times: user=0.05 sys=0.00, real=0.00 secs] 
716.542: [GC716.542: [ParNew
Desired survivor size 41943040 bytes, new threshold 6 (max 6)
- age   1:     749616 bytes,     749616 total
- age   2:       4640 bytes,     754256 total
- age   3:       1232 bytes,     755488 total
- age   4:        792 bytes,     756280 total
- age   5:      11296 bytes,     767576 total
- age   6:       5072 bytes,     772648 total
: 657533K->1505K(737280K), 0.0063650 secs] 1651789K->995765K(1761280K), 0.0065170 secs] [Times: user=0.05 sys=0.00, real=0.01 secs] 
716.799: [GC716.799: [ParNew
Desired survivor size 41943040 bytes, new threshold 6 (max 6)
- age   1:    1360048 bytes,    1360048 total
- age   2:       5168 bytes,    1365216 total
- age   3:       4640 bytes,    1369856 total
- age   4:       1232 bytes,    1371088 total
- age   5:        768 bytes,    1371856 total
- age   6:      11296 bytes,    1383152 total
: 656865K->1730K(737280K), 0.0067280 secs] 1651125K->995995K(1761280K), 0.0068740 secs] [Times: user=0.05 sys=0.00, real=0.01 secs] 
717.047: [GC717.047: [ParNew
Desired survivor size 41943040 bytes, new threshold 6 (max 6)
- age   1:    2538960 bytes,    2538960 total
- age   2:     663088 bytes,    3202048 total
- age   3:       5168 bytes,    3207216 total
- age   4:       4640 bytes,    3211856 total
- age   5:       1232 bytes,    3213088 total
- age   6:        768 bytes,    3213856 total
: 657090K->3680K(737280K), 0.0082900 secs] 1651355K->997957K(1761280K), 0.0084700 secs] [Times: user=0.05 sys=0.00, real=0.01 secs] 
717.287: [GC717.287: [ParNew
Desired survivor size 41943040 bytes, new threshold 6 (max 6)
- age   1:    1248200 bytes,    1248200 total
- age   2:        784 bytes,    1248984 total
- age   3:       1264 bytes,    1250248 total
- age   4:       5168 bytes,    1255416 total
- age   5:       4640 bytes,    1260056 total
- age   6:       1232 bytes,    1261288 total
: 659040K->2648K(737280K), 0.0064620 secs] 1653317K->996925K(1761280K), 0.0066120 secs] [Times: user=0.04 sys=0.00, real=0.00 secs] 
717.530: [GC717.530: [ParNew
Desired survivor size 41943040 bytes, new threshold 6 (max 6)
- age   1:    2119928 bytes,    2119928 total
- age   2:        656 bytes,    2120584 total
- age   3:        712 bytes,    2121296 total
- age   4:       1096 bytes,    2122392 total
- age   5:       4928 bytes,    2127320 total
- age   6:       4568 bytes,    2131888 total
: 658008K->2529K(737280K), 0.0077980 secs] 1652285K->996807K(1761280K), 0.0079640 secs] [Times: user=0.05 sys=0.01, real=0.01 secs] 
717.776: [GC717.776: [ParNew
Desired survivor size 41943040 bytes, new threshold 6 (max 6)
- age   1:     273592 bytes,     273592 total
- age   2:      15136 bytes,     288728 total
- age   3:        608 bytes,     289336 total
- age   4:        640 bytes,     289976 total
- age   5:        976 bytes,     290952 total
- age   6:       4904 bytes,     295856 total
: 657889K->1842K(737280K), 0.0061610 secs] 1652167K->996125K(1761280K), 0.0063670 secs] [Times: user=0.04 sys=0.00, real=0.00 secs] 
718.034: [GC718.034: [ParNew
Desired survivor size 41943040 bytes, new threshold 6 (max 6)
- age   1:     992688 bytes,     992688 total
- age   2:       4032 bytes,     996720 total
- age   3:      14824 bytes,    1011544 total
- age   4:        392 bytes,    1011936 total
- age   5:        472 bytes,    1012408 total
- age   6:        640 bytes,    1013048 total
: 657202K->1222K(737280K), 0.0063140 secs] 1651485K->995510K(1761280K), 0.0064870 secs] [Times: user=0.04 sys=0.00, real=0.01 secs] 
718.272: [GC718.272: [ParNew
Desired survivor size 41943040 bytes, new threshold 6 (max 6)
- age   1:    2365632 bytes,    2365632 total
- age   2:       4928 bytes,    2370560 total
- age   3:       3720 bytes,    2374280 total
- age   4:      14608 bytes,    2388888 total
- age   5:        200 bytes,    2389088 total
- age   6:        256 bytes,    2389344 total
: 656582K->2720K(737280K), 0.0072230 secs] 1650870K->997009K(1761280K), 0.0073790 secs] [Times: user=0.05 sys=0.00, real=0.01 secs] 
718.505: [GC718.505: [ParNew
Desired survivor size 41943040 bytes, new threshold 6 (max 6)
- age   1:     924848 bytes,     924848 total
- age   2:       7688 bytes,     932536 total
- age   3:       4880 bytes,     937416 total
- age   4:       3624 bytes,     941040 total
- age   5:      14496 bytes,     955536 total
- age   6:         80 bytes,     955616 total
: 658080K->1967K(737280K), 0.0061860 secs] 1652369K->996256K(1761280K), 0.0063250 secs] [Times: user=0.04 sys=0.00, real=0.00 secs] 
718.747: [GC718.747: [ParNew
Desired survivor size 41943040 bytes, new threshold 6 (max 6)
- age   1:    2558032 bytes,    2558032 total
- age   2:       4624 bytes,    2562656 total
- age   3:       7664 bytes,    2570320 total
- age   4:       4856 bytes,    2575176 total
- age   5:       3600 bytes,    2578776 total
- age   6:      14496 bytes,    2593272 total
: 657327K->2946K(737280K), 0.0073830 secs] 1651616K->997235K(1761280K), 0.0075160 secs] [Times: user=0.04 sys=0.00, real=0.01 secs] 
719.002: [GC719.002: [ParNew
Desired survivor size 41943040 bytes, new threshold 6 (max 6)
- age   1:    1283136 bytes,    1283136 total
- age   2:       2704 bytes,    1285840 total
- age   3:       4576 bytes,    1290416 total
- age   4:       7520 bytes,    1297936 total
- age   5:       4832 bytes,    1302768 total
- age   6:       3600 bytes,    1306368 total
: 658306K->2109K(737280K), 0.0068830 secs] 1652595K->996413K(1761280K), 0.0070260 secs] [Times: user=0.05 sys=0.00, real=0.01 secs] 
719.233: [GC719.233: [ParNew
Desired survivor size 41943040 bytes, new threshold 6 (max 6)
- age   1:    1294024 bytes,    1294024 total
- age   2:       5088 bytes,    1299112 total
- age   3:       2560 bytes,    1301672 total
- age   4:       4480 bytes,    1306152 total
- age   5:       7472 bytes,    1313624 total
- age   6:       4760 bytes,    1318384 total
: 657469K->2041K(737280K), 0.0082150 secs] 1651773K->996348K(1761280K), 0.0083720 secs] [Times: user=0.06 sys=0.00, real=0.01 secs] 
719.486: [GC719.486: [ParNew
Desired survivor size 41943040 bytes, new threshold 6 (max 6)
- age   1:     585320 bytes,     585320 total
- age   2:       3968 bytes,     589288 total
- age   3:       5088 bytes,     594376 total
- age   4:       2560 bytes,     596936 total
- age   5:       4424 bytes,     601360 total
- age   6:       7472 bytes,     608832 total
: 657401K->1336K(737280K), 0.0060820 secs] 1651708K->995649K(1761280K), 0.0062270 secs] [Times: user=0.05 sys=0.00, real=0.00 secs] 
719.717: [GC719.717: [ParNew
Desired survivor size 41943040 bytes, new threshold 6 (max 6)
- age   1:    2225752 bytes,    2225752 total
- age   2:       8904 bytes,    2234656 total
- age   3:       3968 bytes,    2238624 total
- age   4:       5088 bytes,    2243712 total
- age   5:       2560 bytes,    2246272 total
- age   6:       4424 bytes,    2250696 total
: 656696K->2576K(737280K), 0.0071010 secs] 1651009K->996896K(1761280K), 0.0394730 secs] [Times: user=0.05 sys=0.00, real=0.04 secs] 
720.001: [GC720.001: [ParNew
Desired survivor size 41943040 bytes, new threshold 6 (max 6)
- age   1:     882760 bytes,     882760 total
- age   2:        960 bytes,     883720 total
- age   3:       8400 bytes,     892120 total
- age   4:       3656 bytes,     895776 total
- age   5:       4776 bytes,     900552 total
- age   6:       2248 bytes,     902800 total
: 657936K->2011K(737280K), 0.0064020 secs] 1652256K->996335K(1761280K), 0.0065750 secs] [Times: user=0.04 sys=0.01, real=0.01 secs] 
720.243: [GC720.243: [ParNew
Desired survivor size 41943040 bytes, new threshold 6 (max 6)
- age   1:    1535640 bytes,    1535640 total
- age   2:       1360 bytes,    1537000 total
- age   3:        888 bytes,    1537888 total
- age   4:       8184 bytes,    1546072 total
- age   5:       3608 bytes,    1549680 total
- age   6:       4632 bytes,    1554312 total
: 657371K->1943K(737280K), 0.0068970 secs] 1651695K->996270K(1761280K), 0.0070720 secs] [Times: user=0.05 sys=0.01, real=0.01 secs] 
720.497: [GC720.497: [ParNew
Desired survivor size 41943040 bytes, new threshold 6 (max 6)
- age   1:    1726048 bytes,    1726048 total
- age   2:        976 bytes,    1727024 total
- age   3:       1312 bytes,    1728336 total
- age   4:        864 bytes,    1729200 total
- age   5:       8160 bytes,    1737360 total
- age   6:       3608 bytes,    1740968 total
: 657303K->2499K(737280K), 0.0068130 secs] 1651630K->996831K(1761280K), 0.0069710 secs] [Times: user=0.04 sys=0.01, real=0.00 secs] 
720.726: [GC720.726: [ParNew
Desired survivor size 41943040 bytes, new threshold 6 (max 6)
- age   1:    1695632 bytes,    1695632 total
- age   2:       5928 bytes,    1701560 total
- age   3:        976 bytes,    1702536 total
- age   4:       1312 bytes,    1703848 total
- age   5:        864 bytes,    1704712 total
- age   6:       8160 bytes,    1712872 total
: 657859K->2814K(737280K), 0.0065430 secs] 1652191K->997150K(1761280K), 0.0067000 secs] [Times: user=0.04 sys=0.01, real=0.00 secs] 
720.969: [GC720.969: [ParNew
Desired survivor size 41943040 bytes, new threshold 6 (max 6)
- age   1:    1451920 bytes,    1451920 total
- age   2:       4376 bytes,    1456296 total
- age   3:       5568 bytes,    1461864 total
- age   4:        712 bytes,    1462576 total
- age   5:       1120 bytes,    1463696 total
- age   6:        648 bytes,    1464344 total
: 658174K->1930K(737280K), 0.0077020 secs] 1652510K->996273K(1761280K), 0.0078580 secs] [Times: user=0.03 sys=0.00, real=0.01 secs] 
721.224: [GC721.225: [ParNew
Desired survivor size 41943040 bytes, new threshold 6 (max 6)
- age   1:     929792 bytes,     929792 total
- age   2:        864 bytes,     930656 total
- age   3:       4208 bytes,     934864 total
- age   4:       5376 bytes,     940240 total
- age   5:        712 bytes,     940952 total
- age   6:       1024 bytes,     941976 total
: 657290K->1662K(737280K), 0.0069140 secs] 1651633K->996007K(1761280K), 0.0070580 secs] [Times: user=0.04 sys=0.00, real=0.01 secs] 
721.467: [GC721.468: [ParNew
Desired survivor size 41943040 bytes, new threshold 6 (max 6)
- age   1:    2265320 bytes,    2265320 total
- age   2:        928 bytes,    2266248 total
- age   3:        696 bytes,    2266944 total
- age   4:       4040 bytes,    2270984 total
- age   5:       5352 bytes,    2276336 total
- age   6:        712 bytes,    2277048 total
: 657022K->2624K(737280K), 0.0081560 secs] 1651367K->996970K(1761280K), 0.0083310 secs] [Times: user=0.05 sys=0.01, real=0.01 secs] 
721.710: [GC721.710: [ParNew
Desired survivor size 41943040 bytes, new threshold 6 (max 6)
- age   1:    1949312 bytes,    1949312 total
- age   2:       4240 bytes,    1953552 total
- age   3:        808 bytes,    1954360 total
- age   4:        456 bytes,    1954816 total
- age   5:       3800 bytes,    1958616 total
- age   6:       4968 bytes,    1963584 total
: 657984K->2755K(737280K), 0.0079770 secs] 1652330K->997102K(1761280K), 0.0081850 secs] [Times: user=0.05 sys=0.00, real=0.01 secs] 
721.959: [GC721.959: [ParNew
Desired survivor size 41943040 bytes, new threshold 6 (max 6)
- age   1:    1370392 bytes,    1370392 total
- age   2:      10856 bytes,    1381248 total
- age   3:       4120 bytes,    1385368 total
- age   4:        760 bytes,    1386128 total
- age   5:        360 bytes,    1386488 total
- age   6:       3656 bytes,    1390144 total
: 658115K->2134K(737280K), 0.0069640 secs] 1652462K->996486K(1761280K), 0.0071670 secs] [Times: user=0.04 sys=0.00, real=0.01 secs] 
722.186: [GC722.186: [ParNew
Desired survivor size 41943040 bytes, new threshold 6 (max 6)
- age   1:    2028080 bytes,    2028080 total
- age   2:        736 bytes,    2028816 total
- age   3:      10808 bytes,    2039624 total
- age   4:       4024 bytes,    2043648 total
- age   5:        688 bytes,    2044336 total
- age   6:        360 bytes,    2044696 total
: 657494K->2798K(737280K), 0.0076600 secs] 1651846K->997153K(1761280K), 0.0078090 secs] [Times: user=0.06 sys=0.00, real=0.00 secs] 
722.418: [GC722.418: [ParNew
Desired survivor size 41943040 bytes, new threshold 6 (max 6)
- age   1:    2764648 bytes,    2764648 total
- age   2:       1656 bytes,    2766304 total
- age   3:        736 bytes,    2767040 total
- age   4:      10808 bytes,    2777848 total
- age   5:       4000 bytes,    2781848 total
- age   6:        688 bytes,    2782536 total
: 658158K->3741K(737280K), 0.0076930 secs] 1652513K->998097K(1761280K), 0.0078700 secs] [Times: user=0.06 sys=0.00, real=0.01 secs] 
722.657: [GC722.657: [ParNew
Desired survivor size 41943040 bytes, new threshold 6 (max 6)
- age   1:    1136640 bytes,    1136640 total
- age   2:       1056 bytes,    1137696 total
- age   3:       1656 bytes,    1139352 total
- age   4:        736 bytes,    1140088 total
- age   5:      10808 bytes,    1150896 total
- age   6:       3968 bytes,    1154864 total
: 659101K->2505K(737280K), 0.0064930 secs] 1653457K->996862K(1761280K), 0.0066440 secs] [Times: user=0.04 sys=0.00, real=0.00 secs] 
722.898: [GC722.898: [ParNew
Desired survivor size 41943040 bytes, new threshold 6 (max 6)
- age   1:     715008 bytes,     715008 total
- age   2:        872 bytes,     715880 total
- age   3:        960 bytes,     716840 total
- age   4:       1440 bytes,     718280 total
- age   5:        568 bytes,     718848 total
- age   6:      10616 bytes,     729464 total
: 657865K->1180K(737280K), 0.0068020 secs] 1652222K->995540K(1761280K), 0.0070620 secs] [Times: user=0.04 sys=0.00, real=0.00 secs] 
723.109: [CMS-concurrent-mark: 7.020/7.313 secs] [Times: user=53.92 sys=1.06, real=7.31 secs] 
723.110: [CMS-concurrent-preclean-start]
723.123: [CMS-concurrent-preclean: 0.013/0.014 secs] [Times: user=0.11 sys=0.00, real=0.01 secs] 
723.123: [CMS-concurrent-abortable-preclean-start]
723.134: [GC723.134: [ParNew
Desired survivor size 41943040 bytes, new threshold 6 (max 6)
- age   1:    1579856 bytes,    1579856 total
- age   2:       4728 bytes,    1584584 total
- age   3:        632 bytes,    1585216 total
- age   4:        744 bytes,    1585960 total
- age   5:       1320 bytes,    1587280 total
- age   6:        328 bytes,    1587608 total
: 656540K->1991K(737280K), 0.0071470 secs] 1650900K->996362K(1761280K), 0.0072990 secs] [Times: user=0.04 sys=0.00, real=0.01 secs] 
723.277: [CMS-concurrent-abortable-preclean: 0.041/0.154 secs] [Times: user=1.12 sys=0.02, real=0.16 secs] 
723.285: [GC[YG occupancy: 465240 K (737280 K)]723.285: [Rescan (parallel) , 0.3017090 secs]723.587: [weak refs processing, 0.0000420 secs]723.587: [scrub string table, 0.0009880 secs] [1 CMS-remark: 994370K(1024000K)] 1459611K(1761280K), 0.3028860 secs] [Times: user=2.21 sys=0.01, real=0.31 secs] 
723.588: [CMS-concurrent-sweep-start]
723.667: [GC723.667: [ParNew
Desired survivor size 41943040 bytes, new threshold 6 (max 6)
- age   1:    1572112 bytes,    1572112 total
- age   2:       4928 bytes,    1577040 total
- age   3:       4560 bytes,    1581600 total
- age   4:        464 bytes,    1582064 total
- age   5:        672 bytes,    1582736 total
- age   6:       1200 bytes,    1583936 total
: 657351K->2383K(737280K), 0.0067740 secs] 1651722K->996754K(1761280K), 0.0070020 secs] [Times: user=0.04 sys=0.00, real=0.00 secs] 
723.927: [GC723.927: [ParNew
Desired survivor size 41943040 bytes, new threshold 6 (max 6)
- age   1:    1311392 bytes,    1311392 total
- age   2:       8144 bytes,    1319536 total
- age   3:       4736 bytes,    1324272 total
- age   4:       4440 bytes,    1328712 total
- age   5:        344 bytes,    1329056 total
- age   6:        432 bytes,    1329488 total
: 657743K->2063K(737280K), 0.0072700 secs] 1652114K->996435K(1761280K), 0.0074250 secs] [Times: user=0.04 sys=0.00, real=0.00 secs] 
724.173: [GC724.173: [ParNew
Desired survivor size 41943040 bytes, new threshold 6 (max 6)
- age   1:     753032 bytes,     753032 total
- age   2:       4976 bytes,     758008 total
- age   3:       7968 bytes,     765976 total
- age   4:       4568 bytes,     770544 total
- age   5:       4392 bytes,     774936 total
- age   6:        344 bytes,     775280 total
: 657423K->1348K(737280K), 0.0065960 secs] 1651795K->995721K(1761280K), 0.0067450 secs] [Times: user=0.04 sys=0.00, real=0.01 secs] 
724.426: [GC724.426: [ParNew
Desired survivor size 41943040 bytes, new threshold 6 (max 6)
- age   1:     619040 bytes,     619040 total
- age   2:       2280 bytes,     621320 total
- age   3:       4976 bytes,     626296 total
- age   4:       7968 bytes,     634264 total
- age   5:       4568 bytes,     638832 total
- age   6:       4392 bytes,     643224 total
: 656708K->931K(737280K), 0.0061130 secs] 1651081K->995304K(1761280K), 0.0062540 secs] [Times: user=0.03 sys=0.00, real=0.00 secs] 
724.644: [CMS-concurrent-sweep: 1.022/1.056 secs] [Times: user=6.94 sys=0.14, real=1.05 secs] 
725.174: [CMS-concurrent-reset-start]
725.206: [CMS-concurrent-reset: 0.032/0.032 secs] [Times: user=0.22 sys=0.00, real=0.04 secs] 
725.324: [GC725.324: [ParNew
Desired survivor size 41943040 bytes, new threshold 6 (max 6)
- age   1:    1012080 bytes,    1012080 total
- age   2:       1504 bytes,    1013584 total
- age   3:       2200 bytes,    1015784 total
- age   4:       4952 bytes,    1020736 total
- age   5:       7944 bytes,    1028680 total
- age   6:       4568 bytes,    1033248 total
: 656291K->1252K(737280K), 0.0066780 secs] 1650461K->995427K(1761280K), 0.0068310 secs] [Times: user=0.04 sys=0.00, real=0.01 secs] 
725.333: [GC [1 CMS-initial-mark: 994174K(1024000K)] 998345K(1761280K), 0.0067500 secs] [Times: user=0.00 sys=0.00, real=0.01 secs] 
725.340: [CMS-concurrent-mark-start]
725.579: [GC725.579: [ParNew
Desired survivor size 41943040 bytes, new threshold 6 (max 6)
- age   1:    1706264 bytes,    1706264 total
- age   2:       1632 bytes,    1707896 total
- age   3:       1312 bytes,    1709208 total
- age   4:       2176 bytes,    1711384 total
- age   5:       4688 bytes,    1716072 total
- age   6:       7728 bytes,    1723800 total
: 656612K->2169K(737280K), 0.0069240 secs] 1650787K->996348K(1761280K), 0.0070580 secs] [Times: user=0.05 sys=0.00, real=0.01 secs] 
725.814: [GC725.814: [ParNew
Desired survivor size 41943040 bytes, new threshold 6 (max 6)
- age   1:     927176 bytes,     927176 total
- age   2:       1664 bytes,     928840 total
- age   3:       1464 bytes,     930304 total
- age   4:       1120 bytes,     931424 total
- age   5:       2080 bytes,     933504 total
- age   6:       4640 bytes,     938144 total
: 657529K->1677K(737280K), 0.0068460 secs] 1651708K->995856K(1761280K), 0.0070050 secs] [Times: user=0.05 sys=0.00, real=0.01 secs] 
726.061: [GC726.061: [ParNew
Desired survivor size 41943040 bytes, new threshold 6 (max 6)
- age   1:     161592 bytes,     161592 total
- age   2:      11024 bytes,     172616 total
- age   3:       1544 bytes,     174160 total
- age   4:       1368 bytes,     175528 total
- age   5:       1120 bytes,     176648 total
- age   6:       2080 bytes,     178728 total
: 657037K->716K(737280K), 0.0060490 secs] 1651216K->994900K(1761280K), 0.0062130 secs] [Times: user=0.05 sys=0.00, real=0.01 secs] 
726.306: [GC726.306: [ParNew
Desired survivor size 41943040 bytes, new threshold 6 (max 6)
- age   1:     884640 bytes,     884640 total
- age   2:       3912 bytes,     888552 total
- age   3:      10928 bytes,     899480 total
- age   4:       1376 bytes,     900856 total
- age   5:       1272 bytes,     902128 total
- age   6:        944 bytes,     903072 total
: 656076K->1002K(737280K), 0.0065440 secs] 1650260K->995189K(1761280K), 0.0066750 secs] [Times: user=0.04 sys=0.00, real=0.00 secs] 
726.553: [GC726.553: [ParNew
Desired survivor size 41943040 bytes, new threshold 6 (max 6)
- age   1:    1188816 bytes,    1188816 total
- age   2:       4952 bytes,    1193768 total
- age   3:       3912 bytes,    1197680 total
- age   4:      10928 bytes,    1208608 total
- age   5:       1376 bytes,    1209984 total
- age   6:       1272 bytes,    1211256 total
: 656362K->1523K(737280K), 0.0065650 secs] 1650549K->995711K(1761280K), 0.0067000 secs] [Times: user=0.05 sys=0.00, real=0.01 secs] 
726.796: [GC726.796: [ParNew
Desired survivor size 41943040 bytes, new threshold 6 (max 6)
- age   1:    1335824 bytes,    1335824 total
- age   2:       4752 bytes,    1340576 total
- age   3:       4784 bytes,    1345360 total
- age   4:       3816 bytes,    1349176 total
- age   5:      10880 bytes,    1360056 total
- age   6:       1256 bytes,    1361312 total
: 656883K->1999K(737280K), 0.0068170 secs] 1651071K->996188K(1761280K), 0.0069560 secs] [Times: user=0.04 sys=0.00, real=0.01 secs] 
727.030: [GC727.030: [ParNew
Desired survivor size 41943040 bytes, new threshold 6 (max 6)
- age   1:    1259688 bytes,    1259688 total
- age   2:       3088 bytes,    1262776 total
- age   3:       4632 bytes,    1267408 total
- age   4:       4544 bytes,    1271952 total
- age   5:       3744 bytes,    1275696 total
- age   6:      10712 bytes,    1286408 total
: 657359K->2053K(737280K), 0.0068900 secs] 1651548K->996244K(1761280K), 0.0070700 secs] [Times: user=0.05 sys=0.00, real=0.01 secs] 
727.263: [GC727.263: [ParNew
Desired survivor size 41943040 bytes, new threshold 6 (max 6)
- age   1:    1691544 bytes,    1691544 total
- age   2:       3568 bytes,    1695112 total
- age   3:       2704 bytes,    1697816 total
- age   4:       4248 bytes,    1702064 total
- age   5:       4256 bytes,    1706320 total
- age   6:       3624 bytes,    1709944 total
: 657413K->2201K(737280K), 0.0072860 secs] 1651604K->996403K(1761280K), 0.0074390 secs] [Times: user=0.05 sys=0.00, real=0.01 secs] 
727.508: [GC727.508: [ParNew
Desired survivor size 41943040 bytes, new threshold 6 (max 6)
- age   1:     197880 bytes,     197880 total
- age   2:       7128 bytes,     205008 total
- age   3:       3520 bytes,     208528 total
- age   4:       2536 bytes,     211064 total
- age   5:       4152 bytes,     215216 total
- age   6:       4128 bytes,     219344 total
: 657561K->1566K(737280K), 0.0060130 secs] 1651763K->995772K(1761280K), 0.0061390 secs] [Times: user=0.04 sys=0.00, real=0.00 secs] 
727.755: [GC727.755: [ParNew
Desired survivor size 41943040 bytes, new threshold 6 (max 6)
- age   1:    1004856 bytes,    1004856 total
- age   2:       5080 bytes,    1009936 total
- age   3:       6976 bytes,    1016912 total
- age   4:       3496 bytes,    1020408 total
- age   5:       2480 bytes,    1022888 total
- age   6:       4152 bytes,    1027040 total
: 656926K->1133K(737280K), 0.0066840 secs] 1651132K->995343K(1761280K), 0.0068320 secs] [Times: user=0.04 sys=0.01, real=0.01 secs] 
728.010: [GC728.010: [ParNew
Desired survivor size 41943040 bytes, new threshold 6 (max 6)
- age   1:    2252448 bytes,    2252448 total
- age   2:      11568 bytes,    2264016 total
- age   3:       4936 bytes,    2268952 total
- age   4:       6904 bytes,    2275856 total
- age   5:       3472 bytes,    2279328 total
- age   6:       2480 bytes,    2281808 total
: 656493K->2688K(737280K), 0.0072990 secs] 1650703K->996901K(1761280K), 0.0074650 secs] [Times: user=0.06 sys=0.00, real=0.01 secs] 
728.258: [GC728.258: [ParNew
Desired survivor size 41943040 bytes, new threshold 6 (max 6)
- age   1:     653216 bytes,     653216 total
- age   2:       3240 bytes,     656456 total
- age   3:      11416 bytes,     667872 total
- age   4:       4720 bytes,     672592 total
- age   5:       6832 bytes,     679424 total
- age   6:       3376 bytes,     682800 total
: 658048K->1886K(737280K), 0.0062370 secs] 1652261K->996102K(1761280K), 0.0064870 secs] [Times: user=0.03 sys=0.00, real=0.00 secs] 
728.507: [GC728.508: [ParNew
Desired survivor size 41943040 bytes, new threshold 6 (max 6)
- age   1:    1523648 bytes,    1523648 total
- age   2:        760 bytes,    1524408 total
- age   3:       3096 bytes,    1527504 total
- age   4:      11272 bytes,    1538776 total
- age   5:       4648 bytes,    1543424 total
- age   6:       6784 bytes,    1550208 total
: 657246K->1914K(737280K), 0.0065590 secs] 1651462K->996134K(1761280K), 0.0067480 secs] [Times: user=0.04 sys=0.01, real=0.00 secs] 
728.746: [GC728.746: [ParNew
Desired survivor size 41943040 bytes, new threshold 6 (max 6)
- age   1:    1717312 bytes,    1717312 total
- age   2:       1552 bytes,    1718864 total
- age   3:        728 bytes,    1719592 total
- age   4:       3096 bytes,    1722688 total
- age   5:      11248 bytes,    1733936 total
- age   6:       4648 bytes,    1738584 total
: 657274K->2428K(737280K), 0.0072020 secs] 1651494K->996654K(1761280K), 0.0073330 secs] [Times: user=0.05 sys=0.00, real=0.01 secs] 
728.979: [GC728.979: [ParNew
Desired survivor size 41943040 bytes, new threshold 6 (max 6)
- age   1:    2213752 bytes,    2213752 total
- age   2:       1384 bytes,    2215136 total
- age   3:       1264 bytes,    2216400 total
- age   4:        536 bytes,    2216936 total
- age   5:       2856 bytes,    2219792 total
- age   6:      11080 bytes,    2230872 total
: 657788K->3194K(737280K), 0.0073800 secs] 1652014K->997426K(1761280K), 0.0075220 secs] [Times: user=0.05 sys=0.00, real=0.01 secs] 
729.201: [GC729.201: [ParNew
Desired survivor size 41943040 bytes, new threshold 6 (max 6)
- age   1:     741032 bytes,     741032 total
- age   2:       7832 bytes,     748864 total
- age   3:       1288 bytes,     750152 total
- age   4:       1168 bytes,     751320 total
- age   5:        440 bytes,     751760 total
- age   6:       2784 bytes,     754544 total
: 658554K->2033K(737280K), 0.0065510 secs] 1652786K->996276K(1761280K), 0.0066870 secs] [Times: user=0.04 sys=0.00, real=0.01 secs] 
729.433: [GC729.433: [ParNew
Desired survivor size 41943040 bytes, new threshold 6 (max 6)
- age   1:    1028896 bytes,    1028896 total
- age   2:       1408 bytes,    1030304 total
- age   3:       7760 bytes,    1038064 total
- age   4:       1288 bytes,    1039352 total
- age   5:       1168 bytes,    1040520 total
- age   6:        440 bytes,    1040960 total
: 657393K->1385K(737280K), 0.0067120 secs] 1651636K->995630K(1761280K), 0.0068510 secs] [Times: user=0.05 sys=0.00, real=0.01 secs] 
729.670: [GC729.670: [ParNew
Desired survivor size 41943040 bytes, new threshold 6 (max 6)
- age   1:    1017856 bytes,    1017856 total
- age   2:       1288 bytes,    1019144 total
- age   3:       1264 bytes,    1020408 total
- age   4:       7688 bytes,    1028096 total
- age   5:       1120 bytes,    1029216 total
- age   6:        976 bytes,    1030192 total
: 656745K->1520K(737280K), 0.0067850 secs] 1650990K->995766K(1761280K), 0.0069230 secs] [Times: user=0.04 sys=0.01, real=0.01 secs] 
729.907: [GC729.908: [ParNew
Desired survivor size 41943040 bytes, new threshold 6 (max 6)
- age   1:    1847624 bytes,    1847624 total
- age   2:       4768 bytes,    1852392 total
- age   3:       1192 bytes,    1853584 total
- age   4:       1096 bytes,    1854680 total
- age   5:       7616 bytes,    1862296 total
- age   6:       1016 bytes,    1863312 total
: 656880K->2224K(737280K), 0.0072260 secs] 1651126K->996471K(1761280K), 0.0074310 secs] [Times: user=0.06 sys=0.00, real=0.00 secs] 
730.133: [GC730.133: [ParNew
Desired survivor size 41943040 bytes, new threshold 6 (max 6)
- age   1:     721808 bytes,     721808 total
- age   2:      13648 bytes,     735456 total
- age   3:       4672 bytes,     740128 total
- age   4:       1048 bytes,     741176 total
- age   5:       1072 bytes,     742248 total
- age   6:       7616 bytes,     749864 total
: 657584K->1611K(737280K), 0.0062570 secs] 1651831K->995860K(1761280K), 0.0064320 secs] [Times: user=0.04 sys=0.00, real=0.01 secs] 
730.411: [GC730.411: [ParNew
Desired survivor size 41943040 bytes, new threshold 6 (max 6)
- age   1:     294040 bytes,     294040 total
- age   2:       4432 bytes,     298472 total
- age   3:      13496 bytes,     311968 total
- age   4:       4480 bytes,     316448 total
- age   5:       1024 bytes,     317472 total
- age   6:        976 bytes,     318448 total
: 656971K->677K(737280K), 0.0061800 secs] 1651220K->994934K(1761280K), 0.0063080 secs] [Times: user=0.04 sys=0.00, real=0.01 secs] 
730.631: [GC730.632: [ParNew
Desired survivor size 41943040 bytes, new threshold 6 (max 6)
- age   1:    2805408 bytes,    2805408 total
- age   2:       4440 bytes,    2809848 total
- age   3:       4312 bytes,    2814160 total
- age   4:      13424 bytes,    2827584 total
- age   5:       4384 bytes,    2831968 total
- age   6:        952 bytes,    2832920 total
: 656037K->2895K(737280K), 0.0079260 secs] 1650294K->997153K(1761280K), 0.0080640 secs] [Times: user=0.05 sys=0.00, real=0.01 secs] 
730.870: [GC730.870: [ParNew
Desired survivor size 41943040 bytes, new threshold 6 (max 6)
- age   1:    1473920 bytes,    1473920 total
- age   2:        840 bytes,    1474760 total
- age   3:       4176 bytes,    1478936 total
- age   4:       4144 bytes,    1483080 total
- age   5:      13280 bytes,    1496360 total
- age   6:       4240 bytes,    1500600 total
: 658255K->2683K(737280K), 0.0142190 secs] 1652513K->996941K(1761280K), 0.0143980 secs] [Times: user=0.06 sys=0.00, real=0.01 secs] 
731.133: [GC731.133: [ParNew
Desired survivor size 41943040 bytes, new threshold 6 (max 6)
- age   1:    1812440 bytes,    1812440 total
- age   2:       1224 bytes,    1813664 total
- age   3:        840 bytes,    1814504 total
- age   4:       4176 bytes,    1818680 total
- age   5:       4144 bytes,    1822824 total
- age   6:      13224 bytes,    1836048 total
: 658043K->2172K(737280K), 0.0070090 secs] 1652301K->996435K(1761280K), 0.0071690 secs] [Times: user=0.05 sys=0.00, real=0.01 secs] 
731.385: [GC731.385: [ParNew
Desired survivor size 41943040 bytes, new threshold 6 (max 6)
- age   1:     940800 bytes,     940800 total
- age   2:        776 bytes,     941576 total
- age   3:       1008 bytes,     942584 total
- age   4:        448 bytes,     943032 total
- age   5:       3672 bytes,     946704 total
- age   6:       3904 bytes,     950608 total
: 657532K->1616K(737280K), 0.0064100 secs] 1651795K->995893K(1761280K), 0.0065460 secs] [Times: user=0.04 sys=0.00, real=0.01 secs] 
731.602: [GC731.602: [ParNew
Desired survivor size 41943040 bytes, new threshold 6 (max 6)
- age   1:    1770232 bytes,    1770232 total
- age   2:       2400 bytes,    1772632 total
- age   3:        608 bytes,    1773240 total
- age   4:        912 bytes,    1774152 total
- age   5:        352 bytes,    1774504 total
- age   6:       3600 bytes,    1778104 total
: 656976K->2068K(737280K), 0.0072660 secs] 1651253K->996348K(1761280K), 0.0074200 secs] [Times: user=0.05 sys=0.00, real=0.01 secs] 
731.828: [GC731.828: [ParNew
Desired survivor size 41943040 bytes, new threshold 6 (max 6)
- age   1:    1329520 bytes,    1329520 total
- age   2:       4496 bytes,    1334016 total
- age   3:       2328 bytes,    1336344 total
- age   4:        560 bytes,    1336904 total
- age   5:        768 bytes,    1337672 total
- age   6:        232 bytes,    1337904 total
: 657428K->2049K(737280K), 0.0066550 secs] 1651708K->996333K(1761280K), 0.0068170 secs] [Times: user=0.04 sys=0.00, real=0.00 secs] 
732.087: [GC732.087: [ParNew
Desired survivor size 41943040 bytes, new threshold 6 (max 6)
- age   1:    1358504 bytes,    1358504 total
- age   2:       9016 bytes,    1367520 total
- age   3:       4496 bytes,    1372016 total
- age   4:       2328 bytes,    1374344 total
- age   5:        536 bytes,    1374880 total
- age   6:        768 bytes,    1375648 total
: 657409K->1859K(737280K), 0.0066580 secs] 1651693K->996144K(1761280K), 0.0068920 secs] [Times: user=0.05 sys=0.00, real=0.00 secs] 
732.317: [GC732.317: [ParNew
Desired survivor size 41943040 bytes, new threshold 6 (max 6)
- age   1:    3999640 bytes,    3999640 total
- age   2:        752 bytes,    4000392 total
- age   3:       8608 bytes,    4009000 total
- age   4:       4136 bytes,    4013136 total
- age   5:       1968 bytes,    4015104 total
- age   6:        368 bytes,    4015472 total
: 657219K->4373K(737280K), 0.0091650 secs] 1651504K->998659K(1761280K), 0.0093160 secs] [Times: user=0.07 sys=0.00, real=0.01 secs] 
732.548: [GC732.548: [ParNew
Desired survivor size 41943040 bytes, new threshold 6 (max 6)
- age   1:    1561504 bytes,    1561504 total
- age   2:       4216 bytes,    1565720 total
- age   3:        584 bytes,    1566304 total
- age   4:       8440 bytes,    1574744 total
- age   5:       3920 bytes,    1578664 total
- age   6:       1720 bytes,    1580384 total
: 659733K->3277K(737280K), 0.0069500 secs] 1654019K->997563K(1761280K), 0.0070930 secs] [Times: user=0.05 sys=0.00, real=0.00 secs] 
732.779: [GC732.779: [ParNew
Desired survivor size 41943040 bytes, new threshold 6 (max 6)
- age   1:    3047616 bytes,    3047616 total
- age   2:       4352 bytes,    3051968 total
- age   3:       4216 bytes,    3056184 total
- age   4:        584 bytes,    3056768 total
- age   5:       8416 bytes,    3065184 total
- age   6:       3920 bytes,    3069104 total
: 658637K->3670K(737280K), 0.0080980 secs] 1652923K->997957K(1761280K), 0.0082360 secs] [Times: user=0.06 sys=0.00, real=0.01 secs] 
732.994: [CMS-concurrent-mark: 7.373/7.654 secs] [Times: user=56.96 sys=1.10, real=7.65 secs] 
732.994: [CMS-concurrent-preclean-start]
733.010: [CMS-concurrent-preclean: 0.015/0.016 secs] [Times: user=0.12 sys=0.01, real=0.02 secs] 
733.010: [CMS-concurrent-abortable-preclean-start]
733.027: [GC733.027: [ParNew
Desired survivor size 41943040 bytes, new threshold 6 (max 6)
- age   1:     957312 bytes,     957312 total
- age   2:       1568 bytes,     958880 total
- age   3:       4304 bytes,     963184 total
- age   4:       4072 bytes,     967256 total
- age   5:        488 bytes,     967744 total
- age   6:       8200 bytes,     975944 total
: 659030K->2597K(737280K), 0.0064920 secs] 1653317K->996889K(1761280K), 0.0066370 secs] [Times: user=0.04 sys=0.00, real=0.01 secs] 
733.250: [GC733.250: [ParNew
Desired survivor size 41943040 bytes, new threshold 6 (max 6)
- age   1:    1442920 bytes,    1442920 total
- age   2:        936 bytes,    1443856 total
- age   3:       1400 bytes,    1445256 total
- age   4:       4112 bytes,    1449368 total
- age   5:       3976 bytes,    1453344 total
- age   6:        344 bytes,    1453688 total
: 657957K->1886K(737280K), 0.0078300 secs] 1652249K->996186K(1761280K), 0.0079870 secs] [Times: user=0.05 sys=0.00, real=0.01 secs] 
733.264: [CMS-concurrent-abortable-preclean: 0.113/0.254 secs] [Times: user=1.88 sys=0.03, real=0.25 secs] 
733.273: [GC[YG occupancy: 39932 K (737280 K)]733.273: [Rescan (parallel) , 0.0185500 secs]733.292: [weak refs processing, 0.0000280 secs]733.292: [scrub string table, 0.0009640 secs] [1 CMS-remark: 994300K(1024000K)] 1034232K(1761280K), 0.0197100 secs] [Times: user=0.15 sys=0.00, real=0.02 secs] 
733.294: [CMS-concurrent-sweep-start]
733.526: [GC733.526: [ParNew
Desired survivor size 41943040 bytes, new threshold 6 (max 6)
- age   1:    1463808 bytes,    1463808 total
- age   2:       4440 bytes,    1468248 total
- age   3:        912 bytes,    1469160 total
- age   4:       1304 bytes,    1470464 total
- age   5:       4032 bytes,    1474496 total
- age   6:       3952 bytes,    1478448 total
: 657246K->2251K(737280K), 0.0071650 secs] 1651544K->996550K(1761280K), 0.0073130 secs] [Times: user=0.04 sys=0.00, real=0.01 secs] 
733.769: [GC733.769: [ParNew
Desired survivor size 41943040 bytes, new threshold 6 (max 6)
- age   1:    1797952 bytes,    1797952 total
- age   2:       4464 bytes,    1802416 total
- age   3:       4440 bytes,    1806856 total
- age   4:        912 bytes,    1807768 total
- age   5:       1280 bytes,    1809048 total
- age   6:       4032 bytes,    1813080 total
: 657611K->2633K(737280K), 0.0078210 secs] 1651909K->996935K(1761280K), 0.0080210 secs] [Times: user=0.04 sys=0.01, real=0.00 secs] 
734.032: [GC734.032: [ParNew
Desired survivor size 41943040 bytes, new threshold 6 (max 6)
- age   1:    1014360 bytes,    1014360 total
- age   2:       4408 bytes,    1018768 total
- age   3:       4344 bytes,    1023112 total
- age   4:       4248 bytes,    1027360 total
- age   5:        816 bytes,    1028176 total
- age   6:       1136 bytes,    1029312 total
: 657993K->1889K(737280K), 0.0062750 secs] 1652295K->996195K(1761280K), 0.0064620 secs] [Times: user=0.04 sys=0.00, real=0.01 secs] 
734.288: [GC734.288: [ParNew
Desired survivor size 41943040 bytes, new threshold 6 (max 6)
- age   1:    1743688 bytes,    1743688 total
- age   2:       8520 bytes,    1752208 total
- age   3:       4312 bytes,    1756520 total
- age   4:       4248 bytes,    1760768 total
- age   5:       4176 bytes,    1764944 total
- age   6:        816 bytes,    1765760 total
: 657249K->1991K(737280K), 0.0068130 secs] 1651555K->996299K(1761280K), 0.0069570 secs] [Times: user=0.05 sys=0.00, real=0.00 secs] 
734.371: [CMS-concurrent-sweep: 1.041/1.077 secs] [Times: user=8.03 sys=0.17, real=1.08 secs] 
734.371: [CMS-concurrent-reset-start]
734.405: [CMS-concurrent-reset: 0.034/0.034 secs] [Times: user=0.26 sys=0.01, real=0.03 secs] 
734.525: [GC734.525: [ParNew
Desired survivor size 41943040 bytes, new threshold 6 (max 6)
- age   1:     934840 bytes,     934840 total
- age   2:       4424 bytes,     939264 total
- age   3:       8424 bytes,     947688 total
- age   4:       4312 bytes,     952000 total
- age   5:       4248 bytes,     956248 total
- age   6:       4176 bytes,     960424 total
: 657351K->1865K(737280K), 0.0065520 secs] 1651520K->996035K(1761280K), 0.0066930 secs] [Times: user=0.04 sys=0.00, real=0.01 secs] 
734.533: [GC [1 CMS-initial-mark: 994169K(1024000K)] 997190K(1761280K), 0.0050370 secs] [Times: user=0.01 sys=0.00, real=0.01 secs] 
734.538: [CMS-concurrent-mark-start]
734.784: [GC734.784: [ParNew
Desired survivor size 41943040 bytes, new threshold 6 (max 6)
- age   1:     844856 bytes,     844856 total
- age   2:       4544 bytes,     849400 total
- age   3:       4424 bytes,     853824 total
- age   4:       8424 bytes,     862248 total
- age   5:       4288 bytes,     866536 total
- age   6:       4248 bytes,     870784 total
: 657225K->1268K(737280K), 0.0061980 secs] 1651395K->995442K(1761280K), 0.0063390 secs] [Times: user=0.05 sys=0.00, real=0.01 secs] 
735.030: [GC735.030: [ParNew
Desired survivor size 41943040 bytes, new threshold 6 (max 6)
- age   1:     546144 bytes,     546144 total
- age   2:       1256 bytes,     547400 total
- age   3:       4328 bytes,     551728 total
- age   4:       4352 bytes,     556080 total
- age   5:       8400 bytes,     564480 total
- age   6:       4288 bytes,     568768 total
: 656628K->1126K(737280K), 0.0066980 secs] 1650802K->995304K(1761280K), 0.0068660 secs] [Times: user=0.04 sys=0.00, real=0.00 secs] 
735.260: [GC735.260: [ParNew
Desired survivor size 41943040 bytes, new threshold 6 (max 6)
- age   1:     539264 bytes,     539264 total
- age   2:       4224 bytes,     543488 total
- age   3:        944 bytes,     544432 total
- age   4:       4136 bytes,     548568 total
- age   5:       4232 bytes,     552800 total
- age   6:       8040 bytes,     560840 total
: 656486K->774K(737280K), 0.0062870 secs] 1650664K->994957K(1761280K), 0.0064230 secs] [Times: user=0.04 sys=0.00, real=0.00 secs] 
735.499: [GC735.499: [ParNew
Desired survivor size 41943040 bytes, new threshold 6 (max 6)
- age   1:    1791280 bytes,    1791280 total
- age   2:      14328 bytes,    1805608 total
- age   3:       4152 bytes,    1809760 total
- age   4:        944 bytes,    1810704 total
- age   5:       4136 bytes,    1814840 total
- age   6:       4232 bytes,    1819072 total
: 656134K->2056K(737280K), 0.0071370 secs] 1650317K->996247K(1761280K), 0.0073760 secs] [Times: user=0.05 sys=0.00, real=0.00 secs] 
735.743: [GC735.743: [ParNew
Desired survivor size 41943040 bytes, new threshold 6 (max 6)
- age   1:     525712 bytes,     525712 total
- age   2:       5832 bytes,     531544 total
- age   3:      14328 bytes,     545872 total
- age   4:       4152 bytes,     550024 total
- age   5:        920 bytes,     550944 total
- age   6:       4136 bytes,     555080 total
: 657416K->1460K(737280K), 0.0060370 secs] 1651607K->995656K(1761280K), 0.0061940 secs] [Times: user=0.04 sys=0.00, real=0.01 secs] 
736.001: [GC736.001: [ParNew
Desired survivor size 41943040 bytes, new threshold 6 (max 6)
- age   1:    1532416 bytes,    1532416 total
- age   2:        640 bytes,    1533056 total
- age   3:       5472 bytes,    1538528 total
- age   4:      14136 bytes,    1552664 total
- age   5:       3888 bytes,    1556552 total
- age   6:        728 bytes,    1557280 total
: 656820K->1815K(737280K), 0.0073720 secs] 1651016K->996015K(1761280K), 0.0075270 secs] [Times: user=0.05 sys=0.01, real=0.01 secs] 
736.234: [GC736.234: [ParNew
Desired survivor size 41943040 bytes, new threshold 6 (max 6)
- age   1:    2622256 bytes,    2622256 total
- age   2:       8736 bytes,    2630992 total
- age   3:        616 bytes,    2631608 total
- age   4:       5472 bytes,    2637080 total
- age   5:      14136 bytes,    2651216 total
- age   6:       3888 bytes,    2655104 total
: 657175K->3006K(737280K), 0.0076290 secs] 1651375K->997207K(1761280K), 0.0077910 secs] [Times: user=0.06 sys=0.00, real=0.01 secs] 
736.482: [GC736.482: [ParNew
Desired survivor size 41943040 bytes, new threshold 6 (max 6)
- age   1:    1372608 bytes,    1372608 total
- age   2:      21152 bytes,    1393760 total
- age   3:       8520 bytes,    1402280 total
- age   4:        472 bytes,    1402752 total
- age   5:       5280 bytes,    1408032 total
- age   6:      14040 bytes,    1422072 total
: 658366K->2544K(737280K), 0.0067690 secs] 1652567K->996748K(1761280K), 0.0069450 secs] [Times: user=0.05 sys=0.00, real=0.01 secs] 
736.724: [GC736.724: [ParNew
Desired survivor size 41943040 bytes, new threshold 6 (max 6)
- age   1:    1423904 bytes,    1423904 total
- age   2:       1656 bytes,    1425560 total
- age   3:      21152 bytes,    1446712 total
- age   4:       8472 bytes,    1455184 total
- age   5:        352 bytes,    1455536 total
- age   6:       5256 bytes,    1460792 total
: 657904K->2036K(737280K), 0.0069480 secs] 1652108K->996255K(1761280K), 0.0071460 secs] [Times: user=0.05 sys=0.00, real=0.01 secs] 
737.001: [GC737.001: [ParNew
Desired survivor size 41943040 bytes, new threshold 6 (max 6)
- age   1:     477624 bytes,     477624 total
- age   2:       4176 bytes,     481800 total
- age   3:       1632 bytes,     483432 total
- age   4:      21152 bytes,     504584 total
- age   5:       8448 bytes,     513032 total
- age   6:        352 bytes,     513384 total
: 657396K->1341K(737280K), 0.0065890 secs] 1651615K->995566K(1761280K), 0.0067520 secs] [Times: user=0.05 sys=0.00, real=0.01 secs] 
737.255: [GC737.255: [ParNew
Desired survivor size 41943040 bytes, new threshold 6 (max 6)
- age   1:    1442168 bytes,    1442168 total
- age   2:       5912 bytes,    1448080 total
- age   3:       4176 bytes,    1452256 total
- age   4:       1512 bytes,    1453768 total
- age   5:      21128 bytes,    1474896 total
- age   6:       8280 bytes,    1483176 total
: 656701K->1727K(737280K), 0.0069750 secs] 1650926K->995952K(1761280K), 0.0071390 secs] [Times: user=0.04 sys=0.00, real=0.01 secs] 
737.477: [GC737.477: [ParNew
Desired survivor size 41943040 bytes, new threshold 6 (max 6)
- age   1:    2526256 bytes,    2526256 total
- age   2:       3256 bytes,    2529512 total
- age   3:       5816 bytes,    2535328 total
- age   4:       4152 bytes,    2539480 total
- age   5:       1440 bytes,    2540920 total
- age   6:      21056 bytes,    2561976 total
: 657087K->3153K(737280K), 0.0077550 secs] 1651312K->997387K(1761280K), 0.0079680 secs] [Times: user=0.06 sys=0.00, real=0.00 secs] 
737.716: [GC737.716: [ParNew
Desired survivor size 41943040 bytes, new threshold 6 (max 6)
- age   1:    2066440 bytes,    2066440 total
- age   2:       1808 bytes,    2068248 total
- age   3:       1256 bytes,    2069504 total
- age   4:       5744 bytes,    2075248 total
- age   5:       4152 bytes,    2079400 total
- age   6:       1408 bytes,    2080808 total
: 658513K->3537K(737280K), 0.0072660 secs] 1652747K->997791K(1761280K), 0.0074100 secs] [Times: user=0.05 sys=0.00, real=0.01 secs] 
737.964: [GC737.964: [ParNew
Desired survivor size 41943040 bytes, new threshold 6 (max 6)
- age   1:    1058520 bytes,    1058520 total
- age   2:       1200 bytes,    1059720 total
- age   3:       1736 bytes,    1061456 total
- age   4:       1088 bytes,    1062544 total
- age   5:       5600 bytes,    1068144 total
- age   6:       4008 bytes,    1072152 total
: 658897K->1469K(737280K), 0.0066420 secs] 1653151K->995725K(1761280K), 0.0067680 secs] [Times: user=0.04 sys=0.00, real=0.01 secs] 
738.206: [GC738.206: [ParNew
Desired survivor size 41943040 bytes, new threshold 6 (max 6)
- age   1:    1245440 bytes,    1245440 total
- age   2:      14512 bytes,    1259952 total
- age   3:        880 bytes,    1260832 total
- age   4:       1448 bytes,    1262280 total
- age   5:        800 bytes,    1263080 total
- age   6:       5360 bytes,    1268440 total
: 656829K->1945K(737280K), 0.0066520 secs] 1651085K->996205K(1761280K), 0.0068020 secs] [Times: user=0.05 sys=0.00, real=0.01 secs] 
738.426: [GC738.426: [ParNew
Desired survivor size 41943040 bytes, new threshold 6 (max 6)
- age   1:     917496 bytes,     917496 total
- age   2:       7656 bytes,     925152 total
- age   3:      14512 bytes,     939664 total
- age   4:        880 bytes,     940544 total
- age   5:       1448 bytes,     941992 total
- age   6:        800 bytes,     942792 total
: 657305K->1357K(737280K), 0.0062260 secs] 1651565K->995623K(1761280K), 0.0063790 secs] [Times: user=0.03 sys=0.00, real=0.01 secs] 
738.645: [GC738.645: [ParNew
Desired survivor size 41943040 bytes, new threshold 6 (max 6)
- age   1:    1434672 bytes,    1434672 total
- age   2:       6000 bytes,    1440672 total
- age   3:       7584 bytes,    1448256 total
- age   4:      14440 bytes,    1462696 total
- age   5:        784 bytes,    1463480 total
- age   6:       1424 bytes,    1464904 total
: 656717K->1736K(737280K), 0.0068660 secs] 1650983K->996003K(1761280K), 0.0069980 secs] [Times: user=0.05 sys=0.00, real=0.01 secs] 
738.881: [GC738.881: [ParNew
Desired survivor size 41943040 bytes, new threshold 6 (max 6)
- age   1:     597016 bytes,     597016 total
- age   2:        896 bytes,     597912 total
- age   3:       3984 bytes,     601896 total
- age   4:       7200 bytes,     609096 total
- age   5:      14128 bytes,     623224 total
- age   6:        640 bytes,     623864 total
: 657096K->1155K(737280K), 0.0145720 secs] 1651363K->995423K(1761280K), 0.0147440 secs] [Times: user=0.04 sys=0.00, real=0.01 secs] 
739.133: [GC739.133: [ParNew
Desired survivor size 41943040 bytes, new threshold 6 (max 6)
- age   1:     782480 bytes,     782480 total
- age   2:       3912 bytes,     786392 total
- age   3:        752 bytes,     787144 total
- age   4:       3720 bytes,     790864 total
- age   5:       7128 bytes,     797992 total
- age   6:      14032 bytes,     812024 total
: 656515K->1117K(737280K), 0.0062040 secs] 1650783K->995385K(1761280K), 0.0063650 secs] [Times: user=0.04 sys=0.00, real=0.01 secs] 
739.366: [GC739.366: [ParNew
Desired survivor size 41943040 bytes, new threshold 6 (max 6)
- age   1:    1846368 bytes,    1846368 total
- age   2:       2976 bytes,    1849344 total
- age   3:       3768 bytes,    1853112 total
- age   4:        680 bytes,    1853792 total
- age   5:       3720 bytes,    1857512 total
- age   6:       7128 bytes,    1864640 total
: 656477K->2111K(737280K), 0.0069750 secs] 1650745K->996394K(1761280K), 0.0071180 secs] [Times: user=0.05 sys=0.00, real=0.01 secs] 
739.588: [GC739.588: [ParNew
Desired survivor size 41943040 bytes, new threshold 6 (max 6)
- age   1:    1945400 bytes,    1945400 total
- age   2:     435320 bytes,    2380720 total
- age   3:       2976 bytes,    2383696 total
- age   4:       3768 bytes,    2387464 total
- age   5:        680 bytes,    2388144 total
- age   6:       3720 bytes,    2391864 total
: 657471K->3098K(737280K), 0.0075570 secs] 1651754K->997388K(1761280K), 0.0076950 secs] [Times: user=0.05 sys=0.00, real=0.00 secs] 
739.821: [GC739.821: [ParNew
Desired survivor size 41943040 bytes, new threshold 6 (max 6)
- age   1:     766896 bytes,     766896 total
- age   2:        744 bytes,     767640 total
- age   3:        392 bytes,     768032 total
- age   4:       2616 bytes,     770648 total
- age   5:       3528 bytes,     774176 total
- age   6:        512 bytes,     774688 total
: 658458K->2139K(737280K), 0.0071080 secs] 1652748K->996433K(1761280K), 0.0072740 secs] [Times: user=0.05 sys=0.00, real=0.01 secs] 
740.063: [GC740.063: [ParNew
Desired survivor size 41943040 bytes, new threshold 6 (max 6)
- age   1:    1295848 bytes,    1295848 total
- age   2:       2264 bytes,    1298112 total
- age   3:        616 bytes,    1298728 total
- age   4:        344 bytes,    1299072 total
- age   5:       2520 bytes,    1301592 total
- age   6:       3504 bytes,    1305096 total
: 657499K->1719K(737280K), 0.0066950 secs] 1651793K->996013K(1761280K), 0.0068430 secs] [Times: user=0.05 sys=0.01, real=0.01 secs] 
740.290: [GC740.291: [ParNew
Desired survivor size 41943040 bytes, new threshold 6 (max 6)
- age   1:    1344752 bytes,    1344752 total
- age   2:      13096 bytes,    1357848 total
- age   3:       2240 bytes,    1360088 total
- age   4:        616 bytes,    1360704 total
- age   5:        344 bytes,    1361048 total
- age   6:       2520 bytes,    1363568 total
: 657079K->1847K(737280K), 0.0069490 secs] 1651373K->996145K(1761280K), 0.0070830 secs] [Times: user=0.04 sys=0.00, real=0.00 secs] 
740.540: [GC740.540: [ParNew
Desired survivor size 41943040 bytes, new threshold 6 (max 6)
- age   1:     574208 bytes,     574208 total
- age   2:        984 bytes,     575192 total
- age   3:      12976 bytes,     588168 total
- age   4:       2168 bytes,     590336 total
- age   5:        568 bytes,     590904 total
- age   6:        272 bytes,     591176 total
: 657207K->1283K(737280K), 0.0062270 secs] 1651505K->995583K(1761280K), 0.0063750 secs] [Times: user=0.04 sys=0.00, real=0.00 secs] 
740.780: [GC740.780: [ParNew
Desired survivor size 41943040 bytes, new threshold 6 (max 6)
- age   1:    2162232 bytes,    2162232 total
- age   2:       2568 bytes,    2164800 total
- age   3:        936 bytes,    2165736 total
- age   4:      12856 bytes,    2178592 total
- age   5:       2120 bytes,    2180712 total
- age   6:        568 bytes,    2181280 total
: 656643K->2417K(737280K), 0.0073400 secs] 1650943K->996718K(1761280K), 0.0074930 secs] [Times: user=0.04 sys=0.00, real=0.00 secs] 
741.019: [GC741.019: [ParNew
Desired survivor size 41943040 bytes, new threshold 6 (max 6)
- age   1:    1830272 bytes,    1830272 total
- age   2:       1480 bytes,    1831752 total
- age   3:       2520 bytes,    1834272 total
- age   4:        864 bytes,    1835136 total
- age   5:      12760 bytes,    1847896 total
- age   6:       2024 bytes,    1849920 total
: 657777K->3031K(737280K), 0.0071420 secs] 1652078K->997332K(1761280K), 0.0072750 secs] [Times: user=0.04 sys=0.01, real=0.00 secs] 
741.243: [GC741.243: [ParNew
Desired survivor size 41943040 bytes, new threshold 6 (max 6)
- age   1:    1997632 bytes,    1997632 total
- age   2:    1014880 bytes,    3012512 total
- age   3:       1072 bytes,    3013584 total
- age   4:       2112 bytes,    3015696 total
- age   5:        744 bytes,    3016440 total
- age   6:      12592 bytes,    3029032 total
: 658391K->3470K(737280K), 0.0083150 secs] 1652692K->997774K(1761280K), 0.0085220 secs] [Times: user=0.06 sys=0.01, real=0.01 secs] 
741.478: [GC741.478: [ParNew
Desired survivor size 41943040 bytes, new threshold 6 (max 6)
- age   1:    2708088 bytes,    2708088 total
- age   2:    1031544 bytes,    3739632 total
- age   3:    1014808 bytes,    4754440 total
- age   4:       1072 bytes,    4755512 total
- age   5:       2112 bytes,    4757624 total
- age   6:        744 bytes,    4758368 total
: 658830K->5928K(737280K), 0.0092560 secs] 1653134K->1000245K(1761280K), 0.0094270 secs] [Times: user=0.06 sys=0.00, real=0.01 secs] 
741.696: [GC741.696: [ParNew
Desired survivor size 41943040 bytes, new threshold 6 (max 6)
- age   1:    2440912 bytes,    2440912 total
- age   2:    1019432 bytes,    3460344 total
- age   3:     497304 bytes,    3957648 total
- age   4:    1014808 bytes,    4972456 total
- age   5:       1072 bytes,    4973528 total
- age   6:       2112 bytes,    4975640 total
: 661288K->7705K(737280K), 0.0090600 secs] 1655605K->1002022K(1761280K), 0.0092270 secs] [Times: user=0.07 sys=0.00, real=0.01 secs] 
741.920: [GC741.920: [ParNew
Desired survivor size 41943040 bytes, new threshold 6 (max 6)
- age   1:    2722808 bytes,    2722808 total
- age   2:     850520 bytes,    3573328 total
- age   3:     803240 bytes,    4376568 total
- age   4:     497016 bytes,    4873584 total
- age   5:    1014592 bytes,    5888176 total
- age   6:        952 bytes,    5889128 total
: 663065K->9342K(737280K), 0.0104400 secs] 1657382K->1003663K(1761280K), 0.0105900 secs] [Times: user=0.06 sys=0.01, real=0.01 secs] 
742.159: [GC742.159: [ParNew
Desired survivor size 41943040 bytes, new threshold 6 (max 6)
- age   1:    1045520 bytes,    1045520 total
- age   2:       4968 bytes,    1050488 total
- age   3:        880 bytes,    1051368 total
- age   4:       4080 bytes,    1055448 total
- age   5:       1096 bytes,    1056544 total
- age   6:       4136 bytes,    1060680 total
: 664702K->5481K(737280K), 0.0063270 secs] 1659023K->999802K(1761280K), 0.0064920 secs] [Times: user=0.04 sys=0.00, real=0.00 secs] 
742.353: [CMS-concurrent-mark: 7.512/7.815 secs] [Times: user=58.62 sys=1.08, real=7.81 secs] 
742.354: [CMS-concurrent-preclean-start]
742.371: [CMS-concurrent-preclean: 0.016/0.017 secs] [Times: user=0.13 sys=0.00, real=0.02 secs] 
742.371: [CMS-concurrent-abortable-preclean-start]
742.386: [GC742.386: [ParNew
Desired survivor size 41943040 bytes, new threshold 6 (max 6)
- age   1:    1081992 bytes,    1081992 total
- age   2:       8600 bytes,    1090592 total
- age   3:       4920 bytes,    1095512 total
- age   4:        880 bytes,    1096392 total
- age   5:       4080 bytes,    1100472 total
- age   6:       1096 bytes,    1101568 total
: 660841K->1760K(737280K), 0.0062580 secs] 1655162K->996085K(1761280K), 0.0063860 secs] [Times: user=0.04 sys=0.00, real=0.01 secs] 
742.535: [CMS-concurrent-abortable-preclean: 0.048/0.164 secs] [Times: user=1.21 sys=0.02, real=0.16 secs] 
742.538: [GC[YG occupancy: 456837 K (737280 K)]742.538: [Rescan (parallel) , 0.2637030 secs]742.802: [weak refs processing, 0.0000400 secs]742.802: [scrub string table, 0.0009980 secs] [1 CMS-remark: 994325K(1024000K)] 1451162K(1761280K), 0.2648810 secs] [Times: user=1.95 sys=0.01, real=0.27 secs] 
742.803: [CMS-concurrent-sweep-start]
742.895: [GC742.895: [ParNew
Desired survivor size 41943040 bytes, new threshold 6 (max 6)
- age   1:    1640376 bytes,    1640376 total
- age   2:        944 bytes,    1641320 total
- age   3:       8600 bytes,    1649920 total
- age   4:       4896 bytes,    1654816 total
- age   5:        880 bytes,    1655696 total
- age   6:       4048 bytes,    1659744 total
: 657120K->2396K(737280K), 0.0071210 secs] 1651445K->996722K(1761280K), 0.0072740 secs] [Times: user=0.04 sys=0.00, real=0.01 secs] 
743.133: [GC743.133: [ParNew
Desired survivor size 41943040 bytes, new threshold 6 (max 6)
- age   1:    2619864 bytes,    2619864 total
- age   2:       1040 bytes,    2620904 total
- age   3:        728 bytes,    2621632 total
- age   4:       8456 bytes,    2630088 total
- age   5:       4824 bytes,    2634912 total
- age   6:        808 bytes,    2635720 total
: 657756K->3030K(737280K), 0.0078750 secs] 1652082K->997361K(1761280K), 0.0080340 secs] [Times: user=0.05 sys=0.00, real=0.01 secs] 
743.355: [GC743.355: [ParNew
Desired survivor size 41943040 bytes, new threshold 6 (max 6)
- age   1:    1223672 bytes,    1223672 total
- age   2:     365312 bytes,    1588984 total
- age   3:        920 bytes,    1589904 total
- age   4:        656 bytes,    1590560 total
- age   5:       8432 bytes,    1598992 total
- age   6:       4800 bytes,    1603792 total
: 658390K->2309K(737280K), 0.0069250 secs] 1652721K->996640K(1761280K), 0.0070680 secs] [Times: user=0.04 sys=0.00, real=0.01 secs] 
743.588: [GC743.588: [ParNew
Desired survivor size 41943040 bytes, new threshold 6 (max 6)
- age   1:    1490808 bytes,    1490808 total
- age   2:       1128 bytes,    1491936 total
- age   3:       7120 bytes,    1499056 total
- age   4:        824 bytes,    1499880 total
- age   5:        608 bytes,    1500488 total
- age   6:       8288 bytes,    1508776 total
: 657669K->2409K(737280K), 0.0069320 secs] 1652000K->996745K(1761280K), 0.0070750 secs] [Times: user=0.05 sys=0.00, real=0.01 secs] 
743.811: [GC743.811: [ParNew
Desired survivor size 41943040 bytes, new threshold 6 (max 6)
- age   1:    3912536 bytes,    3912536 total
- age   2:       4288 bytes,    3916824 total
- age   3:       1128 bytes,    3917952 total
- age   4:       7120 bytes,    3925072 total
- age   5:        824 bytes,    3925896 total
- age   6:        608 bytes,    3926504 total
: 657769K->4822K(737280K), 0.0084880 secs] 1652105K->999166K(1761280K), 0.0086770 secs] [Times: user=0.06 sys=0.00, real=0.01 secs] 
744.056: [GC744.056: [ParNew
Desired survivor size 41943040 bytes, new threshold 6 (max 6)
- age   1:     703448 bytes,     703448 total
- age   2:        984 bytes,     704432 total
- age   3:       4240 bytes,     708672 total
- age   4:       1080 bytes,     709752 total
- age   5:       7120 bytes,     716872 total
- age   6:        800 bytes,     717672 total
: 660182K->3261K(737280K), 0.0073800 secs] 1654526K->997606K(1761280K), 0.0075320 secs] [Times: user=0.04 sys=0.01, real=0.01 secs] 
744.289: [GC744.289: [ParNew
Desired survivor size 41943040 bytes, new threshold 6 (max 6)
- age   1:    2049512 bytes,    2049512 total
- age   2:       4304 bytes,    2053816 total
- age   3:        984 bytes,    2054800 total
- age   4:       4240 bytes,    2059040 total
- age   5:       1080 bytes,    2060120 total
- age   6:       7096 bytes,    2067216 total
: 658621K->2600K(737280K), 0.0070640 secs] 1652966K->996946K(1761280K), 0.0072140 secs] [Times: user=0.06 sys=0.00, real=0.00 secs] 
744.538: [GC744.538: [ParNew
Desired survivor size 41943040 bytes, new threshold 6 (max 6)
- age   1:    1862616 bytes,    1862616 total
- age   2:       7680 bytes,    1870296 total
- age   3:       4136 bytes,    1874432 total
- age   4:        792 bytes,    1875224 total
- age   5:       4024 bytes,    1879248 total
- age   6:        912 bytes,    1880160 total
: 657960K->3083K(737280K), 0.0075900 secs] 1652292K->997422K(1761280K), 0.0077770 secs] [Times: user=0.05 sys=0.00, real=0.01 secs] 
744.571: [CMS-concurrent-sweep: 1.682/1.768 secs] [Times: user=13.07 sys=0.27, real=1.77 secs] 
744.571: [CMS-concurrent-reset-start]
744.610: [CMS-concurrent-reset: 0.039/0.039 secs] [Times: user=0.29 sys=0.01, real=0.04 secs] 
744.766: [GC744.766: [ParNew
Desired survivor size 41943040 bytes, new threshold 6 (max 6)
- age   1:    1583744 bytes,    1583744 total
- age   2:       4296 bytes,    1588040 total
- age   3:       7680 bytes,    1595720 total
- age   4:       4136 bytes,    1599856 total
- age   5:        792 bytes,    1600648 total
- age   6:       4024 bytes,    1604672 total
: 658443K->1975K(737280K), 0.0070580 secs] 1652650K->996184K(1761280K), 0.0073020 secs] [Times: user=0.05 sys=0.00, real=0.01 secs] 
744.780: [GC [1 CMS-initial-mark: 994208K(1024000K)] 1019556K(1761280K), 0.0194710 secs] [Times: user=0.01 sys=0.00, real=0.02 secs] 
744.800: [CMS-concurrent-mark-start]
745.052: [GC745.053: [ParNew
Desired survivor size 41943040 bytes, new threshold 6 (max 6)
- age   1:     327168 bytes,     327168 total
- age   2:       1040 bytes,     328208 total
- age   3:       4176 bytes,     332384 total
- age   4:       7584 bytes,     339968 total
- age   5:       3992 bytes,     343960 total
- age   6:        648 bytes,     344608 total
: 657335K->1457K(737280K), 0.0065810 secs] 1651544K->995670K(1761280K), 0.0068260 secs] [Times: user=0.04 sys=0.00, real=0.01 secs] 
745.285: [GC745.285: [ParNew
Desired survivor size 41943040 bytes, new threshold 6 (max 6)
- age   1:     327128 bytes,     327128 total
- age   2:       3856 bytes,     330984 total
- age   3:        864 bytes,     331848 total
- age   4:       4080 bytes,     335928 total
- age   5:       7560 bytes,     343488 total
- age   6:       3896 bytes,     347384 total
: 656817K->672K(737280K), 0.0058600 secs] 1651030K->994886K(1761280K), 0.0060220 secs] [Times: user=0.04 sys=0.00, real=0.01 secs] 
745.519: [GC745.519: [ParNew
Desired survivor size 41943040 bytes, new threshold 6 (max 6)
- age   1:    2769208 bytes,    2769208 total
- age   2:        872 bytes,    2770080 total
- age   3:       3472 bytes,    2773552 total
- age   4:        552 bytes,    2774104 total
- age   5:       3600 bytes,    2777704 total
- age   6:       7368 bytes,    2785072 total
: 656032K->2841K(737280K), 0.0077790 secs] 1650246K->997059K(1761280K), 0.0079180 secs] [Times: user=0.05 sys=0.00, real=0.00 secs] 
745.763: [GC745.763: [ParNew
Desired survivor size 41943040 bytes, new threshold 6 (max 6)
- age   1:    2650696 bytes,    2650696 total
- age   2:       5424 bytes,    2656120 total
- age   3:        872 bytes,    2656992 total
- age   4:       3472 bytes,    2660464 total
- age   5:        552 bytes,    2661016 total
- age   6:       3600 bytes,    2664616 total
: 658201K->3674K(737280K), 0.0079380 secs] 1652419K->997899K(1761280K), 0.0080860 secs] [Times: user=0.05 sys=0.00, real=0.01 secs] 
746.030: [GC746.030: [ParNew
Desired survivor size 41943040 bytes, new threshold 6 (max 6)
- age   1:    1413960 bytes,    1413960 total
- age   2:       2496 bytes,    1416456 total
- age   3:       5424 bytes,    1421880 total
- age   4:        872 bytes,    1422752 total
- age   5:       3448 bytes,    1426200 total
- age   6:        552 bytes,    1426752 total
: 659034K->2476K(737280K), 0.0068500 secs] 1653259K->996705K(1761280K), 0.0069940 secs] [Times: user=0.05 sys=0.00, real=0.00 secs] 
746.280: [GC746.280: [ParNew
Desired survivor size 41943040 bytes, new threshold 6 (max 6)
- age   1:     233816 bytes,     233816 total
- age   2:       1096 bytes,     234912 total
- age   3:       2208 bytes,     237120 total
- age   4:       5208 bytes,     242328 total
- age   5:        848 bytes,     243176 total
- age   6:       3256 bytes,     246432 total
: 657836K->1141K(737280K), 0.0060900 secs] 1652065K->995370K(1761280K), 0.0062810 secs] [Times: user=0.04 sys=0.00, real=0.00 secs] 
746.513: [GC746.513: [ParNew
Desired survivor size 41943040 bytes, new threshold 6 (max 6)
- age   1:     756392 bytes,     756392 total
- age   2:       9928 bytes,     766320 total
- age   3:        976 bytes,     767296 total
- age   4:       1944 bytes,     769240 total
- age   5:       5016 bytes,     774256 total
- age   6:        656 bytes,     774912 total
: 656501K->907K(737280K), 0.0065660 secs] 1650730K->995139K(1761280K), 0.0066930 secs] [Times: user=0.04 sys=0.00, real=0.01 secs] 
746.759: [GC746.759: [ParNew
Desired survivor size 41943040 bytes, new threshold 6 (max 6)
- age   1:    2274952 bytes,    2274952 total
- age   2:        944 bytes,    2275896 total
- age   3:       9376 bytes,    2285272 total
- age   4:        520 bytes,    2285792 total
- age   5:       1584 bytes,    2287376 total
- age   6:       4792 bytes,    2292168 total
: 656267K->2616K(737280K), 0.0081150 secs] 1650499K->996849K(1761280K), 0.0083230 secs] [Times: user=0.06 sys=0.00, real=0.00 secs] 
747.012: [GC747.012: [ParNew
Desired survivor size 41943040 bytes, new threshold 6 (max 6)
- age   1:    2091488 bytes,    2091488 total
- age   2:       5760 bytes,    2097248 total
- age   3:        848 bytes,    2098096 total
- age   4:       9328 bytes,    2107424 total
- age   5:        424 bytes,    2107848 total
- age   6:       1512 bytes,    2109360 total
: 657976K->2993K(737280K), 0.0076570 secs] 1652209K->997231K(1761280K), 0.0078440 secs] [Times: user=0.05 sys=0.00, real=0.01 secs] 
747.271: [GC747.271: [ParNew
Desired survivor size 41943040 bytes, new threshold 6 (max 6)
- age   1:     384272 bytes,     384272 total
- age   2:        840 bytes,     385112 total
- age   3:       5568 bytes,     390680 total
- age   4:        728 bytes,     391408 total
- age   5:       9304 bytes,     400712 total
- age   6:        424 bytes,     401136 total
: 658353K->2005K(737280K), 0.0065570 secs] 1652591K->996245K(1761280K), 0.0067120 secs] [Times: user=0.05 sys=0.00, real=0.00 secs] 
747.520: [GC747.520: [ParNew
Desired survivor size 41943040 bytes, new threshold 6 (max 6)
- age   1:    1484192 bytes,    1484192 total
- age   2:       1576 bytes,    1485768 total
- age   3:        768 bytes,    1486536 total
- age   4:       5496 bytes,    1492032 total
- age   5:        728 bytes,    1492760 total
- age   6:       9304 bytes,    1502064 total
: 657365K->1868K(737280K), 0.0070300 secs] 1651605K->996109K(1761280K), 0.0071910 secs] [Times: user=0.04 sys=0.01, real=0.00 secs] 
747.754: [GC747.754: [ParNew
Desired survivor size 41943040 bytes, new threshold 6 (max 6)
- age   1:    1274120 bytes,    1274120 total
- age   2:       1240 bytes,    1275360 total
- age   3:       1576 bytes,    1276936 total
- age   4:        768 bytes,    1277704 total
- age   5:       5496 bytes,    1283200 total
- age   6:        728 bytes,    1283928 total
: 657228K->2176K(737280K), 0.0067360 secs] 1651469K->996426K(1761280K), 0.0068870 secs] [Times: user=0.05 sys=0.00, real=0.01 secs] 
748.012: [GC748.012: [ParNew
Desired survivor size 41943040 bytes, new threshold 6 (max 6)
- age   1:    1257680 bytes,    1257680 total
- age   2:        896 bytes,    1258576 total
- age   3:        856 bytes,    1259432 total
- age   4:       1264 bytes,    1260696 total
- age   5:        600 bytes,    1261296 total
- age   6:       5248 bytes,    1266544 total
: 657536K->1562K(737280K), 0.0066850 secs] 1651786K->995813K(1761280K), 0.0068410 secs] [Times: user=0.04 sys=0.00, real=0.01 secs] 
748.239: [GC748.239: [ParNew
Desired survivor size 41943040 bytes, new threshold 6 (max 6)
- age   1:     552640 bytes,     552640 total
- age   2:       8144 bytes,     560784 total
- age   3:        704 bytes,     561488 total
- age   4:        736 bytes,     562224 total
- age   5:       1192 bytes,     563416 total
- age   6:        432 bytes,     563848 total
: 656922K->1263K(737280K), 0.0062770 secs] 1651173K->995520K(1761280K), 0.0064030 secs] [Times: user=0.04 sys=0.00, real=0.00 secs] 
748.472: [GC748.473: [ParNew
Desired survivor size 41943040 bytes, new threshold 6 (max 6)
- age   1:    1203872 bytes,    1203872 total
- age   2:      14992 bytes,    1218864 total
- age   3:       8144 bytes,    1227008 total
- age   4:        704 bytes,    1227712 total
- age   5:        736 bytes,    1228448 total
- age   6:       1192 bytes,    1229640 total
: 656623K->1400K(737280K), 0.0063770 secs] 1650880K->995657K(1761280K), 0.0065150 secs] [Times: user=0.05 sys=0.00, real=0.00 secs] 
748.697: [GC748.697: [ParNew
Desired survivor size 41943040 bytes, new threshold 6 (max 6)
- age   1:    2898432 bytes,    2898432 total
- age   2:       1152 bytes,    2899584 total
- age   3:      14800 bytes,    2914384 total
- age   4:       7920 bytes,    2922304 total
- age   5:        440 bytes,    2922744 total
- age   6:        640 bytes,    2923384 total
: 656760K->3323K(737280K), 0.0078190 secs] 1651017K->997581K(1761280K), 0.0079950 secs] [Times: user=0.05 sys=0.00, real=0.01 secs] 
748.929: [GC748.929: [ParNew
Desired survivor size 41943040 bytes, new threshold 6 (max 6)
- age   1:    3027168 bytes,    3027168 total
- age   2:       7648 bytes,    3034816 total
- age   3:       1152 bytes,    3035968 total
- age   4:      14800 bytes,    3050768 total
- age   5:       7896 bytes,    3058664 total
- age   6:        440 bytes,    3059104 total
: 658683K->4494K(737280K), 0.0080020 secs] 1652941K->998753K(1761280K), 0.0082550 secs] [Times: user=0.05 sys=0.00, real=0.01 secs] 
749.168: [GC749.168: [ParNew
Desired survivor size 41943040 bytes, new threshold 6 (max 6)
- age   1:     195568 bytes,     195568 total
- age   2:       4384 bytes,     199952 total
- age   3:       7552 bytes,     207504 total
- age   4:       1152 bytes,     208656 total
- age   5:      14800 bytes,     223456 total
- age   6:       7896 bytes,     231352 total
: 659854K->2839K(737280K), 0.0061700 secs] 1654113K->997099K(1761280K), 0.0063150 secs] [Times: user=0.04 sys=0.00, real=0.01 secs] 
749.397: [GC749.397: [ParNew
Desired survivor size 41943040 bytes, new threshold 6 (max 6)
- age   1:    3179080 bytes,    3179080 total
- age   2:       1504 bytes,    3180584 total
- age   3:       4352 bytes,    3184936 total
- age   4:       7552 bytes,    3192488 total
- age   5:       1152 bytes,    3193640 total
- age   6:      14776 bytes,    3208416 total
: 658199K->3573K(737280K), 0.0080690 secs] 1652459K->997841K(1761280K), 0.0082540 secs] [Times: user=0.06 sys=0.00, real=0.01 secs] 
749.622: [GC749.622: [ParNew
Desired survivor size 41943040 bytes, new threshold 6 (max 6)
- age   1:     980856 bytes,     980856 total
- age   2:       1064 bytes,     981920 total
- age   3:       1504 bytes,     983424 total
- age   4:       4352 bytes,     987776 total
- age   5:       7552 bytes,     995328 total
- age   6:       1152 bytes,     996480 total
: 658933K->2538K(737280K), 0.0096050 secs] 1653201K->996821K(1761280K), 0.0097480 secs] [Times: user=0.04 sys=0.01, real=0.01 secs] 
749.858: [GC749.858: [ParNew
Desired survivor size 41943040 bytes, new threshold 6 (max 6)
- age   1:    1788160 bytes,    1788160 total
- age   2:        840 bytes,    1789000 total
- age   3:        864 bytes,    1789864 total
- age   4:       1216 bytes,    1791080 total
- age   5:       4184 bytes,    1795264 total
- age   6:       7408 bytes,    1802672 total
: 657898K->2084K(737280K), 0.0073290 secs] 1652181K->996368K(1761280K), 0.0075680 secs] [Times: user=0.06 sys=0.00, real=0.01 secs] 
750.099: [GC750.099: [ParNew
Desired survivor size 41943040 bytes, new threshold 6 (max 6)
- age   1:    2655808 bytes,    2655808 total
- age   2:     289056 bytes,    2944864 total
- age   3:        768 bytes,    2945632 total
- age   4:        792 bytes,    2946424 total
- age   5:       1168 bytes,    2947592 total
- age   6:       4016 bytes,    2951608 total
: 657444K->3464K(737280K), 0.0079410 secs] 1651728K->997756K(1761280K), 0.0080850 secs] [Times: user=0.06 sys=0.00, real=0.00 secs] 
750.390: [GC750.390: [ParNew
Desired survivor size 41943040 bytes, new threshold 6 (max 6)
- age   1:     620376 bytes,     620376 total
- age   2:       1424 bytes,     621800 total
- age   3:       4424 bytes,     626224 total
- age   4:        672 bytes,     626896 total
- age   5:        656 bytes,     627552 total
- age   6:       1120 bytes,     628672 total
: 658824K->2865K(737280K), 0.0064970 secs] 1653116K->997161K(1761280K), 0.0066530 secs] [Times: user=0.04 sys=0.00, real=0.00 secs] 
750.616: [GC750.616: [ParNew
Desired survivor size 41943040 bytes, new threshold 6 (max 6)
- age   1:     995336 bytes,     995336 total
- age   2:       8256 bytes,    1003592 total
- age   3:       1256 bytes,    1004848 total
- age   4:       4088 bytes,    1008936 total
- age   5:        552 bytes,    1009488 total
- age   6:        440 bytes,    1009928 total
: 658225K->1382K(737280K), 0.0065190 secs] 1652521K->995679K(1761280K), 0.0066530 secs] [Times: user=0.04 sys=0.00, real=0.01 secs] 
750.828: [GC750.829: [ParNew
Desired survivor size 41943040 bytes, new threshold 6 (max 6)
- age   1:     831224 bytes,     831224 total
- age   2:       1600 bytes,     832824 total
- age   3:       8256 bytes,     841080 total
- age   4:       1256 bytes,     842336 total
- age   5:       4088 bytes,     846424 total
- age   6:        552 bytes,     846976 total
: 656742K->1405K(737280K), 0.0062760 secs] 1651039K->995703K(1761280K), 0.0069000 secs] [Times: user=0.05 sys=0.00, real=0.01 secs] 
751.074: [GC751.074: [ParNew
Desired survivor size 41943040 bytes, new threshold 6 (max 6)
- age   1:    2042576 bytes,    2042576 total
- age   2:       4568 bytes,    2047144 total
- age   3:       1600 bytes,    2048744 total
- age   4:       8256 bytes,    2057000 total
- age   5:       1232 bytes,    2058232 total
- age   6:       4088 bytes,    2062320 total
: 656765K->2382K(737280K), 0.0071930 secs] 1651063K->996680K(1761280K), 0.0073340 secs] [Times: user=0.05 sys=0.00, real=0.01 secs] 
751.302: [GC751.302: [ParNew
Desired survivor size 41943040 bytes, new threshold 6 (max 6)
- age   1:    1182056 bytes,    1182056 total
- age   2:       2704 bytes,    1184760 total
- age   3:       4376 bytes,    1189136 total
- age   4:       1288 bytes,    1190424 total
- age   5:       7960 bytes,    1198384 total
- age   6:        968 bytes,    1199352 total
: 657742K->1852K(737280K), 0.0068940 secs] 1652040K->996155K(1761280K), 0.0071450 secs] [Times: user=0.05 sys=0.00, real=0.01 secs] 
751.522: [GC751.522: [ParNew
Desired survivor size 41943040 bytes, new threshold 6 (max 6)
- age   1:    2401600 bytes,    2401600 total
- age   2:       5072 bytes,    2406672 total
- age   3:       2632 bytes,    2409304 total
- age   4:       4328 bytes,    2413632 total
- age   5:       1216 bytes,    2414848 total
- age   6:       7840 bytes,    2422688 total
: 657212K->3064K(737280K), 0.0077150 secs] 1651515K->997367K(1761280K), 0.0078680 secs] [Times: user=0.05 sys=0.00, real=0.01 secs] 
751.741: [GC751.741: [ParNew
Desired survivor size 41943040 bytes, new threshold 6 (max 6)
- age   1:    1482400 bytes,    1482400 total
- age   2:       2952 bytes,    1485352 total
- age   3:       5072 bytes,    1490424 total
- age   4:       2632 bytes,    1493056 total
- age   5:       4328 bytes,    1497384 total
- age   6:       1216 bytes,    1498600 total
: 658424K->2097K(737280K), 0.0070160 secs] 1652727K->996408K(1761280K), 0.0071750 secs] [Times: user=0.05 sys=0.00, real=0.00 secs] 
751.985: [GC751.985: [ParNew
Desired survivor size 41943040 bytes, new threshold 6 (max 6)
- age   1:    2628096 bytes,    2628096 total
- age   2:        688 bytes,    2628784 total
- age   3:       2640 bytes,    2631424 total
- age   4:       4784 bytes,    2636208 total
- age   5:       2176 bytes,    2638384 total
- age   6:       4160 bytes,    2642544 total
: 657457K->3041K(737280K), 0.0072870 secs] 1651768K->997353K(1761280K), 0.0074260 secs] [Times: user=0.05 sys=0.00, real=0.01 secs] 
752.206: [GC752.206: [ParNew
Desired survivor size 41943040 bytes, new threshold 6 (max 6)
- age   1:     951192 bytes,     951192 total
- age   2:       5824 bytes,     957016 total
- age   3:        688 bytes,     957704 total
- age   4:       2640 bytes,     960344 total
- age   5:       4784 bytes,     965128 total
- age   6:       2176 bytes,     967304 total
: 658401K->2340K(737280K), 0.0067850 secs] 1652713K->996657K(1761280K), 0.0069240 secs] [Times: user=0.03 sys=0.00, real=0.01 secs] 
752.433: [GC752.433: [ParNew
Desired survivor size 41943040 bytes, new threshold 6 (max 6)
- age   1:    2141488 bytes,    2141488 total
- age   2:        792 bytes,    2142280 total
- age   3:       5656 bytes,    2147936 total
- age   4:        544 bytes,    2148480 total
- age   5:       2472 bytes,    2150952 total
- age   6:       4712 bytes,    2155664 total
: 657700K->2700K(737280K), 0.0075430 secs] 1652017K->997020K(1761280K), 0.0077000 secs] [Times: user=0.05 sys=0.00, real=0.01 secs] 
752.667: [GC752.667: [ParNew
Desired survivor size 41943040 bytes, new threshold 6 (max 6)
- age   1:    1797896 bytes,    1797896 total
- age   2:       8432 bytes,    1806328 total
- age   3:        744 bytes,    1807072 total
- age   4:       5608 bytes,    1812680 total
- age   5:        520 bytes,    1813200 total
- age   6:       2472 bytes,    1815672 total
: 658060K->3174K(737280K), 0.0071640 secs] 1652380K->997499K(1761280K), 0.0073140 secs] [Times: user=0.05 sys=0.00, real=0.01 secs] 
752.920: [GC752.920: [ParNew
Desired survivor size 41943040 bytes, new threshold 6 (max 6)
- age   1:    1269432 bytes,    1269432 total
- age   2:        888 bytes,    1270320 total
- age   3:       8216 bytes,    1278536 total
- age   4:        408 bytes,    1278944 total
- age   5:       5320 bytes,    1284264 total
- age   6:        344 bytes,    1284608 total
: 658534K->1957K(737280K), 0.0067510 secs] 1652859K->996284K(1761280K), 0.0069360 secs] [Times: user=0.05 sys=0.00, real=0.00 secs] 
753.152: [GC753.152: [ParNew
Desired survivor size 41943040 bytes, new threshold 6 (max 6)
- age   1:    1739112 bytes,    1739112 total
- age   2:       5056 bytes,    1744168 total
- age   3:        792 bytes,    1744960 total
- age   4:       8096 bytes,    1753056 total
- age   5:        192 bytes,    1753248 total
- age   6:       5224 bytes,    1758472 total
: 657317K->2593K(737280K), 0.0071670 secs] 1651644K->996921K(1761280K), 0.0073210 secs] [Times: user=0.05 sys=0.00, real=0.00 secs] 
753.332: [CMS-concurrent-mark: 8.221/8.532 secs] [Times: user=63.67 sys=1.25, real=8.53 secs] 
753.332: [CMS-concurrent-preclean-start]
753.348: [CMS-concurrent-preclean: 0.016/0.017 secs] [Times: user=0.12 sys=0.00, real=0.01 secs] 
753.349: [CMS-concurrent-abortable-preclean-start]
753.381: [GC753.381: [ParNew
Desired survivor size 41943040 bytes, new threshold 6 (max 6)
- age   1:    1112600 bytes,    1112600 total
- age   2:       1160 bytes,    1113760 total
- age   3:       5032 bytes,    1118792 total
- age   4:        792 bytes,    1119584 total
- age   5:       8072 bytes,    1127656 total
- age   6:        192 bytes,    1127848 total
: 657953K->1792K(737280K), 0.0064360 secs] 1652281K->996125K(1761280K), 0.0066050 secs] [Times: user=0.04 sys=0.00, real=0.00 secs] 
753.512: [CMS-concurrent-abortable-preclean: 0.152/0.163 secs] [Times: user=1.23 sys=0.02, real=0.17 secs] 
753.541: [GC[YG occupancy: 469597 K (737280 K)]753.541: [Rescan (parallel) , 0.1148690 secs]753.656: [weak refs processing, 0.0000400 secs]753.656: [scrub string table, 0.0010480 secs] [1 CMS-remark: 994333K(1024000K)] 1463930K(1761280K), 0.1161490 secs] [Times: user=0.89 sys=0.00, real=0.11 secs] 
753.657: [CMS-concurrent-sweep-start]
753.731: [GC753.731: [ParNew
Desired survivor size 41943040 bytes, new threshold 6 (max 6)
- age   1:    1075192 bytes,    1075192 total
- age   2:        824 bytes,    1076016 total
- age   3:        824 bytes,    1076840 total
- age   4:       4768 bytes,    1081608 total
- age   5:        552 bytes,    1082160 total
- age   6:       7904 bytes,    1090064 total
: 657152K->1836K(737280K), 0.0066040 secs] 1651473K->996158K(1761280K), 0.0067360 secs] [Times: user=0.04 sys=0.00, real=0.00 secs] 
753.995: [GC753.995: [ParNew
Desired survivor size 41943040 bytes, new threshold 6 (max 6)
- age   1:    2212016 bytes,    2212016 total
- age   2:       4784 bytes,    2216800 total
- age   3:        776 bytes,    2217576 total
- age   4:        632 bytes,    2218208 total
- age   5:       4648 bytes,    2222856 total
- age   6:        528 bytes,    2223384 total
: 657196K->2468K(737280K), 0.0079840 secs] 1651517K->996797K(1761280K), 0.0081320 secs] [Times: user=0.04 sys=0.00, real=0.01 secs] 
754.228: [GC754.228: [ParNew
Desired survivor size 41943040 bytes, new threshold 6 (max 6)
- age   1:     922512 bytes,     922512 total
- age   2:        904 bytes,     923416 total
- age   3:       4784 bytes,     928200 total
- age   4:        752 bytes,     928952 total
- age   5:        632 bytes,     929584 total
- age   6:       4648 bytes,     934232 total
: 657828K->1804K(737280K), 0.0064240 secs] 1652157K->996134K(1761280K), 0.0065830 secs] [Times: user=0.04 sys=0.00, real=0.01 secs] 
754.483: [GC754.483: [ParNew
Desired survivor size 41943040 bytes, new threshold 6 (max 6)
- age   1:    1918920 bytes,    1918920 total
- age   2:        824 bytes,    1919744 total
- age   3:        880 bytes,    1920624 total
- age   4:       4592 bytes,    1925216 total
- age   5:        584 bytes,    1925800 total
- age   6:        488 bytes,    1926288 total
: 657164K->2181K(737280K), 0.0071610 secs] 1651494K->996516K(1761280K), 0.0073580 secs] [Times: user=0.05 sys=0.01, real=0.01 secs] 
754.736: [GC754.736: [ParNew
Desired survivor size 41943040 bytes, new threshold 6 (max 6)
- age   1:    1304928 bytes,    1304928 total
- age   2:       8352 bytes,    1313280 total
- age   3:        824 bytes,    1314104 total
- age   4:        880 bytes,    1314984 total
- age   5:       4592 bytes,    1319576 total
- age   6:        584 bytes,    1320160 total
: 657541K->2011K(737280K), 0.0066470 secs] 1651876K->996346K(1761280K), 0.0068180 secs] [Times: user=0.03 sys=0.00, real=0.01 secs] 
754.898: [CMS-concurrent-sweep: 1.197/1.240 secs] [Times: user=9.21 sys=0.17, real=1.24 secs] 
754.898: [CMS-concurrent-reset-start]
754.933: [CMS-concurrent-reset: 0.036/0.036 secs] [Times: user=0.27 sys=0.00, real=0.04 secs] 
754.976: [GC754.976: [ParNew
Desired survivor size 41943040 bytes, new threshold 6 (max 6)
- age   1:    1150272 bytes,    1150272 total
- age   2:       4936 bytes,    1155208 total
- age   3:       7920 bytes,    1163128 total
- age   4:        728 bytes,    1163856 total
- age   5:        760 bytes,    1164616 total
- age   6:       4352 bytes,    1168968 total
: 657371K->1882K(737280K), 0.0063800 secs] 1651573K->996085K(1761280K), 0.0065190 secs] [Times: user=0.04 sys=0.00, real=0.01 secs] 
754.985: [GC [1 CMS-initial-mark: 994202K(1024000K)] 999485K(1761280K), 0.0057330 secs] [Times: user=0.00 sys=0.00, real=0.01 secs] 
754.991: [CMS-concurrent-mark-start]
755.229: [GC755.229: [ParNew
Desired survivor size 41943040 bytes, new threshold 6 (max 6)
- age   1:    2169920 bytes,    2169920 total
- age   2:        960 bytes,    2170880 total
- age   3:       4840 bytes,    2175720 total
- age   4:       7824 bytes,    2183544 total
- age   5:        536 bytes,    2184080 total
- age   6:        688 bytes,    2184768 total
: 657242K->2696K(737280K), 0.0080820 secs] 1651445K->996903K(1761280K), 0.0082180 secs] [Times: user=0.04 sys=0.01, real=0.01 secs] 
755.464: [GC755.464: [ParNew
Desired survivor size 41943040 bytes, new threshold 6 (max 6)
- age   1:    1127328 bytes,    1127328 total
- age   2:       7440 bytes,    1134768 total
- age   3:        864 bytes,    1135632 total
- age   4:       4600 bytes,    1140232 total
- age   5:       7752 bytes,    1147984 total
- age   6:        392 bytes,    1148376 total
: 658056K->1899K(737280K), 0.0063640 secs] 1652263K->996107K(1761280K), 0.0065170 secs] [Times: user=0.04 sys=0.00, real=0.01 secs] 
755.709: [GC755.709: [ParNew
Desired survivor size 41943040 bytes, new threshold 6 (max 6)
- age   1:     664272 bytes,     664272 total
- age   2:       7928 bytes,     672200 total
- age   3:       7440 bytes,     679640 total
- age   4:        864 bytes,     680504 total
- age   5:       4600 bytes,     685104 total
- age   6:       7752 bytes,     692856 total
: 657259K->1343K(737280K), 0.0061870 secs] 1651467K->995551K(1761280K), 0.0063190 secs] [Times: user=0.04 sys=0.00, real=0.01 secs] 
755.973: [GC755.973: [ParNew
Desired survivor size 41943040 bytes, new threshold 6 (max 6)
- age   1:     509376 bytes,     509376 total
- age   2:       1112 bytes,     510488 total
- age   3:       7880 bytes,     518368 total
- age   4:       7344 bytes,     525712 total
- age   5:        840 bytes,     526552 total
- age   6:       4600 bytes,     531152 total
: 656703K->776K(737280K), 0.0061640 secs] 1650911K->994992K(1761280K), 0.0062960 secs] [Times: user=0.04 sys=0.00, real=0.00 secs] 
756.207: [GC756.207: [ParNew
Desired survivor size 41943040 bytes, new threshold 6 (max 6)
- age   1:    1816672 bytes,    1816672 total
- age   2:     276520 bytes,    2093192 total
- age   3:       1112 bytes,    2094304 total
- age   4:       7880 bytes,    2102184 total
- age   5:       7344 bytes,    2109528 total
- age   6:        840 bytes,    2110368 total
: 656136K->2351K(737280K), 0.0072550 secs] 1650352K->996572K(1761280K), 0.0074290 secs] [Times: user=0.05 sys=0.00, real=0.01 secs] 
756.447: [GC756.447: [ParNew
Desired survivor size 41943040 bytes, new threshold 6 (max 6)
- age   1:    1383456 bytes,    1383456 total
- age   2:       1792 bytes,    1385248 total
- age   3:       4080 bytes,    1389328 total
- age   4:        944 bytes,    1390272 total
- age   5:       7784 bytes,    1398056 total
- age   6:       7320 bytes,    1405376 total
: 657711K->2300K(737280K), 0.0072790 secs] 1651932K->996521K(1761280K), 0.0075240 secs] [Times: user=0.04 sys=0.00, real=0.01 secs] 
756.703: [GC756.703: [ParNew
Desired survivor size 41943040 bytes, new threshold 6 (max 6)
- age   1:     532704 bytes,     532704 total
- age   2:       7936 bytes,     540640 total
- age   3:       1552 bytes,     542192 total
- age   4:       3792 bytes,     545984 total
- age   5:        848 bytes,     546832 total
- age   6:       7664 bytes,     554496 total
: 657660K->1049K(737280K), 0.0066910 secs] 1651881K->995278K(1761280K), 0.0068530 secs] [Times: user=0.03 sys=0.00, real=0.00 secs] 
756.956: [GC756.956: [ParNew
Desired survivor size 41943040 bytes, new threshold 6 (max 6)
- age   1:    3929896 bytes,    3929896 total
- age   2:       7192 bytes,    3937088 total
- age   3:       7936 bytes,    3945024 total
- age   4:       1432 bytes,    3946456 total
- age   5:       3672 bytes,    3950128 total
- age   6:        728 bytes,    3950856 total
: 656409K->3981K(737280K), 0.0085280 secs] 1650638K->998218K(1761280K), 0.0087200 secs] [Times: user=0.06 sys=0.00, real=0.01 secs] 
757.201: [GC757.201: [ParNew
Desired survivor size 41943040 bytes, new threshold 6 (max 6)
- age   1:    2491392 bytes,    2491392 total
- age   2:       1232 bytes,    2492624 total
- age   3:       7168 bytes,    2499792 total
- age   4:       7936 bytes,    2507728 total
- age   5:       1432 bytes,    2509160 total
- age   6:       3648 bytes,    2512808 total
: 659341K->3753K(737280K), 0.0078850 secs] 1653578K->997991K(1761280K), 0.0080280 secs] [Times: user=0.04 sys=0.00, real=0.00 secs] 
757.445: [GC757.445: [ParNew
Desired survivor size 41943040 bytes, new threshold 6 (max 6)
- age   1:    1586616 bytes,    1586616 total
- age   2:     440528 bytes,    2027144 total
- age   3:       1232 bytes,    2028376 total
- age   4:       7168 bytes,    2035544 total
- age   5:       7912 bytes,    2043456 total
- age   6:       1432 bytes,    2044888 total
: 659113K->2591K(737280K), 0.0069010 secs] 1653351K->996832K(1761280K), 0.0070780 secs] [Times: user=0.05 sys=0.00, real=0.01 secs] 
757.689: [GC757.689: [ParNew
Desired survivor size 41943040 bytes, new threshold 6 (max 6)
- age   1:     935688 bytes,     935688 total
- age   2:        744 bytes,     936432 total
- age   3:        928 bytes,     937360 total
- age   4:       1200 bytes,     938560 total
- age   5:       7168 bytes,     945728 total
- age   6:       7912 bytes,     953640 total
: 657951K->2145K(737280K), 0.0062730 secs] 1652192K->996389K(1761280K), 0.0064200 secs] [Times: user=0.03 sys=0.00, real=0.01 secs] 
757.944: [GC757.944: [ParNew
Desired survivor size 41943040 bytes, new threshold 6 (max 6)
- age   1:    1723384 bytes,    1723384 total
- age   2:        936 bytes,    1724320 total
- age   3:        744 bytes,    1725064 total
- age   4:        928 bytes,    1725992 total
- age   5:       1200 bytes,    1727192 total
- age   6:       7168 bytes,    1734360 total
: 657505K->2214K(737280K), 0.0085640 secs] 1651749K->996465K(1761280K), 0.0087530 secs] [Times: user=0.05 sys=0.00, real=0.01 secs] 
758.170: [GC758.170: [ParNew
Desired survivor size 41943040 bytes, new threshold 6 (max 6)
- age   1:    1612728 bytes,    1612728 total
- age   2:       1112 bytes,    1613840 total
- age   3:        696 bytes,    1614536 total
- age   4:        576 bytes,    1615112 total
- age   5:        664 bytes,    1615776 total
- age   6:        816 bytes,    1616592 total
: 657574K->2423K(737280K), 0.0071760 secs] 1651825K->996682K(1761280K), 0.0073130 secs] [Times: user=0.04 sys=0.00, real=0.00 secs] 
758.404: [GC758.404: [ParNew
Desired survivor size 41943040 bytes, new threshold 6 (max 6)
- age   1:    3082248 bytes,    3082248 total
- age   2:       7408 bytes,    3089656 total
- age   3:        920 bytes,    3090576 total
- age   4:        504 bytes,    3091080 total
- age   5:        408 bytes,    3091488 total
- age   6:        520 bytes,    3092008 total
: 657783K->3892K(737280K), 0.0082260 secs] 1652042K->998151K(1761280K), 0.0084530 secs] [Times: user=0.06 sys=0.00, real=0.01 secs] 
758.650: [GC758.650: [ParNew
Desired survivor size 41943040 bytes, new threshold 6 (max 6)
- age   1:    1271480 bytes,    1271480 total
- age   2:       4304 bytes,    1275784 total
- age   3:       7408 bytes,    1283192 total
- age   4:        728 bytes,    1283920 total
- age   5:        336 bytes,    1284256 total
- age   6:        288 bytes,    1284544 total
: 659252K->2653K(737280K), 0.0069390 secs] 1653511K->996913K(1761280K), 0.0070740 secs] [Times: user=0.04 sys=0.00, real=0.01 secs] 
758.912: [GC758.912: [ParNew
Desired survivor size 41943040 bytes, new threshold 6 (max 6)
- age   1:    2500192 bytes,    2500192 total
- age   2:       8104 bytes,    2508296 total
- age   3:       4160 bytes,    2512456 total
- age   4:       7360 bytes,    2519816 total
- age   5:        656 bytes,    2520472 total
- age   6:        216 bytes,    2520688 total
: 658013K->3118K(737280K), 0.0075910 secs] 1652273K->997378K(1761280K), 0.0077280 secs] [Times: user=0.06 sys=0.00, real=0.00 secs] 
759.132: [GC759.132: [ParNew
Desired survivor size 41943040 bytes, new threshold 6 (max 6)
- age   1:     541464 bytes,     541464 total
- age   2:        944 bytes,     542408 total
- age   3:       8080 bytes,     550488 total
- age   4:       4160 bytes,     554648 total
- age   5:       7336 bytes,     561984 total
- age   6:        656 bytes,     562640 total
: 658478K->2129K(737280K), 0.0060580 secs] 1652738K->996390K(1761280K), 0.0061860 secs] [Times: user=0.04 sys=0.00, real=0.00 secs] 
759.354: [GC759.354: [ParNew
Desired survivor size 41943040 bytes, new threshold 6 (max 6)
- age   1:    2623968 bytes,    2623968 total
- age   2:        600 bytes,    2624568 total
- age   3:        632 bytes,    2625200 total
- age   4:       7912 bytes,    2633112 total
- age   5:       3896 bytes,    2637008 total
- age   6:       7144 bytes,    2644152 total
: 657489K->2846K(737280K), 0.0079060 secs] 1651750K->997108K(1761280K), 0.0080380 secs] [Times: user=0.05 sys=0.00, real=0.01 secs] 
759.587: [GC759.587: [ParNew
Desired survivor size 41943040 bytes, new threshold 6 (max 6)
- age   1:    2868504 bytes,    2868504 total
- age   2:    1324824 bytes,    4193328 total
- age   3:        456 bytes,    4193784 total
- age   4:        536 bytes,    4194320 total
- age   5:       7912 bytes,    4202232 total
- age   6:       3896 bytes,    4206128 total
: 658206K->4997K(737280K), 0.0087000 secs] 1652468K->999265K(1761280K), 0.0088480 secs] [Times: user=0.06 sys=0.01, real=0.01 secs] 
759.804: [GC759.804: [ParNew
Desired survivor size 41943040 bytes, new threshold 6 (max 6)
- age   1:    1393312 bytes,    1393312 total
- age   2:     337736 bytes,    1731048 total
- age   3:    1324792 bytes,    3055840 total
- age   4:        456 bytes,    3056296 total
- age   5:        536 bytes,    3056832 total
- age   6:       7912 bytes,    3064744 total
: 660357K->4057K(737280K), 0.0078450 secs] 1654625K->998330K(1761280K), 0.0080570 secs] [Times: user=0.05 sys=0.00, real=0.01 secs] 
760.033: [GC760.033: [ParNew
Desired survivor size 41943040 bytes, new threshold 6 (max 6)
- age   1:    1433512 bytes,    1433512 total
- age   2:       7536 bytes,    1441048 total
- age   3:       3944 bytes,    1444992 total
- age   4:       3840 bytes,    1448832 total
- age   5:        384 bytes,    1449216 total
- age   6:        416 bytes,    1449632 total
: 659417K->3146K(737280K), 0.0068560 secs] 1653690K->997426K(1761280K), 0.0069880 secs] [Times: user=0.05 sys=0.00, real=0.00 secs] 
760.276: [GC760.276: [ParNew
Desired survivor size 41943040 bytes, new threshold 6 (max 6)
- age   1:     869272 bytes,     869272 total
- age   2:       4088 bytes,     873360 total
- age   3:       7344 bytes,     880704 total
- age   4:       3872 bytes,     884576 total
- age   5:       3648 bytes,     888224 total
- age   6:        384 bytes,     888608 total
: 658506K->1317K(737280K), 0.0066600 secs] 1652786K->995598K(1761280K), 0.0068420 secs] [Times: user=0.04 sys=0.00, real=0.01 secs] 
760.500: [GC760.500: [ParNew
Desired survivor size 41943040 bytes, new threshold 6 (max 6)
- age   1:    1122216 bytes,    1122216 total
- age   2:       3904 bytes,    1126120 total
- age   3:       3968 bytes,    1130088 total
- age   4:       7248 bytes,    1137336 total
- age   5:       3848 bytes,    1141184 total
- age   6:       3648 bytes,    1144832 total
: 656677K->1592K(737280K), 0.0064940 secs] 1650958K->995874K(1761280K), 0.0066310 secs] [Times: user=0.05 sys=0.00, real=0.01 secs] 
760.734: [GC760.734: [ParNew
Desired survivor size 41943040 bytes, new threshold 6 (max 6)
- age   1:    1389312 bytes,    1389312 total
- age   2:       1344 bytes,    1390656 total
- age   3:       3904 bytes,    1394560 total
- age   4:       3968 bytes,    1398528 total
- age   5:       7248 bytes,    1405776 total
- age   6:       3816 bytes,    1409592 total
: 656952K->1896K(737280K), 0.0069150 secs] 1651234K->996181K(1761280K), 0.0071330 secs] [Times: user=0.05 sys=0.00, real=0.00 secs] 
760.972: [GC760.972: [ParNew
Desired survivor size 41943040 bytes, new threshold 6 (max 6)
- age   1:     828048 bytes,     828048 total
- age   2:       7968 bytes,     836016 total
- age   3:       1152 bytes,     837168 total
- age   4:       3640 bytes,     840808 total
- age   5:       3872 bytes,     844680 total
- age   6:       7176 bytes,     851856 total
: 657256K->1629K(737280K), 0.0061490 secs] 1651541K->995918K(1761280K), 0.0063000 secs] [Times: user=0.04 sys=0.00, real=0.00 secs] 
761.195: [GC761.195: [ParNew
Desired survivor size 41943040 bytes, new threshold 6 (max 6)
- age   1:    2394648 bytes,    2394648 total
- age   2:       1968 bytes,    2396616 total
- age   3:       7848 bytes,    2404464 total
- age   4:       1080 bytes,    2405544 total
- age   5:       3640 bytes,    2409184 total
- age   6:       3848 bytes,    2413032 total
: 656989K->2630K(737280K), 0.0074530 secs] 1651278K->996927K(1761280K), 0.0076170 secs] [Times: user=0.05 sys=0.00, real=0.01 secs] 
761.417: [GC761.417: [ParNew
Desired survivor size 41943040 bytes, new threshold 6 (max 6)
- age   1:    1631016 bytes,    1631016 total
- age   2:       1552 bytes,    1632568 total
- age   3:       1968 bytes,    1634536 total
- age   4:       7848 bytes,    1642384 total
- age   5:       1080 bytes,    1643464 total
- age   6:       3616 bytes,    1647080 total
: 657990K->2649K(737280K), 0.0080310 secs] 1652287K->996949K(1761280K), 0.0081920 secs] [Times: user=0.05 sys=0.00, real=0.01 secs] 
761.650: [GC761.650: [ParNew
Desired survivor size 41943040 bytes, new threshold 6 (max 6)
- age   1:     935208 bytes,     935208 total
- age   2:        568 bytes,     935776 total
- age   3:       1384 bytes,     937160 total
- age   4:       1704 bytes,     938864 total
- age   5:       7656 bytes,     946520 total
- age   6:        864 bytes,     947384 total
: 658009K->1688K(737280K), 0.0064410 secs] 1652309K->995992K(1761280K), 0.0065680 secs] [Times: user=0.04 sys=0.00, real=0.01 secs] 
761.900: [GC761.900: [ParNew
Desired survivor size 41943040 bytes, new threshold 6 (max 6)
- age   1:    1430064 bytes,    1430064 total
- age   2:       1752 bytes,    1431816 total
- age   3:        544 bytes,    1432360 total
- age   4:       1240 bytes,    1433600 total
- age   5:       1584 bytes,    1435184 total
- age   6:       7480 bytes,    1442664 total
: 657048K->1826K(737280K), 0.0068950 secs] 1651352K->996131K(1761280K), 0.0070520 secs] [Times: user=0.04 sys=0.00, real=0.01 secs] 
762.134: [GC762.134: [ParNew
Desired survivor size 41943040 bytes, new threshold 6 (max 6)
- age   1:    3309952 bytes,    3309952 total
- age   2:       1720 bytes,    3311672 total
- age   3:       1632 bytes,    3313304 total
- age   4:        496 bytes,    3313800 total
- age   5:       1168 bytes,    3314968 total
- age   6:       1416 bytes,    3316384 total
: 657186K->3902K(737280K), 0.0084420 secs] 1651491K->998214K(1761280K), 0.0086180 secs] [Times: user=0.06 sys=0.00, real=0.01 secs] 
762.363: [GC762.363: [ParNew
Desired survivor size 41943040 bytes, new threshold 6 (max 6)
- age   1:     398064 bytes,     398064 total
- age   2:       4120 bytes,     402184 total
- age   3:       1720 bytes,     403904 total
- age   4:       1632 bytes,     405536 total
- age   5:        472 bytes,     406008 total
- age   6:       1168 bytes,     407176 total
: 659262K->2741K(737280K), 0.0060690 secs] 1653574K->997055K(1761280K), 0.0062030 secs] [Times: user=0.04 sys=0.00, real=0.00 secs] 
762.595: [GC762.595: [ParNew
Desired survivor size 41943040 bytes, new threshold 6 (max 6)
- age   1:     774496 bytes,     774496 total
- age   2:       1424 bytes,     775920 total
- age   3:       3880 bytes,     779800 total
- age   4:       1552 bytes,     781352 total
- age   5:       1488 bytes,     782840 total
- age   6:        352 bytes,     783192 total
: 658101K->1139K(737280K), 0.0061350 secs] 1652415K->995455K(1761280K), 0.0062560 secs] [Times: user=0.04 sys=0.00, real=0.00 secs] 
762.836: [GC762.837: [ParNew
Desired survivor size 41943040 bytes, new threshold 6 (max 6)
- age   1:    3126080 bytes,    3126080 total
- age   2:      11304 bytes,    3137384 total
- age   3:       1112 bytes,    3138496 total
- age   4:       3640 bytes,    3142136 total
- age   5:       1096 bytes,    3143232 total
- age   6:       1248 bytes,    3144480 total
: 656499K->3436K(737280K), 0.0082960 secs] 1650815K->997752K(1761280K), 0.0084900 secs] [Times: user=0.06 sys=0.00, real=0.01 secs] 
762.931: [CMS-concurrent-mark: 7.642/7.940 secs] [Times: user=59.29 sys=1.14, real=7.94 secs] 
762.931: [CMS-concurrent-preclean-start]
762.948: [CMS-concurrent-preclean: 0.016/0.017 secs] [Times: user=0.13 sys=0.00, real=0.01 secs] 
762.948: [CMS-concurrent-abortable-preclean-start]
763.086: [GC763.086: [ParNew
Desired survivor size 41943040 bytes, new threshold 6 (max 6)
- age   1:    2238408 bytes,    2238408 total
- age   2:     622024 bytes,    2860432 total
- age   3:      11064 bytes,    2871496 total
- age   4:        920 bytes,    2872416 total
- age   5:       3568 bytes,    2875984 total
- age   6:        944 bytes,    2876928 total
: 658796K->4364K(737280K), 0.0078360 secs] 1653112K->998682K(1761280K), 0.0079980 secs] [Times: user=0.05 sys=0.00, real=0.01 secs] 
763.222: [CMS-concurrent-abortable-preclean: 0.264/0.274 secs] [Times: user=2.07 sys=0.04, real=0.28 secs] 
763.224: [GC[YG occupancy: 394696 K (737280 K)]763.224: [Rescan (parallel) , 0.0985710 secs]763.323: [weak refs processing, 0.0000300 secs]763.323: [scrub string table, 0.0010060 secs] [1 CMS-remark: 994317K(1024000K)] 1389014K(1761280K), 0.0997430 secs] [Times: user=0.74 sys=0.00, real=0.10 secs] 
763.324: [CMS-concurrent-sweep-start]
763.426: [GC763.426: [ParNew
Desired survivor size 41943040 bytes, new threshold 6 (max 6)
- age   1:    1778120 bytes,    1778120 total
- age   2:     880784 bytes,    2658904 total
- age   3:        760 bytes,    2659664 total
- age   4:      10968 bytes,    2670632 total
- age   5:        824 bytes,    2671456 total
- age   6:       3496 bytes,    2674952 total
: 659724K->3754K(737280K), 0.0072750 secs] 1654039K->998070K(1761280K), 0.0074050 secs] [Times: user=0.04 sys=0.01, real=0.01 secs] 
763.675: [GC763.675: [ParNew
Desired survivor size 41943040 bytes, new threshold 6 (max 6)
- age   1:    2532072 bytes,    2532072 total
- age   2:       1608 bytes,    2533680 total
- age   3:       7272 bytes,    2540952 total
- age   4:        760 bytes,    2541712 total
- age   5:      10968 bytes,    2552680 total
- age   6:        824 bytes,    2553504 total
: 659114K->3302K(737280K), 0.0071200 secs] 1653430K->997622K(1761280K), 0.0072760 secs] [Times: user=0.05 sys=0.00, real=0.01 secs] 
763.931: [GC763.932: [ParNew
Desired survivor size 41943040 bytes, new threshold 6 (max 6)
- age   1:    1980432 bytes,    1980432 total
- age   2:       1176 bytes,    1981608 total
- age   3:       1584 bytes,    1983192 total
- age   4:       7176 bytes,    1990368 total
- age   5:        616 bytes,    1990984 total
- age   6:      10968 bytes,    2001952 total
: 658662K->2847K(737280K), 0.0080450 secs] 1652982K->997168K(1761280K), 0.0082350 secs] [Times: user=0.05 sys=0.00, real=0.01 secs] 
764.172: [GC764.172: [ParNew
Desired survivor size 41943040 bytes, new threshold 6 (max 6)
- age   1:    3138544 bytes,    3138544 total
- age   2:       4304 bytes,    3142848 total
- age   3:       1008 bytes,    3143856 total
- age   4:       1488 bytes,    3145344 total
- age   5:       7080 bytes,    3152424 total
- age   6:        520 bytes,    3152944 total
: 658207K->3935K(737280K), 0.0082950 secs] 1652528K->998267K(1761280K), 0.0084390 secs] [Times: user=0.06 sys=0.00, real=0.00 secs] 
764.403: [GC764.403: [ParNew
Desired survivor size 41943040 bytes, new threshold 6 (max 6)
- age   1:    1680760 bytes,    1680760 total
- age   2:    1059968 bytes,    2740728 total
- age   3:       4304 bytes,    2745032 total
- age   4:       1008 bytes,    2746040 total
- age   5:       1464 bytes,    2747504 total
- age   6:       7080 bytes,    2754584 total
: 659295K->4251K(737280K), 0.0073260 secs] 1653627K->998583K(1761280K), 0.0074750 secs] [Times: user=0.05 sys=0.00, real=0.00 secs] 
764.589: [CMS-concurrent-sweep: 1.219/1.265 secs] [Times: user=9.44 sys=0.20, real=1.26 secs] 
764.589: [CMS-concurrent-reset-start]
764.618: [CMS-concurrent-reset: 0.029/0.029 secs] [Times: user=0.21 sys=0.01, real=0.03 secs] 
764.643: [GC764.644: [ParNew
Desired survivor size 41943040 bytes, new threshold 6 (max 6)
- age   1:    1362912 bytes,    1362912 total
- age   2:        656 bytes,    1363568 total
- age   3:        872 bytes,    1364440 total
- age   4:       4112 bytes,    1368552 total
- age   5:        888 bytes,    1369440 total
- age   6:       1416 bytes,    1370856 total
: 659611K->2726K(737280K), 0.0068630 secs] 1653844K->996966K(1761280K), 0.0069960 secs] [Times: user=0.04 sys=0.00, real=0.00 secs] 
764.653: [GC [1 CMS-initial-mark: 994240K(1024000K)] 1004036K(1761280K), 0.0072840 secs] [Times: user=0.01 sys=0.00, real=0.00 secs] 
764.660: [CMS-concurrent-mark-start]
764.910: [GC764.910: [ParNew
Desired survivor size 41943040 bytes, new threshold 6 (max 6)
- age   1:    1849976 bytes,    1849976 total
- age   2:       8240 bytes,    1858216 total
- age   3:        632 bytes,    1858848 total
- age   4:        728 bytes,    1859576 total
- age   5:       4064 bytes,    1863640 total
- age   6:        888 bytes,    1864528 total
: 658086K->2367K(737280K), 0.0068480 secs] 1652326K->996608K(1761280K), 0.0069850 secs] [Times: user=0.04 sys=0.00, real=0.01 secs] 
765.145: [GC765.145: [ParNew
Desired survivor size 41943040 bytes, new threshold 6 (max 6)
- age   1:     868408 bytes,     868408 total
- age   2:      10736 bytes,     879144 total
- age   3:       7952 bytes,     887096 total
- age   4:        368 bytes,     887464 total
- age   5:        608 bytes,     888072 total
- age   6:       3968 bytes,     892040 total
: 657727K->1661K(737280K), 0.0063200 secs] 1651968K->995904K(1761280K), 0.0064810 secs] [Times: user=0.04 sys=0.00, real=0.00 secs] 
765.371: [GC765.372: [ParNew
Desired survivor size 41943040 bytes, new threshold 6 (max 6)
- age   1:     331304 bytes,     331304 total
- age   2:       7760 bytes,     339064 total
- age   3:      10544 bytes,     349608 total
- age   4:       7784 bytes,     357392 total
- age   5:        320 bytes,     357712 total
- age   6:        392 bytes,     358104 total
: 657021K->834K(737280K), 0.0081490 secs] 1651264K->995081K(1761280K), 0.0082810 secs] [Times: user=0.05 sys=0.00, real=0.01 secs] 
765.628: [GC765.628: [ParNew
Desired survivor size 41943040 bytes, new threshold 6 (max 6)
- age   1:     590536 bytes,     590536 total
- age   2:       7896 bytes,     598432 total
- age   3:       7688 bytes,     606120 total
- age   4:      10520 bytes,     616640 total
- age   5:       7784 bytes,     624424 total
- age   6:        320 bytes,     624744 total
: 656194K->831K(737280K), 0.0064090 secs] 1650441K->995078K(1761280K), 0.0065460 secs] [Times: user=0.04 sys=0.00, real=0.01 secs] 
765.865: [GC765.865: [ParNew
Desired survivor size 41943040 bytes, new threshold 6 (max 6)
- age   1:    2812960 bytes,    2812960 total
- age   2:       3480 bytes,    2816440 total
- age   3:       7896 bytes,    2824336 total
- age   4:       7688 bytes,    2832024 total
- age   5:      10520 bytes,    2842544 total
- age   6:       7784 bytes,    2850328 total
: 656191K->3019K(737280K), 0.0080990 secs] 1650438K->997266K(1761280K), 0.0082470 secs] [Times: user=0.05 sys=0.00, real=0.01 secs] 
766.130: [GC766.131: [ParNew
Desired survivor size 41943040 bytes, new threshold 6 (max 6)
- age   1:    1856176 bytes,    1856176 total
- age   2:     549800 bytes,    2405976 total
- age   3:       3312 bytes,    2409288 total
- age   4:       7728 bytes,    2417016 total
- age   5:       7448 bytes,    2424464 total
- age   6:      10496 bytes,    2434960 total
: 658379K->3332K(737280K), 0.0073500 secs] 1652626K->997588K(1761280K), 0.0075480 secs] [Times: user=0.05 sys=0.00, real=0.01 secs] 
766.380: [GC766.380: [ParNew
Desired survivor size 41943040 bytes, new threshold 6 (max 6)
- age   1:     862208 bytes,     862208 total
- age   2:        968 bytes,     863176 total
- age   3:        488 bytes,     863664 total
- age   4:       3072 bytes,     866736 total
- age   5:       7680 bytes,     874416 total
- age   6:       7424 bytes,     881840 total
: 658692K->2338K(737280K), 0.0062040 secs] 1652948K->996605K(1761280K), 0.0063420 secs] [Times: user=0.04 sys=0.00, real=0.01 secs] 
766.614: [GC766.614: [ParNew
Desired survivor size 41943040 bytes, new threshold 6 (max 6)
- age   1:    2188768 bytes,    2188768 total
- age   2:       4608 bytes,    2193376 total
- age   3:        968 bytes,    2194344 total
- age   4:        488 bytes,    2194832 total
- age   5:       3072 bytes,    2197904 total
- age   6:       7680 bytes,    2205584 total
: 657698K->2400K(737280K), 0.0074010 secs] 1651965K->996673K(1761280K), 0.0075560 secs] [Times: user=0.05 sys=0.00, real=0.00 secs] 
766.870: [GC766.870: [ParNew
Desired survivor size 41943040 bytes, new threshold 6 (max 6)
- age   1:    1836712 bytes,    1836712 total
- age   2:     740816 bytes,    2577528 total
- age   3:       4608 bytes,    2582136 total
- age   4:        968 bytes,    2583104 total
- age   5:        456 bytes,    2583560 total
- age   6:       3072 bytes,    2586632 total
: 657760K->3631K(737280K), 0.0112680 secs] 1652033K->997913K(1761280K), 0.0114110 secs] [Times: user=0.06 sys=0.00, real=0.01 secs] 
767.135: [GC767.135: [ParNew
Desired survivor size 41943040 bytes, new threshold 6 (max 6)
- age   1:    1302264 bytes,    1302264 total
- age   2:       7960 bytes,    1310224 total
- age   3:        680 bytes,    1310904 total
- age   4:       4536 bytes,    1315440 total
- age   5:        728 bytes,    1316168 total
- age   6:        336 bytes,    1316504 total
: 658991K->2348K(737280K), 0.0068770 secs] 1653273K->996634K(1761280K), 0.0070230 secs] [Times: user=0.05 sys=0.00, real=0.00 secs] 
767.402: [GC767.402: [ParNew
Desired survivor size 41943040 bytes, new threshold 6 (max 6)
- age   1:     333600 bytes,     333600 total
- age   2:       5112 bytes,     338712 total
- age   3:       7712 bytes,     346424 total
- age   4:        464 bytes,     346888 total
- age   5:       4368 bytes,     351256 total
- age   6:        704 bytes,     351960 total
: 657708K->1069K(737280K), 0.0061370 secs] 1651994K->995354K(1761280K), 0.0062810 secs] [Times: user=0.04 sys=0.00, real=0.01 secs] 
767.657: [GC767.657: [ParNew
Desired survivor size 41943040 bytes, new threshold 6 (max 6)
- age   1:    1055592 bytes,    1055592 total
- age   2:       2712 bytes,    1058304 total
- age   3:       4584 bytes,    1062888 total
- age   4:       7424 bytes,    1070312 total
- age   5:        248 bytes,    1070560 total
- age   6:       4200 bytes,    1074760 total
: 656429K->1192K(737280K), 0.0065090 secs] 1650714K->995478K(1761280K), 0.0066440 secs] [Times: user=0.04 sys=0.00, real=0.01 secs] 
767.894: [GC767.894: [ParNew
Desired survivor size 41943040 bytes, new threshold 6 (max 6)
- age   1:    1275704 bytes,    1275704 total
- age   2:       4952 bytes,    1280656 total
- age   3:       2712 bytes,    1283368 total
- age   4:       4528 bytes,    1287896 total
- age   5:       7424 bytes,    1295320 total
- age   6:        248 bytes,    1295568 total
: 656552K->1641K(737280K), 0.0073860 secs] 1650838K->995932K(1761280K), 0.0076810 secs] [Times: user=0.05 sys=0.01, real=0.00 secs] 
768.135: [GC768.135: [ParNew
Desired survivor size 41943040 bytes, new threshold 6 (max 6)
- age   1:    1546520 bytes,    1546520 total
- age   2:       4088 bytes,    1550608 total
- age   3:       4952 bytes,    1555560 total
- age   4:       2712 bytes,    1558272 total
- age   5:       4504 bytes,    1562776 total
- age   6:       7424 bytes,    1570200 total
: 657001K->2335K(737280K), 0.0067200 secs] 1651292K->996626K(1761280K), 0.0068600 secs] [Times: user=0.04 sys=0.00, real=0.00 secs] 
768.367: [GC768.367: [ParNew
Desired survivor size 41943040 bytes, new threshold 6 (max 6)
- age   1:    1943176 bytes,    1943176 total
- age   2:        896 bytes,    1944072 total
- age   3:       3944 bytes,    1948016 total
- age   4:       4784 bytes,    1952800 total
- age   5:       2544 bytes,    1955344 total
- age   6:       4384 bytes,    1959728 total
: 657695K->2523K(737280K), 0.0071390 secs] 1651986K->996821K(1761280K), 0.0072730 secs] [Times: user=0.05 sys=0.00, real=0.01 secs] 
768.599: [GC768.599: [ParNew
Desired survivor size 41943040 bytes, new threshold 6 (max 6)
- age   1:    1092104 bytes,    1092104 total
- age   2:        792 bytes,    1092896 total
- age   3:        680 bytes,    1093576 total
- age   4:       3704 bytes,    1097280 total
- age   5:       4496 bytes,    1101776 total
- age   6:       2472 bytes,    1104248 total
: 657883K->2020K(737280K), 0.0067540 secs] 1652181K->996323K(1761280K), 0.0068770 secs] [Times: user=0.04 sys=0.00, real=0.01 secs] 
768.813: [GC768.813: [ParNew
Desired survivor size 41943040 bytes, new threshold 6 (max 6)
- age   1:    1404960 bytes,    1404960 total
- age   2:       4496 bytes,    1409456 total
- age   3:        792 bytes,    1410248 total
- age   4:        680 bytes,    1410928 total
- age   5:       3704 bytes,    1414632 total
- age   6:       4496 bytes,    1419128 total
: 657380K->1813K(737280K), 0.0067560 secs] 1651683K->996119K(1761280K), 0.0068970 secs] [Times: user=0.05 sys=0.00, real=0.00 secs] 
769.062: [GC769.062: [ParNew
Desired survivor size 41943040 bytes, new threshold 6 (max 6)
- age   1:     861216 bytes,     861216 total
- age   2:       7888 bytes,     869104 total
- age   3:       4400 bytes,     873504 total
- age   4:        624 bytes,     874128 total
- age   5:        584 bytes,     874712 total
- age   6:       3584 bytes,     878296 total
: 657173K->1252K(737280K), 0.0066640 secs] 1651479K->995563K(1761280K), 0.0068200 secs] [Times: user=0.05 sys=0.00, real=0.01 secs] 
769.303: [GC769.303: [ParNew
Desired survivor size 41943040 bytes, new threshold 6 (max 6)
- age   1:    2180760 bytes,    2180760 total
- age   2:       2584 bytes,    2183344 total
- age   3:       7624 bytes,    2190968 total
- age   4:       4184 bytes,    2195152 total
- age   5:        480 bytes,    2195632 total
- age   6:        584 bytes,    2196216 total
: 656612K->2630K(737280K), 0.0078210 secs] 1650923K->996944K(1761280K), 0.0079810 secs] [Times: user=0.06 sys=0.00, real=0.01 secs] 
769.534: [GC769.534: [ParNew
Desired survivor size 41943040 bytes, new threshold 6 (max 6)
- age   1:    1918040 bytes,    1918040 total
- age   2:       4144 bytes,    1922184 total
- age   3:       2536 bytes,    1924720 total
- age   4:       7600 bytes,    1932320 total
- age   5:       4184 bytes,    1936504 total
- age   6:        456 bytes,    1936960 total
: 657990K->3002K(737280K), 0.0068520 secs] 1652304K->997317K(1761280K), 0.0070030 secs] [Times: user=0.05 sys=0.00, real=0.00 secs] 
769.805: [GC769.805: [ParNew
Desired survivor size 41943040 bytes, new threshold 6 (max 6)
- age   1:     926368 bytes,     926368 total
- age   2:       4536 bytes,     930904 total
- age   3:       4144 bytes,     935048 total
- age   4:       2536 bytes,     937584 total
- age   5:       7600 bytes,     945184 total
- age   6:       4184 bytes,     949368 total
: 658362K->2115K(737280K), 0.0088560 secs] 1652677K->996431K(1761280K), 0.0090920 secs] [Times: user=0.04 sys=0.00, real=0.01 secs] 
770.071: [GC770.072: [ParNew
Desired survivor size 41943040 bytes, new threshold 6 (max 6)
- age   1:    1808704 bytes,    1808704 total
- age   2:       1360 bytes,    1810064 total
- age   3:       4536 bytes,    1814600 total
- age   4:       4144 bytes,    1818744 total
- age   5:       2512 bytes,    1821256 total
- age   6:       7600 bytes,    1828856 total
: 657475K->2044K(737280K), 0.0077110 secs] 1651791K->996364K(1761280K), 0.0078990 secs] [Times: user=0.04 sys=0.00, real=0.01 secs] 
770.304: [GC770.305: [ParNew
Desired survivor size 41943040 bytes, new threshold 6 (max 6)
- age   1:    1191520 bytes,    1191520 total
- age   2:        584 bytes,    1192104 total
- age   3:       1168 bytes,    1193272 total
- age   4:       4536 bytes,    1197808 total
- age   5:       4048 bytes,    1201856 total
- age   6:       2512 bytes,    1204368 total
: 657404K->1930K(737280K), 0.0065960 secs] 1651724K->996257K(1761280K), 0.0067490 secs] [Times: user=0.05 sys=0.00, real=0.00 secs] 
770.563: [GC770.563: [ParNew
Desired survivor size 41943040 bytes, new threshold 6 (max 6)
- age   1:    1139936 bytes,    1139936 total
- age   2:       1112 bytes,    1141048 total
- age   3:        440 bytes,    1141488 total
- age   4:       1024 bytes,    1142512 total
- age   5:       4320 bytes,    1146832 total
- age   6:       3880 bytes,    1150712 total
: 657290K->1902K(737280K), 0.0068250 secs] 1651617K->996232K(1761280K), 0.0069730 secs] [Times: user=0.04 sys=0.00, real=0.01 secs] 
770.803: [GC770.803: [ParNew
Desired survivor size 41943040 bytes, new threshold 6 (max 6)
- age   1:    1479320 bytes,    1479320 total
- age   2:       1664 bytes,    1480984 total
- age   3:       1064 bytes,    1482048 total
- age   4:        368 bytes,    1482416 total
- age   5:        928 bytes,    1483344 total
- age   6:       4272 bytes,    1487616 total
: 657262K->1846K(737280K), 0.0066010 secs] 1651592K->996180K(1761280K), 0.0067350 secs] [Times: user=0.04 sys=0.00, real=0.00 secs] 
771.045: [GC771.045: [ParNew
Desired survivor size 41943040 bytes, new threshold 6 (max 6)
- age   1:     554112 bytes,     554112 total
- age   2:       8968 bytes,     563080 total
- age   3:       1664 bytes,     564744 total
- age   4:       1064 bytes,     565808 total
- age   5:        368 bytes,     566176 total
- age   6:        928 bytes,     567104 total
: 657206K->1274K(737280K), 0.0062350 secs] 1651540K->995613K(1761280K), 0.0063990 secs] [Times: user=0.04 sys=0.00, real=0.00 secs] 
771.289: [GC771.289: [ParNew
Desired survivor size 41943040 bytes, new threshold 6 (max 6)
- age   1:    2476680 bytes,    2476680 total
- age   2:       1328 bytes,    2478008 total
- age   3:       8968 bytes,    2486976 total
- age   4:       1664 bytes,    2488640 total
- age   5:       1064 bytes,    2489704 total
- age   6:        344 bytes,    2490048 total
: 656634K->2630K(737280K), 0.0076070 secs] 1650973K->996970K(1761280K), 0.0077910 secs] [Times: user=0.05 sys=0.00, real=0.01 secs] 
771.518: [GC771.518: [ParNew
Desired survivor size 41943040 bytes, new threshold 6 (max 6)
- age   1:    1942056 bytes,    1942056 total
- age   2:       1776 bytes,    1943832 total
- age   3:       1064 bytes,    1944896 total
- age   4:       8800 bytes,    1953696 total
- age   5:       1424 bytes,    1955120 total
- age   6:        728 bytes,    1955848 total
: 657990K->2688K(737280K), 0.0069780 secs] 1652330K->997028K(1761280K), 0.0071050 secs] [Times: user=0.04 sys=0.00, real=0.01 secs] 
771.761: [GC771.761: [ParNew
Desired survivor size 41943040 bytes, new threshold 6 (max 6)
- age   1:    1581768 bytes,    1581768 total
- age   2:       2416 bytes,    1584184 total
- age   3:       1632 bytes,    1585816 total
- age   4:        968 bytes,    1586784 total
- age   5:       8536 bytes,    1595320 total
- age   6:       1280 bytes,    1596600 total
: 658048K->2161K(737280K), 0.0072070 secs] 1652388K->996502K(1761280K), 0.0074390 secs] [Times: user=0.05 sys=0.00, real=0.01 secs] 
772.027: [GC772.027: [ParNew
Desired survivor size 41943040 bytes, new threshold 6 (max 6)
- age   1:    1942448 bytes,    1942448 total
- age   2:        568 bytes,    1943016 total
- age   3:       2152 bytes,    1945168 total
- age   4:       1320 bytes,    1946488 total
- age   5:        800 bytes,    1947288 total
- age   6:       8272 bytes,    1955560 total
: 657521K->2680K(737280K), 0.0069840 secs] 1651862K->997023K(1761280K), 0.0071390 secs] [Times: user=0.04 sys=0.00, real=0.01 secs] 
772.256: [GC772.256: [ParNew
Desired survivor size 41943040 bytes, new threshold 6 (max 6)
- age   1:     756120 bytes,     756120 total
- age   2:       6544 bytes,     762664 total
- age   3:        568 bytes,     763232 total
- age   4:       2152 bytes,     765384 total
- age   5:       1296 bytes,     766680 total
- age   6:        800 bytes,     767480 total
: 658040K->1844K(737280K), 0.0063590 secs] 1652383K->996196K(1761280K), 0.0065030 secs] [Times: user=0.04 sys=0.00, real=0.00 secs] 
772.475: [GC772.475: [ParNew
Desired survivor size 41943040 bytes, new threshold 6 (max 6)
- age   1:    1311192 bytes,    1311192 total
- age   2:       1104 bytes,    1312296 total
- age   3:       6544 bytes,    1318840 total
- age   4:        568 bytes,    1319408 total
- age   5:       2128 bytes,    1321536 total
- age   6:       1296 bytes,    1322832 total
: 657204K->1762K(737280K), 0.0069210 secs] 1651556K->996114K(1761280K), 0.0070640 secs] [Times: user=0.05 sys=0.00, real=0.00 secs] 
772.697: [GC772.697: [ParNew
Desired survivor size 41943040 bytes, new threshold 6 (max 6)
- age   1:     921360 bytes,     921360 total
- age   2:        592 bytes,     921952 total
- age   3:        856 bytes,     922808 total
- age   4:       6112 bytes,     928920 total
- age   5:        376 bytes,     929296 total
- age   6:       2080 bytes,     931376 total
: 657122K->1731K(737280K), 0.0069890 secs] 1651474K->996085K(1761280K), 0.0071330 secs] [Times: user=0.05 sys=0.00, real=0.01 secs] 
772.811: [CMS-concurrent-mark: 7.834/8.151 secs] [Times: user=59.92 sys=1.16, real=8.15 secs] 
772.811: [CMS-concurrent-preclean-start]
772.829: [CMS-concurrent-preclean: 0.017/0.018 secs] [Times: user=0.14 sys=0.00, real=0.02 secs] 
772.830: [CMS-concurrent-abortable-preclean-start]
772.940: [GC772.940: [ParNew
Desired survivor size 41943040 bytes, new threshold 6 (max 6)
- age   1:     992752 bytes,     992752 total
- age   2:       4816 bytes,     997568 total
- age   3:        472 bytes,     998040 total
- age   4:        688 bytes,     998728 total
- age   5:       5872 bytes,    1004600 total
- age   6:        256 bytes,    1004856 total
: 657091K->1259K(737280K), 0.0067510 secs] 1651445K->995615K(1761280K), 0.0068980 secs] [Times: user=0.04 sys=0.00, real=0.01 secs] 
773.074: [CMS-concurrent-abortable-preclean: 0.130/0.244 secs] [Times: user=1.76 sys=0.05, real=0.25 secs] 
773.079: [GC[YG occupancy: 392967 K (737280 K)]773.080: [Rescan (parallel) , 0.2523800 secs]773.332: [weak refs processing, 0.0000340 secs]773.332: [scrub string table, 0.0010160 secs] [1 CMS-remark: 994356K(1024000K)] 1387324K(1761280K), 0.2535930 secs] [Times: user=1.86 sys=0.00, real=0.25 secs] 
773.333: [CMS-concurrent-sweep-start]
773.442: [GC773.442: [ParNew
Desired survivor size 41943040 bytes, new threshold 6 (max 6)
- age   1:     817296 bytes,     817296 total
- age   2:      12528 bytes,     829824 total
- age   3:       4624 bytes,     834448 total
- age   4:        424 bytes,     834872 total
- age   5:        592 bytes,     835464 total
- age   6:       5728 bytes,     841192 total
: 656619K->1451K(737280K), 0.0061860 secs] 1650974K->995807K(1761280K), 0.0063270 secs] [Times: user=0.04 sys=0.00, real=0.01 secs] 
773.679: [GC773.679: [ParNew
Desired survivor size 41943040 bytes, new threshold 6 (max 6)
- age   1:     534640 bytes,     534640 total
- age   2:       1344 bytes,     535984 total
- age   3:      12432 bytes,     548416 total
- age   4:       4576 bytes,     552992 total
- age   5:        424 bytes,     553416 total
- age   6:        592 bytes,     554008 total
: 656811K->797K(737280K), 0.0063970 secs] 1651166K->995157K(1761280K), 0.0065330 secs] [Times: user=0.03 sys=0.00, real=0.01 secs] 
773.932: [GC773.933: [ParNew
Desired survivor size 41943040 bytes, new threshold 6 (max 6)
- age   1:    2979704 bytes,    2979704 total
- age   2:        792 bytes,    2980496 total
- age   3:        864 bytes,    2981360 total
- age   4:      12192 bytes,    2993552 total
- age   5:       4288 bytes,    2997840 total
- age   6:        208 bytes,    2998048 total
: 656157K->3164K(737280K), 0.0082000 secs] 1650517K->997526K(1761280K), 0.0083660 secs] [Times: user=0.06 sys=0.00, real=0.01 secs] 
774.185: [GC774.185: [ParNew
Desired survivor size 41943040 bytes, new threshold 6 (max 6)
- age   1:     320664 bytes,     320664 total
- age   2:       2160 bytes,     322824 total
- age   3:        600 bytes,     323424 total
- age   4:        480 bytes,     323904 total
- age   5:      12000 bytes,     335904 total
- age   6:       4144 bytes,     340048 total
: 658524K->2330K(737280K), 0.0060390 secs] 1652886K->996692K(1761280K), 0.0061650 secs] [Times: user=0.04 sys=0.00, real=0.00 secs] 
774.420: [GC774.420: [ParNew
Desired survivor size 41943040 bytes, new threshold 6 (max 6)
- age   1:     394944 bytes,     394944 total
- age   2:       3984 bytes,     398928 total
- age   3:       2064 bytes,     400992 total
- age   4:        552 bytes,     401544 total
- age   5:        360 bytes,     401904 total
- age   6:      11904 bytes,     413808 total
: 657690K->806K(737280K), 0.0069370 secs] 1652052K->995172K(1761280K), 0.0070880 secs] [Times: user=0.04 sys=0.00, real=0.01 secs] 
774.537: [CMS-concurrent-sweep: 1.158/1.204 secs] [Times: user=8.98 sys=0.17, real=1.21 secs] 
774.537: [CMS-concurrent-reset-start]
774.570: [CMS-concurrent-reset: 0.033/0.033 secs] [Times: user=0.25 sys=0.00, real=0.03 secs] 
774.662: [GC774.662: [ParNew
Desired survivor size 41943040 bytes, new threshold 6 (max 6)
- age   1:    2046480 bytes,    2046480 total
- age   2:        840 bytes,    2047320 total
- age   3:       3792 bytes,    2051112 total
- age   4:       1776 bytes,    2052888 total
- age   5:        432 bytes,    2053320 total
- age   6:        240 bytes,    2053560 total
: 656166K->2150K(737280K), 0.0071450 secs] 1650490K->996486K(1761280K), 0.0072820 secs] [Times: user=0.05 sys=0.00, real=0.01 secs] 
774.673: [GC [1 CMS-initial-mark: 994335K(1024000K)] 1003254K(1761280K), 0.0089080 secs] [Times: user=0.00 sys=0.00, real=0.01 secs] 
774.682: [CMS-concurrent-mark-start]
774.916: [GC774.916: [ParNew
Desired survivor size 41943040 bytes, new threshold 6 (max 6)
- age   1:     792224 bytes,     792224 total
- age   2:       1320 bytes,     793544 total
- age   3:        840 bytes,     794384 total
- age   4:       3792 bytes,     798176 total
- age   5:       1776 bytes,     799952 total
- age   6:        432 bytes,     800384 total
: 657510K->1780K(737280K), 0.0065860 secs] 1651846K->996116K(1761280K), 0.0067200 secs] [Times: user=0.04 sys=0.00, real=0.00 secs] 
775.157: [GC775.157: [ParNew
Desired survivor size 41943040 bytes, new threshold 6 (max 6)
- age   1:    1043352 bytes,    1043352 total
- age   2:       7768 bytes,    1051120 total
- age   3:       1200 bytes,    1052320 total
- age   4:        768 bytes,    1053088 total
- age   5:       3672 bytes,    1056760 total
- age   6:       1776 bytes,    1058536 total
: 657140K->1463K(737280K), 0.0065240 secs] 1651476K->995800K(1761280K), 0.0066580 secs] [Times: user=0.04 sys=0.00, real=0.00 secs] 
775.392: [GC775.393: [ParNew
Desired survivor size 41943040 bytes, new threshold 6 (max 6)
- age   1:     702704 bytes,     702704 total
- age   2:       3840 bytes,     706544 total
- age   3:       7696 bytes,     714240 total
- age   4:       1080 bytes,     715320 total
- age   5:        648 bytes,     715968 total
- age   6:       3648 bytes,     719616 total
: 656823K->1065K(737280K), 0.0060890 secs] 1651160K->995404K(1761280K), 0.0062560 secs] [Times: user=0.04 sys=0.00, real=0.01 secs] 
775.639: [GC775.639: [ParNew
Desired survivor size 41943040 bytes, new threshold 6 (max 6)
- age   1:    1416104 bytes,    1416104 total
- age   2:       4056 bytes,    1420160 total
- age   3:       3840 bytes,    1424000 total
- age   4:       7696 bytes,    1431696 total
- age   5:       1080 bytes,    1432776 total
- age   6:        624 bytes,    1433400 total
: 656425K->1814K(737280K), 0.0068070 secs] 1650764K->996156K(1761280K), 0.0069610 secs] [Times: user=0.05 sys=0.00, real=0.01 secs] 
775.876: [GC775.876: [ParNew
Desired survivor size 41943040 bytes, new threshold 6 (max 6)
- age   1:    1424352 bytes,    1424352 total
- age   2:       1312 bytes,    1425664 total
- age   3:       4056 bytes,    1429720 total
- age   4:       3840 bytes,    1433560 total
- age   5:       7696 bytes,    1441256 total
- age   6:       1080 bytes,    1442336 total
: 657174K->2171K(737280K), 0.0206970 secs] 1651516K->996514K(1761280K), 0.0209180 secs] [Times: user=0.07 sys=0.00, real=0.02 secs] 
776.122: [GC776.122: [ParNew
Desired survivor size 41943040 bytes, new threshold 6 (max 6)
- age   1:    2319744 bytes,    2319744 total
- age   2:       1008 bytes,    2320752 total
- age   3:        976 bytes,    2321728 total
- age   4:       3888 bytes,    2325616 total
- age   5:       3696 bytes,    2329312 total
- age   6:       7600 bytes,    2336912 total
: 657531K->3075K(737280K), 0.0079650 secs] 1651874K->997419K(1761280K), 0.0080930 secs] [Times: user=0.05 sys=0.00, real=0.01 secs] 
776.361: [GC776.361: [ParNew
Desired survivor size 41943040 bytes, new threshold 6 (max 6)
- age   1:    1246832 bytes,    1246832 total
- age   2:       1312 bytes,    1248144 total
- age   3:        816 bytes,    1248960 total
- age   4:        688 bytes,    1249648 total
- age   5:       3600 bytes,    1253248 total
- age   6:       3552 bytes,    1256800 total
: 658435K->2309K(737280K), 0.0066680 secs] 1652779K->996661K(1761280K), 0.0068040 secs] [Times: user=0.04 sys=0.00, real=0.01 secs] 
776.610: [GC776.610: [ParNew
Desired survivor size 41943040 bytes, new threshold 6 (max 6)
- age   1:    2713304 bytes,    2713304 total
- age   2:       1256 bytes,    2714560 total
- age   3:       1288 bytes,    2715848 total
- age   4:        816 bytes,    2716664 total
- age   5:        664 bytes,    2717328 total
- age   6:       3600 bytes,    2720928 total
: 657669K->3164K(737280K), 0.0075980 secs] 1652021K->997519K(1761280K), 0.0077480 secs] [Times: user=0.05 sys=0.00, real=0.01 secs] 
776.868: [GC776.868: [ParNew
Desired survivor size 41943040 bytes, new threshold 6 (max 6)
- age   1:     683264 bytes,     683264 total
- age   2:       1560 bytes,     684824 total
- age   3:       1064 bytes,     685888 total
- age   4:       1120 bytes,     687008 total
- age   5:        816 bytes,     687824 total
- age   6:        592 bytes,     688416 total
: 658524K->2236K(737280K), 0.0060870 secs] 1652879K->996595K(1761280K), 0.0062050 secs] [Times: user=0.04 sys=0.00, real=0.01 secs] 
777.115: [GC777.115: [ParNew
Desired survivor size 41943040 bytes, new threshold 6 (max 6)
- age   1:    1233248 bytes,    1233248 total
- age   2:       1776 bytes,    1235024 total
- age   3:       1344 bytes,    1236368 total
- age   4:        944 bytes,    1237312 total
- age   5:        904 bytes,    1238216 total
- age   6:        648 bytes,    1238864 total
: 657596K->1636K(737280K), 0.0066700 secs] 1651955K->995995K(1761280K), 0.0067970 secs] [Times: user=0.04 sys=0.00, real=0.00 secs] 
777.357: [GC777.358: [ParNew
Desired survivor size 41943040 bytes, new threshold 6 (max 6)
- age   1:     512672 bytes,     512672 total
- age   2:      14960 bytes,     527632 total
- age   3:       1632 bytes,     529264 total
- age   4:       1176 bytes,     530440 total
- age   5:        872 bytes,     531312 total
- age   6:        824 bytes,     532136 total
: 656996K->1089K(737280K), 0.0063460 secs] 1651355K->995449K(1761280K), 0.0065260 secs] [Times: user=0.04 sys=0.00, real=0.01 secs] 
777.610: [GC777.610: [ParNew
Desired survivor size 41943040 bytes, new threshold 6 (max 6)
- age   1:     396296 bytes,     396296 total
- age   2:       3416 bytes,     399712 total
- age   3:      14912 bytes,     414624 total
- age   4:       1632 bytes,     416256 total
- age   5:       1152 bytes,     417408 total
- age   6:        872 bytes,     418280 total
: 656449K->642K(737280K), 0.0060380 secs] 1650809K->995003K(1761280K), 0.0061590 secs] [Times: user=0.04 sys=0.00, real=0.01 secs] 
777.851: [GC777.851: [ParNew
Desired survivor size 41943040 bytes, new threshold 6 (max 6)
- age   1:    1571136 bytes,    1571136 total
- age   2:       4768 bytes,    1575904 total
- age   3:       3296 bytes,    1579200 total
- age   4:      14816 bytes,    1594016 total
- age   5:       1584 bytes,    1595600 total
- age   6:       1032 bytes,    1596632 total
: 656002K->1798K(737280K), 0.0067240 secs] 1650363K->996160K(1761280K), 0.0068890 secs] [Times: user=0.05 sys=0.00, real=0.01 secs] 
778.094: [GC778.094: [ParNew
Desired survivor size 41943040 bytes, new threshold 6 (max 6)
- age   1:     956168 bytes,     956168 total
- age   2:       1496 bytes,     957664 total
- age   3:       4576 bytes,     962240 total
- age   4:       3136 bytes,     965376 total
- age   5:      14816 bytes,     980192 total
- age   6:       1584 bytes,     981776 total
: 657158K->1434K(737280K), 0.0068390 secs] 1651520K->995798K(1761280K), 0.0070010 secs] [Times: user=0.04 sys=0.00, real=0.00 secs] 
778.318: [GC778.318: [ParNew
Desired survivor size 41943040 bytes, new threshold 6 (max 6)
- age   1:    1722400 bytes,    1722400 total
- age   2:       4264 bytes,    1726664 total
- age   3:       1232 bytes,    1727896 total
- age   4:       4384 bytes,    1732280 total
- age   5:       2992 bytes,    1735272 total
- age   6:      14624 bytes,    1749896 total
: 656794K->2075K(737280K), 0.0070560 secs] 1651158K->996441K(1761280K), 0.0072040 secs] [Times: user=0.05 sys=0.00, real=0.01 secs] 
778.544: [GC778.544: [ParNew
Desired survivor size 41943040 bytes, new threshold 6 (max 6)
- age   1:    1224392 bytes,    1224392 total
- age   2:       4296 bytes,    1228688 total
- age   3:       3976 bytes,    1232664 total
- age   4:       1016 bytes,    1233680 total
- age   5:       4120 bytes,    1237800 total
- age   6:       2896 bytes,    1240696 total
: 657435K->1541K(737280K), 0.0069300 secs] 1651801K->995921K(1761280K), 0.0071680 secs] [Times: user=0.05 sys=0.00, real=0.01 secs] 
778.770: [GC778.770: [ParNew
Desired survivor size 41943040 bytes, new threshold 6 (max 6)
- age   1:    1325976 bytes,    1325976 total
- age   2:       4840 bytes,    1330816 total
- age   3:       4176 bytes,    1334992 total
- age   4:       3872 bytes,    1338864 total
- age   5:        896 bytes,    1339760 total
- age   6:       3928 bytes,    1343688 total
: 656901K->2102K(737280K), 0.0064790 secs] 1651281K->996485K(1761280K), 0.0066120 secs] [Times: user=0.04 sys=0.00, real=0.01 secs] 
779.035: [GC779.035: [ParNew
Desired survivor size 41943040 bytes, new threshold 6 (max 6)
- age   1:    1728688 bytes,    1728688 total
- age   2:       1136 bytes,    1729824 total
- age   3:       4768 bytes,    1734592 total
- age   4:       4152 bytes,    1738744 total
- age   5:       3872 bytes,    1742616 total
- age   6:        896 bytes,    1743512 total
: 657462K->2451K(737280K), 0.0069080 secs] 1651845K->996839K(1761280K), 0.0070720 secs] [Times: user=0.05 sys=0.00, real=0.00 secs] 
779.264: [GC779.264: [ParNew
Desired survivor size 41943040 bytes, new threshold 6 (max 6)
- age   1:     690120 bytes,     690120 total
- age   2:       4280 bytes,     694400 total
- age   3:        920 bytes,     695320 total
- age   4:       4528 bytes,     699848 total
- age   5:       4032 bytes,     703880 total
- age   6:       3872 bytes,     707752 total
: 657811K->1603K(737280K), 0.0063700 secs] 1652199K->995992K(1761280K), 0.0065250 secs] [Times: user=0.04 sys=0.00, real=0.01 secs] 
779.500: [GC779.500: [ParNew
Desired survivor size 41943040 bytes, new threshold 6 (max 6)
- age   1:    1055304 bytes,    1055304 total
- age   2:      14424 bytes,    1069728 total
- age   3:       4160 bytes,    1073888 total
- age   4:        824 bytes,    1074712 total
- age   5:       4408 bytes,    1079120 total
- age   6:       3960 bytes,    1083080 total
: 656963K->1485K(737280K), 0.0062660 secs] 1651352K->995877K(1761280K), 0.0064740 secs] [Times: user=0.05 sys=0.00, real=0.01 secs] 
779.733: [GC779.733: [ParNew
Desired survivor size 41943040 bytes, new threshold 6 (max 6)
- age   1:    1899288 bytes,    1899288 total
- age   2:        872 bytes,    1900160 total
- age   3:      14208 bytes,    1914368 total
- age   4:       3944 bytes,    1918312 total
- age   5:        608 bytes,    1918920 total
- age   6:       4288 bytes,    1923208 total
: 656845K->2395K(737280K), 0.0083720 secs] 1651237K->996792K(1761280K), 0.0085020 secs] [Times: user=0.04 sys=0.00, real=0.01 secs] 
779.960: [GC779.960: [ParNew
Desired survivor size 41943040 bytes, new threshold 6 (max 6)
- age   1:    1525736 bytes,    1525736 total
- age   2:       1608 bytes,    1527344 total
- age   3:        872 bytes,    1528216 total
- age   4:      14208 bytes,    1542424 total
- age   5:       3944 bytes,    1546368 total
- age   6:        608 bytes,    1546976 total
: 657755K->2472K(737280K), 0.0070580 secs] 1652152K->996873K(1761280K), 0.0071970 secs] [Times: user=0.05 sys=0.00, real=0.01 secs] 
780.195: [GC780.196: [ParNew
Desired survivor size 41943040 bytes, new threshold 6 (max 6)
- age   1:    1335168 bytes,    1335168 total
- age   2:       4520 bytes,    1339688 total
- age   3:       1472 bytes,    1341160 total
- age   4:        728 bytes,    1341888 total
- age   5:      13992 bytes,    1355880 total
- age   6:       3776 bytes,    1359656 total
: 657832K->2124K(737280K), 0.0069650 secs] 1652233K->996525K(1761280K), 0.0070870 secs] [Times: user=0.04 sys=0.00, real=0.00 secs] 
780.430: [GC780.430: [ParNew
Desired survivor size 41943040 bytes, new threshold 6 (max 6)
- age   1:     940776 bytes,     940776 total
- age   2:       1648 bytes,     942424 total
- age   3:       4424 bytes,     946848 total
- age   4:       1400 bytes,     948248 total
- age   5:        704 bytes,     948952 total
- age   6:      13992 bytes,     962944 total
: 657484K->1554K(737280K), 0.0066510 secs] 1651885K->995960K(1761280K), 0.0067850 secs] [Times: user=0.04 sys=0.00, real=0.01 secs] 
780.684: [GC780.684: [ParNew
Desired survivor size 41943040 bytes, new threshold 6 (max 6)
- age   1:     319040 bytes,     319040 total
- age   2:       4224 bytes,     323264 total
- age   3:       1456 bytes,     324720 total
- age   4:       4208 bytes,     328928 total
- age   5:       1304 bytes,     330232 total
- age   6:        536 bytes,     330768 total
: 656914K->1050K(737280K), 0.0063850 secs] 1651320K->995470K(1761280K), 0.0065150 secs] [Times: user=0.04 sys=0.00, real=0.01 secs] 
780.912: [GC780.912: [ParNew
Desired survivor size 41943040 bytes, new threshold 6 (max 6)
- age   1:    1510560 bytes,    1510560 total
- age   2:       7672 bytes,    1518232 total
- age   3:       4152 bytes,    1522384 total
- age   4:       1288 bytes,    1523672 total
- age   5:       4160 bytes,    1527832 total
- age   6:       1208 bytes,    1529040 total
: 656410K->1674K(737280K), 0.0066410 secs] 1650830K->996094K(1761280K), 0.0067800 secs] [Times: user=0.05 sys=0.00, real=0.01 secs] 
781.131: [GC781.131: [ParNew
Desired survivor size 41943040 bytes, new threshold 6 (max 6)
- age   1:    1355920 bytes,    1355920 total
- age   2:       1096 bytes,    1357016 total
- age   3:       7480 bytes,    1364496 total
- age   4:       4056 bytes,    1368552 total
- age   5:       1136 bytes,    1369688 total
- age   6:       3992 bytes,    1373680 total
: 657034K->2110K(737280K), 0.0066080 secs] 1651454K->996531K(1761280K), 0.0067660 secs] [Times: user=0.04 sys=0.00, real=0.01 secs] 
781.369: [GC781.369: [ParNew
Desired survivor size 41943040 bytes, new threshold 6 (max 6)
- age   1:     816664 bytes,     816664 total
- age   2:      11256 bytes,     827920 total
- age   3:       1096 bytes,     829016 total
- age   4:       7480 bytes,     836496 total
- age   5:       4056 bytes,     840552 total
- age   6:       1112 bytes,     841664 total
: 657470K->1471K(737280K), 0.0063630 secs] 1651891K->995896K(1761280K), 0.0065530 secs] [Times: user=0.03 sys=0.00, real=0.01 secs] 
781.611: [GC781.611: [ParNew
Desired survivor size 41943040 bytes, new threshold 6 (max 6)
- age   1:     464960 bytes,     464960 total
- age   2:       1280 bytes,     466240 total
- age   3:      11088 bytes,     477328 total
- age   4:        904 bytes,     478232 total
- age   5:       7384 bytes,     485616 total
- age   6:       3912 bytes,     489528 total
: 656831K->793K(737280K), 0.0064310 secs] 1651256K->995220K(1761280K), 0.0065600 secs] [Times: user=0.04 sys=0.00, real=0.01 secs] 
781.843: [GC781.843: [ParNew
Desired survivor size 41943040 bytes, new threshold 6 (max 6)
- age   1:     732712 bytes,     732712 total
- age   2:       1944 bytes,     734656 total
- age   3:       1232 bytes,     735888 total
- age   4:      10992 bytes,     746880 total
- age   5:        880 bytes,     747760 total
- age   6:       7384 bytes,     755144 total
: 656153K->1034K(737280K), 0.0064230 secs] 1650580K->995465K(1761280K), 0.0065540 secs] [Times: user=0.04 sys=0.00, real=0.01 secs] 
782.099: [GC782.099: [ParNew
Desired survivor size 41943040 bytes, new threshold 6 (max 6)
- age   1:    2731816 bytes,    2731816 total
- age   2:       1544 bytes,    2733360 total
- age   3:       1920 bytes,    2735280 total
- age   4:       1064 bytes,    2736344 total
- age   5:      10920 bytes,    2747264 total
- age   6:        784 bytes,    2748048 total
: 656394K->3071K(737280K), 0.0082400 secs] 1650825K->997509K(1761280K), 0.0083990 secs] [Times: user=0.05 sys=0.00, real=0.01 secs] 
782.330: [GC782.330: [ParNew
Desired survivor size 41943040 bytes, new threshold 6 (max 6)
- age   1:     687360 bytes,     687360 total
- age   2:     112304 bytes,     799664 total
- age   3:       1448 bytes,     801112 total
- age   4:       1792 bytes,     802904 total
- age   5:        920 bytes,     803824 total
- age   6:      10848 bytes,     814672 total
: 658431K->2183K(737280K), 0.0064120 secs] 1652869K->996622K(1761280K), 0.0065370 secs] [Times: user=0.04 sys=0.01, real=0.01 secs] 
782.545: [CMS-concurrent-mark: 7.548/7.863 secs] [Times: user=58.78 sys=1.15, real=7.87 secs] 
782.545: [CMS-concurrent-preclean-start]
782.560: [CMS-concurrent-preclean: 0.015/0.016 secs] [Times: user=0.11 sys=0.00, real=0.01 secs] 
782.561: [CMS-concurrent-abortable-preclean-start]
782.565: [GC782.565: [ParNew
Desired survivor size 41943040 bytes, new threshold 6 (max 6)
- age   1:     806608 bytes,     806608 total
- age   2:       4384 bytes,     810992 total
- age   3:       4192 bytes,     815184 total
- age   4:       1424 bytes,     816608 total
- age   5:       1624 bytes,     818232 total
- age   6:        728 bytes,     818960 total
: 657543K->1117K(737280K), 0.0061630 secs] 1651982K->995566K(1761280K), 0.0063060 secs] [Times: user=0.04 sys=0.00, real=0.00 secs] 
782.692: [CMS-concurrent-abortable-preclean: 0.123/0.132 secs] [Times: user=0.98 sys=0.03, real=0.13 secs] 
782.694: [GC[YG occupancy: 367020 K (737280 K)]782.694: [Rescan (parallel) , 0.0708520 secs]782.765: [weak refs processing, 0.0000310 secs]782.765: [scrub string table, 0.0010880 secs] [1 CMS-remark: 994449K(1024000K)] 1361469K(1761280K), 0.0721130 secs] [Times: user=0.56 sys=0.00, real=0.08 secs] 
782.767: [CMS-concurrent-sweep-start]
782.870: [GC782.870: [ParNew
Desired survivor size 41943040 bytes, new threshold 6 (max 6)
- age   1:    1787096 bytes,    1787096 total
- age   2:       1256 bytes,    1788352 total
- age   3:       4336 bytes,    1792688 total
- age   4:       4192 bytes,    1796880 total
- age   5:       1424 bytes,    1798304 total
- age   6:       1624 bytes,    1799928 total
: 656477K->2161K(737280K), 0.0109840 secs] 1650925K->996611K(1761280K), 0.0111300 secs] [Times: user=0.06 sys=0.00, real=0.01 secs] 
783.137: [GC783.137: [ParNew
Desired survivor size 41943040 bytes, new threshold 6 (max 6)
- age   1:    1219272 bytes,    1219272 total
- age   2:       4120 bytes,    1223392 total
- age   3:       1256 bytes,    1224648 total
- age   4:       4304 bytes,    1228952 total
- age   5:       4192 bytes,    1233144 total
- age   6:       1424 bytes,    1234568 total
: 657521K->2082K(737280K), 0.0073030 secs] 1651971K->996534K(1761280K), 0.0074670 secs] [Times: user=0.06 sys=0.00, real=0.00 secs] 
783.383: [GC783.383: [ParNew
Desired survivor size 41943040 bytes, new threshold 6 (max 6)
- age   1:    1234568 bytes,    1234568 total
- age   2:       4680 bytes,    1239248 total
- age   3:       4048 bytes,    1243296 total
- age   4:       1136 bytes,    1244432 total
- age   5:       4208 bytes,    1248640 total
- age   6:       4168 bytes,    1252808 total
: 657442K->1661K(737280K), 0.0069990 secs] 1651894K->996114K(1761280K), 0.0071550 secs] [Times: user=0.04 sys=0.00, real=0.01 secs] 
783.629: [GC783.629: [ParNew
Desired survivor size 41943040 bytes, new threshold 6 (max 6)
- age   1:    1001576 bytes,    1001576 total
- age   2:      11296 bytes,    1012872 total
- age   3:       4416 bytes,    1017288 total
- age   4:       3928 bytes,    1021216 total
- age   5:        840 bytes,    1022056 total
- age   6:       4136 bytes,    1026192 total
: 657021K->1688K(737280K), 0.0064510 secs] 1651474K->996145K(1761280K), 0.0065900 secs] [Times: user=0.04 sys=0.00, real=0.01 secs] 
783.887: [GC783.887: [ParNew
Desired survivor size 41943040 bytes, new threshold 6 (max 6)
- age   1:    1549208 bytes,    1549208 total
- age   2:       4128 bytes,    1553336 total
- age   3:      11296 bytes,    1564632 total
- age   4:       4416 bytes,    1569048 total
- age   5:       3928 bytes,    1572976 total
- age   6:        840 bytes,    1573816 total
: 657048K->1971K(737280K), 0.0127900 secs] 1651500K->996428K(1761280K), 0.0129680 secs] [Times: user=0.05 sys=0.00, real=0.01 secs] 
783.929: [CMS-concurrent-sweep: 1.102/1.163 secs] [Times: user=8.60 sys=0.16, real=1.16 secs] 
783.929: [CMS-concurrent-reset-start]
783.958: [CMS-concurrent-reset: 0.029/0.029 secs] [Times: user=0.22 sys=0.01, real=0.03 secs] 
784.118: [GC784.118: [ParNew
Desired survivor size 41943040 bytes, new threshold 6 (max 6)
- age   1:    1067176 bytes,    1067176 total
- age   2:       1440 bytes,    1068616 total
- age   3:       4104 bytes,    1072720 total
- age   4:      11296 bytes,    1084016 total
- age   5:       4416 bytes,    1088432 total
- age   6:       3928 bytes,    1092360 total
: 657331K->1646K(737280K), 0.0064180 secs] 1651746K->996062K(1761280K), 0.0065650 secs] [Times: user=0.04 sys=0.00, real=0.01 secs] 
784.126: [GC [1 CMS-initial-mark: 994415K(1024000K)] 997022K(1761280K), 0.0054160 secs] [Times: user=0.01 sys=0.00, real=0.00 secs] 
784.132: [CMS-concurrent-mark-start]
784.373: [GC784.373: [ParNew
Desired survivor size 41943040 bytes, new threshold 6 (max 6)
- age   1:    1173448 bytes,    1173448 total
- age   2:        696 bytes,    1174144 total
- age   3:       1248 bytes,    1175392 total
- age   4:       3888 bytes,    1179280 total
- age   5:      11176 bytes,    1190456 total
- age   6:       4344 bytes,    1194800 total
: 657006K->1694K(737280K), 0.0083540 secs] 1651422K->996113K(1761280K), 0.0085100 secs] [Times: user=0.06 sys=0.00, real=0.01 secs] 
784.604: [GC784.604: [ParNew
Desired survivor size 41943040 bytes, new threshold 6 (max 6)
- age   1:    1373392 bytes,    1373392 total
- age   2:        592 bytes,    1373984 total
- age   3:        408 bytes,    1374392 total
- age   4:       1008 bytes,    1375400 total
- age   5:       3696 bytes,    1379096 total
- age   6:      10960 bytes,    1390056 total
: 657054K->1880K(737280K), 0.0070570 secs] 1651473K->996305K(1761280K), 0.0072070 secs] [Times: user=0.05 sys=0.00, real=0.01 secs] 
784.839: [GC784.839: [ParNew
Desired survivor size 41943040 bytes, new threshold 6 (max 6)
- age   1:    1230400 bytes,    1230400 total
- age   2:       4336 bytes,    1234736 total
- age   3:        568 bytes,    1235304 total
- age   4:        408 bytes,    1235712 total
- age   5:       1008 bytes,    1236720 total
- age   6:       3696 bytes,    1240416 total
: 657240K->1961K(737280K), 0.0066620 secs] 1651665K->996396K(1761280K), 0.0068500 secs] [Times: user=0.05 sys=0.00, real=0.01 secs] 
785.081: [GC785.081: [ParNew
Desired survivor size 41943040 bytes, new threshold 6 (max 6)
- age   1:     684288 bytes,     684288 total
- age   2:       4608 bytes,     688896 total
- age   3:       4288 bytes,     693184 total
- age   4:        520 bytes,     693704 total
- age   5:        336 bytes,     694040 total
- age   6:        888 bytes,     694928 total
: 657321K->1389K(737280K), 0.0064740 secs] 1651756K->995828K(1761280K), 0.0066250 secs] [Times: user=0.04 sys=0.00, real=0.01 secs] 
785.334: [GC785.334: [ParNew
Desired survivor size 41943040 bytes, new threshold 6 (max 6)
- age   1:     408160 bytes,     408160 total
- age   2:       2064 bytes,     410224 total
- age   3:       4512 bytes,     414736 total
- age   4:       4288 bytes,     419024 total
- age   5:        496 bytes,     419520 total
- age   6:        336 bytes,     419856 total
: 656749K->704K(737280K), 0.0060800 secs] 1651188K->995144K(1761280K), 0.0062450 secs] [Times: user=0.04 sys=0.00, real=0.01 secs] 
785.571: [GC785.571: [ParNew
Desired survivor size 41943040 bytes, new threshold 6 (max 6)
- age   1:     702680 bytes,     702680 total
- age   2:       8512 bytes,     711192 total
- age   3:       1968 bytes,     713160 total
- age   4:       4344 bytes,     717504 total
- age   5:       4168 bytes,     721672 total
- age   6:        448 bytes,     722120 total
: 656064K->883K(737280K), 0.0062040 secs] 1650504K->995324K(1761280K), 0.0063570 secs] [Times: user=0.04 sys=0.00, real=0.01 secs] 
785.813: [GC785.813: [ParNew
Desired survivor size 41943040 bytes, new threshold 6 (max 6)
- age   1:     720712 bytes,     720712 total
- age   2:       3968 bytes,     724680 total
- age   3:       8056 bytes,     732736 total
- age   4:       1704 bytes,     734440 total
- age   5:       4056 bytes,     738496 total
- age   6:       4072 bytes,     742568 total
: 656243K->1054K(737280K), 0.0063370 secs] 1650684K->995495K(1761280K), 0.0064780 secs] [Times: user=0.04 sys=0.00, real=0.01 secs] 
786.055: [GC786.055: [ParNew
Desired survivor size 41943040 bytes, new threshold 6 (max 6)
- age   1:    1253528 bytes,    1253528 total
- age   2:       7632 bytes,    1261160 total
- age   3:       3944 bytes,    1265104 total
- age   4:       8032 bytes,    1273136 total
- age   5:       1704 bytes,    1274840 total
- age   6:       4056 bytes,    1278896 total
: 656414K->1562K(737280K), 0.0067140 secs] 1650855K->996007K(1761280K), 0.0068380 secs] [Times: user=0.04 sys=0.00, real=0.01 secs] 
786.301: [GC786.301: [ParNew
Desired survivor size 41943040 bytes, new threshold 6 (max 6)
- age   1:    1097904 bytes,    1097904 total
- age   2:     425176 bytes,    1523080 total
- age   3:       7536 bytes,    1530616 total
- age   4:       3848 bytes,    1534464 total
- age   5:       7864 bytes,    1542328 total
- age   6:       1656 bytes,    1543984 total
: 656922K->2081K(737280K), 0.0068730 secs] 1651367K->996531K(1761280K), 0.0070690 secs] [Times: user=0.05 sys=0.00, real=0.01 secs] 
786.532: [GC786.532: [ParNew
Desired survivor size 41943040 bytes, new threshold 6 (max 6)
- age   1:     737104 bytes,     737104 total
- age   2:       1040 bytes,     738144 total
- age   3:       4040 bytes,     742184 total
- age   4:       7512 bytes,     749696 total
- age   5:       3824 bytes,     753520 total
- age   6:       7864 bytes,     761384 total
: 657441K->1584K(737280K), 0.0062110 secs] 1651891K->996035K(1761280K), 0.0063390 secs] [Times: user=0.04 sys=0.00, real=0.01 secs] 
786.779: [GC786.780: [ParNew
Desired survivor size 41943040 bytes, new threshold 6 (max 6)
- age   1:     341552 bytes,     341552 total
- age   2:       1304 bytes,     342856 total
- age   3:        944 bytes,     343800 total
- age   4:       3872 bytes,     347672 total
- age   5:       7416 bytes,     355088 total
- age   6:       3680 bytes,     358768 total
: 656944K->788K(737280K), 0.0066090 secs] 1651395K->995247K(1761280K), 0.0068260 secs] [Times: user=0.03 sys=0.00, real=0.01 secs] 
787.022: [GC787.022: [ParNew
Desired survivor size 41943040 bytes, new threshold 6 (max 6)
- age   1:    1168480 bytes,    1168480 total
- age   2:       8160 bytes,    1176640 total
- age   3:       1184 bytes,    1177824 total
- age   4:        824 bytes,    1178648 total
- age   5:       3848 bytes,    1182496 total
- age   6:       7368 bytes,    1189864 total
: 656148K->1301K(737280K), 0.0065080 secs] 1650607K->995763K(1761280K), 0.0066860 secs] [Times: user=0.05 sys=0.00, real=0.01 secs] 
787.259: [GC787.259: [ParNew
Desired survivor size 41943040 bytes, new threshold 6 (max 6)
- age   1:     928968 bytes,     928968 total
- age   2:       8216 bytes,     937184 total
- age   3:       7920 bytes,     945104 total
- age   4:       1160 bytes,     946264 total
- age   5:        800 bytes,     947064 total
- age   6:       3848 bytes,     950912 total
: 656661K->1297K(737280K), 0.0067230 secs] 1651123K->995768K(1761280K), 0.0068670 secs] [Times: user=0.03 sys=0.00, real=0.01 secs] 
787.510: [GC787.510: [ParNew
Desired survivor size 41943040 bytes, new threshold 6 (max 6)
- age   1:    1561552 bytes,    1561552 total
- age   2:       8600 bytes,    1570152 total
- age   3:       8216 bytes,    1578368 total
- age   4:       7920 bytes,    1586288 total
- age   5:       1136 bytes,    1587424 total
- age   6:        800 bytes,    1588224 total
: 656657K->1865K(737280K), 0.0070070 secs] 1651128K->996339K(1761280K), 0.0071910 secs] [Times: user=0.05 sys=0.00, real=0.01 secs] 
787.755: [GC787.755: [ParNew
Desired survivor size 41943040 bytes, new threshold 6 (max 6)
- age   1:    1713280 bytes,    1713280 total
- age   2:       1408 bytes,    1714688 total
- age   3:       8528 bytes,    1723216 total
- age   4:       8096 bytes,    1731312 total
- age   5:       7800 bytes,    1739112 total
- age   6:       1040 bytes,    1740152 total
: 657225K->2617K(737280K), 0.0067190 secs] 1651699K->997093K(1761280K), 0.0068560 secs] [Times: user=0.04 sys=0.00, real=0.01 secs] 
787.993: [GC787.993: [ParNew
Desired survivor size 41943040 bytes, new threshold 6 (max 6)
- age   1:    1430800 bytes,    1430800 total
- age   2:       1408 bytes,    1432208 total
- age   3:       1408 bytes,    1433616 total
- age   4:       8408 bytes,    1442024 total
- age   5:       8000 bytes,    1450024 total
- age   6:       7656 bytes,    1457680 total
: 657977K->2232K(737280K), 0.0068900 secs] 1652453K->996708K(1761280K), 0.0070310 secs] [Times: user=0.05 sys=0.00, real=0.01 secs] 
788.243: [GC788.243: [ParNew
Desired survivor size 41943040 bytes, new threshold 6 (max 6)
- age   1:    1155136 bytes,    1155136 total
- age   2:       7472 bytes,    1162608 total
- age   3:       1408 bytes,    1164016 total
- age   4:       1384 bytes,    1165400 total
- age   5:       8384 bytes,    1173784 total
- age   6:       8000 bytes,    1181784 total
: 657592K->1841K(737280K), 0.0102570 secs] 1652068K->996326K(1761280K), 0.0104210 secs] [Times: user=0.05 sys=0.00, real=0.01 secs] 
788.490: [GC788.490: [ParNew
Desired survivor size 41943040 bytes, new threshold 6 (max 6)
- age   1:     895896 bytes,     895896 total
- age   2:       1120 bytes,     897016 total
- age   3:       7184 bytes,     904200 total
- age   4:       1240 bytes,     905440 total
- age   5:       1216 bytes,     906656 total
- age   6:       8120 bytes,     914776 total
: 657201K->1542K(737280K), 0.0063610 secs] 1651686K->996034K(1761280K), 0.0065410 secs] [Times: user=0.05 sys=0.00, real=0.01 secs] 
788.721: [GC788.721: [ParNew
Desired survivor size 41943040 bytes, new threshold 6 (max 6)
- age   1:    1988152 bytes,    1988152 total
- age   2:        632 bytes,    1988784 total
- age   3:       1072 bytes,    1989856 total
- age   4:       7160 bytes,    1997016 total
- age   5:       1072 bytes,    1998088 total
- age   6:       1120 bytes,    1999208 total
: 656902K->2171K(737280K), 0.0069560 secs] 1651394K->996672K(1761280K), 0.0071500 secs] [Times: user=0.04 sys=0.00, real=0.01 secs] 
788.961: [GC788.962: [ParNew
Desired survivor size 41943040 bytes, new threshold 6 (max 6)
- age   1:    1345632 bytes,    1345632 total
- age   2:       1720 bytes,    1347352 total
- age   3:        584 bytes,    1347936 total
- age   4:        880 bytes,    1348816 total
- age   5:       7040 bytes,    1355856 total
- age   6:        928 bytes,    1356784 total
: 657531K->2437K(737280K), 0.0066970 secs] 1652032K->996939K(1761280K), 0.0068260 secs] [Times: user=0.05 sys=0.00, real=0.01 secs] 
789.197: [GC789.197: [ParNew
Desired survivor size 41943040 bytes, new threshold 6 (max 6)
- age   1:    1073416 bytes,    1073416 total
- age   2:        664 bytes,    1074080 total
- age   3:       1600 bytes,    1075680 total
- age   4:        584 bytes,    1076264 total
- age   5:        856 bytes,    1077120 total
- age   6:       7040 bytes,    1084160 total
: 657797K->1467K(737280K), 0.0064440 secs] 1652299K->995970K(1761280K), 0.0065810 secs] [Times: user=0.04 sys=0.00, real=0.00 secs] 
789.418: [GC789.418: [ParNew
Desired survivor size 41943040 bytes, new threshold 6 (max 6)
- age   1:    1227280 bytes,    1227280 total
- age   2:       2080 bytes,    1229360 total
- age   3:        640 bytes,    1230000 total
- age   4:       1576 bytes,    1231576 total
- age   5:        536 bytes,    1232112 total
- age   6:        808 bytes,    1232920 total
: 656827K->1784K(737280K), 0.0068580 secs] 1651330K->996294K(1761280K), 0.0070110 secs] [Times: user=0.05 sys=0.00, real=0.00 secs] 
789.654: [GC789.655: [ParNew
Desired survivor size 41943040 bytes, new threshold 6 (max 6)
- age   1:    1071840 bytes,    1071840 total
- age   2:       8344 bytes,    1080184 total
- age   3:       1552 bytes,    1081736 total
- age   4:        304 bytes,    1082040 total
- age   5:       1192 bytes,    1083232 total
- age   6:        392 bytes,    1083624 total
: 657144K->1737K(737280K), 0.0066470 secs] 1651654K->996248K(1761280K), 0.0067950 secs] [Times: user=0.04 sys=0.00, real=0.01 secs] 
789.946: [GC789.946: [ParNew
Desired survivor size 41943040 bytes, new threshold 6 (max 6)
- age   1:    2499504 bytes,    2499504 total
- age   2:       4752 bytes,    2504256 total
- age   3:       8344 bytes,    2512600 total
- age   4:       1552 bytes,    2514152 total
- age   5:        304 bytes,    2514456 total
- age   6:       1192 bytes,    2515648 total
: 657097K->3114K(737280K), 0.0069480 secs] 1651608K->997625K(1761280K), 0.0070930 secs] [Times: user=0.05 sys=0.00, real=0.00 secs] 
790.224: [GC790.225: [ParNew
Desired survivor size 41943040 bytes, new threshold 6 (max 6)
- age   1:    1075392 bytes,    1075392 total
- age   2:     135432 bytes,    1210824 total
- age   3:       4752 bytes,    1215576 total
- age   4:       8344 bytes,    1223920 total
- age   5:       1552 bytes,    1225472 total
- age   6:        304 bytes,    1225776 total
: 658474K->2377K(737280K), 0.0435760 secs] 1652985K->996890K(1761280K), 0.0439280 secs] [Times: user=0.09 sys=0.00, real=0.05 secs] 
790.572: [GC790.572: [ParNew
Desired survivor size 41943040 bytes, new threshold 6 (max 6)
- age   1:     163640 bytes,     163640 total
- age   2:       1168 bytes,     164808 total
- age   3:       1184 bytes,     165992 total
- age   4:       4728 bytes,     170720 total
- age   5:       8344 bytes,     179064 total
- age   6:       1528 bytes,     180592 total
: 657737K->977K(737280K), 0.0061140 secs] 1652250K->995490K(1761280K), 0.0062910 secs] [Times: user=0.04 sys=0.00, real=0.01 secs] 
790.819: [GC790.819: [ParNew
Desired survivor size 41943040 bytes, new threshold 6 (max 6)
- age   1:    1647160 bytes,    1647160 total
- age   2:       2768 bytes,    1649928 total
- age   3:       1168 bytes,    1651096 total
- age   4:       1184 bytes,    1652280 total
- age   5:       4728 bytes,    1657008 total
- age   6:       8344 bytes,    1665352 total
: 656337K->1775K(737280K), 0.0069470 secs] 1650850K->996291K(1761280K), 0.0071430 secs] [Times: user=0.05 sys=0.00, real=0.01 secs] 
791.081: [GC791.081: [ParNew
Desired survivor size 41943040 bytes, new threshold 6 (max 6)
- age   1:    1235544 bytes,    1235544 total
- age   2:       1760 bytes,    1237304 total
- age   3:       2672 bytes,    1239976 total
- age   4:       1096 bytes,    1241072 total
- age   5:        992 bytes,    1242064 total
- age   6:       4680 bytes,    1246744 total
: 657135K->1924K(737280K), 0.0064060 secs] 1651651K->996448K(1761280K), 0.0066000 secs] [Times: user=0.04 sys=0.01, real=0.01 secs] 
791.312: [CMS-concurrent-mark: 6.881/7.180 secs] [Times: user=51.97 sys=1.01, real=7.18 secs] 
791.312: [CMS-concurrent-preclean-start]
791.366: [CMS-concurrent-preclean: 0.051/0.053 secs] [Times: user=0.23 sys=0.00, real=0.06 secs] 
791.366: [CMS-concurrent-abortable-preclean-start]
791.396: [GC791.396: [ParNew
Desired survivor size 41943040 bytes, new threshold 6 (max 6)
- age   1:    2244352 bytes,    2244352 total
- age   2:       1088 bytes,    2245440 total
- age   3:       1760 bytes,    2247200 total
- age   4:       2648 bytes,    2249848 total
- age   5:       1096 bytes,    2250944 total
- age   6:        992 bytes,    2251936 total
: 657284K->2622K(737280K), 0.0082860 secs] 1651808K->997150K(1761280K), 0.0084800 secs] [Times: user=0.04 sys=0.01, real=0.01 secs] 
791.560: [CMS-concurrent-abortable-preclean: 0.183/0.194 secs] [Times: user=1.43 sys=0.04, real=0.19 secs] 
791.563: [GC[YG occupancy: 482265 K (737280 K)]791.563: [Rescan (parallel) , 0.1388100 secs]791.701: [weak refs processing, 0.0000290 secs]791.702: [scrub string table, 0.0010080 secs] [1 CMS-remark: 994528K(1024000K)] 1476794K(1761280K), 0.1399980 secs] [Times: user=0.98 sys=0.00, real=0.14 secs] 
791.703: [CMS-concurrent-sweep-start]
791.774: [GC791.774: [ParNew
Desired survivor size 41943040 bytes, new threshold 6 (max 6)
- age   1:     576736 bytes,     576736 total
- age   2:       7864 bytes,     584600 total
- age   3:        680 bytes,     585280 total
- age   4:       1472 bytes,     586752 total
- age   5:       2144 bytes,     588896 total
- age   6:        928 bytes,     589824 total
: 657982K->1957K(737280K), 0.0062760 secs] 1652509K->996486K(1761280K), 0.0063960 secs] [Times: user=0.04 sys=0.00, real=0.01 secs] 
792.030: [GC792.030: [ParNew
Desired survivor size 41943040 bytes, new threshold 6 (max 6)
- age   1:     581384 bytes,     581384 total
- age   2:       1048 bytes,     582432 total
- age   3:       7832 bytes,     590264 total
- age   4:        680 bytes,     590944 total
- age   5:       1472 bytes,     592416 total
- age   6:       2144 bytes,     594560 total
: 657317K->950K(737280K), 0.0064770 secs] 1651846K->995479K(1761280K), 0.0066360 secs] [Times: user=0.05 sys=0.00, real=0.01 secs] 
792.512: [GC792.512: [ParNew
Desired survivor size 41943040 bytes, new threshold 6 (max 6)
- age   1:    1245912 bytes,    1245912 total
- age   2:       1520 bytes,    1247432 total
- age   3:       1048 bytes,    1248480 total
- age   4:       7808 bytes,    1256288 total
- age   5:        680 bytes,    1256968 total
- age   6:       1472 bytes,    1258440 total
: 656310K->1633K(737280K), 0.0076640 secs] 1650839K->996165K(1761280K), 0.0078180 secs] [Times: user=0.04 sys=0.00, real=0.01 secs] 
792.834: [GC792.834: [ParNew
Desired survivor size 41943040 bytes, new threshold 6 (max 6)
- age   1:    1333944 bytes,    1333944 total
- age   2:     112360 bytes,    1446304 total
- age   3:       1488 bytes,    1447792 total
- age   4:       1024 bytes,    1448816 total
- age   5:       7808 bytes,    1456624 total
- age   6:        680 bytes,    1457304 total
: 656993K->1873K(737280K), 0.0067270 secs] 1651525K->996407K(1761280K), 0.0068880 secs] [Times: user=0.04 sys=0.00, real=0.01 secs] 
793.087: [GC793.087: [ParNew
Desired survivor size 41943040 bytes, new threshold 6 (max 6)
- age   1:    2661392 bytes,    2661392 total
- age   2:       2792 bytes,    2664184 total
- age   3:       1208 bytes,    2665392 total
- age   4:       1488 bytes,    2666880 total
- age   5:       1024 bytes,    2667904 total
- age   6:       7808 bytes,    2675712 total
: 657233K->3503K(737280K), 0.0077930 secs] 1651767K->998038K(1761280K), 0.0079580 secs] [Times: user=0.06 sys=0.00, real=0.00 secs] 
793.291: [CMS-concurrent-sweep: 1.496/1.588 secs] [Times: user=9.60 sys=0.19, real=1.59 secs] 
793.291: [CMS-concurrent-reset-start]
793.325: [GC793.325: [ParNew
Desired survivor size 41943040 bytes, new threshold 6 (max 6)
- age   1:    2569600 bytes,    2569600 total
- age   2:      62864 bytes,    2632464 total
- age   3:       2408 bytes,    2634872 total
- age   4:        800 bytes,    2635672 total
- age   5:       1056 bytes,    2636728 total
- age   6:        808 bytes,    2637536 total
: 658863K->4013K(737280K), 0.0090740 secs] 1653359K->998516K(1761280K), 0.0092450 secs] [Times: user=0.05 sys=0.00, real=0.01 secs] 
793.341: [CMS-concurrent-reset: 0.040/0.050 secs] [Times: user=0.34 sys=0.01, real=0.05 secs] 
793.551: [GC793.551: [ParNew
Desired survivor size 41943040 bytes, new threshold 6 (max 6)
- age   1:    2607168 bytes,    2607168 total
- age   2:      15512 bytes,    2622680 total
- age   3:      62568 bytes,    2685248 total
- age   4:       2312 bytes,    2687560 total
- age   5:        560 bytes,    2688120 total
- age   6:        888 bytes,    2689008 total
: 659373K->4070K(737280K), 0.0075090 secs] 1653876K->998574K(1761280K), 0.0076550 secs] [Times: user=0.05 sys=0.00, real=0.01 secs] 
793.560: [GC [1 CMS-initial-mark: 994503K(1024000K)] 1002264K(1761280K), 0.0074360 secs] [Times: user=0.01 sys=0.00, real=0.01 secs] 
793.567: [CMS-concurrent-mark-start]
794.035: [GC794.036: [ParNew
Desired survivor size 41943040 bytes, new threshold 6 (max 6)
- age   1:     653264 bytes,     653264 total
- age   2:     526256 bytes,    1179520 total
- age   3:      15392 bytes,    1194912 total
- age   4:      62464 bytes,    1257376 total
- age   5:       2216 bytes,    1259592 total
- age   6:        440 bytes,    1260032 total
: 659430K->2595K(737280K), 0.0062900 secs] 1653934K->997100K(1761280K), 0.0064740 secs] [Times: user=0.04 sys=0.00, real=0.01 secs] 
794.287: [GC794.287: [ParNew
Desired survivor size 41943040 bytes, new threshold 6 (max 6)
- age   1:     702992 bytes,     702992 total
- age   2:      42664 bytes,     745656 total
- age   3:     266200 bytes,    1011856 total
- age   4:      15248 bytes,    1027104 total
- age   5:      62248 bytes,    1089352 total
- age   6:       2000 bytes,    1091352 total
: 657955K->1804K(737280K), 0.0063770 secs] 1652460K->996309K(1761280K), 0.0065110 secs] [Times: user=0.04 sys=0.00, real=0.00 secs] 
794.524: [GC794.524: [ParNew
Desired survivor size 41943040 bytes, new threshold 6 (max 6)
- age   1:     791024 bytes,     791024 total
- age   2:      61744 bytes,     852768 total
- age   3:      42616 bytes,     895384 total
- age   4:     266200 bytes,    1161584 total
- age   5:      15248 bytes,    1176832 total
- age   6:      62248 bytes,    1239080 total
: 657164K->1624K(737280K), 0.0066470 secs] 1651669K->996132K(1761280K), 0.0068220 secs] [Times: user=0.03 sys=0.00, real=0.01 secs] 
794.766: [GC794.766: [ParNew
Desired survivor size 41943040 bytes, new threshold 6 (max 6)
- age   1:    1019520 bytes,    1019520 total
- age   2:      31456 bytes,    1050976 total
- age   3:      61456 bytes,    1112432 total
- age   4:      42448 bytes,    1154880 total
- age   5:     266056 bytes,    1420936 total
- age   6:      15248 bytes,    1436184 total
: 656984K->1730K(737280K), 0.0066670 secs] 1651492K->996299K(1761280K), 0.0068360 secs] [Times: user=0.03 sys=0.00, real=0.01 secs] 
795.027: [GC795.027: [ParNew
Desired survivor size 41943040 bytes, new threshold 6 (max 6)
- age   1:    2825984 bytes,    2825984 total
- age   2:       1032 bytes,    2827016 total
- age   3:      28168 bytes,    2855184 total
- age   4:      61144 bytes,    2916328 total
- age   5:      42136 bytes,    2958464 total
- age   6:     265792 bytes,    3224256 total
: 657090K->3789K(737280K), 0.0082250 secs] 1651659K->998373K(1761280K), 0.0083900 secs] [Times: user=0.05 sys=0.00, real=0.00 secs] 
795.267: [GC795.267: [ParNew
Desired survivor size 41943040 bytes, new threshold 6 (max 6)
- age   1:    2366024 bytes,    2366024 total
- age   2:      21072 bytes,    2387096 total
- age   3:        936 bytes,    2388032 total
- age   4:      24976 bytes,    2413008 total
- age   5:      61120 bytes,    2474128 total
- age   6:      38648 bytes,    2512776 total
: 659149K->3027K(737280K), 0.0077310 secs] 1653733K->997871K(1761280K), 0.0079030 secs] [Times: user=0.05 sys=0.00, real=0.00 secs] 
795.521: [GC795.521: [ParNew
Desired survivor size 41943040 bytes, new threshold 6 (max 6)
- age   1:    1818824 bytes,    1818824 total
- age   2:      13456 bytes,    1832280 total
- age   3:      20904 bytes,    1853184 total
- age   4:        912 bytes,    1854096 total
- age   5:      24952 bytes,    1879048 total
- age   6:      61120 bytes,    1940168 total
: 658387K->2827K(737280K), 0.0073370 secs] 1653231K->997709K(1761280K), 0.0074780 secs] [Times: user=0.04 sys=0.00, real=0.01 secs] 
795.764: [GC795.764: [ParNew
Desired survivor size 41943040 bytes, new threshold 6 (max 6)
- age   1:     554832 bytes,     554832 total
- age   2:      16704 bytes,     571536 total
- age   3:      13456 bytes,     584992 total
- age   4:      20904 bytes,     605896 total
- age   5:        888 bytes,     606784 total
- age   6:      24952 bytes,     631736 total
: 658187K->2049K(737280K), 0.0065740 secs] 1653069K->996991K(1761280K), 0.0067180 secs] [Times: user=0.04 sys=0.00, real=0.01 secs] 
796.063: [GC796.063: [ParNew
Desired survivor size 41943040 bytes, new threshold 6 (max 6)
- age   1:    1468344 bytes,    1468344 total
- age   2:       1176 bytes,    1469520 total
- age   3:      16704 bytes,    1486224 total
- age   4:      13456 bytes,    1499680 total
- age   5:      20904 bytes,    1520584 total
- age   6:        888 bytes,    1521472 total
: 657409K->1749K(737280K), 0.0068280 secs] 1652351K->996716K(1761280K), 0.0069690 secs] [Times: user=0.05 sys=0.00, real=0.01 secs] 
796.310: [GC796.310: [ParNew
Desired survivor size 41943040 bytes, new threshold 6 (max 6)
- age   1:     754344 bytes,     754344 total
- age   2:       4928 bytes,     759272 total
- age   3:       1176 bytes,     760448 total
- age   4:      16704 bytes,     777152 total
- age   5:      13456 bytes,     790608 total
- age   6:      20904 bytes,     811512 total
: 657109K->1601K(737280K), 0.0065990 secs] 1652076K->996569K(1761280K), 0.0067440 secs] [Times: user=0.04 sys=0.00, real=0.01 secs] 
796.554: [GC796.554: [ParNew
Desired survivor size 41943040 bytes, new threshold 6 (max 6)
- age   1:    2050824 bytes,    2050824 total
- age   2:      17704 bytes,    2068528 total
- age   3:       1312 bytes,    2069840 total
- age   4:        768 bytes,    2070608 total
- age   5:      16464 bytes,    2087072 total
- age   6:      13336 bytes,    2100408 total
: 656961K->2392K(737280K), 0.0074170 secs] 1651929K->997381K(1761280K), 0.0075580 secs] [Times: user=0.05 sys=0.00, real=0.01 secs] 
796.801: [GC796.801: [ParNew
Desired survivor size 41943040 bytes, new threshold 6 (max 6)
- age   1:     658000 bytes,     658000 total
- age   2:       5824 bytes,     663824 total
- age   3:      17704 bytes,     681528 total
- age   4:       1312 bytes,     682840 total
- age   5:        768 bytes,     683608 total
- age   6:      16464 bytes,     700072 total
: 657752K->1692K(737280K), 0.0060410 secs] 1652741K->996694K(1761280K), 0.0061890 secs] [Times: user=0.04 sys=0.00, real=0.01 secs] 
797.023: [GC797.023: [ParNew
Desired survivor size 41943040 bytes, new threshold 6 (max 6)
- age   1:    3909552 bytes,    3909552 total
- age   2:        744 bytes,    3910296 total
- age   3:       5416 bytes,    3915712 total
- age   4:      17656 bytes,    3933368 total
- age   5:       1168 bytes,    3934536 total
- age   6:        648 bytes,    3935184 total
: 657052K->4247K(737280K), 0.0099260 secs] 1652054K->999265K(1761280K), 0.0100940 secs] [Times: user=0.06 sys=0.00, real=0.01 secs] 
797.249: [GC797.249: [ParNew
Desired survivor size 41943040 bytes, new threshold 6 (max 6)
- age   1:    1012728 bytes,    1012728 total
- age   2:     337144 bytes,    1349872 total
- age   3:        640 bytes,    1350512 total
- age   4:       5272 bytes,    1355784 total
- age   5:      17656 bytes,    1373440 total
- age   6:       1168 bytes,    1374608 total
: 659607K->3052K(737280K), 0.0085330 secs] 1654625K->998071K(1761280K), 0.0087120 secs] [Times: user=0.05 sys=0.00, real=0.01 secs] 
797.495: [GC797.496: [ParNew
Desired survivor size 41943040 bytes, new threshold 6 (max 6)
- age   1:    1106560 bytes,    1106560 total
- age   2:       3928 bytes,    1110488 total
- age   3:       4592 bytes,    1115080 total
- age   4:        376 bytes,    1115456 total
- age   5:       4912 bytes,    1120368 total
- age   6:      17248 bytes,    1137616 total
: 658412K->1899K(737280K), 0.0067440 secs] 1653431K->996919K(1761280K), 0.0069160 secs] [Times: user=0.05 sys=0.00, real=0.01 secs] 
797.734: [GC797.734: [ParNew
Desired survivor size 41943040 bytes, new threshold 6 (max 6)
- age   1:    1182760 bytes,    1182760 total
- age   2:       8744 bytes,    1191504 total
- age   3:       3928 bytes,    1195432 total
- age   4:       4592 bytes,    1200024 total
- age   5:        344 bytes,    1200368 total
- age   6:       4888 bytes,    1205256 total
: 657259K->1649K(737280K), 0.0067140 secs] 1652279K->996686K(1761280K), 0.0068710 secs] [Times: user=0.04 sys=0.00, real=0.01 secs] 
797.978: [GC797.978: [ParNew
Desired survivor size 41943040 bytes, new threshold 6 (max 6)
- age   1:     520896 bytes,     520896 total
- age   2:       9016 bytes,     529912 total
- age   3:       8744 bytes,     538656 total
- age   4:       3928 bytes,     542584 total
- age   5:       4592 bytes,     547176 total
- age   6:        344 bytes,     547520 total
: 657009K->1066K(737280K), 0.0061220 secs] 1652046K->996108K(1761280K), 0.0062460 secs] [Times: user=0.04 sys=0.00, real=0.00 secs] 
798.201: [GC798.202: [ParNew
Desired survivor size 41943040 bytes, new threshold 6 (max 6)
- age   1:    2019384 bytes,    2019384 total
- age   2:        712 bytes,    2020096 total
- age   3:       8680 bytes,    2028776 total
- age   4:       8552 bytes,    2037328 total
- age   5:       3808 bytes,    2041136 total
- age   6:       4568 bytes,    2045704 total
: 656426K->2276K(737280K), 0.0071960 secs] 1651468K->997318K(1761280K), 0.0073500 secs] [Times: user=0.04 sys=0.00, real=0.01 secs] 
798.422: [GC798.423: [ParNew
Desired survivor size 41943040 bytes, new threshold 6 (max 6)
- age   1:    2143248 bytes,    2143248 total
- age   2:       4656 bytes,    2147904 total
- age   3:        616 bytes,    2148520 total
- age   4:       8512 bytes,    2157032 total
- age   5:       8480 bytes,    2165512 total
- age   6:       3736 bytes,    2169248 total
: 657636K->2826K(737280K), 0.0074760 secs] 1652678K->997873K(1761280K), 0.0076480 secs] [Times: user=0.04 sys=0.00, real=0.01 secs] 
798.657: [GC798.657: [ParNew
Desired survivor size 41943040 bytes, new threshold 6 (max 6)
- age   1:    1113448 bytes,    1113448 total
- age   2:        616 bytes,    1114064 total
- age   3:       4560 bytes,    1118624 total
- age   4:        616 bytes,    1119240 total
- age   5:       8488 bytes,    1127728 total
- age   6:       8456 bytes,    1136184 total
: 658186K->1992K(737280K), 0.0065800 secs] 1653233K->997043K(1761280K), 0.0067220 secs] [Times: user=0.04 sys=0.00, real=0.00 secs] 
798.911: [GC798.911: [ParNew
Desired survivor size 41943040 bytes, new threshold 6 (max 6)
- age   1:    1321272 bytes,    1321272 total
- age   2:       4208 bytes,    1325480 total
- age   3:        592 bytes,    1326072 total
- age   4:       4416 bytes,    1330488 total
- age   5:        520 bytes,    1331008 total
- age   6:       8344 bytes,    1339352 total
: 657352K->1828K(737280K), 0.0066310 secs] 1652403K->996887K(1761280K), 0.0067680 secs] [Times: user=0.05 sys=0.00, real=0.01 secs] 
799.138: [GC799.138: [ParNew
Desired survivor size 41943040 bytes, new threshold 6 (max 6)
- age   1:    1422312 bytes,    1422312 total
- age   2:       4600 bytes,    1426912 total
- age   3:       3992 bytes,    1430904 total
- age   4:        472 bytes,    1431376 total
- age   5:       4248 bytes,    1435624 total
- age   6:        448 bytes,    1436072 total
: 657188K->2116K(737280K), 0.0068330 secs] 1652247K->997184K(1761280K), 0.0070230 secs] [Times: user=0.04 sys=0.01, real=0.00 secs] 
799.362: [GC799.362: [ParNew
Desired survivor size 41943040 bytes, new threshold 6 (max 6)
- age   1:    1011752 bytes,    1011752 total
- age   2:       4400 bytes,    1016152 total
- age   3:       4408 bytes,    1020560 total
- age   4:       3896 bytes,    1024456 total
- age   5:        400 bytes,    1024856 total
- age   6:       4152 bytes,    1029008 total
: 657476K->1692K(737280K), 0.0065490 secs] 1652544K->996760K(1761280K), 0.0067000 secs] [Times: user=0.04 sys=0.00, real=0.01 secs] 
799.596: [GC799.596: [ParNew
Desired survivor size 41943040 bytes, new threshold 6 (max 6)
- age   1:    1578576 bytes,    1578576 total
- age   2:      10288 bytes,    1588864 total
- age   3:       4352 bytes,    1593216 total
- age   4:       4240 bytes,    1597456 total
- age   5:       3752 bytes,    1601208 total
- age   6:        280 bytes,    1601488 total
: 657052K->1878K(737280K), 0.0069100 secs] 1652120K->996950K(1761280K), 0.0070840 secs] [Times: user=0.05 sys=0.00, real=0.01 secs] 
799.828: [GC799.828: [ParNew
Desired survivor size 41943040 bytes, new threshold 6 (max 6)
- age   1:    1042712 bytes,    1042712 total
- age   2:      15624 bytes,    1058336 total
- age   3:      10288 bytes,    1068624 total
- age   4:       4352 bytes,    1072976 total
- age   5:       4240 bytes,    1077216 total
- age   6:       3752 bytes,    1080968 total
: 657238K->1689K(737280K), 0.0065110 secs] 1652310K->996762K(1761280K), 0.0066480 secs] [Times: user=0.03 sys=0.00, real=0.00 secs] 
800.081: [GC800.081: [ParNew
Desired survivor size 41943040 bytes, new threshold 6 (max 6)
- age   1:    1024608 bytes,    1024608 total
- age   2:       5648 bytes,    1030256 total
- age   3:      15456 bytes,    1045712 total
- age   4:      10216 bytes,    1055928 total
- age   5:       4352 bytes,    1060280 total
- age   6:       4240 bytes,    1064520 total
: 657049K->1553K(737280K), 0.0062850 secs] 1652122K->996630K(1761280K), 0.0064560 secs] [Times: user=0.05 sys=0.00, real=0.01 secs] 
800.317: [GC800.318: [ParNew
Desired survivor size 41943040 bytes, new threshold 6 (max 6)
- age   1:     865264 bytes,     865264 total
- age   2:      12512 bytes,     877776 total
- age   3:       5504 bytes,     883280 total
- age   4:      15336 bytes,     898616 total
- age   5:      10120 bytes,     908736 total
- age   6:       4328 bytes,     913064 total
: 656913K->1460K(737280K), 0.0064010 secs] 1651990K->996541K(1761280K), 0.0065630 secs] [Times: user=0.04 sys=0.00, real=0.01 secs] 
800.538: [GC800.538: [ParNew
Desired survivor size 41943040 bytes, new threshold 6 (max 6)
- age   1:    2055304 bytes,    2055304 total
- age   2:       1200 bytes,    2056504 total
- age   3:      12032 bytes,    2068536 total
- age   4:       5384 bytes,    2073920 total
- age   5:      15096 bytes,    2089016 total
- age   6:       9880 bytes,    2098896 total
: 656820K->2569K(737280K), 0.0072000 secs] 1651901K->997654K(1761280K), 0.0073490 secs] [Times: user=0.05 sys=0.01, real=0.00 secs] 
800.774: [GC800.774: [ParNew
Desired survivor size 41943040 bytes, new threshold 6 (max 6)
- age   1:    1298240 bytes,    1298240 total
- age   2:        688 bytes,    1298928 total
- age   3:       1152 bytes,    1300080 total
- age   4:      11792 bytes,    1311872 total
- age   5:       5288 bytes,    1317160 total
- age   6:      14976 bytes,    1332136 total
: 657929K->2213K(737280K), 0.0067050 secs] 1653014K->997308K(1761280K), 0.0068640 secs] [Times: user=0.04 sys=0.00, real=0.01 secs] 
801.022: [GC801.022: [ParNew
Desired survivor size 41943040 bytes, new threshold 6 (max 6)
- age   1:     932120 bytes,     932120 total
- age   2:       2352 bytes,     934472 total
- age   3:        592 bytes,     935064 total
- age   4:       1080 bytes,     936144 total
- age   5:      11768 bytes,     947912 total
- age   6:       5288 bytes,     953200 total
: 657573K->1512K(737280K), 0.0062620 secs] 1652668K->996622K(1761280K), 0.0064240 secs] [Times: user=0.04 sys=0.00, real=0.01 secs] 
801.249: [GC801.249: [ParNew
Desired survivor size 41943040 bytes, new threshold 6 (max 6)
- age   1:    2074008 bytes,    2074008 total
- age   2:       7584 bytes,    2081592 total
- age   3:       2232 bytes,    2083824 total
- age   4:        544 bytes,    2084368 total
- age   5:       1056 bytes,    2085424 total
- age   6:      11744 bytes,    2097168 total
: 656872K->2559K(737280K), 0.0082320 secs] 1651982K->997675K(1761280K), 0.0084220 secs] [Times: user=0.06 sys=0.00, real=0.01 secs] 
801.515: [GC801.515: [ParNew
Desired survivor size 41943040 bytes, new threshold 6 (max 6)
- age   1:     993128 bytes,     993128 total
- age   2:       4216 bytes,     997344 total
- age   3:       7464 bytes,    1004808 total
- age   4:       2184 bytes,    1006992 total
- age   5:        472 bytes,    1007464 total
- age   6:        864 bytes,    1008328 total
: 657919K->1768K(737280K), 0.0067730 secs] 1653035K->996895K(1761280K), 0.0069420 secs] [Times: user=0.05 sys=0.00, real=0.01 secs] 
801.657: [CMS-concurrent-mark: 7.791/8.089 secs] [Times: user=58.75 sys=1.09, real=8.08 secs] 
801.657: [CMS-concurrent-preclean-start]
801.671: [CMS-concurrent-preclean: 0.013/0.014 secs] [Times: user=0.11 sys=0.00, real=0.02 secs] 
801.671: [CMS-concurrent-abortable-preclean-start]
801.753: [GC801.753: [ParNew
Desired survivor size 41943040 bytes, new threshold 6 (max 6)
- age   1:    1061768 bytes,    1061768 total
- age   2:     143224 bytes,    1204992 total
- age   3:       3976 bytes,    1208968 total
- age   4:       7128 bytes,    1216096 total
- age   5:       2112 bytes,    1218208 total
- age   6:        424 bytes,    1218632 total
: 657128K->1521K(737280K), 0.0068960 secs] 1652255K->996649K(1761280K), 0.0070450 secs] [Times: user=0.05 sys=0.00, real=0.01 secs] 
801.883: [CMS-concurrent-abortable-preclean: 0.202/0.211 secs] [Times: user=1.57 sys=0.03, real=0.21 secs] 
801.895: [GC[YG occupancy: 368442 K (737280 K)]801.895: [Rescan (parallel) , 0.0984130 secs]801.994: [weak refs processing, 0.0000710 secs]801.994: [scrub string table, 0.0010130 secs] [1 CMS-remark: 995127K(1024000K)] 1363570K(1761280K), 0.0996770 secs] [Times: user=0.76 sys=0.00, real=0.10 secs] 
801.995: [CMS-concurrent-sweep-start]
802.112: [GC802.112: [ParNew
Desired survivor size 41943040 bytes, new threshold 6 (max 6)
- age   1:    1518296 bytes,    1518296 total
- age   2:      35384 bytes,    1553680 total
- age   3:     143224 bytes,    1696904 total
- age   4:       3976 bytes,    1700880 total
- age   5:       7128 bytes,    1708008 total
- age   6:       2112 bytes,    1710120 total
: 656881K->2191K(737280K), 0.0072480 secs] 1652008K->997318K(1761280K), 0.0074010 secs] [Times: user=0.04 sys=0.01, real=0.01 secs] 
802.364: [GC802.364: [ParNew
Desired survivor size 41943040 bytes, new threshold 6 (max 6)
- age   1:    2295552 bytes,    2295552 total
- age   2:      37808 bytes,    2333360 total
- age   3:      34952 bytes,    2368312 total
- age   4:     142984 bytes,    2511296 total
- age   5:       3928 bytes,    2515224 total
- age   6:       6984 bytes,    2522208 total
: 657551K->3243K(737280K), 0.0074400 secs] 1652678K->998373K(1761280K), 0.0076090 secs] [Times: user=0.05 sys=0.00, real=0.01 secs] 
802.603: [GC802.604: [ParNew
Desired survivor size 41943040 bytes, new threshold 6 (max 6)
- age   1:    3378120 bytes,    3378120 total
- age   2:      41896 bytes,    3420016 total
- age   3:      36496 bytes,    3456512 total
- age   4:      34688 bytes,    3491200 total
- age   5:     142912 bytes,    3634112 total
- age   6:       3880 bytes,    3637992 total
: 658603K->5015K(737280K), 0.0084230 secs] 1653733K->1000152K(1761280K), 0.0091080 secs] [Times: user=0.06 sys=0.00, real=0.01 secs] 
802.850: [GC802.850: [ParNew
Desired survivor size 41943040 bytes, new threshold 6 (max 6)
- age   1:    1930616 bytes,    1930616 total
- age   2:     488904 bytes,    2419520 total
- age   3:      41664 bytes,    2461184 total
- age   4:      36424 bytes,    2497608 total
- age   5:      34544 bytes,    2532152 total
- age   6:     142768 bytes,    2674920 total
: 660375K->3624K(737280K), 0.0076840 secs] 1655512K->998765K(1761280K), 0.0078790 secs] [Times: user=0.05 sys=0.00, real=0.01 secs] 
803.104: [GC803.104: [ParNew
Desired survivor size 41943040 bytes, new threshold 6 (max 6)
- age   1:    2466056 bytes,    2466056 total
- age   2:       8904 bytes,    2474960 total
- age   3:      69368 bytes,    2544328 total
- age   4:      41664 bytes,    2585992 total
- age   5:      36424 bytes,    2622416 total
- age   6:      34544 bytes,    2656960 total
: 658984K->3456K(737280K), 0.0078450 secs] 1654125K->998737K(1761280K), 0.0080370 secs] [Times: user=0.06 sys=0.00, real=0.01 secs] 
803.177: [CMS-concurrent-sweep: 1.133/1.182 secs] [Times: user=8.84 sys=0.17, real=1.18 secs] 
803.177: [CMS-concurrent-reset-start]
803.207: [CMS-concurrent-reset: 0.030/0.030 secs] [Times: user=0.23 sys=0.01, real=0.03 secs] 
803.345: [GC803.345: [ParNew
Desired survivor size 41943040 bytes, new threshold 6 (max 6)
- age   1:    1846600 bytes,    1846600 total
- age   2:       9552 bytes,    1856152 total
- age   3:       8688 bytes,    1864840 total
- age   4:      46256 bytes,    1911096 total
- age   5:      41664 bytes,    1952760 total
- age   6:      32976 bytes,    1985736 total
: 658816K->2966K(737280K), 0.0074090 secs] 1654030K->998215K(1761280K), 0.0075560 secs] [Times: user=0.05 sys=0.00, real=0.01 secs] 
803.354: [GC [1 CMS-initial-mark: 995248K(1024000K)] 1000257K(1761280K), 0.0067690 secs] [Times: user=0.01 sys=0.00, real=0.01 secs] 
803.361: [CMS-concurrent-mark-start]
803.605: [GC803.605: [ParNew
Desired survivor size 41943040 bytes, new threshold 6 (max 6)
- age   1:    1488200 bytes,    1488200 total
- age   2:     106928 bytes,    1595128 total
- age   3:       9552 bytes,    1604680 total
- age   4:       8688 bytes,    1613368 total
- age   5:      46232 bytes,    1659600 total
- age   6:      41664 bytes,    1701264 total
: 658326K->2642K(737280K), 0.0070320 secs] 1653575K->997923K(1761280K), 0.0072190 secs] [Times: user=0.04 sys=0.00, real=0.01 secs] 
803.846: [GC803.846: [ParNew
Desired survivor size 41943040 bytes, new threshold 6 (max 6)
- age   1:     524688 bytes,     524688 total
- age   2:     121984 bytes,     646672 total
- age   3:     106736 bytes,     753408 total
- age   4:       9408 bytes,     762816 total
- age   5:       8568 bytes,     771384 total
- age   6:      46160 bytes,     817544 total
: 658002K->1774K(737280K), 0.0063120 secs] 1653283K->997096K(1761280K), 0.0064570 secs] [Times: user=0.04 sys=0.00, real=0.01 secs] 
804.084: [GC804.084: [ParNew
Desired survivor size 41943040 bytes, new threshold 6 (max 6)
- age   1:    1535704 bytes,    1535704 total
- age   2:      23096 bytes,    1558800 total
- age   3:      11432 bytes,    1570232 total
- age   4:       8776 bytes,    1579008 total
- age   5:       9360 bytes,    1588368 total
- age   6:       8352 bytes,    1596720 total
: 657134K->2043K(737280K), 0.0070120 secs] 1652456K->997410K(1761280K), 0.0071430 secs] [Times: user=0.05 sys=0.00, real=0.01 secs] 
804.337: [GC804.337: [ParNew
Desired survivor size 41943040 bytes, new threshold 6 (max 6)
- age   1:    1530256 bytes,    1530256 total
- age   2:       1112 bytes,    1531368 total
- age   3:      19856 bytes,    1551224 total
- age   4:      11360 bytes,    1562584 total
- age   5:       8560 bytes,    1571144 total
- age   6:       9216 bytes,    1580360 total
: 657403K->2202K(737280K), 0.0067390 secs] 1652770K->997578K(1761280K), 0.0069100 secs] [Times: user=0.04 sys=0.00, real=0.01 secs] 
804.588: [GC804.588: [ParNew
Desired survivor size 41943040 bytes, new threshold 6 (max 6)
- age   1:    2535256 bytes,    2535256 total
- age   2:      28200 bytes,    2563456 total
- age   3:       1112 bytes,    2564568 total
- age   4:      19856 bytes,    2584424 total
- age   5:      11336 bytes,    2595760 total
- age   6:       8560 bytes,    2604320 total
: 657562K->2992K(737280K), 0.0074960 secs] 1652938K->998378K(1761280K), 0.0076940 secs] [Times: user=0.05 sys=0.00, real=0.00 secs] 
804.821: [GC804.821: [ParNew
Desired survivor size 41943040 bytes, new threshold 6 (max 6)
- age   1:     727696 bytes,     727696 total
- age   2:      12776 bytes,     740472 total
- age   3:      27960 bytes,     768432 total
- age   4:       1112 bytes,     769544 total
- age   5:      19832 bytes,     789376 total
- age   6:      11336 bytes,     800712 total
: 658352K->2281K(737280K), 0.0060760 secs] 1653738K->997675K(1761280K), 0.0061890 secs] [Times: user=0.04 sys=0.00, real=0.00 secs] 
805.064: [GC805.064: [ParNew
Desired survivor size 41943040 bytes, new threshold 6 (max 6)
- age   1:    1904144 bytes,    1904144 total
- age   2:        928 bytes,    1905072 total
- age   3:      12632 bytes,    1917704 total
- age   4:      27768 bytes,    1945472 total
- age   5:       1016 bytes,    1946488 total
- age   6:      19712 bytes,    1966200 total
: 657641K->2297K(737280K), 0.0071120 secs] 1653035K->997703K(1761280K), 0.0073040 secs] [Times: user=0.04 sys=0.00, real=0.01 secs] 
805.304: [GC805.304: [ParNew
Desired survivor size 41943040 bytes, new threshold 6 (max 6)
- age   1:    1582728 bytes,    1582728 total
- age   2:       4336 bytes,    1587064 total
- age   3:        928 bytes,    1587992 total
- age   4:      12632 bytes,    1600624 total
- age   5:      27768 bytes,    1628392 total
- age   6:       1016 bytes,    1629408 total
: 657657K->2447K(737280K), 0.0076020 secs] 1653063K->997872K(1761280K), 0.0077690 secs] [Times: user=0.05 sys=0.00, real=0.01 secs] 
805.551: [GC805.551: [ParNew
Desired survivor size 41943040 bytes, new threshold 6 (max 6)
- age   1:    1615480 bytes,    1615480 total
- age   2:       1304 bytes,    1616784 total
- age   3:       2336 bytes,    1619120 total
- age   4:        880 bytes,    1620000 total
- age   5:      12488 bytes,    1632488 total
- age   6:      27648 bytes,    1660136 total
: 657807K->2802K(737280K), 0.0068390 secs] 1653232K->998228K(1761280K), 0.0070340 secs] [Times: user=0.05 sys=0.00, real=0.00 secs] 
805.782: [GC805.782: [ParNew
Desired survivor size 41943040 bytes, new threshold 6 (max 6)
- age   1:     583424 bytes,     583424 total
- age   2:       1360 bytes,     584784 total
- age   3:       1304 bytes,     586088 total
- age   4:       2336 bytes,     588424 total
- age   5:        856 bytes,     589280 total
- age   6:       9440 bytes,     598720 total
: 658162K->1008K(737280K), 0.0063010 secs] 1653588K->996461K(1761280K), 0.0064260 secs] [Times: user=0.05 sys=0.00, real=0.00 secs] 
806.050: [GC806.050: [ParNew
Desired survivor size 41943040 bytes, new threshold 6 (max 6)
- age   1:    1628968 bytes,    1628968 total
- age   2:      29360 bytes,    1658328 total
- age   3:       1288 bytes,    1659616 total
- age   4:       1208 bytes,    1660824 total
- age   5:       2240 bytes,    1663064 total
- age   6:        784 bytes,    1663848 total
: 656368K->1826K(737280K), 0.0069120 secs] 1651821K->997288K(1761280K), 0.0070360 secs] [Times: user=0.04 sys=0.00, real=0.00 secs] 
806.312: [GC806.312: [ParNew
Desired survivor size 41943040 bytes, new threshold 6 (max 6)
- age   1:     906440 bytes,     906440 total
- age   2:       2424 bytes,     908864 total
- age   3:      29360 bytes,     938224 total
- age   4:       1288 bytes,     939512 total
- age   5:       1176 bytes,     940688 total
- age   6:       2240 bytes,     942928 total
: 657186K->1336K(737280K), 0.0063880 secs] 1652648K->996799K(1761280K), 0.0065850 secs] [Times: user=0.05 sys=0.00, real=0.01 secs] 
806.556: [GC806.556: [ParNew
Desired survivor size 41943040 bytes, new threshold 6 (max 6)
- age   1:     810144 bytes,     810144 total
- age   2:       1400 bytes,     811544 total
- age   3:       2280 bytes,     813824 total
- age   4:      29216 bytes,     843040 total
- age   5:        952 bytes,     843992 total
- age   6:       1080 bytes,     845072 total
: 656696K->1409K(737280K), 0.0064550 secs] 1652159K->996874K(1761280K), 0.0066370 secs] [Times: user=0.03 sys=0.00, real=0.01 secs] 
806.790: [GC806.790: [ParNew
Desired survivor size 41943040 bytes, new threshold 6 (max 6)
- age   1:     829144 bytes,     829144 total
- age   2:       1576 bytes,     830720 total
- age   3:       1400 bytes,     832120 total
- age   4:       2280 bytes,     834400 total
- age   5:      29192 bytes,     863592 total
- age   6:        952 bytes,     864544 total
: 656769K->1131K(737280K), 0.0063690 secs] 1652234K->996598K(1761280K), 0.0064920 secs] [Times: user=0.04 sys=0.00, real=0.00 secs] 
807.039: [GC807.039: [ParNew
Desired survivor size 41943040 bytes, new threshold 6 (max 6)
- age   1:     926400 bytes,     926400 total
- age   2:      11608 bytes,     938008 total
- age   3:       1336 bytes,     939344 total
- age   4:       1088 bytes,     940432 total
- age   5:       1872 bytes,     942304 total
- age   6:      29072 bytes,     971376 total
: 656491K->1452K(737280K), 0.0060240 secs] 1651958K->996920K(1761280K), 0.0061440 secs] [Times: user=0.05 sys=0.00, real=0.00 secs] 
807.280: [GC807.281: [ParNew
Desired survivor size 41943040 bytes, new threshold 6 (max 6)
- age   1:    3130832 bytes,    3130832 total
- age   2:       4944 bytes,    3135776 total
- age   3:      11440 bytes,    3147216 total
- age   4:       1288 bytes,    3148504 total
- age   5:       1088 bytes,    3149592 total
- age   6:       1776 bytes,    3151368 total
: 656812K->3394K(737280K), 0.0081640 secs] 1652280K->998890K(1761280K), 0.0083190 secs] [Times: user=0.05 sys=0.01, real=0.01 secs] 
807.508: [GC807.509: [ParNew
Desired survivor size 41943040 bytes, new threshold 6 (max 6)
- age   1:    1617744 bytes,    1617744 total
- age   2:       4160 bytes,    1621904 total
- age   3:       4800 bytes,    1626704 total
- age   4:      11208 bytes,    1637912 total
- age   5:       1096 bytes,    1639008 total
- age   6:        776 bytes,    1639784 total
: 658754K->2534K(737280K), 0.0071500 secs] 1654250K->998033K(1761280K), 0.0073100 secs] [Times: user=0.05 sys=0.00, real=0.00 secs] 
807.743: [GC807.743: [ParNew
Desired survivor size 41943040 bytes, new threshold 6 (max 6)
- age   1:    3630656 bytes,    3630656 total
- age   2:       4744 bytes,    3635400 total
- age   3:       3992 bytes,    3639392 total
- age   4:       4608 bytes,    3644000 total
- age   5:      11040 bytes,    3655040 total
- age   6:        928 bytes,    3655968 total
: 657894K->4357K(737280K), 0.0082160 secs] 1653393K->999856K(1761280K), 0.0083750 secs] [Times: user=0.06 sys=0.00, real=0.01 secs] 
807.982: [GC807.982: [ParNew
Desired survivor size 41943040 bytes, new threshold 6 (max 6)
- age   1:    3638152 bytes,    3638152 total
- age   2:    2345808 bytes,    5983960 total
- age   3:       4744 bytes,    5988704 total
- age   4:       3992 bytes,    5992696 total
- age   5:       4608 bytes,    5997304 total
- age   6:      11040 bytes,    6008344 total
: 659717K->7056K(737280K), 0.0101630 secs] 1655216K->1002557K(1761280K), 0.0103450 secs] [Times: user=0.07 sys=0.00, real=0.01 secs] 
808.210: [GC808.211: [ParNew
Desired survivor size 41943040 bytes, new threshold 6 (max 6)
- age   1:    2017616 bytes,    2017616 total
- age   2:     305536 bytes,    2323152 total
- age   3:    2345840 bytes,    4668992 total
- age   4:       4744 bytes,    4673736 total
- age   5:       3992 bytes,    4677728 total
- age   6:       4608 bytes,    4682336 total
: 662416K->7129K(737280K), 0.0090370 secs] 1657917K->1002641K(1761280K), 0.0092050 secs] [Times: user=0.06 sys=0.01, real=0.01 secs] 
808.448: [GC808.448: [ParNew
Desired survivor size 41943040 bytes, new threshold 6 (max 6)
- age   1:     581552 bytes,     581552 total
- age   2:     467872 bytes,    1049424 total
- age   3:     305536 bytes,    1354960 total
- age   4:    2345808 bytes,    3700768 total
- age   5:       4712 bytes,    3705480 total
- age   6:       3992 bytes,    3709472 total
: 662489K->4725K(737280K), 0.0078690 secs] 1658001K->1000242K(1761280K), 0.0080230 secs] [Times: user=0.05 sys=0.00, real=0.01 secs] 
808.673: [GC808.673: [ParNew
Desired survivor size 41943040 bytes, new threshold 6 (max 6)
- age   1:    1386776 bytes,    1386776 total
- age   2:     317352 bytes,    1704128 total
- age   3:     467528 bytes,    2171656 total
- age   4:     305416 bytes,    2477072 total
- age   5:    2345688 bytes,    4822760 total
- age   6:       4600 bytes,    4827360 total
: 660085K->7309K(737280K), 0.0086060 secs] 1655602K->1002830K(1761280K), 0.0088580 secs] [Times: user=0.06 sys=0.00, real=0.01 secs] 
808.909: [GC808.909: [ParNew
Desired survivor size 41943040 bytes, new threshold 6 (max 6)
- age   1:    1942048 bytes,    1942048 total
- age   2:     343024 bytes,    2285072 total
- age   3:     317352 bytes,    2602424 total
- age   4:     467528 bytes,    3069952 total
- age   5:     305384 bytes,    3375336 total
- age   6:    2345664 bytes,    5721000 total
: 662669K->9020K(737280K), 0.0096690 secs] 1658190K->1004546K(1761280K), 0.0098190 secs] [Times: user=0.06 sys=0.00, real=0.01 secs] 
809.134: [GC809.134: [ParNew
Desired survivor size 41943040 bytes, new threshold 6 (max 6)
- age   1:    1770600 bytes,    1770600 total
- age   2:     427568 bytes,    2198168 total
- age   3:     343024 bytes,    2541192 total
- age   4:     317352 bytes,    2858544 total
- age   5:     467528 bytes,    3326072 total
- age   6:     305384 bytes,    3631456 total
: 664380K->5982K(737280K), 0.0741870 secs] 1659906K->1003799K(1761280K), 0.0743350 secs] [Times: user=0.21 sys=0.04, real=0.07 secs] 
809.443: [GC809.443: [ParNew
Desired survivor size 41943040 bytes, new threshold 6 (max 6)
- age   1:    1802432 bytes,    1802432 total
- age   2:     543808 bytes,    2346240 total
- age   3:     427328 bytes,    2773568 total
- age   4:     342808 bytes,    3116376 total
- age   5:     317304 bytes,    3433680 total
- age   6:     467456 bytes,    3901136 total
: 661342K->5318K(737280K), 0.0144210 secs] 1659159K->1003433K(1761280K), 0.0145930 secs] [Times: user=0.06 sys=0.01, real=0.01 secs] 
809.700: [GC809.700: [ParNew
Desired survivor size 41943040 bytes, new threshold 6 (max 6)
- age   1:    1061656 bytes,    1061656 total
- age   2:     541472 bytes,    1603128 total
- age   3:     543808 bytes,    2146936 total
- age   4:     427304 bytes,    2574240 total
- age   5:     342784 bytes,    2917024 total
- age   6:     317304 bytes,    3234328 total
: 660678K->5283K(737280K), 0.0156280 secs] 1658793K->1003855K(1761280K), 0.0157740 secs] [Times: user=0.07 sys=0.00, real=0.01 secs] 
809.965: [GC809.965: [ParNew
Desired survivor size 41943040 bytes, new threshold 6 (max 6)
- age   1:    1187984 bytes,    1187984 total
- age   2:     930376 bytes,    2118360 total
- age   3:     541232 bytes,    2659592 total
- age   4:     543808 bytes,    3203400 total
- age   5:     427160 bytes,    3630560 total
- age   6:     342544 bytes,    3973104 total
: 660643K->4904K(737280K), 0.0147990 secs] 1659215K->1003786K(1761280K), 0.0149480 secs] [Times: user=0.07 sys=0.00, real=0.02 secs] 
810.206: [GC810.207: [ParNew
Desired survivor size 41943040 bytes, new threshold 6 (max 6)
- age   1:    1415544 bytes,    1415544 total
- age   2:     523944 bytes,    1939488 total
- age   3:     930328 bytes,    2869816 total
- age   4:     540944 bytes,    3410760 total
- age   5:     543736 bytes,    3954496 total
- age   6:     427016 bytes,    4381512 total
: 660264K->5995K(737280K), 0.0134410 secs] 1659146K->1005212K(1761280K), 0.0136200 secs] [Times: user=0.07 sys=0.01, real=0.02 secs] 
810.505: [GC810.505: [ParNew
Desired survivor size 41943040 bytes, new threshold 6 (max 6)
- age   1:     420312 bytes,     420312 total
- age   2:     160384 bytes,     580696 total
- age   3:     523848 bytes,    1104544 total
- age   4:     930232 bytes,    2034776 total
- age   5:     540872 bytes,    2575648 total
- age   6:     543664 bytes,    3119312 total
: 661355K->5590K(737280K), 0.0143550 secs] 1660572K->1005223K(1761280K), 0.0144950 secs] [Times: user=0.07 sys=0.01, real=0.02 secs] 
810.679: [CMS-concurrent-mark: 6.942/7.318 secs] [Times: user=54.15 sys=1.02, real=7.32 secs] 
810.679: [CMS-concurrent-preclean-start]
810.707: [CMS-concurrent-preclean: 0.027/0.028 secs] [Times: user=0.22 sys=0.01, real=0.02 secs] 
810.707: [CMS-concurrent-abortable-preclean-start]
810.739: [GC810.739: [ParNew
Desired survivor size 41943040 bytes, new threshold 6 (max 6)
- age   1:    1363128 bytes,    1363128 total
- age   2:       1064 bytes,    1364192 total
- age   3:     160312 bytes,    1524504 total
- age   4:     523776 bytes,    2048280 total
- age   5:     930160 bytes,    2978440 total
- age   6:     540872 bytes,    3519312 total
: 660950K->4587K(737280K), 0.0151630 secs] 1660583K->1004751K(1761280K), 0.0153100 secs] [Times: user=0.06 sys=0.01, real=0.01 secs] 
810.890: [CMS-concurrent-abortable-preclean: 0.165/0.183 secs] [Times: user=1.26 sys=0.04, real=0.19 secs] 
810.902: [GC[YG occupancy: 387660 K (737280 K)]810.902: [Rescan (parallel) , 0.1401800 secs]811.042: [weak refs processing, 0.0000300 secs]811.042: [scrub string table, 0.0010050 secs] [1 CMS-remark: 1000164K(1024000K)] 1387825K(1761280K), 0.1413630 secs] [Times: user=1.06 sys=0.00, real=0.14 secs] 
811.045: [CMS-concurrent-sweep-start]
811.149: [GC811.149: [ParNew
Desired survivor size 41943040 bytes, new threshold 6 (max 6)
- age   1:    2740544 bytes,    2740544 total
- age   2:       4448 bytes,    2744992 total
- age   3:        816 bytes,    2745808 total
- age   4:     160216 bytes,    2906024 total
- age   5:     523584 bytes,    3429608 total
- age   6:     930088 bytes,    4359696 total
: 659947K->5845K(737280K), 0.0154970 secs] 1660110K->1006536K(1761280K), 0.0156460 secs] [Times: user=0.07 sys=0.01, real=0.01 secs] 
811.413: [GC811.413: [ParNew
Desired survivor size 41943040 bytes, new threshold 6 (max 6)
- age   1:     738512 bytes,     738512 total
- age   2:       5112 bytes,     743624 total
- age   3:       4448 bytes,     748072 total
- age   4:        816 bytes,     748888 total
- age   5:     160216 bytes,     909104 total
- age   6:     523584 bytes,    1432688 total
: 661205K->4469K(737280K), 0.0235840 secs] 1661896K->1006068K(1761280K), 0.0237500 secs] [Times: user=0.07 sys=0.01, real=0.02 secs] 
811.683: [GC811.683: [ParNew
Desired survivor size 41943040 bytes, new threshold 6 (max 6)
- age   1:     791872 bytes,     791872 total
- age   2:        992 bytes,     792864 total
- age   3:       4656 bytes,     797520 total
- age   4:       4232 bytes,     801752 total
- age   5:        480 bytes,     802232 total
- age   6:     160024 bytes,     962256 total
: 659829K->1678K(737280K), 0.0147230 secs] 1661427K->1003788K(1761280K), 0.0149060 secs] [Times: user=0.06 sys=0.01, real=0.01 secs] 
811.956: [GC811.956: [ParNew
Desired survivor size 41943040 bytes, new threshold 6 (max 6)
- age   1:    1578696 bytes,    1578696 total
- age   2:       4752 bytes,    1583448 total
- age   3:        992 bytes,    1584440 total
- age   4:       4656 bytes,    1589096 total
- age   5:       4208 bytes,    1593304 total
- age   6:        480 bytes,    1593784 total
: 657038K->1978K(737280K), 0.0091920 secs] 1659148K->1004244K(1761280K), 0.0093550 secs] [Times: user=0.06 sys=0.00, real=0.01 secs] 
812.167: [CMS-concurrent-sweep: 1.049/1.122 secs] [Times: user=8.18 sys=0.19, real=1.12 secs] 
812.168: [CMS-concurrent-reset-start]
812.201: [CMS-concurrent-reset: 0.033/0.033 secs] [Times: user=0.26 sys=0.00, real=0.04 secs] 
812.204: [GC812.204: [ParNew
Desired survivor size 41943040 bytes, new threshold 6 (max 6)
- age   1:     720576 bytes,     720576 total
- age   2:      13880 bytes,     734456 total
- age   3:       4488 bytes,     738944 total
- age   4:        872 bytes,     739816 total
- age   5:       4560 bytes,     744376 total
- age   6:       4208 bytes,     748584 total
: 657338K->1506K(737280K), 0.0062170 secs] 1659479K->1003648K(1761280K), 0.0063460 secs] [Times: user=0.04 sys=0.01, real=0.01 secs] 
812.213: [GC [1 CMS-initial-mark: 1002141K(1024000K)] 1007929K(1761280K), 0.0061010 secs] [Times: user=0.00 sys=0.00, real=0.01 secs] 
812.220: [CMS-concurrent-mark-start]
812.455: [GC812.455: [ParNew
Desired survivor size 41943040 bytes, new threshold 6 (max 6)
- age   1:    1093672 bytes,    1093672 total
- age   2:       7128 bytes,    1100800 total
- age   3:      13688 bytes,    1114488 total
- age   4:       4368 bytes,    1118856 total
- age   5:        824 bytes,    1119680 total
- age   6:       4368 bytes,    1124048 total
: 656866K->1446K(737280K), 0.0065880 secs] 1659008K->1003592K(1761280K), 0.0067690 secs] [Times: user=0.04 sys=0.00, real=0.01 secs] 
812.698: [GC812.698: [ParNew
Desired survivor size 41943040 bytes, new threshold 6 (max 6)
- age   1:     691512 bytes,     691512 total
- age   2:       3880 bytes,     695392 total
- age   3:       6984 bytes,     702376 total
- age   4:      13688 bytes,     716064 total
- age   5:       4344 bytes,     720408 total
- age   6:        824 bytes,     721232 total
: 656806K->1219K(737280K), 0.0067860 secs] 1658952K->1003370K(1761280K), 0.0069720 secs] [Times: user=0.03 sys=0.01, real=0.01 secs] 
812.944: [GC812.944: [ParNew
Desired survivor size 41943040 bytes, new threshold 6 (max 6)
- age   1:     341784 bytes,     341784 total
- age   2:       1112 bytes,     342896 total
- age   3:       3760 bytes,     346656 total
- age   4:       6912 bytes,     353568 total
- age   5:      13544 bytes,     367112 total
- age   6:       4120 bytes,     371232 total
: 656579K->571K(737280K), 0.0063380 secs] 1658730K->1002723K(1761280K), 0.0065050 secs] [Times: user=0.04 sys=0.00, real=0.01 secs] 
813.202: [GC813.202: [ParNew
Desired survivor size 41943040 bytes, new threshold 6 (max 6)
- age   1:    1402816 bytes,    1402816 total
- age   2:       1360 bytes,    1404176 total
- age   3:        848 bytes,    1405024 total
- age   4:       3616 bytes,    1408640 total
- age   5:       6744 bytes,    1415384 total
- age   6:      13280 bytes,    1428664 total
: 655931K->1595K(737280K), 0.0068270 secs] 1658083K->1003751K(1761280K), 0.0070080 secs] [Times: user=0.04 sys=0.00, real=0.01 secs] 
813.446: [GC813.446: [ParNew
Desired survivor size 41943040 bytes, new threshold 6 (max 6)
- age   1:    1654336 bytes,    1654336 total
- age   2:       5320 bytes,    1659656 total
- age   3:       1296 bytes,    1660952 total
- age   4:        848 bytes,    1661800 total
- age   5:       3616 bytes,    1665416 total
- age   6:       6744 bytes,    1672160 total
: 656955K->2148K(737280K), 0.0072040 secs] 1659111K->1004318K(1761280K), 0.0073450 secs] [Times: user=0.04 sys=0.00, real=0.01 secs] 
813.692: [GC813.692: [ParNew
Desired survivor size 41943040 bytes, new threshold 6 (max 6)
- age   1:    1472880 bytes,    1472880 total
- age   2:       3824 bytes,    1476704 total
- age   3:       5248 bytes,    1481952 total
- age   4:       1032 bytes,    1482984 total
- age   5:        752 bytes,    1483736 total
- age   6:       3616 bytes,    1487352 total
: 657508K->2266K(737280K), 0.0068370 secs] 1659678K->1004443K(1761280K), 0.0069850 secs] [Times: user=0.05 sys=0.00, real=0.00 secs] 
813.947: [GC813.947: [ParNew
Desired survivor size 41943040 bytes, new threshold 6 (max 6)
- age   1:     947456 bytes,     947456 total
- age   2:       1072 bytes,     948528 total
- age   3:       3744 bytes,     952272 total
- age   4:       5200 bytes,     957472 total
- age   5:        888 bytes,     958360 total
- age   6:        704 bytes,     959064 total
: 657626K->1650K(737280K), 0.0067200 secs] 1659803K->1003830K(1761280K), 0.0068800 secs] [Times: user=0.04 sys=0.00, real=0.01 secs] 
814.196: [GC814.196: [ParNew
Desired survivor size 41943040 bytes, new threshold 6 (max 6)
- age   1:    1987016 bytes,    1987016 total
- age   2:      12288 bytes,    1999304 total
- age   3:        976 bytes,    2000280 total
- age   4:       3672 bytes,    2003952 total
- age   5:       5176 bytes,    2009128 total
- age   6:        888 bytes,    2010016 total
: 657010K->2423K(737280K), 0.0072600 secs] 1659190K->1004604K(1761280K), 0.0074090 secs] [Times: user=0.05 sys=0.00, real=0.01 secs] 
814.451: [GC814.451: [ParNew
Desired survivor size 41943040 bytes, new threshold 6 (max 6)
- age   1:     326240 bytes,     326240 total
- age   2:       1272 bytes,     327512 total
- age   3:      12000 bytes,     339512 total
- age   4:        688 bytes,     340200 total
- age   5:       3624 bytes,     343824 total
- age   6:       5152 bytes,     348976 total
: 657783K->1651K(737280K), 0.0060360 secs] 1659964K->1003833K(1761280K), 0.0062460 secs] [Times: user=0.04 sys=0.00, real=0.00 secs] 
814.696: [GC814.696: [ParNew
Desired survivor size 41943040 bytes, new threshold 6 (max 6)
- age   1:     460440 bytes,     460440 total
- age   2:       7280 bytes,     467720 total
- age   3:        984 bytes,     468704 total
- age   4:      11568 bytes,     480272 total
- age   5:        568 bytes,     480840 total
- age   6:       3456 bytes,     484296 total
: 657011K->809K(737280K), 0.0066070 secs] 1659193K->1002996K(1761280K), 0.0067990 secs] [Times: user=0.05 sys=0.00, real=0.01 secs] 
814.943: [GC814.943: [ParNew
Desired survivor size 41943040 bytes, new threshold 6 (max 6)
- age   1:     792824 bytes,     792824 total
- age   2:       1712 bytes,     794536 total
- age   3:       7016 bytes,     801552 total
- age   4:        792 bytes,     802344 total
- age   5:      11400 bytes,     813744 total
- age   6:        472 bytes,     814216 total
: 656169K->981K(737280K), 0.0064600 secs] 1658356K->1003171K(1761280K), 0.0066730 secs] [Times: user=0.04 sys=0.00, real=0.01 secs] 
815.172: [GC815.172: [ParNew
Desired survivor size 41943040 bytes, new threshold 6 (max 6)
- age   1:     158424 bytes,     158424 total
- age   2:       1304 bytes,     159728 total
- age   3:       1712 bytes,     161440 total
- age   4:       7016 bytes,     168456 total
- age   5:        792 bytes,     169248 total
- age   6:      11400 bytes,     180648 total
: 656341K->671K(737280K), 0.0058810 secs] 1658531K->1002863K(1761280K), 0.0060040 secs] [Times: user=0.04 sys=0.00, real=0.00 secs] 
815.399: [GC815.399: [ParNew
Desired survivor size 41943040 bytes, new threshold 6 (max 6)
- age   1:    2978640 bytes,    2978640 total
- age   2:        912 bytes,    2979552 total
- age   3:       1184 bytes,    2980736 total
- age   4:       1544 bytes,    2982280 total
- age   5:       6992 bytes,    2989272 total
- age   6:        792 bytes,    2990064 total
: 656031K->3048K(737280K), 0.0077820 secs] 1658223K->1005251K(1761280K), 0.0079290 secs] [Times: user=0.06 sys=0.00, real=0.01 secs] 
815.643: [GC815.643: [ParNew
Desired survivor size 41943040 bytes, new threshold 6 (max 6)
- age   1:     836040 bytes,     836040 total
- age   2:    1291304 bytes,    2127344 total
- age   3:        624 bytes,    2127968 total
- age   4:       1016 bytes,    2128984 total
- age   5:       1424 bytes,    2130408 total
- age   6:       6920 bytes,    2137328 total
: 658408K->3084K(737280K), 0.0072500 secs] 1660611K->1005287K(1761280K), 0.0074170 secs] [Times: user=0.05 sys=0.01, real=0.01 secs] 
815.864: [GC815.864: [ParNew
Desired survivor size 41943040 bytes, new threshold 6 (max 6)
- age   1:     808592 bytes,     808592 total
- age   2:     633336 bytes,    1441928 total
- age   3:    1291208 bytes,    2733136 total
- age   4:        552 bytes,    2733688 total
- age   5:        992 bytes,    2734680 total
- age   6:       1400 bytes,    2736080 total
: 658444K->3720K(737280K), 0.0073280 secs] 1660647K->1005931K(1761280K), 0.0074960 secs] [Times: user=0.05 sys=0.01, real=0.01 secs] 
816.119: [GC816.119: [ParNew
Desired survivor size 41943040 bytes, new threshold 6 (max 6)
- age   1:    1529144 bytes,    1529144 total
- age   2:     407472 bytes,    1936616 total
- age   3:     633168 bytes,    2569784 total
- age   4:    1291136 bytes,    3860920 total
- age   5:        528 bytes,    3861448 total
- age   6:        992 bytes,    3862440 total
: 659080K->4754K(737280K), 0.0082200 secs] 1661291K->1006966K(1761280K), 0.0083880 secs] [Times: user=0.06 sys=0.00, real=0.01 secs] 
816.357: [GC816.357: [ParNew
Desired survivor size 41943040 bytes, new threshold 6 (max 6)
- age   1:     479880 bytes,     479880 total
- age   2:       8256 bytes,     488136 total
- age   3:       3960 bytes,     492096 total
- age   4:       1624 bytes,     493720 total
- age   5:       3880 bytes,     497600 total
- age   6:        336 bytes,     497936 total
: 660114K->3462K(737280K), 0.0062780 secs] 1662326K->1005676K(1761280K), 0.0064920 secs] [Times: user=0.04 sys=0.01, real=0.01 secs] 
816.603: [GC816.603: [ParNew
Desired survivor size 41943040 bytes, new threshold 6 (max 6)
- age   1:     965680 bytes,     965680 total
- age   2:       1112 bytes,     966792 total
- age   3:       8136 bytes,     974928 total
- age   4:       3912 bytes,     978840 total
- age   5:       1600 bytes,     980440 total
- age   6:       3880 bytes,     984320 total
: 658822K->1435K(737280K), 0.0063650 secs] 1661036K->1003649K(1761280K), 0.0065320 secs] [Times: user=0.04 sys=0.01, real=0.01 secs] 
816.849: [GC816.849: [ParNew
Desired survivor size 41943040 bytes, new threshold 6 (max 6)
- age   1:     628904 bytes,     628904 total
- age   2:       1904 bytes,     630808 total
- age   3:       1112 bytes,     631920 total
- age   4:       8136 bytes,     640056 total
- age   5:       3888 bytes,     643944 total
- age   6:       1600 bytes,     645544 total
: 656795K->1320K(737280K), 0.0066270 secs] 1659009K->1003538K(1761280K), 0.0067840 secs] [Times: user=0.04 sys=0.00, real=0.01 secs] 
817.101: [GC817.101: [ParNew
Desired survivor size 41943040 bytes, new threshold 6 (max 6)
- age   1:     943096 bytes,     943096 total
- age   2:       5552 bytes,     948648 total
- age   3:       1520 bytes,     950168 total
- age   4:        656 bytes,     950824 total
- age   5:       8016 bytes,     958840 total
- age   6:       3672 bytes,     962512 total
: 656680K->1191K(737280K), 0.0066910 secs] 1658898K->1003410K(1761280K), 0.0068670 secs] [Times: user=0.04 sys=0.00, real=0.00 secs] 
817.348: [GC817.348: [ParNew
Desired survivor size 41943040 bytes, new threshold 6 (max 6)
- age   1:    1656664 bytes,    1656664 total
- age   2:       4440 bytes,    1661104 total
- age   3:       5336 bytes,    1666440 total
- age   4:       1400 bytes,    1667840 total
- age   5:        464 bytes,    1668304 total
- age   6:       7824 bytes,    1676128 total
: 656551K->2060K(737280K), 0.0065580 secs] 1658770K->1004283K(1761280K), 0.0067300 secs] [Times: user=0.05 sys=0.00, real=0.01 secs] 
817.600: [GC817.600: [ParNew
Desired survivor size 41943040 bytes, new threshold 6 (max 6)
- age   1:     898824 bytes,     898824 total
- age   2:      16056 bytes,     914880 total
- age   3:       4248 bytes,     919128 total
- age   4:       5000 bytes,     924128 total
- age   5:       1160 bytes,     925288 total
- age   6:        368 bytes,     925656 total
: 657420K->1612K(737280K), 0.0068460 secs] 1659643K->1003843K(1761280K), 0.0069820 secs] [Times: user=0.05 sys=0.00, real=0.00 secs] 
817.848: [GC817.848: [ParNew
Desired survivor size 41943040 bytes, new threshold 6 (max 6)
- age   1:    2769432 bytes,    2769432 total
- age   2:     333640 bytes,    3103072 total
- age   3:      15912 bytes,    3118984 total
- age   4:       4248 bytes,    3123232 total
- age   5:       4976 bytes,    3128208 total
- age   6:       1160 bytes,    3129368 total
: 656972K->3399K(737280K), 0.0076040 secs] 1659203K->1005630K(1761280K), 0.0077510 secs] [Times: user=0.04 sys=0.01, real=0.01 secs] 
818.115: [GC818.115: [ParNew
Desired survivor size 41943040 bytes, new threshold 6 (max 6)
- age   1:    1895344 bytes,    1895344 total
- age   2:      41552 bytes,    1936896 total
- age   3:      93600 bytes,    2030496 total
- age   4:      15784 bytes,    2046280 total
- age   5:       4200 bytes,    2050480 total
- age   6:       4976 bytes,    2055456 total
: 658759K->2774K(737280K), 0.0071250 secs] 1660990K->1005007K(1761280K), 0.0072620 secs] [Times: user=0.04 sys=0.00, real=0.01 secs] 
818.369: [GC818.369: [ParNew
Desired survivor size 41943040 bytes, new threshold 6 (max 6)
- age   1:    1489096 bytes,    1489096 total
- age   2:      70536 bytes,    1559632 total
- age   3:      38408 bytes,    1598040 total
- age   4:      93456 bytes,    1691496 total
- age   5:      15640 bytes,    1707136 total
- age   6:       4080 bytes,    1711216 total
: 658134K->2652K(737280K), 0.0087440 secs] 1660367K->1004890K(1761280K), 0.0089590 secs] [Times: user=0.06 sys=0.00, real=0.00 secs] 
818.603: [GC818.603: [ParNew
Desired survivor size 41943040 bytes, new threshold 6 (max 6)
- age   1:    2584864 bytes,    2584864 total
- age   2:      17312 bytes,    2602176 total
- age   3:      28096 bytes,    2630272 total
- age   4:      38408 bytes,    2668680 total
- age   5:      93432 bytes,    2762112 total
- age   6:      15640 bytes,    2777752 total
: 658012K->3567K(737280K), 0.0081370 secs] 1660250K->1005809K(1761280K), 0.0082940 secs] [Times: user=0.05 sys=0.00, real=0.01 secs] 
818.743: [CMS-concurrent-mark: 6.272/6.523 secs] [Times: user=48.95 sys=0.92, real=6.52 secs] 
818.743: [CMS-concurrent-preclean-start]
818.757: [CMS-concurrent-preclean: 0.013/0.014 secs] [Times: user=0.11 sys=0.01, real=0.01 secs] 
818.757: [CMS-concurrent-abortable-preclean-start]
818.836: [GC818.836: [ParNew
Desired survivor size 41943040 bytes, new threshold 6 (max 6)
- age   1:    1620456 bytes,    1620456 total
- age   2:       4424 bytes,    1624880 total
- age   3:      16976 bytes,    1641856 total
- age   4:      27880 bytes,    1669736 total
- age   5:      38264 bytes,    1708000 total
- age   6:      90280 bytes,    1798280 total
: 658927K->2790K(737280K), 0.0070050 secs] 1661169K->1005047K(1761280K), 0.0071680 secs] [Times: user=0.04 sys=0.00, real=0.01 secs] 
818.972: [CMS-concurrent-abortable-preclean: 0.205/0.215 secs] [Times: user=1.57 sys=0.02, real=0.22 secs] 
818.973: [GC[YG occupancy: 343559 K (737280 K)]818.973: [Rescan (parallel) , 0.0664100 secs]819.040: [weak refs processing, 0.0000380 secs]819.040: [scrub string table, 0.0010150 secs] [1 CMS-remark: 1002257K(1024000K)] 1345816K(1761280K), 0.0675970 secs] [Times: user=0.52 sys=0.01, real=0.07 secs] 
819.041: [CMS-concurrent-sweep-start]
819.172: [GC819.172: [ParNew
Desired survivor size 41943040 bytes, new threshold 6 (max 6)
- age   1:    1433552 bytes,    1433552 total
- age   2:      10984 bytes,    1444536 total
- age   3:       4280 bytes,    1448816 total
- age   4:      16880 bytes,    1465696 total
- age   5:      24776 bytes,    1490472 total
- age   6:      38264 bytes,    1528736 total
: 658150K->2421K(737280K), 0.0071590 secs] 1660400K->1004759K(1761280K), 0.0073090 secs] [Times: user=0.04 sys=0.00, real=0.00 secs] 
819.426: [GC819.427: [ParNew
Desired survivor size 41943040 bytes, new threshold 6 (max 6)
- age   1:     867512 bytes,     867512 total
- age   2:      23832 bytes,     891344 total
- age   3:      10864 bytes,     902208 total
- age   4:       4280 bytes,     906488 total
- age   5:      16880 bytes,     923368 total
- age   6:      24776 bytes,     948144 total
: 657781K->1604K(737280K), 0.0063080 secs] 1660116K->1003976K(1761280K), 0.0064370 secs] [Times: user=0.05 sys=0.00, real=0.01 secs] 
819.681: [GC819.681: [ParNew
Desired survivor size 41943040 bytes, new threshold 6 (max 6)
- age   1:    1160584 bytes,    1160584 total
- age   2:       5368 bytes,    1165952 total
- age   3:      23544 bytes,    1189496 total
- age   4:      10696 bytes,    1200192 total
- age   5:       3944 bytes,    1204136 total
- age   6:      16760 bytes,    1220896 total
: 656964K->1683K(737280K), 0.0066690 secs] 1659335K->1004079K(1761280K), 0.0068740 secs] [Times: user=0.04 sys=0.00, real=0.00 secs] 
819.930: [GC819.930: [ParNew
Desired survivor size 41943040 bytes, new threshold 6 (max 6)
- age   1:     596344 bytes,     596344 total
- age   2:      24424 bytes,     620768 total
- age   3:       5368 bytes,     626136 total
- age   4:      23376 bytes,     649512 total
- age   5:      10576 bytes,     660088 total
- age   6:       3920 bytes,     664008 total
: 657043K->1216K(737280K), 0.0066600 secs] 1659439K->1003629K(1761280K), 0.0068340 secs] [Times: user=0.04 sys=0.00, real=0.01 secs] 
820.182: [GC820.182: [ParNew
Desired survivor size 41943040 bytes, new threshold 6 (max 6)
- age   1:    1256040 bytes,    1256040 total
- age   2:       4744 bytes,    1260784 total
- age   3:      24136 bytes,    1284920 total
- age   4:       5176 bytes,    1290096 total
- age   5:      23040 bytes,    1313136 total
- age   6:      10552 bytes,    1323688 total
: 656576K->1604K(737280K), 0.0066850 secs] 1658989K->1004021K(1761280K), 0.0068920 secs] [Times: user=0.05 sys=0.00, real=0.00 secs] 
820.391: [CMS-concurrent-sweep: 1.306/1.349 secs] [Times: user=10.05 sys=0.20, real=1.35 secs] 
820.391: [CMS-concurrent-reset-start]
820.421: [GC820.421: [ParNew
Desired survivor size 41943040 bytes, new threshold 6 (max 6)
- age   1:    1705384 bytes,    1705384 total
- age   2:       8440 bytes,    1713824 total
- age   3:       4744 bytes,    1718568 total
- age   4:      24136 bytes,    1742704 total
- age   5:       5176 bytes,    1747880 total
- age   6:      23040 bytes,    1770920 total
: 656964K->2333K(737280K), 0.0076160 secs] 1652536K->997915K(1761280K), 0.0077670 secs] [Times: user=0.05 sys=0.00, real=0.00 secs] 
820.482: [CMS-concurrent-reset: 0.082/0.091 secs] [Times: user=0.68 sys=0.01, real=0.09 secs] 
820.642: [GC820.642: [ParNew
Desired survivor size 41943040 bytes, new threshold 6 (max 6)
- age   1:    1739464 bytes,    1739464 total
- age   2:        872 bytes,    1740336 total
- age   3:       8344 bytes,    1748680 total
- age   4:       4648 bytes,    1753328 total
- age   5:      23800 bytes,    1777128 total
- age   6:       5128 bytes,    1782256 total
: 657693K->2750K(737280K), 0.0068350 secs] 1653275K->998355K(1761280K), 0.0069870 secs] [Times: user=0.05 sys=0.00, real=0.00 secs] 
820.650: [GC [1 CMS-initial-mark: 995604K(1024000K)] 998905K(1761280K), 0.0054910 secs] [Times: user=0.01 sys=0.00, real=0.01 secs] 
820.656: [CMS-concurrent-mark-start]
820.898: [GC820.898: [ParNew
Desired survivor size 41943040 bytes, new threshold 6 (max 6)
- age   1:     259440 bytes,     259440 total
- age   2:       1976 bytes,     261416 total
- age   3:        872 bytes,     262288 total
- age   4:       8344 bytes,     270632 total
- age   5:       4624 bytes,     275256 total
- age   6:      23800 bytes,     299056 total
: 658110K->1698K(737280K), 0.0061440 secs] 1653715K->997308K(1761280K), 0.0063020 secs] [Times: user=0.04 sys=0.00, real=0.01 secs] 
821.131: [GC821.131: [ParNew
Desired survivor size 41943040 bytes, new threshold 6 (max 6)
- age   1:    1195528 bytes,    1195528 total
- age   2:       4784 bytes,    1200312 total
- age   3:       1944 bytes,    1202256 total
- age   4:        872 bytes,    1203128 total
- age   5:       8344 bytes,    1211472 total
- age   6:       4624 bytes,    1216096 total
: 657058K->1445K(737280K), 0.0066190 secs] 1652668K->997079K(1761280K), 0.0067450 secs] [Times: user=0.04 sys=0.00, real=0.00 secs] 
821.364: [GC821.364: [ParNew
Desired survivor size 41943040 bytes, new threshold 6 (max 6)
- age   1:    2135816 bytes,    2135816 total
- age   2:       9288 bytes,    2145104 total
- age   3:       4736 bytes,    2149840 total
- age   4:       1848 bytes,    2151688 total
- age   5:        752 bytes,    2152440 total
- age   6:       8272 bytes,    2160712 total
: 656805K->2636K(737280K), 0.0072900 secs] 1652439K->998274K(1761280K), 0.0074530 secs] [Times: user=0.04 sys=0.00, real=0.01 secs] 
821.600: [GC821.600: [ParNew
Desired survivor size 41943040 bytes, new threshold 6 (max 6)
- age   1:    2071872 bytes,    2071872 total
- age   2:       5112 bytes,    2076984 total
- age   3:       9168 bytes,    2086152 total
- age   4:       4664 bytes,    2090816 total
- age   5:       1560 bytes,    2092376 total
- age   6:        632 bytes,    2093008 total
: 657996K->2979K(737280K), 0.0069740 secs] 1653634K->998625K(1761280K), 0.0071760 secs] [Times: user=0.05 sys=0.01, real=0.00 secs] 
821.830: [GC821.830: [ParNew
Desired survivor size 41943040 bytes, new threshold 6 (max 6)
- age   1:    3706888 bytes,    3706888 total
- age   2:       1216 bytes,    3708104 total
- age   3:       5112 bytes,    3713216 total
- age   4:       9168 bytes,    3722384 total
- age   5:       4640 bytes,    3727024 total
- age   6:       1560 bytes,    3728584 total
: 658339K->4231K(737280K), 0.0084490 secs] 1653985K->999878K(1761280K), 0.0086520 secs] [Times: user=0.06 sys=0.00, real=0.01 secs] 
822.072: [GC822.072: [ParNew
Desired survivor size 41943040 bytes, new threshold 6 (max 6)
- age   1:    1271192 bytes,    1271192 total
- age   2:        248 bytes,    1271440 total
- age   3:        920 bytes,    1272360 total
- age   4:       5112 bytes,    1277472 total
- age   5:       9168 bytes,    1286640 total
- age   6:       4640 bytes,    1291280 total
: 659591K->3228K(737280K), 0.0068380 secs] 1655238K->998877K(1761280K), 0.0069810 secs] [Times: user=0.04 sys=0.00, real=0.00 secs] 
822.306: [GC822.306: [ParNew
Desired survivor size 41943040 bytes, new threshold 6 (max 6)
- age   1:    2211144 bytes,    2211144 total
- age   2:       3896 bytes,    2215040 total
- age   3:        248 bytes,    2215288 total
- age   4:        920 bytes,    2216208 total
- age   5:       5112 bytes,    2221320 total
- age   6:       9168 bytes,    2230488 total
: 658588K->2806K(737280K), 0.0073250 secs] 1654237K->998459K(1761280K), 0.0075090 secs] [Times: user=0.04 sys=0.00, real=0.01 secs] 
822.550: [GC822.551: [ParNew
Desired survivor size 41943040 bytes, new threshold 6 (max 6)
- age   1:    1664344 bytes,    1664344 total
- age   2:      12512 bytes,    1676856 total
- age   3:       3896 bytes,    1680752 total
- age   4:        248 bytes,    1681000 total
- age   5:        920 bytes,    1681920 total
- age   6:       5112 bytes,    1687032 total
: 658166K->2392K(737280K), 0.0067660 secs] 1653819K->998055K(1761280K), 0.0069040 secs] [Times: user=0.04 sys=0.00, real=0.00 secs] 
822.808: [GC822.808: [ParNew
Desired survivor size 41943040 bytes, new threshold 6 (max 6)
- age   1:    2025984 bytes,    2025984 total
- age   2:        848 bytes,    2026832 total
- age   3:      12392 bytes,    2039224 total
- age   4:       3776 bytes,    2043000 total
- age   5:        224 bytes,    2043224 total
- age   6:        896 bytes,    2044120 total
: 657752K->2999K(737280K), 0.0072570 secs] 1653415K->998667K(1761280K), 0.0073930 secs] [Times: user=0.05 sys=0.01, real=0.01 secs] 
823.089: [GC823.089: [ParNew
Desired survivor size 41943040 bytes, new threshold 6 (max 6)
- age   1:     687336 bytes,     687336 total
- age   2:        816 bytes,     688152 total
- age   3:        728 bytes,     688880 total
- age   4:      12248 bytes,     701128 total
- age   5:       3584 bytes,     704712 total
- age   6:        152 bytes,     704864 total
: 658359K->1925K(737280K), 0.0062770 secs] 1654027K->997594K(1761280K), 0.0064190 secs] [Times: user=0.03 sys=0.00, real=0.01 secs] 
823.328: [GC823.328: [ParNew
Desired survivor size 41943040 bytes, new threshold 6 (max 6)
- age   1:    1426872 bytes,    1426872 total
- age   2:       4088 bytes,    1430960 total
- age   3:        720 bytes,    1431680 total
- age   4:        536 bytes,    1432216 total
- age   5:      12152 bytes,    1444368 total
- age   6:       3440 bytes,    1447808 total
: 657285K->1715K(737280K), 0.0067410 secs] 1652954K->997384K(1761280K), 0.0069100 secs] [Times: user=0.05 sys=0.00, real=0.01 secs] 
823.570: [GC823.570: [ParNew
Desired survivor size 41943040 bytes, new threshold 6 (max 6)
- age   1:    2236776 bytes,    2236776 total
- age   2:    1295416 bytes,    3532192 total
- age   3:       3768 bytes,    3535960 total
- age   4:        600 bytes,    3536560 total
- age   5:        392 bytes,    3536952 total
- age   6:      12056 bytes,    3549008 total
: 657075K->3977K(737280K), 0.0080600 secs] 1652744K->999650K(1761280K), 0.0082200 secs] [Times: user=0.06 sys=0.00, real=0.01 secs] 
823.822: [GC823.822: [ParNew
Desired survivor size 41943040 bytes, new threshold 6 (max 6)
- age   1:    1607248 bytes,    1607248 total
- age   2:       1040 bytes,    1608288 total
- age   3:        944 bytes,    1609232 total
- age   4:       3768 bytes,    1613000 total
- age   5:        552 bytes,    1613552 total
- age   6:        392 bytes,    1613944 total
: 659337K->3631K(737280K), 0.0073450 secs] 1655010K->999315K(1761280K), 0.0075010 secs] [Times: user=0.04 sys=0.00, real=0.00 secs] 
824.063: [GC824.063: [ParNew
Desired survivor size 41943040 bytes, new threshold 6 (max 6)
- age   1:    1780408 bytes,    1780408 total
- age   2:       1224 bytes,    1781632 total
- age   3:       1040 bytes,    1782672 total
- age   4:        848 bytes,    1783520 total
- age   5:       3720 bytes,    1787240 total
- age   6:        552 bytes,    1787792 total
: 658991K->2305K(737280K), 0.0068330 secs] 1654675K->997990K(1761280K), 0.0070190 secs] [Times: user=0.04 sys=0.00, real=0.00 secs] 
824.307: [GC824.307: [ParNew
Desired survivor size 41943040 bytes, new threshold 6 (max 6)
- age   1:     477776 bytes,     477776 total
- age   2:       5736 bytes,     483512 total
- age   3:       1176 bytes,     484688 total
- age   4:       1016 bytes,     485704 total
- age   5:        776 bytes,     486480 total
- age   6:       3624 bytes,     490104 total
: 657665K->1638K(737280K), 0.0063550 secs] 1653350K->997324K(1761280K), 0.0064880 secs] [Times: user=0.04 sys=0.01, real=0.01 secs] 
824.550: [GC824.554: [ParNew
Desired survivor size 41943040 bytes, new threshold 6 (max 6)
- age   1:    1553288 bytes,    1553288 total
- age   2:      14640 bytes,    1567928 total
- age   3:       5712 bytes,    1573640 total
- age   4:       1104 bytes,    1574744 total
- age   5:        896 bytes,    1575640 total
- age   6:        704 bytes,    1576344 total
: 656998K->1852K(737280K), 0.0072280 secs] 1652684K->997541K(1761280K), 0.0107550 secs] [Times: user=0.06 sys=0.00, real=0.01 secs] 
824.801: [GC824.801: [ParNew
Desired survivor size 41943040 bytes, new threshold 6 (max 6)
- age   1:     678544 bytes,     678544 total
- age   2:       7936 bytes,     686480 total
- age   3:      14640 bytes,     701120 total
- age   4:       5712 bytes,     706832 total
- age   5:       1056 bytes,     707888 total
- age   6:        896 bytes,     708784 total
: 657212K->1286K(737280K), 0.0063380 secs] 1652901K->996976K(1761280K), 0.0064890 secs] [Times: user=0.04 sys=0.00, real=0.00 secs] 
825.049: [GC825.049: [ParNew
Desired survivor size 41943040 bytes, new threshold 6 (max 6)
- age   1:    1665936 bytes,    1665936 total
- age   2:       5192 bytes,    1671128 total
- age   3:       7816 bytes,    1678944 total
- age   4:      14568 bytes,    1693512 total
- age   5:       5544 bytes,    1699056 total
- age   6:        936 bytes,    1699992 total
: 656646K->1961K(737280K), 0.0069460 secs] 1652336K->997652K(1761280K), 0.0071340 secs] [Times: user=0.05 sys=0.00, real=0.01 secs] 
825.265: [GC825.266: [ParNew
Desired survivor size 41943040 bytes, new threshold 6 (max 6)
- age   1:    1785440 bytes,    1785440 total
- age   2:       4352 bytes,    1789792 total
- age   3:       5144 bytes,    1794936 total
- age   4:       7792 bytes,    1802728 total
- age   5:      14496 bytes,    1817224 total
- age   6:       5400 bytes,    1822624 total
: 657321K->2607K(737280K), 0.0070120 secs] 1653012K->998298K(1761280K), 0.0071540 secs] [Times: user=0.05 sys=0.01, real=0.01 secs] 
825.517: [GC825.517: [ParNew
Desired survivor size 41943040 bytes, new threshold 6 (max 6)
- age   1:    1564624 bytes,    1564624 total
- age   2:        816 bytes,    1565440 total
- age   3:       4208 bytes,    1569648 total
- age   4:       5024 bytes,    1574672 total
- age   5:       7720 bytes,    1582392 total
- age   6:      14472 bytes,    1596864 total
: 657967K->2313K(737280K), 0.0077500 secs] 1653658K->998010K(1761280K), 0.0078880 secs] [Times: user=0.06 sys=0.00, real=0.01 secs] 
825.772: [GC825.772: [ParNew
Desired survivor size 41943040 bytes, new threshold 6 (max 6)
- age   1:     606552 bytes,     606552 total
- age   2:       1072 bytes,     607624 total
- age   3:        696 bytes,     608320 total
- age   4:       4136 bytes,     612456 total
- age   5:       4856 bytes,     617312 total
- age   6:       7648 bytes,     624960 total
: 657673K->1590K(737280K), 0.0062830 secs] 1653370K->997302K(1761280K), 0.0064540 secs] [Times: user=0.04 sys=0.00, real=0.00 secs] 
826.037: [GC826.037: [ParNew
Desired survivor size 41943040 bytes, new threshold 6 (max 6)
- age   1:    1392216 bytes,    1392216 total
- age   2:       1408 bytes,    1393624 total
- age   3:        688 bytes,    1394312 total
- age   4:        360 bytes,    1394672 total
- age   5:       3584 bytes,    1398256 total
- age   6:       4544 bytes,    1402800 total
: 656950K->1654K(737280K), 0.0077090 secs] 1652662K->997373K(1761280K), 0.0078900 secs] [Times: user=0.04 sys=0.00, real=0.01 secs] 
826.289: [GC826.289: [ParNew
Desired survivor size 41943040 bytes, new threshold 6 (max 6)
- age   1:     700232 bytes,     700232 total
- age   2:      51296 bytes,     751528 total
- age   3:       1264 bytes,     752792 total
- age   4:        592 bytes,     753384 total
- age   5:        360 bytes,     753744 total
- age   6:       3584 bytes,     757328 total
: 657014K->1335K(737280K), 0.0066720 secs] 1652733K->997058K(1761280K), 0.0068460 secs] [Times: user=0.04 sys=0.00, real=0.01 secs] 
826.527: [GC826.527: [ParNew
Desired survivor size 41943040 bytes, new threshold 6 (max 6)
- age   1:    1595976 bytes,    1595976 total
- age   2:      61400 bytes,    1657376 total
- age   3:      47568 bytes,    1704944 total
- age   4:       1000 bytes,    1705944 total
- age   5:        544 bytes,    1706488 total
- age   6:        312 bytes,    1706800 total
: 656695K->1952K(737280K), 0.0070420 secs] 1652418K->997679K(1761280K), 0.0072120 secs] [Times: user=0.05 sys=0.00, real=0.01 secs] 
826.780: [GC826.780: [ParNew
Desired survivor size 41943040 bytes, new threshold 6 (max 6)
- age   1:    1318992 bytes,    1318992 total
- age   2:      17464 bytes,    1336456 total
- age   3:      61280 bytes,    1397736 total
- age   4:      47496 bytes,    1445232 total
- age   5:        864 bytes,    1446096 total
- age   6:        472 bytes,    1446568 total
: 657312K->2338K(737280K), 0.0068430 secs] 1653039K->998065K(1761280K), 0.0070110 secs] [Times: user=0.05 sys=0.01, real=0.01 secs] 
827.026: [GC827.026: [ParNew
Desired survivor size 41943040 bytes, new threshold 6 (max 6)
- age   1:     657168 bytes,     657168 total
- age   2:       4352 bytes,     661520 total
- age   3:      17272 bytes,     678792 total
- age   4:      61184 bytes,     739976 total
- age   5:      47472 bytes,     787448 total
- age   6:        864 bytes,     788312 total
: 657698K->1567K(737280K), 0.0063180 secs] 1653425K->997296K(1761280K), 0.0064820 secs] [Times: user=0.04 sys=0.00, real=0.01 secs] 
827.287: [GC827.287: [ParNew
Desired survivor size 41943040 bytes, new threshold 6 (max 6)
- age   1:     891688 bytes,     891688 total
- age   2:       1080 bytes,     892768 total
- age   3:       4320 bytes,     897088 total
- age   4:      17272 bytes,     914360 total
- age   5:      61184 bytes,     975544 total
- age   6:      47472 bytes,    1023016 total
: 656927K->1274K(737280K), 0.0064310 secs] 1652656K->997003K(1761280K), 0.0065990 secs] [Times: user=0.04 sys=0.00, real=0.01 secs] 
827.535: [GC827.535: [ParNew
Desired survivor size 41943040 bytes, new threshold 6 (max 6)
- age   1:     874968 bytes,     874968 total
- age   2:       1448 bytes,     876416 total
- age   3:       1080 bytes,     877496 total
- age   4:       4320 bytes,     881816 total
- age   5:      17272 bytes,     899088 total
- age   6:      61184 bytes,     960272 total
: 656634K->1476K(737280K), 0.0068240 secs] 1652363K->997252K(1761280K), 0.0069520 secs] [Times: user=0.05 sys=0.00, real=0.01 secs] 
827.595: [CMS-concurrent-mark: 6.486/6.940 secs] [Times: user=51.87 sys=0.99, real=6.94 secs] 
827.595: [CMS-concurrent-preclean-start]
827.611: [CMS-concurrent-preclean: 0.015/0.016 secs] [Times: user=0.12 sys=0.00, real=0.02 secs] 
827.611: [CMS-concurrent-abortable-preclean-start]
827.771: [GC827.771: [ParNew
Desired survivor size 41943040 bytes, new threshold 6 (max 6)
- age   1:    1697112 bytes,    1697112 total
- age   2:       1696 bytes,    1698808 total
- age   3:       1448 bytes,    1700256 total
- age   4:       1080 bytes,    1701336 total
- age   5:       4296 bytes,    1705632 total
- age   6:      17272 bytes,    1722904 total
: 656836K->2093K(737280K), 0.0072860 secs] 1652612K->997930K(1761280K), 0.0074570 secs] [Times: user=0.05 sys=0.00, real=0.00 secs] 
827.929: [CMS-concurrent-abortable-preclean: 0.198/0.317 secs] [Times: user=2.31 sys=0.05, real=0.31 secs] 
827.932: [GC[YG occupancy: 432051 K (737280 K)]827.932: [Rescan (parallel) , 0.2858690 secs]828.218: [weak refs processing, 0.0000360 secs]828.218: [scrub string table, 0.0011030 secs] [1 CMS-remark: 995837K(1024000K)] 1427888K(1761280K), 0.2871940 secs] [Times: user=2.11 sys=0.01, real=0.28 secs] 
828.220: [CMS-concurrent-sweep-start]
828.308: [GC828.308: [ParNew
Desired survivor size 41943040 bytes, new threshold 6 (max 6)
- age   1:    1869432 bytes,    1869432 total
- age   2:       1152 bytes,    1870584 total
- age   3:       1384 bytes,    1871968 total
- age   4:       1136 bytes,    1873104 total
- age   5:        936 bytes,    1874040 total
- age   6:       4216 bytes,    1878256 total
: 657453K->2615K(737280K), 0.0074010 secs] 1653289K->998468K(1761280K), 0.0075630 secs] [Times: user=0.05 sys=0.00, real=0.01 secs] 
828.545: [GC828.545: [ParNew
Desired survivor size 41943040 bytes, new threshold 6 (max 6)
- age   1:     586384 bytes,     586384 total
- age   2:       8152 bytes,     594536 total
- age   3:       1152 bytes,     595688 total
- age   4:       1384 bytes,     597072 total
- age   5:       1136 bytes,     598208 total
- age   6:        936 bytes,     599144 total
: 657975K->1749K(737280K), 0.0063230 secs] 1653828K->997607K(1761280K), 0.0064760 secs] [Times: user=0.04 sys=0.00, real=0.01 secs] 
828.789: [GC828.789: [ParNew
Desired survivor size 41943040 bytes, new threshold 6 (max 6)
- age   1:     973656 bytes,     973656 total
- age   2:        992 bytes,     974648 total
- age   3:       8080 bytes,     982728 total
- age   4:       1128 bytes,     983856 total
- age   5:       1336 bytes,     985192 total
- age   6:       1088 bytes,     986280 total
: 657109K->1247K(737280K), 0.0064380 secs] 1652966K->997105K(1761280K), 0.0066150 secs] [Times: user=0.05 sys=0.00, real=0.01 secs] 
829.055: [GC829.056: [ParNew
Desired survivor size 41943040 bytes, new threshold 6 (max 6)
- age   1:     913672 bytes,     913672 total
- age   2:        792 bytes,     914464 total
- age   3:        872 bytes,     915336 total
- age   4:       7864 bytes,     923200 total
- age   5:       1008 bytes,     924208 total
- age   6:       1216 bytes,     925424 total
: 656607K->1509K(737280K), 0.0060840 secs] 1652465K->997367K(1761280K), 0.0062360 secs] [Times: user=0.04 sys=0.00, real=0.01 secs] 
829.304: [GC829.304: [ParNew
Desired survivor size 41943040 bytes, new threshold 6 (max 6)
- age   1:    1140712 bytes,    1140712 total
- age   2:       1512 bytes,    1142224 total
- age   3:        792 bytes,    1143016 total
- age   4:        872 bytes,    1143888 total
- age   5:       7864 bytes,    1151752 total
- age   6:       1008 bytes,    1152760 total
: 656869K->1463K(737280K), 0.0069610 secs] 1652727K->997323K(1761280K), 0.0071190 secs] [Times: user=0.04 sys=0.00, real=0.01 secs] 
829.502: [CMS-concurrent-sweep: 1.239/1.283 secs] [Times: user=9.61 sys=0.17, real=1.29 secs] 
829.502: [CMS-concurrent-reset-start]
829.537: [CMS-concurrent-reset: 0.035/0.035 secs] [Times: user=0.27 sys=0.00, real=0.03 secs] 
829.541: [GC829.541: [ParNew
Desired survivor size 41943040 bytes, new threshold 6 (max 6)
- age   1:    2205088 bytes,    2205088 total
- age   2:        888 bytes,    2205976 total
- age   3:       1392 bytes,    2207368 total
- age   4:        720 bytes,    2208088 total
- age   5:        800 bytes,    2208888 total
- age   6:       7816 bytes,    2216704 total
: 656823K->2686K(737280K), 0.0074950 secs] 1652543K->998407K(1761280K), 0.0077310 secs] [Times: user=0.06 sys=0.00, real=0.01 secs] 
829.550: [GC [1 CMS-initial-mark: 995720K(1024000K)] 1001000K(1761280K), 0.0064440 secs] [Times: user=0.00 sys=0.00, real=0.01 secs] 
829.558: [CMS-concurrent-mark-start]
829.802: [GC829.802: [ParNew
Desired survivor size 41943040 bytes, new threshold 6 (max 6)
- age   1:    1125136 bytes,    1125136 total
- age   2:        760 bytes,    1125896 total
- age   3:        672 bytes,    1126568 total
- age   4:       1176 bytes,    1127744 total
- age   5:        456 bytes,    1128200 total
- age   6:        672 bytes,    1128872 total
: 658046K->1867K(737280K), 0.0065590 secs] 1653767K->997596K(1761280K), 0.0067690 secs] [Times: user=0.05 sys=0.00, real=0.00 secs] 
830.067: [GC830.067: [ParNew
Desired survivor size 41943040 bytes, new threshold 6 (max 6)
- age   1:    2772560 bytes,    2772560 total
- age   2:      12112 bytes,    2784672 total
- age   3:        760 bytes,    2785432 total
- age   4:        672 bytes,    2786104 total
- age   5:       1152 bytes,    2787256 total
- age   6:        456 bytes,    2787712 total
: 657227K->3301K(737280K), 0.0207430 secs] 1652956K->999030K(1761280K), 0.0208990 secs] [Times: user=0.07 sys=0.00, real=0.02 secs] 
830.423: [GC830.423: [ParNew
Desired survivor size 41943040 bytes, new threshold 6 (max 6)
- age   1:    1205400 bytes,    1205400 total
- age   2:       1408 bytes,    1206808 total
- age   3:      10272 bytes,    1217080 total
- age   4:        760 bytes,    1217840 total
- age   5:        672 bytes,    1218512 total
- age   6:       1152 bytes,    1219664 total
: 658661K->2261K(737280K), 0.0067460 secs] 1654390K->997991K(1761280K), 0.0068800 secs] [Times: user=0.04 sys=0.00, real=0.00 secs] 
830.689: [GC830.689: [ParNew
Desired survivor size 41943040 bytes, new threshold 6 (max 6)
- age   1:     694544 bytes,     694544 total
- age   2:       7808 bytes,     702352 total
- age   3:       1408 bytes,     703760 total
- age   4:      10056 bytes,     713816 total
- age   5:        736 bytes,     714552 total
- age   6:        600 bytes,     715152 total
: 657621K->1138K(737280K), 0.0061570 secs] 1653351K->996869K(1761280K), 0.0062990 secs] [Times: user=0.04 sys=0.00, real=0.01 secs] 
830.946: [GC830.946: [ParNew
Desired survivor size 41943040 bytes, new threshold 6 (max 6)
- age   1:    1021376 bytes,    1021376 total
- age   2:       5512 bytes,    1026888 total
- age   3:       7760 bytes,    1034648 total
- age   4:       1360 bytes,    1036008 total
- age   5:       9960 bytes,    1045968 total
- age   6:        664 bytes,    1046632 total
: 656498K->1359K(737280K), 0.0062030 secs] 1652229K->997091K(1761280K), 0.0063810 secs] [Times: user=0.04 sys=0.00, real=0.01 secs] 
831.206: [GC831.207: [ParNew
Desired survivor size 41943040 bytes, new threshold 6 (max 6)
- age   1:    1088832 bytes,    1088832 total
- age   2:       1904 bytes,    1090736 total
- age   3:       5248 bytes,    1095984 total
- age   4:       7640 bytes,    1103624 total
- age   5:       1288 bytes,    1104912 total
- age   6:       9936 bytes,    1114848 total
: 656719K->1561K(737280K), 0.0066850 secs] 1652451K->997293K(1761280K), 0.0068130 secs] [Times: user=0.04 sys=0.00, real=0.01 secs] 
831.432: [GC831.432: [ParNew
Desired survivor size 41943040 bytes, new threshold 6 (max 6)
- age   1:    1828736 bytes,    1828736 total
- age   2:       1496 bytes,    1830232 total
- age   3:       1904 bytes,    1832136 total
- age   4:       5248 bytes,    1837384 total
- age   5:       7640 bytes,    1845024 total
- age   6:       1288 bytes,    1846312 total
: 656921K->2377K(737280K), 0.0201580 secs] 1652653K->998120K(1761280K), 0.0203170 secs] [Times: user=0.06 sys=0.00, real=0.02 secs] 
831.695: [GC831.695: [ParNew
Desired survivor size 41943040 bytes, new threshold 6 (max 6)
- age   1:    1458016 bytes,    1458016 total
- age   2:        816 bytes,    1458832 total
- age   3:       1496 bytes,    1460328 total
- age   4:       1904 bytes,    1462232 total
- age   5:       5224 bytes,    1467456 total
- age   6:       7640 bytes,    1475096 total
: 657737K->2222K(737280K), 0.0065910 secs] 1653480K->997966K(1761280K), 0.0067370 secs] [Times: user=0.04 sys=0.00, real=0.01 secs] 
831.955: [GC831.955: [ParNew
Desired survivor size 41943040 bytes, new threshold 6 (max 6)
- age   1:    1372552 bytes,    1372552 total
- age   2:       1784 bytes,    1374336 total
- age   3:        552 bytes,    1374888 total
- age   4:       1256 bytes,    1376144 total
- age   5:       1568 bytes,    1377712 total
- age   6:       4792 bytes,    1382504 total
: 657582K->2041K(737280K), 0.0066320 secs] 1653326K->997793K(1761280K), 0.0068510 secs] [Times: user=0.04 sys=0.00, real=0.00 secs] 
832.196: [GC832.196: [ParNew
Desired survivor size 41943040 bytes, new threshold 6 (max 6)
- age   1:     954536 bytes,     954536 total
- age   2:       1304 bytes,     955840 total
- age   3:       1664 bytes,     957504 total
- age   4:        504 bytes,     958008 total
- age   5:       1136 bytes,     959144 total
- age   6:       1376 bytes,     960520 total
: 657401K->1556K(737280K), 0.0062600 secs] 1653153K->997313K(1761280K), 0.0064300 secs] [Times: user=0.04 sys=0.00, real=0.01 secs] 
832.429: [GC832.429: [ParNew
Desired survivor size 41943040 bytes, new threshold 6 (max 6)
- age   1:    1259456 bytes,    1259456 total
- age   2:       4384 bytes,    1263840 total
- age   3:       1040 bytes,    1264880 total
- age   4:       1448 bytes,    1266328 total
- age   5:        384 bytes,    1266712 total
- age   6:        920 bytes,    1267632 total
: 656916K->1836K(737280K), 0.0066140 secs] 1652673K->997594K(1761280K), 0.0067510 secs] [Times: user=0.05 sys=0.00, real=0.01 secs] 
832.684: [GC832.685: [ParNew
Desired survivor size 41943040 bytes, new threshold 6 (max 6)
- age   1:    2056384 bytes,    2056384 total
- age   2:      10512 bytes,    2066896 total
- age   3:       4384 bytes,    2071280 total
- age   4:       1040 bytes,    2072320 total
- age   5:       1424 bytes,    2073744 total
- age   6:        384 bytes,    2074128 total
: 657196K->2381K(737280K), 0.0073940 secs] 1652954K->998141K(1761280K), 0.0075420 secs] [Times: user=0.05 sys=0.00, real=0.01 secs] 
832.930: [GC832.930: [ParNew
Desired survivor size 41943040 bytes, new threshold 6 (max 6)
- age   1:     803736 bytes,     803736 total
- age   2:        872 bytes,     804608 total
- age   3:      10320 bytes,     814928 total
- age   4:       4192 bytes,     819120 total
- age   5:        632 bytes,     819752 total
- age   6:       1256 bytes,     821008 total
: 657741K->1816K(737280K), 0.0061480 secs] 1653501K->997576K(1761280K), 0.0063160 secs] [Times: user=0.04 sys=0.00, real=0.01 secs] 
833.184: [GC833.184: [ParNew
Desired survivor size 41943040 bytes, new threshold 6 (max 6)
- age   1:    1278520 bytes,    1278520 total
- age   2:       5960 bytes,    1284480 total
- age   3:        848 bytes,    1285328 total
- age   4:      10320 bytes,    1295648 total
- age   5:       4192 bytes,    1299840 total
- age   6:        632 bytes,    1300472 total
: 657176K->1509K(737280K), 0.0065420 secs] 1652936K->997271K(1761280K), 0.0067020 secs] [Times: user=0.05 sys=0.00, real=0.00 secs] 
833.432: [GC833.432: [ParNew
Desired survivor size 41943040 bytes, new threshold 6 (max 6)
- age   1:    1024480 bytes,    1024480 total
- age   2:       1856 bytes,    1026336 total
- age   3:       5704 bytes,    1032040 total
- age   4:        824 bytes,    1032864 total
- age   5:      10320 bytes,    1043184 total
- age   6:       4192 bytes,    1047376 total
: 656869K->1426K(737280K), 0.0068350 secs] 1652631K->997188K(1761280K), 0.0070180 secs] [Times: user=0.04 sys=0.00, real=0.00 secs] 
833.683: [GC833.683: [ParNew
Desired survivor size 41943040 bytes, new threshold 6 (max 6)
- age   1:    1310336 bytes,    1310336 total
- age   2:       4312 bytes,    1314648 total
- age   3:       1568 bytes,    1316216 total
- age   4:       5488 bytes,    1321704 total
- age   5:        464 bytes,    1322168 total
- age   6:      10176 bytes,    1332344 total
: 656786K->1973K(737280K), 0.0067160 secs] 1652548K->997739K(1761280K), 0.0068880 secs] [Times: user=0.05 sys=0.00, real=0.00 secs] 
833.913: [GC833.914: [ParNew
Desired survivor size 41943040 bytes, new threshold 6 (max 6)
- age   1:    1155208 bytes,    1155208 total
- age   2:       4656 bytes,    1159864 total
- age   3:       4216 bytes,    1164080 total
- age   4:       1496 bytes,    1165576 total
- age   5:       5368 bytes,    1170944 total
- age   6:        368 bytes,    1171312 total
: 657333K->1858K(737280K), 0.0066500 secs] 1653099K->997634K(1761280K), 0.0068700 secs] [Times: user=0.04 sys=0.01, real=0.00 secs] 
834.140: [GC834.140: [ParNew
Desired survivor size 41943040 bytes, new threshold 6 (max 6)
- age   1:    1609504 bytes,    1609504 total
- age   2:       5472 bytes,    1614976 total
- age   3:       4656 bytes,    1619632 total
- age   4:       4216 bytes,    1623848 total
- age   5:       1496 bytes,    1625344 total
- age   6:       5368 bytes,    1630712 total
: 657218K->2189K(737280K), 0.0070550 secs] 1652994K->997966K(1761280K), 0.0072430 secs] [Times: user=0.05 sys=0.00, real=0.01 secs] 
834.369: [GC834.369: [ParNew
Desired survivor size 41943040 bytes, new threshold 6 (max 6)
- age   1:      64696 bytes,      64696 total
- age   2:       2704 bytes,      67400 total
- age   3:       5328 bytes,      72728 total
- age   4:       4416 bytes,      77144 total
- age   5:       4048 bytes,      81192 total
- age   6:       1280 bytes,      82472 total
: 657549K->1486K(737280K), 0.0056390 secs] 1653326K->997268K(1761280K), 0.0057930 secs] [Times: user=0.04 sys=0.00, real=0.01 secs] 
834.604: [GC834.605: [ParNew
Desired survivor size 41943040 bytes, new threshold 6 (max 6)
- age   1:     625440 bytes,     625440 total
- age   2:       4088 bytes,     629528 total
- age   3:       2704 bytes,     632232 total
- age   4:       5328 bytes,     637560 total
- age   5:       4416 bytes,     641976 total
- age   6:       4048 bytes,     646024 total
: 656846K->869K(737280K), 0.0061300 secs] 1652628K->996653K(1761280K), 0.0062630 secs] [Times: user=0.04 sys=0.01, real=0.00 secs] 
834.833: [GC834.833: [ParNew
Desired survivor size 41943040 bytes, new threshold 6 (max 6)
- age   1:    1545784 bytes,    1545784 total
- age   2:       7912 bytes,    1553696 total
- age   3:       3680 bytes,    1557376 total
- age   4:       2392 bytes,    1559768 total
- age   5:       5184 bytes,    1564952 total
- age   6:       4224 bytes,    1569176 total
: 656229K->1923K(737280K), 0.0069340 secs] 1652013K->997711K(1761280K), 0.0071250 secs] [Times: user=0.05 sys=0.00, real=0.00 secs] 
835.070: [GC835.071: [ParNew
Desired survivor size 41943040 bytes, new threshold 6 (max 6)
- age   1:    2222696 bytes,    2222696 total
- age   2:      10520 bytes,    2233216 total
- age   3:       7696 bytes,    2240912 total
- age   4:       3560 bytes,    2244472 total
- age   5:       2344 bytes,    2246816 total
- age   6:       5112 bytes,    2251928 total
: 657283K->2906K(737280K), 0.0071850 secs] 1653071K->998698K(1761280K), 0.0073810 secs] [Times: user=0.05 sys=0.00, real=0.01 secs] 
835.298: [GC835.299: [ParNew
Desired survivor size 41943040 bytes, new threshold 6 (max 6)
- age   1:    1902688 bytes,    1902688 total
- age   2:       4312 bytes,    1907000 total
- age   3:      10352 bytes,    1917352 total
- age   4:       7672 bytes,    1925024 total
- age   5:       3536 bytes,    1928560 total
- age   6:       2272 bytes,    1930832 total
: 658266K->3204K(737280K), 0.0070620 secs] 1654058K->999001K(1761280K), 0.0072180 secs] [Times: user=0.05 sys=0.00, real=0.01 secs] 
835.528: [GC835.528: [ParNew
Desired survivor size 41943040 bytes, new threshold 6 (max 6)
- age   1:     698992 bytes,     698992 total
- age   2:        776 bytes,     699768 total
- age   3:       4312 bytes,     704080 total
- age   4:      10352 bytes,     714432 total
- age   5:       7672 bytes,     722104 total
- age   6:       3536 bytes,     725640 total
: 658564K->1200K(737280K), 0.0063290 secs] 1654361K->996999K(1761280K), 0.0065140 secs] [Times: user=0.04 sys=0.00, real=0.01 secs] 
835.771: [GC835.771: [ParNew
Desired survivor size 41943040 bytes, new threshold 6 (max 6)
- age   1:    1009824 bytes,    1009824 total
- age   2:        632 bytes,    1010456 total
- age   3:        728 bytes,    1011184 total
- age   4:       4192 bytes,    1015376 total
- age   5:      10280 bytes,    1025656 total
- age   6:       7672 bytes,    1033328 total
: 656560K->1343K(737280K), 0.0062250 secs] 1652359K->997146K(1761280K), 0.0063560 secs] [Times: user=0.04 sys=0.01, real=0.01 secs] 
836.008: [GC836.008: [ParNew
Desired survivor size 41943040 bytes, new threshold 6 (max 6)
- age   1:    3034976 bytes,    3034976 total
- age   2:       1272 bytes,    3036248 total
- age   3:        632 bytes,    3036880 total
- age   4:        728 bytes,    3037608 total
- age   5:       4168 bytes,    3041776 total
- age   6:      10280 bytes,    3052056 total
: 656703K->3480K(737280K), 0.0079370 secs] 1652506K->999291K(1761280K), 0.0080950 secs] [Times: user=0.06 sys=0.00, real=0.01 secs] 
836.247: [GC836.248: [ParNew
Desired survivor size 41943040 bytes, new threshold 6 (max 6)
- age   1:    2017312 bytes,    2017312 total
- age   2:       1336 bytes,    2018648 total
- age   3:       1056 bytes,    2019704 total
- age   4:        488 bytes,    2020192 total
- age   5:        656 bytes,    2020848 total
- age   6:       4072 bytes,    2024920 total
: 658840K->2767K(737280K), 0.0091000 secs] 1654651K->998588K(1761280K), 0.0092490 secs] [Times: user=0.06 sys=0.01, real=0.01 secs] 
836.466: [GC836.466: [ParNew
Desired survivor size 41943040 bytes, new threshold 6 (max 6)
- age   1:     893736 bytes,     893736 total
- age   2:       4312 bytes,     898048 total
- age   3:       1240 bytes,     899288 total
- age   4:       1008 bytes,     900296 total
- age   5:        440 bytes,     900736 total
- age   6:        560 bytes,     901296 total
: 658127K->2098K(737280K), 0.0065620 secs] 1653948K->997923K(1761280K), 0.0066800 secs] [Times: user=0.04 sys=0.00, real=0.01 secs] 
836.701: [GC836.701: [ParNew
Desired survivor size 41943040 bytes, new threshold 6 (max 6)
- age   1:     667968 bytes,     667968 total
- age   2:       8416 bytes,     676384 total
- age   3:       4312 bytes,     680696 total
- age   4:       1240 bytes,     681936 total
- age   5:        984 bytes,     682920 total
- age   6:        400 bytes,     683320 total
: 657458K->1068K(737280K), 0.0062690 secs] 1653283K->996894K(1761280K), 0.0064230 secs] [Times: user=0.03 sys=0.00, real=0.01 secs] 
836.942: [GC836.942: [ParNew
Desired survivor size 41943040 bytes, new threshold 6 (max 6)
- age   1:    1241920 bytes,    1241920 total
- age   2:       1560 bytes,    1243480 total
- age   3:       8368 bytes,    1251848 total
- age   4:       4240 bytes,    1256088 total
- age   5:       1072 bytes,    1257160 total
- age   6:        912 bytes,    1258072 total
: 656428K->1606K(737280K), 0.0067280 secs] 1652254K->997433K(1761280K), 0.0068490 secs] [Times: user=0.04 sys=0.00, real=0.00 secs] 
837.167: [GC837.167: [ParNew
Desired survivor size 41943040 bytes, new threshold 6 (max 6)
- age   1:     666304 bytes,     666304 total
- age   2:        968 bytes,     667272 total
- age   3:       1368 bytes,     668640 total
- age   4:       8320 bytes,     676960 total
- age   5:       4096 bytes,     681056 total
- age   6:        904 bytes,     681960 total
: 656966K->1237K(737280K), 0.0063580 secs] 1652793K->997064K(1761280K), 0.0065070 secs] [Times: user=0.04 sys=0.00, real=0.01 secs] 
837.387: [GC837.387: [ParNew
Desired survivor size 41943040 bytes, new threshold 6 (max 6)
- age   1:    1533064 bytes,    1533064 total
- age   2:        872 bytes,    1533936 total
- age   3:        944 bytes,    1534880 total
- age   4:       1272 bytes,    1536152 total
- age   5:       8224 bytes,    1544376 total
- age   6:       4048 bytes,    1548424 total
: 656597K->1771K(737280K), 0.0069100 secs] 1652424K->997599K(1761280K), 0.0070350 secs] [Times: user=0.05 sys=0.00, real=0.01 secs] 
837.514: [CMS-concurrent-mark: 7.636/7.956 secs] [Times: user=58.37 sys=1.14, real=7.96 secs] 
837.514: [CMS-concurrent-preclean-start]
837.532: [CMS-concurrent-preclean: 0.017/0.018 secs] [Times: user=0.13 sys=0.00, real=0.01 secs] 
837.532: [CMS-concurrent-abortable-preclean-start]
837.635: [GC837.635: [ParNew
Desired survivor size 41943040 bytes, new threshold 6 (max 6)
- age   1:     771752 bytes,     771752 total
- age   2:       1128 bytes,     772880 total
- age   3:        872 bytes,     773752 total
- age   4:        944 bytes,     774696 total
- age   5:       1240 bytes,     775936 total
- age   6:       8224 bytes,     784160 total
: 657131K->1581K(737280K), 0.0068300 secs] 1652959K->997413K(1761280K), 0.0069980 secs] [Times: user=0.04 sys=0.00, real=0.01 secs] 
837.759: [CMS-concurrent-abortable-preclean: 0.217/0.227 secs] [Times: user=1.69 sys=0.03, real=0.22 secs] 
837.764: [GC[YG occupancy: 369404 K (737280 K)]837.764: [Rescan (parallel) , 0.2174430 secs]837.981: [weak refs processing, 0.0000580 secs]837.981: [scrub string table, 0.0010150 secs] [1 CMS-remark: 995832K(1024000K)] 1365237K(1761280K), 0.2186580 secs] [Times: user=1.59 sys=0.00, real=0.22 secs] 
837.983: [CMS-concurrent-sweep-start]
838.089: [GC838.090: [ParNew
Desired survivor size 41943040 bytes, new threshold 6 (max 6)
- age   1:    1795632 bytes,    1795632 total
- age   2:        640 bytes,    1796272 total
- age   3:        792 bytes,    1797064 total
- age   4:        464 bytes,    1797528 total
- age   5:        560 bytes,    1798088 total
- age   6:       1000 bytes,    1799088 total
: 656941K->2112K(737280K), 0.0074210 secs] 1652762K->997941K(1761280K), 0.0075550 secs] [Times: user=0.04 sys=0.01, real=0.01 secs] 
838.346: [GC838.346: [ParNew
Desired survivor size 41943040 bytes, new threshold 6 (max 6)
- age   1:     802464 bytes,     802464 total
- age   2:       7952 bytes,     810416 total
- age   3:        560 bytes,     810976 total
- age   4:        744 bytes,     811720 total
- age   5:        392 bytes,     812112 total
- age   6:        464 bytes,     812576 total
: 657472K->1468K(737280K), 0.0061110 secs] 1653286K->997283K(1761280K), 0.0062530 secs] [Times: user=0.04 sys=0.00, real=0.01 secs] 
838.600: [GC838.600: [ParNew
Desired survivor size 41943040 bytes, new threshold 6 (max 6)
- age   1:     940504 bytes,     940504 total
- age   2:       4272 bytes,     944776 total
- age   3:       7808 bytes,     952584 total
- age   4:        416 bytes,     953000 total
- age   5:        312 bytes,     953312 total
- age   6:        200 bytes,     953512 total
: 656828K->1246K(737280K), 0.0064260 secs] 1652643K->997061K(1761280K), 0.0065720 secs] [Times: user=0.04 sys=0.00, real=0.01 secs] 
838.845: [GC838.845: [ParNew
Desired survivor size 41943040 bytes, new threshold 6 (max 6)
- age   1:    1220696 bytes,    1220696 total
- age   2:      12704 bytes,    1233400 total
- age   3:       4240 bytes,    1237640 total
- age   4:       7784 bytes,    1245424 total
- age   5:        416 bytes,    1245840 total
- age   6:        312 bytes,    1246152 total
: 656606K->1729K(737280K), 0.0064210 secs] 1652421K->997544K(1761280K), 0.0065610 secs] [Times: user=0.04 sys=0.00, real=0.00 secs] 
839.085: [GC839.085: [ParNew
Desired survivor size 41943040 bytes, new threshold 6 (max 6)
- age   1:     192432 bytes,     192432 total
- age   2:       1712 bytes,     194144 total
- age   3:      12704 bytes,     206848 total
- age   4:       4240 bytes,     211088 total
- age   5:       7760 bytes,     218848 total
- age   6:        416 bytes,     219264 total
: 657089K->1128K(737280K), 0.0060350 secs] 1652904K->996944K(1761280K), 0.0061670 secs] [Times: user=0.04 sys=0.00, real=0.00 secs] 
839.329: [GC839.329: [ParNew
Desired survivor size 41943040 bytes, new threshold 6 (max 6)
- age   1:    1083032 bytes,    1083032 total
- age   2:        752 bytes,    1083784 total
- age   3:       1496 bytes,    1085280 total
- age   4:      12512 bytes,    1097792 total
- age   5:       4040 bytes,    1101832 total
- age   6:       7472 bytes,    1109304 total
: 656488K->1248K(737280K), 0.0066520 secs] 1652204K->996965K(1761280K), 0.0067970 secs] [Times: user=0.04 sys=0.00, real=0.01 secs] 
839.340: [CMS-concurrent-sweep: 1.307/1.357 secs] [Times: user=10.04 sys=0.21, real=1.35 secs] 
839.340: [CMS-concurrent-reset-start]
839.375: [CMS-concurrent-reset: 0.035/0.035 secs] [Times: user=0.27 sys=0.01, real=0.04 secs] 
839.568: [GC839.568: [ParNew
Desired survivor size 41943040 bytes, new threshold 6 (max 6)
- age   1:    1005616 bytes,    1005616 total
- age   2:       4840 bytes,    1010456 total
- age   3:        752 bytes,    1011208 total
- age   4:       1496 bytes,    1012704 total
- age   5:      12512 bytes,    1025216 total
- age   6:       4040 bytes,    1029256 total
: 656608K->1339K(737280K), 0.0070090 secs] 1652286K->997025K(1761280K), 0.0071830 secs] [Times: user=0.04 sys=0.00, real=0.01 secs] 
839.577: [GC [1 CMS-initial-mark: 995685K(1024000K)] 998550K(1761280K), 0.0057940 secs] [Times: user=0.01 sys=0.00, real=0.00 secs] 
839.583: [CMS-concurrent-mark-start]
839.838: [GC839.839: [ParNew
Desired survivor size 41943040 bytes, new threshold 6 (max 6)
- age   1:     422952 bytes,     422952 total
- age   2:        936 bytes,     423888 total
- age   3:       4816 bytes,     428704 total
- age   4:        712 bytes,     429416 total
- age   5:       1472 bytes,     430888 total
- age   6:      12512 bytes,     443400 total
: 656699K->977K(737280K), 0.0065100 secs] 1652385K->996667K(1761280K), 0.0066380 secs] [Times: user=0.05 sys=0.00, real=0.01 secs] 
840.087: [GC840.087: [ParNew
Desired survivor size 41943040 bytes, new threshold 6 (max 6)
- age   1:     674112 bytes,     674112 total
- age   2:        872 bytes,     674984 total
- age   3:        864 bytes,     675848 total
- age   4:       4672 bytes,     680520 total
- age   5:        616 bytes,     681136 total
- age   6:       1376 bytes,     682512 total
: 656337K->915K(737280K), 0.0062030 secs] 1652027K->996617K(1761280K), 0.0063480 secs] [Times: user=0.03 sys=0.00, real=0.01 secs] 
840.317: [GC840.317: [ParNew
Desired survivor size 41943040 bytes, new threshold 6 (max 6)
- age   1:    2753120 bytes,    2753120 total
- age   2:        808 bytes,    2753928 total
- age   3:        672 bytes,    2754600 total
- age   4:        672 bytes,    2755272 total
- age   5:       4360 bytes,    2759632 total
- age   6:        376 bytes,    2760008 total
: 656275K->3083K(737280K), 0.0081930 secs] 1651977K->998786K(1761280K), 0.0083350 secs] [Times: user=0.05 sys=0.01, real=0.01 secs] 
840.554: [GC840.554: [ParNew
Desired survivor size 41943040 bytes, new threshold 6 (max 6)
- age   1:     698976 bytes,     698976 total
- age   2:       4736 bytes,     703712 total
- age   3:        712 bytes,     704424 total
- age   4:        672 bytes,     705096 total
- age   5:        672 bytes,     705768 total
- age   6:       4360 bytes,     710128 total
: 658443K->2171K(737280K), 0.0062960 secs] 1654146K->997876K(1761280K), 0.0064540 secs] [Times: user=0.04 sys=0.00, real=0.01 secs] 
840.790: [GC840.790: [ParNew
Desired survivor size 41943040 bytes, new threshold 6 (max 6)
- age   1:    1766224 bytes,    1766224 total
- age   2:       1352 bytes,    1767576 total
- age   3:       4696 bytes,    1772272 total
- age   4:        712 bytes,    1772984 total
- age   5:        648 bytes,    1773632 total
- age   6:        672 bytes,    1774304 total
: 657531K->1970K(737280K), 0.0074290 secs] 1653236K->997679K(1761280K), 0.0076110 secs] [Times: user=0.04 sys=0.01, real=0.01 secs] 
841.027: [GC841.027: [ParNew
Desired survivor size 41943040 bytes, new threshold 6 (max 6)
- age   1:     579064 bytes,     579064 total
- age   2:       7896 bytes,     586960 total
- age   3:       1304 bytes,     588264 total
- age   4:       4648 bytes,     592912 total
- age   5:        688 bytes,     593600 total
- age   6:        648 bytes,     594248 total
: 657330K->1478K(737280K), 0.0062710 secs] 1653039K->997188K(1761280K), 0.0064230 secs] [Times: user=0.04 sys=0.00, real=0.00 secs] 
841.260: [GC841.260: [ParNew
Desired survivor size 41943040 bytes, new threshold 6 (max 6)
- age   1:     552616 bytes,     552616 total
- age   2:       4088 bytes,     556704 total
- age   3:       7704 bytes,     564408 total
- age   4:       1088 bytes,     565496 total
- age   5:       4504 bytes,     570000 total
- age   6:        568 bytes,     570568 total
: 656838K->772K(737280K), 0.0064570 secs] 1652548K->996482K(1761280K), 0.0065940 secs] [Times: user=0.04 sys=0.00, real=0.01 secs] 
841.506: [GC841.506: [ParNew
Desired survivor size 41943040 bytes, new threshold 6 (max 6)
- age   1:    1374800 bytes,    1374800 total
- age   2:       1064 bytes,    1375864 total
- age   3:       3968 bytes,    1379832 total
- age   4:       7680 bytes,    1387512 total
- age   5:       1088 bytes,    1388600 total
- age   6:       4504 bytes,    1393104 total
: 656132K->1503K(737280K), 0.0064960 secs] 1651842K->997214K(1761280K), 0.0067200 secs] [Times: user=0.04 sys=0.00, real=0.00 secs] 
841.760: [GC841.760: [ParNew
Desired survivor size 41943040 bytes, new threshold 6 (max 6)
- age   1:    1115360 bytes,    1115360 total
- age   2:       4984 bytes,    1120344 total
- age   3:        920 bytes,    1121264 total
- age   4:       3896 bytes,    1125160 total
- age   5:       7584 bytes,    1132744 total
- age   6:       1016 bytes,    1133760 total
: 656863K->1735K(737280K), 0.0066750 secs] 1652574K->997451K(1761280K), 0.0067980 secs] [Times: user=0.04 sys=0.00, real=0.01 secs] 
842.010: [GC842.010: [ParNew
Desired survivor size 41943040 bytes, new threshold 6 (max 6)
- age   1:    1375736 bytes,    1375736 total
- age   2:        960 bytes,    1376696 total
- age   3:       4528 bytes,    1381224 total
- age   4:        776 bytes,    1382000 total
- age   5:       3872 bytes,    1385872 total
- age   6:       7536 bytes,    1393408 total
: 657095K->1819K(737280K), 0.0065480 secs] 1652811K->997536K(1761280K), 0.0066980 secs] [Times: user=0.05 sys=0.00, real=0.01 secs] 
842.263: [GC842.263: [ParNew
Desired survivor size 41943040 bytes, new threshold 6 (max 6)
- age   1:    1307152 bytes,    1307152 total
- age   2:     217272 bytes,    1524424 total
- age   3:        648 bytes,    1525072 total
- age   4:       4288 bytes,    1529360 total
- age   5:        560 bytes,    1529920 total
- age   6:       3752 bytes,    1533672 total
: 657179K->2275K(737280K), 0.0069030 secs] 1652896K->998000K(1761280K), 0.0070920 secs] [Times: user=0.05 sys=0.00, real=0.00 secs] 
842.508: [GC842.508: [ParNew
Desired survivor size 41943040 bytes, new threshold 6 (max 6)
- age   1:     781480 bytes,     781480 total
- age   2:       4048 bytes,     785528 total
- age   3:       1160 bytes,     786688 total
- age   4:        648 bytes,     787336 total
- age   5:       4288 bytes,     791624 total
- age   6:        560 bytes,     792184 total
: 657635K->1448K(737280K), 0.0062960 secs] 1653360K->997176K(1761280K), 0.0064440 secs] [Times: user=0.04 sys=0.00, real=0.01 secs] 
842.750: [GC842.750: [ParNew
Desired survivor size 41943040 bytes, new threshold 6 (max 6)
- age   1:    1468368 bytes,    1468368 total
- age   2:       1576 bytes,    1469944 total
- age   3:       3760 bytes,    1473704 total
- age   4:       1064 bytes,    1474768 total
- age   5:        624 bytes,    1475392 total
- age   6:       4288 bytes,    1479680 total
: 656808K->1875K(737280K), 0.0068410 secs] 1652536K->997603K(1761280K), 0.0069680 secs] [Times: user=0.04 sys=0.01, real=0.01 secs] 
842.991: [GC842.991: [ParNew
Desired survivor size 41943040 bytes, new threshold 6 (max 6)
- age   1:     197264 bytes,     197264 total
- age   2:      18544 bytes,     215808 total
- age   3:       1576 bytes,     217384 total
- age   4:       3760 bytes,     221144 total
- age   5:       1064 bytes,     222208 total
- age   6:        624 bytes,     222832 total
: 657235K->1246K(737280K), 0.0060360 secs] 1652963K->996980K(1761280K), 0.0061690 secs] [Times: user=0.04 sys=0.00, real=0.01 secs] 
843.232: [GC843.232: [ParNew
Desired survivor size 41943040 bytes, new threshold 6 (max 6)
- age   1:     720128 bytes,     720128 total
- age   2:        920 bytes,     721048 total
- age   3:      18472 bytes,     739520 total
- age   4:       1504 bytes,     741024 total
- age   5:       3712 bytes,     744736 total
- age   6:       1064 bytes,     745800 total
: 656606K->969K(737280K), 0.0084840 secs] 1652340K->996703K(1761280K), 0.0086500 secs] [Times: user=0.06 sys=0.00, real=0.01 secs] 
843.463: [GC843.463: [ParNew
Desired survivor size 41943040 bytes, new threshold 6 (max 6)
- age   1:     612512 bytes,     612512 total
- age   2:       9784 bytes,     622296 total
- age   3:        920 bytes,     623216 total
- age   4:      18472 bytes,     641688 total
- age   5:       1504 bytes,     643192 total
- age   6:       3712 bytes,     646904 total
: 656329K->1110K(737280K), 0.0063580 secs] 1652063K->996845K(1761280K), 0.0065320 secs] [Times: user=0.04 sys=0.01, real=0.01 secs] 
843.704: [GC843.704: [ParNew
Desired survivor size 41943040 bytes, new threshold 6 (max 6)
- age   1:     676184 bytes,     676184 total
- age   2:        712 bytes,     676896 total
- age   3:       9520 bytes,     686416 total
- age   4:        752 bytes,     687168 total
- age   5:      18112 bytes,     705280 total
- age   6:       1264 bytes,     706544 total
: 656470K->840K(737280K), 0.0062300 secs] 1652205K->996579K(1761280K), 0.0064270 secs] [Times: user=0.04 sys=0.00, real=0.00 secs] 
843.949: [GC843.949: [ParNew
Desired survivor size 41943040 bytes, new threshold 6 (max 6)
- age   1:     895376 bytes,     895376 total
- age   2:       2864 bytes,     898240 total
- age   3:        680 bytes,     898920 total
- age   4:       9520 bytes,     908440 total
- age   5:        752 bytes,     909192 total
- age   6:      18048 bytes,     927240 total
: 656200K->1232K(737280K), 0.0061880 secs] 1651939K->996973K(1761280K), 0.0063250 secs] [Times: user=0.04 sys=0.00, real=0.01 secs] 
844.187: [GC844.187: [ParNew
Desired survivor size 41943040 bytes, new threshold 6 (max 6)
- age   1:     926240 bytes,     926240 total
- age   2:       1712 bytes,     927952 total
- age   3:       2744 bytes,     930696 total
- age   4:        632 bytes,     931328 total
- age   5:       9448 bytes,     940776 total
- age   6:        752 bytes,     941528 total
: 656592K->1353K(737280K), 0.0066950 secs] 1652333K->997113K(1761280K), 0.0068410 secs] [Times: user=0.04 sys=0.00, real=0.00 secs] 
844.423: [GC844.423: [ParNew
Desired survivor size 41943040 bytes, new threshold 6 (max 6)
- age   1:     830800 bytes,     830800 total
- age   2:       1384 bytes,     832184 total
- age   3:       1712 bytes,     833896 total
- age   4:       2744 bytes,     836640 total
- age   5:        632 bytes,     837272 total
- age   6:       9448 bytes,     846720 total
: 656713K->1346K(737280K), 0.0061960 secs] 1652473K->997107K(1761280K), 0.0063380 secs] [Times: user=0.05 sys=0.00, real=0.01 secs] 
844.649: [GC844.649: [ParNew
Desired survivor size 41943040 bytes, new threshold 6 (max 6)
- age   1:     355456 bytes,     355456 total
- age   2:       4344 bytes,     359800 total
- age   3:       1120 bytes,     360920 total
- age   4:       1304 bytes,     362224 total
- age   5:       2456 bytes,     364680 total
- age   6:        416 bytes,     365096 total
: 656706K->844K(737280K), 0.0060510 secs] 1652467K->996614K(1761280K), 0.0061880 secs] [Times: user=0.04 sys=0.00, real=0.01 secs] 
844.897: [GC844.897: [ParNew
Desired survivor size 41943040 bytes, new threshold 6 (max 6)
- age   1:    1761376 bytes,    1761376 total
- age   2:       5928 bytes,    1767304 total
- age   3:       4344 bytes,    1771648 total
- age   4:       1120 bytes,    1772768 total
- age   5:       1248 bytes,    1774016 total
- age   6:       2456 bytes,    1776472 total
: 656204K->1896K(737280K), 0.0075930 secs] 1651974K->997666K(1761280K), 0.0077390 secs] [Times: user=0.04 sys=0.00, real=0.01 secs] 
845.119: [GC845.119: [ParNew
Desired survivor size 41943040 bytes, new threshold 6 (max 6)
- age   1:     737592 bytes,     737592 total
- age   2:       8272 bytes,     745864 total
- age   3:       5784 bytes,     751648 total
- age   4:       4104 bytes,     755752 total
- age   5:        952 bytes,     756704 total
- age   6:       1080 bytes,     757784 total
: 657256K->1560K(737280K), 0.0073720 secs] 1653026K->997333K(1761280K), 0.0075190 secs] [Times: user=0.04 sys=0.01, real=0.01 secs] 
845.389: [GC845.389: [ParNew
Desired survivor size 41943040 bytes, new threshold 6 (max 6)
- age   1:     956000 bytes,     956000 total
- age   2:        944 bytes,     956944 total
- age   3:       8200 bytes,     965144 total
- age   4:       5640 bytes,     970784 total
- age   5:       3912 bytes,     974696 total
- age   6:        880 bytes,     975576 total
: 656920K->1248K(737280K), 0.0065560 secs] 1652693K->997022K(1761280K), 0.0067840 secs] [Times: user=0.04 sys=0.00, real=0.01 secs] 
845.616: [GC845.616: [ParNew
Desired survivor size 41943040 bytes, new threshold 6 (max 6)
- age   1:     559592 bytes,     559592 total
- age   2:       1656 bytes,     561248 total
- age   3:        944 bytes,     562192 total
- age   4:       8200 bytes,     570392 total
- age   5:       5640 bytes,     576032 total
- age   6:       3912 bytes,     579944 total
: 656608K->979K(737280K), 0.0062140 secs] 1652382K->996754K(1761280K), 0.0063790 secs] [Times: user=0.04 sys=0.00, real=0.00 secs] 
845.840: [GC845.840: [ParNew
Desired survivor size 41943040 bytes, new threshold 6 (max 6)
- age   1:    2826816 bytes,    2826816 total
- age   2:       4224 bytes,    2831040 total
- age   3:       1240 bytes,    2832280 total
- age   4:        752 bytes,    2833032 total
- age   5:       8056 bytes,    2841088 total
- age   6:       5592 bytes,    2846680 total
: 656339K->3063K(737280K), 0.0077180 secs] 1652114K->998842K(1761280K), 0.0079050 secs] [Times: user=0.06 sys=0.00, real=0.01 secs] 
846.079: [GC846.079: [ParNew
Desired survivor size 41943040 bytes, new threshold 6 (max 6)
- age   1:     966568 bytes,     966568 total
- age   2:       7488 bytes,     974056 total
- age   3:       4224 bytes,     978280 total
- age   4:       1240 bytes,     979520 total
- age   5:        728 bytes,     980248 total
- age   6:       8056 bytes,     988304 total
: 658423K->2192K(737280K), 0.0063320 secs] 1654202K->997977K(1761280K), 0.0064690 secs] [Times: user=0.04 sys=0.00, real=0.01 secs] 
846.317: [GC846.317: [ParNew
Desired survivor size 41943040 bytes, new threshold 6 (max 6)
- age   1:    1502480 bytes,    1502480 total
- age   2:       3416 bytes,    1505896 total
- age   3:       7488 bytes,    1513384 total
- age   4:       4224 bytes,    1517608 total
- age   5:       1240 bytes,    1518848 total
- age   6:        728 bytes,    1519576 total
: 657552K->1933K(737280K), 0.0066700 secs] 1653337K->997726K(1761280K), 0.0067920 secs] [Times: user=0.04 sys=0.00, real=0.00 secs] 
846.554: [GC846.554: [ParNew
Desired survivor size 41943040 bytes, new threshold 6 (max 6)
- age   1:    1299192 bytes,    1299192 total
- age   2:        736 bytes,    1299928 total
- age   3:       1456 bytes,    1301384 total
- age   4:       7368 bytes,    1308752 total
- age   5:       4128 bytes,    1312880 total
- age   6:       1096 bytes,    1313976 total
: 657293K->2178K(737280K), 0.0063820 secs] 1653086K->997971K(1761280K), 0.0065110 secs] [Times: user=0.05 sys=0.00, real=0.01 secs] 
846.771: [GC846.771: [ParNew
Desired survivor size 41943040 bytes, new threshold 6 (max 6)
- age   1:    1077024 bytes,    1077024 total
- age   2:        552 bytes,    1077576 total
- age   3:        616 bytes,    1078192 total
- age   4:       1264 bytes,    1079456 total
- age   5:       7224 bytes,    1086680 total
- age   6:       3984 bytes,    1090664 total
: 657538K->1530K(737280K), 0.0067340 secs] 1653331K->997325K(1761280K), 0.0068870 secs] [Times: user=0.04 sys=0.00, real=0.01 secs] 
847.012: [GC847.012: [ParNew
Desired survivor size 41943040 bytes, new threshold 6 (max 6)
- age   1:    1684568 bytes,    1684568 total
- age   2:       9272 bytes,    1693840 total
- age   3:        384 bytes,    1694224 total
- age   4:        520 bytes,    1694744 total
- age   5:       1144 bytes,    1695888 total
- age   6:       7152 bytes,    1703040 total
: 656890K->2131K(737280K), 0.0072020 secs] 1652685K->997930K(1761280K), 0.0073520 secs] [Times: user=0.05 sys=0.00, real=0.01 secs] 
847.238: [GC847.238: [ParNew
Desired survivor size 41943040 bytes, new threshold 6 (max 6)
- age   1:    1685552 bytes,    1685552 total
- age   2:       4720 bytes,    1690272 total
- age   3:       9272 bytes,    1699544 total
- age   4:        384 bytes,    1699928 total
- age   5:        520 bytes,    1700448 total
- age   6:       1120 bytes,    1701568 total
: 657491K->2621K(737280K), 0.0071010 secs] 1653290K->998427K(1761280K), 0.0072360 secs] [Times: user=0.05 sys=0.00, real=0.01 secs] 
847.463: [GC847.464: [ParNew
Desired survivor size 41943040 bytes, new threshold 6 (max 6)
- age   1:    1894520 bytes,    1894520 total
- age   2:        688 bytes,    1895208 total
- age   3:       4696 bytes,    1899904 total
- age   4:       9224 bytes,    1909128 total
- age   5:        288 bytes,    1909416 total
- age   6:        520 bytes,    1909936 total
: 657981K->2836K(737280K), 0.0074430 secs] 1653787K->998643K(1761280K), 0.0076300 secs] [Times: user=0.05 sys=0.00, real=0.01 secs] 
847.690: [GC847.690: [ParNew
Desired survivor size 41943040 bytes, new threshold 6 (max 6)
- age   1:     942240 bytes,     942240 total
- age   2:        992 bytes,     943232 total
- age   3:        656 bytes,     943888 total
- age   4:       4696 bytes,     948584 total
- age   5:       9224 bytes,     957808 total
- age   6:        288 bytes,     958096 total
: 658196K->1804K(737280K), 0.0063930 secs] 1654003K->997612K(1761280K), 0.0065510 secs] [Times: user=0.04 sys=0.00, real=0.01 secs] 
847.855: [CMS-concurrent-mark: 7.966/8.272 secs] [Times: user=62.03 sys=1.16, real=8.27 secs] 
847.855: [CMS-concurrent-preclean-start]
847.870: [CMS-concurrent-preclean: 0.014/0.015 secs] [Times: user=0.12 sys=0.00, real=0.02 secs] 
847.870: [CMS-concurrent-abortable-preclean-start]
847.925: [GC847.925: [ParNew
Desired survivor size 41943040 bytes, new threshold 6 (max 6)
- age   1:    1233000 bytes,    1233000 total
- age   2:       1608 bytes,    1234608 total
- age   3:        848 bytes,    1235456 total
- age   4:        536 bytes,    1235992 total
- age   5:       4624 bytes,    1240616 total
- age   6:       9176 bytes,    1249792 total
: 657164K->1603K(737280K), 0.0067370 secs] 1652972K->997412K(1761280K), 0.0068730 secs] [Times: user=0.05 sys=0.00, real=0.00 secs] 
848.059: [CMS-concurrent-abortable-preclean: 0.181/0.190 secs] [Times: user=1.36 sys=0.03, real=0.19 secs] 
848.061: [GC[YG occupancy: 376286 K (737280 K)]848.061: [Rescan (parallel) , 0.0684880 secs]848.130: [weak refs processing, 0.0000330 secs]848.130: [scrub string table, 0.0010140 secs] [1 CMS-remark: 995808K(1024000K)] 1372094K(1761280K), 0.0696640 secs] [Times: user=0.54 sys=0.00, real=0.07 secs] 
848.131: [CMS-concurrent-sweep-start]
848.241: [GC848.241: [ParNew
Desired survivor size 41943040 bytes, new threshold 6 (max 6)
- age   1:    1138200 bytes,    1138200 total
- age   2:       4344 bytes,    1142544 total
- age   3:       1608 bytes,    1144152 total
- age   4:        848 bytes,    1145000 total
- age   5:        512 bytes,    1145512 total
- age   6:       4624 bytes,    1150136 total
: 656963K->1673K(737280K), 0.0063040 secs] 1652771K->997491K(1761280K), 0.0064430 secs] [Times: user=0.04 sys=0.00, real=0.01 secs] 
848.503: [GC848.503: [ParNew
Desired survivor size 41943040 bytes, new threshold 6 (max 6)
- age   1:     686448 bytes,     686448 total
- age   2:       1928 bytes,     688376 total
- age   3:       4000 bytes,     692376 total
- age   4:       1320 bytes,     693696 total
- age   5:        680 bytes,     694376 total
- age   6:        344 bytes,     694720 total
: 657033K->1401K(737280K), 0.0060470 secs] 1652851K->997224K(1761280K), 0.0061750 secs] [Times: user=0.04 sys=0.00, real=0.01 secs] 
848.756: [GC848.756: [ParNew
Desired survivor size 41943040 bytes, new threshold 6 (max 6)
- age   1:    1920816 bytes,    1920816 total
- age   2:        816 bytes,    1921632 total
- age   3:       1400 bytes,    1923032 total
- age   4:       3712 bytes,    1926744 total
- age   5:       1008 bytes,    1927752 total
- age   6:        440 bytes,    1928192 total
: 656761K->2139K(737280K), 0.0070110 secs] 1652584K->997961K(1761280K), 0.0071660 secs] [Times: user=0.05 sys=0.00, real=0.00 secs] 
849.026: [GC849.026: [ParNew
Desired survivor size 41943040 bytes, new threshold 6 (max 6)
- age   1:    1985920 bytes,    1985920 total
- age   2:      11592 bytes,    1997512 total
- age   3:        712 bytes,    1998224 total
- age   4:       1376 bytes,    1999600 total
- age   5:       3688 bytes,    2003288 total
- age   6:       1008 bytes,    2004296 total
: 657499K->2898K(737280K), 0.0081380 secs] 1653321K->998721K(1761280K), 0.0083340 secs] [Times: user=0.05 sys=0.00, real=0.00 secs] 
849.236: [CMS-concurrent-sweep: 1.058/1.104 secs] [Times: user=8.26 sys=0.18, real=1.11 secs] 
849.236: [CMS-concurrent-reset-start]
849.258: [GC849.258: [ParNew
Desired survivor size 41943040 bytes, new threshold 6 (max 6)
- age   1:    2492512 bytes,    2492512 total
- age   2:       4336 bytes,    2496848 total
- age   3:      11520 bytes,    2508368 total
- age   4:        664 bytes,    2509032 total
- age   5:       1352 bytes,    2510384 total
- age   6:       3688 bytes,    2514072 total
: 658258K->3476K(737280K), 0.0076530 secs] 1653945K->999164K(1761280K), 0.0077960 secs] [Times: user=0.05 sys=0.00, real=0.01 secs] 
849.285: [CMS-concurrent-reset: 0.040/0.049 secs] [Times: user=0.34 sys=0.01, real=0.04 secs] 
849.475: [GC849.475: [ParNew
Desired survivor size 41943040 bytes, new threshold 6 (max 6)
- age   1:     857864 bytes,     857864 total
- age   2:       1408 bytes,     859272 total
- age   3:       4072 bytes,     863344 total
- age   4:      11304 bytes,     874648 total
- age   5:        616 bytes,     875264 total
- age   6:       1328 bytes,     876592 total
: 658836K->2305K(737280K), 0.0064060 secs] 1654524K->997995K(1761280K), 0.0065450 secs] [Times: user=0.05 sys=0.00, real=0.00 secs] 
849.483: [GC [1 CMS-initial-mark: 995690K(1024000K)] 999790K(1761280K), 0.0051380 secs] [Times: user=0.00 sys=0.00, real=0.01 secs] 
849.488: [CMS-concurrent-mark-start]
849.722: [GC849.722: [ParNew
Desired survivor size 41943040 bytes, new threshold 6 (max 6)
- age   1:    3057616 bytes,    3057616 total
- age   2:       1024 bytes,    3058640 total
- age   3:       1408 bytes,    3060048 total
- age   4:       4072 bytes,    3064120 total
- age   5:      11304 bytes,    3075424 total
- age   6:        616 bytes,    3076040 total
: 657665K->3358K(737280K), 0.0080990 secs] 1653355K->999050K(1761280K), 0.0082440 secs] [Times: user=0.06 sys=0.00, real=0.01 secs] 
849.966: [GC849.966: [ParNew
Desired survivor size 41943040 bytes, new threshold 6 (max 6)
- age   1:     270160 bytes,     270160 total
- age   2:       1184 bytes,     271344 total
- age   3:       1024 bytes,     272368 total
- age   4:       1384 bytes,     273752 total
- age   5:       4024 bytes,     277776 total
- age   6:      11304 bytes,     289080 total
: 658718K->2450K(737280K), 0.0060780 secs] 1654410K->998143K(1761280K), 0.0062190 secs] [Times: user=0.05 sys=0.00, real=0.00 secs] 
850.200: [GC850.200: [ParNew
Desired survivor size 41943040 bytes, new threshold 6 (max 6)
- age   1:    2507720 bytes,    2507720 total
- age   2:       4496 bytes,    2512216 total
- age   3:        800 bytes,    2513016 total
- age   4:        880 bytes,    2513896 total
- age   5:       1120 bytes,    2515016 total
- age   6:       3880 bytes,    2518896 total
: 657810K->2828K(737280K), 0.0074970 secs] 1653503K->998533K(1761280K), 0.0076560 secs] [Times: user=0.05 sys=0.00, real=0.01 secs] 
850.475: [GC850.475: [ParNew
Desired survivor size 41943040 bytes, new threshold 6 (max 6)
- age   1:    2398144 bytes,    2398144 total
- age   2:       7544 bytes,    2405688 total
- age   3:       4496 bytes,    2410184 total
- age   4:        800 bytes,    2410984 total
- age   5:        880 bytes,    2411864 total
- age   6:       1120 bytes,    2412984 total
: 658188K->3519K(737280K), 0.0074560 secs] 1653893K->999228K(1761280K), 0.0075880 secs] [Times: user=0.05 sys=0.00, real=0.00 secs] 
850.707: [GC850.707: [ParNew
Desired survivor size 41943040 bytes, new threshold 6 (max 6)
- age   1:    1270536 bytes,    1270536 total
- age   2:       4968 bytes,    1275504 total
- age   3:       7448 bytes,    1282952 total
- age   4:       4376 bytes,    1287328 total
- age   5:        728 bytes,    1288056 total
- age   6:        808 bytes,    1288864 total
: 658879K->2270K(737280K), 0.0065970 secs] 1654588K->997979K(1761280K), 0.0067350 secs] [Times: user=0.04 sys=0.00, real=0.00 secs] 
850.960: [GC850.960: [ParNew
Desired survivor size 41943040 bytes, new threshold 6 (max 6)
- age   1:    1039040 bytes,    1039040 total
- age   2:        904 bytes,    1039944 total
- age   3:        752 bytes,    1040696 total
- age   4:       7184 bytes,    1047880 total
- age   5:       4328 bytes,    1052208 total
- age   6:        560 bytes,    1052768 total
: 657630K->1689K(737280K), 0.0063880 secs] 1653339K->997400K(1761280K), 0.0065340 secs] [Times: user=0.04 sys=0.00, real=0.01 secs] 
851.204: [GC851.204: [ParNew
Desired survivor size 41943040 bytes, new threshold 6 (max 6)
- age   1:    1377176 bytes,    1377176 total
- age   2:       9632 bytes,    1386808 total
- age   3:        736 bytes,    1387544 total
- age   4:        584 bytes,    1388128 total
- age   5:       6944 bytes,    1395072 total
- age   6:       4184 bytes,    1399256 total
: 657049K->1804K(737280K), 0.0067560 secs] 1652760K->997515K(1761280K), 0.0068910 secs] [Times: user=0.05 sys=0.00, real=0.01 secs] 
851.441: [GC851.441: [ParNew
Desired survivor size 41943040 bytes, new threshold 6 (max 6)
- age   1:    3599144 bytes,    3599144 total
- age   2:     310600 bytes,    3909744 total
- age   3:       9416 bytes,    3919160 total
- age   4:        640 bytes,    3919800 total
- age   5:        512 bytes,    3920312 total
- age   6:       6824 bytes,    3927136 total
: 657164K->4489K(737280K), 0.0085670 secs] 1652875K->1000204K(1761280K), 0.0087150 secs] [Times: user=0.06 sys=0.00, real=0.01 secs] 
851.687: [GC851.688: [ParNew
Desired survivor size 41943040 bytes, new threshold 6 (max 6)
- age   1:    1160128 bytes,    1160128 total
- age   2:       4408 bytes,    1164536 total
- age   3:       7168 bytes,    1171704 total
- age   4:       9416 bytes,    1181120 total
- age   5:        640 bytes,    1181760 total
- age   6:        512 bytes,    1182272 total
: 659849K->3197K(737280K), 0.0066750 secs] 1655564K->998919K(1761280K), 0.0068310 secs] [Times: user=0.04 sys=0.00, real=0.00 secs] 
851.926: [GC851.926: [ParNew
Desired survivor size 41943040 bytes, new threshold 6 (max 6)
- age   1:    1771976 bytes,    1771976 total
- age   2:       1160 bytes,    1773136 total
- age   3:       4408 bytes,    1777544 total
- age   4:       7168 bytes,    1784712 total
- age   5:       9392 bytes,    1794104 total
- age   6:        640 bytes,    1794744 total
: 658557K->2311K(737280K), 0.0072660 secs] 1654279K->998035K(1761280K), 0.0074160 secs] [Times: user=0.05 sys=0.00, real=0.00 secs] 
852.184: [GC852.184: [ParNew
Desired survivor size 41943040 bytes, new threshold 6 (max 6)
- age   1:     986424 bytes,     986424 total
- age   2:        600 bytes,     987024 total
- age   3:        904 bytes,     987928 total
- age   4:       4312 bytes,     992240 total
- age   5:       6952 bytes,     999192 total
- age   6:       9224 bytes,    1008416 total
: 657671K->1586K(737280K), 0.0065440 secs] 1653395K->997310K(1761280K), 0.0066880 secs] [Times: user=0.05 sys=0.00, real=0.01 secs] 
852.420: [GC852.420: [ParNew
Desired survivor size 41943040 bytes, new threshold 6 (max 6)
- age   1:    1918048 bytes,    1918048 total
- age   2:       4880 bytes,    1922928 total
- age   3:        600 bytes,    1923528 total
- age   4:        904 bytes,    1924432 total
- age   5:       4280 bytes,    1928712 total
- age   6:       6952 bytes,    1935664 total
: 656946K->2412K(737280K), 0.0069250 secs] 1652670K->998145K(1761280K), 0.0071050 secs] [Times: user=0.04 sys=0.00, real=0.01 secs] 
852.666: [GC852.666: [ParNew
Desired survivor size 41943040 bytes, new threshold 6 (max 6)
- age   1:     369712 bytes,     369712 total
- age   2:       1064 bytes,     370776 total
- age   3:       4880 bytes,     375656 total
- age   4:        600 bytes,     376256 total
- age   5:        904 bytes,     377160 total
- age   6:       4280 bytes,     381440 total
: 657772K->1701K(737280K), 0.0059170 secs] 1653505K->997441K(1761280K), 0.0061410 secs] [Times: user=0.04 sys=0.00, real=0.01 secs] 
852.931: [GC852.931: [ParNew
Desired survivor size 41943040 bytes, new threshold 6 (max 6)
- age   1:     575776 bytes,     575776 total
- age   2:       1168 bytes,     576944 total
- age   3:        880 bytes,     577824 total
- age   4:       4712 bytes,     582536 total
- age   5:        408 bytes,     582944 total
- age   6:        832 bytes,     583776 total
: 657061K->972K(737280K), 0.0064880 secs] 1652801K->996716K(1761280K), 0.0066810 secs] [Times: user=0.04 sys=0.00, real=0.01 secs] 
853.171: [GC853.171: [ParNew
Desired survivor size 41943040 bytes, new threshold 6 (max 6)
- age   1:     763328 bytes,     763328 total
- age   2:      11704 bytes,     775032 total
- age   3:       1120 bytes,     776152 total
- age   4:        880 bytes,     777032 total
- age   5:       4688 bytes,     781720 total
- age   6:        408 bytes,     782128 total
: 656332K->944K(737280K), 0.0064310 secs] 1652076K->996689K(1761280K), 0.0065570 secs] [Times: user=0.04 sys=0.00, real=0.01 secs] 
853.406: [GC853.406: [ParNew
Desired survivor size 41943040 bytes, new threshold 6 (max 6)
- age   1:    1659872 bytes,    1659872 total
- age   2:       1552 bytes,    1661424 total
- age   3:      11552 bytes,    1672976 total
- age   4:       1048 bytes,    1674024 total
- age   5:        880 bytes,    1674904 total
- age   6:       4616 bytes,    1679520 total
: 656304K->1893K(737280K), 0.0067680 secs] 1652049K->997639K(1761280K), 0.0069190 secs] [Times: user=0.05 sys=0.01, real=0.00 secs] 
853.644: [GC853.644: [ParNew
Desired survivor size 41943040 bytes, new threshold 6 (max 6)
- age   1:    1254232 bytes,    1254232 total
- age   2:        872 bytes,    1255104 total
- age   3:       1432 bytes,    1256536 total
- age   4:      11456 bytes,    1267992 total
- age   5:        880 bytes,    1268872 total
- age   6:        760 bytes,    1269632 total
: 657253K->1917K(737280K), 0.0066350 secs] 1652999K->997668K(1761280K), 0.0067930 secs] [Times: user=0.05 sys=0.00, real=0.01 secs] 
853.899: [GC853.900: [ParNew
Desired survivor size 41943040 bytes, new threshold 6 (max 6)
- age   1:     933304 bytes,     933304 total
- age   2:        856 bytes,     934160 total
- age   3:        792 bytes,     934952 total
- age   4:       1336 bytes,     936288 total
- age   5:      11168 bytes,     947456 total
- age   6:        760 bytes,     948216 total
: 657277K->1438K(737280K), 0.0065000 secs] 1653028K->997190K(1761280K), 0.0066550 secs] [Times: user=0.04 sys=0.00, real=0.01 secs] 
854.130: [GC854.130: [ParNew
Desired survivor size 41943040 bytes, new threshold 6 (max 6)
- age   1:    1352672 bytes,    1352672 total
- age   2:       1712 bytes,    1354384 total
- age   3:        856 bytes,    1355240 total
- age   4:        792 bytes,    1356032 total
- age   5:       1312 bytes,    1357344 total
- age   6:      11168 bytes,    1368512 total
: 656798K->1901K(737280K), 0.0065840 secs] 1652550K->997654K(1761280K), 0.0067300 secs] [Times: user=0.05 sys=0.00, real=0.01 secs] 
854.357: [GC854.357: [ParNew
Desired survivor size 41943040 bytes, new threshold 6 (max 6)
- age   1:    1161640 bytes,    1161640 total
- age   2:       1048 bytes,    1162688 total
- age   3:       1352 bytes,    1164040 total
- age   4:        808 bytes,    1164848 total
- age   5:        664 bytes,    1165512 total
- age   6:       1264 bytes,    1166776 total
: 657261K->1883K(737280K), 0.0065160 secs] 1653014K->997647K(1761280K), 0.0066510 secs] [Times: user=0.04 sys=0.00, real=0.00 secs] 
854.600: [GC854.600: [ParNew
Desired survivor size 41943040 bytes, new threshold 6 (max 6)
- age   1:     976632 bytes,     976632 total
- age   2:       1744 bytes,     978376 total
- age   3:        976 bytes,     979352 total
- age   4:       1328 bytes,     980680 total
- age   5:        640 bytes,     981320 total
- age   6:        640 bytes,     981960 total
: 657243K->1606K(737280K), 0.0065510 secs] 1653007K->997372K(1761280K), 0.0067480 secs] [Times: user=0.04 sys=0.00, real=0.01 secs] 
854.848: [GC854.848: [ParNew
Desired survivor size 41943040 bytes, new threshold 6 (max 6)
- age   1:     879432 bytes,     879432 total
- age   2:       1176 bytes,     880608 total
- age   3:       1504 bytes,     882112 total
- age   4:        832 bytes,     882944 total
- age   5:       1088 bytes,     884032 total
- age   6:        496 bytes,     884528 total
: 656966K->1222K(737280K), 0.0062950 secs] 1652732K->996987K(1761280K), 0.0064930 secs] [Times: user=0.04 sys=0.00, real=0.00 secs] 
855.092: [GC855.092: [ParNew
Desired survivor size 41943040 bytes, new threshold 6 (max 6)
- age   1:    1849952 bytes,    1849952 total
- age   2:     292008 bytes,    2141960 total
- age   3:       1176 bytes,    2143136 total
- age   4:       1504 bytes,    2144640 total
- age   5:        808 bytes,    2145448 total
- age   6:       1064 bytes,    2146512 total
: 656582K->2432K(737280K), 0.0073770 secs] 1652347K->998198K(1761280K), 0.0075530 secs] [Times: user=0.05 sys=0.00, real=0.01 secs] 
855.325: [GC855.325: [ParNew
Desired survivor size 41943040 bytes, new threshold 6 (max 6)
- age   1:    1629856 bytes,    1629856 total
- age   2:        800 bytes,    1630656 total
- age   3:      11712 bytes,    1642368 total
- age   4:       1176 bytes,    1643544 total
- age   5:       1504 bytes,    1645048 total
- age   6:        808 bytes,    1645856 total
: 657792K->2662K(737280K), 0.0068150 secs] 1653558K->998430K(1761280K), 0.0069450 secs] [Times: user=0.05 sys=0.00, real=0.01 secs] 
855.547: [GC855.547: [ParNew
Desired survivor size 41943040 bytes, new threshold 6 (max 6)
- age   1:    2374616 bytes,    2374616 total
- age   2:       1360 bytes,    2375976 total
- age   3:        800 bytes,    2376776 total
- age   4:      11712 bytes,    2388488 total
- age   5:       1176 bytes,    2389664 total
- age   6:       1504 bytes,    2391168 total
: 658022K->3092K(737280K), 0.0074680 secs] 1653790K->998861K(1761280K), 0.0076140 secs] [Times: user=0.05 sys=0.00, real=0.00 secs] 
855.771: [GC855.771: [ParNew
Desired survivor size 41943040 bytes, new threshold 6 (max 6)
- age   1:    1040928 bytes,    1040928 total
- age   2:        784 bytes,    1041712 total
- age   3:       1216 bytes,    1042928 total
- age   4:        728 bytes,    1043656 total
- age   5:      11688 bytes,    1055344 total
- age   6:       1056 bytes,    1056400 total
: 658452K->2163K(737280K), 0.0062370 secs] 1654221K->997934K(1761280K), 0.0063780 secs] [Times: user=0.03 sys=0.01, real=0.01 secs] 
856.002: [GC856.002: [ParNew
Desired survivor size 41943040 bytes, new threshold 6 (max 6)
- age   1:    1961800 bytes,    1961800 total
- age   2:        744 bytes,    1962544 total
- age   3:        640 bytes,    1963184 total
- age   4:        976 bytes,    1964160 total
- age   5:        368 bytes,    1964528 total
- age   6:      11520 bytes,    1976048 total
: 657523K->2435K(737280K), 0.0069750 secs] 1653294K->998206K(1761280K), 0.0071310 secs] [Times: user=0.05 sys=0.00, real=0.01 secs] 
856.230: [GC856.230: [ParNew
Desired survivor size 41943040 bytes, new threshold 6 (max 6)
- age   1:    3100464 bytes,    3100464 total
- age   2:       4880 bytes,    3105344 total
- age   3:        648 bytes,    3105992 total
- age   4:        616 bytes,    3106608 total
- age   5:        808 bytes,    3107416 total
- age   6:        272 bytes,    3107688 total
: 657795K->3988K(737280K), 0.0085940 secs] 1653566K->999771K(1761280K), 0.0087400 secs] [Times: user=0.05 sys=0.01, real=0.01 secs] 
856.456: [GC856.456: [ParNew
Desired survivor size 41943040 bytes, new threshold 6 (max 6)
- age   1:    2257992 bytes,    2257992 total
- age   2:     820768 bytes,    3078760 total
- age   3:       4640 bytes,    3083400 total
- age   4:        552 bytes,    3083952 total
- age   5:        592 bytes,    3084544 total
- age   6:        760 bytes,    3085304 total
: 659348K->5055K(737280K), 0.0078570 secs] 1655131K->1000838K(1761280K), 0.0080050 secs] [Times: user=0.06 sys=0.00, real=0.00 secs] 
856.666: [CMS-concurrent-mark: 6.919/7.178 secs] [Times: user=53.46 sys=1.07, real=7.18 secs] 
856.666: [CMS-concurrent-preclean-start]
856.681: [CMS-concurrent-preclean: 0.014/0.015 secs] [Times: user=0.11 sys=0.01, real=0.01 secs] 
856.681: [CMS-concurrent-abortable-preclean-start]
856.693: [GC856.693: [ParNew
Desired survivor size 41943040 bytes, new threshold 6 (max 6)
- age   1:    1719768 bytes,    1719768 total
- age   2:       1680 bytes,    1721448 total
- age   3:      18160 bytes,    1739608 total
- age   4:       4640 bytes,    1744248 total
- age   5:        552 bytes,    1744800 total
- age   6:        592 bytes,    1745392 total
: 660415K->2705K(737280K), 0.0070020 secs] 1656198K->998490K(1761280K), 0.0072460 secs] [Times: user=0.04 sys=0.00, real=0.01 secs] 
856.824: [CMS-concurrent-abortable-preclean: 0.134/0.143 secs] [Times: user=1.07 sys=0.01, real=0.14 secs] 
856.826: [GC[YG occupancy: 392080 K (737280 K)]856.826: [Rescan (parallel) , 0.0807520 secs]856.907: [weak refs processing, 0.0000480 secs]856.907: [scrub string table, 0.0010110 secs] [1 CMS-remark: 995784K(1024000K)] 1387865K(1761280K), 0.0819420 secs] [Times: user=0.58 sys=0.00, real=0.09 secs] 
856.908: [CMS-concurrent-sweep-start]
857.012: [GC857.013: [ParNew
Desired survivor size 41943040 bytes, new threshold 6 (max 6)
- age   1:     592080 bytes,     592080 total
- age   2:       1448 bytes,     593528 total
- age   3:       1560 bytes,     595088 total
- age   4:      18040 bytes,     613128 total
- age   5:       4544 bytes,     617672 total
- age   6:        552 bytes,     618224 total
: 658065K->1729K(737280K), 0.0063270 secs] 1653845K->997510K(1761280K), 0.0064710 secs] [Times: user=0.04 sys=0.00, real=0.01 secs] 
857.250: [GC857.250: [ParNew
Desired survivor size 41943040 bytes, new threshold 6 (max 6)
- age   1:    1716352 bytes,    1716352 total
- age   2:       8184 bytes,    1724536 total
- age   3:       1288 bytes,    1725824 total
- age   4:       1512 bytes,    1727336 total
- age   5:      17920 bytes,    1745256 total
- age   6:       4496 bytes,    1749752 total
: 657089K->1968K(737280K), 0.0085610 secs] 1652865K->997745K(1761280K), 0.0087380 secs] [Times: user=0.06 sys=0.00, real=0.01 secs] 
857.514: [GC857.514: [ParNew
Desired survivor size 41943040 bytes, new threshold 6 (max 6)
- age   1:    1323352 bytes,    1323352 total
- age   2:       4952 bytes,    1328304 total
- age   3:       8184 bytes,    1336488 total
- age   4:       1288 bytes,    1337776 total
- age   5:       1512 bytes,    1339288 total
- age   6:      17896 bytes,    1357184 total
: 657328K->2141K(737280K), 0.0062360 secs] 1653104K->997921K(1761280K), 0.0063860 secs] [Times: user=0.05 sys=0.00, real=0.01 secs] 
857.743: [GC857.743: [ParNew
Desired survivor size 41943040 bytes, new threshold 6 (max 6)
- age   1:    2219464 bytes,    2219464 total
- age   2:     316264 bytes,    2535728 total
- age   3:       4904 bytes,    2540632 total
- age   4:       8064 bytes,    2548696 total
- age   5:       1120 bytes,    2549816 total
- age   6:       1416 bytes,    2551232 total
: 657501K->3039K(737280K), 0.0076830 secs] 1653281K->998837K(1761280K), 0.0078590 secs] [Times: user=0.06 sys=0.00, real=0.01 secs] 
858.010: [GC858.010: [ParNew
Desired survivor size 41943040 bytes, new threshold 6 (max 6)
- age   1:    1985304 bytes,    1985304 total
- age   2:       4016 bytes,    1989320 total
- age   3:       4760 bytes,    1994080 total
- age   4:       4760 bytes,    1998840 total
- age   5:       8016 bytes,    2006856 total
- age   6:       1024 bytes,    2007880 total
: 658399K->3033K(737280K), 0.0074130 secs] 1654197K->998833K(1761280K), 0.0075880 secs] [Times: user=0.05 sys=0.00, real=0.01 secs] 
858.115: [CMS-concurrent-sweep: 1.156/1.207 secs] [Times: user=8.94 sys=0.19, real=1.20 secs] 
858.115: [CMS-concurrent-reset-start]
858.144: [CMS-concurrent-reset: 0.029/0.029 secs] [Times: user=0.22 sys=0.00, real=0.03 secs] 
858.239: [GC858.239: [ParNew
Desired survivor size 41943040 bytes, new threshold 6 (max 6)
- age   1:    1351152 bytes,    1351152 total
- age   2:        744 bytes,    1351896 total
- age   3:       3944 bytes,    1355840 total
- age   4:       4544 bytes,    1360384 total
- age   5:       4400 bytes,    1364784 total
- age   6:       7872 bytes,    1372656 total
: 658393K->2022K(737280K), 0.0065350 secs] 1654036K->997666K(1761280K), 0.0067010 secs] [Times: user=0.04 sys=0.00, real=0.00 secs] 
858.247: [GC [1 CMS-initial-mark: 995644K(1024000K)] 999559K(1761280K), 0.0057520 secs] [Times: user=0.01 sys=0.00, real=0.01 secs] 
858.253: [CMS-concurrent-mark-start]
858.495: [GC858.495: [ParNew
Desired survivor size 41943040 bytes, new threshold 6 (max 6)
- age   1:     804568 bytes,     804568 total
- age   2:       1664 bytes,     806232 total
- age   3:        720 bytes,     806952 total
- age   4:       3920 bytes,     810872 total
- age   5:       4544 bytes,     815416 total
- age   6:       4400 bytes,     819816 total
: 657382K->1510K(737280K), 0.0061700 secs] 1653026K->997162K(1761280K), 0.0063060 secs] [Times: user=0.04 sys=0.01, real=0.01 secs] 
858.734: [GC858.734: [ParNew
Desired survivor size 41943040 bytes, new threshold 6 (max 6)
- age   1:    1959456 bytes,    1959456 total
- age   2:       4128 bytes,    1963584 total
- age   3:       1328 bytes,    1964912 total
- age   4:        576 bytes,    1965488 total
- age   5:       3776 bytes,    1969264 total
- age   6:       4376 bytes,    1973640 total
: 656870K->2372K(737280K), 0.0073610 secs] 1652522K->998029K(1761280K), 0.0074940 secs] [Times: user=0.05 sys=0.00, real=0.01 secs] 
859.004: [GC859.004: [ParNew
Desired survivor size 41943040 bytes, new threshold 6 (max 6)
- age   1:     513112 bytes,     513112 total
- age   2:       4144 bytes,     517256 total
- age   3:       3952 bytes,     521208 total
- age   4:       1064 bytes,     522272 total
- age   5:        528 bytes,     522800 total
- age   6:       3656 bytes,     526456 total
: 657732K->1615K(737280K), 0.0063480 secs] 1653389K->997276K(1761280K), 0.0064970 secs] [Times: user=0.04 sys=0.00, real=0.01 secs] 
859.246: [GC859.247: [ParNew
Desired survivor size 41943040 bytes, new threshold 6 (max 6)
- age   1:     749152 bytes,     749152 total
- age   2:      12064 bytes,     761216 total
- age   3:       3880 bytes,     765096 total
- age   4:       3760 bytes,     768856 total
- age   5:        896 bytes,     769752 total
- age   6:        336 bytes,     770088 total
: 656975K->1064K(737280K), 0.0098060 secs] 1652636K->996729K(1761280K), 0.0099810 secs] [Times: user=0.07 sys=0.00, real=0.01 secs] 
859.500: [GC859.500: [ParNew
Desired survivor size 41943040 bytes, new threshold 6 (max 6)
- age   1:    2347936 bytes,    2347936 total
- age   2:       1400 bytes,    2349336 total
- age   3:      12064 bytes,    2361400 total
- age   4:       3880 bytes,    2365280 total
- age   5:       3760 bytes,    2369040 total
- age   6:        896 bytes,    2369936 total
: 656424K->2701K(737280K), 0.0079370 secs] 1652089K->998366K(1761280K), 0.0081230 secs] [Times: user=0.05 sys=0.00, real=0.01 secs] 
859.741: [GC859.741: [ParNew
Desired survivor size 41943040 bytes, new threshold 6 (max 6)
- age   1:    1215064 bytes,    1215064 total
- age   2:       3816 bytes,    1218880 total
- age   3:       1256 bytes,    1220136 total
- age   4:      11848 bytes,    1231984 total
- age   5:       3856 bytes,    1235840 total
- age   6:       3760 bytes,    1239600 total
: 658061K->2148K(737280K), 0.0066060 secs] 1653726K->997814K(1761280K), 0.0067510 secs] [Times: user=0.04 sys=0.00, real=0.01 secs] 
860.010: [GC860.010: [ParNew
Desired survivor size 41943040 bytes, new threshold 6 (max 6)
- age   1:     780816 bytes,     780816 total
- age   2:       4320 bytes,     785136 total
- age   3:       3744 bytes,     788880 total
- age   4:       1232 bytes,     790112 total
- age   5:      11792 bytes,     801904 total
- age   6:       3856 bytes,     805760 total
: 657508K->1280K(737280K), 0.0065430 secs] 1653174K->996950K(1761280K), 0.0066900 secs] [Times: user=0.05 sys=0.00, real=0.01 secs] 
860.272: [GC860.272: [ParNew
Desired survivor size 41943040 bytes, new threshold 6 (max 6)
- age   1:     195024 bytes,     195024 total
- age   2:       1280 bytes,     196304 total
- age   3:       4056 bytes,     200360 total
- age   4:       3648 bytes,     204008 total
- age   5:        992 bytes,     205000 total
- age   6:      11720 bytes,     216720 total
: 656640K->823K(737280K), 0.0060630 secs] 1652310K->996497K(1761280K), 0.0062590 secs] [Times: user=0.03 sys=0.00, real=0.01 secs] 
860.504: [GC860.504: [ParNew
Desired survivor size 41943040 bytes, new threshold 6 (max 6)
- age   1:     678704 bytes,     678704 total
- age   2:       4696 bytes,     683400 total
- age   3:       1208 bytes,     684608 total
- age   4:       3936 bytes,     688544 total
- age   5:       3600 bytes,     692144 total
- age   6:        992 bytes,     693136 total
: 656183K->808K(737280K), 0.0061920 secs] 1651857K->996493K(1761280K), 0.0063390 secs] [Times: user=0.04 sys=0.01, real=0.01 secs] 
860.749: [GC860.749: [ParNew
Desired survivor size 41943040 bytes, new threshold 6 (max 6)
- age   1:    2335480 bytes,    2335480 total
- age   2:       1224 bytes,    2336704 total
- age   3:       4648 bytes,    2341352 total
- age   4:       1160 bytes,    2342512 total
- age   5:       3888 bytes,    2346400 total
- age   6:       3480 bytes,    2349880 total
: 656168K->2647K(737280K), 0.0074020 secs] 1651853K->998333K(1761280K), 0.0075770 secs] [Times: user=0.05 sys=0.00, real=0.01 secs] 
860.993: [GC860.993: [ParNew
Desired survivor size 41943040 bytes, new threshold 6 (max 6)
- age   1:     234264 bytes,     234264 total
- age   2:       4944 bytes,     239208 total
- age   3:       1128 bytes,     240336 total
- age   4:       4552 bytes,     244888 total
- age   5:       1064 bytes,     245952 total
- age   6:       3816 bytes,     249768 total
: 658007K->1864K(737280K), 0.0062660 secs] 1653693K->997554K(1761280K), 0.0063950 secs] [Times: user=0.03 sys=0.00, real=0.01 secs] 
861.223: [GC861.223: [ParNew
Desired survivor size 41943040 bytes, new threshold 6 (max 6)
- age   1:     575056 bytes,     575056 total
- age   2:       3336 bytes,     578392 total
- age   3:       4848 bytes,     583240 total
- age   4:       1008 bytes,     584248 total
- age   5:       4432 bytes,     588680 total
- age   6:       1040 bytes,     589720 total
: 657224K->831K(737280K), 0.0063230 secs] 1652914K->996525K(1761280K), 0.0064520 secs] [Times: user=0.04 sys=0.00, real=0.01 secs] 
861.475: [GC861.476: [ParNew
Desired survivor size 41943040 bytes, new threshold 6 (max 6)
- age   1:    1502720 bytes,    1502720 total
- age   2:       8120 bytes,    1510840 total
- age   3:        752 bytes,    1511592 total
- age   4:       4416 bytes,    1516008 total
- age   5:        936 bytes,    1516944 total
- age   6:       4240 bytes,    1521184 total
: 656191K->1819K(737280K), 0.0068060 secs] 1651885K->997514K(1761280K), 0.0069230 secs] [Times: user=0.04 sys=0.01, real=0.01 secs] 
861.725: [GC861.725: [ParNew
Desired survivor size 41943040 bytes, new threshold 6 (max 6)
- age   1:    1968080 bytes,    1968080 total
- age   2:      10312 bytes,    1978392 total
- age   3:       8048 bytes,    1986440 total
- age   4:        656 bytes,    1987096 total
- age   5:       4344 bytes,    1991440 total
- age   6:        816 bytes,    1992256 total
: 657179K->2508K(737280K), 0.0077270 secs] 1652874K->998208K(1761280K), 0.0078580 secs] [Times: user=0.05 sys=0.00, real=0.01 secs] 
861.965: [GC861.965: [ParNew
Desired survivor size 41943040 bytes, new threshold 6 (max 6)
- age   1:     645912 bytes,     645912 total
- age   2:       8032 bytes,     653944 total
- age   3:       9944 bytes,     663888 total
- age   4:       8024 bytes,     671912 total
- age   5:        632 bytes,     672544 total
- age   6:       4344 bytes,     676888 total
: 657868K->1772K(737280K), 0.0062740 secs] 1653568K->997473K(1761280K), 0.0064270 secs] [Times: user=0.04 sys=0.00, real=0.01 secs] 
862.210: [GC862.210: [ParNew
Desired survivor size 41943040 bytes, new threshold 6 (max 6)
- age   1:    2066320 bytes,    2066320 total
- age   2:       4864 bytes,    2071184 total
- age   3:       8032 bytes,    2079216 total
- age   4:       9944 bytes,    2089160 total
- age   5:       8000 bytes,    2097160 total
- age   6:        632 bytes,    2097792 total
: 657132K->2433K(737280K), 0.0071240 secs] 1652833K->998138K(1761280K), 0.0072660 secs] [Times: user=0.04 sys=0.00, real=0.01 secs] 
862.436: [GC862.436: [ParNew
Desired survivor size 41943040 bytes, new threshold 6 (max 6)
- age   1:    2122320 bytes,    2122320 total
- age   2:        864 bytes,    2123184 total
- age   3:       4672 bytes,    2127856 total
- age   4:       7744 bytes,    2135600 total
- age   5:       9848 bytes,    2145448 total
- age   6:       7952 bytes,    2153400 total
: 657793K->3166K(737280K), 0.0076450 secs] 1653498K->998872K(1761280K), 0.0078120 secs] [Times: user=0.05 sys=0.00, real=0.01 secs] 
862.668: [GC862.668: [ParNew
Desired survivor size 41943040 bytes, new threshold 6 (max 6)
- age   1:    2300760 bytes,    2300760 total
- age   2:       1144 bytes,    2301904 total
- age   3:        688 bytes,    2302592 total
- age   4:       4544 bytes,    2307136 total
- age   5:       7624 bytes,    2314760 total
- age   6:       9848 bytes,    2324608 total
: 658526K->3498K(737280K), 0.0073500 secs] 1654232K->999212K(1761280K), 0.0075030 secs] [Times: user=0.05 sys=0.01, real=0.00 secs] 
862.912: [GC862.912: [ParNew
Desired survivor size 41943040 bytes, new threshold 6 (max 6)
- age   1:    2875768 bytes,    2875768 total
- age   2:       3984 bytes,    2879752 total
- age   3:        928 bytes,    2880680 total
- age   4:        616 bytes,    2881296 total
- age   5:       4448 bytes,    2885744 total
- age   6:       7576 bytes,    2893320 total
: 658858K->4129K(737280K), 0.0078030 secs] 1654572K->999853K(1761280K), 0.0079540 secs] [Times: user=0.06 sys=0.00, real=0.01 secs] 
863.146: [GC863.146: [ParNew
Desired survivor size 41943040 bytes, new threshold 6 (max 6)
- age   1:     438240 bytes,     438240 total
- age   2:       1152 bytes,     439392 total
- age   3:       3864 bytes,     443256 total
- age   4:        784 bytes,     444040 total
- age   5:        400 bytes,     444440 total
- age   6:       4256 bytes,     448696 total
: 659489K->2669K(737280K), 0.0063150 secs] 1655213K->998401K(1761280K), 0.0064490 secs] [Times: user=0.04 sys=0.01, real=0.01 secs] 
863.386: [GC863.386: [ParNew
Desired survivor size 41943040 bytes, new threshold 6 (max 6)
- age   1:    1232264 bytes,    1232264 total
- age   2:       8432 bytes,    1240696 total
- age   3:       1152 bytes,    1241848 total
- age   4:       3864 bytes,    1245712 total
- age   5:        784 bytes,    1246496 total
- age   6:        376 bytes,    1246872 total
: 658029K->1686K(737280K), 0.0065720 secs] 1653761K->997423K(1761280K), 0.0067290 secs] [Times: user=0.05 sys=0.00, real=0.01 secs] 
863.608: [GC863.609: [ParNew
Desired survivor size 41943040 bytes, new threshold 6 (max 6)
- age   1:    1076456 bytes,    1076456 total
- age   2:       1552 bytes,    1078008 total
- age   3:       8408 bytes,    1086416 total
- age   4:       1056 bytes,    1087472 total
- age   5:       3840 bytes,    1091312 total
- age   6:        640 bytes,    1091952 total
: 657046K->1650K(737280K), 0.0065060 secs] 1652783K->997387K(1761280K), 0.0066300 secs] [Times: user=0.05 sys=0.00, real=0.00 secs] 
863.852: [GC863.852: [ParNew
Desired survivor size 41943040 bytes, new threshold 6 (max 6)
- age   1:    1177928 bytes,    1177928 total
- age   2:       1208 bytes,    1179136 total
- age   3:       1360 bytes,    1180496 total
- age   4:       8264 bytes,    1188760 total
- age   5:        888 bytes,    1189648 total
- age   6:       3768 bytes,    1193416 total
: 657010K->1612K(737280K), 0.0068070 secs] 1652747K->997349K(1761280K), 0.0069830 secs] [Times: user=0.05 sys=0.00, real=0.01 secs] 
864.103: [GC864.103: [ParNew
Desired survivor size 41943040 bytes, new threshold 6 (max 6)
- age   1:     552424 bytes,     552424 total
- age   2:       1024 bytes,     553448 total
- age   3:       1112 bytes,     554560 total
- age   4:       1232 bytes,     555792 total
- age   5:       8144 bytes,     563936 total
- age   6:        720 bytes,     564656 total
: 656972K->1143K(737280K), 0.0063580 secs] 1652709K->996884K(1761280K), 0.0065210 secs] [Times: user=0.03 sys=0.00, real=0.01 secs] 
864.321: [GC864.321: [ParNew
Desired survivor size 41943040 bytes, new threshold 6 (max 6)
- age   1:    2200880 bytes,    2200880 total
- age   2:       7576 bytes,    2208456 total
- age   3:       1024 bytes,    2209480 total
- age   4:       1112 bytes,    2210592 total
- age   5:       1208 bytes,    2211800 total
- age   6:       8144 bytes,    2219944 total
: 656503K->2400K(737280K), 0.0074860 secs] 1652244K->998142K(1761280K), 0.0076070 secs] [Times: user=0.05 sys=0.00, real=0.01 secs] 
864.545: [GC864.546: [ParNew
Desired survivor size 41943040 bytes, new threshold 6 (max 6)
- age   1:     720344 bytes,     720344 total
- age   2:        824 bytes,     721168 total
- age   3:       7528 bytes,     728696 total
- age   4:       1024 bytes,     729720 total
- age   5:       1112 bytes,     730832 total
- age   6:       1208 bytes,     732040 total
: 657760K->1967K(737280K), 0.0063730 secs] 1653502K->997717K(1761280K), 0.0065330 secs] [Times: user=0.05 sys=0.00, real=0.01 secs] 
864.797: [GC864.797: [ParNew
Desired survivor size 41943040 bytes, new threshold 6 (max 6)
- age   1:    1100784 bytes,    1100784 total
- age   2:        688 bytes,    1101472 total
- age   3:        632 bytes,    1102104 total
- age   4:       7480 bytes,    1109584 total
- age   5:        976 bytes,    1110560 total
- age   6:       1040 bytes,    1111600 total
: 657327K->1309K(737280K), 0.0061280 secs] 1653077K->997060K(1761280K), 0.0062730 secs] [Times: user=0.04 sys=0.00, real=0.01 secs] 
865.037: [GC865.037: [ParNew
Desired survivor size 41943040 bytes, new threshold 6 (max 6)
- age   1:    1308704 bytes,    1308704 total
- age   2:       8192 bytes,    1316896 total
- age   3:        640 bytes,    1317536 total
- age   4:        584 bytes,    1318120 total
- age   5:       7408 bytes,    1325528 total
- age   6:        976 bytes,    1326504 total
: 656669K->1694K(737280K), 0.0065280 secs] 1652420K->997447K(1761280K), 0.0066620 secs] [Times: user=0.04 sys=0.00, real=0.01 secs] 
865.272: [GC865.272: [ParNew
Desired survivor size 41943040 bytes, new threshold 6 (max 6)
- age   1:    2199640 bytes,    2199640 total
- age   2:       5880 bytes,    2205520 total
- age   3:       8192 bytes,    2213712 total
- age   4:        640 bytes,    2214352 total
- age   5:        560 bytes,    2214912 total
- age   6:       7408 bytes,    2222320 total
: 657054K->2427K(737280K), 0.0074450 secs] 1652807K->998181K(1761280K), 0.0075920 secs] [Times: user=0.05 sys=0.00, real=0.01 secs] 
865.493: [GC865.493: [ParNew
Desired survivor size 41943040 bytes, new threshold 6 (max 6)
- age   1:     869592 bytes,     869592 total
- age   2:       8520 bytes,     878112 total
- age   3:       5880 bytes,     883992 total
- age   4:       8192 bytes,     892184 total
- age   5:        640 bytes,     892824 total
- age   6:        560 bytes,     893384 total
: 657787K->1931K(737280K), 0.0064120 secs] 1653541K->997692K(1761280K), 0.0066580 secs] [Times: user=0.04 sys=0.00, real=0.01 secs] 
865.715: [GC865.715: [ParNew
Desired survivor size 41943040 bytes, new threshold 6 (max 6)
- age   1:    2264912 bytes,    2264912 total
- age   2:        944 bytes,    2265856 total
- age   3:       8352 bytes,    2274208 total
- age   4:       5568 bytes,    2279776 total
- age   5:       7904 bytes,    2287680 total
- age   6:        400 bytes,    2288080 total
: 657291K->2733K(737280K), 0.0073230 secs] 1653052K->998495K(1761280K), 0.0074790 secs] [Times: user=0.05 sys=0.00, real=0.01 secs] 
865.752: [CMS-concurrent-mark: 7.225/7.499 secs] [Times: user=56.10 sys=1.08, real=7.50 secs] 
865.752: [CMS-concurrent-preclean-start]
865.766: [CMS-concurrent-preclean: 0.014/0.015 secs] [Times: user=0.11 sys=0.00, real=0.01 secs] 
865.766: [CMS-concurrent-abortable-preclean-start]
865.955: [GC865.955: [ParNew
Desired survivor size 41943040 bytes, new threshold 6 (max 6)
- age   1:    1979720 bytes,    1979720 total
- age   2:        816 bytes,    1980536 total
- age   3:        656 bytes,    1981192 total
- age   4:       8280 bytes,    1989472 total
- age   5:       5544 bytes,    1995016 total
- age   6:       7808 bytes,    2002824 total
: 658093K->3052K(737280K), 0.0068340 secs] 1653855K->998814K(1761280K), 0.0070390 secs] [Times: user=0.04 sys=0.00, real=0.01 secs] 
866.089: [CMS-concurrent-abortable-preclean: 0.313/0.322 secs] [Times: user=2.38 sys=0.05, real=0.33 secs] 
866.095: [GC[YG occupancy: 404922 K (737280 K)]866.095: [Rescan (parallel) , 0.0973380 secs]866.193: [weak refs processing, 0.0000310 secs]866.193: [scrub string table, 0.0010230 secs] [1 CMS-remark: 995762K(1024000K)] 1400685K(1761280K), 0.0985370 secs] [Times: user=0.75 sys=0.00, real=0.10 secs] 
866.194: [CMS-concurrent-sweep-start]
866.298: [GC866.298: [ParNew
Desired survivor size 41943040 bytes, new threshold 6 (max 6)
- age   1:     761128 bytes,     761128 total
- age   2:        808 bytes,     761936 total
- age   3:        816 bytes,     762752 total
- age   4:        656 bytes,     763408 total
- age   5:       8256 bytes,     771664 total
- age   6:       5520 bytes,     777184 total
: 658412K->1936K(737280K), 0.0066660 secs] 1654174K->997706K(1761280K), 0.0067880 secs] [Times: user=0.05 sys=0.00, real=0.00 secs] 
866.543: [GC866.543: [ParNew
Desired survivor size 41943040 bytes, new threshold 6 (max 6)
- age   1:    1754656 bytes,    1754656 total
- age   2:       1064 bytes,    1755720 total
- age   3:        760 bytes,    1756480 total
- age   4:        816 bytes,    1757296 total
- age   5:        656 bytes,    1757952 total
- age   6:       8256 bytes,    1766208 total
: 657296K->2021K(737280K), 0.0070940 secs] 1653065K->997796K(1761280K), 0.0072250 secs] [Times: user=0.05 sys=0.00, real=0.01 secs] 
866.784: [GC866.784: [ParNew
Desired survivor size 41943040 bytes, new threshold 6 (max 6)
- age   1:    1703352 bytes,    1703352 total
- age   2:       1480 bytes,    1704832 total
- age   3:        800 bytes,    1705632 total
- age   4:        472 bytes,    1706104 total
- age   5:        672 bytes,    1706776 total
- age   6:        344 bytes,    1707120 total
: 657381K->2558K(737280K), 0.0070540 secs] 1653156K->998341K(1761280K), 0.0071920 secs] [Times: user=0.04 sys=0.01, real=0.01 secs] 
867.026: [GC867.026: [ParNew
Desired survivor size 41943040 bytes, new threshold 6 (max 6)
- age   1:    2090400 bytes,    2090400 total
- age   2:       4944 bytes,    2095344 total
- age   3:       1312 bytes,    2096656 total
- age   4:        776 bytes,    2097432 total
- age   5:        472 bytes,    2097904 total
- age   6:        672 bytes,    2098576 total
: 657918K->2827K(737280K), 0.0072120 secs] 1653701K->998611K(1761280K), 0.0073940 secs] [Times: user=0.05 sys=0.00, real=0.01 secs] 
867.275: [GC867.275: [ParNew
Desired survivor size 41943040 bytes, new threshold 6 (max 6)
- age   1:    1759200 bytes,    1759200 total
- age   2:       3584 bytes,    1762784 total
- age   3:       4608 bytes,    1767392 total
- age   4:        904 bytes,    1768296 total
- age   5:        440 bytes,    1768736 total
- age   6:        256 bytes,    1768992 total
: 658187K->2426K(737280K), 0.0072350 secs] 1653971K->998210K(1761280K), 0.0074060 secs] [Times: user=0.04 sys=0.00, real=0.01 secs] 
867.511: [GC867.511: [ParNew
Desired survivor size 41943040 bytes, new threshold 6 (max 6)
- age   1:    1296568 bytes,    1296568 total
- age   2:      15216 bytes,    1311784 total
- age   3:       3536 bytes,    1315320 total
- age   4:       4464 bytes,    1319784 total
- age   5:        808 bytes,    1320592 total
- age   6:        320 bytes,    1320912 total
: 657786K->2003K(737280K), 0.0067070 secs] 1653570K->997787K(1761280K), 0.0069210 secs] [Times: user=0.04 sys=0.01, real=0.01 secs] 
867.636: [CMS-concurrent-sweep: 1.389/1.442 secs] [Times: user=10.72 sys=0.24, real=1.44 secs] 
867.637: [CMS-concurrent-reset-start]
867.671: [CMS-concurrent-reset: 0.035/0.035 secs] [Times: user=0.27 sys=0.00, real=0.04 secs] 
867.740: [GC867.740: [ParNew
Desired survivor size 41943040 bytes, new threshold 6 (max 6)
- age   1:     879664 bytes,     879664 total
- age   2:       4144 bytes,     883808 total
- age   3:      15216 bytes,     899024 total
- age   4:       3536 bytes,     902560 total
- age   5:       4464 bytes,     907024 total
- age   6:        808 bytes,     907832 total
: 657363K->1589K(737280K), 0.0063600 secs] 1653054K->997280K(1761280K), 0.0065620 secs] [Times: user=0.04 sys=0.01, real=0.00 secs] 
867.757: [GC [1 CMS-initial-mark: 995691K(1024000K)] 1027797K(1761280K), 0.0243530 secs] [Times: user=0.03 sys=0.00, real=0.03 secs] 
867.782: [CMS-concurrent-mark-start]
868.028: [GC868.028: [ParNew
Desired survivor size 41943040 bytes, new threshold 6 (max 6)
- age   1:    1600680 bytes,    1600680 total
- age   2:        944 bytes,    1601624 total
- age   3:       3856 bytes,    1605480 total
- age   4:      14976 bytes,    1620456 total
- age   5:       3368 bytes,    1623824 total
- age   6:       4440 bytes,    1628264 total
: 656949K->1885K(737280K), 0.0071210 secs] 1652640K->997577K(1761280K), 0.0072970 secs] [Times: user=0.05 sys=0.00, real=0.00 secs] 
868.273: [GC868.273: [ParNew
Desired survivor size 41943040 bytes, new threshold 6 (max 6)
- age   1:    2211864 bytes,    2211864 total
- age   2:       4800 bytes,    2216664 total
- age   3:        912 bytes,    2217576 total
- age   4:       3856 bytes,    2221432 total
- age   5:      14952 bytes,    2236384 total
- age   6:       3368 bytes,    2239752 total
: 657245K->2557K(737280K), 0.0072780 secs] 1652937K->998254K(1761280K), 0.0074450 secs] [Times: user=0.05 sys=0.00, real=0.01 secs] 
868.510: [GC868.510: [ParNew
Desired survivor size 41943040 bytes, new threshold 6 (max 6)
- age   1:    1438608 bytes,    1438608 total
- age   2:        848 bytes,    1439456 total
- age   3:       4800 bytes,    1444256 total
- age   4:        912 bytes,    1445168 total
- age   5:       3856 bytes,    1449024 total
- age   6:      14952 bytes,    1463976 total
: 657917K->2476K(737280K), 0.0070440 secs] 1653614K->998176K(1761280K), 0.0071870 secs] [Times: user=0.04 sys=0.01, real=0.00 secs] 
868.752: [GC868.752: [ParNew
Desired survivor size 41943040 bytes, new threshold 6 (max 6)
- age   1:    1403640 bytes,    1403640 total
- age   2:       1112 bytes,    1404752 total
- age   3:        800 bytes,    1405552 total
- age   4:       4728 bytes,    1410280 total
- age   5:        816 bytes,    1411096 total
- age   6:       3688 bytes,    1414784 total
: 657836K->1805K(737280K), 0.0068610 secs] 1653536K->997520K(1761280K), 0.0069890 secs] [Times: user=0.04 sys=0.00, real=0.01 secs] 
868.997: [GC868.997: [ParNew
Desired survivor size 41943040 bytes, new threshold 6 (max 6)
- age   1:     361448 bytes,     361448 total
- age   2:       4832 bytes,     366280 total
- age   3:       1080 bytes,     367360 total
- age   4:        800 bytes,     368160 total
- age   5:       4728 bytes,     372888 total
- age   6:        816 bytes,     373704 total
: 657165K->1294K(737280K), 0.0062040 secs] 1652880K->997012K(1761280K), 0.0063350 secs] [Times: user=0.04 sys=0.00, real=0.01 secs] 
869.257: [GC869.257: [ParNew
Desired survivor size 41943040 bytes, new threshold 6 (max 6)
- age   1:     437776 bytes,     437776 total
- age   2:        952 bytes,     438728 total
- age   3:       4328 bytes,     443056 total
- age   4:        720 bytes,     443776 total
- age   5:        416 bytes,     444192 total
- age   6:       4464 bytes,     448656 total
: 656654K->726K(737280K), 0.0060630 secs] 1652372K->996445K(1761280K), 0.0062030 secs] [Times: user=0.05 sys=0.00, real=0.01 secs] 
869.515: [GC869.515: [ParNew
Desired survivor size 41943040 bytes, new threshold 6 (max 6)
- age   1:     887936 bytes,     887936 total
- age   2:       9760 bytes,     897696 total
- age   3:        856 bytes,     898552 total
- age   4:       4064 bytes,     902616 total
- age   5:        672 bytes,     903288 total
- age   6:        392 bytes,     903680 total
: 656086K->1188K(737280K), 0.0065160 secs] 1651805K->996912K(1761280K), 0.0066420 secs] [Times: user=0.04 sys=0.01, real=0.01 secs] 
869.770: [GC869.770: [ParNew
Desired survivor size 41943040 bytes, new threshold 6 (max 6)
- age   1:    1000192 bytes,    1000192 total
- age   2:       4072 bytes,    1004264 total
- age   3:       9448 bytes,    1013712 total
- age   4:        424 bytes,    1014136 total
- age   5:       3848 bytes,    1017984 total
- age   6:        576 bytes,    1018560 total
: 656548K->1347K(737280K), 0.0066000 secs] 1652272K->997071K(1761280K), 0.0068210 secs] [Times: user=0.05 sys=0.01, real=0.00 secs] 
870.032: [GC870.032: [ParNew
Desired survivor size 41943040 bytes, new threshold 6 (max 6)
- age   1:    1841248 bytes,    1841248 total
- age   2:       5544 bytes,    1846792 total
- age   3:       3904 bytes,    1850696 total
- age   4:       9352 bytes,    1860048 total
- age   5:        424 bytes,    1860472 total
- age   6:       3848 bytes,    1864320 total
: 656707K->2346K(737280K), 0.0069980 secs] 1652431K->998071K(1761280K), 0.0072040 secs] [Times: user=0.05 sys=0.00, real=0.01 secs] 
870.282: [GC870.282: [ParNew
Desired survivor size 41943040 bytes, new threshold 6 (max 6)
- age   1:    2349536 bytes,    2349536 total
- age   2:       4608 bytes,    2354144 total
- age   3:       5544 bytes,    2359688 total
- age   4:       3904 bytes,    2363592 total
- age   5:       9328 bytes,    2372920 total
- age   6:        424 bytes,    2373344 total
: 657706K->3000K(737280K), 0.0075140 secs] 1653431K->998729K(1761280K), 0.0076880 secs] [Times: user=0.05 sys=0.00, real=0.01 secs] 
870.563: [GC870.563: [ParNew
Desired survivor size 41943040 bytes, new threshold 6 (max 6)
- age   1:     636272 bytes,     636272 total
- age   2:       1120 bytes,     637392 total
- age   3:       4608 bytes,     642000 total
- age   4:       5544 bytes,     647544 total
- age   5:       3904 bytes,     651448 total
- age   6:       9328 bytes,     660776 total
: 658360K->2138K(737280K), 0.0061730 secs] 1654089K->997867K(1761280K), 0.0062990 secs] [Times: user=0.04 sys=0.00, real=0.01 secs] 
870.785: [GC870.785: [ParNew
Desired survivor size 41943040 bytes, new threshold 6 (max 6)
- age   1:    1377376 bytes,    1377376 total
- age   2:       1000 bytes,    1378376 total
- age   3:       1120 bytes,    1379496 total
- age   4:       4608 bytes,    1384104 total
- age   5:       5544 bytes,    1389648 total
- age   6:       3904 bytes,    1393552 total
: 657498K->1652K(737280K), 0.0066500 secs] 1653227K->997391K(1761280K), 0.0068000 secs] [Times: user=0.04 sys=0.01, real=0.01 secs] 
871.033: [GC871.033: [ParNew
Desired survivor size 41943040 bytes, new threshold 6 (max 6)
- age   1:     711712 bytes,     711712 total
- age   2:       1152 bytes,     712864 total
- age   3:        760 bytes,     713624 total
- age   4:        856 bytes,     714480 total
- age   5:       4440 bytes,     718920 total
- age   6:       5448 bytes,     724368 total
: 657012K->1344K(737280K), 0.0061840 secs] 1652751K->997086K(1761280K), 0.0063360 secs] [Times: user=0.04 sys=0.00, real=0.01 secs] 
871.271: [GC871.271: [ParNew
Desired survivor size 41943040 bytes, new threshold 6 (max 6)
- age   1:    1166600 bytes,    1166600 total
- age   2:       7800 bytes,    1174400 total
- age   3:        912 bytes,    1175312 total
- age   4:        592 bytes,    1175904 total
- age   5:        616 bytes,    1176520 total
- age   6:       4200 bytes,    1180720 total
: 656704K->1339K(737280K), 0.0065590 secs] 1652446K->997087K(1761280K), 0.0067000 secs] [Times: user=0.04 sys=0.00, real=0.00 secs] 
871.508: [GC871.508: [ParNew
Desired survivor size 41943040 bytes, new threshold 6 (max 6)
- age   1:    2450800 bytes,    2450800 total
- age   2:       8144 bytes,    2458944 total
- age   3:       7776 bytes,    2466720 total
- age   4:        912 bytes,    2467632 total
- age   5:        592 bytes,    2468224 total
- age   6:        616 bytes,    2468840 total
: 656699K->3017K(737280K), 0.0072890 secs] 1652447K->998769K(1761280K), 0.0074300 secs] [Times: user=0.05 sys=0.00, real=0.01 secs] 
871.722: [GC871.722: [ParNew
Desired survivor size 41943040 bytes, new threshold 6 (max 6)
- age   1:     653512 bytes,     653512 total
- age   2:       7640 bytes,     661152 total
- age   3:       8120 bytes,     669272 total
- age   4:       7776 bytes,     677048 total
- age   5:        912 bytes,     677960 total
- age   6:        592 bytes,     678552 total
: 658377K->2059K(737280K), 0.0060410 secs] 1654129K->997812K(1761280K), 0.0062410 secs] [Times: user=0.04 sys=0.00, real=0.00 secs] 
871.974: [GC871.974: [ParNew
Desired survivor size 41943040 bytes, new threshold 6 (max 6)
- age   1:    1419448 bytes,    1419448 total
- age   2:        680 bytes,    1420128 total
- age   3:       7448 bytes,    1427576 total
- age   4:       7784 bytes,    1435360 total
- age   5:       7344 bytes,    1442704 total
- age   6:        672 bytes,    1443376 total
: 657419K->1701K(737280K), 0.0068430 secs] 1653172K->997455K(1761280K), 0.0069880 secs] [Times: user=0.05 sys=0.00, real=0.01 secs] 
872.200: [GC872.201: [ParNew
Desired survivor size 41943040 bytes, new threshold 6 (max 6)
- age   1:     969840 bytes,     969840 total
- age   2:       1968 bytes,     971808 total
- age   3:        680 bytes,     972488 total
- age   4:       7448 bytes,     979936 total
- age   5:       7784 bytes,     987720 total
- age   6:       7320 bytes,     995040 total
: 657061K->1687K(737280K), 0.0069400 secs] 1652815K->997441K(1761280K), 0.0070870 secs] [Times: user=0.04 sys=0.00, real=0.00 secs] 
872.444: [GC872.444: [ParNew
Desired survivor size 41943040 bytes, new threshold 6 (max 6)
- age   1:     387696 bytes,     387696 total
- age   2:        864 bytes,     388560 total
- age   3:       1848 bytes,     390408 total
- age   4:        584 bytes,     390992 total
- age   5:       7376 bytes,     398368 total
- age   6:       7688 bytes,     406056 total
: 657047K->838K(737280K), 0.0061120 secs] 1652801K->996600K(1761280K), 0.0062430 secs] [Times: user=0.03 sys=0.00, real=0.01 secs] 
872.666: [GC872.666: [ParNew
Desired survivor size 41943040 bytes, new threshold 6 (max 6)
- age   1:    1154584 bytes,    1154584 total
- age   2:       1232 bytes,    1155816 total
- age   3:        504 bytes,    1156320 total
- age   4:       1680 bytes,    1158000 total
- age   5:        536 bytes,    1158536 total
- age   6:       7328 bytes,    1165864 total
: 656198K->1305K(737280K), 0.0065210 secs] 1651960K->997074K(1761280K), 0.0066780 secs] [Times: user=0.05 sys=0.00, real=0.01 secs] 
872.904: [GC872.904: [ParNew
Desired survivor size 41943040 bytes, new threshold 6 (max 6)
- age   1:    1013720 bytes,    1013720 total
- age   2:       7896 bytes,    1021616 total
- age   3:        992 bytes,    1022608 total
- age   4:        456 bytes,    1023064 total
- age   5:       1608 bytes,    1024672 total
- age   6:        488 bytes,    1025160 total
: 656665K->1516K(737280K), 0.0067570 secs] 1652434K->997292K(1761280K), 0.0068980 secs] [Times: user=0.04 sys=0.00, real=0.01 secs] 
873.129: [GC873.129: [ParNew
Desired survivor size 41943040 bytes, new threshold 6 (max 6)
- age   1:     322456 bytes,     322456 total
- age   2:       3784 bytes,     326240 total
- age   3:       7848 bytes,     334088 total
- age   4:        800 bytes,     334888 total
- age   5:        288 bytes,     335176 total
- age   6:       1464 bytes,     336640 total
: 656876K->984K(737280K), 0.0059620 secs] 1652652K->996761K(1761280K), 0.0060910 secs] [Times: user=0.04 sys=0.00, real=0.00 secs] 
873.357: [GC873.357: [ParNew
Desired survivor size 41943040 bytes, new threshold 6 (max 6)
- age   1:     852032 bytes,     852032 total
- age   2:       4576 bytes,     856608 total
- age   3:       3784 bytes,     860392 total
- age   4:       7848 bytes,     868240 total
- age   5:        776 bytes,     869016 total
- age   6:        288 bytes,     869304 total
: 656344K->1025K(737280K), 0.0063920 secs] 1652121K->996804K(1761280K), 0.0065150 secs] [Times: user=0.05 sys=0.00, real=0.01 secs] 
873.593: [GC873.593: [ParNew
Desired survivor size 41943040 bytes, new threshold 6 (max 6)
- age   1:     621776 bytes,     621776 total
- age   2:       7992 bytes,     629768 total
- age   3:       4336 bytes,     634104 total
- age   4:       3688 bytes,     637792 total
- age   5:       7776 bytes,     645568 total
- age   6:        656 bytes,     646224 total
: 656385K->988K(737280K), 0.0065260 secs] 1652164K->996767K(1761280K), 0.0066940 secs] [Times: user=0.04 sys=0.00, real=0.01 secs] 
873.828: [GC873.828: [ParNew
Desired survivor size 41943040 bytes, new threshold 6 (max 6)
- age   1:    1125216 bytes,    1125216 total
- age   2:       7464 bytes,    1132680 total
- age   3:       7872 bytes,    1140552 total
- age   4:       4048 bytes,    1144600 total
- age   5:       3640 bytes,    1148240 total
- age   6:       7752 bytes,    1155992 total
: 656348K->1387K(737280K), 0.0066130 secs] 1652127K->997167K(1761280K), 0.0067620 secs] [Times: user=0.04 sys=0.00, real=0.01 secs] 
874.072: [GC874.072: [ParNew
Desired survivor size 41943040 bytes, new threshold 6 (max 6)
- age   1:    1965016 bytes,    1965016 total
- age   2:       1928 bytes,    1966944 total
- age   3:       7464 bytes,    1974408 total
- age   4:       7872 bytes,    1982280 total
- age   5:       4024 bytes,    1986304 total
- age   6:       3640 bytes,    1989944 total
: 656747K->2398K(737280K), 0.0070280 secs] 1652527K->998186K(1761280K), 0.0071630 secs] [Times: user=0.04 sys=0.00, real=0.01 secs] 
874.299: [GC874.299: [ParNew
Desired survivor size 41943040 bytes, new threshold 6 (max 6)
- age   1:    1079664 bytes,    1079664 total
- age   2:       1464 bytes,    1081128 total
- age   3:       1832 bytes,    1082960 total
- age   4:       7312 bytes,    1090272 total
- age   5:       7752 bytes,    1098024 total
- age   6:       3976 bytes,    1102000 total
: 657758K->1710K(737280K), 0.0065250 secs] 1653546K->997501K(1761280K), 0.0066710 secs] [Times: user=0.05 sys=0.00, real=0.00 secs] 
874.538: [GC874.539: [ParNew
Desired survivor size 41943040 bytes, new threshold 6 (max 6)
- age   1:     913184 bytes,     913184 total
- age   2:       1232 bytes,     914416 total
- age   3:       1464 bytes,     915880 total
- age   4:       1832 bytes,     917712 total
- age   5:       7312 bytes,     925024 total
- age   6:       7752 bytes,     932776 total
: 657070K->1543K(737280K), 0.0064760 secs] 1652861K->997338K(1761280K), 0.0066130 secs] [Times: user=0.04 sys=0.00, real=0.01 secs] 
874.766: [GC874.766: [ParNew
Desired survivor size 41943040 bytes, new threshold 6 (max 6)
- age   1:     271488 bytes,     271488 total
- age   2:       1544 bytes,     273032 total
- age   3:       1064 bytes,     274096 total
- age   4:       1176 bytes,     275272 total
- age   5:       1640 bytes,     276912 total
- age   6:       7120 bytes,     284032 total
: 656903K->650K(737280K), 0.0061170 secs] 1652698K->996453K(1761280K), 0.0062470 secs] [Times: user=0.04 sys=0.01, real=0.01 secs] 
875.023: [GC875.023: [ParNew
Desired survivor size 41943040 bytes, new threshold 6 (max 6)
- age   1:    2435648 bytes,    2435648 total
- age   2:       7488 bytes,    2443136 total
- age   3:       1544 bytes,    2444680 total
- age   4:       1032 bytes,    2445712 total
- age   5:       1176 bytes,    2446888 total
- age   6:       1640 bytes,    2448528 total
: 656010K->2499K(737280K), 0.0078130 secs] 1651813K->998310K(1761280K), 0.0079680 secs] [Times: user=0.06 sys=0.00, real=0.01 secs] 
875.263: [GC875.264: [ParNew
Desired survivor size 41943040 bytes, new threshold 6 (max 6)
- age   1:    2776968 bytes,    2776968 total
- age   2:       1008 bytes,    2777976 total
- age   3:       7368 bytes,    2785344 total
- age   4:       1376 bytes,    2786720 total
- age   5:       1008 bytes,    2787728 total
- age   6:        984 bytes,    2788712 total
: 657859K->3487K(737280K), 0.0079070 secs] 1653670K->999300K(1761280K), 0.0081440 secs] [Times: user=0.05 sys=0.00, real=0.01 secs] 
875.498: [GC875.498: [ParNew
Desired survivor size 41943040 bytes, new threshold 6 (max 6)
- age   1:    1521904 bytes,    1521904 total
- age   2:      16160 bytes,    1538064 total
- age   3:        904 bytes,    1538968 total
- age   4:       7304 bytes,    1546272 total
- age   5:       1376 bytes,    1547648 total
- age   6:        984 bytes,    1548632 total
: 658847K->2507K(737280K), 0.0069140 secs] 1654660K->998321K(1761280K), 0.0070860 secs] [Times: user=0.05 sys=0.00, real=0.01 secs] 
875.721: [GC875.721: [ParNew
Desired survivor size 41943040 bytes, new threshold 6 (max 6)
- age   1:    1799112 bytes,    1799112 total
- age   2:       4160 bytes,    1803272 total
- age   3:      16112 bytes,    1819384 total
- age   4:        712 bytes,    1820096 total
- age   5:       7064 bytes,    1827160 total
- age   6:       1112 bytes,    1828272 total
: 657867K->2641K(737280K), 0.0069460 secs] 1653681K->998456K(1761280K), 0.0071090 secs] [Times: user=0.05 sys=0.00, real=0.00 secs] 
875.955: [GC875.955: [ParNew
Desired survivor size 41943040 bytes, new threshold 6 (max 6)
- age   1:    3737056 bytes,    3737056 total
- age   2:       2672 bytes,    3739728 total
- age   3:       3872 bytes,    3743600 total
- age   4:      15872 bytes,    3759472 total
- age   5:        592 bytes,    3760064 total
- age   6:       6896 bytes,    3766960 total
: 658001K->4448K(737280K), 0.0084430 secs] 1653816K->1000264K(1761280K), 0.0086100 secs] [Times: user=0.05 sys=0.00, real=0.01 secs] 
876.177: [GC876.177: [ParNew
Desired survivor size 41943040 bytes, new threshold 6 (max 6)
- age   1:    1319792 bytes,    1319792 total
- age   2:       4248 bytes,    1324040 total
- age   3:        776 bytes,    1324816 total
- age   4:       3872 bytes,    1328688 total
- age   5:      15848 bytes,    1344536 total
- age   6:        592 bytes,    1345128 total
: 659808K->3203K(737280K), 0.0065250 secs] 1655624K->999026K(1761280K), 0.0066700 secs] [Times: user=0.04 sys=0.00, real=0.01 secs] 
876.401: [GC876.401: [ParNew
Desired survivor size 41943040 bytes, new threshold 6 (max 6)
- age   1:    1562280 bytes,    1562280 total
- age   2:       4096 bytes,    1566376 total
- age   3:       4128 bytes,    1570504 total
- age   4:        680 bytes,    1571184 total
- age   5:       3848 bytes,    1575032 total
- age   6:      15848 bytes,    1590880 total
: 658563K->2263K(737280K), 0.0072830 secs] 1654386K->998087K(1761280K), 0.0074070 secs] [Times: user=0.05 sys=0.00, real=0.00 secs] 
876.506: [CMS-concurrent-mark: 8.411/8.724 secs] [Times: user=64.92 sys=1.33, real=8.72 secs] 
876.506: [CMS-concurrent-preclean-start]
876.519: [CMS-concurrent-preclean: 0.013/0.014 secs] [Times: user=0.10 sys=0.01, real=0.02 secs] 
876.520: [CMS-concurrent-abortable-preclean-start]
876.635: [GC876.635: [ParNew
Desired survivor size 41943040 bytes, new threshold 6 (max 6)
- age   1:     445112 bytes,     445112 total
- age   2:        832 bytes,     445944 total
- age   3:       4096 bytes,     450040 total
- age   4:       4128 bytes,     454168 total
- age   5:        680 bytes,     454848 total
- age   6:       3848 bytes,     458696 total
: 657623K->1488K(737280K), 0.0062420 secs] 1653447K->997327K(1761280K), 0.0063730 secs] [Times: user=0.04 sys=0.00, real=0.01 secs] 
876.811: [CMS-concurrent-abortable-preclean: 0.170/0.291 secs] [Times: user=2.19 sys=0.04, real=0.29 secs] 
876.817: [GC[YG occupancy: 534555 K (737280 K)]876.817: [Rescan (parallel) , 0.3037580 secs]877.121: [weak refs processing, 0.0000300 secs]877.121: [scrub string table, 0.0010260 secs] [1 CMS-remark: 995839K(1024000K)] 1530395K(1761280K), 0.3049830 secs] [Times: user=2.16 sys=0.01, real=0.31 secs] 
877.122: [CMS-concurrent-sweep-start]
877.178: [GC877.178: [ParNew
Desired survivor size 41943040 bytes, new threshold 6 (max 6)
- age   1:     608560 bytes,     608560 total
- age   2:       4592 bytes,     613152 total
- age   3:        760 bytes,     613912 total
- age   4:       3928 bytes,     617840 total
- age   5:       3984 bytes,     621824 total
- age   6:        608 bytes,     622432 total
: 656848K->968K(737280K), 0.0062980 secs] 1652687K->996810K(1761280K), 0.0064230 secs] [Times: user=0.04 sys=0.00, real=0.01 secs] 
877.435: [GC877.435: [ParNew
Desired survivor size 41943040 bytes, new threshold 6 (max 6)
- age   1:    1358272 bytes,    1358272 total
- age   2:       7960 bytes,    1366232 total
- age   3:       4592 bytes,    1370824 total
- age   4:        736 bytes,    1371560 total
- age   5:       3928 bytes,    1375488 total
- age   6:       3984 bytes,    1379472 total
: 656328K->1730K(737280K), 0.0068050 secs] 1652169K->997573K(1761280K), 0.0069980 secs] [Times: user=0.05 sys=0.00, real=0.01 secs] 
877.674: [GC877.674: [ParNew
Desired survivor size 41943040 bytes, new threshold 6 (max 6)
- age   1:     978888 bytes,     978888 total
- age   2:      12288 bytes,     991176 total
- age   3:       7672 bytes,     998848 total
- age   4:       4400 bytes,    1003248 total
- age   5:        592 bytes,    1003840 total
- age   6:       3736 bytes,    1007576 total
: 657090K->1731K(737280K), 0.0065540 secs] 1652933K->997578K(1761280K), 0.0067070 secs] [Times: user=0.04 sys=0.00, real=0.01 secs] 
877.927: [GC877.927: [ParNew
Desired survivor size 41943040 bytes, new threshold 6 (max 6)
- age   1:    1607032 bytes,    1607032 total
- age   2:       2576 bytes,    1609608 total
- age   3:      12000 bytes,    1621608 total
- age   4:       7624 bytes,    1629232 total
- age   5:       4240 bytes,    1633472 total
- age   6:        568 bytes,    1634040 total
: 657091K->1972K(737280K), 0.0074730 secs] 1652938K->997823K(1761280K), 0.0076360 secs] [Times: user=0.05 sys=0.01, real=0.01 secs] 
878.169: [GC878.169: [ParNew
Desired survivor size 41943040 bytes, new threshold 6 (max 6)
- age   1:     706928 bytes,     706928 total
- age   2:       1288 bytes,     708216 total
- age   3:       2576 bytes,     710792 total
- age   4:      12000 bytes,     722792 total
- age   5:       7600 bytes,     730392 total
- age   6:       4240 bytes,     734632 total
: 657332K->1361K(737280K), 0.0062370 secs] 1653183K->997212K(1761280K), 0.0064470 secs] [Times: user=0.04 sys=0.00, real=0.01 secs] 
878.417: [GC878.417: [ParNew
Desired survivor size 41943040 bytes, new threshold 6 (max 6)
- age   1:     826440 bytes,     826440 total
- age   2:       1032 bytes,     827472 total
- age   3:       1256 bytes,     828728 total
- age   4:       2576 bytes,     831304 total
- age   5:      11976 bytes,     843280 total
- age   6:       7600 bytes,     850880 total
: 656721K->1066K(737280K), 0.0064250 secs] 1652570K->996920K(1761280K), 0.0066000 secs] [Times: user=0.05 sys=0.00, real=0.01 secs] 
878.482: [CMS-concurrent-sweep: 1.307/1.360 secs] [Times: user=10.04 sys=0.21, real=1.36 secs] 
878.482: [CMS-concurrent-reset-start]
878.553: [CMS-concurrent-reset: 0.070/0.070 secs] [Times: user=0.55 sys=0.01, real=0.07 secs] 
878.643: [GC878.643: [ParNew
Desired survivor size 41943040 bytes, new threshold 6 (max 6)
- age   1:    1563168 bytes,    1563168 total
- age   2:       1400 bytes,    1564568 total
- age   3:        936 bytes,    1565504 total
- age   4:       1208 bytes,    1566712 total
- age   5:       2480 bytes,    1569192 total
- age   6:      11880 bytes,    1581072 total
: 656426K->1841K(737280K), 0.0072340 secs] 1652233K->997656K(1761280K), 0.0073880 secs] [Times: user=0.04 sys=0.00, real=0.01 secs] 
878.652: [GC [1 CMS-initial-mark: 995814K(1024000K)] 1001588K(1761280K), 0.0062230 secs] [Times: user=0.00 sys=0.00, real=0.00 secs] 
878.658: [CMS-concurrent-mark-start]
878.900: [GC878.900: [ParNew
Desired survivor size 41943040 bytes, new threshold 6 (max 6)
- age   1:    1028192 bytes,    1028192 total
- age   2:       4808 bytes,    1033000 total
- age   3:       1400 bytes,    1034400 total
- age   4:        936 bytes,    1035336 total
- age   5:       1208 bytes,    1036544 total
- age   6:       2480 bytes,    1039024 total
: 657201K->1689K(737280K), 0.0069990 secs] 1653016K->997517K(1761280K), 0.0071530 secs] [Times: user=0.04 sys=0.00, real=0.00 secs] 
879.155: [GC879.155: [ParNew
Desired survivor size 41943040 bytes, new threshold 6 (max 6)
- age   1:    2026136 bytes,    2026136 total
- age   2:        424 bytes,    2026560 total
- age   3:       4544 bytes,    2031104 total
- age   4:       1280 bytes,    2032384 total
- age   5:        744 bytes,    2033128 total
- age   6:       1112 bytes,    2034240 total
: 657049K->2335K(737280K), 0.0073070 secs] 1652877K->998165K(1761280K), 0.0074750 secs] [Times: user=0.05 sys=0.00, real=0.01 secs] 
879.405: [GC879.406: [ParNew
Desired survivor size 41943040 bytes, new threshold 6 (max 6)
- age   1:    1467936 bytes,    1467936 total
- age   2:       1376 bytes,    1469312 total
- age   3:        424 bytes,    1469736 total
- age   4:       4544 bytes,    1474280 total
- age   5:       1224 bytes,    1475504 total
- age   6:        744 bytes,    1476248 total
: 657695K->2205K(737280K), 0.0069620 secs] 1653525K->998036K(1761280K), 0.0071650 secs] [Times: user=0.04 sys=0.00, real=0.01 secs] 
879.649: [GC879.649: [ParNew
Desired survivor size 41943040 bytes, new threshold 6 (max 6)
- age   1:    1588864 bytes,    1588864 total
- age   2:       8288 bytes,    1597152 total
- age   3:       1304 bytes,    1598456 total
- age   4:        376 bytes,    1598832 total
- age   5:       4448 bytes,    1603280 total
- age   6:       1056 bytes,    1604336 total
: 657565K->2474K(737280K), 0.0070040 secs] 1653396K->998305K(1761280K), 0.0071420 secs] [Times: user=0.04 sys=0.01, real=0.01 secs] 
879.900: [GC879.900: [ParNew
Desired survivor size 41943040 bytes, new threshold 6 (max 6)
- age   1:    1159664 bytes,    1159664 total
- age   2:       1184 bytes,    1160848 total
- age   3:       8288 bytes,    1169136 total
- age   4:       1304 bytes,    1170440 total
- age   5:        376 bytes,    1170816 total
- age   6:       4416 bytes,    1175232 total
: 657834K->1750K(737280K), 0.0067580 secs] 1653665K->997582K(1761280K), 0.0069650 secs] [Times: user=0.04 sys=0.00, real=0.00 secs] 
880.155: [GC880.155: [ParNew
Desired survivor size 41943040 bytes, new threshold 6 (max 6)
- age   1:     761600 bytes,     761600 total
- age   2:       1312 bytes,     762912 total
- age   3:       1184 bytes,     764096 total
- age   4:       8288 bytes,     772384 total
- age   5:       1280 bytes,     773664 total
- age   6:        376 bytes,     774040 total
: 657110K->1405K(737280K), 0.0061080 secs] 1652942K->997243K(1761280K), 0.0062400 secs] [Times: user=0.05 sys=0.00, real=0.01 secs] 
880.396: [GC880.396: [ParNew
Desired survivor size 41943040 bytes, new threshold 6 (max 6)
- age   1:     534272 bytes,     534272 total
- age   2:       1432 bytes,     535704 total
- age   3:       1144 bytes,     536848 total
- age   4:       1064 bytes,     537912 total
- age   5:       8024 bytes,     545936 total
- age   6:       1184 bytes,     547120 total
: 656765K->893K(737280K), 0.0062350 secs] 1652603K->996731K(1761280K), 0.0064170 secs] [Times: user=0.04 sys=0.00, real=0.01 secs] 
880.640: [GC880.640: [ParNew
Desired survivor size 41943040 bytes, new threshold 6 (max 6)
- age   1:     909960 bytes,     909960 total
- age   2:       4408 bytes,     914368 total
- age   3:       1240 bytes,     915608 total
- age   4:       1056 bytes,     916664 total
- age   5:        992 bytes,     917656 total
- age   6:       7952 bytes,     925608 total
: 656253K->1135K(737280K), 0.0068520 secs] 1652091K->996974K(1761280K), 0.0070210 secs] [Times: user=0.04 sys=0.00, real=0.00 secs] 
880.898: [GC880.898: [ParNew
Desired survivor size 41943040 bytes, new threshold 6 (max 6)
- age   1:    1275648 bytes,    1275648 total
- age   2:       1456 bytes,    1277104 total
- age   3:       4312 bytes,    1281416 total
- age   4:       1120 bytes,    1282536 total
- age   5:        936 bytes,    1283472 total
- age   6:        872 bytes,    1284344 total
: 656495K->1530K(737280K), 0.0070040 secs] 1652334K->997377K(1761280K), 0.0071590 secs] [Times: user=0.05 sys=0.00, real=0.01 secs] 
881.150: [GC881.150: [ParNew
Desired survivor size 41943040 bytes, new threshold 6 (max 6)
- age   1:    1645528 bytes,    1645528 total
- age   2:        808 bytes,    1646336 total
- age   3:       1328 bytes,    1647664 total
- age   4:       4048 bytes,    1651712 total
- age   5:        736 bytes,    1652448 total
- age   6:        696 bytes,    1653144 total
: 656890K->2122K(737280K), 0.0068480 secs] 1652737K->997970K(1761280K), 0.0069900 secs] [Times: user=0.04 sys=0.01, real=0.00 secs] 
881.393: [GC881.393: [ParNew
Desired survivor size 41943040 bytes, new threshold 6 (max 6)
- age   1:    2008112 bytes,    2008112 total
- age   2:       5264 bytes,    2013376 total
- age   3:        784 bytes,    2014160 total
- age   4:       1160 bytes,    2015320 total
- age   5:       3760 bytes,    2019080 total
- age   6:        400 bytes,    2019480 total
: 657482K->2801K(737280K), 0.0073690 secs] 1653330K->998649K(1761280K), 0.0076160 secs] [Times: user=0.05 sys=0.00, real=0.01 secs] 
881.689: [GC881.689: [ParNew
Desired survivor size 41943040 bytes, new threshold 6 (max 6)
- age   1:    1033200 bytes,    1033200 total
- age   2:      11496 bytes,    1044696 total
- age   3:       5264 bytes,    1049960 total
- age   4:        784 bytes,    1050744 total
- age   5:       1160 bytes,    1051904 total
- age   6:       3760 bytes,    1055664 total
: 658161K->2547K(737280K), 0.0098970 secs] 1654009K->998396K(1761280K), 0.0100480 secs] [Times: user=0.07 sys=0.00, real=0.01 secs] 
882.051: [GC882.052: [ParNew
Desired survivor size 41943040 bytes, new threshold 6 (max 6)
- age   1:    2469360 bytes,    2469360 total
- age   2:       1128 bytes,    2470488 total
- age   3:      11376 bytes,    2481864 total
- age   4:       4928 bytes,    2486792 total
- age   5:        616 bytes,    2487408 total
- age   6:       1064 bytes,    2488472 total
: 657907K->2867K(737280K), 0.0204410 secs] 1653756K->998720K(1761280K), 0.0206200 secs] [Times: user=0.06 sys=0.00, real=0.02 secs] 
882.305: [GC882.305: [ParNew
Desired survivor size 41943040 bytes, new threshold 6 (max 6)
- age   1:    1119640 bytes,    1119640 total
- age   2:       7760 bytes,    1127400 total
- age   3:       1128 bytes,    1128528 total
- age   4:      11376 bytes,    1139904 total
- age   5:       4904 bytes,    1144808 total
- age   6:        616 bytes,    1145424 total
: 658227K->2035K(737280K), 0.0067050 secs] 1654080K->997889K(1761280K), 0.0068370 secs] [Times: user=0.05 sys=0.00, real=0.01 secs] 
882.553: [GC882.553: [ParNew
Desired survivor size 41943040 bytes, new threshold 6 (max 6)
- age   1:    2003456 bytes,    2003456 total
- age   2:        952 bytes,    2004408 total
- age   3:       7688 bytes,    2012096 total
- age   4:       1104 bytes,    2013200 total
- age   5:      11352 bytes,    2024552 total
- age   6:       4904 bytes,    2029456 total
: 657395K->2436K(737280K), 0.0071570 secs] 1653249K->998291K(1761280K), 0.0073080 secs] [Times: user=0.05 sys=0.00, real=0.01 secs] 
882.804: [GC882.804: [ParNew
Desired survivor size 41943040 bytes, new threshold 6 (max 6)
- age   1:    2424240 bytes,    2424240 total
- age   2:       1568 bytes,    2425808 total
- age   3:        952 bytes,    2426760 total
- age   4:       7688 bytes,    2434448 total
- age   5:       1104 bytes,    2435552 total
- age   6:      11352 bytes,    2446904 total
: 657796K->3007K(737280K), 0.0072350 secs] 1653651K->998867K(1761280K), 0.0073800 secs] [Times: user=0.05 sys=0.00, real=0.01 secs] 
883.114: [GC883.114: [ParNew
Desired survivor size 41943040 bytes, new threshold 6 (max 6)
- age   1:     509648 bytes,     509648 total
- age   2:       3576 bytes,     513224 total
- age   3:       1208 bytes,     514432 total
- age   4:        736 bytes,     515168 total
- age   5:       7376 bytes,     522544 total
- age   6:        960 bytes,     523504 total
: 658367K->2221K(737280K), 0.0338840 secs] 1654227K->998092K(1761280K), 0.0340320 secs] [Times: user=0.05 sys=0.00, real=0.03 secs] 
883.409: [GC883.409: [ParNew
Desired survivor size 41943040 bytes, new threshold 6 (max 6)
- age   1:    2498080 bytes,    2498080 total
- age   2:       7264 bytes,    2505344 total
- age   3:       3576 bytes,    2508920 total
- age   4:       1184 bytes,    2510104 total
- age   5:        712 bytes,    2510816 total
- age   6:       7424 bytes,    2518240 total
: 657581K->2818K(737280K), 0.0071310 secs] 1653452K->998690K(1761280K), 0.0072800 secs] [Times: user=0.05 sys=0.00, real=0.01 secs] 
883.663: [GC883.663: [ParNew
Desired survivor size 41943040 bytes, new threshold 6 (max 6)
- age   1:    1441408 bytes,    1441408 total
- age   2:       8344 bytes,    1449752 total
- age   3:       7168 bytes,    1456920 total
- age   4:       3480 bytes,    1460400 total
- age   5:       1064 bytes,    1461464 total
- age   6:        712 bytes,    1462176 total
: 658178K->2015K(737280K), 0.0068100 secs] 1654050K->997895K(1761280K), 0.0070540 secs] [Times: user=0.04 sys=0.00, real=0.01 secs] 
883.923: [GC883.923: [ParNew
Desired survivor size 41943040 bytes, new threshold 6 (max 6)
- age   1:     765528 bytes,     765528 total
- age   2:        816 bytes,     766344 total
- age   3:       8104 bytes,     774448 total
- age   4:       6976 bytes,     781424 total
- age   5:       3360 bytes,     784784 total
- age   6:        968 bytes,     785752 total
: 657375K->1574K(737280K), 0.0061410 secs] 1653255K->997455K(1761280K), 0.0062440 secs] [Times: user=0.04 sys=0.00, real=0.00 secs] 
884.175: [GC884.175: [ParNew
Desired survivor size 41943040 bytes, new threshold 6 (max 6)
- age   1:     851344 bytes,     851344 total
- age   2:       4640 bytes,     855984 total
- age   3:        664 bytes,     856648 total
- age   4:       7960 bytes,     864608 total
- age   5:       6904 bytes,     871512 total
- age   6:       3312 bytes,     874824 total
: 656934K->1277K(737280K), 0.0068290 secs] 1652815K->997159K(1761280K), 0.0069800 secs] [Times: user=0.04 sys=0.00, real=0.01 secs] 
884.415: [GC884.415: [ParNew
Desired survivor size 41943040 bytes, new threshold 6 (max 6)
- age   1:    1450144 bytes,    1450144 total
- age   2:        976 bytes,    1451120 total
- age   3:       4600 bytes,    1455720 total
- age   4:        664 bytes,    1456384 total
- age   5:       7936 bytes,    1464320 total
- age   6:       6904 bytes,    1471224 total
: 656637K->1723K(737280K), 0.0067320 secs] 1652519K->997609K(1761280K), 0.0068900 secs] [Times: user=0.05 sys=0.00, real=0.01 secs] 
884.641: [GC884.641: [ParNew
Desired survivor size 41943040 bytes, new threshold 6 (max 6)
- age   1:     908352 bytes,     908352 total
- age   2:       1384 bytes,     909736 total
- age   3:        848 bytes,     910584 total
- age   4:       4360 bytes,     914944 total
- age   5:        448 bytes,     915392 total
- age   6:       7696 bytes,     923088 total
: 657083K->1440K(737280K), 0.0064740 secs] 1652969K->997333K(1761280K), 0.0066180 secs] [Times: user=0.04 sys=0.00, real=0.00 secs] 
884.865: [GC884.865: [ParNew
Desired survivor size 41943040 bytes, new threshold 6 (max 6)
- age   1:    2023448 bytes,    2023448 total
- age   2:       4496 bytes,    2027944 total
- age   3:       1384 bytes,    2029328 total
- age   4:        848 bytes,    2030176 total
- age   5:       4360 bytes,    2034536 total
- age   6:        448 bytes,    2034984 total
: 656800K->2614K(737280K), 0.0071740 secs] 1652693K->998514K(1761280K), 0.0073330 secs] [Times: user=0.05 sys=0.00, real=0.01 secs] 
884.925: [CMS-concurrent-mark: 5.937/6.267 secs] [Times: user=45.03 sys=0.88, real=6.27 secs] 
884.925: [CMS-concurrent-preclean-start]
884.940: [CMS-concurrent-preclean: 0.013/0.014 secs] [Times: user=0.11 sys=0.00, real=0.01 secs] 
884.940: [CMS-concurrent-abortable-preclean-start]
885.115: [GC885.115: [ParNew
Desired survivor size 41943040 bytes, new threshold 6 (max 6)
- age   1:    1716280 bytes,    1716280 total
- age   2:        848 bytes,    1717128 total
- age   3:       4448 bytes,    1721576 total
- age   4:       1312 bytes,    1722888 total
- age   5:        752 bytes,    1723640 total
- age   6:       4312 bytes,    1727952 total
: 657974K->2609K(737280K), 0.0069160 secs] 1653874K->998509K(1761280K), 0.0070710 secs] [Times: user=0.04 sys=0.00, real=0.01 secs] 
885.262: [CMS-concurrent-abortable-preclean: 0.313/0.322 secs] [Times: user=2.43 sys=0.04, real=0.33 secs] 
885.333: [GC[YG occupancy: 624715 K (737280 K)]885.333: [Rescan (parallel) , 0.1969280 secs]885.530: [weak refs processing, 0.0000290 secs]885.530: [scrub string table, 0.0010360 secs] [1 CMS-remark: 995900K(1024000K)] 1620616K(1761280K), 0.1981640 secs] [Times: user=1.49 sys=0.00, real=0.20 secs] 
885.532: [CMS-concurrent-sweep-start]
885.549: [GC885.549: [ParNew
Desired survivor size 41943040 bytes, new threshold 6 (max 6)
- age   1:    1362544 bytes,    1362544 total
- age   2:     764480 bytes,    2127024 total
- age   3:        848 bytes,    2127872 total
- age   4:       4408 bytes,    2132280 total
- age   5:       1288 bytes,    2133568 total
- age   6:        728 bytes,    2134296 total
: 657969K->3188K(737280K), 0.0071350 secs] 1653869K->999093K(1761280K), 0.0073410 secs] [Times: user=0.05 sys=0.00, real=0.01 secs] 
885.804: [GC885.804: [ParNew
Desired survivor size 41943040 bytes, new threshold 6 (max 6)
- age   1:     539000 bytes,     539000 total
- age   2:       9128 bytes,     548128 total
- age   3:       5000 bytes,     553128 total
- age   4:        824 bytes,     553952 total
- age   5:       4384 bytes,     558336 total
- age   6:       1288 bytes,     559624 total
: 658548K->1988K(737280K), 0.0062310 secs] 1654447K->997888K(1761280K), 0.0063930 secs] [Times: user=0.04 sys=0.00, real=0.01 secs] 
886.055: [GC886.055: [ParNew
Desired survivor size 41943040 bytes, new threshold 6 (max 6)
- age   1:     966368 bytes,     966368 total
- age   2:       4392 bytes,     970760 total
- age   3:       9088 bytes,     979848 total
- age   4:       5000 bytes,     984848 total
- age   5:        824 bytes,     985672 total
- age   6:       4384 bytes,     990056 total
: 657348K->1267K(737280K), 0.0066110 secs] 1653248K->997169K(1761280K), 0.0067580 secs] [Times: user=0.04 sys=0.00, real=0.01 secs] 
886.298: [GC886.298: [ParNew
Desired survivor size 41943040 bytes, new threshold 6 (max 6)
- age   1:    1513104 bytes,    1513104 total
- age   2:       3184 bytes,    1516288 total
- age   3:       4200 bytes,    1520488 total
- age   4:       8848 bytes,    1529336 total
- age   5:       4808 bytes,    1534144 total
- age   6:        728 bytes,    1534872 total
: 656627K->1988K(737280K), 0.0070080 secs] 1652529K->997894K(1761280K), 0.0071540 secs] [Times: user=0.05 sys=0.00, real=0.01 secs] 
886.544: [GC886.544: [ParNew
Desired survivor size 41943040 bytes, new threshold 6 (max 6)
- age   1:    2106040 bytes,    2106040 total
- age   2:       3864 bytes,    2109904 total
- age   3:        928 bytes,    2110832 total
- age   4:       3768 bytes,    2114600 total
- age   5:       8608 bytes,    2123208 total
- age   6:       4544 bytes,    2127752 total
: 657348K->2690K(737280K), 0.0070790 secs] 1653254K->998597K(1761280K), 0.0072330 secs] [Times: user=0.04 sys=0.00, real=0.01 secs] 
886.738: [CMS-concurrent-sweep: 1.138/1.206 secs] [Times: user=8.93 sys=0.17, real=1.20 secs] 
886.738: [CMS-concurrent-reset-start]
886.769: [CMS-concurrent-reset: 0.031/0.031 secs] [Times: user=0.24 sys=0.01, real=0.03 secs] 
886.799: [GC886.799: [ParNew
Desired survivor size 41943040 bytes, new threshold 6 (max 6)
- age   1:     907760 bytes,     907760 total
- age   2:       1336 bytes,     909096 total
- age   3:       3816 bytes,     912912 total
- age   4:        832 bytes,     913744 total
- age   5:       3744 bytes,     917488 total
- age   6:       8464 bytes,     925952 total
: 658050K->2131K(737280K), 0.0063000 secs] 1653867K->997953K(1761280K), 0.0064500 secs] [Times: user=0.04 sys=0.00, real=0.01 secs] 
886.806: [GC [1 CMS-initial-mark: 995822K(1024000K)] 999271K(1761280K), 0.0049960 secs] [Times: user=0.00 sys=0.00, real=0.01 secs] 
886.811: [CMS-concurrent-mark-start]
887.069: [GC887.069: [ParNew
Desired survivor size 41943040 bytes, new threshold 6 (max 6)
- age   1:     765528 bytes,     765528 total
- age   2:       4600 bytes,     770128 total
- age   3:       1336 bytes,     771464 total
- age   4:       3816 bytes,     775280 total
- age   5:        832 bytes,     776112 total
- age   6:       3744 bytes,     779856 total
: 657491K->1219K(737280K), 0.0063670 secs] 1653313K->997050K(1761280K), 0.0064890 secs] [Times: user=0.04 sys=0.00, real=0.01 secs] 
887.292: [GC887.293: [ParNew
Desired survivor size 41943040 bytes, new threshold 6 (max 6)
- age   1:    1151864 bytes,    1151864 total
- age   2:       5800 bytes,    1157664 total
- age   3:       4600 bytes,    1162264 total
- age   4:       1336 bytes,    1163600 total
- age   5:       3792 bytes,    1167392 total
- age   6:        792 bytes,    1168184 total
: 656579K->1452K(737280K), 0.0067100 secs] 1652410K->997286K(1761280K), 0.0069220 secs] [Times: user=0.04 sys=0.01, real=0.00 secs] 
887.532: [GC887.532: [ParNew
Desired survivor size 41943040 bytes, new threshold 6 (max 6)
- age   1:     240200 bytes,     240200 total
- age   2:       3856 bytes,     244056 total
- age   3:       5560 bytes,     249616 total
- age   4:       4480 bytes,     254096 total
- age   5:       1240 bytes,     255336 total
- age   6:       3696 bytes,     259032 total
: 656812K->1049K(737280K), 0.0061930 secs] 1652646K->996884K(1761280K), 0.0063470 secs] [Times: user=0.04 sys=0.01, real=0.00 secs] 
887.777: [GC887.777: [ParNew
Desired survivor size 41943040 bytes, new threshold 6 (max 6)
- age   1:     864432 bytes,     864432 total
- age   2:        656 bytes,     865088 total
- age   3:       3808 bytes,     868896 total
- age   4:       5464 bytes,     874360 total
- age   5:       4456 bytes,     878816 total
- age   6:       1192 bytes,     880008 total
: 656409K->1057K(737280K), 0.0064270 secs] 1652244K->996897K(1761280K), 0.0065980 secs] [Times: user=0.04 sys=0.00, real=0.01 secs] 
888.042: [GC888.043: [ParNew
Desired survivor size 41943040 bytes, new threshold 6 (max 6)
- age   1:    1209696 bytes,    1209696 total
- age   2:       9032 bytes,    1218728 total
- age   3:        584 bytes,    1219312 total
- age   4:       3640 bytes,    1222952 total
- age   5:       5248 bytes,    1228200 total
- age   6:       4264 bytes,    1232464 total
: 656417K->1542K(737280K), 0.0068800 secs] 1652257K->997383K(1761280K), 0.0070250 secs] [Times: user=0.04 sys=0.01, real=0.00 secs] 
888.280: [GC888.280: [ParNew
Desired survivor size 41943040 bytes, new threshold 6 (max 6)
- age   1:    1355872 bytes,    1355872 total
- age   2:       1176 bytes,    1357048 total
- age   3:       8936 bytes,    1365984 total
- age   4:        488 bytes,    1366472 total
- age   5:       3592 bytes,    1370064 total
- age   6:       5056 bytes,    1375120 total
: 656902K->1897K(737280K), 0.0066920 secs] 1652743K->997742K(1761280K), 0.0068580 secs] [Times: user=0.05 sys=0.00, real=0.01 secs] 
888.520: [GC888.520: [ParNew
Desired survivor size 41943040 bytes, new threshold 6 (max 6)
- age   1:    1861984 bytes,    1861984 total
- age   2:       4360 bytes,    1866344 total
- age   3:       1128 bytes,    1867472 total
- age   4:       8864 bytes,    1876336 total
- age   5:        488 bytes,    1876824 total
- age   6:       3592 bytes,    1880416 total
: 657257K->2556K(737280K), 0.0072320 secs] 1653102K->998407K(1761280K), 0.0073770 secs] [Times: user=0.04 sys=0.00, real=0.01 secs] 
888.770: [GC888.770: [ParNew
Desired survivor size 41943040 bytes, new threshold 6 (max 6)
- age   1:     868880 bytes,     868880 total
- age   2:       1584 bytes,     870464 total
- age   3:       4264 bytes,     874728 total
- age   4:        840 bytes,     875568 total
- age   5:       8672 bytes,     884240 total
- age   6:        392 bytes,     884632 total
: 657916K->1696K(737280K), 0.0063500 secs] 1653767K->997551K(1761280K), 0.0064940 secs] [Times: user=0.04 sys=0.00, real=0.01 secs] 
889.021: [GC889.021: [ParNew
Desired survivor size 41943040 bytes, new threshold 6 (max 6)
- age   1:    2659744 bytes,    2659744 total
- age   2:       1224 bytes,    2660968 total
- age   3:       1584 bytes,    2662552 total
- age   4:       4264 bytes,    2666816 total
- age   5:        840 bytes,    2667656 total
- age   6:       8672 bytes,    2676328 total
: 657056K->2992K(737280K), 0.0080260 secs] 1652911K->998847K(1761280K), 0.0081830 secs] [Times: user=0.05 sys=0.00, real=0.00 secs] 
889.269: [GC889.270: [ParNew
Desired survivor size 41943040 bytes, new threshold 6 (max 6)
- age   1:     794848 bytes,     794848 total
- age   2:        824 bytes,     795672 total
- age   3:       1104 bytes,     796776 total
- age   4:       1440 bytes,     798216 total
- age   5:       4216 bytes,     802432 total
- age   6:        840 bytes,     803272 total
: 658352K->2147K(737280K), 0.0064400 secs] 1654207K->998010K(1761280K), 0.0066150 secs] [Times: user=0.03 sys=0.00, real=0.01 secs] 
889.520: [GC889.520: [ParNew
Desired survivor size 41943040 bytes, new threshold 6 (max 6)
- age   1:    1029480 bytes,    1029480 total
- age   2:       1312 bytes,    1030792 total
- age   3:        680 bytes,    1031472 total
- age   4:        768 bytes,    1032240 total
- age   5:       1152 bytes,    1033392 total
- age   6:       4120 bytes,    1037512 total
: 657507K->1374K(737280K), 0.0066360 secs] 1653370K->997238K(1761280K), 0.0067840 secs] [Times: user=0.03 sys=0.00, real=0.01 secs] 
889.767: [GC889.767: [ParNew
Desired survivor size 41943040 bytes, new threshold 6 (max 6)
- age   1:    3270032 bytes,    3270032 total
- age   2:       5432 bytes,    3275464 total
- age   3:       1216 bytes,    3276680 total
- age   4:        632 bytes,    3277312 total
- age   5:        720 bytes,    3278032 total
- age   6:       1024 bytes,    3279056 total
: 656734K->3655K(737280K), 0.0078990 secs] 1652598K->999523K(1761280K), 0.0080640 secs] [Times: user=0.05 sys=0.00, real=0.01 secs] 
890.012: [GC890.012: [ParNew
Desired survivor size 41943040 bytes, new threshold 6 (max 6)
- age   1:    2368256 bytes,    2368256 total
- age   2:       8048 bytes,    2376304 total
- age   3:        944 bytes,    2377248 total
- age   4:       1096 bytes,    2378344 total
- age   5:        584 bytes,    2378928 total
- age   6:        672 bytes,    2379600 total
: 659015K->3626K(737280K), 0.0075640 secs] 1654883K->999495K(1761280K), 0.0077390 secs] [Times: user=0.05 sys=0.00, real=0.00 secs] 
890.247: [GC890.247: [ParNew
Desired survivor size 41943040 bytes, new threshold 6 (max 6)
- age   1:    3798656 bytes,    3798656 total
- age   2:       1968 bytes,    3800624 total
- age   3:       7944 bytes,    3808568 total
- age   4:        840 bytes,    3809408 total
- age   5:       1048 bytes,    3810456 total
- age   6:        584 bytes,    3811040 total
: 658986K->5104K(737280K), 0.0105050 secs] 1654855K->1000975K(1761280K), 0.0106890 secs] [Times: user=0.08 sys=0.00, real=0.01 secs] 
890.595: [GC890.595: [ParNew
Desired survivor size 41943040 bytes, new threshold 6 (max 6)
- age   1:    1685368 bytes,    1685368 total
- age   2:       4344 bytes,    1689712 total
- age   3:       1968 bytes,    1691680 total
- age   4:       7920 bytes,    1699600 total
- age   5:        840 bytes,    1700440 total
- age   6:       1048 bytes,    1701488 total
: 660464K->3815K(737280K), 0.0085830 secs] 1656335K->999686K(1761280K), 0.0088000 secs] [Times: user=0.04 sys=0.00, real=0.01 secs] 
890.847: [GC890.847: [ParNew
Desired survivor size 41943040 bytes, new threshold 6 (max 6)
- age   1:     253424 bytes,     253424 total
- age   2:        904 bytes,     254328 total
- age   3:       4248 bytes,     258576 total
- age   4:       1872 bytes,     260448 total
- age   5:       7896 bytes,     268344 total
- age   6:        672 bytes,     269016 total
: 659175K->1471K(737280K), 0.0059990 secs] 1655046K->997343K(1761280K), 0.0061260 secs] [Times: user=0.04 sys=0.00, real=0.01 secs] 
891.083: [GC891.083: [ParNew
Desired survivor size 41943040 bytes, new threshold 6 (max 6)
- age   1:     918392 bytes,     918392 total
- age   2:       4040 bytes,     922432 total
- age   3:        496 bytes,     922928 total
- age   4:       4032 bytes,     926960 total
- age   5:       1632 bytes,     928592 total
- age   6:       7704 bytes,     936296 total
: 656831K->1146K(737280K), 0.0063750 secs] 1652703K->997019K(1761280K), 0.0065150 secs] [Times: user=0.04 sys=0.00, real=0.00 secs] 
891.307: [GC891.307: [ParNew
Desired survivor size 41943040 bytes, new threshold 6 (max 6)
- age   1:    1343544 bytes,    1343544 total
- age   2:       8144 bytes,    1351688 total
- age   3:       3944 bytes,    1355632 total
- age   4:        472 bytes,    1356104 total
- age   5:       3888 bytes,    1359992 total
- age   6:       1608 bytes,    1361600 total
: 656506K->1678K(737280K), 0.0068510 secs] 1652379K->997559K(1761280K), 0.0069870 secs] [Times: user=0.05 sys=0.00, real=0.01 secs] 
891.532: [GC891.532: [ParNew
Desired survivor size 41943040 bytes, new threshold 6 (max 6)
- age   1:    1154912 bytes,    1154912 total
- age   2:       7776 bytes,    1162688 total
- age   3:       8120 bytes,    1170808 total
- age   4:       3944 bytes,    1174752 total
- age   5:        472 bytes,    1175224 total
- age   6:       3888 bytes,    1179112 total
: 657038K->1941K(737280K), 0.0065200 secs] 1652919K->997823K(1761280K), 0.0066560 secs] [Times: user=0.04 sys=0.00, real=0.00 secs] 
891.758: [GC891.758: [ParNew
Desired survivor size 41943040 bytes, new threshold 6 (max 6)
- age   1:    3167872 bytes,    3167872 total
- age   2:       1384 bytes,    3169256 total
- age   3:       7656 bytes,    3176912 total
- age   4:       8096 bytes,    3185008 total
- age   5:       3944 bytes,    3188952 total
- age   6:        448 bytes,    3189400 total
: 657301K->3469K(737280K), 0.0084380 secs] 1653183K->999356K(1761280K), 0.0085880 secs] [Times: user=0.06 sys=0.00, real=0.01 secs] 
891.995: [GC891.995: [ParNew
Desired survivor size 41943040 bytes, new threshold 6 (max 6)
- age   1:     660776 bytes,     660776 total
- age   2:       8264 bytes,     669040 total
- age   3:       1192 bytes,     670232 total
- age   4:       7536 bytes,     677768 total
- age   5:       7808 bytes,     685576 total
- age   6:       3824 bytes,     689400 total
: 658829K->2518K(737280K), 0.0061860 secs] 1654716K->998405K(1761280K), 0.0063250 secs] [Times: user=0.04 sys=0.01, real=0.00 secs] 
892.218: [GC892.218: [ParNew
Desired survivor size 41943040 bytes, new threshold 6 (max 6)
- age   1:    1532736 bytes,    1532736 total
- age   2:       1440 bytes,    1534176 total
- age   3:       8072 bytes,    1542248 total
- age   4:       1168 bytes,    1543416 total
- age   5:       7512 bytes,    1550928 total
- age   6:       7808 bytes,    1558736 total
: 657878K->1995K(737280K), 0.0069990 secs] 1653765K->997885K(1761280K), 0.0071820 secs] [Times: user=0.05 sys=0.00, real=0.01 secs] 
892.444: [GC892.444: [ParNew
Desired survivor size 41943040 bytes, new threshold 6 (max 6)
- age   1:     660160 bytes,     660160 total
- age   2:       4232 bytes,     664392 total
- age   3:       1272 bytes,     665664 total
- age   4:       7976 bytes,     673640 total
- age   5:       1096 bytes,     674736 total
- age   6:       7320 bytes,     682056 total
: 657355K->1508K(737280K), 0.0068120 secs] 1653245K->997407K(1761280K), 0.0069600 secs] [Times: user=0.04 sys=0.00, real=0.00 secs] 
892.685: [GC892.685: [ParNew
Desired survivor size 41943040 bytes, new threshold 6 (max 6)
- age   1:    1390736 bytes,    1390736 total
- age   2:       4280 bytes,    1395016 total
- age   3:       4232 bytes,    1399248 total
- age   4:       1272 bytes,    1400520 total
- age   5:       7952 bytes,    1408472 total
- age   6:       1096 bytes,    1409568 total
: 656868K->1682K(737280K), 0.0071460 secs] 1652767K->997588K(1761280K), 0.0072940 secs] [Times: user=0.05 sys=0.00, real=0.01 secs] 
892.936: [GC892.936: [ParNew
Desired survivor size 41943040 bytes, new threshold 6 (max 6)
- age   1:     547088 bytes,     547088 total
- age   2:       1272 bytes,     548360 total
- age   3:       4280 bytes,     552640 total
- age   4:       4200 bytes,     556840 total
- age   5:       1272 bytes,     558112 total
- age   6:       7952 bytes,     566064 total
: 657042K->1178K(737280K), 0.0062280 secs] 1652948K->997086K(1761280K), 0.0063760 secs] [Times: user=0.04 sys=0.00, real=0.01 secs] 
893.162: [GC893.163: [ParNew
Desired survivor size 41943040 bytes, new threshold 6 (max 6)
- age   1:     675832 bytes,     675832 total
- age   2:       1536 bytes,     677368 total
- age   3:       1056 bytes,     678424 total
- age   4:       4112 bytes,     682536 total
- age   5:       4032 bytes,     686568 total
- age   6:       1128 bytes,     687696 total
: 656538K->1004K(737280K), 0.0060540 secs] 1652446K->996919K(1761280K), 0.0061980 secs] [Times: user=0.04 sys=0.00, real=0.00 secs] 
893.396: [GC893.396: [ParNew
Desired survivor size 41943040 bytes, new threshold 6 (max 6)
- age   1:    4147640 bytes,    4147640 total
- age   2:       4624 bytes,    4152264 total
- age   3:       1536 bytes,    4153800 total
- age   4:       1056 bytes,    4154856 total
- age   5:       4112 bytes,    4158968 total
- age   6:       4008 bytes,    4162976 total
: 656364K->4326K(737280K), 0.0089220 secs] 1652279K->1000242K(1761280K), 0.0091620 secs] [Times: user=0.06 sys=0.00, real=0.01 secs] 
893.613: [GC893.613: [ParNew
Desired survivor size 41943040 bytes, new threshold 6 (max 6)
- age   1:     484688 bytes,     484688 total
- age   2:        856 bytes,     485544 total
- age   3:       4496 bytes,     490040 total
- age   4:       1392 bytes,     491432 total
- age   5:        912 bytes,     492344 total
- age   6:       3968 bytes,     496312 total
: 659686K->3206K(737280K), 0.0060750 secs] 1655602K->999127K(1761280K), 0.0062120 secs] [Times: user=0.04 sys=0.00, real=0.00 secs] 
893.833: [GC893.833: [ParNew
Desired survivor size 41943040 bytes, new threshold 6 (max 6)
- age   1:    1778512 bytes,    1778512 total
- age   2:        768 bytes,    1779280 total
- age   3:        824 bytes,    1780104 total
- age   4:       4496 bytes,    1784600 total
- age   5:       1360 bytes,    1785960 total
- age   6:        912 bytes,    1786872 total
: 658566K->2119K(737280K), 0.0068530 secs] 1654487K->998044K(1761280K), 0.0070360 secs] [Times: user=0.05 sys=0.00, real=0.00 secs] 
894.063: [GC894.063: [ParNew
Desired survivor size 41943040 bytes, new threshold 6 (max 6)
- age   1:    1231144 bytes,    1231144 total
- age   2:       8120 bytes,    1239264 total
- age   3:        720 bytes,    1239984 total
- age   4:        656 bytes,    1240640 total
- age   5:       4424 bytes,    1245064 total
- age   6:       1360 bytes,    1246424 total
: 657479K->1914K(737280K), 0.0074190 secs] 1653404K->997841K(1761280K), 0.0075660 secs] [Times: user=0.05 sys=0.00, real=0.00 secs] 
894.306: [GC894.306: [ParNew
Desired survivor size 41943040 bytes, new threshold 6 (max 6)
- age   1:     962656 bytes,     962656 total
- age   2:       1824 bytes,     964480 total
- age   3:       8048 bytes,     972528 total
- age   4:        720 bytes,     973248 total
- age   5:        632 bytes,     973880 total
- age   6:       4424 bytes,     978304 total
: 657274K->1619K(737280K), 0.0062680 secs] 1653201K->997547K(1761280K), 0.0064350 secs] [Times: user=0.04 sys=0.00, real=0.01 secs] 
894.530: [GC894.530: [ParNew
Desired survivor size 41943040 bytes, new threshold 6 (max 6)
- age   1:    2906048 bytes,    2906048 total
- age   2:       4144 bytes,    2910192 total
- age   3:       1608 bytes,    2911800 total
- age   4:       8024 bytes,    2919824 total
- age   5:        624 bytes,    2920448 total
- age   6:        512 bytes,    2920960 total
: 656979K->3240K(737280K), 0.0082900 secs] 1652907K->999173K(1761280K), 0.0084450 secs] [Times: user=0.05 sys=0.00, real=0.01 secs] 
894.766: [GC894.766: [ParNew
Desired survivor size 41943040 bytes, new threshold 6 (max 6)
- age   1:    1659224 bytes,    1659224 total
- age   2:        984 bytes,    1660208 total
- age   3:       4048 bytes,    1664256 total
- age   4:       1464 bytes,    1665720 total
- age   5:       7832 bytes,    1673552 total
- age   6:        448 bytes,    1674000 total
: 658600K->2310K(737280K), 0.0069410 secs] 1654533K->998243K(1761280K), 0.0070860 secs] [Times: user=0.04 sys=0.00, real=0.01 secs] 
894.849: [CMS-concurrent-mark: 7.736/8.037 secs] [Times: user=59.18 sys=1.21, real=8.03 secs] 
894.849: [CMS-concurrent-preclean-start]
894.862: [CMS-concurrent-preclean: 0.012/0.013 secs] [Times: user=0.11 sys=0.00, real=0.02 secs] 
894.862: [CMS-concurrent-abortable-preclean-start]
895.011: [GC895.011: [ParNew
Desired survivor size 41943040 bytes, new threshold 6 (max 6)
- age   1:    1311104 bytes,    1311104 total
- age   2:       1072 bytes,    1312176 total
- age   3:        840 bytes,    1313016 total
- age   4:       3976 bytes,    1316992 total
- age   5:       1248 bytes,    1318240 total
- age   6:       7736 bytes,    1325976 total
: 657670K->2254K(737280K), 0.0065680 secs] 1653603K->998187K(1761280K), 0.0067970 secs] [Times: user=0.05 sys=0.00, real=0.00 secs] 
895.199: [CMS-concurrent-abortable-preclean: 0.226/0.337 secs] [Times: user=2.46 sys=0.05, real=0.33 secs] 
895.207: [GC[YG occupancy: 584837 K (737280 K)]895.207: [Rescan (parallel) , 0.2808400 secs]895.488: [weak refs processing, 0.0000290 secs]895.488: [scrub string table, 0.0010290 secs] [1 CMS-remark: 995933K(1024000K)] 1580770K(1761280K), 0.2820420 secs] [Times: user=2.09 sys=0.01, real=0.28 secs] 
895.490: [CMS-concurrent-sweep-start]
895.520: [GC895.521: [ParNew
Desired survivor size 41943040 bytes, new threshold 6 (max 6)
- age   1:    2256256 bytes,    2256256 total
- age   2:       8208 bytes,    2264464 total
- age   3:        976 bytes,    2265440 total
- age   4:        840 bytes,    2266280 total
- age   5:       3952 bytes,    2270232 total
- age   6:       1248 bytes,    2271480 total
: 657614K->2575K(737280K), 0.0076830 secs] 1653547K->998515K(1761280K), 0.0078490 secs] [Times: user=0.05 sys=0.00, real=0.01 secs] 
895.768: [GC895.768: [ParNew
Desired survivor size 41943040 bytes, new threshold 6 (max 6)
- age   1:    1789968 bytes,    1789968 total
- age   2:       3696 bytes,    1793664 total
- age   3:       7992 bytes,    1801656 total
- age   4:        784 bytes,    1802440 total
- age   5:        720 bytes,    1803160 total
- age   6:       3832 bytes,    1806992 total
: 657935K->2846K(737280K), 0.0069760 secs] 1653875K->998788K(1761280K), 0.0071330 secs] [Times: user=0.05 sys=0.00, real=0.01 secs] 
896.020: [GC896.020: [ParNew
Desired survivor size 41943040 bytes, new threshold 6 (max 6)
- age   1:    1527936 bytes,    1527936 total
- age   2:       9056 bytes,    1536992 total
- age   3:       3600 bytes,    1540592 total
- age   4:       7680 bytes,    1548272 total
- age   5:        736 bytes,    1549008 total
- age   6:        648 bytes,    1549656 total
: 658206K->1798K(737280K), 0.0070980 secs] 1654147K->997743K(1761280K), 0.0072470 secs] [Times: user=0.04 sys=0.00, real=0.01 secs] 
896.269: [GC896.269: [ParNew
Desired survivor size 41943040 bytes, new threshold 6 (max 6)
- age   1:    1534992 bytes,    1534992 total
- age   2:      10624 bytes,    1545616 total
- age   3:       8760 bytes,    1554376 total
- age   4:       3408 bytes,    1557784 total
- age   5:       7536 bytes,    1565320 total
- age   6:        512 bytes,    1565832 total
: 657158K->2178K(737280K), 0.0068500 secs] 1653103K->998124K(1761280K), 0.0070670 secs] [Times: user=0.04 sys=0.01, real=0.01 secs] 
896.513: [GC896.513: [ParNew
Desired survivor size 41943040 bytes, new threshold 6 (max 6)
- age   1:     859912 bytes,     859912 total
- age   2:       7168 bytes,     867080 total
- age   3:      10576 bytes,     877656 total
- age   4:       8712 bytes,     886368 total
- age   5:       3336 bytes,     889704 total
- age   6:       7392 bytes,     897096 total
: 657538K->1735K(737280K), 0.0060630 secs] 1653484K->997682K(1761280K), 0.0062410 secs] [Times: user=0.04 sys=0.00, real=0.00 secs] 
896.757: [CMS-concurrent-sweep: 1.221/1.267 secs] [Times: user=9.44 sys=0.19, real=1.27 secs] 
896.757: [CMS-concurrent-reset-start]
896.772: [GC896.772: [ParNew
Desired survivor size 41943040 bytes, new threshold 6 (max 6)
- age   1:    2498400 bytes,    2498400 total
- age   2:       4112 bytes,    2502512 total
- age   3:       7024 bytes,    2509536 total
- age   4:      10576 bytes,    2520112 total
- age   5:       8688 bytes,    2528800 total
- age   6:       3336 bytes,    2532136 total
: 657095K->2857K(737280K), 0.0076930 secs] 1653005K->998773K(1761280K), 0.0078560 secs] [Times: user=0.05 sys=0.00, real=0.00 secs] 
896.816: [CMS-concurrent-reset: 0.049/0.059 secs] [Times: user=0.43 sys=0.01, real=0.06 secs] 
896.994: [GC896.994: [ParNew
Desired survivor size 41943040 bytes, new threshold 6 (max 6)
- age   1:    2463296 bytes,    2463296 total
- age   2:       3880 bytes,    2467176 total
- age   3:       4112 bytes,    2471288 total
- age   4:       7024 bytes,    2478312 total
- age   5:      10576 bytes,    2488888 total
- age   6:       8688 bytes,    2497576 total
: 658217K->3558K(737280K), 0.0077180 secs] 1654133K->999477K(1761280K), 0.0079030 secs] [Times: user=0.05 sys=0.00, real=0.01 secs] 
897.002: [GC [1 CMS-initial-mark: 995919K(1024000K)] 1000779K(1761280K), 0.0068240 secs] [Times: user=0.01 sys=0.00, real=0.00 secs] 
897.010: [CMS-concurrent-mark-start]
897.237: [GC897.237: [ParNew
Desired survivor size 41943040 bytes, new threshold 6 (max 6)
- age   1:    1714064 bytes,    1714064 total
- age   2:        688 bytes,    1714752 total
- age   3:       3880 bytes,    1718632 total
- age   4:       4112 bytes,    1722744 total
- age   5:       7024 bytes,    1729768 total
- age   6:      10576 bytes,    1740344 total
: 658918K->2337K(737280K), 0.0071750 secs] 1654837K->998266K(1761280K), 0.0073170 secs] [Times: user=0.05 sys=0.00, real=0.01 secs] 
897.485: [GC897.485: [ParNew
Desired survivor size 41943040 bytes, new threshold 6 (max 6)
- age   1:     689912 bytes,     689912 total
- age   2:        752 bytes,     690664 total
- age   3:        328 bytes,     690992 total
- age   4:       3520 bytes,     694512 total
- age   5:       3824 bytes,     698336 total
- age   6:       6784 bytes,     705120 total
: 657697K->2091K(737280K), 0.0060640 secs] 1653626K->998031K(1761280K), 0.0062320 secs] [Times: user=0.04 sys=0.00, real=0.00 secs] 
897.727: [GC897.728: [ParNew
Desired survivor size 41943040 bytes, new threshold 6 (max 6)
- age   1:    2114344 bytes,    2114344 total
- age   2:       4336 bytes,    2118680 total
- age   3:        752 bytes,    2119432 total
- age   4:        328 bytes,    2119760 total
- age   5:       3496 bytes,    2123256 total
- age   6:       3800 bytes,    2127056 total
: 657451K->2308K(737280K), 0.0076860 secs] 1653391K->998255K(1761280K), 0.0078450 secs] [Times: user=0.05 sys=0.00, real=0.01 secs] 
897.991: [GC897.991: [ParNew
Desired survivor size 41943040 bytes, new threshold 6 (max 6)
- age   1:    1638144 bytes,    1638144 total
- age   2:      11112 bytes,    1649256 total
- age   3:       4096 bytes,    1653352 total
- age   4:        656 bytes,    1654008 total
- age   5:        184 bytes,    1654192 total
- age   6:       3304 bytes,    1657496 total
: 657668K->2575K(737280K), 0.0073570 secs] 1653615K->998526K(1761280K), 0.0075050 secs] [Times: user=0.05 sys=0.00, real=0.01 secs] 
898.241: [GC898.241: [ParNew
Desired survivor size 41943040 bytes, new threshold 6 (max 6)
- age   1:     722888 bytes,     722888 total
- age   2:       4248 bytes,     727136 total
- age   3:      10944 bytes,     738080 total
- age   4:       4072 bytes,     742152 total
- age   5:        656 bytes,     742808 total
- age   6:        184 bytes,     742992 total
: 657935K->1643K(737280K), 0.0059160 secs] 1653886K->997597K(1761280K), 0.0060820 secs] [Times: user=0.04 sys=0.00, real=0.01 secs] 
898.481: [GC898.481: [ParNew
Desired survivor size 41943040 bytes, new threshold 6 (max 6)
- age   1:     885680 bytes,     885680 total
- age   2:       1064 bytes,     886744 total
- age   3:       4248 bytes,     890992 total
- age   4:      10944 bytes,     901936 total
- age   5:       4072 bytes,     906008 total
- age   6:        656 bytes,     906664 total
: 657003K->1365K(737280K), 0.0064950 secs] 1652957K->997320K(1761280K), 0.0066190 secs] [Times: user=0.04 sys=0.00, real=0.01 secs] 
898.729: [GC898.729: [ParNew
Desired survivor size 41943040 bytes, new threshold 6 (max 6)
- age   1:    1330144 bytes,    1330144 total
- age   2:        560 bytes,    1330704 total
- age   3:        752 bytes,    1331456 total
- age   4:       4032 bytes,    1335488 total
- age   5:      10824 bytes,    1346312 total
- age   6:       3928 bytes,    1350240 total
: 656725K->1669K(737280K), 0.0069260 secs] 1652680K->997624K(1761280K), 0.0070620 secs] [Times: user=0.05 sys=0.00, real=0.01 secs] 
898.985: [GC898.985: [ParNew
Desired survivor size 41943040 bytes, new threshold 6 (max 6)
- age   1:    1079208 bytes,    1079208 total
- age   2:       4016 bytes,    1083224 total
- age   3:        512 bytes,    1083736 total
- age   4:        560 bytes,    1084296 total
- age   5:       3936 bytes,    1088232 total
- age   6:      10752 bytes,    1098984 total
: 657029K->1796K(737280K), 0.0064590 secs] 1652984K->997755K(1761280K), 0.0066280 secs] [Times: user=0.04 sys=0.01, real=0.00 secs] 
899.238: [GC899.238: [ParNew
Desired survivor size 41943040 bytes, new threshold 6 (max 6)
- age   1:     877312 bytes,     877312 total
- age   2:       4824 bytes,     882136 total
- age   3:       4016 bytes,     886152 total
- age   4:        480 bytes,     886632 total
- age   5:        560 bytes,     887192 total
- age   6:       3936 bytes,     891128 total
: 657156K->1316K(737280K), 0.0062580 secs] 1653115K->997285K(1761280K), 0.0064220 secs] [Times: user=0.05 sys=0.01, real=0.01 secs] 
899.480: [GC899.480: [ParNew
Desired survivor size 41943040 bytes, new threshold 6 (max 6)
- age   1:    1782208 bytes,    1782208 total
- age   2:       1232 bytes,    1783440 total
- age   3:       4752 bytes,    1788192 total
- age   4:       3968 bytes,    1792160 total
- age   5:        384 bytes,    1792544 total
- age   6:        512 bytes,    1793056 total
: 656676K->2173K(737280K), 0.0073150 secs] 1652645K->998147K(1761280K), 0.0074430 secs] [Times: user=0.05 sys=0.01, real=0.01 secs] 
899.712: [GC899.712: [ParNew
Desired survivor size 41943040 bytes, new threshold 6 (max 6)
- age   1:    1046776 bytes,    1046776 total
- age   2:       4408 bytes,    1051184 total
- age   3:       1104 bytes,    1052288 total
- age   4:       4600 bytes,    1056888 total
- age   5:       3808 bytes,    1060696 total
- age   6:        264 bytes,    1060960 total
: 657533K->1520K(737280K), 0.0067120 secs] 1653507K->997494K(1761280K), 0.0068590 secs] [Times: user=0.04 sys=0.00, real=0.01 secs] 
899.942: [GC899.942: [ParNew
Desired survivor size 41943040 bytes, new threshold 6 (max 6)
- age   1:    3426096 bytes,    3426096 total
- age   2:       1448 bytes,    3427544 total
- age   3:       4216 bytes,    3431760 total
- age   4:       1008 bytes,    3432768 total
- age   5:       4528 bytes,    3437296 total
- age   6:       3736 bytes,    3441032 total
: 656880K->3905K(737280K), 0.0079820 secs] 1652854K->999880K(1761280K), 0.0081890 secs] [Times: user=0.05 sys=0.00, real=0.00 secs] 
900.174: [GC900.174: [ParNew
Desired survivor size 41943040 bytes, new threshold 6 (max 6)
- age   1:    1906976 bytes,    1906976 total
- age   2:    1111720 bytes,    3018696 total
- age   3:       1304 bytes,    3020000 total
- age   4:       4048 bytes,    3024048 total
- age   5:        984 bytes,    3025032 total
- age   6:       4528 bytes,    3029560 total
: 659265K->4565K(737280K), 0.0081360 secs] 1655240K->1000543K(1761280K), 0.0082790 secs] [Times: user=0.06 sys=0.00, real=0.01 secs] 
900.410: [GC900.410: [ParNew
Desired survivor size 41943040 bytes, new threshold 6 (max 6)
- age   1:    1678744 bytes,    1678744 total
- age   2:     718344 bytes,    2397088 total
- age   3:    1111720 bytes,    3508808 total
- age   4:       1304 bytes,    3510112 total
- age   5:       4048 bytes,    3514160 total
- age   6:        984 bytes,    3515144 total
: 659925K->5112K(737280K), 0.0078810 secs] 1655903K->1001095K(1761280K), 0.0080610 secs] [Times: user=0.05 sys=0.00, real=0.01 secs] 
900.646: [GC900.646: [ParNew
Desired survivor size 41943040 bytes, new threshold 6 (max 6)
- age   1:    1715712 bytes,    1715712 total
- age   2:     443008 bytes,    2158720 total
- age   3:     718176 bytes,    2876896 total
- age   4:    1111552 bytes,    3988448 total
- age   5:       1040 bytes,    3989488 total
- age   6:       3904 bytes,    3993392 total
: 660472K->6196K(737280K), 0.0081950 secs] 1656455K->1002180K(1761280K), 0.0083410 secs] [Times: user=0.06 sys=0.00, real=0.01 secs] 
900.870: [GC900.870: [ParNew
Desired survivor size 41943040 bytes, new threshold 6 (max 6)
- age   1:    2622880 bytes,    2622880 total
- age   2:     531568 bytes,    3154448 total
- age   3:       4888 bytes,    3159336 total
- age   4:        504 bytes,    3159840 total
- age   5:       8192 bytes,    3168032 total
- age   6:        968 bytes,    3169000 total
: 661556K->5157K(737280K), 0.0135300 secs] 1657540K->1001145K(1761280K), 0.0137240 secs] [Times: user=0.07 sys=0.01, real=0.02 secs] 
901.119: [GC901.119: [ParNew
Desired survivor size 41943040 bytes, new threshold 6 (max 6)
- age   1:    1889184 bytes,    1889184 total
- age   2:       4400 bytes,    1893584 total
- age   3:       1096 bytes,    1894680 total
- age   4:       4792 bytes,    1899472 total
- age   5:        432 bytes,    1899904 total
- age   6:       8120 bytes,    1908024 total
: 660517K->3258K(737280K), 0.0075470 secs] 1656505K->999247K(1761280K), 0.0077130 secs] [Times: user=0.05 sys=0.00, real=0.01 secs] 
901.378: [GC901.378: [ParNew
Desired survivor size 41943040 bytes, new threshold 6 (max 6)
- age   1:    1009448 bytes,    1009448 total
- age   2:       2216 bytes,    1011664 total
- age   3:       4256 bytes,    1015920 total
- age   4:       1072 bytes,    1016992 total
- age   5:       4792 bytes,    1021784 total
- age   6:        432 bytes,    1022216 total
: 658618K->1513K(737280K), 0.0066190 secs] 1654607K->997510K(1761280K), 0.0067930 secs] [Times: user=0.05 sys=0.00, real=0.01 secs] 
901.610: [GC901.610: [ParNew
Desired survivor size 41943040 bytes, new threshold 6 (max 6)
- age   1:    2628720 bytes,    2628720 total
- age   2:       1632 bytes,    2630352 total
- age   3:       2024 bytes,    2632376 total
- age   4:       4184 bytes,    2636560 total
- age   5:       1048 bytes,    2637608 total
- age   6:       4792 bytes,    2642400 total
: 656873K->3099K(737280K), 0.0079580 secs] 1652870K->999096K(1761280K), 0.0081090 secs] [Times: user=0.05 sys=0.00, real=0.01 secs] 
901.845: [GC901.845: [ParNew
Desired survivor size 41943040 bytes, new threshold 6 (max 6)
- age   1:    2203784 bytes,    2203784 total
- age   2:       3304 bytes,    2207088 total
- age   3:       1512 bytes,    2208600 total
- age   4:       1976 bytes,    2210576 total
- age   5:       4016 bytes,    2214592 total
- age   6:        952 bytes,    2215544 total
: 658459K->3325K(737280K), 0.0073630 secs] 1654456K->999327K(1761280K), 0.0074840 secs] [Times: user=0.05 sys=0.00, real=0.01 secs] 
902.085: [GC902.085: [ParNew
Desired survivor size 41943040 bytes, new threshold 6 (max 6)
- age   1:    1125312 bytes,    1125312 total
- age   2:       7992 bytes,    1133304 total
- age   3:       3256 bytes,    1136560 total
- age   4:       1344 bytes,    1137904 total
- age   5:       1904 bytes,    1139808 total
- age   6:       3896 bytes,    1143704 total
: 658685K->2721K(737280K), 0.0068510 secs] 1654687K->998724K(1761280K), 0.0070060 secs] [Times: user=0.04 sys=0.00, real=0.00 secs] 
902.333: [GC902.333: [ParNew
Desired survivor size 41943040 bytes, new threshold 6 (max 6)
- age   1:     691256 bytes,     691256 total
- age   2:       4480 bytes,     695736 total
- age   3:       7992 bytes,     703728 total
- age   4:       3256 bytes,     706984 total
- age   5:       1344 bytes,     708328 total
- age   6:       1904 bytes,     710232 total
: 658081K->1203K(737280K), 0.0062650 secs] 1654084K->997210K(1761280K), 0.0063930 secs] [Times: user=0.04 sys=0.00, real=0.00 secs] 
902.558: [GC902.558: [ParNew
Desired survivor size 41943040 bytes, new threshold 6 (max 6)
- age   1:    2300792 bytes,    2300792 total
- age   2:       1424 bytes,    2302216 total
- age   3:       4480 bytes,    2306696 total
- age   4:       7992 bytes,    2314688 total
- age   5:       3232 bytes,    2317920 total
- age   6:       1344 bytes,    2319264 total
: 656563K->2566K(737280K), 0.0073430 secs] 1652570K->998575K(1761280K), 0.0074880 secs] [Times: user=0.05 sys=0.00, real=0.01 secs] 
902.792: [GC902.792: [ParNew
Desired survivor size 41943040 bytes, new threshold 6 (max 6)
- age   1:     701152 bytes,     701152 total
- age   2:        808 bytes,     701960 total
- age   3:       1280 bytes,     703240 total
- age   4:       4456 bytes,     707696 total
- age   5:       7776 bytes,     715472 total
- age   6:       3208 bytes,     718680 total
: 657926K->1823K(737280K), 0.0061840 secs] 1653935K->997834K(1761280K), 0.0063270 secs] [Times: user=0.04 sys=0.00, real=0.01 secs] 
903.050: [GC903.050: [ParNew
Desired survivor size 41943040 bytes, new threshold 6 (max 6)
- age   1:    2132864 bytes,    2132864 total
- age   2:        944 bytes,    2133808 total
- age   3:        520 bytes,    2134328 total
- age   4:        824 bytes,    2135152 total
- age   5:       4048 bytes,    2139200 total
- age   6:       7512 bytes,    2146712 total
: 657183K->2446K(737280K), 0.0072790 secs] 1653194K->998460K(1761280K), 0.0074420 secs] [Times: user=0.05 sys=0.00, real=0.01 secs] 
903.274: [GC903.274: [ParNew
Desired survivor size 41943040 bytes, new threshold 6 (max 6)
- age   1:    1642656 bytes,    1642656 total
- age   2:       7720 bytes,    1650376 total
- age   3:        848 bytes,    1651224 total
- age   4:        448 bytes,    1651672 total
- age   5:        608 bytes,    1652280 total
- age   6:       3880 bytes,    1656160 total
: 657806K->2595K(737280K), 0.0067930 secs] 1653820K->998616K(1761280K), 0.0069150 secs] [Times: user=0.04 sys=0.00, real=0.00 secs] 
903.512: [GC903.512: [ParNew
Desired survivor size 41943040 bytes, new threshold 6 (max 6)
- age   1:    1235152 bytes,    1235152 total
- age   2:       1056 bytes,    1236208 total
- age   3:       7552 bytes,    1243760 total
- age   4:        680 bytes,    1244440 total
- age   5:        352 bytes,    1244792 total
- age   6:        456 bytes,    1245248 total
: 657955K->2057K(737280K), 0.0070230 secs] 1653976K->998081K(1761280K), 0.0071640 secs] [Times: user=0.04 sys=0.01, real=0.00 secs] 
903.741: [GC903.741: [ParNew
Desired survivor size 41943040 bytes, new threshold 6 (max 6)
- age   1:     269168 bytes,     269168 total
- age   2:       7480 bytes,     276648 total
- age   3:       1056 bytes,     277704 total
- age   4:       7552 bytes,     285256 total
- age   5:        656 bytes,     285912 total
- age   6:        328 bytes,     286240 total
: 657417K->867K(737280K), 0.0060600 secs] 1653441K->996892K(1761280K), 0.0062270 secs] [Times: user=0.04 sys=0.00, real=0.01 secs] 
904.006: [GC904.006: [ParNew
Desired survivor size 41943040 bytes, new threshold 6 (max 6)
- age   1:     967288 bytes,     967288 total
- age   2:        920 bytes,     968208 total
- age   3:       7432 bytes,     975640 total
- age   4:        984 bytes,     976624 total
- age   5:       7552 bytes,     984176 total
- age   6:        656 bytes,     984832 total
: 656227K->1147K(737280K), 0.0062150 secs] 1652252K->997172K(1761280K), 0.0063600 secs] [Times: user=0.04 sys=0.00, real=0.01 secs] 
904.252: [GC904.252: [ParNew
Desired survivor size 41943040 bytes, new threshold 6 (max 6)
- age   1:     648952 bytes,     648952 total
- age   2:      12000 bytes,     660952 total
- age   3:        632 bytes,     661584 total
- age   4:       7192 bytes,     668776 total
- age   5:        840 bytes,     669616 total
- age   6:       7504 bytes,     677120 total
: 656507K->1189K(737280K), 0.0071850 secs] 1652532K->997216K(1761280K), 0.0073320 secs] [Times: user=0.04 sys=0.00, real=0.01 secs] 
904.481: [GC904.481: [ParNew
Desired survivor size 41943040 bytes, new threshold 6 (max 6)
- age   1:    1595008 bytes,    1595008 total
- age   2:       5112 bytes,    1600120 total
- age   3:      11928 bytes,    1612048 total
- age   4:        632 bytes,    1612680 total
- age   5:       7192 bytes,    1619872 total
- age   6:        840 bytes,    1620712 total
: 656549K->1784K(737280K), 0.0072300 secs] 1652576K->997818K(1761280K), 0.0073900 secs] [Times: user=0.04 sys=0.00, real=0.01 secs] 
904.707: [GC904.707: [ParNew
Desired survivor size 41943040 bytes, new threshold 6 (max 6)
- age   1:     581368 bytes,     581368 total
- age   2:       1200 bytes,     582568 total
- age   3:       5040 bytes,     587608 total
- age   4:      11784 bytes,     599392 total
- age   5:        560 bytes,     599952 total
- age   6:       7144 bytes,     607096 total
: 657144K->1298K(737280K), 0.0061660 secs] 1653178K->997333K(1761280K), 0.0063180 secs] [Times: user=0.04 sys=0.00, real=0.01 secs] 
904.829: [CMS-concurrent-mark: 7.518/7.819 secs] [Times: user=58.67 sys=1.08, real=7.82 secs] 
904.829: [CMS-concurrent-preclean-start]
904.844: [CMS-concurrent-preclean: 0.014/0.015 secs] [Times: user=0.12 sys=0.01, real=0.02 secs] 
904.844: [CMS-concurrent-abortable-preclean-start]
904.948: [GC904.948: [ParNew
Desired survivor size 41943040 bytes, new threshold 6 (max 6)
- age   1:    1898104 bytes,    1898104 total
- age   2:       1544 bytes,    1899648 total
- age   3:       1080 bytes,    1900728 total
- age   4:       4848 bytes,    1905576 total
- age   5:      11688 bytes,    1917264 total
- age   6:        392 bytes,    1917656 total
: 656658K->2187K(737280K), 0.0071760 secs] 1652693K->998230K(1761280K), 0.0073660 secs] [Times: user=0.05 sys=0.01, real=0.01 secs] 
905.085: [CMS-concurrent-abortable-preclean: 0.230/0.240 secs] [Times: user=1.77 sys=0.03, real=0.24 secs] 
905.086: [GC[YG occupancy: 411011 K (737280 K)]905.086: [Rescan (parallel) , 0.0947780 secs]905.181: [weak refs processing, 0.0000610 secs]905.181: [scrub string table, 0.0010140 secs] [1 CMS-remark: 996042K(1024000K)] 1407053K(1761280K), 0.0960150 secs] [Times: user=0.73 sys=0.00, real=0.09 secs] 
905.183: [CMS-concurrent-sweep-start]
905.282: [GC905.283: [ParNew
Desired survivor size 41943040 bytes, new threshold 6 (max 6)
- age   1:    1164152 bytes,    1164152 total
- age   2:       1168 bytes,    1165320 total
- age   3:       1520 bytes,    1166840 total
- age   4:       1056 bytes,    1167896 total
- age   5:       4752 bytes,    1172648 total
- age   6:      11640 bytes,    1184288 total
: 657547K->1734K(737280K), 0.0064530 secs] 1653589K->997776K(1761280K), 0.0065950 secs] [Times: user=0.04 sys=0.00, real=0.01 secs] 
905.526: [GC905.526: [ParNew
Desired survivor size 41943040 bytes, new threshold 6 (max 6)
- age   1:     905168 bytes,     905168 total
- age   2:       3672 bytes,     908840 total
- age   3:       1048 bytes,     909888 total
- age   4:       1352 bytes,     911240 total
- age   5:        936 bytes,     912176 total
- age   6:       4656 bytes,     916832 total
: 657094K->1722K(737280K), 0.0063090 secs] 1653136K->997776K(1761280K), 0.0064540 secs] [Times: user=0.04 sys=0.00, real=0.00 secs] 
905.766: [GC905.767: [ParNew
Desired survivor size 41943040 bytes, new threshold 6 (max 6)
- age   1:     507648 bytes,     507648 total
- age   2:       1280 bytes,     508928 total
- age   3:       3672 bytes,     512600 total
- age   4:       1048 bytes,     513648 total
- age   5:       1304 bytes,     514952 total
- age   6:        936 bytes,     515888 total
: 657082K->811K(737280K), 0.0063550 secs] 1653136K->996870K(1761280K), 0.0064910 secs] [Times: user=0.04 sys=0.00, real=0.00 secs] 
906.014: [GC906.014: [ParNew
Desired survivor size 41943040 bytes, new threshold 6 (max 6)
- age   1:    1984448 bytes,    1984448 total
- age   2:        656 bytes,    1985104 total
- age   3:       1040 bytes,    1986144 total
- age   4:       3624 bytes,    1989768 total
- age   5:       1000 bytes,    1990768 total
- age   6:       1256 bytes,    1992024 total
: 656171K->2228K(737280K), 0.0069620 secs] 1652230K->998288K(1761280K), 0.0071000 secs] [Times: user=0.05 sys=0.00, real=0.00 secs] 
906.257: [GC906.257: [ParNew
Desired survivor size 41943040 bytes, new threshold 6 (max 6)
- age   1:     872272 bytes,     872272 total
- age   2:      11760 bytes,     884032 total
- age   3:        512 bytes,     884544 total
- age   4:        920 bytes,     885464 total
- age   5:       3576 bytes,     889040 total
- age   6:        976 bytes,     890016 total
: 657588K->1594K(737280K), 0.0066280 secs] 1653648K->997655K(1761280K), 0.0067890 secs] [Times: user=0.04 sys=0.00, real=0.01 secs] 
906.486: [GC906.487: [ParNew
Desired survivor size 41943040 bytes, new threshold 6 (max 6)
- age   1:    1793784 bytes,    1793784 total
- age   2:       2792 bytes,    1796576 total
- age   3:      11736 bytes,    1808312 total
- age   4:        512 bytes,    1808824 total
- age   5:        920 bytes,    1809744 total
- age   6:       3576 bytes,    1813320 total
: 656954K->2082K(737280K), 0.0069730 secs] 1653015K->998145K(1761280K), 0.0071560 secs] [Times: user=0.04 sys=0.00, real=0.01 secs] 
906.670: [CMS-concurrent-sweep: 1.430/1.488 secs] [Times: user=11.11 sys=0.19, real=1.49 secs] 
906.670: [CMS-concurrent-reset-start]
906.720: [CMS-concurrent-reset: 0.049/0.049 secs] [Times: user=0.38 sys=0.02, real=0.05 secs] 
906.728: [GC906.728: [ParNew
Desired survivor size 41943040 bytes, new threshold 6 (max 6)
- age   1:    2145624 bytes,    2145624 total
- age   2:       1096 bytes,    2146720 total
- age   3:       2720 bytes,    2149440 total
- age   4:      11664 bytes,    2161104 total
- age   5:        296 bytes,    2161400 total
- age   6:        776 bytes,    2162176 total
: 657442K->2829K(737280K), 0.0074790 secs] 1653449K->998840K(1761280K), 0.0076330 secs] [Times: user=0.05 sys=0.00, real=0.01 secs] 
906.737: [GC [1 CMS-initial-mark: 996010K(1024000K)] 1002500K(1761280K), 0.0062290 secs] [Times: user=0.01 sys=0.00, real=0.00 secs] 
906.743: [CMS-concurrent-mark-start]
906.986: [GC906.986: [ParNew
Desired survivor size 41943040 bytes, new threshold 6 (max 6)
- age   1:    1482928 bytes,    1482928 total
- age   2:        864 bytes,    1483792 total
- age   3:       1048 bytes,    1484840 total
- age   4:       2672 bytes,    1487512 total
- age   5:      11568 bytes,    1499080 total
- age   6:        296 bytes,    1499376 total
: 658189K->1961K(737280K), 0.0066170 secs] 1654200K->997972K(1761280K), 0.0067830 secs] [Times: user=0.05 sys=0.00, real=0.00 secs] 
907.216: [GC907.216: [ParNew
Desired survivor size 41943040 bytes, new threshold 6 (max 6)
- age   1:    1617592 bytes,    1617592 total
- age   2:        952 bytes,    1618544 total
- age   3:        864 bytes,    1619408 total
- age   4:       1048 bytes,    1620456 total
- age   5:       2672 bytes,    1623128 total
- age   6:      11568 bytes,    1634696 total
: 657321K->2581K(737280K), 0.0070090 secs] 1653332K->998592K(1761280K), 0.0071620 secs] [Times: user=0.04 sys=0.01, real=0.01 secs] 
907.449: [GC907.449: [ParNew
Desired survivor size 41943040 bytes, new threshold 6 (max 6)
- age   1:    2399504 bytes,    2399504 total
- age   2:       1024 bytes,    2400528 total
- age   3:        824 bytes,    2401352 total
- age   4:        792 bytes,    2402144 total
- age   5:        976 bytes,    2403120 total
- age   6:       2480 bytes,    2405600 total
: 657941K->3188K(737280K), 0.0081470 secs] 1653952K->999212K(1761280K), 0.0083070 secs] [Times: user=0.06 sys=0.00, real=0.01 secs] 
907.673: [GC907.673: [ParNew
Desired survivor size 41943040 bytes, new threshold 6 (max 6)
- age   1:    1974320 bytes,    1974320 total
- age   2:        672 bytes,    1974992 total
- age   3:       1024 bytes,    1976016 total
- age   4:        824 bytes,    1976840 total
- age   5:        768 bytes,    1977608 total
- age   6:        976 bytes,    1978584 total
: 658548K->2970K(737280K), 0.0071590 secs] 1654572K->998996K(1761280K), 0.0073380 secs] [Times: user=0.05 sys=0.00, real=0.01 secs] 
907.946: [GC907.946: [ParNew
Desired survivor size 41943040 bytes, new threshold 6 (max 6)
- age   1:    1455928 bytes,    1455928 total
- age   2:       4112 bytes,    1460040 total
- age   3:        672 bytes,    1460712 total
- age   4:       1024 bytes,    1461736 total
- age   5:        824 bytes,    1462560 total
- age   6:        744 bytes,    1463304 total
: 658330K->1989K(737280K), 0.0070540 secs] 1654356K->998016K(1761280K), 0.0071900 secs] [Times: user=0.04 sys=0.00, real=0.00 secs] 
908.178: [GC908.178: [ParNew
Desired survivor size 41943040 bytes, new threshold 6 (max 6)
- age   1:    1511624 bytes,    1511624 total
- age   2:       8200 bytes,    1519824 total
- age   3:       4064 bytes,    1523888 total
- age   4:        672 bytes,    1524560 total
- age   5:       1024 bytes,    1525584 total
- age   6:        824 bytes,    1526408 total
: 657349K->2157K(737280K), 0.0065970 secs] 1653376K->998185K(1761280K), 0.0067880 secs] [Times: user=0.04 sys=0.00, real=0.01 secs] 
908.445: [GC908.445: [ParNew
Desired survivor size 41943040 bytes, new threshold 6 (max 6)
- age   1:     445896 bytes,     445896 total
- age   2:       4136 bytes,     450032 total
- age   3:       8200 bytes,     458232 total
- age   4:       4064 bytes,     462296 total
- age   5:        632 bytes,     462928 total
- age   6:       1024 bytes,     463952 total
: 657517K->1699K(737280K), 0.0064780 secs] 1653545K->997727K(1761280K), 0.0066760 secs] [Times: user=0.04 sys=0.00, real=0.00 secs] 
908.690: [GC908.690: [ParNew
Desired survivor size 41943040 bytes, new threshold 6 (max 6)
- age   1:    1523280 bytes,    1523280 total
- age   2:       1136 bytes,    1524416 total
- age   3:       4064 bytes,    1528480 total
- age   4:       8176 bytes,    1536656 total
- age   5:       4016 bytes,    1540672 total
- age   6:        536 bytes,    1541208 total
: 657059K->1779K(737280K), 0.0069340 secs] 1653087K->997808K(1761280K), 0.0070720 secs] [Times: user=0.04 sys=0.00, real=0.01 secs] 
908.942: [GC908.942: [ParNew
Desired survivor size 41943040 bytes, new threshold 6 (max 6)
- age   1:    1101728 bytes,    1101728 total
- age   2:       3440 bytes,    1105168 total
- age   3:        896 bytes,    1106064 total
- age   4:       3872 bytes,    1109936 total
- age   5:       7912 bytes,    1117848 total
- age   6:       3776 bytes,    1121624 total
: 657139K->1877K(737280K), 0.0066120 secs] 1653168K->997907K(1761280K), 0.0067910 secs] [Times: user=0.04 sys=0.01, real=0.01 secs] 
909.200: [GC909.200: [ParNew
Desired survivor size 41943040 bytes, new threshold 6 (max 6)
- age   1:    1670664 bytes,    1670664 total
- age   2:       1144 bytes,    1671808 total
- age   3:       3176 bytes,    1674984 total
- age   4:        656 bytes,    1675640 total
- age   5:       3776 bytes,    1679416 total
- age   6:       7624 bytes,    1687040 total
: 657237K->2080K(737280K), 0.0069650 secs] 1653267K->998114K(1761280K), 0.0071370 secs] [Times: user=0.05 sys=0.00, real=0.01 secs] 
909.446: [GC909.446: [ParNew
Desired survivor size 41943040 bytes, new threshold 6 (max 6)
- age   1:    1624272 bytes,    1624272 total
- age   2:       4416 bytes,    1628688 total
- age   3:       1144 bytes,    1629832 total
- age   4:       3176 bytes,    1633008 total
- age   5:        656 bytes,    1633664 total
- age   6:       3776 bytes,    1637440 total
: 657440K->2302K(737280K), 0.0067940 secs] 1653474K->998343K(1761280K), 0.0069250 secs] [Times: user=0.05 sys=0.00, real=0.01 secs] 
909.664: [GC909.664: [ParNew
Desired survivor size 41943040 bytes, new threshold 6 (max 6)
- age   1:    2800840 bytes,    2800840 total
- age   2:     908512 bytes,    3709352 total
- age   3:       4320 bytes,    3713672 total
- age   4:       1144 bytes,    3714816 total
- age   5:       3128 bytes,    3717944 total
- age   6:        656 bytes,    3718600 total
: 657662K->4272K(737280K), 0.0083880 secs] 1653703K->1000317K(1761280K), 0.0085600 secs] [Times: user=0.06 sys=0.00, real=0.00 secs] 
909.907: [GC909.907: [ParNew
Desired survivor size 41943040 bytes, new threshold 6 (max 6)
- age   1:    2134704 bytes,    2134704 total
- age   2:     493488 bytes,    2628192 total
- age   3:     908480 bytes,    3536672 total
- age   4:       4320 bytes,    3540992 total
- age   5:       1120 bytes,    3542112 total
- age   6:       3128 bytes,    3545240 total
: 659632K->5446K(737280K), 0.0082020 secs] 1655677K->1001492K(1761280K), 0.0083500 secs] [Times: user=0.06 sys=0.00, real=0.01 secs] 
910.152: [GC910.152: [ParNew
Desired survivor size 41943040 bytes, new threshold 6 (max 6)
- age   1:     637776 bytes,     637776 total
- age   2:       3680 bytes,     641456 total
- age   3:       3616 bytes,     645072 total
- age   4:        656 bytes,     645728 total
- age   5:       3768 bytes,     649496 total
- age   6:        800 bytes,     650296 total
: 660806K->3796K(737280K), 0.0077280 secs] 1656852K->999845K(1761280K), 0.0078840 secs] [Times: user=0.04 sys=0.00, real=0.01 secs] 
910.426: [GC910.426: [ParNew
Desired survivor size 41943040 bytes, new threshold 6 (max 6)
- age   1:     870280 bytes,     870280 total
- age   2:      11168 bytes,     881448 total
- age   3:       3680 bytes,     885128 total
- age   4:       3520 bytes,     888648 total
- age   5:        656 bytes,     889304 total
- age   6:       3768 bytes,     893072 total
: 659156K->1444K(737280K), 0.0073010 secs] 1655205K->997494K(1761280K), 0.0074890 secs] [Times: user=0.04 sys=0.00, real=0.01 secs] 
910.668: [GC910.668: [ParNew
Desired survivor size 41943040 bytes, new threshold 6 (max 6)
- age   1:     736128 bytes,     736128 total
- age   2:       1800 bytes,     737928 total
- age   3:      11072 bytes,     749000 total
- age   4:       3680 bytes,     752680 total
- age   5:       3496 bytes,     756176 total
- age   6:        656 bytes,     756832 total
: 656804K->1342K(737280K), 0.0065050 secs] 1652854K->997396K(1761280K), 0.0066290 secs] [Times: user=0.04 sys=0.00, real=0.01 secs] 
910.924: [GC910.924: [ParNew
Desired survivor size 41943040 bytes, new threshold 6 (max 6)
- age   1:     768024 bytes,     768024 total
- age   2:       1776 bytes,     769800 total
- age   3:       1632 bytes,     771432 total
- age   4:      11024 bytes,     782456 total
- age   5:       3632 bytes,     786088 total
- age   6:       3472 bytes,     789560 total
: 656702K->1001K(737280K), 0.0062640 secs] 1652756K->997056K(1761280K), 0.0063990 secs] [Times: user=0.05 sys=0.00, real=0.01 secs] 
911.160: [GC911.160: [ParNew
Desired survivor size 41943040 bytes, new threshold 6 (max 6)
- age   1:    1366608 bytes,    1366608 total
- age   2:       4344 bytes,    1370952 total
- age   3:       1776 bytes,    1372728 total
- age   4:       1632 bytes,    1374360 total
- age   5:      11024 bytes,    1385384 total
- age   6:       3632 bytes,    1389016 total
: 656361K->1582K(737280K), 0.0066410 secs] 1652416K->997641K(1761280K), 0.0068230 secs] [Times: user=0.04 sys=0.00, real=0.01 secs] 
911.395: [GC911.395: [ParNew
Desired survivor size 41943040 bytes, new threshold 6 (max 6)
- age   1:     648480 bytes,     648480 total
- age   2:        728 bytes,     649208 total
- age   3:       4224 bytes,     653432 total
- age   4:       1704 bytes,     655136 total
- age   5:       1432 bytes,     656568 total
- age   6:      11000 bytes,     667568 total
: 656942K->1491K(737280K), 0.0058830 secs] 1653001K->997553K(1761280K), 0.0060260 secs] [Times: user=0.04 sys=0.00, real=0.00 secs] 
911.616: [GC911.616: [ParNew
Desired survivor size 41943040 bytes, new threshold 6 (max 6)
- age   1:    1006872 bytes,    1006872 total
- age   2:       4408 bytes,    1011280 total
- age   3:        728 bytes,    1012008 total
- age   4:       4224 bytes,    1016232 total
- age   5:       1704 bytes,    1017936 total
- age   6:       1432 bytes,    1019368 total
: 656851K->1289K(737280K), 0.0064640 secs] 1652913K->997362K(1761280K), 0.0066180 secs] [Times: user=0.04 sys=0.00, real=0.00 secs] 
911.838: [GC911.838: [ParNew
Desired survivor size 41943040 bytes, new threshold 6 (max 6)
- age   1:    1174592 bytes,    1174592 total
- age   2:       4240 bytes,    1178832 total
- age   3:       4360 bytes,    1183192 total
- age   4:        632 bytes,    1183824 total
- age   5:       4008 bytes,    1187832 total
- age   6:       1560 bytes,    1189392 total
: 656649K->1544K(737280K), 0.0066070 secs] 1652722K->997618K(1761280K), 0.0067710 secs] [Times: user=0.05 sys=0.00, real=0.01 secs] 
912.081: [GC912.081: [ParNew
Desired survivor size 41943040 bytes, new threshold 6 (max 6)
- age   1:     367488 bytes,     367488 total
- age   2:        552 bytes,     368040 total
- age   3:       3952 bytes,     371992 total
- age   4:       4072 bytes,     376064 total
- age   5:        536 bytes,     376600 total
- age   6:       3816 bytes,     380416 total
: 656904K->1091K(737280K), 0.0060050 secs] 1652978K->997168K(1761280K), 0.0062040 secs] [Times: user=0.05 sys=0.00, real=0.01 secs] 
912.309: [GC912.309: [ParNew
Desired survivor size 41943040 bytes, new threshold 6 (max 6)
- age   1:    1854304 bytes,    1854304 total
- age   2:       8168 bytes,    1862472 total
- age   3:        528 bytes,    1863000 total
- age   4:       3928 bytes,    1866928 total
- age   5:       4072 bytes,    1871000 total
- age   6:        536 bytes,    1871536 total
: 656451K->1966K(737280K), 0.0079180 secs] 1652528K->998046K(1761280K), 0.0081060 secs] [Times: user=0.05 sys=0.00, real=0.01 secs] 
912.560: [GC912.560: [ParNew
Desired survivor size 41943040 bytes, new threshold 6 (max 6)
- age   1:    1915136 bytes,    1915136 total
- age   2:       7432 bytes,    1922568 total
- age   3:       7808 bytes,    1930376 total
- age   4:        360 bytes,    1930736 total
- age   5:       3640 bytes,    1934376 total
- age   6:       3808 bytes,    1938184 total
: 657326K->2558K(737280K), 0.0071380 secs] 1653406K->998639K(1761280K), 0.0073170 secs] [Times: user=0.05 sys=0.00, real=0.01 secs] 
912.814: [GC912.814: [ParNew
Desired survivor size 41943040 bytes, new threshold 6 (max 6)
- age   1:    1458496 bytes,    1458496 total
- age   2:      77048 bytes,    1535544 total
- age   3:       7312 bytes,    1542856 total
- age   4:       7640 bytes,    1550496 total
- age   5:        288 bytes,    1550784 total
- age   6:       3640 bytes,    1554424 total
: 657918K->2454K(737280K), 0.0072130 secs] 1653999K->998539K(1761280K), 0.0074020 secs] [Times: user=0.04 sys=0.00, real=0.00 secs] 
913.054: [GC913.054: [ParNew
Desired survivor size 41943040 bytes, new threshold 6 (max 6)
- age   1:    1401784 bytes,    1401784 total
- age   2:     364880 bytes,    1766664 total
- age   3:      76832 bytes,    1843496 total
- age   4:       7216 bytes,    1850712 total
- age   5:       7640 bytes,    1858352 total
- age   6:        288 bytes,    1858640 total
: 657814K->2773K(737280K), 0.0069460 secs] 1653899K->998861K(1761280K), 0.0070830 secs] [Times: user=0.04 sys=0.00, real=0.00 secs] 
913.294: [GC913.294: [ParNew
Desired survivor size 41943040 bytes, new threshold 6 (max 6)
- age   1:    3883536 bytes,    3883536 total
- age   2:      64192 bytes,    3947728 total
- age   3:      91680 bytes,    4039408 total
- age   4:      74040 bytes,    4113448 total
- age   5:       7096 bytes,    4120544 total
- age   6:       7592 bytes,    4128136 total
: 658133K->4833K(737280K), 0.0089430 secs] 1654221K->1000922K(1761280K), 0.0090980 secs] [Times: user=0.06 sys=0.00, real=0.00 secs] 
913.532: [GC913.532: [ParNew
Desired survivor size 41943040 bytes, new threshold 6 (max 6)
- age   1:    1542024 bytes,    1542024 total
- age   2:     394248 bytes,    1936272 total
- age   3:      60888 bytes,    1997160 total
- age   4:      91536 bytes,    2088696 total
- age   5:      74040 bytes,    2162736 total
- age   6:       7096 bytes,    2169832 total
: 660193K->3463K(737280K), 0.0073360 secs] 1656282K->999559K(1761280K), 0.0074910 secs] [Times: user=0.05 sys=0.00, real=0.01 secs] 
913.767: [GC913.767: [ParNew
Desired survivor size 41943040 bytes, new threshold 6 (max 6)
- age   1:    1917952 bytes,    1917952 total
- age   2:     736480 bytes,    2654432 total
- age   3:     391360 bytes,    3045792 total
- age   4:      60888 bytes,    3106680 total
- age   5:      88136 bytes,    3194816 total
- age   6:      74040 bytes,    3268856 total
: 658823K->4603K(737280K), 0.0076990 secs] 1654919K->1000706K(1761280K), 0.0078410 secs] [Times: user=0.06 sys=0.00, real=0.01 secs] 
914.045: [GC914.045: [ParNew
Desired survivor size 41943040 bytes, new threshold 6 (max 6)
- age   1:    1718536 bytes,    1718536 total
- age   2:      18360 bytes,    1736896 total
- age   3:      41152 bytes,    1778048 total
- age   4:      41352 bytes,    1819400 total
- age   5:      60888 bytes,    1880288 total
- age   6:      88136 bytes,    1968424 total
: 659963K->3759K(737280K), 0.0102090 secs] 1656066K->999935K(1761280K), 0.0103990 secs] [Times: user=0.07 sys=0.00, real=0.01 secs] 
914.439: [GC914.439: [ParNew
Desired survivor size 41943040 bytes, new threshold 6 (max 6)
- age   1:    1501360 bytes,    1501360 total
- age   2:      16664 bytes,    1518024 total
- age   3:      18264 bytes,    1536288 total
- age   4:      41040 bytes,    1577328 total
- age   5:      41280 bytes,    1618608 total
- age   6:      57616 bytes,    1676224 total
: 659119K->2577K(737280K), 0.0069720 secs] 1655295K->998836K(1761280K), 0.0071970 secs] [Times: user=0.05 sys=0.00, real=0.01 secs] 
914.666: [GC914.666: [ParNew
Desired survivor size 41943040 bytes, new threshold 6 (max 6)
- age   1:     508648 bytes,     508648 total
- age   2:      29224 bytes,     537872 total
- age   3:      16664 bytes,     554536 total
- age   4:      18264 bytes,     572800 total
- age   5:      41040 bytes,     613840 total
- age   6:      41280 bytes,     655120 total
: 657937K->1595K(737280K), 0.0063080 secs] 1654196K->997911K(1761280K), 0.0064410 secs] [Times: user=0.04 sys=0.00, real=0.00 secs] 
914.680: [CMS-concurrent-mark: 7.629/7.937 secs] [Times: user=57.31 sys=1.17, real=7.94 secs] 
914.681: [CMS-concurrent-preclean-start]
914.696: [CMS-concurrent-preclean: 0.014/0.015 secs] [Times: user=0.11 sys=0.00, real=0.02 secs] 
914.696: [CMS-concurrent-abortable-preclean-start]
914.830: [CMS-concurrent-abortable-preclean: 0.028/0.134 secs] [Times: user=1.01 sys=0.03, real=0.13 secs] 
914.832: [GC[YG occupancy: 462500 K (737280 K)]914.832: [Rescan (parallel) , 0.2444820 secs]915.077: [weak refs processing, 0.0000420 secs]915.077: [scrub string table, 0.0010300 secs] [1 CMS-remark: 996315K(1024000K)] 1458816K(1761280K), 0.2456880 secs] [Times: user=1.79 sys=0.01, real=0.25 secs] 
915.078: [CMS-concurrent-sweep-start]
915.155: [GC915.155: [ParNew
Desired survivor size 41943040 bytes, new threshold 6 (max 6)
- age   1:     901296 bytes,     901296 total
- age   2:      62000 bytes,     963296 total
- age   3:      28984 bytes,     992280 total
- age   4:      16352 bytes,    1008632 total
- age   5:      17976 bytes,    1026608 total
- age   6:      40656 bytes,    1067264 total
: 656955K->1357K(737280K), 0.0064670 secs] 1653271K->997713K(1761280K), 0.0066380 secs] [Times: user=0.05 sys=0.00, real=0.00 secs] 
915.402: [GC915.402: [ParNew
Desired survivor size 41943040 bytes, new threshold 6 (max 6)
- age   1:     979192 bytes,     979192 total
- age   2:      11848 bytes,     991040 total
- age   3:      62000 bytes,    1053040 total
- age   4:      28984 bytes,    1082024 total
- age   5:      16352 bytes,    1098376 total
- age   6:      17976 bytes,    1116352 total
: 656717K->1647K(737280K), 0.0065250 secs] 1653073K->998042K(1761280K), 0.0066810 secs] [Times: user=0.04 sys=0.00, real=0.01 secs] 
915.654: [GC915.654: [ParNew
Desired survivor size 41943040 bytes, new threshold 6 (max 6)
- age   1:     816968 bytes,     816968 total
- age   2:        712 bytes,     817680 total
- age   3:      11496 bytes,     829176 total
- age   4:      61784 bytes,     890960 total
- age   5:      28760 bytes,     919720 total
- age   6:      16160 bytes,     935880 total
: 657007K->1447K(737280K), 0.0064180 secs] 1653402K->997860K(1761280K), 0.0065710 secs] [Times: user=0.03 sys=0.01, real=0.00 secs] 
915.957: [GC915.957: [ParNew
Desired survivor size 41943040 bytes, new threshold 6 (max 6)
- age   1:     484072 bytes,     484072 total
- age   2:       9152 bytes,     493224 total
- age   3:        712 bytes,     493936 total
- age   4:      11376 bytes,     505312 total
- age   5:      61784 bytes,     567096 total
- age   6:      28760 bytes,     595856 total
: 656807K->1067K(737280K), 0.0062160 secs] 1653220K->997496K(1761280K), 0.0063580 secs] [Times: user=0.04 sys=0.00, real=0.00 secs] 
916.204: [GC916.204: [ParNew
Desired survivor size 41943040 bytes, new threshold 6 (max 6)
- age   1:     275040 bytes,     275040 total
- age   2:       1760 bytes,     276800 total
- age   3:       8912 bytes,     285712 total
- age   4:        640 bytes,     286352 total
- age   5:      11328 bytes,     297680 total
- age   6:      61760 bytes,     359440 total
: 656427K->682K(737280K), 0.0067820 secs] 1652856K->997139K(1761280K), 0.0069100 secs] [Times: user=0.04 sys=0.00, real=0.00 secs] 
916.331: [CMS-concurrent-sweep: 1.209/1.253 secs] [Times: user=9.00 sys=0.17, real=1.25 secs] 
916.331: [CMS-concurrent-reset-start]
916.359: [CMS-concurrent-reset: 0.027/0.027 secs] [Times: user=0.21 sys=0.00, real=0.03 secs] 
916.444: [GC916.444: [ParNew
Desired survivor size 41943040 bytes, new threshold 6 (max 6)
- age   1:     719680 bytes,     719680 total
- age   2:      25984 bytes,     745664 total
- age   3:       1760 bytes,     747424 total
- age   4:       8912 bytes,     756336 total
- age   5:        640 bytes,     756976 total
- age   6:      11328 bytes,     768304 total
: 656042K->875K(737280K), 0.0064850 secs] 1652453K->997346K(1761280K), 0.0066180 secs] [Times: user=0.05 sys=0.00, real=0.01 secs] 
916.452: [GC [1 CMS-initial-mark: 996471K(1024000K)] 1002032K(1761280K), 0.0057630 secs] [Times: user=0.01 sys=0.00, real=0.01 secs] 
916.458: [CMS-concurrent-mark-start]
916.688: [GC916.689: [ParNew
Desired survivor size 41943040 bytes, new threshold 6 (max 6)
- age   1:    1955072 bytes,    1955072 total
- age   2:        960 bytes,    1956032 total
- age   3:      25776 bytes,    1981808 total
- age   4:       1688 bytes,    1983496 total
- age   5:       8840 bytes,    1992336 total
- age   6:        616 bytes,    1992952 total
: 656235K->2295K(737280K), 0.0071670 secs] 1652706K->998778K(1761280K), 0.0073140 secs] [Times: user=0.05 sys=0.00, real=0.01 secs] 
916.944: [GC916.944: [ParNew
Desired survivor size 41943040 bytes, new threshold 6 (max 6)
- age   1:    1094872 bytes,    1094872 total
- age   2:       1264 bytes,    1096136 total
- age   3:        888 bytes,    1097024 total
- age   4:      25656 bytes,    1122680 total
- age   5:       1544 bytes,    1124224 total
- age   6:       8752 bytes,    1132976 total
: 657655K->1814K(737280K), 0.0065950 secs] 1654138K->998297K(1761280K), 0.0067220 secs] [Times: user=0.04 sys=0.00, real=0.01 secs] 
917.167: [GC917.167: [ParNew
Desired survivor size 41943040 bytes, new threshold 6 (max 6)
- age   1:    1405880 bytes,    1405880 total
- age   2:       5112 bytes,    1410992 total
- age   3:       1264 bytes,    1412256 total
- age   4:        888 bytes,    1413144 total
- age   5:      25656 bytes,    1438800 total
- age   6:       1544 bytes,    1440344 total
: 657174K->2157K(737280K), 0.0067690 secs] 1653657K->998650K(1761280K), 0.0069360 secs] [Times: user=0.05 sys=0.00, real=0.01 secs] 
917.403: [GC917.403: [ParNew
Desired survivor size 41943040 bytes, new threshold 6 (max 6)
- age   1:    3608672 bytes,    3608672 total
- age   2:       4584 bytes,    3613256 total
- age   3:       5008 bytes,    3618264 total
- age   4:       1144 bytes,    3619408 total
- age   5:        768 bytes,    3620176 total
- age   6:      25560 bytes,    3645736 total
: 657517K->4260K(737280K), 0.0083160 secs] 1654010K->1000754K(1761280K), 0.0084700 secs] [Times: user=0.05 sys=0.00, real=0.01 secs] 
917.654: [GC917.654: [ParNew
Desired survivor size 41943040 bytes, new threshold 6 (max 6)
- age   1:     689040 bytes,     689040 total
- age   2:       3760 bytes,     692800 total
- age   3:       4584 bytes,     697384 total
- age   4:       5008 bytes,     702392 total
- age   5:       1144 bytes,     703536 total
- age   6:        768 bytes,     704304 total
: 659620K->3011K(737280K), 0.0063330 secs] 1656114K->999530K(1761280K), 0.0064670 secs] [Times: user=0.04 sys=0.00, real=0.01 secs] 
917.908: [GC917.909: [ParNew
Desired survivor size 41943040 bytes, new threshold 6 (max 6)
- age   1:    1828512 bytes,    1828512 total
- age   2:       1232 bytes,    1829744 total
- age   3:       3688 bytes,    1833432 total
- age   4:       4536 bytes,    1837968 total
- age   5:       4864 bytes,    1842832 total
- age   6:       1096 bytes,    1843928 total
: 658371K->2311K(737280K), 0.0071870 secs] 1654890K->998831K(1761280K), 0.0073320 secs] [Times: user=0.05 sys=0.00, real=0.01 secs] 
918.147: [GC918.147: [ParNew
Desired survivor size 41943040 bytes, new threshold 6 (max 6)
- age   1:    1706424 bytes,    1706424 total
- age   2:       2736 bytes,    1709160 total
- age   3:       1232 bytes,    1710392 total
- age   4:       3688 bytes,    1714080 total
- age   5:       4536 bytes,    1718616 total
- age   6:       4864 bytes,    1723480 total
: 657671K->2570K(737280K), 0.0068550 secs] 1654191K->999091K(1761280K), 0.0070460 secs] [Times: user=0.05 sys=0.00, real=0.00 secs] 
918.380: [GC918.380: [ParNew
Desired survivor size 41943040 bytes, new threshold 6 (max 6)
- age   1:     490000 bytes,     490000 total
- age   2:       7984 bytes,     497984 total
- age   3:       2472 bytes,     500456 total
- age   4:       1040 bytes,     501496 total
- age   5:       3544 bytes,     505040 total
- age   6:       4368 bytes,     509408 total
: 657930K->1657K(737280K), 0.0061370 secs] 1654451K->998183K(1761280K), 0.0062760 secs] [Times: user=0.04 sys=0.00, real=0.01 secs] 
918.626: [GC918.626: [ParNew
Desired survivor size 41943040 bytes, new threshold 6 (max 6)
- age   1:     974520 bytes,     974520 total
- age   2:       3624 bytes,     978144 total
- age   3:       7984 bytes,     986128 total
- age   4:       2448 bytes,     988576 total
- age   5:       1040 bytes,     989616 total
- age   6:       3512 bytes,     993128 total
: 657017K->1279K(737280K), 0.0065600 secs] 1653543K->997810K(1761280K), 0.0067270 secs] [Times: user=0.04 sys=0.00, real=0.00 secs] 
918.868: [GC918.868: [ParNew
Desired survivor size 41943040 bytes, new threshold 6 (max 6)
- age   1:    1528744 bytes,    1528744 total
- age   2:        768 bytes,    1529512 total
- age   3:       3408 bytes,    1532920 total
- age   4:       7816 bytes,    1540736 total
- age   5:       2160 bytes,    1542896 total
- age   6:        920 bytes,    1543816 total
: 656639K->1832K(737280K), 0.0078300 secs] 1653170K->998365K(1761280K), 0.0080170 secs] [Times: user=0.05 sys=0.00, real=0.01 secs] 
919.131: [GC919.131: [ParNew
Desired survivor size 41943040 bytes, new threshold 6 (max 6)
- age   1:     341040 bytes,     341040 total
- age   2:       9400 bytes,     350440 total
- age   3:        624 bytes,     351064 total
- age   4:       3336 bytes,     354400 total
- age   5:       7744 bytes,     362144 total
- age   6:       2040 bytes,     364184 total
: 657192K->1346K(737280K), 0.0061600 secs] 1653725K->997881K(1761280K), 0.0063200 secs] [Times: user=0.04 sys=0.00, real=0.01 secs] 
919.382: [GC919.382: [ParNew
Desired survivor size 41943040 bytes, new threshold 6 (max 6)
- age   1:    1852360 bytes,    1852360 total
- age   2:       3080 bytes,    1855440 total
- age   3:       9160 bytes,    1864600 total
- age   4:        600 bytes,    1865200 total
- age   5:       3216 bytes,    1868416 total
- age   6:       7624 bytes,    1876040 total
: 656706K->2074K(737280K), 0.0073260 secs] 1653241K->998611K(1761280K), 0.0075190 secs] [Times: user=0.06 sys=0.00, real=0.01 secs] 
919.631: [GC919.631: [ParNew
Desired survivor size 41943040 bytes, new threshold 6 (max 6)
- age   1:    1584432 bytes,    1584432 total
- age   2:       6448 bytes,    1590880 total
- age   3:       3008 bytes,    1593888 total
- age   4:       9136 bytes,    1603024 total
- age   5:        600 bytes,    1603624 total
- age   6:       3216 bytes,    1606840 total
: 657434K->2220K(737280K), 0.0068100 secs] 1653971K->998765K(1761280K), 0.0069480 secs] [Times: user=0.04 sys=0.00, real=0.01 secs] 
919.872: [GC919.872: [ParNew
Desired survivor size 41943040 bytes, new threshold 6 (max 6)
- age   1:    1905704 bytes,    1905704 total
- age   2:       4800 bytes,    1910504 total
- age   3:       6448 bytes,    1916952 total
- age   4:       3008 bytes,    1919960 total
- age   5:       9088 bytes,    1929048 total
- age   6:        600 bytes,    1929648 total
: 657580K->2707K(737280K), 0.0129590 secs] 1654125K->999255K(1761280K), 0.0131160 secs] [Times: user=0.08 sys=0.00, real=0.02 secs] 
920.114: [GC920.114: [ParNew
Desired survivor size 41943040 bytes, new threshold 6 (max 6)
- age   1:    1789816 bytes,    1789816 total
- age   2:       1000 bytes,    1790816 total
- age   3:       4656 bytes,    1795472 total
- age   4:       6352 bytes,    1801824 total
- age   5:       3008 bytes,    1804832 total
- age   6:       9088 bytes,    1813920 total
: 658067K->2925K(737280K), 0.0071500 secs] 1654615K->999473K(1761280K), 0.0073030 secs] [Times: user=0.05 sys=0.00, real=0.01 secs] 
920.348: [GC920.348: [ParNew
Desired survivor size 41943040 bytes, new threshold 6 (max 6)
- age   1:     647000 bytes,     647000 total
- age   2:       1136 bytes,     648136 total
- age   3:        664 bytes,     648800 total
- age   4:       4464 bytes,     653264 total
- age   5:       6112 bytes,     659376 total
- age   6:       2936 bytes,     662312 total
: 658285K->1778K(737280K), 0.0063000 secs] 1654833K->998335K(1761280K), 0.0064490 secs] [Times: user=0.05 sys=0.00, real=0.00 secs] 
920.601: [GC920.601: [ParNew
Desired survivor size 41943040 bytes, new threshold 6 (max 6)
- age   1:    1423576 bytes,    1423576 total
- age   2:      18536 bytes,    1442112 total
- age   3:       1016 bytes,    1443128 total
- age   4:        544 bytes,    1443672 total
- age   5:       4440 bytes,    1448112 total
- age   6:       5968 bytes,    1454080 total
: 657138K->1743K(737280K), 0.0066970 secs] 1653695K->998303K(1761280K), 0.0068460 secs] [Times: user=0.04 sys=0.00, real=0.01 secs] 
920.830: [GC920.830: [ParNew
Desired survivor size 41943040 bytes, new threshold 6 (max 6)
- age   1:    1134464 bytes,    1134464 total
- age   2:     258272 bytes,    1392736 total
- age   3:      18408 bytes,    1411144 total
- age   4:        944 bytes,    1412088 total
- age   5:        424 bytes,    1412512 total
- age   6:       4416 bytes,    1416928 total
: 657103K->2281K(737280K), 0.0067680 secs] 1653663K->998847K(1761280K), 0.0069170 secs] [Times: user=0.05 sys=0.00, real=0.01 secs] 
921.069: [GC921.069: [ParNew
Desired survivor size 41943040 bytes, new threshold 6 (max 6)
- age   1:    1464488 bytes,    1464488 total
- age   2:       2968 bytes,    1467456 total
- age   3:      13968 bytes,    1481424 total
- age   4:      18408 bytes,    1499832 total
- age   5:        944 bytes,    1500776 total
- age   6:        424 bytes,    1501200 total
: 657641K->2180K(737280K), 0.0067490 secs] 1654207K->998752K(1761280K), 0.0069000 secs] [Times: user=0.04 sys=0.00, real=0.00 secs] 
921.298: [GC921.299: [ParNew
Desired survivor size 41943040 bytes, new threshold 6 (max 6)
- age   1:     296024 bytes,     296024 total
- age   2:       4600 bytes,     300624 total
- age   3:       2816 bytes,     303440 total
- age   4:      13944 bytes,     317384 total
- age   5:      18408 bytes,     335792 total
- age   6:        944 bytes,     336736 total
: 657540K->1434K(737280K), 0.0060580 secs] 1654112K->998006K(1761280K), 0.0062170 secs] [Times: user=0.04 sys=0.00, real=0.00 secs] 
921.530: [GC921.530: [ParNew
Desired survivor size 41943040 bytes, new threshold 6 (max 6)
- age   1:    1373080 bytes,    1373080 total
- age   2:       4416 bytes,    1377496 total
- age   3:       4600 bytes,    1382096 total
- age   4:       2816 bytes,    1384912 total
- age   5:      13944 bytes,    1398856 total
- age   6:      18408 bytes,    1417264 total
: 656794K->1708K(737280K), 0.0070820 secs] 1653366K->998281K(1761280K), 0.0072420 secs] [Times: user=0.04 sys=0.00, real=0.01 secs] 
921.766: [GC921.766: [ParNew
Desired survivor size 41943040 bytes, new threshold 6 (max 6)
- age   1:    1988168 bytes,    1988168 total
- age   2:        848 bytes,    1989016 total
- age   3:       4336 bytes,    1993352 total
- age   4:       4456 bytes,    1997808 total
- age   5:       2648 bytes,    2000456 total
- age   6:      13776 bytes,    2014232 total
: 657068K->2440K(737280K), 0.0073380 secs] 1653641K->999031K(1761280K), 0.0074870 secs] [Times: user=0.05 sys=0.01, real=0.01 secs] 
922.019: [GC922.019: [ParNew
Desired survivor size 41943040 bytes, new threshold 6 (max 6)
- age   1:    2073776 bytes,    2073776 total
- age   2:       1280 bytes,    2075056 total
- age   3:        848 bytes,    2075904 total
- age   4:       4336 bytes,    2080240 total
- age   5:       4456 bytes,    2084696 total
- age   6:       2624 bytes,    2087320 total
: 657800K->3084K(737280K), 0.0071080 secs] 1654391K->999689K(1761280K), 0.0072430 secs] [Times: user=0.05 sys=0.00, real=0.00 secs] 
922.258: [GC922.258: [ParNew
Desired survivor size 41943040 bytes, new threshold 6 (max 6)
- age   1:     772800 bytes,     772800 total
- age   2:        944 bytes,     773744 total
- age   3:       1128 bytes,     774872 total
- age   4:        632 bytes,     775504 total
- age   5:       4240 bytes,     779744 total
- age   6:       4312 bytes,     784056 total
: 658444K->1969K(737280K), 0.0063440 secs] 1655049K->998577K(1761280K), 0.0065570 secs] [Times: user=0.04 sys=0.01, real=0.00 secs] 
922.514: [GC922.514: [ParNew
Desired survivor size 41943040 bytes, new threshold 6 (max 6)
- age   1:     186632 bytes,     186632 total
- age   2:      11904 bytes,     198536 total
- age   3:        824 bytes,     199360 total
- age   4:       1056 bytes,     200416 total
- age   5:        488 bytes,     200904 total
- age   6:       4192 bytes,     205096 total
: 657329K->683K(737280K), 0.0058010 secs] 1653937K->997296K(1761280K), 0.0059580 secs] [Times: user=0.04 sys=0.00, real=0.01 secs] 
922.740: [GC922.740: [ParNew
Desired survivor size 41943040 bytes, new threshold 6 (max 6)
- age   1:    1896848 bytes,    1896848 total
- age   2:       1400 bytes,    1898248 total
- age   3:      11928 bytes,    1910176 total
- age   4:        824 bytes,    1911000 total
- age   5:       1056 bytes,    1912056 total
- age   6:        488 bytes,    1912544 total
: 656043K->1969K(737280K), 0.0072690 secs] 1652656K->998586K(1761280K), 0.0074150 secs] [Times: user=0.05 sys=0.00, real=0.01 secs] 
922.980: [GC922.980: [ParNew
Desired survivor size 41943040 bytes, new threshold 6 (max 6)
- age   1:    1644936 bytes,    1644936 total
- age   2:       4000 bytes,    1648936 total
- age   3:       1280 bytes,    1650216 total
- age   4:      11832 bytes,    1662048 total
- age   5:        800 bytes,    1662848 total
- age   6:       1032 bytes,    1663880 total
: 657329K->2537K(737280K), 0.0071580 secs] 1653946K->999155K(1761280K), 0.0073120 secs] [Times: user=0.04 sys=0.00, real=0.01 secs] 
923.213: [GC923.213: [ParNew
Desired survivor size 41943040 bytes, new threshold 6 (max 6)
- age   1:     502264 bytes,     502264 total
- age   2:       1056 bytes,     503320 total
- age   3:       3784 bytes,     507104 total
- age   4:        968 bytes,     508072 total
- age   5:      11640 bytes,     519712 total
- age   6:        584 bytes,     520296 total
: 657897K->1581K(737280K), 0.0057800 secs] 1654515K->998199K(1761280K), 0.0059500 secs] [Times: user=0.05 sys=0.00, real=0.01 secs] 
923.375: [CMS-concurrent-mark: 6.648/6.917 secs] [Times: user=51.82 sys=1.00, real=6.91 secs] 
923.375: [CMS-concurrent-preclean-start]
923.390: [CMS-concurrent-preclean: 0.014/0.015 secs] [Times: user=0.11 sys=0.00, real=0.02 secs] 
923.391: [CMS-concurrent-abortable-preclean-start]
923.449: [GC923.449: [ParNew
Desired survivor size 41943040 bytes, new threshold 6 (max 6)
- age   1:    1521008 bytes,    1521008 total
- age   2:        968 bytes,    1521976 total
- age   3:       1056 bytes,    1523032 total
- age   4:       3784 bytes,    1526816 total
- age   5:        968 bytes,    1527784 total
- age   6:      11640 bytes,    1539424 total
: 656941K->1762K(737280K), 0.0070410 secs] 1653559K->998381K(1761280K), 0.0071910 secs] [Times: user=0.04 sys=0.00, real=0.00 secs] 
923.587: [CMS-concurrent-abortable-preclean: 0.161/0.196 secs] [Times: user=1.46 sys=0.03, real=0.20 secs] 
923.589: [GC[YG occupancy: 388080 K (737280 K)]923.589: [Rescan (parallel) , 0.0770080 secs]923.666: [weak refs processing, 0.0000410 secs]923.666: [scrub string table, 0.0009900 secs] [1 CMS-remark: 996618K(1024000K)] 1384699K(1761280K), 0.0781850 secs] [Times: user=0.60 sys=0.00, real=0.08 secs] 
923.668: [CMS-concurrent-sweep-start]
923.775: [GC923.775: [ParNew
Desired survivor size 41943040 bytes, new threshold 6 (max 6)
- age   1:     516536 bytes,     516536 total
- age   2:        872 bytes,     517408 total
- age   3:        776 bytes,     518184 total
- age   4:        696 bytes,     518880 total
- age   5:       3544 bytes,     522424 total
- age   6:        632 bytes,     523056 total
: 657122K->1258K(737280K), 0.0060730 secs] 1653740K->997887K(1761280K), 0.0062070 secs] [Times: user=0.04 sys=0.01, real=0.01 secs] 
924.017: [GC924.017: [ParNew
Desired survivor size 41943040 bytes, new threshold 6 (max 6)
- age   1:     957496 bytes,     957496 total
- age   2:       4656 bytes,     962152 total
- age   3:        800 bytes,     962952 total
- age   4:        680 bytes,     963632 total
- age   5:        552 bytes,     964184 total
- age   6:       3424 bytes,     967608 total
: 656618K->1138K(737280K), 0.0063690 secs] 1653246K->997767K(1761280K), 0.0065170 secs] [Times: user=0.04 sys=0.00, real=0.01 secs] 
924.238: [GC924.238: [ParNew
Desired survivor size 41943040 bytes, new threshold 6 (max 6)
- age   1:    1718080 bytes,    1718080 total
- age   2:       1016 bytes,    1719096 total
- age   3:       4632 bytes,    1723728 total
- age   4:        656 bytes,    1724384 total
- age   5:        480 bytes,    1724864 total
- age   6:        504 bytes,    1725368 total
: 656498K->2088K(737280K), 0.0069530 secs] 1653127K->998721K(1761280K), 0.0070850 secs] [Times: user=0.04 sys=0.01, real=0.00 secs] 
924.487: [GC924.487: [ParNew
Desired survivor size 41943040 bytes, new threshold 6 (max 6)
- age   1:     993008 bytes,     993008 total
- age   2:       8520 bytes,    1001528 total
- age   3:       1016 bytes,    1002544 total
- age   4:       4632 bytes,    1007176 total
- age   5:        656 bytes,    1007832 total
- age   6:        480 bytes,    1008312 total
: 657448K->1472K(737280K), 0.0062760 secs] 1654081K->998106K(1761280K), 0.0064250 secs] [Times: user=0.03 sys=0.00, real=0.00 secs] 
924.725: [GC924.725: [ParNew
Desired survivor size 41943040 bytes, new threshold 6 (max 6)
- age   1:    1602152 bytes,    1602152 total
- age   2:       1360 bytes,    1603512 total
- age   3:       8296 bytes,    1611808 total
- age   4:        824 bytes,    1612632 total
- age   5:       4440 bytes,    1617072 total
- age   6:        512 bytes,    1617584 total
: 656832K->2213K(737280K), 0.0064380 secs] 1653466K->998847K(1761280K), 0.0066000 secs] [Times: user=0.04 sys=0.00, real=0.01 secs] 
924.960: [GC924.960: [ParNew
Desired survivor size 41943040 bytes, new threshold 6 (max 6)
- age   1:     798544 bytes,     798544 total
- age   2:       3968 bytes,     802512 total
- age   3:       1336 bytes,     803848 total
- age   4:       8200 bytes,     812048 total
- age   5:        800 bytes,     812848 total
- age   6:       4416 bytes,     817264 total
: 657573K->1461K(737280K), 0.0062110 secs] 1654207K->998096K(1761280K), 0.0063620 secs] [Times: user=0.04 sys=0.00, real=0.00 secs] 
925.187: [GC925.187: [ParNew
Desired survivor size 41943040 bytes, new threshold 6 (max 6)
- age   1:    2626328 bytes,    2626328 total
- age   2:        992 bytes,    2627320 total
- age   3:       3896 bytes,    2631216 total
- age   4:       1192 bytes,    2632408 total
- age   5:       8128 bytes,    2640536 total
- age   6:        752 bytes,    2641288 total
: 656821K->2907K(737280K), 0.0076730 secs] 1653456K->999546K(1761280K), 0.0078050 secs] [Times: user=0.06 sys=0.00, real=0.01 secs] 
925.408: [GC925.408: [ParNew
Desired survivor size 41943040 bytes, new threshold 6 (max 6)
- age   1:    4320856 bytes,    4320856 total
- age   2:       1128 bytes,    4321984 total
- age   3:        896 bytes,    4322880 total
- age   4:       3632 bytes,    4326512 total
- age   5:       1096 bytes,    4327608 total
- age   6:       7960 bytes,    4335568 total
: 658267K->5251K(737280K), 0.0088480 secs] 1654906K->1001891K(1761280K), 0.0090090 secs] [Times: user=0.07 sys=0.00, real=0.01 secs] 
925.569: [CMS-concurrent-sweep: 1.821/1.901 secs] [Times: user=14.21 sys=0.27, real=1.90 secs] 
925.569: [CMS-concurrent-reset-start]
925.603: [CMS-concurrent-reset: 0.034/0.034 secs] [Times: user=0.26 sys=0.01, real=0.03 secs] 
925.644: [GC925.644: [ParNew
Desired survivor size 41943040 bytes, new threshold 6 (max 6)
- age   1:     819928 bytes,     819928 total
- age   2:       5024 bytes,     824952 total
- age   3:       1056 bytes,     826008 total
- age   4:        800 bytes,     826808 total
- age   5:       3584 bytes,     830392 total
- age   6:       1048 bytes,     831440 total
: 660611K->3700K(737280K), 0.0060410 secs] 1657075K->1000172K(1761280K), 0.0062730 secs] [Times: user=0.04 sys=0.00, real=0.01 secs] 
925.652: [GC [1 CMS-initial-mark: 996471K(1024000K)] 1003806K(1761280K), 0.0056470 secs] [Times: user=0.01 sys=0.00, real=0.01 secs] 
925.658: [CMS-concurrent-mark-start]
925.912: [GC925.912: [ParNew
Desired survivor size 41943040 bytes, new threshold 6 (max 6)
- age   1:     449584 bytes,     449584 total
- age   2:        720 bytes,     450304 total
- age   3:       5024 bytes,     455328 total
- age   4:       1056 bytes,     456384 total
- age   5:        752 bytes,     457136 total
- age   6:       3552 bytes,     460688 total
: 659060K->1269K(737280K), 0.0057220 secs] 1655532K->997742K(1761280K), 0.0058620 secs] [Times: user=0.03 sys=0.01, real=0.01 secs] 
926.147: [GC926.147: [ParNew
Desired survivor size 41943040 bytes, new threshold 6 (max 6)
- age   1:    1154176 bytes,    1154176 total
- age   2:       5544 bytes,    1159720 total
- age   3:        672 bytes,    1160392 total
- age   4:       5000 bytes,    1165392 total
- age   5:        936 bytes,    1166328 total
- age   6:        752 bytes,    1167080 total
: 656629K->1331K(737280K), 0.0064700 secs] 1653102K->997808K(1761280K), 0.0066180 secs] [Times: user=0.05 sys=0.00, real=0.00 secs] 
926.384: [GC926.384: [ParNew
Desired survivor size 41943040 bytes, new threshold 6 (max 6)
- age   1:    2013608 bytes,    2013608 total
- age   2:       5696 bytes,    2019304 total
- age   3:       5512 bytes,    2024816 total
- age   4:        672 bytes,    2025488 total
- age   5:       5000 bytes,    2030488 total
- age   6:        936 bytes,    2031424 total
: 656691K->2383K(737280K), 0.0072060 secs] 1653168K->998860K(1761280K), 0.0073610 secs] [Times: user=0.05 sys=0.00, real=0.01 secs] 
926.638: [GC926.638: [ParNew
Desired survivor size 41943040 bytes, new threshold 6 (max 6)
- age   1:     615880 bytes,     615880 total
- age   2:       8072 bytes,     623952 total
- age   3:       5432 bytes,     629384 total
- age   4:       5224 bytes,     634608 total
- age   5:        480 bytes,     635088 total
- age   6:       4856 bytes,     639944 total
: 657743K->1726K(737280K), 0.0061760 secs] 1654220K->998204K(1761280K), 0.0063120 secs] [Times: user=0.04 sys=0.00, real=0.00 secs] 
926.871: [GC926.871: [ParNew
Desired survivor size 41943040 bytes, new threshold 6 (max 6)
- age   1:    1141488 bytes,    1141488 total
- age   2:       1416 bytes,    1142904 total
- age   3:       8072 bytes,    1150976 total
- age   4:       5432 bytes,    1156408 total
- age   5:       5200 bytes,    1161608 total
- age   6:        480 bytes,    1162088 total
: 657086K->1395K(737280K), 0.0118340 secs] 1653564K->997878K(1761280K), 0.0119930 secs] [Times: user=0.06 sys=0.00, real=0.01 secs] 
927.129: [GC927.129: [ParNew
Desired survivor size 41943040 bytes, new threshold 6 (max 6)
- age   1:    2770168 bytes,    2770168 total
- age   2:       4072 bytes,    2774240 total
- age   3:       1200 bytes,    2775440 total
- age   4:       8024 bytes,    2783464 total
- age   5:       5384 bytes,    2788848 total
- age   6:       5008 bytes,    2793856 total
: 656755K->3243K(737280K), 0.0079170 secs] 1653238K->999727K(1761280K), 0.0080860 secs] [Times: user=0.05 sys=0.00, real=0.01 secs] 
927.388: [GC927.388: [ParNew
Desired survivor size 41943040 bytes, new threshold 6 (max 6)
- age   1:    1488864 bytes,    1488864 total
- age   2:       1864 bytes,    1490728 total
- age   3:       4024 bytes,    1494752 total
- age   4:       1128 bytes,    1495880 total
- age   5:       7952 bytes,    1503832 total
- age   6:       5360 bytes,    1509192 total
: 658603K->2295K(737280K), 0.0070000 secs] 1655087K->998784K(1761280K), 0.0071570 secs] [Times: user=0.05 sys=0.00, real=0.00 secs] 
927.623: [GC927.623: [ParNew
Desired survivor size 41943040 bytes, new threshold 6 (max 6)
- age   1:    2054712 bytes,    2054712 total
- age   2:       1632 bytes,    2056344 total
- age   3:       1864 bytes,    2058208 total
- age   4:       4024 bytes,    2062232 total
- age   5:       1128 bytes,    2063360 total
- age   6:       7952 bytes,    2071312 total
: 657655K->2728K(737280K), 0.0079970 secs] 1654144K->999222K(1761280K), 0.0081970 secs] [Times: user=0.06 sys=0.00, real=0.01 secs] 
927.868: [GC927.868: [ParNew
Desired survivor size 41943040 bytes, new threshold 6 (max 6)
- age   1:    2217544 bytes,    2217544 total
- age   2:        736 bytes,    2218280 total
- age   3:       1584 bytes,    2219864 total
- age   4:       1792 bytes,    2221656 total
- age   5:       3832 bytes,    2225488 total
- age   6:        936 bytes,    2226424 total
: 658088K->3389K(737280K), 0.0099130 secs] 1654582K->999891K(1761280K), 0.0101260 secs] [Times: user=0.06 sys=0.00, real=0.01 secs] 
928.112: [GC928.112: [ParNew
Desired survivor size 41943040 bytes, new threshold 6 (max 6)
- age   1:     734944 bytes,     734944 total
- age   2:       1248 bytes,     736192 total
- age   3:        736 bytes,     736928 total
- age   4:       1584 bytes,     738512 total
- age   5:       1768 bytes,     740280 total
- age   6:       3832 bytes,     744112 total
: 658749K->2114K(737280K), 0.0061530 secs] 1655251K->998617K(1761280K), 0.0062830 secs] [Times: user=0.04 sys=0.01, real=0.01 secs] 
928.348: [GC928.348: [ParNew
Desired survivor size 41943040 bytes, new threshold 6 (max 6)
- age   1:    2343456 bytes,    2343456 total
- age   2:       3720 bytes,    2347176 total
- age   3:       1128 bytes,    2348304 total
- age   4:        664 bytes,    2348968 total
- age   5:       1416 bytes,    2350384 total
- age   6:       1720 bytes,    2352104 total
: 657474K->2575K(737280K), 0.0074640 secs] 1653977K->999081K(1761280K), 0.0076750 secs] [Times: user=0.05 sys=0.00, real=0.00 secs] 
928.589: [GC928.589: [ParNew
Desired survivor size 41943040 bytes, new threshold 6 (max 6)
- age   1:    1679856 bytes,    1679856 total
- age   2:       8384 bytes,    1688240 total
- age   3:       3456 bytes,    1691696 total
- age   4:        768 bytes,    1692464 total
- age   5:        448 bytes,    1692912 total
- age   6:       1296 bytes,    1694208 total
: 657935K->2850K(737280K), 0.0070670 secs] 1654441K->999359K(1761280K), 0.0072110 secs] [Times: user=0.05 sys=0.00, real=0.00 secs] 
928.812: [GC928.813: [ParNew
Desired survivor size 41943040 bytes, new threshold 6 (max 6)
- age   1:     997656 bytes,     997656 total
- age   2:       2136 bytes,     999792 total
- age   3:       8168 bytes,    1007960 total
- age   4:       3360 bytes,    1011320 total
- age   5:        360 bytes,    1011680 total
- age   6:        232 bytes,    1011912 total
: 658210K->1643K(737280K), 0.0066490 secs] 1654719K->998153K(1761280K), 0.0068060 secs] [Times: user=0.05 sys=0.00, real=0.01 secs] 
929.082: [GC929.082: [ParNew
Desired survivor size 41943040 bytes, new threshold 6 (max 6)
- age   1:    1148440 bytes,    1148440 total
- age   2:       3816 bytes,    1152256 total
- age   3:       2040 bytes,    1154296 total
- age   4:       8072 bytes,    1162368 total
- age   5:       3288 bytes,    1165656 total
- age   6:        240 bytes,    1165896 total
: 657003K->1776K(737280K), 0.0066340 secs] 1653513K->998286K(1761280K), 0.0067690 secs] [Times: user=0.04 sys=0.00, real=0.01 secs] 
929.311: [GC929.311: [ParNew
Desired survivor size 41943040 bytes, new threshold 6 (max 6)
- age   1:    1748200 bytes,    1748200 total
- age   2:       1328 bytes,    1749528 total
- age   3:       3432 bytes,    1752960 total
- age   4:       1672 bytes,    1754632 total
- age   5:       7904 bytes,    1762536 total
- age   6:       3240 bytes,    1765776 total
: 657136K->2077K(737280K), 0.0070020 secs] 1653646K->998587K(1761280K), 0.0071720 secs] [Times: user=0.04 sys=0.00, real=0.01 secs] 
929.537: [GC929.537: [ParNew
Desired survivor size 41943040 bytes, new threshold 6 (max 6)
- age   1:    3101392 bytes,    3101392 total
- age   2:     410032 bytes,    3511424 total
- age   3:       1328 bytes,    3512752 total
- age   4:       3432 bytes,    3516184 total
- age   5:       1672 bytes,    3517856 total
- age   6:       7904 bytes,    3525760 total
: 657437K->4514K(737280K), 0.0082440 secs] 1653947K->1001028K(1761280K), 0.0084360 secs] [Times: user=0.05 sys=0.01, real=0.01 secs] 
929.775: [GC929.775: [ParNew
Desired survivor size 41943040 bytes, new threshold 6 (max 6)
- age   1:    3209904 bytes,    3209904 total
- age   2:       3104 bytes,    3213008 total
- age   3:       7912 bytes,    3220920 total
- age   4:       1328 bytes,    3222248 total
- age   5:       3432 bytes,    3225680 total
- age   6:       1672 bytes,    3227352 total
: 659874K->4834K(737280K), 0.0081270 secs] 1656388K->1001355K(1761280K), 0.0082920 secs] [Times: user=0.06 sys=0.00, real=0.01 secs] 
930.031: [GC930.031: [ParNew
Desired survivor size 41943040 bytes, new threshold 6 (max 6)
- age   1:    1660584 bytes,    1660584 total
- age   2:       6232 bytes,    1666816 total
- age   3:       1544 bytes,    1668360 total
- age   4:       7808 bytes,    1676168 total
- age   5:       1208 bytes,    1677376 total
- age   6:       3360 bytes,    1680736 total
: 660194K->3107K(737280K), 0.0066910 secs] 1656715K->999630K(1761280K), 0.0068440 secs] [Times: user=0.04 sys=0.00, real=0.01 secs] 
930.280: [GC930.280: [ParNew
Desired survivor size 41943040 bytes, new threshold 6 (max 6)
- age   1:     736656 bytes,     736656 total
- age   2:       3888 bytes,     740544 total
- age   3:       6064 bytes,     746608 total
- age   4:       1256 bytes,     747864 total
- age   5:       7736 bytes,     755600 total
- age   6:       1112 bytes,     756712 total
: 658467K->1392K(737280K), 0.0069180 secs] 1654990K->997919K(1761280K), 0.0070780 secs] [Times: user=0.05 sys=0.00, real=0.01 secs] 
930.563: [GC930.563: [ParNew
Desired survivor size 41943040 bytes, new threshold 6 (max 6)
- age   1:     530120 bytes,     530120 total
- age   2:      47280 bytes,     577400 total
- age   3:       3864 bytes,     581264 total
- age   4:       6064 bytes,     587328 total
- age   5:       1256 bytes,     588584 total
- age   6:       7696 bytes,     596280 total
: 656752K->937K(737280K), 0.0065320 secs] 1653279K->997465K(1761280K), 0.0066770 secs] [Times: user=0.05 sys=0.00, real=0.01 secs] 
930.782: [GC930.783: [ParNew
Desired survivor size 41943040 bytes, new threshold 6 (max 6)
- age   1:    1594696 bytes,    1594696 total
- age   2:      17856 bytes,    1612552 total
- age   3:      47280 bytes,    1659832 total
- age   4:       3864 bytes,    1663696 total
- age   5:       6064 bytes,    1669760 total
- age   6:       1256 bytes,    1671016 total
: 656297K->1853K(737280K), 0.0069530 secs] 1652825K->998389K(1761280K), 0.0071080 secs] [Times: user=0.05 sys=0.00, real=0.01 secs] 
931.033: [GC931.034: [ParNew
Desired survivor size 41943040 bytes, new threshold 6 (max 6)
- age   1:     480376 bytes,     480376 total
- age   2:       1200 bytes,     481576 total
- age   3:      17856 bytes,     499432 total
- age   4:      47280 bytes,     546712 total
- age   5:       3816 bytes,     550528 total
- age   6:       6064 bytes,     556592 total
: 657213K->1372K(737280K), 0.0060370 secs] 1653749K->997909K(1761280K), 0.0061730 secs] [Times: user=0.05 sys=0.00, real=0.01 secs] 
931.265: [GC931.265: [ParNew
Desired survivor size 41943040 bytes, new threshold 6 (max 6)
- age   1:     322704 bytes,     322704 total
- age   2:       1648 bytes,     324352 total
- age   3:       1080 bytes,     325432 total
- age   4:      17736 bytes,     343168 total
- age   5:      47256 bytes,     390424 total
- age   6:       3816 bytes,     394240 total
: 656732K->718K(737280K), 0.0062450 secs] 1653269K->997261K(1761280K), 0.0063680 secs] [Times: user=0.04 sys=0.00, real=0.01 secs] 
931.517: [GC931.517: [ParNew
Desired survivor size 41943040 bytes, new threshold 6 (max 6)
- age   1:     534736 bytes,     534736 total
- age   2:       4304 bytes,     539040 total
- age   3:       1528 bytes,     540568 total
- age   4:       1008 bytes,     541576 total
- age   5:      17544 bytes,     559120 total
- age   6:      47112 bytes,     606232 total
: 656078K->734K(737280K), 0.0061070 secs] 1652621K->997281K(1761280K), 0.0062540 secs] [Times: user=0.04 sys=0.00, real=0.01 secs] 
931.743: [GC931.744: [ParNew
Desired survivor size 41943040 bytes, new threshold 6 (max 6)
- age   1:     956120 bytes,     956120 total
- age   2:       7624 bytes,     963744 total
- age   3:       4304 bytes,     968048 total
- age   4:       1528 bytes,     969576 total
- age   5:       1008 bytes,     970584 total
- age   6:      17544 bytes,     988128 total
: 656094K->1323K(737280K), 0.0064300 secs] 1652641K->997917K(1761280K), 0.0065750 secs] [Times: user=0.05 sys=0.00, real=0.01 secs] 
932.008: [GC932.008: [ParNew
Desired survivor size 41943040 bytes, new threshold 6 (max 6)
- age   1:     712912 bytes,     712912 total
- age   2:        936 bytes,     713848 total
- age   3:       7624 bytes,     721472 total
- age   4:       4304 bytes,     725776 total
- age   5:       1504 bytes,     727280 total
- age   6:       1008 bytes,     728288 total
: 656683K->1062K(737280K), 0.0062480 secs] 1653277K->997673K(1761280K), 0.0063910 secs] [Times: user=0.04 sys=0.00, real=0.00 secs] 
932.250: [GC932.250: [ParNew
Desired survivor size 41943040 bytes, new threshold 6 (max 6)
- age   1:     686752 bytes,     686752 total
- age   2:        632 bytes,     687384 total
- age   3:        744 bytes,     688128 total
- age   4:       7528 bytes,     695656 total
- age   5:       4064 bytes,     699720 total
- age   6:       1184 bytes,     700904 total
: 656422K->1118K(737280K), 0.0085130 secs] 1653033K->997730K(1761280K), 0.0086510 secs] [Times: user=0.03 sys=0.00, real=0.01 secs] 
932.432: [CMS-concurrent-mark: 6.491/6.774 secs] [Times: user=50.38 sys=1.04, real=6.77 secs] 
932.432: [CMS-concurrent-preclean-start]
932.447: [CMS-concurrent-preclean: 0.014/0.015 secs] [Times: user=0.11 sys=0.01, real=0.01 secs] 
932.447: [CMS-concurrent-abortable-preclean-start]
932.486: [GC932.487: [ParNew
Desired survivor size 41943040 bytes, new threshold 6 (max 6)
- age   1:    2384400 bytes,    2384400 total
- age   2:       2008 bytes,    2386408 total
- age   3:        432 bytes,    2386840 total
- age   4:        600 bytes,    2387440 total
- age   5:       7216 bytes,    2394656 total
- age   6:       3824 bytes,    2398480 total
: 656478K->2712K(737280K), 0.0075500 secs] 1653090K->999325K(1761280K), 0.0077020 secs] [Times: user=0.05 sys=0.00, real=0.01 secs] 
932.620: [CMS-concurrent-abortable-preclean: 0.163/0.173 secs] [Times: user=1.30 sys=0.04, real=0.18 secs] 
932.622: [GC[YG occupancy: 376256 K (737280 K)]932.622: [Rescan (parallel) , 0.0802830 secs]932.703: [weak refs processing, 0.0000450 secs]932.703: [scrub string table, 0.0010800 secs] [1 CMS-remark: 996613K(1024000K)] 1372869K(1761280K), 0.0815390 secs] [Times: user=0.61 sys=0.00, real=0.08 secs] 
932.704: [CMS-concurrent-sweep-start]
932.813: [GC932.813: [ParNew
Desired survivor size 41943040 bytes, new threshold 6 (max 6)
- age   1:    1567208 bytes,    1567208 total
- age   2:      11224 bytes,    1578432 total
- age   3:       1888 bytes,    1580320 total
- age   4:        336 bytes,    1580656 total
- age   5:        504 bytes,    1581160 total
- age   6:       7072 bytes,    1588232 total
: 658072K->2173K(737280K), 0.0069590 secs] 1654682K->998788K(1761280K), 0.0071550 secs] [Times: user=0.05 sys=0.00, real=0.01 secs] 
933.078: [GC933.078: [ParNew
Desired survivor size 41943040 bytes, new threshold 6 (max 6)
- age   1:    1014488 bytes,    1014488 total
- age   2:       1352 bytes,    1015840 total
- age   3:      11200 bytes,    1027040 total
- age   4:       1768 bytes,    1028808 total
- age   5:        216 bytes,    1029024 total
- age   6:        408 bytes,    1029432 total
: 657533K->1646K(737280K), 0.0064270 secs] 1654147K->998268K(1761280K), 0.0065800 secs] [Times: user=0.04 sys=0.00, real=0.00 secs] 
933.338: [GC933.338: [ParNew
Desired survivor size 41943040 bytes, new threshold 6 (max 6)
- age   1:    2010824 bytes,    2010824 total
- age   2:       8576 bytes,    2019400 total
- age   3:       1064 bytes,    2020464 total
- age   4:      11056 bytes,    2031520 total
- age   5:       1672 bytes,    2033192 total
- age   6:        136 bytes,    2033328 total
: 657006K->2476K(737280K), 0.0071990 secs] 1653628K->999099K(1761280K), 0.0074070 secs] [Times: user=0.05 sys=0.00, real=0.01 secs] 
933.583: [GC933.583: [ParNew
Desired survivor size 41943040 bytes, new threshold 6 (max 6)
- age   1:    1448464 bytes,    1448464 total
- age   2:      12416 bytes,    1460880 total
- age   3:       8576 bytes,    1469456 total
- age   4:       1064 bytes,    1470520 total
- age   5:      11056 bytes,    1481576 total
- age   6:       1640 bytes,    1483216 total
: 657836K->2225K(737280K), 0.0065260 secs] 1654459K->998848K(1761280K), 0.0066760 secs] [Times: user=0.05 sys=0.00, real=0.01 secs] 
933.826: [GC933.826: [ParNew
Desired survivor size 41943040 bytes, new threshold 6 (max 6)
- age   1:     496032 bytes,     496032 total
- age   2:       1016 bytes,     497048 total
- age   3:      12416 bytes,     509464 total
- age   4:       8576 bytes,     518040 total
- age   5:       1064 bytes,     519104 total
- age   6:      11056 bytes,     530160 total
: 657585K->1531K(737280K), 0.0069320 secs] 1654198K->998145K(1761280K), 0.0071370 secs] [Times: user=0.04 sys=0.01, real=0.01 secs] 
933.859: [CMS-concurrent-sweep: 1.112/1.155 secs] [Times: user=8.62 sys=0.17, real=1.16 secs] 
933.860: [CMS-concurrent-reset-start]
933.899: [CMS-concurrent-reset: 0.039/0.039 secs] [Times: user=0.25 sys=0.00, real=0.04 secs] 
934.055: [GC934.056: [ParNew
Desired survivor size 41943040 bytes, new threshold 6 (max 6)
- age   1:    3650712 bytes,    3650712 total
- age   2:       7256 bytes,    3657968 total
- age   3:        944 bytes,    3658912 total
- age   4:      12368 bytes,    3671280 total
- age   5:       8504 bytes,    3679784 total
- age   6:       1064 bytes,    3680848 total
: 656891K->3906K(737280K), 0.0086190 secs] 1653400K->1000426K(1761280K), 0.0088180 secs] [Times: user=0.07 sys=0.00, real=0.01 secs] 
934.066: [GC [1 CMS-initial-mark: 996520K(1024000K)] 1002097K(1761280K), 0.0082040 secs] [Times: user=0.01 sys=0.00, real=0.01 secs] 
934.074: [CMS-concurrent-mark-start]
934.316: [GC934.316: [ParNew
Desired survivor size 41943040 bytes, new threshold 6 (max 6)
- age   1:    1058296 bytes,    1058296 total
- age   2:       1304 bytes,    1059600 total
- age   3:       5320 bytes,    1064920 total
- age   4:        944 bytes,    1065864 total
- age   5:      12368 bytes,    1078232 total
- age   6:       8504 bytes,    1086736 total
: 659266K->2824K(737280K), 0.0063320 secs] 1655786K->999345K(1761280K), 0.0064850 secs] [Times: user=0.04 sys=0.00, real=0.01 secs] 
934.564: [GC934.564: [ParNew
Desired survivor size 41943040 bytes, new threshold 6 (max 6)
- age   1:    1157136 bytes,    1157136 total
- age   2:        696 bytes,    1157832 total
- age   3:        928 bytes,    1158760 total
- age   4:       5104 bytes,    1163864 total
- age   5:        800 bytes,    1164664 total
- age   6:      12048 bytes,    1176712 total
: 658184K->1821K(737280K), 0.0076480 secs] 1654705K->998351K(1761280K), 0.0078590 secs] [Times: user=0.04 sys=0.00, real=0.01 secs] 
934.799: [GC934.799: [ParNew
Desired survivor size 41943040 bytes, new threshold 6 (max 6)
- age   1:    2502128 bytes,    2502128 total
- age   2:      12288 bytes,    2514416 total
- age   3:        576 bytes,    2514992 total
- age   4:        832 bytes,    2515824 total
- age   5:       4936 bytes,    2520760 total
- age   6:        680 bytes,    2521440 total
: 657181K->2899K(737280K), 0.0076000 secs] 1653711K->999441K(1761280K), 0.0077910 secs] [Times: user=0.05 sys=0.00, real=0.00 secs] 
935.049: [GC935.049: [ParNew
Desired survivor size 41943040 bytes, new threshold 6 (max 6)
- age   1:    1687520 bytes,    1687520 total
- age   2:       1256 bytes,    1688776 total
- age   3:      12288 bytes,    1701064 total
- age   4:        576 bytes,    1701640 total
- age   5:        784 bytes,    1702424 total
- age   6:       4936 bytes,    1707360 total
: 658259K->2388K(737280K), 0.0069590 secs] 1654801K->998931K(1761280K), 0.0071130 secs] [Times: user=0.04 sys=0.01, real=0.00 secs] 
935.306: [GC935.306: [ParNew
Desired survivor size 41943040 bytes, new threshold 6 (max 6)
- age   1:     691680 bytes,     691680 total
- age   2:        864 bytes,     692544 total
- age   3:       1160 bytes,     693704 total
- age   4:      12072 bytes,     705776 total
- age   5:        504 bytes,     706280 total
- age   6:        760 bytes,     707040 total
: 657748K->1781K(737280K), 0.0060760 secs] 1654291K->998328K(1761280K), 0.0062410 secs] [Times: user=0.04 sys=0.00, real=0.01 secs] 
935.550: [GC935.551: [ParNew
Desired survivor size 41943040 bytes, new threshold 6 (max 6)
- age   1:     819544 bytes,     819544 total
- age   2:       1112 bytes,     820656 total
- age   3:        864 bytes,     821520 total
- age   4:       1064 bytes,     822584 total
- age   5:      11880 bytes,     834464 total
- age   6:        432 bytes,     834896 total
: 657141K->1081K(737280K), 0.0062770 secs] 1653688K->997629K(1761280K), 0.0064400 secs] [Times: user=0.05 sys=0.00, real=0.00 secs] 
935.784: [GC935.784: [ParNew
Desired survivor size 41943040 bytes, new threshold 6 (max 6)
- age   1:    1751144 bytes,    1751144 total
- age   2:       5040 bytes,    1756184 total
- age   3:        968 bytes,    1757152 total
- age   4:        792 bytes,    1757944 total
- age   5:        896 bytes,    1758840 total
- age   6:      11616 bytes,    1770456 total
: 656441K->2106K(737280K), 0.0065690 secs] 1652989K->998655K(1761280K), 0.0067200 secs] [Times: user=0.04 sys=0.01, real=0.01 secs] 
936.037: [GC936.038: [ParNew
Desired survivor size 41943040 bytes, new threshold 6 (max 6)
- age   1:     165744 bytes,     165744 total
- age   2:       1032 bytes,     166776 total
- age   3:       4992 bytes,     171768 total
- age   4:        848 bytes,     172616 total
- age   5:        696 bytes,     173312 total
- age   6:        848 bytes,     174160 total
: 657466K->1488K(737280K), 0.0060050 secs] 1654015K->998048K(1761280K), 0.0061340 secs] [Times: user=0.04 sys=0.00, real=0.01 secs] 
936.286: [GC936.286: [ParNew
Desired survivor size 41943040 bytes, new threshold 6 (max 6)
- age   1:     857328 bytes,     857328 total
- age   2:        816 bytes,     858144 total
- age   3:        816 bytes,     858960 total
- age   4:       4992 bytes,     863952 total
- age   5:        816 bytes,     864768 total
- age   6:        672 bytes,     865440 total
: 656848K->1010K(737280K), 0.0069410 secs] 1653408K->997571K(1761280K), 0.0070820 secs] [Times: user=0.05 sys=0.00, real=0.01 secs] 
936.536: [GC936.536: [ParNew
Desired survivor size 41943040 bytes, new threshold 6 (max 6)
- age   1:    1724024 bytes,    1724024 total
- age   2:        976 bytes,    1725000 total
- age   3:        816 bytes,    1725816 total
- age   4:        816 bytes,    1726632 total
- age   5:       4992 bytes,    1731624 total
- age   6:        816 bytes,    1732440 total
: 656370K->2112K(737280K), 0.0070610 secs] 1652931K->998673K(1761280K), 0.0072180 secs] [Times: user=0.05 sys=0.00, real=0.01 secs] 
936.778: [GC936.778: [ParNew
Desired survivor size 41943040 bytes, new threshold 6 (max 6)
- age   1:    1277112 bytes,    1277112 total
- age   2:      11544 bytes,    1288656 total
- age   3:        880 bytes,    1289536 total
- age   4:        528 bytes,    1290064 total
- age   5:        528 bytes,    1290592 total
- age   6:       4880 bytes,    1295472 total
: 657472K->1997K(737280K), 0.0069030 secs] 1654033K->998559K(1761280K), 0.0071530 secs] [Times: user=0.04 sys=0.00, real=0.00 secs] 
937.031: [GC937.031: [ParNew
Desired survivor size 41943040 bytes, new threshold 6 (max 6)
- age   1:    1746576 bytes,    1746576 total
- age   2:       1000 bytes,    1747576 total
- age   3:      11328 bytes,    1758904 total
- age   4:        808 bytes,    1759712 total
- age   5:        384 bytes,    1760096 total
- age   6:        432 bytes,    1760528 total
: 657357K->2296K(737280K), 0.0071820 secs] 1653919K->998863K(1761280K), 0.0073160 secs] [Times: user=0.05 sys=0.00, real=0.01 secs] 
937.259: [GC937.259: [ParNew
Desired survivor size 41943040 bytes, new threshold 6 (max 6)
- age   1:    1409808 bytes,    1409808 total
- age   2:       3480 bytes,    1413288 total
- age   3:        880 bytes,    1414168 total
- age   4:      11160 bytes,    1425328 total
- age   5:        616 bytes,    1425944 total
- age   6:        384 bytes,    1426328 total
: 657656K->2021K(737280K), 0.0066470 secs] 1654223K->998589K(1761280K), 0.0068520 secs] [Times: user=0.05 sys=0.00, real=0.00 secs] 
937.514: [GC937.515: [ParNew
Desired survivor size 41943040 bytes, new threshold 6 (max 6)
- age   1:     382880 bytes,     382880 total
- age   2:       5144 bytes,     388024 total
- age   3:       3480 bytes,     391504 total
- age   4:        848 bytes,     392352 total
- age   5:      11160 bytes,     403512 total
- age   6:        616 bytes,     404128 total
: 657381K->1449K(737280K), 0.0062260 secs] 1653949K->998017K(1761280K), 0.0063980 secs] [Times: user=0.04 sys=0.00, real=0.01 secs] 
937.749: [GC937.749: [ParNew
Desired survivor size 41943040 bytes, new threshold 6 (max 6)
- age   1:    2053800 bytes,    2053800 total
- age   2:       1864 bytes,    2055664 total
- age   3:       5024 bytes,    2060688 total
- age   4:       3480 bytes,    2064168 total
- age   5:        848 bytes,    2065016 total
- age   6:      11160 bytes,    2076176 total
: 656809K->2247K(737280K), 0.0073730 secs] 1653377K->998815K(1761280K), 0.0075380 secs] [Times: user=0.05 sys=0.00, real=0.01 secs] 
937.981: [GC937.981: [ParNew
Desired survivor size 41943040 bytes, new threshold 6 (max 6)
- age   1:    1617248 bytes,    1617248 total
- age   2:       1240 bytes,    1618488 total
- age   3:       1744 bytes,    1620232 total
- age   4:       4880 bytes,    1625112 total
- age   5:       3456 bytes,    1628568 total
- age   6:        704 bytes,    1629272 total
: 657607K->2862K(737280K), 0.0072000 secs] 1654175K->999442K(1761280K), 0.0073580 secs] [Times: user=0.05 sys=0.00, real=0.00 secs] 
938.218: [GC938.218: [ParNew
Desired survivor size 41943040 bytes, new threshold 6 (max 6)
- age   1:    1149048 bytes,    1149048 total
- age   2:       3936 bytes,    1152984 total
- age   3:       1048 bytes,    1154032 total
- age   4:       1672 bytes,    1155704 total
- age   5:       4808 bytes,    1160512 total
- age   6:       3312 bytes,    1163824 total
: 658222K->1634K(737280K), 0.0067370 secs] 1654802K->998214K(1761280K), 0.0068860 secs] [Times: user=0.05 sys=0.00, real=0.01 secs] 
938.461: [GC938.461: [ParNew
Desired survivor size 41943040 bytes, new threshold 6 (max 6)
- age   1:    2675264 bytes,    2675264 total
- age   2:       4200 bytes,    2679464 total
- age   3:       3936 bytes,    2683400 total
- age   4:       1048 bytes,    2684448 total
- age   5:       1672 bytes,    2686120 total
- age   6:       4808 bytes,    2690928 total
: 656994K->3173K(737280K), 0.0082160 secs] 1653574K->999757K(1761280K), 0.0083770 secs] [Times: user=0.05 sys=0.00, real=0.01 secs] 
938.694: [GC938.694: [ParNew
Desired survivor size 41943040 bytes, new threshold 6 (max 6)
- age   1:    1939072 bytes,    1939072 total
- age   2:       8216 bytes,    1947288 total
- age   3:       4200 bytes,    1951488 total
- age   4:       3936 bytes,    1955424 total
- age   5:       1048 bytes,    1956472 total
- age   6:       1672 bytes,    1958144 total
: 658533K->2808K(737280K), 0.0071600 secs] 1655117K->999397K(1761280K), 0.0073340 secs] [Times: user=0.05 sys=0.00, real=0.01 secs] 
938.942: [GC938.942: [ParNew
Desired survivor size 41943040 bytes, new threshold 6 (max 6)
- age   1:     947032 bytes,     947032 total
- age   2:        752 bytes,     947784 total
- age   3:       7832 bytes,     955616 total
- age   4:       3768 bytes,     959384 total
- age   5:       3624 bytes,     963008 total
- age   6:        592 bytes,     963600 total
: 658168K->1996K(737280K), 0.0065570 secs] 1654757K->998586K(1761280K), 0.0066890 secs] [Times: user=0.03 sys=0.00, real=0.01 secs] 
939.186: [GC939.186: [ParNew
Desired survivor size 41943040 bytes, new threshold 6 (max 6)
- age   1:     936848 bytes,     936848 total
- age   2:       8008 bytes,     944856 total
- age   3:        704 bytes,     945560 total
- age   4:       7712 bytes,     953272 total
- age   5:       3648 bytes,     956920 total
- age   6:       3600 bytes,     960520 total
: 657356K->1277K(737280K), 0.0066370 secs] 1653946K->997869K(1761280K), 0.0068270 secs] [Times: user=0.04 sys=0.00, real=0.01 secs] 
939.422: [GC939.422: [ParNew
Desired survivor size 41943040 bytes, new threshold 6 (max 6)
- age   1:     510728 bytes,     510728 total
- age   2:       4104 bytes,     514832 total
- age   3:       7888 bytes,     522720 total
- age   4:        680 bytes,     523400 total
- age   5:       7712 bytes,     531112 total
- age   6:       3648 bytes,     534760 total
: 656637K->916K(737280K), 0.0064440 secs] 1653229K->997511K(1761280K), 0.0065800 secs] [Times: user=0.04 sys=0.00, real=0.00 secs] 
939.688: [GC939.688: [ParNew
Desired survivor size 41943040 bytes, new threshold 6 (max 6)
- age   1:    2240944 bytes,    2240944 total
- age   2:       1984 bytes,    2242928 total
- age   3:       4056 bytes,    2246984 total
- age   4:       7744 bytes,    2254728 total
- age   5:        680 bytes,    2255408 total
- age   6:       7712 bytes,    2263120 total
: 656276K->2390K(737280K), 0.0069910 secs] 1652871K->998988K(1761280K), 0.0071570 secs] [Times: user=0.05 sys=0.00, real=0.01 secs] 
939.959: [GC939.959: [ParNew
Desired survivor size 41943040 bytes, new threshold 6 (max 6)
- age   1:    2046464 bytes,    2046464 total
- age   2:       6368 bytes,    2052832 total
- age   3:       1880 bytes,    2054712 total
- age   4:       4056 bytes,    2058768 total
- age   5:       7720 bytes,    2066488 total
- age   6:        680 bytes,    2067168 total
: 657750K->2866K(737280K), 0.0078550 secs] 1654348K->999472K(1761280K), 0.0080180 secs] [Times: user=0.05 sys=0.00, real=0.01 secs] 
940.184: [GC940.184: [ParNew
Desired survivor size 41943040 bytes, new threshold 6 (max 6)
- age   1:     773648 bytes,     773648 total
- age   2:      50024 bytes,     823672 total
- age   3:       6368 bytes,     830040 total
- age   4:       1880 bytes,     831920 total
- age   5:       4032 bytes,     835952 total
- age   6:       7720 bytes,     843672 total
: 658226K->1955K(737280K), 0.0063800 secs] 1654832K->998562K(1761280K), 0.0065390 secs] [Times: user=0.04 sys=0.00, real=0.01 secs] 
940.418: [GC940.418: [ParNew
Desired survivor size 41943040 bytes, new threshold 6 (max 6)
- age   1:    1841880 bytes,    1841880 total
- age   2:      42888 bytes,    1884768 total
- age   3:      49472 bytes,    1934240 total
- age   4:       5984 bytes,    1940224 total
- age   5:       1376 bytes,    1941600 total
- age   6:       3720 bytes,    1945320 total
: 657315K->2193K(737280K), 0.0074140 secs] 1653922K->998808K(1761280K), 0.0076080 secs] [Times: user=0.05 sys=0.00, real=0.01 secs] 
940.649: [GC940.649: [ParNew
Desired survivor size 41943040 bytes, new threshold 6 (max 6)
- age   1:     511552 bytes,     511552 total
- age   2:       5016 bytes,     516568 total
- age   3:      36600 bytes,     553168 total
- age   4:      49400 bytes,     602568 total
- age   5:       5984 bytes,     608552 total
- age   6:       1376 bytes,     609928 total
: 657553K->1624K(737280K), 0.0071570 secs] 1654168K->998242K(1761280K), 0.0073260 secs] [Times: user=0.04 sys=0.00, real=0.00 secs] 
940.869: [GC940.869: [ParNew
Desired survivor size 41943040 bytes, new threshold 6 (max 6)
- age   1:    1326880 bytes,    1326880 total
- age   2:      20248 bytes,    1347128 total
- age   3:       5016 bytes,    1352144 total
- age   4:      36600 bytes,    1388744 total
- age   5:      49400 bytes,    1438144 total
- age   6:       5984 bytes,    1444128 total
: 656984K->1664K(737280K), 0.0073160 secs] 1653602K->998285K(1761280K), 0.0074770 secs] [Times: user=0.05 sys=0.00, real=0.01 secs] 
941.035: [CMS-concurrent-mark: 6.679/6.961 secs] [Times: user=51.93 sys=1.03, real=6.96 secs] 
941.035: [CMS-concurrent-preclean-start]
941.051: [CMS-concurrent-preclean: 0.015/0.016 secs] [Times: user=0.12 sys=0.00, real=0.02 secs] 
941.051: [CMS-concurrent-abortable-preclean-start]
941.116: [GC941.116: [ParNew
Desired survivor size 41943040 bytes, new threshold 6 (max 6)
- age   1:     557536 bytes,     557536 total
- age   2:       4152 bytes,     561688 total
- age   3:      20152 bytes,     581840 total
- age   4:       4968 bytes,     586808 total
- age   5:      36504 bytes,     623312 total
- age   6:      49232 bytes,     672544 total
: 657024K->1196K(737280K), 0.0064330 secs] 1653645K->997822K(1761280K), 0.0066940 secs] [Times: user=0.05 sys=0.00, real=0.01 secs] 
941.314: [CMS-concurrent-abortable-preclean: 0.147/0.263 secs] [Times: user=1.99 sys=0.03, real=0.26 secs] 
941.330: [GC[YG occupancy: 623859 K (737280 K)]941.330: [Rescan (parallel) , 0.2753710 secs]941.606: [weak refs processing, 0.0000310 secs]941.606: [scrub string table, 0.0010120 secs] [1 CMS-remark: 996626K(1024000K)] 1620486K(1761280K), 0.2765590 secs] [Times: user=2.03 sys=0.01, real=0.27 secs] 
941.607: [CMS-concurrent-sweep-start]
941.626: [GC941.626: [ParNew
Desired survivor size 41943040 bytes, new threshold 6 (max 6)
- age   1:    1015608 bytes,    1015608 total
- age   2:       1384 bytes,    1016992 total
- age   3:       4056 bytes,    1021048 total
- age   4:      19960 bytes,    1041008 total
- age   5:       4872 bytes,    1045880 total
- age   6:      33328 bytes,    1079208 total
: 656556K->1363K(737280K), 0.0075400 secs] 1653182K->998034K(1761280K), 0.0076720 secs] [Times: user=0.05 sys=0.00, real=0.01 secs] 
941.899: [GC941.899: [ParNew
Desired survivor size 41943040 bytes, new threshold 6 (max 6)
- age   1:    1128384 bytes,    1128384 total
- age   2:       8584 bytes,    1136968 total
- age   3:       1384 bytes,    1138352 total
- age   4:       4056 bytes,    1142408 total
- age   5:      19960 bytes,    1162368 total
- age   6:       4872 bytes,    1167240 total
: 656723K->1506K(737280K), 0.0077160 secs] 1653393K->998208K(1761280K), 0.0078980 secs] [Times: user=0.05 sys=0.00, real=0.00 secs] 
942.124: [GC942.124: [ParNew
Desired survivor size 41943040 bytes, new threshold 6 (max 6)
- age   1:    1095384 bytes,    1095384 total
- age   2:       1952 bytes,    1097336 total
- age   3:       8584 bytes,    1105920 total
- age   4:       1360 bytes,    1107280 total
- age   5:       4056 bytes,    1111336 total
- age   6:      19960 bytes,    1131296 total
: 656866K->1629K(737280K), 0.0091970 secs] 1653568K->998336K(1761280K), 0.0093450 secs] [Times: user=0.06 sys=0.00, real=0.01 secs] 
942.365: [GC942.365: [ParNew
Desired survivor size 41943040 bytes, new threshold 6 (max 6)
- age   1:     916704 bytes,     916704 total
- age   2:       4168 bytes,     920872 total
- age   3:       1712 bytes,     922584 total
- age   4:       8296 bytes,     930880 total
- age   5:       1168 bytes,     932048 total
- age   6:       3840 bytes,     935888 total
: 656989K->1512K(737280K), 0.0068050 secs] 1653696K->998239K(1761280K), 0.0069380 secs] [Times: user=0.04 sys=0.00, real=0.01 secs] 
942.621: [GC942.622: [ParNew
Desired survivor size 41943040 bytes, new threshold 6 (max 6)
- age   1:    1450704 bytes,    1450704 total
- age   2:       1776 bytes,    1452480 total
- age   3:       4096 bytes,    1456576 total
- age   4:       1640 bytes,    1458216 total
- age   5:       8152 bytes,    1466368 total
- age   6:       1096 bytes,    1467464 total
: 656872K->2041K(737280K), 0.0100780 secs] 1653599K->998771K(1761280K), 0.0102230 secs] [Times: user=0.07 sys=0.01, real=0.01 secs] 
942.899: [GC942.899: [ParNew
Desired survivor size 41943040 bytes, new threshold 6 (max 6)
- age   1:    2562720 bytes,    2562720 total
- age   2:       7672 bytes,    2570392 total
- age   3:       1608 bytes,    2572000 total
- age   4:       3976 bytes,    2575976 total
- age   5:       1424 bytes,    2577400 total
- age   6:       8080 bytes,    2585480 total
: 657401K->3122K(737280K), 0.0084940 secs] 1654035K->999758K(1761280K), 0.0087970 secs] [Times: user=0.06 sys=0.00, real=0.01 secs] 
942.908: [CMS-concurrent-sweep: 1.228/1.301 secs] [Times: user=9.49 sys=0.22, real=1.30 secs] 
942.909: [CMS-concurrent-reset-start]
942.957: [CMS-concurrent-reset: 0.048/0.048 secs] [Times: user=0.37 sys=0.00, real=0.05 secs] 
943.106: [GC943.106: [ParNew
Desired survivor size 41943040 bytes, new threshold 6 (max 6)
- age   1:    1412888 bytes,    1412888 total
- age   2:     651648 bytes,    2064536 total
- age   3:       7504 bytes,    2072040 total
- age   4:       1488 bytes,    2073528 total
- age   5:       3832 bytes,    2077360 total
- age   6:       1360 bytes,    2078720 total
: 658482K->3333K(737280K), 0.0072480 secs] 1655059K->999918K(1761280K), 0.0074080 secs] [Times: user=0.04 sys=0.00, real=0.01 secs] 
943.114: [GC [1 CMS-initial-mark: 996584K(1024000K)] 1002726K(1761280K), 0.0062820 secs] [Times: user=0.00 sys=0.00, real=0.01 secs] 
943.121: [CMS-concurrent-mark-start]
943.370: [GC943.371: [ParNew
Desired survivor size 41943040 bytes, new threshold 6 (max 6)
- age   1:     911272 bytes,     911272 total
- age   2:       1992 bytes,     913264 total
- age   3:      11696 bytes,     924960 total
- age   4:       7504 bytes,     932464 total
- age   5:       1464 bytes,     933928 total
- age   6:       3832 bytes,     937760 total
: 658693K->2337K(737280K), 0.0087320 secs] 1655278K->998924K(1761280K), 0.0089090 secs] [Times: user=0.04 sys=0.00, real=0.01 secs] 
943.606: [GC943.606: [ParNew
Desired survivor size 41943040 bytes, new threshold 6 (max 6)
- age   1:    1577504 bytes,    1577504 total
- age   2:       1248 bytes,    1578752 total
- age   3:       1968 bytes,    1580720 total
- age   4:      11696 bytes,    1592416 total
- age   5:       7504 bytes,    1599920 total
- age   6:       1464 bytes,    1601384 total
: 657697K->2058K(737280K), 0.0071820 secs] 1654284K->998648K(1761280K), 0.0073310 secs] [Times: user=0.04 sys=0.00, real=0.01 secs] 
943.835: [GC943.835: [ParNew
Desired survivor size 41943040 bytes, new threshold 6 (max 6)
- age   1:    1061784 bytes,    1061784 total
- age   2:       8600 bytes,    1070384 total
- age   3:       1128 bytes,    1071512 total
- age   4:       1968 bytes,    1073480 total
- age   5:      11600 bytes,    1085080 total
- age   6:       7384 bytes,    1092464 total
: 657418K->1700K(737280K), 0.0064030 secs] 1654008K->998292K(1761280K), 0.0065330 secs] [Times: user=0.05 sys=0.00, real=0.01 secs] 
944.096: [GC944.096: [ParNew
Desired survivor size 41943040 bytes, new threshold 6 (max 6)
- age   1:    1774040 bytes,    1774040 total
- age   2:        880 bytes,    1774920 total
- age   3:       8600 bytes,    1783520 total
- age   4:       1128 bytes,    1784648 total
- age   5:       1944 bytes,    1786592 total
- age   6:      11600 bytes,    1798192 total
: 657060K->2280K(737280K), 0.0068150 secs] 1653652K->998879K(1761280K), 0.0069500 secs] [Times: user=0.04 sys=0.00, real=0.01 secs] 
944.343: [GC944.343: [ParNew
Desired survivor size 41943040 bytes, new threshold 6 (max 6)
- age   1:    1199760 bytes,    1199760 total
- age   2:       1392 bytes,    1201152 total
- age   3:        784 bytes,    1201936 total
- age   4:       8400 bytes,    1210336 total
- age   5:        960 bytes,    1211296 total
- age   6:       1944 bytes,    1213240 total
: 657640K->1802K(737280K), 0.0068250 secs] 1654239K->998413K(1761280K), 0.0069740 secs] [Times: user=0.04 sys=0.00, real=0.01 secs] 
944.582: [GC944.582: [ParNew
Desired survivor size 41943040 bytes, new threshold 6 (max 6)
- age   1:    1041712 bytes,    1041712 total
- age   2:       2016 bytes,    1043728 total
- age   3:       1104 bytes,    1044832 total
- age   4:        712 bytes,    1045544 total
- age   5:       8304 bytes,    1053848 total
- age   6:        816 bytes,    1054664 total
: 657162K->1611K(737280K), 0.0064610 secs] 1653773K->998224K(1761280K), 0.0066110 secs] [Times: user=0.05 sys=0.00, real=0.00 secs] 
944.834: [GC944.834: [ParNew
Desired survivor size 41943040 bytes, new threshold 6 (max 6)
- age   1:    2270688 bytes,    2270688 total
- age   2:        768 bytes,    2271456 total
- age   3:       1824 bytes,    2273280 total
- age   4:       1080 bytes,    2274360 total
- age   5:        616 bytes,    2274976 total
- age   6:       8280 bytes,    2283256 total
: 656971K->3010K(737280K), 0.0074920 secs] 1653584K->999624K(1761280K), 0.0076940 secs] [Times: user=0.05 sys=0.00, real=0.01 secs] 
945.112: [GC945.112: [ParNew
Desired survivor size 41943040 bytes, new threshold 6 (max 6)
- age   1:     570152 bytes,     570152 total
- age   2:       7960 bytes,     578112 total
- age   3:        528 bytes,     578640 total
- age   4:       1584 bytes,     580224 total
- age   5:        936 bytes,     581160 total
- age   6:        376 bytes,     581536 total
: 658370K->1946K(737280K), 0.0062830 secs] 1654984K->998568K(1761280K), 0.0064200 secs] [Times: user=0.04 sys=0.00, real=0.00 secs] 
945.365: [GC945.365: [ParNew
Desired survivor size 41943040 bytes, new threshold 6 (max 6)
- age   1:    1230672 bytes,    1230672 total
- age   2:       1416 bytes,    1232088 total
- age   3:       7960 bytes,    1240048 total
- age   4:        528 bytes,    1240576 total
- age   5:       1560 bytes,    1242136 total
- age   6:        936 bytes,    1243072 total
: 657306K->1571K(737280K), 0.0067470 secs] 1653928K->998193K(1761280K), 0.0068970 secs] [Times: user=0.04 sys=0.00, real=0.01 secs] 
945.611: [GC945.611: [ParNew
Desired survivor size 41943040 bytes, new threshold 6 (max 6)
- age   1:     422896 bytes,     422896 total
- age   2:       1152 bytes,     424048 total
- age   3:       1224 bytes,     425272 total
- age   4:       7912 bytes,     433184 total
- age   5:        432 bytes,     433616 total
- age   6:       1512 bytes,     435128 total
: 656931K->1201K(737280K), 0.0061580 secs] 1653553K->997824K(1761280K), 0.0063050 secs] [Times: user=0.04 sys=0.00, real=0.00 secs] 
945.848: [GC945.848: [ParNew
Desired survivor size 41943040 bytes, new threshold 6 (max 6)
- age   1:    1547728 bytes,    1547728 total
- age   2:       4184 bytes,    1551912 total
- age   3:        960 bytes,    1552872 total
- age   4:       1104 bytes,    1553976 total
- age   5:       7816 bytes,    1561792 total
- age   6:        288 bytes,    1562080 total
: 656561K->1725K(737280K), 0.0069680 secs] 1653184K->998351K(1761280K), 0.0071280 secs] [Times: user=0.05 sys=0.00, real=0.01 secs] 
946.088: [GC946.088: [ParNew
Desired survivor size 41943040 bytes, new threshold 6 (max 6)
- age   1:     418760 bytes,     418760 total
- age   2:       1472 bytes,     420232 total
- age   3:       3824 bytes,     424056 total
- age   4:        744 bytes,     424800 total
- age   5:        768 bytes,     425568 total
- age   6:       7576 bytes,     433144 total
: 657085K->1237K(737280K), 0.0062260 secs] 1653711K->997863K(1761280K), 0.0064290 secs] [Times: user=0.04 sys=0.00, real=0.01 secs] 
946.315: [GC946.315: [ParNew
Desired survivor size 41943040 bytes, new threshold 6 (max 6)
- age   1:    1471896 bytes,    1471896 total
- age   2:        744 bytes,    1472640 total
- age   3:       1040 bytes,    1473680 total
- age   4:       3584 bytes,    1477264 total
- age   5:        312 bytes,    1477576 total
- age   6:        576 bytes,    1478152 total
: 656597K->1660K(737280K), 0.0067620 secs] 1653223K->998293K(1761280K), 0.0069230 secs] [Times: user=0.05 sys=0.00, real=0.01 secs] 
946.564: [GC946.564: [ParNew
Desired survivor size 41943040 bytes, new threshold 6 (max 6)
- age   1:    1282456 bytes,    1282456 total
- age   2:       8464 bytes,    1290920 total
- age   3:        696 bytes,    1291616 total
- age   4:       1040 bytes,    1292656 total
- age   5:       3584 bytes,    1296240 total
- age   6:        312 bytes,    1296552 total
: 657020K->2076K(737280K), 0.0065770 secs] 1653653K->998710K(1761280K), 0.0067310 secs] [Times: user=0.05 sys=0.00, real=0.01 secs] 
946.787: [GC946.787: [ParNew
Desired survivor size 41943040 bytes, new threshold 6 (max 6)
- age   1:    1453248 bytes,    1453248 total
- age   2:       1776 bytes,    1455024 total
- age   3:       8272 bytes,    1463296 total
- age   4:        624 bytes,    1463920 total
- age   5:       1040 bytes,    1464960 total
- age   6:       3584 bytes,    1468544 total
: 657436K->2180K(737280K), 0.0068290 secs] 1654070K->998815K(1761280K), 0.0069650 secs] [Times: user=0.04 sys=0.01, real=0.01 secs] 
947.017: [GC947.017: [ParNew
Desired survivor size 41943040 bytes, new threshold 6 (max 6)
- age   1:    1489328 bytes,    1489328 total
- age   2:       4280 bytes,    1493608 total
- age   3:       1752 bytes,    1495360 total
- age   4:       8272 bytes,    1503632 total
- age   5:        624 bytes,    1504256 total
- age   6:       1040 bytes,    1505296 total
: 657540K->2254K(737280K), 0.0071800 secs] 1654175K->998892K(1761280K), 0.0073400 secs] [Times: user=0.04 sys=0.00, real=0.01 secs] 
947.255: [GC947.255: [ParNew
Desired survivor size 41943040 bytes, new threshold 6 (max 6)
- age   1:    2358504 bytes,    2358504 total
- age   2:       8648 bytes,    2367152 total
- age   3:       4280 bytes,    2371432 total
- age   4:       1752 bytes,    2373184 total
- age   5:       8248 bytes,    2381432 total
- age   6:        600 bytes,    2382032 total
: 657614K->2898K(737280K), 0.0074520 secs] 1654252K->999538K(1761280K), 0.0076090 secs] [Times: user=0.05 sys=0.00, real=0.01 secs] 
947.505: [GC947.505: [ParNew
Desired survivor size 41943040 bytes, new threshold 6 (max 6)
- age   1:    1918456 bytes,    1918456 total
- age   2:       1592 bytes,    1920048 total
- age   3:       8456 bytes,    1928504 total
- age   4:       4248 bytes,    1932752 total
- age   5:       1704 bytes,    1934456 total
- age   6:       8200 bytes,    1942656 total
: 658258K->2370K(737280K), 0.0074320 secs] 1654898K->999010K(1761280K), 0.0075780 secs] [Times: user=0.05 sys=0.00, real=0.01 secs] 
947.729: [GC947.729: [ParNew
Desired survivor size 41943040 bytes, new threshold 6 (max 6)
- age   1:    2608744 bytes,    2608744 total
- age   2:        880 bytes,    2609624 total
- age   3:       1352 bytes,    2610976 total
- age   4:       8216 bytes,    2619192 total
- age   5:       4176 bytes,    2623368 total
- age   6:       1608 bytes,    2624976 total
: 657730K->3655K(737280K), 0.0079670 secs] 1654370K->1000304K(1761280K), 0.0081010 secs] [Times: user=0.05 sys=0.00, real=0.01 secs] 
947.974: [GC947.975: [ParNew
Desired survivor size 41943040 bytes, new threshold 6 (max 6)
- age   1:    1615136 bytes,    1615136 total
- age   2:       4088 bytes,    1619224 total
- age   3:        848 bytes,    1620072 total
- age   4:       1352 bytes,    1621424 total
- age   5:       8216 bytes,    1629640 total
- age   6:       4176 bytes,    1633816 total
: 659015K->2410K(737280K), 0.0069790 secs] 1655664K->999060K(1761280K), 0.0071460 secs] [Times: user=0.05 sys=0.00, real=0.01 secs] 
948.202: [GC948.203: [ParNew
Desired survivor size 41943040 bytes, new threshold 6 (max 6)
- age   1:    1062152 bytes,    1062152 total
- age   2:       1360 bytes,    1063512 total
- age   3:       4064 bytes,    1067576 total
- age   4:        800 bytes,    1068376 total
- age   5:       1328 bytes,    1069704 total
- age   6:       8216 bytes,    1077920 total
: 657770K->1799K(737280K), 0.0067610 secs] 1654420K->998454K(1761280K), 0.0069180 secs] [Times: user=0.04 sys=0.00, real=0.00 secs] 
948.429: [GC948.429: [ParNew
Desired survivor size 41943040 bytes, new threshold 6 (max 6)
- age   1:    1333760 bytes,    1333760 total
- age   2:       3992 bytes,    1337752 total
- age   3:       1264 bytes,    1339016 total
- age   4:       4040 bytes,    1343056 total
- age   5:        800 bytes,    1343856 total
- age   6:       1304 bytes,    1345160 total
: 657159K->1689K(737280K), 0.0067770 secs] 1653814K->998352K(1761280K), 0.0069390 secs] [Times: user=0.05 sys=0.00, real=0.01 secs] 
948.672: [GC948.672: [ParNew
Desired survivor size 41943040 bytes, new threshold 6 (max 6)
- age   1:    2257008 bytes,    2257008 total
- age   2:       4104 bytes,    2261112 total
- age   3:       3824 bytes,    2264936 total
- age   4:        904 bytes,    2265840 total
- age   5:       3824 bytes,    2269664 total
- age   6:        600 bytes,    2270264 total
: 657049K->2841K(737280K), 0.0071100 secs] 1653712K->999505K(1761280K), 0.0072450 secs] [Times: user=0.05 sys=0.00, real=0.00 secs] 
948.899: [GC948.899: [ParNew
Desired survivor size 41943040 bytes, new threshold 6 (max 6)
- age   1:    2216184 bytes,    2216184 total
- age   2:        992 bytes,    2217176 total
- age   3:       4104 bytes,    2221280 total
- age   4:       3824 bytes,    2225104 total
- age   5:        904 bytes,    2226008 total
- age   6:       3824 bytes,    2229832 total
: 658201K->3188K(737280K), 0.0084190 secs] 1654865K->999853K(1761280K), 0.0086430 secs] [Times: user=0.05 sys=0.00, real=0.01 secs] 
949.123: [GC949.123: [ParNew
Desired survivor size 41943040 bytes, new threshold 6 (max 6)
- age   1:    1520472 bytes,    1520472 total
- age   2:     123744 bytes,    1644216 total
- age   3:        872 bytes,    1645088 total
- age   4:       3960 bytes,    1649048 total
- age   5:       3752 bytes,    1652800 total
- age   6:        664 bytes,    1653464 total
: 658548K->2920K(737280K), 0.0081180 secs] 1655213K->999588K(1761280K), 0.0082470 secs] [Times: user=0.06 sys=0.00, real=0.01 secs] 
949.366: [GC949.366: [ParNew
Desired survivor size 41943040 bytes, new threshold 6 (max 6)
- age   1:    2012744 bytes,    2012744 total
- age   2:        544 bytes,    2013288 total
- age   3:       8096 bytes,    2021384 total
- age   4:        752 bytes,    2022136 total
- age   5:       3936 bytes,    2026072 total
- age   6:       3752 bytes,    2029824 total
: 658280K->2414K(737280K), 0.0069720 secs] 1654948K->999084K(1761280K), 0.0071370 secs] [Times: user=0.05 sys=0.00, real=0.01 secs] 
949.608: [GC949.608: [ParNew
Desired survivor size 41943040 bytes, new threshold 6 (max 6)
- age   1:     824000 bytes,     824000 total
- age   2:       1592 bytes,     825592 total
- age   3:        544 bytes,     826136 total
- age   4:       8096 bytes,     834232 total
- age   5:        752 bytes,     834984 total
- age   6:       3936 bytes,     838920 total
: 657774K->1770K(737280K), 0.0067240 secs] 1654444K->998444K(1761280K), 0.0068600 secs] [Times: user=0.04 sys=0.00, real=0.01 secs] 
949.835: [GC949.835: [ParNew
Desired survivor size 41943040 bytes, new threshold 6 (max 6)
- age   1:    1373960 bytes,    1373960 total
- age   2:        856 bytes,    1374816 total
- age   3:       1496 bytes,    1376312 total
- age   4:        544 bytes,    1376856 total
- age   5:       8096 bytes,    1384952 total
- age   6:        752 bytes,    1385704 total
: 657130K->1874K(737280K), 0.0064100 secs] 1653804K->998552K(1761280K), 0.0065620 secs] [Times: user=0.05 sys=0.00, real=0.01 secs] 
950.080: [GC950.081: [ParNew
Desired survivor size 41943040 bytes, new threshold 6 (max 6)
- age   1:    1556224 bytes,    1556224 total
- age   2:     482416 bytes,    2038640 total
- age   3:        784 bytes,    2039424 total
- age   4:       1184 bytes,    2040608 total
- age   5:        448 bytes,    2041056 total
- age   6:       7880 bytes,    2048936 total
: 657234K->2705K(737280K), 0.0072040 secs] 1653912K->999383K(1761280K), 0.0073510 secs] [Times: user=0.05 sys=0.00, real=0.00 secs] 
950.370: [GC950.370: [ParNew
Desired survivor size 41943040 bytes, new threshold 6 (max 6)
- age   1:     858320 bytes,     858320 total
- age   2:        960 bytes,     859280 total
- age   3:        688 bytes,     859968 total
- age   4:        784 bytes,     860752 total
- age   5:       1160 bytes,     861912 total
- age   6:        448 bytes,     862360 total
: 658065K->1801K(737280K), 0.0081910 secs] 1654743K->998487K(1761280K), 0.0083770 secs] [Times: user=0.06 sys=0.00, real=0.01 secs] 
950.591: [GC950.591: [ParNew
Desired survivor size 41943040 bytes, new threshold 6 (max 6)
- age   1:    1145344 bytes,    1145344 total
- age   2:       1552 bytes,    1146896 total
- age   3:        960 bytes,    1147856 total
- age   4:        688 bytes,    1148544 total
- age   5:        784 bytes,    1149328 total
- age   6:       1160 bytes,    1150488 total
: 657161K->1532K(737280K), 0.0067530 secs] 1653847K->998218K(1761280K), 0.0069110 secs] [Times: user=0.05 sys=0.00, real=0.01 secs] 
950.881: [GC950.881: [ParNew
Desired survivor size 41943040 bytes, new threshold 6 (max 6)
- age   1:    1694392 bytes,    1694392 total
- age   2:     482704 bytes,    2177096 total
- age   3:       1312 bytes,    2178408 total
- age   4:        888 bytes,    2179296 total
- age   5:        592 bytes,    2179888 total
- age   6:        760 bytes,    2180648 total
: 656892K->2714K(737280K), 0.0326990 secs] 1653578K->999402K(1761280K), 0.0329630 secs] [Times: user=0.07 sys=0.00, real=0.03 secs] 
951.154: [CMS-concurrent-mark: 7.698/8.033 secs] [Times: user=59.08 sys=1.12, real=8.03 secs] 
951.154: [CMS-concurrent-preclean-start]
951.160: [GC951.160: [ParNew
Desired survivor size 41943040 bytes, new threshold 6 (max 6)
- age   1:     584256 bytes,     584256 total
- age   2:       1328 bytes,     585584 total
- age   3:        936 bytes,     586520 total
- age   4:       1168 bytes,     587688 total
- age   5:        768 bytes,     588456 total
- age   6:        496 bytes,     588952 total
: 658074K->1855K(737280K), 0.0063330 secs] 1654762K->998544K(1761280K), 0.0064810 secs] [Times: user=0.04 sys=0.00, real=0.01 secs] 
951.178: [CMS-concurrent-preclean: 0.014/0.024 secs] [Times: user=0.16 sys=0.01, real=0.02 secs] 
951.178: [CMS-concurrent-abortable-preclean-start]
951.287: [CMS-concurrent-abortable-preclean: 0.108/0.109 secs] [Times: user=0.81 sys=0.02, real=0.11 secs] 
951.301: [GC[YG occupancy: 379361 K (737280 K)]951.301: [Rescan (parallel) , 0.0748930 secs]951.376: [weak refs processing, 0.0000610 secs]951.376: [scrub string table, 0.0010860 secs] [1 CMS-remark: 996688K(1024000K)] 1376049K(1761280K), 0.0762040 secs] [Times: user=0.59 sys=0.00, real=0.07 secs] 
951.378: [CMS-concurrent-sweep-start]
951.492: [GC951.492: [ParNew
Desired survivor size 41943040 bytes, new threshold 6 (max 6)
- age   1:     918408 bytes,     918408 total
- age   2:       8528 bytes,     926936 total
- age   3:       1160 bytes,     928096 total
- age   4:        624 bytes,     928720 total
- age   5:        832 bytes,     929552 total
- age   6:        456 bytes,     930008 total
: 657215K->1215K(737280K), 0.0070450 secs] 1653903K->997903K(1761280K), 0.0072300 secs] [Times: user=0.04 sys=0.00, real=0.00 secs] 
951.734: [GC951.734: [ParNew
Desired survivor size 41943040 bytes, new threshold 6 (max 6)
- age   1:    1112024 bytes,    1112024 total
- age   2:       4408 bytes,    1116432 total
- age   3:       8528 bytes,    1124960 total
- age   4:       1160 bytes,    1126120 total
- age   5:        624 bytes,    1126744 total
- age   6:        832 bytes,    1127576 total
: 656575K->1666K(737280K), 0.0067170 secs] 1653263K->998354K(1761280K), 0.0068600 secs] [Times: user=0.04 sys=0.00, real=0.01 secs] 
951.989: [GC951.989: [ParNew
Desired survivor size 41943040 bytes, new threshold 6 (max 6)
- age   1:     564640 bytes,     564640 total
- age   2:       3088 bytes,     567728 total
- age   3:       4408 bytes,     572136 total
- age   4:       8528 bytes,     580664 total
- age   5:       1160 bytes,     581824 total
- age   6:        592 bytes,     582416 total
: 657026K->1034K(737280K), 0.0060520 secs] 1653714K->997723K(1761280K), 0.0061840 secs] [Times: user=0.04 sys=0.00, real=0.01 secs] 
952.230: [GC952.231: [ParNew
Desired survivor size 41943040 bytes, new threshold 6 (max 6)
- age   1:     917256 bytes,     917256 total
- age   2:       1736 bytes,     918992 total
- age   3:       2800 bytes,     921792 total
- age   4:       3952 bytes,     925744 total
- age   5:       8192 bytes,     933936 total
- age   6:       1016 bytes,     934952 total
: 656394K->1061K(737280K), 0.0062770 secs] 1653083K->997751K(1761280K), 0.0064520 secs] [Times: user=0.05 sys=0.00, real=0.01 secs] 
952.474: [GC952.474: [ParNew
Desired survivor size 41943040 bytes, new threshold 6 (max 6)
- age   1:    1212312 bytes,    1212312 total
- age   2:       7128 bytes,    1219440 total
- age   3:       1736 bytes,    1221176 total
- age   4:       2800 bytes,    1223976 total
- age   5:       3928 bytes,    1227904 total
- age   6:       8192 bytes,    1236096 total
: 656421K->1605K(737280K), 0.0065210 secs] 1653111K->998296K(1761280K), 0.0066800 secs] [Times: user=0.04 sys=0.00, real=0.01 secs] 
952.714: [GC952.714: [ParNew
Desired survivor size 41943040 bytes, new threshold 6 (max 6)
- age   1:    1910560 bytes,    1910560 total
- age   2:       1240 bytes,    1911800 total
- age   3:       7128 bytes,    1918928 total
- age   4:       1736 bytes,    1920664 total
- age   5:       2800 bytes,    1923464 total
- age   6:       3928 bytes,    1927392 total
: 656965K->2212K(737280K), 0.0076590 secs] 1653656K->998911K(1761280K), 0.0078380 secs] [Times: user=0.05 sys=0.00, real=0.01 secs] 
952.859: [CMS-concurrent-sweep: 1.427/1.482 secs] [Times: user=11.08 sys=0.19, real=1.48 secs] 
952.860: [CMS-concurrent-reset-start]
952.905: [CMS-concurrent-reset: 0.045/0.045 secs] [Times: user=0.31 sys=0.01, real=0.05 secs] 
952.954: [GC952.954: [ParNew
Desired survivor size 41943040 bytes, new threshold 6 (max 6)
- age   1:    1281584 bytes,    1281584 total
- age   2:        816 bytes,    1282400 total
- age   3:       1096 bytes,    1283496 total
- age   4:       7056 bytes,    1290552 total
- age   5:       1664 bytes,    1292216 total
- age   6:       2656 bytes,    1294872 total
: 657572K->1899K(737280K), 0.0069090 secs] 1654131K->998463K(1761280K), 0.0070880 secs] [Times: user=0.04 sys=0.00, real=0.01 secs] 
952.963: [GC [1 CMS-initial-mark: 996563K(1024000K)] 1002075K(1761280K), 0.0063140 secs] [Times: user=0.01 sys=0.00, real=0.00 secs] 
952.970: [CMS-concurrent-mark-start]
953.210: [GC953.210: [ParNew
Desired survivor size 41943040 bytes, new threshold 6 (max 6)
- age   1:    1243552 bytes,    1243552 total
- age   2:      11184 bytes,    1254736 total
- age   3:        624 bytes,    1255360 total
- age   4:        952 bytes,    1256312 total
- age   5:       6952 bytes,    1263264 total
- age   6:       1472 bytes,    1264736 total
: 657259K->1884K(737280K), 0.0064870 secs] 1653823K->998450K(1761280K), 0.0066410 secs] [Times: user=0.04 sys=0.00, real=0.01 secs] 
953.443: [GC953.443: [ParNew
Desired survivor size 41943040 bytes, new threshold 6 (max 6)
- age   1:    1414672 bytes,    1414672 total
- age   2:       1376 bytes,    1416048 total
- age   3:      11016 bytes,    1427064 total
- age   4:        432 bytes,    1427496 total
- age   5:        808 bytes,    1428304 total
- age   6:       6880 bytes,    1435184 total
: 657244K->2220K(737280K), 0.0068000 secs] 1653810K->998788K(1761280K), 0.0069350 secs] [Times: user=0.05 sys=0.00, real=0.00 secs] 
953.671: [GC953.671: [ParNew
Desired survivor size 41943040 bytes, new threshold 6 (max 6)
- age   1:     433328 bytes,     433328 total
- age   2:       3904 bytes,     437232 total
- age   3:       1176 bytes,     438408 total
- age   4:      10968 bytes,     449376 total
- age   5:        288 bytes,     449664 total
- age   6:        736 bytes,     450400 total
: 657580K->1368K(737280K), 0.0062140 secs] 1654148K->997943K(1761280K), 0.0063520 secs] [Times: user=0.04 sys=0.00, real=0.00 secs] 
953.927: [GC953.927: [ParNew
Desired survivor size 41943040 bytes, new threshold 6 (max 6)
- age   1:    2092064 bytes,    2092064 total
- age   2:       4016 bytes,    2096080 total
- age   3:       3904 bytes,    2099984 total
- age   4:       1152 bytes,    2101136 total
- age   5:      10968 bytes,    2112104 total
- age   6:        288 bytes,    2112392 total
: 656728K->2203K(737280K), 0.0072410 secs] 1653303K->998779K(1761280K), 0.0074010 secs] [Times: user=0.05 sys=0.00, real=0.01 secs] 
954.173: [GC954.173: [ParNew
Desired survivor size 41943040 bytes, new threshold 6 (max 6)
- age   1:     445784 bytes,     445784 total
- age   2:       1184 bytes,     446968 total
- age   3:       3968 bytes,     450936 total
- age   4:       3856 bytes,     454792 total
- age   5:       1032 bytes,     455824 total
- age   6:      10968 bytes,     466792 total
: 657563K->1660K(737280K), 0.0058020 secs] 1654139K->998236K(1761280K), 0.0059300 secs] [Times: user=0.04 sys=0.00, real=0.00 secs] 
954.426: [GC954.426: [ParNew
Desired survivor size 41943040 bytes, new threshold 6 (max 6)
- age   1:    1888136 bytes,    1888136 total
- age   2:       1496 bytes,    1889632 total
- age   3:       1064 bytes,    1890696 total
- age   4:       3872 bytes,    1894568 total
- age   5:       3808 bytes,    1898376 total
- age   6:       1032 bytes,    1899408 total
: 657020K->2049K(737280K), 0.0074840 secs] 1653596K->998636K(1761280K), 0.0077050 secs] [Times: user=0.05 sys=0.00, real=0.01 secs] 
954.658: [GC954.659: [ParNew
Desired survivor size 41943040 bytes, new threshold 6 (max 6)
- age   1:    2130168 bytes,    2130168 total
- age   2:        736 bytes,    2130904 total
- age   3:       1304 bytes,    2132208 total
- age   4:        896 bytes,    2133104 total
- age   5:       3728 bytes,    2136832 total
- age   6:       3760 bytes,    2140592 total
: 657409K->2856K(737280K), 0.0079000 secs] 1653996K->999444K(1761280K), 0.0080440 secs] [Times: user=0.04 sys=0.00, real=0.01 secs] 
954.907: [GC954.907: [ParNew
Desired survivor size 41943040 bytes, new threshold 6 (max 6)
- age   1:    2739368 bytes,    2739368 total
- age   2:       5240 bytes,    2744608 total
- age   3:        616 bytes,    2745224 total
- age   4:       1184 bytes,    2746408 total
- age   5:        776 bytes,    2747184 total
- age   6:       3680 bytes,    2750864 total
: 658216K->3653K(737280K), 0.0075230 secs] 1654804K->1000245K(1761280K), 0.0076840 secs] [Times: user=0.05 sys=0.00, real=0.01 secs] 
955.145: [GC955.145: [ParNew
Desired survivor size 41943040 bytes, new threshold 6 (max 6)
- age   1:    1060560 bytes,    1060560 total
- age   2:     351960 bytes,    1412520 total
- age   3:       5120 bytes,    1417640 total
- age   4:        544 bytes,    1418184 total
- age   5:        992 bytes,    1419176 total
- age   6:        632 bytes,    1419808 total
: 659013K->2814K(737280K), 0.0066140 secs] 1655605K->999410K(1761280K), 0.0067970 secs] [Times: user=0.05 sys=0.00, real=0.01 secs] 
955.398: [GC955.398: [ParNew
Desired survivor size 41943040 bytes, new threshold 6 (max 6)
- age   1:    1897248 bytes,    1897248 total
- age   2:       9936 bytes,    1907184 total
- age   3:       3616 bytes,    1910800 total
- age   4:       5000 bytes,    1915800 total
- age   5:        448 bytes,    1916248 total
- age   6:        968 bytes,    1917216 total
: 658174K->2291K(737280K), 0.0070900 secs] 1654770K->998887K(1761280K), 0.0072340 secs] [Times: user=0.05 sys=0.00, real=0.01 secs] 
955.641: [GC955.641: [ParNew
Desired survivor size 41943040 bytes, new threshold 6 (max 6)
- age   1:    2916360 bytes,    2916360 total
- age   2:       1760 bytes,    2918120 total
- age   3:       9936 bytes,    2928056 total
- age   4:       3616 bytes,    2931672 total
- age   5:       5000 bytes,    2936672 total
- age   6:        448 bytes,    2937120 total
: 657651K->3592K(737280K), 0.0082910 secs] 1654247K->1000189K(1761280K), 0.0084300 secs] [Times: user=0.05 sys=0.00, real=0.00 secs] 
955.869: [GC955.869: [ParNew
Desired survivor size 41943040 bytes, new threshold 6 (max 6)
- age   1:    1249624 bytes,    1249624 total
- age   2:       1312 bytes,    1250936 total
- age   3:       1664 bytes,    1252600 total
- age   4:       9912 bytes,    1262512 total
- age   5:       3616 bytes,    1266128 total
- age   6:       5000 bytes,    1271128 total
: 658952K->2573K(737280K), 0.0078120 secs] 1655549K->999171K(1761280K), 0.0079870 secs] [Times: user=0.04 sys=0.00, real=0.01 secs] 
956.113: [GC956.113: [ParNew
Desired survivor size 41943040 bytes, new threshold 6 (max 6)
- age   1:    1715752 bytes,    1715752 total
- age   2:       2064 bytes,    1717816 total
- age   3:       1240 bytes,    1719056 total
- age   4:       1616 bytes,    1720672 total
- age   5:       9816 bytes,    1730488 total
- age   6:       3496 bytes,    1733984 total
: 657933K->2079K(737280K), 0.0072000 secs] 1654531K->998682K(1761280K), 0.0073360 secs] [Times: user=0.04 sys=0.01, real=0.00 secs] 
956.337: [GC956.337: [ParNew
Desired survivor size 41943040 bytes, new threshold 6 (max 6)
- age   1:    2737440 bytes,    2737440 total
- age   2:       4656 bytes,    2742096 total
- age   3:       1824 bytes,    2743920 total
- age   4:       1024 bytes,    2744944 total
- age   5:       1496 bytes,    2746440 total
- age   6:       9648 bytes,    2756088 total
: 657439K->3481K(737280K), 0.0078050 secs] 1654042K->1000088K(1761280K), 0.0080610 secs] [Times: user=0.05 sys=0.00, real=0.01 secs] 
956.587: [GC956.587: [ParNew
Desired survivor size 41943040 bytes, new threshold 6 (max 6)
- age   1:    1134344 bytes,    1134344 total
- age   2:       1256 bytes,    1135600 total
- age   3:       4464 bytes,    1140064 total
- age   4:       1800 bytes,    1141864 total
- age   5:       1024 bytes,    1142888 total
- age   6:       1496 bytes,    1144384 total
: 658841K->2405K(737280K), 0.0070660 secs] 1655448K->999021K(1761280K), 0.0072080 secs] [Times: user=0.03 sys=0.00, real=0.01 secs] 
956.816: [GC956.816: [ParNew
Desired survivor size 41943040 bytes, new threshold 6 (max 6)
- age   1:     809104 bytes,     809104 total
- age   2:        768 bytes,     809872 total
- age   3:        944 bytes,     810816 total
- age   4:       4272 bytes,     815088 total
- age   5:       1608 bytes,     816696 total
- age   6:        880 bytes,     817576 total
: 657765K->1403K(737280K), 0.0061490 secs] 1654381K->998020K(1761280K), 0.0062990 secs] [Times: user=0.05 sys=0.01, real=0.01 secs] 
957.061: [GC957.061: [ParNew
Desired survivor size 41943040 bytes, new threshold 6 (max 6)
- age   1:    1891048 bytes,    1891048 total
- age   2:       1528 bytes,    1892576 total
- age   3:        768 bytes,    1893344 total
- age   4:        944 bytes,    1894288 total
- age   5:       4272 bytes,    1898560 total
- age   6:       1608 bytes,    1900168 total
: 656763K->2010K(737280K), 0.0069750 secs] 1653380K->998628K(1761280K), 0.0071130 secs] [Times: user=0.05 sys=0.00, real=0.01 secs] 
957.286: [GC957.286: [ParNew
Desired survivor size 41943040 bytes, new threshold 6 (max 6)
- age   1:    2190176 bytes,    2190176 total
- age   2:       7864 bytes,    2198040 total
- age   3:       1528 bytes,    2199568 total
- age   4:        736 bytes,    2200304 total
- age   5:        944 bytes,    2201248 total
- age   6:       4248 bytes,    2205496 total
: 657370K->3061K(737280K), 0.0074370 secs] 1653988K->999681K(1761280K), 0.0075860 secs] [Times: user=0.04 sys=0.00, real=0.01 secs] 
957.505: [GC957.506: [ParNew
Desired survivor size 41943040 bytes, new threshold 6 (max 6)
- age   1:    1471216 bytes,    1471216 total
- age   2:        872 bytes,    1472088 total
- age   3:       7840 bytes,    1479928 total
- age   4:       1480 bytes,    1481408 total
- age   5:        736 bytes,    1482144 total
- age   6:        920 bytes,    1483064 total
: 658421K->1997K(737280K), 0.0071470 secs] 1655041K->998622K(1761280K), 0.0072690 secs] [Times: user=0.04 sys=0.00, real=0.01 secs] 
957.742: [GC957.742: [ParNew
Desired survivor size 41943040 bytes, new threshold 6 (max 6)
- age   1:    1040232 bytes,    1040232 total
- age   2:       1048 bytes,    1041280 total
- age   3:        800 bytes,    1042080 total
- age   4:       7720 bytes,    1049800 total
- age   5:       1312 bytes,    1051112 total
- age   6:        688 bytes,    1051800 total
: 657357K->1783K(737280K), 0.0063490 secs] 1653982K->998409K(1761280K), 0.0064970 secs] [Times: user=0.05 sys=0.00, real=0.00 secs] 
957.991: [GC957.991: [ParNew
Desired survivor size 41943040 bytes, new threshold 6 (max 6)
- age   1:    1480552 bytes,    1480552 total
- age   2:        728 bytes,    1481280 total
- age   3:        928 bytes,    1482208 total
- age   4:        728 bytes,    1482936 total
- age   5:       7576 bytes,    1490512 total
- age   6:       1144 bytes,    1491656 total
: 657143K->1856K(737280K), 0.0069410 secs] 1653769K->998482K(1761280K), 0.0070690 secs] [Times: user=0.05 sys=0.00, real=0.01 secs] 
958.225: [GC958.226: [ParNew
Desired survivor size 41943040 bytes, new threshold 6 (max 6)
- age   1:    2318496 bytes,    2318496 total
- age   2:       4152 bytes,    2322648 total
- age   3:        728 bytes,    2323376 total
- age   4:        928 bytes,    2324304 total
- age   5:        704 bytes,    2325008 total
- age   6:       7576 bytes,    2332584 total
: 657216K->3220K(737280K), 0.0076090 secs] 1653842K->999847K(1761280K), 0.0077700 secs] [Times: user=0.06 sys=0.00, real=0.01 secs] 
958.454: [GC958.454: [ParNew
Desired survivor size 41943040 bytes, new threshold 6 (max 6)
- age   1:    1481720 bytes,    1481720 total
- age   2:       4704 bytes,    1486424 total
- age   3:       4008 bytes,    1490432 total
- age   4:        584 bytes,    1491016 total
- age   5:        856 bytes,    1491872 total
- age   6:        608 bytes,    1492480 total
: 658580K->2030K(737280K), 0.0068160 secs] 1655207K->998665K(1761280K), 0.0069640 secs] [Times: user=0.05 sys=0.00, real=0.00 secs] 
958.679: [GC958.679: [ParNew
Desired survivor size 41943040 bytes, new threshold 6 (max 6)
- age   1:    1836704 bytes,    1836704 total
- age   2:       8136 bytes,    1844840 total
- age   3:       4624 bytes,    1849464 total
- age   4:       3936 bytes,    1853400 total
- age   5:        560 bytes,    1853960 total
- age   6:        736 bytes,    1854696 total
: 657390K->2801K(737280K), 0.0071520 secs] 1654025K->999436K(1761280K), 0.0073250 secs] [Times: user=0.05 sys=0.01, real=0.01 secs] 
958.917: [GC958.917: [ParNew
Desired survivor size 41943040 bytes, new threshold 6 (max 6)
- age   1:    1400912 bytes,    1400912 total
- age   2:       2224 bytes,    1403136 total
- age   3:       8136 bytes,    1411272 total
- age   4:       4624 bytes,    1415896 total
- age   5:       3936 bytes,    1419832 total
- age   6:        560 bytes,    1420392 total
: 658161K->2198K(737280K), 0.0070120 secs] 1654796K->998834K(1761280K), 0.0071740 secs] [Times: user=0.05 sys=0.00, real=0.01 secs] 
959.144: [GC959.144: [ParNew
Desired survivor size 41943040 bytes, new threshold 6 (max 6)
- age   1:    1149912 bytes,    1149912 total
- age   2:       1240 bytes,    1151152 total
- age   3:       2032 bytes,    1153184 total
- age   4:       8112 bytes,    1161296 total
- age   5:       4600 bytes,    1165896 total
- age   6:       3936 bytes,    1169832 total
: 657558K->2035K(737280K), 0.0065250 secs] 1654194K->998672K(1761280K), 0.0066740 secs] [Times: user=0.04 sys=0.00, real=0.00 secs] 
959.387: [GC959.387: [ParNew
Desired survivor size 41943040 bytes, new threshold 6 (max 6)
- age   1:     771192 bytes,     771192 total
- age   2:      10208 bytes,     781400 total
- age   3:       1048 bytes,     782448 total
- age   4:       1744 bytes,     784192 total
- age   5:       7992 bytes,     792184 total
- age   6:       4480 bytes,     796664 total
: 657395K->1297K(737280K), 0.0062840 secs] 1654032K->997938K(1761280K), 0.0064190 secs] [Times: user=0.04 sys=0.00, real=0.01 secs] 
959.613: [GC959.614: [ParNew
Desired survivor size 41943040 bytes, new threshold 6 (max 6)
- age   1:     438624 bytes,     438624 total
- age   2:       5632 bytes,     444256 total
- age   3:      10112 bytes,     454368 total
- age   4:        856 bytes,     455224 total
- age   5:       1568 bytes,     456792 total
- age   6:       7848 bytes,     464640 total
: 656657K->675K(737280K), 0.0061530 secs] 1653298K->997320K(1761280K), 0.0068960 secs] [Times: user=0.04 sys=0.00, real=0.00 secs] 
959.833: [GC959.833: [ParNew
Desired survivor size 41943040 bytes, new threshold 6 (max 6)
- age   1:    2228984 bytes,    2228984 total
- age   2:       4480 bytes,    2233464 total
- age   3:       5416 bytes,    2238880 total
- age   4:       9944 bytes,    2248824 total
- age   5:        664 bytes,    2249488 total
- age   6:       1184 bytes,    2250672 total
: 656035K->2431K(737280K), 0.0075510 secs] 1652680K->999084K(1761280K), 0.0077270 secs] [Times: user=0.05 sys=0.01, real=0.00 secs] 
960.079: [GC960.079: [ParNew
Desired survivor size 41943040 bytes, new threshold 6 (max 6)
- age   1:    1115176 bytes,    1115176 total
- age   2:       3880 bytes,    1119056 total
- age   3:       4192 bytes,    1123248 total
- age   4:       5120 bytes,    1128368 total
- age   5:       9800 bytes,    1138168 total
- age   6:        496 bytes,    1138664 total
: 657791K->1984K(737280K), 0.0063680 secs] 1654444K->998639K(1761280K), 0.0065070 secs] [Times: user=0.04 sys=0.00, real=0.01 secs] 
960.310: [GC960.310: [ParNew
Desired survivor size 41943040 bytes, new threshold 6 (max 6)
- age   1:    1767816 bytes,    1767816 total
- age   2:       4744 bytes,    1772560 total
- age   3:       3880 bytes,    1776440 total
- age   4:       4168 bytes,    1780608 total
- age   5:       5080 bytes,    1785688 total
- age   6:       9776 bytes,    1795464 total
: 657344K->2252K(737280K), 0.0071160 secs] 1653999K->998907K(1761280K), 0.0073580 secs] [Times: user=0.05 sys=0.00, real=0.01 secs] 
960.533: [GC960.533: [ParNew
Desired survivor size 41943040 bytes, new threshold 6 (max 6)
- age   1:     622056 bytes,     622056 total
- age   2:        616 bytes,     622672 total
- age   3:       4600 bytes,     627272 total
- age   4:       3808 bytes,     631080 total
- age   5:       4168 bytes,     635248 total
- age   6:       5056 bytes,     640304 total
: 657612K->1529K(737280K), 0.0062560 secs] 1654267K->998194K(1761280K), 0.0063780 secs] [Times: user=0.03 sys=0.00, real=0.00 secs] 
960.773: [GC960.773: [ParNew
Desired survivor size 41943040 bytes, new threshold 6 (max 6)
- age   1:     613296 bytes,     613296 total
- age   2:       5248 bytes,     618544 total
- age   3:        496 bytes,     619040 total
- age   4:       4480 bytes,     623520 total
- age   5:       3784 bytes,     627304 total
- age   6:       4168 bytes,     631472 total
: 656889K->1079K(737280K), 0.0062020 secs] 1653554K->997749K(1761280K), 0.0063380 secs] [Times: user=0.04 sys=0.00, real=0.00 secs] 
961.010: [GC961.010: [ParNew
Desired survivor size 41943040 bytes, new threshold 6 (max 6)
- age   1:    1274216 bytes,    1274216 total
- age   2:       6160 bytes,    1280376 total
- age   3:       5008 bytes,    1285384 total
- age   4:        328 bytes,    1285712 total
- age   5:       4240 bytes,    1289952 total
- age   6:       3640 bytes,    1293592 total
: 656439K->1542K(737280K), 0.0067880 secs] 1653109K->998215K(1761280K), 0.0069290 secs] [Times: user=0.05 sys=0.00, real=0.01 secs] 
961.230: [GC961.230: [ParNew
Desired survivor size 41943040 bytes, new threshold 6 (max 6)
- age   1:    3615872 bytes,    3615872 total
- age   2:       3888 bytes,    3619760 total
- age   3:       3904 bytes,    3623664 total
- age   4:       4864 bytes,    3628528 total
- age   5:        184 bytes,    3628712 total
- age   6:       4240 bytes,    3632952 total
: 656902K->4045K(737280K), 0.0088110 secs] 1653575K->1000722K(1761280K), 0.0089640 secs] [Times: user=0.07 sys=0.00, real=0.01 secs] 
961.294: [CMS-concurrent-mark: 8.013/8.324 secs] [Times: user=62.30 sys=1.21, real=8.33 secs] 
961.294: [CMS-concurrent-preclean-start]
961.309: [CMS-concurrent-preclean: 0.014/0.014 secs] [Times: user=0.12 sys=0.00, real=0.01 secs] 
961.309: [CMS-concurrent-abortable-preclean-start]
961.465: [GC961.465: [ParNew
Desired survivor size 41943040 bytes, new threshold 6 (max 6)
- age   1:    1617992 bytes,    1617992 total
- age   2:      11240 bytes,    1629232 total
- age   3:       3840 bytes,    1633072 total
- age   4:       3832 bytes,    1636904 total
- age   5:       4720 bytes,    1641624 total
- age   6:         88 bytes,    1641712 total
: 659405K->2921K(737280K), 0.0072340 secs] 1656082K->999603K(1761280K), 0.0073750 secs] [Times: user=0.04 sys=0.00, real=0.01 secs] 
961.682: [CMS-concurrent-abortable-preclean: 0.363/0.373 secs] [Times: user=2.82 sys=0.04, real=0.38 secs] 
961.684: [GC[YG occupancy: 650537 K (737280 K)]961.684: [Rescan (parallel) , 0.2379530 secs]961.922: [weak refs processing, 0.0000320 secs]961.922: [scrub string table, 0.0009990 secs] [1 CMS-remark: 996681K(1024000K)] 1647219K(1761280K), 0.2391230 secs] [Times: user=1.73 sys=0.01, real=0.24 secs] 
961.923: [CMS-concurrent-sweep-start]
961.931: [GC961.931: [ParNew
Desired survivor size 41943040 bytes, new threshold 6 (max 6)
- age   1:    2100032 bytes,    2100032 total
- age   2:       1176 bytes,    2101208 total
- age   3:      11144 bytes,    2112352 total
- age   4:       3576 bytes,    2115928 total
- age   5:       3616 bytes,    2119544 total
- age   6:       4648 bytes,    2124192 total
: 658281K->2496K(737280K), 0.0075860 secs] 1654963K->999178K(1761280K), 0.0077900 secs] [Times: user=0.05 sys=0.00, real=0.01 secs] 
962.181: [GC962.181: [ParNew
Desired survivor size 41943040 bytes, new threshold 6 (max 6)
- age   1:    1675216 bytes,    1675216 total
- age   2:       2232 bytes,    1677448 total
- age   3:       1104 bytes,    1678552 total
- age   4:      11120 bytes,    1689672 total
- age   5:       3576 bytes,    1693248 total
- age   6:       3616 bytes,    1696864 total
: 657856K->2597K(737280K), 0.0072830 secs] 1654536K->999281K(1761280K), 0.0074350 secs] [Times: user=0.05 sys=0.00, real=0.01 secs] 
962.422: [GC962.422: [ParNew
Desired survivor size 41943040 bytes, new threshold 6 (max 6)
- age   1:    2872848 bytes,    2872848 total
- age   2:       4064 bytes,    2876912 total
- age   3:       2160 bytes,    2879072 total
- age   4:        912 bytes,    2879984 total
- age   5:      10976 bytes,    2890960 total
- age   6:       3456 bytes,    2894416 total
: 657957K->3644K(737280K), 0.0078730 secs] 1654641K->1000332K(1761280K), 0.0080260 secs] [Times: user=0.05 sys=0.00, real=0.00 secs] 
962.649: [GC962.649: [ParNew
Desired survivor size 41943040 bytes, new threshold 6 (max 6)
- age   1:    1575352 bytes,    1575352 total
- age   2:       1408 bytes,    1576760 total
- age   3:       4064 bytes,    1580824 total
- age   4:       2160 bytes,    1582984 total
- age   5:        912 bytes,    1583896 total
- age   6:      10976 bytes,    1594872 total
: 659004K->2548K(737280K), 0.0067960 secs] 1655692K->999239K(1761280K), 0.0069430 secs] [Times: user=0.04 sys=0.00, real=0.01 secs] 
962.905: [GC962.905: [ParNew
Desired survivor size 41943040 bytes, new threshold 6 (max 6)
- age   1:    1166936 bytes,    1166936 total
- age   2:        464 bytes,    1167400 total
- age   3:       1144 bytes,    1168544 total
- age   4:       3896 bytes,    1172440 total
- age   5:       2040 bytes,    1174480 total
- age   6:        888 bytes,    1175368 total
: 657908K->1805K(737280K), 0.0068840 secs] 1654599K->998507K(1761280K), 0.0070620 secs] [Times: user=0.05 sys=0.00, real=0.01 secs] 
963.160: [GC963.160: [ParNew
Desired survivor size 41943040 bytes, new threshold 6 (max 6)
- age   1:    1566776 bytes,    1566776 total
- age   2:       4464 bytes,    1571240 total
- age   3:        464 bytes,    1571704 total
- age   4:       1048 bytes,    1572752 total
- age   5:       3728 bytes,    1576480 total
- age   6:       1920 bytes,    1578400 total
: 657165K->2296K(737280K), 0.0068660 secs] 1653867K->998999K(1761280K), 0.0070010 secs] [Times: user=0.05 sys=0.00, real=0.01 secs] 
963.313: [CMS-concurrent-sweep: 1.334/1.389 secs] [Times: user=10.28 sys=0.20, real=1.39 secs] 
963.313: [CMS-concurrent-reset-start]
963.340: [CMS-concurrent-reset: 0.027/0.027 secs] [Times: user=0.20 sys=0.01, real=0.02 secs] 
963.399: [GC963.399: [ParNew
Desired survivor size 41943040 bytes, new threshold 6 (max 6)
- age   1:    2280064 bytes,    2280064 total
- age   2:       9456 bytes,    2289520 total
- age   3:       4464 bytes,    2293984 total
- age   4:        464 bytes,    2294448 total
- age   5:       1024 bytes,    2295472 total
- age   6:       3728 bytes,    2299200 total
: 657656K->2782K(737280K), 0.0075110 secs] 1654249K->999378K(1761280K), 0.0076640 secs] [Times: user=0.04 sys=0.00, real=0.01 secs] 
963.408: [GC [1 CMS-initial-mark: 996595K(1024000K)] 1002563K(1761280K), 0.0074790 secs] [Times: user=0.01 sys=0.00, real=0.01 secs] 
963.416: [CMS-concurrent-mark-start]
963.648: [GC963.648: [ParNew
Desired survivor size 41943040 bytes, new threshold 6 (max 6)
- age   1:     823280 bytes,     823280 total
- age   2:        656 bytes,     823936 total
- age   3:       9096 bytes,     833032 total
- age   4:       4176 bytes,     837208 total
- age   5:        296 bytes,     837504 total
- age   6:        824 bytes,     838328 total
: 658142K->2055K(737280K), 0.0062090 secs] 1654738K->998654K(1761280K), 0.0064000 secs] [Times: user=0.04 sys=0.01, real=0.01 secs] 
963.873: [GC963.873: [ParNew
Desired survivor size 41943040 bytes, new threshold 6 (max 6)
- age   1:    4346888 bytes,    4346888 total
- age   2:       2768 bytes,    4349656 total
- age   3:        440 bytes,    4350096 total
- age   4:       8808 bytes,    4358904 total
- age   5:       3840 bytes,    4362744 total
- age   6:        152 bytes,    4362896 total
: 657415K->4669K(737280K), 0.0220520 secs] 1654014K->1001269K(1761280K), 0.0223080 secs] [Times: user=0.08 sys=0.01, real=0.02 secs] 
964.121: [GC964.121: [ParNew
Desired survivor size 41943040 bytes, new threshold 6 (max 6)
- age   1:    1320352 bytes,    1320352 total
- age   2:    1207792 bytes,    2528144 total
- age   3:       2768 bytes,    2530912 total
- age   4:        440 bytes,    2531352 total
- age   5:       8808 bytes,    2540160 total
- age   6:       3840 bytes,    2544000 total
: 660029K->3797K(737280K), 0.0095640 secs] 1656629K->1000396K(1761280K), 0.0096940 secs] [Times: user=0.06 sys=0.00, real=0.01 secs] 
964.350: [GC964.350: [ParNew
Desired survivor size 41943040 bytes, new threshold 6 (max 6)
- age   1:    1415544 bytes,    1415544 total
- age   2:        928 bytes,    1416472 total
- age   3:       6912 bytes,    1423384 total
- age   4:       2768 bytes,    1426152 total
- age   5:        440 bytes,    1426592 total
- age   6:       8784 bytes,    1435376 total
: 659157K->2707K(737280K), 0.0064660 secs] 1655756K->999310K(1761280K), 0.0066080 secs] [Times: user=0.04 sys=0.00, real=0.01 secs] 
964.616: [GC964.618: [ParNew
Desired survivor size 41943040 bytes, new threshold 6 (max 6)
- age   1:    1701904 bytes,    1701904 total
- age   2:       4864 bytes,    1706768 total
- age   3:        856 bytes,    1707624 total
- age   4:       6888 bytes,    1714512 total
- age   5:       2768 bytes,    1717280 total
- age   6:        416 bytes,    1717696 total
: 658067K->2104K(737280K), 0.0090370 secs] 1654670K->998717K(1761280K), 0.0109860 secs] [Times: user=0.06 sys=0.00, real=0.01 secs] 
964.860: [GC964.860: [ParNew
Desired survivor size 41943040 bytes, new threshold 6 (max 6)
- age   1:     291688 bytes,     291688 total
- age   2:       4312 bytes,     296000 total
- age   3:       4696 bytes,     300696 total
- age   4:        832 bytes,     301528 total
- age   5:       6816 bytes,     308344 total
- age   6:       2648 bytes,     310992 total
: 657464K->1558K(737280K), 0.0057280 secs] 1654077K->998172K(1761280K), 0.0058440 secs] [Times: user=0.03 sys=0.00, real=0.01 secs] 
965.105: [GC965.105: [ParNew
Desired survivor size 41943040 bytes, new threshold 6 (max 6)
- age   1:     953072 bytes,     953072 total
- age   2:        712 bytes,     953784 total
- age   3:       4120 bytes,     957904 total
- age   4:       4504 bytes,     962408 total
- age   5:        616 bytes,     963024 total
- age   6:       6576 bytes,     969600 total
: 656918K->1172K(737280K), 0.0065140 secs] 1653532K->997788K(1761280K), 0.0066610 secs] [Times: user=0.04 sys=0.00, real=0.00 secs] 
965.362: [GC965.362: [ParNew
Desired survivor size 41943040 bytes, new threshold 6 (max 6)
- age   1:     343664 bytes,     343664 total
- age   2:       4600 bytes,     348264 total
- age   3:        688 bytes,     348952 total
- age   4:       4096 bytes,     353048 total
- age   5:       4440 bytes,     357488 total
- age   6:        616 bytes,     358104 total
: 656532K->821K(737280K), 0.0063170 secs] 1653148K->997444K(1761280K), 0.0064690 secs] [Times: user=0.04 sys=0.00, real=0.01 secs] 
965.618: [GC965.618: [ParNew
Desired survivor size 41943040 bytes, new threshold 6 (max 6)
- age   1:    1333200 bytes,    1333200 total
- age   2:       8464 bytes,    1341664 total
- age   3:       4528 bytes,    1346192 total
- age   4:        688 bytes,    1346880 total
- age   5:       4096 bytes,    1350976 total
- age   6:       4440 bytes,    1355416 total
: 656181K->1514K(737280K), 0.0070130 secs] 1652804K->998138K(1761280K), 0.0072570 secs] [Times: user=0.05 sys=0.00, real=0.01 secs] 
965.866: [GC965.866: [ParNew
Desired survivor size 41943040 bytes, new threshold 6 (max 6)
- age   1:     408760 bytes,     408760 total
- age   2:       4624 bytes,     413384 total
- age   3:       8368 bytes,     421752 total
- age   4:       4480 bytes,     426232 total
- age   5:        592 bytes,     426824 total
- age   6:       4024 bytes,     430848 total
: 656874K->1211K(737280K), 0.0064240 secs] 1653498K->997838K(1761280K), 0.0065940 secs] [Times: user=0.04 sys=0.00, real=0.01 secs] 
966.105: [GC966.105: [ParNew
Desired survivor size 41943040 bytes, new threshold 6 (max 6)
- age   1:     475192 bytes,     475192 total
- age   2:       1296 bytes,     476488 total
- age   3:       4624 bytes,     481112 total
- age   4:       8368 bytes,     489480 total
- age   5:       4480 bytes,     493960 total
- age   6:        592 bytes,     494552 total
: 656571K->701K(737280K), 0.0061630 secs] 1653198K->997333K(1761280K), 0.0063120 secs] [Times: user=0.04 sys=0.00, real=0.00 secs] 
966.360: [GC966.360: [ParNew
Desired survivor size 41943040 bytes, new threshold 6 (max 6)
- age   1:    2073736 bytes,    2073736 total
- age   2:       4600 bytes,    2078336 total
- age   3:       1296 bytes,    2079632 total
- age   4:       4624 bytes,    2084256 total
- age   5:       8344 bytes,    2092600 total
- age   6:       4480 bytes,    2097080 total
: 656061K->2279K(737280K), 0.0075480 secs] 1652693K->998911K(1761280K), 0.0076860 secs] [Times: user=0.05 sys=0.00, real=0.01 secs] 
966.619: [GC966.619: [ParNew
Desired survivor size 41943040 bytes, new threshold 6 (max 6)
- age   1:     896904 bytes,     896904 total
- age   2:        768 bytes,     897672 total
- age   3:       4432 bytes,     902104 total
- age   4:       1224 bytes,     903328 total
- age   5:       4336 bytes,     907664 total
- age   6:       8128 bytes,     915792 total
: 657639K->1649K(737280K), 0.0069770 secs] 1654271K->998287K(1761280K), 0.0071240 secs] [Times: user=0.04 sys=0.00, real=0.01 secs] 
966.853: [GC966.853: [ParNew
Desired survivor size 41943040 bytes, new threshold 6 (max 6)
- age   1:    1337248 bytes,    1337248 total
- age   2:       4104 bytes,    1341352 total
- age   3:        696 bytes,    1342048 total
- age   4:       4312 bytes,    1346360 total
- age   5:       1152 bytes,    1347512 total
- age   6:       4264 bytes,    1351776 total
: 657009K->1682K(737280K), 0.0071020 secs] 1653647K->998327K(1761280K), 0.0072200 secs] [Times: user=0.05 sys=0.01, real=0.00 secs] 
967.098: [GC967.098: [ParNew
Desired survivor size 41943040 bytes, new threshold 6 (max 6)
- age   1:    1021680 bytes,    1021680 total
- age   2:       1144 bytes,    1022824 total
- age   3:       4104 bytes,    1026928 total
- age   4:        696 bytes,    1027624 total
- age   5:       4312 bytes,    1031936 total
- age   6:       1152 bytes,    1033088 total
: 657042K->1618K(737280K), 0.0065530 secs] 1653687K->998268K(1761280K), 0.0066750 secs] [Times: user=0.04 sys=0.00, real=0.01 secs] 
967.345: [GC967.345: [ParNew
Desired survivor size 41943040 bytes, new threshold 6 (max 6)
- age   1:    1308472 bytes,    1308472 total
- age   2:        584 bytes,    1309056 total
- age   3:        904 bytes,    1309960 total
- age   4:       3768 bytes,    1313728 total
- age   5:        456 bytes,    1314184 total
- age   6:       4240 bytes,    1318424 total
: 656978K->1839K(737280K), 0.0068210 secs] 1653628K->998490K(1761280K), 0.0069750 secs] [Times: user=0.05 sys=0.00, real=0.00 secs] 
967.569: [GC967.569: [ParNew
Desired survivor size 41943040 bytes, new threshold 6 (max 6)
- age   1:    2675232 bytes,    2675232 total
- age   2:     222560 bytes,    2897792 total
- age   3:        584 bytes,    2898376 total
- age   4:        904 bytes,    2899280 total
- age   5:       3744 bytes,    2903024 total
- age   6:        456 bytes,    2903480 total
: 657199K->3377K(737280K), 0.0078770 secs] 1653850K->1000033K(1761280K), 0.0080120 secs] [Times: user=0.05 sys=0.00, real=0.01 secs] 
967.798: [GC967.798: [ParNew
Desired survivor size 41943040 bytes, new threshold 6 (max 6)
- age   1:    2083128 bytes,    2083128 total
- age   2:       4496 bytes,    2087624 total
- age   3:      15264 bytes,    2102888 total
- age   4:        464 bytes,    2103352 total
- age   5:        832 bytes,    2104184 total
- age   6:       3672 bytes,    2107856 total
: 658737K->2737K(737280K), 0.0074720 secs] 1655393K->999393K(1761280K), 0.0076580 secs] [Times: user=0.05 sys=0.00, real=0.01 secs] 
968.037: [GC968.037: [ParNew
Desired survivor size 41943040 bytes, new threshold 6 (max 6)
- age   1:    1581088 bytes,    1581088 total
- age   2:        720 bytes,    1581808 total
- age   3:       4496 bytes,    1586304 total
- age   4:      15264 bytes,    1601568 total
- age   5:        464 bytes,    1602032 total
- age   6:        832 bytes,    1602864 total
: 658097K->3228K(737280K), 0.0099730 secs] 1654753K->999888K(1761280K), 0.0101610 secs] [Times: user=0.04 sys=0.00, real=0.01 secs] 
968.272: [GC968.272: [ParNew
Desired survivor size 41943040 bytes, new threshold 6 (max 6)
- age   1:    1227968 bytes,    1227968 total
- age   2:       1080 bytes,    1229048 total
- age   3:        720 bytes,    1229768 total
- age   4:       4496 bytes,    1234264 total
- age   5:      15240 bytes,    1249504 total
- age   6:        464 bytes,    1249968 total
: 658588K->1828K(737280K), 0.0065130 secs] 1655248K->998489K(1761280K), 0.0066600 secs] [Times: user=0.05 sys=0.00, real=0.00 secs] 
968.511: [GC968.511: [ParNew
Desired survivor size 41943040 bytes, new threshold 6 (max 6)
- age   1:    1354040 bytes,    1354040 total
- age   2:        816 bytes,    1354856 total
- age   3:        888 bytes,    1355744 total
- age   4:        576 bytes,    1356320 total
- age   5:       4352 bytes,    1360672 total
- age   6:      15016 bytes,    1375688 total
: 657188K->2094K(737280K), 0.0068250 secs] 1653849K->998755K(1761280K), 0.0069670 secs] [Times: user=0.05 sys=0.00, real=0.01 secs] 
968.736: [GC968.736: [ParNew
Desired survivor size 41943040 bytes, new threshold 6 (max 6)
- age   1:    1254296 bytes,    1254296 total
- age   2:       4360 bytes,    1258656 total
- age   3:        648 bytes,    1259304 total
- age   4:        744 bytes,    1260048 total
- age   5:        528 bytes,    1260576 total
- age   6:       4352 bytes,    1264928 total
: 657454K->2287K(737280K), 0.0070460 secs] 1654115K->998963K(1761280K), 0.0071740 secs] [Times: user=0.05 sys=0.00, real=0.01 secs] 
968.988: [GC968.988: [ParNew
Desired survivor size 41943040 bytes, new threshold 6 (max 6)
- age   1:    1961744 bytes,    1961744 total
- age   2:       1632 bytes,    1963376 total
- age   3:       4360 bytes,    1967736 total
- age   4:        648 bytes,    1968384 total
- age   5:        744 bytes,    1969128 total
- age   6:        528 bytes,    1969656 total
: 657647K->2271K(737280K), 0.0070130 secs] 1654323K->998951K(1761280K), 0.0071770 secs] [Times: user=0.05 sys=0.00, real=0.01 secs] 
969.221: [GC969.221: [ParNew
Desired survivor size 41943040 bytes, new threshold 6 (max 6)
- age   1:     465576 bytes,     465576 total
- age   2:        848 bytes,     466424 total
- age   3:       1632 bytes,     468056 total
- age   4:       4360 bytes,     472416 total
- age   5:        624 bytes,     473040 total
- age   6:        744 bytes,     473784 total
: 657631K->1640K(737280K), 0.0061300 secs] 1654311K->998321K(1761280K), 0.0062670 secs] [Times: user=0.04 sys=0.01, real=0.01 secs] 
969.473: [GC969.473: [ParNew
Desired survivor size 41943040 bytes, new threshold 6 (max 6)
- age   1:    1040952 bytes,    1040952 total
- age   2:       1056 bytes,    1042008 total
- age   3:        776 bytes,    1042784 total
- age   4:       1560 bytes,    1044344 total
- age   5:       4312 bytes,    1048656 total
- age   6:        624 bytes,    1049280 total
: 657000K->1314K(737280K), 0.0063020 secs] 1653681K->997996K(1761280K), 0.0064380 secs] [Times: user=0.05 sys=0.00, real=0.00 secs] 
969.700: [GC969.700: [ParNew
Desired survivor size 41943040 bytes, new threshold 6 (max 6)
- age   1:    2377104 bytes,    2377104 total
- age   2:     179336 bytes,    2556440 total
- age   3:        936 bytes,    2557376 total
- age   4:        608 bytes,    2557984 total
- age   5:       1464 bytes,    2559448 total
- age   6:       4048 bytes,    2563496 total
: 656674K->2925K(737280K), 0.0075310 secs] 1653356K->999607K(1761280K), 0.0077480 secs] [Times: user=0.05 sys=0.00, real=0.01 secs] 
969.930: [GC969.930: [ParNew
Desired survivor size 41943040 bytes, new threshold 6 (max 6)
- age   1:    2185712 bytes,    2185712 total
- age   2:       4368 bytes,    2190080 total
- age   3:       8240 bytes,    2198320 total
- age   4:        792 bytes,    2199112 total
- age   5:        512 bytes,    2199624 total
- age   6:       1320 bytes,    2200944 total
: 658285K->3416K(737280K), 0.0075190 secs] 1654967K->1000103K(1761280K), 0.0076770 secs] [Times: user=0.05 sys=0.00, real=0.01 secs] 
970.149: [GC970.149: [ParNew
Desired survivor size 41943040 bytes, new threshold 6 (max 6)
- age   1:     833312 bytes,     833312 total
- age   2:       3728 bytes,     837040 total
- age   3:       4344 bytes,     841384 total
- age   4:       8024 bytes,     849408 total
- age   5:        672 bytes,     850080 total
- age   6:        464 bytes,     850544 total
: 658776K->2137K(737280K), 0.0065330 secs] 1655463K->998825K(1761280K), 0.0067100 secs] [Times: user=0.04 sys=0.00, real=0.01 secs] 
970.409: [GC970.409: [ParNew
Desired survivor size 41943040 bytes, new threshold 6 (max 6)
- age   1:    1946368 bytes,    1946368 total
- age   2:        688 bytes,    1947056 total
- age   3:       3560 bytes,    1950616 total
- age   4:       4032 bytes,    1954648 total
- age   5:       7784 bytes,    1962432 total
- age   6:        504 bytes,    1962936 total
: 657497K->2226K(737280K), 0.0070780 secs] 1654185K->998914K(1761280K), 0.0072270 secs] [Times: user=0.05 sys=0.00, real=0.01 secs] 
970.643: [GC970.643: [ParNew
Desired survivor size 41943040 bytes, new threshold 6 (max 6)
- age   1:    1875680 bytes,    1875680 total
- age   2:       1520 bytes,    1877200 total
- age   3:        640 bytes,    1877840 total
- age   4:       3488 bytes,    1881328 total
- age   5:       3936 bytes,    1885264 total
- age   6:       7736 bytes,    1893000 total
: 657586K->3043K(737280K), 0.0073940 secs] 1654274K->999732K(1761280K), 0.0075350 secs] [Times: user=0.05 sys=0.01, real=0.01 secs] 
970.843: [CMS-concurrent-mark: 7.122/7.427 secs] [Times: user=55.18 sys=1.08, real=7.43 secs] 
970.844: [CMS-concurrent-preclean-start]
970.857: [CMS-concurrent-preclean: 0.012/0.013 secs] [Times: user=0.11 sys=0.00, real=0.01 secs] 
970.857: [CMS-concurrent-abortable-preclean-start]
970.902: [GC970.902: [ParNew
Desired survivor size 41943040 bytes, new threshold 6 (max 6)
- age   1:    1576368 bytes,    1576368 total
- age   2:       5600 bytes,    1581968 total
- age   3:       1488 bytes,    1583456 total
- age   4:        640 bytes,    1584096 total
- age   5:       3488 bytes,    1587584 total
- age   6:       3936 bytes,    1591520 total
: 658403K->2464K(737280K), 0.0066120 secs] 1655092K->999161K(1761280K), 0.0067640 secs] [Times: user=0.04 sys=0.00, real=0.01 secs] 
971.022: [CMS-concurrent-abortable-preclean: 0.141/0.165 secs] [Times: user=1.10 sys=0.02, real=0.16 secs] 
971.027: [GC[YG occupancy: 358972 K (737280 K)]971.027: [Rescan (parallel) , 0.0655360 secs]971.092: [weak refs processing, 0.0000300 secs]971.093: [scrub string table, 0.0011450 secs] [1 CMS-remark: 996696K(1024000K)] 1355668K(1761280K), 0.0668610 secs] [Times: user=0.51 sys=0.00, real=0.07 secs] 
971.095: [CMS-concurrent-sweep-start]
971.211: [GC971.211: [ParNew
Desired survivor size 41943040 bytes, new threshold 6 (max 6)
- age   1:    1675808 bytes,    1675808 total
- age   2:        832 bytes,    1676640 total
- age   3:       5432 bytes,    1682072 total
- age   4:       1296 bytes,    1683368 total
- age   5:        520 bytes,    1683888 total
- age   6:       3320 bytes,    1687208 total
: 657824K->2420K(737280K), 0.0069700 secs] 1654521K->999121K(1761280K), 0.0071160 secs] [Times: user=0.05 sys=0.00, real=0.01 secs] 
971.447: [GC971.447: [ParNew
Desired survivor size 41943040 bytes, new threshold 6 (max 6)
- age   1:    2120272 bytes,    2120272 total
- age   2:       4800 bytes,    2125072 total
- age   3:        808 bytes,    2125880 total
- age   4:       5360 bytes,    2131240 total
- age   5:       1176 bytes,    2132416 total
- age   6:        520 bytes,    2132936 total
: 657780K->3073K(737280K), 0.0075610 secs] 1654481K->999777K(1761280K), 0.0077570 secs] [Times: user=0.05 sys=0.00, real=0.01 secs] 
971.661: [GC971.661: [ParNew
Desired survivor size 41943040 bytes, new threshold 6 (max 6)
- age   1:    1230384 bytes,    1230384 total
- age   2:      11688 bytes,    1242072 total
- age   3:       4800 bytes,    1246872 total
- age   4:        808 bytes,    1247680 total
- age   5:       5360 bytes,    1253040 total
- age   6:       1176 bytes,    1254216 total
: 658433K->2218K(737280K), 0.0081040 secs] 1655137K->998923K(1761280K), 0.0082520 secs] [Times: user=0.06 sys=0.00, real=0.01 secs] 
971.923: [GC971.923: [ParNew
Desired survivor size 41943040 bytes, new threshold 6 (max 6)
- age   1:    2571472 bytes,    2571472 total
- age   2:        720 bytes,    2572192 total
- age   3:      11544 bytes,    2583736 total
- age   4:       4776 bytes,    2588512 total
- age   5:        712 bytes,    2589224 total
- age   6:       5216 bytes,    2594440 total
: 657578K->3095K(737280K), 0.0074940 secs] 1654283K->999800K(1761280K), 0.0076810 secs] [Times: user=0.06 sys=0.00, real=0.00 secs] 
972.155: [GC972.155: [ParNew
Desired survivor size 41943040 bytes, new threshold 6 (max 6)
- age   1:     967872 bytes,     967872 total
- age   2:       3392 bytes,     971264 total
- age   3:        720 bytes,     971984 total
- age   4:      11544 bytes,     983528 total
- age   5:       4776 bytes,     988304 total
- age   6:        712 bytes,     989016 total
: 658455K->2138K(737280K), 0.0067210 secs] 1655160K->998849K(1761280K), 0.0068550 secs] [Times: user=0.04 sys=0.00, real=0.00 secs] 
972.394: [GC972.394: [ParNew
Desired survivor size 41943040 bytes, new threshold 6 (max 6)
- age   1:    1687632 bytes,    1687632 total
- age   2:       1096 bytes,    1688728 total
- age   3:       3248 bytes,    1691976 total
- age   4:        592 bytes,    1692568 total
- age   5:      11304 bytes,    1703872 total
- age   6:       4560 bytes,    1708432 total
: 657498K->2129K(737280K), 0.0069360 secs] 1654209K->998841K(1761280K), 0.0070900 secs] [Times: user=0.05 sys=0.00, real=0.00 secs] 
972.637: [GC972.637: [ParNew
Desired survivor size 41943040 bytes, new threshold 6 (max 6)
- age   1:    1255720 bytes,    1255720 total
- age   2:       7968 bytes,    1263688 total
- age   3:       1096 bytes,    1264784 total
- age   4:       3248 bytes,    1268032 total
- age   5:        592 bytes,    1268624 total
- age   6:      11280 bytes,    1279904 total
: 657489K->2213K(737280K), 0.0066030 secs] 1654201K->998930K(1761280K), 0.0067400 secs] [Times: user=0.04 sys=0.00, real=0.01 secs] 
972.717: [CMS-concurrent-sweep: 1.521/1.622 secs] [Times: user=12.09 sys=0.23, real=1.62 secs] 
972.717: [CMS-concurrent-reset-start]
972.763: [CMS-concurrent-reset: 0.046/0.046 secs] [Times: user=0.27 sys=0.00, real=0.04 secs] 
972.900: [GC972.900: [ParNew
Desired survivor size 41943040 bytes, new threshold 6 (max 6)
- age   1:    1239208 bytes,    1239208 total
- age   2:        984 bytes,    1240192 total
- age   3:       7536 bytes,    1247728 total
- age   4:        784 bytes,    1248512 total
- age   5:       2792 bytes,    1251304 total
- age   6:        352 bytes,    1251656 total
: 657573K->1779K(737280K), 0.0077040 secs] 1654236K->998453K(1761280K), 0.0078790 secs] [Times: user=0.05 sys=0.00, real=0.01 secs] 
972.912: [GC [1 CMS-initial-mark: 996673K(1024000K)] 1009472K(1761280K), 0.0106250 secs] [Times: user=0.01 sys=0.00, real=0.01 secs] 
972.923: [CMS-concurrent-mark-start]
973.158: [GC973.158: [ParNew
Desired survivor size 41943040 bytes, new threshold 6 (max 6)
- age   1:     804992 bytes,     804992 total
- age   2:       4848 bytes,     809840 total
- age   3:        984 bytes,     810824 total
- age   4:       7536 bytes,     818360 total
- age   5:        784 bytes,     819144 total
- age   6:       2792 bytes,     821936 total
: 657139K->1407K(737280K), 0.0063320 secs] 1653813K->998081K(1761280K), 0.0065080 secs] [Times: user=0.05 sys=0.00, real=0.01 secs] 
973.447: [GC973.447: [ParNew
Desired survivor size 41943040 bytes, new threshold 6 (max 6)
- age   1:    1071368 bytes,    1071368 total
- age   2:        688 bytes,    1072056 total
- age   3:       4608 bytes,    1076664 total
- age   4:        840 bytes,    1077504 total
- age   5:       7320 bytes,    1084824 total
- age   6:        664 bytes,    1085488 total
: 656767K->1383K(737280K), 0.0085270 secs] 1653441K->998060K(1761280K), 0.0088240 secs] [Times: user=0.05 sys=0.01, real=0.01 secs] 
973.756: [GC973.756: [ParNew
Desired survivor size 41943040 bytes, new threshold 6 (max 6)
- age   1:    1076416 bytes,    1076416 total
- age   2:      11160 bytes,    1087576 total
- age   3:        616 bytes,    1088192 total
- age   4:       4368 bytes,    1092560 total
- age   5:        696 bytes,    1093256 total
- age   6:       7216 bytes,    1100472 total
: 656743K->1646K(737280K), 0.0399330 secs] 1653420K->998323K(1761280K), 0.0401250 secs] [Times: user=0.06 sys=0.01, real=0.04 secs] 
974.057: [GC974.057: [ParNew
Desired survivor size 41943040 bytes, new threshold 6 (max 6)
- age   1:    1011048 bytes,    1011048 total
- age   2:       4176 bytes,    1015224 total
- age   3:      11160 bytes,    1026384 total
- age   4:        616 bytes,    1027000 total
- age   5:       4368 bytes,    1031368 total
- age   6:        696 bytes,    1032064 total
: 657006K->1561K(737280K), 0.0063500 secs] 1653683K->998247K(1761280K), 0.0065470 secs] [Times: user=0.05 sys=0.00, real=0.01 secs] 
974.301: [GC974.301: [ParNew
Desired survivor size 41943040 bytes, new threshold 6 (max 6)
- age   1:    1313600 bytes,    1313600 total
- age   2:     395472 bytes,    1709072 total
- age   3:       4176 bytes,    1713248 total
- age   4:      11136 bytes,    1724384 total
- age   5:        616 bytes,    1725000 total
- age   6:       4368 bytes,    1729368 total
: 656921K->2032K(737280K), 0.0070390 secs] 1653607K->998718K(1761280K), 0.0071830 secs] [Times: user=0.05 sys=0.00, real=0.01 secs] 
974.557: [GC974.557: [ParNew
Desired survivor size 41943040 bytes, new threshold 6 (max 6)
- age   1:    2078632 bytes,    2078632 total
- age   2:        840 bytes,    2079472 total
- age   3:        480 bytes,    2079952 total
- age   4:       4064 bytes,    2084016 total
- age   5:      10968 bytes,    2094984 total
- age   6:        472 bytes,    2095456 total
: 657392K->2851K(737280K), 0.0094490 secs] 1654078K->999541K(1761280K), 0.0095870 secs] [Times: user=0.06 sys=0.00, real=0.01 secs] 
974.897: [GC974.897: [ParNew
Desired survivor size 41943040 bytes, new threshold 6 (max 6)
- age   1:    1215352 bytes,    1215352 total
- age   2:       1072 bytes,    1216424 total
- age   3:        744 bytes,    1217168 total
- age   4:        384 bytes,    1217552 total
- age   5:       4040 bytes,    1221592 total
- age   6:      10824 bytes,    1232416 total
: 658211K->2393K(737280K), 0.0071420 secs] 1654901K->999084K(1761280K), 0.0073070 secs] [Times: user=0.04 sys=0.00, real=0.01 secs] 
975.144: [GC975.144: [ParNew
Desired survivor size 41943040 bytes, new threshold 6 (max 6)
- age   1:     835512 bytes,     835512 total
- age   2:       1696 bytes,     837208 total
- age   3:       1072 bytes,     838280 total
- age   4:        744 bytes,     839024 total
- age   5:        384 bytes,     839408 total
- age   6:       4040 bytes,     843448 total
: 657753K->1278K(737280K), 0.0062460 secs] 1654444K->997980K(1761280K), 0.0063830 secs] [Times: user=0.04 sys=0.01, real=0.00 secs] 
975.396: [GC975.396: [ParNew
Desired survivor size 41943040 bytes, new threshold 6 (max 6)
- age   1:    2066536 bytes,    2066536 total
- age   2:        664 bytes,    2067200 total
- age   3:       1504 bytes,    2068704 total
- age   4:       1024 bytes,    2069728 total
- age   5:        648 bytes,    2070376 total
- age   6:        336 bytes,    2070712 total
: 656638K->2550K(737280K), 0.0073070 secs] 1653340K->999256K(1761280K), 0.0074580 secs] [Times: user=0.05 sys=0.00, real=0.01 secs] 
975.637: [GC975.637: [ParNew
Desired survivor size 41943040 bytes, new threshold 6 (max 6)
- age   1:    3374824 bytes,    3374824 total
- age   2:     662944 bytes,    4037768 total
- age   3:        664 bytes,    4038432 total
- age   4:       1504 bytes,    4039936 total
- age   5:       1000 bytes,    4040936 total
- age   6:        648 bytes,    4041584 total
: 657910K->5187K(737280K), 0.0085800 secs] 1654616K->1001893K(1761280K), 0.0087680 secs] [Times: user=0.07 sys=0.00, real=0.01 secs] 
975.947: [GC975.947: [ParNew
Desired survivor size 41943040 bytes, new threshold 6 (max 6)
- age   1:    1199016 bytes,    1199016 total
- age   2:        800 bytes,    1199816 total
- age   3:      12176 bytes,    1211992 total
- age   4:        568 bytes,    1212560 total
- age   5:       1336 bytes,    1213896 total
- age   6:        904 bytes,    1214800 total
: 660547K->3392K(737280K), 0.0064900 secs] 1657253K->1000099K(1761280K), 0.0066410 secs] [Times: user=0.04 sys=0.00, real=0.01 secs] 
976.186: [GC976.186: [ParNew
Desired survivor size 41943040 bytes, new threshold 6 (max 6)
- age   1:    1893656 bytes,    1893656 total
- age   2:       4528 bytes,    1898184 total
- age   3:        728 bytes,    1898912 total
- age   4:      12104 bytes,    1911016 total
- age   5:        544 bytes,    1911560 total
- age   6:       1240 bytes,    1912800 total
: 658752K->2289K(737280K), 0.0073240 secs] 1655459K->998997K(1761280K), 0.0074670 secs] [Times: user=0.05 sys=0.01, real=0.01 secs] 
976.438: [GC976.438: [ParNew
Desired survivor size 41943040 bytes, new threshold 6 (max 6)
- age   1:    1306928 bytes,    1306928 total
- age   2:        752 bytes,    1307680 total
- age   3:       4024 bytes,    1311704 total
- age   4:        464 bytes,    1312168 total
- age   5:      11496 bytes,    1323664 total
- age   6:        280 bytes,    1323944 total
: 657649K->1898K(737280K), 0.0064710 secs] 1654357K->998606K(1761280K), 0.0066300 secs] [Times: user=0.04 sys=0.00, real=0.01 secs] 
976.677: [GC976.677: [ParNew
Desired survivor size 41943040 bytes, new threshold 6 (max 6)
- age   1:     151296 bytes,     151296 total
- age   2:      18648 bytes,     169944 total
- age   3:        584 bytes,     170528 total
- age   4:       3880 bytes,     174408 total
- age   5:        440 bytes,     174848 total
- age   6:      11496 bytes,     186344 total
: 657258K->1391K(737280K), 0.0060770 secs] 1653966K->998100K(1761280K), 0.0062060 secs] [Times: user=0.04 sys=0.00, real=0.00 secs] 
976.926: [GC976.926: [ParNew
Desired survivor size 41943040 bytes, new threshold 6 (max 6)
- age   1:     791200 bytes,     791200 total
- age   2:       3976 bytes,     795176 total
- age   3:      18648 bytes,     813824 total
- age   4:        584 bytes,     814408 total
- age   5:       3880 bytes,     818288 total
- age   6:        440 bytes,     818728 total
: 656751K->1002K(737280K), 0.0064650 secs] 1653460K->997723K(1761280K), 0.0066180 secs] [Times: user=0.04 sys=0.00, real=0.00 secs] 
977.184: [GC977.184: [ParNew
Desired survivor size 41943040 bytes, new threshold 6 (max 6)
- age   1:     659704 bytes,     659704 total
- age   2:       1120 bytes,     660824 total
- age   3:       3832 bytes,     664656 total
- age   4:      18600 bytes,     683256 total
- age   5:        584 bytes,     683840 total
- age   6:       3880 bytes,     687720 total
: 656362K->1042K(737280K), 0.0063010 secs] 1653083K->997764K(1761280K), 0.0064290 secs] [Times: user=0.04 sys=0.00, real=0.00 secs] 
977.426: [GC977.426: [ParNew
Desired survivor size 41943040 bytes, new threshold 6 (max 6)
- age   1:    1528024 bytes,    1528024 total
- age   2:       2032 bytes,    1530056 total
- age   3:       1120 bytes,    1531176 total
- age   4:       3832 bytes,    1535008 total
- age   5:      18576 bytes,    1553584 total
- age   6:        584 bytes,    1554168 total
: 656402K->1778K(737280K), 0.0070850 secs] 1653124K->998504K(1761280K), 0.0072110 secs] [Times: user=0.04 sys=0.00, real=0.00 secs] 
977.657: [GC977.658: [ParNew
Desired survivor size 41943040 bytes, new threshold 6 (max 6)
- age   1:    1025448 bytes,    1025448 total
- age   2:        960 bytes,    1026408 total
- age   3:       2032 bytes,    1028440 total
- age   4:       1120 bytes,    1029560 total
- age   5:       3808 bytes,    1033368 total
- age   6:      18552 bytes,    1051920 total
: 657138K->1634K(737280K), 0.0063120 secs] 1653864K->998361K(1761280K), 0.0065040 secs] [Times: user=0.05 sys=0.00, real=0.00 secs] 
977.899: [GC977.900: [ParNew
Desired survivor size 41943040 bytes, new threshold 6 (max 6)
- age   1:    2930512 bytes,    2930512 total
- age   2:       7984 bytes,    2938496 total
- age   3:        888 bytes,    2939384 total
- age   4:       1912 bytes,    2941296 total
- age   5:        952 bytes,    2942248 total
- age   6:       3688 bytes,    2945936 total
: 656994K->3428K(737280K), 0.0090400 secs] 1653721K->1000173K(1761280K), 0.0092100 secs] [Times: user=0.06 sys=0.00, real=0.01 secs] 
978.142: [GC978.142: [ParNew
Desired survivor size 41943040 bytes, new threshold 6 (max 6)
- age   1:    1002432 bytes,    1002432 total
- age   2:       4272 bytes,    1006704 total
- age   3:       7960 bytes,    1014664 total
- age   4:        816 bytes,    1015480 total
- age   5:       1816 bytes,    1017296 total
- age   6:        904 bytes,    1018200 total
: 658788K->2432K(737280K), 0.0062000 secs] 1655533K->999180K(1761280K), 0.0063330 secs] [Times: user=0.04 sys=0.00, real=0.01 secs] 
978.376: [GC978.376: [ParNew
Desired survivor size 41943040 bytes, new threshold 6 (max 6)
- age   1:     494896 bytes,     494896 total
- age   2:        704 bytes,     495600 total
- age   3:       4272 bytes,     499872 total
- age   4:       7912 bytes,     507784 total
- age   5:        696 bytes,     508480 total
- age   6:       1648 bytes,     510128 total
: 657792K->1103K(737280K), 0.0075570 secs] 1654540K->997852K(1761280K), 0.0076970 secs] [Times: user=0.05 sys=0.00, real=0.00 secs] 
978.614: [GC978.614: [ParNew
Desired survivor size 41943040 bytes, new threshold 6 (max 6)
- age   1:    1222872 bytes,    1222872 total
- age   2:       1912 bytes,    1224784 total
- age   3:        632 bytes,    1225416 total
- age   4:       4176 bytes,    1229592 total
- age   5:       7808 bytes,    1237400 total
- age   6:        624 bytes,    1238024 total
: 656463K->1458K(737280K), 0.0068920 secs] 1653212K->998209K(1761280K), 0.0070260 secs] [Times: user=0.05 sys=0.00, real=0.00 secs] 
978.867: [GC978.867: [ParNew
Desired survivor size 41943040 bytes, new threshold 6 (max 6)
- age   1:    1344872 bytes,    1344872 total
- age   2:        984 bytes,    1345856 total
- age   3:       1768 bytes,    1347624 total
- age   4:        584 bytes,    1348208 total
- age   5:       4080 bytes,    1352288 total
- age   6:       7664 bytes,    1359952 total
: 656818K->1902K(737280K), 0.0065110 secs] 1653569K->998654K(1761280K), 0.0066740 secs] [Times: user=0.04 sys=0.00, real=0.00 secs] 
979.096: [GC979.097: [ParNew
Desired survivor size 41943040 bytes, new threshold 6 (max 6)
- age   1:    1216448 bytes,    1216448 total
- age   2:       7792 bytes,    1224240 total
- age   3:        984 bytes,    1225224 total
- age   4:       1768 bytes,    1226992 total
- age   5:        584 bytes,    1227576 total
- age   6:       4080 bytes,    1231656 total
: 657262K->2030K(737280K), 0.0064850 secs] 1654014K->998789K(1761280K), 0.0066200 secs] [Times: user=0.04 sys=0.00, real=0.00 secs] 
979.334: [GC979.334: [ParNew
Desired survivor size 41943040 bytes, new threshold 6 (max 6)
- age   1:     752864 bytes,     752864 total
- age   2:        768 bytes,     753632 total
- age   3:       7672 bytes,     761304 total
- age   4:        792 bytes,     762096 total
- age   5:       1648 bytes,     763744 total
- age   6:        488 bytes,     764232 total
: 657390K->1336K(737280K), 0.0064080 secs] 1654149K->998099K(1761280K), 0.0065460 secs] [Times: user=0.04 sys=0.00, real=0.01 secs] 
979.563: [GC979.564: [ParNew
Desired survivor size 41943040 bytes, new threshold 6 (max 6)
- age   1:     403496 bytes,     403496 total
- age   2:       1640 bytes,     405136 total
- age   3:        768 bytes,     405904 total
- age   4:       7672 bytes,     413576 total
- age   5:        792 bytes,     414368 total
- age   6:       1616 bytes,     415984 total
: 656696K->647K(737280K), 0.0058350 secs] 1653459K->997411K(1761280K), 0.0060040 secs] [Times: user=0.04 sys=0.00, real=0.01 secs] 
979.757: [CMS-concurrent-mark: 6.524/6.834 secs] [Times: user=49.22 sys=0.97, real=6.83 secs] 
979.757: [CMS-concurrent-preclean-start]
979.772: [CMS-concurrent-preclean: 0.013/0.014 secs] [Times: user=0.11 sys=0.01, real=0.01 secs] 
979.772: [CMS-concurrent-abortable-preclean-start]
979.780: [GC979.780: [ParNew
Desired survivor size 41943040 bytes, new threshold 6 (max 6)
- age   1:    1891096 bytes,    1891096 total
- age   2:      10000 bytes,    1901096 total
- age   3:       1304 bytes,    1902400 total
- age   4:        504 bytes,    1902904 total
- age   5:       7480 bytes,    1910384 total
- age   6:        528 bytes,    1910912 total
: 656007K->2006K(737280K), 0.0074480 secs] 1652771K->998771K(1761280K), 0.0076300 secs] [Times: user=0.05 sys=0.00, real=0.01 secs] 
979.945: [CMS-concurrent-abortable-preclean: 0.041/0.173 secs] [Times: user=1.25 sys=0.02, real=0.18 secs] 
979.948: [GC[YG occupancy: 465036 K (737280 K)]979.948: [Rescan (parallel) , 0.2974200 secs]980.246: [weak refs processing, 0.0000440 secs]980.246: [scrub string table, 0.0009990 secs] [1 CMS-remark: 996765K(1024000K)] 1461801K(1761280K), 0.2986060 secs] [Times: user=2.19 sys=0.01, real=0.30 secs] 
980.247: [CMS-concurrent-sweep-start]
980.321: [GC980.321: [ParNew
Desired survivor size 41943040 bytes, new threshold 6 (max 6)
- age   1:    1997912 bytes,    1997912 total
- age   2:       4144 bytes,    2002056 total
- age   3:       7632 bytes,    2009688 total
- age   4:       1136 bytes,    2010824 total
- age   5:        384 bytes,    2011208 total
- age   6:       7240 bytes,    2018448 total
: 657366K->2822K(737280K), 0.0072640 secs] 1654129K->999586K(1761280K), 0.0074250 secs] [Times: user=0.05 sys=0.00, real=0.01 secs] 
980.571: [GC980.571: [ParNew
Desired survivor size 41943040 bytes, new threshold 6 (max 6)
- age   1:    1769560 bytes,    1769560 total
- age   2:       1272 bytes,    1770832 total
- age   3:       4144 bytes,    1774976 total
- age   4:       7632 bytes,    1782608 total
- age   5:       1136 bytes,    1783744 total
- age   6:        384 bytes,    1784128 total
: 658182K->2318K(737280K), 0.0071210 secs] 1654946K->999089K(1761280K), 0.0073990 secs] [Times: user=0.04 sys=0.00, real=0.01 secs] 
980.828: [GC980.828: [ParNew
Desired survivor size 41943040 bytes, new threshold 6 (max 6)
- age   1:     401336 bytes,     401336 total
- age   2:       2368 bytes,     403704 total
- age   3:       1128 bytes,     404832 total
- age   4:       4048 bytes,     408880 total
- age   5:       7600 bytes,     416480 total
- age   6:       1136 bytes,     417616 total
: 657678K->1770K(737280K), 0.0066160 secs] 1654449K->998542K(1761280K), 0.0067640 secs] [Times: user=0.04 sys=0.00, real=0.01 secs] 
981.082: [GC981.082: [ParNew
Desired survivor size 41943040 bytes, new threshold 6 (max 6)
- age   1:    2011160 bytes,    2011160 total
- age   2:       4544 bytes,    2015704 total
- age   3:       2200 bytes,    2017904 total
- age   4:        936 bytes,    2018840 total
- age   5:       3928 bytes,    2022768 total
- age   6:       7504 bytes,    2030272 total
: 657130K->2178K(737280K), 0.0069430 secs] 1653902K->998951K(1761280K), 0.0070850 secs] [Times: user=0.05 sys=0.00, real=0.01 secs] 
981.322: [GC981.322: [ParNew
Desired survivor size 41943040 bytes, new threshold 6 (max 6)
- age   1:     727104 bytes,     727104 total
- age   2:       8624 bytes,     735728 total
- age   3:       4080 bytes,     739808 total
- age   4:       1696 bytes,     741504 total
- age   5:        648 bytes,     742152 total
- age   6:       3808 bytes,     745960 total
: 657538K->1623K(737280K), 0.0065790 secs] 1654311K->998403K(1761280K), 0.0067310 secs] [Times: user=0.04 sys=0.00, real=0.01 secs] 
981.517: [CMS-concurrent-sweep: 1.223/1.270 secs] [Times: user=9.47 sys=0.18, real=1.27 secs] 
981.517: [CMS-concurrent-reset-start]
981.545: [CMS-concurrent-reset: 0.028/0.028 secs] [Times: user=0.22 sys=0.00, real=0.03 secs] 
981.569: [GC981.570: [ParNew
Desired survivor size 41943040 bytes, new threshold 6 (max 6)
- age   1:     839752 bytes,     839752 total
- age   2:       7384 bytes,     847136 total
- age   3:       8600 bytes,     855736 total
- age   4:       4080 bytes,     859816 total
- age   5:       1696 bytes,     861512 total
- age   6:        648 bytes,     862160 total
: 656983K->1188K(737280K), 0.0065360 secs] 1653653K->997862K(1761280K), 0.0067130 secs] [Times: user=0.05 sys=0.00, real=0.01 secs] 
981.579: [GC [1 CMS-initial-mark: 996674K(1024000K)] 1003998K(1761280K), 0.0067250 secs] [Times: user=0.01 sys=0.00, real=0.01 secs] 
981.586: [CMS-concurrent-mark-start]
981.827: [GC981.827: [ParNew
Desired survivor size 41943040 bytes, new threshold 6 (max 6)
- age   1:     999848 bytes,     999848 total
- age   2:        816 bytes,    1000664 total
- age   3:       7384 bytes,    1008048 total
- age   4:       8600 bytes,    1016648 total
- age   5:       4056 bytes,    1020704 total
- age   6:       1696 bytes,    1022400 total
: 656548K->1402K(737280K), 0.0065770 secs] 1653222K->998077K(1761280K), 0.0067260 secs] [Times: user=0.05 sys=0.00, real=0.00 secs] 
982.075: [GC982.075: [ParNew
Desired survivor size 41943040 bytes, new threshold 6 (max 6)
- age   1:    1940472 bytes,    1940472 total
- age   2:      10888 bytes,    1951360 total
- age   3:        648 bytes,    1952008 total
- age   4:       7288 bytes,    1959296 total
- age   5:       8600 bytes,    1967896 total
- age   6:       4032 bytes,    1971928 total
: 656762K->2491K(737280K), 0.0074080 secs] 1653437K->999168K(1761280K), 0.0075770 secs] [Times: user=0.04 sys=0.01, real=0.00 secs] 
982.308: [GC982.308: [ParNew
Desired survivor size 41943040 bytes, new threshold 6 (max 6)
- age   1:     754096 bytes,     754096 total
- age   2:       1296 bytes,     755392 total
- age   3:       8840 bytes,     764232 total
- age   4:        432 bytes,     764664 total
- age   5:       7192 bytes,     771856 total
- age   6:       8576 bytes,     780432 total
: 657851K->1681K(737280K), 0.0063950 secs] 1654528K->998363K(1761280K), 0.0065920 secs] [Times: user=0.04 sys=0.00, real=0.01 secs] 
982.563: [GC982.563: [ParNew
Desired survivor size 41943040 bytes, new threshold 6 (max 6)
- age   1:     957040 bytes,     957040 total
- age   2:       1504 bytes,     958544 total
- age   3:       1296 bytes,     959840 total
- age   4:       8840 bytes,     968680 total
- age   5:        432 bytes,     969112 total
- age   6:       7192 bytes,     976304 total
: 657041K->1412K(737280K), 0.0064840 secs] 1653723K->998102K(1761280K), 0.0066130 secs] [Times: user=0.04 sys=0.00, real=0.01 secs] 
982.812: [GC982.812: [ParNew
Desired survivor size 41943040 bytes, new threshold 6 (max 6)
- age   1:    2876288 bytes,    2876288 total
- age   2:       1160 bytes,    2877448 total
- age   3:       1312 bytes,    2878760 total
- age   4:       1296 bytes,    2880056 total
- age   5:       8816 bytes,    2888872 total
- age   6:        432 bytes,    2889304 total
: 656772K->3344K(737280K), 0.0078920 secs] 1653462K->1000041K(1761280K), 0.0080320 secs] [Times: user=0.05 sys=0.01, real=0.01 secs] 
983.076: [GC983.076: [ParNew
Desired survivor size 41943040 bytes, new threshold 6 (max 6)
- age   1:     939784 bytes,     939784 total
- age   2:       3816 bytes,     943600 total
- age   3:        968 bytes,     944568 total
- age   4:       1216 bytes,     945784 total
- age   5:       1200 bytes,     946984 total
- age   6:       8720 bytes,     955704 total
: 658704K->2339K(737280K), 0.0068020 secs] 1655401K->999037K(1761280K), 0.0069620 secs] [Times: user=0.04 sys=0.00, real=0.00 secs] 
983.322: [GC983.322: [ParNew
Desired survivor size 41943040 bytes, new threshold 6 (max 6)
- age   1:     403488 bytes,     403488 total
- age   2:       6160 bytes,     409648 total
- age   3:       3552 bytes,     413200 total
- age   4:        728 bytes,     413928 total
- age   5:       1072 bytes,     415000 total
- age   6:        912 bytes,     415912 total
: 657699K->818K(737280K), 0.0062390 secs] 1654397K->997525K(1761280K), 0.0064330 secs] [Times: user=0.03 sys=0.00, real=0.01 secs] 
983.586: [GC983.586: [ParNew
Desired survivor size 41943040 bytes, new threshold 6 (max 6)
- age   1:     841768 bytes,     841768 total
- age   2:        528 bytes,     842296 total
- age   3:       5992 bytes,     848288 total
- age   4:       3232 bytes,     851520 total
- age   5:        584 bytes,     852104 total
- age   6:        856 bytes,     852960 total
: 656178K->1070K(737280K), 0.0061830 secs] 1652885K->997778K(1761280K), 0.0063330 secs] [Times: user=0.04 sys=0.00, real=0.00 secs] 
983.822: [GC983.822: [ParNew
Desired survivor size 41943040 bytes, new threshold 6 (max 6)
- age   1:    2139160 bytes,    2139160 total
- age   2:       4816 bytes,    2143976 total
- age   3:        408 bytes,    2144384 total
- age   4:       5992 bytes,    2150376 total
- age   5:       3208 bytes,    2153584 total
- age   6:        584 bytes,    2154168 total
: 656430K->2320K(737280K), 0.0080980 secs] 1653138K->999029K(1761280K), 0.0082270 secs] [Times: user=0.04 sys=0.00, real=0.01 secs] 
984.071: [GC984.071: [ParNew
Desired survivor size 41943040 bytes, new threshold 6 (max 6)
- age   1:     693544 bytes,     693544 total
- age   2:       1296 bytes,     694840 total
- age   3:       4720 bytes,     699560 total
- age   4:        360 bytes,     699920 total
- age   5:       5872 bytes,     705792 total
- age   6:       3160 bytes,     708952 total
: 657680K->1756K(737280K), 0.0065830 secs] 1654389K->998466K(1761280K), 0.0067640 secs] [Times: user=0.04 sys=0.01, real=0.01 secs] 
984.315: [GC984.315: [ParNew
Desired survivor size 41943040 bytes, new threshold 6 (max 6)
- age   1:    2625456 bytes,    2625456 total
- age   2:       8072 bytes,    2633528 total
- age   3:       1296 bytes,    2634824 total
- age   4:       4720 bytes,    2639544 total
- age   5:        336 bytes,    2639880 total
- age   6:       5872 bytes,    2645752 total
: 657116K->2907K(737280K), 0.0071770 secs] 1653826K->999620K(1761280K), 0.0073300 secs] [Times: user=0.04 sys=0.00, real=0.01 secs] 
984.546: [GC984.547: [ParNew
Desired survivor size 41943040 bytes, new threshold 6 (max 6)
- age   1:     839456 bytes,     839456 total
- age   2:       1464 bytes,     840920 total
- age   3:       8072 bytes,     848992 total
- age   4:       1296 bytes,     850288 total
- age   5:       4720 bytes,     855008 total
- age   6:        336 bytes,     855344 total
: 658267K->2090K(737280K), 0.0066650 secs] 1654980K->998809K(1761280K), 0.0068220 secs] [Times: user=0.04 sys=0.00, real=0.00 secs] 
984.839: [GC984.839: [ParNew
Desired survivor size 41943040 bytes, new threshold 6 (max 6)
- age   1:    1798176 bytes,    1798176 total
- age   2:       1024 bytes,    1799200 total
- age   3:       1200 bytes,    1800400 total
- age   4:       7976 bytes,    1808376 total
- age   5:       1128 bytes,    1809504 total
- age   6:       4576 bytes,    1814080 total
: 657450K->2285K(737280K), 0.0068960 secs] 1654169K->999005K(1761280K), 0.0070380 secs] [Times: user=0.05 sys=0.00, real=0.01 secs] 
985.085: [GC985.085: [ParNew
Desired survivor size 41943040 bytes, new threshold 6 (max 6)
- age   1:    2604584 bytes,    2604584 total
- age   2:       7608 bytes,    2612192 total
- age   3:        952 bytes,    2613144 total
- age   4:       1128 bytes,    2614272 total
- age   5:       7904 bytes,    2622176 total
- age   6:       1032 bytes,    2623208 total
: 657645K->3401K(737280K), 0.0077750 secs] 1654365K->1000124K(1761280K), 0.0079390 secs] [Times: user=0.06 sys=0.00, real=0.00 secs] 
985.314: [GC985.314: [ParNew
Desired survivor size 41943040 bytes, new threshold 6 (max 6)
- age   1:     428008 bytes,     428008 total
- age   2:       4344 bytes,     432352 total
- age   3:       7608 bytes,     439960 total
- age   4:        952 bytes,     440912 total
- age   5:       1104 bytes,     442016 total
- age   6:       7904 bytes,     449920 total
: 658761K->2299K(737280K), 0.0057390 secs] 1655484K->999024K(1761280K), 0.0060280 secs] [Times: user=0.04 sys=0.00, real=0.01 secs] 
985.537: [GC985.538: [ParNew
Desired survivor size 41943040 bytes, new threshold 6 (max 6)
- age   1:    2031144 bytes,    2031144 total
- age   2:     255280 bytes,    2286424 total
- age   3:       4344 bytes,    2290768 total
- age   4:       7608 bytes,    2298376 total
- age   5:        952 bytes,    2299328 total
- age   6:       1104 bytes,    2300432 total
: 657659K->2628K(737280K), 0.0074680 secs] 1654384K->999361K(1761280K), 0.0076430 secs] [Times: user=0.05 sys=0.00, real=0.01 secs] 
985.761: [GC985.761: [ParNew
Desired survivor size 41943040 bytes, new threshold 6 (max 6)
- age   1:    1380872 bytes,    1380872 total
- age   2:       1168 bytes,    1382040 total
- age   3:        768 bytes,    1382808 total
- age   4:       4224 bytes,    1387032 total
- age   5:       7416 bytes,    1394448 total
- age   6:        904 bytes,    1395352 total
: 657988K->1849K(737280K), 0.0069980 secs] 1654721K->998583K(1761280K), 0.0071330 secs] [Times: user=0.05 sys=0.00, real=0.01 secs] 
985.999: [GC985.999: [ParNew
Desired survivor size 41943040 bytes, new threshold 6 (max 6)
- age   1:     299832 bytes,     299832 total
- age   2:       4024 bytes,     303856 total
- age   3:        832 bytes,     304688 total
- age   4:        552 bytes,     305240 total
- age   5:       3960 bytes,     309200 total
- age   6:       7200 bytes,     316400 total
: 657209K->1484K(737280K), 0.0061230 secs] 1653943K->998218K(1761280K), 0.0062530 secs] [Times: user=0.04 sys=0.00, real=0.00 secs] 
986.239: [GC986.239: [ParNew
Desired survivor size 41943040 bytes, new threshold 6 (max 6)
- age   1:    2121440 bytes,    2121440 total
- age   2:       8248 bytes,    2129688 total
- age   3:       3928 bytes,    2133616 total
- age   4:        712 bytes,    2134328 total
- age   5:        456 bytes,    2134784 total
- age   6:       3816 bytes,    2138600 total
: 656844K->2241K(737280K), 0.0070180 secs] 1653578K->998983K(1761280K), 0.0071660 secs] [Times: user=0.05 sys=0.00, real=0.01 secs] 
986.479: [GC986.479: [ParNew
Desired survivor size 41943040 bytes, new threshold 6 (max 6)
- age   1:    1886552 bytes,    1886552 total
- age   2:       1448 bytes,    1888000 total
- age   3:       8096 bytes,    1896096 total
- age   4:       3784 bytes,    1899880 total
- age   5:        520 bytes,    1900400 total
- age   6:        336 bytes,    1900736 total
: 657601K->2517K(737280K), 0.0071460 secs] 1654343K->999263K(1761280K), 0.0073080 secs] [Times: user=0.04 sys=0.00, real=0.01 secs] 
986.690: [GC986.690: [ParNew
Desired survivor size 41943040 bytes, new threshold 6 (max 6)
- age   1:    2520024 bytes,    2520024 total
- age   2:        928 bytes,    2520952 total
- age   3:       1208 bytes,    2522160 total
- age   4:       7976 bytes,    2530136 total
- age   5:       3760 bytes,    2533896 total
- age   6:        520 bytes,    2534416 total
: 657877K->3170K(737280K), 0.0074970 secs] 1654623K->999916K(1761280K), 0.0076470 secs] [Times: user=0.06 sys=0.00, real=0.01 secs] 
986.921: [GC986.922: [ParNew
Desired survivor size 41943040 bytes, new threshold 6 (max 6)
- age   1:    1018952 bytes,    1018952 total
- age   2:       4160 bytes,    1023112 total
- age   3:        800 bytes,    1023912 total
- age   4:       1208 bytes,    1025120 total
- age   5:       7976 bytes,    1033096 total
- age   6:       3760 bytes,    1036856 total
: 658530K->2309K(737280K), 0.0064200 secs] 1655276K->999056K(1761280K), 0.0065660 secs] [Times: user=0.04 sys=0.00, real=0.01 secs] 
987.166: [GC987.166: [ParNew
Desired survivor size 41943040 bytes, new threshold 6 (max 6)
- age   1:     914096 bytes,     914096 total
- age   2:     273272 bytes,    1187368 total
- age   3:       4160 bytes,    1191528 total
- age   4:        800 bytes,    1192328 total
- age   5:       1208 bytes,    1193536 total
- age   6:       7976 bytes,    1201512 total
: 657669K->1794K(737280K), 0.0066800 secs] 1654416K->998545K(1761280K), 0.0068320 secs] [Times: user=0.05 sys=0.01, real=0.00 secs] 
987.399: [GC987.399: [ParNew
Desired survivor size 41943040 bytes, new threshold 6 (max 6)
- age   1:     583616 bytes,     583616 total
- age   2:        640 bytes,     584256 total
- age   3:        712 bytes,     584968 total
- age   4:       4016 bytes,     588984 total
- age   5:        392 bytes,     589376 total
- age   6:        752 bytes,     590128 total
: 657154K->1259K(737280K), 0.0070060 secs] 1653905K->998017K(1761280K), 0.0071770 secs] [Times: user=0.04 sys=0.00, real=0.01 secs] 
987.616: [GC987.617: [ParNew
Desired survivor size 41943040 bytes, new threshold 6 (max 6)
- age   1:     953016 bytes,     953016 total
- age   2:       1768 bytes,     954784 total
- age   3:        640 bytes,     955424 total
- age   4:        712 bytes,     956136 total
- age   5:       4016 bytes,     960152 total
- age   6:        392 bytes,     960544 total
: 656619K->1301K(737280K), 0.0063850 secs] 1653377K->998060K(1761280K), 0.0065730 secs] [Times: user=0.04 sys=0.00, real=0.00 secs] 
987.847: [GC987.847: [ParNew
Desired survivor size 41943040 bytes, new threshold 6 (max 6)
- age   1:     449816 bytes,     449816 total
- age   2:        656 bytes,     450472 total
- age   3:       1672 bytes,     452144 total
- age   4:        616 bytes,     452760 total
- age   5:        568 bytes,     453328 total
- age   6:       3960 bytes,     457288 total
: 656661K->931K(737280K), 0.0063310 secs] 1653420K->997690K(1761280K), 0.0064840 secs] [Times: user=0.03 sys=0.00, real=0.00 secs] 
988.100: [GC988.100: [ParNew
Desired survivor size 41943040 bytes, new threshold 6 (max 6)
- age   1:    1023912 bytes,    1023912 total
- age   2:       4792 bytes,    1028704 total
- age   3:        584 bytes,    1029288 total
- age   4:       1576 bytes,    1030864 total
- age   5:        424 bytes,    1031288 total
- age   6:        448 bytes,    1031736 total
: 656291K->1170K(737280K), 0.0066680 secs] 1653050K->997933K(1761280K), 0.0068160 secs] [Times: user=0.05 sys=0.00, real=0.01 secs] 
988.324: [GC988.324: [ParNew
Desired survivor size 41943040 bytes, new threshold 6 (max 6)
- age   1:    2359864 bytes,    2359864 total
- age   2:       9088 bytes,    2368952 total
- age   3:       4624 bytes,    2373576 total
- age   4:        536 bytes,    2374112 total
- age   5:       1480 bytes,    2375592 total
- age   6:        424 bytes,    2376016 total
: 656530K->2653K(737280K), 0.0076600 secs] 1653293K->999417K(1761280K), 0.0078270 secs] [Times: user=0.06 sys=0.00, real=0.01 secs] 
988.561: [GC988.561: [ParNew
Desired survivor size 41943040 bytes, new threshold 6 (max 6)
- age   1:    1281616 bytes,    1281616 total
- age   2:       4088 bytes,    1285704 total
- age   3:       8488 bytes,    1294192 total
- age   4:       4192 bytes,    1298384 total
- age   5:        320 bytes,    1298704 total
- age   6:       1072 bytes,    1299776 total
: 658013K->2196K(737280K), 0.0066710 secs] 1654777K->998960K(1761280K), 0.0068150 secs] [Times: user=0.04 sys=0.00, real=0.01 secs] 
988.791: [GC988.791: [ParNew
Desired survivor size 41943040 bytes, new threshold 6 (max 6)
- age   1:    1080040 bytes,    1080040 total
- age   2:       4960 bytes,    1085000 total
- age   3:       3848 bytes,    1088848 total
- age   4:       8176 bytes,    1097024 total
- age   5:       3992 bytes,    1101016 total
- age   6:         32 bytes,    1101048 total
: 657556K->1687K(737280K), 0.0069220 secs] 1654320K->998452K(1761280K), 0.0070600 secs] [Times: user=0.05 sys=0.00, real=0.01 secs] 
989.042: [GC989.042: [ParNew
Desired survivor size 41943040 bytes, new threshold 6 (max 6)
- age   1:    1626272 bytes,    1626272 total
- age   2:       3792 bytes,    1630064 total
- age   3:       4960 bytes,    1635024 total
- age   4:       3848 bytes,    1638872 total
- age   5:       8176 bytes,    1647048 total
- age   6:       3992 bytes,    1651040 total
: 657047K->1964K(737280K), 0.0071060 secs] 1653812K->998729K(1761280K), 0.0072630 secs] [Times: user=0.05 sys=0.00, real=0.01 secs] 
989.268: [GC989.268: [ParNew
Desired survivor size 41943040 bytes, new threshold 6 (max 6)
- age   1:    1022744 bytes,    1022744 total
- age   2:       1368 bytes,    1024112 total
- age   3:       3720 bytes,    1027832 total
- age   4:       4912 bytes,    1032744 total
- age   5:       3848 bytes,    1036592 total
- age   6:       8176 bytes,    1044768 total
: 657324K->1655K(737280K), 0.0065990 secs] 1654089K->998424K(1761280K), 0.0067890 secs] [Times: user=0.04 sys=0.00, real=0.01 secs] 
989.502: [GC989.502: [ParNew
Desired survivor size 41943040 bytes, new threshold 6 (max 6)
- age   1:    1437680 bytes,    1437680 total
- age   2:        872 bytes,    1438552 total
- age   3:       1080 bytes,    1439632 total
- age   4:       3624 bytes,    1443256 total
- age   5:       4816 bytes,    1448072 total
- age   6:       3824 bytes,    1451896 total
: 657015K->1841K(737280K), 0.0068560 secs] 1653784K->998619K(1761280K), 0.0069940 secs] [Times: user=0.04 sys=0.00, real=0.01 secs] 
989.736: [GC989.736: [ParNew
Desired survivor size 41943040 bytes, new threshold 6 (max 6)
- age   1:    1296128 bytes,    1296128 total
- age   2:      15928 bytes,    1312056 total
- age   3:        632 bytes,    1312688 total
- age   4:        984 bytes,    1313672 total
- age   5:       3304 bytes,    1316976 total
- age   6:       4672 bytes,    1321648 total
: 657201K->2020K(737280K), 0.0068350 secs] 1653979K->998801K(1761280K), 0.0069810 secs] [Times: user=0.05 sys=0.00, real=0.01 secs] 
989.838: [CMS-concurrent-mark: 7.950/8.253 secs] [Times: user=61.55 sys=1.23, real=8.25 secs] 
989.838: [CMS-concurrent-preclean-start]
989.856: [CMS-concurrent-preclean: 0.016/0.017 secs] [Times: user=0.14 sys=0.00, real=0.01 secs] 
989.856: [CMS-concurrent-abortable-preclean-start]
989.989: [GC989.989: [ParNew
Desired survivor size 41943040 bytes, new threshold 6 (max 6)
- age   1:    1184064 bytes,    1184064 total
- age   2:       4264 bytes,    1188328 total
- age   3:      15832 bytes,    1204160 total
- age   4:        512 bytes,    1204672 total
- age   5:        984 bytes,    1205656 total
- age   6:       3304 bytes,    1208960 total
: 657380K->1630K(737280K), 0.0066890 secs] 1654161K->998417K(1761280K), 0.0068310 secs] [Times: user=0.05 sys=0.00, real=0.00 secs] 
990.117: [CMS-concurrent-abortable-preclean: 0.252/0.262 secs] [Times: user=1.93 sys=0.04, real=0.27 secs] 
990.119: [GC[YG occupancy: 368258 K (737280 K)]990.119: [Rescan (parallel) , 0.1473530 secs]990.267: [weak refs processing, 0.0000280 secs]990.267: [scrub string table, 0.0010010 secs] [1 CMS-remark: 996786K(1024000K)] 1365045K(1761280K), 0.1485340 secs] [Times: user=1.10 sys=0.01, real=0.15 secs] 
990.268: [CMS-concurrent-sweep-start]
990.426: [GC990.426: [ParNew
Desired survivor size 41943040 bytes, new threshold 6 (max 6)
- age   1:    1027176 bytes,    1027176 total
- age   2:       1704 bytes,    1028880 total
- age   3:       4232 bytes,    1033112 total
- age   4:      15808 bytes,    1048920 total
- age   5:        512 bytes,    1049432 total
- age   6:        984 bytes,    1050416 total
: 656990K->1817K(737280K), 0.0061960 secs] 1653777K->998607K(1761280K), 0.0063150 secs] [Times: user=0.04 sys=0.00, real=0.00 secs] 
990.667: [GC990.667: [ParNew
Desired survivor size 41943040 bytes, new threshold 6 (max 6)
- age   1:    1338520 bytes,    1338520 total
- age   2:       8720 bytes,    1347240 total
- age   3:       1704 bytes,    1348944 total
- age   4:       4232 bytes,    1353176 total
- age   5:      15808 bytes,    1368984 total
- age   6:        512 bytes,    1369496 total
: 657177K->1805K(737280K), 0.0070730 secs] 1653966K->998595K(1761280K), 0.0072470 secs] [Times: user=0.04 sys=0.01, real=0.00 secs] 
990.930: [GC990.930: [ParNew
Desired survivor size 41943040 bytes, new threshold 6 (max 6)
- age   1:     587096 bytes,     587096 total
- age   2:       2080 bytes,     589176 total
- age   3:       8720 bytes,     597896 total
- age   4:       1704 bytes,     599600 total
- age   5:       4208 bytes,     603808 total
- age   6:      15808 bytes,     619616 total
: 657165K->1321K(737280K), 0.0065490 secs] 1653955K->998113K(1761280K), 0.0067010 secs] [Times: user=0.04 sys=0.00, real=0.01 secs] 
991.162: [GC991.162: [ParNew
Desired survivor size 41943040 bytes, new threshold 6 (max 6)
- age   1:    1351848 bytes,    1351848 total
- age   2:       1040 bytes,    1352888 total
- age   3:       1888 bytes,    1354776 total
- age   4:       8560 bytes,    1363336 total
- age   5:       1656 bytes,    1364992 total
- age   6:       4088 bytes,    1369080 total
: 656681K->1496K(737280K), 0.0068310 secs] 1653473K->998304K(1761280K), 0.0070160 secs] [Times: user=0.05 sys=0.00, real=0.01 secs] 
991.407: [GC991.407: [ParNew
Desired survivor size 41943040 bytes, new threshold 6 (max 6)
- age   1:    1912352 bytes,    1912352 total
- age   2:     284608 bytes,    2196960 total
- age   3:        824 bytes,    2197784 total
- age   4:       1576 bytes,    2199360 total
- age   5:       8440 bytes,    2207800 total
- age   6:       1584 bytes,    2209384 total
: 656856K->2690K(737280K), 0.0071290 secs] 1653664K->999502K(1761280K), 0.0072760 secs] [Times: user=0.05 sys=0.00, real=0.00 secs] 
991.620: [CMS-concurrent-sweep: 1.309/1.352 secs] [Times: user=9.80 sys=0.18, real=1.35 secs] 
991.621: [CMS-concurrent-reset-start]
991.648: [CMS-concurrent-reset: 0.027/0.027 secs] [Times: user=0.21 sys=0.00, real=0.03 secs] 
991.664: [GC991.664: [ParNew
Desired survivor size 41943040 bytes, new threshold 6 (max 6)
- age   1:     751080 bytes,     751080 total
- age   2:       1456 bytes,     752536 total
- age   3:       3920 bytes,     756456 total
- age   4:        800 bytes,     757256 total
- age   5:       1552 bytes,     758808 total
- age   6:       8344 bytes,     767152 total
: 658050K->1901K(737280K), 0.0060010 secs] 1654818K->998670K(1761280K), 0.0061500 secs] [Times: user=0.04 sys=0.01, real=0.01 secs] 
991.672: [GC [1 CMS-initial-mark: 996769K(1024000K)] 1001541K(1761280K), 0.0053590 secs] [Times: user=0.00 sys=0.00, real=0.01 secs] 
991.677: [CMS-concurrent-mark-start]
991.918: [GC991.918: [ParNew
Desired survivor size 41943040 bytes, new threshold 6 (max 6)
- age   1:    2638256 bytes,    2638256 total
- age   2:       1304 bytes,    2639560 total
- age   3:       1288 bytes,    2640848 total
- age   4:       3728 bytes,    2644576 total
- age   5:        776 bytes,    2645352 total
- age   6:       1552 bytes,    2646904 total
: 657261K->2899K(737280K), 0.0077420 secs] 1654030K->999677K(1761280K), 0.0078790 secs] [Times: user=0.05 sys=0.00, real=0.00 secs] 
992.143: [GC992.143: [ParNew
Desired survivor size 41943040 bytes, new threshold 6 (max 6)
- age   1:     983056 bytes,     983056 total
- age   2:       4288 bytes,     987344 total
- age   3:       1184 bytes,     988528 total
- age   4:       1264 bytes,     989792 total
- age   5:       3728 bytes,     993520 total
- age   6:        776 bytes,     994296 total
: 658259K->2104K(737280K), 0.0063260 secs] 1655037K->998884K(1761280K), 0.0064770 secs] [Times: user=0.05 sys=0.00, real=0.01 secs] 
992.376: [GC992.376: [ParNew
Desired survivor size 41943040 bytes, new threshold 6 (max 6)
- age   1:    1893552 bytes,    1893552 total
- age   2:      11008 bytes,    1904560 total
- age   3:       4240 bytes,    1908800 total
- age   4:       1184 bytes,    1909984 total
- age   5:       1264 bytes,    1911248 total
- age   6:       3728 bytes,    1914976 total
: 657464K->2336K(737280K), 0.0086230 secs] 1654244K->999117K(1761280K), 0.0087980 secs] [Times: user=0.04 sys=0.00, real=0.01 secs] 
992.625: [GC992.626: [ParNew
Desired survivor size 41943040 bytes, new threshold 6 (max 6)
- age   1:     824112 bytes,     824112 total
- age   2:        760 bytes,     824872 total
- age   3:      10768 bytes,     835640 total
- age   4:       3904 bytes,     839544 total
- age   5:        944 bytes,     840488 total
- age   6:       1072 bytes,     841560 total
: 657696K->1625K(737280K), 0.0065760 secs] 1654477K->998409K(1761280K), 0.0067230 secs] [Times: user=0.04 sys=0.00, real=0.01 secs] 
992.872: [GC992.872: [ParNew
Desired survivor size 41943040 bytes, new threshold 6 (max 6)
- age   1:     232912 bytes,     232912 total
- age   2:        672 bytes,     233584 total
- age   3:        736 bytes,     234320 total
- age   4:      10672 bytes,     244992 total
- age   5:       3784 bytes,     248776 total
- age   6:        848 bytes,     249624 total
: 656985K->714K(737280K), 0.0116400 secs] 1653769K->997500K(1761280K), 0.0118150 secs] [Times: user=0.05 sys=0.00, real=0.01 secs] 
993.135: [GC993.135: [ParNew
Desired survivor size 41943040 bytes, new threshold 6 (max 6)
- age   1:     840296 bytes,     840296 total
- age   2:       3744 bytes,     844040 total
- age   3:        496 bytes,     844536 total
- age   4:        592 bytes,     845128 total
- age   5:      10624 bytes,     855752 total
- age   6:       3640 bytes,     859392 total
: 656074K->1018K(737280K), 0.0064550 secs] 1652860K->997805K(1761280K), 0.0065910 secs] [Times: user=0.04 sys=0.01, real=0.01 secs] 
993.365: [GC993.365: [ParNew
Desired survivor size 41943040 bytes, new threshold 6 (max 6)
- age   1:    2114736 bytes,    2114736 total
- age   2:       4432 bytes,    2119168 total
- age   3:       3624 bytes,    2122792 total
- age   4:        400 bytes,    2123192 total
- age   5:        280 bytes,    2123472 total
- age   6:      10528 bytes,    2134000 total
: 656378K->2412K(737280K), 0.0070510 secs] 1653165K->999202K(1761280K), 0.0071910 secs] [Times: user=0.04 sys=0.01, real=0.01 secs] 
993.612: [GC993.612: [ParNew
Desired survivor size 41943040 bytes, new threshold 6 (max 6)
- age   1:     302968 bytes,     302968 total
- age   2:       7176 bytes,     310144 total
- age   3:       4400 bytes,     314544 total
- age   4:       3624 bytes,     318168 total
- age   5:        376 bytes,     318544 total
- age   6:        280 bytes,     318824 total
: 657772K->1735K(737280K), 0.0062950 secs] 1654562K->998536K(1761280K), 0.0064540 secs] [Times: user=0.03 sys=0.00, real=0.01 secs] 
993.851: [GC993.851: [ParNew
Desired survivor size 41943040 bytes, new threshold 6 (max 6)
- age   1:     754528 bytes,     754528 total
- age   2:        880 bytes,     755408 total
- age   3:       7056 bytes,     762464 total
- age   4:       4304 bytes,     766768 total
- age   5:       3432 bytes,     770200 total
- age   6:        304 bytes,     770504 total
: 657095K->984K(737280K), 0.0064510 secs] 1653896K->997785K(1761280K), 0.0065860 secs] [Times: user=0.04 sys=0.00, real=0.01 secs] 
994.101: [GC994.101: [ParNew
Desired survivor size 41943040 bytes, new threshold 6 (max 6)
- age   1:    1672864 bytes,    1672864 total
- age   2:       1832 bytes,    1674696 total
- age   3:        856 bytes,    1675552 total
- age   4:       7056 bytes,    1682608 total
- age   5:       4304 bytes,    1686912 total
- age   6:       3432 bytes,    1690344 total
: 656344K->2062K(737280K), 0.0065020 secs] 1653145K->998863K(1761280K), 0.0066360 secs] [Times: user=0.05 sys=0.00, real=0.01 secs] 
994.360: [GC994.360: [ParNew
Desired survivor size 41943040 bytes, new threshold 6 (max 6)
- age   1:     926744 bytes,     926744 total
- age   2:        640 bytes,     927384 total
- age   3:       1472 bytes,     928856 total
- age   4:        712 bytes,     929568 total
- age   5:       7008 bytes,     936576 total
- age   6:       4040 bytes,     940616 total
: 657422K->1586K(737280K), 0.0062640 secs] 1654223K->998391K(1761280K), 0.0063960 secs] [Times: user=0.04 sys=0.00, real=0.01 secs] 
994.592: [GC994.592: [ParNew
Desired survivor size 41943040 bytes, new threshold 6 (max 6)
- age   1:    1584976 bytes,    1584976 total
- age   2:       8376 bytes,    1593352 total
- age   3:        496 bytes,    1593848 total
- age   4:       1376 bytes,    1595224 total
- age   5:        640 bytes,    1595864 total
- age   6:       6960 bytes,    1602824 total
: 656946K->1916K(737280K), 0.0070370 secs] 1653751K->998725K(1761280K), 0.0071870 secs] [Times: user=0.04 sys=0.00, real=0.01 secs] 
994.816: [GC994.816: [ParNew
Desired survivor size 41943040 bytes, new threshold 6 (max 6)
- age   1:    2371144 bytes,    2371144 total
- age   2:        984 bytes,    2372128 total
- age   3:       8376 bytes,    2380504 total
- age   4:        496 bytes,    2381000 total
- age   5:       1352 bytes,    2382352 total
- age   6:        640 bytes,    2382992 total
: 657276K->2865K(737280K), 0.0075290 secs] 1654085K->999681K(1761280K), 0.0077270 secs] [Times: user=0.05 sys=0.00, real=0.01 secs] 
995.063: [GC995.063: [ParNew
Desired survivor size 41943040 bytes, new threshold 6 (max 6)
- age   1:    1606552 bytes,    1606552 total
- age   2:        928 bytes,    1607480 total
- age   3:        984 bytes,    1608464 total
- age   4:       8376 bytes,    1616840 total
- age   5:        496 bytes,    1617336 total
- age   6:       1352 bytes,    1618688 total
: 658225K->2342K(737280K), 0.0071800 secs] 1655041K->999159K(1761280K), 0.0073070 secs] [Times: user=0.05 sys=0.01, real=0.01 secs] 
995.308: [GC995.308: [ParNew
Desired survivor size 41943040 bytes, new threshold 6 (max 6)
- age   1:    1402136 bytes,    1402136 total
- age   2:        824 bytes,    1402960 total
- age   3:        928 bytes,    1403888 total
- age   4:        984 bytes,    1404872 total
- age   5:       8376 bytes,    1413248 total
- age   6:        496 bytes,    1413744 total
: 657702K->2132K(737280K), 0.0067140 secs] 1654519K->998951K(1761280K), 0.0068610 secs] [Times: user=0.04 sys=0.00, real=0.00 secs] 
995.549: [GC995.549: [ParNew
Desired survivor size 41943040 bytes, new threshold 6 (max 6)
- age   1:    1428632 bytes,    1428632 total
- age   2:       1112 bytes,    1429744 total
- age   3:        512 bytes,    1430256 total
- age   4:        424 bytes,    1430680 total
- age   5:        480 bytes,    1431160 total
- age   6:       7632 bytes,    1438792 total
: 657492K->2375K(737280K), 0.0068980 secs] 1654311K->999194K(1761280K), 0.0070220 secs] [Times: user=0.05 sys=0.00, real=0.01 secs] 
995.786: [GC995.786: [ParNew
Desired survivor size 41943040 bytes, new threshold 6 (max 6)
- age   1:     617480 bytes,     617480 total
- age   2:       7928 bytes,     625408 total
- age   3:       1112 bytes,     626520 total
- age   4:        512 bytes,     627032 total
- age   5:        400 bytes,     627432 total
- age   6:        480 bytes,     627912 total
: 657735K->1227K(737280K), 0.0059970 secs] 1654554K->998053K(1761280K), 0.0061720 secs] [Times: user=0.04 sys=0.00, real=0.00 secs] 
996.024: [GC996.024: [ParNew
Desired survivor size 41943040 bytes, new threshold 6 (max 6)
- age   1:    2198592 bytes,    2198592 total
- age   2:       1208 bytes,    2199800 total
- age   3:       7928 bytes,    2207728 total
- age   4:       1112 bytes,    2208840 total
- age   5:        512 bytes,    2209352 total
- age   6:        400 bytes,    2209752 total
: 656587K->2378K(737280K), 0.0073420 secs] 1653413K->999205K(1761280K), 0.0075200 secs] [Times: user=0.05 sys=0.00, real=0.01 secs] 
996.269: [GC996.269: [ParNew
Desired survivor size 41943040 bytes, new threshold 6 (max 6)
- age   1:    1706864 bytes,    1706864 total
- age   2:        760 bytes,    1707624 total
- age   3:       1056 bytes,    1708680 total
- age   4:       7832 bytes,    1716512 total
- age   5:       1088 bytes,    1717600 total
- age   6:        440 bytes,    1718040 total
: 657738K->2381K(737280K), 0.0070710 secs] 1654565K->999208K(1761280K), 0.0072150 secs] [Times: user=0.05 sys=0.00, real=0.01 secs] 
996.492: [GC996.492: [ParNew
Desired survivor size 41943040 bytes, new threshold 6 (max 6)
- age   1:    2205984 bytes,    2205984 total
- age   2:      11608 bytes,    2217592 total
- age   3:        760 bytes,    2218352 total
- age   4:       1056 bytes,    2219408 total
- age   5:       7808 bytes,    2227216 total
- age   6:       1088 bytes,    2228304 total
: 657741K->3171K(737280K), 0.0071700 secs] 1654568K->999998K(1761280K), 0.0073060 secs] [Times: user=0.05 sys=0.00, real=0.01 secs] 
996.730: [GC996.730: [ParNew
Desired survivor size 41943040 bytes, new threshold 6 (max 6)
- age   1:    1996816 bytes,    1996816 total
- age   2:        800 bytes,    1997616 total
- age   3:      11576 bytes,    2009192 total
- age   4:        760 bytes,    2009952 total
- age   5:       1016 bytes,    2010968 total
- age   6:       7808 bytes,    2018776 total
: 658531K->3082K(737280K), 0.0073560 secs] 1655358K->999911K(1761280K), 0.0075450 secs] [Times: user=0.05 sys=0.00, real=0.01 secs] 
996.970: [GC996.971: [ParNew
Desired survivor size 41943040 bytes, new threshold 6 (max 6)
- age   1:    2335376 bytes,    2335376 total
- age   2:       1712 bytes,    2337088 total
- age   3:        800 bytes,    2337888 total
- age   4:      11576 bytes,    2349464 total
- age   5:        760 bytes,    2350224 total
- age   6:        992 bytes,    2351216 total
: 658442K->3486K(737280K), 0.0079240 secs] 1655271K->1000323K(1761280K), 0.0080740 secs] [Times: user=0.06 sys=0.00, real=0.01 secs] 
997.211: [GC997.211: [ParNew
Desired survivor size 41943040 bytes, new threshold 6 (max 6)
- age   1:    1129176 bytes,    1129176 total
- age   2:        784 bytes,    1129960 total
- age   3:       1712 bytes,    1131672 total
- age   4:        800 bytes,    1132472 total
- age   5:      11576 bytes,    1144048 total
- age   6:        760 bytes,    1144808 total
: 658846K->2220K(737280K), 0.0062290 secs] 1655683K->999058K(1761280K), 0.0063970 secs] [Times: user=0.04 sys=0.00, real=0.01 secs] 
997.449: [GC997.449: [ParNew
Desired survivor size 41943040 bytes, new threshold 6 (max 6)
- age   1:     782800 bytes,     782800 total
- age   2:        976 bytes,     783776 total
- age   3:        736 bytes,     784512 total
- age   4:       1616 bytes,     786128 total
- age   5:        680 bytes,     786808 total
- age   6:      11408 bytes,     798216 total
: 657580K->1339K(737280K), 0.0069080 secs] 1654418K->998178K(1761280K), 0.0070440 secs] [Times: user=0.05 sys=0.00, real=0.00 secs] 
997.669: [GC997.669: [ParNew
Desired survivor size 41943040 bytes, new threshold 6 (max 6)
- age   1:    1440072 bytes,    1440072 total
- age   2:       4904 bytes,    1444976 total
- age   3:        688 bytes,    1445664 total
- age   4:        448 bytes,    1446112 total
- age   5:        880 bytes,    1446992 total
- age   6:        440 bytes,    1447432 total
: 656699K->1674K(737280K), 0.0071820 secs] 1653538K->998524K(1761280K), 0.0073250 secs] [Times: user=0.05 sys=0.00, real=0.00 secs] 
997.898: [GC997.898: [ParNew
Desired survivor size 41943040 bytes, new threshold 6 (max 6)
- age   1:    1727416 bytes,    1727416 total
- age   2:      11408 bytes,    1738824 total
- age   3:       4664 bytes,    1743488 total
- age   4:        544 bytes,    1744032 total
- age   5:        304 bytes,    1744336 total
- age   6:        616 bytes,    1744952 total
: 657034K->2239K(737280K), 0.0070870 secs] 1653884K->999089K(1761280K), 0.0072400 secs] [Times: user=0.04 sys=0.00, real=0.00 secs] 
998.141: [GC998.141: [ParNew
Desired survivor size 41943040 bytes, new threshold 6 (max 6)
- age   1:     627032 bytes,     627032 total
- age   2:       4032 bytes,     631064 total
- age   3:      11296 bytes,     642360 total
- age   4:       4616 bytes,     646976 total
- age   5:        376 bytes,     647352 total
- age   6:        256 bytes,     647608 total
: 657599K->1576K(737280K), 0.0060750 secs] 1654449K->998427K(1761280K), 0.0062120 secs] [Times: user=0.04 sys=0.00, real=0.01 secs] 
998.366: [GC998.366: [ParNew
Desired survivor size 41943040 bytes, new threshold 6 (max 6)
- age   1:     618248 bytes,     618248 total
- age   2:        976 bytes,     619224 total
- age   3:       3984 bytes,     623208 total
- age   4:      11248 bytes,     634456 total
- age   5:       4616 bytes,     639072 total
- age   6:        376 bytes,     639448 total
: 656936K->1026K(737280K), 0.0062860 secs] 1653787K->997877K(1761280K), 0.0064200 secs] [Times: user=0.05 sys=0.00, real=0.01 secs] 
998.590: [GC998.590: [ParNew
Desired survivor size 41943040 bytes, new threshold 6 (max 6)
- age   1:     717752 bytes,     717752 total
- age   2:       8520 bytes,     726272 total
- age   3:        944 bytes,     727216 total
- age   4:       3984 bytes,     731200 total
- age   5:      11248 bytes,     742448 total
- age   6:       4592 bytes,     747040 total
: 656386K->1173K(737280K), 0.0063000 secs] 1653237K->998025K(1761280K), 0.0065150 secs] [Times: user=0.05 sys=0.00, real=0.00 secs] 
998.827: [GC998.827: [ParNew
Desired survivor size 41943040 bytes, new threshold 6 (max 6)
- age   1:    1154016 bytes,    1154016 total
- age   2:        584 bytes,    1154600 total
- age   3:       8448 bytes,    1163048 total
- age   4:        848 bytes,    1163896 total
- age   5:       3912 bytes,    1167808 total
- age   6:      11104 bytes,    1178912 total
: 656533K->1407K(737280K), 0.0073900 secs] 1653385K->998263K(1761280K), 0.0075170 secs] [Times: user=0.04 sys=0.00, real=0.00 secs] 
999.066: [GC999.066: [ParNew
Desired survivor size 41943040 bytes, new threshold 6 (max 6)
- age   1:    2108400 bytes,    2108400 total
- age   2:       1776 bytes,    2110176 total
- age   3:        584 bytes,    2110760 total
- age   4:       8448 bytes,    2119208 total
- age   5:        848 bytes,    2120056 total
- age   6:       3912 bytes,    2123968 total
: 656767K->2468K(737280K), 0.0073840 secs] 1653623K->999335K(1761280K), 0.0075270 secs] [Times: user=0.05 sys=0.01, real=0.01 secs] 
999.294: [GC999.294: [ParNew
Desired survivor size 41943040 bytes, new threshold 6 (max 6)
- age   1:    1226352 bytes,    1226352 total
- age   2:        792 bytes,    1227144 total
- age   3:       1728 bytes,    1228872 total
- age   4:        440 bytes,    1229312 total
- age   5:       8304 bytes,    1237616 total
- age   6:        704 bytes,    1238320 total
: 657828K->1815K(737280K), 0.0067160 secs] 1654695K->998686K(1761280K), 0.0068470 secs] [Times: user=0.05 sys=0.00, real=0.01 secs] 
999.514: [GC999.514: [ParNew
Desired survivor size 41943040 bytes, new threshold 6 (max 6)
- age   1:    1048696 bytes,    1048696 total
- age   2:       1320 bytes,    1050016 total
- age   3:        752 bytes,    1050768 total
- age   4:       1728 bytes,    1052496 total
- age   5:        416 bytes,    1052912 total
- age   6:       8304 bytes,    1061216 total
: 657175K->1871K(737280K), 0.0064800 secs] 1654046K->998743K(1761280K), 0.0066340 secs] [Times: user=0.05 sys=0.00, real=0.01 secs] 
999.739: [CMS-concurrent-mark: 7.751/8.061 secs] [Times: user=60.35 sys=1.08, real=8.06 secs] 
999.739: [CMS-concurrent-preclean-start]
999.742: [GC999.742: [ParNew
Desired survivor size 41943040 bytes, new threshold 6 (max 6)
- age   1:     858960 bytes,     858960 total
- age   2:        744 bytes,     859704 total
- age   3:       1176 bytes,     860880 total
- age   4:        608 bytes,     861488 total
- age   5:       1632 bytes,     863120 total
- age   6:        272 bytes,     863392 total
: 657231K->1275K(737280K), 0.0063780 secs] 1654103K->998155K(1761280K), 0.0065340 secs] [Times: user=0.04 sys=0.00, real=0.01 secs] 
999.761: [CMS-concurrent-preclean: 0.013/0.022 secs] [Times: user=0.12 sys=0.00, real=0.02 secs] 
999.761: [CMS-concurrent-abortable-preclean-start]
999.909: [CMS-concurrent-abortable-preclean: 0.042/0.148 secs] [Times: user=1.07 sys=0.03, real=0.15 secs] 
999.942: [GC[YG occupancy: 570860 K (737280 K)]999.942: [Rescan (parallel) , 0.2667260 secs]1000.209: [weak refs processing, 0.0000300 secs]1000.209: [scrub string table, 0.0010000 secs] [1 CMS-remark: 996879K(1024000K)] 1567740K(1761280K), 0.2679100 secs] [Times: user=1.99 sys=0.00, real=0.27 secs] 
1000.210: [CMS-concurrent-sweep-start]
1000.246: [GC1000.246: [ParNew
Desired survivor size 41943040 bytes, new threshold 6 (max 6)
- age   1:    1687256 bytes,    1687256 total
- age   2:        904 bytes,    1688160 total
- age   3:        744 bytes,    1688904 total
- age   4:       1176 bytes,    1690080 total
- age   5:        608 bytes,    1690688 total
- age   6:       1608 bytes,    1692296 total
: 656635K->2240K(737280K), 0.0102880 secs] 1653514K->999119K(1761280K), 0.0104460 secs] [Times: user=0.07 sys=0.00, real=0.01 secs] 
1000.503: [GC1000.503: [ParNew
Desired survivor size 41943040 bytes, new threshold 6 (max 6)
- age   1:    1563344 bytes,    1563344 total
- age   2:        696 bytes,    1564040 total
- age   3:        616 bytes,    1564656 total
- age   4:        384 bytes,    1565040 total
- age   5:        936 bytes,    1565976 total
- age   6:        392 bytes,    1566368 total
: 657600K->2525K(737280K), 0.0069970 secs] 1654479K->999406K(1761280K), 0.0072590 secs] [Times: user=0.04 sys=0.00, real=0.01 secs] 
1000.747: [GC1000.747: [ParNew
Desired survivor size 41943040 bytes, new threshold 6 (max 6)
- age   1:     788128 bytes,     788128 total
- age   2:      15928 bytes,     804056 total
- age   3:        528 bytes,     804584 total
- age   4:        448 bytes,     805032 total
- age   5:        144 bytes,     805176 total
- age   6:        768 bytes,     805944 total
: 657885K->1508K(737280K), 0.0060150 secs] 1654766K->998389K(1761280K), 0.0061590 secs] [Times: user=0.05 sys=0.00, real=0.01 secs] 
1000.982: [GC1000.982: [ParNew
Desired survivor size 41943040 bytes, new threshold 6 (max 6)
- age   1:    1166416 bytes,    1166416 total
- age   2:       4832 bytes,    1171248 total
- age   3:      15928 bytes,    1187176 total
- age   4:        504 bytes,    1187680 total
- age   5:        448 bytes,    1188128 total
- age   6:        144 bytes,    1188272 total
: 656868K->1512K(737280K), 0.0070190 secs] 1653749K->998394K(1761280K), 0.0071510 secs] [Times: user=0.04 sys=0.00, real=0.01 secs] 
1001.220: [GC1001.220: [ParNew
Desired survivor size 41943040 bytes, new threshold 6 (max 6)
- age   1:     884160 bytes,     884160 total
- age   2:       3904 bytes,     888064 total
- age   3:       4808 bytes,     892872 total
- age   4:      15928 bytes,     908800 total
- age   5:        504 bytes,     909304 total
- age   6:        448 bytes,     909752 total
: 656872K->1427K(737280K), 0.0059590 secs] 1653754K->998309K(1761280K), 0.0060950 secs] [Times: user=0.04 sys=0.00, real=0.00 secs] 
1001.459: [GC1001.460: [ParNew
Desired survivor size 41943040 bytes, new threshold 6 (max 6)
- age   1:    1051208 bytes,    1051208 total
- age   2:       1008 bytes,    1052216 total
- age   3:       3688 bytes,    1055904 total
- age   4:       4568 bytes,    1060472 total
- age   5:      15784 bytes,    1076256 total
- age   6:        360 bytes,    1076616 total
: 656787K->1504K(737280K), 0.0064730 secs] 1653669K->998387K(1761280K), 0.0066270 secs] [Times: user=0.04 sys=0.00, real=0.00 secs] 
1001.699: [GC1001.699: [ParNew
Desired survivor size 41943040 bytes, new threshold 6 (max 6)
- age   1:    1866440 bytes,    1866440 total
- age   2:       4648 bytes,    1871088 total
- age   3:        912 bytes,    1872000 total
- age   4:       3640 bytes,    1875640 total
- age   5:       4472 bytes,    1880112 total
- age   6:      15736 bytes,    1895848 total
: 656864K->2295K(737280K), 0.0073700 secs] 1653747K->999178K(1761280K), 0.0075260 secs] [Times: user=0.06 sys=0.00, real=0.00 secs] 
1001.818: [CMS-concurrent-sweep: 1.539/1.607 secs] [Times: user=11.97 sys=0.25, real=1.61 secs] 
1001.818: [CMS-concurrent-reset-start]
1001.875: [CMS-concurrent-reset: 0.057/0.057 secs] [Times: user=0.44 sys=0.01, real=0.05 secs] 
1001.940: [GC1001.940: [ParNew
Desired survivor size 41943040 bytes, new threshold 6 (max 6)
- age   1:     730720 bytes,     730720 total
- age   2:       4632 bytes,     735352 total
- age   3:       4616 bytes,     739968 total
- age   4:        912 bytes,     740880 total
- age   5:       3616 bytes,     744496 total
- age   6:       4472 bytes,     748968 total
: 657655K->1643K(737280K), 0.0063300 secs] 1654493K->998497K(1761280K), 0.0064980 secs] [Times: user=0.05 sys=0.00, real=0.00 secs] 
1001.962: [GC [1 CMS-initial-mark: 996853K(1024000K)] 1047744K(1761280K), 0.0344880 secs] [Times: user=0.03 sys=0.00, real=0.03 secs] 
1001.997: [CMS-concurrent-mark-start]
1002.214: [GC1002.214: [ParNew
Desired survivor size 41943040 bytes, new threshold 6 (max 6)
- age   1:     943536 bytes,     943536 total
- age   2:        904 bytes,     944440 total
- age   3:       4536 bytes,     948976 total
- age   4:       4592 bytes,     953568 total
- age   5:        792 bytes,     954360 total
- age   6:       3616 bytes,     957976 total
: 657003K->1370K(737280K), 0.0068040 secs] 1653857K->998228K(1761280K), 0.0069630 secs] [Times: user=0.05 sys=0.00, real=0.01 secs] 
1002.443: [GC1002.443: [ParNew
Desired survivor size 41943040 bytes, new threshold 6 (max 6)
- age   1:    1700640 bytes,    1700640 total
- age   2:       1408 bytes,    1702048 total
- age   3:        784 bytes,    1702832 total
- age   4:       4512 bytes,    1707344 total
- age   5:       4592 bytes,    1711936 total
- age   6:        792 bytes,    1712728 total
: 656730K->2073K(737280K), 0.0070580 secs] 1653588K->998934K(1761280K), 0.0072080 secs] [Times: user=0.05 sys=0.00, real=0.01 secs] 
1002.690: [GC1002.690: [ParNew
Desired survivor size 41943040 bytes, new threshold 6 (max 6)
- age   1:     959080 bytes,     959080 total
- age   2:       7936 bytes,     967016 total
- age   3:       1408 bytes,     968424 total
- age   4:        784 bytes,     969208 total
- age   5:       4488 bytes,     973696 total
- age   6:       4592 bytes,     978288 total
: 657433K->1472K(737280K), 0.0062590 secs] 1654294K->998335K(1761280K), 0.0063780 secs] [Times: user=0.04 sys=0.00, real=0.00 secs] 
1002.950: [GC1002.950: [ParNew
Desired survivor size 41943040 bytes, new threshold 6 (max 6)
- age   1:    1420352 bytes,    1420352 total
- age   2:        624 bytes,    1420976 total
- age   3:       7936 bytes,    1428912 total
- age   4:       1408 bytes,    1430320 total
- age   5:        760 bytes,    1431080 total
- age   6:       4488 bytes,    1435568 total
: 656832K->1898K(737280K), 0.0069040 secs] 1653695K->998765K(1761280K), 0.0070400 secs] [Times: user=0.05 sys=0.00, real=0.00 secs] 
1003.202: [GC1003.202: [ParNew
Desired survivor size 41943040 bytes, new threshold 6 (max 6)
- age   1:    1746784 bytes,    1746784 total
- age   2:        488 bytes,    1747272 total
- age   3:        216 bytes,    1747488 total
- age   4:       7624 bytes,    1755112 total
- age   5:       1144 bytes,    1756256 total
- age   6:        496 bytes,    1756752 total
: 657258K->2480K(737280K), 0.0070660 secs] 1654125K->999351K(1761280K), 0.0072250 secs] [Times: user=0.05 sys=0.00, real=0.01 secs] 
1003.455: [GC1003.455: [ParNew
Desired survivor size 41943040 bytes, new threshold 6 (max 6)
- age   1:     737752 bytes,     737752 total
- age   2:       9544 bytes,     747296 total
- age   3:        488 bytes,     747784 total
- age   4:        216 bytes,     748000 total
- age   5:       7624 bytes,     755624 total
- age   6:       1144 bytes,     756768 total
: 657840K->1617K(737280K), 0.0060310 secs] 1654711K->998489K(1761280K), 0.0061980 secs] [Times: user=0.04 sys=0.00, real=0.01 secs] 
1003.699: [GC1003.699: [ParNew
Desired survivor size 41943040 bytes, new threshold 6 (max 6)
- age   1:     702776 bytes,     702776 total
- age   2:       1384 bytes,     704160 total
- age   3:       9544 bytes,     713704 total
- age   4:        488 bytes,     714192 total
- age   5:        192 bytes,     714384 total
- age   6:       7624 bytes,     722008 total
: 656977K->1107K(737280K), 0.0063690 secs] 1653849K->997980K(1761280K), 0.0065060 secs] [Times: user=0.04 sys=0.00, real=0.01 secs] 
1003.951: [GC1003.951: [ParNew
Desired survivor size 41943040 bytes, new threshold 6 (max 6)
- age   1:    1451240 bytes,    1451240 total
- age   2:        944 bytes,    1452184 total
- age   3:       1120 bytes,    1453304 total
- age   4:       9400 bytes,    1462704 total
- age   5:        320 bytes,    1463024 total
- age   6:        120 bytes,    1463144 total
: 656467K->1835K(737280K), 0.0070780 secs] 1653340K->998716K(1761280K), 0.0072340 secs] [Times: user=0.03 sys=0.00, real=0.00 secs] 
1004.202: [GC1004.202: [ParNew
Desired survivor size 41943040 bytes, new threshold 6 (max 6)
- age   1:     305840 bytes,     305840 total
- age   2:       5560 bytes,     311400 total
- age   3:        792 bytes,     312192 total
- age   4:       1048 bytes,     313240 total
- age   5:       9208 bytes,     322448 total
- age   6:        320 bytes,     322768 total
: 657195K->1246K(737280K), 0.0060550 secs] 1654076K->998127K(1761280K), 0.0061980 secs] [Times: user=0.04 sys=0.00, real=0.00 secs] 
1004.443: [GC1004.443: [ParNew
Desired survivor size 41943040 bytes, new threshold 6 (max 6)
- age   1:     186576 bytes,     186576 total
- age   2:       4400 bytes,     190976 total
- age   3:       5560 bytes,     196536 total
- age   4:        792 bytes,     197328 total
- age   5:       1048 bytes,     198376 total
- age   6:       9208 bytes,     207584 total
: 656606K->439K(737280K), 0.0059670 secs] 1653487K->997320K(1761280K), 0.0061470 secs] [Times: user=0.04 sys=0.00, real=0.01 secs] 
1004.691: [GC1004.691: [ParNew
Desired survivor size 41943040 bytes, new threshold 6 (max 6)
- age   1:    3116640 bytes,    3116640 total
- age   2:       7952 bytes,    3124592 total
- age   3:       4232 bytes,    3128824 total
- age   4:       5344 bytes,    3134168 total
- age   5:        496 bytes,    3134664 total
- age   6:        952 bytes,    3135616 total
: 655799K->3146K(737280K), 0.0080860 secs] 1652680K->1000037K(1761280K), 0.0083550 secs] [Times: user=0.06 sys=0.00, real=0.01 secs] 
1004.929: [GC1004.929: [ParNew
Desired survivor size 41943040 bytes, new threshold 6 (max 6)
- age   1:    1923088 bytes,    1923088 total
- age   2:       4344 bytes,    1927432 total
- age   3:       7952 bytes,    1935384 total
- age   4:       4232 bytes,    1939616 total
- age   5:       5320 bytes,    1944936 total
- age   6:        496 bytes,    1945432 total
: 658506K->3217K(737280K), 0.0070720 secs] 1655397K->1000109K(1761280K), 0.0072200 secs] [Times: user=0.04 sys=0.00, real=0.01 secs] 
1005.166: [GC1005.166: [ParNew
Desired survivor size 41943040 bytes, new threshold 6 (max 6)
- age   1:    1908528 bytes,    1908528 total
- age   2:        504 bytes,    1909032 total
- age   3:       4296 bytes,    1913328 total
- age   4:       7928 bytes,    1921256 total
- age   5:       4232 bytes,    1925488 total
- age   6:       5248 bytes,    1930736 total
: 658577K->2432K(737280K), 0.0071790 secs] 1655469K->999325K(1761280K), 0.0073120 secs] [Times: user=0.06 sys=0.00, real=0.01 secs] 
1005.409: [GC1005.410: [ParNew
Desired survivor size 41943040 bytes, new threshold 6 (max 6)
- age   1:    1692840 bytes,    1692840 total
- age   2:     527376 bytes,    2220216 total
- age   3:        480 bytes,    2220696 total
- age   4:       4152 bytes,    2224848 total
- age   5:       7808 bytes,    2232656 total
- age   6:       4088 bytes,    2236744 total
: 657792K->3042K(737280K), 0.0071490 secs] 1654685K->999939K(1761280K), 0.0072890 secs] [Times: user=0.05 sys=0.00, real=0.00 secs] 
1005.639: [GC1005.639: [ParNew
Desired survivor size 41943040 bytes, new threshold 6 (max 6)
- age   1:    1503416 bytes,    1503416 total
- age   2:       5568 bytes,    1508984 total
- age   3:        704 bytes,    1509688 total
- age   4:        456 bytes,    1510144 total
- age   5:       4056 bytes,    1514200 total
- age   6:       7784 bytes,    1521984 total
: 658402K->2072K(737280K), 0.0073720 secs] 1655299K->998974K(1761280K), 0.0075080 secs] [Times: user=0.06 sys=0.00, real=0.01 secs] 
1005.894: [GC1005.894: [ParNew
Desired survivor size 41943040 bytes, new threshold 6 (max 6)
- age   1:    1222296 bytes,    1222296 total
- age   2:       3848 bytes,    1226144 total
- age   3:       3968 bytes,    1230112 total
- age   4:        584 bytes,    1230696 total
- age   5:        384 bytes,    1231080 total
- age   6:       4008 bytes,    1235088 total
: 657432K->2245K(737280K), 0.0078410 secs] 1654334K->999154K(1761280K), 0.0079970 secs] [Times: user=0.05 sys=0.00, real=0.01 secs] 
1006.129: [GC1006.129: [ParNew
Desired survivor size 41943040 bytes, new threshold 6 (max 6)
- age   1:    1631096 bytes,    1631096 total
- age   2:        936 bytes,    1632032 total
- age   3:       3800 bytes,    1635832 total
- age   4:       3872 bytes,    1639704 total
- age   5:        416 bytes,    1640120 total
- age   6:        264 bytes,    1640384 total
: 657605K->2151K(737280K), 0.0070540 secs] 1654514K->999064K(1761280K), 0.0071910 secs] [Times: user=0.05 sys=0.00, real=0.00 secs] 
1006.351: [GC1006.351: [ParNew
Desired survivor size 41943040 bytes, new threshold 6 (max 6)
- age   1:    1915896 bytes,    1915896 total
- age   2:        768 bytes,    1916664 total
- age   3:        936 bytes,    1917600 total
- age   4:       3800 bytes,    1921400 total
- age   5:       3872 bytes,    1925272 total
- age   6:        416 bytes,    1925688 total
: 657511K->2656K(737280K), 0.0068160 secs] 1654424K->999570K(1761280K), 0.0070460 secs] [Times: user=0.05 sys=0.00, real=0.00 secs] 
1006.599: [GC1006.599: [ParNew
Desired survivor size 41943040 bytes, new threshold 6 (max 6)
- age   1:     708224 bytes,     708224 total
- age   2:        824 bytes,     709048 total
- age   3:        576 bytes,     709624 total
- age   4:        696 bytes,     710320 total
- age   5:       3680 bytes,     714000 total
- age   6:       3704 bytes,     717704 total
: 658016K->1764K(737280K), 0.0061970 secs] 1654930K->998678K(1761280K), 0.0064760 secs] [Times: user=0.04 sys=0.00, real=0.01 secs] 
1006.852: [GC1006.852: [ParNew
Desired survivor size 41943040 bytes, new threshold 6 (max 6)
- age   1:    1203752 bytes,    1203752 total
- age   2:       8960 bytes,    1212712 total
- age   3:        776 bytes,    1213488 total
- age   4:        408 bytes,    1213896 total
- age   5:        696 bytes,    1214592 total
- age   6:       3680 bytes,    1218272 total
: 657124K->1463K(737280K), 0.0066370 secs] 1654038K->998381K(1761280K), 0.0067680 secs] [Times: user=0.04 sys=0.01, real=0.00 secs] 
1007.108: [GC1007.108: [ParNew
Desired survivor size 41943040 bytes, new threshold 6 (max 6)
- age   1:    1067320 bytes,    1067320 total
- age   2:       4632 bytes,    1071952 total
- age   3:       8960 bytes,    1080912 total
- age   4:        776 bytes,    1081688 total
- age   5:        384 bytes,    1082072 total
- age   6:        696 bytes,    1082768 total
: 656823K->1569K(737280K), 0.0065820 secs] 1653741K->998491K(1761280K), 0.0067100 secs] [Times: user=0.05 sys=0.00, real=0.01 secs] 
1007.353: [GC1007.353: [ParNew
Desired survivor size 41943040 bytes, new threshold 6 (max 6)
- age   1:    1528400 bytes,    1528400 total
- age   2:       1024 bytes,    1529424 total
- age   3:       4248 bytes,    1533672 total
- age   4:       8648 bytes,    1542320 total
- age   5:        584 bytes,    1542904 total
- age   6:        264 bytes,    1543168 total
: 656929K->1845K(737280K), 0.0067570 secs] 1653851K->998768K(1761280K), 0.0069300 secs] [Times: user=0.04 sys=0.00, real=0.01 secs] 
1007.569: [GC1007.569: [ParNew
Desired survivor size 41943040 bytes, new threshold 6 (max 6)
- age   1:    2120712 bytes,    2120712 total
- age   2:       1136 bytes,    2121848 total
- age   3:        856 bytes,    2122704 total
- age   4:       4176 bytes,    2126880 total
- age   5:       8536 bytes,    2135416 total
- age   6:        584 bytes,    2136000 total
: 657205K->2613K(737280K), 0.0074680 secs] 1654128K->999536K(1761280K), 0.0075960 secs] [Times: user=0.05 sys=0.00, real=0.00 secs] 
1007.788: [GC1007.788: [ParNew
Desired survivor size 41943040 bytes, new threshold 6 (max 6)
- age   1:    1083464 bytes,    1083464 total
- age   2:       1272 bytes,    1084736 total
- age   3:       1136 bytes,    1085872 total
- age   4:        856 bytes,    1086728 total
- age   5:       4176 bytes,    1090904 total
- age   6:       8496 bytes,    1099400 total
: 657973K->1913K(737280K), 0.0063840 secs] 1654896K->998836K(1761280K), 0.0065260 secs] [Times: user=0.05 sys=0.00, real=0.01 secs] 
1008.048: [GC1008.048: [ParNew
Desired survivor size 41943040 bytes, new threshold 6 (max 6)
- age   1:    1692200 bytes,    1692200 total
- age   2:       4680 bytes,    1696880 total
- age   3:       1200 bytes,    1698080 total
- age   4:       1112 bytes,    1699192 total
- age   5:        688 bytes,    1699880 total
- age   6:       4080 bytes,    1703960 total
: 657273K->2092K(737280K), 0.0070380 secs] 1654196K->999023K(1761280K), 0.0071750 secs] [Times: user=0.05 sys=0.00, real=0.01 secs] 
1008.305: [GC1008.306: [ParNew
Desired survivor size 41943040 bytes, new threshold 6 (max 6)
- age   1:     311456 bytes,     311456 total
- age   2:       4304 bytes,     315760 total
- age   3:       4624 bytes,     320384 total
- age   4:       1056 bytes,     321440 total
- age   5:       1016 bytes,     322456 total
- age   6:        688 bytes,     323144 total
: 657452K->1468K(737280K), 0.0061830 secs] 1654383K->998404K(1761280K), 0.0063910 secs] [Times: user=0.05 sys=0.00, real=0.01 secs] 
1008.541: [GC1008.541: [ParNew
Desired survivor size 41943040 bytes, new threshold 6 (max 6)
- age   1:     684696 bytes,     684696 total
- age   2:       5112 bytes,     689808 total
- age   3:       4208 bytes,     694016 total
- age   4:       4552 bytes,     698568 total
- age   5:        944 bytes,     699512 total
- age   6:        920 bytes,     700432 total
: 656828K->947K(737280K), 0.0068040 secs] 1653764K->997884K(1761280K), 0.0069590 secs] [Times: user=0.04 sys=0.00, real=0.00 secs] 
1008.711: [CMS-concurrent-mark: 6.460/6.714 secs] [Times: user=50.27 sys=0.91, real=6.72 secs] 
1008.711: [CMS-concurrent-preclean-start]
1008.724: [CMS-concurrent-preclean: 0.012/0.013 secs] [Times: user=0.10 sys=0.00, real=0.01 secs] 
1008.724: [CMS-concurrent-abortable-preclean-start]
1008.778: [GC1008.778: [ParNew
Desired survivor size 41943040 bytes, new threshold 6 (max 6)
- age   1:    1972064 bytes,    1972064 total
- age   2:      11704 bytes,    1983768 total
- age   3:       5080 bytes,    1988848 total
- age   4:       4208 bytes,    1993056 total
- age   5:       4552 bytes,    1997608 total
- age   6:        920 bytes,    1998528 total
: 656307K->2107K(737280K), 0.0074930 secs] 1653244K->999045K(1761280K), 0.0076960 secs] [Times: user=0.05 sys=0.00, real=0.01 secs] 
1008.948: [CMS-concurrent-abortable-preclean: 0.111/0.223 secs] [Times: user=1.63 sys=0.03, real=0.22 secs] 
1008.970: [GC[YG occupancy: 513472 K (737280 K)]1008.970: [Rescan (parallel) , 0.2302750 secs]1009.201: [weak refs processing, 0.0000310 secs]1009.201: [scrub string table, 0.0010430 secs] [1 CMS-remark: 996937K(1024000K)] 1510410K(1761280K), 0.2315000 secs] [Times: user=1.71 sys=0.00, real=0.23 secs] 
1009.202: [CMS-concurrent-sweep-start]
1009.263: [GC1009.263: [ParNew
Desired survivor size 41943040 bytes, new threshold 6 (max 6)
- age   1:    1300872 bytes,    1300872 total
- age   2:       1696 bytes,    1302568 total
- age   3:      11568 bytes,    1314136 total
- age   4:       4984 bytes,    1319120 total
- age   5:       4040 bytes,    1323160 total
- age   6:       4552 bytes,    1327712 total
: 657467K->1822K(737280K), 0.0066480 secs] 1654404K->998760K(1761280K), 0.0068080 secs] [Times: user=0.04 sys=0.00, real=0.01 secs] 
1009.518: [GC1009.518: [ParNew
Desired survivor size 41943040 bytes, new threshold 6 (max 6)
- age   1:     965240 bytes,     965240 total
- age   2:       1600 bytes,     966840 total
- age   3:       1696 bytes,     968536 total
- age   4:      11568 bytes,     980104 total
- age   5:       4984 bytes,     985088 total
- age   6:       4040 bytes,     989128 total
: 657182K->1894K(737280K), 0.0066880 secs] 1654120K->998836K(1761280K), 0.0068290 secs] [Times: user=0.05 sys=0.01, real=0.01 secs] 
1009.763: [GC1009.763: [ParNew
Desired survivor size 41943040 bytes, new threshold 6 (max 6)
- age   1:    1886456 bytes,    1886456 total
- age   2:        800 bytes,    1887256 total
- age   3:       1480 bytes,    1888736 total
- age   4:       1576 bytes,    1890312 total
- age   5:      11472 bytes,    1901784 total
- age   6:       4912 bytes,    1906696 total
: 657254K->2208K(737280K), 0.0073030 secs] 1654196K->999154K(1761280K), 0.0074330 secs] [Times: user=0.05 sys=0.00, real=0.01 secs] 
1010.016: [GC1010.016: [ParNew
Desired survivor size 41943040 bytes, new threshold 6 (max 6)
- age   1:    1268496 bytes,    1268496 total
- age   2:        888 bytes,    1269384 total
- age   3:        680 bytes,    1270064 total
- age   4:       1240 bytes,    1271304 total
- age   5:       1480 bytes,    1272784 total
- age   6:      11328 bytes,    1284112 total
: 657568K->1966K(737280K), 0.0064540 secs] 1654514K->998918K(1761280K), 0.0065840 secs] [Times: user=0.04 sys=0.00, real=0.01 secs] 
1010.260: [GC1010.260: [ParNew
Desired survivor size 41943040 bytes, new threshold 6 (max 6)
- age   1:    1081920 bytes,    1081920 total
- age   2:       3704 bytes,    1085624 total
- age   3:        672 bytes,    1086296 total
- age   4:        584 bytes,    1086880 total
- age   5:       1144 bytes,    1088024 total
- age   6:       1360 bytes,    1089384 total
: 657326K->1500K(737280K), 0.0070600 secs] 1654278K->998463K(1761280K), 0.0072110 secs] [Times: user=0.04 sys=0.00, real=0.01 secs] 
1010.420: [CMS-concurrent-sweep: 1.173/1.217 secs] [Times: user=8.76 sys=0.20, real=1.22 secs] 
1010.420: [CMS-concurrent-reset-start]
1010.532: [GC1010.532: [ParNew
Desired survivor size 41943040 bytes, new threshold 6 (max 6)
- age   1:    2770000 bytes,    2770000 total
- age   2:       1808 bytes,    2771808 total
- age   3:       3608 bytes,    2775416 total
- age   4:        576 bytes,    2775992 total
- age   5:        416 bytes,    2776408 total
- age   6:        976 bytes,    2777384 total
: 656860K->3252K(737280K), 0.0077040 secs] 1653767K->1000160K(1761280K), 0.0078420 secs] [Times: user=0.05 sys=0.00, real=0.01 secs] 
1010.543: [CMS-concurrent-reset: 0.113/0.123 secs] [Times: user=0.91 sys=0.02, real=0.12 secs] 
1010.752: [GC1010.752: [ParNew
Desired survivor size 41943040 bytes, new threshold 6 (max 6)
- age   1:    2917792 bytes,    2917792 total
- age   2:    1465160 bytes,    4382952 total
- age   3:       1712 bytes,    4384664 total
- age   4:       3488 bytes,    4388152 total
- age   5:        504 bytes,    4388656 total
- age   6:        368 bytes,    4389024 total
: 658612K->5792K(737280K), 0.0087090 secs] 1655520K->1002701K(1761280K), 0.0088870 secs] [Times: user=0.05 sys=0.01, real=0.01 secs] 
1010.780: [GC [1 CMS-initial-mark: 996908K(1024000K)] 1064154K(1761280K), 0.0526330 secs] [Times: user=0.05 sys=0.00, real=0.06 secs] 
1010.833: [CMS-concurrent-mark-start]
1011.132: [GC1011.132: [ParNew
Desired survivor size 41943040 bytes, new threshold 6 (max 6)
- age   1:    1975216 bytes,    1975216 total
- age   2:     334736 bytes,    2309952 total
- age   3:    1464872 bytes,    3774824 total
- age   4:       1256 bytes,    3776080 total
- age   5:       3392 bytes,    3779472 total
- age   6:        144 bytes,    3779616 total
: 661152K->6165K(737280K), 0.0330140 secs] 1658061K->1003074K(1761280K), 0.0331670 secs] [Times: user=0.06 sys=0.00, real=0.03 secs] 
1011.425: [GC1011.425: [ParNew
Desired survivor size 41943040 bytes, new threshold 6 (max 6)
- age   1:     910520 bytes,     910520 total
- age   2:     396960 bytes,    1307480 total
- age   3:     334544 bytes,    1642024 total
- age   4:    1464776 bytes,    3106800 total
- age   5:       1136 bytes,    3107936 total
- age   6:       3320 bytes,    3111256 total
: 661525K->4082K(737280K), 0.0076840 secs] 1658434K->1000991K(1761280K), 0.0078380 secs] [Times: user=0.06 sys=0.00, real=0.01 secs] 
1011.673: [GC1011.673: [ParNew
Desired survivor size 41943040 bytes, new threshold 6 (max 6)
- age   1:    1336568 bytes,    1336568 total
- age   2:     438392 bytes,    1774960 total
- age   3:     396960 bytes,    2171920 total
- age   4:     334520 bytes,    2506440 total
- age   5:    1464776 bytes,    3971216 total
- age   6:       1136 bytes,    3972352 total
: 659442K->5008K(737280K), 0.0081170 secs] 1656351K->1001921K(1761280K), 0.0082600 secs] [Times: user=0.06 sys=0.00, real=0.01 secs] 
1011.924: [GC1011.924: [ParNew
Desired survivor size 41943040 bytes, new threshold 6 (max 6)
- age   1:    1418120 bytes,    1418120 total
- age   2:       1016 bytes,    1419136 total
- age   3:       4296 bytes,    1423432 total
- age   4:       3744 bytes,    1427176 total
- age   5:        440 bytes,    1427616 total
- age   6:       9688 bytes,    1437304 total
: 660368K->3625K(737280K), 0.0067770 secs] 1657281K->1000539K(1761280K), 0.0069000 secs] [Times: user=0.04 sys=0.00, real=0.01 secs] 
1012.162: [GC1012.162: [ParNew
Desired survivor size 41943040 bytes, new threshold 6 (max 6)
- age   1:     987112 bytes,     987112 total
- age   2:        816 bytes,     987928 total
- age   3:        872 bytes,     988800 total
- age   4:       4128 bytes,     992928 total
- age   5:       3648 bytes,     996576 total
- age   6:        368 bytes,     996944 total
: 658985K->1728K(737280K), 0.0063900 secs] 1655899K->998652K(1761280K), 0.0065520 secs] [Times: user=0.04 sys=0.00, real=0.00 secs] 
1012.411: [GC1012.411: [ParNew
Desired survivor size 41943040 bytes, new threshold 6 (max 6)
- age   1:    1939064 bytes,    1939064 total
- age   2:     532184 bytes,    2471248 total
- age   3:        672 bytes,    2471920 total
- age   4:        752 bytes,    2472672 total
- age   5:       3960 bytes,    2476632 total
- age   6:       3624 bytes,    2480256 total
: 657088K->2717K(737280K), 0.0074350 secs] 1654012K->999641K(1761280K), 0.0076450 secs] [Times: user=0.05 sys=0.00, real=0.00 secs] 
1012.653: [GC1012.653: [ParNew
Desired survivor size 41943040 bytes, new threshold 6 (max 6)
- age   1:    1382880 bytes,    1382880 total
- age   2:       1560 bytes,    1384440 total
- age   3:       3968 bytes,    1388408 total
- age   4:        552 bytes,    1388960 total
- age   5:        584 bytes,    1389544 total
- age   6:       3864 bytes,    1393408 total
: 658077K->2234K(737280K), 0.0070000 secs] 1655001K->999162K(1761280K), 0.0071890 secs] [Times: user=0.05 sys=0.00, real=0.01 secs] 
1012.924: [GC1012.924: [ParNew
Desired survivor size 41943040 bytes, new threshold 6 (max 6)
- age   1:    1095544 bytes,    1095544 total
- age   2:      12496 bytes,    1108040 total
- age   3:       1560 bytes,    1109600 total
- age   4:       3968 bytes,    1113568 total
- age   5:        552 bytes,    1114120 total
- age   6:        584 bytes,    1114704 total
: 657594K->1896K(737280K), 0.0066410 secs] 1654522K->998828K(1761280K), 0.0067840 secs] [Times: user=0.05 sys=0.00, real=0.01 secs] 
1013.172: [GC1013.172: [ParNew
Desired survivor size 41943040 bytes, new threshold 6 (max 6)
- age   1:    1230472 bytes,    1230472 total
- age   2:        896 bytes,    1231368 total
- age   3:      12400 bytes,    1243768 total
- age   4:       1512 bytes,    1245280 total
- age   5:       3920 bytes,    1249200 total
- age   6:        552 bytes,    1249752 total
: 657256K->1575K(737280K), 0.0074030 secs] 1654188K->998507K(1761280K), 0.0075990 secs] [Times: user=0.03 sys=0.00, real=0.00 secs] 
1013.427: [GC1013.427: [ParNew
Desired survivor size 41943040 bytes, new threshold 6 (max 6)
- age   1:     739848 bytes,     739848 total
- age   2:       4472 bytes,     744320 total
- age   3:        728 bytes,     745048 total
- age   4:      12280 bytes,     757328 total
- age   5:       1440 bytes,     758768 total
- age   6:       3920 bytes,     762688 total
: 656935K->1251K(737280K), 0.0062910 secs] 1653867K->998184K(1761280K), 0.0064290 secs] [Times: user=0.03 sys=0.00, real=0.01 secs] 
1013.684: [GC1013.684: [ParNew
Desired survivor size 41943040 bytes, new threshold 6 (max 6)
- age   1:     830112 bytes,     830112 total
- age   2:       7272 bytes,     837384 total
- age   3:       4424 bytes,     841808 total
- age   4:        728 bytes,     842536 total
- age   5:      12256 bytes,     854792 total
- age   6:       1440 bytes,     856232 total
: 656611K->1114K(737280K), 0.0064250 secs] 1653544K->998051K(1761280K), 0.0065550 secs] [Times: user=0.04 sys=0.00, real=0.01 secs] 
1013.939: [GC1013.940: [ParNew
Desired survivor size 41943040 bytes, new threshold 6 (max 6)
- age   1:    2078088 bytes,    2078088 total
- age   2:       5080 bytes,    2083168 total
- age   3:       7072 bytes,    2090240 total
- age   4:       4352 bytes,    2094592 total
- age   5:        656 bytes,    2095248 total
- age   6:      12232 bytes,    2107480 total
: 656474K->2586K(737280K), 0.0072230 secs] 1653411K->999524K(1761280K), 0.0073730 secs] [Times: user=0.05 sys=0.00, real=0.01 secs] 
1014.168: [GC1014.168: [ParNew
Desired survivor size 41943040 bytes, new threshold 6 (max 6)
- age   1:    1480136 bytes,    1480136 total
- age   2:       7384 bytes,    1487520 total
- age   3:       5032 bytes,    1492552 total
- age   4:       6952 bytes,    1499504 total
- age   5:       4160 bytes,    1503664 total
- age   6:        560 bytes,    1504224 total
: 657946K->2385K(737280K), 0.0067320 secs] 1654884K->999336K(1761280K), 0.0069880 secs] [Times: user=0.04 sys=0.00, real=0.01 secs] 
1014.407: [GC1014.407: [ParNew
Desired survivor size 41943040 bytes, new threshold 6 (max 6)
- age   1:    1774216 bytes,    1774216 total
- age   2:        976 bytes,    1775192 total
- age   3:       7192 bytes,    1782384 total
- age   4:       4816 bytes,    1787200 total
- age   5:       6832 bytes,    1794032 total
- age   6:       4016 bytes,    1798048 total
: 657745K->2687K(737280K), 0.0067480 secs] 1654696K->999638K(1761280K), 0.0068710 secs] [Times: user=0.05 sys=0.00, real=0.01 secs] 
1014.643: [GC1014.643: [ParNew
Desired survivor size 41943040 bytes, new threshold 6 (max 6)
- age   1:    1273224 bytes,    1273224 total
- age   2:        784 bytes,    1274008 total
- age   3:        688 bytes,    1274696 total
- age   4:       6904 bytes,    1281600 total
- age   5:       4528 bytes,    1286128 total
- age   6:       6592 bytes,    1292720 total
: 658047K->1913K(737280K), 0.0066400 secs] 1654998K->998868K(1761280K), 0.0067800 secs] [Times: user=0.04 sys=0.00, real=0.01 secs] 
1014.884: [GC1014.884: [ParNew
Desired survivor size 41943040 bytes, new threshold 6 (max 6)
- age   1:    1487800 bytes,    1487800 total
- age   2:       8016 bytes,    1495816 total
- age   3:        496 bytes,    1496312 total
- age   4:        592 bytes,    1496904 total
- age   5:       6880 bytes,    1503784 total
- age   6:       4528 bytes,    1508312 total
: 657273K->2401K(737280K), 0.0151730 secs] 1654228K->999362K(1761280K), 0.0153460 secs] [Times: user=0.06 sys=0.01, real=0.01 secs] 
1015.117: [GC1015.117: [ParNew
Desired survivor size 41943040 bytes, new threshold 6 (max 6)
- age   1:    1604480 bytes,    1604480 total
- age   2:       4240 bytes,    1608720 total
- age   3:       7944 bytes,    1616664 total
- age   4:        496 bytes,    1617160 total
- age   5:        568 bytes,    1617728 total
- age   6:       6880 bytes,    1624608 total
: 657761K->2171K(737280K), 0.0072600 secs] 1654722K->999138K(1761280K), 0.0074040 secs] [Times: user=0.04 sys=0.01, real=0.01 secs] 
1015.343: [GC1015.343: [ParNew
Desired survivor size 41943040 bytes, new threshold 6 (max 6)
- age   1:    2689864 bytes,    2689864 total
- age   2:       3976 bytes,    2693840 total
- age   3:       4240 bytes,    2698080 total
- age   4:       7944 bytes,    2706024 total
- age   5:        496 bytes,    2706520 total
- age   6:        568 bytes,    2707088 total
: 657531K->3491K(737280K), 0.0076220 secs] 1654498K->1000465K(1761280K), 0.0077750 secs] [Times: user=0.05 sys=0.00, real=0.01 secs] 
1015.587: [GC1015.587: [ParNew
Desired survivor size 41943040 bytes, new threshold 6 (max 6)
- age   1:    2079024 bytes,    2079024 total
- age   2:    1162320 bytes,    3241344 total
- age   3:       3976 bytes,    3245320 total
- age   4:       4240 bytes,    3249560 total
- age   5:       7944 bytes,    3257504 total
- age   6:        496 bytes,    3258000 total
: 658851K->4445K(737280K), 0.0083250 secs] 1655825K->1001419K(1761280K), 0.0085260 secs] [Times: user=0.06 sys=0.00, real=0.01 secs] 
1015.814: [GC1015.814: [ParNew
Desired survivor size 41943040 bytes, new threshold 6 (max 6)
- age   1:    1391272 bytes,    1391272 total
- age   2:    1321000 bytes,    2712272 total
- age   3:    1162272 bytes,    3874544 total
- age   4:       3952 bytes,    3878496 total
- age   5:       4168 bytes,    3882664 total
- age   6:       7920 bytes,    3890584 total
: 659805K->5213K(737280K), 0.0080940 secs] 1656779K->1002188K(1761280K), 0.0082520 secs] [Times: user=0.05 sys=0.00, real=0.01 secs] 
1016.059: [GC1016.059: [ParNew
Desired survivor size 41943040 bytes, new threshold 6 (max 6)
- age   1:     801664 bytes,     801664 total
- age   2:       3648 bytes,     805312 total
- age   3:        752 bytes,     806064 total
- age   4:        720 bytes,     806784 total
- age   5:       3808 bytes,     810592 total
- age   6:       4096 bytes,     814688 total
: 660573K->3594K(737280K), 0.0064540 secs] 1657548K->1000576K(1761280K), 0.0066530 secs] [Times: user=0.04 sys=0.00, real=0.01 secs] 
1016.289: [GC1016.289: [ParNew
Desired survivor size 41943040 bytes, new threshold 6 (max 6)
- age   1:    1176616 bytes,    1176616 total
- age   2:       3896 bytes,    1180512 total
- age   3:       3552 bytes,    1184064 total
- age   4:        704 bytes,    1184768 total
- age   5:        624 bytes,    1185392 total
- age   6:       3592 bytes,    1188984 total
: 658954K->1783K(737280K), 0.0066730 secs] 1655936K->998769K(1761280K), 0.0068380 secs] [Times: user=0.05 sys=0.00, real=0.01 secs] 
1016.507: [GC1016.507: [ParNew
Desired survivor size 41943040 bytes, new threshold 6 (max 6)
- age   1:     756288 bytes,     756288 total
- age   2:       1304 bytes,     757592 total
- age   3:       3800 bytes,     761392 total
- age   4:        928 bytes,     762320 total
- age   5:        704 bytes,     763024 total
- age   6:        624 bytes,     763648 total
: 657143K->1431K(737280K), 0.0062200 secs] 1654129K->998421K(1761280K), 0.0063650 secs] [Times: user=0.04 sys=0.00, real=0.01 secs] 
1016.737: [GC1016.737: [ParNew
Desired survivor size 41943040 bytes, new threshold 6 (max 6)
- age   1:    1842264 bytes,    1842264 total
- age   2:       4064 bytes,    1846328 total
- age   3:       1304 bytes,    1847632 total
- age   4:       3800 bytes,    1851432 total
- age   5:        904 bytes,    1852336 total
- age   6:        672 bytes,    1853008 total
: 656791K->2122K(737280K), 0.0070800 secs] 1653781K->999113K(1761280K), 0.0072220 secs] [Times: user=0.04 sys=0.00, real=0.01 secs] 
1016.979: [GC1016.979: [ParNew
Desired survivor size 41943040 bytes, new threshold 6 (max 6)
- age   1:    1454040 bytes,    1454040 total
- age   2:       8104 bytes,    1462144 total
- age   3:       3800 bytes,    1465944 total
- age   4:       1088 bytes,    1467032 total
- age   5:       3632 bytes,    1470664 total
- age   6:        568 bytes,    1471232 total
: 657482K->2248K(737280K), 0.0068910 secs] 1654473K->999239K(1761280K), 0.0070410 secs] [Times: user=0.05 sys=0.00, real=0.01 secs] 
1017.243: [GC1017.243: [ParNew
Desired survivor size 41943040 bytes, new threshold 6 (max 6)
- age   1:    1439072 bytes,    1439072 total
- age   2:        704 bytes,    1439776 total
- age   3:       8056 bytes,    1447832 total
- age   4:       3800 bytes,    1451632 total
- age   5:       1016 bytes,    1452648 total
- age   6:       3608 bytes,    1456256 total
: 657608K->2178K(737280K), 0.0064400 secs] 1654599K->999170K(1761280K), 0.0066050 secs] [Times: user=0.05 sys=0.00, real=0.00 secs] 
1017.473: [GC1017.473: [ParNew
Desired survivor size 41943040 bytes, new threshold 6 (max 6)
- age   1:    1165344 bytes,    1165344 total
- age   2:        992 bytes,    1166336 total
- age   3:        704 bytes,    1167040 total
- age   4:       8056 bytes,    1175096 total
- age   5:       3800 bytes,    1178896 total
- age   6:       1016 bytes,    1179912 total
: 657538K->1965K(737280K), 0.0063700 secs] 1654530K->998961K(1761280K), 0.0065320 secs] [Times: user=0.04 sys=0.00, real=0.00 secs] 
1017.711: [GC1017.711: [ParNew
Desired survivor size 41943040 bytes, new threshold 6 (max 6)
- age   1:     881960 bytes,     881960 total
- age   2:       1008 bytes,     882968 total
- age   3:        752 bytes,     883720 total
- age   4:        512 bytes,     884232 total
- age   5:       7744 bytes,     891976 total
- age   6:       3632 bytes,     895608 total
: 657325K->1381K(737280K), 0.0067220 secs] 1654321K->998378K(1761280K), 0.0068660 secs] [Times: user=0.05 sys=0.00, real=0.00 secs] 
1017.942: [GC1017.942: [ParNew
Desired survivor size 41943040 bytes, new threshold 6 (max 6)
- age   1:    2155848 bytes,    2155848 total
- age   2:       1280 bytes,    2157128 total
- age   3:       1008 bytes,    2158136 total
- age   4:        752 bytes,    2158888 total
- age   5:        512 bytes,    2159400 total
- age   6:       7744 bytes,    2167144 total
: 656741K->2453K(737280K), 0.0070240 secs] 1653738K->999454K(1761280K), 0.0071660 secs] [Times: user=0.05 sys=0.00, real=0.00 secs] 
1018.169: [GC1018.170: [ParNew
Desired survivor size 41943040 bytes, new threshold 6 (max 6)
- age   1:    1924880 bytes,    1924880 total
- age   2:        872 bytes,    1925752 total
- age   3:       1280 bytes,    1927032 total
- age   4:       1008 bytes,    1928040 total
- age   5:        728 bytes,    1928768 total
- age   6:        512 bytes,    1929280 total
: 657813K->2926K(737280K), 0.0071590 secs] 1654814K->999934K(1761280K), 0.0072950 secs] [Times: user=0.05 sys=0.00, real=0.01 secs] 
1018.261: [CMS-concurrent-mark: 7.114/7.428 secs] [Times: user=54.79 sys=1.05, real=7.43 secs] 
1018.261: [CMS-concurrent-preclean-start]
1018.275: [CMS-concurrent-preclean: 0.013/0.014 secs] [Times: user=0.11 sys=0.00, real=0.01 secs] 
1018.275: [CMS-concurrent-abortable-preclean-start]
1018.395: [GC1018.395: [ParNew
Desired survivor size 41943040 bytes, new threshold 6 (max 6)
- age   1:    1604424 bytes,    1604424 total
- age   2:       1176 bytes,    1605600 total
- age   3:        776 bytes,    1606376 total
- age   4:       1160 bytes,    1607536 total
- age   5:        888 bytes,    1608424 total
- age   6:        584 bytes,    1609008 total
: 658286K->2329K(737280K), 0.0071820 secs] 1655294K->999337K(1761280K), 0.0073370 secs] [Times: user=0.05 sys=0.00, real=0.01 secs] 
1018.536: [CMS-concurrent-abortable-preclean: 0.251/0.261 secs] [Times: user=1.94 sys=0.03, real=0.26 secs] 
1018.537: [GC[YG occupancy: 382490 K (737280 K)]1018.537: [Rescan (parallel) , 0.0709860 secs]1018.608: [weak refs processing, 0.0000300 secs]1018.609: [scrub string table, 0.0010450 secs] [1 CMS-remark: 997008K(1024000K)] 1379499K(1761280K), 0.0721900 secs] [Times: user=0.54 sys=0.00, real=0.07 secs] 
1018.610: [CMS-concurrent-sweep-start]
1018.727: [GC1018.727: [ParNew
Desired survivor size 41943040 bytes, new threshold 6 (max 6)
- age   1:     551800 bytes,     551800 total
- age   2:       1296 bytes,     553096 total
- age   3:       1056 bytes,     554152 total
- age   4:        704 bytes,     554856 total
- age   5:       1064 bytes,     555920 total
- age   6:        816 bytes,     556736 total
: 657689K->1644K(737280K), 0.0062630 secs] 1654697K->998653K(1761280K), 0.0064160 secs] [Times: user=0.03 sys=0.00, real=0.01 secs] 
1018.962: [GC1018.962: [ParNew
Desired survivor size 41943040 bytes, new threshold 6 (max 6)
- age   1:    2264688 bytes,    2264688 total
- age   2:      15024 bytes,    2279712 total
- age   3:       1152 bytes,    2280864 total
- age   4:        888 bytes,    2281752 total
- age   5:        632 bytes,    2282384 total
- age   6:        992 bytes,    2283376 total
: 657004K->2529K(737280K), 0.0070800 secs] 1654013K->999539K(1761280K), 0.0072480 secs] [Times: user=0.05 sys=0.00, real=0.00 secs] 
1019.195: [GC1019.196: [ParNew
Desired survivor size 41943040 bytes, new threshold 6 (max 6)
- age   1:    1459520 bytes,    1459520 total
- age   2:       4040 bytes,    1463560 total
- age   3:      14904 bytes,    1478464 total
- age   4:       1080 bytes,    1479544 total
- age   5:        792 bytes,    1480336 total
- age   6:        488 bytes,    1480824 total
: 657889K->2035K(737280K), 0.0069700 secs] 1654899K->999045K(1761280K), 0.0071780 secs] [Times: user=0.04 sys=0.00, real=0.01 secs] 
1019.438: [GC1019.438: [ParNew
Desired survivor size 41943040 bytes, new threshold 6 (max 6)
- age   1:     745680 bytes,     745680 total
- age   2:       1048 bytes,     746728 total
- age   3:       3848 bytes,     750576 total
- age   4:      14712 bytes,     765288 total
- age   5:        960 bytes,     766248 total
- age   6:        600 bytes,     766848 total
: 657395K->1536K(737280K), 0.0066090 secs] 1654405K->998547K(1761280K), 0.0067750 secs] [Times: user=0.04 sys=0.00, real=0.01 secs] 
1019.688: [GC1019.688: [ParNew
Desired survivor size 41943040 bytes, new threshold 6 (max 6)
- age   1:     961624 bytes,     961624 total
- age   2:        992 bytes,     962616 total
- age   3:        952 bytes,     963568 total
- age   4:       3632 bytes,     967200 total
- age   5:      14344 bytes,     981544 total
- age   6:        624 bytes,     982168 total
: 656896K->1246K(737280K), 0.0063990 secs] 1653907K->998258K(1761280K), 0.0066380 secs] [Times: user=0.04 sys=0.00, real=0.01 secs] 
1019.920: [GC1019.920: [ParNew
Desired survivor size 41943040 bytes, new threshold 6 (max 6)
- age   1:     425184 bytes,     425184 total
- age   2:       5368 bytes,     430552 total
- age   3:        992 bytes,     431544 total
- age   4:        952 bytes,     432496 total
- age   5:       3632 bytes,     436128 total
- age   6:      14344 bytes,     450472 total
: 656606K->1107K(737280K), 0.0060740 secs] 1653618K->998119K(1761280K), 0.0062030 secs] [Times: user=0.04 sys=0.00, real=0.01 secs] 
1020.163: [GC1020.164: [ParNew
Desired survivor size 41943040 bytes, new threshold 6 (max 6)
- age   1:    1559320 bytes,    1559320 total
- age   2:       1096 bytes,    1560416 total
- age   3:       5272 bytes,    1565688 total
- age   4:        944 bytes,    1566632 total
- age   5:        832 bytes,    1567464 total
- age   6:       3608 bytes,    1571072 total
: 656467K->1656K(737280K), 0.0069010 secs] 1653479K->998683K(1761280K), 0.0070160 secs] [Times: user=0.04 sys=0.00, real=0.00 secs] 
1020.367: [CMS-concurrent-sweep: 1.696/1.757 secs] [Times: user=13.05 sys=0.27, real=1.76 secs] 
1020.367: [CMS-concurrent-reset-start]
1020.397: [GC1020.397: [ParNew
Desired survivor size 41943040 bytes, new threshold 6 (max 6)
- age   1:    1472024 bytes,    1472024 total
- age   2:       1616 bytes,    1473640 total
- age   3:       1096 bytes,    1474736 total
- age   4:       5272 bytes,    1480008 total
- age   5:        944 bytes,    1480952 total
- age   6:        832 bytes,    1481784 total
: 657016K->2158K(737280K), 0.0066670 secs] 1654003K->999149K(1761280K), 0.0067910 secs] [Times: user=0.05 sys=0.00, real=0.01 secs] 
1020.405: [CMS-concurrent-reset: 0.030/0.038 secs] [Times: user=0.27 sys=0.00, real=0.04 secs] 
1020.612: [GC1020.612: [ParNew
Desired survivor size 41943040 bytes, new threshold 6 (max 6)
- age   1:    1824840 bytes,    1824840 total
- age   2:        856 bytes,    1825696 total
- age   3:       1520 bytes,    1827216 total
- age   4:       1024 bytes,    1828240 total
- age   5:       5176 bytes,    1833416 total
- age   6:        872 bytes,    1834288 total
: 657518K->2438K(737280K), 0.0070530 secs] 1654509K->999430K(1761280K), 0.0071730 secs] [Times: user=0.05 sys=0.00, real=0.00 secs] 
1020.621: [GC [1 CMS-initial-mark: 996991K(1024000K)] 1000524K(1761280K), 0.0068370 secs] [Times: user=0.01 sys=0.00, real=0.01 secs] 
1020.628: [CMS-concurrent-mark-start]
1020.854: [GC1020.855: [ParNew
Desired survivor size 41943040 bytes, new threshold 6 (max 6)
- age   1:    3172032 bytes,    3172032 total
- age   2:     293376 bytes,    3465408 total
- age   3:        592 bytes,    3466000 total
- age   4:       1280 bytes,    3467280 total
- age   5:        648 bytes,    3467928 total
- age   6:       4912 bytes,    3472840 total
: 657798K->4441K(737280K), 0.0086110 secs] 1654790K->1001433K(1761280K), 0.0087680 secs] [Times: user=0.06 sys=0.00, real=0.01 secs] 
1021.090: [GC1021.091: [ParNew
Desired survivor size 41943040 bytes, new threshold 6 (max 6)
- age   1:     654904 bytes,     654904 total
- age   2:      12160 bytes,     667064 total
- age   3:       1696 bytes,     668760 total
- age   4:        496 bytes,     669256 total
- age   5:       1184 bytes,     670440 total
- age   6:        528 bytes,     670968 total
: 659801K->2966K(737280K), 0.0062640 secs] 1656793K->999963K(1761280K), 0.0064250 secs] [Times: user=0.04 sys=0.00, real=0.01 secs] 
1021.328: [GC1021.328: [ParNew
Desired survivor size 41943040 bytes, new threshold 6 (max 6)
- age   1:    3440040 bytes,    3440040 total
- age   2:        728 bytes,    3440768 total
- age   3:      12160 bytes,    3452928 total
- age   4:       1696 bytes,    3454624 total
- age   5:        496 bytes,    3455120 total
- age   6:       1160 bytes,    3456280 total
: 658326K->3848K(737280K), 0.0079660 secs] 1655323K->1000845K(1761280K), 0.0081350 secs] [Times: user=0.05 sys=0.00, real=0.01 secs] 
1021.560: [GC1021.560: [ParNew
Desired survivor size 41943040 bytes, new threshold 6 (max 6)
- age   1:     750328 bytes,     750328 total
- age   2:    1797080 bytes,    2547408 total
- age   3:        608 bytes,    2548016 total
- age   4:      11920 bytes,    2559936 total
- age   5:       1576 bytes,    2561512 total
- age   6:        376 bytes,    2561888 total
: 659208K->4136K(737280K), 0.0075230 secs] 1656205K->1001135K(1761280K), 0.0076650 secs] [Times: user=0.04 sys=0.00, real=0.01 secs] 
1021.789: [GC1021.790: [ParNew
Desired survivor size 41943040 bytes, new threshold 6 (max 6)
- age   1:    1809368 bytes,    1809368 total
- age   2:     505544 bytes,    2314912 total
- age   3:    1796912 bytes,    4111824 total
- age   4:        464 bytes,    4112288 total
- age   5:      11792 bytes,    4124080 total
- age   6:       1408 bytes,    4125488 total
: 659496K->5131K(737280K), 0.0083090 secs] 1656495K->1002130K(1761280K), 0.0084960 secs] [Times: user=0.05 sys=0.00, real=0.01 secs] 
1022.050: [GC1022.050: [ParNew
Desired survivor size 41943040 bytes, new threshold 6 (max 6)
- age   1:    1160928 bytes,    1160928 total
- age   2:     324400 bytes,    1485328 total
- age   3:     505544 bytes,    1990872 total
- age   4:    1796912 bytes,    3787784 total
- age   5:        464 bytes,    3788248 total
- age   6:      11792 bytes,    3800040 total
: 660491K->5952K(737280K), 0.0079440 secs] 1657490K->1002953K(1761280K), 0.0080970 secs] [Times: user=0.05 sys=0.00, real=0.01 secs] 
1022.300: [GC1022.300: [ParNew
Desired survivor size 41943040 bytes, new threshold 6 (max 6)
- age   1:    1333784 bytes,    1333784 total
- age   2:     519168 bytes,    1852952 total
- age   3:     324280 bytes,    2177232 total
- age   4:     505472 bytes,    2682704 total
- age   5:    1796744 bytes,    4479448 total
- age   6:        320 bytes,    4479768 total
: 661312K->6935K(737280K), 0.0085450 secs] 1658313K->1003948K(1761280K), 0.0086930 secs] [Times: user=0.05 sys=0.00, real=0.01 secs] 
1022.551: [GC1022.551: [ParNew
Desired survivor size 41943040 bytes, new threshold 6 (max 6)
- age   1:    2300264 bytes,    2300264 total
- age   2:     471544 bytes,    2771808 total
- age   3:     519168 bytes,    3290976 total
- age   4:     324280 bytes,    3615256 total
- age   5:     505472 bytes,    4120728 total
- age   6:    1796744 bytes,    5917472 total
: 662295K->8411K(737280K), 0.0092970 secs] 1659308K->1005424K(1761280K), 0.0094510 secs] [Times: user=0.08 sys=0.00, real=0.00 secs] 
1022.789: [GC1022.789: [ParNew
Desired survivor size 41943040 bytes, new threshold 6 (max 6)
- age   1:    1723776 bytes,    1723776 total
- age   2:     422248 bytes,    2146024 total
- age   3:     471544 bytes,    2617568 total
- age   4:     519168 bytes,    3136736 total
- age   5:     324256 bytes,    3460992 total
- age   6:     505472 bytes,    3966464 total
: 663771K->6058K(737280K), 0.0442320 secs] 1660784K->1004826K(1761280K), 0.0443770 secs] [Times: user=0.17 sys=0.02, real=0.05 secs] 
1023.081: [GC1023.081: [ParNew
Desired survivor size 41943040 bytes, new threshold 6 (max 6)
- age   1:    1265184 bytes,    1265184 total
- age   2:     727976 bytes,    1993160 total
- age   3:     422104 bytes,    2415264 total
- age   4:     471424 bytes,    2886688 total
- age   5:     519024 bytes,    3405712 total
- age   6:     324208 bytes,    3729920 total
: 661418K->4783K(737280K), 0.0118360 secs] 1660186K->1004044K(1761280K), 0.0119760 secs] [Times: user=0.07 sys=0.01, real=0.02 secs] 
1023.322: [GC1023.322: [ParNew
Desired survivor size 41943040 bytes, new threshold 6 (max 6)
- age   1:     871872 bytes,     871872 total
- age   2:      60216 bytes,     932088 total
- age   3:     727952 bytes,    1660040 total
- age   4:     422104 bytes,    2082144 total
- age   5:     471400 bytes,    2553544 total
- age   6:     519024 bytes,    3072568 total
: 660143K->4269K(737280K), 0.0095400 secs] 1659404K->1003847K(1761280K), 0.0097270 secs] [Times: user=0.07 sys=0.00, real=0.00 secs] 
1023.575: [GC1023.575: [ParNew
Desired survivor size 41943040 bytes, new threshold 6 (max 6)
- age   1:    1342296 bytes,    1342296 total
- age   2:        480 bytes,    1342776 total
- age   3:      60096 bytes,    1402872 total
- age   4:     727880 bytes,    2130752 total
- age   5:     422032 bytes,    2552784 total
- age   6:     471352 bytes,    3024136 total
: 659629K->3998K(737280K), 0.0110880 secs] 1659207K->1004084K(1761280K), 0.0112740 secs] [Times: user=0.06 sys=0.00, real=0.01 secs] 
1023.830: [GC1023.830: [ParNew
Desired survivor size 41943040 bytes, new threshold 6 (max 6)
- age   1:     367624 bytes,     367624 total
- age   2:        848 bytes,     368472 total
- age   3:        456 bytes,     368928 total
- age   4:      59928 bytes,     428856 total
- age   5:     727656 bytes,    1156512 total
- age   6:     421936 bytes,    1578448 total
: 659358K->3391K(737280K), 0.0094820 secs] 1659444K->1003937K(1761280K), 0.0096500 secs] [Times: user=0.06 sys=0.00, real=0.01 secs] 
1024.090: [GC1024.090: [ParNew
Desired survivor size 41943040 bytes, new threshold 6 (max 6)
- age   1:    1266880 bytes,    1266880 total
- age   2:       1608 bytes,    1268488 total
- age   3:        848 bytes,    1269336 total
- age   4:        456 bytes,    1269792 total
- age   5:      59928 bytes,    1329720 total
- age   6:     727656 bytes,    2057376 total
: 658751K->2829K(737280K), 0.0093900 secs] 1659297K->1003787K(1761280K), 0.0095350 secs] [Times: user=0.05 sys=0.01, real=0.01 secs] 
1024.327: [GC1024.327: [ParNew
Desired survivor size 41943040 bytes, new threshold 6 (max 6)
- age   1:    1080208 bytes,    1080208 total
- age   2:        720 bytes,    1080928 total
- age   3:       1392 bytes,    1082320 total
- age   4:        728 bytes,    1083048 total
- age   5:        360 bytes,    1083408 total
- age   6:      59808 bytes,    1143216 total
: 658189K->1839K(737280K), 0.0099070 secs] 1659147K->1003508K(1761280K), 0.0101220 secs] [Times: user=0.06 sys=0.01, real=0.01 secs] 
1024.580: [GC1024.580: [ParNew
Desired survivor size 41943040 bytes, new threshold 6 (max 6)
- age   1:    1094184 bytes,    1094184 total
- age   2:       3952 bytes,    1098136 total
- age   3:        624 bytes,    1098760 total
- age   4:       1272 bytes,    1100032 total
- age   5:        704 bytes,    1100736 total
- age   6:        264 bytes,    1101000 total
: 657199K->1621K(737280K), 0.0065440 secs] 1658868K->1003348K(1761280K), 0.0066920 secs] [Times: user=0.04 sys=0.00, real=0.01 secs] 
1024.820: [GC1024.820: [ParNew
Desired survivor size 41943040 bytes, new threshold 6 (max 6)
- age   1:    1245744 bytes,    1245744 total
- age   2:       7544 bytes,    1253288 total
- age   3:       3904 bytes,    1257192 total
- age   4:        456 bytes,    1257648 total
- age   5:       1032 bytes,    1258680 total
- age   6:        584 bytes,    1259264 total
: 656981K->1696K(737280K), 0.0071030 secs] 1658708K->1003423K(1761280K), 0.0072500 secs] [Times: user=0.03 sys=0.00, real=0.01 secs] 
1025.089: [GC1025.089: [ParNew
Desired survivor size 41943040 bytes, new threshold 6 (max 6)
- age   1:    1413784 bytes,    1413784 total
- age   2:      12456 bytes,    1426240 total
- age   3:       7544 bytes,    1433784 total
- age   4:       3904 bytes,    1437688 total
- age   5:        456 bytes,    1438144 total
- age   6:       1032 bytes,    1439176 total
: 657056K->2259K(737280K), 0.0069190 secs] 1658783K->1003987K(1761280K), 0.0070680 secs] [Times: user=0.05 sys=0.00, real=0.01 secs] 
1025.339: [GC1025.339: [ParNew
Desired survivor size 41943040 bytes, new threshold 6 (max 6)
- age   1:     577760 bytes,     577760 total
- age   2:       1104 bytes,     578864 total
- age   3:      12456 bytes,     591320 total
- age   4:       7544 bytes,     598864 total
- age   5:       3880 bytes,     602744 total
- age   6:        456 bytes,     603200 total
: 657619K->1355K(737280K), 0.0063080 secs] 1659347K->1003084K(1761280K), 0.0064420 secs] [Times: user=0.03 sys=0.00, real=0.01 secs] 
1025.580: [GC1025.581: [ParNew
Desired survivor size 41943040 bytes, new threshold 6 (max 6)
- age   1:    1298320 bytes,    1298320 total
- age   2:       1288 bytes,    1299608 total
- age   3:        840 bytes,    1300448 total
- age   4:      12288 bytes,    1312736 total
- age   5:       7328 bytes,    1320064 total
- age   6:       3856 bytes,    1323920 total
: 656715K->1539K(737280K), 0.0066570 secs] 1658444K->1003268K(1761280K), 0.0068170 secs] [Times: user=0.04 sys=0.00, real=0.01 secs] 
1025.806: [GC1025.806: [ParNew
Desired survivor size 41943040 bytes, new threshold 6 (max 6)
- age   1:    2251648 bytes,    2251648 total
- age   2:       1544 bytes,    2253192 total
- age   3:       1048 bytes,    2254240 total
- age   4:        720 bytes,    2254960 total
- age   5:      12144 bytes,    2267104 total
- age   6:       7328 bytes,    2274432 total
: 656899K->2912K(737280K), 0.0075660 secs] 1658628K->1004646K(1761280K), 0.0077020 secs] [Times: user=0.05 sys=0.00, real=0.01 secs] 
1026.046: [GC1026.046: [ParNew
Desired survivor size 41943040 bytes, new threshold 6 (max 6)
- age   1:    1476952 bytes,    1476952 total
- age   2:       1104 bytes,    1478056 total
- age   3:       1376 bytes,    1479432 total
- age   4:        736 bytes,    1480168 total
- age   5:        528 bytes,    1480696 total
- age   6:      11832 bytes,    1492528 total
: 658272K->2186K(737280K), 0.0069450 secs] 1660006K->1003927K(1761280K), 0.0070800 secs] [Times: user=0.05 sys=0.00, real=0.01 secs] 
1026.272: [GC1026.272: [ParNew
Desired survivor size 41943040 bytes, new threshold 6 (max 6)
- age   1:    1376032 bytes,    1376032 total
- age   2:       7792 bytes,    1383824 total
- age   3:        984 bytes,    1384808 total
- age   4:       1184 bytes,    1385992 total
- age   5:        520 bytes,    1386512 total
- age   6:        384 bytes,    1386896 total
: 657546K->2171K(737280K), 0.0069460 secs] 1659287K->1003923K(1761280K), 0.0070960 secs] [Times: user=0.05 sys=0.00, real=0.00 secs] 
1026.510: [GC1026.510: [ParNew
Desired survivor size 41943040 bytes, new threshold 6 (max 6)
- age   1:     782240 bytes,     782240 total
- age   2:        864 bytes,     783104 total
- age   3:       7672 bytes,     790776 total
- age   4:        864 bytes,     791640 total
- age   5:       1040 bytes,     792680 total
- age   6:        520 bytes,     793200 total
: 657531K->1410K(737280K), 0.0069480 secs] 1659283K->1003163K(1761280K), 0.0070780 secs] [Times: user=0.04 sys=0.00, real=0.01 secs] 
1026.740: [GC1026.740: [ParNew
Desired survivor size 41943040 bytes, new threshold 6 (max 6)
- age   1:     515344 bytes,     515344 total
- age   2:       2512 bytes,     517856 total
- age   3:        864 bytes,     518720 total
- age   4:       7672 bytes,     526392 total
- age   5:        840 bytes,     527232 total
- age   6:       1040 bytes,     528272 total
: 656770K->964K(737280K), 0.0062590 secs] 1658523K->1002718K(1761280K), 0.0064090 secs] [Times: user=0.04 sys=0.00, real=0.01 secs] 
1026.969: [GC1026.969: [ParNew
Desired survivor size 41943040 bytes, new threshold 6 (max 6)
- age   1:    1693872 bytes,    1693872 total
- age   2:       1288 bytes,    1695160 total
- age   3:       2512 bytes,    1697672 total
- age   4:        864 bytes,    1698536 total
- age   5:       7672 bytes,    1706208 total
- age   6:        840 bytes,    1707048 total
: 656324K->1859K(737280K), 0.0066380 secs] 1658078K->1003614K(1761280K), 0.0067730 secs] [Times: user=0.05 sys=0.00, real=0.01 secs] 
1027.211: [GC1027.211: [ParNew
Desired survivor size 41943040 bytes, new threshold 6 (max 6)
- age   1:    1055816 bytes,    1055816 total
- age   2:       8096 bytes,    1063912 total
- age   3:       1264 bytes,    1065176 total
- age   4:       2464 bytes,    1067640 total
- age   5:        576 bytes,    1068216 total
- age   6:       7456 bytes,    1075672 total
: 657219K->1840K(737280K), 0.0064350 secs] 1658974K->1003596K(1761280K), 0.0066040 secs] [Times: user=0.05 sys=0.00, real=0.01 secs] 
1027.445: [GC1027.445: [ParNew
Desired survivor size 41943040 bytes, new threshold 6 (max 6)
- age   1:    3827672 bytes,    3827672 total
- age   2:       3992 bytes,    3831664 total
- age   3:       7840 bytes,    3839504 total
- age   4:       1048 bytes,    3840552 total
- age   5:       2344 bytes,    3842896 total
- age   6:        456 bytes,    3843352 total
: 657200K->4098K(737280K), 0.0082040 secs] 1658956K->1005862K(1761280K), 0.0084070 secs] [Times: user=0.05 sys=0.00, real=0.01 secs] 
1027.502: [CMS-concurrent-mark: 6.559/6.874 secs] [Times: user=51.29 sys=0.94, real=6.88 secs] 
1027.502: [CMS-concurrent-preclean-start]
1027.525: [CMS-concurrent-preclean: 0.022/0.023 secs] [Times: user=0.17 sys=0.00, real=0.02 secs] 
1027.526: [CMS-concurrent-abortable-preclean-start]
1027.674: [GC1027.674: [ParNew
Desired survivor size 41943040 bytes, new threshold 6 (max 6)
- age   1:    1168312 bytes,    1168312 total
- age   2:       5328 bytes,    1173640 total
- age   3:       3944 bytes,    1177584 total
- age   4:       7840 bytes,    1185424 total
- age   5:       1048 bytes,    1186472 total
- age   6:       2344 bytes,    1188816 total
: 659458K->3371K(737280K), 0.0070680 secs] 1661222K->1005135K(1761280K), 0.0072460 secs] [Times: user=0.04 sys=0.00, real=0.00 secs] 
1027.800: [CMS-concurrent-abortable-preclean: 0.265/0.275 secs] [Times: user=2.04 sys=0.06, real=0.27 secs] 
1027.802: [GC[YG occupancy: 370425 K (737280 K)]1027.803: [Rescan (parallel) , 0.1283120 secs]1027.931: [weak refs processing, 0.0000320 secs]1027.931: [scrub string table, 0.0010230 secs] [1 CMS-remark: 1001764K(1024000K)] 1372189K(1761280K), 0.1294970 secs] [Times: user=0.94 sys=0.00, real=0.13 secs] 
1027.932: [CMS-concurrent-sweep-start]
1028.049: [GC1028.049: [ParNew
Desired survivor size 41943040 bytes, new threshold 6 (max 6)
- age   1:    1468120 bytes,    1468120 total
- age   2:       4104 bytes,    1472224 total
- age   3:       4992 bytes,    1477216 total
- age   4:       3488 bytes,    1480704 total
- age   5:       7504 bytes,    1488208 total
- age   6:        736 bytes,    1488944 total
: 658731K->1949K(737280K), 0.0066510 secs] 1660495K->1003715K(1761280K), 0.0068080 secs] [Times: user=0.05 sys=0.00, real=0.01 secs] 
1028.297: [GC1028.298: [ParNew
Desired survivor size 41943040 bytes, new threshold 6 (max 6)
- age   1:     778856 bytes,     778856 total
- age   2:       4344 bytes,     783200 total
- age   3:       4104 bytes,     787304 total
- age   4:       4992 bytes,     792296 total
- age   5:       3464 bytes,     795760 total
- age   6:       7504 bytes,     803264 total
: 657309K->1350K(737280K), 0.0062710 secs] 1659074K->1003117K(1761280K), 0.0064500 secs] [Times: user=0.04 sys=0.00, real=0.01 secs] 
1028.539: [GC1028.540: [ParNew
Desired survivor size 41943040 bytes, new threshold 6 (max 6)
- age   1:     839808 bytes,     839808 total
- age   2:       1168 bytes,     840976 total
- age   3:       4296 bytes,     845272 total
- age   4:       4104 bytes,     849376 total
- age   5:       4952 bytes,     854328 total
- age   6:       3464 bytes,     857792 total
: 656710K->1105K(737280K), 0.0062170 secs] 1658477K->1002879K(1761280K), 0.0063520 secs] [Times: user=0.04 sys=0.00, real=0.01 secs] 
1028.776: [GC1028.776: [ParNew
Desired survivor size 41943040 bytes, new threshold 6 (max 6)
- age   1:    1942312 bytes,    1942312 total
- age   2:       1384 bytes,    1943696 total
- age   3:       1088 bytes,    1944784 total
- age   4:       4272 bytes,    1949056 total
- age   5:       4104 bytes,    1953160 total
- age   6:       4952 bytes,    1958112 total
: 656465K->2260K(737280K), 0.0075970 secs] 1658239K->1004038K(1761280K), 0.0077200 secs] [Times: user=0.06 sys=0.00, real=0.01 secs] 
1029.033: [GC1029.034: [ParNew
Desired survivor size 41943040 bytes, new threshold 6 (max 6)
- age   1:    1342192 bytes,    1342192 total
- age   2:       4360 bytes,    1346552 total
- age   3:       1264 bytes,    1347816 total
- age   4:        944 bytes,    1348760 total
- age   5:       4128 bytes,    1352888 total
- age   6:       3912 bytes,    1356800 total
: 657620K->2038K(737280K), 0.0068480 secs] 1659398K->1003821K(1761280K), 0.0070420 secs] [Times: user=0.05 sys=0.00, real=0.00 secs] 
1029.234: [CMS-concurrent-sweep: 1.258/1.301 secs] [Times: user=9.72 sys=0.21, real=1.30 secs] 
1029.234: [CMS-concurrent-reset-start]
1029.261: [CMS-concurrent-reset: 0.027/0.027 secs] [Times: user=0.20 sys=0.00, real=0.02 secs] 
1029.270: [GC1029.270: [ParNew
Desired survivor size 41943040 bytes, new threshold 6 (max 6)
- age   1:    2939144 bytes,    2939144 total
- age   2:       8896 bytes,    2948040 total
- age   3:       4216 bytes,    2952256 total
- age   4:       1152 bytes,    2953408 total
- age   5:        824 bytes,    2954232 total
- age   6:       4032 bytes,    2958264 total
: 657398K->3853K(737280K), 0.0080090 secs] 1659136K->1005595K(1761280K), 0.0081810 secs] [Times: user=0.06 sys=0.00, real=0.01 secs] 
1029.280: [GC [1 CMS-initial-mark: 1001741K(1024000K)] 1006172K(1761280K), 0.0072030 secs] [Times: user=0.01 sys=0.00, real=0.01 secs] 
1029.288: [CMS-concurrent-mark-start]
1029.523: [GC1029.523: [ParNew
Desired survivor size 41943040 bytes, new threshold 6 (max 6)
- age   1:    1452144 bytes,    1452144 total
- age   2:       3944 bytes,    1456088 total
- age   3:       8872 bytes,    1464960 total
- age   4:       4192 bytes,    1469152 total
- age   5:       1152 bytes,    1470304 total
- age   6:        824 bytes,    1471128 total
: 659213K->2517K(737280K), 0.0069860 secs] 1660955K->1004263K(1761280K), 0.0071400 secs] [Times: user=0.03 sys=0.01, real=0.00 secs] 
1029.773: [GC1029.773: [ParNew
Desired survivor size 41943040 bytes, new threshold 6 (max 6)
- age   1:     386832 bytes,     386832 total
- age   2:       1192 bytes,     388024 total
- age   3:       3872 bytes,     391896 total
- age   4:       8776 bytes,     400672 total
- age   5:       4144 bytes,     404816 total
- age   6:       1056 bytes,     405872 total
: 657877K->1168K(737280K), 0.0061320 secs] 1659623K->1002914K(1761280K), 0.0062770 secs] [Times: user=0.04 sys=0.00, real=0.00 secs] 
1030.033: [GC1030.033: [ParNew
Desired survivor size 41943040 bytes, new threshold 6 (max 6)
- age   1:    2430440 bytes,    2430440 total
- age   2:       1520 bytes,    2431960 total
- age   3:       1192 bytes,    2433152 total
- age   4:       3872 bytes,    2437024 total
- age   5:       8776 bytes,    2445800 total
- age   6:       4144 bytes,    2449944 total
: 656528K->2590K(737280K), 0.0067810 secs] 1658274K->1004339K(1761280K), 0.0070090 secs] [Times: user=0.05 sys=0.00, real=0.00 secs] 
1030.287: [GC1030.287: [ParNew
Desired survivor size 41943040 bytes, new threshold 6 (max 6)
- age   1:     647680 bytes,     647680 total
- age   2:        656 bytes,     648336 total
- age   3:       1376 bytes,     649712 total
- age   4:       1192 bytes,     650904 total
- age   5:       3680 bytes,     654584 total
- age   6:       8728 bytes,     663312 total
: 657950K->1892K(737280K), 0.0064470 secs] 1659699K->1003644K(1761280K), 0.0065740 secs] [Times: user=0.04 sys=0.01, real=0.01 secs] 
1030.567: [GC1030.567: [ParNew
Desired survivor size 41943040 bytes, new threshold 6 (max 6)
- age   1:    1142016 bytes,    1142016 total
- age   2:       4208 bytes,    1146224 total
- age   3:        536 bytes,    1146760 total
- age   4:       1256 bytes,    1148016 total
- age   5:       1072 bytes,    1149088 total
- age   6:       3608 bytes,    1152696 total
: 657252K->1508K(737280K), 0.0063960 secs] 1659004K->1003269K(1761280K), 0.0065580 secs] [Times: user=0.05 sys=0.00, real=0.01 secs] 
1030.815: [GC1030.815: [ParNew
Desired survivor size 41943040 bytes, new threshold 6 (max 6)
- age   1:    1083096 bytes,    1083096 total
- age   2:       3944 bytes,    1087040 total
- age   3:       3920 bytes,    1090960 total
- age   4:        368 bytes,    1091328 total
- age   5:        944 bytes,    1092272 total
- age   6:       1000 bytes,    1093272 total
: 656868K->1755K(737280K), 0.0063010 secs] 1658629K->1003520K(1761280K), 0.0064440 secs] [Times: user=0.03 sys=0.00, real=0.00 secs] 
1031.075: [GC1031.075: [ParNew
Desired survivor size 41943040 bytes, new threshold 6 (max 6)
- age   1:    1297896 bytes,    1297896 total
- age   2:       2992 bytes,    1300888 total
- age   3:       3848 bytes,    1304736 total
- age   4:       3800 bytes,    1308536 total
- age   5:        344 bytes,    1308880 total
- age   6:        896 bytes,    1309776 total
: 657115K->1840K(737280K), 0.0072590 secs] 1658880K->1003605K(1761280K), 0.0074820 secs] [Times: user=0.04 sys=0.00, real=0.00 secs] 
1031.314: [GC1031.314: [ParNew
Desired survivor size 41943040 bytes, new threshold 6 (max 6)
- age   1:    1218736 bytes,    1218736 total
- age   2:      11160 bytes,    1229896 total
- age   3:       2776 bytes,    1232672 total
- age   4:       3848 bytes,    1236520 total
- age   5:       3776 bytes,    1240296 total
- age   6:        344 bytes,    1240640 total
: 657200K->1986K(737280K), 0.0065070 secs] 1658965K->1003752K(1761280K), 0.0066440 secs] [Times: user=0.05 sys=0.00, real=0.00 secs] 
1031.556: [GC1031.557: [ParNew
Desired survivor size 41943040 bytes, new threshold 6 (max 6)
- age   1:    1969360 bytes,    1969360 total
- age   2:       8072 bytes,    1977432 total
- age   3:      10920 bytes,    1988352 total
- age   4:       2368 bytes,    1990720 total
- age   5:       3632 bytes,    1994352 total
- age   6:       3488 bytes,    1997840 total
: 657346K->2732K(737280K), 0.0074180 secs] 1659112K->1004499K(1761280K), 0.0075740 secs] [Times: user=0.05 sys=0.00, real=0.01 secs] 
1031.806: [GC1031.806: [ParNew
Desired survivor size 41943040 bytes, new threshold 6 (max 6)
- age   1:     847768 bytes,     847768 total
- age   2:       7768 bytes,     855536 total
- age   3:       8072 bytes,     863608 total
- age   4:      10920 bytes,     874528 total
- age   5:       2344 bytes,     876872 total
- age   6:       3632 bytes,     880504 total
: 658092K->1766K(737280K), 0.0063690 secs] 1659859K->1003537K(1761280K), 0.0065390 secs] [Times: user=0.03 sys=0.01, real=0.01 secs] 
1032.053: [GC1032.053: [ParNew
Desired survivor size 41943040 bytes, new threshold 6 (max 6)
- age   1:    1434816 bytes,    1434816 total
- age   2:        624 bytes,    1435440 total
- age   3:       7648 bytes,    1443088 total
- age   4:       8000 bytes,    1451088 total
- age   5:      10848 bytes,    1461936 total
- age   6:       2320 bytes,    1464256 total
: 657126K->1910K(737280K), 0.0070780 secs] 1658897K->1003684K(1761280K), 0.0072150 secs] [Times: user=0.05 sys=0.00, real=0.00 secs] 
1032.294: [GC1032.294: [ParNew
Desired survivor size 41943040 bytes, new threshold 6 (max 6)
- age   1:    1560856 bytes,    1560856 total
- age   2:       1416 bytes,    1562272 total
- age   3:        624 bytes,    1562896 total
- age   4:       7648 bytes,    1570544 total
- age   5:       7976 bytes,    1578520 total
- age   6:      10848 bytes,    1589368 total
: 657270K->2369K(737280K), 0.0072070 secs] 1659044K->1004145K(1761280K), 0.0073610 secs] [Times: user=0.04 sys=0.00, real=0.00 secs] 
1032.522: [GC1032.522: [ParNew
Desired survivor size 41943040 bytes, new threshold 6 (max 6)
- age   1:    2176256 bytes,    2176256 total
- age   2:       1040 bytes,    2177296 total
- age   3:       1416 bytes,    2178712 total
- age   4:        624 bytes,    2179336 total
- age   5:       7648 bytes,    2186984 total
- age   6:       7976 bytes,    2194960 total
: 657729K->2960K(737280K), 0.0075310 secs] 1659505K->1004747K(1761280K), 0.0077070 secs] [Times: user=0.06 sys=0.00, real=0.01 secs] 
1032.771: [GC1032.771: [ParNew
Desired survivor size 41943040 bytes, new threshold 6 (max 6)
- age   1:    1833768 bytes,    1833768 total
- age   2:        736 bytes,    1834504 total
- age   3:        968 bytes,    1835472 total
- age   4:       1272 bytes,    1836744 total
- age   5:        600 bytes,    1837344 total
- age   6:       7648 bytes,    1844992 total
: 658320K->2966K(737280K), 0.0072790 secs] 1660107K->1004762K(1761280K), 0.0074500 secs] [Times: user=0.05 sys=0.00, real=0.01 secs] 
1033.015: [GC1033.015: [ParNew
Desired survivor size 41943040 bytes, new threshold 6 (max 6)
- age   1:    1980040 bytes,    1980040 total
- age   2:       1640 bytes,    1981680 total
- age   3:        736 bytes,    1982416 total
- age   4:        968 bytes,    1983384 total
- age   5:       1272 bytes,    1984656 total
- age   6:        600 bytes,    1985256 total
: 658326K->2999K(737280K), 0.0072990 secs] 1660122K->1004803K(1761280K), 0.0075270 secs] [Times: user=0.05 sys=0.00, real=0.00 secs] 
1033.247: [GC1033.247: [ParNew
Desired survivor size 41943040 bytes, new threshold 6 (max 6)
- age   1:    1433848 bytes,    1433848 total
- age   2:       7832 bytes,    1441680 total
- age   3:       1616 bytes,    1443296 total
- age   4:        664 bytes,    1443960 total
- age   5:        848 bytes,    1444808 total
- age   6:       1224 bytes,    1446032 total
: 658359K->2394K(737280K), 0.0094570 secs] 1660163K->1004198K(1761280K), 0.0095960 secs] [Times: user=0.06 sys=0.00, real=0.01 secs] 
1033.475: [GC1033.475: [ParNew
Desired survivor size 41943040 bytes, new threshold 6 (max 6)
- age   1:     286000 bytes,     286000 total
- age   2:        560 bytes,     286560 total
- age   3:       7712 bytes,     294272 total
- age   4:       1472 bytes,     295744 total
- age   5:        664 bytes,     296408 total
- age   6:        680 bytes,     297088 total
: 657754K->1008K(737280K), 0.0062160 secs] 1659558K->1002814K(1761280K), 0.0063790 secs] [Times: user=0.05 sys=0.00, real=0.00 secs] 
1033.722: [GC1033.722: [ParNew
Desired survivor size 41943040 bytes, new threshold 6 (max 6)
- age   1:    1050912 bytes,    1050912 total
- age   2:       1200 bytes,    1052112 total
- age   3:        440 bytes,    1052552 total
- age   4:       7640 bytes,    1060192 total
- age   5:       1400 bytes,    1061592 total
- age   6:        640 bytes,    1062232 total
: 656368K->1257K(737280K), 0.0064240 secs] 1658174K->1003064K(1761280K), 0.0065820 secs] [Times: user=0.04 sys=0.01, real=0.01 secs] 
1033.971: [GC1033.971: [ParNew
Desired survivor size 41943040 bytes, new threshold 6 (max 6)
- age   1:    1023016 bytes,    1023016 total
- age   2:       1200 bytes,    1024216 total
- age   3:       1104 bytes,    1025320 total
- age   4:        416 bytes,    1025736 total
- age   5:       7592 bytes,    1033328 total
- age   6:       1328 bytes,    1034656 total
: 656617K->1396K(737280K), 0.0063880 secs] 1658424K->1003203K(1761280K), 0.0065360 secs] [Times: user=0.04 sys=0.00, real=0.01 secs] 
1034.197: [GC1034.197: [ParNew
Desired survivor size 41943040 bytes, new threshold 6 (max 6)
- age   1:    2119280 bytes,    2119280 total
- age   2:       1160 bytes,    2120440 total
- age   3:        912 bytes,    2121352 total
- age   4:        960 bytes,    2122312 total
- age   5:        296 bytes,    2122608 total
- age   6:       7544 bytes,    2130152 total
: 656756K->2552K(737280K), 0.0076020 secs] 1658563K->1004361K(1761280K), 0.0077450 secs] [Times: user=0.05 sys=0.00, real=0.01 secs] 
1034.577: [GC1034.577: [ParNew
Desired survivor size 41943040 bytes, new threshold 6 (max 6)
- age   1:     538968 bytes,     538968 total
- age   2:       3224 bytes,     542192 total
- age   3:        848 bytes,     543040 total
- age   4:        696 bytes,     543736 total
- age   5:        720 bytes,     544456 total
- age   6:        104 bytes,     544560 total
: 657912K->1803K(737280K), 0.0094540 secs] 1659721K->1003618K(1761280K), 0.0096330 secs] [Times: user=0.06 sys=0.00, real=0.01 secs] 
1034.932: [GC1034.932: [ParNew
Desired survivor size 41943040 bytes, new threshold 6 (max 6)
- age   1:    2251280 bytes,    2251280 total
- age   2:       8464 bytes,    2259744 total
- age   3:       3176 bytes,    2262920 total
- age   4:        768 bytes,    2263688 total
- age   5:        696 bytes,    2264384 total
- age   6:        720 bytes,    2265104 total
: 657163K->2553K(737280K), 0.0072370 secs] 1658978K->1004369K(1761280K), 0.0074380 secs] [Times: user=0.05 sys=0.00, real=0.01 secs] 
1035.161: [GC1035.161: [ParNew
Desired survivor size 41943040 bytes, new threshold 6 (max 6)
- age   1:     404288 bytes,     404288 total
- age   2:       4288 bytes,     408576 total
- age   3:       8464 bytes,     417040 total
- age   4:       3176 bytes,     420216 total
- age   5:        768 bytes,     420984 total
- age   6:        696 bytes,     421680 total
: 657913K->1805K(737280K), 0.0070250 secs] 1659729K->1003621K(1761280K), 0.0072100 secs] [Times: user=0.03 sys=0.00, real=0.01 secs] 
1035.406: [GC1035.406: [ParNew
Desired survivor size 41943040 bytes, new threshold 6 (max 6)
- age   1:     840216 bytes,     840216 total
- age   2:       8040 bytes,     848256 total
- age   3:       4192 bytes,     852448 total
- age   4:       8320 bytes,     860768 total
- age   5:       3080 bytes,     863848 total
- age   6:        576 bytes,     864424 total
: 657165K->1177K(737280K), 0.0064320 secs] 1658981K->1002994K(1761280K), 0.0065590 secs] [Times: user=0.04 sys=0.00, real=0.00 secs] 
1035.626: [GC1035.626: [ParNew
Desired survivor size 41943040 bytes, new threshold 6 (max 6)
- age   1:    1720048 bytes,    1720048 total
- age   2:     264016 bytes,    1984064 total
- age   3:       7752 bytes,    1991816 total
- age   4:       4000 bytes,    1995816 total
- age   5:       8056 bytes,    2003872 total
- age   6:       3080 bytes,    2006952 total
: 656537K->2315K(737280K), 0.0073500 secs] 1658354K->1004132K(1761280K), 0.0075470 secs] [Times: user=0.05 sys=0.00, real=0.01 secs] 
1035.848: [GC1035.848: [ParNew
Desired survivor size 41943040 bytes, new threshold 6 (max 6)
- age   1:    1594328 bytes,    1594328 total
- age   2:       1696 bytes,    1596024 total
- age   3:       1272 bytes,    1597296 total
- age   4:       7592 bytes,    1604888 total
- age   5:       3952 bytes,    1608840 total
- age   6:       7984 bytes,    1616824 total
: 657675K->2494K(737280K), 0.0070670 secs] 1659492K->1004315K(1761280K), 0.0072030 secs] [Times: user=0.04 sys=0.00, real=0.01 secs] 
1036.070: [GC1036.070: [ParNew
Desired survivor size 41943040 bytes, new threshold 6 (max 6)
- age   1:    1178104 bytes,    1178104 total
- age   2:       7712 bytes,    1185816 total
- age   3:       1696 bytes,    1187512 total
- age   4:       1272 bytes,    1188784 total
- age   5:       7592 bytes,    1196376 total
- age   6:       3952 bytes,    1200328 total
: 657854K->1799K(737280K), 0.0064340 secs] 1659675K->1003629K(1761280K), 0.0065830 secs] [Times: user=0.04 sys=0.00, real=0.01 secs] 
1036.312: [GC1036.313: [ParNew
Desired survivor size 41943040 bytes, new threshold 6 (max 6)
- age   1:    2472696 bytes,    2472696 total
- age   2:     602512 bytes,    3075208 total
- age   3:       7680 bytes,    3082888 total
- age   4:       1696 bytes,    3084584 total
- age   5:       1248 bytes,    3085832 total
- age   6:       7592 bytes,    3093424 total
: 657159K->3837K(737280K), 0.0075160 secs] 1658989K->1005671K(1761280K), 0.0076640 secs] [Times: user=0.05 sys=0.00, real=0.01 secs] 
1036.551: [GC1036.551: [ParNew
Desired survivor size 41943040 bytes, new threshold 6 (max 6)
- age   1:     383312 bytes,     383312 total
- age   2:      18192 bytes,     401504 total
- age   3:        936 bytes,     402440 total
- age   4:       7680 bytes,     410120 total
- age   5:       1696 bytes,     411816 total
- age   6:       1248 bytes,     413064 total
: 659197K->2585K(737280K), 0.0058090 secs] 1661031K->1004426K(1761280K), 0.0059480 secs] [Times: user=0.04 sys=0.00, real=0.01 secs] 
1036.785: [GC1036.785: [ParNew
Desired survivor size 41943040 bytes, new threshold 6 (max 6)
- age   1:    1911128 bytes,    1911128 total
- age   2:       1376 bytes,    1912504 total
- age   3:      18064 bytes,    1930568 total
- age   4:        888 bytes,    1931456 total
- age   5:       7584 bytes,    1939040 total
- age   6:       1552 bytes,    1940592 total
: 657945K->2346K(737280K), 0.0069060 secs] 1659786K->1004188K(1761280K), 0.0070540 secs] [Times: user=0.05 sys=0.00, real=0.00 secs] 
1037.012: [GC1037.012: [ParNew
Desired survivor size 41943040 bytes, new threshold 6 (max 6)
- age   1:    3150528 bytes,    3150528 total
- age   2:     365104 bytes,    3515632 total
- age   3:       1136 bytes,    3516768 total
- age   4:      17896 bytes,    3534664 total
- age   5:        768 bytes,    3535432 total
- age   6:       7512 bytes,    3542944 total
: 657706K->4605K(737280K), 0.0087410 secs] 1659548K->1006449K(1761280K), 0.0089700 secs] [Times: user=0.06 sys=0.00, real=0.01 secs] 
1037.244: [GC1037.245: [ParNew
Desired survivor size 41943040 bytes, new threshold 6 (max 6)
- age   1:    2700328 bytes,    2700328 total
- age   2:     927760 bytes,    3628088 total
- age   3:       3808 bytes,    3631896 total
- age   4:       1040 bytes,    3632936 total
- age   5:      17848 bytes,    3650784 total
- age   6:        744 bytes,    3651528 total
: 659965K->5242K(737280K), 0.0100990 secs] 1661809K->1007093K(1761280K), 0.0102540 secs] [Times: user=0.07 sys=0.00, real=0.01 secs] 
1037.474: [GC1037.474: [ParNew
Desired survivor size 41943040 bytes, new threshold 6 (max 6)
- age   1:    2080928 bytes,    2080928 total
- age   2:       8016 bytes,    2088944 total
- age   3:       3648 bytes,    2092592 total
- age   4:       3808 bytes,    2096400 total
- age   5:       1040 bytes,    2097440 total
- age   6:      17848 bytes,    2115288 total
: 660602K->3423K(737280K), 0.0073510 secs] 1662453K->1005275K(1761280K), 0.0074760 secs] [Times: user=0.05 sys=0.00, real=0.00 secs] 
1037.705: [GC1037.705: [ParNew
Desired survivor size 41943040 bytes, new threshold 6 (max 6)
- age   1:    1369728 bytes,    1369728 total
- age   2:        392 bytes,    1370120 total
- age   3:       7776 bytes,    1377896 total
- age   4:       3360 bytes,    1381256 total
- age   5:       3472 bytes,    1384728 total
- age   6:        512 bytes,    1385240 total
: 658783K->2405K(737280K), 0.0068580 secs] 1660635K->1004274K(1761280K), 0.0070260 secs] [Times: user=0.05 sys=0.00, real=0.00 secs] 
1037.843: [CMS-concurrent-mark: 8.241/8.555 secs] [Times: user=62.01 sys=1.16, real=8.55 secs] 
1037.843: [CMS-concurrent-preclean-start]
1037.861: [CMS-concurrent-preclean: 0.016/0.017 secs] [Times: user=0.13 sys=0.00, real=0.02 secs] 
1037.861: [CMS-concurrent-abortable-preclean-start]
1037.953: [GC1037.953: [ParNew
Desired survivor size 41943040 bytes, new threshold 6 (max 6)
- age   1:     595928 bytes,     595928 total
- age   2:       5392 bytes,     601320 total
- age   3:        392 bytes,     601712 total
- age   4:       7776 bytes,     609488 total
- age   5:       3360 bytes,     612848 total
- age   6:       3448 bytes,     616296 total
: 657765K->1108K(737280K), 0.0061930 secs] 1659634K->1002979K(1761280K), 0.0063570 secs] [Times: user=0.04 sys=0.00, real=0.01 secs] 
1038.086: [CMS-concurrent-abortable-preclean: 0.216/0.225 secs] [Times: user=1.67 sys=0.04, real=0.23 secs] 
1038.102: [GC[YG occupancy: 404405 K (737280 K)]1038.102: [Rescan (parallel) , 0.0812900 secs]1038.184: [weak refs processing, 0.0000360 secs]1038.184: [scrub string table, 0.0010120 secs] [1 CMS-remark: 1001870K(1024000K)] 1406275K(1761280K), 0.0824820 secs] [Times: user=0.64 sys=0.00, real=0.09 secs] 
1038.187: [CMS-concurrent-sweep-start]
1038.283: [GC1038.283: [ParNew
Desired survivor size 41943040 bytes, new threshold 6 (max 6)
- age   1:    1493576 bytes,    1493576 total
- age   2:        984 bytes,    1494560 total
- age   3:       5352 bytes,    1499912 total
- age   4:        392 bytes,    1500304 total
- age   5:       7752 bytes,    1508056 total
- age   6:       3360 bytes,    1511416 total
: 656468K->1759K(737280K), 0.0069030 secs] 1658337K->1003631K(1761280K), 0.0070570 secs] [Times: user=0.05 sys=0.00, real=0.01 secs] 
1038.524: [GC1038.524: [ParNew
Desired survivor size 41943040 bytes, new threshold 6 (max 6)
- age   1:     243072 bytes,     243072 total
- age   2:        816 bytes,     243888 total
- age   3:        768 bytes,     244656 total
- age   4:       5088 bytes,     249744 total
- age   5:        320 bytes,     250064 total
- age   6:       7680 bytes,     257744 total
: 657119K->1232K(737280K), 0.0066420 secs] 1658990K->1003106K(1761280K), 0.0067810 secs] [Times: user=0.03 sys=0.01, real=0.00 secs] 
1038.756: [GC1038.756: [ParNew
Desired survivor size 41943040 bytes, new threshold 6 (max 6)
- age   1:    2886920 bytes,    2886920 total
- age   2:       4536 bytes,    2891456 total
- age   3:        816 bytes,    2892272 total
- age   4:        704 bytes,    2892976 total
- age   5:       5088 bytes,    2898064 total
- age   6:        320 bytes,    2898384 total
: 656592K->2969K(737280K), 0.0079380 secs] 1658466K->1004850K(1761280K), 0.0081180 secs] [Times: user=0.05 sys=0.01, real=0.01 secs] 
1039.000: [GC1039.000: [ParNew
Desired survivor size 41943040 bytes, new threshold 6 (max 6)
- age   1:     576880 bytes,     576880 total
- age   2:       1288 bytes,     578168 total
- age   3:       4440 bytes,     582608 total
- age   4:        672 bytes,     583280 total
- age   5:        536 bytes,     583816 total
- age   6:       4920 bytes,     588736 total
: 658329K->2215K(737280K), 0.0062080 secs] 1660210K->1004097K(1761280K), 0.0063470 secs] [Times: user=0.04 sys=0.00, real=0.01 secs] 
1039.241: [GC1039.242: [ParNew
Desired survivor size 41943040 bytes, new threshold 6 (max 6)
- age   1:    1364264 bytes,    1364264 total
- age   2:       1424 bytes,    1365688 total
- age   3:       1288 bytes,    1366976 total
- age   4:       4440 bytes,    1371416 total
- age   5:        648 bytes,    1372064 total
- age   6:        536 bytes,    1372600 total
: 657575K->1657K(737280K), 0.0068180 secs] 1659457K->1003544K(1761280K), 0.0069780 secs] [Times: user=0.05 sys=0.00, real=0.01 secs] 
1039.485: [GC1039.485: [ParNew
Desired survivor size 41943040 bytes, new threshold 6 (max 6)
- age   1:     431152 bytes,     431152 total
- age   2:        952 bytes,     432104 total
- age   3:       1232 bytes,     433336 total
- age   4:       1120 bytes,     434456 total
- age   5:       4416 bytes,     438872 total
- age   6:        648 bytes,     439520 total
: 657017K->1179K(737280K), 0.0060730 secs] 1658904K->1003067K(1761280K), 0.0062210 secs] [Times: user=0.05 sys=0.00, real=0.00 secs] 
1039.634: [CMS-concurrent-sweep: 1.378/1.447 secs] [Times: user=10.81 sys=0.23, real=1.45 secs] 
1039.634: [CMS-concurrent-reset-start]
1039.667: [CMS-concurrent-reset: 0.032/0.033 secs] [Times: user=0.24 sys=0.01, real=0.03 secs] 
1039.730: [GC1039.730: [ParNew
Desired survivor size 41943040 bytes, new threshold 6 (max 6)
- age   1:    1590480 bytes,    1590480 total
- age   2:       7816 bytes,    1598296 total
- age   3:        856 bytes,    1599152 total
- age   4:       1184 bytes,    1600336 total
- age   5:        976 bytes,    1601312 total
- age   6:       4368 bytes,    1605680 total
: 656539K->1717K(737280K), 0.0068820 secs] 1653683K->998862K(1761280K), 0.0070300 secs] [Times: user=0.05 sys=0.00, real=0.01 secs] 
1039.738: [GC [1 CMS-initial-mark: 997144K(1024000K)] 1000160K(1761280K), 0.0057050 secs] [Times: user=0.01 sys=0.00, real=0.01 secs] 
1039.744: [CMS-concurrent-mark-start]
1039.988: [GC1039.988: [ParNew
Desired survivor size 41943040 bytes, new threshold 6 (max 6)
- age   1:    1664616 bytes,    1664616 total
- age   2:       4328 bytes,    1668944 total
- age   3:       7816 bytes,    1676760 total
- age   4:        760 bytes,    1677520 total
- age   5:        968 bytes,    1678488 total
- age   6:        904 bytes,    1679392 total
: 657077K->2223K(737280K), 0.0071700 secs] 1654222K->999372K(1761280K), 0.0073160 secs] [Times: user=0.05 sys=0.00, real=0.01 secs] 
1040.225: [GC1040.225: [ParNew
Desired survivor size 41943040 bytes, new threshold 6 (max 6)
- age   1:     594416 bytes,     594416 total
- age   2:        464 bytes,     594880 total
- age   3:       4112 bytes,     598992 total
- age   4:       7696 bytes,     606688 total
- age   5:        616 bytes,     607304 total
- age   6:        728 bytes,     608032 total
: 657583K->1547K(737280K), 0.0060950 secs] 1654732K->998698K(1761280K), 0.0062330 secs] [Times: user=0.04 sys=0.00, real=0.00 secs] 
1040.460: [GC1040.460: [ParNew
Desired survivor size 41943040 bytes, new threshold 6 (max 6)
- age   1:     512432 bytes,     512432 total
- age   2:        912 bytes,     513344 total
- age   3:        424 bytes,     513768 total
- age   4:       4112 bytes,     517880 total
- age   5:       7696 bytes,     525576 total
- age   6:        592 bytes,     526168 total
: 656907K->803K(737280K), 0.0058130 secs] 1654058K->997954K(1761280K), 0.0060610 secs] [Times: user=0.04 sys=0.00, real=0.01 secs] 
1040.731: [GC1040.731: [ParNew
Desired survivor size 41943040 bytes, new threshold 6 (max 6)
- age   1:    1845296 bytes,    1845296 total
- age   2:        848 bytes,    1846144 total
- age   3:        864 bytes,    1847008 total
- age   4:        424 bytes,    1847432 total
- age   5:       4112 bytes,    1851544 total
- age   6:       7696 bytes,    1859240 total
: 656163K->2271K(737280K), 0.0070950 secs] 1653314K->999423K(1761280K), 0.0072670 secs] [Times: user=0.05 sys=0.00, real=0.01 secs] 
1040.990: [GC1040.990: [ParNew
Desired survivor size 41943040 bytes, new threshold 6 (max 6)
- age   1:    1485288 bytes,    1485288 total
- age   2:       4072 bytes,    1489360 total
- age   3:        800 bytes,    1490160 total
- age   4:        840 bytes,    1491000 total
- age   5:        352 bytes,    1491352 total
- age   6:       4088 bytes,    1495440 total
: 657631K->2237K(737280K), 0.0068960 secs] 1654783K->999396K(1761280K), 0.0070720 secs] [Times: user=0.05 sys=0.00, real=0.01 secs] 
1041.233: [GC1041.233: [ParNew
Desired survivor size 41943040 bytes, new threshold 6 (max 6)
- age   1:    1013168 bytes,    1013168 total
- age   2:       1072 bytes,    1014240 total
- age   3:       4072 bytes,    1018312 total
- age   4:        800 bytes,    1019112 total
- age   5:        840 bytes,    1019952 total
- age   6:        352 bytes,    1020304 total
: 657597K->1468K(737280K), 0.0065140 secs] 1654756K->998631K(1761280K), 0.0066470 secs] [Times: user=0.04 sys=0.00, real=0.01 secs] 
1041.499: [GC1041.499: [ParNew
Desired survivor size 41943040 bytes, new threshold 6 (max 6)
- age   1:    1637520 bytes,    1637520 total
- age   2:        720 bytes,    1638240 total
- age   3:        928 bytes,    1639168 total
- age   4:       3952 bytes,    1643120 total
- age   5:        776 bytes,    1643896 total
- age   6:        840 bytes,    1644736 total
: 656828K->1950K(737280K), 0.0067150 secs] 1653991K->999113K(1761280K), 0.0068850 secs] [Times: user=0.04 sys=0.00, real=0.01 secs] 
1041.762: [GC1041.762: [ParNew
Desired survivor size 41943040 bytes, new threshold 6 (max 6)
- age   1:    1052224 bytes,    1052224 total
- age   2:      11352 bytes,    1063576 total
- age   3:        720 bytes,    1064296 total
- age   4:        928 bytes,    1065224 total
- age   5:       3952 bytes,    1069176 total
- age   6:        776 bytes,    1069952 total
: 657310K->2039K(737280K), 0.0067660 secs] 1654473K->999204K(1761280K), 0.0068960 secs] [Times: user=0.04 sys=0.00, real=0.01 secs] 
1042.004: [GC1042.004: [ParNew
Desired survivor size 41943040 bytes, new threshold 6 (max 6)
- age   1:     997800 bytes,     997800 total
- age   2:       4144 bytes,    1001944 total
- age   3:      11136 bytes,    1013080 total
- age   4:        552 bytes,    1013632 total
- age   5:        832 bytes,    1014464 total
- age   6:       3856 bytes,    1018320 total
: 657399K->1334K(737280K), 0.0065140 secs] 1654564K->998500K(1761280K), 0.0066640 secs] [Times: user=0.04 sys=0.00, real=0.00 secs] 
1042.252: [GC1042.252: [ParNew
Desired survivor size 41943040 bytes, new threshold 6 (max 6)
- age   1:    1891432 bytes,    1891432 total
- age   2:       4208 bytes,    1895640 total
- age   3:       4056 bytes,    1899696 total
- age   4:      10920 bytes,    1910616 total
- age   5:        456 bytes,    1911072 total
- age   6:        760 bytes,    1911832 total
: 656694K->2575K(737280K), 0.0082030 secs] 1653860K->999744K(1761280K), 0.0083750 secs] [Times: user=0.05 sys=0.00, real=0.01 secs] 
1042.491: [GC1042.491: [ParNew
Desired survivor size 41943040 bytes, new threshold 6 (max 6)
- age   1:    3206120 bytes,    3206120 total
- age   2:       1696 bytes,    3207816 total
- age   3:       4208 bytes,    3212024 total
- age   4:       4056 bytes,    3216080 total
- age   5:      10920 bytes,    3227000 total
- age   6:        456 bytes,    3227456 total
: 657935K->4086K(737280K), 0.0082120 secs] 1655104K->1001256K(1761280K), 0.0083820 secs] [Times: user=0.06 sys=0.00, real=0.01 secs] 
1042.715: [GC1042.715: [ParNew
Desired survivor size 41943040 bytes, new threshold 6 (max 6)
- age   1:    2206640 bytes,    2206640 total
- age   2:     711720 bytes,    2918360 total
- age   3:       1432 bytes,    2919792 total
- age   4:       4016 bytes,    2923808 total
- age   5:       3720 bytes,    2927528 total
- age   6:      10680 bytes,    2938208 total
: 659446K->4505K(737280K), 0.0074940 secs] 1656616K->1001675K(1761280K), 0.0076660 secs] [Times: user=0.05 sys=0.00, real=0.00 secs] 
1042.952: [GC1042.952: [ParNew
Desired survivor size 41943040 bytes, new threshold 6 (max 6)
- age   1:    3054488 bytes,    3054488 total
- age   2:       2072 bytes,    3056560 total
- age   3:       1096 bytes,    3057656 total
- age   4:       1432 bytes,    3059088 total
- age   5:       3992 bytes,    3063080 total
- age   6:       3720 bytes,    3066800 total
: 659865K->4979K(737280K), 0.0082840 secs] 1657035K->1002160K(1761280K), 0.0084370 secs] [Times: user=0.05 sys=0.00, real=0.01 secs] 
1043.201: [GC1043.202: [ParNew
Desired survivor size 41943040 bytes, new threshold 6 (max 6)
- age   1:    1077608 bytes,    1077608 total
- age   2:        696 bytes,    1078304 total
- age   3:       2048 bytes,    1080352 total
- age   4:       1096 bytes,    1081448 total
- age   5:       1432 bytes,    1082880 total
- age   6:       3992 bytes,    1086872 total
: 660339K->2957K(737280K), 0.0066490 secs] 1657520K->1000142K(1761280K), 0.0067780 secs] [Times: user=0.05 sys=0.00, real=0.01 secs] 
1043.439: [GC1043.440: [ParNew
Desired survivor size 41943040 bytes, new threshold 6 (max 6)
- age   1:    4745296 bytes,    4745296 total
- age   2:       4384 bytes,    4749680 total
- age   3:        696 bytes,    4750376 total
- age   4:       2048 bytes,    4752424 total
- age   5:       1096 bytes,    4753520 total
- age   6:       1408 bytes,    4754928 total
: 658317K->5149K(737280K), 0.0092550 secs] 1655502K->1002338K(1761280K), 0.0094050 secs] [Times: user=0.06 sys=0.00, real=0.01 secs] 
1043.669: [GC1043.669: [ParNew
Desired survivor size 41943040 bytes, new threshold 6 (max 6)
- age   1:    1068080 bytes,    1068080 total
- age   2:       8176 bytes,    1076256 total
- age   3:       4384 bytes,    1080640 total
- age   4:        696 bytes,    1081336 total
- age   5:       2048 bytes,    1083384 total
- age   6:       1096 bytes,    1084480 total
: 660509K->3733K(737280K), 0.0065580 secs] 1657698K->1000924K(1761280K), 0.0067320 secs] [Times: user=0.04 sys=0.00, real=0.01 secs] 
1043.913: [GC1043.913: [ParNew
Desired survivor size 41943040 bytes, new threshold 6 (max 6)
- age   1:    1699912 bytes,    1699912 total
- age   2:        704 bytes,    1700616 total
- age   3:       7888 bytes,    1708504 total
- age   4:       4120 bytes,    1712624 total
- age   5:        600 bytes,    1713224 total
- age   6:       1784 bytes,    1715008 total
: 659093K->2246K(737280K), 0.0072050 secs] 1656284K->999438K(1761280K), 0.0073590 secs] [Times: user=0.05 sys=0.00, real=0.01 secs] 
1044.145: [GC1044.145: [ParNew
Desired survivor size 41943040 bytes, new threshold 6 (max 6)
- age   1:    1732080 bytes,    1732080 total
- age   2:       1336 bytes,    1733416 total
- age   3:        704 bytes,    1734120 total
- age   4:       7888 bytes,    1742008 total
- age   5:       4120 bytes,    1746128 total
- age   6:        600 bytes,    1746728 total
: 657606K->2722K(737280K), 0.0067360 secs] 1654798K->999916K(1761280K), 0.0068780 secs] [Times: user=0.04 sys=0.00, real=0.00 secs] 
1044.388: [GC1044.388: [ParNew
Desired survivor size 41943040 bytes, new threshold 6 (max 6)
- age   1:    1117968 bytes,    1117968 total
- age   2:        912 bytes,    1118880 total
- age   3:       1016 bytes,    1119896 total
- age   4:        704 bytes,    1120600 total
- age   5:       7864 bytes,    1128464 total
- age   6:       4120 bytes,    1132584 total
: 658082K->1877K(737280K), 0.0066070 secs] 1655276K->999072K(1761280K), 0.0068090 secs] [Times: user=0.04 sys=0.01, real=0.01 secs] 
1044.603: [GC1044.603: [ParNew
Desired survivor size 41943040 bytes, new threshold 6 (max 6)
- age   1:    1856432 bytes,    1856432 total
- age   2:       4136 bytes,    1860568 total
- age   3:        912 bytes,    1861480 total
- age   4:       1016 bytes,    1862496 total
- age   5:        704 bytes,    1863200 total
- age   6:       7864 bytes,    1871064 total
: 657237K->2287K(737280K), 0.0070860 secs] 1654432K->999486K(1761280K), 0.0072370 secs] [Times: user=0.05 sys=0.00, real=0.01 secs] 
1044.846: [GC1044.846: [ParNew
Desired survivor size 41943040 bytes, new threshold 6 (max 6)
- age   1:    2153368 bytes,    2153368 total
- age   2:       3528 bytes,    2156896 total
- age   3:       2136 bytes,    2159032 total
- age   4:        816 bytes,    2159848 total
- age   5:        968 bytes,    2160816 total
- age   6:        680 bytes,    2161496 total
: 657647K->2959K(737280K), 0.0073840 secs] 1654846K->1000166K(1761280K), 0.0075200 secs] [Times: user=0.05 sys=0.01, real=0.00 secs] 
1045.099: [GC1045.099: [ParNew
Desired survivor size 41943040 bytes, new threshold 6 (max 6)
- age   1:     806352 bytes,     806352 total
- age   2:       1160 bytes,     807512 total
- age   3:       3528 bytes,     811040 total
- age   4:       2136 bytes,     813176 total
- age   5:        816 bytes,     813992 total
- age   6:        944 bytes,     814936 total
: 658319K->1977K(737280K), 0.0062870 secs] 1655526K->999185K(1761280K), 0.0064350 secs] [Times: user=0.05 sys=0.00, real=0.01 secs] 
1045.325: [GC1045.325: [ParNew
Desired survivor size 41943040 bytes, new threshold 6 (max 6)
- age   1:     488144 bytes,     488144 total
- age   2:        984 bytes,     489128 total
- age   3:        992 bytes,     490120 total
- age   4:       3408 bytes,     493528 total
- age   5:       1992 bytes,     495520 total
- age   6:        768 bytes,     496288 total
: 657337K->891K(737280K), 0.0063230 secs] 1654545K->998100K(1761280K), 0.0064810 secs] [Times: user=0.04 sys=0.00, real=0.00 secs] 
1045.552: [GC1045.552: [ParNew
Desired survivor size 41943040 bytes, new threshold 6 (max 6)
- age   1:    1357032 bytes,    1357032 total
- age   2:       4040 bytes,    1361072 total
- age   3:        912 bytes,    1361984 total
- age   4:        824 bytes,    1362808 total
- age   5:       3408 bytes,    1366216 total
- age   6:       1896 bytes,    1368112 total
: 656251K->1520K(737280K), 0.0066500 secs] 1653460K->998729K(1761280K), 0.0067900 secs] [Times: user=0.05 sys=0.00, real=0.01 secs] 
1045.774: [GC1045.774: [ParNew
Desired survivor size 41943040 bytes, new threshold 6 (max 6)
- age   1:     596344 bytes,     596344 total
- age   2:       8080 bytes,     604424 total
- age   3:       3896 bytes,     608320 total
- age   4:        648 bytes,     608968 total
- age   5:        560 bytes,     609528 total
- age   6:       3192 bytes,     612720 total
: 656880K->1097K(737280K), 0.0063800 secs] 1654089K->998308K(1761280K), 0.0065200 secs] [Times: user=0.04 sys=0.00, real=0.01 secs] 
1046.016: [GC1046.016: [ParNew
Desired survivor size 41943040 bytes, new threshold 6 (max 6)
- age   1:    2642424 bytes,    2642424 total
- age   2:        944 bytes,    2643368 total
- age   3:       7912 bytes,    2651280 total
- age   4:       3848 bytes,    2655128 total
- age   5:        504 bytes,    2655632 total
- age   6:        416 bytes,    2656048 total
: 656457K->2804K(737280K), 0.0076230 secs] 1653668K->1000019K(1761280K), 0.0077710 secs] [Times: user=0.05 sys=0.00, real=0.00 secs] 
1046.241: [GC1046.241: [ParNew
Desired survivor size 41943040 bytes, new threshold 6 (max 6)
- age   1:    2469736 bytes,    2469736 total
- age   2:       1008 bytes,    2470744 total
- age   3:        888 bytes,    2471632 total
- age   4:       7840 bytes,    2479472 total
- age   5:       3848 bytes,    2483320 total
- age   6:        432 bytes,    2483752 total
: 658164K->3622K(737280K), 0.0072340 secs] 1655379K->1000837K(1761280K), 0.0074220 secs] [Times: user=0.05 sys=0.00, real=0.01 secs] 
1046.482: [GC1046.482: [ParNew
Desired survivor size 41943040 bytes, new threshold 6 (max 6)
- age   1:    2400184 bytes,    2400184 total
- age   2:       1464 bytes,    2401648 total
- age   3:       1008 bytes,    2402656 total
- age   4:        888 bytes,    2403544 total
- age   5:       7840 bytes,    2411384 total
- age   6:       3824 bytes,    2415208 total
: 658982K->4089K(737280K), 0.0079240 secs] 1656197K->1001304K(1761280K), 0.0080910 secs] [Times: user=0.05 sys=0.00, real=0.01 secs] 
1046.716: [GC1046.716: [ParNew
Desired survivor size 41943040 bytes, new threshold 6 (max 6)
- age   1:    1115008 bytes,    1115008 total
- age   2:        832 bytes,    1115840 total
- age   3:       1032 bytes,    1116872 total
- age   4:        696 bytes,    1117568 total
- age   5:        576 bytes,    1118144 total
- age   6:       7584 bytes,    1125728 total
: 659449K->1652K(737280K), 0.0068420 secs] 1656664K->998871K(1761280K), 0.0069760 secs] [Times: user=0.05 sys=0.00, real=0.00 secs] 
1046.931: [CMS-concurrent-mark: 6.925/7.187 secs] [Times: user=53.67 sys=1.02, real=7.18 secs] 
1046.931: [CMS-concurrent-preclean-start]
1046.947: [CMS-concurrent-preclean: 0.015/0.016 secs] [Times: user=0.13 sys=0.00, real=0.02 secs] 
1046.947: [CMS-concurrent-abortable-preclean-start]
1046.955: [GC1046.955: [ParNew
Desired survivor size 41943040 bytes, new threshold 6 (max 6)
- age   1:    2304432 bytes,    2304432 total
- age   2:       1224 bytes,    2305656 total
- age   3:        832 bytes,    2306488 total
- age   4:       1032 bytes,    2307520 total
- age   5:        672 bytes,    2308192 total
- age   6:        576 bytes,    2308768 total
: 657012K->2830K(737280K), 0.0078090 secs] 1654231K->1000057K(1761280K), 0.0079760 secs] [Times: user=0.05 sys=0.00, real=0.00 secs] 
1047.093: [CMS-concurrent-abortable-preclean: 0.135/0.146 secs] [Times: user=1.08 sys=0.02, real=0.14 secs] 
1047.095: [GC[YG occupancy: 406155 K (737280 K)]1047.095: [Rescan (parallel) , 0.0842500 secs]1047.179: [weak refs processing, 0.0000300 secs]1047.179: [scrub string table, 0.0010120 secs] [1 CMS-remark: 997227K(1024000K)] 1403382K(1761280K), 0.0854090 secs] [Times: user=0.64 sys=0.01, real=0.08 secs] 
1047.181: [CMS-concurrent-sweep-start]
1047.279: [GC1047.279: [ParNew
Desired survivor size 41943040 bytes, new threshold 6 (max 6)
- age   1:     730512 bytes,     730512 total
- age   2:        976 bytes,     731488 total
- age   3:       1224 bytes,     732712 total
- age   4:        832 bytes,     733544 total
- age   5:       1032 bytes,     734576 total
- age   6:        672 bytes,     735248 total
: 658190K->1988K(737280K), 0.0060640 secs] 1655416K->999216K(1761280K), 0.0061940 secs] [Times: user=0.04 sys=0.00, real=0.01 secs] 
1047.536: [GC1047.536: [ParNew
Desired survivor size 41943040 bytes, new threshold 6 (max 6)
- age   1:    2033512 bytes,    2033512 total
- age   2:        784 bytes,    2034296 total
- age   3:        808 bytes,    2035104 total
- age   4:        960 bytes,    2036064 total
- age   5:        664 bytes,    2036728 total
- age   6:        864 bytes,    2037592 total
: 657348K->2199K(737280K), 0.0068000 secs] 1654575K->999426K(1761280K), 0.0069400 secs] [Times: user=0.05 sys=0.00, real=0.00 secs] 
1047.788: [GC1047.788: [ParNew
Desired survivor size 41943040 bytes, new threshold 6 (max 6)
- age   1:    2073104 bytes,    2073104 total
- age   2:       7904 bytes,    2081008 total
- age   3:        760 bytes,    2081768 total
- age   4:        760 bytes,    2082528 total
- age   5:        912 bytes,    2083440 total
- age   6:        640 bytes,    2084080 total
: 657559K->2907K(737280K), 0.0075810 secs] 1654786K->1000136K(1761280K), 0.0077260 secs] [Times: user=0.04 sys=0.00, real=0.01 secs] 
1048.049: [GC1048.049: [ParNew
Desired survivor size 41943040 bytes, new threshold 6 (max 6)
- age   1:     427480 bytes,     427480 total
- age   2:       4280 bytes,     431760 total
- age   3:       7904 bytes,     439664 total
- age   4:        760 bytes,     440424 total
- age   5:        736 bytes,     441160 total
- age   6:        912 bytes,     442072 total
: 658267K->1941K(737280K), 0.0060420 secs] 1655496K->999171K(1761280K), 0.0061590 secs] [Times: user=0.05 sys=0.00, real=0.01 secs] 
1048.290: [GC1048.290: [ParNew
Desired survivor size 41943040 bytes, new threshold 6 (max 6)
- age   1:     795392 bytes,     795392 total
- age   2:        952 bytes,     796344 total
- age   3:       4280 bytes,     800624 total
- age   4:       7880 bytes,     808504 total
- age   5:        760 bytes,     809264 total
- age   6:        736 bytes,     810000 total
: 657301K->1112K(737280K), 0.0061590 secs] 1654531K->998342K(1761280K), 0.0062940 secs] [Times: user=0.03 sys=0.00, real=0.01 secs] 
1048.426: [CMS-concurrent-sweep: 1.201/1.245 secs] [Times: user=9.28 sys=0.20, real=1.25 secs] 
1048.426: [CMS-concurrent-reset-start]
1048.512: [CMS-concurrent-reset: 0.086/0.086 secs] [Times: user=0.64 sys=0.02, real=0.08 secs] 
1048.519: [GC1048.519: [ParNew
Desired survivor size 41943040 bytes, new threshold 6 (max 6)
- age   1:    2328824 bytes,    2328824 total
- age   2:        800 bytes,    2329624 total
- age   3:        616 bytes,    2330240 total
- age   4:       4208 bytes,    2334448 total
- age   5:       7664 bytes,    2342112 total
- age   6:        496 bytes,    2342608 total
: 656472K->2595K(737280K), 0.0076240 secs] 1653654K->999778K(1761280K), 0.0078060 secs] [Times: user=0.05 sys=0.00, real=0.01 secs] 
1048.528: [GC [1 CMS-initial-mark: 997182K(1024000K)] 1000733K(1761280K), 0.0066940 secs] [Times: user=0.01 sys=0.00, real=0.01 secs] 
1048.535: [CMS-concurrent-mark-start]
1048.775: [GC1048.775: [ParNew
Desired survivor size 41943040 bytes, new threshold 6 (max 6)
- age   1:    1026024 bytes,    1026024 total
- age   2:       4072 bytes,    1030096 total
- age   3:        416 bytes,    1030512 total
- age   4:        376 bytes,    1030888 total
- age   5:       3920 bytes,    1034808 total
- age   6:       7448 bytes,    1042256 total
: 657955K->1901K(737280K), 0.0068080 secs] 1655138K->999084K(1761280K), 0.0069550 secs] [Times: user=0.04 sys=0.00, real=0.00 secs] 
1049.025: [GC1049.025: [ParNew
Desired survivor size 41943040 bytes, new threshold 6 (max 6)
- age   1:     914248 bytes,     914248 total
- age   2:      14736 bytes,     928984 total
- age   3:       4072 bytes,     933056 total
- age   4:        416 bytes,     933472 total
- age   5:        352 bytes,     933824 total
- age   6:       3920 bytes,     937744 total
: 657261K->1499K(737280K), 0.0064210 secs] 1654444K->998690K(1761280K), 0.0065830 secs] [Times: user=0.04 sys=0.00, real=0.01 secs] 
1049.261: [GC1049.261: [ParNew
Desired survivor size 41943040 bytes, new threshold 6 (max 6)
- age   1:    1689648 bytes,    1689648 total
- age   2:     787496 bytes,    2477144 total
- age   3:      14736 bytes,    2491880 total
- age   4:       4072 bytes,    2495952 total
- age   5:        416 bytes,    2496368 total
- age   6:        352 bytes,    2496720 total
: 656859K->2928K(737280K), 0.0072580 secs] 1654050K->1000123K(1761280K), 0.0074130 secs] [Times: user=0.05 sys=0.00, real=0.01 secs] 
1049.506: [GC1049.506: [ParNew
Desired survivor size 41943040 bytes, new threshold 6 (max 6)
- age   1:     751720 bytes,     751720 total
- age   2:       1000 bytes,     752720 total
- age   3:       1040 bytes,     753760 total
- age   4:      14736 bytes,     768496 total
- age   5:       4072 bytes,     772568 total
- age   6:        392 bytes,     772960 total
: 658288K->2054K(737280K), 0.0061290 secs] 1655483K->999249K(1761280K), 0.0062810 secs] [Times: user=0.04 sys=0.00, real=0.00 secs] 
1049.780: [GC1049.780: [ParNew
Desired survivor size 41943040 bytes, new threshold 6 (max 6)
- age   1:     629752 bytes,     629752 total
- age   2:       8072 bytes,     637824 total
- age   3:        808 bytes,     638632 total
- age   4:        920 bytes,     639552 total
- age   5:      14544 bytes,     654096 total
- age   6:       3952 bytes,     658048 total
: 657414K->1053K(737280K), 0.0060220 secs] 1654609K->998248K(1761280K), 0.0061910 secs] [Times: user=0.04 sys=0.00, real=0.01 secs] 
1050.034: [GC1050.034: [ParNew
Desired survivor size 41943040 bytes, new threshold 6 (max 6)
- age   1:     308184 bytes,     308184 total
- age   2:       1136 bytes,     309320 total
- age   3:       7872 bytes,     317192 total
- age   4:        664 bytes,     317856 total
- age   5:        752 bytes,     318608 total
- age   6:      14400 bytes,     333008 total
: 656413K->739K(737280K), 0.0060680 secs] 1653608K->997939K(1761280K), 0.0062780 secs] [Times: user=0.03 sys=0.00, real=0.01 secs] 
1050.296: [GC1050.296: [ParNew
Desired survivor size 41943040 bytes, new threshold 6 (max 6)
- age   1:    1670688 bytes,    1670688 total
- age   2:        872 bytes,    1671560 total
- age   3:        968 bytes,    1672528 total
- age   4:       7752 bytes,    1680280 total
- age   5:        496 bytes,    1680776 total
- age   6:        584 bytes,    1681360 total
: 656099K->1789K(737280K), 0.0070420 secs] 1653299K->999003K(1761280K), 0.0071940 secs] [Times: user=0.05 sys=0.00, real=0.00 secs] 
1050.591: [GC1050.591: [ParNew
Desired survivor size 41943040 bytes, new threshold 6 (max 6)
- age   1:     718552 bytes,     718552 total
- age   2:       7928 bytes,     726480 total
- age   3:        872 bytes,     727352 total
- age   4:        968 bytes,     728320 total
- age   5:       7728 bytes,     736048 total
- age   6:        496 bytes,     736544 total
: 657149K->1303K(737280K), 0.0065470 secs] 1654363K->998517K(1761280K), 0.0066890 secs] [Times: user=0.03 sys=0.00, real=0.01 secs] 
1050.837: [GC1050.838: [ParNew
Desired survivor size 41943040 bytes, new threshold 6 (max 6)
- age   1:    1396536 bytes,    1396536 total
- age   2:       1368 bytes,    1397904 total
- age   3:       7808 bytes,    1405712 total
- age   4:        800 bytes,    1406512 total
- age   5:        968 bytes,    1407480 total
- age   6:       7728 bytes,    1415208 total
: 656663K->1637K(737280K), 0.0066740 secs] 1653877K->998852K(1761280K), 0.0068300 secs] [Times: user=0.05 sys=0.00, real=0.00 secs] 
1051.094: [GC1051.094: [ParNew
Desired survivor size 41943040 bytes, new threshold 6 (max 6)
- age   1:    2628824 bytes,    2628824 total
- age   2:       1776 bytes,    2630600 total
- age   3:       1224 bytes,    2631824 total
- age   4:       7760 bytes,    2639584 total
- age   5:        728 bytes,    2640312 total
- age   6:        872 bytes,    2641184 total
: 656997K->3259K(737280K), 0.0075560 secs] 1654212K->1000482K(1761280K), 0.0077160 secs] [Times: user=0.05 sys=0.00, real=0.01 secs] 
1051.345: [GC1051.346: [ParNew
Desired survivor size 41943040 bytes, new threshold 6 (max 6)
- age   1:    1480384 bytes,    1480384 total
- age   2:       1280 bytes,    1481664 total
- age   3:       1704 bytes,    1483368 total
- age   4:       1080 bytes,    1484448 total
- age   5:       7640 bytes,    1492088 total
- age   6:        608 bytes,    1492696 total
: 658619K->2230K(737280K), 0.0073310 secs] 1655842K->999454K(1761280K), 0.0075100 secs] [Times: user=0.04 sys=0.00, real=0.00 secs] 
1051.589: [GC1051.589: [ParNew
Desired survivor size 41943040 bytes, new threshold 6 (max 6)
- age   1:     764256 bytes,     764256 total
- age   2:       1224 bytes,     765480 total
- age   3:       1280 bytes,     766760 total
- age   4:       1704 bytes,     768464 total
- age   5:       1080 bytes,     769544 total
- age   6:       7640 bytes,     777184 total
: 657590K->1857K(737280K), 0.0060800 secs] 1654814K->999081K(1761280K), 0.0062180 secs] [Times: user=0.04 sys=0.00, real=0.01 secs] 
1051.836: [GC1051.836: [ParNew
Desired survivor size 41943040 bytes, new threshold 6 (max 6)
- age   1:     905848 bytes,     905848 total
- age   2:       8048 bytes,     913896 total
- age   3:       1056 bytes,     914952 total
- age   4:       1136 bytes,     916088 total
- age   5:       1632 bytes,     917720 total
- age   6:        912 bytes,     918632 total
: 657217K->1220K(737280K), 0.0060830 secs] 1654441K->998452K(1761280K), 0.0062900 secs] [Times: user=0.04 sys=0.00, real=0.00 secs] 
1052.091: [GC1052.091: [ParNew
Desired survivor size 41943040 bytes, new threshold 6 (max 6)
- age   1:     535352 bytes,     535352 total
- age   2:       1888 bytes,     537240 total
- age   3:       7920 bytes,     545160 total
- age   4:       1056 bytes,     546216 total
- age   5:       1112 bytes,     547328 total
- age   6:       1632 bytes,     548960 total
: 656580K->1058K(737280K), 0.0065030 secs] 1653812K->998292K(1761280K), 0.0066760 secs] [Times: user=0.03 sys=0.00, real=0.01 secs] 
1052.334: [GC1052.334: [ParNew
Desired survivor size 41943040 bytes, new threshold 6 (max 6)
- age   1:    1629024 bytes,    1629024 total
- age   2:        696 bytes,    1629720 total
- age   3:       1840 bytes,    1631560 total
- age   4:       7800 bytes,    1639360 total
- age   5:        984 bytes,    1640344 total
- age   6:       1064 bytes,    1641408 total
: 656418K->1806K(737280K), 0.0069660 secs] 1653652K->999041K(1761280K), 0.0071730 secs] [Times: user=0.05 sys=0.00, real=0.01 secs] 
1052.581: [GC1052.581: [ParNew
Desired survivor size 41943040 bytes, new threshold 6 (max 6)
- age   1:    1651840 bytes,    1651840 total
- age   2:       1560 bytes,    1653400 total
- age   3:        552 bytes,    1653952 total
- age   4:       1552 bytes,    1655504 total
- age   5:       7656 bytes,    1663160 total
- age   6:        840 bytes,    1664000 total
: 657166K->2447K(737280K), 0.0064550 secs] 1654401K->999683K(1761280K), 0.0066270 secs] [Times: user=0.05 sys=0.00, real=0.01 secs] 
1052.822: [GC1052.822: [ParNew
Desired survivor size 41943040 bytes, new threshold 6 (max 6)
- age   1:    1464832 bytes,    1464832 total
- age   2:        624 bytes,    1465456 total
- age   3:       1272 bytes,    1466728 total
- age   4:        480 bytes,    1467208 total
- age   5:       1456 bytes,    1468664 total
- age   6:       7392 bytes,    1476056 total
: 657807K->2317K(737280K), 0.0072930 secs] 1655043K->999554K(1761280K), 0.0074410 secs] [Times: user=0.05 sys=0.00, real=0.01 secs] 
1053.074: [GC1053.074: [ParNew
Desired survivor size 41943040 bytes, new threshold 6 (max 6)
- age   1:     629392 bytes,     629392 total
- age   2:       4352 bytes,     633744 total
- age   3:        168 bytes,     633912 total
- age   4:        816 bytes,     634728 total
- age   6:        928 bytes,     635656 total
: 657677K->1650K(737280K), 0.0062570 secs] 1654914K->998894K(1761280K), 0.0064060 secs] [Times: user=0.04 sys=0.00, real=0.01 secs] 
1053.298: [GC1053.298: [ParNew
Desired survivor size 41943040 bytes, new threshold 6 (max 6)
- age   1:    1025408 bytes,    1025408 total
- age   2:      10896 bytes,    1036304 total
- age   3:       4352 bytes,    1040656 total
- age   4:        168 bytes,    1040824 total
- age   5:        816 bytes,    1041640 total
: 657010K->1305K(737280K), 0.0064300 secs] 1654254K->998550K(1761280K), 0.0065860 secs] [Times: user=0.04 sys=0.00, real=0.00 secs] 
1053.533: [GC1053.533: [ParNew
Desired survivor size 41943040 bytes, new threshold 6 (max 6)
- age   1:     939088 bytes,     939088 total
- age   2:       4120 bytes,     943208 total
- age   3:      10728 bytes,     953936 total
- age   4:       4328 bytes,     958264 total
- age   5:        168 bytes,     958432 total
- age   6:        792 bytes,     959224 total
: 656665K->1563K(737280K), 0.0061450 secs] 1653910K->998808K(1761280K), 0.0062910 secs] [Times: user=0.04 sys=0.00, real=0.01 secs] 
1053.764: [GC1053.764: [ParNew
Desired survivor size 41943040 bytes, new threshold 6 (max 6)
- age   1:     473232 bytes,     473232 total
- age   2:       4128 bytes,     477360 total
- age   3:       4120 bytes,     481480 total
- age   4:      10728 bytes,     492208 total
- age   5:       4328 bytes,     496536 total
- age   6:        168 bytes,     496704 total
: 656923K->790K(737280K), 0.0065100 secs] 1654168K->998036K(1761280K), 0.0066750 secs] [Times: user=0.04 sys=0.00, real=0.01 secs] 
1054.002: [GC1054.002: [ParNew
Desired survivor size 41943040 bytes, new threshold 6 (max 6)
- age   1:    2560296 bytes,    2560296 total
- age   2:       7504 bytes,    2567800 total
- age   3:       4008 bytes,    2571808 total
- age   4:       4120 bytes,    2575928 total
- age   5:      10608 bytes,    2586536 total
- age   6:       4296 bytes,    2590832 total
: 656150K->2854K(737280K), 0.0075600 secs] 1653396K->1000100K(1761280K), 0.0077640 secs] [Times: user=0.05 sys=0.00, real=0.01 secs] 
1054.221: [GC1054.221: [ParNew
Desired survivor size 41943040 bytes, new threshold 6 (max 6)
- age   1:    2324016 bytes,    2324016 total
- age   2:       1040 bytes,    2325056 total
- age   3:       7360 bytes,    2332416 total
- age   4:       3792 bytes,    2336208 total
- age   5:       3808 bytes,    2340016 total
- age   6:      10392 bytes,    2350408 total
: 658214K->3795K(737280K), 0.0076100 secs] 1655460K->1001046K(1761280K), 0.0077470 secs] [Times: user=0.05 sys=0.00, real=0.01 secs] 
1054.476: [GC1054.476: [ParNew
Desired survivor size 41943040 bytes, new threshold 6 (max 6)
- age   1:     692448 bytes,     692448 total
- age   2:       7904 bytes,     700352 total
- age   3:       1008 bytes,     701360 total
- age   4:       7360 bytes,     708720 total
- age   5:       3768 bytes,     712488 total
- age   6:       3808 bytes,     716296 total
: 659155K->2227K(737280K), 0.0062730 secs] 1656406K->999489K(1761280K), 0.0063970 secs] [Times: user=0.04 sys=0.00, real=0.00 secs] 
1054.697: [GC1054.697: [ParNew
Desired survivor size 41943040 bytes, new threshold 6 (max 6)
- age   1:    1518920 bytes,    1518920 total
- age   2:       1584 bytes,    1520504 total
- age   3:       7832 bytes,    1528336 total
- age   4:        840 bytes,    1529176 total
- age   5:       7360 bytes,    1536536 total
- age   6:       3768 bytes,    1540304 total
: 657587K->1920K(737280K), 0.0070360 secs] 1654849K->999186K(1761280K), 0.0072090 secs] [Times: user=0.05 sys=0.00, real=0.00 secs] 
1054.940: [GC1054.940: [ParNew
Desired survivor size 41943040 bytes, new threshold 6 (max 6)
- age   1:     353112 bytes,     353112 total
- age   2:       3976 bytes,     357088 total
- age   3:       1488 bytes,     358576 total
- age   4:       7616 bytes,     366192 total
- age   5:        744 bytes,     366936 total
- age   6:       7288 bytes,     374224 total
: 657280K->1311K(737280K), 0.0056190 secs] 1654546K->998580K(1761280K), 0.0057430 secs] [Times: user=0.03 sys=0.00, real=0.01 secs] 
1055.087: [CMS-concurrent-mark: 6.282/6.553 secs] [Times: user=48.81 sys=0.90, real=6.55 secs] 
1055.088: [CMS-concurrent-preclean-start]
1055.102: [CMS-concurrent-preclean: 0.014/0.014 secs] [Times: user=0.11 sys=0.00, real=0.01 secs] 
1055.102: [CMS-concurrent-abortable-preclean-start]
1055.160: [GC1055.160: [ParNew
Desired survivor size 41943040 bytes, new threshold 6 (max 6)
- age   1:    2047872 bytes,    2047872 total
- age   2:       1728 bytes,    2049600 total
- age   3:       3976 bytes,    2053576 total
- age   4:       1488 bytes,    2055064 total
- age   5:       7616 bytes,    2062680 total
- age   6:        720 bytes,    2063400 total
: 656671K->2200K(737280K), 0.0071410 secs] 1653940K->999476K(1761280K), 0.0073240 secs] [Times: user=0.05 sys=0.00, real=0.01 secs] 
1055.290: [CMS-concurrent-abortable-preclean: 0.178/0.188 secs] [Times: user=1.41 sys=0.02, real=0.19 secs] 
1055.298: [GC[YG occupancy: 364278 K (737280 K)]1055.298: [Rescan (parallel) , 0.0770470 secs]1055.375: [weak refs processing, 0.0000280 secs]1055.375: [scrub string table, 0.0010510 secs] [1 CMS-remark: 997276K(1024000K)] 1361554K(1761280K), 0.0782900 secs] [Times: user=0.59 sys=0.00, real=0.08 secs] 
1055.378: [CMS-concurrent-sweep-start]
1055.488: [GC1055.488: [ParNew
Desired survivor size 41943040 bytes, new threshold 6 (max 6)
- age   1:    2575744 bytes,    2575744 total
- age   2:        752 bytes,    2576496 total
- age   3:       1032 bytes,    2577528 total
- age   4:       3976 bytes,    2581504 total
- age   5:       1464 bytes,    2582968 total
- age   6:       7616 bytes,    2590584 total
: 657560K->3232K(737280K), 0.0076270 secs] 1654836K->1000509K(1761280K), 0.0077850 secs] [Times: user=0.05 sys=0.00, real=0.01 secs] 
1055.726: [GC1055.726: [ParNew
Desired survivor size 41943040 bytes, new threshold 6 (max 6)
- age   1:    2036184 bytes,    2036184 total
- age   2:       1128 bytes,    2037312 total
- age   3:        752 bytes,    2038064 total
- age   4:       1032 bytes,    2039096 total
- age   5:       3976 bytes,    2043072 total
- age   6:       1464 bytes,    2044536 total
: 658592K->3164K(737280K), 0.0074800 secs] 1655869K->1000449K(1761280K), 0.0076880 secs] [Times: user=0.06 sys=0.00, real=0.00 secs] 
1055.974: [GC1055.974: [ParNew
Desired survivor size 41943040 bytes, new threshold 6 (max 6)
- age   1:    1865320 bytes,    1865320 total
- age   2:       7640 bytes,    1872960 total
- age   3:        912 bytes,    1873872 total
- age   4:        704 bytes,    1874576 total
- age   5:        936 bytes,    1875512 total
- age   6:       3952 bytes,    1879464 total
: 658524K->2331K(737280K), 0.0069080 secs] 1655809K->999618K(1761280K), 0.0070540 secs] [Times: user=0.05 sys=0.00, real=0.01 secs] 
1056.224: [GC1056.224: [ParNew
Desired survivor size 41943040 bytes, new threshold 6 (max 6)
- age   1:    1042232 bytes,    1042232 total
- age   2:       4944 bytes,    1047176 total
- age   3:       7496 bytes,    1054672 total
- age   4:        720 bytes,    1055392 total
- age   5:        464 bytes,    1055856 total
- age   6:        672 bytes,    1056528 total
: 657691K->1894K(737280K), 0.0064410 secs] 1654978K->999184K(1761280K), 0.0065710 secs] [Times: user=0.04 sys=0.00, real=0.01 secs] 
1056.476: [GC1056.476: [ParNew
Desired survivor size 41943040 bytes, new threshold 6 (max 6)
- age   1:     665104 bytes,     665104 total
- age   2:       4424 bytes,     669528 total
- age   3:       4872 bytes,     674400 total
- age   4:       7376 bytes,     681776 total
- age   5:        600 bytes,     682376 total
- age   6:        368 bytes,     682744 total
: 657254K->1183K(737280K), 0.0058320 secs] 1654544K->998474K(1761280K), 0.0059940 secs] [Times: user=0.04 sys=0.00, real=0.01 secs] 
1056.666: [CMS-concurrent-sweep: 1.243/1.288 secs] [Times: user=9.64 sys=0.17, real=1.28 secs] 
1056.666: [CMS-concurrent-reset-start]
1056.716: [CMS-concurrent-reset: 0.050/0.050 secs] [Times: user=0.38 sys=0.00, real=0.05 secs] 
1056.718: [GC1056.718: [ParNew
Desired survivor size 41943040 bytes, new threshold 6 (max 6)
- age   1:    1721592 bytes,    1721592 total
- age   2:       1256 bytes,    1722848 total
- age   3:       4424 bytes,    1727272 total
- age   4:       4872 bytes,    1732144 total
- age   5:       7376 bytes,    1739520 total
- age   6:        600 bytes,    1740120 total
: 656543K->1977K(737280K), 0.0072460 secs] 1653792K->999226K(1761280K), 0.0074020 secs] [Times: user=0.04 sys=0.00, real=0.00 secs] 
1056.727: [GC [1 CMS-initial-mark: 997249K(1024000K)] 1002122K(1761280K), 0.0065470 secs] [Times: user=0.01 sys=0.00, real=0.00 secs] 
1056.734: [CMS-concurrent-mark-start]
1056.985: [GC1056.985: [ParNew
Desired survivor size 41943040 bytes, new threshold 6 (max 6)
- age   1:    1026336 bytes,    1026336 total
- age   2:        584 bytes,    1026920 total
- age   3:       1136 bytes,    1028056 total
- age   4:       4160 bytes,    1032216 total
- age   5:       4776 bytes,    1036992 total
- age   6:       7232 bytes,    1044224 total
: 657337K->1738K(737280K), 0.0063800 secs] 1654586K->998988K(1761280K), 0.0065120 secs] [Times: user=0.05 sys=0.00, real=0.01 secs] 
1057.225: [GC1057.225: [ParNew
Desired survivor size 41943040 bytes, new threshold 6 (max 6)
- age   1:     869680 bytes,     869680 total
- age   2:        952 bytes,     870632 total
- age   3:        464 bytes,     871096 total
- age   4:        848 bytes,     871944 total
- age   5:       3920 bytes,     875864 total
- age   6:       4704 bytes,     880568 total
: 657098K->1368K(737280K), 0.0064750 secs] 1654348K->998626K(1761280K), 0.0066120 secs] [Times: user=0.03 sys=0.00, real=0.01 secs] 
1057.467: [GC1057.468: [ParNew
Desired survivor size 41943040 bytes, new threshold 6 (max 6)
- age   1:     426648 bytes,     426648 total
- age   2:       4456 bytes,     431104 total
- age   3:        952 bytes,     432056 total
- age   4:        464 bytes,     432520 total
- age   5:        824 bytes,     433344 total
- age   6:       3920 bytes,     437264 total
: 656728K->1034K(737280K), 0.0066790 secs] 1653986K->998296K(1761280K), 0.0069170 secs] [Times: user=0.04 sys=0.00, real=0.00 secs] 
1057.711: [GC1057.711: [ParNew
Desired survivor size 41943040 bytes, new threshold 6 (max 6)
- age   1:    2194944 bytes,    2194944 total
- age   2:        752 bytes,    2195696 total
- age   3:       4312 bytes,    2200008 total
- age   4:        696 bytes,    2200704 total
- age   5:        464 bytes,    2201168 total
- age   6:        824 bytes,    2201992 total
: 656394K->2355K(737280K), 0.0072680 secs] 1653656K->999621K(1761280K), 0.0074670 secs] [Times: user=0.04 sys=0.00, real=0.01 secs] 
1057.976: [GC1057.976: [ParNew
Desired survivor size 41943040 bytes, new threshold 6 (max 6)
- age   1:     768944 bytes,     768944 total
- age   2:       7880 bytes,     776824 total
- age   3:        416 bytes,     777240 total
- age   4:       4072 bytes,     781312 total
- age   5:        504 bytes,     781816 total
- age   6:        344 bytes,     782160 total
: 657715K->2115K(737280K), 0.0071980 secs] 1654981K->999382K(1761280K), 0.0073320 secs] [Times: user=0.04 sys=0.00, real=0.01 secs] 
1058.235: [GC1058.235: [ParNew
Desired survivor size 41943040 bytes, new threshold 6 (max 6)
- age   1:    1378624 bytes,    1378624 total
- age   2:       4584 bytes,    1383208 total
- age   3:       7832 bytes,    1391040 total
- age   4:        344 bytes,    1391384 total
- age   5:       4024 bytes,    1395408 total
- age   6:        504 bytes,    1395912 total
: 657475K->1765K(737280K), 0.0067920 secs] 1654742K->999032K(1761280K), 0.0069310 secs] [Times: user=0.05 sys=0.00, real=0.01 secs] 
1058.474: [GC1058.475: [ParNew
Desired survivor size 41943040 bytes, new threshold 6 (max 6)
- age   1:    2160320 bytes,    2160320 total
- age   2:       4376 bytes,    2164696 total
- age   3:       4584 bytes,    2169280 total
- age   4:       7832 bytes,    2177112 total
- age   5:        320 bytes,    2177432 total
- age   6:       4024 bytes,    2181456 total
: 657125K->2646K(737280K), 0.0073300 secs] 1654392K->999914K(1761280K), 0.0074910 secs] [Times: user=0.05 sys=0.00, real=0.01 secs] 
1058.713: [GC1058.713: [ParNew
Desired survivor size 41943040 bytes, new threshold 6 (max 6)
- age   1:    1638672 bytes,    1638672 total
- age   2:       1296 bytes,    1639968 total
- age   3:       4376 bytes,    1644344 total
- age   4:       4584 bytes,    1648928 total
- age   5:       7832 bytes,    1656760 total
- age   6:        320 bytes,    1657080 total
: 658006K->2364K(737280K), 0.0070590 secs] 1655274K->999636K(1761280K), 0.0072290 secs] [Times: user=0.05 sys=0.00, real=0.01 secs] 
1058.972: [GC1058.972: [ParNew
Desired survivor size 41943040 bytes, new threshold 6 (max 6)
- age   1:    1323736 bytes,    1323736 total
- age   2:        976 bytes,    1324712 total
- age   3:       1104 bytes,    1325816 total
- age   4:       4328 bytes,    1330144 total
- age   5:       4320 bytes,    1334464 total
- age   6:       7760 bytes,    1342224 total
: 657724K->1897K(737280K), 0.0065230 secs] 1654996K->999169K(1761280K), 0.0066820 secs] [Times: user=0.05 sys=0.00, real=0.01 secs] 
1059.221: [GC1059.222: [ParNew
Desired survivor size 41943040 bytes, new threshold 6 (max 6)
- age   1:    1979520 bytes,    1979520 total
- age   2:        856 bytes,    1980376 total
- age   3:        904 bytes,    1981280 total
- age   4:        912 bytes,    1982192 total
- age   5:       4232 bytes,    1986424 total
- age   6:       4200 bytes,    1990624 total
: 657257K->2809K(737280K), 0.0074620 secs] 1654529K->1000089K(1761280K), 0.0077660 secs] [Times: user=0.04 sys=0.00, real=0.01 secs] 
1059.455: [GC1059.455: [ParNew
Desired survivor size 41943040 bytes, new threshold 6 (max 6)
- age   1:     768984 bytes,     768984 total
- age   2:       4024 bytes,     773008 total
- age   3:        856 bytes,     773864 total
- age   4:        904 bytes,     774768 total
- age   5:        888 bytes,     775656 total
- age   6:       4232 bytes,     779888 total
: 658169K->1583K(737280K), 0.0070450 secs] 1655449K->998867K(1761280K), 0.0072210 secs] [Times: user=0.04 sys=0.00, real=0.01 secs] 
1059.690: [GC1059.690: [ParNew
Desired survivor size 41943040 bytes, new threshold 6 (max 6)
- age   1:    1532728 bytes,    1532728 total
- age   2:        552 bytes,    1533280 total
- age   3:       3928 bytes,    1537208 total
- age   4:        728 bytes,    1537936 total
- age   5:        808 bytes,    1538744 total
- age   6:        768 bytes,    1539512 total
: 656943K->1844K(737280K), 0.0070000 secs] 1654227K->999133K(1761280K), 0.0072170 secs] [Times: user=0.04 sys=0.00, real=0.01 secs] 
1059.938: [GC1059.938: [ParNew
Desired survivor size 41943040 bytes, new threshold 6 (max 6)
- age   1:    1160056 bytes,    1160056 total
- age   2:       1040 bytes,    1161096 total
- age   3:        552 bytes,    1161648 total
- age   4:       3928 bytes,    1165576 total
- age   5:        728 bytes,    1166304 total
- age   6:        808 bytes,    1167112 total
: 657204K->1639K(737280K), 0.0085940 secs] 1654493K->998929K(1761280K), 0.0087550 secs] [Times: user=0.04 sys=0.00, real=0.01 secs] 
1060.189: [GC1060.189: [ParNew
Desired survivor size 41943040 bytes, new threshold 6 (max 6)
- age   1:    1859960 bytes,    1859960 total
- age   2:       8288 bytes,    1868248 total
- age   3:        800 bytes,    1869048 total
- age   4:        240 bytes,    1869288 total
- age   5:       3616 bytes,    1872904 total
- age   6:        536 bytes,    1873440 total
: 656999K->2365K(737280K), 0.0067710 secs] 1654289K->999655K(1761280K), 0.0069120 secs] [Times: user=0.04 sys=0.01, real=0.00 secs] 
1060.428: [GC1060.428: [ParNew
Desired survivor size 41943040 bytes, new threshold 6 (max 6)
- age   1:    1864312 bytes,    1864312 total
- age   2:     332608 bytes,    2196920 total
- age   3:       8216 bytes,    2205136 total
- age   4:        680 bytes,    2205816 total
- age   5:        168 bytes,    2205984 total
- age   6:       3520 bytes,    2209504 total
: 657725K->2501K(737280K), 0.0079710 secs] 1655015K->999792K(1761280K), 0.0081250 secs] [Times: user=0.04 sys=0.00, real=0.00 secs] 
1060.661: [GC1060.662: [ParNew
Desired survivor size 41943040 bytes, new threshold 6 (max 6)
- age   1:     937888 bytes,     937888 total
- age   2:       4416 bytes,     942304 total
- age   3:       1160 bytes,     943464 total
- age   4:       8096 bytes,     951560 total
- age   5:        536 bytes,     952096 total
- age   6:         72 bytes,     952168 total
: 657861K->2035K(737280K), 0.0064190 secs] 1655152K->999329K(1761280K), 0.0066120 secs] [Times: user=0.05 sys=0.00, real=0.01 secs] 
1060.913: [GC1060.913: [ParNew
Desired survivor size 41943040 bytes, new threshold 6 (max 6)
- age   1:    1581864 bytes,    1581864 total
- age   2:       4200 bytes,    1586064 total
- age   3:       4392 bytes,    1590456 total
- age   4:       1112 bytes,    1591568 total
- age   5:       7904 bytes,    1599472 total
- age   6:        464 bytes,    1599936 total
: 657395K->1822K(737280K), 0.0086420 secs] 1654689K->999116K(1761280K), 0.0088320 secs] [Times: user=0.04 sys=0.00, real=0.01 secs] 
1061.142: [GC1061.142: [ParNew
Desired survivor size 41943040 bytes, new threshold 6 (max 6)
- age   1:     526728 bytes,     526728 total
- age   2:       1184 bytes,     527912 total
- age   3:       4032 bytes,     531944 total
- age   4:       4224 bytes,     536168 total
- age   5:        992 bytes,     537160 total
- age   6:       7904 bytes,     545064 total
: 657182K->1386K(737280K), 0.0064240 secs] 1654476K->998680K(1761280K), 0.0065580 secs] [Times: user=0.05 sys=0.00, real=0.01 secs] 
1061.381: [GC1061.381: [ParNew
Desired survivor size 41943040 bytes, new threshold 6 (max 6)
- age   1:    1255352 bytes,    1255352 total
- age   2:       8312 bytes,    1263664 total
- age   3:       1064 bytes,    1264728 total
- age   4:       3792 bytes,    1268520 total
- age   5:       4104 bytes,    1272624 total
- age   6:        968 bytes,    1273592 total
: 656746K->1498K(737280K), 0.0067580 secs] 1654040K->998801K(1761280K), 0.0069820 secs] [Times: user=0.04 sys=0.00, real=0.01 secs] 
1061.610: [GC1061.610: [ParNew
Desired survivor size 41943040 bytes, new threshold 6 (max 6)
- age   1:    1933240 bytes,    1933240 total
- age   2:       7616 bytes,    1940856 total
- age   3:       8168 bytes,    1949024 total
- age   4:        992 bytes,    1950016 total
- age   5:       3624 bytes,    1953640 total
- age   6:       3960 bytes,    1957600 total
: 656858K->2500K(737280K), 0.0069490 secs] 1654161K->999804K(1761280K), 0.0071990 secs] [Times: user=0.05 sys=0.00, real=0.01 secs] 
1061.860: [GC1061.860: [ParNew
Desired survivor size 41943040 bytes, new threshold 6 (max 6)
- age   1:    2143576 bytes,    2143576 total
- age   2:       4064 bytes,    2147640 total
- age   3:       7472 bytes,    2155112 total
- age   4:       7928 bytes,    2163040 total
- age   5:        968 bytes,    2164008 total
- age   6:       3624 bytes,    2167632 total
: 657860K->2969K(737280K), 0.0073120 secs] 1655164K->1000277K(1761280K), 0.0075080 secs] [Times: user=0.05 sys=0.01, real=0.01 secs] 
1062.090: [GC1062.090: [ParNew
Desired survivor size 41943040 bytes, new threshold 6 (max 6)
- age   1:     449728 bytes,     449728 total
- age   2:      12136 bytes,     461864 total
- age   3:       3920 bytes,     465784 total
- age   4:       7376 bytes,     473160 total
- age   5:       7856 bytes,     481016 total
- age   6:        872 bytes,     481888 total
: 658329K->2011K(737280K), 0.0061820 secs] 1655637K->999323K(1761280K), 0.0063130 secs] [Times: user=0.04 sys=0.00, real=0.00 secs] 
1062.336: [GC1062.336: [ParNew
Desired survivor size 41943040 bytes, new threshold 6 (max 6)
- age   1:    1371712 bytes,    1371712 total
- age   2:        712 bytes,    1372424 total
- age   3:      11704 bytes,    1384128 total
- age   4:       3752 bytes,    1387880 total
- age   5:       7136 bytes,    1395016 total
- age   6:       7616 bytes,    1402632 total
: 657371K->1551K(737280K), 0.0068630 secs] 1654683K->998863K(1761280K), 0.0070370 secs] [Times: user=0.05 sys=0.00, real=0.01 secs] 
1062.561: [GC1062.561: [ParNew
Desired survivor size 41943040 bytes, new threshold 6 (max 6)
- age   1:    2118200 bytes,    2118200 total
- age   2:       7720 bytes,    2125920 total
- age   3:        712 bytes,    2126632 total
- age   4:      11672 bytes,    2138304 total
- age   5:       3728 bytes,    2142032 total
- age   6:       7184 bytes,    2149216 total
: 656911K->2660K(737280K), 0.0078680 secs] 1654223K->999980K(1761280K), 0.0080490 secs] [Times: user=0.05 sys=0.00, real=0.01 secs] 
1062.808: [GC1062.808: [ParNew
Desired survivor size 41943040 bytes, new threshold 6 (max 6)
- age   1:    1515456 bytes,    1515456 total
- age   2:     336680 bytes,    1852136 total
- age   3:       7720 bytes,    1859856 total
- age   4:        712 bytes,    1860568 total
- age   5:      11672 bytes,    1872240 total
- age   6:       3728 bytes,    1875968 total
: 658020K->3272K(737280K), 0.0073030 secs] 1655340K->1000599K(1761280K), 0.0074560 secs] [Times: user=0.05 sys=0.00, real=0.00 secs] 
1063.057: [GC1063.057: [ParNew
Desired survivor size 41943040 bytes, new threshold 6 (max 6)
- age   1:     227472 bytes,     227472 total
- age   2:        800 bytes,     228272 total
- age   3:       1512 bytes,     229784 total
- age   4:       7552 bytes,     237336 total
- age   5:        640 bytes,     237976 total
- age   6:      11672 bytes,     249648 total
: 658632K->1154K(737280K), 0.0062270 secs] 1655959K->998485K(1761280K), 0.0063670 secs] [Times: user=0.04 sys=0.01, real=0.01 secs] 
1063.295: [GC1063.295: [ParNew
Desired survivor size 41943040 bytes, new threshold 6 (max 6)
- age   1:    1055688 bytes,    1055688 total
- age   2:       4408 bytes,    1060096 total
- age   3:        624 bytes,    1060720 total
- age   4:       1248 bytes,    1061968 total
- age   5:       7384 bytes,    1069352 total
- age   6:        544 bytes,    1069896 total
: 656514K->1266K(737280K), 0.0069170 secs] 1653845K->998609K(1761280K), 0.0070660 secs] [Times: user=0.04 sys=0.00, real=0.01 secs] 
1063.519: [GC1063.519: [ParNew
Desired survivor size 41943040 bytes, new threshold 6 (max 6)
- age   1:    2260816 bytes,    2260816 total
- age   2:       1744 bytes,    2262560 total
- age   3:       4408 bytes,    2266968 total
- age   4:        624 bytes,    2267592 total
- age   5:       1224 bytes,    2268816 total
- age   6:       7384 bytes,    2276200 total
: 656626K->2613K(737280K), 0.0070510 secs] 1653969K->999956K(1761280K), 0.0072720 secs] [Times: user=0.05 sys=0.00, real=0.00 secs] 
1063.745: [GC1063.745: [ParNew
Desired survivor size 41943040 bytes, new threshold 6 (max 6)
- age   1:     211768 bytes,     211768 total
- age   2:        680 bytes,     212448 total
- age   3:       1696 bytes,     214144 total
- age   4:       4408 bytes,     218552 total
- age   5:        624 bytes,     219176 total
- age   6:       1224 bytes,     220400 total
: 657973K->1884K(737280K), 0.0064340 secs] 1655316K->999235K(1761280K), 0.0065910 secs] [Times: user=0.04 sys=0.00, real=0.01 secs] 
1063.990: [GC1063.990: [ParNew
Desired survivor size 41943040 bytes, new threshold 6 (max 6)
- age   1:     591040 bytes,     591040 total
- age   2:       4200 bytes,     595240 total
- age   3:        464 bytes,     595704 total
- age   4:       1432 bytes,     597136 total
- age   5:       4072 bytes,     601208 total
- age   6:        504 bytes,     601712 total
: 657244K->831K(737280K), 0.0065430 secs] 1654595K->998183K(1761280K), 0.0066980 secs] [Times: user=0.04 sys=0.00, real=0.00 secs] 
1064.214: [GC1064.214: [ParNew
Desired survivor size 41943040 bytes, new threshold 6 (max 6)
- age   1:    1015960 bytes,    1015960 total
- age   2:      14192 bytes,    1030152 total
- age   3:       4128 bytes,    1034280 total
- age   4:        248 bytes,    1034528 total
- age   5:       1208 bytes,    1035736 total
- age   6:       3904 bytes,    1039640 total
: 656191K->1421K(737280K), 0.0062880 secs] 1653543K->998774K(1761280K), 0.0064430 secs] [Times: user=0.04 sys=0.00, real=0.01 secs] 
1064.458: [CMS-concurrent-mark: 7.440/7.723 secs] [Times: user=57.09 sys=1.10, real=7.73 secs] 
1064.458: [CMS-concurrent-preclean-start]
1064.470: [GC1064.470: [ParNew
Desired survivor size 41943040 bytes, new threshold 6 (max 6)
- age   1:     847464 bytes,     847464 total
- age   2:       5232 bytes,     852696 total
- age   3:      14072 bytes,     866768 total
- age   4:       3984 bytes,     870752 total
- age   5:        176 bytes,     870928 total
- age   6:       1016 bytes,     871944 total
: 656781K->1355K(737280K), 0.0064670 secs] 1654134K->998712K(1761280K), 0.0066210 secs] [Times: user=0.04 sys=0.00, real=0.00 secs] 
1064.480: [CMS-concurrent-preclean: 0.011/0.022 secs] [Times: user=0.14 sys=0.01, real=0.02 secs] 
1064.480: [CMS-concurrent-abortable-preclean-start]
1064.596: [CMS-concurrent-abortable-preclean: 0.116/0.117 secs] [Times: user=0.90 sys=0.01, real=0.11 secs] 
1064.630: [GC[YG occupancy: 454341 K (737280 K)]1064.630: [Rescan (parallel) , 0.1144710 secs]1064.744: [weak refs processing, 0.0000270 secs]1064.744: [scrub string table, 0.0010220 secs] [1 CMS-remark: 997356K(1024000K)] 1451698K(1761280K), 0.1156770 secs] [Times: user=0.88 sys=0.00, real=0.11 secs] 
1064.746: [CMS-concurrent-sweep-start]
1064.823: [GC1064.823: [ParNew
Desired survivor size 41943040 bytes, new threshold 6 (max 6)
- age   1:    2654216 bytes,    2654216 total
- age   2:        984 bytes,    2655200 total
- age   3:       5232 bytes,    2660432 total
- age   4:      14008 bytes,    2674440 total
- age   5:       3984 bytes,    2678424 total
- age   6:        176 bytes,    2678600 total
: 656715K->2918K(737280K), 0.0081420 secs] 1654071K->1000275K(1761280K), 0.0082800 secs] [Times: user=0.06 sys=0.00, real=0.01 secs] 
1065.088: [GC1065.088: [ParNew
Desired survivor size 41943040 bytes, new threshold 6 (max 6)
- age   1:    1732352 bytes,    1732352 total
- age   2:        944 bytes,    1733296 total
- age   3:        816 bytes,    1734112 total
- age   4:       5064 bytes,    1739176 total
- age   5:      13936 bytes,    1753112 total
- age   6:       3936 bytes,    1757048 total
: 658278K->2722K(737280K), 0.0072360 secs] 1655634K->1000079K(1761280K), 0.0074050 secs] [Times: user=0.04 sys=0.00, real=0.00 secs] 
1065.386: [GC1065.387: [ParNew
Desired survivor size 41943040 bytes, new threshold 6 (max 6)
- age   1:    1131544 bytes,    1131544 total
- age   2:       1056 bytes,    1132600 total
- age   3:        824 bytes,    1133424 total
- age   4:        648 bytes,    1134072 total
- age   5:       4872 bytes,    1138944 total
- age   6:      13816 bytes,    1152760 total
: 658082K->2060K(737280K), 0.0069090 secs] 1655439K->999421K(1761280K), 0.0070470 secs] [Times: user=0.05 sys=0.00, real=0.01 secs] 
1065.696: [GC1065.696: [ParNew
Desired survivor size 41943040 bytes, new threshold 6 (max 6)
- age   1:     682320 bytes,     682320 total
- age   2:       4936 bytes,     687256 total
- age   3:       1056 bytes,     688312 total
- age   4:        824 bytes,     689136 total
- age   5:        624 bytes,     689760 total
- age   6:       4872 bytes,     694632 total
: 657420K->1319K(737280K), 0.0060780 secs] 1654781K->998694K(1761280K), 0.0062160 secs] [Times: user=0.04 sys=0.00, real=0.01 secs] 
1065.933: [GC1065.933: [ParNew
Desired survivor size 41943040 bytes, new threshold 6 (max 6)
- age   1:    2563064 bytes,    2563064 total
- age   2:       1368 bytes,    2564432 total
- age   3:       4936 bytes,    2569368 total
- age   4:       1056 bytes,    2570424 total
- age   5:        824 bytes,    2571248 total
- age   6:        624 bytes,    2571872 total
: 656679K->2727K(737280K), 0.0085010 secs] 1654054K->1000107K(1761280K), 0.0087080 secs] [Times: user=0.05 sys=0.00, real=0.01 secs] 
1066.173: [GC1066.173: [ParNew
Desired survivor size 41943040 bytes, new threshold 6 (max 6)
- age   1:    1532912 bytes,    1532912 total
- age   2:       8416 bytes,    1541328 total
- age   3:       1368 bytes,    1542696 total
- age   4:       4936 bytes,    1547632 total
- age   5:       1032 bytes,    1548664 total
- age   6:        824 bytes,    1549488 total
: 658087K->2002K(737280K), 0.0071800 secs] 1655467K->999383K(1761280K), 0.0073350 secs] [Times: user=0.04 sys=0.00, real=0.01 secs] 
1066.362: [CMS-concurrent-sweep: 1.556/1.616 secs] [Times: user=11.07 sys=0.26, real=1.62 secs] 
1066.362: [CMS-concurrent-reset-start]
1066.404: [CMS-concurrent-reset: 0.042/0.042 secs] [Times: user=0.31 sys=0.01, real=0.04 secs] 
1066.430: [GC1066.430: [ParNew
Desired survivor size 41943040 bytes, new threshold 6 (max 6)
- age   1:    1770720 bytes,    1770720 total
- age   2:       1416 bytes,    1772136 total
- age   3:       8344 bytes,    1780480 total
- age   4:       1296 bytes,    1781776 total
- age   5:       4768 bytes,    1786544 total
- age   6:       1032 bytes,    1787576 total
: 657362K->2862K(737280K), 0.0065000 secs] 1654702K->1000203K(1761280K), 0.0066400 secs] [Times: user=0.04 sys=0.00, real=0.00 secs] 
1066.438: [GC [1 CMS-initial-mark: 997341K(1024000K)] 1003885K(1761280K), 0.0064530 secs] [Times: user=0.01 sys=0.00, real=0.00 secs] 
1066.445: [CMS-concurrent-mark-start]
1066.767: [GC1066.767: [ParNew
Desired survivor size 41943040 bytes, new threshold 6 (max 6)
- age   1:    1571288 bytes,    1571288 total
- age   2:        528 bytes,    1571816 total
- age   3:        888 bytes,    1572704 total
- age   4:       7792 bytes,    1580496 total
- age   5:        840 bytes,    1581336 total
- age   6:       4240 bytes,    1585576 total
: 658222K->2147K(737280K), 0.0070540 secs] 1655563K->999489K(1761280K), 0.0072060 secs] [Times: user=0.05 sys=0.00, real=0.01 secs] 
1067.020: [GC1067.020: [ParNew
Desired survivor size 41943040 bytes, new threshold 6 (max 6)
- age   1:     381384 bytes,     381384 total
- age   2:       7464 bytes,     388848 total
- age   3:        528 bytes,     389376 total
- age   4:        888 bytes,     390264 total
- age   5:       7792 bytes,     398056 total
- age   6:        840 bytes,     398896 total
: 657507K->1590K(737280K), 0.0063260 secs] 1654849K->998937K(1761280K), 0.0064450 secs] [Times: user=0.04 sys=0.00, real=0.00 secs] 
1067.259: [GC1067.259: [ParNew
Desired survivor size 41943040 bytes, new threshold 6 (max 6)
- age   1:    1291280 bytes,    1291280 total
- age   2:        952 bytes,    1292232 total
- age   3:       7464 bytes,    1299696 total
- age   4:        528 bytes,    1300224 total
- age   5:        864 bytes,    1301088 total
- age   6:       7792 bytes,    1308880 total
: 656950K->1485K(737280K), 0.0064530 secs] 1654297K->998832K(1761280K), 0.0066910 secs] [Times: user=0.04 sys=0.00, real=0.00 secs] 
1067.513: [GC1067.513: [ParNew
Desired survivor size 41943040 bytes, new threshold 6 (max 6)
- age   1:     562744 bytes,     562744 total
- age   2:        696 bytes,     563440 total
- age   3:        760 bytes,     564200 total
- age   4:       7176 bytes,     571376 total
- age   5:        384 bytes,     571760 total
- age   6:        504 bytes,     572264 total
: 656845K->1217K(737280K), 0.0062560 secs] 1654192K->998573K(1761280K), 0.0064210 secs] [Times: user=0.04 sys=0.01, real=0.01 secs] 
1067.759: [GC1067.759: [ParNew
Desired survivor size 41943040 bytes, new threshold 6 (max 6)
- age   1:    2156448 bytes,    2156448 total
- age   2:       7464 bytes,    2163912 total
- age   3:        696 bytes,    2164608 total
- age   4:        760 bytes,    2165368 total
- age   5:       7176 bytes,    2172544 total
- age   6:        384 bytes,    2172928 total
: 656577K->2280K(737280K), 0.0073900 secs] 1653933K->999636K(1761280K), 0.0075280 secs] [Times: user=0.05 sys=0.01, real=0.00 secs] 
1068.004: [GC1068.004: [ParNew
Desired survivor size 41943040 bytes, new threshold 6 (max 6)
- age   1:    1798456 bytes,    1798456 total
- age   2:       1560 bytes,    1800016 total
- age   3:       7424 bytes,    1807440 total
- age   4:        696 bytes,    1808136 total
- age   5:        760 bytes,    1808896 total
- age   6:       7176 bytes,    1816072 total
: 657640K->2781K(737280K), 0.0068540 secs] 1654996K->1000137K(1761280K), 0.0070360 secs] [Times: user=0.04 sys=0.00, real=0.01 secs] 
1068.250: [GC1068.250: [ParNew
Desired survivor size 41943040 bytes, new threshold 6 (max 6)
- age   1:     846880 bytes,     846880 total
- age   2:       8520 bytes,     855400 total
- age   3:       1560 bytes,     856960 total
- age   4:       7424 bytes,     864384 total
- age   5:        672 bytes,     865056 total
- age   6:        760 bytes,     865816 total
: 658141K->1758K(737280K), 0.0078180 secs] 1655497K->999121K(1761280K), 0.0079620 secs] [Times: user=0.05 sys=0.00, real=0.01 secs] 
1068.506: [GC1068.506: [ParNew
Desired survivor size 41943040 bytes, new threshold 6 (max 6)
- age   1:     425408 bytes,     425408 total
- age   2:       1000 bytes,     426408 total
- age   3:       8304 bytes,     434712 total
- age   4:       1248 bytes,     435960 total
- age   5:       7208 bytes,     443168 total
- age   6:        576 bytes,     443744 total
: 657118K->851K(737280K), 0.0064180 secs] 1654481K->998215K(1761280K), 0.0065660 secs] [Times: user=0.04 sys=0.00, real=0.01 secs] 
1068.740: [GC1068.740: [ParNew
Desired survivor size 41943040 bytes, new threshold 6 (max 6)
- age   1:    1653360 bytes,    1653360 total
- age   2:       4472 bytes,    1657832 total
- age   3:        880 bytes,    1658712 total
- age   4:       8160 bytes,    1666872 total
- age   5:       1128 bytes,    1668000 total
- age   6:       7064 bytes,    1675064 total
: 656211K->1846K(737280K), 0.0067910 secs] 1653575K->999211K(1761280K), 0.0069380 secs] [Times: user=0.05 sys=0.01, real=0.00 secs] 
1068.996: [GC1068.996: [ParNew
Desired survivor size 41943040 bytes, new threshold 6 (max 6)
- age   1:    1555128 bytes,    1555128 total
- age   2:       3952 bytes,    1559080 total
- age   3:       4376 bytes,    1563456 total
- age   4:        880 bytes,    1564336 total
- age   5:       8128 bytes,    1572464 total
- age   6:       1128 bytes,    1573592 total
: 657206K->2465K(737280K), 0.0070220 secs] 1654571K->999837K(1761280K), 0.0071500 secs] [Times: user=0.04 sys=0.01, real=0.01 secs] 
1069.235: [GC1069.235: [ParNew
Desired survivor size 41943040 bytes, new threshold 6 (max 6)
- age   1:    2395120 bytes,    2395120 total
- age   2:       4096 bytes,    2399216 total
- age   3:       3784 bytes,    2403000 total
- age   4:       4208 bytes,    2407208 total
- age   5:        808 bytes,    2408016 total
- age   6:       8008 bytes,    2416024 total
: 657825K->2962K(737280K), 0.0077480 secs] 1655197K->1000336K(1761280K), 0.0079630 secs] [Times: user=0.05 sys=0.00, real=0.01 secs] 
1069.471: [GC1069.471: [ParNew
Desired survivor size 41943040 bytes, new threshold 6 (max 6)
- age   1:    3997120 bytes,    3997120 total
- age   2:     358200 bytes,    4355320 total
- age   3:       4024 bytes,    4359344 total
- age   4:       3760 bytes,    4363104 total
- age   5:       4112 bytes,    4367216 total
- age   6:        664 bytes,    4367880 total
: 658322K->5617K(737280K), 0.0087970 secs] 1655696K->1002998K(1761280K), 0.0089650 secs] [Times: user=0.06 sys=0.00, real=0.01 secs] 
1069.700: [GC1069.700: [ParNew
Desired survivor size 41943040 bytes, new threshold 6 (max 6)
- age   1:    2918560 bytes,    2918560 total
- age   2:     410544 bytes,    3329104 total
- age   3:       3544 bytes,    3332648 total
- age   4:       3928 bytes,    3336576 total
- age   5:       3688 bytes,    3340264 total
- age   6:       4016 bytes,    3344280 total
: 660977K->4667K(737280K), 0.0080570 secs] 1658358K->1002049K(1761280K), 0.0082060 secs] [Times: user=0.06 sys=0.00, real=0.00 secs] 
1069.943: [GC1069.943: [ParNew
Desired survivor size 41943040 bytes, new threshold 6 (max 6)
- age   1:     679048 bytes,     679048 total
- age   2:       1160 bytes,     680208 total
- age   3:       4048 bytes,     684256 total
- age   4:       3400 bytes,     687656 total
- age   5:       3752 bytes,     691408 total
- age   6:       3592 bytes,     695000 total
: 660027K->3383K(737280K), 0.0063590 secs] 1657409K->1000769K(1761280K), 0.0065270 secs] [Times: user=0.04 sys=0.00, real=0.01 secs] 
1070.177: [GC1070.177: [ParNew
Desired survivor size 41943040 bytes, new threshold 6 (max 6)
- age   1:    2561640 bytes,    2561640 total
- age   2:        944 bytes,    2562584 total
- age   3:       1088 bytes,    2563672 total
- age   4:       3968 bytes,    2567640 total
- age   5:       3304 bytes,    2570944 total
- age   6:       3704 bytes,    2574648 total
: 658743K->3046K(737280K), 0.0078580 secs] 1656129K->1000436K(1761280K), 0.0080030 secs] [Times: user=0.05 sys=0.00, real=0.01 secs] 
1070.452: [GC1070.452: [ParNew
Desired survivor size 41943040 bytes, new threshold 6 (max 6)
- age   1:     842560 bytes,     842560 total
- age   2:       8112 bytes,     850672 total
- age   3:        944 bytes,     851616 total
- age   4:       1088 bytes,     852704 total
- age   5:       3968 bytes,     856672 total
- age   6:       3304 bytes,     859976 total
: 658406K->2139K(737280K), 0.0061200 secs] 1655796K->999533K(1761280K), 0.0062430 secs] [Times: user=0.04 sys=0.00, real=0.01 secs] 
1070.699: [GC1070.699: [ParNew
Desired survivor size 41943040 bytes, new threshold 6 (max 6)
- age   1:     742152 bytes,     742152 total
- age   2:       1064 bytes,     743216 total
- age   3:       8112 bytes,     751328 total
- age   4:        944 bytes,     752272 total
- age   5:       1064 bytes,     753336 total
- age   6:       3968 bytes,     757304 total
: 657499K->1117K(737280K), 0.0064450 secs] 1654893K->998514K(1761280K), 0.0065810 secs] [Times: user=0.04 sys=0.00, real=0.00 secs] 
1070.949: [GC1070.949: [ParNew
Desired survivor size 41943040 bytes, new threshold 6 (max 6)
- age   1:    2342888 bytes,    2342888 total
- age   2:       1256 bytes,    2344144 total
- age   3:       1064 bytes,    2345208 total
- age   4:       8112 bytes,    2353320 total
- age   5:        912 bytes,    2354232 total
- age   6:       1064 bytes,    2355296 total
: 656477K->2500K(737280K), 0.0078360 secs] 1653874K->999901K(1761280K), 0.0079820 secs] [Times: user=0.05 sys=0.00, real=0.00 secs] 
1071.173: [GC1071.173: [ParNew
Desired survivor size 41943040 bytes, new threshold 6 (max 6)
- age   1:    2182328 bytes,    2182328 total
- age   2:       1048 bytes,    2183376 total
- age   3:        920 bytes,    2184296 total
- age   4:        704 bytes,    2185000 total
- age   5:       7896 bytes,    2192896 total
- age   6:        720 bytes,    2193616 total
: 657860K->3343K(737280K), 0.0075820 secs] 1655261K->1000745K(1761280K), 0.0077840 secs] [Times: user=0.05 sys=0.00, real=0.01 secs] 
1071.493: [GC1071.493: [ParNew
Desired survivor size 41943040 bytes, new threshold 6 (max 6)
- age   1:    1036048 bytes,    1036048 total
- age   2:        912 bytes,    1036960 total
- age   3:       1048 bytes,    1038008 total
- age   4:        920 bytes,    1038928 total
- age   5:        704 bytes,    1039632 total
- age   6:       7896 bytes,    1047528 total
: 658703K->2605K(737280K), 0.0145020 secs] 1656105K->1000008K(1761280K), 0.0146660 secs] [Times: user=0.05 sys=0.00, real=0.01 secs] 
1071.728: [GC1071.728: [ParNew
Desired survivor size 41943040 bytes, new threshold 6 (max 6)
- age   1:    1297536 bytes,    1297536 total
- age   2:        888 bytes,    1298424 total
- age   3:        912 bytes,    1299336 total
- age   4:       1048 bytes,    1300384 total
- age   5:        896 bytes,    1301280 total
- age   6:        704 bytes,    1301984 total
: 657965K->1844K(737280K), 0.0066100 secs] 1655368K->999255K(1761280K), 0.0067750 secs] [Times: user=0.04 sys=0.00, real=0.00 secs] 
1071.965: [GC1071.965: [ParNew
Desired survivor size 41943040 bytes, new threshold 6 (max 6)
- age   1:    2722992 bytes,    2722992 total
- age   2:        696 bytes,    2723688 total
- age   3:        792 bytes,    2724480 total
- age   4:        744 bytes,    2725224 total
- age   5:        784 bytes,    2726008 total
- age   6:        800 bytes,    2726808 total
: 657204K->3299K(737280K), 0.0078120 secs] 1654615K->1000711K(1761280K), 0.0079940 secs] [Times: user=0.06 sys=0.00, real=0.01 secs] 
1072.206: [GC1072.206: [ParNew
Desired survivor size 41943040 bytes, new threshold 6 (max 6)
- age   1:    1001544 bytes,    1001544 total
- age   2:       1088 bytes,    1002632 total
- age   3:        696 bytes,    1003328 total
- age   4:        792 bytes,    1004120 total
- age   5:        720 bytes,    1004840 total
- age   6:        784 bytes,    1005624 total
: 658659K->2284K(737280K), 0.0064350 secs] 1656071K->999696K(1761280K), 0.0065750 secs] [Times: user=0.04 sys=0.00, real=0.01 secs] 
1072.429: [GC1072.429: [ParNew
Desired survivor size 41943040 bytes, new threshold 6 (max 6)
- age   1:    2100704 bytes,    2100704 total
- age   2:       8104 bytes,    2108808 total
- age   3:       1064 bytes,    2109872 total
- age   4:        696 bytes,    2110568 total
- age   5:        792 bytes,    2111360 total
- age   6:        720 bytes,    2112080 total
: 657644K->2348K(737280K), 0.0073350 secs] 1655056K->999761K(1761280K), 0.0074940 secs] [Times: user=0.05 sys=0.00, real=0.00 secs] 
1072.653: [GC1072.653: [ParNew
Desired survivor size 41943040 bytes, new threshold 6 (max 6)
- age   1:    2719704 bytes,    2719704 total
- age   2:       1032 bytes,    2720736 total
- age   3:       8104 bytes,    2728840 total
- age   4:       1064 bytes,    2729904 total
- age   5:        672 bytes,    2730576 total
- age   6:        792 bytes,    2731368 total
: 657708K->3563K(737280K), 0.0079790 secs] 1655121K->1000977K(1761280K), 0.0081620 secs] [Times: user=0.05 sys=0.00, real=0.01 secs] 
1072.903: [GC1072.903: [ParNew
Desired survivor size 41943040 bytes, new threshold 6 (max 6)
- age   1:     891832 bytes,     891832 total
- age   2:        752 bytes,     892584 total
- age   3:        840 bytes,     893424 total
- age   4:       8056 bytes,     901480 total
- age   5:        848 bytes,     902328 total
- age   6:        600 bytes,     902928 total
: 658923K->2446K(737280K), 0.0066190 secs] 1656337K->999860K(1761280K), 0.0067620 secs] [Times: user=0.04 sys=0.00, real=0.01 secs] 
1073.138: [GC1073.138: [ParNew
Desired survivor size 41943040 bytes, new threshold 6 (max 6)
- age   1:    2243080 bytes,    2243080 total
- age   2:       4192 bytes,    2247272 total
- age   3:        752 bytes,    2248024 total
- age   4:        840 bytes,    2248864 total
- age   5:       8032 bytes,    2256896 total
- age   6:        848 bytes,    2257744 total
: 657806K->2703K(737280K), 0.0074290 secs] 1655220K->1000119K(1761280K), 0.0076360 secs] [Times: user=0.05 sys=0.00, real=0.01 secs] 
1073.367: [GC1073.367: [ParNew
Desired survivor size 41943040 bytes, new threshold 6 (max 6)
- age   1:    1611696 bytes,    1611696 total
- age   2:        784 bytes,    1612480 total
- age   3:       3880 bytes,    1616360 total
- age   4:        584 bytes,    1616944 total
- age   5:        600 bytes,    1617544 total
- age   6:       7720 bytes,    1625264 total
: 658063K->2327K(737280K), 0.0073830 secs] 1655479K->999743K(1761280K), 0.0075180 secs] [Times: user=0.05 sys=0.00, real=0.01 secs] 
1073.603: [GC1073.603: [ParNew
Desired survivor size 41943040 bytes, new threshold 6 (max 6)
- age   1:     899696 bytes,     899696 total
- age   2:       7960 bytes,     907656 total
- age   3:        744 bytes,     908400 total
- age   4:       3880 bytes,     912280 total
- age   5:        560 bytes,     912840 total
- age   6:        600 bytes,     913440 total
: 657687K->1655K(737280K), 0.0064750 secs] 1655103K->999079K(1761280K), 0.0066100 secs] [Times: user=0.05 sys=0.00, real=0.01 secs] 
1073.835: [GC1073.835: [ParNew
Desired survivor size 41943040 bytes, new threshold 6 (max 6)
- age   1:    2015536 bytes,    2015536 total
- age   2:       1032 bytes,    2016568 total
- age   3:       7720 bytes,    2024288 total
- age   4:        648 bytes,    2024936 total
- age   5:       3808 bytes,    2028744 total
- age   6:        320 bytes,    2029064 total
: 657015K->2432K(737280K), 0.0071460 secs] 1654439K->999856K(1761280K), 0.0073010 secs] [Times: user=0.05 sys=0.01, real=0.01 secs] 
1074.088: [GC1074.088: [ParNew
Desired survivor size 41943040 bytes, new threshold 6 (max 6)
- age   1:     986744 bytes,     986744 total
- age   2:        768 bytes,     987512 total
- age   3:        888 bytes,     988400 total
- age   4:       7552 bytes,     995952 total
- age   5:        552 bytes,     996504 total
- age   6:       3640 bytes,    1000144 total
: 657792K->1882K(737280K), 0.0066450 secs] 1655216K->999306K(1761280K), 0.0067940 secs] [Times: user=0.03 sys=0.00, real=0.00 secs] 
1074.311: [GC1074.312: [ParNew
Desired survivor size 41943040 bytes, new threshold 6 (max 6)
- age   1:    1024344 bytes,    1024344 total
- age   2:       8000 bytes,    1032344 total
- age   3:        768 bytes,    1033112 total
- age   4:        888 bytes,    1034000 total
- age   5:       7552 bytes,    1041552 total
- age   6:        528 bytes,    1042080 total
: 657242K->1471K(737280K), 0.0065000 secs] 1654666K->998899K(1761280K), 0.0066260 secs] [Times: user=0.05 sys=0.00, real=0.01 secs] 
1074.541: [GC1074.541: [ParNew
Desired survivor size 41943040 bytes, new threshold 6 (max 6)
- age   1:    1967760 bytes,    1967760 total
- age   2:       1408 bytes,    1969168 total
- age   3:       8000 bytes,    1977168 total
- age   4:        768 bytes,    1977936 total
- age   5:        824 bytes,    1978760 total
- age   6:       7552 bytes,    1986312 total
: 656831K->2398K(737280K), 0.0076250 secs] 1654259K->999827K(1761280K), 0.0077860 secs] [Times: user=0.05 sys=0.00, real=0.01 secs] 
1074.779: [CMS-concurrent-mark: 8.022/8.334 secs] [Times: user=60.66 sys=1.27, real=8.34 secs] 
1074.779: [CMS-concurrent-preclean-start]
1074.784: [GC1074.784: [ParNew
Desired survivor size 41943040 bytes, new threshold 6 (max 6)
- age   1:     252464 bytes,     252464 total
- age   2:        864 bytes,     253328 total
- age   3:       1408 bytes,     254736 total
- age   4:       8000 bytes,     262736 total
- age   5:        768 bytes,     263504 total
- age   6:        824 bytes,     264328 total
: 657758K->1694K(737280K), 0.0057790 secs] 1655187K->999131K(1761280K), 0.0059270 secs] [Times: user=0.04 sys=0.00, real=0.01 secs] 
1074.802: [CMS-concurrent-preclean: 0.014/0.023 secs] [Times: user=0.15 sys=0.00, real=0.02 secs] 
1074.802: [CMS-concurrent-abortable-preclean-start]
1074.925: [CMS-concurrent-abortable-preclean: 0.020/0.123 secs] [Times: user=0.89 sys=0.02, real=0.12 secs] 
1074.941: [GC[YG occupancy: 415533 K (737280 K)]1074.941: [Rescan (parallel) , 0.2049670 secs]1075.146: [weak refs processing, 0.0000270 secs]1075.147: [scrub string table, 0.0010070 secs] [1 CMS-remark: 997436K(1024000K)] 1412970K(1761280K), 0.2061670 secs] [Times: user=1.53 sys=0.00, real=0.20 secs] 
1075.148: [CMS-concurrent-sweep-start]
1075.242: [GC1075.242: [ParNew
Desired survivor size 41943040 bytes, new threshold 6 (max 6)
- age   1:    2259360 bytes,    2259360 total
- age   2:        920 bytes,    2260280 total
- age   3:        744 bytes,    2261024 total
- age   4:       1216 bytes,    2262240 total
- age   5:       7944 bytes,    2270184 total
- age   6:        768 bytes,    2270952 total
: 657054K->2478K(737280K), 0.0076800 secs] 1654491K->999915K(1761280K), 0.0078280 secs] [Times: user=0.05 sys=0.00, real=0.01 secs] 
1075.480: [GC1075.480: [ParNew
Desired survivor size 41943040 bytes, new threshold 6 (max 6)
- age   1:    2954416 bytes,    2954416 total
- age   2:       4848 bytes,    2959264 total
- age   3:        920 bytes,    2960184 total
- age   4:        744 bytes,    2960928 total
- age   5:       1216 bytes,    2962144 total
- age   6:       7944 bytes,    2970088 total
: 657838K->3785K(737280K), 0.0081270 secs] 1655275K->1001223K(1761280K), 0.0083110 secs] [Times: user=0.05 sys=0.00, real=0.00 secs] 
1075.722: [GC1075.722: [ParNew
Desired survivor size 41943040 bytes, new threshold 6 (max 6)
- age   1:    1506336 bytes,    1506336 total
- age   2:       1136 bytes,    1507472 total
- age   3:       4568 bytes,    1512040 total
- age   4:        920 bytes,    1512960 total
- age   5:        720 bytes,    1513680 total
- age   6:       1216 bytes,    1514896 total
: 659145K->2948K(737280K), 0.0065220 secs] 1656583K->1000393K(1761280K), 0.0066610 secs] [Times: user=0.04 sys=0.00, real=0.01 secs] 
1075.977: [GC1075.978: [ParNew
Desired survivor size 41943040 bytes, new threshold 6 (max 6)
- age   1:     436120 bytes,     436120 total
- age   2:       1048 bytes,     437168 total
- age   3:        992 bytes,     438160 total
- age   4:       4448 bytes,     442608 total
- age   5:        752 bytes,     443360 total
- age   6:        624 bytes,     443984 total
: 658308K->1209K(737280K), 0.0060970 secs] 1655753K->998657K(1761280K), 0.0062490 secs] [Times: user=0.03 sys=0.00, real=0.01 secs] 
1076.217: [GC1076.217: [ParNew
Desired survivor size 41943040 bytes, new threshold 6 (max 6)
- age   1:    2043416 bytes,    2043416 total
- age   2:       2296 bytes,    2045712 total
- age   3:        904 bytes,    2046616 total
- age   4:        824 bytes,    2047440 total
- age   5:       4280 bytes,    2051720 total
- age   6:        680 bytes,    2052400 total
: 656569K->2208K(737280K), 0.0070570 secs] 1654017K->999656K(1761280K), 0.0071940 secs] [Times: user=0.05 sys=0.00, real=0.01 secs] 
1076.456: [GC1076.456: [ParNew
Desired survivor size 41943040 bytes, new threshold 6 (max 6)
- age   1:    1428456 bytes,    1428456 total
- age   2:       8112 bytes,    1436568 total
- age   3:       2296 bytes,    1438864 total
- age   4:        904 bytes,    1439768 total
- age   5:        824 bytes,    1440592 total
- age   6:       4280 bytes,    1444872 total
: 657568K->2208K(737280K), 0.0065180 secs] 1655016K->999656K(1761280K), 0.0066710 secs] [Times: user=0.05 sys=0.00, real=0.01 secs] 
1076.653: [CMS-concurrent-sweep: 1.449/1.504 secs] [Times: user=11.19 sys=0.25, real=1.50 secs] 
1076.653: [CMS-concurrent-reset-start]
1076.690: [CMS-concurrent-reset: 0.037/0.037 secs] [Times: user=0.29 sys=0.01, real=0.04 secs] 
1076.694: [GC1076.694: [ParNew
Desired survivor size 41943040 bytes, new threshold 6 (max 6)
- age   1:    1609984 bytes,    1609984 total
- age   2:        824 bytes,    1610808 total
- age   3:       7896 bytes,    1618704 total
- age   4:       2128 bytes,    1620832 total
- age   5:        712 bytes,    1621544 total
- age   6:        752 bytes,    1622296 total
: 657568K->2554K(737280K), 0.0069730 secs] 1654971K->999961K(1761280K), 0.0071670 secs] [Times: user=0.05 sys=0.00, real=0.01 secs] 
1076.704: [GC [1 CMS-initial-mark: 997407K(1024000K)] 1003520K(1761280K), 0.0064630 secs] [Times: user=0.01 sys=0.00, real=0.01 secs] 
1076.711: [CMS-concurrent-mark-start]
1076.959: [GC1076.959: [ParNew
Desired survivor size 41943040 bytes, new threshold 6 (max 6)
- age   1:     505392 bytes,     505392 total
- age   2:        912 bytes,     506304 total
- age   3:        704 bytes,     507008 total
- age   4:       7728 bytes,     514736 total
- age   5:       2032 bytes,     516768 total
- age   6:        472 bytes,     517240 total
: 657914K->1553K(737280K), 0.0061690 secs] 1655321K->998961K(1761280K), 0.0062920 secs] [Times: user=0.04 sys=0.00, real=0.01 secs] 
1077.201: [GC1077.202: [ParNew
Desired survivor size 41943040 bytes, new threshold 6 (max 6)
- age   1:     842344 bytes,     842344 total
- age   2:       1112 bytes,     843456 total
- age   3:        552 bytes,     844008 total
- age   4:        632 bytes,     844640 total
- age   5:       7488 bytes,     852128 total
- age   6:       1744 bytes,     853872 total
: 656913K->1093K(737280K), 0.0065920 secs] 1654321K->998501K(1761280K), 0.0067230 secs] [Times: user=0.05 sys=0.00, real=0.00 secs] 
1077.431: [GC1077.431: [ParNew
Desired survivor size 41943040 bytes, new threshold 6 (max 6)
- age   1:    1024232 bytes,    1024232 total
- age   2:       1464 bytes,    1025696 total
- age   3:       1112 bytes,    1026808 total
- age   4:        552 bytes,    1027360 total
- age   5:        632 bytes,    1027992 total
- age   6:       7488 bytes,    1035480 total
: 656453K->1319K(737280K), 0.0062470 secs] 1653861K->998729K(1761280K), 0.0063810 secs] [Times: user=0.04 sys=0.00, real=0.00 secs] 
1077.678: [GC1077.678: [ParNew
Desired survivor size 41943040 bytes, new threshold 6 (max 6)
- age   1:     841296 bytes,     841296 total
- age   2:        776 bytes,     842072 total
- age   3:       1248 bytes,     843320 total
- age   4:        968 bytes,     844288 total
- age   5:        480 bytes,     844768 total
- age   6:        608 bytes,     845376 total
: 656679K->1420K(737280K), 0.0070780 secs] 1654089K->998837K(1761280K), 0.0072220 secs] [Times: user=0.03 sys=0.00, real=0.01 secs] 
1077.916: [GC1077.916: [ParNew
Desired survivor size 41943040 bytes, new threshold 6 (max 6)
- age   1:    1555728 bytes,    1555728 total
- age   2:       1224 bytes,    1556952 total
- age   3:        680 bytes,    1557632 total
- age   4:       1104 bytes,    1558736 total
- age   5:        800 bytes,    1559536 total
- age   6:        432 bytes,    1559968 total
: 656780K->1843K(737280K), 0.0073980 secs] 1654197K->999261K(1761280K), 0.0075900 secs] [Times: user=0.05 sys=0.00, real=0.01 secs] 
1078.143: [GC1078.143: [ParNew
Desired survivor size 41943040 bytes, new threshold 6 (max 6)
- age   1:    3090488 bytes,    3090488 total
- age   2:        632 bytes,    3091120 total
- age   3:       1224 bytes,    3092344 total
- age   4:        680 bytes,    3093024 total
- age   5:       1104 bytes,    3094128 total
- age   6:        800 bytes,    3094928 total
: 657203K->3837K(737280K), 0.0076840 secs] 1654621K->1001256K(1761280K), 0.0078510 secs] [Times: user=0.06 sys=0.00, real=0.01 secs] 
1078.389: [GC1078.389: [ParNew
Desired survivor size 41943040 bytes, new threshold 6 (max 6)
- age   1:    1947048 bytes,    1947048 total
- age   2:        904 bytes,    1947952 total
- age   3:        584 bytes,    1948536 total
- age   4:       1152 bytes,    1949688 total
- age   5:        680 bytes,    1950368 total
- age   6:       1080 bytes,    1951448 total
: 659197K->2586K(737280K), 0.0070220 secs] 1656616K->1000006K(1761280K), 0.0071780 secs] [Times: user=0.05 sys=0.00, real=0.01 secs] 
1078.623: [GC1078.623: [ParNew
Desired survivor size 41943040 bytes, new threshold 6 (max 6)
- age   1:     216184 bytes,     216184 total
- age   2:      12016 bytes,     228200 total
- age   3:        904 bytes,     229104 total
- age   4:        584 bytes,     229688 total
- age   5:       1128 bytes,     230816 total
- age   6:        680 bytes,     231496 total
: 657946K->2076K(737280K), 0.0070290 secs] 1655366K->999496K(1761280K), 0.0071690 secs] [Times: user=0.04 sys=0.00, real=0.01 secs] 
1078.861: [GC1078.861: [ParNew
Desired survivor size 41943040 bytes, new threshold 6 (max 6)
- age   1:     272864 bytes,     272864 total
- age   2:       3256 bytes,     276120 total
- age   3:      11944 bytes,     288064 total
- age   4:        832 bytes,     288896 total
- age   5:        560 bytes,     289456 total
- age   6:       1080 bytes,     290536 total
: 657436K->631K(737280K), 0.0058560 secs] 1654856K->998053K(1761280K), 0.0060090 secs] [Times: user=0.04 sys=0.00, real=0.00 secs] 
1079.111: [GC1079.111: [ParNew
Desired survivor size 41943040 bytes, new threshold 6 (max 6)
- age   1:     896448 bytes,     896448 total
- age   2:       1136 bytes,     897584 total
- age   3:       3088 bytes,     900672 total
- age   4:      11752 bytes,     912424 total
- age   5:        712 bytes,     913136 total
- age   6:        464 bytes,     913600 total
: 655991K->1048K(737280K), 0.0061000 secs] 1653413K->998471K(1761280K), 0.0062870 secs] [Times: user=0.04 sys=0.00, real=0.00 secs] 
1079.351: [GC1079.351: [ParNew
Desired survivor size 41943040 bytes, new threshold 6 (max 6)
- age   1:    1540576 bytes,    1540576 total
- age   2:       7560 bytes,    1548136 total
- age   3:        864 bytes,    1549000 total
- age   4:        872 bytes,    1549872 total
- age   5:      11688 bytes,    1561560 total
- age   6:        712 bytes,    1562272 total
: 656408K->1918K(737280K), 0.0067310 secs] 1653831K->999341K(1761280K), 0.0068770 secs] [Times: user=0.04 sys=0.00, real=0.00 secs] 
1079.593: [GC1079.593: [ParNew
Desired survivor size 41943040 bytes, new threshold 6 (max 6)
- age   1:     921912 bytes,     921912 total
- age   2:       1216 bytes,     923128 total
- age   3:       7560 bytes,     930688 total
- age   4:        864 bytes,     931552 total
- age   5:        872 bytes,     932424 total
- age   6:      11688 bytes,     944112 total
: 657278K->1492K(737280K), 0.0065130 secs] 1654701K->998916K(1761280K), 0.0066610 secs] [Times: user=0.04 sys=0.00, real=0.00 secs] 
1079.841: [GC1079.841: [ParNew
Desired survivor size 41943040 bytes, new threshold 6 (max 6)
- age   1:     684624 bytes,     684624 total
- age   2:        504 bytes,     685128 total
- age   3:       1144 bytes,     686272 total
- age   4:       7512 bytes,     693784 total
- age   5:        768 bytes,     694552 total
- age   6:        848 bytes,     695400 total
: 656852K->1279K(737280K), 0.0065390 secs] 1654276K->998714K(1761280K), 0.0066670 secs] [Times: user=0.04 sys=0.00, real=0.00 secs] 
1080.081: [GC1080.081: [ParNew
Desired survivor size 41943040 bytes, new threshold 6 (max 6)
- age   1:    1503136 bytes,    1503136 total
- age   2:       3976 bytes,    1507112 total
- age   3:        432 bytes,    1507544 total
- age   4:       1120 bytes,    1508664 total
- age   5:       7440 bytes,    1516104 total
- age   6:        568 bytes,    1516672 total
: 656639K->1786K(737280K), 0.0067170 secs] 1654074K->999222K(1761280K), 0.0068470 secs] [Times: user=0.04 sys=0.00, real=0.00 secs] 
1080.312: [GC1080.312: [ParNew
Desired survivor size 41943040 bytes, new threshold 6 (max 6)
- age   1:    2767744 bytes,    2767744 total
- age   2:       1232 bytes,    2768976 total
- age   3:       3976 bytes,    2772952 total
- age   4:        432 bytes,    2773384 total
- age   5:       1096 bytes,    2774480 total
- age   6:       7440 bytes,    2781920 total
: 657146K->3405K(737280K), 0.0078800 secs] 1654582K->1000842K(1761280K), 0.0080480 secs] [Times: user=0.05 sys=0.01, real=0.01 secs] 
1080.564: [GC1080.564: [ParNew
Desired survivor size 41943040 bytes, new threshold 6 (max 6)
- age   1:     536296 bytes,     536296 total
- age   2:        768 bytes,     537064 total
- age   3:       1136 bytes,     538200 total
- age   4:       3880 bytes,     542080 total
- age   5:        384 bytes,     542464 total
- age   6:       1048 bytes,     543512 total
: 658765K->2347K(737280K), 0.0060360 secs] 1656202K->999792K(1761280K), 0.0062300 secs] [Times: user=0.04 sys=0.00, real=0.01 secs] 
1080.797: [GC1080.797: [ParNew
Desired survivor size 41943040 bytes, new threshold 6 (max 6)
- age   1:    1424064 bytes,    1424064 total
- age   2:       7992 bytes,    1432056 total
- age   3:        552 bytes,    1432608 total
- age   4:        848 bytes,    1433456 total
- age   5:       3712 bytes,    1437168 total
- age   6:        288 bytes,    1437456 total
: 657707K->1798K(737280K), 0.0069560 secs] 1655152K->999244K(1761280K), 0.0071730 secs] [Times: user=0.04 sys=0.00, real=0.01 secs] 
1081.037: [GC1081.037: [ParNew
Desired survivor size 41943040 bytes, new threshold 6 (max 6)
- age   1:    2051920 bytes,    2051920 total
- age   2:       1808 bytes,    2053728 total
- age   3:       7968 bytes,    2061696 total
- age   4:        408 bytes,    2062104 total
- age   5:        752 bytes,    2062856 total
- age   6:       3688 bytes,    2066544 total
: 657158K->2619K(737280K), 0.0069580 secs] 1654604K->1000065K(1761280K), 0.0070950 secs] [Times: user=0.05 sys=0.00, real=0.01 secs] 
1081.274: [GC1081.274: [ParNew
Desired survivor size 41943040 bytes, new threshold 6 (max 6)
- age   1:    2867416 bytes,    2867416 total
- age   2:       4384 bytes,    2871800 total
- age   3:       1472 bytes,    2873272 total
- age   4:       7728 bytes,    2881000 total
- age   5:        288 bytes,    2881288 total
- age   6:        560 bytes,    2881848 total
: 657979K->3871K(737280K), 0.0078940 secs] 1655425K->1001321K(1761280K), 0.0080580 secs] [Times: user=0.05 sys=0.00, real=0.01 secs] 
1081.499: [GC1081.499: [ParNew
Desired survivor size 41943040 bytes, new threshold 6 (max 6)
- age   1:    5482152 bytes,    5482152 total
- age   2:     942800 bytes,    6424952 total
- age   3:       4264 bytes,    6429216 total
- age   4:       1424 bytes,    6430640 total
- age   5:       7584 bytes,    6438224 total
- age   6:        288 bytes,    6438512 total
: 659231K->7698K(737280K), 0.0103180 secs] 1656681K->1005149K(1761280K), 0.0104870 secs] [Times: user=0.06 sys=0.00, real=0.01 secs] 
1081.744: [GC1081.744: [ParNew
Desired survivor size 41943040 bytes, new threshold 6 (max 6)
- age   1:    1377800 bytes,    1377800 total
- age   2:       1352 bytes,    1379152 total
- age   3:       1032 bytes,    1380184 total
- age   4:       4264 bytes,    1384448 total
- age   5:       1400 bytes,    1385848 total
- age   6:       7584 bytes,    1393432 total
: 663058K->5357K(737280K), 0.0063160 secs] 1660509K->1002808K(1761280K), 0.0064660 secs] [Times: user=0.05 sys=0.00, real=0.01 secs] 
1081.976: [GC1081.976: [ParNew
Desired survivor size 41943040 bytes, new threshold 6 (max 6)
- age   1:    2901216 bytes,    2901216 total
- age   2:       4976 bytes,    2906192 total
- age   3:       1264 bytes,    2907456 total
- age   4:        960 bytes,    2908416 total
- age   5:       4120 bytes,    2912536 total
- age   6:       1328 bytes,    2913864 total
: 660717K->3149K(737280K), 0.0083110 secs] 1658168K->1000607K(1761280K), 0.0085150 secs] [Times: user=0.05 sys=0.01, real=0.01 secs] 
1082.219: [GC1082.219: [ParNew
Desired survivor size 41943040 bytes, new threshold 6 (max 6)
- age   1:     929048 bytes,     929048 total
- age   2:       4584 bytes,     933632 total
- age   3:       4784 bytes,     938416 total
- age   4:       1120 bytes,     939536 total
- age   5:        792 bytes,     940328 total
- age   6:       3976 bytes,     944304 total
: 658509K->2554K(737280K), 0.0061550 secs] 1655967K->1000013K(1761280K), 0.0062970 secs] [Times: user=0.03 sys=0.00, real=0.01 secs] 
1082.447: [GC1082.447: [ParNew
Desired survivor size 41943040 bytes, new threshold 6 (max 6)
- age   1:    2542008 bytes,    2542008 total
- age   2:       4096 bytes,    2546104 total
- age   3:       4584 bytes,    2550688 total
- age   4:       4784 bytes,    2555472 total
- age   5:       1120 bytes,    2556592 total
- age   6:        768 bytes,    2557360 total
: 657914K->2933K(737280K), 0.0076720 secs] 1655373K->1000396K(1761280K), 0.0078540 secs] [Times: user=0.05 sys=0.00, real=0.01 secs] 
1082.669: [GC1082.669: [ParNew
Desired survivor size 41943040 bytes, new threshold 6 (max 6)
- age   1:     757664 bytes,     757664 total
- age   2:       8008 bytes,     765672 total
- age   3:       3952 bytes,     769624 total
- age   4:       4464 bytes,     774088 total
- age   5:       4592 bytes,     778680 total
- age   6:       1024 bytes,     779704 total
: 658293K->2090K(737280K), 0.0065210 secs] 1655756K->999554K(1761280K), 0.0067190 secs] [Times: user=0.04 sys=0.00, real=0.01 secs] 
1082.922: [GC1082.922: [ParNew
Desired survivor size 41943040 bytes, new threshold 6 (max 6)
- age   1:    1235296 bytes,    1235296 total
- age   2:       1208 bytes,    1236504 total
- age   3:       7864 bytes,    1244368 total
- age   4:       3832 bytes,    1248200 total
- age   5:       4272 bytes,    1252472 total
- age   6:       4520 bytes,    1256992 total
: 657450K->1514K(737280K), 0.0070280 secs] 1654914K->998980K(1761280K), 0.0072190 secs] [Times: user=0.05 sys=0.00, real=0.00 secs] 
1083.152: [GC1083.152: [ParNew
Desired survivor size 41943040 bytes, new threshold 6 (max 6)
- age   1:     980776 bytes,     980776 total
- age   2:       1712 bytes,     982488 total
- age   3:       1136 bytes,     983624 total
- age   4:       7816 bytes,     991440 total
- age   5:       3784 bytes,     995224 total
- age   6:       4248 bytes,     999472 total
: 656874K->1785K(737280K), 0.0062570 secs] 1654340K->999256K(1761280K), 0.0063920 secs] [Times: user=0.04 sys=0.00, real=0.00 secs] 
1083.394: [GC1083.394: [ParNew
Desired survivor size 41943040 bytes, new threshold 6 (max 6)
- age   1:     868616 bytes,     868616 total
- age   2:       3784 bytes,     872400 total
- age   3:       1304 bytes,     873704 total
- age   4:        704 bytes,     874408 total
- age   5:       7552 bytes,     881960 total
- age   6:       3544 bytes,     885504 total
: 657145K->1201K(737280K), 0.0065920 secs] 1654616K->998675K(1761280K), 0.0067400 secs] [Times: user=0.05 sys=0.00, real=0.01 secs] 
1083.637: [GC1083.637: [ParNew
Desired survivor size 41943040 bytes, new threshold 6 (max 6)
- age   1:    1018568 bytes,    1018568 total
- age   2:       3264 bytes,    1021832 total
- age   3:       3784 bytes,    1025616 total
- age   4:       1304 bytes,    1026920 total
- age   5:        704 bytes,    1027624 total
- age   6:       7552 bytes,    1035176 total
: 656561K->1516K(737280K), 0.0067600 secs] 1654035K->998994K(1761280K), 0.0068970 secs] [Times: user=0.04 sys=0.00, real=0.01 secs] 
1083.869: [GC1083.869: [ParNew
Desired survivor size 41943040 bytes, new threshold 6 (max 6)
- age   1:     902032 bytes,     902032 total
- age   2:       4184 bytes,     906216 total
- age   3:       3216 bytes,     909432 total
- age   4:       3568 bytes,     913000 total
- age   5:       1152 bytes,     914152 total
- age   6:        632 bytes,     914784 total
: 656876K->1560K(737280K), 0.0089890 secs] 1654354K->999046K(1761280K), 0.0091340 secs] [Times: user=0.05 sys=0.00, real=0.01 secs] 
1084.101: [GC1084.101: [ParNew
Desired survivor size 41943040 bytes, new threshold 6 (max 6)
- age   1:    1385496 bytes,    1385496 total
- age   2:       1048 bytes,    1386544 total
- age   3:       4184 bytes,    1390728 total
- age   4:       3216 bytes,    1393944 total
- age   5:       3568 bytes,    1397512 total
- age   6:       1152 bytes,    1398664 total
: 656920K->1725K(737280K), 0.0067630 secs] 1654406K->999211K(1761280K), 0.0069180 secs] [Times: user=0.05 sys=0.00, real=0.00 secs] 
1084.330: [GC1084.330: [ParNew
Desired survivor size 41943040 bytes, new threshold 6 (max 6)
- age   1:    1264968 bytes,    1264968 total
- age   2:        960 bytes,    1265928 total
- age   3:       1048 bytes,    1266976 total
- age   4:       4184 bytes,    1271160 total
- age   5:       3192 bytes,    1274352 total
- age   6:       3568 bytes,    1277920 total
: 657085K->2044K(737280K), 0.0066670 secs] 1654571K->999531K(1761280K), 0.0068290 secs] [Times: user=0.05 sys=0.00, real=0.01 secs] 
1084.452: [CMS-concurrent-mark: 7.454/7.742 secs] [Times: user=57.94 sys=1.07, real=7.74 secs] 
1084.453: [CMS-concurrent-preclean-start]
1084.469: [CMS-concurrent-preclean: 0.015/0.016 secs] [Times: user=0.13 sys=0.00, real=0.01 secs] 
1084.469: [CMS-concurrent-abortable-preclean-start]
1084.564: [GC1084.564: [ParNew
Desired survivor size 41943040 bytes, new threshold 6 (max 6)
- age   1:     694632 bytes,     694632 total
- age   2:        952 bytes,     695584 total
- age   3:        960 bytes,     696544 total
- age   4:       1048 bytes,     697592 total
- age   5:       4184 bytes,     701776 total
- age   6:       3160 bytes,     704936 total
: 657404K->1228K(737280K), 0.0061970 secs] 1654891K->998719K(1761280K), 0.0063310 secs] [Times: user=0.04 sys=0.00, real=0.00 secs] 
1084.706: [CMS-concurrent-abortable-preclean: 0.125/0.237 secs] [Times: user=1.77 sys=0.04, real=0.24 secs] 
1084.725: [GC[YG occupancy: 473437 K (737280 K)]1084.725: [Rescan (parallel) , 0.2529930 secs]1084.978: [weak refs processing, 0.0000360 secs]1084.978: [scrub string table, 0.0009920 secs] [1 CMS-remark: 997490K(1024000K)] 1470928K(1761280K), 0.2541840 secs] [Times: user=1.85 sys=0.00, real=0.25 secs] 
1084.980: [CMS-concurrent-sweep-start]
1085.052: [GC1085.052: [ParNew
Desired survivor size 41943040 bytes, new threshold 6 (max 6)
- age   1:     355144 bytes,     355144 total
- age   2:       8016 bytes,     363160 total
- age   3:        640 bytes,     363800 total
- age   4:        792 bytes,     364592 total
- age   5:        832 bytes,     365424 total
- age   6:       4064 bytes,     369488 total
: 656588K->706K(737280K), 0.0060330 secs] 1654078K->998199K(1761280K), 0.0061470 secs] [Times: user=0.04 sys=0.00, real=0.00 secs] 
1085.311: [GC1085.311: [ParNew
Desired survivor size 41943040 bytes, new threshold 6 (max 6)
- age   1:     350696 bytes,     350696 total
- age   2:       1344 bytes,     352040 total
- age   3:       7944 bytes,     359984 total
- age   4:        472 bytes,     360456 total
- age   5:        648 bytes,     361104 total
- age   6:        688 bytes,     361792 total
: 656066K->518K(737280K), 0.0059870 secs] 1653559K->998015K(1761280K), 0.0061150 secs] [Times: user=0.04 sys=0.00, real=0.00 secs] 
1085.568: [GC1085.569: [ParNew
Desired survivor size 41943040 bytes, new threshold 6 (max 6)
- age   1:    1491576 bytes,    1491576 total
- age   2:       5008 bytes,    1496584 total
- age   3:       1176 bytes,    1497760 total
- age   4:       7744 bytes,    1505504 total
- age   5:        376 bytes,    1505880 total
- age   6:        552 bytes,    1506432 total
: 655878K->1671K(737280K), 0.0068990 secs] 1653375K->999168K(1761280K), 0.0070460 secs] [Times: user=0.04 sys=0.01, real=0.01 secs] 
1085.807: [GC1085.807: [ParNew
Desired survivor size 41943040 bytes, new threshold 6 (max 6)
- age   1:    1200568 bytes,    1200568 total
- age   2:       1320 bytes,    1201888 total
- age   3:       4936 bytes,    1206824 total
- age   4:       1080 bytes,    1207904 total
- age   5:       7576 bytes,    1215480 total
- age   6:        328 bytes,    1215808 total
: 657031K->1928K(737280K), 0.0064080 secs] 1654528K->999426K(1761280K), 0.0065690 secs] [Times: user=0.04 sys=0.00, real=0.01 secs] 
1086.052: [GC1086.052: [ParNew
Desired survivor size 41943040 bytes, new threshold 6 (max 6)
- age   1:     867640 bytes,     867640 total
- age   2:       4504 bytes,     872144 total
- age   3:       1192 bytes,     873336 total
- age   4:       4864 bytes,     878200 total
- age   5:       1032 bytes,     879232 total
- age   6:       7576 bytes,     886808 total
: 657288K->1335K(737280K), 0.0064340 secs] 1654786K->998834K(1761280K), 0.0065810 secs] [Times: user=0.05 sys=0.00, real=0.00 secs] 
1086.289: [GC1086.289: [ParNew
Desired survivor size 41943040 bytes, new threshold 6 (max 6)
- age   1:    1460656 bytes,    1460656 total
- age   2:        880 bytes,    1461536 total
- age   3:       4432 bytes,    1465968 total
- age   4:       1048 bytes,    1467016 total
- age   5:       4792 bytes,    1471808 total
- age   6:       1032 bytes,    1472840 total
: 656695K->1774K(737280K), 0.0067770 secs] 1654174K->999260K(1761280K), 0.0069260 secs] [Times: user=0.04 sys=0.00, real=0.01 secs] 
1086.308: [CMS-concurrent-sweep: 1.277/1.328 secs] [Times: user=9.91 sys=0.18, real=1.33 secs] 
1086.308: [CMS-concurrent-reset-start]
1086.402: [CMS-concurrent-reset: 0.094/0.094 secs] [Times: user=0.71 sys=0.02, real=0.10 secs] 
1086.514: [GC1086.515: [ParNew
Desired survivor size 41943040 bytes, new threshold 6 (max 6)
- age   1:    1098256 bytes,    1098256 total
- age   2:       1016 bytes,    1099272 total
- age   3:        712 bytes,    1099984 total
- age   4:       4384 bytes,    1104368 total
- age   5:        928 bytes,    1105296 total
- age   6:       4696 bytes,    1109992 total
: 657134K->1808K(737280K), 0.0063100 secs] 1654587K->999262K(1761280K), 0.0065070 secs] [Times: user=0.05 sys=0.00, real=0.01 secs] 
1086.525: [GC [1 CMS-initial-mark: 997453K(1024000K)] 1009534K(1761280K), 0.0106920 secs] [Times: user=0.01 sys=0.00, real=0.01 secs] 
1086.537: [CMS-concurrent-mark-start]
1086.773: [GC1086.773: [ParNew
Desired survivor size 41943040 bytes, new threshold 6 (max 6)
- age   1:    1504920 bytes,    1504920 total
- age   2:       1744 bytes,    1506664 total
- age   3:        920 bytes,    1507584 total
- age   4:        568 bytes,    1508152 total
- age   5:       4312 bytes,    1512464 total
- age   6:        880 bytes,    1513344 total
: 657168K->1930K(737280K), 0.0067770 secs] 1654622K->999389K(1761280K), 0.0069210 secs] [Times: user=0.05 sys=0.00, real=0.00 secs] 
1087.046: [GC1087.046: [ParNew
Desired survivor size 41943040 bytes, new threshold 6 (max 6)
- age   1:    1975488 bytes,    1975488 total
- age   2:      11224 bytes,    1986712 total
- age   3:       1648 bytes,    1988360 total
- age   4:        776 bytes,    1989136 total
- age   5:        376 bytes,    1989512 total
- age   6:       4216 bytes,    1993728 total
: 657290K->2584K(737280K), 0.0074430 secs] 1654749K->1000044K(1761280K), 0.0075700 secs] [Times: user=0.04 sys=0.00, real=0.01 secs] 
1087.303: [GC1087.303: [ParNew
Desired survivor size 41943040 bytes, new threshold 6 (max 6)
- age   1:     832464 bytes,     832464 total
- age   2:        936 bytes,     833400 total
- age   3:      11128 bytes,     844528 total
- age   4:       1648 bytes,     846176 total
- age   5:        776 bytes,     846952 total
- age   6:        376 bytes,     847328 total
: 657944K->1783K(737280K), 0.0063270 secs] 1655404K->999247K(1761280K), 0.0064800 secs] [Times: user=0.04 sys=0.00, real=0.00 secs] 
1087.558: [GC1087.558: [ParNew
Desired survivor size 41943040 bytes, new threshold 6 (max 6)
- age   1:    1249288 bytes,    1249288 total
- age   2:       1096 bytes,    1250384 total
- age   3:        624 bytes,    1251008 total
- age   4:      10840 bytes,    1261848 total
- age   5:       1432 bytes,    1263280 total
- age   6:        632 bytes,    1263912 total
: 657143K->1512K(737280K), 0.0067920 secs] 1654607K->998976K(1761280K), 0.0069280 secs] [Times: user=0.03 sys=0.00, real=0.01 secs] 
1087.798: [GC1087.798: [ParNew
Desired survivor size 41943040 bytes, new threshold 6 (max 6)
- age   1:    1088064 bytes,    1088064 total
- age   2:       4120 bytes,    1092184 total
- age   3:       1096 bytes,    1093280 total
- age   4:        624 bytes,    1093904 total
- age   5:      10816 bytes,    1104720 total
- age   6:       1432 bytes,    1106152 total
: 656872K->1811K(737280K), 0.0066250 secs] 1654336K->999276K(1761280K), 0.0067710 secs] [Times: user=0.03 sys=0.01, real=0.01 secs] 
1088.039: [GC1088.039: [ParNew
Desired survivor size 41943040 bytes, new threshold 6 (max 6)
- age   1:    3084864 bytes,    3084864 total
- age   2:       1272 bytes,    3086136 total
- age   3:       4120 bytes,    3090256 total
- age   4:       1096 bytes,    3091352 total
- age   5:        624 bytes,    3091976 total
- age   6:      10816 bytes,    3102792 total
: 657171K->3333K(737280K), 0.0107200 secs] 1654636K->1000800K(1761280K), 0.0109120 secs] [Times: user=0.05 sys=0.00, real=0.01 secs] 
1088.293: [GC1088.293: [ParNew
Desired survivor size 41943040 bytes, new threshold 6 (max 6)
- age   1:     684064 bytes,     684064 total
- age   2:        832 bytes,     684896 total
- age   3:       1272 bytes,     686168 total
- age   4:       4120 bytes,     690288 total
- age   5:       1096 bytes,     691384 total
- age   6:        624 bytes,     692008 total
: 658693K->2443K(737280K), 0.0064060 secs] 1656160K->999921K(1761280K), 0.0066130 secs] [Times: user=0.04 sys=0.00, real=0.00 secs] 
1088.536: [GC1088.536: [ParNew
Desired survivor size 41943040 bytes, new threshold 6 (max 6)
- age   1:    1941312 bytes,    1941312 total
- age   2:       1496 bytes,    1942808 total
- age   3:        832 bytes,    1943640 total
- age   4:       1272 bytes,    1944912 total
- age   5:       4096 bytes,    1949008 total
- age   6:       1096 bytes,    1950104 total
: 657803K->2144K(737280K), 0.0072730 secs] 1655281K->999622K(1761280K), 0.0074070 secs] [Times: user=0.05 sys=0.00, real=0.01 secs] 
1088.799: [GC1088.799: [ParNew
Desired survivor size 41943040 bytes, new threshold 6 (max 6)
- age   1:     337392 bytes,     337392 total
- age   2:       1264 bytes,     338656 total
- age   3:       1400 bytes,     340056 total
- age   4:        784 bytes,     340840 total
- age   5:       1128 bytes,     341968 total
- age   6:       4000 bytes,     345968 total
: 657504K->1623K(737280K), 0.0060570 secs] 1654982K->999102K(1761280K), 0.0062090 secs] [Times: user=0.04 sys=0.00, real=0.01 secs] 
1089.049: [GC1089.049: [ParNew
Desired survivor size 41943040 bytes, new threshold 6 (max 6)
- age   1:    1403000 bytes,    1403000 total
- age   2:       8936 bytes,    1411936 total
- age   3:       1096 bytes,    1413032 total
- age   4:       1112 bytes,    1414144 total
- age   5:        640 bytes,    1414784 total
- age   6:        912 bytes,    1415696 total
: 656983K->1654K(737280K), 0.0068250 secs] 1654462K->999138K(1761280K), 0.0069590 secs] [Times: user=0.04 sys=0.00, real=0.01 secs] 
1089.291: [GC1089.292: [ParNew
Desired survivor size 41943040 bytes, new threshold 6 (max 6)
- age   1:     552024 bytes,     552024 total
- age   2:       1056 bytes,     553080 total
- age   3:       8744 bytes,     561824 total
- age   4:       1000 bytes,     562824 total
- age   5:        992 bytes,     563816 total
- age   6:        592 bytes,     564408 total
: 657014K->1159K(737280K), 0.0064430 secs] 1654498K->998644K(1761280K), 0.0065880 secs] [Times: user=0.04 sys=0.00, real=0.01 secs] 
1089.538: [GC1089.538: [ParNew
Desired survivor size 41943040 bytes, new threshold 6 (max 6)
- age   1:    2398760 bytes,    2398760 total
- age   2:       4104 bytes,    2402864 total
- age   3:        912 bytes,    2403776 total
- age   4:       8600 bytes,    2412376 total
- age   5:        880 bytes,    2413256 total
- age   6:        872 bytes,    2414128 total
: 656519K->2544K(737280K), 0.0074200 secs] 1654004K->1000030K(1761280K), 0.0075490 secs] [Times: user=0.05 sys=0.00, real=0.01 secs] 
1089.785: [GC1089.785: [ParNew
Desired survivor size 41943040 bytes, new threshold 6 (max 6)
- age   1:     751008 bytes,     751008 total
- age   2:       1264 bytes,     752272 total
- age   3:       4056 bytes,     756328 total
- age   4:        912 bytes,     757240 total
- age   5:       8576 bytes,     765816 total
- age   6:        880 bytes,     766696 total
: 657904K->1892K(737280K), 0.0060520 secs] 1655390K->999378K(1761280K), 0.0062010 secs] [Times: user=0.04 sys=0.00, real=0.00 secs] 
1090.025: [GC1090.025: [ParNew
Desired survivor size 41943040 bytes, new threshold 6 (max 6)
- age   1:    2314280 bytes,    2314280 total
- age   2:       5712 bytes,    2319992 total
- age   3:       1264 bytes,    2321256 total
- age   4:       4056 bytes,    2325312 total
- age   5:        912 bytes,    2326224 total
- age   6:       8576 bytes,    2334800 total
: 657252K->2558K(737280K), 0.0078460 secs] 1654738K->1000045K(1761280K), 0.0079910 secs] [Times: user=0.05 sys=0.00, real=0.01 secs] 
1090.243: [GC1090.243: [ParNew
Desired survivor size 41943040 bytes, new threshold 6 (max 6)
- age   1:     699592 bytes,     699592 total
- age   2:        600 bytes,     700192 total
- age   3:       5520 bytes,     705712 total
- age   4:       1072 bytes,     706784 total
- age   5:       3984 bytes,     710768 total
- age   6:        744 bytes,     711512 total
: 657918K->1875K(737280K), 0.0064810 secs] 1655405K->999371K(1761280K), 0.0066870 secs] [Times: user=0.05 sys=0.00, real=0.00 secs] 
1090.525: [GC1090.525: [ParNew
Desired survivor size 41943040 bytes, new threshold 6 (max 6)
- age   1:     892472 bytes,     892472 total
- age   2:       1184 bytes,     893656 total
- age   3:        528 bytes,     894184 total
- age   4:       5352 bytes,     899536 total
- age   5:        952 bytes,     900488 total
- age   6:       3912 bytes,     904400 total
: 657235K->1204K(737280K), 0.0062910 secs] 1654731K->998701K(1761280K), 0.0064860 secs] [Times: user=0.04 sys=0.00, real=0.00 secs] 
1090.756: [GC1090.756: [ParNew
Desired survivor size 41943040 bytes, new threshold 6 (max 6)
- age   1:     543640 bytes,     543640 total
- age   2:       4328 bytes,     547968 total
- age   3:        960 bytes,     548928 total
- age   4:        504 bytes,     549432 total
- age   5:       5184 bytes,     554616 total
- age   6:        808 bytes,     555424 total
: 656564K->1131K(737280K), 0.0062140 secs] 1654061K->998632K(1761280K), 0.0063910 secs] [Times: user=0.04 sys=0.00, real=0.01 secs] 
1091.002: [GC1091.002: [ParNew
Desired survivor size 41943040 bytes, new threshold 6 (max 6)
- age   1:     430536 bytes,     430536 total
- age   2:      11424 bytes,     441960 total
- age   3:       4328 bytes,     446288 total
- age   4:        960 bytes,     447248 total
- age   5:        504 bytes,     447752 total
- age   6:       5184 bytes,     452936 total
: 656491K->664K(737280K), 0.0057880 secs] 1653992K->998166K(1761280K), 0.0059580 secs] [Times: user=0.04 sys=0.00, real=0.00 secs] 
1091.233: [GC1091.233: [ParNew
Desired survivor size 41943040 bytes, new threshold 6 (max 6)
- age   1:     896432 bytes,     896432 total
- age   2:       1776 bytes,     898208 total
- age   3:      11424 bytes,     909632 total
- age   4:       4328 bytes,     913960 total
- age   5:        960 bytes,     914920 total
- age   6:        504 bytes,     915424 total
: 656024K->1193K(737280K), 0.0069920 secs] 1653526K->998700K(1761280K), 0.0071600 secs] [Times: user=0.04 sys=0.00, real=0.00 secs] 
1091.478: [GC1091.478: [ParNew
Desired survivor size 41943040 bytes, new threshold 6 (max 6)
- age   1:    1544232 bytes,    1544232 total
- age   2:        880 bytes,    1545112 total
- age   3:       1776 bytes,    1546888 total
- age   4:      11424 bytes,    1558312 total
- age   5:       4304 bytes,    1562616 total
- age   6:        960 bytes,    1563576 total
: 656553K->2045K(737280K), 0.0073730 secs] 1654060K->999552K(1761280K), 0.0075080 secs] [Times: user=0.05 sys=0.00, real=0.01 secs] 
1091.699: [GC1091.699: [ParNew
Desired survivor size 41943040 bytes, new threshold 6 (max 6)
- age   1:    1099280 bytes,    1099280 total
- age   2:       1408 bytes,    1100688 total
- age   3:        880 bytes,    1101568 total
- age   4:       1776 bytes,    1103344 total
- age   5:      11400 bytes,    1114744 total
- age   6:       4304 bytes,    1119048 total
: 657405K->2010K(737280K), 0.0066710 secs] 1654912K->999518K(1761280K), 0.0067960 secs] [Times: user=0.05 sys=0.00, real=0.01 secs] 
1091.932: [GC1091.932: [ParNew
Desired survivor size 41943040 bytes, new threshold 6 (max 6)
- age   1:    2387328 bytes,    2387328 total
- age   2:     414456 bytes,    2801784 total
- age   3:       1192 bytes,    2802976 total
- age   4:        760 bytes,    2803736 total
- age   5:       1608 bytes,    2805344 total
- age   6:      11320 bytes,    2816664 total
: 657370K->3258K(737280K), 0.0084970 secs] 1654878K->1000771K(1761280K), 0.0086430 secs] [Times: user=0.05 sys=0.00, real=0.01 secs] 
1092.160: [GC1092.160: [ParNew
Desired survivor size 41943040 bytes, new threshold 6 (max 6)
- age   1:     874592 bytes,     874592 total
- age   2:       1096 bytes,     875688 total
- age   3:        312 bytes,     876000 total
- age   4:        832 bytes,     876832 total
- age   5:        448 bytes,     877280 total
- age   6:       1008 bytes,     878288 total
: 658618K->2249K(737280K), 0.0065720 secs] 1656131K->999773K(1761280K), 0.0067880 secs] [Times: user=0.04 sys=0.00, real=0.01 secs] 
1092.692: [GC1092.692: [ParNew
Desired survivor size 41943040 bytes, new threshold 6 (max 6)
- age   1:    2970096 bytes,    2970096 total
- age   2:        656 bytes,    2970752 total
- age   3:       1064 bytes,    2971816 total
- age   4:        312 bytes,    2972128 total
- age   5:        808 bytes,    2972936 total
- age   6:        448 bytes,    2973384 total
: 657609K->3495K(737280K), 0.0079730 secs] 1655133K->1001020K(1761280K), 0.0081660 secs] [Times: user=0.06 sys=0.00, real=0.01 secs] 
1092.934: [GC1092.934: [ParNew
Desired survivor size 41943040 bytes, new threshold 6 (max 6)
- age   1:    1717872 bytes,    1717872 total
- age   2:     593112 bytes,    2310984 total
- age   3:        512 bytes,    2311496 total
- age   4:       1040 bytes,    2312536 total
- age   5:        288 bytes,    2312824 total
- age   6:        808 bytes,    2313632 total
: 658855K->2965K(737280K), 0.0078100 secs] 1656380K->1000490K(1761280K), 0.0079820 secs] [Times: user=0.04 sys=0.00, real=0.01 secs] 
1093.164: [GC1093.164: [ParNew
Desired survivor size 41943040 bytes, new threshold 6 (max 6)
- age   1:    1162872 bytes,    1162872 total
- age   2:        696 bytes,    1163568 total
- age   3:       8048 bytes,    1171616 total
- age   4:        488 bytes,    1172104 total
- age   5:       1040 bytes,    1173144 total
- age   6:        288 bytes,    1173432 total
: 658325K->2287K(737280K), 0.0062480 secs] 1655850K->999814K(1761280K), 0.0064320 secs] [Times: user=0.04 sys=0.00, real=0.00 secs] 
1093.392: [GC1093.392: [ParNew
Desired survivor size 41943040 bytes, new threshold 6 (max 6)
- age   1:    1193608 bytes,    1193608 total
- age   2:       2816 bytes,    1196424 total
- age   3:        504 bytes,    1196928 total
- age   4:       8000 bytes,    1204928 total
- age   5:        320 bytes,    1205248 total
- age   6:       1016 bytes,    1206264 total
: 657647K->1878K(737280K), 0.0078660 secs] 1655174K->999404K(1761280K), 0.0080130 secs] [Times: user=0.04 sys=0.00, real=0.01 secs] 
1093.608: [GC1093.608: [ParNew
Desired survivor size 41943040 bytes, new threshold 6 (max 6)
- age   1:    2570872 bytes,    2570872 total
- age   2:       4456 bytes,    2575328 total
- age   3:       2576 bytes,    2577904 total
- age   4:        384 bytes,    2578288 total
- age   5:       7832 bytes,    2586120 total
- age   6:        176 bytes,    2586296 total
: 657238K->3260K(737280K), 0.0079310 secs] 1654764K->1000788K(1761280K), 0.0080650 secs] [Times: user=0.05 sys=0.00, real=0.01 secs] 
1093.851: [GC1093.851: [ParNew
Desired survivor size 41943040 bytes, new threshold 6 (max 6)
- age   1:     703872 bytes,     703872 total
- age   2:       3704 bytes,     707576 total
- age   3:       4192 bytes,     711768 total
- age   4:       2504 bytes,     714272 total
- age   5:        288 bytes,     714560 total
- age   6:       7832 bytes,     722392 total
: 658620K->2177K(737280K), 0.0060320 secs] 1656148K->999706K(1761280K), 0.0062100 secs] [Times: user=0.04 sys=0.01, real=0.01 secs] 
1094.091: [GC1094.091: [ParNew
Desired survivor size 41943040 bytes, new threshold 6 (max 6)
- age   1:    1291760 bytes,    1291760 total
- age   2:       4592 bytes,    1296352 total
- age   3:       3608 bytes,    1299960 total
- age   4:       3952 bytes,    1303912 total
- age   5:       2336 bytes,    1306248 total
- age   6:        216 bytes,    1306464 total
: 657537K->1711K(737280K), 0.0084730 secs] 1655066K->999247K(1761280K), 0.0087450 secs] [Times: user=0.04 sys=0.00, real=0.01 secs] 
1094.330: [GC1094.330: [ParNew
Desired survivor size 41943040 bytes, new threshold 6 (max 6)
- age   1:    1797144 bytes,    1797144 total
- age   2:        584 bytes,    1797728 total
- age   3:       4568 bytes,    1802296 total
- age   4:       3608 bytes,    1805904 total
- age   5:       3952 bytes,    1809856 total
- age   6:       2336 bytes,    1812192 total
: 657071K->2132K(737280K), 0.0069260 secs] 1654607K->999668K(1761280K), 0.0070900 secs] [Times: user=0.05 sys=0.00, real=0.01 secs] 
1094.555: [GC1094.555: [ParNew
Desired survivor size 41943040 bytes, new threshold 6 (max 6)
- age   1:    1068728 bytes,    1068728 total
- age   2:       1600 bytes,    1070328 total
- age   3:        464 bytes,    1070792 total
- age   4:       4520 bytes,    1075312 total
- age   5:       3584 bytes,    1078896 total
- age   6:       3952 bytes,    1082848 total
: 657492K->1813K(737280K), 0.0064420 secs] 1655028K->999351K(1761280K), 0.0065800 secs] [Times: user=0.04 sys=0.00, real=0.01 secs] 
1094.790: [GC1094.790: [ParNew
Desired survivor size 41943040 bytes, new threshold 6 (max 6)
- age   1:     451216 bytes,     451216 total
- age   2:        848 bytes,     452064 total
- age   3:       1480 bytes,     453544 total
- age   4:        464 bytes,     454008 total
- age   5:       4352 bytes,     458360 total
- age   6:       3584 bytes,     461944 total
: 657173K->899K(737280K), 0.0059250 secs] 1654711K->998442K(1761280K), 0.0060890 secs] [Times: user=0.04 sys=0.00, real=0.01 secs] 
1095.025: [GC1095.025: [ParNew
Desired survivor size 41943040 bytes, new threshold 6 (max 6)
- age   1:    1307832 bytes,    1307832 total
- age   2:      11848 bytes,    1319680 total
- age   3:        752 bytes,    1320432 total
- age   4:       1360 bytes,    1321792 total
- age   5:        336 bytes,    1322128 total
- age   6:       4208 bytes,    1326336 total
: 656259K->1476K(737280K), 0.0071020 secs] 1653802K->999022K(1761280K), 0.0072620 secs] [Times: user=0.04 sys=0.00, real=0.00 secs] 
1095.245: [GC1095.245: [ParNew
Desired survivor size 41943040 bytes, new threshold 6 (max 6)
- age   1:    1344264 bytes,    1344264 total
- age   2:        936 bytes,    1345200 total
- age   3:      11848 bytes,    1357048 total
- age   4:        752 bytes,    1357800 total
- age   5:       1360 bytes,    1359160 total
- age   6:        336 bytes,    1359496 total
: 656836K->1861K(737280K), 0.0109090 secs] 1654382K->999412K(1761280K), 0.0110360 secs] [Times: user=0.07 sys=0.00, real=0.01 secs] 
1095.478: [GC1095.478: [ParNew
Desired survivor size 41943040 bytes, new threshold 6 (max 6)
- age   1:    2031640 bytes,    2031640 total
- age   2:        840 bytes,    2032480 total
- age   3:        720 bytes,    2033200 total
- age   4:      11800 bytes,    2045000 total
- age   5:        632 bytes,    2045632 total
- age   6:       1216 bytes,    2046848 total
: 657221K->2523K(737280K), 0.0071640 secs] 1654772K->1000074K(1761280K), 0.0073570 secs] [Times: user=0.04 sys=0.00, real=0.01 secs] 
1095.490: [CMS-concurrent-mark: 8.623/8.953 secs] [Times: user=64.10 sys=1.26, real=8.95 secs] 
1095.490: [CMS-concurrent-preclean-start]
1095.505: [CMS-concurrent-preclean: 0.015/0.016 secs] [Times: user=0.12 sys=0.00, real=0.02 secs] 
1095.505: [CMS-concurrent-abortable-preclean-start]
1095.615: [CMS-concurrent-abortable-preclean: 0.109/0.109 secs] [Times: user=0.83 sys=0.01, real=0.11 secs] 
1095.616: [GC[YG occupancy: 389963 K (737280 K)]1095.616: [Rescan (parallel) , 0.0935760 secs]1095.710: [weak refs processing, 0.0000320 secs]1095.710: [scrub string table, 0.0010140 secs] [1 CMS-remark: 997551K(1024000K)] 1387515K(1761280K), 0.0947490 secs] [Times: user=0.70 sys=0.01, real=0.09 secs] 
1095.711: [CMS-concurrent-sweep-start]
1095.821: [GC1095.821: [ParNew
Desired survivor size 41943040 bytes, new threshold 6 (max 6)
- age   1:     673536 bytes,     673536 total
- age   2:       1176 bytes,     674712 total
- age   3:        840 bytes,     675552 total
- age   4:        688 bytes,     676240 total
- age   5:      11776 bytes,     688016 total
- age   6:        608 bytes,     688624 total
: 657883K->1814K(737280K), 0.0062810 secs] 1655434K->999367K(1761280K), 0.0064060 secs] [Times: user=0.04 sys=0.00, real=0.01 secs] 
1096.087: [GC1096.087: [ParNew
Desired survivor size 41943040 bytes, new threshold 6 (max 6)
- age   1:    1991656 bytes,    1991656 total
- age   2:       1360 bytes,    1993016 total
- age   3:       1080 bytes,    1994096 total
- age   4:        768 bytes,    1994864 total
- age   5:        568 bytes,    1995432 total
- age   6:      11656 bytes,    2007088 total
: 657174K->2176K(737280K), 0.0069900 secs] 1654727K->999729K(1761280K), 0.0071950 secs] [Times: user=0.05 sys=0.00, real=0.01 secs] 
1096.326: [GC1096.326: [ParNew
Desired survivor size 41943040 bytes, new threshold 6 (max 6)
- age   1:    1737528 bytes,    1737528 total
- age   2:     341520 bytes,    2079048 total
- age   3:       1144 bytes,    2080192 total
- age   4:        912 bytes,    2081104 total
- age   5:        552 bytes,    2081656 total
- age   6:        496 bytes,    2082152 total
: 657536K->2844K(737280K), 0.0074160 secs] 1655089K->1000409K(1761280K), 0.0075690 secs] [Times: user=0.05 sys=0.00, real=0.01 secs] 
1096.564: [GC1096.564: [ParNew
Desired survivor size 41943040 bytes, new threshold 6 (max 6)
- age   1:     840744 bytes,     840744 total
- age   2:      22112 bytes,     862856 total
- age   3:       4824 bytes,     867680 total
- age   4:       1120 bytes,     868800 total
- age   5:        912 bytes,     869712 total
- age   6:        552 bytes,     870264 total
: 658204K->1931K(737280K), 0.0062510 secs] 1655769K->999496K(1761280K), 0.0064230 secs] [Times: user=0.04 sys=0.00, real=0.00 secs] 
1096.798: [GC1096.799: [ParNew
Desired survivor size 41943040 bytes, new threshold 6 (max 6)
- age   1:     859200 bytes,     859200 total
- age   2:        752 bytes,     859952 total
- age   3:      21944 bytes,     881896 total
- age   4:       4632 bytes,     886528 total
- age   5:        976 bytes,     887504 total
- age   6:        696 bytes,     888200 total
: 657291K->1402K(737280K), 0.0061760 secs] 1654856K->998968K(1761280K), 0.0063490 secs] [Times: user=0.05 sys=0.00, real=0.01 secs] 
1097.044: [GC1097.044: [ParNew
Desired survivor size 41943040 bytes, new threshold 6 (max 6)
- age   1:    2308744 bytes,    2308744 total
- age   2:      14600 bytes,    2323344 total
- age   3:        752 bytes,    2324096 total
- age   4:      21944 bytes,    2346040 total
- age   5:       4632 bytes,    2350672 total
- age   6:        936 bytes,    2351608 total
: 656762K->2659K(737280K), 0.0075710 secs] 1654325K->1000223K(1761280K), 0.0077150 secs] [Times: user=0.06 sys=0.00, real=0.00 secs] 
1097.096: [CMS-concurrent-sweep: 1.332/1.385 secs] [Times: user=10.29 sys=0.21, real=1.39 secs] 
1097.097: [CMS-concurrent-reset-start]
1097.127: [CMS-concurrent-reset: 0.031/0.031 secs] [Times: user=0.23 sys=0.01, real=0.03 secs] 
1097.275: [GC1097.275: [ParNew
Desired survivor size 41943040 bytes, new threshold 6 (max 6)
- age   1:    1443424 bytes,    1443424 total
- age   2:    1168216 bytes,    2611640 total
- age   3:      14504 bytes,    2626144 total
- age   4:        704 bytes,    2626848 total
- age   5:      21920 bytes,    2648768 total
- age   6:       4608 bytes,    2653376 total
: 658019K->3628K(737280K), 0.0072640 secs] 1655538K->1001148K(1761280K), 0.0074560 secs] [Times: user=0.04 sys=0.00, real=0.00 secs] 
1097.286: [GC [1 CMS-initial-mark: 997520K(1024000K)] 1007144K(1761280K), 0.0103810 secs] [Times: user=0.01 sys=0.00, real=0.01 secs] 
1097.296: [CMS-concurrent-mark-start]
1097.530: [GC1097.530: [ParNew
Desired survivor size 41943040 bytes, new threshold 6 (max 6)
- age   1:    1745872 bytes,    1745872 total
- age   2:       6296 bytes,    1752168 total
- age   3:        800 bytes,    1752968 total
- age   4:      14336 bytes,    1767304 total
- age   5:        656 bytes,    1767960 total
- age   6:      21704 bytes,    1789664 total
: 658988K->2427K(737280K), 0.0078040 secs] 1656508K->999952K(1761280K), 0.0079550 secs] [Times: user=0.05 sys=0.00, real=0.01 secs] 
1097.754: [GC1097.754: [ParNew
Desired survivor size 41943040 bytes, new threshold 6 (max 6)
- age   1:    2963360 bytes,    2963360 total
- age   2:       1240 bytes,    2964600 total
- age   3:       6128 bytes,    2970728 total
- age   4:        680 bytes,    2971408 total
- age   5:      14312 bytes,    2985720 total
- age   6:        632 bytes,    2986352 total
: 657787K->4074K(737280K), 0.0079470 secs] 1655312K->1001621K(1761280K), 0.0081100 secs] [Times: user=0.05 sys=0.00, real=0.00 secs] 
1098.005: [GC1098.005: [ParNew
Desired survivor size 41943040 bytes, new threshold 6 (max 6)
- age   1:     807272 bytes,     807272 total
- age   2:       1160 bytes,     808432 total
- age   3:       1240 bytes,     809672 total
- age   4:       6128 bytes,     815800 total
- age   5:        680 bytes,     816480 total
- age   6:      14288 bytes,     830768 total
: 659434K->2666K(737280K), 0.0061060 secs] 1656981K->1000214K(1761280K), 0.0062560 secs] [Times: user=0.04 sys=0.00, real=0.00 secs] 
1098.256: [GC1098.256: [ParNew
Desired survivor size 41943040 bytes, new threshold 6 (max 6)
- age   1:     514192 bytes,     514192 total
- age   2:       3696 bytes,     517888 total
- age   3:        920 bytes,     518808 total
- age   4:       1120 bytes,     519928 total
- age   5:       5984 bytes,     525912 total
- age   6:        368 bytes,     526280 total
: 658026K->869K(737280K), 0.0064460 secs] 1655574K->998431K(1761280K), 0.0065980 secs] [Times: user=0.04 sys=0.00, real=0.00 secs] 
1098.512: [GC1098.512: [ParNew
Desired survivor size 41943040 bytes, new threshold 6 (max 6)
- age   1:     344096 bytes,     344096 total
- age   2:       4976 bytes,     349072 total
- age   3:       3576 bytes,     352648 total
- age   4:        776 bytes,     353424 total
- age   5:        928 bytes,     354352 total
- age   6:       5896 bytes,     360248 total
: 656229K->666K(737280K), 0.0064510 secs] 1653791K->998228K(1761280K), 0.0066150 secs] [Times: user=0.04 sys=0.00, real=0.01 secs] 
1098.750: [GC1098.750: [ParNew
Desired survivor size 41943040 bytes, new threshold 6 (max 6)
- age   1:    2838736 bytes,    2838736 total
- age   2:       1208 bytes,    2839944 total
- age   3:       4880 bytes,    2844824 total
- age   4:       3552 bytes,    2848376 total
- age   5:        728 bytes,    2849104 total
- age   6:        880 bytes,    2849984 total
: 656026K->2930K(737280K), 0.0077170 secs] 1653588K->1000498K(1761280K), 0.0078750 secs] [Times: user=0.05 sys=0.00, real=0.01 secs] 
1098.995: [GC1098.995: [ParNew
Desired survivor size 41943040 bytes, new threshold 6 (max 6)
- age   1:    1520880 bytes,    1520880 total
- age   2:        928 bytes,    1521808 total
- age   3:       1208 bytes,    1523016 total
- age   4:       4880 bytes,    1527896 total
- age   5:       3496 bytes,    1531392 total
- age   6:        728 bytes,    1532120 total
: 658290K->2682K(737280K), 0.0074300 secs] 1655858K->1000251K(1761280K), 0.0075630 secs] [Times: user=0.04 sys=0.00, real=0.01 secs] 
1099.240: [GC1099.240: [ParNew
Desired survivor size 41943040 bytes, new threshold 6 (max 6)
- age   1:    1312552 bytes,    1312552 total
- age   2:       8552 bytes,    1321104 total
- age   3:        784 bytes,    1321888 total
- age   4:       1112 bytes,    1323000 total
- age   5:       4688 bytes,    1327688 total
- age   6:       3400 bytes,    1331088 total
: 658042K->1920K(737280K), 0.0065240 secs] 1655611K->999490K(1761280K), 0.0066770 secs] [Times: user=0.05 sys=0.00, real=0.01 secs] 
1099.475: [GC1099.475: [ParNew
Desired survivor size 41943040 bytes, new threshold 6 (max 6)
- age   1:    1654744 bytes,    1654744 total
- age   2:       4344 bytes,    1659088 total
- age   3:       7992 bytes,    1667080 total
- age   4:        784 bytes,    1667864 total
- age   5:       1112 bytes,    1668976 total
- age   6:       4688 bytes,    1673664 total
: 657280K->2186K(737280K), 0.0069850 secs] 1654850K->999759K(1761280K), 0.0071310 secs] [Times: user=0.04 sys=0.00, real=0.00 secs] 
1099.722: [GC1099.722: [ParNew
Desired survivor size 41943040 bytes, new threshold 6 (max 6)
- age   1:    1293688 bytes,    1293688 total
- age   2:        456 bytes,    1294144 total
- age   3:       4344 bytes,    1298488 total
- age   4:       7896 bytes,    1306384 total
- age   5:        688 bytes,    1307072 total
- age   6:        992 bytes,    1308064 total
: 657546K->1922K(737280K), 0.0066600 secs] 1655119K->999501K(1761280K), 0.0068000 secs] [Times: user=0.05 sys=0.00, real=0.01 secs] 
1099.967: [GC1099.967: [ParNew
Desired survivor size 41943040 bytes, new threshold 6 (max 6)
- age   1:    1472672 bytes,    1472672 total
- age   2:       1072 bytes,    1473744 total
- age   3:        392 bytes,    1474136 total
- age   4:       4248 bytes,    1478384 total
- age   5:       7824 bytes,    1486208 total
- age   6:        568 bytes,    1486776 total
: 657282K->2181K(737280K), 0.0065760 secs] 1654861K->999760K(1761280K), 0.0067790 secs] [Times: user=0.04 sys=0.00, real=0.01 secs] 
1100.205: [GC1100.205: [ParNew
Desired survivor size 41943040 bytes, new threshold 6 (max 6)
- age   1:     786104 bytes,     786104 total
- age   2:       1040 bytes,     787144 total
- age   3:        592 bytes,     787736 total
- age   4:        272 bytes,     788008 total
- age   5:       4056 bytes,     792064 total
- age   6:       7512 bytes,     799576 total
: 657541K->1602K(737280K), 0.0062260 secs] 1655120K->999182K(1761280K), 0.0063770 secs] [Times: user=0.04 sys=0.00, real=0.00 secs] 
1100.451: [GC1100.451: [ParNew
Desired survivor size 41943040 bytes, new threshold 6 (max 6)
- age   1:    2468224 bytes,    2468224 total
- age   2:       3864 bytes,    2472088 total
- age   3:       1040 bytes,    2473128 total
- age   4:        592 bytes,    2473720 total
- age   5:        272 bytes,    2473992 total
- age   6:       4056 bytes,    2478048 total
: 656962K->2676K(737280K), 0.0079070 secs] 1654542K->1000263K(1761280K), 0.0080710 secs] [Times: user=0.05 sys=0.00, real=0.01 secs] 
1100.709: [GC1100.709: [ParNew
Desired survivor size 41943040 bytes, new threshold 6 (max 6)
- age   1:     912272 bytes,     912272 total
- age   2:        696 bytes,     912968 total
- age   3:       3816 bytes,     916784 total
- age   4:        968 bytes,     917752 total
- age   5:        544 bytes,     918296 total
- age   6:        224 bytes,     918520 total
: 658036K->1977K(737280K), 0.0061510 secs] 1655623K->999568K(1761280K), 0.0062920 secs] [Times: user=0.04 sys=0.00, real=0.01 secs] 
1100.954: [GC1100.954: [ParNew
Desired survivor size 41943040 bytes, new threshold 6 (max 6)
- age   1:    1561560 bytes,    1561560 total
- age   2:       4568 bytes,    1566128 total
- age   3:        696 bytes,    1566824 total
- age   4:       3816 bytes,    1570640 total
- age   5:        944 bytes,    1571584 total
- age   6:        544 bytes,    1572128 total
: 657337K->1973K(737280K), 0.0067270 secs] 1654928K->999564K(1761280K), 0.0068580 secs] [Times: user=0.04 sys=0.00, real=0.00 secs] 
1101.187: [GC1101.187: [ParNew
Desired survivor size 41943040 bytes, new threshold 6 (max 6)
- age   1:    1110032 bytes,    1110032 total
- age   2:       8504 bytes,    1118536 total
- age   3:       4568 bytes,    1123104 total
- age   4:        696 bytes,    1123800 total
- age   5:       3816 bytes,    1127616 total
- age   6:        944 bytes,    1128560 total
: 657333K->1698K(737280K), 0.0068170 secs] 1654924K->999290K(1761280K), 0.0069540 secs] [Times: user=0.04 sys=0.00, real=0.01 secs] 
1101.407: [GC1101.407: [ParNew
Desired survivor size 41943040 bytes, new threshold 6 (max 6)
- age   1:    3069776 bytes,    3069776 total
- age   2:     238848 bytes,    3308624 total
- age   3:       8168 bytes,    3316792 total
- age   4:       4352 bytes,    3321144 total
- age   5:        600 bytes,    3321744 total
- age   6:       3696 bytes,    3325440 total
: 657058K->3936K(737280K), 0.0079650 secs] 1654650K->1001529K(1761280K), 0.0081630 secs] [Times: user=0.06 sys=0.00, real=0.01 secs] 
1101.636: [GC1101.636: [ParNew
Desired survivor size 41943040 bytes, new threshold 6 (max 6)
- age   1:    1426600 bytes,    1426600 total
- age   2:        720 bytes,    1427320 total
- age   3:        584 bytes,    1427904 total
- age   4:       7880 bytes,    1435784 total
- age   5:       3968 bytes,    1439752 total
- age   6:        408 bytes,    1440160 total
: 659296K->2727K(737280K), 0.0072470 secs] 1656889K->1000323K(1761280K), 0.0074030 secs] [Times: user=0.05 sys=0.00, real=0.01 secs] 
1101.859: [GC1101.860: [ParNew
Desired survivor size 41943040 bytes, new threshold 6 (max 6)
- age   1:    2227224 bytes,    2227224 total
- age   2:        960 bytes,    2228184 total
- age   3:        720 bytes,    2228904 total
- age   4:        584 bytes,    2229488 total
- age   5:       7856 bytes,    2237344 total
- age   6:       3944 bytes,    2241288 total
: 658087K->2720K(737280K), 0.0070890 secs] 1655683K->1000317K(1761280K), 0.0072820 secs] [Times: user=0.05 sys=0.00, real=0.01 secs] 
1102.105: [GC1102.105: [ParNew
Desired survivor size 41943040 bytes, new threshold 6 (max 6)
- age   1:    1863240 bytes,    1863240 total
- age   2:        912 bytes,    1864152 total
- age   3:        960 bytes,    1865112 total
- age   4:        720 bytes,    1865832 total
- age   5:        584 bytes,    1866416 total
- age   6:       7856 bytes,    1874272 total
: 658080K->2915K(737280K), 0.0074360 secs] 1655677K->1000516K(1761280K), 0.0075690 secs] [Times: user=0.05 sys=0.00, real=0.00 secs] 
1102.348: [GC1102.348: [ParNew
Desired survivor size 41943040 bytes, new threshold 6 (max 6)
- age   1:     761416 bytes,     761416 total
- age   2:        992 bytes,     762408 total
- age   3:        912 bytes,     763320 total
- age   4:        960 bytes,     764280 total
- age   5:        720 bytes,     765000 total
- age   6:        584 bytes,     765584 total
: 658275K->1858K(737280K), 0.0064150 secs] 1655876K->999467K(1761280K), 0.0065740 secs] [Times: user=0.05 sys=0.00, real=0.01 secs] 
1102.572: [GC1102.572: [ParNew
Desired survivor size 41943040 bytes, new threshold 6 (max 6)
- age   1:    2063744 bytes,    2063744 total
- age   2:        848 bytes,    2064592 total
- age   3:        752 bytes,    2065344 total
- age   4:        768 bytes,    2066112 total
- age   5:        720 bytes,    2066832 total
- age   6:        648 bytes,    2067480 total
: 657218K->2328K(737280K), 0.0076000 secs] 1654827K->999937K(1761280K), 0.0077360 secs] [Times: user=0.05 sys=0.00, real=0.01 secs] 
1102.812: [GC1102.812: [ParNew
Desired survivor size 41943040 bytes, new threshold 6 (max 6)
- age   1:     199016 bytes,     199016 total
- age   2:       1080 bytes,     200096 total
- age   3:        848 bytes,     200944 total
- age   4:        752 bytes,     201696 total
- age   5:        720 bytes,     202416 total
- age   6:        720 bytes,     203136 total
: 657688K->1700K(737280K), 0.0058370 secs] 1655297K->999310K(1761280K), 0.0060190 secs] [Times: user=0.04 sys=0.00, real=0.01 secs] 
1103.048: [GC1103.048: [ParNew
Desired survivor size 41943040 bytes, new threshold 6 (max 6)
- age   1:    1690904 bytes,    1690904 total
- age   2:       1336 bytes,    1692240 total
- age   3:        936 bytes,    1693176 total
- age   4:        656 bytes,    1693832 total
- age   5:        704 bytes,    1694536 total
- age   6:        672 bytes,    1695208 total
: 657060K->1907K(737280K), 0.0070100 secs] 1654670K->999517K(1761280K), 0.0071510 secs] [Times: user=0.04 sys=0.00, real=0.01 secs] 
1103.284: [GC1103.284: [ParNew
Desired survivor size 41943040 bytes, new threshold 6 (max 6)
- age   1:    1470384 bytes,    1470384 total
- age   2:       8048 bytes,    1478432 total
- age   3:       1024 bytes,    1479456 total
- age   4:        744 bytes,    1480200 total
- age   5:        488 bytes,    1480688 total
- age   6:        416 bytes,    1481104 total
: 657267K->2205K(737280K), 0.0067870 secs] 1654877K->999816K(1761280K), 0.0069170 secs] [Times: user=0.05 sys=0.00, real=0.00 secs] 
1103.515: [GC1103.515: [ParNew
Desired survivor size 41943040 bytes, new threshold 6 (max 6)
- age   1:    2941456 bytes,    2941456 total
- age   2:     421992 bytes,    3363448 total
- age   3:       7904 bytes,    3371352 total
- age   4:        856 bytes,    3372208 total
- age   5:        576 bytes,    3372784 total
- age   6:        272 bytes,    3373056 total
: 657565K->4094K(737280K), 0.0080120 secs] 1655176K->1001706K(1761280K), 0.0081470 secs] [Times: user=0.06 sys=0.00, real=0.00 secs] 
1103.726: [GC1103.726: [ParNew
Desired survivor size 41943040 bytes, new threshold 6 (max 6)
- age   1:    2527184 bytes,    2527184 total
- age   2:     279800 bytes,    2806984 total
- age   3:        784 bytes,    2807768 total
- age   4:       7760 bytes,    2815528 total
- age   5:        784 bytes,    2816312 total
- age   6:        432 bytes,    2816744 total
: 659454K->4239K(737280K), 0.0077340 secs] 1657066K->1001851K(1761280K), 0.0079310 secs] [Times: user=0.04 sys=0.00, real=0.01 secs] 
1103.958: [GC1103.958: [ParNew
Desired survivor size 41943040 bytes, new threshold 6 (max 6)
- age   1:    1589208 bytes,    1589208 total
- age   2:       3896 bytes,    1593104 total
- age   3:       3328 bytes,    1596432 total
- age   4:        784 bytes,    1597216 total
- age   5:       7760 bytes,    1604976 total
- age   6:        760 bytes,    1605736 total
: 659599K->2769K(737280K), 0.0067520 secs] 1657211K->1000382K(1761280K), 0.0069010 secs] [Times: user=0.04 sys=0.00, real=0.01 secs] 
1104.183: [GC1104.183: [ParNew
Desired survivor size 41943040 bytes, new threshold 6 (max 6)
- age   1:     771096 bytes,     771096 total
- age   2:       1056 bytes,     772152 total
- age   3:       3896 bytes,     776048 total
- age   4:       3328 bytes,     779376 total
- age   5:        784 bytes,     780160 total
- age   6:       7760 bytes,     787920 total
: 658129K->1280K(737280K), 0.0061060 secs] 1655742K->998893K(1761280K), 0.0062250 secs] [Times: user=0.04 sys=0.01, real=0.01 secs] 
1104.411: [GC1104.411: [ParNew
Desired survivor size 41943040 bytes, new threshold 6 (max 6)
- age   1:    1541064 bytes,    1541064 total
- age   2:        760 bytes,    1541824 total
- age   3:       1056 bytes,    1542880 total
- age   4:       3896 bytes,    1546776 total
- age   5:       3328 bytes,    1550104 total
- age   6:        784 bytes,    1550888 total
: 656640K->1682K(737280K), 0.0068920 secs] 1654253K->999303K(1761280K), 0.0070510 secs] [Times: user=0.04 sys=0.00, real=0.01 secs] 
1104.659: [GC1104.659: [ParNew
Desired survivor size 41943040 bytes, new threshold 6 (max 6)
- age   1:     703512 bytes,     703512 total
- age   2:        736 bytes,     704248 total
- age   3:        712 bytes,     704960 total
- age   4:        960 bytes,     705920 total
- age   5:       3872 bytes,     709792 total
- age   6:       3256 bytes,     713048 total
: 657042K->1360K(737280K), 0.0060510 secs] 1654663K->998982K(1761280K), 0.0061690 secs] [Times: user=0.04 sys=0.00, real=0.01 secs] 
1104.882: [GC1104.882: [ParNew
Desired survivor size 41943040 bytes, new threshold 6 (max 6)
- age   1:    2134528 bytes,    2134528 total
- age   2:        952 bytes,    2135480 total
- age   3:        736 bytes,    2136216 total
- age   4:        712 bytes,    2136928 total
- age   5:        936 bytes,    2137864 total
- age   6:       3848 bytes,    2141712 total
: 656720K->2479K(737280K), 0.0144050 secs] 1654342K->1000104K(1761280K), 0.0146200 secs] [Times: user=0.06 sys=0.00, real=0.02 secs] 
1105.124: [GC1105.124: [ParNew
Desired survivor size 41943040 bytes, new threshold 6 (max 6)
- age   1:    1721760 bytes,    1721760 total
- age   2:        864 bytes,    1722624 total
- age   3:        928 bytes,    1723552 total
- age   4:        736 bytes,    1724288 total
- age   5:        712 bytes,    1725000 total
- age   6:        936 bytes,    1725936 total
: 657839K->2578K(737280K), 0.0073960 secs] 1655464K->1000207K(1761280K), 0.0075530 secs] [Times: user=0.05 sys=0.01, real=0.00 secs] 
1105.352: [GC1105.352: [ParNew
Desired survivor size 41943040 bytes, new threshold 6 (max 6)
- age   1:    1586024 bytes,    1586024 total
- age   2:       8120 bytes,    1594144 total
- age   3:        720 bytes,    1594864 total
- age   4:        808 bytes,    1595672 total
- age   5:        520 bytes,    1596192 total
- age   6:        616 bytes,    1596808 total
: 657938K->2752K(737280K), 0.0068440 secs] 1655567K->1000382K(1761280K), 0.0069850 secs] [Times: user=0.04 sys=0.00, real=0.01 secs] 
1105.583: [GC1105.583: [ParNew
Desired survivor size 41943040 bytes, new threshold 6 (max 6)
- age   1:    2162704 bytes,    2162704 total
- age   2:       1120 bytes,    2163824 total
- age   3:       8120 bytes,    2171944 total
- age   4:        720 bytes,    2172664 total
- age   5:        808 bytes,    2173472 total
- age   6:        520 bytes,    2173992 total
: 658112K->2772K(737280K), 0.0070990 secs] 1655742K->1000403K(1761280K), 0.0072810 secs] [Times: user=0.05 sys=0.00, real=0.01 secs] 
1105.591: [CMS-concurrent-mark: 7.973/8.295 secs] [Times: user=62.17 sys=1.15, real=8.29 secs] 
1105.591: [CMS-concurrent-preclean-start]
1105.605: [CMS-concurrent-preclean: 0.013/0.014 secs] [Times: user=0.09 sys=0.00, real=0.02 secs] 
1105.605: [CMS-concurrent-abortable-preclean-start]
1105.730: [CMS-concurrent-abortable-preclean: 0.125/0.125 secs] [Times: user=0.96 sys=0.02, real=0.12 secs] 
1105.756: [GC[YG occupancy: 489754 K (737280 K)]1105.756: [Rescan (parallel) , 0.1111580 secs]1105.867: [weak refs processing, 0.0000440 secs]1105.867: [scrub string table, 0.0010190 secs] [1 CMS-remark: 997630K(1024000K)] 1487385K(1761280K), 0.1123740 secs] [Times: user=0.86 sys=0.00, real=0.11 secs] 
1105.869: [CMS-concurrent-sweep-start]
1105.946: [GC1105.946: [ParNew
Desired survivor size 41943040 bytes, new threshold 6 (max 6)
- age   1:    2393704 bytes,    2393704 total
- age   2:       1144 bytes,    2394848 total
- age   3:       1000 bytes,    2395848 total
- age   4:       8000 bytes,    2403848 total
- age   5:        648 bytes,    2404496 total
- age   6:        808 bytes,    2405304 total
: 658132K->3458K(737280K), 0.0078620 secs] 1655762K->1001089K(1761280K), 0.0080100 secs] [Times: user=0.05 sys=0.00, real=0.01 secs] 
1106.198: [GC1106.199: [ParNew
Desired survivor size 41943040 bytes, new threshold 6 (max 6)
- age   1:    1269784 bytes,    1269784 total
- age   2:        920 bytes,    1270704 total
- age   3:        880 bytes,    1271584 total
- age   4:        544 bytes,    1272128 total
- age   5:       7616 bytes,    1279744 total
- age   6:        336 bytes,    1280080 total
: 658818K->2500K(737280K), 0.0067210 secs] 1656448K->1000132K(1761280K), 0.0068880 secs] [Times: user=0.04 sys=0.00, real=0.01 secs] 
1106.430: [GC1106.430: [ParNew
Desired survivor size 41943040 bytes, new threshold 6 (max 6)
- age   1:    1624240 bytes,    1624240 total
- age   2:       2136 bytes,    1626376 total
- age   3:        728 bytes,    1627104 total
- age   4:        712 bytes,    1627816 total
- age   5:        304 bytes,    1628120 total
- age   6:       7496 bytes,    1635616 total
: 657860K->1920K(737280K), 0.0068520 secs] 1655492K->999552K(1761280K), 0.0070390 secs] [Times: user=0.04 sys=0.00, real=0.01 secs] 
1106.675: [GC1106.675: [ParNew
Desired survivor size 41943040 bytes, new threshold 6 (max 6)
- age   1:    1044088 bytes,    1044088 total
- age   2:       4600 bytes,    1048688 total
- age   3:       2184 bytes,    1050872 total
- age   4:        728 bytes,    1051600 total
- age   5:        712 bytes,    1052312 total
- age   6:        304 bytes,    1052616 total
: 657280K->1635K(737280K), 0.0066450 secs] 1654912K->999274K(1761280K), 0.0067680 secs] [Times: user=0.04 sys=0.00, real=0.00 secs] 
1106.944: [GC1106.945: [ParNew
Desired survivor size 41943040 bytes, new threshold 6 (max 6)
- age   1:    1590152 bytes,    1590152 total
- age   2:        504 bytes,    1590656 total
- age   3:       4384 bytes,    1595040 total
- age   4:       1504 bytes,    1596544 total
- age   5:        536 bytes,    1597080 total
- age   6:        448 bytes,    1597528 total
: 656995K->2269K(737280K), 0.0067360 secs] 1654634K->999908K(1761280K), 0.0068700 secs] [Times: user=0.05 sys=0.00, real=0.00 secs] 
1107.164: [CMS-concurrent-sweep: 1.249/1.296 secs] [Times: user=9.64 sys=0.18, real=1.30 secs] 
1107.164: [CMS-concurrent-reset-start]
1107.188: [GC1107.188: [ParNew
Desired survivor size 41943040 bytes, new threshold 6 (max 6)
- age   1:    1282232 bytes,    1282232 total
- age   2:       7712 bytes,    1289944 total
- age   3:        336 bytes,    1290280 total
- age   4:       4288 bytes,    1294568 total
- age   5:       1504 bytes,    1296072 total
- age   6:        536 bytes,    1296608 total
: 657629K->2180K(737280K), 0.0065010 secs] 1655199K->999751K(1761280K), 0.0066330 secs] [Times: user=0.04 sys=0.00, real=0.01 secs] 
1107.224: [CMS-concurrent-reset: 0.052/0.060 secs] [Times: user=0.43 sys=0.01, real=0.06 secs] 
1107.412: [GC1107.412: [ParNew
Desired survivor size 41943040 bytes, new threshold 6 (max 6)
- age   1:    1242968 bytes,    1242968 total
- age   2:       8184 bytes,    1251152 total
- age   3:       7712 bytes,    1258864 total
- age   4:        336 bytes,    1259200 total
- age   5:       4288 bytes,    1263488 total
- age   6:       1504 bytes,    1264992 total
: 657540K->1676K(737280K), 0.0065870 secs] 1655111K->999248K(1761280K), 0.0067130 secs] [Times: user=0.04 sys=0.01, real=0.01 secs] 
1107.426: [GC [1 CMS-initial-mark: 997571K(1024000K)] 1024397K(1761280K), 0.0195860 secs] [Times: user=0.01 sys=0.00, real=0.02 secs] 
1107.446: [CMS-concurrent-mark-start]
1107.684: [GC1107.684: [ParNew
Desired survivor size 41943040 bytes, new threshold 6 (max 6)
- age   1:    1230664 bytes,    1230664 total
- age   2:        936 bytes,    1231600 total
- age   3:       8112 bytes,    1239712 total
- age   4:       7568 bytes,    1247280 total
- age   5:        264 bytes,    1247544 total
- age   6:       4192 bytes,    1251736 total
: 657036K->1846K(737280K), 0.0074040 secs] 1654608K->999419K(1761280K), 0.0075500 secs] [Times: user=0.04 sys=0.00, real=0.00 secs] 
1107.939: [GC1107.939: [ParNew
Desired survivor size 41943040 bytes, new threshold 6 (max 6)
- age   1:     885256 bytes,     885256 total
- age   2:        888 bytes,     886144 total
- age   3:        864 bytes,     887008 total
- age   4:       8064 bytes,     895072 total
- age   5:       7448 bytes,     902520 total
- age   6:        168 bytes,     902688 total
: 657206K->1651K(737280K), 0.0064660 secs] 1654779K->999228K(1761280K), 0.0066310 secs] [Times: user=0.04 sys=0.00, real=0.01 secs] 
1108.187: [GC1108.187: [ParNew
Desired survivor size 41943040 bytes, new threshold 6 (max 6)
- age   1:    2176768 bytes,    2176768 total
- age   2:       1200 bytes,    2177968 total
- age   3:        888 bytes,    2178856 total
- age   4:        864 bytes,    2179720 total
- age   5:       8064 bytes,    2187784 total
- age   6:       7448 bytes,    2195232 total
: 657011K->2365K(737280K), 0.0073450 secs] 1654588K->999943K(1761280K), 0.0075250 secs] [Times: user=0.04 sys=0.01, real=0.01 secs] 
1108.480: [GC1108.480: [ParNew
Desired survivor size 41943040 bytes, new threshold 6 (max 6)
- age   1:     719368 bytes,     719368 total
- age   2:        888 bytes,     720256 total
- age   3:       1128 bytes,     721384 total
- age   4:        744 bytes,     722128 total
- age   5:        672 bytes,     722800 total
- age   6:       8016 bytes,     730816 total
: 657725K->1765K(737280K), 0.0065460 secs] 1655303K->999350K(1761280K), 0.0066960 secs] [Times: user=0.04 sys=0.01, real=0.01 secs] 
1108.722: [GC1108.722: [ParNew
Desired survivor size 41943040 bytes, new threshold 6 (max 6)
- age   1:    2410472 bytes,    2410472 total
- age   2:       2400 bytes,    2412872 total
- age   3:        792 bytes,    2413664 total
- age   4:       1104 bytes,    2414768 total
- age   5:        744 bytes,    2415512 total
- age   6:        672 bytes,    2416184 total
: 657125K->2658K(737280K), 0.0072290 secs] 1654710K->1000252K(1761280K), 0.0073990 secs] [Times: user=0.05 sys=0.00, real=0.01 secs] 
1108.972: [GC1108.972: [ParNew
Desired survivor size 41943040 bytes, new threshold 6 (max 6)
- age   1:    1064808 bytes,    1064808 total
- age   2:        920 bytes,    1065728 total
- age   3:       2248 bytes,    1067976 total
- age   4:        744 bytes,    1068720 total
- age   5:        984 bytes,    1069704 total
- age   6:        528 bytes,    1070232 total
: 658018K->2190K(737280K), 0.0062890 secs] 1655612K->999784K(1761280K), 0.0064390 secs] [Times: user=0.04 sys=0.00, real=0.01 secs] 
1109.227: [GC1109.227: [ParNew
Desired survivor size 41943040 bytes, new threshold 6 (max 6)
- age   1:    2141336 bytes,    2141336 total
- age   2:        808 bytes,    2142144 total
- age   3:        728 bytes,    2142872 total
- age   4:       2032 bytes,    2144904 total
- age   5:        488 bytes,    2145392 total
- age   6:        648 bytes,    2146040 total
: 657550K->2526K(737280K), 0.0073570 secs] 1655144K->1000120K(1761280K), 0.0075280 secs] [Times: user=0.05 sys=0.00, real=0.01 secs] 
1109.462: [GC1109.462: [ParNew
Desired survivor size 41943040 bytes, new threshold 6 (max 6)
- age   1:    1755704 bytes,    1755704 total
- age   2:      12032 bytes,    1767736 total
- age   3:        784 bytes,    1768520 total
- age   4:        728 bytes,    1769248 total
- age   5:       2032 bytes,    1771280 total
- age   6:        488 bytes,    1771768 total
: 657886K->3135K(737280K), 0.0069830 secs] 1655480K->1000730K(1761280K), 0.0071310 secs] [Times: user=0.03 sys=0.00, real=0.01 secs] 
1109.695: [GC1109.696: [ParNew
Desired survivor size 41943040 bytes, new threshold 6 (max 6)
- age   1:    2017936 bytes,    2017936 total
- age   2:       3880 bytes,    2021816 total
- age   3:      11840 bytes,    2033656 total
- age   4:        544 bytes,    2034200 total
- age   5:        584 bytes,    2034784 total
- age   6:       1840 bytes,    2036624 total
: 658495K->2604K(737280K), 0.0071170 secs] 1656090K->1000199K(1761280K), 0.0072610 secs] [Times: user=0.04 sys=0.00, real=0.00 secs] 
1109.934: [GC1109.935: [ParNew
Desired survivor size 41943040 bytes, new threshold 6 (max 6)
- age   1:    2172008 bytes,    2172008 total
- age   2:       3560 bytes,    2175568 total
- age   3:       3712 bytes,    2179280 total
- age   4:      11528 bytes,    2190808 total
- age   5:        328 bytes,    2191136 total
- age   6:        392 bytes,    2191528 total
: 657964K->2648K(737280K), 0.0078200 secs] 1655559K->1000246K(1761280K), 0.0080010 secs] [Times: user=0.05 sys=0.00, real=0.01 secs] 
1110.188: [GC1110.188: [ParNew
Desired survivor size 41943040 bytes, new threshold 6 (max 6)
- age   1:     210888 bytes,     210888 total
- age   2:       4560 bytes,     215448 total
- age   3:       3512 bytes,     218960 total
- age   4:       3664 bytes,     222624 total
- age   5:      11480 bytes,     234104 total
- age   6:        296 bytes,     234400 total
: 658008K->2046K(737280K), 0.0059630 secs] 1655606K->999644K(1761280K), 0.0060930 secs] [Times: user=0.04 sys=0.00, real=0.00 secs] 
1110.473: [GC1110.473: [ParNew
Desired survivor size 41943040 bytes, new threshold 6 (max 6)
- age   1:     431568 bytes,     431568 total
- age   2:       4376 bytes,     435944 total
- age   3:       4512 bytes,     440456 total
- age   4:       3488 bytes,     443944 total
- age   5:       3664 bytes,     447608 total
- age   6:      11480 bytes,     459088 total
: 657406K->762K(737280K), 0.0059900 secs] 1655004K->998360K(1761280K), 0.0061360 secs] [Times: user=0.04 sys=0.01, real=0.01 secs] 
1110.694: [GC1110.695: [ParNew
Desired survivor size 41943040 bytes, new threshold 6 (max 6)
- age   1:     685304 bytes,     685304 total
- age   2:       4520 bytes,     689824 total
- age   3:       4376 bytes,     694200 total
- age   4:       4512 bytes,     698712 total
- age   5:       3488 bytes,     702200 total
- age   6:       3664 bytes,     705864 total
: 656122K->881K(737280K), 0.0065180 secs] 1653720K->998491K(1761280K), 0.0066510 secs] [Times: user=0.04 sys=0.00, real=0.01 secs] 
1110.937: [GC1110.937: [ParNew
Desired survivor size 41943040 bytes, new threshold 6 (max 6)
- age   1:    2324584 bytes,    2324584 total
- age   2:       1696 bytes,    2326280 total
- age   3:       4352 bytes,    2330632 total
- age   4:       4232 bytes,    2334864 total
- age   5:       4368 bytes,    2339232 total
- age   6:       3440 bytes,    2342672 total
: 656241K->2523K(737280K), 0.0076020 secs] 1653851K->1000136K(1761280K), 0.0077880 secs] [Times: user=0.05 sys=0.00, real=0.01 secs] 
1111.162: [GC1111.162: [ParNew
Desired survivor size 41943040 bytes, new threshold 6 (max 6)
- age   1:    1737728 bytes,    1737728 total
- age   2:     542112 bytes,    2279840 total
- age   3:       1696 bytes,    2281536 total
- age   4:       4352 bytes,    2285888 total
- age   5:       4200 bytes,    2290088 total
- age   6:       4368 bytes,    2294456 total
: 657883K->3495K(737280K), 0.0070660 secs] 1655496K->1001112K(1761280K), 0.0072820 secs] [Times: user=0.05 sys=0.00, real=0.01 secs] 
1111.394: [GC1111.394: [ParNew
Desired survivor size 41943040 bytes, new threshold 6 (max 6)
- age   1:    1284576 bytes,    1284576 total
- age   2:       8256 bytes,    1292832 total
- age   3:       1096 bytes,    1293928 total
- age   4:       1696 bytes,    1295624 total
- age   5:       4352 bytes,    1299976 total
- age   6:       4200 bytes,    1304176 total
: 658855K->2146K(737280K), 0.0066750 secs] 1656472K->999767K(1761280K), 0.0068700 secs] [Times: user=0.04 sys=0.00, real=0.01 secs] 
1111.622: [GC1111.622: [ParNew
Desired survivor size 41943040 bytes, new threshold 6 (max 6)
- age   1:     722280 bytes,     722280 total
- age   2:        816 bytes,     723096 total
- age   3:       8256 bytes,     731352 total
- age   4:       1096 bytes,     732448 total
- age   5:       1696 bytes,     734144 total
- age   6:       4352 bytes,     738496 total
: 657506K->1267K(737280K), 0.0077540 secs] 1655127K->998893K(1761280K), 0.0078930 secs] [Times: user=0.04 sys=0.00, real=0.01 secs] 
1111.871: [GC1111.871: [ParNew
Desired survivor size 41943040 bytes, new threshold 6 (max 6)
- age   1:    1436888 bytes,    1436888 total
- age   2:        840 bytes,    1437728 total
- age   3:        576 bytes,    1438304 total
- age   4:       8112 bytes,    1446416 total
- age   5:        832 bytes,    1447248 total
- age   6:       1432 bytes,    1448680 total
: 656627K->1834K(737280K), 0.0223740 secs] 1654253K->999463K(1761280K), 0.0225370 secs] [Times: user=0.08 sys=0.00, real=0.02 secs] 
1112.120: [GC1112.120: [ParNew
Desired survivor size 41943040 bytes, new threshold 6 (max 6)
- age   1:    1263888 bytes,    1263888 total
- age   2:       4520 bytes,    1268408 total
- age   3:        648 bytes,    1269056 total
- age   4:        432 bytes,    1269488 total
- age   5:       7992 bytes,    1277480 total
- age   6:        688 bytes,    1278168 total
: 657194K->1937K(737280K), 0.0071870 secs] 1654823K->999568K(1761280K), 0.0073240 secs] [Times: user=0.04 sys=0.00, real=0.01 secs] 
1112.361: [GC1112.361: [ParNew
Desired survivor size 41943040 bytes, new threshold 6 (max 6)
- age   1:    1290176 bytes,    1290176 total
- age   2:       1280 bytes,    1291456 total
- age   3:       4520 bytes,    1295976 total
- age   4:        648 bytes,    1296624 total
- age   5:        432 bytes,    1297056 total
- age   6:       7992 bytes,    1305048 total
: 657297K->1851K(737280K), 0.0069570 secs] 1654928K->999483K(1761280K), 0.0071420 secs] [Times: user=0.05 sys=0.00, real=0.01 secs] 
1112.598: [GC1112.598: [ParNew
Desired survivor size 41943040 bytes, new threshold 6 (max 6)
- age   1:     167128 bytes,     167128 total
- age   2:        936 bytes,     168064 total
- age   3:        992 bytes,     169056 total
- age   4:       4328 bytes,     173384 total
- age   5:        456 bytes,     173840 total
- age   6:        360 bytes,     174200 total
: 657211K->1264K(737280K), 0.0059730 secs] 1654843K->998904K(1761280K), 0.0061080 secs] [Times: user=0.04 sys=0.00, real=0.00 secs] 
1112.826: [GC1112.826: [ParNew
Desired survivor size 41943040 bytes, new threshold 6 (max 6)
- age   1:    1090584 bytes,    1090584 total
- age   2:       7584 bytes,    1098168 total
- age   3:        720 bytes,    1098888 total
- age   4:        752 bytes,    1099640 total
- age   5:       4112 bytes,    1103752 total
- age   6:        408 bytes,    1104160 total
: 656624K->1261K(737280K), 0.0066390 secs] 1654264K->998901K(1761280K), 0.0067610 secs] [Times: user=0.05 sys=0.00, real=0.00 secs] 
1113.069: [GC1113.069: [ParNew
Desired survivor size 41943040 bytes, new threshold 6 (max 6)
- age   1:    1532200 bytes,    1532200 total
- age   2:       1072 bytes,    1533272 total
- age   3:       7584 bytes,    1540856 total
- age   4:        720 bytes,    1541576 total
- age   5:        728 bytes,    1542304 total
- age   6:       4112 bytes,    1546416 total
: 656621K->1791K(737280K), 0.0070750 secs] 1654261K->999432K(1761280K), 0.0072080 secs] [Times: user=0.04 sys=0.00, real=0.01 secs] 
1113.292: [GC1113.292: [ParNew
Desired survivor size 41943040 bytes, new threshold 6 (max 6)
- age   1:     942872 bytes,     942872 total
- age   2:       1408 bytes,     944280 total
- age   3:       1024 bytes,     945304 total
- age   4:       7488 bytes,     952792 total
- age   5:        696 bytes,     953488 total
- age   6:        728 bytes,     954216 total
: 657151K->1526K(737280K), 0.0064600 secs] 1654792K->999171K(1761280K), 0.0066700 secs] [Times: user=0.05 sys=0.00, real=0.01 secs] 
1113.540: [GC1113.540: [ParNew
Desired survivor size 41943040 bytes, new threshold 6 (max 6)
- age   1:     185896 bytes,     185896 total
- age   2:       9568 bytes,     195464 total
- age   3:       1072 bytes,     196536 total
- age   4:        880 bytes,     197416 total
- age   5:       7440 bytes,     204856 total
- age   6:        552 bytes,     205408 total
: 656886K->1038K(737280K), 0.0059670 secs] 1654531K->998683K(1761280K), 0.0061290 secs] [Times: user=0.04 sys=0.00, real=0.01 secs] 
1113.762: [GC1113.762: [ParNew
Desired survivor size 41943040 bytes, new threshold 6 (max 6)
- age   1:     796368 bytes,     796368 total
- age   2:       4232 bytes,     800600 total
- age   3:       9568 bytes,     810168 total
- age   4:       1072 bytes,     811240 total
- age   5:        880 bytes,     812120 total
- age   6:       7440 bytes,     819560 total
: 656398K->965K(737280K), 0.0064880 secs] 1654043K->998611K(1761280K), 0.0066490 secs] [Times: user=0.05 sys=0.00, real=0.01 secs] 
1113.988: [GC1113.988: [ParNew
Desired survivor size 41943040 bytes, new threshold 6 (max 6)
- age   1:    1382680 bytes,    1382680 total
- age   2:       4024 bytes,    1386704 total
- age   3:       4232 bytes,    1390936 total
- age   4:       9568 bytes,    1400504 total
- age   5:        984 bytes,    1401488 total
- age   6:        856 bytes,    1402344 total
: 656325K->1770K(737280K), 0.0072400 secs] 1653971K->999424K(1761280K), 0.0074040 secs] [Times: user=0.04 sys=0.00, real=0.01 secs] 
1114.216: [GC1114.216: [ParNew
Desired survivor size 41943040 bytes, new threshold 6 (max 6)
- age   1:    1115024 bytes,    1115024 total
- age   2:        976 bytes,    1116000 total
- age   3:       3904 bytes,    1119904 total
- age   4:       3992 bytes,    1123896 total
- age   5:       9352 bytes,    1133248 total
- age   6:        864 bytes,    1134112 total
: 657130K->1943K(737280K), 0.0064950 secs] 1654784K->999598K(1761280K), 0.0066290 secs] [Times: user=0.04 sys=0.00, real=0.00 secs] 
1114.443: [GC1114.443: [ParNew
Desired survivor size 41943040 bytes, new threshold 6 (max 6)
- age   1:     939888 bytes,     939888 total
- age   2:       1048 bytes,     940936 total
- age   3:        976 bytes,     941912 total
- age   4:       3904 bytes,     945816 total
- age   5:       3992 bytes,     949808 total
- age   6:       9352 bytes,     959160 total
: 657303K->1339K(737280K), 0.0065800 secs] 1654958K->998995K(1761280K), 0.0067130 secs] [Times: user=0.03 sys=0.00, real=0.01 secs] 
1114.694: [GC1114.694: [ParNew
Desired survivor size 41943040 bytes, new threshold 6 (max 6)
- age   1:    1013560 bytes,    1013560 total
- age   2:       1024 bytes,    1014584 total
- age   3:        712 bytes,    1015296 total
- age   4:        904 bytes,    1016200 total
- age   5:       3808 bytes,    1020008 total
- age   6:       3944 bytes,    1023952 total
: 656699K->1541K(737280K), 0.0064890 secs] 1654355K->999207K(1761280K), 0.0066430 secs] [Times: user=0.04 sys=0.01, real=0.01 secs] 
1114.943: [GC1114.943: [ParNew
Desired survivor size 41943040 bytes, new threshold 6 (max 6)
- age   1:    1510000 bytes,    1510000 total
- age   2:       1440 bytes,    1511440 total
- age   3:        712 bytes,    1512152 total
- age   4:        520 bytes,    1512672 total
- age   5:        664 bytes,    1513336 total
- age   6:       3640 bytes,    1516976 total
: 656901K->1819K(737280K), 0.0069220 secs] 1654567K->999488K(1761280K), 0.0070540 secs] [Times: user=0.04 sys=0.00, real=0.01 secs] 
1115.173: [GC1115.173: [ParNew
Desired survivor size 41943040 bytes, new threshold 6 (max 6)
- age   1:    1717648 bytes,    1717648 total
- age   2:       1008 bytes,    1718656 total
- age   3:       1248 bytes,    1719904 total
- age   4:        520 bytes,    1720424 total
- age   5:        448 bytes,    1720872 total
- age   6:        520 bytes,    1721392 total
: 657179K->2538K(737280K), 0.0068610 secs] 1654848K->1000210K(1761280K), 0.0070280 secs] [Times: user=0.05 sys=0.00, real=0.01 secs] 
1115.412: [GC1115.412: [ParNew
Desired survivor size 41943040 bytes, new threshold 6 (max 6)
- age   1:     744824 bytes,     744824 total
- age   2:       1064 bytes,     745888 total
- age   3:        944 bytes,     746832 total
- age   4:       1248 bytes,     748080 total
- age   5:        520 bytes,     748600 total
- age   6:        416 bytes,     749016 total
: 657898K->1599K(737280K), 0.0062450 secs] 1655570K->999272K(1761280K), 0.0063870 secs] [Times: user=0.03 sys=0.00, real=0.01 secs] 
1115.422: [CMS-concurrent-mark: 7.669/7.976 secs] [Times: user=59.17 sys=1.10, real=7.97 secs] 
1115.422: [CMS-concurrent-preclean-start]
1115.433: [CMS-concurrent-preclean: 0.011/0.011 secs] [Times: user=0.08 sys=0.00, real=0.01 secs] 
1115.433: [CMS-concurrent-abortable-preclean-start]
1115.541: [CMS-concurrent-abortable-preclean: 0.107/0.108 secs] [Times: user=0.82 sys=0.02, real=0.11 secs] 
1115.543: [GC[YG occupancy: 335223 K (737280 K)]1115.543: [Rescan (parallel) , 0.0603190 secs]1115.603: [weak refs processing, 0.0000550 secs]1115.603: [scrub string table, 0.0010280 secs] [1 CMS-remark: 997673K(1024000K)] 1332896K(1761280K), 0.0615500 secs] [Times: user=0.47 sys=0.00, real=0.06 secs] 
1115.605: [CMS-concurrent-sweep-start]
1115.736: [GC1115.736: [ParNew
Desired survivor size 41943040 bytes, new threshold 6 (max 6)
- age   1:    2054736 bytes,    2054736 total
- age   2:       7512 bytes,    2062248 total
- age   3:        800 bytes,    2063048 total
- age   4:        728 bytes,    2063776 total
- age   5:        888 bytes,    2064664 total
- age   6:        280 bytes,    2064944 total
: 656959K->2359K(737280K), 0.0069930 secs] 1654631K->1000032K(1761280K), 0.0071470 secs] [Times: user=0.04 sys=0.00, real=0.00 secs] 
1115.977: [GC1115.977: [ParNew
Desired survivor size 41943040 bytes, new threshold 6 (max 6)
- age   1:    1788848 bytes,    1788848 total
- age   2:       1552 bytes,    1790400 total
- age   3:       7512 bytes,    1797912 total
- age   4:        800 bytes,    1798712 total
- age   5:        680 bytes,    1799392 total
- age   6:        888 bytes,    1800280 total
: 657719K->2731K(737280K), 0.0068580 secs] 1655391K->1000404K(1761280K), 0.0070470 secs] [Times: user=0.05 sys=0.00, real=0.00 secs] 
1116.210: [GC1116.210: [ParNew
Desired survivor size 41943040 bytes, new threshold 6 (max 6)
- age   1:    1997064 bytes,    1997064 total
- age   2:        856 bytes,    1997920 total
- age   3:       1360 bytes,    1999280 total
- age   4:       7344 bytes,    2006624 total
- age   5:        616 bytes,    2007240 total
- age   6:        584 bytes,    2007824 total
: 658091K->2608K(737280K), 0.0076600 secs] 1655764K->1000282K(1761280K), 0.0078190 secs] [Times: user=0.04 sys=0.00, real=0.01 secs] 
1116.439: [GC1116.439: [ParNew
Desired survivor size 41943040 bytes, new threshold 6 (max 6)
- age   1:    1346128 bytes,    1346128 total
- age   2:       1312 bytes,    1347440 total
- age   3:        824 bytes,    1348264 total
- age   4:       1360 bytes,    1349624 total
- age   5:       7344 bytes,    1356968 total
- age   6:        616 bytes,    1357584 total
: 657968K->1905K(737280K), 0.0066930 secs] 1655642K->999579K(1761280K), 0.0068360 secs] [Times: user=0.05 sys=0.00, real=0.01 secs] 
1116.686: [GC1116.686: [ParNew
Desired survivor size 41943040 bytes, new threshold 6 (max 6)
- age   1:    1760344 bytes,    1760344 total
- age   2:       1216 bytes,    1761560 total
- age   3:       1312 bytes,    1762872 total
- age   4:        824 bytes,    1763696 total
- age   5:       1360 bytes,    1765056 total
- age   6:       7344 bytes,    1772400 total
: 657265K->2573K(737280K), 0.0069770 secs] 1654939K->1000248K(1761280K), 0.0071820 secs] [Times: user=0.04 sys=0.01, real=0.00 secs] 
1116.935: [GC1116.935: [ParNew
Desired survivor size 41943040 bytes, new threshold 6 (max 6)
- age   1:    1888776 bytes,    1888776 total
- age   2:       1112 bytes,    1889888 total
- age   3:       1216 bytes,    1891104 total
- age   4:       1312 bytes,    1892416 total
- age   5:        800 bytes,    1893216 total
- age   6:       1360 bytes,    1894576 total
: 657933K->2915K(737280K), 0.0072950 secs] 1655608K->1000597K(1761280K), 0.0074370 secs] [Times: user=0.05 sys=0.00, real=0.01 secs] 
1117.144: [CMS-concurrent-sweep: 1.483/1.539 secs] [Times: user=11.38 sys=0.25, real=1.54 secs] 
1117.144: [CMS-concurrent-reset-start]
1117.187: [GC1117.187: [ParNew
Desired survivor size 41943040 bytes, new threshold 6 (max 6)
- age   1:    1479488 bytes,    1479488 total
- age   2:       1128 bytes,    1480616 total
- age   3:        968 bytes,    1481584 total
- age   4:       1048 bytes,    1482632 total
- age   5:       1096 bytes,    1483728 total
- age   6:        656 bytes,    1484384 total
: 658275K->2029K(737280K), 0.0068300 secs] 1655899K->999655K(1761280K), 0.0070120 secs] [Times: user=0.05 sys=0.00, real=0.00 secs] 
1117.199: [CMS-concurrent-reset: 0.046/0.055 secs] [Times: user=0.40 sys=0.01, real=0.06 secs] 
1117.404: [GC1117.404: [ParNew
Desired survivor size 41943040 bytes, new threshold 6 (max 6)
- age   1:     484656 bytes,     484656 total
- age   2:        480 bytes,     485136 total
- age   3:       1056 bytes,     486192 total
- age   4:        872 bytes,     487064 total
- age   5:        928 bytes,     487992 total
- age   6:       1048 bytes,     489040 total
: 657389K->1538K(737280K), 0.0063500 secs] 1655015K->999164K(1761280K), 0.0065150 secs] [Times: user=0.05 sys=0.00, real=0.01 secs] 
1117.412: [GC [1 CMS-initial-mark: 997626K(1024000K)] 1003418K(1761280K), 0.0059630 secs] [Times: user=0.01 sys=0.00, real=0.01 secs] 
1117.418: [CMS-concurrent-mark-start]
1117.649: [GC1117.649: [ParNew
Desired survivor size 41943040 bytes, new threshold 6 (max 6)
- age   1:     254896 bytes,     254896 total
- age   2:       8712 bytes,     263608 total
- age   3:        480 bytes,     264088 total
- age   4:       1056 bytes,     265144 total
- age   5:        872 bytes,     266016 total
- age   6:        928 bytes,     266944 total
: 656898K->566K(737280K), 0.0058450 secs] 1654524K->998194K(1761280K), 0.0060350 secs] [Times: user=0.04 sys=0.00, real=0.00 secs] 
1117.883: [GC1117.883: [ParNew
Desired survivor size 41943040 bytes, new threshold 6 (max 6)
- age   1:    1485760 bytes,    1485760 total
- age   2:        952 bytes,    1486712 total
- age   3:       8712 bytes,    1495424 total
- age   4:        480 bytes,    1495904 total
- age   5:       1032 bytes,    1496936 total
- age   6:        872 bytes,    1497808 total
: 655926K->1566K(737280K), 0.0111470 secs] 1653554K->999194K(1761280K), 0.0113270 secs] [Times: user=0.05 sys=0.00, real=0.01 secs] 
1118.126: [GC1118.127: [ParNew
Desired survivor size 41943040 bytes, new threshold 6 (max 6)
- age   1:    1733688 bytes,    1733688 total
- age   2:       1024 bytes,    1734712 total
- age   3:        856 bytes,    1735568 total
- age   4:       8664 bytes,    1744232 total
- age   5:        408 bytes,    1744640 total
- age   6:        912 bytes,    1745552 total
: 656926K->2306K(737280K), 0.0077250 secs] 1654554K->999935K(1761280K), 0.0078970 secs] [Times: user=0.04 sys=0.00, real=0.00 secs] 
1118.361: [GC1118.361: [ParNew
Desired survivor size 41943040 bytes, new threshold 6 (max 6)
- age   1:    1652048 bytes,    1652048 total
- age   2:       1088 bytes,    1653136 total
- age   3:        952 bytes,    1654088 total
- age   4:        760 bytes,    1654848 total
- age   5:       8616 bytes,    1663464 total
- age   6:        360 bytes,    1663824 total
: 657666K->2545K(737280K), 0.0064800 secs] 1655295K->1000176K(1761280K), 0.0066070 secs] [Times: user=0.05 sys=0.00, real=0.01 secs] 
1118.607: [GC1118.607: [ParNew
Desired survivor size 41943040 bytes, new threshold 6 (max 6)
- age   1:     990944 bytes,     990944 total
- age   2:       1264 bytes,     992208 total
- age   3:       1016 bytes,     993224 total
- age   4:        928 bytes,     994152 total
- age   5:        760 bytes,     994912 total
- age   6:       8616 bytes,    1003528 total
: 657905K->1610K(737280K), 0.0063630 secs] 1655536K->999240K(1761280K), 0.0065830 secs] [Times: user=0.04 sys=0.00, real=0.00 secs] 
1118.847: [GC1118.847: [ParNew
Desired survivor size 41943040 bytes, new threshold 6 (max 6)
- age   1:    1223816 bytes,    1223816 total
- age   2:       4136 bytes,    1227952 total
- age   3:       1160 bytes,    1229112 total
- age   4:       1016 bytes,    1230128 total
- age   5:        736 bytes,    1230864 total
- age   6:        640 bytes,    1231504 total
: 656970K->1990K(737280K), 0.0065890 secs] 1654600K->999630K(1761280K), 0.0067310 secs] [Times: user=0.04 sys=0.00, real=0.00 secs] 
1119.111: [GC1119.111: [ParNew
Desired survivor size 41943040 bytes, new threshold 6 (max 6)
- age   1:    1622200 bytes,    1622200 total
- age   2:       1168 bytes,    1623368 total
- age   3:       3968 bytes,    1627336 total
- age   4:        992 bytes,    1628328 total
- age   5:        944 bytes,    1629272 total
- age   6:        664 bytes,    1629936 total
: 657350K->2076K(737280K), 0.0068270 secs] 1654990K->999715K(1761280K), 0.0070090 secs] [Times: user=0.04 sys=0.00, real=0.01 secs] 
1119.367: [GC1119.367: [ParNew
Desired survivor size 41943040 bytes, new threshold 6 (max 6)
- age   1:    1821560 bytes,    1821560 total
- age   2:       3840 bytes,    1825400 total
- age   3:        880 bytes,    1826280 total
- age   4:       3800 bytes,    1830080 total
- age   5:        616 bytes,    1830696 total
- age   6:        680 bytes,    1831376 total
: 657436K->2794K(737280K), 0.0072350 secs] 1655075K->1000434K(1761280K), 0.0073970 secs] [Times: user=0.05 sys=0.00, real=0.00 secs] 
1119.632: [GC1119.632: [ParNew
Desired survivor size 41943040 bytes, new threshold 6 (max 6)
- age   1:    2151312 bytes,    2151312 total
- age   2:       7840 bytes,    2159152 total
- age   3:       3768 bytes,    2162920 total
- age   4:        640 bytes,    2163560 total
- age   5:       3632 bytes,    2167192 total
- age   6:        496 bytes,    2167688 total
: 658154K->3428K(737280K), 0.0076430 secs] 1655794K->1001068K(1761280K), 0.0079160 secs] [Times: user=0.05 sys=0.00, real=0.01 secs] 
1119.879: [GC1119.879: [ParNew
Desired survivor size 41943040 bytes, new threshold 6 (max 6)
- age   1:    1218880 bytes,    1218880 total
- age   2:        920 bytes,    1219800 total
- age   3:       7840 bytes,    1227640 total
- age   4:       3768 bytes,    1231408 total
- age   5:        616 bytes,    1232024 total
- age   6:       3632 bytes,    1235656 total
: 658788K->2016K(737280K), 0.0157030 secs] 1656428K->999657K(1761280K), 0.0159000 secs] [Times: user=0.05 sys=0.00, real=0.01 secs] 
1120.140: [GC1120.140: [ParNew
Desired survivor size 41943040 bytes, new threshold 6 (max 6)
- age   1:    1926896 bytes,    1926896 total
- age   2:        896 bytes,    1927792 total
- age   3:        800 bytes,    1928592 total
- age   4:       7792 bytes,    1936384 total
- age   5:       3744 bytes,    1940128 total
- age   6:        616 bytes,    1940744 total
: 657376K->2271K(737280K), 0.0079810 secs] 1655017K->999917K(1761280K), 0.0081250 secs] [Times: user=0.04 sys=0.01, real=0.01 secs] 
1120.379: [GC1120.379: [ParNew
Desired survivor size 41943040 bytes, new threshold 6 (max 6)
- age   1:     969992 bytes,     969992 total
- age   2:        768 bytes,     970760 total
- age   3:        728 bytes,     971488 total
- age   4:        704 bytes,     972192 total
- age   5:       7696 bytes,     979888 total
- age   6:       3552 bytes,     983440 total
: 657631K->1660K(737280K), 0.0061130 secs] 1655277K->999306K(1761280K), 0.0062620 secs] [Times: user=0.04 sys=0.00, real=0.01 secs] 
1120.614: [GC1120.614: [ParNew
Desired survivor size 41943040 bytes, new threshold 6 (max 6)
- age   1:    2414648 bytes,    2414648 total
- age   2:        968 bytes,    2415616 total
- age   3:        720 bytes,    2416336 total
- age   4:        704 bytes,    2417040 total
- age   5:        680 bytes,    2417720 total
- age   6:       7624 bytes,    2425344 total
: 657020K->2713K(737280K), 0.0074610 secs] 1654666K->1000363K(1761280K), 0.0076770 secs] [Times: user=0.05 sys=0.01, real=0.01 secs] 
1120.853: [GC1120.853: [ParNew
Desired survivor size 41943040 bytes, new threshold 6 (max 6)
- age   1:    1251464 bytes,    1251464 total
- age   2:       5392 bytes,    1256856 total
- age   3:        512 bytes,    1257368 total
- age   4:        552 bytes,    1257920 total
- age   5:        512 bytes,    1258432 total
- age   6:        584 bytes,    1259016 total
: 658073K->1970K(737280K), 0.0065100 secs] 1655723K->999627K(1761280K), 0.0066870 secs] [Times: user=0.04 sys=0.00, real=0.01 secs] 
1121.105: [GC1121.105: [ParNew
Desired survivor size 41943040 bytes, new threshold 6 (max 6)
- age   1:    2200280 bytes,    2200280 total
- age   2:       7624 bytes,    2207904 total
- age   3:       3448 bytes,    2211352 total
- age   4:        512 bytes,    2211864 total
- age   5:        528 bytes,    2212392 total
- age   6:        512 bytes,    2212904 total
: 657330K->3006K(737280K), 0.0071490 secs] 1654987K->1000663K(1761280K), 0.0073370 secs] [Times: user=0.04 sys=0.00, real=0.01 secs] 
1121.341: [GC1121.342: [ParNew
Desired survivor size 41943040 bytes, new threshold 6 (max 6)
- age   1:    1936184 bytes,    1936184 total
- age   2:        736 bytes,    1936920 total
- age   3:       7576 bytes,    1944496 total
- age   4:       3448 bytes,    1947944 total
- age   5:        512 bytes,    1948456 total
- age   6:        528 bytes,    1948984 total
: 658366K->2961K(737280K), 0.0071320 secs] 1656023K->1000620K(1761280K), 0.0073080 secs] [Times: user=0.05 sys=0.00, real=0.01 secs] 
1121.577: [GC1121.577: [ParNew
Desired survivor size 41943040 bytes, new threshold 6 (max 6)
- age   1:     965848 bytes,     965848 total
- age   2:       9208 bytes,     975056 total
- age   3:        496 bytes,     975552 total
- age   4:       7384 bytes,     982936 total
- age   5:       3376 bytes,     986312 total
- age   6:        416 bytes,     986728 total
: 658321K->1921K(737280K), 0.0062680 secs] 1655980K->999579K(1761280K), 0.0064040 secs] [Times: user=0.04 sys=0.00, real=0.00 secs] 
1121.806: [GC1121.806: [ParNew
Desired survivor size 41943040 bytes, new threshold 6 (max 6)
- age   1:    1347264 bytes,    1347264 total
- age   2:      74632 bytes,    1421896 total
- age   3:       9136 bytes,    1431032 total
- age   4:        448 bytes,    1431480 total
- age   5:       7288 bytes,    1438768 total
- age   6:       3376 bytes,    1442144 total
: 657281K->1893K(737280K), 0.0070730 secs] 1654939K->999552K(1761280K), 0.0072060 secs] [Times: user=0.05 sys=0.00, real=0.01 secs] 
1122.037: [GC1122.037: [ParNew
Desired survivor size 41943040 bytes, new threshold 6 (max 6)
- age   1:    1104840 bytes,    1104840 total
- age   2:        672 bytes,    1105512 total
- age   3:       2304 bytes,    1107816 total
- age   4:       8960 bytes,    1116776 total
- age   5:        208 bytes,    1116984 total
- age   6:       7144 bytes,    1124128 total
: 657253K->1425K(737280K), 0.0065670 secs] 1654912K->999087K(1761280K), 0.0067440 secs] [Times: user=0.04 sys=0.00, real=0.00 secs] 
1122.276: [GC1122.277: [ParNew
Desired survivor size 41943040 bytes, new threshold 6 (max 6)
- age   1:    2275776 bytes,    2275776 total
- age   2:       4256 bytes,    2280032 total
- age   3:        552 bytes,    2280584 total
- age   4:       2184 bytes,    2282768 total
- age   5:       8840 bytes,    2291608 total
- age   6:        160 bytes,    2291768 total
: 656785K->2850K(737280K), 0.0074230 secs] 1654447K->1000519K(1761280K), 0.0075710 secs] [Times: user=0.04 sys=0.00, real=0.00 secs] 
1122.517: [GC1122.517: [ParNew
Desired survivor size 41943040 bytes, new threshold 6 (max 6)
- age   1:    2230080 bytes,    2230080 total
- age   2:       7528 bytes,    2237608 total
- age   3:       4112 bytes,    2241720 total
- age   4:        528 bytes,    2242248 total
- age   5:       2184 bytes,    2244432 total
- age   6:       8840 bytes,    2253272 total
: 658210K->2945K(737280K), 0.0075670 secs] 1655879K->1000615K(1761280K), 0.0077760 secs] [Times: user=0.05 sys=0.00, real=0.00 secs] 
1122.744: [GC1122.744: [ParNew
Desired survivor size 41943040 bytes, new threshold 6 (max 6)
- age   1:     289488 bytes,     289488 total
- age   2:       3904 bytes,     293392 total
- age   3:       7504 bytes,     300896 total
- age   4:       4160 bytes,     305056 total
- age   5:        528 bytes,     305584 total
- age   6:       2184 bytes,     307768 total
: 658305K->2141K(737280K), 0.0152170 secs] 1655975K->999819K(1761280K), 0.0153420 secs] [Times: user=0.04 sys=0.00, real=0.02 secs] 
1122.999: [GC1122.999: [ParNew
Desired survivor size 41943040 bytes, new threshold 6 (max 6)
- age   1:    1461552 bytes,    1461552 total
- age   2:       1576 bytes,    1463128 total
- age   3:       3832 bytes,    1466960 total
- age   4:       7504 bytes,    1474464 total
- age   5:       4088 bytes,    1478552 total
- age   6:        528 bytes,    1479080 total
: 657501K->1700K(737280K), 0.0067610 secs] 1655179K->999381K(1761280K), 0.0069120 secs] [Times: user=0.04 sys=0.00, real=0.00 secs] 
1123.238: [GC1123.238: [ParNew
Desired survivor size 41943040 bytes, new threshold 6 (max 6)
- age   1:     898008 bytes,     898008 total
- age   2:       3816 bytes,     901824 total
- age   3:       1384 bytes,     903208 total
- age   4:       3688 bytes,     906896 total
- age   5:       7408 bytes,     914304 total
- age   6:       3896 bytes,     918200 total
: 657060K->1692K(737280K), 0.0064280 secs] 1654741K->999374K(1761280K), 0.0065870 secs] [Times: user=0.04 sys=0.00, real=0.00 secs] 
1123.472: [GC1123.472: [ParNew
Desired survivor size 41943040 bytes, new threshold 6 (max 6)
- age   1:    1948792 bytes,    1948792 total
- age   2:       2440 bytes,    1951232 total
- age   3:       3792 bytes,    1955024 total
- age   4:       1384 bytes,    1956408 total
- age   5:       3688 bytes,    1960096 total
- age   6:       7408 bytes,    1967504 total
: 657052K->2254K(737280K), 0.0075260 secs] 1654734K->999939K(1761280K), 0.0076600 secs] [Times: user=0.04 sys=0.01, real=0.01 secs] 
1123.702: [GC1123.702: [ParNew
Desired survivor size 41943040 bytes, new threshold 6 (max 6)
- age   1:    1069304 bytes,    1069304 total
- age   2:      12344 bytes,    1081648 total
- age   3:       2440 bytes,    1084088 total
- age   4:       3792 bytes,    1087880 total
- age   5:       1384 bytes,    1089264 total
- age   6:       3688 bytes,    1092952 total
: 657614K->1802K(737280K), 0.0067550 secs] 1655299K->999495K(1761280K), 0.0068850 secs] [Times: user=0.04 sys=0.00, real=0.01 secs] 
1123.931: [GC1123.931: [ParNew
Desired survivor size 41943040 bytes, new threshold 6 (max 6)
- age   1:    1139592 bytes,    1139592 total
- age   2:       1000 bytes,    1140592 total
- age   3:      11984 bytes,    1152576 total
- age   4:       2248 bytes,    1154824 total
- age   5:       3624 bytes,    1158448 total
- age   6:       1096 bytes,    1159544 total
: 657162K->1601K(737280K), 0.0067950 secs] 1654855K->999298K(1761280K), 0.0069510 secs] [Times: user=0.05 sys=0.00, real=0.01 secs] 
1124.162: [GC1124.163: [ParNew
Desired survivor size 41943040 bytes, new threshold 6 (max 6)
- age   1:     422312 bytes,     422312 total
- age   2:        824 bytes,     423136 total
- age   3:        904 bytes,     424040 total
- age   4:      11768 bytes,     435808 total
- age   5:       2152 bytes,     437960 total
- age   6:       3528 bytes,     441488 total
: 656961K->1049K(737280K), 0.0063820 secs] 1654658K->998747K(1761280K), 0.0065410 secs] [Times: user=0.04 sys=0.00, real=0.01 secs] 
1124.392: [GC1124.392: [ParNew
Desired survivor size 41943040 bytes, new threshold 6 (max 6)
- age   1:    2675528 bytes,    2675528 total
- age   2:       1368 bytes,    2676896 total
- age   3:        792 bytes,    2677688 total
- age   4:        904 bytes,    2678592 total
- age   5:      11728 bytes,    2690320 total
- age   6:       2152 bytes,    2692472 total
: 656409K->2809K(737280K), 0.0076840 secs] 1654107K->1000511K(1761280K), 0.0079340 secs] [Times: user=0.06 sys=0.00, real=0.01 secs] 
1124.615: [GC1124.615: [ParNew
Desired survivor size 41943040 bytes, new threshold 6 (max 6)
- age   1:    2268392 bytes,    2268392 total
- age   2:       1088 bytes,    2269480 total
- age   3:       1344 bytes,    2270824 total
- age   4:        744 bytes,    2271568 total
- age   5:        784 bytes,    2272352 total
- age   6:      11560 bytes,    2283912 total
: 658169K->3636K(737280K), 0.0079260 secs] 1655871K->1001340K(1761280K), 0.0080930 secs] [Times: user=0.05 sys=0.00, real=0.01 secs] 
1124.839: [GC1124.839: [ParNew
Desired survivor size 41943040 bytes, new threshold 6 (max 6)
- age   1:    1240544 bytes,    1240544 total
- age   2:       3656 bytes,    1244200 total
- age   3:       1088 bytes,    1245288 total
- age   4:       1344 bytes,    1246632 total
- age   5:        744 bytes,    1247376 total
- age   6:        784 bytes,    1248160 total
: 658996K->2192K(737280K), 0.0070300 secs] 1656700K->999908K(1761280K), 0.0071900 secs] [Times: user=0.05 sys=0.00, real=0.00 secs] 
1125.000: [CMS-concurrent-mark: 7.270/7.582 secs] [Times: user=56.40 sys=1.06, real=7.58 secs] 
1125.000: [CMS-concurrent-preclean-start]
1125.017: [CMS-concurrent-preclean: 0.016/0.016 secs] [Times: user=0.13 sys=0.00, real=0.02 secs] 
1125.017: [CMS-concurrent-abortable-preclean-start]
1125.076: [GC1125.076: [ParNew
Desired survivor size 41943040 bytes, new threshold 6 (max 6)
- age   1:     811160 bytes,     811160 total
- age   2:        776 bytes,     811936 total
- age   3:       3440 bytes,     815376 total
- age   4:        800 bytes,     816176 total
- age   5:       1024 bytes,     817200 total
- age   6:        576 bytes,     817776 total
: 657552K->1507K(737280K), 0.0062600 secs] 1655268K->999224K(1761280K), 0.0064430 secs] [Times: user=0.05 sys=0.01, real=0.01 secs] 
1125.211: [CMS-concurrent-abortable-preclean: 0.076/0.194 secs] [Times: user=1.44 sys=0.02, real=0.19 secs] 
1125.221: [GC[YG occupancy: 429586 K (737280 K)]1125.221: [Rescan (parallel) , 0.2677210 secs]1125.489: [weak refs processing, 0.0000280 secs]1125.489: [scrub string table, 0.0010080 secs] [1 CMS-remark: 997716K(1024000K)] 1427303K(1761280K), 0.2689000 secs] [Times: user=1.98 sys=0.01, real=0.27 secs] 
1125.490: [CMS-concurrent-sweep-start]
1125.582: [GC1125.582: [ParNew
Desired survivor size 41943040 bytes, new threshold 6 (max 6)
- age   1:    1273512 bytes,    1273512 total
- age   2:       4664 bytes,    1278176 total
- age   3:        728 bytes,    1278904 total
- age   4:       3368 bytes,    1282272 total
- age   5:        656 bytes,    1282928 total
- age   6:        832 bytes,    1283760 total
: 656867K->1583K(737280K), 0.0064710 secs] 1654584K->999300K(1761280K), 0.0066060 secs] [Times: user=0.03 sys=0.00, real=0.01 secs] 
1125.821: [GC1125.821: [ParNew
Desired survivor size 41943040 bytes, new threshold 6 (max 6)
- age   1:    1292024 bytes,    1292024 total
- age   2:       8544 bytes,    1300568 total
- age   3:       4616 bytes,    1305184 total
- age   4:        536 bytes,    1305720 total
- age   5:       3344 bytes,    1309064 total
- age   6:        488 bytes,    1309552 total
: 656943K->2021K(737280K), 0.0066390 secs] 1654660K->999739K(1761280K), 0.0068200 secs] [Times: user=0.05 sys=0.00, real=0.01 secs] 
1126.072: [GC1126.072: [ParNew
Desired survivor size 41943040 bytes, new threshold 6 (max 6)
- age   1:    1558248 bytes,    1558248 total
- age   2:       1152 bytes,    1559400 total
- age   3:       8544 bytes,    1567944 total
- age   4:       4568 bytes,    1572512 total
- age   5:        536 bytes,    1573048 total
- age   6:       3344 bytes,    1576392 total
: 657381K->1996K(737280K), 0.0064630 secs] 1655099K->999715K(1761280K), 0.0066410 secs] [Times: user=0.04 sys=0.00, real=0.01 secs] 
1126.320: [GC1126.320: [ParNew
Desired survivor size 41943040 bytes, new threshold 6 (max 6)
- age   1:    1208552 bytes,    1208552 total
- age   2:       1536 bytes,    1210088 total
- age   3:       1080 bytes,    1211168 total
- age   4:       8448 bytes,    1219616 total
- age   5:       4512 bytes,    1224128 total
- age   6:        488 bytes,    1224616 total
: 657356K->2009K(737280K), 0.0063580 secs] 1655075K->999731K(1761280K), 0.0065790 secs] [Times: user=0.04 sys=0.01, real=0.01 secs] 
1126.569: [GC1126.569: [ParNew
Desired survivor size 41943040 bytes, new threshold 6 (max 6)
- age   1:     432232 bytes,     432232 total
- age   2:       4240 bytes,     436472 total
- age   3:       1536 bytes,     438008 total
- age   4:       1080 bytes,     439088 total
- age   5:       8448 bytes,     447536 total
- age   6:       4512 bytes,     452048 total
: 657369K->1017K(737280K), 0.0059430 secs] 1655091K->998740K(1761280K), 0.0060860 secs] [Times: user=0.04 sys=0.00, real=0.00 secs] 
1126.805: [CMS-concurrent-sweep: 1.272/1.315 secs] [Times: user=9.79 sys=0.17, real=1.31 secs] 
1126.805: [CMS-concurrent-reset-start]
1126.815: [GC1126.815: [ParNew
Desired survivor size 41943040 bytes, new threshold 6 (max 6)
- age   1:     912528 bytes,     912528 total
- age   2:       1344 bytes,     913872 total
- age   3:       4168 bytes,     918040 total
- age   4:       1416 bytes,     919456 total
- age   5:        960 bytes,     920416 total
- age   6:       8424 bytes,     928840 total
: 656377K->1152K(737280K), 0.0065490 secs] 1654052K->998832K(1761280K), 0.0067280 secs] [Times: user=0.05 sys=0.00, real=0.01 secs] 
1126.837: [CMS-concurrent-reset: 0.024/0.032 secs] [Times: user=0.23 sys=0.01, real=0.04 secs] 
1127.041: [GC1127.041: [ParNew
Desired survivor size 41943040 bytes, new threshold 6 (max 6)
- age   1:    1262120 bytes,    1262120 total
- age   2:       1488 bytes,    1263608 total
- age   3:       1344 bytes,    1264952 total
- age   4:       4168 bytes,    1269120 total
- age   5:       1392 bytes,    1270512 total
- age   6:        960 bytes,    1271472 total
: 656512K->1738K(737280K), 0.0068000 secs] 1654192K->999426K(1761280K), 0.0069810 secs] [Times: user=0.04 sys=0.00, real=0.01 secs] 
1127.051: [GC [1 CMS-initial-mark: 997688K(1024000K)] 1009140K(1761280K), 0.0095590 secs] [Times: user=0.01 sys=0.00, real=0.01 secs] 
1127.061: [CMS-concurrent-mark-start]
1127.314: [GC1127.314: [ParNew
Desired survivor size 41943040 bytes, new threshold 6 (max 6)
- age   1:     492704 bytes,     492704 total
- age   2:        984 bytes,     493688 total
- age   3:       1224 bytes,     494912 total
- age   4:       1272 bytes,     496184 total
- age   5:       4048 bytes,     500232 total
- age   6:       1320 bytes,     501552 total
: 657098K->1124K(737280K), 0.0059000 secs] 1654786K->998813K(1761280K), 0.0060470 secs] [Times: user=0.04 sys=0.00, real=0.01 secs] 
1127.561: [GC1127.561: [ParNew
Desired survivor size 41943040 bytes, new threshold 6 (max 6)
- age   1:    1800288 bytes,    1800288 total
- age   2:       1024 bytes,    1801312 total
- age   3:        768 bytes,    1802080 total
- age   4:        888 bytes,    1802968 total
- age   5:       1080 bytes,    1804048 total
- age   6:       3880 bytes,    1807928 total
: 656484K->1975K(737280K), 0.0071080 secs] 1654173K->999666K(1761280K), 0.0072450 secs] [Times: user=0.05 sys=0.00, real=0.01 secs] 
1127.801: [GC1127.802: [ParNew
Desired survivor size 41943040 bytes, new threshold 6 (max 6)
- age   1:    2837152 bytes,    2837152 total
- age   2:      11568 bytes,    2848720 total
- age   3:        856 bytes,    2849576 total
- age   4:        600 bytes,    2850176 total
- age   5:        768 bytes,    2850944 total
- age   6:        912 bytes,    2851856 total
: 657335K->3600K(737280K), 0.0085560 secs] 1655026K->1001295K(1761280K), 0.0086990 secs] [Times: user=0.05 sys=0.01, real=0.01 secs] 
1128.051: [GC1128.051: [ParNew
Desired survivor size 41943040 bytes, new threshold 6 (max 6)
- age   1:    1480552 bytes,    1480552 total
- age   2:        704 bytes,    1481256 total
- age   3:      11408 bytes,    1492664 total
- age   4:        784 bytes,    1493448 total
- age   5:        432 bytes,    1493880 total
- age   6:        600 bytes,    1494480 total
: 658960K->2448K(737280K), 0.0066350 secs] 1656655K->1000144K(1761280K), 0.0068470 secs] [Times: user=0.04 sys=0.00, real=0.01 secs] 
1128.292: [GC1128.292: [ParNew
Desired survivor size 41943040 bytes, new threshold 6 (max 6)
- age   1:     512480 bytes,     512480 total
- age   2:        936 bytes,     513416 total
- age   3:        560 bytes,     513976 total
- age   4:      11192 bytes,     525168 total
- age   5:        616 bytes,     525784 total
- age   6:        312 bytes,     526096 total
: 657808K->1304K(737280K), 0.0063160 secs] 1655504K->999000K(1761280K), 0.0064430 secs] [Times: user=0.03 sys=0.00, real=0.01 secs] 
1128.545: [GC1128.545: [ParNew
Desired survivor size 41943040 bytes, new threshold 6 (max 6)
- age   1:    1509000 bytes,    1509000 total
- age   2:       7888 bytes,    1516888 total
- age   3:        880 bytes,    1517768 total
- age   4:        560 bytes,    1518328 total
- age   5:      11192 bytes,    1529520 total
- age   6:        616 bytes,    1530136 total
: 656664K->1673K(737280K), 0.0072470 secs] 1654360K->999370K(1761280K), 0.0073590 secs] [Times: user=0.04 sys=0.00, real=0.01 secs] 
1128.780: [GC1128.780: [ParNew
Desired survivor size 41943040 bytes, new threshold 6 (max 6)
- age   1:    1158232 bytes,    1158232 total
- age   2:       1104 bytes,    1159336 total
- age   3:       7624 bytes,    1166960 total
- age   4:        688 bytes,    1167648 total
- age   5:        368 bytes,    1168016 total
- age   6:      11024 bytes,    1179040 total
: 657033K->1991K(737280K), 0.0065530 secs] 1654730K->999688K(1761280K), 0.0066740 secs] [Times: user=0.04 sys=0.00, real=0.00 secs] 
1129.049: [GC1129.049: [ParNew
Desired survivor size 41943040 bytes, new threshold 6 (max 6)
- age   1:    2109936 bytes,    2109936 total
- age   2:       4448 bytes,    2114384 total
- age   3:       1008 bytes,    2115392 total
- age   4:       7520 bytes,    2122912 total
- age   5:        664 bytes,    2123576 total
- age   6:        368 bytes,    2123944 total
: 657351K->2491K(737280K), 0.0068580 secs] 1655048K->1000199K(1761280K), 0.0070100 secs] [Times: user=0.05 sys=0.01, real=0.00 secs] 
1129.299: [GC1129.299: [ParNew
Desired survivor size 41943040 bytes, new threshold 6 (max 6)
- age   1:    2453752 bytes,    2453752 total
- age   2:       2944 bytes,    2456696 total
- age   3:       4448 bytes,    2461144 total
- age   4:       1008 bytes,    2462152 total
- age   5:       7496 bytes,    2469648 total
- age   6:        664 bytes,    2470312 total
: 657851K->3045K(737280K), 0.0078800 secs] 1655559K->1000754K(1761280K), 0.0080150 secs] [Times: user=0.05 sys=0.00, real=0.00 secs] 
1129.556: [GC1129.556: [ParNew
Desired survivor size 41943040 bytes, new threshold 6 (max 6)
- age   1:    2050872 bytes,    2050872 total
- age   2:       5008 bytes,    2055880 total
- age   3:       2872 bytes,    2058752 total
- age   4:       4400 bytes,    2063152 total
- age   5:        976 bytes,    2064128 total
- age   6:       7496 bytes,    2071624 total
: 658405K->2524K(737280K), 0.0073600 secs] 1656114K->1000234K(1761280K), 0.0074970 secs] [Times: user=0.05 sys=0.01, real=0.01 secs] 
1129.788: [GC1129.788: [ParNew
Desired survivor size 41943040 bytes, new threshold 6 (max 6)
- age   1:    1025128 bytes,    1025128 total
- age   2:       1104 bytes,    1026232 total
- age   3:       2872 bytes,    1029104 total
- age   4:       2752 bytes,    1031856 total
- age   5:       4208 bytes,    1036064 total
- age   6:        832 bytes,    1036896 total
: 657884K->2078K(737280K), 0.0064410 secs] 1655594K->999795K(1761280K), 0.0065920 secs] [Times: user=0.04 sys=0.00, real=0.00 secs] 
1130.035: [GC1130.035: [ParNew
Desired survivor size 41943040 bytes, new threshold 6 (max 6)
- age   1:    1036648 bytes,    1036648 total
- age   2:       8616 bytes,    1045264 total
- age   3:       1080 bytes,    1046344 total
- age   4:       2872 bytes,    1049216 total
- age   5:       2728 bytes,    1051944 total
- age   6:       4208 bytes,    1056152 total
: 657438K->1686K(737280K), 0.0063280 secs] 1655155K->999404K(1761280K), 0.0065220 secs] [Times: user=0.04 sys=0.00, real=0.01 secs] 
1130.261: [GC1130.261: [ParNew
Desired survivor size 41943040 bytes, new threshold 6 (max 6)
- age   1:    1091088 bytes,    1091088 total
- age   2:       1232 bytes,    1092320 total
- age   3:       8376 bytes,    1100696 total
- age   4:        960 bytes,    1101656 total
- age   5:       2728 bytes,    1104384 total
- age   6:       2608 bytes,    1106992 total
: 657046K->1622K(737280K), 0.0067790 secs] 1654764K->999344K(1761280K), 0.0069370 secs] [Times: user=0.05 sys=0.00, real=0.01 secs] 
1130.547: [GC1130.547: [ParNew
Desired survivor size 41943040 bytes, new threshold 6 (max 6)
- age   1:     572848 bytes,     572848 total
- age   2:       6840 bytes,     579688 total
- age   3:        824 bytes,     580512 total
- age   4:       7944 bytes,     588456 total
- age   5:        504 bytes,     588960 total
- age   6:       2488 bytes,     591448 total
: 656982K->1060K(737280K), 0.0062610 secs] 1654704K->998785K(1761280K), 0.0064240 secs] [Times: user=0.04 sys=0.00, real=0.01 secs] 
1130.794: [GC1130.795: [ParNew
Desired survivor size 41943040 bytes, new threshold 6 (max 6)
- age   1:     924192 bytes,     924192 total
- age   2:       2736 bytes,     926928 total
- age   3:       6768 bytes,     933696 total
- age   4:        752 bytes,     934448 total
- age   5:       7896 bytes,     942344 total
- age   6:        408 bytes,     942752 total
: 656420K->1144K(737280K), 0.0067880 secs] 1654145K->998871K(1761280K), 0.0069410 secs] [Times: user=0.04 sys=0.00, real=0.01 secs] 
1131.036: [GC1131.037: [ParNew
Desired survivor size 41943040 bytes, new threshold 6 (max 6)
- age   1:     714856 bytes,     714856 total
- age   2:       6152 bytes,     721008 total
- age   3:       2736 bytes,     723744 total
- age   4:       6768 bytes,     730512 total
- age   5:        728 bytes,     731240 total
- age   6:       7896 bytes,     739136 total
: 656504K->1317K(737280K), 0.0063210 secs] 1654231K->999045K(1761280K), 0.0064470 secs] [Times: user=0.04 sys=0.01, real=0.01 secs] 
1131.264: [GC1131.264: [ParNew
Desired survivor size 41943040 bytes, new threshold 6 (max 6)
- age   1:    2141760 bytes,    2141760 total
- age   2:        968 bytes,    2142728 total
- age   3:       5912 bytes,    2148640 total
- age   4:       2544 bytes,    2151184 total
- age   5:       6624 bytes,    2157808 total
- age   6:        560 bytes,    2158368 total
: 656677K->2426K(737280K), 0.0075240 secs] 1654405K->1000162K(1761280K), 0.0076720 secs] [Times: user=0.06 sys=0.00, real=0.01 secs] 
1131.493: [GC1131.493: [ParNew
Desired survivor size 41943040 bytes, new threshold 6 (max 6)
- age   1:    2815064 bytes,    2815064 total
- age   2:        864 bytes,    2815928 total
- age   3:        656 bytes,    2816584 total
- age   4:       5480 bytes,    2822064 total
- age   5:       2136 bytes,    2824200 total
- age   6:       6552 bytes,    2830752 total
: 657786K->3610K(737280K), 0.0077030 secs] 1655522K->1001347K(1761280K), 0.0078710 secs] [Times: user=0.05 sys=0.00, real=0.01 secs] 
1131.769: [GC1131.769: [ParNew
Desired survivor size 41943040 bytes, new threshold 6 (max 6)
- age   1:    2575208 bytes,    2575208 total
- age   2:     327360 bytes,    2902568 total
- age   3:        640 bytes,    2903208 total
- age   4:        536 bytes,    2903744 total
- age   5:       5336 bytes,    2909080 total
- age   6:       1944 bytes,    2911024 total
: 658970K->4059K(737280K), 0.0150100 secs] 1656707K->1001802K(1761280K), 0.0151560 secs] [Times: user=0.06 sys=0.00, real=0.01 secs] 
1132.033: [GC1132.033: [ParNew
Desired survivor size 41943040 bytes, new threshold 6 (max 6)
- age   1:     438264 bytes,     438264 total
- age   2:      11576 bytes,     449840 total
- age   3:       7744 bytes,     457584 total
- age   4:        640 bytes,     458224 total
- age   5:        512 bytes,     458736 total
- age   6:       5336 bytes,     464072 total
: 659419K->2756K(737280K), 0.0060040 secs] 1657162K->1000501K(1761280K), 0.0061360 secs] [Times: user=0.05 sys=0.00, real=0.01 secs] 
1132.264: [GC1132.264: [ParNew
Desired survivor size 41943040 bytes, new threshold 6 (max 6)
- age   1:    1229720 bytes,    1229720 total
- age   2:        688 bytes,    1230408 total
- age   3:      11576 bytes,    1241984 total
- age   4:       7744 bytes,    1249728 total
- age   5:        616 bytes,    1250344 total
- age   6:        512 bytes,    1250856 total
: 658116K->1645K(737280K), 0.0065800 secs] 1655861K->999395K(1761280K), 0.0067280 secs] [Times: user=0.04 sys=0.00, real=0.01 secs] 
1132.491: [GC1132.491: [ParNew
Desired survivor size 41943040 bytes, new threshold 6 (max 6)
- age   1:     977984 bytes,     977984 total
- age   2:       1104 bytes,     979088 total
- age   3:        688 bytes,     979776 total
- age   4:      11576 bytes,     991352 total
- age   5:       7744 bytes,     999096 total
- age   6:        616 bytes,     999712 total
: 657005K->1525K(737280K), 0.0063210 secs] 1654755K->999276K(1761280K), 0.0065060 secs] [Times: user=0.05 sys=0.00, real=0.00 secs] 
1132.731: [GC1132.731: [ParNew
Desired survivor size 41943040 bytes, new threshold 6 (max 6)
- age   1:     859464 bytes,     859464 total
- age   2:        808 bytes,     860272 total
- age   3:       1104 bytes,     861376 total
- age   4:        688 bytes,     862064 total
- age   5:      11576 bytes,     873640 total
- age   6:       7744 bytes,     881384 total
: 656885K->1262K(737280K), 0.0064120 secs] 1654636K->999013K(1761280K), 0.0065550 secs] [Times: user=0.04 sys=0.00, real=0.01 secs] 
1133.065: [GC1133.065: [ParNew
Desired survivor size 41943040 bytes, new threshold 6 (max 6)
- age   1:     535328 bytes,     535328 total
- age   2:       1800 bytes,     537128 total
- age   3:        808 bytes,     537936 total
- age   4:       1104 bytes,     539040 total
- age   5:        664 bytes,     539704 total
- age   6:      11576 bytes,     551280 total
: 656622K->1010K(737280K), 0.0069030 secs] 1654373K->998769K(1761280K), 0.0070430 secs] [Times: user=0.04 sys=0.00, real=0.01 secs] 
1133.330: [GC1133.330: [ParNew
Desired survivor size 41943040 bytes, new threshold 6 (max 6)
- age   1:    1843456 bytes,    1843456 total
- age   2:        944 bytes,    1844400 total
- age   3:       1656 bytes,    1846056 total
- age   4:        760 bytes,    1846816 total
- age   5:        888 bytes,    1847704 total
- age   6:        616 bytes,    1848320 total
: 656370K->1971K(737280K), 0.0070610 secs] 1654129K->999743K(1761280K), 0.0072020 secs] [Times: user=0.05 sys=0.00, real=0.00 secs] 
1133.570: [GC1133.570: [ParNew
Desired survivor size 41943040 bytes, new threshold 6 (max 6)
- age   1:    1420784 bytes,    1420784 total
- age   2:        880 bytes,    1421664 total
- age   3:        848 bytes,    1422512 total
- age   4:       1560 bytes,    1424072 total
- age   5:        664 bytes,    1424736 total
- age   6:        840 bytes,    1425576 total
: 657331K->2008K(737280K), 0.0065330 secs] 1655103K->999779K(1761280K), 0.0067220 secs] [Times: user=0.05 sys=0.00, real=0.00 secs] 
1133.793: [GC1133.793: [ParNew
Desired survivor size 41943040 bytes, new threshold 6 (max 6)
- age   1:     875696 bytes,     875696 total
- age   2:       5216 bytes,     880912 total
- age   3:        856 bytes,     881768 total
- age   4:        752 bytes,     882520 total
- age   5:       1440 bytes,     883960 total
- age   6:        616 bytes,     884576 total
: 657368K->1585K(737280K), 0.0063130 secs] 1655139K->999357K(1761280K), 0.0064430 secs] [Times: user=0.04 sys=0.00, real=0.01 secs] 
1134.041: [GC1134.041: [ParNew
Desired survivor size 41943040 bytes, new threshold 6 (max 6)
- age   1:     922872 bytes,     922872 total
- age   2:       7848 bytes,     930720 total
- age   3:       5072 bytes,     935792 total
- age   4:        544 bytes,     936336 total
- age   5:        440 bytes,     936776 total
- age   6:       1104 bytes,     937880 total
: 656945K->1183K(737280K), 0.0067420 secs] 1654717K->998956K(1761280K), 0.0068790 secs] [Times: user=0.05 sys=0.00, real=0.01 secs] 
1134.270: [GC1134.270: [ParNew
Desired survivor size 41943040 bytes, new threshold 6 (max 6)
- age   1:    1553624 bytes,    1553624 total
- age   2:       1480 bytes,    1555104 total
- age   3:       7848 bytes,    1562952 total
- age   4:       5072 bytes,    1568024 total
- age   5:        520 bytes,    1568544 total
- age   6:        440 bytes,    1568984 total
: 656543K->2033K(737280K), 0.0069060 secs] 1654316K->999807K(1761280K), 0.0070770 secs] [Times: user=0.05 sys=0.00, real=0.01 secs] 
1134.491: [CMS-concurrent-mark: 7.148/7.430 secs] [Times: user=54.06 sys=1.07, real=7.43 secs] 
1134.491: [CMS-concurrent-preclean-start]
1134.507: [CMS-concurrent-preclean: 0.015/0.016 secs] [Times: user=0.12 sys=0.00, real=0.01 secs] 
1134.508: [CMS-concurrent-abortable-preclean-start]
1134.512: [GC1134.512: [ParNew
Desired survivor size 41943040 bytes, new threshold 6 (max 6)
- age   1:    1689104 bytes,    1689104 total
- age   2:       1000 bytes,    1690104 total
- age   3:       1384 bytes,    1691488 total
- age   4:       7848 bytes,    1699336 total
- age   5:       5072 bytes,    1704408 total
- age   6:        520 bytes,    1704928 total
: 657393K->2385K(737280K), 0.0071100 secs] 1655167K->1000160K(1761280K), 0.0072760 secs] [Times: user=0.05 sys=0.00, real=0.01 secs] 
1134.665: [CMS-concurrent-abortable-preclean: 0.145/0.157 secs] [Times: user=1.16 sys=0.02, real=0.16 secs] 
1134.680: [GC[YG occupancy: 481045 K (737280 K)]1134.680: [Rescan (parallel) , 0.1265670 secs]1134.807: [weak refs processing, 0.0000340 secs]1134.807: [scrub string table, 0.0010080 secs] [1 CMS-remark: 997775K(1024000K)] 1478820K(1761280K), 0.1278120 secs] [Times: user=0.97 sys=0.00, real=0.13 secs] 
1134.809: [CMS-concurrent-sweep-start]
1134.875: [GC1134.876: [ParNew
Desired survivor size 41943040 bytes, new threshold 6 (max 6)
- age   1:    1896272 bytes,    1896272 total
- age   2:       3904 bytes,    1900176 total
- age   3:        928 bytes,    1901104 total
- age   4:       1240 bytes,    1902344 total
- age   5:       7744 bytes,    1910088 total
- age   6:       4952 bytes,    1915040 total
: 657745K->2781K(737280K), 0.0180420 secs] 1655520K->1000557K(1761280K), 0.0182300 secs] [Times: user=0.07 sys=0.00, real=0.02 secs] 
1135.135: [GC1135.135: [ParNew
Desired survivor size 41943040 bytes, new threshold 6 (max 6)
- age   1:     963192 bytes,     963192 total
- age   2:       1160 bytes,     964352 total
- age   3:       3880 bytes,     968232 total
- age   4:        688 bytes,     968920 total
- age   5:       1024 bytes,     969944 total
- age   6:       7624 bytes,     977568 total
: 658141K->1800K(737280K), 0.0065150 secs] 1655916K->999580K(1761280K), 0.0067140 secs] [Times: user=0.04 sys=0.00, real=0.01 secs] 
1135.386: [GC1135.386: [ParNew
Desired survivor size 41943040 bytes, new threshold 6 (max 6)
- age   1:    1039696 bytes,    1039696 total
- age   2:        736 bytes,    1040432 total
- age   3:        944 bytes,    1041376 total
- age   4:       3832 bytes,    1045208 total
- age   5:        544 bytes,    1045752 total
- age   6:        928 bytes,    1046680 total
: 657160K->1515K(737280K), 0.0067740 secs] 1654940K->999302K(1761280K), 0.0069110 secs] [Times: user=0.04 sys=0.00, real=0.01 secs] 
1135.645: [GC1135.645: [ParNew
Desired survivor size 41943040 bytes, new threshold 6 (max 6)
- age   1:    1231936 bytes,    1231936 total
- age   2:       4376 bytes,    1236312 total
- age   3:        616 bytes,    1236928 total
- age   4:        776 bytes,    1237704 total
- age   5:       3640 bytes,    1241344 total
- age   6:        520 bytes,    1241864 total
: 656875K->1695K(737280K), 0.0064460 secs] 1654662K->999484K(1761280K), 0.0066140 secs] [Times: user=0.04 sys=0.00, real=0.01 secs] 
1135.897: [CMS-concurrent-sweep: 1.042/1.088 secs] [Times: user=8.09 sys=0.14, real=1.08 secs] 
1135.897: [CMS-concurrent-reset-start]
1135.905: [GC1135.905: [ParNew
Desired survivor size 41943040 bytes, new threshold 6 (max 6)
- age   1:     803368 bytes,     803368 total
- age   2:       7064 bytes,     810432 total
- age   3:       4184 bytes,     814616 total
- age   4:        448 bytes,     815064 total
- age   5:        632 bytes,     815696 total
- age   6:       3424 bytes,     819120 total
: 657055K->1295K(737280K), 0.0064960 secs] 1654804K->999045K(1761280K), 0.0067820 secs] [Times: user=0.04 sys=0.00, real=0.01 secs] 
1135.965: [CMS-concurrent-reset: 0.059/0.068 secs] [Times: user=0.47 sys=0.02, real=0.07 secs] 
1136.126: [GC1136.126: [ParNew
Desired survivor size 41943040 bytes, new threshold 6 (max 6)
- age   1:    1522600 bytes,    1522600 total
- age   2:       7576 bytes,    1530176 total
- age   3:       6992 bytes,    1537168 total
- age   4:       4184 bytes,    1541352 total
- age   5:        424 bytes,    1541776 total
- age   6:        632 bytes,    1542408 total
: 656655K->1886K(737280K), 0.0080220 secs] 1654405K->999640K(1761280K), 0.0081740 secs] [Times: user=0.04 sys=0.00, real=0.01 secs] 
1136.137: [GC [1 CMS-initial-mark: 997753K(1024000K)] 1005326K(1761280K), 0.0075810 secs] [Times: user=0.01 sys=0.00, real=0.01 secs] 
1136.145: [CMS-concurrent-mark-start]
1136.378: [GC1136.379: [ParNew
Desired survivor size 41943040 bytes, new threshold 6 (max 6)
- age   1:    1117120 bytes,    1117120 total
- age   2:       8520 bytes,    1125640 total
- age   3:       7576 bytes,    1133216 total
- age   4:       6992 bytes,    1140208 total
- age   5:       4160 bytes,    1144368 total
- age   6:        424 bytes,    1144792 total
: 657246K->1858K(737280K), 0.0063350 secs] 1655000K->999612K(1761280K), 0.0064670 secs] [Times: user=0.04 sys=0.00, real=0.00 secs] 
1136.625: [GC1136.625: [ParNew
Desired survivor size 41943040 bytes, new threshold 6 (max 6)
- age   1:     264096 bytes,     264096 total
- age   2:        984 bytes,     265080 total
- age   3:       8520 bytes,     273600 total
- age   4:       7576 bytes,     281176 total
- age   5:       6992 bytes,     288168 total
- age   6:       4160 bytes,     292328 total
: 657218K->1176K(737280K), 0.0064170 secs] 1654972K->998931K(1761280K), 0.0065810 secs] [Times: user=0.04 sys=0.00, real=0.01 secs] 
1136.877: [GC1136.877: [ParNew
Desired survivor size 41943040 bytes, new threshold 6 (max 6)
- age   1:     775984 bytes,     775984 total
- age   2:       1112 bytes,     777096 total
- age   3:        840 bytes,     777936 total
- age   4:       8280 bytes,     786216 total
- age   5:       7504 bytes,     793720 total
- age   6:       6992 bytes,     800712 total
: 656536K->959K(737280K), 0.0163660 secs] 1654291K->998718K(1761280K), 0.0165810 secs] [Times: user=0.08 sys=0.00, real=0.02 secs] 
1137.127: [GC1137.127: [ParNew
Desired survivor size 41943040 bytes, new threshold 6 (max 6)
- age   1:     321536 bytes,     321536 total
- age   2:       5112 bytes,     326648 total
- age   3:        984 bytes,     327632 total
- age   4:        792 bytes,     328424 total
- age   5:       8232 bytes,     336656 total
- age   6:       7336 bytes,     343992 total
: 656319K->847K(737280K), 0.0063770 secs] 1654078K->998613K(1761280K), 0.0065020 secs] [Times: user=0.04 sys=0.01, real=0.01 secs] 
1137.368: [GC1137.368: [ParNew
Desired survivor size 41943040 bytes, new threshold 6 (max 6)
- age   1:     739136 bytes,     739136 total
- age   2:        760 bytes,     739896 total
- age   3:       5016 bytes,     744912 total
- age   4:        912 bytes,     745824 total
- age   5:        744 bytes,     746568 total
- age   6:       8136 bytes,     754704 total
: 656207K->886K(737280K), 0.0066580 secs] 1653973K->998660K(1761280K), 0.0068000 secs] [Times: user=0.04 sys=0.00, real=0.01 secs] 
1137.636: [GC1137.636: [ParNew
Desired survivor size 41943040 bytes, new threshold 6 (max 6)
- age   1:     800360 bytes,     800360 total
- age   2:       1168 bytes,     801528 total
- age   3:        600 bytes,     802128 total
- age   4:       4896 bytes,     807024 total
- age   5:        816 bytes,     807840 total
- age   6:        648 bytes,     808488 total
: 656246K->1155K(737280K), 0.0066820 secs] 1654020K->998936K(1761280K), 0.0068330 secs] [Times: user=0.04 sys=0.00, real=0.01 secs] 
1137.897: [GC1137.897: [ParNew
Desired survivor size 41943040 bytes, new threshold 6 (max 6)
- age   1:     990488 bytes,     990488 total
- age   2:      58040 bytes,    1048528 total
- age   3:       1168 bytes,    1049696 total
- age   4:        600 bytes,    1050296 total
- age   5:       4896 bytes,    1055192 total
- age   6:        816 bytes,    1056008 total
: 656515K->1399K(737280K), 0.0066900 secs] 1654296K->999181K(1761280K), 0.0069510 secs] [Times: user=0.04 sys=0.00, real=0.01 secs] 
1138.137: [GC1138.137: [ParNew
Desired survivor size 41943040 bytes, new threshold 6 (max 6)
- age   1:    2857552 bytes,    2857552 total
- age   2:     430224 bytes,    3287776 total
- age   3:      13184 bytes,    3300960 total
- age   4:        640 bytes,    3301600 total
- age   5:        336 bytes,    3301936 total
- age   6:       4440 bytes,    3306376 total
: 656759K->3720K(737280K), 0.0083090 secs] 1654541K->1001503K(1761280K), 0.0084860 secs] [Times: user=0.06 sys=0.00, real=0.01 secs] 
1138.387: [GC1138.387: [ParNew
Desired survivor size 41943040 bytes, new threshold 6 (max 6)
- age   1:    1002136 bytes,    1002136 total
- age   2:      15816 bytes,    1017952 total
- age   3:      57592 bytes,    1075544 total
- age   4:      13040 bytes,    1088584 total
- age   5:        616 bytes,    1089200 total
- age   6:        336 bytes,    1089536 total
: 659080K->2661K(737280K), 0.0068640 secs] 1656863K->1000449K(1761280K), 0.0070150 secs] [Times: user=0.04 sys=0.00, real=0.01 secs] 
1138.646: [GC1138.647: [ParNew
Desired survivor size 41943040 bytes, new threshold 6 (max 6)
- age   1:     539720 bytes,     539720 total
- age   2:      34520 bytes,     574240 total
- age   3:      15816 bytes,     590056 total
- age   4:      57592 bytes,     647648 total
- age   5:      13040 bytes,     660688 total
- age   6:        616 bytes,     661304 total
: 658021K->1164K(737280K), 0.0063400 secs] 1655809K->998952K(1761280K), 0.0064990 secs] [Times: user=0.05 sys=0.00, real=0.01 secs] 
1138.895: [GC1138.895: [ParNew
Desired survivor size 41943040 bytes, new threshold 6 (max 6)
- age   1:     773056 bytes,     773056 total
- age   2:      15672 bytes,     788728 total
- age   3:      24520 bytes,     813248 total
- age   4:      15792 bytes,     829040 total
- age   5:      57544 bytes,     886584 total
- age   6:      12968 bytes,     899552 total
: 656524K->1187K(737280K), 0.0073210 secs] 1654312K->998976K(1761280K), 0.0075250 secs] [Times: user=0.04 sys=0.01, real=0.01 secs] 
1139.153: [GC1139.153: [ParNew
Desired survivor size 41943040 bytes, new threshold 6 (max 6)
- age   1:    1072696 bytes,    1072696 total
- age   2:      33240 bytes,    1105936 total
- age   3:      15672 bytes,    1121608 total
- age   4:      24520 bytes,    1146128 total
- age   5:      15768 bytes,    1161896 total
- age   6:      57544 bytes,    1219440 total
: 656547K->1555K(737280K), 0.0067100 secs] 1654336K->999357K(1761280K), 0.0068910 secs] [Times: user=0.04 sys=0.01, real=0.01 secs] 
1139.403: [GC1139.403: [ParNew
Desired survivor size 41943040 bytes, new threshold 6 (max 6)
- age   1:    1761856 bytes,    1761856 total
- age   2:       1648 bytes,    1763504 total
- age   3:      33096 bytes,    1796600 total
- age   4:      15480 bytes,    1812080 total
- age   5:      24424 bytes,    1836504 total
- age   6:      15696 bytes,    1852200 total
: 656915K->2311K(737280K), 0.0070170 secs] 1654717K->1000169K(1761280K), 0.0071510 secs] [Times: user=0.05 sys=0.00, real=0.01 secs] 
1139.648: [GC1139.649: [ParNew
Desired survivor size 41943040 bytes, new threshold 6 (max 6)
- age   1:    1745000 bytes,    1745000 total
- age   2:        912 bytes,    1745912 total
- age   3:       1504 bytes,    1747416 total
- age   4:      33000 bytes,    1780416 total
- age   5:      15240 bytes,    1795656 total
- age   6:      20800 bytes,    1816456 total
: 657671K->2646K(737280K), 0.0071670 secs] 1655529K->1000519K(1761280K), 0.0073170 secs] [Times: user=0.05 sys=0.00, real=0.00 secs] 
1139.893: [GC1139.894: [ParNew
Desired survivor size 41943040 bytes, new threshold 6 (max 6)
- age   1:    1410248 bytes,    1410248 total
- age   2:       4968 bytes,    1415216 total
- age   3:        912 bytes,    1416128 total
- age   4:       1504 bytes,    1417632 total
- age   5:      33000 bytes,    1450632 total
- age   6:      15240 bytes,    1465872 total
: 658006K->2606K(737280K), 0.0072250 secs] 1655879K->1000500K(1761280K), 0.0074770 secs] [Times: user=0.04 sys=0.00, real=0.01 secs] 
1140.131: [GC1140.131: [ParNew
Desired survivor size 41943040 bytes, new threshold 6 (max 6)
- age   1:     629496 bytes,     629496 total
- age   2:        904 bytes,     630400 total
- age   3:       4848 bytes,     635248 total
- age   4:        768 bytes,     636016 total
- age   5:       1328 bytes,     637344 total
- age   6:      32904 bytes,     670248 total
: 657966K->1213K(737280K), 0.0061990 secs] 1655860K->999122K(1761280K), 0.0063260 secs] [Times: user=0.04 sys=0.01, real=0.00 secs] 
1140.383: [GC1140.383: [ParNew
Desired survivor size 41943040 bytes, new threshold 6 (max 6)
- age   1:     779912 bytes,     779912 total
- age   2:       8544 bytes,     788456 total
- age   3:        400 bytes,     788856 total
- age   4:       4440 bytes,     793296 total
- age   5:        384 bytes,     793680 total
- age   6:        920 bytes,     794600 total
: 656573K->1159K(737280K), 0.0064910 secs] 1654482K->999099K(1761280K), 0.0066290 secs] [Times: user=0.05 sys=0.00, real=0.01 secs] 
1140.622: [GC1140.622: [ParNew
Desired survivor size 41943040 bytes, new threshold 6 (max 6)
- age   1:    1364792 bytes,    1364792 total
- age   2:      45080 bytes,    1409872 total
- age   3:       8544 bytes,    1418416 total
- age   4:        400 bytes,    1418816 total
- age   5:       4440 bytes,    1423256 total
- age   6:        384 bytes,    1423640 total
: 656519K->1672K(737280K), 0.0080270 secs] 1654459K->999613K(1761280K), 0.0081650 secs] [Times: user=0.05 sys=0.00, real=0.01 secs] 
1140.862: [GC1140.862: [ParNew
Desired survivor size 41943040 bytes, new threshold 6 (max 6)
- age   1:    1007584 bytes,    1007584 total
- age   2:       8160 bytes,    1015744 total
- age   3:      45080 bytes,    1060824 total
- age   4:       8544 bytes,    1069368 total
- age   5:        400 bytes,    1069768 total
- age   6:       4440 bytes,    1074208 total
: 657032K->1675K(737280K), 0.0062230 secs] 1654973K->999617K(1761280K), 0.0063620 secs] [Times: user=0.03 sys=0.00, real=0.01 secs] 
1141.087: [GC1141.087: [ParNew
Desired survivor size 41943040 bytes, new threshold 6 (max 6)
- age   1:    1278024 bytes,    1278024 total
- age   2:      16352 bytes,    1294376 total
- age   3:       8160 bytes,    1302536 total
- age   4:      42088 bytes,    1344624 total
- age   5:       8480 bytes,    1353104 total
- age   6:        400 bytes,    1353504 total
: 657035K->1910K(737280K), 0.0069950 secs] 1654977K->999856K(1761280K), 0.0071500 secs] [Times: user=0.05 sys=0.00, real=0.01 secs] 
1141.328: [GC1141.328: [ParNew
Desired survivor size 41943040 bytes, new threshold 6 (max 6)
- age   1:     646144 bytes,     646144 total
- age   2:       4624 bytes,     650768 total
- age   3:      16256 bytes,     667024 total
- age   4:       7968 bytes,     674992 total
- age   5:      41968 bytes,     716960 total
- age   6:       8480 bytes,     725440 total
: 657270K->1264K(737280K), 0.0063770 secs] 1655216K->999210K(1761280K), 0.0065120 secs] [Times: user=0.04 sys=0.00, real=0.01 secs] 
1141.564: [GC1141.564: [ParNew
Desired survivor size 41943040 bytes, new threshold 6 (max 6)
- age   1:     917632 bytes,     917632 total
- age   2:       7936 bytes,     925568 total
- age   3:       4528 bytes,     930096 total
- age   4:      16184 bytes,     946280 total
- age   5:       7848 bytes,     954128 total
- age   6:      41872 bytes,     996000 total
: 656624K->1236K(737280K), 0.0067360 secs] 1654570K->999191K(1761280K), 0.0068810 secs] [Times: user=0.04 sys=0.00, real=0.01 secs] 
1141.795: [GC1141.795: [ParNew
Desired survivor size 41943040 bytes, new threshold 6 (max 6)
- age   1:    1286680 bytes,    1286680 total
- age   2:       1192 bytes,    1287872 total
- age   3:       7936 bytes,    1295808 total
- age   4:       4528 bytes,    1300336 total
- age   5:      16184 bytes,    1316520 total
- age   6:       7848 bytes,    1324368 total
: 656596K->1640K(737280K), 0.0064470 secs] 1654551K->999636K(1761280K), 0.0066720 secs] [Times: user=0.05 sys=0.00, real=0.01 secs] 
1142.051: [GC1142.051: [ParNew
Desired survivor size 41943040 bytes, new threshold 6 (max 6)
- age   1:    1339144 bytes,    1339144 total
- age   2:       1424 bytes,    1340568 total
- age   3:       1192 bytes,    1341760 total
- age   4:       7936 bytes,    1349696 total
- age   5:       4504 bytes,    1354200 total
- age   6:      16184 bytes,    1370384 total
: 657000K->2080K(737280K), 0.0071380 secs] 1654996K->1000083K(1761280K), 0.0072640 secs] [Times: user=0.04 sys=0.00, real=0.00 secs] 
1142.274: [GC1142.274: [ParNew
Desired survivor size 41943040 bytes, new threshold 6 (max 6)
- age   1:    1267360 bytes,    1267360 total
- age   2:       8064 bytes,    1275424 total
- age   3:       1088 bytes,    1276512 total
- age   4:       1024 bytes,    1277536 total
- age   5:       7672 bytes,    1285208 total
