2.368: [GC
Desired survivor size 104857600 bytes, new threshold 7 (max 15)
 [PSYoungGen: 159752K->20030K(716800K)] 159752K->20038K(1740800K), 0.1137550 secs] [Times: user=0.58 sys=0.22, real=0.11 secs] 
2.482: [Full GC [PSYoungGen: 20030K->0K(716800K)] [ParOldGen: 8K->19793K(1024000K)] 20038K->1979628.476: [GC 10659K->7059K(29184K), 0.0986610 secs]
.1778470 secs] [Times: user=0.78 sys=0.10, real=0.18 secs] 
10.221: [GC
Desired survivor size 104857600 bytes, new threshold 7 (max 15)
 [PSYoungGen: 614400K->55240K(716800K)] 634193K->75042K(1740800K), 0.2811070 secs] [Times: user=1.21 sys=0.46, real=0.28 secs] 
15.427: [GC
Desired survivor size 104857600 bytes, new threshold 7 (max 15)
 [PSYoungGen: 669640K->84558K(716800K)] 689442K->104368K(1740800K), 0.3326180 secs] [Times: user=1.86 sys=0.64, real=0.33 secs] 
28.401: [GC
Desired survivor size 104857600 bytes, new threshold 7 (max 15)
 [PSYoungGen: 698958K->102386K(716800K)] 718768K->303770K(1740800K), 0.9695690 secs] [Times: user=4.73 sys=2.62, real=0.97 secs] 
37.374: [GC
Desired survivor size 104857600 bytes, new threshold 7 (max 15)
 [PSYoungGen: 716786K->102370K(716800K)] 918170K->380240K(1740800K), 0.5293960 secs] [Times: user=3.14 sys=0.85, real=0.53 secs] 
45.971: [GC
Desired survivor size 279445504 bytes, new threshold 6 (max 15)
 [PSYoungGen: 716770K->102378K(375808K)] 994640K->439480K(1399808K), 0.3636130 secs] [Times: user=2.25 sys=0.54, real=0.36 secs] 
48.388: [GC
Desired survivor size 271581184 bytes, new threshold 5 (max 15)
 [PSYoungGen: 375786K->134315K(546304K)] 712888K->471425K(1570304K), 0.1710600 secs] [Times: user=1.29 sys=0.01, real=0.17 secs] 
54.467: [GC
Desired survivor size 256376832 bytes, new threshold 4 (max 15)
 [PSYoungGen: 407723K->124542K(568832K)] 744833K->499482K(1592832K), 0.2131150 secs] [Times: user=1.36 sys=0.26, real=0.22 secs] 
57.318: [GC
Desired survivor size 249561088 bytes, new threshold 3 (max 15)
 [PSYoungGen: 428158K->96322K(553984K)] 803098K->522409K(1577984K), 0.2666420 secs] [Times: user=1.70 sys=0.37, real=0.27 secs] 
62.132: [GC
Desired survivor size 244318208 bytes, new threshold 2 (max 15)
 [PSYoungGen: 399938K->87393K(580608K)] 826025K->555943K(1604608K), 0.2483570 secs] [Times: user=1.61 sys=0.33, real=0.24 secs] 
68.571: [GC
Desired survivor size 243269632 bytes, new threshold 1 (max 15)
 [PSYoungGen: 424289K->59296K(575488K)] 892839K->578164K(1599488K), 0.2867160 secs] [Times: user=1.74 sys=0.48, real=0.29 secs] 
72.710: [GC
Desired survivor size 245366784 bytes, new threshold 1 (max 15)
 [PSYoungGen: 396192K->33691K(577536K)] 915060K->595791K(1601536K), 0.5022100 secs] [Times: user=1.76 sys=0.35, real=0.50 secs] 
77.940: [GC
Desired survivor size 242745344 bytes, new threshold 1 (max 15)
 [PSYoungGen: 373659K->45664K(579584K)] 935759K->641325K(1603584K), 0.2227350 secs] [Times: user=1.41 sys=0.30, real=0.22 secs] 
85.351: [GC
Desired survivor size 239075328 bytes, new threshold 1 (max 15)
 [PSYoungGen: 385632K->41920K(585728K)] 981293K->670158K(1609728K), 0.2030650 secs] [Times: user=1.30 sys=0.28, real=0.20 secs] 
90.157: [GC
Desired survivor size 235405312 bytes, new threshold 1 (max 15)
 [PSYoungGen: 390592K->38373K(582144K)] 1018830K->690855K(1606144K), 0.1746790 secs] [Times: user=1.19 sys=0.19, real=0.17 secs] 
93.726: [GC
Desired survivor size 230162432 bytes, new threshold 1 (max 15)
 [PSYoungGen: 387045K->37088K(594432K)] 1039527K->727775K(1618432K), 0.2340190 secs] [Times: user=1.55 sys=0.29, real=0.23 secs] 
101.336: [GC
Desired survivor size 222822400 bytes, new threshold 1 (max 15)
 [PSYoungGen: 401632K->43761K(589312K)] 1092319K->763433K(1613312K), 0.2050850 secs] [Times: user=1.38 sys=0.23, real=0.21 secs] 
108.530: [GC
Desired survivor size 215482368 bytes, new threshold 1 (max 15)
 [PSYoungGen: 408305K->41632K(608768K)] 1127977K->787161K(1632768K), 0.2129940 secs] [Times: user=1.40 sys=0.23, real=0.21 secs] 
115.746: [GC
Desired survivor size 208142336 bytes, new threshold 1 (max 15)
 [PSYoungGen: 432800K->42080K(601600K)] 1178329K->810674K(1625600K), 0.1958170 secs] [Times: user=1.32 sys=0.18, real=0.20 secs] 
121.947: [GC
Desired survivor size 201326592 bytes, new threshold 1 (max 15)
 [PSYoungGen: 433248K->37033K(622592K)] 1201842K->833287K(1646592K), 0.2153290 secs] [Times: user=1.48 sys=0.21, real=0.22 secs] 
129.695: [GC
Desired survivor size 194510848 bytes, new threshold 1 (max 15)
 [PSYoungGen: 456361K->33371K(615936K)] 1252615K->859547K(1639936K), 0.2324820 secs] [Times: user=1.59 sys=0.23, real=0.23 secs] 
134.754: [GC
Desired survivor size 181927936 bytes, new threshold 1 (max 15)
 [PSYoungGen: 452699K->66193K(641536K)] 1278875K->925614K(1665536K), 0.2724660 secs] [Times: user=1.87 sys=0.25, real=0.27 secs] 
143.065: [GC
Desired survivor size 173539328 bytes, new threshold 1 (max 15)
 [PSYoungGen: 517777K->49008K(629248K)] 1377198K->961964K(1653248K), 0.3049540 secs] [Times: user=2.01 sys=0.37, real=0.30 secs] 
152.095: [GC
Desired survivor size 165150720 bytes, new threshold 1 (max 15)
 [PSYoungGen: 500592K->49120K(657920K)] 1413548K->992833K(1681920K), 0.2470360 secs] [Times: user=1.70 sys=0.23, real=0.25 secs] 
161.257: [GC
Desired survivor size 157810688 bytes, new threshold 1 (max 15)
 [PSYoungGen: 537568K->49264K(649728K)] 1481281K->1024179K(1673728K), 0.2580330 secs] [Times: user=1.78 sys=0.24, real=0.25 secs] 
161.516: [Full GC [PSYoungGen: 49264K->0K(649728K)] [ParOldGen: 974914K->888825K(1024000K)] 1024179K->888825K(1673728K) [PSPermGen: 45864K->45849K(524288K)], 3.2373490 secs] [Times: user=19.00 sys=0.60, real=3.24 secs] 
176.528: [GC
Desired survivor size 152043520 bytes, new threshold 1 (max 15)
 [PSYoungGen: 488448K->38731K(670720K)] 1377273K->927557K(1694720K), 0.1207360 secs] [Times: user=0.93 sys=0.00, real=0.13 secs] 
188.036: [GC
Desired survivor size 145227776 bytes, new threshold 1 (max 15)
 [PSYoungGen: 555339K->45857K(665088K)] 1444165K->968403K(1689088K), 0.1206130 secs] [Times: user=0.92 sys=0.00, real=0.12 secs] 
414.070: [GC
Desired survivor size 141557760 bytes, new threshold 2 (max 15)
 [PSYoungGen: 562465K->31141K(680960K)] 1485011K->981712K(1704960K), 0.0892790 secs] [Times: user=0.67 sys=0.00, real=0.09 secs] 
415.222: [GC
Desired survivor size 136839168 bytes, new threshold 1 (max 15)
 [PSYoungGen: 570277K->32802K(677376K)] 1520848K->983373K(1701376K), 0.0435010 secs] [Times: user=0.32 sys=0.00, real=0.05 secs] 
419.082: [GC
Desired survivor size 137363456 bytes, new threshold 1 (max 15)
 [PSYoungGen: 571938K->2368K(684544K)] 1522509K->982895K(1708544K), 0.0714250 secs] [Times: user=0.47 sys=0.07, real=0.07 secs] 
419.153: [Full GC [PSYoungGen: 2368K->0K(684544K)] [ParOldGen: 980527K->961121K(1024000K)] 982895K->961121K(1708544K) [PSPermGen: 47546K->47539K(524288K)], 5.5596040 secs] [Times: user=38.96 sys=0.10, real=5.56 secs] 
425.141: [GC
Desired survivor size 136314880 bytes, new threshold 2 (max 15)
 [PSYoungGen: 550912K->4128K(685056K)] 1512033K->965249K(1709056K), 0.0224060 secs] [Times: user=0.15 sys=0.00, real=0.02 secs] 
425.610: [GC
Desired survivor size 133693440 bytes, new threshold 2 (max 15)
 [PSYoungGen: 555040K->4352K(688640K)] 1516161K->965473K(1712640K), 0.0115420 secs] [Times: user=0.08 sys=0.00, real=0.01 secs] 
426.061: [GC
Desired survivor size 131072000 bytes, new threshold 2 (max 15)
 [PSYoungGen: 559872K->3168K(686080K)] 1520993K->965673K(1710080K), 0.0119700 secs] [Times: user=0.06 sys=0.00, real=0.01 secs] 
426.441: [GC
Desired survivor size 127401984 bytes, new threshold 1 (max 15)
 [PSYoungGen: 558688K->2624K(694784K)] 1521193K->965289K(1718784K), 0.0112510 secs] [Times: user=0.08 sys=0.00, real=0.01 secs] 
426.794: [GC
Desired survivor size 123207680 bytes, new threshold 1 (max 15)
 [PSYoungGen: 569408K->2528K(691200K)] 1532073K->965485K(1715200K), 0.0108960 secs] [Times: user=0.07 sys=0.00, real=0.01 secs] 
427.031: [GC
Desired survivor size 119013376 bytes, new threshold 1 (max 15)
 [PSYoungGen: 569312K->1632K(702976K)] 1532269K->964685K(1726976K), 0.0095260 secs] [Times: user=0.05 sys=0.00, real=0.01 secs] 
427.273: [GC
Desired survivor size 114294784 bytes, new threshold 1 (max 15)
 [PSYoungGen: 584288K->608K(698880K)] 1547341K->963733K(1722880K), 0.0096980 secs] [Times: user=0.06 sys=0.01, real=0.01 secs] 
427.517: [GC
Desired survivor size 109576192 bytes, new threshold 1 (max 15)
 [PSYoungGen: 583264K->1088K(712192K)] 1546389K->964269K(1736192K), 0.0093900 secs] [Times: user=0.05 sys=0.00, real=0.01 secs] 
427.790: [GC
Desired survivor size 104333312 bytes, new threshold 1 (max 15)
 [PSYoungGen: 601664K->928K(707584K)] 1564845K->964197K(1731584K), 0.0094580 secs] [Times: user=0.05 sys=0.00, real=0.01 secs] 
428.161: [GC
Desired survivor size 99090432 bytes, new threshold 1 (max 15)
 [PSYoungGen: 601504K->2848K(722432K)] 1564773K->966213K(1746432K), 0.0104740 secs] [Times: user=0.06 sys=0.00, real=0.01 secs] 
428.571: [GC
Desired survivor size 93847552 bytes, new threshold 1 (max 15)
 [PSYoungGen: 623392K->1760K(717312K)] 1586757K->965621K(1741312K), 0.0119020 secs] [Times: user=0.07 sys=0.00, real=0.01 secs] 
428.816: [GC
Desired survivor size 88604672 bytes, new threshold 1 (max 15)
 [PSYoungGen: 622304K->2688K(732672K)] 1586165K->966829K(1756672K), 0.0101050 secs] [Times: user=0.06 sys=0.00, real=0.01 secs] 
429.039: [GC
Desired survivor size 83886080 bytes, new threshold 1 (max 15)
 [PSYoungGen: 643712K->1024K(727552K)] 1607853K->965989K(1751552K), 0.0093790 secs] [Times: user=0.05 sys=0.00, real=0.01 secs] 
429.284: [GC
Desired survivor size 78643200 bytes, new threshold 1 (max 15)
 [PSYoungGen: 642048K->1632K(742400K)] 1607013K->966981K(1766400K), 0.0101880 secs] [Times: user=0.06 sys=0.01, real=0.01 secs] 
429.520: [GC
Desired survivor size 73924608 bytes, new threshold 1 (max 15)
 [PSYoungGen: 662112K->2048K(737280K)] 1627461K->967485K(1761280K), 0.0097690 secs] [Times: user=0.06 sys=0.00, real=0.01 secs] 
429.769: [GC
Desired survivor size 69730304 bytes, new threshold 1 (max 15)
 [PSYoungGen: 662528K->608K(751104K)] 1627965K->966133K(1775104K), 0.0091720 secs] [Times: user=0.06 sys=0.00, real=0.01 secs] 
430.013: [GC
Desired survivor size 65536000 bytes, new threshold 1 (max 15)
 [PSYoungGen: 679520K->736K(747008K)] 1645045K->966325K(1771008K), 0.0099310 secs] [Times: user=0.05 sys=0.00, real=0.01 secs] 
430.266: [GC
Desired survivor size 61341696 bytes, new threshold 1 (max 15)
 [PSYoungGen: 679648K->1568K(759296K)] 1645237K->967221K(1783296K), 0.0095260 secs] [Times: user=0.06 sys=0.00, real=0.01 secs] 
430.529: [GC
Desired survivor size 57147392 bytes, new threshold 1 (max 15)
 [PSYoungGen: 696864K->1088K(755200K)] 1662517K->966829K(1779200K), 0.0099320 secs] [Times: user=0.06 sys=0.00, real=0.01 secs] 
430.794: [GC
Desired survivor size 53477376 bytes, new threshold 1 (max 15)
 [PSYoungGen: 696384K->1728K(766976K)] 1662125K->967565K(1790976K), 0.0097480 secs] [Times: user=0.05 sys=0.00, real=0.01 secs] 
431.091: [GC
Desired survivor size 49807360 bytes, new threshold 1 (max 15)
 [PSYoungGen: 712896K->1280K(763392K)] 1678733K->967205K(1787392K), 0.0097860 secs] [Times: user=0.05 sys=0.00, real=0.01 secs] 
431.386: [GC
Desired survivor size 46661632 bytes, new threshold 1 (max 15)
 [PSYoungGen: 712448K->672K(773632K)] 1678373K->966685K(1797632K), 0.0089720 secs] [Times: user=0.05 sys=0.00, real=0.01 secs] 
431.697: [GC
Desired survivor size 43515904 bytes, new threshold 1 (max 15)
 [PSYoungGen: 725664K->1568K(770560K)] 1691677K->967661K(1794560K), 0.0115330 secs] [Times: user=0.07 sys=0.00, real=0.02 secs] 
432.021: [GC
Desired survivor size 40370176 bytes, new threshold 1 (max 15)
 [PSYoungGen: 726560K->640K(779776K)] 1692653K->966821K(1803776K), 0.0096960 secs] [Times: user=0.06 sys=0.00, real=0.01 secs] 
432.356: [GC
Desired survivor size 37748736 bytes, new threshold 1 (max 15)
 [PSYoungGen: 737920K->1888K(776704K)] 1704101K->968173K(1800704K), 0.0117350 secs] [Times: user=0.06 sys=0.01, real=0.02 secs] 
432.666: [GC
Desired survivor size 35127296 bytes, new threshold 1 (max 15)
 [PSYoungGen: 739168K->1248K(784896K)] 1705453K->967629K(1808896K), 0.0103170 secs] [Times: user=0.05 sys=0.00, real=0.01 secs] 
432.966: [GC
Desired survivor size 32505856 bytes, new threshold 1 (max 15)
 [PSYoungGen: 749280K->1312K(782336K)] 1715661K->967789K(1806336K), 0.0099390 secs] [Times: user=0.05 sys=0.00, real=0.01 secs] 
433.258: [GC
Desired survivor size 29884416 bytes, new threshold 1 (max 15)
 [PSYoungGen: 749344K->2240K(790016K)] 1715821K->968813K(1814016K), 0.0116920 secs] [Times: user=0.06 sys=0.00, real=0.01 secs] 
433.641: [GC
Desired survivor size 27787264 bytes, new threshold 1 (max 15)
 [PSYoungGen: 760512K->2016K(787456K)] 1727085K->968677K(1811456K), 0.0119550 secs] [Times: user=0.07 sys=0.00, real=0.01 secs] 
434.009: [GC
Desired survivor size 25690112 bytes, new threshold 1 (max 15)
 [PSYoungGen: 760288K->1568K(794112K)] 1726949K->968317K(1818112K), 0.0126050 secs] [Times: user=0.08 sys=0.01, real=0.01 secs] 
434.349: [GC
Desired survivor size 23592960 bytes, new threshold 1 (max 15)
 [PSYoungGen: 768544K->2464K(792064K)] 1735293K->969317K(1816064K), 0.0107120 secs] [Times: user=0.06 sys=0.00, real=0.01 secs] 
434.647: [GC
Desired survivor size 22020096 bytes, new threshold 1 (max 15)
 [PSYoungGen: 769440K->928K(797696K)] 1736293K->967853K(1821696K), 0.0117880 secs] [Times: user=0.05 sys=0.00, real=0.01 secs] 
434.968: [GC
Desired survivor size 20447232 bytes, new threshold 1 (max 15)
 [PSYoungGen: 775584K->2816K(796160K)] 1742509K->969805K(1820160K), 0.0099160 secs] [Times: user=0.05 sys=0.00, real=0.01 secs] 
435.241: [GC
Desired survivor size 18874368 bytes, new threshold 1 (max 15)
 [PSYoungGen: 777472K->1120K(800768K)] 1744461K->968165K(1824768K), 0.0092770 secs] [Times: user=0.05 sys=0.00, real=0.01 secs] 
435.513: [GC
Desired survivor size 17825792 bytes, new threshold 1 (max 15)
 [PSYoungGen: 781920K->1408K(799232K)] 1748965K->968525K(1823232K), 0.0093990 secs] [Times: user=0.06 sys=0.00, real=0.01 secs] 
435.803: [GC
Desired survivor size 16777216 bytes, new threshold 1 (max 15)
 [PSYoungGen: 782208K->1024K(802816K)] 1749325K->968205K(1826816K), 0.0098990 secs] [Times: user=0.06 sys=0.00, real=0.01 secs] 
436.086: [GC
Desired survivor size 15204352 bytes, new threshold 1 (max 15)
 [PSYoungGen: 786432K->1920K(801792K)] 1753613K->969221K(1825792K), 0.0100340 secs] [Times: user=0.06 sys=0.00, real=0.01 secs] 
436.362: [GC
Desired survivor size 14155776 bytes, new threshold 1 (max 15)
 [PSYoungGen: 787328K->1984K(805376K)] 1754629K->969373K(1829376K), 0.0095940 secs] [Times: user=0.06 sys=0.00, real=0.01 secs] 
436.650: [GC
Desired survivor size 13107200 bytes, new threshold 1 (max 15)
 [PSYoungGen: 792512K->992K(804352K)] 1759901K->968445K(1828352K), 0.0411950 secs] [Times: user=0.07 sys=0.00, real=0.04 secs] 
437.037: [GC
Desired survivor size 12058624 bytes, new threshold 1 (max 15)
 [PSYoungGen: 791520K->2176K(807424K)] 1758973K->969701K(1831424K), 0.0107540 secs] [Times: user=0.06 sys=0.00, real=0.01 secs] 
437.321: [GC
Desired survivor size 11534336 bytes, new threshold 1 (max 15)
 [PSYoungGen: 796800K->2016K(806400K)] 1764325K->969629K(1830400K), 0.0102500 secs] [Times: user=0.05 sys=0.00, real=0.01 secs] 
437.594: [GC
Desired survivor size 10485760 bytes, new threshold 1 (max 15)
 [PSYoungGen: 796640K->1792K(808960K)] 1764253K->969469K(1832960K), 0.0099960 secs] [Times: user=0.06 sys=0.00, real=0.01 secs] 
437.953: [GC
Desired survivor size 9961472 bytes, new threshold 1 (max 15)
 [PSYoungGen: 799488K->832K(807936K)] 1767165K->968573K(1831936K), 0.0090810 secs] [Times: user=0.06 sys=0.00, real=0.01 secs] 
438.251: [GC
Desired survivor size 9437184 bytes, new threshold 1 (max 15)
 [PSYoungGen: 798528K->1600K(809984K)] 1766269K->969421K(1833984K), 0.0105670 secs] [Times: user=0.05 sys=0.00, real=0.01 secs] 
438.530: [GC
Desired survivor size 8912896 bytes, new threshold 1 (max 15)
 [PSYoungGen: 801856K->1024K(809472K)] 1769677K->968949K(1833472K), 0.0094180 secs] [Times: user=0.04 sys=0.00, real=0.01 secs] 
438.826: [GC
Desired survivor size 8388608 bytes, new threshold 1 (max 15)
 [PSYoungGen: 801280K->1376K(811008K)] 1769205K->969373K(1835008K), 0.0097270 secs] [Times: user=0.06 sys=0.00, real=0.01 secs] 
439.106: [GC
Desired survivor size 7864320 bytes, new threshold 1 (max 15)
 [PSYoungGen: 803680K->768K(810496K)] 1771677K->968829K(1834496K), 0.0092200 secs] [Times: user=0.05 sys=0.00, real=0.01 secs] 
439.400: [GC
Desired survivor size 7340032 bytes, new threshold 1 (max 15)
 [PSYoungGen: 803072K->1248K(812032K)] 1771133K->969405K(1836032K), 0.0102250 secs] [Times: user=0.05 sys=0.00, real=0.01 secs] 
439.746: [GC
Desired survivor size 6815744 bytes, new threshold 1 (max 15)
 [PSYoungGen: 805600K->1056K(811520K)] 1773757K->969293K(1835520K), 0.0097000 secs] [Times: user=0.05 sys=0.00, real=0.01 secs] 
440.059: [GC
Desired survivor size 6815744 bytes, new threshold 1 (max 15)
 [PSYoungGen: 805408K->576K(812544K)] 1773645K->968901K(1836544K), 0.0108960 secs] [Times: user=0.06 sys=0.00, real=0.01 secs] 
440.364: [GC
Desired survivor size 6291456 bytes, new threshold 1 (max 15)
 [PSYoungGen: 806464K->2240K(812544K)] 1774789K->970661K(1836544K), 0.0118590 secs] [Times: user=0.07 sys=0.00, real=0.01 secs] 
440.658: [GC
Desired survivor size 5767168 bytes, new threshold 1 (max 15)
 [PSYoungGen: 808128K->1472K(813568K)] 1776549K->969965K(1837568K), 0.0102180 secs] [Times: user=0.05 sys=0.00, real=0.01 secs] 
440.968: [GC
Desired survivor size 5767168 bytes, new threshold 1 (max 15)
 [PSYoungGen: 808896K->736K(813056K)] 1777389K->969301K(1837056K), 0.0088890 secs] [Times: user=0.05 sys=0.00, real=0.01 secs] 
441.277: [GC
Desired survivor size 5767168 bytes, new threshold 1 (max 15)
 [PSYoungGen: 808160K->544K(813568K)] 1776725K->969181K(1837568K), 0.0264980 secs] [Times: user=0.18 sys=0.00, real=0.03 secs] 
441.593: [GC
Desired survivor size 5242880 bytes, new threshold 1 (max 15)
 [PSYoungGen: 808480K->896K(813568K)] 1777117K->969613K(1837568K), 0.0093010 secs] [Times: user=0.05 sys=0.00, real=0.01 secs] 
441.912: [GC
Desired survivor size 5242880 bytes, new threshold 1 (max 15)
 [PSYoungGen: 808832K->1792K(814080K)] 1777549K->970557K(1838080K), 0.0101360 secs] [Times: user=0.06 sys=0.00, real=0.01 secs] 
442.204: [GC
Desired survivor size 4718592 bytes, new threshold 1 (max 15)
 [PSYoungGen: 810752K->608K(814080K)] 1779517K->969453K(1838080K), 0.0097400 secs] [Times: user=0.06 sys=0.00, real=0.01 secs] 
442.499: [GC
Desired survivor size 4718592 bytes, new threshold 1 (max 15)
 [PSYoungGen: 809568K->960K(814592K)] 1778413K->969869K(1838592K), 0.0098520 secs] [Times: user=0.06 sys=0.00, real=0.01 secs] 
442.789: [GC
Desired survivor size 4718592 bytes, new threshold 1 (max 15)
 [PSYoungGen: 810944K->2144K(814592K)] 1779853K->971109K(1838592K), 0.0103580 secs] [Times: user=0.06 sys=0.00, real=0.01 secs] 
443.060: [GC
Desired survivor size 4194304 bytes, new threshold 1 (max 15)
 [PSYoungGen: 812128K->1568K(815104K)] 1781093K->970613K(1839104K), 0.0095340 secs] [Times: user=0.05 sys=0.00, real=0.01 secs] 
443.333: [GC
Desired survivor size 4194304 bytes, new threshold 1 (max 15)
 [PSYoungGen: 812064K->704K(814592K)] 1781109K->969821K(1838592K), 0.0092410 secs] [Times: user=0.05 sys=0.00, real=0.01 secs] 
443.609: [GC
Desired survivor size 4194304 bytes, new threshold 1 (max 15)
 [PSYoungGen: 811200K->736K(815104K)] 1780317K->969925K(1839104K), 0.0093830 secs] [Times: user=0.04 sys=0.00, real=0.00 secs] 
443.888: [GC
Desired survivor size 4194304 bytes, new threshold 1 (max 15)
 [PSYoungGen: 811744K->512K(815104K)] 1780933K->969781K(1839104K), 0.0093690 secs] [Times: user=0.05 sys=0.00, real=0.01 secs] 
444.155: [GC
Desired survivor size 4194304 bytes, new threshold 1 (max 15)
 [PSYoungGen: 811520K->2720K(815104K)] 1780789K->972045K(1839104K), 0.0102730 secs] [Times: user=0.04 sys=0.00, real=0.01 secs] 
444.421: [GC
Desired survivor size 4718592 bytes, new threshold 1 (max 15)
 [PSYoungGen: 813728K->2592K(814080K)] 1783053K->971981K(1838080K), 0.0107450 secs] [Times: user=0.06 sys=0.00, real=0.01 secs] 
444.699: [GC
Desired survivor size 4194304 bytes, new threshold 1 (max 15)
 [PSYoungGen: 813600K->1856K(815104K)] 1782989K->971309K(1839104K), 0.0095430 secs] [Times: user=0.05 sys=0.00, real=0.01 secs] 
444.965: [GC
Desired survivor size 4194304 bytes, new threshold 1 (max 15)
 [PSYoungGen: 812352K->992K(814592K)] 1781805K->970517K(1838592K), 0.0092620 secs] [Times: user=0.05 sys=0.00, real=0.01 secs] 
445.245: [GC
Desired survivor size 4194304 bytes, new threshold 1 (max 15)
 [PSYoungGen: 811488K->2016K(815104K)] 1781013K->971605K(1839104K), 0.0100310 secs] [Times: user=0.06 sys=0.00, real=0.01 secs] 
445.508: [GC
Desired survivor size 4194304 bytes, new threshold 1 (max 15)
 [PSYoungGen: 813024K->1760K(815104K)] 1782613K->971413K(1839104K), 0.0099320 secs] [Times: user=0.05 sys=0.00, real=0.01 secs] 
445.790: [GC
Desired survivor size 3670016 bytes, new threshold 1 (max 15)
 [PSYoungGen: 812768K->1600K(815616K)] 1782421K->971349K(1839616K), 0.0094250 secs] [Times: user=0.06 sys=0.00, real=0.01 secs] 
446.053: [GC
Desired survivor size 4194304 bytes, new threshold 1 (max 15)
 [PSYoungGen: 813120K->2464K(815104K)] 1782869K->972285K(1839104K), 0.0101730 secs] [Times: user=0.06 sys=0.00, real=0.01 secs] 
446.328: [GC
Desired survivor size 3670016 bytes, new threshold 1 (max 15)
 [PSYoungGen: 813984K->1568K(815616K)] 1783805K->971469K(1839616K), 0.0101080 secs] [Times: user=0.06 sys=0.00, real=0.01 secs] 
446.596: [GC
Desired survivor size 4194304 bytes, new threshold 1 (max 15)
 [PSYoungGen: 813088K->3200K(815104K)] 1782989K->973165K(1839104K), 0.0111320 secs] [Times: user=0.06 sys=0.00, real=0.01 secs] 
446.879: [GC
Desired survivor size 4194304 bytes, new threshold 1 (max 15)
 [PSYoungGen: 814720K->832K(815104K)] 1784685K->970853K(1839104K), 0.0093800 secs] [Times: user=0.06 sys=0.00, real=0.01 secs] 
447.155: [GC
Desired survivor size 4194304 bytes, new threshold 1 (max 15)
 [PSYoungGen: 811840K->1568K(815104K)] 1781861K->971661K(1839104K), 0.0098320 secs] [Times: user=0.05 sys=0.00, real=0.01 secs] 
447.427: [GC
Desired survivor size 3670016 bytes, new threshold 1 (max 15)
 [PSYoungGen: 812576K->928K(815616K)] 1782669K->971093K(1839616K), 0.0095940 secs] [Times: user=0.05 sys=0.00, real=0.01 secs] 
447.708: [GC
Desired survivor size 3670016 bytes, new threshold 1 (max 15)
 [PSYoungGen: 812448K->1376K(815104K)] 1782613K->971613K(1839104K), 0.0096910 secs] [Times: user=0.07 sys=0.00, real=0.01 secs] 
447.972: [GC
Desired survivor size 3670016 bytes, new threshold 1 (max 15)
 [PSYoungGen: 812896K->1664K(815616K)] 1783133K->971957K(1839616K), 0.0096280 secs] [Times: user=0.06 sys=0.01, real=0.01 secs] 
448.239: [GC
Desired survivor size 3670016 bytes, new threshold 1 (max 15)
 [PSYoungGen: 813696K->1280K(815616K)] 1783989K->971629K(1839616K), 0.0097510 secs] [Times: user=0.05 sys=0.00, real=0.01 secs] 
448.508: [GC
Desired survivor size 3670016 bytes, new threshold 1 (max 15)
 [PSYoungGen: 813312K->2528K(815616K)] 1783661K->973357K(1839616K), 0.0100940 secs] [Times: user=0.06 sys=0.00, real=0.01 secs] 
448.774: [GC
Desired survivor size 3670016 bytes, new threshold 1 (max 15)
 [PSYoungGen: 814560K->2400K(815616K)] 1785389K->973781K(1839616K), 0.0111000 secs] [Times: user=0.05 sys=0.01, real=0.01 secs] 
449.035: [GC
Desired survivor size 3670016 bytes, new threshold 1 (max 15)
 [PSYoungGen: 814432K->1664K(815616K)] 1785813K->973237K(1839616K), 0.0095970 secs] [Times: user=0.05 sys=0.00, real=0.01 secs] 
449.314: [GC
Desired survivor size 3670016 bytes, new threshold 1 (max 15)
 [PSYoungGen: 813696K->320K(815616K)] 1785269K->971965K(1839616K), 0.0091650 secs] [Times: user=0.05 sys=0.00, real=0.01 secs] 
449.586: [GC
Desired survivor size 3670016 bytes, new threshold 1 (max 15)
 [PSYoungGen: 812352K->736K(815616K)] 1783997K->972461K(1839616K), 0.0096650 secs] [Times: user=0.06 sys=0.00, real=0.01 secs] 
449.864: [GC
Desired survivor size 3670016 bytes, new threshold 1 (max 15)
 [PSYoungGen: 812768K->832K(815616K)] 1784493K->972621K(1839616K), 0.0098360 secs] [Times: user=0.05 sys=0.00, real=0.01 secs] 
450.141: [GC
Desired survivor size 3670016 bytes, new threshold 1 (max 15)
 [PSYoungGen: 812864K->832K(815616K)] 1784653K->972693K(1839616K), 0.0093500 secs] [Times: user=0.05 sys=0.00, real=0.00 secs] 
450.413: [GC
Desired survivor size 3670016 bytes, new threshold 1 (max 15)
 [PSYoungGen: 812864K->1728K(815616K)] 1784725K->973653K(1839616K), 0.0102280 secs] [Times: user=0.06 sys=0.00, real=0.01 secs] 
450.695: [GC
Desired survivor size 3670016 bytes, new threshold 1 (max 15)
 [PSYoungGen: 813760K->2592K(815616K)] 1785685K->974581K(1839616K), 0.0111120 secs] [Times: user=0.06 sys=0.00, real=0.01 secs] 
450.959: [GC
Desired survivor size 3670016 bytes, new threshold 1 (max 15)
 [PSYoungGen: 814624K->1568K(815616K)] 1786613K->973605K(1839616K), 0.0098370 secs] [Times: user=0.05 sys=0.00, real=0.01 secs] 
451.226: [GC
Desired survivor size 3670016 bytes, new threshold 1 (max 15)
 [PSYoungGen: 813600K->2400K(815616K)] 1785637K->974501K(1839616K), 0.0099360 secs] [Times: user=0.06 sys=0.00, real=0.01 secs] 
451.508: [GC
Desired survivor size 3670016 bytes, new threshold 1 (max 15)
 [PSYoungGen: 814432K->1920K(815616K)] 1786533K->974061K(1839616K), 0.0112760 secs] [Times: user=0.06 sys=0.00, real=0.01 secs] 
451.808: [GC
Desired survivor size 3670016 bytes, new threshold 1 (max 15)
 [PSYoungGen: 813952K->960K(815616K)] 1786093K->973181K(1839616K), 0.0097170 secs] [Times: user=0.05 sys=0.00, real=0.01 secs] 
452.117: [GC
Desired survivor size 3670016 bytes, new threshold 1 (max 15)
 [PSYoungGen: 812992K->928K(815616K)] 1785213K->973213K(1839616K), 0.0116280 secs] [Times: user=0.06 sys=0.01, real=0.01 secs] 
452.386: [GC
Desired survivor size 3670016 bytes, new threshold 1 (max 15)
 [PSYoungGen: 812960K->992K(815616K)] 1785245K->973349K(1839616K), 0.0093750 secs] [Times: user=0.06 sys=0.00, real=0.01 secs] 
452.664: [GC
Desired survivor size 3670016 bytes, new threshold 1 (max 15)
 [PSYoungGen: 813024K->2336K(815616K)] 1785381K->974757K(1839616K), 0.0137290 secs] [Times: user=0.06 sys=0.00, real=0.01 secs] 
452.950: [GC
Desired survivor size 3670016 bytes, new threshold 1 (max 15)
 [PSYoungGen: 814368K->1824K(815616K)] 1786789K->974309K(1839616K), 0.0112610 secs] [Times: user=0.05 sys=0.00, real=0.02 secs] 
453.217: [GC
Desired survivor size 3670016 bytes, new threshold 1 (max 15)
 [PSYoungGen: 813856K->1856K(815616K)] 1786341K->974397K(1839616K), 0.0105170 secs] [Times: user=0.06 sys=0.01, real=0.01 secs] 
453.480: [GC
Desired survivor size 3670016 bytes, new threshold 1 (max 15)
 [PSYoungGen: 813888K->1856K(815616K)] 1786429K->974445K(1839616K), 0.0101200 secs] [Times: user=0.06 sys=0.00, real=0.01 secs] 
453.748: [GC
Desired survivor size 3670016 bytes, new threshold 1 (max 15)
 [PSYoungGen: 813888K->2848K(815616K)] 1786477K->975485K(1839616K), 0.0106440 secs] [Times: user=0.06 sys=0.00, real=0.01 secs] 
454.009: [GC
Desired survivor size 3670016 bytes, new threshold 1 (max 15)
 [PSYoungGen: 814880K->992K(815616K)] 1787517K->973669K(1839616K), 0.0095080 secs] [Times: user=0.05 sys=0.00, real=0.01 secs] 
454.276: [GC
Desired survivor size 4194304 bytes, new threshold 1 (max 15)
 [PSYoungGen: 813024K->2784K(815104K)] 1785701K->975525K(1839104K), 0.0103350 secs] [Times: user=0.06 sys=0.00, real=0.01 secs] 
454.545: [GC
Desired survivor size 3670016 bytes, new threshold 1 (max 15)
 [PSYoungGen: 814816K->1408K(815616K)] 1787557K->974213K(1839616K), 0.0097060 secs] [Times: user=0.05 sys=0.01, real=0.01 secs] 
454.818: [GC
Desired survivor size 3670016 bytes, new threshold 1 (max 15)
 [PSYoungGen: 812928K->1216K(815104K)] 1785733K->974093K(1839104K), 0.0097730 secs] [Times: user=0.04 sys=0.00, real=0.01 secs] 
455.083: [GC
Desired survivor size 3670016 bytes, new threshold 1 (max 15)
 [PSYoungGen: 812736K->2624K(815616K)] 1785613K->975541K(1839616K), 0.0103280 secs] [Times: user=0.05 sys=0.00, real=0.01 secs] 
455.345: [GC
Desired survivor size 3670016 bytes, new threshold 1 (max 15)
 [PSYoungGen: 814656K->1216K(815616K)] 1787573K->974173K(1839616K), 0.0094260 secs] [Times: user=0.05 sys=0.00, real=0.01 secs] 
455.607: [GC
Desired survivor size 4718592 bytes, new threshold 1 (max 15)
 [PSYoungGen: 813248K->3584K(813568K)] 1786205K->976829K(1837568K), 0.0107630 secs] [Times: user=0.07 sys=0.01, real=0.01 secs] 
455.877: [GC
Desired survivor size 4194304 bytes, new threshold 1 (max 15)
 [PSYoungGen: 813568K->1312K(814592K)] 1786813K->976269K(1838592K), 0.0106270 secs] [Times: user=0.05 sys=0.00, real=0.01 secs] 
456.137: [GC
Desired survivor size 4194304 bytes, new threshold 1 (max 15)
 [PSYoungGen: 811296K->2336K(815104K)] 1786253K->978197K(1839104K), 0.0106110 secs] [Times: user=0.07 sys=0.00, real=0.01 secs] 
456.399: [GC
Desired survivor size 4194304 bytes, new threshold 1 (max 15)
 [PSYoungGen: 813344K->2752K(815104K)] 1789205K->979325K(1839104K), 0.0110500 secs] [Times: user=0.06 sys=0.00, real=0.01 secs] 
456.666: [GC
Desired survivor size 4194304 bytes, new threshold 1 (max 15)
 [PSYoungGen: 813760K->1280K(815104K)] 1790333K->977901K(1839104K), 0.0119410 secs] [Times: user=0.05 sys=0.00, real=0.01 secs] 
456.941: [GC
Desired survivor size 4194304 bytes, new threshold 1 (max 15)
 [PSYoungGen: 812288K->864K(815104K)] 1788909K->977533K(1839104K), 0.0096750 secs] [Times: user=0.06 sys=0.00, real=0.01 secs] 
457.213: [GC
Desired survivor size 4718592 bytes, new threshold 1 (max 15)
 [PSYoungGen: 811872K->3040K(814080K)] 1788541K->979789K(1838080K), 0.0108830 secs] [Times: user=0.06 sys=0.00, real=0.01 secs] 
457.484: [GC
Desired survivor size 4194304 bytes, new threshold 1 (max 15)
 [PSYoungGen: 813024K->1568K(814592K)] 1789773K->978377K(1838592K), 0.0096620 secs] [Times: user=0.05 sys=0.00, real=0.01 secs] 
457.761: [GC
Desired survivor size 4194304 bytes, new threshold 1 (max 15)
 [PSYoungGen: 811552K->1120K(815104K)] 1788361K->978001K(1839104K), 0.0101900 secs] [Times: user=0.05 sys=0.01, real=0.01 secs] 
458.028: [GC
Desired survivor size 4194304 bytes, new threshold 1 (max 15)
 [PSYoungGen: 812128K->2624K(815104K)] 1789009K->979561K(1839104K), 0.0111060 secs] [Times: user=0.05 sys=0.00, real=0.01 secs] 
458.299: [GC
Desired survivor size 4194304 bytes, new threshold 1 (max 15)
 [PSYoungGen: 813632K->1376K(815104K)] 1790569K->978353K(1839104K), 0.0094230 secs] [Times: user=0.06 sys=0.00, real=0.01 secs] 
458.560: [GC
Desired survivor size 4194304 bytes, new threshold 1 (max 15)
 [PSYoungGen: 812384K->1280K(815104K)] 1789361K->978313K(1839104K), 0.0100600 secs] [Times: user=0.06 sys=0.00, real=0.01 secs] 
458.841: [GC
Desired survivor size 4194304 bytes, new threshold 1 (max 15)
 [PSYoungGen: 812288K->2720K(815104K)] 1789321K->979809K(1839104K), 0.0100910 secs] [Times: user=0.05 sys=0.00, real=0.01 secs] 
459.107: [GC
Desired survivor size 4194304 bytes, new threshold 1 (max 15)
 [PSYoungGen: 813728K->2624K(815104K)] 1790817K->979753K(1839104K), 0.0100360 secs] [Times: user=0.06 sys=0.00, real=0.01 secs] 
459.371: [GC
Desired survivor size 4194304 bytes, new threshold 1 (max 15)
 [PSYoungGen: 813632K->2016K(815104K)] 1790761K->979201K(1839104K), 0.0108280 secs] [Times: user=0.06 sys=0.00, real=0.01 secs] 
459.643: [GC
Desired survivor size 4194304 bytes, new threshold 1 (max 15)
 [PSYoungGen: 813024K->2592K(815104K)] 1790209K->979837K(1839104K), 0.0103720 secs] [Times: user=0.06 sys=0.00, real=0.01 secs] 
459.927: [GC
Desired survivor size 4194304 bytes, new threshold 1 (max 15)
 [PSYoungGen: 813600K->1600K(815104K)] 1790845K->978909K(1839104K), 0.0100210 secs] [Times: user=0.05 sys=0.00, real=0.01 secs] 
460.190: [GC
Desired survivor size 4194304 bytes, new threshold 1 (max 15)
 [PSYoungGen: 812608K->2592K(815104K)] 1789917K->979949K(1839104K), 0.0103520 secs] [Times: user=0.06 sys=0.00, real=0.01 secs] 
460.462: [GC
Desired survivor size 4194304 bytes, new threshold 1 (max 15)
 [PSYoungGen: 813600K->704K(815104K)] 1790957K->978101K(1839104K), 0.0092820 secs] [Times: user=0.04 sys=0.01, real=0.00 secs] 
460.755: [GC
Desired survivor size 4718592 bytes, new threshold 1 (max 15)
 [PSYoungGen: 811712K->3968K(815104K)] 1789109K->981405K(1839104K), 0.0117230 secs] [Times: user=0.06 sys=0.00, real=0.01 secs] 
461.020: [GC
Desired survivor size 4718592 bytes, new threshold 1 (max 15)
 [PSYoungGen: 814976K->1088K(814080K)] 1792413K->978581K(1838080K), 0.0099150 secs] [Times: user=0.06 sys=0.00, real=0.01 secs] 
461.285: [GC
Desired survivor size 4718592 bytes, new threshold 1 (max 15)
 [PSYoungGen: 811072K->1600K(814592K)] 1788565K->979173K(1838592K), 0.0097860 secs] [Times: user=0.06 sys=0.01, real=0.01 secs] 
461.553: [GC
Desired survivor size 4718592 bytes, new threshold 1 (max 15)
 [PSYoungGen: 811584K->2624K(814592K)] 1789157K->980237K(1838592K), 0.0105730 secs] [Times: user=0.06 sys=0.00, real=0.01 secs] 
461.832: [GC
Desired survivor size 4718592 bytes, new threshold 1 (max 15)
 [PSYoungGen: 812608K->576K(814592K)] 1790221K->978261K(1838592K), 0.0097750 secs] [Times: user=0.06 sys=0.00, real=0.01 secs] 
462.095: [GC
Desired survivor size 4194304 bytes, new threshold 1 (max 15)
 [PSYoungGen: 810560K->1504K(815104K)] 1788245K->979245K(1839104K), 0.0095590 secs] [Times: user=0.04 sys=0.00, real=0.01 secs] 
462.358: [GC
Desired survivor size 4194304 bytes, new threshold 1 (max 15)
 [PSYoungGen: 812000K->1152K(814592K)] 1789741K->978949K(1838592K), 0.0106330 secs] [Times: user=0.05 sys=0.00, real=0.01 secs] 
462.620: [GC
Desired survivor size 4194304 bytes, new threshold 1 (max 15)
 [PSYoungGen: 811648K->576K(815104K)] 1789445K->978421K(1839104K), 0.0099340 secs] [Times: user=0.05 sys=0.00, real=0.01 secs] 
462.898: [GC
Desired survivor size 4194304 bytes, new threshold 1 (max 15)
 [PSYoungGen: 811584K->864K(815104K)] 1789429K->978749K(1839104K), 0.0095870 secs] [Times: user=0.04 sys=0.00, real=0.01 secs] 
463.167: [GC
Desired survivor size 4194304 bytes, new threshold 1 (max 15)
 [PSYoungGen: 811872K->1920K(815104K)] 1789757K->979853K(1839104K), 0.0100810 secs] [Times: user=0.05 sys=0.01, real=0.01 secs] 
463.428: [GC
Desired survivor size 4194304 bytes, new threshold 1 (max 15)
 [PSYoungGen: 812928K->2208K(815104K)] 1790861K->980213K(1839104K), 0.0101820 secs] [Times: user=0.06 sys=0.00, real=0.01 secs] 
463.707: [GC
Desired survivor size 4194304 bytes, new threshold 1 (max 15)
 [PSYoungGen: 813216K->1472K(815104K)] 1791221K->979541K(1839104K), 0.0100490 secs] [Times: user=0.05 sys=0.00, real=0.01 secs] 
463.971: [GC
Desired survivor size 3670016 bytes, new threshold 1 (max 15)
 [PSYoungGen: 812480K->704K(815104K)] 1790549K->978813K(1839104K), 0.0092400 secs] [Times: user=0.05 sys=0.00, real=0.01 secs] 
464.236: [GC
Desired survivor size 3670016 bytes, new threshold 1 (max 15)
 [PSYoungGen: 811712K->1984K(815616K)] 1789821K->980157K(1839616K), 0.0096290 secs] [Times: user=0.05 sys=0.00, real=0.01 secs] 
464.505: [GC
Desired survivor size 3670016 bytes, new threshold 1 (max 15)
 [PSYoungGen: 814016K->2208K(815616K)] 1792189K->980421K(1839616K), 0.0105910 secs] [Times: user=0.06 sys=0.01, real=0.01 secs] 
464.787: [GC
Desired survivor size 4194304 bytes, new threshold 1 (max 15)
 [PSYoungGen: 814240K->2304K(814592K)] 1792453K->980573K(1838592K), 0.0104020 secs] [Times: user=0.06 sys=0.01, real=0.01 secs] 
465.050: [GC
Desired survivor size 4194304 bytes, new threshold 1 (max 15)
 [PSYoungGen: 813312K->2464K(815104K)] 1791581K->980797K(1839104K), 0.0101470 secs] [Times: user=0.05 sys=0.00, real=0.01 secs] 
465.323: [GC
Desired survivor size 3670016 bytes, new threshold 1 (max 15)
 [PSYoungGen: 813472K->1952K(815616K)] 1791805K->980357K(1839616K), 0.0100360 secs] [Times: user=0.06 sys=0.00, real=0.01 secs] 
465.582: [GC
Desired survivor size 4194304 bytes, new threshold 1 (max 15)
 [PSYoungGen: 813472K->3168K(815104K)] 1791877K->981637K(1839104K), 0.0103780 secs] [Times: user=0.06 sys=0.00, real=0.01 secs] 
465.851: [GC
Desired survivor size 4194304 bytes, new threshold 1 (max 15)
 [PSYoungGen: 814688K->2144K(815104K)] 1793157K->980669K(1839104K), 0.0104000 secs] [Times: user=0.05 sys=0.00, real=0.01 secs] 
466.109: [GC
Desired survivor size 4194304 bytes, new threshold 1 (max 15)
 [PSYoungGen: 813152K->1344K(815104K)] 1791677K->980141K(1839104K), 0.0096320 secs] [Times: user=0.06 sys=0.00, real=0.01 secs] 
466.372: [GC
Desired survivor size 4194304 bytes, new threshold 1 (max 15)
 [PSYoungGen: 812352K->1408K(815104K)] 1791149K->981029K(1839104K), 0.0103700 secs] [Times: user=0.06 sys=0.00, real=0.01 secs] 
466.641: [GC
Desired survivor size 4194304 bytes, new threshold 1 (max 15)
 [PSYoungGen: 812416K->2592K(815104K)] 1792037K->982309K(1839104K), 0.0101180 secs] [Times: user=0.06 sys=0.00, real=0.01 secs] 
466.917: [GC
Desired survivor size 4194304 bytes, new threshold 1 (max 15)
 [PSYoungGen: 813600K->3104K(815104K)] 1793317K->982861K(1839104K), 0.0109410 secs] [Times: user=0.06 sys=0.00, real=0.01 secs] 
467.179: [GC
Desired survivor size 4718592 bytes, new threshold 1 (max 15)
 [PSYoungGen: 814112K->3264K(814592K)] 1793869K->983085K(1838592K), 0.0104830 secs] [Times: user=0.07 sys=0.00, real=0.01 secs] 
467.439: [GC
Desired survivor size 4718592 bytes, new threshold 1 (max 15)
 [PSYoungGen: 814272K->1024K(814592K)] 1794093K->980909K(1838592K), 0.0097260 secs] [Times: user=0.05 sys=0.00, real=0.01 secs] 
467.720: [GC
Desired survivor size 4194304 bytes, new threshold 1 (max 15)
 [PSYoungGen: 811008K->1696K(814592K)] 1790893K->981629K(1838592K), 0.0102280 secs] [Times: user=0.05 sys=0.00, real=0.01 secs] 
467.986: [GC
Desired survivor size 4194304 bytes, new threshold 1 (max 15)
 [PSYoungGen: 811680K->1664K(815104K)] 1791613K->981661K(1839104K), 0.0098700 secs] [Times: user=0.05 sys=0.00, real=0.01 secs] 
468.242: [GC
Desired survivor size 4194304 bytes, new threshold 1 (max 15)
 [PSYoungGen: 812672K->2656K(815104K)] 1792669K->982701K(1839104K), 0.0107150 secs] [Times: user=0.05 sys=0.00, real=0.01 secs] 
468.507: [GC
Desired survivor size 4194304 bytes, new threshold 1 (max 15)
 [PSYoungGen: 813664K->1184K(815104K)] 1793709K->981269K(1839104K), 0.0096520 secs] [Times: user=0.05 sys=0.00, real=0.01 secs] 
468.783: [GC
Desired survivor size 4194304 bytes, new threshold 1 (max 15)
 [PSYoungGen: 812192K->1024K(815104K)] 1792277K->981149K(1839104K), 0.0100380 secs] [Times: user=0.06 sys=0.00, real=0.01 secs] 
469.045: [GC
Desired survivor size 4194304 bytes, new threshold 1 (max 15)
 [PSYoungGen: 812032K->1120K(815104K)] 1792157K->981293K(1839104K), 0.0092780 secs] [Times: user=0.06 sys=0.00, real=0.01 secs] 
469.312: [GC
Desired survivor size 4194304 bytes, new threshold 1 (max 15)
 [PSYoungGen: 812128K->1184K(815104K)] 1792301K->981397K(1839104K), 0.0095130 secs] [Times: user=0.06 sys=0.00, real=0.01 secs] 
469.587: [GC
Desired survivor size 4194304 bytes, new threshold 1 (max 15)
 [PSYoungGen: 812192K->1152K(815104K)] 1792405K->981413K(1839104K), 0.0095800 secs] [Times: user=0.06 sys=0.00, real=0.01 secs] 
469.862: [GC
Desired survivor size 3670016 bytes, new threshold 1 (max 15)
 [PSYoungGen: 812160K->1600K(815104K)] 1792421K->981909K(1839104K), 0.0099930 secs] [Times: user=0.05 sys=0.00, real=0.01 secs] 
470.122: [GC
Desired survivor size 3670016 bytes, new threshold 1 (max 15)
 [PSYoungGen: 812608K->1184K(815616K)] 1792917K->981557K(1839616K), 0.0127600 secs] [Times: user=0.07 sys=0.00, real=0.02 secs] 
470.388: [GC
Desired survivor size 3670016 bytes, new threshold 1 (max 15)
 [PSYoungGen: 813216K->800K(815616K)] 1793589K->981221K(1839616K), 0.0094630 secs] [Times: user=0.06 sys=0.00, real=0.01 secs] 
470.653: [GC
Desired survivor size 3670016 bytes, new threshold 1 (max 15)
 [PSYoungGen: 812832K->2720K(815616K)] 1793253K->983205K(1839616K), 0.0105140 secs] [Times: user=0.07 sys=0.00, real=0.01 secs] 
470.923: [GC
Desired survivor size 3670016 bytes, new threshold 1 (max 15)
 [PSYoungGen: 814752K->1760K(815616K)] 1795237K->982301K(1839616K), 0.0099150 secs] [Times: user=0.05 sys=0.00, real=0.01 secs] 
471.194: [GC
Desired survivor size 4194304 bytes, new threshold 1 (max 15)
 [PSYoungGen: 813792K->2816K(814592K)] 1794333K->983413K(1838592K), 0.0106730 secs] [Times: user=0.07 sys=0.00, real=0.02 secs] 
471.450: [GC
Desired survivor size 3670016 bytes, new threshold 1 (max 15)
 [PSYoungGen: 813824K->1856K(815104K)] 1794421K->982501K(1839104K), 0.0102460 secs] [Times: user=0.05 sys=0.00, real=0.01 secs] 
471.732: [GC
Desired survivor size 3670016 bytes, new threshold 1 (max 15)
 [PSYoungGen: 812864K->1280K(815616K)] 1793509K->981981K(1839616K), 0.0099960 secs] [Times: user=0.06 sys=0.00, real=0.01 secs] 
472.031: [GC
Desired survivor size 4194304 bytes, new threshold 1 (max 15)
 [PSYoungGen: 813312K->2912K(815104K)] 1794013K->983677K(1839104K), 0.0107480 secs] [Times: user=0.06 sys=0.00, real=0.01 secs] 
472.304: [GC
Desired survivor size 3670016 bytes, new threshold 1 (max 15)
 [PSYoungGen: 814944K->1408K(815616K)] 1795709K->982213K(1839616K), 0.0093820 secs] [Times: user=0.06 sys=0.00, real=0.01 secs] 
472.581: [GC
Desired survivor size 3670016 bytes, new threshold 1 (max 15)
 [PSYoungGen: 812928K->1792K(815104K)] 1793733K->982677K(1839104K), 0.0101620 secs] [Times: user=0.06 sys=0.01, real=0.01 secs] 
472.865: [GC
Desired survivor size 3670016 bytes, new threshold 1 (max 15)
 [PSYoungGen: 813312K->1344K(815616K)] 1794197K->982261K(1839616K), 0.0101130 secs] [Times: user=0.05 sys=0.01, real=0.01 secs] 
473.120: [GC
Desired survivor size 3670016 bytes, new threshold 1 (max 15)
 [PSYoungGen: 813376K->1536K(815616K)] 1794293K->982493K(1839616K), 0.0103850 secs] [Times: user=0.06 sys=0.00, real=0.01 secs] 
473.373: [GC
Desired survivor size 3670016 bytes, new threshold 1 (max 15)
 [PSYoungGen: 813568K->2592K(815616K)] 1794525K->983605K(1839616K), 0.0105620 secs] [Times: user=0.07 sys=0.00, real=0.01 secs] 
473.644: [GC
Desired survivor size 3670016 bytes, new threshold 1 (max 15)
 [PSYoungGen: 814624K->1696K(815616K)] 1795637K->982757K(1839616K), 0.0100280 secs] [Times: user=0.06 sys=0.00, real=0.02 secs] 
473.921: [GC
Desired survivor size 3670016 bytes, new threshold 1 (max 15)
 [PSYoungGen: 813728K->1248K(815616K)] 1794789K->982365K(1839616K), 0.0100890 secs] [Times: user=0.05 sys=0.00, real=0.01 secs] 
474.185: [GC
Desired survivor size 3670016 bytes, new threshold 1 (max 15)
 [PSYoungGen: 813280K->1888K(815616K)] 1794397K->983077K(1839616K), 0.0101700 secs] [Times: user=0.06 sys=0.00, real=0.01 secs] 
474.452: [GC
Desired survivor size 3670016 bytes, new threshold 1 (max 15)
 [PSYoungGen: 813920K->736K(815616K)] 1795109K->981981K(1839616K), 0.0094690 secs] [Times: user=0.05 sys=0.00, real=0.01 secs] 
474.728: [GC
Desired survivor size 3670016 bytes, new threshold 1 (max 15)
 [PSYoungGen: 812768K->992K(815616K)] 1794013K->982293K(1839616K), 0.0099400 secs] [Times: user=0.05 sys=0.00, real=0.01 secs] 
474.989: [GC
Desired survivor size 3670016 bytes, new threshold 1 (max 15)
 [PSYoungGen: 813024K->896K(815616K)] 1794325K->982261K(1839616K), 0.0094930 secs] [Times: user=0.06 sys=0.00, real=0.01 secs] 
475.253: [GC
Desired survivor size 3670016 bytes, new threshold 1 (max 15)
 [PSYoungGen: 812928K->2880K(815616K)] 1794293K->984293K(1839616K), 0.0100820 secs] [Times: user=0.06 sys=0.00, real=0.01 secs] 
475.515: [GC
Desired survivor size 3670016 bytes, new threshold 1 (max 15)
 [PSYoungGen: 814912K->1632K(815616K)] 1796325K->983077K(1839616K), 0.0097390 secs] [Times: user=0.05 sys=0.00, real=0.01 secs] 
475.793: [GC
Desired survivor size 3670016 bytes, new threshold 1 (max 15)
 [PSYoungGen: 813664K->1600K(815616K)] 1795109K->983109K(1839616K), 0.0102140 secs] [Times: user=0.06 sys=0.00, real=0.01 secs] 
476.053: [GC
Desired survivor size 3145728 bytes, new threshold 1 (max 15)
 [PSYoungGen: 813632K->1152K(816128K)] 1795141K->982717K(1840128K), 0.0096240 secs] [Times: user=0.05 sys=0.00, real=0.01 secs] 
476.320: [GC
Desired survivor size 3145728 bytes, new threshold 1 (max 15)
 [PSYoungGen: 813696K->1728K(815616K)] 1795261K->983341K(1839616K), 0.0099870 secs] [Times: user=0.05 sys=0.00, real=0.01 secs] 
476.582: [GC
Desired survivor size 3145728 bytes, new threshold 1 (max 15)
 [PSYoungGen: 814272K->928K(816128K)] 1795885K->982589K(1840128K), 0.0094940 secs] [Times: user=0.05 sys=0.00, real=0.01 secs] 
476.859: [GC
Desired survivor size 3145728 bytes, new threshold 1 (max 15)
 [PSYoungGen: 813984K->1440K(816128K)] 1795645K->983293K(1840128K), 0.0098710 secs] [Times: user=0.05 sys=0.00, real=0.01 secs] 
477.133: [GC
Desired survivor size 3145728 bytes, new threshold 1 (max 15)
 [PSYoungGen: 814496K->2432K(816128K)] 1796349K->984837K(1840128K), 0.0111500 secs] [Times: user=0.06 sys=0.00, real=0.01 secs] 
477.398: [GC
Desired survivor size 3670016 bytes, new threshold 1 (max 15)
 [PSYoungGen: 815488K->2208K(815616K)] 1797893K->984661K(1839616K), 0.0104760 secs] [Times: user=0.06 sys=0.00, real=0.01 secs] 
477.661: [GC
Desired survivor size 3670016 bytes, new threshold 1 (max 15)
 [PSYoungGen: 815264K->2880K(815616K)] 1797717K->985397K(1839616K), 0.0110570 secs] [Times: user=0.06 sys=0.01, real=0.01 secs] 
477.940: [GC
Desired survivor size 3670016 bytes, new threshold 1 (max 15)
 [PSYoungGen: 814912K->768K(815616K)] 1797429K->983333K(1839616K), 0.0094580 secs] [Times: user=0.05 sys=0.00, real=0.01 secs] 
478.203: [GC
Desired survivor size 4194304 bytes, new threshold 1 (max 15)
 [PSYoungGen: 812800K->3360K(814592K)] 1795365K->985981K(1838592K), 0.0107790 secs] [Times: user=0.05 sys=0.00, real=0.01 secs] 
478.463: [GC
Desired survivor size 4194304 bytes, new threshold 1 (max 15)
 [PSYoungGen: 814368K->832K(815104K)] 1796989K->983517K(1839104K), 0.0094640 secs] [Times: user=0.05 sys=0.00, real=0.01 secs] 
478.746: [GC
Desired survivor size 4194304 bytes, new threshold 1 (max 15)
 [PSYoungGen: 811840K->1984K(815104K)] 1794525K->984709K(1839104K), 0.0105520 secs] [Times: user=0.06 sys=0.00, real=0.01 secs] 
479.007: [GC
Desired survivor size 4194304 bytes, new threshold 1 (max 15)
 [PSYoungGen: 812992K->1984K(815104K)] 1795717K->984757K(1839104K), 0.0101640 secs] [Times: user=0.05 sys=0.00, real=0.01 secs] 
479.332: [GC
Desired survivor size 4194304 bytes, new threshold 1 (max 15)
 [PSYoungGen: 812992K->2336K(815104K)] 1795765K->985173K(1839104K), 0.0116460 secs] [Times: user=0.06 sys=0.01, real=0.01 secs] 
479.716: [GC
Desired survivor size 3670016 bytes, new threshold 1 (max 15)
 [PSYoungGen: 813344K->2240K(815104K)] 1796181K->985117K(1839104K), 0.0108770 secs] [Times: user=0.06 sys=0.01, real=0.01 secs] 
479.986: [GC
Desired survivor size 3670016 bytes, new threshold 1 (max 15)
 [PSYoungGen: 813248K->1376K(815616K)] 1796125K->984325K(1839616K), 0.0097250 secs] [Times: user=0.05 sys=0.00, real=0.01 secs] 
480.261: [GC
Desired survivor size 3670016 bytes, new threshold 1 (max 15)
 [PSYoungGen: 813408K->1600K(815616K)] 1796357K->984613K(1839616K), 0.0099700 secs] [Times: user=0.06 sys=0.00, real=0.01 secs] 
480.534: [GC
Desired survivor size 3670016 bytes, new threshold 1 (max 15)
 [PSYoungGen: 813632K->1504K(815616K)] 1796645K->984565K(1839616K), 0.0611670 secs] [Times: user=0.06 sys=0.00, real=0.07 secs] 
480.901: [GC
Desired survivor size 3670016 bytes, new threshold 1 (max 15)
 [PSYoungGen: 813536K->1792K(815616K)] 1796597K->984901K(1839616K), 0.0099680 secs] [Times: user=0.05 sys=0.00, real=0.01 secs] 
481.168: [GC
Desired survivor size 3145728 bytes, new threshold 1 (max 15)
 [PSYoungGen: 813824K->1664K(816128K)] 1796933K->984821K(1840128K), 0.0103170 secs] [Times: user=0.06 sys=0.00, real=0.01 secs] 
481.439: [GC
Desired survivor size 3145728 bytes, new threshold 1 (max 15)
 [PSYoungGen: 814208K->1056K(815616K)] 1797365K->984269K(1839616K), 0.0101030 secs] [Times: user=0.05 sys=0.00, real=0.01 secs] 
481.711: [GC
Desired survivor size 3670016 bytes, new threshold 1 (max 15)
 [PSYoungGen: 813600K->2592K(815104K)] 1796813K->985845K(1839104K), 0.0108320 secs] [Times: user=0.06 sys=0.00, real=0.01 secs] 
481.978: [GC
Desired survivor size 3670016 bytes, new threshold 1 (max 15)
 [PSYoungGen: 814624K->1920K(815616K)] 1797877K->985229K(1839616K), 0.0101340 secs] [Times: user=0.06 sys=0.00, real=0.01 secs] 
482.249: [GC
Desired survivor size 3670016 bytes, new threshold 1 (max 15)
 [PSYoungGen: 813952K->608K(815616K)] 1797261K->983973K(1839616K), 0.0095370 secs] [Times: user=0.05 sys=0.00, real=0.01 secs] 
482.511: [GC
Desired survivor size 3145728 bytes, new threshold 1 (max 15)
 [PSYoungGen: 812640K->1728K(815616K)] 1796005K->985133K(1839616K), 0.0100040 secs] [Times: user=0.06 sys=0.00, real=0.01 secs] 
482.782: [GC
Desired survivor size 3145728 bytes, new threshold 1 (max 15)
 [PSYoungGen: 813760K->1280K(816128K)] 1797165K->984733K(1840128K), 0.0098600 secs] [Times: user=0.06 sys=0.00, real=0.01 secs] 
483.048: [GC
Desired survivor size 3145728 bytes, new threshold 1 (max 15)
 [PSYoungGen: 814336K->1600K(816128K)] 1797789K->985109K(1840128K), 0.0096110 secs] [Times: user=0.05 sys=0.00, real=0.01 secs] 
483.308: [GC
Desired survivor size 3145728 bytes, new threshold 1 (max 15)
 [PSYoungGen: 814656K->2112K(816128K)] 1798165K->985661K(1840128K), 0.0104210 secs] [Times: user=0.05 sys=0.00, real=0.01 secs] 
483.576: [GC
Desired survivor size 3145728 bytes, new threshold 1 (max 15)
 [PSYoungGen: 815168K->2048K(816128K)] 1798717K->985661K(1840128K), 0.0118400 secs] [Times: user=0.07 sys=0.00, real=0.01 secs] 
483.850: [GC
Desired survivor size 3145728 bytes, new threshold 1 (max 15)
 [PSYoungGen: 815104K->1696K(816128K)] 1798717K->985349K(1840128K), 0.0102030 secs] [Times: user=0.05 sys=0.00, real=0.01 secs] 
484.116: [GC
Desired survivor size 3145728 bytes, new threshold 1 (max 15)
 [PSYoungGen: 814752K->2016K(816128K)] 1798405K->985717K(1840128K), 0.0104720 secs] [Times: user=0.06 sys=0.00, real=0.02 secs] 
484.379: [GC
Desired survivor size 3145728 bytes, new threshold 1 (max 15)
 [PSYoungGen: 815072K->2496K(816128K)] 1798773K->986261K(1840128K), 0.0111810 secs] [Times: user=0.06 sys=0.00, real=0.01 secs] 
484.647: [GC
Desired survivor size 3145728 bytes, new threshold 1 (max 15)
 [PSYoungGen: 815552K->1728K(816128K)] 1799317K->985549K(1840128K), 0.0102170 secs] [Times: user=0.07 sys=0.00, real=0.01 secs] 
484.924: [GC
Desired survivor size 3145728 bytes, new threshold 1 (max 15)
 [PSYoungGen: 814784K->320K(816128K)] 1798605K->984205K(1840128K), 0.0089670 secs] [Times: user=0.06 sys=0.00, real=0.01 secs] 
485.189: [GC
Desired survivor size 3670016 bytes, new threshold 1 (max 15)
 [PSYoungGen: 813376K->2976K(816128K)] 1797261K->986893K(1840128K), 0.0110350 secs] [Times: user=0.05 sys=0.01, real=0.01 secs] 
485.448: [GC
Desired survivor size 4194304 bytes, new threshold 1 (max 15)
 [PSYoungGen: 816032K->2976K(814080K)] 1799949K->986949K(1838080K), 0.0107360 secs] [Times: user=0.06 sys=0.00, real=0.01 secs] 
485.719: [GC
Desired survivor size 4194304 bytes, new threshold 1 (max 15)
 [PSYoungGen: 813984K->608K(815104K)] 1797957K->984637K(1839104K), 0.0096660 secs] [Times: user=0.06 sys=0.00, real=0.01 secs] 
485.979: [GC
Desired survivor size 3670016 bytes, new threshold 1 (max 15)
 [PSYoungGen: 811616K->1568K(815616K)] 1795645K->985629K(1839616K), 0.0097190 secs] [Times: user=0.05 sys=0.01, real=0.01 secs] 
486.256: [GC
Desired survivor size 3670016 bytes, new threshold 1 (max 15)
 [PSYoungGen: 813088K->1568K(815104K)] 1797149K->985685K(1839104K), 0.0099380 secs] [Times: user=0.07 sys=0.00, real=0.01 secs] 
486.520: [GC
Desired survivor size 3670016 bytes, new threshold 1 (max 15)
 [PSYoungGen: 813088K->1280K(815616K)] 1797205K->985461K(1839616K), 0.0098910 secs] [Times: user=0.06 sys=0.00, real=0.01 secs] 
486.806: [GC
Desired survivor size 3670016 bytes, new threshold 1 (max 15)
 [PSYoungGen: 813312K->1472K(815616K)] 1797493K->985693K(1839616K), 0.0100170 secs] [Times: user=0.05 sys=0.00, real=0.01 secs] 
487.072: [GC
Desired survivor size 3145728 bytes, new threshold 1 (max 15)
 [PSYoungGen: 813504K->1664K(816128K)] 1797725K->985933K(1840128K), 0.0105180 secs] [Times: user=0.06 sys=0.00, real=0.01 secs] 
487.344: [GC
Desired survivor size 3670016 bytes, new threshold 1 (max 15)
 [PSYoungGen: 814208K->512K(815616K)] 1798477K->984837K(1839616K), 0.0090540 secs] [Times: user=0.06 sys=0.00, real=0.01 secs] 
487.607: [GC
Desired survivor size 3670016 bytes, new threshold 1 (max 15)
 [PSYoungGen: 813056K->2432K(815616K)] 1797381K->986829K(1839616K), 0.0101040 secs] [Times: user=0.06 sys=0.00, real=0.01 secs] 
487.885: [GC
Desired survivor size 3670016 bytes, new threshold 1 (max 15)
 [PSYoungGen: 814464K->2720K(815616K)] 1798861K->987165K(1839616K), 0.0106540 secs] [Times: user=0.07 sys=0.00, real=0.01 secs] 
488.156: [GC
Desired survivor size 3670016 bytes, new threshold 1 (max 15)
 [PSYoungGen: 814752K->1472K(815616K)] 1799197K->985957K(1839616K), 0.0097490 secs] [Times: user=0.04 sys=0.01, real=0.01 secs] 
488.417: [GC
Desired survivor size 3670016 bytes, new threshold 1 (max 15)
 [PSYoungGen: 813504K->1760K(815616K)] 1797989K->986293K(1839616K), 0.0100140 secs] [Times: user=0.06 sys=0.01, real=0.01 secs] 
488.684: [GC
Desired survivor size 3670016 bytes, new threshold 1 (max 15)
 [PSYoungGen: 813792K->1664K(815616K)] 1798325K->986237K(1839616K), 0.0157550 secs] [Times: user=0.06 sys=0.00, real=0.02 secs] 
488.950: [GC
Desired survivor size 3670016 bytes, new threshold 1 (max 15)
 [PSYoungGen: 813696K->2272K(815616K)] 1798269K->986885K(1839616K), 0.0105950 secs] [Times: user=0.07 sys=0.00, real=0.01 secs] 
489.217: [GC
Desired survivor size 3670016 bytes, new threshold 1 (max 15)
 [PSYoungGen: 814304K->1248K(815616K)] 1798917K->985901K(1839616K), 0.0095150 secs] [Times: user=0.05 sys=0.00, real=0.01 secs] 
489.476: [GC
Desired survivor size 3670016 bytes, new threshold 1 (max 15)
 [PSYoungGen: 813280K->1088K(815616K)] 1797933K->985765K(1839616K), 0.0093730 secs] [Times: user=0.05 sys=0.01, real=0.00 secs] 
489.763: [GC
Desired survivor size 3145728 bytes, new threshold 1 (max 15)
 [PSYoungGen: 813120K->864K(816128K)] 1797797K->985581K(1840128K), 0.0095740 secs] [Times: user=0.06 sys=0.00, real=0.01 secs] 
490.033: [GC
Desired survivor size 3145728 bytes, new threshold 1 (max 15)
 [PSYoungGen: 813408K->1632K(815616K)] 1798125K->986381K(1839616K), 0.0099540 secs] [Times: user=0.06 sys=0.00, real=0.01 secs] 
490.302: [GC
Desired survivor size 3145728 bytes, new threshold 1 (max 15)
 [PSYoungGen: 814176K->832K(816128K)] 1798925K->985629K(1840128K), 0.0095740 secs] [Times: user=0.05 sys=0.00, real=0.01 secs] 
490.563: [GC
Desired survivor size 3145728 bytes, new threshold 1 (max 15)
 [PSYoungGen: 813888K->1984K(816128K)] 1798685K->986821K(1840128K), 0.0100680 secs] [Times: user=0.06 sys=0.00, real=0.01 secs] 
490.835: [GC
Desired survivor size 3145728 bytes, new threshold 1 (max 15)
 [PSYoungGen: 815040K->1024K(816128K)] 1799877K->985917K(1840128K), 0.0098650 secs] [Times: user=0.06 sys=0.00, real=0.01 secs] 
491.095: [GC
Desired survivor size 3145728 bytes, new threshold 1 (max 15)
 [PSYoungGen: 814080K->1760K(816128K)] 1798973K->986701K(1840128K), 0.0103310 secs] [Times: user=0.05 sys=0.00, real=0.01 secs] 
491.364: [GC
Desired survivor size 3145728 bytes, new threshold 1 (max 15)
 [PSYoungGen: 814816K->1088K(816128K)] 1799757K->986085K(1840128K), 0.0097190 secs] [Times: user=0.05 sys=0.00, real=0.01 secs] 
491.635: [GC
Desired survivor size 3145728 bytes, new threshold 1 (max 15)
 [PSYoungGen: 814144K->1888K(816128K)] 1799141K->986941K(1840128K), 0.0103820 secs] [Times: user=0.06 sys=0.00, real=0.01 secs] 
491.946: [GC
Desired survivor size 3145728 bytes, new threshold 1 (max 15)
 [PSYoungGen: 814944K->1120K(816128K)] 1799997K->986237K(1840128K), 0.0096490 secs] [Times: user=0.06 sys=0.00, real=0.01 secs] 
492.227: [GC
Desired survivor size 3145728 bytes, new threshold 1 (max 15)
 [PSYoungGen: 814176K->781K(816128K)] 1799293K->985979K(1840128K), 0.0100430 secs] [Times: user=0.07 sys=0.00, real=0.01 secs] 
492.489: [GC
Desired survivor size 3145728 bytes, new threshold 1 (max 15)
 [PSYoungGen: 813837K->608K(816128K)] 1799035K->985901K(1840128K), 0.0093890 secs] [Times: user=0.05 sys=0.00, real=0.01 secs] 
492.773: [GC
Desired survivor size 3145728 bytes, new threshold 1 (max 15)
 [PSYoungGen: 813664K->1280K(816128K)] 1798957K->986613K(1840128K), 0.0098080 secs] [Times: user=0.06 sys=0.00, real=0.01 secs] 
493.027: [GC
Desired survivor size 3145728 bytes, new threshold 1 (max 15)
 [PSYoungGen: 814336K->2016K(816128K)] 1799669K->987405K(1840128K), 0.0107250 secs] [Times: user=0.05 sys=0.00, real=0.01 secs] 
493.303: [GC
Desired survivor size 3145728 bytes, new threshold 1 (max 15)
 [PSYoungGen: 815072K->2048K(816128K)] 1800461K->987469K(1840128K), 0.0098740 secs] [Times: user=0.06 sys=0.00, real=0.01 secs] 
493.570: [GC
Desired survivor size 3670016 bytes, new threshold 1 (max 15)
 [PSYoungGen: 815104K->2528K(815104K)] 1800525K->987981K(1839104K), 0.0116590 secs] [Times: user=0.06 sys=0.00, real=0.01 secs] 
493.852: [GC
Desired survivor size 3670016 bytes, new threshold 1 (max 15)
 [PSYoungGen: 814560K->352K(815616K)] 1800013K->985845K(1839616K), 0.0091740 secs] [Times: user=0.05 sys=0.00, real=0.01 secs] 
494.112: [GC
Desired survivor size 3670016 bytes, new threshold 1 (max 15)
 [PSYoungGen: 812384K->2112K(815616K)] 1797877K->987637K(1839616K), 0.0102920 secs] [Times: user=0.05 sys=0.00, real=0.01 secs] 
494.396: [GC
Desired survivor size 3670016 bytes, new threshold 1 (max 15)
 [PSYoungGen: 814144K->1472K(815616K)] 1799669K->987053K(1839616K), 0.0101400 secs] [Times: user=0.06 sys=0.00, real=0.01 secs] 
494.659: [GC
Desired survivor size 3670016 bytes, new threshold 1 (max 15)
 [PSYoungGen: 813504K->2592K(815616K)] 1799085K->988245K(1839616K), 0.0106570 secs] [Times: user=0.06 sys=0.00, real=0.01 secs] 
494.930: [GC
Desired survivor size 3670016 bytes, new threshold 1 (max 15)
 [PSYoungGen: 814624K->1888K(815616K)] 1800277K->987581K(1839616K), 0.0099760 secs] [Times: user=0.06 sys=0.00, real=0.01 secs] 
495.193: [GC
Desired survivor size 3670016 bytes, new threshold 1 (max 15)
 [PSYoungGen: 813920K->1312K(815616K)] 1799613K->987053K(1839616K), 0.0099690 secs] [Times: user=0.05 sys=0.00, real=0.01 secs] 
495.457: [GC
Desired survivor size 3670016 bytes, new threshold 1 (max 15)
 [PSYoungGen: 813344K->2656K(815616K)] 1799085K->988437K(1839616K), 0.0107890 secs] [Times: user=0.06 sys=0.01, real=0.01 secs] 
495.732: [GC
Desired survivor size 3670016 bytes, new threshold 1 (max 15)
 [PSYoungGen: 814688K->1440K(815616K)] 1800469K->987261K(1839616K), 0.0097910 secs] [Times: user=0.04 sys=0.01, real=0.01 secs] 
496.005: [GC
Desired survivor size 4194304 bytes, new threshold 1 (max 15)
 [PSYoungGen: 813472K->3584K(815616K)] 1799293K->989557K(1839616K), 0.0108960 secs] [Times: user=0.06 sys=0.00, real=0.01 secs] 
496.267: [GC
Desired survivor size 4194304 bytes, new threshold 1 (max 15)
 [PSYoungGen: 815616K->1536K(814592K)] 1801589K->987581K(1838592K), 0.0105760 secs] [Times: user=0.05 sys=0.00, real=0.01 secs] 
496.528: [GC
Desired survivor size 4718592 bytes, new threshold 1 (max 15)
 [PSYoungGen: 812544K->3808K(815104K)] 1798589K->989917K(1839104K), 0.0108340 secs] [Times: user=0.06 sys=0.00, real=0.01 secs] 
496.808: [GC
Desired survivor size 4718592 bytes, new threshold 1 (max 15)
 [PSYoungGen: 814816K->2240K(814080K)] 1800925K->988397K(1838080K), 0.0103490 secs] [Times: user=0.06 sys=0.00, real=0.01 secs] 
497.186: [GC
Desired survivor size 4194304 bytes, new threshold 1 (max 15)
 [PSYoungGen: 812224K->1888K(814592K)] 1798381K->988101K(1838592K), 0.0118750 secs] [Times: user=0.06 sys=0.00, real=0.01 secs] 
497.470: [GC
Desired survivor size 4194304 bytes, new threshold 1 (max 15)
 [PSYoungGen: 811872K->1632K(815104K)] 1798085K->987893K(1839104K), 0.0098380 secs] [Times: user=0.06 sys=0.00, real=0.01 secs] 
497.795: [GC
Desired survivor size 4718592 bytes, new threshold 1 (max 15)
 [PSYoungGen: 812640K->3424K(814592K)] 1798901K->989709K(1838592K), 0.0331530 secs] [Times: user=0.08 sys=0.00, real=0.04 secs] 
498.092: [GC
Desired survivor size 4718592 bytes, new threshold 1 (max 15)
 [PSYoungGen: 814432K->768K(814592K)] 1800717K->987117K(1838592K), 0.0097940 secs] [Times: user=0.05 sys=0.00, real=0.01 secs] 
498.361: [GC
Desired survivor size 4718592 bytes, new threshold 1 (max 15)
 [PSYoungGen: 810752K->672K(814592K)] 1797101K->987077K(1838592K), 0.0098860 secs] [Times: user=0.04 sys=0.00, real=0.01 secs] 
498.635: [GC
Desired survivor size 4194304 bytes, new threshold 1 (max 15)
 [PSYoungGen: 810656K->2048K(815104K)] 1797061K->988501K(1839104K), 0.0099020 secs] [Times: user=0.05 sys=0.00, real=0.01 secs] 
498.907: [GC
Desired survivor size 4718592 bytes, new threshold 1 (max 15)
 [PSYoungGen: 812544K->3424K(814592K)] 1798997K->989941K(1838592K), 0.0109810 secs] [Times: user=0.07 sys=0.00, real=0.02 secs] 
499.180: [GC
Desired survivor size 4718592 bytes, new threshold 1 (max 15)
 [PSYoungGen: 813920K->1632K(814592K)] 1800437K->988181K(1838592K), 0.0102250 secs] [Times: user=0.07 sys=0.00, real=0.01 secs] 
499.445: [GC
Desired survivor size 4718592 bytes, new threshold 1 (max 15)
 [PSYoungGen: 811616K->2336K(814592K)] 1798165K->988917K(1838592K), 0.0103830 secs] [Times: user=0.06 sys=0.00, real=0.01 secs] 
499.720: [GC
Desired survivor size 4194304 bytes, new threshold 1 (max 15)
 [PSYoungGen: 812320K->1792K(815104K)] 1798901K->988429K(1839104K), 0.0098440 secs] [Times: user=0.06 sys=0.00, real=0.01 secs] 
499.974: [GC
Desired survivor size 4194304 bytes, new threshold 1 (max 15)
 [PSYoungGen: 812288K->1760K(814592K)] 1798925K->988437K(1838592K), 0.0102600 secs] [Times: user=0.06 sys=0.00, real=0.01 secs] 
500.236: [GC
Desired survivor size 4194304 bytes, new threshold 1 (max 15)
 [PSYoungGen: 812256K->1536K(815104K)] 1798933K->988261K(1839104K), 0.0099350 secs] [Times: user=0.06 sys=0.00, real=0.01 secs] 
500.495: [GC
Desired survivor size 4194304 bytes, new threshold 1 (max 15)
 [PSYoungGen: 812544K->896K(815104K)] 1799269K->987677K(1839104K), 0.0095540 secs] [Times: user=0.06 sys=0.00, real=0.01 secs] 
500.768: [GC
Desired survivor size 4194304 bytes, new threshold 1 (max 15)
 [PSYoungGen: 811904K->2560K(815104K)] 1798685K->989389K(1839104K), 0.0099740 secs] [Times: user=0.05 sys=0.00, real=0.01 secs] 
501.036: [GC
Desired survivor size 4194304 bytes, new threshold 1 (max 15)
 [PSYoungGen: 813568K->704K(815104K)] 1800397K->987581K(1839104K), 0.0092460 secs] [Times: user=0.05 sys=0.00, real=0.01 secs] 
501.302: [GC
Desired survivor size 4194304 bytes, new threshold 1 (max 15)
 [PSYoungGen: 811712K->2400K(815104K)] 1798589K->989325K(1839104K), 0.0104290 secs] [Times: user=0.05 sys=0.01, real=0.01 secs] 
501.570: [GC
Desired survivor size 4194304 bytes, new threshold 1 (max 15)
 [PSYoungGen: 813408K->1600K(815104K)] 1800333K->988565K(1839104K), 0.0114890 secs] [Times: user=0.06 sys=0.00, real=0.01 secs] 
501.844: [GC
Desired survivor size 3670016 bytes, new threshold 1 (max 15)
 [PSYoungGen: 812608K->1408K(815616K)] 1799573K->988421K(1839616K), 0.0095620 secs] [Times: user=0.06 sys=0.00, real=0.01 secs] 
502.104: [GC
Desired survivor size 3670016 bytes, new threshold 1 (max 15)
 [PSYoungGen: 812928K->1568K(815104K)] 1799941K->988621K(1839104K), 0.0100430 secs] [Times: user=0.05 sys=0.00, real=0.01 secs] 
502.372: [GC
Desired survivor size 3670016 bytes, new threshold 1 (max 15)
 [PSYoungGen: 813088K->2144K(815616K)] 1800141K->989229K(1839616K), 0.0100830 secs] [Times: user=0.06 sys=0.00, real=0.01 secs] 
502.630: [GC
Desired survivor size 3670016 bytes, new threshold 1 (max 15)
 [PSYoungGen: 814176K->2368K(815616K)] 1801261K->989485K(1839616K), 0.0100270 secs] [Times: user=0.06 sys=0.01, real=0.01 secs] 
502.904: [GC
Desired survivor size 3670016 bytes, new threshold 1 (max 15)
 [PSYoungGen: 814400K->1472K(815616K)] 1801517K->988629K(1839616K), 0.0100260 secs] [Times: user=0.04 sys=0.00, real=0.01 secs] 
503.178: [GC
Desired survivor size 3670016 bytes, new threshold 1 (max 15)
 [PSYoungGen: 813504K->928K(815616K)] 1800661K->988149K(1839616K), 0.0096730 secs] [Times: user=0.05 sys=0.00, real=0.01 secs] 
503.453: [GC
Desired survivor size 3670016 bytes, new threshold 1 (max 15)
 [PSYoungGen: 812960K->960K(815616K)] 1800181K->988221K(1839616K), 0.0095750 secs] [Times: user=0.05 sys=0.00, real=0.01 secs] 
503.726: [GC
Desired survivor size 3670016 bytes, new threshold 1 (max 15)
 [PSYoungGen: 812992K->1632K(815616K)] 1800253K->988925K(1839616K), 0.0098900 secs] [Times: user=0.06 sys=0.01, real=0.01 secs] 
503.998: [GC
Desired survivor size 3145728 bytes, new threshold 1 (max 15)
 [PSYoungGen: 813664K->1280K(816128K)] 1800957K->988629K(1840128K), 0.0099650 secs] [Times: user=0.05 sys=0.00, real=0.01 secs] 
504.277: [GC
Desired survivor size 3145728 bytes, new threshold 1 (max 15)
 [PSYoungGen: 813824K->1024K(815616K)] 1801173K->988405K(1839616K), 0.0097370 secs] [Times: user=0.05 sys=0.00, real=0.01 secs] 
504.552: [GC
Desired survivor size 3670016 bytes, new threshold 1 (max 15)
 [PSYoungGen: 813568K->3008K(815104K)] 1800949K->990429K(1839104K), 0.0107820 secs] [Times: user=0.06 sys=0.00, real=0.01 secs] 
504.835: [GC
Desired survivor size 3670016 bytes, new threshold 1 (max 15)
 [PSYoungGen: 815040K->1312K(815616K)] 1802461K->988781K(1839616K), 0.0099590 secs] [Times: user=0.06 sys=0.00, real=0.01 secs] 
505.104: [GC
Desired survivor size 3670016 bytes, new threshold 1 (max 15)
 [PSYoungGen: 813344K->1664K(815616K)] 1800813K->989173K(1839616K), 0.0099840 secs] [Times: user=0.07 sys=0.00, real=0.01 secs] 
505.366: [GC
Desired survivor size 3145728 bytes, new threshold 1 (max 15)
 [PSYoungGen: 813696K->1568K(815616K)] 1801205K->989141K(1839616K), 0.0098160 secs] [Times: user=0.05 sys=0.00, real=0.01 secs] 
505.634: [GC
Desired survivor size 3145728 bytes, new threshold 1 (max 15)
 [PSYoungGen: 813600K->2112K(816128K)] 1801173K->989733K(1840128K), 0.0107550 secs] [Times: user=0.06 sys=0.00, real=0.01 secs] 
505.912: [GC
Desired survivor size 3670016 bytes, new threshold 1 (max 15)
 [PSYoungGen: 815168K->704K(814080K)] 1802789K->988373K(1838080K), 0.0092580 secs] [Times: user=0.05 sys=0.00, real=0.01 secs] 
506.183: [GC
Desired survivor size 3145728 bytes, new threshold 1 (max 15)
 [PSYoungGen: 813760K->1728K(816128K)] 1801429K->989429K(1840128K), 0.0101990 secs] [Times: user=0.05 sys=0.00, real=0.01 secs] 
506.440: [GC
Desired survivor size 3670016 bytes, new threshold 1 (max 15)
 [PSYoungGen: 814272K->2848K(815616K)] 1801973K->990605K(1839616K), 0.0104570 secs] [Times: user=0.06 sys=0.00, real=0.01 secs] 
506.707: [GC
Desired survivor size 3670016 bytes, new threshold 1 (max 15)
 [PSYoungGen: 815392K->1632K(815616K)] 1803149K->989437K(1839616K), 0.0097180 secs] [Times: user=0.06 sys=0.00, real=0.01 secs] 
506.967: [GC
Desired survivor size 3670016 bytes, new threshold 1 (max 15)
 [PSYoungGen: 813664K->928K(815616K)] 1801469K->988773K(1839616K), 0.0096780 secs] [Times: user=0.06 sys=0.00, real=0.01 secs] 
507.234: [GC
Desired survivor size 3670016 bytes, new threshold 1 (max 15)
 [PSYoungGen: 812960K->480K(815616K)] 1800805K->988365K(1839616K), 0.0092110 secs] [Times: user=0.05 sys=0.00, real=0.01 secs] 
507.495: [GC
Desired survivor size 3670016 bytes, new threshold 1 (max 15)
 [PSYoungGen: 812512K->1056K(815616K)] 1800397K->988981K(1839616K), 0.0098100 secs] [Times: user=0.05 sys=0.00, real=0.01 secs] 
507.769: [GC
Desired survivor size 3670016 bytes, new threshold 1 (max 15)
 [PSYoungGen: 813088K->2368K(815616K)] 1801013K->990341K(1839616K), 0.0101640 secs] [Times: user=0.05 sys=0.00, real=0.01 secs] 
508.090: [GC
Desired survivor size 3670016 bytes, new threshold 1 (max 15)
 [PSYoungGen: 814400K->1184K(815616K)] 1802373K->989221K(1839616K), 0.0611370 secs] [Times: user=0.08 sys=0.01, real=0.06 secs] 
508.509: [GC
Desired survivor size 3670016 bytes, new threshold 1 (max 15)
 [PSYoungGen: 813216K->2016K(815616K)] 1801253K->990109K(1839616K), 0.0102560 secs] [Times: user=0.06 sys=0.00, real=0.01 secs] 
508.782: [GC
Desired survivor size 3670016 bytes, new threshold 1 (max 15)
 [PSYoungGen: 814048K->1216K(815616K)] 1802141K->989381K(1839616K), 0.0097050 secs] [Times: user=0.05 sys=0.01, real=0.01 secs] 
509.046: [GC
Desired survivor size 3145728 bytes, new threshold 1 (max 15)
 [PSYoungGen: 813248K->1888K(816128K)] 1801413K->990109K(1840128K), 0.0108230 secs] [Times: user=0.05 sys=0.00, real=0.01 secs] 
509.305: [GC
Desired survivor size 3670016 bytes, new threshold 1 (max 15)
 [PSYoungGen: 814432K->3072K(815616K)] 1802653K->991469K(1839616K), 0.0109410 secs] [Times: user=0.05 sys=0.00, real=0.01 secs] 
509.567: [GC
Desired survivor size 3670016 bytes, new threshold 1 (max 15)
 [PSYoungGen: 815616K->640K(815616K)] 1804013K->989117K(1839616K), 0.0093060 secs] [Times: user=0.05 sys=0.00, real=0.01 secs] 
509.845: [GC
Desired survivor size 3670016 bytes, new threshold 1 (max 15)
 [PSYoungGen: 812672K->1376K(815616K)] 1801149K->989901K(1839616K), 0.0096350 secs] [Times: user=0.06 sys=0.01, real=0.01 secs] 
510.107: [GC
Desired survivor size 4194304 bytes, new threshold 1 (max 15)
 [PSYoungGen: 813408K->2912K(814592K)] 1801933K->991493K(1838592K), 0.0109610 secs] [Times: user=0.07 sys=0.00, real=0.01 secs] 
510.372: [GC
Desired survivor size 4194304 bytes, new threshold 1 (max 15)
 [PSYoungGen: 813920K->864K(815104K)] 1802501K->989493K(1839104K), 0.0098240 secs] [Times: user=0.05 sys=0.00, real=0.01 secs] 
510.641: [GC
Desired survivor size 3670016 bytes, new threshold 1 (max 15)
 [PSYoungGen: 811872K->1408K(815616K)] 1800501K->990093K(1839616K), 0.0099040 secs] [Times: user=0.05 sys=0.00, real=0.01 secs] 
510.911: [GC
Desired survivor size 3670016 bytes, new threshold 1 (max 15)
 [PSYoungGen: 812928K->1696K(815104K)] 1801613K->990429K(1839104K), 0.0096410 secs] [Times: user=0.05 sys=0.00, real=0.01 secs] 
511.182: [GC
Desired survivor size 3670016 bytes, new threshold 1 (max 15)
 [PSYoungGen: 813216K->1408K(815616K)] 1801949K->990181K(1839616K), 0.0097610 secs] [Times: user=0.07 sys=0.00, real=0.01 secs] 
511.449: [GC
Desired survivor size 3670016 bytes, new threshold 1 (max 15)
 [PSYoungGen: 813440K->2400K(815616K)] 1802213K->991197K(1839616K), 0.0100790 secs] [Times: user=0.05 sys=0.00, real=0.01 secs] 
511.723: [GC
Desired survivor size 4194304 bytes, new threshold 1 (max 15)
 [PSYoungGen: 814432K->3168K(814592K)] 1803229K->992005K(1838592K), 0.0105780 secs] [Times: user=0.06 sys=0.00, real=0.01 secs] 
512.026: [GC
Desired survivor size 3670016 bytes, new threshold 1 (max 15)
 [PSYoungGen: 814176K->1600K(815104K)] 1803013K->990485K(1839104K), 0.0101210 secs] [Times: user=0.05 sys=0.01, real=0.01 secs] 
512.294: [GC
Desired survivor size 3670016 bytes, new threshold 1 (max 15)
 [PSYoungGen: 812608K->2144K(815616K)] 1801493K->991077K(1839616K), 0.0099560 secs] [Times: user=0.06 sys=0.00, real=0.01 secs] 
512.571: [GC
Desired survivor size 3670016 bytes, new threshold 1 (max 15)
 [PSYoungGen: 814176K->992K(815616K)] 1803109K->989981K(1839616K), 0.0105050 secs] [Times: user=0.07 sys=0.00, real=0.01 secs] 
512.844: [GC
Desired survivor size 3670016 bytes, new threshold 1 (max 15)
 [PSYoungGen: 813024K->1824K(815616K)] 1802013K->990861K(1839616K), 0.0099400 secs] [Times: user=0.05 sys=0.00, real=0.01 secs] 
513.118: [GC
Desired survivor size 3670016 bytes, new threshold 1 (max 15)
 [PSYoungGen: 813856K->1344K(815616K)] 1802893K->990421K(1839616K), 0.0117580 secs] [Times: user=0.06 sys=0.00, real=0.02 secs] 
513.385: [GC
Desired survivor size 3670016 bytes, new threshold 1 (max 15)
 [PSYoungGen: 813376K->1728K(815616K)] 1802453K->990845K(1839616K), 0.0107070 secs] [Times: user=0.06 sys=0.00, real=0.01 secs] 
513.650: [GC
Desired survivor size 3145728 bytes, new threshold 1 (max 15)
 [PSYoungGen: 813760K->1440K(815616K)] 1802877K->990605K(1839616K), 0.0101620 secs] [Times: user=0.05 sys=0.00, real=0.01 secs] 
513.925: [GC
Desired survivor size 3670016 bytes, new threshold 1 (max 15)
 [PSYoungGen: 813472K->2976K(815104K)] 1802637K->992189K(1839104K), 0.0107100 secs] [Times: user=0.06 sys=0.00, real=0.01 secs] 
514.189: [GC
Desired survivor size 3670016 bytes, new threshold 1 (max 15)
 [PSYoungGen: 815008K->576K(815616K)] 1804221K->989829K(1839616K), 0.0089370 secs] [Times: user=0.05 sys=0.00, real=0.01 secs] 
514.447: [GC
Desired survivor size 3670016 bytes, new threshold 1 (max 15)
 [PSYoungGen: 812608K->1632K(815616K)] 1801861K->990917K(1839616K), 0.0101600 secs] [Times: user=0.05 sys=0.00, real=0.01 secs] 
514.727: [GC
Desired survivor size 3670016 bytes, new threshold 1 (max 15)
 [PSYoungGen: 813664K->1536K(815616K)] 1802949K->990853K(1839616K), 0.0099330 secs] [Times: user=0.06 sys=0.00, real=0.01 secs] 
514.990: [GC
Desired survivor size 3670016 bytes, new threshold 1 (max 15)
 [PSYoungGen: 813568K->2688K(815616K)] 1802885K->992037K(1839616K), 0.0108930 secs] [Times: user=0.06 sys=0.00, real=0.01 secs] 
515.260: [GC
Desired survivor size 3670016 bytes, new threshold 1 (max 15)
 [PSYoungGen: 814720K->2272K(815616K)] 1804069K->991669K(1839616K), 0.0101740 secs] [Times: user=0.06 sys=0.00, real=0.01 secs] 
515.529: [GC
Desired survivor size 3670016 bytes, new threshold 1 (max 15)
 [PSYoungGen: 814304K->1184K(815616K)] 1803701K->990621K(1839616K), 0.0098390 secs] [Times: user=0.05 sys=0.00, real=0.01 secs] 
515.802: [GC
Desired survivor size 3670016 bytes, new threshold 1 (max 15)
 [PSYoungGen: 813216K->1504K(815616K)] 1802653K->990989K(1839616K), 0.0103580 secs] [Times: user=0.05 sys=0.00, real=0.01 secs] 
516.063: [GC
Desired survivor size 3670016 bytes, new threshold 1 (max 15)
 [PSYoungGen: 813536K->1024K(815616K)] 1803021K->990557K(1839616K), 0.0096900 secs] [Times: user=0.05 sys=0.00, real=0.01 secs] 
516.325: [GC
Desired survivor size 3670016 bytes, new threshold 1 (max 15)
 [PSYoungGen: 813056K->2432K(815616K)] 1802589K->992021K(1839616K), 0.0102770 secs] [Times: user=0.06 sys=0.00, real=0.01 secs] 
516.590: [GC
Desired survivor size 4194304 bytes, new threshold 1 (max 15)
 [PSYoungGen: 814464K->3424K(814592K)] 1804053K->993045K(1838592K), 0.0109830 secs] [Times: user=0.06 sys=0.00, real=0.02 secs] 
516.862: [GC
Desired survivor size 4194304 bytes, new threshold 1 (max 15)
 [PSYoungGen: 814432K->2400K(815104K)] 1804053K->992061K(1839104K), 0.0109110 secs] [Times: user=0.06 sys=0.00, real=0.01 secs] 
517.132: [GC
Desired survivor size 4194304 bytes, new threshold 1 (max 15)
 [PSYoungGen: 813408K->1632K(815104K)] 1803069K->991325K(1839104K), 0.0102220 secs] [Times: user=0.06 sys=0.00, real=0.01 secs] 
517.397: [GC
Desired survivor size 3670016 bytes, new threshold 1 (max 15)
 [PSYoungGen: 812640K->1632K(815104K)] 1802333K->991373K(1839104K), 0.0099850 secs] [Times: user=0.05 sys=0.00, real=0.01 secs] 
517.670: [GC
Desired survivor size 3670016 bytes, new threshold 1 (max 15)
 [PSYoungGen: 812640K->1920K(815616K)] 1802381K->991709K(1839616K), 0.0148670 secs] [Times: user=0.08 sys=0.01, real=0.02 secs] 
517.944: [GC
Desired survivor size 4194304 bytes, new threshold 1 (max 15)
 [PSYoungGen: 813952K->2944K(815104K)] 1803741K->992773K(1839104K), 0.0107150 secs] [Times: user=0.06 sys=0.00, real=0.01 secs] 
518.212: [GC
Desired survivor size 3670016 bytes, new threshold 1 (max 15)
 [PSYoungGen: 814976K->2240K(815616K)] 1804805K->992109K(1839616K), 0.0105010 secs] [Times: user=0.05 sys=0.00, real=0.01 secs] 
518.468: [GC
Desired survivor size 3670016 bytes, new threshold 1 (max 15)
 [PSYoungGen: 813760K->1536K(815104K)] 1803629K->991453K(1839104K), 0.0098330 secs] [Times: user=0.05 sys=0.00, real=0.01 secs] 
518.740: [GC
Desired survivor size 3670016 bytes, new threshold 1 (max 15)
 [PSYoungGen: 813056K->1824K(815616K)] 1802973K->991789K(1839616K), 0.0104760 secs] [Times: user=0.06 sys=0.00, real=0.01 secs] 
519.004: [GC
Desired survivor size 3670016 bytes, new threshold 1 (max 15)
 [PSYoungGen: 813856K->1600K(815616K)] 1803821K->991997K(1839616K), 0.0108020 secs] [Times: user=0.06 sys=0.00, real=0.01 secs] 
519.269: [GC
Desired survivor size 3670016 bytes, new threshold 1 (max 15)
 [PSYoungGen: 813632K->1888K(815616K)] 1804029K->993173K(1839616K), 0.0112220 secs] [Times: user=0.05 sys=0.01, real=0.02 secs] 
519.534: [GC
Desired survivor size 3670016 bytes, new threshold 1 (max 15)
 [PSYoungGen: 813920K->736K(815616K)] 1805205K->992109K(1839616K), 0.0093310 secs] [Times: user=0.05 sys=0.00, real=0.01 secs] 
519.807: [GC
Desired survivor size 3670016 bytes, new threshold 1 (max 15)
 [PSYoungGen: 812768K->384K(815616K)] 1804141K->991805K(1839616K), 0.0092880 secs] [Times: user=0.04 sys=0.01, real=0.01 secs] 
520.083: [GC
Desired survivor size 3670016 bytes, new threshold 1 (max 15)
 [PSYoungGen: 812416K->1760K(815616K)] 1803837K->993225K(1839616K), 0.0100130 secs] [Times: user=0.06 sys=0.00, real=0.01 secs] 
520.348: [GC
Desired survivor size 3670016 bytes, new threshold 1 (max 15)
 [PSYoungGen: 813792K->1152K(815616K)] 1805257K->992681K(1839616K), 0.0099910 secs] [Times: user=0.06 sys=0.00, real=0.01 secs] 
520.618: [GC
Desired survivor size 3670016 bytes, new threshold 1 (max 15)
 [PSYoungGen: 813184K->672K(815616K)] 1804713K->992249K(1839616K), 0.0107170 secs] [Times: user=0.06 sys=0.00, real=0.01 secs] 
520.885: [GC
Desired survivor size 4194304 bytes, new threshold 1 (max 15)
 [PSYoungGen: 812704K->3520K(814592K)] 1804281K->995137K(1838592K), 0.0109930 secs] [Times: user=0.07 sys=0.01, real=0.01 secs] 
521.149: [GC
Desired survivor size 4194304 bytes, new threshold 1 (max 15)
 [PSYoungGen: 814528K->1152K(815104K)] 1806145K->992817K(1839104K), 0.0092500 secs] [Times: user=0.04 sys=0.00, real=0.01 secs] 
521.412: [GC
Desired survivor size 3670016 bytes, new threshold 1 (max 15)
 [PSYoungGen: 812160K->1376K(815616K)] 1803825K->993073K(1839616K), 0.0097090 secs] [Times: user=0.06 sys=0.00, real=0.01 secs] 
521.668: [GC
Desired survivor size 3670016 bytes, new threshold 1 (max 15)
 [PSYoungGen: 812896K->1440K(815104K)] 1804593K->993185K(1839104K), 0.0167910 secs] [Times: user=0.09 sys=0.01, real=0.02 secs] 
521.952: [GC
Desired survivor size 3670016 bytes, new threshold 1 (max 15)
 [PSYoungGen: 812960K->1280K(815616K)] 1804705K->993073K(1839616K), 0.0095240 secs] [Times: user=0.06 sys=0.00, real=0.01 secs] 
522.218: [GC
Desired survivor size 3670016 bytes, new threshold 1 (max 15)
 [PSYoungGen: 813312K->1920K(815616K)] 1805105K->993753K(1839616K), 0.0103650 secs] [Times: user=0.05 sys=0.00, real=0.01 secs] 
522.477: [GC
Desired survivor size 3145728 bytes, new threshold 1 (max 15)
 [PSYoungGen: 813952K->1312K(816128K)] 1805785K->993177K(1840128K), 0.0099160 secs] [Times: user=0.06 sys=0.00, real=0.01 secs] 
522.749: [GC
Desired survivor size 3670016 bytes, new threshold 1 (max 15)
 [PSYoungGen: 813856K->2016K(815616K)] 1805721K->993913K(1839616K), 0.0104470 secs] [Times: user=0.06 sys=0.00, real=0.01 secs] 
523.013: [GC
Desired survivor size 3145728 bytes, new threshold 1 (max 15)
 [PSYoungGen: 814560K->1184K(816128K)] 1806457K->993129K(1840128K), 0.0099000 secs] [Times: user=0.06 sys=0.00, real=0.01 secs] 
523.278: [GC
Desired survivor size 3145728 bytes, new threshold 1 (max 15)
 [PSYoungGen: 813728K->1504K(815616K)] 1805673K->993497K(1839616K), 0.0099350 secs] [Times: user=0.06 sys=0.00, real=0.01 secs] 
523.532: [GC
Desired survivor size 3145728 bytes, new threshold 1 (max 15)
 [PSYoungGen: 814048K->1216K(816128K)] 1806041K->993249K(1840128K), 0.0094730 secs] [Times: user=0.05 sys=0.00, real=0.01 secs] 
523.803: [GC
Desired survivor size 3145728 bytes, new threshold 1 (max 15)
 [PSYoungGen: 814272K->1984K(816128K)] 1806305K->994041K(1840128K), 0.0099230 secs] [Times: user=0.05 sys=0.00, real=0.01 secs] 
524.065: [GC
Desired survivor size 3670016 bytes, new threshold 1 (max 15)
 [PSYoungGen: 815040K->2752K(815104K)] 1807097K->994857K(1839104K), 0.0105500 secs] [Times: user=0.05 sys=0.01, real=0.01 secs] 
524.335: [GC
Desired survivor size 3670016 bytes, new threshold 1 (max 15)
 [PSYoungGen: 814784K->3232K(815616K)] 1806889K->995929K(1839616K), 0.0110700 secs] [Times: user=0.07 sys=0.01, real=0.01 secs] 
524.605: [GC
Desired survivor size 3670016 bytes, new threshold 1 (max 15)
 [PSYoungGen: 815264K->1280K(815616K)] 1807961K->994825K(1839616K), 0.0106570 secs] [Times: user=0.06 sys=0.01, real=0.01 secs] 
524.872: [GC
Desired survivor size 3670016 bytes, new threshold 1 (max 15)
 [PSYoungGen: 813312K->1376K(815616K)] 1806857K->994958K(1839616K), 0.0097190 secs] [Times: user=0.05 sys=0.00, real=0.00 secs] 
525.143: [GC
Desired survivor size 3670016 bytes, new threshold 1 (max 15)
 [PSYoungGen: 813408K->1920K(815616K)] 1806990K->995558K(1839616K), 0.0099680 secs] [Times: user=0.06 sys=0.00, real=0.01 secs] 
525.412: [GC
Desired survivor size 3670016 bytes, new threshold 1 (max 15)
 [PSYoungGen: 813952K->800K(815616K)] 1807590K->994478K(1839616K), 0.0095770 secs] [Times: user=0.06 sys=0.00, real=0.00 secs] 
525.687: [GC
Desired survivor size 3670016 bytes, new threshold 1 (max 15)
 [PSYoungGen: 812832K->1824K(815616K)] 1806510K->995550K(1839616K), 0.0153670 secs] [Times: user=0.05 sys=0.00, real=0.02 secs] 
525.949: [GC
Desired survivor size 4194304 bytes, new threshold 1 (max 15)
 [PSYoungGen: 813856K->3584K(815616K)] 1807582K->997822K(1839616K), 0.0114730 secs] [Times: user=0.07 sys=0.01, real=0.01 secs] 
526.220: [GC
Desired survivor size 4194304 bytes, new threshold 1 (max 15)
 [PSYoungGen: 815616K->1856K(814592K)] 1809854K->996294K(1838592K), 0.0105220 secs] [Times: user=0.05 sys=0.00, real=0.01 secs] 
526.477: [GC
Desired survivor size 4194304 bytes, new threshold 1 (max 15)
 [PSYoungGen: 812864K->2048K(815104K)] 1807302K->996534K(1839104K), 0.0102620 secs] [Times: user=0.06 sys=0.00, real=0.01 secs] 
526.774: [GC
Desired survivor size 3670016 bytes, new threshold 1 (max 15)
 [PSYoungGen: 813056K->1568K(815616K)] 1807542K->996086K(1839616K), 0.0099240 secs] [Times: user=0.05 sys=0.01, real=0.01 secs] 
527.031: [GC
Desired survivor size 3670016 bytes, new threshold 1 (max 15)
 [PSYoungGen: 813088K->1920K(815104K)] 1807606K->996470K(1839104K), 0.0101490 secs] [Times: user=0.05 sys=0.00, real=0.01 secs] 
527.297: [GC
Desired survivor size 3670016 bytes, new threshold 1 (max 15)
 [PSYoungGen: 813440K->1344K(815616K)] 1807990K->995958K(1839616K), 0.0100190 secs] [Times: user=0.06 sys=0.00, real=0.01 secs] 
527.559: [GC
Desired survivor size 3670016 bytes, new threshold 1 (max 15)
 [PSYoungGen: 813376K->1600K(815616K)] 1807990K->996254K(1839616K), 0.0098490 secs] [Times: user=0.05 sys=0.00, real=0.01 secs] 
527.839: [GC
Desired survivor size 3670016 bytes, new threshold 1 (max 15)
 [PSYoungGen: 813632K->1408K(815616K)] 1808286K->996126K(1839616K), 0.0101120 secs] [Times: user=0.05 sys=0.00, real=0.01 secs] 
528.105: [GC
Desired survivor size 3670016 bytes, new threshold 1 (max 15)
 [PSYoungGen: 813440K->2720K(815616K)] 1808158K->997470K(1839616K), 0.0105170 secs] [Times: user=0.06 sys=0.00, real=0.01 secs] 
528.370: [GC
Desired survivor size 3670016 bytes, new threshold 1 (max 15)
 [PSYoungGen: 814752K->544K(815616K)] 1809502K->995342K(1839616K), 0.0094930 secs] [Times: user=0.05 sys=0.00, real=0.01 secs] 
528.629: [GC
Desired survivor size 3670016 bytes, new threshold 1 (max 15)
 [PSYoungGen: 812576K->1792K(815616K)] 1807374K->996622K(1839616K), 0.0100550 secs] [Times: user=0.06 sys=0.00, real=0.01 secs] 
528.905: [GC
Desired survivor size 3670016 bytes, new threshold 1 (max 15)
 [PSYoungGen: 813824K->1376K(815616K)] 1808654K->996630K(1839616K), 0.0101640 secs] [Times: user=0.05 sys=0.01, real=0.01 secs] 
529.173: [GC
Desired survivor size 3670016 bytes, new threshold 1 (max 15)
 [PSYoungGen: 813408K->1472K(815616K)] 1808662K->997366K(1839616K), 0.0102760 secs] [Times: user=0.06 sys=0.00, real=0.02 secs] 
529.433: [GC
Desired survivor size 3145728 bytes, new threshold 1 (max 15)
 [PSYoungGen: 813504K->928K(816128K)] 1809398K->996902K(1840128K), 0.0101410 secs] [Times: user=0.05 sys=0.01, real=0.01 secs] 
529.703: [GC
Desired survivor size 3670016 bytes, new threshold 1 (max 15)
 [PSYoungGen: 813472K->2432K(815616K)] 1809446K->998438K(1839616K), 0.0102540 secs] [Times: user=0.05 sys=0.00, real=0.01 secs] 
529.969: [GC
Desired survivor size 3670016 bytes, new threshold 1 (max 15)
 [PSYoungGen: 814976K->1280K(815616K)] 1810982K->997326K(1839616K), 0.0099670 secs] [Times: user=0.05 sys=0.00, real=0.01 secs] 
530.234: [GC
Desired survivor size 3670016 bytes, new threshold 1 (max 15)
 [PSYoungGen: 813312K->2432K(815616K)] 1809358K->998526K(1839616K), 0.0103750 secs] [Times: user=0.06 sys=0.01, real=0.01 secs] 
530.498: [GC
Desired survivor size 3670016 bytes, new threshold 1 (max 15)
 [PSYoungGen: 814464K->2272K(815616K)] 1810558K->998430K(1839616K), 0.0108190 secs] [Times: user=0.06 sys=0.00, real=0.01 secs] 
530.773: [GC
Desired survivor size 4194304 bytes, new threshold 1 (max 15)
 [PSYoungGen: 814304K->3072K(815104K)] 1810462K->999294K(1839104K), 0.0101060 secs] [Times: user=0.05 sys=0.00, real=0.01 secs] 
531.042: [GC
Desired survivor size 3670016 bytes, new threshold 1 (max 15)
 [PSYoungGen: 815104K->1696K(815616K)] 1811326K->997950K(1839616K), 0.0103680 secs] [Times: user=0.06 sys=0.00, real=0.01 secs] 
531.309: [GC
Desired survivor size 3670016 bytes, new threshold 1 (max 15)
 [PSYoungGen: 813216K->1312K(815104K)] 1809470K->997614K(1839104K), 0.0103800 secs] [Times: user=0.05 sys=0.00, real=0.01 secs] 
531.563: [GC
Desired survivor size 3670016 bytes, new threshold 1 (max 15)
 [PSYoungGen: 812832K->608K(815616K)] 1809134K->996966K(1839616K), 0.0092040 secs] [Times: user=0.05 sys=0.00, real=0.01 secs] 
531.839: [GC
Desired survivor size 3670016 bytes, new threshold 1 (max 15)
 [PSYoungGen: 812640K->1024K(815616K)] 1808998K->997430K(1839616K), 0.0100220 secs] [Times: user=0.05 sys=0.01, real=0.01 secs] 
532.153: [GC
Desired survivor size 3670016 bytes, new threshold 1 (max 15)
 [PSYoungGen: 813056K->1760K(815616K)] 1809462K->998198K(1839616K), 0.0103500 secs] [Times: user=0.05 sys=0.00, real=0.01 secs] 
532.418: [GC
Desired survivor size 3670016 bytes, new threshold 1 (max 15)
 [PSYoungGen: 813792K->2240K(815616K)] 1810230K->998718K(1839616K), 0.0103250 secs] [Times: user=0.06 sys=0.00, real=0.01 secs] 
532.694: [GC
Desired survivor size 3670016 bytes, new threshold 1 (max 15)
 [PSYoungGen: 814272K->544K(815616K)] 1810750K->997062K(1839616K), 0.0097200 secs] [Times: user=0.05 sys=0.00, real=0.01 secs] 
532.957: [GC
Desired survivor size 3670016 bytes, new threshold 1 (max 15)
 [PSYoungGen: 812576K->1984K(815616K)] 1809094K->998534K(1839616K), 0.0099060 secs] [Times: user=0.06 sys=0.00, real=0.01 secs] 
533.224: [GC
Desired survivor size 3670016 bytes, new threshold 1 (max 15)
 [PSYoungGen: 814016K->2560K(815616K)] 1810566K->999158K(1839616K), 0.0103790 secs] [Times: user=0.06 sys=0.00, real=0.01 secs] 
533.483: [GC
Desired survivor size 3670016 bytes, new threshold 1 (max 15)
 [PSYoungGen: 814592K->1472K(815616K)] 1811190K->998142K(1839616K), 0.0096800 secs] [Times: user=0.06 sys=0.00, real=0.01 secs] 
533.750: [GC
Desired survivor size 4194304 bytes, new threshold 1 (max 15)
 [PSYoungGen: 813504K->2752K(814592K)] 1810174K->999470K(1838592K), 0.0107200 secs] [Times: user=0.05 sys=0.00, real=0.01 secs] 
534.012: [GC
Desired survivor size 3670016 bytes, new threshold 1 (max 15)
 [PSYoungGen: 813760K->1920K(815104K)] 1810478K->998670K(1839104K), 0.0102440 secs] [Times: user=0.06 sys=0.00, real=0.01 secs] 
534.276: [GC
Desired survivor size 4194304 bytes, new threshold 1 (max 15)
 [PSYoungGen: 812928K->2688K(814592K)] 1809678K->999822K(1838592K), 0.0109010 secs] [Times: user=0.06 sys=0.00, real=0.01 secs] 
534.544: [GC
Desired survivor size 3670016 bytes, new threshold 1 (max 15)
 [PSYoungGen: 813696K->1920K(815104K)] 1810830K->1000278K(1839104K), 0.0127700 secs] [Times: user=0.07 sys=0.02, real=0.01 secs] 
534.817: [GC
Desired survivor size 3670016 bytes, new threshold 1 (max 15)
 [PSYoungGen: 812928K->1344K(815616K)] 1811286K->999726K(1839616K), 0.0110380 secs] [Times: user=0.05 sys=0.00, real=0.01 secs] 
535.075: [GC
Desired survivor size 3670016 bytes, new threshold 1 (max 15)
 [PSYoungGen: 813376K->1248K(815616K)] 1811758K->999678K(1839616K), 0.0112470 secs] [Times: user=0.06 sys=0.00, real=0.01 secs] 
535.345: [GC
Desired survivor size 3670016 bytes, new threshold 1 (max 15)
 [PSYoungGen: 813280K->2240K(815616K)] 1811710K->1000710K(1839616K), 0.0098430 secs] [Times: user=0.07 sys=0.00, real=0.01 secs] 
535.614: [GC
Desired survivor size 3670016 bytes, new threshold 1 (max 15)
 [PSYoungGen: 814272K->2496K(815616K)] 1812742K->1001014K(1839616K), 0.0108560 secs] [Times: user=0.07 sys=0.00, real=0.01 secs] 
535.880: [GC
Desired survivor size 3670016 bytes, new threshold 1 (max 15)
 [PSYoungGen: 814528K->1280K(815616K)] 1813046K->999842K(1839616K), 0.0101500 secs] [Times: user=0.06 sys=0.00, real=0.01 secs] 
536.146: [GC
Desired survivor size 4194304 bytes, new threshold 1 (max 15)
 [PSYoungGen: 813312K->3584K(815616K)] 1811874K->1002346K(1839616K), 0.0118560 secs] [Times: user=0.06 sys=0.01, real=0.01 secs] 
536.401: [GC
Desired survivor size 4718592 bytes, new threshold 1 (max 15)
 [PSYoungGen: 815616K->3232K(813568K)] 1814378K->1002754K(1837568K), 0.0114700 secs] [Times: user=0.07 sys=0.00, real=0.01 secs] 
536.667: [GC
Desired survivor size 4718592 bytes, new threshold 1 (max 15)
 [PSYoungGen: 813216K->3072K(814592K)] 1812738K->1004234K(1838592K), 0.0176680 secs] [Times: user=0.10 sys=0.02, real=0.02 secs] 
536.944: [GC
Desired survivor size 4718592 bytes, new threshold 1 (max 15)
 [PSYoungGen: 813056K->480K(814592K)] 1814218K->1001722K(1838592K), 0.0095180 secs] [Times: user=0.06 sys=0.01, real=0.01 secs] 
537.210: [GC
Desired survivor size 4718592 bytes, new threshold 1 (max 15)
 [PSYoungGen: 810464K->1952K(814592K)] 1811706K->1003234K(1838592K), 0.0101620 secs] [Times: user=0.06 sys=0.00, real=0.01 secs] 
537.464: [GC
Desired survivor size 5242880 bytes, new threshold 1 (max 15)
 [PSYoungGen: 811936K->3776K(813568K)] 1813218K->1005098K(1837568K), 0.0108280 secs] [Times: user=0.06 sys=0.00, real=0.02 secs] 
537.748: [GC
Desired survivor size 4718592 bytes, new threshold 1 (max 15)
 [PSYoungGen: 812736K->1088K(814080K)] 1814058K->1002442K(1838080K), 0.0095550 secs] [Times: user=0.06 sys=0.00, real=0.01 secs] 
538.004: [GC
Desired survivor size 4718592 bytes, new threshold 1 (max 15)
 [PSYoungGen: 810048K->2048K(814592K)] 1811402K->1003450K(1838592K), 0.0099720 secs] [Times: user=0.06 sys=0.00, real=0.01 secs] 
538.269: [GC
Desired survivor size 4718592 bytes, new threshold 1 (max 15)
 [PSYoungGen: 812032K->1056K(814592K)] 1813434K->1002490K(1838592K), 0.0101700 secs] [Times: user=0.06 sys=0.00, real=0.01 secs] 
538.530: [GC
Desired survivor size 4718592 bytes, new threshold 1 (max 15)
 [PSYoungGen: 811040K->1696K(814592K)] 1812474K->1003162K(1838592K), 0.0101310 secs] [Times: user=0.07 sys=0.00, real=0.01 secs] 
538.809: [GC
Desired survivor size 4194304 bytes, new threshold 1 (max 15)
 [PSYoungGen: 811680K->2368K(814592K)] 1813146K->1003874K(1838592K), 0.0104680 secs] [Times: user=0.06 sys=0.00, real=0.01 secs] 
539.071: [GC
Desired survivor size 4194304 bytes, new threshold 1 (max 15)
 [PSYoungGen: 812352K->1216K(815104K)] 1813858K->1002754K(1839104K), 0.0106290 secs] [Times: user=0.07 sys=0.00, real=0.01 secs] 
539.337: [GC
Desired survivor size 4194304 bytes, new threshold 1 (max 15)
 [PSYoungGen: 812224K->2368K(815104K)] 1813762K->1003938K(1839104K), 0.0108920 secs] [Times: user=0.07 sys=0.00, real=0.01 secs] 
539.600: [GC
Desired survivor size 4194304 bytes, new threshold 1 (max 15)
 [PSYoungGen: 813376K->1792K(815104K)] 1814946K->1003410K(1839104K), 0.0103790 secs] [Times: user=0.06 sys=0.00, real=0.01 secs] 
539.866: [GC
Desired survivor size 4718592 bytes, new threshold 1 (max 15)
 [PSYoungGen: 812800K->4096K(815104K)] 1814418K->1005738K(1839104K), 0.0106900 secs] [Times: user=0.07 sys=0.00, real=0.01 secs] 
540.140: [GC
Desired survivor size 4718592 bytes, new threshold 1 (max 15)
 [PSYoungGen: 815104K->2464K(814080K)] 1816746K->1004146K(1838080K), 0.0099320 secs] [Times: user=0.05 sys=0.00, real=0.01 secs] 
540.402: [GC
Desired survivor size 4718592 bytes, new threshold 1 (max 15)
 [PSYoungGen: 812448K->1984K(814592K)] 1814130K->1003706K(1838592K), 0.0103940 secs] [Times: user=0.05 sys=0.00, real=0.01 secs] 
540.663: [GC
Desired survivor size 4194304 bytes, new threshold 1 (max 15)
 [PSYoungGen: 811968K->2464K(815104K)] 1813690K->1004218K(1839104K), 0.0109630 secs] [Times: user=0.07 sys=0.00, real=0.01 secs] 
540.932: [GC
Desired survivor size 4194304 bytes, new threshold 1 (max 15)
 [PSYoungGen: 812960K->1216K(814592K)] 1814714K->1003010K(1838592K), 0.0099820 secs] [Times: user=0.06 sys=0.00, real=0.01 secs] 
541.198: [GC
Desired survivor size 4194304 bytes, new threshold 1 (max 15)
 [PSYoungGen: 811712K->1344K(815104K)] 1813506K->1003186K(1839104K), 0.0096150 secs] [Times: user=0.04 sys=0.00, real=0.01 secs] 
541.458: [GC
Desired survivor size 4194304 bytes, new threshold 1 (max 15)
 [PSYoungGen: 812352K->1824K(815104K)] 1814194K->1003706K(1839104K), 0.0107340 secs] [Times: user=0.05 sys=0.00, real=0.01 secs] 
541.737: [GC
Desired survivor size 4194304 bytes, new threshold 1 (max 15)
 [PSYoungGen: 812832K->2752K(815104K)] 1814714K->1004674K(1839104K), 0.0104110 secs] [Times: user=0.06 sys=0.00, real=0.01 secs] 
541.999: [GC
Desired survivor size 4194304 bytes, new threshold 1 (max 15)
 [PSYoungGen: 813760K->2304K(815104K)] 1815682K->1004282K(1839104K), 0.0110800 secs] [Times: user=0.06 sys=0.00, real=0.01 secs] 
542.262: [GC
Desired survivor size 4194304 bytes, new threshold 1 (max 15)
 [PSYoungGen: 813312K->1696K(815104K)] 1815290K->1003730K(1839104K), 0.0098220 secs] [Times: user=0.06 sys=0.00, real=0.01 secs] 
542.526: [GC
Desired survivor size 4194304 bytes, new threshold 1 (max 15)
 [PSYoungGen: 812704K->1504K(815104K)] 1814738K->1003594K(1839104K), 0.0098220 secs] [Times: user=0.05 sys=0.00, real=0.01 secs] 
542.802: [GC
Desired survivor size 4194304 bytes, new threshold 1 (max 15)
 [PSYoungGen: 812512K->832K(815104K)] 1814602K->1002954K(1839104K), 0.0097470 secs] [Times: user=0.05 sys=0.00, real=0.01 secs] 
543.069: [GC
Desired survivor size 3670016 bytes, new threshold 1 (max 15)
 [PSYoungGen: 811840K->1728K(815104K)] 1813962K->1003898K(1839104K), 0.0107980 secs] [Times: user=0.05 sys=0.01, real=0.01 secs] 
543.330: [GC
Desired survivor size 3670016 bytes, new threshold 1 (max 15)
 [PSYoungGen: 812736K->1920K(815616K)] 1814906K->1004130K(1839616K), 0.0105200 secs] [Times: user=0.06 sys=0.00, real=0.01 secs] 
543.593: [GC
Desired survivor size 3670016 bytes, new threshold 1 (max 15)
 [PSYoungGen: 813952K->2336K(815616K)] 1816162K->1004586K(1839616K), 0.0100680 secs] [Times: user=0.05 sys=0.00, real=0.01 secs] 
543.870: [GC
Desired survivor size 3670016 bytes, new threshold 1 (max 15)
 [PSYoungGen: 814368K->2016K(815616K)] 1816618K->1004322K(1839616K), 0.0106580 secs] [Times: user=0.04 sys=0.00, real=0.01 secs] 
544.134: [GC
Desired survivor size 3670016 bytes, new threshold 1 (max 15)
 [PSYoungGen: 814048K->1248K(815616K)] 1816354K->1003570K(1839616K), 0.0100980 secs] [Times: user=0.06 sys=0.00, real=0.01 secs] 
544.400: [GC
Desired survivor size 3670016 bytes, new threshold 1 (max 15)
 [PSYoungGen: 813280K->896K(815616K)] 1815602K->1003242K(1839616K), 0.0099310 secs] [Times: user=0.05 sys=0.00, real=0.01 secs] 
544.660: [GC
Desired survivor size 3670016 bytes, new threshold 1 (max 15)
 [PSYoungGen: 812928K->1472K(815616K)] 1815274K->1003866K(1839616K), 0.0101460 secs] [Times: user=0.07 sys=0.00, real=0.01 secs] 
544.941: [GC
Desired survivor size 3145728 bytes, new threshold 1 (max 15)
 [PSYoungGen: 813504K->1728K(816128K)] 1815898K->1004154K(1840128K), 0.0096580 secs] [Times: user=0.05 sys=0.00, real=0.01 secs] 
545.204: [GC
Desired survivor size 3145728 bytes, new threshold 1 (max 15)
 [PSYoungGen: 814272K->1216K(815616K)] 1816698K->1003682K(1839616K), 0.0098060 secs] [Times: user=0.06 sys=0.00, real=0.01 secs] 
545.466: [GC
Desired survivor size 3145728 bytes, new threshold 1 (max 15)
 [PSYoungGen: 813760K->2016K(816128K)] 1816226K->1004522K(1840128K), 0.0105810 secs] [Times: user=0.06 sys=0.00, real=0.01 secs] 
545.740: [GC
Desired survivor size 3145728 bytes, new threshold 1 (max 15)
 [PSYoungGen: 815072K->1472K(816128K)] 1817578K->1004026K(1840128K), 0.0098360 secs] [Times: user=0.05 sys=0.00, real=0.01 secs] 
546.000: [GC
Desired survivor size 3670016 bytes, new threshold 1 (max 15)
 [PSYoungGen: 814528K->2624K(815104K)] 1817082K->1005202K(1839104K), 0.0102480 secs] [Times: user=0.05 sys=0.00, real=0.01 secs] 
546.268: [GC
Desired survivor size 3145728 bytes, new threshold 1 (max 15)
 [PSYoungGen: 814656K->1792K(815616K)] 1817234K->1004410K(1839616K), 0.0103520 secs] [Times: user=0.05 sys=0.00, real=0.01 secs] 
546.528: [GC
Desired survivor size 3145728 bytes, new threshold 1 (max 15)
 [PSYoungGen: 813824K->1888K(816128K)] 1816442K->1004546K(1840128K), 0.0101210 secs] [Times: user=0.06 sys=0.00, real=0.01 secs] 
546.810: [GC
Desired survivor size 3145728 bytes, new threshold 1 (max 15)
 [PSYoungGen: 814944K->2496K(816128K)] 1817602K->1005178K(1840128K), 0.0103000 secs] [Times: user=0.05 sys=0.00, real=0.01 secs] 
547.076: [GC
Desired survivor size 3670016 bytes, new threshold 1 (max 15)
 [PSYoungGen: 815552K->3072K(815104K)] 1818234K->1005794K(1839104K), 0.0118610 secs] [Times: user=0.07 sys=0.01, real=0.01 secs] 
547.343: [GC
Desired survivor size 3670016 bytes, new threshold 1 (max 15)
 [PSYoungGen: 815104K->1920K(815616K)] 1817826K->1004674K(1839616K), 0.0100500 secs] [Times: user=0.05 sys=0.00, real=0.01 secs] 
547.597: [GC
Desired survivor size 3670016 bytes, new threshold 1 (max 15)
 [PSYoungGen: 813952K->1536K(815616K)] 1816706K->1004338K(1839616K), 0.0099730 secs] [Times: user=0.06 sys=0.00, real=0.01 secs] 
547.872: [GC
Desired survivor size 3670016 bytes, new threshold 1 (max 15)
 [PSYoungGen: 813568K->2016K(815616K)] 1816370K->1004850K(1839616K), 0.0103090 secs] [Times: user=0.07 sys=0.00, real=0.01 secs] 
548.140: [GC
Desired survivor size 3670016 bytes, new threshold 1 (max 15)
 [PSYoungGen: 814048K->576K(815616K)] 1816882K->1003442K(1839616K), 0.0097400 secs] [Times: user=0.07 sys=0.00, real=0.01 secs] 
548.400: [GC
Desired survivor size 3670016 bytes, new threshold 1 (max 15)
 [PSYoungGen: 812608K->3008K(815616K)] 1815474K->1005898K(1839616K), 0.0106320 secs] [Times: user=0.06 sys=0.00, real=0.01 secs] 
548.668: [GC
Desired survivor size 3670016 bytes, new threshold 1 (max 15)
 [PSYoungGen: 815040K->1696K(815616K)] 1817930K->1004618K(1839616K), 0.0112350 secs] [Times: user=0.06 sys=0.01, real=0.01 secs] 
548.937: [GC
Desired survivor size 3670016 bytes, new threshold 1 (max 15)
 [PSYoungGen: 813728K->896K(815616K)] 1816650K->1003874K(1839616K), 0.0098420 secs] [Times: user=0.04 sys=0.00, real=0.01 secs] 
549.206: [GC
Desired survivor size 3670016 bytes, new threshold 1 (max 15)
 [PSYoungGen: 812928K->1216K(815616K)] 1815906K->1004234K(1839616K), 0.0099950 secs] [Times: user=0.06 sys=0.00, real=0.01 secs] 
549.473: [GC
Desired survivor size 3670016 bytes, new threshold 1 (max 15)
 [PSYoungGen: 813248K->352K(815616K)] 1816266K->1003410K(1839616K), 0.0096620 secs] [Times: user=0.06 sys=0.00, real=0.01 secs] 
549.740: [GC
Desired survivor size 3670016 bytes, new threshold 1 (max 15)
 [PSYoungGen: 812384K->1440K(815616K)] 1815442K->1004554K(1839616K), 0.0098940 secs] [Times: user=0.06 sys=0.00, real=0.01 secs] 
550.005: [GC
Desired survivor size 3670016 bytes, new threshold 1 (max 15)
 [PSYoungGen: 813472K->1696K(815616K)] 1816586K->1004858K(1839616K), 0.0099460 secs] [Times: user=0.05 sys=0.01, real=0.01 secs] 
550.273: [GC
Desired survivor size 3145728 bytes, new threshold 1 (max 15)
 [PSYoungGen: 813728K->1664K(816128K)] 1816890K->1004866K(1840128K), 0.0098290 secs] [Times: user=0.06 sys=0.00, real=0.01 secs] 
550.541: [GC
Desired survivor size 3145728 bytes, new threshold 1 (max 15)
 [PSYoungGen: 814208K->1216K(815616K)] 1817410K->1004466K(1839616K), 0.0096960 secs] [Times: user=0.06 sys=0.00, real=0.01 secs] 
550.820: [GC
Desired survivor size 3145728 bytes, new threshold 1 (max 15)
 [PSYoungGen: 813760K->1536K(816128K)] 1817010K->1004826K(1840128K), 0.0099880 secs] [Times: user=0.05 sys=0.00, real=0.01 secs] 
551.089: [GC
Desired survivor size 3145728 bytes, new threshold 1 (max 15)
 [PSYoungGen: 814592K->1408K(816128K)] 1817882K->1004746K(1840128K), 0.0108630 secs] [Times: user=0.05 sys=0.00, real=0.01 secs] 
551.360: [GC
Desired survivor size 3145728 bytes, new threshold 1 (max 15)
 [PSYoungGen: 814464K->1152K(816128K)] 1817802K->1004530K(1840128K), 0.0098240 secs] [Times: user=0.06 sys=0.00, real=0.01 secs] 
551.621: [GC
Desired survivor size 3145728 bytes, new threshold 1 (max 15)
 [PSYoungGen: 814208K->576K(816128K)] 1817586K->1004002K(1840128K), 0.0132040 secs] [Times: user=0.08 sys=0.00, real=0.01 secs] 
551.940: [GC
Desired survivor size 3145728 bytes, new threshold 1 (max 15)
 [PSYoungGen: 813632K->1216K(816128K)] 1817058K->1004682K(1840128K), 0.0096190 secs] [Times: user=0.06 sys=0.00, real=0.01 secs] 
552.209: [GC
Desired survivor size 3145728 bytes, new threshold 1 (max 15)
 [PSYoungGen: 814272K->2112K(816128K)] 1817738K->1005610K(1840128K), 0.0105560 secs] [Times: user=0.05 sys=0.01, real=0.01 secs] 
552.471: [GC
Desired survivor size 3145728 bytes, new threshold 1 (max 15)
 [PSYoungGen: 815168K->1984K(816128K)] 1818666K->1005538K(1840128K), 0.0105040 secs] [Times: user=0.06 sys=0.00, real=0.01 secs] 
552.772: [GC
Desired survivor size 3145728 bytes, new threshold 1 (max 15)
 [PSYoungGen: 815040K->1536K(816128K)] 1818594K->1005122K(1840128K), 0.0113900 secs] [Times: user=0.07 sys=0.00, real=0.01 secs] 
553.046: [GC
Desired survivor size 3145728 bytes, new threshold 1 (max 15)
 [PSYoungGen: 814592K->2848K(816128K)] 1818178K->1006642K(1840128K), 0.0116640 secs] [Times: user=0.06 sys=0.00, real=0.02 secs] 
553.312: [GC
Desired survivor size 3670016 bytes, new threshold 1 (max 15)
 [PSYoungGen: 815904K->2208K(815616K)] 1819698K->1006338K(1839616K), 0.0103190 secs] [Times: user=0.06 sys=0.00, real=0.01 secs] 
553.574: [GC
Desired survivor size 3670016 bytes, new threshold 1 (max 15)
 [PSYoungGen: 815264K->2528K(815616K)] 1819394K->1006762K(1839616K), 0.0119750 secs] [Times: user=0.08 sys=0.00, real=0.02 secs] 
553.849: [GC
Desired survivor size 3670016 bytes, new threshold 1 (max 15)
 [PSYoungGen: 814560K->768K(815616K)] 1818794K->1005130K(1839616K), 0.0102360 secs] [Times: user=0.06 sys=0.00, real=0.01 secs] 
554.103: [GC
Desired survivor size 3670016 bytes, new threshold 1 (max 15)
 [PSYoungGen: 812800K->896K(815616K)] 1817162K->1005330K(1839616K), 0.0099110 secs] [Times: user=0.07 sys=0.00, real=0.01 secs] 
554.381: [GC
Desired survivor size 3670016 bytes, new threshold 1 (max 15)
 [PSYoungGen: 812928K->2304K(815616K)] 1817362K->1006778K(1839616K), 0.0105160 secs] [Times: user=0.06 sys=0.00, real=0.01 secs] 
554.648: [GC
Desired survivor size 3670016 bytes, new threshold 1 (max 15)
 [PSYoungGen: 814336K->2688K(815616K)] 1818810K->1007194K(1839616K), 0.0111990 secs] [Times: user=0.07 sys=0.00, real=0.01 secs] 
554.929: [GC
Desired survivor size 3670016 bytes, new threshold 1 (max 15)
 [PSYoungGen: 814720K->1440K(815616K)] 1819226K->1006002K(1839616K), 0.0109140 secs] [Times: user=0.06 sys=0.00, real=0.01 secs] 
555.196: [GC
Desired survivor size 4194304 bytes, new threshold 1 (max 15)
 [PSYoungGen: 813472K->3584K(814592K)] 1818034K->1008222K(1838592K), 0.0113110 secs] [Times: user=0.07 sys=0.00, real=0.02 secs] 
555.459: [GC
Desired survivor size 4194304 bytes, new threshold 1 (max 15)
 [PSYoungGen: 814592K->1952K(815104K)] 1819230K->1006638K(1839104K), 0.0102690 secs] [Times: user=0.06 sys=0.00, real=0.01 secs] 
555.734: [GC
Desired survivor size 4194304 bytes, new threshold 1 (max 15)
 [PSYoungGen: 812960K->1376K(815104K)] 1817646K->1006110K(1839104K), 0.0101500 secs] [Times: user=0.06 sys=0.00, real=0.01 secs] 
555.998: [GC
Desired survivor size 4194304 bytes, new threshold 1 (max 15)
 [PSYoungGen: 812384K->2176K(815104K)] 1817118K->1006942K(1839104K), 0.0108750 secs] [Times: user=0.05 sys=0.00, real=0.01 secs] 
556.267: [GC
Desired survivor size 4718592 bytes, new threshold 1 (max 15)
 [PSYoungGen: 813184K->3904K(814080K)] 1817950K->1008702K(1838080K), 0.0105590 secs] [Times: user=0.06 sys=0.00, real=0.02 secs] 
556.539: [GC
Desired survivor size 4194304 bytes, new threshold 1 (max 15)
 [PSYoungGen: 813888K->1856K(814592K)] 1818686K->1006678K(1838592K), 0.0102920 secs] [Times: user=0.07 sys=0.00, real=0.01 secs] 
556.806: [GC
Desired survivor size 4194304 bytes, new threshold 1 (max 15)
 [PSYoungGen: 811840K->1728K(815104K)] 1816662K->1006590K(1839104K), 0.0103760 secs] [Times: user=0.06 sys=0.00, real=0.01 secs] 
557.070: [GC
Desired survivor size 4194304 bytes, new threshold 1 (max 15)
 [PSYoungGen: 812736K->2496K(815104K)] 1817598K->1007390K(1839104K), 0.0117870 secs] [Times: user=0.07 sys=0.00, real=0.01 secs] 
557.406: [GC
Desired survivor size 4194304 bytes, new threshold 1 (max 15)
 [PSYoungGen: 813504K->1792K(815104K)] 1818398K->1006734K(1839104K), 0.0293120 secs] [Times: user=0.04 sys=0.00, real=0.03 secs] 
557.706: [GC
Desired survivor size 4194304 bytes, new threshold 1 (max 15)
 [PSYoungGen: 812800K->736K(815104K)] 1817742K->1005726K(1839104K), 0.0097350 secs] [Times: user=0.05 sys=0.00, real=0.01 secs] 
557.969: [GC
Desired survivor size 4194304 bytes, new threshold 1 (max 15)
 [PSYoungGen: 811744K->1472K(815104K)] 1816734K->1006518K(1839104K), 0.0099100 secs] [Times: user=0.06 sys=0.00, real=0.01 secs] 
558.234: [GC
Desired survivor size 4194304 bytes, new threshold 1 (max 15)
 [PSYoungGen: 812480K->2624K(815104K)] 1817526K->1007710K(1839104K), 0.0107700 secs] [Times: user=0.06 sys=0.00, real=0.01 secs] 
558.501: [GC
Desired survivor size 4194304 bytes, new threshold 1 (max 15)
 [PSYoungGen: 813632K->1824K(815104K)] 1818718K->1006934K(1839104K), 0.0101360 secs] [Times: user=0.04 sys=0.00, real=0.01 secs] 
558.774: [GC
Desired survivor size 4194304 bytes, new threshold 1 (max 15)
 [PSYoungGen: 812832K->832K(815104K)] 1817942K->1005982K(1839104K), 0.0096550 secs] [Times: user=0.05 sys=0.00, real=0.01 secs] 
559.038: [GC
Desired survivor size 3670016 bytes, new threshold 1 (max 15)
 [PSYoungGen: 811840K->1888K(815616K)] 1816990K->1007070K(1839616K), 0.0098740 secs] [Times: user=0.05 sys=0.00, real=0.01 secs] 
559.307: [GC
Desired survivor size 3670016 bytes, new threshold 1 (max 15)
 [PSYoungGen: 813408K->1632K(815104K)] 1818590K->1006838K(1839104K), 0.0099080 secs] [Times: user=0.05 sys=0.00, real=0.01 secs] 
559.573: [GC
Desired survivor size 3670016 bytes, new threshold 1 (max 15)
 [PSYoungGen: 813152K->1856K(815616K)] 1818358K->1007118K(1839616K), 0.0108800 secs] [Times: user=0.06 sys=0.00, real=0.01 secs] 
559.848: [GC
Desired survivor size 3670016 bytes, new threshold 1 (max 15)
 [PSYoungGen: 813888K->1056K(815616K)] 1819150K->1006358K(1839616K), 0.0097290 secs] [Times: user=0.06 sys=0.00, real=0.01 secs] 
560.110: [GC
Desired survivor size 3670016 bytes, new threshold 1 (max 15)
 [PSYoungGen: 813088K->672K(815616K)] 1818390K->1006006K(1839616K), 0.0092720 secs] [Times: user=0.05 sys=0.00, real=0.01 secs] 
560.376: [GC
Desired survivor size 3670016 bytes, new threshold 1 (max 15)
 [PSYoungGen: 812704K->2016K(815616K)] 1818038K->1007390K(1839616K), 0.0102250 secs] [Times: user=0.06 sys=0.00, real=0.01 secs] 
560.645: [GC
Desired survivor size 3670016 bytes, new threshold 1 (max 15)
 [PSYoungGen: 814048K->1248K(815616K)] 1819422K->1006654K(1839616K), 0.0100150 secs] [Times: user=0.05 sys=0.00, real=0.01 secs] 
560.922: [GC
Desired survivor size 3145728 bytes, new threshold 1 (max 15)
 [PSYoungGen: 813280K->1632K(815616K)] 1818686K->1007078K(1839616K), 0.0100910 secs] [Times: user=0.05 sys=0.00, real=0.01 secs] 
561.189: [GC
Desired survivor size 3145728 bytes, new threshold 1 (max 15)
 [PSYoungGen: 813664K->1504K(816128K)] 1819110K->1006974K(1840128K), 0.0098220 secs] [Times: user=0.06 sys=0.00, real=0.01 secs] 
561.451: [GC
Desired survivor size 3145728 bytes, new threshold 1 (max 15)
 [PSYoungGen: 814560K->1024K(816128K)] 1820030K->1006542K(1840128K), 0.0104210 secs] [Times: user=0.05 sys=0.00, real=0.01 secs] 
561.719: [GC
Desired survivor size 3670016 bytes, new threshold 1 (max 15)
 [PSYoungGen: 814080K->2944K(815104K)] 1819598K->1008502K(1839104K), 0.0108390 secs] [Times: user=0.06 sys=0.00, real=0.01 secs] 
561.987: [GC
Desired survivor size 3670016 bytes, new threshold 1 (max 15)
 [PSYoungGen: 814976K->704K(815616K)] 1820534K->1006326K(1839616K), 0.0096190 secs] [Times: user=0.05 sys=0.00, real=0.01 secs] 
562.259: [GC
Desired survivor size 3670016 bytes, new threshold 1 (max 15)
 [PSYoungGen: 812736K->960K(815616K)] 1818358K->1006614K(1839616K), 0.0098110 secs] [Times: user=0.05 sys=0.00, real=0.01 secs] 
562.532: [GC
Desired survivor size 3670016 bytes, new threshold 1 (max 15)
 [PSYoungGen: 812992K->1856K(815616K)] 1818646K->1007550K(1839616K), 0.0101740 secs] [Times: user=0.06 sys=0.00, real=0.01 secs] 
562.801: [GC
Desired survivor size 3670016 bytes, new threshold 1 (max 15)
 [PSYoungGen: 813888K->3136K(815616K)] 1819582K->1009222K(1839616K), 0.0115830 secs] [Times: user=0.05 sys=0.01, real=0.01 secs] 
563.059: [GC
Desired survivor size 3670016 bytes, new threshold 1 (max 15)
 [PSYoungGen: 815168K->1344K(815616K)] 1821254K->1008294K(1839616K), 0.0106780 secs] [Times: user=0.06 sys=0.01, real=0.01 secs] 
563.328: [GC
Desired survivor size 3670016 bytes, new threshold 1 (max 15)
 [PSYoungGen: 813376K->1408K(815616K)] 1820326K->1008406K(1839616K), 0.0101140 secs] [Times: user=0.06 sys=0.00, real=0.01 secs] 
563.590: [GC
Desired survivor size 3670016 bytes, new threshold 1 (max 15)
 [PSYoungGen: 813440K->1600K(815616K)] 1820438K->1008638K(1839616K), 0.0101830 secs] [Times: user=0.06 sys=0.00, real=0.01 secs] 
563.862: [GC
Desired survivor size 3145728 bytes, new threshold 1 (max 15)
 [PSYoungGen: 813632K->1312K(816128K)] 1820670K->1008398K(1840128K), 0.0106070 secs] [Times: user=0.06 sys=0.00, real=0.01 secs] 
564.120: [GC
Desired survivor size 3670016 bytes, new threshold 1 (max 15)
 [PSYoungGen: 813856K->2016K(815616K)] 1820942K->1009270K(1839616K), 0.0151080 secs] [Times: user=0.07 sys=0.00, real=0.01 secs] 
564.393: [GC
Desired survivor size 3670016 bytes, new threshold 1 (max 15)
 [PSYoungGen: 814560K->2848K(815616K)] 1821814K->1010702K(1839616K), 0.0121810 secs] [Times: user=0.06 sys=0.01, real=0.01 secs] 
564.657: [GC
Desired survivor size 3670016 bytes, new threshold 1 (max 15)
 [PSYoungGen: 814880K->1184K(815616K)] 1822734K->1009150K(1839616K), 0.0098430 secs] [Times: user=0.06 sys=0.00, real=0.01 secs] 
564.936: [GC
Desired survivor size 3670016 bytes, new threshold 1 (max 15)
 [PSYoungGen: 813216K->544K(815616K)] 1821182K->1008542K(1839616K), 0.0092740 secs] [Times: user=0.05 sys=0.01, real=0.01 secs] 
565.196: [GC
Desired survivor size 4194304 bytes, new threshold 1 (max 15)
 [PSYoungGen: 812576K->2880K(815104K)] 1820574K->1010926K(1839104K), 0.0107790 secs] [Times: user=0.06 sys=0.00, real=0.01 secs] 
565.457: [GC
Desired survivor size 3670016 bytes, new threshold 1 (max 15)
 [PSYoungGen: 814912K->1312K(815616K)] 1822958K->1009398K(1839616K), 0.0098170 secs] [Times: user=0.06 sys=0.00, real=0.01 secs] 
565.728: [GC
Desired survivor size 3670016 bytes, new threshold 1 (max 15)
 [PSYoungGen: 812832K->2016K(815104K)] 1820918K->1010150K(1839104K), 0.0099900 secs] [Times: user=0.05 sys=0.00, real=0.01 secs] 
565.997: [GC
Desired survivor size 3670016 bytes, new threshold 1 (max 15)
 [PSYoungGen: 813536K->1056K(815616K)] 1821670K->1009238K(1839616K), 0.0098320 secs] [Times: user=0.05 sys=0.00, real=0.01 secs] 
566.266: [GC
Desired survivor size 3670016 bytes, new threshold 1 (max 15)
 [PSYoungGen: 813088K->2432K(815616K)] 1821270K->1010638K(1839616K), 0.0099830 secs] [Times: user=0.07 sys=0.00, real=0.01 secs] 
566.527: [GC
Desired survivor size 3670016 bytes, new threshold 1 (max 15)
 [PSYoungGen: 814464K->896K(815616K)] 1822670K->1009142K(1839616K), 0.0097580 secs] [Times: user=0.06 sys=0.00, real=0.01 secs] 
566.797: [GC
Desired survivor size 3670016 bytes, new threshold 1 (max 15)
 [PSYoungGen: 812928K->1568K(815616K)] 1821174K->1009846K(1839616K), 0.0097920 secs] [Times: user=0.05 sys=0.01, real=0.01 secs] 
567.058: [GC
Desired survivor size 3670016 bytes, new threshold 1 (max 15)
 [PSYoungGen: 813600K->1376K(815616K)] 1821878K->1009686K(1839616K), 0.0097920 secs] [Times: user=0.06 sys=0.00, real=0.01 secs] 
567.321: [GC
Desired survivor size 3670016 bytes, new threshold 1 (max 15)
 [PSYoungGen: 813408K->992K(815616K)] 1821718K->1009326K(1839616K), 0.0095160 secs] [Times: user=0.06 sys=0.00, real=0.01 secs] 
567.584: [GC
Desired survivor size 3145728 bytes, new threshold 1 (max 15)
 [PSYoungGen: 813024K->1024K(816128K)] 1821358K->1009390K(1840128K), 0.0098160 secs] [Times: user=0.06 sys=0.00, real=0.01 secs] 
567.859: [GC
Desired survivor size 3670016 bytes, new threshold 1 (max 15)
 [PSYoungGen: 813568K->1952K(815616K)] 1821934K->1010334K(1839616K), 0.0100230 secs] [Times: user=0.07 sys=0.00, real=0.01 secs] 
568.125: [GC
Desired survivor size 3145728 bytes, new threshold 1 (max 15)
 [PSYoungGen: 814496K->1760K(816128K)] 1822878K->1010198K(1840128K), 0.0113410 secs] [Times: user=0.06 sys=0.00, real=0.01 secs] 
568.394: [GC
Desired survivor size 3145728 bytes, new threshold 1 (max 15)
 [PSYoungGen: 814304K->2080K(815616K)] 1822742K->1010550K(1839616K), 0.0102000 secs] [Times: user=0.06 sys=0.00, real=0.01 secs] 
568.653: [GC
Desired survivor size 3670016 bytes, new threshold 1 (max 15)
 [PSYoungGen: 814624K->3072K(815104K)] 1823094K->1011678K(1839104K), 0.0109030 secs] [Times: user=0.06 sys=0.00, real=0.01 secs] 
568.930: [GC
Desired survivor size 3670016 bytes, new threshold 1 (max 15)
 [PSYoungGen: 815104K->1728K(815616K)] 1823710K->1011334K(1839616K), 0.0116660 secs] [Times: user=0.06 sys=0.01, real=0.01 secs] 
569.189: [GC
Desired survivor size 4194304 bytes, new threshold 1 (max 15)
 [PSYoungGen: 813760K->3008K(814592K)] 1823366K->1013270K(1838592K), 0.0107470 secs] [Times: user=0.07 sys=0.00, real=0.02 secs] 
569.450: [GC
Desired survivor size 3670016 bytes, new threshold 1 (max 15)
 [PSYoungGen: 814016K->1568K(815104K)] 1824278K->1011870K(1839104K), 0.0101440 secs] [Times: user=0.06 sys=0.00, real=0.01 secs] 
569.720: [GC
Desired survivor size 3670016 bytes, new threshold 1 (max 15)
 [PSYoungGen: 812576K->2336K(815616K)] 1822878K->1012686K(1839616K), 0.0102940 secs] [Times: user=0.06 sys=0.00, real=0.01 secs] 
569.984: [GC
Desired survivor size 4194304 bytes, new threshold 1 (max 15)
 [PSYoungGen: 814368K->416K(812544K)] 1824718K->1010798K(1836544K), 0.0095460 secs] [Times: user=0.04 sys=0.00, real=0.01 secs] 
570.250: [GC
Desired survivor size 4194304 bytes, new threshold 1 (max 15)
 [PSYoungGen: 812448K->2176K(815104K)] 1822830K->1012590K(1839104K), 0.0104380 secs] [Times: user=0.06 sys=0.00, real=0.01 secs] 
570.506: [GC
Desired survivor size 3670016 bytes, new threshold 1 (max 15)
 [PSYoungGen: 813184K->1664K(815104K)] 1823598K->1012118K(1839104K), 0.0103110 secs] [Times: user=0.07 sys=0.00, real=0.01 secs] 
570.779: [GC
Desired survivor size 4194304 bytes, new threshold 1 (max 15)
 [PSYoungGen: 812672K->3200K(814592K)] 1823126K->1013686K(1838592K), 0.0106800 secs] [Times: user=0.06 sys=0.00, real=0.01 secs] 
571.098: [GC
Desired survivor size 4194304 bytes, new threshold 1 (max 15)
 [PSYoungGen: 814208K->1984K(815104K)] 1824694K->1012502K(1839104K), 0.0105130 secs] [Times: user=0.07 sys=0.00, real=0.01 secs] 
571.458: [GC
Desired survivor size 4194304 bytes, new threshold 1 (max 15)
 [PSYoungGen: 812992K->3136K(815104K)] 1823510K->1013686K(1839104K), 0.0106760 secs] [Times: user=0.07 sys=0.00, real=0.01 secs] 
571.740: [GC
Desired survivor size 4194304 bytes, new threshold 1 (max 15)
 [PSYoungGen: 814144K->2816K(815104K)] 1824694K->1013398K(1839104K), 0.0114350 secs] [Times: user=0.07 sys=0.00, real=0.01 secs] 
572.037: [GC
Desired survivor size 4718592 bytes, new threshold 1 (max 15)
 [PSYoungGen: 813824K->224K(814080K)] 1824406K->1010854K(1838080K), 0.0090050 secs] [Times: user=0.04 sys=0.01, real=0.01 secs] 
572.302: [GC
Desired survivor size 4194304 bytes, new threshold 1 (max 15)
 [PSYoungGen: 810208K->1312K(814592K)] 1820838K->1011966K(1838592K), 0.0110190 secs] [Times: user=0.06 sys=0.00, real=0.01 secs] 
572.668: [GC
Desired survivor size 4194304 bytes, new threshold 1 (max 15)
 [PSYoungGen: 811296K->1728K(815104K)] 1821950K->1012430K(1839104K), 0.0128040 secs] [Times: user=0.07 sys=0.00, real=0.02 secs] 
572.944: [GC
Desired survivor size 4194304 bytes, new threshold 1 (max 15)
 [PSYoungGen: 812736K->1056K(815104K)] 1823438K->1011998K(1839104K), 0.0101090 secs] [Times: user=0.05 sys=0.00, real=0.01 secs] 
573.206: [GC
Desired survivor size 4194304 bytes, new threshold 1 (max 15)
 [PSYoungGen: 812064K->1056K(815104K)] 1823006K->1012438K(1839104K), 0.0099660 secs] [Times: user=0.06 sys=0.00, real=0.01 secs] 
573.471: [GC
Desired survivor size 4194304 bytes, new threshold 1 (max 15)
 [PSYoungGen: 812064K->2016K(815104K)] 1823446K->1013686K(1839104K), 0.0099760 secs] [Times: user=0.06 sys=0.00, real=0.01 secs] 
573.739: [GC
Desired survivor size 4194304 bytes, new threshold 1 (max 15)
 [PSYoungGen: 813024K->2176K(815104K)] 1824694K->1013870K(1839104K), 0.0100820 secs] [Times: user=0.06 sys=0.00, real=0.01 secs] 
574.002: [GC
Desired survivor size 3670016 bytes, new threshold 1 (max 15)
 [PSYoungGen: 813184K->1760K(815104K)] 1824878K->1013494K(1839104K), 0.0100360 secs] [Times: user=0.06 sys=0.00, real=0.01 secs] 
574.270: [GC
Desired survivor size 3670016 bytes, new threshold 1 (max 15)
 [PSYoungGen: 812768K->768K(815616K)] 1824502K->1012550K(1839616K), 0.0094980 secs] [Times: user=0.05 sys=0.00, real=0.01 secs] 
574.539: [GC
Desired survivor size 3670016 bytes, new threshold 1 (max 15)
 [PSYoungGen: 812800K->736K(815616K)] 1824582K->1012558K(1839616K), 0.0092720 secs] [Times: user=0.06 sys=0.00, real=0.00 secs] 
574.825: [GC
Desired survivor size 3670016 bytes, new threshold 1 (max 15)
 [PSYoungGen: 812768K->704K(815616K)] 1824590K->1012566K(1839616K), 0.0101310 secs] [Times: user=0.06 sys=0.00, real=0.01 secs] 
575.089: [GC
Desired survivor size 4194304 bytes, new threshold 1 (max 15)
 [PSYoungGen: 812736K->3232K(815616K)] 1824598K->1015126K(1839616K), 0.0105970 secs] [Times: user=0.06 sys=0.00, real=0.01 secs] 
575.351: [GC
Desired survivor size 4194304 bytes, new threshold 1 (max 15)
 [PSYoungGen: 815264K->2080K(814592K)] 1827158K->1014014K(1838592K), 0.0102930 secs] [Times: user=0.06 sys=0.01, real=0.01 secs] 
575.607: [GC
Desired survivor size 4194304 bytes, new threshold 1 (max 15)
 [PSYoungGen: 813088K->1856K(815104K)] 1825022K->1014318K(1839104K), 0.0108700 secs] [Times: user=0.06 sys=0.01, real=0.01 secs] 
575.885: [GC
Desired survivor size 3670016 bytes, new threshold 1 (max 15)
 [PSYoungGen: 812864K->960K(815616K)] 1825326K->1014294K(1839616K), 0.0110120 secs] [Times: user=0.05 sys=0.01, real=0.01 secs] 
576.158: [GC
Desired survivor size 3670016 bytes, new threshold 1 (max 15)
 [PSYoungGen: 812480K->2048K(815104K)] 1825814K->1015790K(1839104K), 0.0106260 secs] [Times: user=0.06 sys=0.00, real=0.01 secs] 
576.416: [GC
Desired survivor size 3670016 bytes, new threshold 1 (max 15)
 [PSYoungGen: 813568K->2048K(815616K)] 1827310K->1015830K(1839616K), 0.0102120 secs] [Times: user=0.06 sys=0.00, real=0.01 secs] 
576.679: [GC
Desired survivor size 3670016 bytes, new threshold 1 (max 15)
 [PSYoungGen: 814080K->1664K(815616K)] 1827862K->1015470K(1839616K), 0.0184910 secs] [Times: user=0.07 sys=0.00, real=0.02 secs] 
576.954: [GC
Desired survivor size 4194304 bytes, new threshold 1 (max 15)
 [PSYoungGen: 813696K->3008K(814592K)] 1827502K->1016846K(1838592K), 0.0108800 secs] [Times: user=0.06 sys=0.00, real=0.01 secs] 
577.228: [GC
Desired survivor size 3670016 bytes, new threshold 1 (max 15)
 [PSYoungGen: 814016K->1280K(815104K)] 1827854K->1015150K(1839104K), 0.0099380 secs] [Times: user=0.06 sys=0.00, real=0.01 secs] 
577.493: [GC
Desired survivor size 3670016 bytes, new threshold 1 (max 15)
 [PSYoungGen: 812288K->1120K(815616K)] 1826158K->1015014K(1839616K), 0.0099200 secs] [Times: user=0.06 sys=0.00, real=0.01 secs] 
577.766: [GC
Desired survivor size 3670016 bytes, new threshold 1 (max 15)
 [PSYoungGen: 813152K->1248K(815616K)] 1827046K->1015182K(1839616K), 0.0096550 secs] [Times: user=0.06 sys=0.01, real=0.01 secs] 
578.028: [GC
Desired survivor size 3670016 bytes, new threshold 1 (max 15)
 [PSYoungGen: 813280K->2048K(815616K)] 1827214K->1016006K(1839616K), 0.0100640 secs] [Times: user=0.07 sys=0.00, real=0.01 secs] 
578.293: [GC
Desired survivor size 3670016 bytes, new threshold 1 (max 15)
 [PSYoungGen: 814080K->640K(815616K)] 1828038K->1014638K(1839616K), 0.0098820 secs] [Times: user=0.05 sys=0.00, real=0.01 secs] 
578.553: [GC
Desired survivor size 3670016 bytes, new threshold 1 (max 15)
 [PSYoungGen: 812672K->1600K(815616K)] 1826670K->1015646K(1839616K), 0.0102290 secs] [Times: user=0.06 sys=0.00, real=0.01 secs] 
578.830: [GC
Desired survivor size 3145728 bytes, new threshold 1 (max 15)
 [PSYoungGen: 813632K->1664K(815616K)] 1827678K->1015790K(1839616K), 0.0104470 secs] [Times: user=0.07 sys=0.00, real=0.01 secs] 
579.092: [GC
Desired survivor size 3670016 bytes, new threshold 1 (max 15)
 [PSYoungGen: 813696K->2048K(815104K)] 1827822K->1016206K(1839104K), 0.0101010 secs] [Times: user=0.05 sys=0.01, real=0.01 secs] 
579.350: [GC
Desired survivor size 3145728 bytes, new threshold 1 (max 15)
 [PSYoungGen: 814080K->1536K(815616K)] 1828238K->1015742K(1839616K), 0.0103520 secs] [Times: user=0.06 sys=0.01, real=0.01 secs] 
579.624: [GC
Desired survivor size 3145728 bytes, new threshold 1 (max 15)
 [PSYoungGen: 813568K->1856K(816128K)] 1827774K->1016110K(1840128K), 0.0102270 secs] [Times: user=0.06 sys=0.00, real=0.01 secs] 
579.902: [GC
Desired survivor size 3670016 bytes, new threshold 1 (max 15)
 [PSYoungGen: 814912K->2560K(815616K)] 1829166K->1016854K(1839616K), 0.0106660 secs] [Times: user=0.07 sys=0.00, real=0.01 secs] 
580.165: [GC
Desired survivor size 4194304 bytes, new threshold 1 (max 15)
 [PSYoungGen: 815616K->3520K(814592K)] 1829910K->1017862K(1838592K), 0.0112450 secs] [Times: user=0.07 sys=0.00, real=0.01 secs] 
580.432: [GC
Desired survivor size 3670016 bytes, new threshold 1 (max 15)
 [PSYoungGen: 814528K->1568K(815104K)] 1828870K->1015958K(1839104K), 0.0100780 secs] [Times: user=0.06 sys=0.00, real=0.01 secs] 
580.709: [GC
Desired survivor size 3670016 bytes, new threshold 1 (max 15)
 [PSYoungGen: 812576K->2304K(815616K)] 1826966K->1016726K(1839616K), 0.0107370 secs] [Times: user=0.06 sys=0.00, real=0.02 secs] 
580.967: [GC
Desired survivor size 3670016 bytes, new threshold 1 (max 15)
 [PSYoungGen: 814336K->1504K(815616K)] 1828758K->1015958K(1839616K), 0.0097210 secs] [Times: user=0.05 sys=0.00, real=0.01 secs] 
581.232: [GC
Desired survivor size 3670016 bytes, new threshold 1 (max 15)
 [PSYoungGen: 813536K->1728K(815616K)] 1827990K->1016230K(1839616K), 0.0105600 secs] [Times: user=0.07 sys=0.00, real=0.01 secs] 
581.503: [GC
Desired survivor size 3670016 bytes, new threshold 1 (max 15)
 [PSYoungGen: 813760K->320K(815616K)] 1828262K->1014870K(1839616K), 0.0095000 secs] [Times: user=0.05 sys=0.01, real=0.01 secs] 
581.776: [GC
Desired survivor size 4718592 bytes, new threshold 1 (max 15)
 [PSYoungGen: 812352K->3584K(813568K)] 1826902K->1018590K(1837568K), 0.0116240 secs] [Times: user=0.06 sys=0.01, real=0.01 secs] 
582.039: [GC
Desired survivor size 4718592 bytes, new threshold 1 (max 15)
 [PSYoungGen: 813568K->352K(814592K)] 1828574K->1015462K(1838592K), 0.0095830 secs] [Times: user=0.04 sys=0.00, real=0.01 secs] 
582.303: [GC
Desired survivor size 4718592 bytes, new threshold 1 (max 15)
 [PSYoungGen: 810336K->3264K(814592K)] 1825446K->1018422K(1838592K), 0.0118900 secs] [Times: user=0.05 sys=0.00, real=0.01 secs] 
582.567: [GC
Desired survivor size 4718592 bytes, new threshold 1 (max 15)
 [PSYoungGen: 813248K->1472K(814592K)] 1828406K->1016662K(1838592K), 0.0099570 secs] [Times: user=0.05 sys=0.00, real=0.01 secs] 
582.840: [GC
Desired survivor size 4718592 bytes, new threshold 1 (max 15)
 [PSYoungGen: 811456K->3072K(814592K)] 1826646K->1018286K(1838592K), 0.0106050 secs] [Times: user=0.06 sys=0.00, real=0.02 secs] 
583.096: [GC
Desired survivor size 4718592 bytes, new threshold 1 (max 15)
 [PSYoungGen: 813056K->1344K(814592K)] 1828270K->1016590K(1838592K), 0.0098770 secs] [Times: user=0.04 sys=0.00, real=0.01 secs] 
583.356: [GC
Desired survivor size 4718592 bytes, new threshold 1 (max 15)
 [PSYoungGen: 811328K->2240K(814592K)] 1826574K->1017566K(1838592K), 0.0099750 secs] [Times: user=0.07 sys=0.00, real=0.01 secs] 
583.625: [GC
Desired survivor size 4194304 bytes, new threshold 1 (max 15)
 [PSYoungGen: 812224K->1664K(814592K)] 1827550K->1017046K(1838592K), 0.0107420 secs] [Times: user=0.06 sys=0.00, real=0.01 secs] 
583.906: [GC
Desired survivor size 4194304 bytes, new threshold 1 (max 15)
 [PSYoungGen: 811648K->1184K(815104K)] 1827030K->1016606K(1839104K), 0.0097470 secs] [Times: user=0.05 sys=0.00, real=0.01 secs] 
584.169: [GC
Desired survivor size 4194304 bytes, new threshold 1 (max 15)
 [PSYoungGen: 812192K->800K(815104K)] 1827614K->1016262K(1839104K), 0.0098530 secs] [Times: user=0.05 sys=0.00, real=0.01 secs] 
584.454: [GC
Desired survivor size 4194304 bytes, new threshold 1 (max 15)
 [PSYoungGen: 811808K->1792K(815104K)] 1827270K->1017294K(1839104K), 0.0107790 secs] [Times: user=0.06 sys=0.00, real=0.01 secs] 
584.732: [GC
Desired survivor size 4194304 bytes, new threshold 1 (max 15)
 [PSYoungGen: 812800K->1088K(815104K)] 1828302K->1016622K(1839104K), 0.0097490 secs] [Times: user=0.06 sys=0.00, real=0.01 secs] 
584.993: [GC
Desired survivor size 3670016 bytes, new threshold 1 (max 15)
 [PSYoungGen: 812096K->1376K(815616K)] 1827630K->1016950K(1839616K), 0.0097960 secs] [Times: user=0.06 sys=0.00, real=0.01 secs] 
585.261: [GC
Desired survivor size 3670016 bytes, new threshold 1 (max 15)
 [PSYoungGen: 812896K->2304K(815104K)] 1828470K->1017910K(1839104K), 0.0102760 secs] [Times: user=0.06 sys=0.00, real=0.01 secs] 
585.524: [GC
Desired survivor size 3670016 bytes, new threshold 1 (max 15)
 [PSYoungGen: 813824K->1632K(815616K)] 1829430K->1017270K(1839616K), 0.0106310 secs] [Times: user=0.05 sys=0.00, real=0.01 secs] 
585.796: [GC
Desired survivor size 3670016 bytes, new threshold 1 (max 15)
 [PSYoungGen: 813664K->2144K(815616K)] 1829302K->1017830K(1839616K), 0.0099790 secs] [Times: user=0.05 sys=0.00, real=0.01 secs] 
586.057: [GC
Desired survivor size 3670016 bytes, new threshold 1 (max 15)
 [PSYoungGen: 814176K->1856K(815616K)] 1829862K->1017582K(1839616K), 0.0106890 secs] [Times: user=0.06 sys=0.00, real=0.01 secs] 
586.324: [GC
Desired survivor size 3670016 bytes, new threshold 1 (max 15)
 [PSYoungGen: 813888K->1312K(815616K)] 1829614K->1017118K(1839616K), 0.0101230 secs] [Times: user=0.05 sys=0.00, real=0.01 secs] 
586.591: [GC
Desired survivor size 3670016 bytes, new threshold 1 (max 15)
 [PSYoungGen: 813344K->2112K(815616K)] 1829150K->1017942K(1839616K), 0.0104920 secs] [Times: user=0.05 sys=0.01, real=0.01 secs] 
586.862: [GC
Desired survivor size 3670016 bytes, new threshold 1 (max 15)
 [PSYoungGen: 814144K->2304K(815616K)] 1829974K->1018174K(1839616K), 0.0102870 secs] [Times: user=0.06 sys=0.00, real=0.01 secs] 
587.125: [GC
Desired survivor size 3670016 bytes, new threshold 1 (max 15)
 [PSYoungGen: 814336K->896K(815616K)] 1830206K->1016806K(1839616K), 0.0110530 secs] [Times: user=0.05 sys=0.00, real=0.01 secs] 
587.393: [GC
Desired survivor size 3670016 bytes, new threshold 1 (max 15)
 [PSYoungGen: 812928K->1440K(815616K)] 1828838K->1017374K(1839616K), 0.0098370 secs] [Times: user=0.05 sys=0.00, real=0.01 secs] 
587.660: [GC
Desired survivor size 3670016 bytes, new threshold 1 (max 15)
 [PSYoungGen: 813472K->2688K(815616K)] 1829406K->1018670K(1839616K), 0.0105490 secs] [Times: user=0.06 sys=0.00, real=0.01 secs] 
587.931: [GC
Desired survivor size 3670016 bytes, new threshold 1 (max 15)
 [PSYoungGen: 814720K->1824K(815616K)] 1830702K->1017830K(1839616K), 0.0101740 secs] [Times: user=0.06 sys=0.01, real=0.01 secs] 
588.196: [GC
Desired survivor size 3670016 bytes, new threshold 1 (max 15)
 [PSYoungGen: 813856K->2048K(815616K)] 1829862K->1018094K(1839616K), 0.0101700 secs] [Times: user=0.06 sys=0.00, real=0.01 secs] 
588.447: [GC
Desired survivor size 3670016 bytes, new threshold 1 (max 15)
 [PSYoungGen: 814080K->896K(815616K)] 1830126K->1016982K(1839616K), 0.0101130 secs] [Times: user=0.06 sys=0.00, real=0.01 secs] 
588.719: [GC
Desired survivor size 4194304 bytes, new threshold 1 (max 15)
 [PSYoungGen: 812928K->3488K(814592K)] 1829014K->1019606K(1838592K), 0.0112590 secs] [Times: user=0.07 sys=0.00, real=0.01 secs] 
588.976: [GC
Desired survivor size 4194304 bytes, new threshold 1 (max 15)
 [PSYoungGen: 814496K->2112K(815104K)] 1830614K->1018278K(1839104K), 0.0108970 secs] [Times: user=0.06 sys=0.00, real=0.01 secs] 
589.244: [GC
Desired survivor size 4194304 bytes, new threshold 1 (max 15)
 [PSYoungGen: 813120K->3392K(815104K)] 1829286K->1019590K(1839104K), 0.0110160 secs] [Times: user=0.06 sys=0.00, real=0.01 secs] 
589.507: [GC
Desired survivor size 4194304 bytes, new threshold 1 (max 15)
 [PSYoungGen: 814400K->1632K(815104K)] 1830598K->1017870K(1839104K), 0.0099820 secs] [Times: user=0.06 sys=0.00, real=0.01 secs] 
589.783: [GC
Desired survivor size 4194304 bytes, new threshold 1 (max 15)
 [PSYoungGen: 812640K->1600K(815104K)] 1828878K->1017878K(1839104K), 0.0101970 secs] [Times: user=0.06 sys=0.00, real=0.01 secs] 
590.052: [GC
Desired survivor size 4194304 bytes, new threshold 1 (max 15)
 [PSYoungGen: 812608K->1184K(815104K)] 1828886K->1017494K(1839104K), 0.0103690 secs] [Times: user=0.05 sys=0.00, real=0.01 secs] 
590.317: [GC
Desired survivor size 4194304 bytes, new threshold 1 (max 15)
 [PSYoungGen: 812192K->1312K(815104K)] 1828502K->1017678K(1839104K), 0.0103160 secs] [Times: user=0.05 sys=0.00, real=0.01 secs] 
590.580: [GC
Desired survivor size 3670016 bytes, new threshold 1 (max 15)
 [PSYoungGen: 812320K->1216K(815104K)] 1828686K->1017622K(1839104K), 0.0099380 secs] [Times: user=0.06 sys=0.00, real=0.01 secs] 
590.854: [GC
Desired survivor size 3670016 bytes, new threshold 1 (max 15)
 [PSYoungGen: 812224K->2240K(815616K)] 1828630K->1018686K(1839616K), 0.0105300 secs] [Times: user=0.05 sys=0.01, real=0.01 secs] 
591.112: [GC
Desired survivor size 4194304 bytes, new threshold 1 (max 15)
 [PSYoungGen: 814272K->2400K(814592K)] 1830718K->1018870K(1838592K), 0.0104730 secs] [Times: user=0.06 sys=0.00, real=0.01 secs] 
591.375: [GC
Desired survivor size 3670016 bytes, new threshold 1 (max 15)
 [PSYoungGen: 814432K->1920K(815616K)] 1830902K->1018414K(1839616K), 0.0097920 secs] [Times: user=0.05 sys=0.00, real=0.01 secs] 
591.644: [GC
Desired survivor size 3670016 bytes, new threshold 1 (max 15)
 [PSYoungGen: 813440K->1920K(815104K)] 1829934K->1018446K(1839104K), 0.0102250 secs] [Times: user=0.06 sys=0.00, real=0.01 secs] 
591.953: [GC
Desired survivor size 3670016 bytes, new threshold 1 (max 15)
 [PSYoungGen: 813440K->2400K(815616K)] 1829966K->1018942K(1839616K), 0.0105820 secs] [Times: user=0.06 sys=0.00, real=0.01 secs] 
592.232: [GC
Desired survivor size 3670016 bytes, new threshold 1 (max 15)
 [PSYoungGen: 814432K->672K(815616K)] 1830974K->1017246K(1839616K), 0.0098650 secs] [Times: user=0.07 sys=0.00, real=0.01 secs] 
592.498: [GC
Desired survivor size 3670016 bytes, new threshold 1 (max 15)
 [PSYoungGen: 812704K->1920K(815616K)] 1829278K->1018534K(1839616K), 0.0103920 secs] [Times: user=0.06 sys=0.00, real=0.01 secs] 
592.775: [GC
Desired survivor size 3670016 bytes, new threshold 1 (max 15)
 [PSYoungGen: 813952K->2208K(815616K)] 1830566K->1018862K(1839616K), 0.0115540 secs] [Times: user=0.06 sys=0.00, real=0.01 secs] 
593.044: [GC
Desired survivor size 3670016 bytes, new threshold 1 (max 15)
 [PSYoungGen: 814240K->1632K(815616K)] 1830894K->1018318K(1839616K), 0.0101520 secs] [Times: user=0.06 sys=0.01, real=0.01 secs] 
593.314: [GC
Desired survivor size 3145728 bytes, new threshold 1 (max 15)
 [PSYoungGen: 813664K->1856K(815616K)] 1830350K->1018566K(1839616K), 0.0101450 secs] [Times: user=0.06 sys=0.00, real=0.01 secs] 
593.577: [GC
Desired survivor size 3670016 bytes, new threshold 1 (max 15)
 [PSYoungGen: 813888K->2528K(815104K)] 1830598K->1019286K(1839104K), 0.0120120 secs] [Times: user=0.08 sys=0.00, real=0.01 secs] 
593.853: [GC
Desired survivor size 3670016 bytes, new threshold 1 (max 15)
 [PSYoungGen: 814560K->2592K(815616K)] 1831318K->1019374K(1839616K), 0.0102760 secs] [Times: user=0.06 sys=0.00, real=0.01 secs] 
594.115: [GC
Desired survivor size 3670016 bytes, new threshold 1 (max 15)
 [PSYoungGen: 814624K->2144K(815616K)] 1831406K->1018998K(1839616K), 0.0136820 secs] [Times: user=0.06 sys=0.00, real=0.01 secs] 
594.377: [GC
Desired survivor size 3670016 bytes, new threshold 1 (max 15)
 [PSYoungGen: 814176K->2848K(815616K)] 1831030K->1019734K(1839616K), 0.0104030 secs] [Times: user=0.06 sys=0.00, real=0.01 secs] 
594.645: [GC
Desired survivor size 3670016 bytes, new threshold 1 (max 15)
 [PSYoungGen: 814880K->1568K(815616K)] 1831766K->1018494K(1839616K), 0.0098590 secs] [Times: user=0.07 sys=0.00, real=0.01 secs] 
594.911: [GC
Desired survivor size 3670016 bytes, new threshold 1 (max 15)
 [PSYoungGen: 813600K->1568K(815616K)] 1830526K->1018542K(1839616K), 0.0100680 secs] [Times: user=0.06 sys=0.00, real=0.01 secs] 
595.179: [GC
Desired survivor size 3670016 bytes, new threshold 1 (max 15)
 [PSYoungGen: 813600K->1664K(815616K)] 1830574K->1018686K(1839616K), 0.0099770 secs] [Times: user=0.06 sys=0.00, real=0.01 secs] 
595.443: [GC
Desired survivor size 3670016 bytes, new threshold 1 (max 15)
 [PSYoungGen: 813696K->1696K(815616K)] 1830718K->1018758K(1839616K), 0.0113320 secs] [Times: user=0.06 sys=0.00, real=0.01 secs] 
595.737: [GC
Desired survivor size 3145728 bytes, new threshold 1 (max 15)
 [PSYoungGen: 813728K->1824K(816128K)] 1830790K->1018910K(1840128K), 0.0100170 secs] [Times: user=0.06 sys=0.00, real=0.01 secs] 
596.001: [GC
Desired survivor size 3145728 bytes, new threshold 1 (max 15)
 [PSYoungGen: 814368K->2048K(815616K)] 1831454K->1019158K(1839616K), 0.0107130 secs] [Times: user=0.06 sys=0.00, real=0.01 secs] 
596.269: [GC
Desired survivor size 3145728 bytes, new threshold 1 (max 15)
 [PSYoungGen: 814592K->1280K(816128K)] 1831702K->1018430K(1840128K), 0.0099580 secs] [Times: user=0.06 sys=0.00, real=0.01 secs] 
596.532: [GC
Desired survivor size 3670016 bytes, new threshold 1 (max 15)
 [PSYoungGen: 814336K->3072K(816128K)] 1831486K->1020366K(1840128K), 0.0106480 secs] [Times: user=0.06 sys=0.00, real=0.02 secs] 
596.807: [GC
Desired survivor size 3670016 bytes, new threshold 1 (max 15)
 [PSYoungGen: 816128K->1120K(815104K)] 1833422K->1018478K(1839104K), 0.0099450 secs] [Times: user=0.05 sys=0.00, real=0.01 secs] 
597.073: [GC
Desired survivor size 3670016 bytes, new threshold 1 (max 15)
 [PSYoungGen: 813152K->2016K(815616K)] 1830510K->1019446K(1839616K), 0.0112510 secs] [Times: user=0.07 sys=0.00, real=0.01 secs] 
597.339: [GC
Desired survivor size 3670016 bytes, new threshold 1 (max 15)
 [PSYoungGen: 814048K->1728K(815616K)] 1831478K->1019198K(1839616K), 0.0111050 secs] [Times: user=0.05 sys=0.00, real=0.01 secs] 
597.607: [GC
Desired survivor size 3670016 bytes, new threshold 1 (max 15)
 [PSYoungGen: 813760K->1728K(815616K)] 1831230K->1019222K(1839616K), 0.0098990 secs] [Times: user=0.05 sys=0.00, real=0.01 secs] 
597.942: [GC
Desired survivor size 3670016 bytes, new threshold 1 (max 15)
 [PSYoungGen: 813760K->736K(815616K)] 1831254K->1018262K(1839616K), 0.0099370 secs] [Times: user=0.05 sys=0.00, real=0.01 secs] 
598.212: [GC
Desired survivor size 3670016 bytes, new threshold 1 (max 15)
 [PSYoungGen: 812768K->384K(815616K)] 1830294K->1017974K(1839616K), 0.0094950 secs] [Times: user=0.06 sys=0.00, real=0.01 secs] 
598.473: [GC
Desired survivor size 3670016 bytes, new threshold 1 (max 15)
 [PSYoungGen: 812416K->2912K(815616K)] 1830006K->1020606K(1839616K), 0.0108070 secs] [Times: user=0.06 sys=0.00, real=0.02 secs] 
598.760: [GC
Desired survivor size 4194304 bytes, new threshold 1 (max 15)
 [PSYoungGen: 814944K->3200K(815616K)] 1832638K->1020982K(1839616K), 0.0107540 secs] [Times: user=0.06 sys=0.00, real=0.01 secs] 
599.024: [GC
Desired survivor size 4194304 bytes, new threshold 1 (max 15)
 [PSYoungGen: 815232K->2784K(814592K)] 1833014K->1020614K(1838592K), 0.0107370 secs] [Times: user=0.06 sys=0.00, real=0.01 secs] 
599.293: [GC
Desired survivor size 4194304 bytes, new threshold 1 (max 15)
 [PSYoungGen: 813792K->1120K(815104K)] 1831622K->1018974K(1839104K), 0.0098570 secs] [Times: user=0.06 sys=0.01, real=0.01 secs] 
599.548: [GC
Desired survivor size 4718592 bytes, new threshold 1 (max 15)
 [PSYoungGen: 812128K->3552K(814080K)] 1829982K->1021446K(1838080K), 0.0112800 secs] [Times: user=0.06 sys=0.00, real=0.01 secs] 
599.828: [GC
Desired survivor size 4718592 bytes, new threshold 1 (max 15)
 [PSYoungGen: 813536K->352K(814592K)] 1831430K->1018302K(1838592K), 0.0096360 secs] [Times: user=0.06 sys=0.00, real=0.01 secs] 
600.094: [GC
Desired survivor size 4718592 bytes, new threshold 1 (max 15)
 [PSYoungGen: 810336K->2048K(814592K)] 1828286K->1020030K(1838592K), 0.0096830 secs] [Times: user=0.06 sys=0.00, real=0.01 secs] 
600.356: [GC
Desired survivor size 4194304 bytes, new threshold 1 (max 15)
 [PSYoungGen: 812032K->1568K(814592K)] 1830014K->1019590K(1838592K), 0.0106380 secs] [Times: user=0.05 sys=0.00, real=0.01 secs] 
600.623: [GC
Desired survivor size 4194304 bytes, new threshold 1 (max 15)
 [PSYoungGen: 811552K->1824K(815104K)] 1829574K->1019910K(1839104K), 0.0103950 secs] [Times: user=0.05 sys=0.00, real=0.02 secs] 
600.892: [GC
Desired survivor size 4194304 bytes, new threshold 1 (max 15)
 [PSYoungGen: 812832K->1856K(815104K)] 1830918K->1019966K(1839104K), 0.0102760 secs] [Times: user=0.05 sys=0.01, real=0.01 secs] 
601.161: [GC
Desired survivor size 3670016 bytes, new threshold 1 (max 15)
 [PSYoungGen: 812864K->1664K(815616K)] 1830974K->1019806K(1839616K), 0.0105580 secs] [Times: user=0.06 sys=0.00, real=0.01 secs] 
601.424: [GC
Desired survivor size 3670016 bytes, new threshold 1 (max 15)
 [PSYoungGen: 813184K->1056K(815104K)] 1831326K->1019230K(1839104K), 0.0095130 secs] [Times: user=0.05 sys=0.00, real=0.01 secs] 
601.707: [GC
Desired survivor size 3670016 bytes, new threshold 1 (max 15)
 [PSYoungGen: 812576K->1376K(815616K)] 1830750K->1019582K(1839616K), 0.0098330 secs] [Times: user=0.05 sys=0.01, real=0.01 secs] 
601.962: [GC
Desired survivor size 4194304 bytes, new threshold 1 (max 15)
 [PSYoungGen: 813408K->2976K(815104K)] 1831614K->1021214K(1839104K), 0.0104040 secs] [Times: user=0.07 sys=0.00, real=0.01 secs] 
602.230: [GC
Desired survivor size 4194304 bytes, new threshold 1 (max 15)
 [PSYoungGen: 815008K->1344K(815104K)] 1833246K->1019614K(1839104K), 0.0098570 secs] [Times: user=0.06 sys=0.00, real=0.01 secs] 
602.496: [GC
Desired survivor size 3670016 bytes, new threshold 1 (max 15)
 [PSYoungGen: 812352K->1312K(815104K)] 1830622K->1019638K(1839104K), 0.0097220 secs] [Times: user=0.06 sys=0.00, real=0.01 secs] 
602.766: [GC
Desired survivor size 3670016 bytes, new threshold 1 (max 15)
 [PSYoungGen: 812320K->1568K(815616K)] 1830646K->1019926K(1839616K), 0.0102430 secs] [Times: user=0.07 sys=0.00, real=0.01 secs] 
603.025: [GC
Desired survivor size 3670016 bytes, new threshold 1 (max 15)
 [PSYoungGen: 813600K->1376K(815616K)] 1831958K->1019758K(1839616K), 0.0099640 secs] [Times: user=0.05 sys=0.00, real=0.01 secs] 
603.284: [GC
Desired survivor size 3670016 bytes, new threshold 1 (max 15)
 [PSYoungGen: 813408K->1856K(815616K)] 1831790K->1020278K(1839616K), 0.0100490 secs] [Times: user=0.06 sys=0.00, real=0.01 secs] 
603.541: [GC
Desired survivor size 4194304 bytes, new threshold 1 (max 15)
 [PSYoungGen: 813888K->3520K(815616K)] 1832310K->1021958K(1839616K), 0.0106080 secs] [Times: user=0.06 sys=0.00, real=0.01 secs] 
603.819: [GC
Desired survivor size 3670016 bytes, new threshold 1 (max 15)
 [PSYoungGen: 815552K->1856K(815616K)] 1833990K->1020310K(1839616K), 0.0102090 secs] [Times: user=0.06 sys=0.00, real=0.01 secs] 
604.076: [GC
Desired survivor size 3670016 bytes, new threshold 1 (max 15)
 [PSYoungGen: 813888K->704K(815616K)] 1832342K->1019198K(1839616K), 0.0111210 secs] [Times: user=0.06 sys=0.00, real=0.01 secs] 
604.340: [GC
Desired survivor size 3670016 bytes, new threshold 1 (max 15)
 [PSYoungGen: 812736K->1728K(815616K)] 1831230K->1020254K(1839616K), 0.0102750 secs] [Times: user=0.06 sys=0.00, real=0.01 secs] 
604.612: [GC
Desired survivor size 4194304 bytes, new threshold 1 (max 15)
 [PSYoungGen: 813760K->2848K(815104K)] 1832286K->1021406K(1839104K), 0.0105770 secs] [Times: user=0.07 sys=0.00, real=0.01 secs] 
604.880: [GC
Desired survivor size 3670016 bytes, new threshold 1 (max 15)
 [PSYoungGen: 814880K->1952K(815616K)] 1833438K->1020550K(1839616K), 0.0100390 secs] [Times: user=0.06 sys=0.00, real=0.01 secs] 
605.145: [GC
Desired survivor size 3670016 bytes, new threshold 1 (max 15)
 [PSYoungGen: 813472K->1216K(815104K)] 1832070K->1019846K(1839104K), 0.0097710 secs] [Times: user=0.06 sys=0.00, real=0.01 secs] 
605.403: [GC
Desired survivor size 3670016 bytes, new threshold 1 (max 15)
 [PSYoungGen: 812736K->800K(815616K)] 1831366K->1019462K(1839616K), 0.0097330 secs] [Times: user=0.05 sys=0.00, real=0.01 secs] 
605.664: [GC
Desired survivor size 4194304 bytes, new threshold 1 (max 15)
 [PSYoungGen: 812832K->3072K(815104K)] 1831494K->1021782K(1839104K), 0.0117740 secs] [Times: user=0.05 sys=0.00, real=0.02 secs] 
605.937: [GC
Desired survivor size 4194304 bytes, new threshold 1 (max 15)
 [PSYoungGen: 815104K->1248K(815104K)] 1833814K->1019998K(1839104K), 0.0097730 secs] [Times: user=0.06 sys=0.00, real=0.01 secs] 
606.200: [GC
Desired survivor size 4194304 bytes, new threshold 1 (max 15)
 [PSYoungGen: 812256K->2496K(815104K)] 1831006K->1021814K(1839104K), 0.0111540 secs] [Times: user=0.07 sys=0.00, real=0.01 secs] 
606.473: [GC
Desired survivor size 4194304 bytes, new threshold 1 (max 15)
 [PSYoungGen: 813504K->1088K(815104K)] 1832822K->1021582K(1839104K), 0.0113100 secs] [Times: user=0.06 sys=0.00, real=0.02 secs] 
606.756: [GC
Desired survivor size 4194304 bytes, new threshold 1 (max 15)
 [PSYoungGen: 812096K->2912K(815104K)] 1832590K->1024046K(1839104K), 0.0113590 secs] [Times: user=0.07 sys=0.00, real=0.01 secs] 
607.024: [GC
Desired survivor size 4194304 bytes, new threshold 1 (max 15)
 [PSYoungGen: 813920K->704K(815104K)] 1835054K->1021878K(1839104K), 0.0103660 secs] [Times: user=0.05 sys=0.00, real=0.01 secs] 
607.291: [GC
Desired survivor size 4194304 bytes, new threshold 1 (max 15)
 [PSYoungGen: 811712K->1792K(815104K)] 1832886K->1023014K(1839104K), 0.0103160 secs] [Times: user=0.06 sys=0.00, real=0.01 secs] 
607.557: [GC
Desired survivor size 4194304 bytes, new threshold 1 (max 15)
 [PSYoungGen: 812800K->3040K(815104K)] 1834022K->1024286K(1839104K), 0.0104890 secs] [Times: user=0.07 sys=0.00, real=0.01 secs] 
607.826: [GC
Desired survivor size 4194304 bytes, new threshold 1 (max 15)
 [PSYoungGen: 814048K->864K(815104K)] 1835294K->1022150K(1839104K), 0.0098580 secs] [Times: user=0.06 sys=0.00, real=0.01 secs] 
608.096: [GC
Desired survivor size 4194304 bytes, new threshold 1 (max 15)
 [PSYoungGen: 811872K->768K(815104K)] 1833158K->1022102K(1839104K), 0.0103760 secs] [Times: user=0.05 sys=0.00, real=0.01 secs] 
608.360: [GC
Desired survivor size 4194304 bytes, new threshold 1 (max 15)
 [PSYoungGen: 811776K->1088K(815104K)] 1833110K->1022478K(1839104K), 0.0098690 secs] [Times: user=0.06 sys=0.00, real=0.01 secs] 
608.632: [GC
Desired survivor size 4194304 bytes, new threshold 1 (max 15)
 [PSYoungGen: 812096K->1888K(815104K)] 1833486K->1023326K(1839104K), 0.0105820 secs] [Times: user=0.05 sys=0.00, real=0.01 secs] 
608.906: [GC
Desired survivor size 4718592 bytes, new threshold 1 (max 15)
 [PSYoungGen: 812896K->4096K(815104K)] 1834334K->1025686K(1839104K), 0.0112020 secs] [Times: user=0.06 sys=0.01, real=0.01 secs] 
609.169: [GC
Desired survivor size 5242880 bytes, new threshold 1 (max 15)
 [PSYoungGen: 815104K->3104K(813056K)] 1836694K->1024742K(1837056K), 0.0105240 secs] [Times: user=0.07 sys=0.00, real=0.01 secs] 
609.425: [GC
Desired survivor size 4718592 bytes, new threshold 1 (max 15)
 [PSYoungGen: 812064K->2208K(814080K)] 1833702K->1023870K(1838080K), 0.0102900 secs] [Times: user=0.06 sys=0.00, real=0.01 secs] 
609.693: [GC
Desired survivor size 4718592 bytes, new threshold 1 (max 15)
 [PSYoungGen: 811168K->1216K(814592K)] 1832830K->1022902K(1838592K), 0.0100290 secs] [Times: user=0.06 sys=0.00, real=0.01 secs] 
609.959: [GC
Desired survivor size 4718592 bytes, new threshold 1 (max 15)
 [PSYoungGen: 811200K->544K(814592K)] 1832886K->1022270K(1838592K), 0.0098700 secs] [Times: user=0.05 sys=0.00, real=0.01 secs] 
610.225: [GC
Desired survivor size 4718592 bytes, new threshold 1 (max 15)
 [PSYoungGen: 810528K->1408K(814592K)] 1832254K->1023190K(1838592K), 0.0100310 secs] [Times: user=0.05 sys=0.00, real=0.01 secs] 
610.490: [GC
Desired survivor size 4718592 bytes, new threshold 1 (max 15)
 [PSYoungGen: 811392K->2944K(814592K)] 1833174K->1024766K(1838592K), 0.0106460 secs] [Times: user=0.06 sys=0.00, real=0.01 secs] 
610.763: [GC
Desired survivor size 4718592 bytes, new threshold 1 (max 15)
 [PSYoungGen: 812928K->2656K(814592K)] 1834750K->1024510K(1838592K), 0.0106880 secs] [Times: user=0.07 sys=0.00, real=0.01 secs] 
611.028: [GC
Desired survivor size 4718592 bytes, new threshold 1 (max 15)
 [PSYoungGen: 812640K->2208K(814592K)] 1834494K->1024094K(1838592K), 0.0101340 secs] [Times: user=0.07 sys=0.00, real=0.01 secs] 
611.299: [GC
Desired survivor size 4194304 bytes, new threshold 1 (max 15)
 [PSYoungGen: 812192K->1888K(815104K)] 1834078K->1023814K(1839104K), 0.0102240 secs] [Times: user=0.06 sys=0.00, real=0.01 secs] 
611.559: [GC
Desired survivor size 5242880 bytes, new threshold 1 (max 15)
 [PSYoungGen: 812384K->4096K(814592K)] 1834310K->1026126K(1838592K), 0.0114820 secs] [Times: user=0.07 sys=0.00, real=0.01 secs] 
611.833: [GC
Desired survivor size 4718592 bytes, new threshold 1 (max 15)
 [PSYoungGen: 814592K->1664K(814592K)] 1836622K->1024190K(1838592K), 0.0114450 secs] [Times: user=0.06 sys=0.01, real=0.01 secs] 
612.134: [GC
Desired survivor size 4718592 bytes, new threshold 1 (max 15)
 [PSYoungGen: 811648K->1312K(814592K)] 1834174K->1024742K(1838592K), 0.0110070 secs] [Times: user=0.06 sys=0.01, real=0.01 secs] 
612.145: [Full GC [PSYoungGen: 1312K->0K(814592K)] [ParOldGen: 1023430K->969508K(1024000K)] 1024742K->969508K(1838592K) [PSPermGen: 48299K->48297K(524288K)], 1.2760780 secs] [Times: user=9.28 sys=0.02, real=1.28 secs] 
613.678: [GC
Desired survivor size 4718592 bytes, new threshold 1 (max 15)
 [PSYoungGen: 809984K->2624K(814592K)] 1779492K->972132K(1838592K), 0.0175530 secs] [Times: user=0.07 sys=0.00, real=0.02 secs] 
613.948: [GC
Desired survivor size 4718592 bytes, new threshold 1 (max 15)
 [PSYoungGen: 812608K->1056K(814592K)] 1782116K->970996K(1838592K), 0.0096430 secs] [Times: user=0.05 sys=0.01, real=0.01 secs] 
614.212: [GC
Desired survivor size 4718592 bytes, new threshold 1 (max 15)
 [PSYoungGen: 811040K->2304K(814592K)] 1780980K->972284K(1838592K), 0.0101690 secs] [Times: user=0.06 sys=0.00, real=0.01 secs] 
614.482: [GC
Desired survivor size 4718592 bytes, new threshold 1 (max 15)
 [PSYoungGen: 812288K->3168K(814592K)] 1782268K->973420K(1838592K), 0.0103380 secs] [Times: user=0.06 sys=0.00, real=0.01 secs] 
614.755: [GC
Desired survivor size 4718592 bytes, new threshold 1 (max 15)
 [PSYoungGen: 813152K->2144K(814592K)] 1783404K->973428K(1838592K), 0.0103420 secs] [Times: user=0.06 sys=0.00, real=0.01 secs] 
615.020: [GC
Desired survivor size 4718592 bytes, new threshold 1 (max 15)
 [PSYoungGen: 812128K->3232K(814592K)] 1783412K->974988K(1838592K), 0.0104330 secs] [Times: user=0.05 sys=0.01, real=0.01 secs] 
615.292: [GC
Desired survivor size 4718592 bytes, new threshold 1 (max 15)
 [PSYoungGen: 813216K->1952K(814592K)] 1784972K->974500K(1838592K), 0.0096230 secs] [Times: user=0.04 sys=0.00, real=0.01 secs] 
615.548: [GC
Desired survivor size 4194304 bytes, new threshold 1 (max 15)
 [PSYoungGen: 811936K->1984K(814592K)] 1784484K->974612K(1838592K), 0.0095900 secs] [Times: user=0.05 sys=0.00, real=0.01 secs] 
615.822: [GC
Desired survivor size 4194304 bytes, new threshold 1 (max 15)
 [PSYoungGen: 811968K->1952K(815104K)] 1784596K->974636K(1839104K), 0.0094620 secs] [Times: user=0.05 sys=0.00, real=0.01 secs] 
616.094: [GC
Desired survivor size 4194304 bytes, new threshold 1 (max 15)
 [PSYoungGen: 812960K->1632K(815104K)] 1785644K->974340K(1839104K), 0.0102760 secs] [Times: user=0.06 sys=0.00, real=0.01 secs] 
616.366: [GC
Desired survivor size 4194304 bytes, new threshold 1 (max 15)
 [PSYoungGen: 812640K->928K(815104K)] 1785348K->973684K(1839104K), 0.0096320 secs] [Times: user=0.05 sys=0.00, real=0.01 secs] 
616.630: [GC
Desired survivor size 4194304 bytes, new threshold 1 (max 15)
 [PSYoungGen: 811936K->1440K(815104K)] 1784692K->974228K(1839104K), 0.0097360 secs] [Times: user=0.06 sys=0.00, real=0.01 secs] 
616.904: [GC
Desired survivor size 4194304 bytes, new threshold 1 (max 15)
 [PSYoungGen: 812448K->2592K(815104K)] 1785236K->975404K(1839104K), 0.0101720 secs] [Times: user=0.06 sys=0.00, real=0.01 secs] 
617.177: [GC
Desired survivor size 4194304 bytes, new threshold 1 (max 15)
 [PSYoungGen: 813600K->1248K(815104K)] 1786412K->974084K(1839104K), 0.0098000 secs] [Times: user=0.05 sys=0.01, real=0.01 secs] 
617.435: [GC
Desired survivor size 4194304 bytes, new threshold 1 (max 15)
 [PSYoungGen: 812256K->2176K(815104K)] 1785092K->975044K(1839104K), 0.0101700 secs] [Times: user=0.05 sys=0.00, real=0.01 secs] 
617.846: [GC
Desired survivor size 3670016 bytes, new threshold 1 (max 15)
 [PSYoungGen: 813184K->1632K(815104K)] 1786052K->974548K(1839104K), 0.0101880 secs] [Times: user=0.05 sys=0.00, real=0.01 secs] 
618.109: [GC
Desired survivor size 3670016 bytes, new threshold 1 (max 15)
 [PSYoungGen: 812640K->1344K(815616K)] 1785556K->974300K(1839616K), 0.0093020 secs] [Times: user=0.05 sys=0.00, real=0.01 secs] 
618.373: [GC
Desired survivor size 3670016 bytes, new threshold 1 (max 15)
 [PSYoungGen: 813376K->1792K(815616K)] 1786332K->974780K(1839616K), 0.0098050 secs] [Times: user=0.05 sys=0.00, real=0.01 secs] 
618.635: [GC
Desired survivor size 3670016 bytes, new threshold 1 (max 15)
 [PSYoungGen: 813824K->2048K(815616K)] 1786812K->975068K(1839616K), 0.0097110 secs] [Times: user=0.06 sys=0.00, real=0.01 secs] 
618.910: [GC
Desired survivor size 3670016 bytes, new threshold 1 (max 15)
 [PSYoungGen: 814080K->1984K(815616K)] 1787100K->975028K(1839616K), 0.0094940 secs] [Times: user=0.05 sys=0.00, real=0.01 secs] 
619.179: [GC
Desired survivor size 3670016 bytes, new threshold 1 (max 15)
 [PSYoungGen: 814016K->1376K(815616K)] 1787060K->974452K(1839616K), 0.0094340 secs] [Times: user=0.05 sys=0.00, real=0.01 secs] 
619.441: [GC
Desired survivor size 3670016 bytes, new threshold 1 (max 15)
 [PSYoungGen: 813408K->2304K(815616K)] 1786484K->975452K(1839616K), 0.0096520 secs] [Times: user=0.05 sys=0.00, real=0.01 secs] 
619.725: [GC
Desired survivor size 3670016 bytes, new threshold 1 (max 15)
 [PSYoungGen: 814336K->3072K(815616K)] 1787484K->976260K(1839616K), 0.0101580 secs] [Times: user=0.06 sys=0.00, real=0.01 secs] 
619.981: [GC
Desired survivor size 4194304 bytes, new threshold 1 (max 15)
 [PSYoungGen: 815104K->3168K(815616K)] 1788292K->976412K(1839616K), 0.0105650 secs] [Times: user=0.06 sys=0.00, real=0.01 secs] 
620.244: [GC
Desired survivor size 4194304 bytes, new threshold 1 (max 15)
 [PSYoungGen: 815200K->2304K(814592K)] 1788444K->975580K(1838592K), 0.0102300 secs] [Times: user=0.06 sys=0.00, real=0.01 secs] 
620.506: [GC
Desired survivor size 4194304 bytes, new threshold 1 (max 15)
 [PSYoungGen: 813312K->1472K(815104K)] 1786588K->974788K(1839104K), 0.0096130 secs] [Times: user=0.06 sys=0.00, real=0.00 secs] 
620.782: [GC
Desired survivor size 3670016 bytes, new threshold 1 (max 15)
 [PSYoungGen: 812480K->2016K(815616K)] 1785796K->975380K(1839616K), 0.0093770 secs] [Times: user=0.05 sys=0.00, real=0.01 secs] 
621.043: [GC
Desired survivor size 3670016 bytes, new threshold 1 (max 15)
 [PSYoungGen: 813536K->1344K(815104K)] 1786900K->974740K(1839104K), 0.0093050 secs] [Times: user=0.06 sys=0.00, real=0.01 secs] 
621.312: [GC
Desired survivor size 3670016 bytes, new threshold 1 (max 15)
 [PSYoungGen: 812864K->2176K(815616K)] 1786260K->975596K(1839616K), 0.0096380 secs] [Times: user=0.06 sys=0.01, real=0.01 secs] 
621.568: [GC
Desired survivor size 3670016 bytes, new threshold 1 (max 15)
 [PSYoungGen: 814208K->2112K(815616K)] 1787628K->975556K(1839616K), 0.0098920 secs] [Times: user=0.06 sys=0.00, real=0.01 secs] 
621.850: [GC
Desired survivor size 3670016 bytes, new threshold 1 (max 15)
 [PSYoungGen: 814144K->480K(815616K)] 1787588K->973964K(1839616K), 0.0092900 secs] [Times: user=0.05 sys=0.00, real=0.01 secs] 
622.116: [GC
Desired survivor size 3670016 bytes, new threshold 1 (max 15)
 [PSYoungGen: 812512K->1440K(815616K)] 1785996K->974980K(1839616K), 0.0093820 secs] [Times: user=0.05 sys=0.00, real=0.01 secs] 
622.384: [GC
Desired survivor size 3670016 bytes, new threshold 1 (max 15)
 [PSYoungGen: 813472K->768K(815616K)] 1787012K->974340K(1839616K), 0.0096930 secs] [Times: user=0.06 sys=0.00, real=0.01 secs] 
622.654: [GC
Desired survivor size 3670016 bytes, new threshold 1 (max 15)
 [PSYoungGen: 812800K->1024K(815616K)] 1786372K->974628K(1839616K), 0.0093480 secs] [Times: user=0.06 sys=0.00, real=0.01 secs] 
622.925: [GC
Desired survivor size 3670016 bytes, new threshold 1 (max 15)
 [PSYoungGen: 813056K->960K(815616K)] 1786660K->974588K(1839616K), 0.0092380 secs] [Times: user=0.05 sys=0.00, real=0.01 secs] 
623.191: [GC
Desired survivor size 3670016 bytes, new threshold 1 (max 15)
 [PSYoungGen: 812992K->2176K(815616K)] 1786620K->975828K(1839616K), 0.0098090 secs] [Times: user=0.06 sys=0.00, real=0.01 secs] 
623.449: [GC
Desired survivor size 3670016 bytes, new threshold 1 (max 15)
 [PSYoungGen: 814208K->2144K(815616K)] 1787860K->975828K(1839616K), 0.0100100 secs] [Times: user=0.05 sys=0.00, real=0.01 secs] 
623.730: [GC
Desired survivor size 3670016 bytes, new threshold 1 (max 15)
 [PSYoungGen: 814176K->1184K(815616K)] 1787860K->974916K(1839616K), 0.0097560 secs] [Times: user=0.06 sys=0.00, real=0.01 secs] 
623.987: [GC
Desired survivor size 4194304 bytes, new threshold 1 (max 15)
 [PSYoungGen: 813216K->3584K(814592K)] 1786948K->977852K(1838592K), 0.0107250 secs] [Times: user=0.06 sys=0.01, real=0.02 secs] 
624.255: [GC
Desired survivor size 4194304 bytes, new threshold 1 (max 15)
 [PSYoungGen: 814592K->2528K(815104K)] 1788860K->976908K(1839104K), 0.0098560 secs] [Times: user=0.06 sys=0.00, real=0.01 secs] 
624.525: [GC
Desired survivor size 4194304 bytes, new threshold 1 (max 15)
 [PSYoungGen: 813536K->992K(815104K)] 1787916K->975396K(1839104K), 0.0105330 secs] [Times: user=0.06 sys=0.00, real=0.01 secs] 
624.795: [GC
Desired survivor size 4194304 bytes, new threshold 1 (max 15)
 [PSYoungGen: 812000K->2176K(815104K)] 1786404K->976620K(1839104K), 0.0100420 secs] [Times: user=0.05 sys=0.00, real=0.01 secs] 
625.064: [GC
Desired survivor size 4194304 bytes, new threshold 1 (max 15)
 [PSYoungGen: 813184K->832K(815104K)] 1787628K->975308K(1839104K), 0.0094510 secs] [Times: user=0.05 sys=0.00, real=0.01 secs] 
625.323: [GC
Desired survivor size 4194304 bytes, new threshold 1 (max 15)
 [PSYoungGen: 811840K->960K(815104K)] 1786316K->975492K(1839104K), 0.0098680 secs] [Times: user=0.05 sys=0.00, real=0.01 secs] 
625.590: [GC
Desired survivor size 4194304 bytes, new threshold 1 (max 15)
 [PSYoungGen: 811968K->2816K(815104K)] 1786500K->977380K(1839104K), 0.0102060 secs] [Times: user=0.06 sys=0.00, real=0.01 secs] 
625.863: [GC
Desired survivor size 4194304 bytes, new threshold 1 (max 15)
 [PSYoungGen: 813824K->1952K(815104K)] 1788388K->976556K(1839104K), 0.0100610 secs] [Times: user=0.06 sys=0.00, real=0.01 secs] 
626.135: [GC
Desired survivor size 4194304 bytes, new threshold 1 (max 15)
 [PSYoungGen: 812960K->608K(815104K)] 1787564K->975268K(1839104K), 0.0092040 secs] [Times: user=0.05 sys=0.00, real=0.01 secs] 
626.391: [GC
Desired survivor size 4194304 bytes, new threshold 1 (max 15)
 [PSYoungGen: 811616K->2720K(815104K)] 1786276K->977436K(1839104K), 0.0101400 secs] [Times: user=0.06 sys=0.00, real=0.01 secs] 
626.658: [GC
Desired survivor size 4194304 bytes, new threshold 1 (max 15)
 [PSYoungGen: 813728K->1376K(815104K)] 1788444K->976124K(1839104K), 0.0093170 secs] [Times: user=0.06 sys=0.00, real=0.01 secs] 
626.933: [GC
Desired survivor size 4194304 bytes, new threshold 1 (max 15)
 [PSYoungGen: 812384K->1920K(815104K)] 1787132K->976700K(1839104K), 0.0102740 secs] [Times: user=0.05 sys=0.00, real=0.01 secs] 
627.197: [GC
Desired survivor size 4194304 bytes, new threshold 1 (max 15)
 [PSYoungGen: 812928K->736K(815104K)] 1787708K->975556K(1839104K), 0.0092930 secs] [Times: user=0.05 sys=0.00, real=0.00 secs] 
627.460: [GC
Desired survivor size 4194304 bytes, new threshold 1 (max 15)
 [PSYoungGen: 811744K->1984K(815104K)] 1786564K->976836K(1839104K), 0.0098640 secs] [Times: user=0.06 sys=0.00, real=0.01 secs] 
627.735: [GC
Desired survivor size 4194304 bytes, new threshold 1 (max 15)
 [PSYoungGen: 812992K->3520K(815104K)] 1787844K->978420K(1839104K), 0.0112890 secs] [Times: user=0.07 sys=0.00, real=0.01 secs] 
628.000: [GC
Desired survivor size 4194304 bytes, new threshold 1 (max 15)
 [PSYoungGen: 814528K->1568K(815104K)] 1789428K->976524K(1839104K), 0.0097830 secs] [Times: user=0.05 sys=0.00, real=0.01 secs] 
628.270: [GC
Desired survivor size 4194304 bytes, new threshold 1 (max 15)
 [PSYoungGen: 812576K->1280K(815104K)] 1787532K->976260K(1839104K), 0.0092910 secs] [Times: user=0.04 sys=0.00, real=0.01 secs] 
628.741: [GC
Desired survivor size 4718592 bytes, new threshold 1 (max 15)
 [PSYoungGen: 812288K->3296K(814592K)] 1787268K->978316K(1838592K), 0.0100070 secs] [Times: user=0.05 sys=0.00, real=0.01 secs] 
629.007: [GC
Desired survivor size 4718592 bytes, new threshold 1 (max 15)
 [PSYoungGen: 814304K->2976K(814592K)] 1789324K->978028K(1838592K), 0.0104880 secs] [Times: user=0.06 sys=0.00, real=0.01 secs] 
629.275: [GC
Desired survivor size 4718592 bytes, new threshold 1 (max 15)
 [PSYoungGen: 812960K->256K(814592K)] 1788012K->975340K(1838592K), 0.0089590 secs] [Times: user=0.06 sys=0.00, real=0.01 secs] 
629.530: [GC
Desired survivor size 4718592 bytes, new threshold 1 (max 15)
 [PSYoungGen: 810240K->1472K(814592K)] 1785324K->976580K(1838592K), 0.0096050 secs] [Times: user=0.06 sys=0.00, real=0.01 secs] 
629.810: [GC
Desired survivor size 4718592 bytes, new threshold 1 (max 15)
 [PSYoungGen: 811456K->384K(814592K)] 1786564K->975540K(1838592K), 0.0093860 secs] [Times: user=0.06 sys=0.00, real=0.01 secs] 
630.069: [GC
Desired survivor size 4194304 bytes, new threshold 1 (max 15)
 [PSYoungGen: 810368K->1792K(815104K)] 1785524K->976980K(1839104K), 0.0122210 secs] [Times: user=0.04 sys=0.00, real=0.01 secs] 
630.338: [GC
Desired survivor size 4194304 bytes, new threshold 1 (max 15)
 [PSYoungGen: 812288K->608K(814592K)] 1787476K->975836K(1838592K), 0.0092940 secs] [Times: user=0.05 sys=0.00, real=0.01 secs] 
630.600: [GC
Desired survivor size 4194304 bytes, new threshold 1 (max 15)
 [PSYoungGen: 811104K->2208K(815104K)] 1786332K->977476K(1839104K), 0.0098850 secs] [Times: user=0.05 sys=0.00, real=0.01 secs] 
630.870: [GC
Desired survivor size 4194304 bytes, new threshold 1 (max 15)
 [PSYoungGen: 813216K->1504K(815104K)] 1788484K->976820K(1839104K), 0.0094990 secs] [Times: user=0.06 sys=0.00, real=0.01 secs] 
631.140: [GC
Desired survivor size 4194304 bytes, new threshold 1 (max 15)
 [PSYoungGen: 812512K->1824K(815104K)] 1787828K->977180K(1839104K), 0.0101300 secs] [Times: user=0.06 sys=0.00, real=0.01 secs] 
631.398: [GC
Desired survivor size 4194304 bytes, new threshold 1 (max 15)
 [PSYoungGen: 812832K->3168K(815104K)] 1788188K->978548K(1839104K), 0.0103640 secs] [Times: user=0.05 sys=0.00, real=0.01 secs] 
631.662: [GC
Desired survivor size 4194304 bytes, new threshold 1 (max 15)
 [PSYoungGen: 814176K->1376K(815104K)] 1789556K->976788K(1839104K), 0.0096890 secs] [Times: user=0.05 sys=0.00, real=0.01 secs] 
631.971: [GC
Desired survivor size 4194304 bytes, new threshold 1 (max 15)
 [PSYoungGen: 812384K->1952K(815104K)] 1787796K->977396K(1839104K), 0.0101230 secs] [Times: user=0.06 sys=0.00, real=0.01 secs] 
632.235: [GC
Desired survivor size 4194304 bytes, new threshold 1 (max 15)
 [PSYoungGen: 812960K->800K(815104K)] 1788404K->976292K(1839104K), 0.0094610 secs] [Times: user=0.04 sys=0.00, real=0.01 secs] 
632.490: [GC
Desired survivor size 4718592 bytes, new threshold 1 (max 15)
 [PSYoungGen: 811808K->3424K(814592K)] 1787300K->978956K(1838592K), 0.0110370 secs] [Times: user=0.06 sys=0.00, real=0.01 secs] 
632.766: [GC
Desired survivor size 4718592 bytes, new threshold 1 (max 15)
 [PSYoungGen: 814432K->2592K(814592K)] 1789964K->978156K(1838592K), 0.0104450 secs] [Times: user=0.06 sys=0.00, real=0.01 secs] 
633.025: [GC
Desired survivor size 4194304 bytes, new threshold 1 (max 15)
 [PSYoungGen: 812576K->1600K(814592K)] 1788140K->977208K(1838592K), 0.0093550 secs] [Times: user=0.06 sys=0.00, real=0.01 secs] 
633.291: [GC
Desired survivor size 4194304 bytes, new threshold 1 (max 15)
 [PSYoungGen: 811584K->992K(815104K)] 1787192K->976648K(1839104K), 0.0095830 secs] [Times: user=0.05 sys=0.00, real=0.01 secs] 
633.557: [GC
Desired survivor size 4194304 bytes, new threshold 1 (max 15)
 [PSYoungGen: 812000K->1056K(815104K)] 1787656K->976736K(1839104K), 0.0093170 secs] [Times: user=0.06 sys=0.00, real=0.01 secs] 
633.822: [GC
Desired survivor size 4194304 bytes, new threshold 1 (max 15)
 [PSYoungGen: 812064K->1632K(815104K)] 1787744K->977352K(1839104K), 0.0093830 secs] [Times: user=0.05 sys=0.00, real=0.01 secs] 
634.083: [GC
Desired survivor size 3670016 bytes, new threshold 1 (max 15)
 [PSYoungGen: 812640K->1024K(815104K)] 1788360K->976784K(1839104K), 0.0087750 secs] [Times: user=0.06 sys=0.00, real=0.01 secs] 
634.346: [GC
Desired survivor size 4194304 bytes, new threshold 1 (max 15)
 [PSYoungGen: 812032K->384K(814592K)] 1787792K->976184K(1838592K), 0.0096090 secs] [Times: user=0.04 sys=0.00, real=0.01 secs] 
634.610: [GC
Desired survivor size 3670016 bytes, new threshold 1 (max 15)
 [PSYoungGen: 811392K->1216K(815104K)] 1787192K->977064K(1839104K), 0.0094180 secs] [Times: user=0.06 sys=0.00, real=0.01 secs] 
634.886: [GC
Desired survivor size 3670016 bytes, new threshold 1 (max 15)
 [PSYoungGen: 812224K->1280K(815616K)] 1788072K->977152K(1839616K), 0.0094640 secs] [Times: user=0.05 sys=0.00, real=0.01 secs] 
635.148: [GC
Desired survivor size 3670016 bytes, new threshold 1 (max 15)
 [PSYoungGen: 813312K->448K(815616K)] 1789184K->976352K(1839616K), 0.0094760 secs] [Times: user=0.06 sys=0.00, real=0.01 secs] 
635.408: [GC
Desired survivor size 4194304 bytes, new threshold 1 (max 15)
 [PSYoungGen: 812480K->2976K(814592K)] 1788384K->978896K(1838592K), 0.0102510 secs] [Times: user=0.06 sys=0.00, real=0.01 secs] 
635.675: [GC
Desired survivor size 4194304 bytes, new threshold 1 (max 15)
 [PSYoungGen: 813984K->2528K(815104K)] 1789904K->978504K(1839104K), 0.0226720 secs] [Times: user=0.08 sys=0.01, real=0.02 secs] 
635.956: [GC
Desired survivor size 4194304 bytes, new threshold 1 (max 15)
 [PSYoungGen: 813536K->480K(815104K)] 1789512K->976488K(1839104K), 0.0089010 secs] [Times: user=0.05 sys=0.00, real=0.01 secs] 
636.224: [GC
Desired survivor size 4194304 bytes, new threshold 1 (max 15)
 [PSYoungGen: 811488K->768K(815104K)] 1787496K->976824K(1839104K), 0.0097990 secs] [Times: user=0.06 sys=0.01, real=0.01 secs] 
636.486: [GC
Desired survivor size 4194304 bytes, new threshold 1 (max 15)
 [PSYoungGen: 811776K->2784K(815104K)] 1787832K->978872K(1839104K), 0.0106800 secs] [Times: user=0.06 sys=0.00, real=0.01 secs] 
636.766: [GC
Desired survivor size 4194304 bytes, new threshold 1 (max 15)
 [PSYoungGen: 813792K->1440K(815104K)] 1789880K->977560K(1839104K), 0.0097500 secs] [Times: user=0.06 sys=0.00, real=0.01 secs] 
637.032: [GC
Desired survivor size 4194304 bytes, new threshold 1 (max 15)
 [PSYoungGen: 812448K->1312K(815104K)] 1788568K->977472K(1839104K), 0.0096550 secs] [Times: user=0.05 sys=0.00, real=0.01 secs] 
637.298: [GC
Desired survivor size 3670016 bytes, new threshold 1 (max 15)
 [PSYoungGen: 812320K->1248K(815104K)] 1788480K->977448K(1839104K), 0.0099180 secs] [Times: user=0.05 sys=0.00, real=0.01 secs] 
637.564: [GC
Desired survivor size 3670016 bytes, new threshold 1 (max 15)
 [PSYoungGen: 812256K->1920K(815616K)] 1788456K->978160K(1839616K), 0.0097530 secs] [Times: user=0.06 sys=0.00, real=0.01 secs] 
637.843: [GC
Desired survivor size 3670016 bytes, new threshold 1 (max 15)
 [PSYoungGen: 813952K->992K(815616K)] 1790192K->977272K(1839616K), 0.0094670 secs] [Times: user=0.05 sys=0.00, real=0.01 secs] 
638.115: [GC
Desired survivor size 3670016 bytes, new threshold 1 (max 15)
 [PSYoungGen: 813024K->1920K(815616K)] 1789304K->978256K(1839616K), 0.0106940 secs] [Times: user=0.05 sys=0.00, real=0.01 secs] 
638.378: [GC
Desired survivor size 3670016 bytes, new threshold 1 (max 15)
 [PSYoungGen: 813952K->2080K(815616K)] 1790288K->978456K(1839616K), 0.0099430 secs] [Times: user=0.05 sys=0.00, real=0.01 secs] 
638.646: [GC
Desired survivor size 3670016 bytes, new threshold 1 (max 15)
 [PSYoungGen: 814112K->1888K(815616K)] 1790488K->978296K(1839616K), 0.0100340 secs] [Times: user=0.06 sys=0.00, real=0.01 secs] 
638.912: [GC
Desired survivor size 3670016 bytes, new threshold 1 (max 15)
 [PSYoungGen: 813920K->1376K(815616K)] 1790328K->977848K(1839616K), 0.0098190 secs] [Times: user=0.05 sys=0.00, real=0.01 secs] 
639.182: [GC
Desired survivor size 3145728 bytes, new threshold 1 (max 15)
 [PSYoungGen: 813408K->1056K(816128K)] 1789880K->977552K(1840128K), 0.0094550 secs] [Times: user=0.05 sys=0.00, real=0.01 secs] 
639.443: [GC
Desired survivor size 3145728 bytes, new threshold 1 (max 15)
 [PSYoungGen: 813600K->1440K(815616K)] 1790096K->977992K(1839616K), 0.0093250 secs] [Times: user=0.05 sys=0.00, real=0.01 secs] 
639.713: [GC
Desired survivor size 3145728 bytes, new threshold 1 (max 15)
 [PSYoungGen: 813984K->2112K(816128K)] 1790536K->978712K(1840128K), 0.0097910 secs] [Times: user=0.05 sys=0.00, real=0.01 secs] 
639.992: [GC
Desired survivor size 3145728 bytes, new threshold 1 (max 15)
 [PSYoungGen: 815168K->1088K(816128K)] 1791768K->977720K(1840128K), 0.0094910 secs] [Times: user=0.05 sys=0.00, real=0.01 secs] 
640.302: [GC
Desired survivor size 3145728 bytes, new threshold 1 (max 15)
 [PSYoungGen: 814144K->1792K(816128K)] 1790776K->978480K(1840128K), 0.0099110 secs] [Times: user=0.06 sys=0.00, real=0.01 secs] 
640.567: [GC
Desired survivor size 3670016 bytes, new threshold 1 (max 15)
 [PSYoungGen: 814848K->3072K(816128K)] 1791536K->980016K(1840128K), 0.0098050 secs] [Times: user=0.06 sys=0.00, real=0.01 secs] 
640.839: [GC
Desired survivor size 3670016 bytes, new threshold 1 (max 15)
 [PSYoungGen: 816128K->896K(815104K)] 1793072K->977960K(1839104K), 0.0101870 secs] [Times: user=0.06 sys=0.00, real=0.01 secs] 
641.104: [GC
Desired survivor size 3670016 bytes, new threshold 1 (max 15)
 [PSYoungGen: 812928K->2304K(815616K)] 1789992K->979408K(1839616K), 0.0113300 secs] [Times: user=0.06 sys=0.00, real=0.01 secs] 
641.388: [GC
Desired survivor size 4194304 bytes, new threshold 1 (max 15)
 [PSYoungGen: 814336K->2624K(814592K)] 1791440K->979752K(1838592K), 0.0116100 secs] [Times: user=0.05 sys=0.00, real=0.02 secs] 
641.661: [GC
Desired survivor size 4194304 bytes, new threshold 1 (max 15)
 [PSYoungGen: 813632K->2848K(815104K)] 1790760K->981160K(1839104K), 0.0112600 secs] [Times: user=0.06 sys=0.00, real=0.01 secs] 
641.935: [GC
Desired survivor size 4194304 bytes, new threshold 1 (max 15)
 [PSYoungGen: 813856K->992K(815104K)] 1792168K->981120K(1839104K), 0.0106560 secs] [Times: user=0.06 sys=0.00, real=0.01 secs] 
642.207: [GC
Desired survivor size 4194304 bytes, new threshold 1 (max 15)
 [PSYoungGen: 812000K->2240K(815104K)] 1792128K->982512K(1839104K), 0.0113570 secs] [Times: user=0.05 sys=0.00, real=0.01 secs] 
642.473: [GC
Desired survivor size 4718592 bytes, new threshold 1 (max 15)
 [PSYoungGen: 813248K->3392K(814080K)] 1793520K->983696K(1838080K), 0.0112050 secs] [Times: user=0.06 sys=0.00, real=0.01 secs] 
642.754: [GC
Desired survivor size 4194304 bytes, new threshold 1 (max 15)
 [PSYoungGen: 813376K->1024K(814592K)] 1793680K->981360K(1838592K), 0.0101780 secs] [Times: user=0.05 sys=0.00, real=0.01 secs] 
643.021: [GC
Desired survivor size 4194304 bytes, new threshold 1 (max 15)
 [PSYoungGen: 811008K->2272K(815104K)] 1791344K->982632K(1839104K), 0.0108080 secs] [Times: user=0.05 sys=0.00, real=0.01 secs] 
643.295: [GC
Desired survivor size 4194304 bytes, new threshold 1 (max 15)
 [PSYoungGen: 813280K->1856K(815104K)] 1793640K->982256K(1839104K), 0.0098670 secs] [Times: user=0.05 sys=0.00, real=0.01 secs] 
643.558: [GC
Desired survivor size 4194304 bytes, new threshold 1 (max 15)
 [PSYoungGen: 812864K->2528K(815104K)] 1793264K->982944K(1839104K), 0.0097880 secs] [Times: user=0.06 sys=0.00, real=0.01 secs] 
643.827: [GC
Desired survivor size 4194304 bytes, new threshold 1 (max 15)
 [PSYoungGen: 813536K->1632K(815104K)] 1793952K->982080K(1839104K), 0.0098200 secs] [Times: user=0.05 sys=0.00, real=0.01 secs] 
644.091: [GC
Desired survivor size 4194304 bytes, new threshold 1 (max 15)
 [PSYoungGen: 812640K->736K(815104K)] 1793088K->981224K(1839104K), 0.0093490 secs] [Times: user=0.05 sys=0.00, real=0.01 secs] 
644.370: [GC
Desired survivor size 4718592 bytes, new threshold 1 (max 15)
 [PSYoungGen: 811744K->3648K(815104K)] 1792232K->984160K(1839104K), 0.0112490 secs] [Times: user=0.06 sys=0.00, real=0.02 secs] 
644.645: [GC
Desired survivor size 4718592 bytes, new threshold 1 (max 15)
 [PSYoungGen: 814656K->768K(814080K)] 1795168K->981312K(1838080K), 0.0093200 secs] [Times: user=0.05 sys=0.00, real=0.01 secs] 
644.924: [GC
Desired survivor size 4194304 bytes, new threshold 1 (max 15)
 [PSYoungGen: 810752K->1280K(814592K)] 1791296K->981856K(1838592K), 0.0096790 secs] [Times: user=0.06 sys=0.00, real=0.01 secs] 
645.185: [GC
Desired survivor size 4194304 bytes, new threshold 1 (max 15)
 [PSYoungGen: 811264K->1696K(815104K)] 1791840K->982304K(1839104K), 0.0097480 secs] [Times: user=0.06 sys=0.00, real=0.01 secs] 
645.447: [GC
Desired survivor size 4718592 bytes, new threshold 1 (max 15)
 [PSYoungGen: 812704K->3968K(815104K)] 1793312K->984600K(1839104K), 0.0105920 secs] [Times: user=0.06 sys=0.00, real=0.01 secs] 
645.719: [GC
Desired survivor size 4718592 bytes, new threshold 1 (max 15)
 [PSYoungGen: 814976K->1568K(814080K)] 1795608K->982240K(1838080K), 0.0103810 secs] [Times: user=0.06 sys=0.00, real=0.01 secs] 
645.982: [GC
Desired survivor size 4194304 bytes, new threshold 1 (max 15)
 [PSYoungGen: 811552K->1984K(814592K)] 1792224K->982696K(1838592K), 0.0103980 secs] [Times: user=0.05 sys=0.00, real=0.01 secs] 
646.248: [GC
Desired survivor size 4194304 bytes, new threshold 1 (max 15)
 [PSYoungGen: 811968K->2240K(815104K)] 1792680K->983000K(1839104K), 0.0101200 secs] [Times: user=0.06 sys=0.01, real=0.01 secs] 
646.517: [GC
Desired survivor size 4194304 bytes, new threshold 1 (max 15)
 [PSYoungGen: 813248K->2496K(815104K)] 1794008K->983304K(1839104K), 0.0097630 secs] [Times: user=0.05 sys=0.00, real=0.01 secs] 
646.790: [GC
Desired survivor size 4194304 bytes, new threshold 1 (max 15)
 [PSYoungGen: 813504K->768K(815104K)] 1794312K->981600K(1839104K), 0.0090850 secs] [Times: user=0.05 sys=0.00, real=0.00 secs] 
647.052: [GC
Desired survivor size 4194304 bytes, new threshold 1 (max 15)
 [PSYoungGen: 811776K->1248K(815104K)] 1792608K->982112K(1839104K), 0.0103050 secs] [Times: user=0.05 sys=0.00, real=0.01 secs] 
647.320: [GC
Desired survivor size 4194304 bytes, new threshold 1 (max 15)
 [PSYoungGen: 812256K->1952K(815104K)] 1793120K->982840K(1839104K), 0.0096570 secs] [Times: user=0.06 sys=0.00, real=0.01 secs] 
647.574: [GC
Desired survivor size 4194304 bytes, new threshold 1 (max 15)
 [PSYoungGen: 812960K->2080K(815104K)] 1793848K->982984K(1839104K), 0.0108660 secs] [Times: user=0.06 sys=0.00, real=0.01 secs] 
647.902: [GC
Desired survivor size 4194304 bytes, new threshold 1 (max 15)
 [PSYoungGen: 813088K->896K(815104K)] 1793992K->981832K(1839104K), 0.0096240 secs] [Times: user=0.05 sys=0.00, real=0.01 secs] 
648.167: [GC
Desired survivor size 4194304 bytes, new threshold 1 (max 15)
 [PSYoungGen: 811904K->608K(815104K)] 1792840K->981592K(1839104K), 0.0091470 secs] [Times: user=0.05 sys=0.00, real=0.01 secs] 
648.427: [GC
Desired survivor size 3670016 bytes, new threshold 1 (max 15)
 [PSYoungGen: 811616K->1088K(815616K)] 1792600K->982096K(1839616K), 0.0092580 secs] [Times: user=0.06 sys=0.00, real=0.01 secs] 
648.706: [GC
Desired survivor size 3670016 bytes, new threshold 1 (max 15)
 [PSYoungGen: 812608K->896K(815104K)] 1793616K->981936K(1839104K), 0.0093220 secs] [Times: user=0.04 sys=0.00, real=0.01 secs] 
648.962: [GC
Desired survivor size 4194304 bytes, new threshold 1 (max 15)
 [PSYoungGen: 812416K->3328K(814592K)] 1793456K->984392K(1838592K), 0.0106740 secs] [Times: user=0.06 sys=0.00, real=0.01 secs] 
649.237: [GC
Desired survivor size 4194304 bytes, new threshold 1 (max 15)
 [PSYoungGen: 814336K->1856K(815104K)] 1795400K->982952K(1839104K), 0.0094940 secs] [Times: user=0.05 sys=0.00, real=0.01 secs] 
649.503: [GC
Desired survivor size 3670016 bytes, new threshold 1 (max 15)
 [PSYoungGen: 812864K->1792K(815616K)] 1793960K->982928K(1839616K), 0.0096690 secs] [Times: user=0.05 sys=0.00, real=0.01 secs] 
649.773: [GC
Desired survivor size 4194304 bytes, new threshold 1 (max 15)
 [PSYoungGen: 813312K->3232K(815104K)] 1794448K->984400K(1839104K), 0.0108340 secs] [Times: user=0.06 sys=0.00, real=0.01 secs] 
650.031: [GC
Desired survivor size 4194304 bytes, new threshold 1 (max 15)
 [PSYoungGen: 814752K->2016K(815104K)] 1795920K->983232K(1839104K), 0.0097810 secs] [Times: user=0.05 sys=0.00, real=0.01 secs] 
650.295: [GC
Desired survivor size 4194304 bytes, new threshold 1 (max 15)
 [PSYoungGen: 813024K->1024K(815104K)] 1794240K->982280K(1839104K), 0.0090520 secs] [Times: user=0.06 sys=0.00, real=0.01 secs] 
650.563: [GC
Desired survivor size 4194304 bytes, new threshold 1 (max 15)
 [PSYoungGen: 812032K->2336K(815104K)] 1793288K->983624K(1839104K), 0.0099210 secs] [Times: user=0.05 sys=0.00, real=0.01 secs] 
650.836: [GC
Desired survivor size 4194304 bytes, new threshold 1 (max 15)
 [PSYoungGen: 813344K->2240K(815104K)] 1794632K->983560K(1839104K), 0.0100120 secs] [Times: user=0.06 sys=0.00, real=0.01 secs] 
651.101: [GC
Desired survivor size 4194304 bytes, new threshold 1 (max 15)
 [PSYoungGen: 813248K->1184K(815104K)] 1794568K->982536K(1839104K), 0.0094490 secs] [Times: user=0.05 sys=0.00, real=0.01 secs] 
651.366: [GC
Desired survivor size 4194304 bytes, new threshold 1 (max 15)
 [PSYoungGen: 812192K->3200K(815104K)] 1793544K->984600K(1839104K), 0.0103650 secs] [Times: user=0.06 sys=0.00, real=0.01 secs] 
651.622: [GC
Desired survivor size 4194304 bytes, new threshold 1 (max 15)
 [PSYoungGen: 814208K->1024K(815104K)] 1795608K->982464K(1839104K), 0.0102650 secs] [Times: user=0.06 sys=0.00, real=0.01 secs] 
651.928: [GC
Desired survivor size 4194304 bytes, new threshold 1 (max 15)
 [PSYoungGen: 812032K->1728K(815104K)] 1793472K->983216K(1839104K), 0.0105350 secs] [Times: user=0.06 sys=0.00, real=0.01 secs] 
652.192: [GC
Desired survivor size 4194304 bytes, new threshold 1 (max 15)
 [PSYoungGen: 812736K->2752K(815104K)] 1794224K->984280K(1839104K), 0.0104680 secs] [Times: user=0.05 sys=0.00, real=0.01 secs] 
652.452: [GC
Desired survivor size 4194304 bytes, new threshold 1 (max 15)
 [PSYoungGen: 813760K->896K(815104K)] 1795288K->982456K(1839104K), 0.0094870 secs] [Times: user=0.05 sys=0.00, real=0.01 secs] 
652.731: [GC
Desired survivor size 4194304 bytes, new threshold 1 (max 15)
 [PSYoungGen: 811904K->1568K(815104K)] 1793464K->983152K(1839104K), 0.0106190 secs] [Times: user=0.06 sys=0.00, real=0.01 secs] 
652.989: [GC
Desired survivor size 4194304 bytes, new threshold 1 (max 15)
 [PSYoungGen: 812576K->1312K(815104K)] 1794160K->982920K(1839104K), 0.0090660 secs] [Times: user=0.06 sys=0.00, real=0.01 secs] 
653.255: [GC
Desired survivor size 3670016 bytes, new threshold 1 (max 15)
 [PSYoungGen: 812320K->1664K(815616K)] 1793928K->983304K(1839616K), 0.0100160 secs] [Times: user=0.05 sys=0.00, real=0.01 secs] 
653.517: [GC
Desired survivor size 3670016 bytes, new threshold 1 (max 15)
 [PSYoungGen: 813184K->1568K(815104K)] 1794824K->983240K(1839104K), 0.0092540 secs] [Times: user=0.05 sys=0.00, real=0.01 secs] 
653.792: [GC
Desired survivor size 3670016 bytes, new threshold 1 (max 15)
 [PSYoungGen: 813088K->2400K(815616K)] 1794760K->984104K(1839616K), 0.0102310 secs] [Times: user=0.06 sys=0.01, real=0.01 secs] 
654.053: [GC
Desired survivor size 3670016 bytes, new threshold 1 (max 15)
 [PSYoungGen: 814432K->2496K(815616K)] 1796136K->984936K(1839616K), 0.0103220 secs] [Times: user=0.06 sys=0.00, real=0.01 secs] 
654.325: [GC
Desired survivor size 3670016 bytes, new threshold 1 (max 15)
 [PSYoungGen: 814528K->1472K(815616K)] 1796968K->984624K(1839616K), 0.0100810 secs] [Times: user=0.06 sys=0.00, real=0.01 secs] 
654.590: [GC
Desired survivor size 3670016 bytes, new threshold 1 (max 15)
 [PSYoungGen: 813504K->1856K(815616K)] 1796656K->985216K(1839616K), 0.0099520 secs] [Times: user=0.06 sys=0.00, real=0.01 secs] 
654.863: [GC
Desired survivor size 3670016 bytes, new threshold 1 (max 15)
 [PSYoungGen: 813888K->768K(815616K)] 1797248K->984160K(1839616K), 0.0093300 secs] [Times: user=0.05 sys=0.00, real=0.01 secs] 
655.129: [GC
Desired survivor size 3670016 bytes, new threshold 1 (max 15)
 [PSYoungGen: 812800K->1696K(815616K)] 1796192K->985128K(1839616K), 0.0102090 secs] [Times: user=0.05 sys=0.00, real=0.01 secs] 
655.394: [GC
Desired survivor size 3670016 bytes, new threshold 1 (max 15)
 [PSYoungGen: 813728K->2304K(815616K)] 1797160K->985784K(1839616K), 0.0106640 secs] [Times: user=0.05 sys=0.00, real=0.01 secs] 
655.652: [GC
Desired survivor size 3670016 bytes, new threshold 1 (max 15)
 [PSYoungGen: 814336K->2208K(815616K)] 1797816K->985728K(1839616K), 0.0099920 secs] [Times: user=0.06 sys=0.00, real=0.01 secs] 
655.926: [GC
Desired survivor size 3670016 bytes, new threshold 1 (max 15)
 [PSYoungGen: 814240K->1728K(815616K)] 1797760K->985296K(1839616K), 0.0104850 secs] [Times: user=0.06 sys=0.00, real=0.01 secs] 
656.189: [GC
Desired survivor size 3145728 bytes, new threshold 1 (max 15)
 [PSYoungGen: 813760K->1504K(815616K)] 1797328K->985104K(1839616K), 0.0096480 secs] [Times: user=0.05 sys=0.00, real=0.01 secs] 
656.456: [GC
Desired survivor size 3145728 bytes, new threshold 1 (max 15)
 [PSYoungGen: 813536K->1536K(816128K)] 1797136K->985176K(1840128K), 0.0096910 secs] [Times: user=0.05 sys=0.00, real=0.01 secs] 
656.732: [GC
Desired survivor size 3670016 bytes, new threshold 1 (max 15)
 [PSYoungGen: 814592K->2464K(815616K)] 1798232K->986144K(1839616K), 0.0102670 secs] [Times: user=0.05 sys=0.00, real=0.01 secs] 
656.993: [GC
Desired survivor size 3670016 bytes, new threshold 1 (max 15)
 [PSYoungGen: 815520K->896K(815616K)] 1799200K->984624K(1839616K), 0.0096400 secs] [Times: user=0.05 sys=0.01, real=0.01 secs] 
657.264: [GC
Desired survivor size 3145728 bytes, new threshold 1 (max 15)
 [PSYoungGen: 812928K->1760K(815616K)] 1796656K->985512K(1839616K), 0.0099190 secs] [Times: user=0.05 sys=0.00, real=0.01 secs] 
657.526: [GC
Desired survivor size 3145728 bytes, new threshold 1 (max 15)
 [PSYoungGen: 813792K->960K(816128K)] 1797544K->984736K(1840128K), 0.0092490 secs] [Times: user=0.06 sys=0.00, real=0.01 secs] 
657.799: [GC
Desired survivor size 3145728 bytes, new threshold 1 (max 15)
 [PSYoungGen: 814016K->1088K(816128K)] 1797792K->984904K(1840128K), 0.0097310 secs] [Times: user=0.04 sys=0.00, real=0.01 secs] 
658.060: [GC
Desired survivor size 3145728 bytes, new threshold 1 (max 15)
 [PSYoungGen: 814144K->1504K(816128K)] 1797960K->985344K(1840128K), 0.0098910 secs] [Times: user=0.06 sys=0.00, real=0.01 secs] 
658.328: [GC
Desired survivor size 3145728 bytes, new threshold 1 (max 15)
 [PSYoungGen: 814560K->1408K(816128K)] 1798400K->985288K(1840128K), 0.0098290 secs] [Times: user=0.06 sys=0.00, real=0.01 secs] 
658.599: [GC
Desired survivor size 3145728 bytes, new threshold 1 (max 15)
 [PSYoungGen: 814464K->1472K(816128K)] 1798344K->985392K(1840128K), 0.0097150 secs] [Times: user=0.05 sys=0.01, real=0.01 secs] 
658.877: [GC
Desired survivor size 3145728 bytes, new threshold 1 (max 15)
 [PSYoungGen: 814528K->992K(816128K)] 1798448K->984944K(1840128K), 0.0092460 secs] [Times: user=0.06 sys=0.00, real=0.01 secs] 
659.144: [GC
Desired survivor size 3145728 bytes, new threshold 1 (max 15)
 [PSYoungGen: 814048K->416K(816128K)] 1798000K->984408K(1840128K), 0.0088790 secs] [Times: user=0.06 sys=0.00, real=0.01 secs] 
659.412: [GC
Desired survivor size 3145728 bytes, new threshold 1 (max 15)
 [PSYoungGen: 813472K->2336K(816128K)] 1797464K->986352K(1840128K), 0.0098560 secs] [Times: user=0.06 sys=0.00, real=0.01 secs] 
659.690: [GC
Desired survivor size 3670016 bytes, new threshold 1 (max 15)
 [PSYoungGen: 815392K->2432K(815104K)] 1799408K->986488K(1839104K), 0.0105510 secs] [Times: user=0.04 sys=0.00, real=0.01 secs] 
659.954: [GC
Desired survivor size 3670016 bytes, new threshold 1 (max 15)
 [PSYoungGen: 814464K->2112K(815616K)] 1798520K->986216K(1839616K), 0.0097970 secs] [Times: user=0.05 sys=0.01, real=0.01 secs] 
660.216: [GC
Desired survivor size 3670016 bytes, new threshold 1 (max 15)
 [PSYoungGen: 814144K->1920K(815616K)] 1798248K->986056K(1839616K), 0.0099130 secs] [Times: user=0.06 sys=0.00, real=0.01 secs] 
660.472: [GC
Desired survivor size 3145728 bytes, new threshold 1 (max 15)
 [PSYoungGen: 813952K->1792K(815616K)] 1798088K->985952K(1839616K), 0.0097970 secs] [Times: user=0.05 sys=0.00, real=0.01 secs] 
660.749: [GC
Desired survivor size 3670016 bytes, new threshold 1 (max 15)
 [PSYoungGen: 813824K->2208K(815104K)] 1797984K->986400K(1839104K), 0.0099660 secs] [Times: user=0.07 sys=0.00, real=0.01 secs] 
661.009: [GC
Desired survivor size 3670016 bytes, new threshold 1 (max 15)
 [PSYoungGen: 814240K->832K(815616K)] 1798432K->985064K(1839616K), 0.0094940 secs] [Times: user=0.06 sys=0.01, real=0.01 secs] 
661.278: [GC
Desired survivor size 3145728 bytes, new threshold 1 (max 15)
 [PSYoungGen: 812864K->1632K(816128K)] 1797096K->985896K(1840128K), 0.0096340 secs] [Times: user=0.06 sys=0.00, real=0.01 secs] 
661.534: [GC
Desired survivor size 3145728 bytes, new threshold 1 (max 15)
 [PSYoungGen: 814176K->1792K(815616K)] 1798440K->986080K(1839616K), 0.0096620 secs] [Times: user=0.05 sys=0.00, real=0.01 secs] 
661.802: [GC
Desired survivor size 3145728 bytes, new threshold 1 (max 15)
 [PSYoungGen: 814336K->1280K(816128K)] 1798624K->985600K(1840128K), 0.0102930 secs] [Times: user=0.04 sys=0.00, real=0.01 secs] 
662.057: [GC
Desired survivor size 3145728 bytes, new threshold 1 (max 15)
 [PSYoungGen: 814336K->2528K(816128K)] 1798656K->986880K(1840128K), 0.0107400 secs] [Times: user=0.06 sys=0.01, real=0.01 secs] 
662.326: [GC
Desired survivor size 3145728 bytes, new threshold 1 (max 15)
 [PSYoungGen: 815584K->1568K(816128K)] 1799936K->985952K(1840128K), 0.0101230 secs] [Times: user=0.05 sys=0.00, real=0.01 secs] 
662.589: [GC
Desired survivor size 3145728 bytes, new threshold 1 (max 15)
 [PSYoungGen: 814624K->1280K(816128K)] 1799008K->985688K(1840128K), 0.0095120 secs] [Times: user=0.05 sys=0.01, real=0.01 secs] 
662.908: [GC
Desired survivor size 3145728 bytes, new threshold 1 (max 15)
 [PSYoungGen: 814336K->1792K(816128K)] 1798744K->986232K(1840128K), 0.0104720 secs] [Times: user=0.06 sys=0.00, real=0.01 secs] 
663.266: [GC
Desired survivor size 3145728 bytes, new threshold 1 (max 15)
 [PSYoungGen: 814848K->1664K(816128K)] 1799288K->986144K(1840128K), 0.0096940 secs] [Times: user=0.05 sys=0.01, real=0.01 secs] 
663.533: [GC
Desired survivor size 3145728 bytes, new threshold 1 (max 15)
 [PSYoungGen: 814720K->800K(816128K)] 1799200K->985312K(1840128K), 0.0099140 secs] [Times: user=0.04 sys=0.00, real=0.01 secs] 
663.812: [GC
Desired survivor size 3145728 bytes, new threshold 1 (max 15)
 [PSYoungGen: 813856K->1440K(816128K)] 1798368K->986016K(1840128K), 0.0095280 secs] [Times: user=0.05 sys=0.00, real=0.01 secs] 
664.076: [GC
Desired survivor size 3145728 bytes, new threshold 1 (max 15)
 [PSYoungGen: 814496K->1312K(816128K)] 1799072K->985912K(1840128K), 0.0600190 secs] [Times: user=0.05 sys=0.00, real=0.06 secs] 
664.437: [GC
Desired survivor size 2621440 bytes, new threshold 1 (max 15)
 [PSYoungGen: 814368K->1760K(816128K)] 1798968K->986392K(1840128K), 0.0098020 secs] [Times: user=0.06 sys=0.00, real=0.01 secs] 
664.712: [GC
Desired survivor size 2621440 bytes, new threshold 1 (max 15)
 [PSYoungGen: 814816K->1536K(816640K)] 1799448K->986208K(1840640K), 0.0101370 secs] [Times: user=0.05 sys=0.01, real=0.01 secs] 
664.981: [GC
Desired survivor size 2621440 bytes, new threshold 1 (max 15)
 [PSYoungGen: 815616K->1952K(816640K)] 1800288K->986664K(1840640K), 0.0100940 secs] [Times: user=0.06 sys=0.00, real=0.01 secs] 
665.267: [GC
Desired survivor size 2621440 bytes, new threshold 1 (max 15)
 [PSYoungGen: 816032K->1280K(816640K)] 1800744K->986056K(1840640K), 0.0103630 secs] [Times: user=0.05 sys=0.00, real=0.01 secs] 
665.525: [GC
Desired survivor size 3145728 bytes, new threshold 1 (max 15)
 [PSYoungGen: 815360K->2560K(816640K)] 1800136K->987528K(1840640K), 0.0116210 secs] [Times: user=0.06 sys=0.01, real=0.01 secs] 
665.810: [GC
Desired survivor size 3145728 bytes, new threshold 1 (max 15)
 [PSYoungGen: 816640K->2400K(815616K)] 1801608K->987424K(1839616K), 0.0101640 secs] [Times: user=0.07 sys=0.00, real=0.01 secs] 
666.081: [GC
Desired survivor size 3145728 bytes, new threshold 1 (max 15)
 [PSYoungGen: 815456K->1824K(816128K)] 1800480K->986880K(1840128K), 0.0099170 secs] [Times: user=0.06 sys=0.00, real=0.01 secs] 
666.346: [GC
Desired survivor size 3670016 bytes, new threshold 1 (max 15)
 [PSYoungGen: 814880K->2880K(815104K)] 1799936K->987976K(1839104K), 0.0109850 secs] [Times: user=0.06 sys=0.00, real=0.01 secs] 
666.603: [GC
Desired survivor size 4194304 bytes, new threshold 1 (max 15)
 [PSYoungGen: 814912K->3584K(815616K)] 1800008K->988936K(1839616K), 0.0113610 secs] [Times: user=0.07 sys=0.01, real=0.01 secs] 
666.874: [GC
Desired survivor size 4194304 bytes, new threshold 1 (max 15)
 [PSYoungGen: 815616K->1408K(814592K)] 1800968K->986832K(1838592K), 0.0098070 secs] [Times: user=0.06 sys=0.00, real=0.01 secs] 
667.147: [GC
Desired survivor size 4194304 bytes, new threshold 1 (max 15)
 [PSYoungGen: 812416K->2400K(815104K)] 1797840K->987864K(1839104K), 0.0101890 secs] [Times: user=0.06 sys=0.00, real=0.01 secs] 
667.405: [GC
Desired survivor size 4194304 bytes, new threshold 1 (max 15)
 [PSYoungGen: 813408K->1312K(815104K)] 1798872K->986808K(1839104K), 0.0091980 secs] [Times: user=0.06 sys=0.00, real=0.01 secs] 
667.670: [GC
Desired survivor size 3670016 bytes, new threshold 1 (max 15)
 [PSYoungGen: 812320K->1984K(815104K)] 1797816K->987512K(1839104K), 0.0255350 secs] [Times: user=0.08 sys=0.00, real=0.03 secs] 
667.946: [GC
Desired survivor size 3670016 bytes, new threshold 1 (max 15)
 [PSYoungGen: 812992K->704K(815616K)] 1798520K->986264K(1839616K), 0.0094970 secs] [Times: user=0.05 sys=0.00, real=0.01 secs] 
668.209: [GC
Desired survivor size 4194304 bytes, new threshold 1 (max 15)
 [PSYoungGen: 812736K->2976K(815104K)] 1798296K->988560K(1839104K), 0.0107690 secs] [Times: user=0.05 sys=0.00, real=0.01 secs] 
668.473: [GC
Desired survivor size 4194304 bytes, new threshold 1 (max 15)
 [PSYoungGen: 815008K->448K(815104K)] 1800592K->986080K(1839104K), 0.0091630 secs] [Times: user=0.04 sys=0.00, real=0.01 secs] 
668.749: [GC
Desired survivor size 4194304 bytes, new threshold 1 (max 15)
 [PSYoungGen: 811456K->1888K(815104K)] 1797088K->987552K(1839104K), 0.0098330 secs] [Times: user=0.05 sys=0.01, real=0.01 secs] 
669.010: [GC
Desired survivor size 4194304 bytes, new threshold 1 (max 15)
 [PSYoungGen: 812896K->1280K(815104K)] 1798560K->986984K(1839104K), 0.0095420 secs] [Times: user=0.05 sys=0.00, real=0.01 secs] 
669.277: [GC
Desired survivor size 3670016 bytes, new threshold 1 (max 15)
 [PSYoungGen: 812288K->1312K(815104K)] 1797992K->987056K(1839104K), 0.0094240 secs] [Times: user=0.06 sys=0.00, real=0.01 secs] 
669.533: [GC
Desired survivor size 3670016 bytes, new threshold 1 (max 15)
 [PSYoungGen: 812320K->448K(815616K)] 1798064K->986224K(1839616K), 0.0094890 secs] [Times: user=0.05 sys=0.00, real=0.01 secs] 
669.813: [GC
Desired survivor size 3670016 bytes, new threshold 1 (max 15)
 [PSYoungGen: 812480K->1664K(815616K)] 1798256K->987480K(1839616K), 0.0096120 secs] [Times: user=0.04 sys=0.00, real=0.01 secs] 
670.083: [GC
Desired survivor size 3670016 bytes, new threshold 1 (max 15)
 [PSYoungGen: 813696K->1088K(815616K)] 1799512K->986928K(1839616K), 0.0094930 secs] [Times: user=0.05 sys=0.00, real=0.01 secs] 
670.345: [GC
Desired survivor size 3670016 bytes, new threshold 1 (max 15)
 [PSYoungGen: 813120K->2528K(815616K)] 1798960K->988400K(1839616K), 0.0106150 secs] [Times: user=0.05 sys=0.00, real=0.01 secs] 
670.609: [GC
Desired survivor size 3670016 bytes, new threshold 1 (max 15)
 [PSYoungGen: 814560K->1216K(815616K)] 1800432K->987136K(1839616K), 0.0095740 secs] [Times: user=0.06 sys=0.00, real=0.01 secs] 
670.883: [GC
Desired survivor size 3670016 bytes, new threshold 1 (max 15)
 [PSYoungGen: 813248K->864K(815616K)] 1799168K->986832K(1839616K), 0.0090670 secs] [Times: user=0.05 sys=0.00, real=0.01 secs] 
671.149: [GC
Desired survivor size 4194304 bytes, new threshold 1 (max 15)
 [PSYoungGen: 812896K->3232K(814592K)] 1798864K->989232K(1838592K), 0.0106440 secs] [Times: user=0.05 sys=0.00, real=0.01 secs] 
671.404: [GC
Desired survivor size 4194304 bytes, new threshold 1 (max 15)
 [PSYoungGen: 814240K->3104K(815104K)] 1800240K->989520K(1839104K), 0.0106610 secs] [Times: user=0.05 sys=0.01, real=0.01 secs] 
671.662: [GC
Desired survivor size 4194304 bytes, new threshold 1 (max 15)
 [PSYoungGen: 814112K->1408K(815104K)] 1800528K->988448K(1839104K), 0.0103960 secs] [Times: user=0.06 sys=0.01, real=0.01 secs] 
671.978: [GC
Desired survivor size 4194304 bytes, new threshold 1 (max 15)
 [PSYoungGen: 812416K->1024K(815104K)] 1799456K->988232K(1839104K), 0.0099100 secs] [Times: user=0.05 sys=0.00, real=0.01 secs] 
672.241: [GC
Desired survivor size 4194304 bytes, new threshold 1 (max 15)
 [PSYoungGen: 812032K->1504K(815104K)] 1799240K->988760K(1839104K), 0.0100240 secs] [Times: user=0.06 sys=0.00, real=0.01 secs] 
672.507: [GC
Desired survivor size 3670016 bytes, new threshold 1 (max 15)
 [PSYoungGen: 812512K->1440K(815104K)] 1799768K->988728K(1839104K), 0.0098690 secs] [Times: user=0.06 sys=0.00, real=0.01 secs] 
672.787: [GC
Desired survivor size 3670016 bytes, new threshold 1 (max 15)
 [PSYoungGen: 812448K->1440K(815616K)] 1799736K->988760K(1839616K), 0.0099810 secs] [Times: user=0.06 sys=0.00, real=0.01 secs] 
673.353: [GC
Desired survivor size 4194304 bytes, new threshold 1 (max 15)
 [PSYoungGen: 813472K->3584K(815616K)] 1800792K->990944K(1839616K), 0.0109190 secs] [Times: user=0.06 sys=0.00, real=0.02 secs] 
673.610: [GC
Desired survivor size 4194304 bytes, new threshold 1 (max 15)
 [PSYoungGen: 815616K->1088K(814592K)] 1802976K->988480K(1838592K), 0.0093000 secs] [Times: user=0.04 sys=0.00, real=0.01 secs] 
673.891: [GC
Desired survivor size 4194304 bytes, new threshold 1 (max 15)
 [PSYoungGen: 812096K->2208K(815104K)] 1799488K->989624K(1839104K), 0.0097620 secs] [Times: user=0.05 sys=0.00, real=0.01 secs] 
674.163: [GC
Desired survivor size 4194304 bytes, new threshold 1 (max 15)
 [PSYoungGen: 813216K->512K(815104K)] 1800632K->987968K(1839104K), 0.0094620 secs] [Times: user=0.05 sys=0.00, real=0.01 secs] 
674.432: [GC
Desired survivor size 4194304 bytes, new threshold 1 (max 15)
 [PSYoungGen: 811520K->2528K(815104K)] 1798976K->990032K(1839104K), 0.0104640 secs] [Times: user=0.06 sys=0.00, real=0.01 secs] 
674.705: [GC
Desired survivor size 4194304 bytes, new threshold 1 (max 15)
 [PSYoungGen: 813536K->1248K(815104K)] 1801040K->988784K(1839104K), 0.0100530 secs] [Times: user=0.05 sys=0.00, real=0.01 secs] 
674.972: [GC
Desired survivor size 4194304 bytes, new threshold 1 (max 15)
 [PSYoungGen: 812256K->832K(815104K)] 1799792K->988416K(1839104K), 0.0106230 secs] [Times: user=0.05 sys=0.00, real=0.01 secs] 
675.240: [GC
Desired survivor size 4194304 bytes, new threshold 1 (max 15)
 [PSYoungGen: 811840K->2304K(815104K)] 1799424K->989928K(1839104K), 0.0101000 secs] [Times: user=0.06 sys=0.00, real=0.01 secs] 
675.498: [GC
Desired survivor size 4194304 bytes, new threshold 1 (max 15)
 [PSYoungGen: 813312K->2080K(815104K)] 1800936K->989728K(1839104K), 0.0097980 secs] [Times: user=0.06 sys=0.00, real=0.01 secs] 
675.767: [GC
Desired survivor size 4194304 bytes, new threshold 1 (max 15)
 [PSYoungGen: 813088K->2400K(815104K)] 1800736K->990096K(1839104K), 0.0099010 secs] [Times: user=0.05 sys=0.00, real=0.01 secs] 
676.025: [GC
Desired survivor size 3670016 bytes, new threshold 1 (max 15)
 [PSYoungGen: 813408K->1696K(815104K)] 1801104K->989424K(1839104K), 0.0095990 secs] [Times: user=0.06 sys=0.00, real=0.00 secs] 
676.297: [GC
Desired survivor size 3670016 bytes, new threshold 1 (max 15)
 [PSYoungGen: 812704K->960K(815616K)] 1800432K->988720K(1839616K), 0.0094230 secs] [Times: user=0.05 sys=0.00, real=0.01 secs] 
676.557: [GC
Desired survivor size 3670016 bytes, new threshold 1 (max 15)
 [PSYoungGen: 812992K->1280K(815616K)] 1800752K->989064K(1839616K), 0.0098990 secs] [Times: user=0.05 sys=0.00, real=0.01 secs] 
676.834: [GC
Desired survivor size 3670016 bytes, new threshold 1 (max 15)
 [PSYoungGen: 813312K->1504K(815616K)] 1801096K->989328K(1839616K), 0.0095970 secs] [Times: user=0.05 sys=0.00, real=0.01 secs] 
677.098: [GC
Desired survivor size 3670016 bytes, new threshold 1 (max 15)
 [PSYoungGen: 813536K->1792K(815616K)] 1801360K->989648K(1839616K), 0.0099040 secs] [Times: user=0.05 sys=0.00, real=0.01 secs] 
677.362: [GC
Desired survivor size 3145728 bytes, new threshold 1 (max 15)
 [PSYoungGen: 813824K->1696K(816128K)] 1801680K->989592K(1840128K), 0.0097000 secs] [Times: user=0.06 sys=0.00, real=0.01 secs] 
677.630: [GC
Desired survivor size 3145728 bytes, new threshold 1 (max 15)
 [PSYoungGen: 814240K->960K(815616K)] 1802136K->988888K(1839616K), 0.0092150 secs] [Times: user=0.05 sys=0.00, real=0.01 secs] 
678.004: [GC
Desired survivor size 3670016 bytes, new threshold 1 (max 15)
 [PSYoungGen: 813504K->2304K(815104K)] 1801432K->990272K(1839104K), 0.0339060 secs] [Times: user=0.06 sys=0.00, real=0.04 secs] 
678.304: [GC
Desired survivor size 3670016 bytes, new threshold 1 (max 15)
 [PSYoungGen: 814336K->512K(815616K)] 1802304K->988528K(1839616K), 0.0099450 secs] [Times: user=0.05 sys=0.00, real=0.01 secs] 
678.581: [GC
Desired survivor size 3670016 bytes, new threshold 1 (max 15)
 [PSYoungGen: 812544K->1920K(815616K)] 1800560K->989984K(1839616K), 0.0099360 secs] [Times: user=0.06 sys=0.00, real=0.01 secs] 
678.853: [GC
Desired survivor size 3670016 bytes, new threshold 1 (max 15)
 [PSYoungGen: 813952K->1824K(815616K)] 1802016K->989920K(1839616K), 0.0099570 secs] [Times: user=0.06 sys=0.00, real=0.01 secs] 
679.118: [GC
Desired survivor size 3670016 bytes, new threshold 1 (max 15)
 [PSYoungGen: 813856K->2048K(815616K)] 1801952K->990400K(1839616K), 0.0121520 secs] [Times: user=0.06 sys=0.00, real=0.01 secs] 
679.381: [GC
Desired survivor size 3145728 bytes, new threshold 1 (max 15)
 [PSYoungGen: 814080K->1312K(815616K)] 1802432K->990104K(1839616K), 0.0101010 secs] [Times: user=0.06 sys=0.00, real=0.01 secs] 
679.658: [GC
Desired survivor size 3145728 bytes, new threshold 1 (max 15)
 [PSYoungGen: 813344K->1408K(816128K)] 1802136K->990512K(1840128K), 0.0094150 secs] [Times: user=0.06 sys=0.00, real=0.01 secs] 
679.935: [GC
Desired survivor size 3145728 bytes, new threshold 1 (max 15)
 [PSYoungGen: 814464K->1856K(816128K)] 1803568K->991048K(1840128K), 0.0099990 secs] [Times: user=0.06 sys=0.00, real=0.01 secs] 
680.202: [GC
Desired survivor size 3145728 bytes, new threshold 1 (max 15)
 [PSYoungGen: 814912K->1952K(816128K)] 1804104K->991208K(1840128K), 0.0097470 secs] [Times: user=0.07 sys=0.00, real=0.01 secs] 
680.465: [GC
Desired survivor size 3145728 bytes, new threshold 1 (max 15)
 [PSYoungGen: 815008K->672K(816128K)] 1804264K->989984K(1840128K), 0.0094560 secs] [Times: user=0.05 sys=0.00, real=0.01 secs] 
680.745: [GC
Desired survivor size 3145728 bytes, new threshold 1 (max 15)
 [PSYoungGen: 813728K->1664K(816128K)] 1803040K->991032K(1840128K), 0.0095520 secs] [Times: user=0.05 sys=0.00, real=0.01 secs] 
681.011: [GC
Desired survivor size 3145728 bytes, new threshold 1 (max 15)
 [PSYoungGen: 814720K->2112K(816128K)] 1804088K->991568K(1840128K), 0.0098930 secs] [Times: user=0.06 sys=0.00, real=0.01 secs] 
681.276: [GC
Desired survivor size 3145728 bytes, new threshold 1 (max 15)
 [PSYoungGen: 815168K->2400K(816128K)] 1804624K->991928K(1840128K), 0.0099850 secs] [Times: user=0.05 sys=0.00, real=0.01 secs] 
681.540: [GC
Desired survivor size 3145728 bytes, new threshold 1 (max 15)
 [PSYoungGen: 815456K->1184K(816128K)] 1804984K->990744K(1840128K), 0.0092790 secs] [Times: user=0.05 sys=0.00, real=0.01 secs] 
681.820: [GC
Desired survivor size 3670016 bytes, new threshold 1 (max 15)
 [PSYoungGen: 814240K->2272K(815104K)] 1803800K->991856K(1839104K), 0.0104360 secs] [Times: user=0.05 sys=0.00, real=0.01 secs] 
682.079: [GC
Desired survivor size 3145728 bytes, new threshold 1 (max 15)
 [PSYoungGen: 814304K->1184K(815616K)] 1803888K->990808K(1839616K), 0.0099800 secs] [Times: user=0.06 sys=0.00, real=0.01 secs] 
682.334: [GC
Desired survivor size 3670016 bytes, new threshold 1 (max 15)
 [PSYoungGen: 813216K->2848K(815104K)] 1802840K->992520K(1839104K), 0.0099550 secs] [Times: user=0.05 sys=0.00, real=0.01 secs] 
682.593: [GC
Desired survivor size 3670016 bytes, new threshold 1 (max 15)
 [PSYoungGen: 814880K->1632K(815616K)] 1804552K->991336K(1839616K), 0.0097640 secs] [Times: user=0.05 sys=0.00, real=0.01 secs] 
682.871: [GC
Desired survivor size 3670016 bytes, new threshold 1 (max 15)
 [PSYoungGen: 813664K->2208K(815616K)] 1803368K->991936K(1839616K), 0.0106680 secs] [Times: user=0.07 sys=0.01, real=0.01 secs] 
683.137: [GC
Desired survivor size 3670016 bytes, new threshold 1 (max 15)
 [PSYoungGen: 814240K->1120K(815616K)] 1803968K->990888K(1839616K), 0.0095210 secs] [Times: user=0.05 sys=0.00, real=0.01 secs] 
683.395: [GC
Desired survivor size 3670016 bytes, new threshold 1 (max 15)
 [PSYoungGen: 813152K->2496K(815616K)] 1802920K->992288K(1839616K), 0.0102490 secs] [Times: user=0.05 sys=0.00, real=0.01 secs] 
683.656: [GC
Desired survivor size 3670016 bytes, new threshold 1 (max 15)
 [PSYoungGen: 814528K->2048K(815616K)] 1804320K->991880K(1839616K), 0.0092240 secs] [Times: user=0.05 sys=0.01, real=0.01 secs] 
683.927: [GC
Desired survivor size 4194304 bytes, new threshold 1 (max 15)
 [PSYoungGen: 814080K->3296K(814592K)] 1803912K->993160K(1838592K), 0.0103710 secs] [Times: user=0.06 sys=0.00, real=0.01 secs] 
684.190: [GC
Desired survivor size 4194304 bytes, new threshold 1 (max 15)
 [PSYoungGen: 814304K->1184K(815104K)] 1804168K->991096K(1839104K), 0.0093960 secs] [Times: user=0.05 sys=0.00, real=0.01 secs] 
684.449: [GC
Desired survivor size 3670016 bytes, new threshold 1 (max 15)
 [PSYoungGen: 812192K->2016K(815616K)] 1802104K->991952K(1839616K), 0.0097530 secs] [Times: user=0.06 sys=0.00, real=0.01 secs] 
684.721: [GC
Desired survivor size 4194304 bytes, new threshold 1 (max 15)
 [PSYoungGen: 813536K->2880K(815104K)] 1803472K->993304K(1839104K), 0.0103760 secs] [Times: user=0.06 sys=0.00, real=0.01 secs] 
684.984: [GC
Desired survivor size 4194304 bytes, new threshold 1 (max 15)
 [PSYoungGen: 814400K->2752K(815104K)] 1804824K->993928K(1839104K), 0.0107920 secs] [Times: user=0.05 sys=0.00, real=0.01 secs] 
685.249: [GC
Desired survivor size 4194304 bytes, new threshold 1 (max 15)
 [PSYoungGen: 813760K->896K(815104K)] 1804936K->992368K(1839104K), 0.0094670 secs] [Times: user=0.05 sys=0.00, real=0.01 secs] 
685.513: [GC
Desired survivor size 4194304 bytes, new threshold 1 (max 15)
 [PSYoungGen: 811904K->448K(815104K)] 1803376K->991952K(1839104K), 0.0094400 secs] [Times: user=0.06 sys=0.00, real=0.01 secs] 
685.785: [GC
Desired survivor size 4194304 bytes, new threshold 1 (max 15)
 [PSYoungGen: 811456K->2496K(815104K)] 1802960K->994024K(1839104K), 0.0098130 secs] [Times: user=0.05 sys=0.01, real=0.01 secs] 
686.042: [GC
Desired survivor size 4194304 bytes, new threshold 1 (max 15)
 [PSYoungGen: 813504K->2144K(815104K)] 1805032K->993712K(1839104K), 0.0100360 secs] [Times: user=0.05 sys=0.00, real=0.01 secs] 
686.313: [GC
Desired survivor size 4194304 bytes, new threshold 1 (max 15)
 [PSYoungGen: 813152K->1792K(815104K)] 1804720K->993392K(1839104K), 0.0100830 secs] [Times: user=0.06 sys=0.00, real=0.01 secs] 
686.571: [GC
Desired survivor size 3670016 bytes, new threshold 1 (max 15)
 [PSYoungGen: 812800K->1536K(815616K)] 1804400K->993168K(1839616K), 0.0102550 secs] [Times: user=0.06 sys=0.00, real=0.01 secs] 
686.849: [GC
Desired survivor size 3670016 bytes, new threshold 1 (max 15)
 [PSYoungGen: 813056K->800K(815104K)] 1804688K->992464K(1839104K), 0.0095910 secs] [Times: user=0.05 sys=0.00, real=0.01 secs] 
687.113: [GC
Desired survivor size 3670016 bytes, new threshold 1 (max 15)
 [PSYoungGen: 812320K->1312K(815616K)] 1803984K->993016K(1839616K), 0.0097190 secs] [Times: user=0.05 sys=0.01, real=0.01 secs] 
687.378: [GC
Desired survivor size 3670016 bytes, new threshold 1 (max 15)
 [PSYoungGen: 813344K->2176K(815616K)] 1805048K->993920K(1839616K), 0.0107730 secs] [Times: user=0.06 sys=0.00, real=0.01 secs] 
687.646: [GC
Desired survivor size 3670016 bytes, new threshold 1 (max 15)
 [PSYoungGen: 814208K->1184K(815616K)] 1805952K->992952K(1839616K), 0.0095330 secs] [Times: user=0.05 sys=0.00, real=0.01 secs] 
687.913: [GC
Desired survivor size 4194304 bytes, new threshold 1 (max 15)
 [PSYoungGen: 813216K->3328K(815616K)] 1804984K->995136K(1839616K), 0.0105170 secs] [Times: user=0.05 sys=0.00, real=0.01 secs] 
688.180: [GC
Desired survivor size 4194304 bytes, new threshold 1 (max 15)
 [PSYoungGen: 815360K->1536K(814592K)] 1807168K->993376K(1838592K), 0.0093960 secs] [Times: user=0.05 sys=0.00, real=0.01 secs] 
688.444: [GC
Desired survivor size 4194304 bytes, new threshold 1 (max 15)
 [PSYoungGen: 812544K->640K(815104K)] 1804384K->992512K(1839104K), 0.0092630 secs] [Times: user=0.05 sys=0.01, real=0.01 secs] 
688.726: [GC
Desired survivor size 4194304 bytes, new threshold 1 (max 15)
 [PSYoungGen: 811648K->1152K(815104K)] 1803520K->993064K(1839104K), 0.0099350 secs] [Times: user=0.05 sys=0.00, real=0.01 secs] 
688.998: [GC
Desired survivor size 3670016 bytes, new threshold 1 (max 15)
 [PSYoungGen: 812160K->1472K(815104K)] 1804072K->993408K(1839104K), 0.0096540 secs] [Times: user=0.06 sys=0.00, real=0.01 secs] 
689.261: [GC
Desired survivor size 3670016 bytes, new threshold 1 (max 15)
 [PSYoungGen: 812480K->1728K(815616K)] 1804416K->993696K(1839616K), 0.0100220 secs] [Times: user=0.06 sys=0.00, real=0.01 secs] 
689.528: [GC
Desired survivor size 3670016 bytes, new threshold 1 (max 15)
 [PSYoungGen: 813760K->960K(815616K)] 1805728K->992944K(1839616K), 0.0094910 secs] [Times: user=0.05 sys=0.00, real=0.01 secs] 
689.811: [GC
Desired survivor size 3670016 bytes, new threshold 1 (max 15)
 [PSYoungGen: 812992K->1440K(815616K)] 1804976K->993440K(1839616K), 0.0093770 secs] [Times: user=0.06 sys=0.00, real=0.01 secs] 
690.073: [GC
Desired survivor size 3670016 bytes, new threshold 1 (max 15)
 [PSYoungGen: 813472K->736K(815616K)] 1805472K->992776K(1839616K), 0.0106390 secs] [Times: user=0.05 sys=0.00, real=0.01 secs] 
690.344: [GC
Desired survivor size 3145728 bytes, new threshold 1 (max 15)
 [PSYoungGen: 812768K->1344K(816128K)] 1804808K->993408K(1840128K), 0.0097000 secs] [Times: user=0.05 sys=0.01, real=0.01 secs] 
690.607: [GC
Desired survivor size 3145728 bytes, new threshold 1 (max 15)
 [PSYoungGen: 813888K->1984K(815616K)] 1805952K->994080K(1839616K), 0.0100830 secs] [Times: user=0.05 sys=0.01, real=0.01 secs] 
690.881: [GC
Desired survivor size 3145728 bytes, new threshold 1 (max 15)
 [PSYoungGen: 814528K->1152K(816128K)] 1806624K->993280K(1840128K), 0.0098200 secs] [Times: user=0.06 sys=0.00, real=0.01 secs] 
691.151: [GC
Desired survivor size 3145728 bytes, new threshold 1 (max 15)
 [PSYoungGen: 814208K->1056K(816128K)] 1806336K->993224K(1840128K), 0.0097030 secs] [Times: user=0.05 sys=0.00, real=0.01 secs] 
691.414: [GC
Desired survivor size 3145728 bytes, new threshold 1 (max 15)
 [PSYoungGen: 814112K->1056K(816128K)] 1806280K->993272K(1840128K), 0.0096020 secs] [Times: user=0.05 sys=0.00, real=0.01 secs] 
691.689: [GC
Desired survivor size 3145728 bytes, new threshold 1 (max 15)
 [PSYoungGen: 814112K->544K(816128K)] 1806328K->992800K(1840128K), 0.0098950 secs] [Times: user=0.05 sys=0.00, real=0.01 secs] 
691.987: [GC
Desired survivor size 3145728 bytes, new threshold 1 (max 15)
 [PSYoungGen: 813600K->1952K(816128K)] 1805856K->994232K(1840128K), 0.0096520 secs] [Times: user=0.05 sys=0.00, real=0.00 secs] 
692.255: [GC
Desired survivor size 3145728 bytes, new threshold 1 (max 15)
 [PSYoungGen: 815008K->1248K(816128K)] 1807288K->993560K(1840128K), 0.0095530 secs] [Times: user=0.05 sys=0.00, real=0.01 secs] 
692.513: [GC
Desired survivor size 3145728 bytes, new threshold 1 (max 15)
 [PSYoungGen: 814304K->800K(816128K)] 1806616K->993144K(1840128K), 0.0092250 secs] [Times: user=0.06 sys=0.00, real=0.01 secs] 
692.789: [GC
Desired survivor size 3145728 bytes, new threshold 1 (max 15)
 [PSYoungGen: 813856K->1024K(816128K)] 1806200K->993392K(1840128K), 0.0093590 secs] [Times: user=0.05 sys=0.01, real=0.01 secs] 
693.050: [GC
Desired survivor size 3145728 bytes, new threshold 1 (max 15)
 [PSYoungGen: 814080K->2336K(816128K)] 1806448K->994744K(1840128K), 0.0097410 secs] [Times: user=0.06 sys=0.00, real=0.01 secs] 
693.312: [GC
Desired survivor size 3145728 bytes, new threshold 1 (max 15)
 [PSYoungGen: 815392K->1824K(816128K)] 1807800K->994280K(1840128K), 0.0099500 secs] [Times: user=0.05 sys=0.00, real=0.01 secs] 
693.571: [GC
Desired survivor size 3145728 bytes, new threshold 1 (max 15)
 [PSYoungGen: 814880K->288K(816128K)] 1807336K->992760K(1840128K), 0.0117500 secs] [Times: user=0.06 sys=0.00, real=0.01 secs] 
693.850: [GC
Desired survivor size 3145728 bytes, new threshold 1 (max 15)
 [PSYoungGen: 813344K->1408K(816128K)] 1805816K->993912K(1840128K), 0.0096630 secs] [Times: user=0.06 sys=0.00, real=0.01 secs] 
694.121: [GC
Desired survivor size 3145728 bytes, new threshold 1 (max 15)
 [PSYoungGen: 814464K->1248K(816128K)] 1806968K->993776K(1840128K), 0.0116070 secs] [Times: user=0.06 sys=0.00, real=0.01 secs] 
694.382: [GC
Desired survivor size 3145728 bytes, new threshold 1 (max 15)
 [PSYoungGen: 814304K->1568K(816128K)] 1806832K->994136K(1840128K), 0.0096330 secs] [Times: user=0.05 sys=0.00, real=0.01 secs] 
694.642: [GC
Desired survivor size 3145728 bytes, new threshold 1 (max 15)
 [PSYoungGen: 814624K->1632K(816128K)] 1807192K->994224K(1840128K), 0.0094230 secs] [Times: user=0.05 sys=0.00, real=0.01 secs] 
694.912: [GC
Desired survivor size 3145728 bytes, new threshold 1 (max 15)
 [PSYoungGen: 814688K->1824K(816128K)] 1807280K->994440K(1840128K), 0.0098280 secs] [Times: user=0.05 sys=0.00, real=0.01 secs] 
695.185: [GC
Desired survivor size 3145728 bytes, new threshold 1 (max 15)
 [PSYoungGen: 814880K->1088K(816128K)] 1807496K->993744K(1840128K), 0.0098890 secs] [Times: user=0.05 sys=0.01, real=0.01 secs] 
695.453: [GC
Desired survivor size 2621440 bytes, new threshold 1 (max 15)
 [PSYoungGen: 814144K->800K(816128K)] 1806800K->993504K(1840128K), 0.0093620 secs] [Times: user=0.05 sys=0.00, real=0.01 secs] 
695.734: [GC
Desired survivor size 3145728 bytes, new threshold 1 (max 15)
 [PSYoungGen: 813856K->2304K(815616K)] 1806560K->995040K(1839616K), 0.0096510 secs] [Times: user=0.06 sys=0.00, real=0.01 secs] 
696.002: [GC
Desired survivor size 3145728 bytes, new threshold 1 (max 15)
 [PSYoungGen: 815360K->1536K(816128K)] 1808096K->994304K(1840128K), 0.0092620 secs] [Times: user=0.05 sys=0.00, real=0.01 secs] 
696.270: [GC
Desired survivor size 3670016 bytes, new threshold 1 (max 15)
 [PSYoungGen: 814592K->3072K(815104K)] 1807360K->995888K(1839104K), 0.0106500 secs] [Times: user=0.06 sys=0.00, real=0.01 secs] 
696.536: [GC
Desired survivor size 3670016 bytes, new threshold 1 (max 15)
 [PSYoungGen: 815104K->1312K(815616K)] 1807920K->994720K(1839616K), 0.0100230 secs] [Times: user=0.05 sys=0.00, real=0.01 secs] 
696.805: [GC
Desired survivor size 4194304 bytes, new threshold 1 (max 15)
 [PSYoungGen: 813344K->3392K(814592K)] 1806752K->997568K(1838592K), 0.0115010 secs] [Times: user=0.06 sys=0.00, real=0.01 secs] 
697.072: [GC
Desired survivor size 4194304 bytes, new threshold 1 (max 15)
 [PSYoungGen: 814400K->2784K(815104K)] 1808576K->997000K(1839104K), 0.0113810 secs] [Times: user=0.07 sys=0.00, real=0.01 secs] 
697.335: [GC
Desired survivor size 4194304 bytes, new threshold 1 (max 15)
 [PSYoungGen: 813792K->1728K(815104K)] 1808008K->996000K(1839104K), 0.0100340 secs] [Times: user=0.05 sys=0.00, real=0.01 secs] 
697.597: [GC
Desired survivor size 3670016 bytes, new threshold 1 (max 15)
 [PSYoungGen: 812736K->1248K(815104K)] 1807008K->995568K(1839104K), 0.0095520 secs] [Times: user=0.05 sys=0.00, real=0.01 secs] 
697.864: [GC
Desired survivor size 3670016 bytes, new threshold 1 (max 15)
 [PSYoungGen: 812256K->2112K(815616K)] 1806576K->996456K(1839616K), 0.0099790 secs] [Times: user=0.07 sys=0.00, real=0.01 secs] 
698.133: [GC
Desired survivor size 3670016 bytes, new threshold 1 (max 15)
 [PSYoungGen: 814144K->1504K(815616K)] 1808488K->995872K(1839616K), 0.0091540 secs] [Times: user=0.05 sys=0.00, real=0.01 secs] 
698.394: [GC
Desired survivor size 4194304 bytes, new threshold 1 (max 15)
 [PSYoungGen: 813536K->3136K(814592K)] 1807904K->997536K(1838592K), 0.0107510 secs] [Times: user=0.06 sys=0.00, real=0.01 secs] 
698.665: [GC
Desired survivor size 4194304 bytes, new threshold 1 (max 15)
 [PSYoungGen: 814144K->1152K(815104K)] 1808544K->995584K(1839104K), 0.0134420 secs] [Times: user=0.06 sys=0.00, real=0.02 secs] 
698.944: [GC
Desired survivor size 3670016 bytes, new threshold 1 (max 15)
 [PSYoungGen: 812160K->2016K(815616K)] 1806592K->996464K(1839616K), 0.0102370 secs] [Times: user=0.05 sys=0.00, real=0.01 secs] 
699.216: [GC
Desired survivor size 3670016 bytes, new threshold 1 (max 15)
 [PSYoungGen: 813536K->1408K(815104K)] 1807984K->995888K(1839104K), 0.0095950 secs] [Times: user=0.06 sys=0.00, real=0.01 secs] 
699.475: [GC
Desired survivor size 3670016 bytes, new threshold 1 (max 15)
 [PSYoungGen: 812928K->1600K(815616K)] 1807408K->996112K(1839616K), 0.0104180 secs] [Times: user=0.05 sys=0.00, real=0.01 secs] 
699.754: [GC
Desired survivor size 3670016 bytes, new threshold 1 (max 15)
 [PSYoungGen: 813632K->2112K(815616K)] 1808144K->996656K(1839616K), 0.0104250 secs] [Times: user=0.07 sys=0.00, real=0.01 secs] 
700.020: [GC
Desired survivor size 3670016 bytes, new threshold 1 (max 15)
 [PSYoungGen: 814144K->1664K(815616K)] 1808688K->996232K(1839616K), 0.0098450 secs] [Times: user=0.04 sys=0.00, real=0.01 secs] 
700.289: [GC
Desired survivor size 3670016 bytes, new threshold 1 (max 15)
 [PSYoungGen: 813696K->1056K(815616K)] 1808264K->995664K(1839616K), 0.0104600 secs] [Times: user=0.05 sys=0.01, real=0.01 secs] 
700.549: [GC
Desired survivor size 3670016 bytes, new threshold 1 (max 15)
 [PSYoungGen: 813088K->1344K(815616K)] 1807696K->995984K(1839616K), 0.0095000 secs] [Times: user=0.05 sys=0.00, real=0.01 secs] 
700.820: [GC
Desired survivor size 3670016 bytes, new threshold 1 (max 15)
 [PSYoungGen: 813376K->3264K(815616K)] 1808016K->997952K(1839616K), 0.0101410 secs] [Times: user=0.06 sys=0.00, real=0.01 secs] 
701.082: [GC
Desired survivor size 3670016 bytes, new threshold 1 (max 15)
 [PSYoungGen: 815296K->2016K(815616K)] 1809984K->997896K(1839616K), 0.0106510 secs] [Times: user=0.06 sys=0.00, real=0.01 secs] 
701.340: [GC
Desired survivor size 4194304 bytes, new threshold 1 (max 15)
 [PSYoungGen: 814048K->3424K(815616K)] 1809928K->999824K(1839616K), 0.0109940 secs] [Times: user=0.06 sys=0.01, real=0.01 secs] 
701.606: [GC
Desired survivor size 4194304 bytes, new threshold 1 (max 15)
 [PSYoungGen: 815456K->1760K(814592K)] 1811856K->998744K(1838592K), 0.0102140 secs] [Times: user=0.05 sys=0.00, real=0.01 secs] 
701.879: [GC
Desired survivor size 4194304 bytes, new threshold 1 (max 15)
 [PSYoungGen: 812768K->1280K(815104K)] 1809752K->998744K(1839104K), 0.0104950 secs] [Times: user=0.05 sys=0.00, real=0.02 secs] 
702.148: [GC
Desired survivor size 3670016 bytes, new threshold 1 (max 15)
 [PSYoungGen: 812288K->1536K(815616K)] 1809752K->999032K(1839616K), 0.0100480 secs] [Times: user=0.05 sys=0.00, real=0.01 secs] 
702.408: [GC
Desired survivor size 3670016 bytes, new threshold 1 (max 15)
 [PSYoungGen: 813056K->1888K(815104K)] 1810552K->999400K(1839104K), 0.0097290 secs] [Times: user=0.06 sys=0.00, real=0.01 secs] 
702.679: [GC
Desired survivor size 3670016 bytes, new threshold 1 (max 15)
 [PSYoungGen: 813408K->1760K(815616K)] 1810920K->999320K(1839616K), 0.0188690 secs] [Times: user=0.07 sys=0.00, real=0.02 secs] 
702.947: [GC
Desired survivor size 3670016 bytes, new threshold 1 (max 15)
 [PSYoungGen: 813792K->2880K(815616K)] 1811352K->1000472K(1839616K), 0.0107580 secs] [Times: user=0.05 sys=0.01, real=0.01 secs] 
703.210: [GC
Desired survivor size 4718592 bytes, new threshold 1 (max 15)
 [PSYoungGen: 814912K->3584K(813568K)] 1812504K->1002184K(1837568K), 0.0111530 secs] [Times: user=0.08 sys=0.01, real=0.01 secs] 
703.473: [GC
Desired survivor size 4718592 bytes, new threshold 1 (max 15)
 [PSYoungGen: 813568K->1472K(814592K)] 1812168K->1000880K(1838592K), 0.0098450 secs] [Times: user=0.06 sys=0.00, real=0.01 secs] 
703.742: [GC
Desired survivor size 4194304 bytes, new threshold 1 (max 15)
 [PSYoungGen: 811456K->2272K(815104K)] 1810864K->1002144K(1839104K), 0.0102900 secs] [Times: user=0.07 sys=0.00, real=0.01 secs] 
703.996: [GC
Desired survivor size 4718592 bytes, new threshold 1 (max 15)
 [PSYoungGen: 812768K->3072K(814592K)] 1812640K->1002960K(1838592K), 0.0106140 secs] [Times: user=0.07 sys=0.00, real=0.01 secs] 
704.270: [GC
Desired survivor size 4718592 bytes, new threshold 1 (max 15)
 [PSYoungGen: 813568K->448K(814592K)] 1813456K->1000384K(1838592K), 0.0090330 secs] [Times: user=0.05 sys=0.00, real=0.00 secs] 
704.554: [GC
Desired survivor size 4718592 bytes, new threshold 1 (max 15)
 [PSYoungGen: 810432K->1152K(814592K)] 1810368K->1001120K(1838592K), 0.0099920 secs] [Times: user=0.05 sys=0.00, real=0.01 secs] 
704.830: [GC
Desired survivor size 4718592 bytes, new threshold 1 (max 15)
 [PSYoungGen: 811136K->3008K(814592K)] 1811104K->1002992K(1838592K), 0.0108980 secs] [Times: user=0.07 sys=0.00, real=0.01 secs] 
705.089: [GC
Desired survivor size 4718592 bytes, new threshold 1 (max 15)
 [PSYoungGen: 812992K->2432K(814592K)] 1812976K->1002448K(1838592K), 0.0100200 secs] [Times: user=0.06 sys=0.00, real=0.01 secs] 
705.351: [GC
Desired survivor size 4718592 bytes, new threshold 1 (max 15)
 [PSYoungGen: 812416K->1824K(814592K)] 1812432K->1001872K(1838592K), 0.0095720 secs] [Times: user=0.05 sys=0.00, real=0.01 secs] 
705.617: [GC
Desired survivor size 4194304 bytes, new threshold 1 (max 15)
 [PSYoungGen: 811808K->1408K(814592K)] 1811856K->1001480K(1838592K), 0.0099000 secs] [Times: user=0.05 sys=0.00, real=0.01 secs] 
705.889: [GC
Desired survivor size 4194304 bytes, new threshold 1 (max 15)
 [PSYoungGen: 811392K->864K(815104K)] 1811464K->1000976K(1839104K), 0.0094060 secs] [Times: user=0.05 sys=0.00, real=0.01 secs] 
706.163: [GC
Desired survivor size 4194304 bytes, new threshold 1 (max 15)
 [PSYoungGen: 811872K->1440K(815104K)] 1811984K->1001576K(1839104K), 0.0103880 secs] [Times: user=0.06 sys=0.00, real=0.01 secs] 
706.428: [GC
Desired survivor size 4194304 bytes, new threshold 1 (max 15)
 [PSYoungGen: 812448K->2560K(815104K)] 1812584K->1002736K(1839104K), 0.0100740 secs] [Times: user=0.05 sys=0.00, real=0.01 secs] 
706.704: [GC
Desired survivor size 4718592 bytes, new threshold 1 (max 15)
 [PSYoungGen: 813568K->3648K(815104K)] 1813744K->1003864K(1839104K), 0.0102940 secs] [Times: user=0.06 sys=0.00, real=0.01 secs] 
706.963: [GC
Desired survivor size 4718592 bytes, new threshold 1 (max 15)
 [PSYoungGen: 814656K->1120K(814080K)] 1814872K->1001352K(1838080K), 0.0098570 secs] [Times: user=0.05 sys=0.00, real=0.01 secs] 
707.230: [GC
Desired survivor size 4718592 bytes, new threshold 1 (max 15)
 [PSYoungGen: 811104K->1568K(814592K)] 1811336K->1001832K(1838592K), 0.0100540 secs] [Times: user=0.05 sys=0.00, real=0.01 secs] 
707.486: [GC
Desired survivor size 4194304 bytes, new threshold 1 (max 15)
 [PSYoungGen: 811552K->2112K(815104K)] 1811816K->1002392K(1839104K), 0.0096380 secs] [Times: user=0.06 sys=0.00, real=0.01 secs] 
707.761: [GC
Desired survivor size 4194304 bytes, new threshold 1 (max 15)
 [PSYoungGen: 812608K->1952K(814592K)] 1812888K->1003224K(1838592K), 0.0107750 secs] [Times: user=0.05 sys=0.00, real=0.01 secs] 
708.018: [GC
Desired survivor size 4194304 bytes, new threshold 1 (max 15)
 [PSYoungGen: 812448K->2848K(815104K)] 1813720K->1004992K(1839104K), 0.0108680 secs] [Times: user=0.07 sys=0.00, real=0.01 secs] 
708.277: [GC
Desired survivor size 4194304 bytes, new threshold 1 (max 15)
 [PSYoungGen: 813856K->2080K(815104K)] 1816000K->1004840K(1839104K), 0.0104800 secs] [Times: user=0.05 sys=0.01, real=0.01 secs] 
708.544: [GC
Desired survivor size 4194304 bytes, new threshold 1 (max 15)
 [PSYoungGen: 813088K->2080K(815104K)] 1815848K->1004904K(1839104K), 0.0100620 secs] [Times: user=0.06 sys=0.00, real=0.01 secs] 
708.818: [GC
Desired survivor size 3670016 bytes, new threshold 1 (max 15)
 [PSYoungGen: 813088K->1504K(815104K)] 1815912K->1004368K(1839104K), 0.0099720 secs] [Times: user=0.05 sys=0.00, real=0.01 secs] 
709.077: [GC
Desired survivor size 3670016 bytes, new threshold 1 (max 15)
 [PSYoungGen: 812512K->1696K(815616K)] 1815376K->1004592K(1839616K), 0.0104430 secs] [Times: user=0.05 sys=0.00, real=0.01 secs] 
709.339: [GC
Desired survivor size 4194304 bytes, new threshold 1 (max 15)
 [PSYoungGen: 813728K->2784K(815104K)] 1816624K->1005704K(1839104K), 0.0103670 secs] [Times: user=0.06 sys=0.00, real=0.01 secs] 
709.602: [GC
Desired survivor size 4194304 bytes, new threshold 1 (max 15)
 [PSYoungGen: 814816K->2688K(815104K)] 1817736K->1005632K(1839104K), 0.0106400 secs] [Times: user=0.06 sys=0.00, real=0.01 secs] 
709.871: [GC
Desired survivor size 3670016 bytes, new threshold 1 (max 15)
 [PSYoungGen: 813696K->2272K(815104K)] 1816640K->1005240K(1839104K), 0.0098240 secs] [Times: user=0.06 sys=0.00, real=0.01 secs] 
710.131: [GC
Desired survivor size 4194304 bytes, new threshold 1 (max 15)
 [PSYoungGen: 813280K->3040K(814592K)] 1816248K->1006048K(1838592K), 0.0101500 secs] [Times: user=0.06 sys=0.00, real=0.01 secs] 
710.400: [GC
Desired survivor size 4194304 bytes, new threshold 1 (max 15)
 [PSYoungGen: 814048K->1120K(815104K)] 1817056K->1004152K(1839104K), 0.0098670 secs] [Times: user=0.05 sys=0.00, real=0.01 secs] 
710.664: [GC
Desired survivor size 4194304 bytes, new threshold 1 (max 15)
 [PSYoungGen: 812128K->2240K(815104K)] 1815160K->1005296K(1839104K), 0.0120550 secs] [Times: user=0.06 sys=0.00, real=0.01 secs] 
710.941: [GC
Desired survivor size 4194304 bytes, new threshold 1 (max 15)
 [PSYoungGen: 813248K->704K(815104K)] 1816304K->1003800K(1839104K), 0.0093510 secs] [Times: user=0.05 sys=0.00, real=0.01 secs] 
711.211: [GC
Desired survivor size 4194304 bytes, new threshold 1 (max 15)
 [PSYoungGen: 811712K->1728K(815104K)] 1814808K->1004864K(1839104K), 0.0102280 secs] [Times: user=0.05 sys=0.00, real=0.01 secs] 
711.470: [GC
Desired survivor size 4194304 bytes, new threshold 1 (max 15)
 [PSYoungGen: 812736K->2688K(815104K)] 1815872K->1005848K(1839104K), 0.0099360 secs] [Times: user=0.06 sys=0.00, real=0.01 secs] 
711.744: [GC
Desired survivor size 4194304 bytes, new threshold 1 (max 15)
 [PSYoungGen: 813696K->1056K(815104K)] 1816856K->1004264K(1839104K), 0.0097590 secs] [Times: user=0.05 sys=0.00, real=0.01 secs] 
712.044: [GC
Desired survivor size 4194304 bytes, new threshold 1 (max 15)
 [PSYoungGen: 812064K->2464K(815104K)] 1815272K->1005712K(1839104K), 0.0098150 secs] [Times: user=0.07 sys=0.00, real=0.01 secs] 
712.307: [GC
Desired survivor size 4194304 bytes, new threshold 1 (max 15)
 [PSYoungGen: 813472K->1696K(815104K)] 1816720K->1004968K(1839104K), 0.0100500 secs] [Times: user=0.05 sys=0.00, real=0.01 secs] 
712.573: [GC
Desired survivor size 4194304 bytes, new threshold 1 (max 15)
 [PSYoungGen: 812704K->512K(815104K)] 1815976K->1003816K(1839104K), 0.0100270 secs] [Times: user=0.05 sys=0.00, real=0.01 secs] 
712.853: [GC
Desired survivor size 4194304 bytes, new threshold 1 (max 15)
 [PSYoungGen: 811520K->1376K(815104K)] 1814824K->1004704K(1839104K), 0.0100880 secs] [Times: user=0.06 sys=0.00, real=0.01 secs] 
713.121: [GC
Desired survivor size 4194304 bytes, new threshold 1 (max 15)
 [PSYoungGen: 812384K->2688K(815104K)] 1815712K->1006040K(1839104K), 0.0126400 secs] [Times: user=0.08 sys=0.00, real=0.01 secs] 
713.404: [GC
Desired survivor size 4194304 bytes, new threshold 1 (max 15)
 [PSYoungGen: 813696K->960K(815104K)] 1817048K->1004352K(1839104K), 0.0099070 secs] [Times: user=0.06 sys=0.00, real=0.01 secs] 
713.674: [GC
Desired survivor size 3670016 bytes, new threshold 1 (max 15)
 [PSYoungGen: 811968K->1632K(815104K)] 1815360K->1005072K(1839104K), 0.0223140 secs] [Times: user=0.06 sys=0.00, real=0.02 secs] 
713.946: [GC
Desired survivor size 3670016 bytes, new threshold 1 (max 15)
 [PSYoungGen: 812640K->2112K(815616K)] 1816080K->1005592K(1839616K), 0.0101330 secs] [Times: user=0.06 sys=0.00, real=0.01 secs] 
714.202: [GC
Desired survivor size 4718592 bytes, new threshold 1 (max 15)
 [PSYoungGen: 814144K->3584K(815616K)] 1817624K->1008264K(1839616K), 0.0119020 secs] [Times: user=0.06 sys=0.00, real=0.01 secs] 
714.466: [GC
Desired survivor size 4718592 bytes, new threshold 1 (max 15)
 [PSYoungGen: 815616K->1504K(813568K)] 1820296K->1006400K(1837568K), 0.0105610 secs] [Times: user=0.05 sys=0.00, real=0.01 secs] 
714.738: [GC
Desired survivor size 4194304 bytes, new threshold 1 (max 15)
 [PSYoungGen: 811488K->1952K(814592K)] 1816384K->1006880K(1838592K), 0.0099870 secs] [Times: user=0.05 sys=0.00, real=0.01 secs] 
715.000: [GC
Desired survivor size 4194304 bytes, new threshold 1 (max 15)
 [PSYoungGen: 811936K->2016K(815104K)] 1816864K->1006984K(1839104K), 0.0096880 secs] [Times: user=0.06 sys=0.00, real=0.01 secs] 
715.261: [GC
Desired survivor size 4718592 bytes, new threshold 1 (max 15)
 [PSYoungGen: 813024K->3648K(815104K)] 1817992K->1008672K(1839104K), 0.0102380 secs] [Times: user=0.07 sys=0.00, real=0.01 secs] 
715.514: [GC
Desired survivor size 4718592 bytes, new threshold 1 (max 15)
 [PSYoungGen: 814656K->736K(814080K)] 1819680K->1005808K(1838080K), 0.0090160 secs] [Times: user=0.05 sys=0.00, real=0.01 secs] 
715.788: [GC
Desired survivor size 4718592 bytes, new threshold 1 (max 15)
 [PSYoungGen: 810720K->1152K(814592K)] 1815792K->1006288K(1838592K), 0.0096450 secs] [Times: user=0.05 sys=0.00, real=0.01 secs] 
716.051: [GC
Desired survivor size 4718592 bytes, new threshold 1 (max 15)
 [PSYoungGen: 811136K->2272K(814592K)] 1816272K->1007440K(1838592K), 0.0098480 secs] [Times: user=0.06 sys=0.00, real=0.01 secs] 
716.319: [GC
Desired survivor size 4194304 bytes, new threshold 1 (max 15)
 [PSYoungGen: 812256K->1504K(814592K)] 1817424K->1006704K(1838592K), 0.0095870 secs] [Times: user=0.06 sys=0.00, real=0.01 secs] 
716.582: [GC
Desired survivor size 4194304 bytes, new threshold 1 (max 15)
 [PSYoungGen: 811488K->2240K(815104K)] 1816688K->1007480K(1839104K), 0.0096310 secs] [Times: user=0.05 sys=0.00, real=0.01 secs] 
716.858: [GC
Desired survivor size 4194304 bytes, new threshold 1 (max 15)
 [PSYoungGen: 813248K->960K(815104K)] 1818488K->1006248K(1839104K), 0.0094220 secs] [Times: user=0.05 sys=0.00, real=0.01 secs] 
717.133: [GC
Desired survivor size 4194304 bytes, new threshold 1 (max 15)
 [PSYoungGen: 811968K->1152K(815104K)] 1817256K->1006496K(1839104K), 0.0098310 secs] [Times: user=0.06 sys=0.00, real=0.01 secs] 
717.398: [GC
Desired survivor size 4194304 bytes, new threshold 1 (max 15)
 [PSYoungGen: 812160K->2208K(815104K)] 1817504K->1007584K(1839104K), 0.0101390 secs] [Times: user=0.06 sys=0.00, real=0.01 secs] 
717.661: [GC
Desired survivor size 4194304 bytes, new threshold 1 (max 15)
 [PSYoungGen: 813216K->2720K(815104K)] 1818592K->1008128K(1839104K), 0.0108740 secs] [Times: user=0.06 sys=0.00, real=0.01 secs] 
717.940: [GC
Desired survivor size 4194304 bytes, new threshold 1 (max 15)
 [PSYoungGen: 813728K->416K(815104K)] 1819136K->1005856K(1839104K), 0.0091300 secs] [Times: user=0.05 sys=0.00, real=0.01 secs] 
718.204: [GC
Desired survivor size 4718592 bytes, new threshold 1 (max 15)
 [PSYoungGen: 811424K->2880K(814080K)] 1816864K->1008344K(1838080K), 0.0103290 secs] [Times: user=0.06 sys=0.01, real=0.01 secs] 
718.467: [GC
Desired survivor size 4194304 bytes, new threshold 1 (max 15)
 [PSYoungGen: 812864K->2144K(814592K)] 1818328K->1007624K(1838592K), 0.0098510 secs] [Times: user=0.06 sys=0.01, real=0.01 secs] 
718.740: [GC
Desired survivor size 4194304 bytes, new threshold 1 (max 15)
 [PSYoungGen: 812128K->2528K(815104K)] 1817608K->1008408K(1839104K), 0.0108950 secs] [Times: user=0.06 sys=0.00, real=0.01 secs] 
719.000: [GC
Desired survivor size 4194304 bytes, new threshold 1 (max 15)
 [PSYoungGen: 813536K->1856K(815104K)] 1819416K->1008584K(1839104K), 0.0103240 secs] [Times: user=0.05 sys=0.01, real=0.01 secs] 
719.268: [GC
Desired survivor size 4194304 bytes, new threshold 1 (max 15)
 [PSYoungGen: 812864K->1632K(815104K)] 1819592K->1008888K(1839104K), 0.0101160 secs] [Times: user=0.05 sys=0.00, real=0.01 secs] 
719.537: [GC
Desired survivor size 3670016 bytes, new threshold 1 (max 15)
 [PSYoungGen: 812640K->1664K(815104K)] 1819896K->1008952K(1839104K), 0.0102080 secs] [Times: user=0.05 sys=0.00, real=0.01 secs] 
719.813: [GC
Desired survivor size 3670016 bytes, new threshold 1 (max 15)
 [PSYoungGen: 812672K->2048K(815616K)] 1819960K->1009376K(1839616K), 0.0101870 secs] [Times: user=0.05 sys=0.00, real=0.01 secs] 
720.081: [GC
Desired survivor size 3670016 bytes, new threshold 1 (max 15)
 [PSYoungGen: 814080K->1472K(815616K)] 1821408K->1008832K(1839616K), 0.0096300 secs] [Times: user=0.06 sys=0.00, real=0.01 secs] 
720.346: [GC
Desired survivor size 3670016 bytes, new threshold 1 (max 15)
 [PSYoungGen: 813504K->2368K(815616K)] 1820864K->1009776K(1839616K), 0.0104270 secs] [Times: user=0.05 sys=0.00, real=0.01 secs] 
720.613: [GC
Desired survivor size 3670016 bytes, new threshold 1 (max 15)
 [PSYoungGen: 814400K->992K(815616K)] 1821808K->1008432K(1839616K), 0.0092120 secs] [Times: user=0.05 sys=0.00, real=0.01 secs] 
720.885: [GC
Desired survivor size 3670016 bytes, new threshold 1 (max 15)
 [PSYoungGen: 813024K->1984K(815616K)] 1820464K->1009480K(1839616K), 0.0096910 secs] [Times: user=0.05 sys=0.01, real=0.01 secs] 
721.149: [GC
Desired survivor size 3670016 bytes, new threshold 1 (max 15)
 [PSYoungGen: 814016K->2016K(815616K)] 1821512K->1009544K(1839616K), 0.0106140 secs] [Times: user=0.06 sys=0.01, real=0.01 secs] 
721.418: [GC
Desired survivor size 3670016 bytes, new threshold 1 (max 15)
 [PSYoungGen: 814048K->1088K(815616K)] 1821576K->1008648K(1839616K), 0.0093910 secs] [Times: user=0.06 sys=0.00, real=0.01 secs] 
721.691: [GC
Desired survivor size 3670016 bytes, new threshold 1 (max 15)
 [PSYoungGen: 813120K->1216K(815616K)] 1820680K->1008832K(1839616K), 0.0097900 secs] [Times: user=0.05 sys=0.00, real=0.01 secs] 
721.953: [GC
Desired survivor size 3670016 bytes, new threshold 1 (max 15)
 [PSYoungGen: 813248K->2080K(815616K)] 1820864K->1009736K(1839616K), 0.0098990 secs] [Times: user=0.05 sys=0.00, real=0.01 secs] 
722.230: [GC
Desired survivor size 3670016 bytes, new threshold 1 (max 15)
 [PSYoungGen: 814112K->1504K(815616K)] 1821768K->1009184K(1839616K), 0.0097040 secs] [Times: user=0.07 sys=0.00, real=0.01 secs] 
722.495: [GC
Desired survivor size 3145728 bytes, new threshold 1 (max 15)
 [PSYoungGen: 813536K->1856K(816128K)] 1821216K->1009568K(1840128K), 0.0105570 secs] [Times: user=0.05 sys=0.00, real=0.01 secs] 
722.767: [GC
Desired survivor size 3145728 bytes, new threshold 1 (max 15)
 [PSYoungGen: 814400K->2112K(815616K)] 1822112K->1009856K(1839616K), 0.0100200 secs] [Times: user=0.07 sys=0.00, real=0.01 secs] 
723.025: [GC
Desired survivor size 3670016 bytes, new threshold 1 (max 15)
 [PSYoungGen: 814656K->2432K(815104K)] 1822400K->1010208K(1839104K), 0.0103150 secs] [Times: user=0.07 sys=0.00, real=0.01 secs] 
723.291: [GC
Desired survivor size 3670016 bytes, new threshold 1 (max 15)
 [PSYoungGen: 814464K->736K(815616K)] 1822240K->1008544K(1839616K), 0.0096540 secs] [Times: user=0.05 sys=0.00, real=0.01 secs] 
723.555: [GC
Desired survivor size 3670016 bytes, new threshold 1 (max 15)
 [PSYoungGen: 812768K->1888K(815616K)] 1820576K->1009720K(1839616K), 0.0100540 secs] [Times: user=0.06 sys=0.00, real=0.01 secs] 
723.829: [GC
Desired survivor size 3145728 bytes, new threshold 1 (max 15)
 [PSYoungGen: 813920K->1472K(815616K)] 1821752K->1009360K(1839616K), 0.0101460 secs] [Times: user=0.06 sys=0.00, real=0.01 secs] 
724.094: [GC
Desired survivor size 3145728 bytes, new threshold 1 (max 15)
 [PSYoungGen: 813504K->1504K(816128K)] 1821392K->1009416K(1840128K), 0.0110720 secs] [Times: user=0.05 sys=0.00, real=0.01 secs] 
724.367: [GC
Desired survivor size 3145728 bytes, new threshold 1 (max 15)
 [PSYoungGen: 814560K->928K(816128K)] 1822472K->1008880K(1840128K), 0.0095310 secs] [Times: user=0.06 sys=0.00, real=0.01 secs] 
724.626: [GC
Desired survivor size 3670016 bytes, new threshold 1 (max 15)
 [PSYoungGen: 813984K->3072K(815104K)] 1821936K->1011600K(1839104K), 0.0119090 secs] [Times: user=0.07 sys=0.00, real=0.01 secs] 
724.892: [GC
Desired survivor size 3670016 bytes, new threshold 1 (max 15)
 [PSYoungGen: 815104K->2176K(815616K)] 1823632K->1010840K(1839616K), 0.0102060 secs] [Times: user=0.06 sys=0.00, real=0.01 secs] 
725.156: [GC
Desired survivor size 4194304 bytes, new threshold 1 (max 15)
 [PSYoungGen: 814208K->2688K(814592K)] 1822872K->1011384K(1838592K), 0.0099070 secs] [Times: user=0.06 sys=0.00, real=0.01 secs] 
725.417: [GC
Desired survivor size 3670016 bytes, new threshold 1 (max 15)
 [PSYoungGen: 813696K->1408K(815104K)] 1822392K->1010144K(1839104K), 0.0097470 secs] [Times: user=0.06 sys=0.00, real=0.01 secs] 
725.692: [GC
Desired survivor size 3670016 bytes, new threshold 1 (max 15)
 [PSYoungGen: 812416K->1536K(815616K)] 1821152K->1010320K(1839616K), 0.0106640 secs] [Times: user=0.06 sys=0.00, real=0.01 secs] 
725.950: [GC
Desired survivor size 3670016 bytes, new threshold 1 (max 15)
 [PSYoungGen: 813568K->992K(815616K)] 1822352K->1009816K(1839616K), 0.0098310 secs] [Times: user=0.05 sys=0.00, real=0.01 secs] 
726.218: [GC
Desired survivor size 3670016 bytes, new threshold 1 (max 15)
 [PSYoungGen: 813024K->800K(815616K)] 1821848K->1009656K(1839616K), 0.0094140 secs] [Times: user=0.05 sys=0.00, real=0.01 secs] 
726.484: [GC
Desired survivor size 3670016 bytes, new threshold 1 (max 15)
 [PSYoungGen: 812832K->1952K(815616K)] 1821688K->1010832K(1839616K), 0.0100700 secs] [Times: user=0.06 sys=0.00, real=0.01 secs] 
726.762: [GC
Desired survivor size 3670016 bytes, new threshold 1 (max 15)
 [PSYoungGen: 813984K->2368K(815616K)] 1822864K->1011272K(1839616K), 0.0100020 secs] [Times: user=0.05 sys=0.00, real=0.01 secs] 
727.021: [GC
Desired survivor size 3670016 bytes, new threshold 1 (max 15)
 [PSYoungGen: 814399K->672K(815616K)] 1823303K->1009608K(1839616K), 0.0090700 secs] [Times: user=0.05 sys=0.00, real=0.01 secs] 
727.292: [GC
Desired survivor size 3670016 bytes, new threshold 1 (max 15)
 [PSYoungGen: 812704K->1280K(815616K)] 1821640K->1010240K(1839616K), 0.0096690 secs] [Times: user=0.06 sys=0.00, real=0.01 secs] 
727.556: [GC
Desired survivor size 4194304 bytes, new threshold 1 (max 15)
 [PSYoungGen: 813312K->3584K(815616K)] 1822272K->1012896K(1839616K), 0.0110730 secs] [Times: user=0.07 sys=0.00, real=0.01 secs] 
727.886: [GC
Desired survivor size 4194304 bytes, new threshold 1 (max 15)
 [PSYoungGen: 815616K->1408K(814592K)] 1824928K->1010792K(1838592K), 0.0116610 secs] [Times: user=0.05 sys=0.00, real=0.01 secs] 
728.161: [GC
Desired survivor size 4194304 bytes, new threshold 1 (max 15)
 [PSYoungGen: 812416K->1312K(815104K)] 1821800K->1010736K(1839104K), 0.0095120 secs] [Times: user=0.05 sys=0.00, real=0.01 secs] 
728.425: [GC
Desired survivor size 4194304 bytes, new threshold 1 (max 15)
 [PSYoungGen: 812320K->2272K(815104K)] 1821744K->1011720K(1839104K), 0.0105840 secs] [Times: user=0.05 sys=0.01, real=0.01 secs] 
728.697: [GC
Desired survivor size 4194304 bytes, new threshold 1 (max 15)
 [PSYoungGen: 813280K->800K(815104K)] 1822728K->1010272K(1839104K), 0.0090700 secs] [Times: user=0.06 sys=0.00, real=0.01 secs] 
728.957: [GC
Desired survivor size 4194304 bytes, new threshold 1 (max 15)
 [PSYoungGen: 811808K->704K(815104K)] 1821280K->1010208K(1839104K), 0.0093820 secs] [Times: user=0.05 sys=0.00, real=0.01 secs] 
729.212: [GC
Desired survivor size 4194304 bytes, new threshold 1 (max 15)
 [PSYoungGen: 811712K->3008K(815104K)] 1821216K->1012544K(1839104K), 0.0107040 secs] [Times: user=0.06 sys=0.00, real=0.02 secs] 
729.465: [GC
Desired survivor size 4718592 bytes, new threshold 1 (max 15)
 [PSYoungGen: 814016K->2848K(814080K)] 1823552K->1012424K(1838080K), 0.0101800 secs] [Times: user=0.05 sys=0.00, real=0.01 secs] 
729.738: [GC
Desired survivor size 4718592 bytes, new threshold 1 (max 15)
 [PSYoungGen: 812832K->3488K(814592K)] 1822408K->1013080K(1838592K), 0.0113020 secs] [Times: user=0.06 sys=0.00, real=0.01 secs] 
729.998: [GC
Desired survivor size 4718592 bytes, new threshold 1 (max 15)
 [PSYoungGen: 813472K->1568K(814592K)] 1823064K->1011184K(1838592K), 0.0100350 secs] [Times: user=0.06 sys=0.00, real=0.01 secs] 
730.262: [GC
Desired survivor size 4718592 bytes, new threshold 1 (max 15)
 [PSYoungGen: 811552K->576K(814592K)] 1821168K->1010224K(1838592K), 0.0089470 secs] [Times: user=0.05 sys=0.00, real=0.01 secs] 
730.541: [GC
Desired survivor size 4718592 bytes, new threshold 1 (max 15)
 [PSYoungGen: 810560K->896K(814592K)] 1820208K->1010576K(1838592K), 0.0096480 secs] [Times: user=0.06 sys=0.00, real=0.01 secs] 
730.814: [GC
Desired survivor size 4718592 bytes, new threshold 1 (max 15)
 [PSYoungGen: 810880K->2688K(814592K)] 1820560K->1012392K(1838592K), 0.0097520 secs] [Times: user=0.06 sys=0.00, real=0.01 secs] 
731.075: [GC
Desired survivor size 5242880 bytes, new threshold 1 (max 15)
 [PSYoungGen: 812672K->3232K(813568K)] 1822376K->1012960K(1837568K), 0.0109080 secs] [Times: user=0.06 sys=0.00, real=0.01 secs] 
731.334: [GC
Desired survivor size 4718592 bytes, new threshold 1 (max 15)
 [PSYoungGen: 812192K->1184K(814080K)] 1821920K->1010944K(1838080K), 0.0096480 secs] [Times: user=0.06 sys=0.00, real=0.01 secs] 
731.601: [GC
Desired survivor size 4718592 bytes, new threshold 1 (max 15)
 [PSYoungGen: 810144K->1056K(814592K)] 1819904K->1010840K(1838592K), 0.0100280 secs] [Times: user=0.05 sys=0.00, real=0.01 secs] 
731.915: [GC
Desired survivor size 4718592 bytes, new threshold 1 (max 15)
 [PSYoungGen: 811040K->864K(814592K)] 1820824K->1010688K(1838592K), 0.0094690 secs] [Times: user=0.05 sys=0.00, real=0.01 secs] 
732.182: [GC
Desired survivor size 4194304 bytes, new threshold 1 (max 15)
 [PSYoungGen: 810848K->1856K(815104K)] 1820672K->1011712K(1839104K), 0.0108960 secs] [Times: user=0.05 sys=0.00, real=0.02 secs] 
732.445: [GC
Desired survivor size 4718592 bytes, new threshold 1 (max 15)
 [PSYoungGen: 812352K->2592K(814592K)] 1822208K->1012472K(1838592K), 0.0104200 secs] [Times: user=0.05 sys=0.00, real=0.01 secs] 
732.726: [GC
Desired survivor size 4718592 bytes, new threshold 1 (max 15)
 [PSYoungGen: 813088K->704K(814592K)] 1822968K->1010616K(1838592K), 0.0100010 secs] [Times: user=0.05 sys=0.00, real=0.01 secs] 
732.989: [GC
Desired survivor size 4718592 bytes, new threshold 1 (max 15)
 [PSYoungGen: 810688K->3456K(814592K)] 1820600K->1013400K(1838592K), 0.0106470 secs] [Times: user=0.06 sys=0.00, real=0.01 secs] 
733.256: [GC
Desired survivor size 4718592 bytes, new threshold 1 (max 15)
 [PSYoungGen: 813440K->1952K(814592K)] 1823384K->1011920K(1838592K), 0.0101370 secs] [Times: user=0.06 sys=0.00, real=0.01 secs] 
733.521: [GC
Desired survivor size 4718592 bytes, new threshold 1 (max 15)
 [PSYoungGen: 811936K->1216K(814592K)] 1821904K->1011208K(1838592K), 0.0094860 secs] [Times: user=0.05 sys=0.00, real=0.01 secs] 
733.787: [GC
Desired survivor size 4718592 bytes, new threshold 1 (max 15)
 [PSYoungGen: 811200K->2688K(814592K)] 1821192K->1012720K(1838592K), 0.0101900 secs] [Times: user=0.06 sys=0.00, real=0.01 secs] 
734.043: [GC
Desired survivor size 4194304 bytes, new threshold 1 (max 15)
 [PSYoungGen: 812672K->2112K(814592K)] 1822704K->1012192K(1838592K), 0.0104160 secs] [Times: user=0.06 sys=0.00, real=0.01 secs] 
734.320: [GC
Desired survivor size 4194304 bytes, new threshold 1 (max 15)
 [PSYoungGen: 812096K->2016K(815104K)] 1822176K->1012136K(1839104K), 0.0100190 secs] [Times: user=0.05 sys=0.00, real=0.01 secs] 
734.583: [GC
Desired survivor size 4194304 bytes, new threshold 1 (max 15)
 [PSYoungGen: 813024K->864K(815104K)] 1823144K->1011016K(1839104K), 0.0092030 secs] [Times: user=0.05 sys=0.00, real=0.01 secs] 
734.857: [GC
Desired survivor size 4194304 bytes, new threshold 1 (max 15)
 [PSYoungGen: 811872K->1728K(815104K)] 1822024K->1011904K(1839104K), 0.0095640 secs] [Times: user=0.06 sys=0.00, real=0.01 secs] 
735.113: [GC
Desired survivor size 4194304 bytes, new threshold 1 (max 15)
 [PSYoungGen: 812736K->2624K(815104K)] 1822912K->1012824K(1839104K), 0.0103790 secs] [Times: user=0.06 sys=0.01, real=0.02 secs] 
735.376: [GC
Desired survivor size 4194304 bytes, new threshold 1 (max 15)
 [PSYoungGen: 813632K->1248K(815104K)] 1823832K->1011480K(1839104K), 0.0100290 secs] [Times: user=0.04 sys=0.00, real=0.01 secs] 
735.637: [GC
Desired survivor size 4194304 bytes, new threshold 1 (max 15)
 [PSYoungGen: 812256K->2272K(815104K)] 1822488K->1012544K(1839104K), 0.0106970 secs] [Times: user=0.06 sys=0.00, real=0.01 secs] 
735.909: [GC
Desired survivor size 4194304 bytes, new threshold 1 (max 15)
 [PSYoungGen: 813280K->2496K(815104K)] 1823552K->1012816K(1839104K), 0.0104060 secs] [Times: user=0.06 sys=0.01, real=0.01 secs] 
736.174: [GC
Desired survivor size 4194304 bytes, new threshold 1 (max 15)
 [PSYoungGen: 813504K->992K(815104K)] 1823824K->1011344K(1839104K), 0.0096140 secs] [Times: user=0.05 sys=0.00, real=0.00 secs] 
736.436: [GC
Desired survivor size 3670016 bytes, new threshold 1 (max 15)
 [PSYoungGen: 812000K->1856K(815616K)] 1822352K->1012240K(1839616K), 0.0097980 secs] [Times: user=0.06 sys=0.01, real=0.01 secs] 
736.718: [GC
Desired survivor size 3670016 bytes, new threshold 1 (max 15)
 [PSYoungGen: 813376K->2176K(815104K)] 1823760K->1012592K(1839104K), 0.0101710 secs] [Times: user=0.06 sys=0.00, real=0.01 secs] 
736.977: [GC
Desired survivor size 3670016 bytes, new threshold 1 (max 15)
 [PSYoungGen: 813696K->1088K(815616K)] 1824112K->1011536K(1839616K), 0.0099750 secs] [Times: user=0.06 sys=0.01, real=0.01 secs] 
737.242: [GC
Desired survivor size 3670016 bytes, new threshold 1 (max 15)
 [PSYoungGen: 813120K->1504K(815616K)] 1823568K->1011984K(1839616K), 0.0097990 secs] [Times: user=0.06 sys=0.00, real=0.01 secs] 
737.501: [GC
Desired survivor size 3670016 bytes, new threshold 1 (max 15)
 [PSYoungGen: 813536K->1472K(815616K)] 1824016K->1011976K(1839616K), 0.0098430 secs] [Times: user=0.05 sys=0.00, real=0.01 secs] 
737.779: [GC
Desired survivor size 3670016 bytes, new threshold 1 (max 15)
 [PSYoungGen: 813504K->960K(815616K)] 1824008K->1011496K(1839616K), 0.0098430 secs] [Times: user=0.05 sys=0.00, real=0.01 secs] 
738.044: [GC
Desired survivor size 3670016 bytes, new threshold 1 (max 15)
 [PSYoungGen: 812992K->736K(815616K)] 1823528K->1011320K(1839616K), 0.0095450 secs] [Times: user=0.05 sys=0.01, real=0.00 secs] 
738.374: [GC
Desired survivor size 3670016 bytes, new threshold 1 (max 15)
 [PSYoungGen: 812768K->992K(815616K)] 1823352K->1011616K(1839616K), 0.0137570 secs] [Times: user=0.07 sys=0.00, real=0.01 secs] 
738.657: [GC
Desired survivor size 3145728 bytes, new threshold 1 (max 15)
 [PSYoungGen: 813024K->1280K(816128K)] 1823648K->1011928K(1840128K), 0.0096180 secs] [Times: user=0.05 sys=0.00, real=0.01 secs] 
738.935: [GC
Desired survivor size 3145728 bytes, new threshold 1 (max 15)
 [PSYoungGen: 813824K->1312K(815616K)] 1824472K->1011984K(1839616K), 0.0095210 secs] [Times: user=0.05 sys=0.01, real=0.01 secs] 
739.206: [GC
Desired survivor size 3145728 bytes, new threshold 1 (max 15)
 [PSYoungGen: 813856K->1184K(816128K)] 1824528K->1011904K(1840128K), 0.0097880 secs] [Times: user=0.04 sys=0.00, real=0.01 secs] 
739.505: [GC
Desired survivor size 3145728 bytes, new threshold 1 (max 15)
 [PSYoungGen: 814240K->1568K(816128K)] 1824960K->1012336K(1840128K), 0.0129010 secs] [Times: user=0.06 sys=0.00, real=0.01 secs] 
739.842: [GC
Desired survivor size 3145728 bytes, new threshold 1 (max 15)
 [PSYoungGen: 814624K->1024K(816128K)] 1825392K->1011816K(1840128K), 0.0093040 secs] [Times: user=0.05 sys=0.00, real=0.01 secs] 
740.105: [GC
Desired survivor size 3145728 bytes, new threshold 1 (max 15)
 [PSYoungGen: 814080K->2304K(816128K)] 1824872K->1013128K(1840128K), 0.0102150 secs] [Times: user=0.06 sys=0.00, real=0.01 secs] 
740.366: [GC
Desired survivor size 3670016 bytes, new threshold 1 (max 15)
 [PSYoungGen: 815360K->2848K(815104K)] 1826184K->1013728K(1839104K), 0.0100230 secs] [Times: user=0.06 sys=0.00, real=0.01 secs] 
740.630: [GC
Desired survivor size 3670016 bytes, new threshold 1 (max 15)
 [PSYoungGen: 814880K->1728K(815616K)] 1825760K->1012640K(1839616K), 0.0097210 secs] [Times: user=0.07 sys=0.00, real=0.01 secs] 
740.899: [GC
Desired survivor size 4194304 bytes, new threshold 1 (max 15)
 [PSYoungGen: 813760K->3584K(814592K)] 1824672K->1014560K(1838592K), 0.0103370 secs] [Times: user=0.07 sys=0.00, real=0.01 secs] 
741.160: [GC
Desired survivor size 4194304 bytes, new threshold 1 (max 15)
 [PSYoungGen: 814592K->2112K(815104K)] 1825568K->1013136K(1839104K), 0.0095400 secs] [Times: user=0.05 sys=0.00, real=0.01 secs] 
741.424: [GC
Desired survivor size 4194304 bytes, new threshold 1 (max 15)
 [PSYoungGen: 813120K->896K(815104K)] 1824144K->1011968K(1839104K), 0.0089460 secs] [Times: user=0.05 sys=0.00, real=0.01 secs] 
741.700: [GC
Desired survivor size 3670016 bytes, new threshold 1 (max 15)
 [PSYoungGen: 811904K->1472K(815104K)] 1822976K->1012560K(1839104K), 0.0099110 secs] [Times: user=0.05 sys=0.00, real=0.01 secs] 
741.965: [GC
Desired survivor size 3670016 bytes, new threshold 1 (max 15)
 [PSYoungGen: 812480K->2176K(815616K)] 1823568K->1013288K(1839616K), 0.0098960 secs] [Times: user=0.06 sys=0.00, real=0.01 secs] 
742.229: [GC
Desired survivor size 3670016 bytes, new threshold 1 (max 15)
 [PSYoungGen: 814208K->2432K(815616K)] 1825320K->1013584K(1839616K), 0.0104970 secs] [Times: user=0.06 sys=0.00, real=0.01 secs] 
742.490: [GC
Desired survivor size 3670016 bytes, new threshold 1 (max 15)
 [PSYoungGen: 814464K->1600K(815616K)] 1825616K->1012776K(1839616K), 0.0100100 secs] [Times: user=0.05 sys=0.00, real=0.01 secs] 
742.771: [GC
Desired survivor size 3670016 bytes, new threshold 1 (max 15)
 [PSYoungGen: 813632K->1312K(815616K)] 1824808K->1012520K(1839616K), 0.0098790 secs] [Times: user=0.05 sys=0.00, real=0.01 secs] 
743.034: [GC
Desired survivor size 3670016 bytes, new threshold 1 (max 15)
 [PSYoungGen: 813344K->1920K(815616K)] 1824552K->1013176K(1839616K), 0.0099190 secs] [Times: user=0.05 sys=0.00, real=0.01 secs] 
743.299: [GC
Desired survivor size 3670016 bytes, new threshold 1 (max 15)
 [PSYoungGen: 813952K->928K(815616K)] 1825208K->1012208K(1839616K), 0.0092330 secs] [Times: user=0.06 sys=0.00, real=0.01 secs] 
743.564: [GC
Desired survivor size 3670016 bytes, new threshold 1 (max 15)
 [PSYoungGen: 812960K->1312K(815616K)] 1824240K->1012616K(1839616K), 0.0094710 secs] [Times: user=0.05 sys=0.00, real=0.01 secs] 
743.843: [GC
Desired survivor size 3670016 bytes, new threshold 1 (max 15)
 [PSYoungGen: 813344K->928K(815616K)] 1824648K->1012256K(1839616K), 0.0094720 secs] [Times: user=0.05 sys=0.00, real=0.01 secs] 
744.110: [GC
Desired survivor size 3145728 bytes, new threshold 1 (max 15)
 [PSYoungGen: 812960K->1280K(816128K)] 1824288K->1012632K(1840128K), 0.0094100 secs] [Times: user=0.06 sys=0.00, real=0.01 secs] 
744.368: [GC
Desired survivor size 3670016 bytes, new threshold 1 (max 15)
 [PSYoungGen: 813824K->2080K(815616K)] 1825176K->1013472K(1839616K), 0.0107040 secs] [Times: user=0.06 sys=0.00, real=0.01 secs] 
744.635: [GC
Desired survivor size 3145728 bytes, new threshold 1 (max 15)
 [PSYoungGen: 814624K->960K(816128K)] 1826016K->1012392K(1840128K), 0.0096390 secs] [Times: user=0.06 sys=0.00, real=0.00 secs] 
744.907: [GC
Desired survivor size 3145728 bytes, new threshold 1 (max 15)
 [PSYoungGen: 813504K->1344K(815616K)] 1824936K->1012800K(1839616K), 0.0096630 secs] [Times: user=0.05 sys=0.00, real=0.01 secs] 
745.169: [GC
Desired survivor size 3145728 bytes, new threshold 1 (max 15)
 [PSYoungGen: 813888K->1536K(816128K)] 1825344K->1013016K(1840128K), 0.0098880 secs] [Times: user=0.05 sys=0.00, real=0.01 secs] 
745.440: [GC
Desired survivor size 3145728 bytes, new threshold 1 (max 15)
 [PSYoungGen: 814592K->1152K(816128K)] 1826072K->1012656K(1840128K), 0.0094220 secs] [Times: user=0.05 sys=0.00, real=0.01 secs] 
745.709: [GC
Desired survivor size 3145728 bytes, new threshold 1 (max 15)
 [PSYoungGen: 814208K->1696K(816128K)] 1825712K->1013224K(1840128K), 0.0101460 secs] [Times: user=0.06 sys=0.00, real=0.01 secs] 
745.975: [GC
Desired survivor size 3145728 bytes, new threshold 1 (max 15)
 [PSYoungGen: 814752K->864K(816128K)] 1826280K->1012416K(1840128K), 0.0093880 secs] [Times: user=0.05 sys=0.00, real=0.00 secs] 
746.244: [GC
Desired survivor size 3145728 bytes, new threshold 1 (max 15)
 [PSYoungGen: 813920K->1504K(816128K)] 1825472K->1013088K(1840128K), 0.0100280 secs] [Times: user=0.07 sys=0.00, real=0.01 secs] 
746.500: [GC
Desired survivor size 3145728 bytes, new threshold 1 (max 15)
 [PSYoungGen: 814560K->2624K(816128K)] 1826144K->1014240K(1840128K), 0.0104120 secs] [Times: user=0.06 sys=0.00, real=0.01 secs] 
746.783: [GC
Desired survivor size 3145728 bytes, new threshold 1 (max 15)
 [PSYoungGen: 815680K->1056K(816128K)] 1827296K->1012696K(1840128K), 0.0097350 secs] [Times: user=0.05 sys=0.00, real=0.01 secs] 
747.048: [GC
Desired survivor size 3145728 bytes, new threshold 1 (max 15)
 [PSYoungGen: 814112K->2464K(816128K)] 1825752K->1014120K(1840128K), 0.0100580 secs] [Times: user=0.06 sys=0.00, real=0.01 secs] 
747.320: [GC
Desired survivor size 3670016 bytes, new threshold 1 (max 15)
 [PSYoungGen: 815520K->2816K(815104K)] 1827176K->1014520K(1839104K), 0.0105380 secs] [Times: user=0.06 sys=0.01, real=0.01 secs] 
747.584: [GC
Desired survivor size 3670016 bytes, new threshold 1 (max 15)
 [PSYoungGen: 814848K->1280K(815616K)] 1826552K->1013024K(1839616K), 0.0094460 secs] [Times: user=0.06 sys=0.00, real=0.01 secs] 
747.927: [GC
Desired survivor size 3670016 bytes, new threshold 1 (max 15)
 [PSYoungGen: 813312K->1760K(815616K)] 1825056K->1013544K(1839616K), 0.0101550 secs] [Times: user=0.05 sys=0.00, real=0.01 secs] 
748.197: [GC
Desired survivor size 3670016 bytes, new threshold 1 (max 15)
 [PSYoungGen: 813792K->3104K(815616K)] 1825576K->1014920K(1839616K), 0.0105950 secs] [Times: user=0.07 sys=0.00, real=0.01 secs] 
748.458: [GC
Desired survivor size 3670016 bytes, new threshold 1 (max 15)
 [PSYoungGen: 815136K->1376K(815616K)] 1826952K->1013232K(1839616K), 0.0094810 secs] [Times: user=0.05 sys=0.00, real=0.01 secs] 
748.732: [GC
Desired survivor size 3670016 bytes, new threshold 1 (max 15)
 [PSYoungGen: 813408K->1472K(815616K)] 1825264K->1013360K(1839616K), 0.0098090 secs] [Times: user=0.06 sys=0.00, real=0.01 secs] 
749.255: [GC
Desired survivor size 3670016 bytes, new threshold 1 (max 15)
 [PSYoungGen: 813504K->2720K(815616K)] 1825392K->1014640K(1839616K), 0.0104360 secs] [Times: user=0.06 sys=0.00, real=0.01 secs] 
749.518: [GC
Desired survivor size 3670016 bytes, new threshold 1 (max 15)
 [PSYoungGen: 814752K->1408K(815616K)] 1826672K->1013352K(1839616K), 0.0096360 secs] [Times: user=0.05 sys=0.00, real=0.01 secs] 
749.791: [GC
Desired survivor size 3670016 bytes, new threshold 1 (max 15)
 [PSYoungGen: 813440K->1600K(815616K)] 1825384K->1013568K(1839616K), 0.0099410 secs] [Times: user=0.06 sys=0.00, real=0.01 secs] 
750.055: [GC
Desired survivor size 3670016 bytes, new threshold 1 (max 15)
 [PSYoungGen: 813632K->2240K(815616K)] 1825600K->1014232K(1839616K), 0.0105290 secs] [Times: user=0.05 sys=0.01, real=0.02 secs] 
750.323: [GC
Desired survivor size 3670016 bytes, new threshold 1 (max 15)
 [PSYoungGen: 814272K->1344K(815616K)] 1826264K->1013360K(1839616K), 0.0098310 secs] [Times: user=0.05 sys=0.00, real=0.01 secs] 
750.584: [GC
Desired survivor size 3670016 bytes, new threshold 1 (max 15)
 [PSYoungGen: 813376K->1120K(815616K)] 1825392K->1013160K(1839616K), 0.0099500 secs] [Times: user=0.05 sys=0.00, real=0.01 secs] 
750.859: [GC
Desired survivor size 3670016 bytes, new threshold 1 (max 15)
 [PSYoungGen: 813152K->2240K(815616K)] 1825192K->1014312K(1839616K), 0.0104830 secs] [Times: user=0.06 sys=0.01, real=0.01 secs] 
751.119: [GC
Desired survivor size 3670016 bytes, new threshold 1 (max 15)
 [PSYoungGen: 814272K->2432K(815616K)] 1826344K->1014528K(1839616K), 0.0129110 secs] [Times: user=0.07 sys=0.01, real=0.01 secs] 
751.375: [GC
Desired survivor size 3670016 bytes, new threshold 1 (max 15)
 [PSYoungGen: 814464K->1664K(815616K)] 1826560K->1014120K(1839616K), 0.0097990 secs] [Times: user=0.06 sys=0.00, real=0.01 secs] 
751.642: [GC
Desired survivor size 3670016 bytes, new threshold 1 (max 15)
 [PSYoungGen: 813696K->1024K(815616K)] 1826152K->1014504K(1839616K), 0.0100770 secs] [Times: user=0.06 sys=0.00, real=0.01 secs] 
751.958: [GC
Desired survivor size 3670016 bytes, new threshold 1 (max 15)
 [PSYoungGen: 813056K->1408K(815616K)] 1826536K->1015016K(1839616K), 0.0095090 secs] [Times: user=0.06 sys=0.00, real=0.01 secs] 
752.231: [GC
Desired survivor size 3670016 bytes, new threshold 1 (max 15)
 [PSYoungGen: 813440K->448K(815616K)] 1827048K->1014112K(1839616K), 0.0092230 secs] [Times: user=0.06 sys=0.00, real=0.01 secs] 
752.491: [GC
Desired survivor size 3145728 bytes, new threshold 1 (max 15)
 [PSYoungGen: 812480K->1568K(816128K)] 1826144K->1015256K(1840128K), 0.0095440 secs] [Times: user=0.05 sys=0.01, real=0.01 secs] 
752.765: [GC
Desired survivor size 3670016 bytes, new threshold 1 (max 15)
 [PSYoungGen: 814112K->2624K(815616K)] 1827800K->1016352K(1839616K), 0.0101720 secs] [Times: user=0.05 sys=0.01, real=0.01 secs] 
753.030: [GC
Desired survivor size 3670016 bytes, new threshold 1 (max 15)
 [PSYoungGen: 815168K->1440K(815616K)] 1828896K->1015224K(1839616K), 0.0099380 secs] [Times: user=0.06 sys=0.00, real=0.01 secs] 
753.295: [GC
Desired survivor size 3145728 bytes, new threshold 1 (max 15)
 [PSYoungGen: 813472K->1792K(815616K)] 1827256K->1015608K(1839616K), 0.0099580 secs] [Times: user=0.06 sys=0.00, real=0.01 secs] 
753.560: [GC
Desired survivor size 3145728 bytes, new threshold 1 (max 15)
 [PSYoungGen: 813824K->1152K(816128K)] 1827640K->1015000K(1840128K), 0.0097270 secs] [Times: user=0.06 sys=0.00, real=0.01 secs] 
753.837: [GC
Desired survivor size 3670016 bytes, new threshold 1 (max 15)
 [PSYoungGen: 814208K->3072K(816128K)] 1828056K->1016976K(1840128K), 0.0108070 secs] [Times: user=0.06 sys=0.00, real=0.01 secs] 
754.103: [GC
Desired survivor size 3670016 bytes, new threshold 1 (max 15)
 [PSYoungGen: 816128K->704K(815104K)] 1830032K->1014632K(1839104K), 0.0091130 secs] [Times: user=0.06 sys=0.00, real=0.01 secs] 
754.366: [GC
Desired survivor size 3670016 bytes, new threshold 1 (max 15)
 [PSYoungGen: 812736K->768K(815616K)] 1826664K->1014720K(1839616K), 0.0092110 secs] [Times: user=0.06 sys=0.00, real=0.01 secs] 
754.701: [GC
Desired survivor size 4194304 bytes, new threshold 1 (max 15)
 [PSYoungGen: 812800K->2912K(814592K)] 1826752K->1016896K(1838592K), 0.0109610 secs] [Times: user=0.06 sys=0.00, real=0.01 secs] 
755.025: [GC
Desired survivor size 4718592 bytes, new threshold 1 (max 15)
 [PSYoungGen: 813920K->4000K(815104K)] 1827904K->1018016K(1839104K), 0.0107520 secs] [Times: user=0.07 sys=0.00, real=0.01 secs] 
755.293: [GC
Desired survivor size 4718592 bytes, new threshold 1 (max 15)
 [PSYoungGen: 815008K->2464K(814080K)] 1829024K->1016504K(1838080K), 0.0099000 secs] [Times: user=0.05 sys=0.00, real=0.01 secs] 
755.560: [GC
Desired survivor size 4718592 bytes, new threshold 1 (max 15)
 [PSYoungGen: 812448K->2528K(814592K)] 1826488K->1016608K(1838592K), 0.0101230 secs] [Times: user=0.05 sys=0.00, real=0.01 secs] 
755.913: [GC
Desired survivor size 4718592 bytes, new threshold 1 (max 15)
 [PSYoungGen: 812512K->2656K(814592K)] 1826592K->1016768K(1838592K), 0.0105410 secs] [Times: user=0.06 sys=0.00, real=0.01 secs] 
756.194: [GC
Desired survivor size 4718592 bytes, new threshold 1 (max 15)
 [PSYoungGen: 812640K->2368K(814592K)] 1826752K->1016496K(1838592K), 0.0104490 secs] [Times: user=0.06 sys=0.00, real=0.01 secs] 
756.459: [GC
Desired survivor size 4718592 bytes, new threshold 1 (max 15)
 [PSYoungGen: 812352K->1184K(814592K)] 1826480K->1015360K(1838592K), 0.0098860 secs] [Times: user=0.06 sys=0.00, real=0.01 secs] 
756.736: [GC
Desired survivor size 4194304 bytes, new threshold 1 (max 15)
 [PSYoungGen: 811168K->2176K(814592K)] 1825344K->1016384K(1838592K), 0.0105420 secs] [Times: user=0.05 sys=0.00, real=0.01 secs] 
757.001: [GC
Desired survivor size 4194304 bytes, new threshold 1 (max 15)
 [PSYoungGen: 812160K->2624K(815104K)] 1826368K->1016856K(1839104K), 0.0102900 secs] [Times: user=0.06 sys=0.00, real=0.01 secs] 
757.264: [GC
Desired survivor size 4194304 bytes, new threshold 1 (max 15)
 [PSYoungGen: 813632K->1376K(815104K)] 1827864K->1015640K(1839104K), 0.0101430 secs] [Times: user=0.06 sys=0.00, real=0.01 secs] 
757.522: [GC
Desired survivor size 4194304 bytes, new threshold 1 (max 15)
 [PSYoungGen: 812384K->2176K(815104K)] 1826648K->1016472K(1839104K), 0.0104690 secs] [Times: user=0.06 sys=0.00, real=0.01 secs] 
757.797: [GC
Desired survivor size 4194304 bytes, new threshold 1 (max 15)
 [PSYoungGen: 813184K->1024K(815104K)] 1827480K->1015352K(1839104K), 0.0091020 secs] [Times: user=0.05 sys=0.00, real=0.01 secs] 
758.059: [GC
Desired survivor size 4194304 bytes, new threshold 1 (max 15)
 [PSYoungGen: 812032K->2016K(815104K)] 1826360K->1016376K(1839104K), 0.0099230 secs] [Times: user=0.06 sys=0.00, real=0.01 secs] 
758.322: [GC
Desired survivor size 3670016 bytes, new threshold 1 (max 15)
 [PSYoungGen: 813024K->2048K(815104K)] 1827384K->1016440K(1839104K), 0.0101890 secs] [Times: user=0.06 sys=0.00, real=0.01 secs] 
758.590: [GC
Desired survivor size 3670016 bytes, new threshold 1 (max 15)
 [PSYoungGen: 813056K->2240K(815616K)] 1827448K->1016656K(1839616K), 0.0101430 secs] [Times: user=0.06 sys=0.00, real=0.01 secs] 
758.862: [GC
Desired survivor size 3670016 bytes, new threshold 1 (max 15)
 [PSYoungGen: 814272K->1664K(815616K)] 1828688K->1016520K(1839616K), 0.0102300 secs] [Times: user=0.06 sys=0.00, real=0.01 secs] 
759.122: [GC
Desired survivor size 3670016 bytes, new threshold 1 (max 15)
 [PSYoungGen: 813696K->1952K(815616K)] 1828552K->1017608K(1839616K), 0.0120230 secs] [Times: user=0.06 sys=0.00, real=0.01 secs] 
759.393: [GC
Desired survivor size 3670016 bytes, new threshold 1 (max 15)
 [PSYoungGen: 813984K->2496K(815616K)] 1829640K->1018288K(1839616K), 0.0106100 secs] [Times: user=0.06 sys=0.00, real=0.01 secs] 
759.655: [GC
Desired survivor size 4194304 bytes, new threshold 1 (max 15)
 [PSYoungGen: 814528K->3584K(814592K)] 1830320K->1019504K(1838592K), 0.0109700 secs] [Times: user=0.06 sys=0.00, real=0.01 secs] 
759.925: [GC
Desired survivor size 4194304 bytes, new threshold 1 (max 15)
 [PSYoungGen: 814592K->2816K(815104K)] 1830512K->1018784K(1839104K), 0.0104670 secs] [Times: user=0.07 sys=0.00, real=0.01 secs] 
760.191: [GC
Desired survivor size 4194304 bytes, new threshold 1 (max 15)
 [PSYoungGen: 813824K->1344K(815104K)] 1829792K->1017368K(1839104K), 0.0096330 secs] [Times: user=0.05 sys=0.00, real=0.01 secs] 
760.458: [GC
Desired survivor size 4194304 bytes, new threshold 1 (max 15)
 [PSYoungGen: 812352K->1888K(815104K)] 1828376K->1017960K(1839104K), 0.0101450 secs] [Times: user=0.05 sys=0.00, real=0.01 secs] 
760.733: [GC
Desired survivor size 4194304 bytes, new threshold 1 (max 15)
 [PSYoungGen: 812896K->1600K(815104K)] 1828968K->1017720K(1839104K), 0.0103640 secs] [Times: user=0.05 sys=0.00, real=0.01 secs] 
760.997: [GC
Desired survivor size 4194304 bytes, new threshold 1 (max 15)
 [PSYoungGen: 812608K->1152K(815104K)] 1828728K->1017328K(1839104K), 0.0097960 secs] [Times: user=0.05 sys=0.00, real=0.01 secs] 
761.265: [GC
Desired survivor size 4194304 bytes, new threshold 1 (max 15)
 [PSYoungGen: 812160K->928K(815104K)] 1828336K->1017144K(1839104K), 0.0097310 secs] [Times: user=0.05 sys=0.00, real=0.01 secs] 
761.529: [GC
Desired survivor size 3670016 bytes, new threshold 1 (max 15)
 [PSYoungGen: 811936K->1632K(815104K)] 1828152K->1017888K(1839104K), 0.0098250 secs] [Times: user=0.04 sys=0.00, real=0.01 secs] 
761.804: [GC
Desired survivor size 3670016 bytes, new threshold 1 (max 15)
 [PSYoungGen: 812640K->1504K(815616K)] 1828896K->1017784K(1839616K), 0.0095240 secs] [Times: user=0.05 sys=0.00, real=0.01 secs] 
762.070: [GC
Desired survivor size 3670016 bytes, new threshold 1 (max 15)
 [PSYoungGen: 813536K->1856K(815616K)] 1829816K->1018160K(1839616K), 0.0118410 secs] [Times: user=0.05 sys=0.00, real=0.01 secs] 
762.338: [GC
Desired survivor size 3670016 bytes, new threshold 1 (max 15)
 [PSYoungGen: 813888K->2080K(815616K)] 1830192K->1018448K(1839616K), 0.0098380 secs] [Times: user=0.05 sys=0.00, real=0.01 secs] 
762.588: [GC
Desired survivor size 4718592 bytes, new threshold 1 (max 15)
 [PSYoungGen: 814112K->3584K(815616K)] 1830480K->1021296K(1839616K), 0.0125590 secs] [Times: user=0.08 sys=0.01, real=0.02 secs] 
762.860: [GC
Desired survivor size 4718592 bytes, new threshold 1 (max 15)
 [PSYoungGen: 815616K->2784K(813568K)] 1833328K->1020960K(1837568K), 0.0105780 secs] [Times: user=0.06 sys=0.01, real=0.01 secs] 
763.131: [GC
Desired survivor size 4718592 bytes, new threshold 1 (max 15)
 [PSYoungGen: 812768K->384K(814592K)] 1830944K->1018840K(1838592K), 0.0094640 secs] [Times: user=0.05 sys=0.00, real=0.01 secs] 
763.397: [GC
Desired survivor size 4718592 bytes, new threshold 1 (max 15)
 [PSYoungGen: 810368K->1184K(814592K)] 1828824K->1019672K(1838592K), 0.0098270 secs] [Times: user=0.05 sys=0.01, real=0.01 secs] 
763.670: [GC
Desired survivor size 4718592 bytes, new threshold 1 (max 15)
 [PSYoungGen: 811168K->608K(814592K)] 1829656K->1019136K(1838592K), 0.0188820 secs] [Times: user=0.07 sys=0.00, real=0.02 secs] 
763.940: [GC
Desired survivor size 4718592 bytes, new threshold 1 (max 15)
 [PSYoungGen: 810592K->1056K(814592K)] 1829120K->1019616K(1838592K), 0.0092720 secs] [Times: user=0.05 sys=0.00, real=0.01 secs] 
764.209: [GC
Desired survivor size 4718592 bytes, new threshold 1 (max 15)
 [PSYoungGen: 811040K->2304K(814592K)] 1829600K->1020896K(1838592K), 0.0104400 secs] [Times: user=0.06 sys=0.01, real=0.01 secs] 
764.476: [GC
Desired survivor size 4718592 bytes, new threshold 1 (max 15)
 [PSYoungGen: 812288K->2496K(814592K)] 1830880K->1021112K(1838592K), 0.0099760 secs] [Times: user=0.06 sys=0.00, real=0.01 secs] 
764.750: [GC
Desired survivor size 4194304 bytes, new threshold 1 (max 15)
 [PSYoungGen: 812480K->1856K(814592K)] 1831096K->1020520K(1838592K), 0.0096730 secs] [Times: user=0.06 sys=0.00, real=0.01 secs] 
765.011: [GC
Desired survivor size 4194304 bytes, new threshold 1 (max 15)
 [PSYoungGen: 811840K->1952K(815104K)] 1830504K->1020648K(1839104K), 0.0100020 secs] [Times: user=0.05 sys=0.00, real=0.01 secs] 
765.272: [GC
Desired survivor size 4194304 bytes, new threshold 1 (max 15)
 [PSYoungGen: 812960K->928K(815104K)] 1831656K->1019656K(1839104K), 0.0099180 secs] [Times: user=0.06 sys=0.00, real=0.01 secs] 
765.531: [GC
Desired survivor size 4194304 bytes, new threshold 1 (max 15)
 [PSYoungGen: 811936K->2784K(815104K)] 1830664K->1021528K(1839104K), 0.0104140 secs] [Times: user=0.06 sys=0.00, real=0.01 secs] 
765.807: [GC
Desired survivor size 4194304 bytes, new threshold 1 (max 15)
 [PSYoungGen: 813792K->1568K(815104K)] 1832536K->1020344K(1839104K), 0.0100030 secs] [Times: user=0.06 sys=0.00, real=0.01 secs] 
766.069: [GC
Desired survivor size 4194304 bytes, new threshold 1 (max 15)
 [PSYoungGen: 812576K->2176K(815104K)] 1831352K->1020976K(1839104K), 0.0126600 secs] [Times: user=0.08 sys=0.00, real=0.02 secs] 
766.335: [GC
Desired survivor size 3670016 bytes, new threshold 1 (max 15)
 [PSYoungGen: 813184K->1728K(815104K)] 1831984K->1020560K(1839104K), 0.0099790 secs] [Times: user=0.05 sys=0.00, real=0.01 secs] 
766.588: [GC
Desired survivor size 3670016 bytes, new threshold 1 (max 15)
 [PSYoungGen: 812736K->2048K(815616K)] 1831568K->1021280K(1839616K), 0.0104730 secs] [Times: user=0.06 sys=0.00, real=0.01 secs] 
766.862: [GC
Desired survivor size 3670016 bytes, new threshold 1 (max 15)
 [PSYoungGen: 814080K->960K(815616K)] 1833312K->1020968K(1839616K), 0.0103710 secs] [Times: user=0.06 sys=0.00, real=0.01 secs] 
767.123: [GC
Desired survivor size 3670016 bytes, new threshold 1 (max 15)
 [PSYoungGen: 812992K->1760K(815616K)] 1833000K->1022064K(1839616K), 0.0122970 secs] [Times: user=0.05 sys=0.00, real=0.01 secs] 
767.388: [GC
Desired survivor size 3670016 bytes, new threshold 1 (max 15)
 [PSYoungGen: 813792K->1056K(815616K)] 1834096K->1021384K(1839616K), 0.0099100 secs] [Times: user=0.05 sys=0.00, real=0.01 secs] 
767.649: [GC
Desired survivor size 3670016 bytes, new threshold 1 (max 15)
 [PSYoungGen: 813088K->1280K(815616K)] 1833416K->1021656K(1839616K), 0.0102530 secs] [Times: user=0.04 sys=0.00, real=0.02 secs] 
767.923: [GC
Desired survivor size 3670016 bytes, new threshold 1 (max 15)
 [PSYoungGen: 813312K->1024K(815616K)] 1833688K->1021456K(1839616K), 0.0095800 secs] [Times: user=0.05 sys=0.00, real=0.01 secs] 
768.186: [GC
Desired survivor size 3145728 bytes, new threshold 1 (max 15)
 [PSYoungGen: 813056K->1568K(816128K)] 1833488K->1022024K(1840128K), 0.0099480 secs] [Times: user=0.06 sys=0.00, real=0.01 secs] 
768.436: [GC
Desired survivor size 3670016 bytes, new threshold 1 (max 15)
 [PSYoungGen: 814112K->2752K(815616K)] 1834568K->1023248K(1839616K), 0.0103180 secs] [Times: user=0.06 sys=0.00, real=0.01 secs] 
768.713: [GC
Desired survivor size 3670016 bytes, new threshold 1 (max 15)
 [PSYoungGen: 815296K->1920K(815616K)] 1835792K->1022440K(1839616K), 0.0105070 secs] [Times: user=0.06 sys=0.01, real=0.01 secs] 
768.969: [GC
Desired survivor size 3670016 bytes, new threshold 1 (max 15)
 [PSYoungGen: 813952K->2144K(815616K)] 1834472K->1022688K(1839616K), 0.0094380 secs] [Times: user=0.06 sys=0.00, real=0.01 secs] 
769.234: [GC
Desired survivor size 3670016 bytes, new threshold 1 (max 15)
 [PSYoungGen: 814176K->2688K(815616K)] 1834720K->1023264K(1839616K), 0.0103180 secs] [Times: user=0.06 sys=0.00, real=0.01 secs] 
769.498: [GC
Desired survivor size 4194304 bytes, new threshold 1 (max 15)
 [PSYoungGen: 814720K->2816K(815104K)] 1835296K->1023416K(1839104K), 0.0102380 secs] [Times: user=0.06 sys=0.00, real=0.01 secs] 
769.771: [GC
Desired survivor size 3670016 bytes, new threshold 1 (max 15)
 [PSYoungGen: 814848K->1632K(815616K)] 1835448K->1022256K(1839616K), 0.0105280 secs] [Times: user=0.05 sys=0.00, real=0.01 secs] 
770.033: [GC
Desired survivor size 3670016 bytes, new threshold 1 (max 15)
 [PSYoungGen: 813152K->1760K(815104K)] 1833776K->1022416K(1839104K), 0.0093100 secs] [Times: user=0.05 sys=0.00, real=0.01 secs] 
770.300: [GC
Desired survivor size 4194304 bytes, new threshold 1 (max 15)
 [PSYoungGen: 813280K->3584K(814592K)] 1833936K->1024504K(1838592K), 0.0109590 secs] [Times: user=0.06 sys=0.00, real=0.01 secs] 
770.565: [GC
Desired survivor size 4194304 bytes, new threshold 1 (max 15)
 [PSYoungGen: 814592K->1600K(815104K)] 1835512K->1022592K(1839104K), 0.0103420 secs] [Times: user=0.05 sys=0.01, real=0.01 secs] 
770.839: [GC
Desired survivor size 4194304 bytes, new threshold 1 (max 15)
 [PSYoungGen: 812608K->832K(815104K)] 1833600K->1021864K(1839104K), 0.0106620 secs] [Times: user=0.05 sys=0.00, real=0.02 secs] 
771.108: [GC
Desired survivor size 4194304 bytes, new threshold 1 (max 15)
 [PSYoungGen: 811840K->1600K(815104K)] 1832872K->1022664K(1839104K), 0.0095580 secs] [Times: user=0.05 sys=0.00, real=0.01 secs] 
771.378: [GC
Desired survivor size 4194304 bytes, new threshold 1 (max 15)
 [PSYoungGen: 812608K->2304K(815104K)] 1833672K->1023392K(1839104K), 0.0099050 secs] [Times: user=0.06 sys=0.00, real=0.01 secs] 
771.637: [GC
Desired survivor size 4194304 bytes, new threshold 1 (max 15)
 [PSYoungGen: 813312K->2176K(815104K)] 1834400K->1023288K(1839104K), 0.0102500 secs] [Times: user=0.06 sys=0.00, real=0.01 secs] 
771.951: [GC
Desired survivor size 4194304 bytes, new threshold 1 (max 15)
 [PSYoungGen: 813184K->2528K(815104K)] 1834296K->1023672K(1839104K), 0.0105450 secs] [Times: user=0.06 sys=0.00, real=0.01 secs] 
772.222: [GC
Desired survivor size 4194304 bytes, new threshold 1 (max 15)
 [PSYoungGen: 813536K->1184K(815104K)] 1834680K->1022360K(1839104K), 0.0099670 secs] [Times: user=0.05 sys=0.00, real=0.01 secs] 
772.496: [GC
Desired survivor size 3670016 bytes, new threshold 1 (max 15)
 [PSYoungGen: 812192K->1248K(815616K)] 1833368K->1022440K(1839616K), 0.0094670 secs] [Times: user=0.05 sys=0.00, real=0.01 secs] 
772.773: [GC
Desired survivor size 4194304 bytes, new threshold 1 (max 15)
 [PSYoungGen: 812768K->2720K(815104K)] 1833960K->1023952K(1839104K), 0.0109490 secs] [Times: user=0.06 sys=0.00, real=0.01 secs] 
773.034: [GC
Desired survivor size 4194304 bytes, new threshold 1 (max 15)
 [PSYoungGen: 814240K->1696K(815104K)] 1835472K->1022960K(1839104K), 0.0094460 secs] [Times: user=0.06 sys=0.00, real=0.01 secs] 
773.307: [GC
Desired survivor size 4194304 bytes, new threshold 1 (max 15)
 [PSYoungGen: 812704K->960K(815104K)] 1833968K->1022248K(1839104K), 0.0093920 secs] [Times: user=0.05 sys=0.00, real=0.01 secs] 
773.564: [GC
Desired survivor size 3670016 bytes, new threshold 1 (max 15)
 [PSYoungGen: 811968K->1856K(815616K)] 1833256K->1023176K(1839616K), 0.0102970 secs] [Times: user=0.05 sys=0.00, real=0.01 secs] 
773.831: [GC
Desired survivor size 3670016 bytes, new threshold 1 (max 15)
 [PSYoungGen: 813376K->2624K(815104K)] 1834696K->1023976K(1839104K), 0.0116640 secs] [Times: user=0.06 sys=0.00, real=0.01 secs] 
774.091: [GC
Desired survivor size 3670016 bytes, new threshold 1 (max 15)
 [PSYoungGen: 814144K->2016K(815616K)] 1835496K->1023400K(1839616K), 0.0099860 secs] [Times: user=0.06 sys=0.00, real=0.01 secs] 
774.355: [GC
Desired survivor size 3670016 bytes, new threshold 1 (max 15)
 [PSYoungGen: 814048K->1856K(815616K)] 1835432K->1023272K(1839616K), 0.0098660 secs] [Times: user=0.07 sys=0.00, real=0.01 secs] 
774.612: [GC
Desired survivor size 3670016 bytes, new threshold 1 (max 15)
 [PSYoungGen: 813888K->1024K(815616K)] 1835304K->1022480K(1839616K), 0.0097370 secs] [Times: user=0.05 sys=0.00, real=0.01 secs] 
774.889: [GC
Desired survivor size 3670016 bytes, new threshold 1 (max 15)
 [PSYoungGen: 813056K->800K(815616K)] 1834512K->1022296K(1839616K), 0.0097990 secs] [Times: user=0.06 sys=0.00, real=0.01 secs] 
775.161: [GC
Desired survivor size 3670016 bytes, new threshold 1 (max 15)
 [PSYoungGen: 812832K->896K(815616K)] 1834328K->1022416K(1839616K), 0.0093910 secs] [Times: user=0.05 sys=0.00, real=0.01 secs] 
775.427: [GC
Desired survivor size 3670016 bytes, new threshold 1 (max 15)
 [PSYoungGen: 812928K->1120K(815616K)] 1834448K->1022664K(1839616K), 0.0098050 secs] [Times: user=0.05 sys=0.00, real=0.01 secs] 
775.702: [GC
Desired survivor size 3670016 bytes, new threshold 1 (max 15)
 [PSYoungGen: 813152K->1632K(815616K)] 1834696K->1023200K(1839616K), 0.0102710 secs] [Times: user=0.05 sys=0.00, real=0.01 secs] 
775.963: [GC
Desired survivor size 3145728 bytes, new threshold 1 (max 15)
 [PSYoungGen: 813664K->1024K(815616K)] 1835232K->1022632K(1839616K), 0.0101350 secs] [Times: user=0.04 sys=0.00, real=0.01 secs] 
776.222: [GC
Desired survivor size 3145728 bytes, new threshold 1 (max 15)
 [PSYoungGen: 813056K->1216K(816128K)] 1834664K->1022872K(1840128K), 0.0094810 secs] [Times: user=0.05 sys=0.01, real=0.01 secs] 
776.485: [GC
Desired survivor size 3145728 bytes, new threshold 1 (max 15)
 [PSYoungGen: 814272K->1376K(816128K)] 1835928K->1023064K(1840128K), 0.0093310 secs] [Times: user=0.05 sys=0.00, real=0.01 secs] 
776.768: [GC
Desired survivor size 3145728 bytes, new threshold 1 (max 15)
 [PSYoungGen: 814432K->2432K(816128K)] 1836120K->1024152K(1840128K), 0.0102530 secs] [Times: user=0.05 sys=0.00, real=0.01 secs] 
777.030: [GC
Desired survivor size 3670016 bytes, new threshold 1 (max 15)
 [PSYoungGen: 815488K->3072K(816128K)] 1837208K->1024896K(1840128K), 0.0105010 secs] [Times: user=0.06 sys=0.01, real=0.01 secs] 
777.293: [GC
Desired survivor size 3670016 bytes, new threshold 1 (max 15)
 [PSYoungGen: 816128K->2400K(815104K)] 1837952K->1024280K(1839104K), 0.0099820 secs] [Times: user=0.06 sys=0.00, real=0.01 secs] 
777.565: [GC
Desired survivor size 4194304 bytes, new threshold 1 (max 15)
 [PSYoungGen: 814432K->512K(812544K)] 1836312K->1022440K(1836544K), 0.0092940 secs] [Times: user=0.04 sys=0.00, real=0.01 secs] 
777.834: [GC
Desired survivor size 3670016 bytes, new threshold 1 (max 15)
 [PSYoungGen: 812544K->1056K(815616K)] 1834472K->1023016K(1839616K), 0.0097320 secs] [Times: user=0.05 sys=0.00, real=0.01 secs] 
778.106: [GC
Desired survivor size 3670016 bytes, new threshold 1 (max 15)
 [PSYoungGen: 812576K->896K(815104K)] 1834536K->1022888K(1839104K), 0.0098650 secs] [Times: user=0.05 sys=0.00, real=0.01 secs] 
778.376: [GC
Desired survivor size 4718592 bytes, new threshold 1 (max 15)
 [PSYoungGen: 812416K->3584K(813568K)] 1834408K->1025824K(1837568K), 0.0105800 secs] [Times: user=0.07 sys=0.00, real=0.01 secs] 
778.635: [GC
Desired survivor size 4194304 bytes, new threshold 1 (max 15)
 [PSYoungGen: 813568K->2048K(814592K)] 1835808K->1024552K(1838592K), 0.0104100 secs] [Times: user=0.06 sys=0.00, real=0.01 secs] 
778.909: [GC
Desired survivor size 4194304 bytes, new threshold 1 (max 15)
 [PSYoungGen: 812032K->1728K(815104K)] 1834536K->1024992K(1839104K), 0.0101930 secs] [Times: user=0.05 sys=0.00, real=0.01 secs] 
779.184: [GC
Desired survivor size 4194304 bytes, new threshold 1 (max 15)
 [PSYoungGen: 812736K->1184K(815104K)] 1836000K->1024488K(1839104K), 0.0097140 secs] [Times: user=0.06 sys=0.00, real=0.01 secs] 
779.449: [GC
Desired survivor size 4194304 bytes, new threshold 1 (max 15)
 [PSYoungGen: 812192K->2560K(815104K)] 1835496K->1025888K(1839104K), 0.0100280 secs] [Times: user=0.05 sys=0.00, real=0.01 secs] 
779.728: [GC
Desired survivor size 4194304 bytes, new threshold 1 (max 15)
 [PSYoungGen: 813568K->1760K(815104K)] 1836896K->1025120K(1839104K), 0.0100990 secs] [Times: user=0.06 sys=0.00, real=0.01 secs] 
779.987: [GC
Desired survivor size 3670016 bytes, new threshold 1 (max 15)
 [PSYoungGen: 812768K->1728K(815616K)] 1836128K->1025112K(1839616K), 0.0097550 secs] [Times: user=0.05 sys=0.00, real=0.01 secs] 
780.248: [GC
Desired survivor size 3670016 bytes, new threshold 1 (max 15)
 [PSYoungGen: 813248K->1792K(815104K)] 1836632K->1025200K(1839104K), 0.0100570 secs] [Times: user=0.06 sys=0.00, real=0.01 secs] 
780.510: [GC
Desired survivor size 3670016 bytes, new threshold 1 (max 15)
 [PSYoungGen: 813312K->1664K(815616K)] 1836720K->1025096K(1839616K), 0.0099160 secs] [Times: user=0.06 sys=0.00, real=0.01 secs] 
780.779: [GC
Desired survivor size 3670016 bytes, new threshold 1 (max 15)
 [PSYoungGen: 813696K->2016K(815616K)] 1837128K->1025888K(1839616K), 0.0106270 secs] [Times: user=0.06 sys=0.00, real=0.01 secs] 
780.790: [Full GC [PSYoungGen: 2016K->0K(815616K)] [ParOldGen: 1023872K->973785K(1024000K)] 1025888K->973785K(1839616K) [PSPermGen: 48302K->48302K(524288K)], 1.3030730 secs] [Times: user=9.54 sys=0.01, real=1.31 secs] 
782.344: [GC
Desired survivor size 3145728 bytes, new threshold 1 (max 15)
 [PSYoungGen: 812032K->2048K(816128K)] 1785817K->975833K(1840128K), 0.0100040 secs] [Times: user=0.05 sys=0.00, real=0.01 secs] 
782.613: [GC
Desired survivor size 3145728 bytes, new threshold 1 (max 15)
 [PSYoungGen: 814592K->1216K(815616K)] 1788377K->976009K(1839616K), 0.0110550 secs] [Times: user=0.05 sys=0.00, real=0.01 secs] 
782.887: [GC
Desired survivor size 3145728 bytes, new threshold 1 (max 15)
 [PSYoungGen: 813760K->1792K(816128K)] 1788553K->976633K(1840128K), 0.0104480 secs] [Times: user=0.05 sys=0.00, real=0.01 secs] 
783.153: [GC
Desired survivor size 3145728 bytes, new threshold 1 (max 15)
 [PSYoungGen: 814848K->1824K(816128K)] 1789689K->976705K(1840128K), 0.0095990 secs] [Times: user=0.05 sys=0.01, real=0.01 secs] 
783.411: [GC
Desired survivor size 3145728 bytes, new threshold 1 (max 15)
 [PSYoungGen: 814880K->2112K(816128K)] 1789761K->977033K(1840128K), 0.0102660 secs] [Times: user=0.05 sys=0.00, real=0.01 secs] 
783.679: [GC
Desired survivor size 3145728 bytes, new threshold 1 (max 15)
 [PSYoungGen: 815168K->2304K(816128K)] 1790089K->977265K(1840128K), 0.0177450 secs] [Times: user=0.05 sys=0.00, real=0.02 secs] 
783.953: [GC
Desired survivor size 3145728 bytes, new threshold 1 (max 15)
 [PSYoungGen: 815360K->1728K(816128K)] 1790321K->976713K(1840128K), 0.0098480 secs] [Times: user=0.05 sys=0.00, real=0.01 secs] 
784.218: [GC
Desired survivor size 3145728 bytes, new threshold 1 (max 15)
 [PSYoungGen: 814784K->1248K(816128K)] 1789769K->976257K(1840128K), 0.0094800 secs] [Times: user=0.05 sys=0.01, real=0.01 secs] 
784.478: [GC
Desired survivor size 3145728 bytes, new threshold 1 (max 15)
 [PSYoungGen: 814304K->1760K(816128K)] 1789313K->976801K(1840128K), 0.0096060 secs] [Times: user=0.05 sys=0.01, real=0.01 secs] 
784.748: [GC
Desired survivor size 3145728 bytes, new threshold 1 (max 15)
 [PSYoungGen: 814816K->2464K(816128K)] 1789857K->977529K(1840128K), 0.0102650 secs] [Times: user=0.06 sys=0.00, real=0.01 secs] 
785.013: [GC
Desired survivor size 3145728 bytes, new threshold 1 (max 15)
 [PSYoungGen: 815520K->832K(816128K)] 1790585K->975913K(1840128K), 0.0092250 secs] [Times: user=0.05 sys=0.00, real=0.01 secs] 
785.275: [GC
Desired survivor size 3145728 bytes, new threshold 1 (max 15)
 [PSYoungGen: 813888K->1984K(816128K)] 1788969K->977089K(1840128K), 0.0103350 secs] [Times: user=0.04 sys=0.00, real=0.01 secs] 
785.540: [GC
Desired survivor size 3145728 bytes, new threshold 1 (max 15)
 [PSYoungGen: 815040K->1248K(816128K)] 1790145K->976401K(1840128K), 0.0096350 secs] [Times: user=0.05 sys=0.00, real=0.01 secs] 
785.816: [GC
Desired survivor size 3145728 bytes, new threshold 1 (max 15)
 [PSYoungGen: 814304K->1440K(816128K)] 1789457K->976625K(1840128K), 0.0095160 secs] [Times: user=0.04 sys=0.00, real=0.01 secs] 
786.077: [GC
Desired survivor size 3145728 bytes, new threshold 1 (max 15)
 [PSYoungGen: 814496K->1056K(816128K)] 1789681K->976289K(1840128K), 0.0105140 secs] [Times: user=0.05 sys=0.00, real=0.01 secs] 
786.339: [GC
Desired survivor size 3145728 bytes, new threshold 1 (max 15)
 [PSYoungGen: 814112K->2176K(816128K)] 1789345K->977441K(1840128K), 0.0097360 secs] [Times: user=0.06 sys=0.00, real=0.01 secs] 
786.609: [GC
Desired survivor size 3670016 bytes, new threshold 1 (max 15)
 [PSYoungGen: 815232K->2656K(815104K)] 1790497K->977945K(1839104K), 0.0095560 secs] [Times: user=0.05 sys=0.00, real=0.01 secs] 
786.887: [GC
Desired survivor size 3670016 bytes, new threshold 1 (max 15)
 [PSYoungGen: 814688K->1152K(815616K)] 1789977K->976465K(1839616K), 0.0096020 secs] [Times: user=0.05 sys=0.01, real=0.01 secs] 
787.159: [GC
Desired survivor size 3145728 bytes, new threshold 1 (max 15)
 [PSYoungGen: 813184K->1472K(816128K)] 1788497K->976817K(1840128K), 0.0094190 secs] [Times: user=0.05 sys=0.00, real=0.01 secs] 
787.424: [GC
Desired survivor size 3145728 bytes, new threshold 1 (max 15)
 [PSYoungGen: 814016K->768K(815616K)] 1789361K->976161K(1839616K), 0.0091060 secs] [Times: user=0.05 sys=0.00, real=0.01 secs] 
787.706: [GC
Desired survivor size 3145728 bytes, new threshold 1 (max 15)
 [PSYoungGen: 813312K->1440K(816128K)] 1788705K->976881K(1840128K), 0.0092880 secs] [Times: user=0.05 sys=0.00, real=0.01 secs] 
787.968: [GC
Desired survivor size 3145728 bytes, new threshold 1 (max 15)
 [PSYoungGen: 814496K->2208K(816128K)] 1789937K->977673K(1840128K), 0.0103910 secs] [Times: user=0.06 sys=0.00, real=0.01 secs] 
788.238: [GC
Desired survivor size 3145728 bytes, new threshold 1 (max 15)
 [PSYoungGen: 815264K->1408K(816128K)] 1790729K->976905K(1840128K), 0.0092690 secs] [Times: user=0.05 sys=0.01, real=0.01 secs] 
788.506: [GC
Desired survivor size 3145728 bytes, new threshold 1 (max 15)
 [PSYoungGen: 814464K->1856K(816128K)] 1789961K->977377K(1840128K), 0.0093440 secs] [Times: user=0.06 sys=0.00, real=0.01 secs] 
788.781: [GC
Desired survivor size 3670016 bytes, new threshold 1 (max 15)
 [PSYoungGen: 814912K->3072K(815104K)] 1790433K->978817K(1839104K), 0.0096950 secs] [Times: user=0.06 sys=0.00, real=0.01 secs] 
789.042: [GC
Desired survivor size 3670016 bytes, new threshold 1 (max 15)
 [PSYoungGen: 815104K->1120K(815616K)] 1790849K->976929K(1839616K), 0.0091590 secs] [Times: user=0.06 sys=0.00, real=0.01 secs] 
789.308: [GC
Desired survivor size 3670016 bytes, new threshold 1 (max 15)
 [PSYoungGen: 813152K->1856K(815616K)] 1788961K->977697K(1839616K), 0.0107880 secs] [Times: user=0.05 sys=0.00, real=0.01 secs] 
789.567: [GC
Desired survivor size 3670016 bytes, new threshold 1 (max 15)
 [PSYoungGen: 813888K->1696K(815616K)] 1789729K->977561K(1839616K), 0.0093670 secs] [Times: user=0.05 sys=0.00, real=0.01 secs] 
789.844: [GC
Desired survivor size 3670016 bytes, new threshold 1 (max 15)
 [PSYoungGen: 813728K->2976K(815616K)] 1789593K->978873K(1839616K), 0.0101950 secs] [Times: user=0.05 sys=0.00, real=0.01 secs] 
790.107: [GC
Desired survivor size 3670016 bytes, new threshold 1 (max 15)
 [PSYoungGen: 815008K->896K(815616K)] 1790905K->976825K(1839616K), 0.0091310 secs] [Times: user=0.06 sys=0.00, real=0.01 secs] 
790.379: [GC
Desired survivor size 3670016 bytes, new threshold 1 (max 15)
 [PSYoungGen: 812928K->864K(815616K)] 1788857K->976833K(1839616K), 0.0091520 secs] [Times: user=0.05 sys=0.00, real=0.01 secs] 
790.643: [GC
Desired survivor size 3670016 bytes, new threshold 1 (max 15)
 [PSYoungGen: 812896K->2208K(815616K)] 1788865K->978225K(1839616K), 0.0098570 secs] [Times: user=0.05 sys=0.00, real=0.01 secs] 
790.915: [GC
Desired survivor size 3670016 bytes, new threshold 1 (max 15)
 [PSYoungGen: 814240K->1152K(815616K)] 1790257K->977217K(1839616K), 0.0093140 secs] [Times: user=0.05 sys=0.00, real=0.01 secs] 
791.175: [GC
Desired survivor size 3670016 bytes, new threshold 1 (max 15)
 [PSYoungGen: 813184K->2176K(815616K)] 1789249K->978281K(1839616K), 0.0098410 secs] [Times: user=0.05 sys=0.00, real=0.01 secs] 
791.440: [GC
Desired survivor size 3670016 bytes, new threshold 1 (max 15)
 [PSYoungGen: 814208K->1792K(815616K)] 1790313K->977929K(1839616K), 0.0095240 secs] [Times: user=0.05 sys=0.01, real=0.01 secs] 
791.712: [GC
Desired survivor size 3670016 bytes, new threshold 1 (max 15)
 [PSYoungGen: 813824K->1728K(815616K)] 1789961K->977905K(1839616K), 0.0098970 secs] [Times: user=0.06 sys=0.00, real=0.01 secs] 
792.009: [GC
Desired survivor size 3145728 bytes, new threshold 1 (max 15)
 [PSYoungGen: 813760K->2048K(816128K)] 1789937K->978249K(1840128K), 0.0098390 secs] [Times: user=0.05 sys=0.00, real=0.01 secs] 
792.271: [GC
Desired survivor size 3670016 bytes, new threshold 1 (max 15)
 [PSYoungGen: 814592K->2400K(815616K)] 1790793K->978625K(1839616K), 0.0098140 secs] [Times: user=0.06 sys=0.00, real=0.01 secs] 
792.528: [GC
Desired survivor size 3670016 bytes, new threshold 1 (max 15)
 [PSYoungGen: 814944K->1440K(815616K)] 1791169K->977721K(1839616K), 0.0162180 secs] [Times: user=0.06 sys=0.00, real=0.02 secs] 
792.813: [GC
Desired survivor size 3145728 bytes, new threshold 1 (max 15)
 [PSYoungGen: 813472K->1920K(815616K)] 1789753K->978241K(1839616K), 0.0097520 secs] [Times: user=0.05 sys=0.00, real=0.01 secs] 
793.076: [GC
Desired survivor size 3145728 bytes, new threshold 1 (max 15)
 [PSYoungGen: 813952K->1952K(816128K)] 1790273K->978297K(1840128K), 0.0103050 secs] [Times: user=0.06 sys=0.00, real=0.01 secs] 
793.338: [GC
Desired survivor size 3145728 bytes, new threshold 1 (max 15)
 [PSYoungGen: 815008K->1248K(816128K)] 1791353K->977633K(1840128K), 0.0091030 secs] [Times: user=0.05 sys=0.00, real=0.01 secs] 
793.600: [GC
Desired survivor size 3145728 bytes, new threshold 1 (max 15)
 [PSYoungGen: 814304K->1152K(816128K)] 1790689K->977577K(1840128K), 0.0092690 secs] [Times: user=0.05 sys=0.00, real=0.01 secs] 
793.878: [GC
Desired survivor size 3145728 bytes, new threshold 1 (max 15)
 [PSYoungGen: 814208K->640K(816128K)] 1790633K->977081K(1840128K), 0.0090740 secs] [Times: user=0.05 sys=0.00, real=0.01 secs] 
794.145: [GC
Desired survivor size 3145728 bytes, new threshold 1 (max 15)
 [PSYoungGen: 813696K->928K(816128K)] 1790137K->977393K(1840128K), 0.0092210 secs] [Times: user=0.05 sys=0.00, real=0.01 secs] 
794.422: [GC
Desired survivor size 3145728 bytes, new threshold 1 (max 15)
 [PSYoungGen: 813984K->1056K(816128K)] 1790449K->977561K(1840128K), 0.0094340 secs] [Times: user=0.06 sys=0.00, real=0.01 secs] 
794.699: [GC
Desired survivor size 3145728 bytes, new threshold 1 (max 15)
 [PSYoungGen: 814112K->736K(816128K)] 1790617K->977265K(1840128K), 0.0092830 secs] [Times: user=0.06 sys=0.00, real=0.01 secs] 
794.955: [GC
Desired survivor size 4194304 bytes, new threshold 1 (max 15)
 [PSYoungGen: 813792K->3072K(816128K)] 1790321K->981049K(1840128K), 0.0111820 secs] [Times: user=0.07 sys=0.00, real=0.01 secs] 
795.219: [GC
Desired survivor size 4194304 bytes, new threshold 1 (max 15)
 [PSYoungGen: 816128K->1792K(814080K)] 1794105K->981385K(1838080K), 0.0103410 secs] [Times: user=0.06 sys=0.00, real=0.01 secs] 
795.486: [GC
Desired survivor size 4194304 bytes, new threshold 1 (max 15)
 [PSYoungGen: 812800K->2752K(815104K)] 1792393K->983457K(1839104K), 0.0104500 secs] [Times: user=0.06 sys=0.00, real=0.01 secs] 
795.756: [GC
Desired survivor size 4194304 bytes, new threshold 1 (max 15)
 [PSYoungGen: 813760K->1920K(815104K)] 1794465K->983457K(1839104K), 0.0104200 secs] [Times: user=0.06 sys=0.00, real=0.01 secs] 
796.044: [GC
Desired survivor size 3670016 bytes, new threshold 1 (max 15)
 [PSYoungGen: 812928K->1536K(815104K)] 1794465K->983145K(1839104K), 0.0103690 secs] [Times: user=0.05 sys=0.00, real=0.01 secs] 
796.314: [GC
Desired survivor size 4194304 bytes, new threshold 1 (max 15)
 [PSYoungGen: 812544K->3584K(814592K)] 1794153K->985281K(1838592K), 0.0112480 secs] [Times: user=0.07 sys=0.00, real=0.01 secs] 
796.573: [GC
Desired survivor size 4194304 bytes, new threshold 1 (max 15)
 [PSYoungGen: 814592K->2080K(815104K)] 1796289K->983817K(1839104K), 0.0115590 secs] [Times: user=0.06 sys=0.00, real=0.01 secs] 
796.841: [GC
Desired survivor size 4194304 bytes, new threshold 1 (max 15)
 [PSYoungGen: 813088K->1568K(815104K)] 1794825K->983329K(1839104K), 0.0094640 secs] [Times: user=0.05 sys=0.00, real=0.01 secs] 
797.108: [GC
Desired survivor size 4194304 bytes, new threshold 1 (max 15)
 [PSYoungGen: 812576K->2080K(815104K)] 1794337K->983857K(1839104K), 0.0104830 secs] [Times: user=0.06 sys=0.00, real=0.01 secs] 
797.385: [GC
Desired survivor size 4194304 bytes, new threshold 1 (max 15)
 [PSYoungGen: 813088K->1184K(815104K)] 1794865K->982985K(1839104K), 0.0093150 secs] [Times: user=0.05 sys=0.00, real=0.01 secs] 
797.650: [GC
Desired survivor size 3670016 bytes, new threshold 1 (max 15)
 [PSYoungGen: 812192K->1440K(815104K)] 1793993K->983273K(1839104K), 0.0094890 secs] [Times: user=0.05 sys=0.00, real=0.01 secs] 
797.991: [GC
Desired survivor size 3670016 bytes, new threshold 1 (max 15)
 [PSYoungGen: 812448K->2304K(815616K)] 1794281K->984385K(1839616K), 0.0098760 secs] [Times: user=0.06 sys=0.01, real=0.01 secs] 
798.260: [GC
Desired survivor size 3670016 bytes, new threshold 1 (max 15)
 [PSYoungGen: 814336K->1024K(815616K)] 1796417K->983977K(1839616K), 0.0102450 secs] [Times: user=0.06 sys=0.00, real=0.01 secs] 
798.526: [GC
Desired survivor size 3670016 bytes, new threshold 1 (max 15)
 [PSYoungGen: 813056K->928K(815616K)] 1796009K->983993K(1839616K), 0.0093490 secs] [Times: user=0.06 sys=0.00, real=0.01 secs] 
798.799: [GC
Desired survivor size 4194304 bytes, new threshold 1 (max 15)
 [PSYoungGen: 812960K->2624K(815104K)] 1796025K->985713K(1839104K), 0.0097840 secs] [Times: user=0.05 sys=0.00, real=0.01 secs] 
799.060: [GC
Desired survivor size 4194304 bytes, new threshold 1 (max 15)
 [PSYoungGen: 814656K->704K(815104K)] 1797745K->983817K(1839104K), 0.0088040 secs] [Times: user=0.04 sys=0.00, real=0.01 secs] 
799.333: [GC
Desired survivor size 4194304 bytes, new threshold 1 (max 15)
 [PSYoungGen: 811712K->704K(815104K)] 1794825K->983857K(1839104K), 0.0095390 secs] [Times: user=0.04 sys=0.00, real=0.01 secs] 
799.599: [GC
Desired survivor size 3670016 bytes, new threshold 1 (max 15)
 [PSYoungGen: 811712K->1984K(815616K)] 1794865K->985169K(1839616K), 0.0096230 secs] [Times: user=0.06 sys=0.00, real=0.01 secs] 
799.971: [GC
Desired survivor size 3670016 bytes, new threshold 1 (max 15)
 [PSYoungGen: 813504K->1696K(815104K)] 1796689K->984905K(1839104K), 0.0098350 secs] [Times: user=0.05 sys=0.01, real=0.01 secs] 
800.242: [GC
Desired survivor size 3670016 bytes, new threshold 1 (max 15)
 [PSYoungGen: 813216K->1920K(815616K)] 1796425K->985161K(1839616K), 0.0098280 secs] [Times: user=0.05 sys=0.00, real=0.01 secs] 
800.505: [GC
Desired survivor size 3670016 bytes, new threshold 1 (max 15)
 [PSYoungGen: 813952K->1216K(815616K)] 1797193K->984481K(1839616K), 0.0098530 secs] [Times: user=0.05 sys=0.00, real=0.01 secs] 
800.788: [GC
Desired survivor size 3670016 bytes, new threshold 1 (max 15)
 [PSYoungGen: 813248K->2528K(815616K)] 1796513K->985817K(1839616K), 0.0100080 secs] [Times: user=0.06 sys=0.00, real=0.01 secs] 
801.049: [GC
Desired survivor size 3670016 bytes, new threshold 1 (max 15)
 [PSYoungGen: 814560K->1696K(815616K)] 1797849K->985033K(1839616K), 0.0094430 secs] [Times: user=0.06 sys=0.00, real=0.01 secs] 
801.329: [GC
Desired survivor size 3670016 bytes, new threshold 1 (max 15)
 [PSYoungGen: 813728K->800K(815616K)] 1797065K->984161K(1839616K), 0.0089050 secs] [Times: user=0.05 sys=0.00, real=0.01 secs] 
801.590: [GC
Desired survivor size 3670016 bytes, new threshold 1 (max 15)
 [PSYoungGen: 812832K->2304K(815616K)] 1796193K->985697K(1839616K), 0.0099840 secs] [Times: user=0.06 sys=0.00, real=0.01 secs] 
801.871: [GC
Desired survivor size 3670016 bytes, new threshold 1 (max 15)
 [PSYoungGen: 814336K->992K(815616K)] 1797729K->984425K(1839616K), 0.0095190 secs] [Times: user=0.04 sys=0.00, real=0.01 secs] 
802.147: [GC
Desired survivor size 3670016 bytes, new threshold 1 (max 15)
 [PSYoungGen: 813024K->320K(815616K)] 1796457K->983777K(1839616K), 0.0087210 secs] [Times: user=0.05 sys=0.00, real=0.01 secs] 
802.413: [GC
Desired survivor size 3670016 bytes, new threshold 1 (max 15)
 [PSYoungGen: 812352K->1312K(815616K)] 1795809K->984809K(1839616K), 0.0102290 secs] [Times: user=0.05 sys=0.00, real=0.01 secs] 
802.696: [GC
Desired survivor size 3670016 bytes, new threshold 1 (max 15)
 [PSYoungGen: 813344K->2400K(815616K)] 1796841K->985913K(1839616K), 0.0101180 secs] [Times: user=0.07 sys=0.00, real=0.01 secs] 
802.963: [GC
Desired survivor size 3670016 bytes, new threshold 1 (max 15)
 [PSYoungGen: 814432K->1344K(815616K)] 1797945K->984905K(1839616K), 0.0095950 secs] [Times: user=0.05 sys=0.00, real=0.01 secs] 
803.231: [GC
Desired survivor size 3670016 bytes, new threshold 1 (max 15)
 [PSYoungGen: 813376K->1728K(815616K)] 1796937K->985329K(1839616K), 0.0096290 secs] [Times: user=0.05 sys=0.00, real=0.01 secs] 
803.488: [GC
Desired survivor size 3145728 bytes, new threshold 1 (max 15)
 [PSYoungGen: 813760K->1248K(816128K)] 1797361K->984881K(1840128K), 0.0093090 secs] [Times: user=0.05 sys=0.01, real=0.01 secs] 
803.762: [GC
Desired survivor size 3145728 bytes, new threshold 1 (max 15)
 [PSYoungGen: 813792K->1920K(815616K)] 1797425K->985593K(1839616K), 0.0099200 secs] [Times: user=0.06 sys=0.00, real=0.01 secs] 
804.028: [GC
Desired survivor size 3145728 bytes, new threshold 1 (max 15)
 [PSYoungGen: 814464K->1664K(816128K)] 1798137K->985369K(1840128K), 0.0095760 secs] [Times: user=0.05 sys=0.00, real=0.01 secs] 
804.296: [GC
Desired survivor size 3145728 bytes, new threshold 1 (max 15)
 [PSYoungGen: 814720K->2176K(816128K)] 1798425K->985913K(1840128K), 0.0098490 secs] [Times: user=0.05 sys=0.00, real=0.01 secs] 
804.553: [GC
Desired survivor size 3670016 bytes, new threshold 1 (max 15)
 [PSYoungGen: 815232K->2304K(815104K)] 1798969K->986057K(1839104K), 0.0096930 secs] [Times: user=0.05 sys=0.00, real=0.01 secs] 
804.823: [GC
Desired survivor size 3670016 bytes, new threshold 1 (max 15)
 [PSYoungGen: 814336K->3232K(815616K)] 1798089K->987377K(1839616K), 0.0106310 secs] [Times: user=0.06 sys=0.00, real=0.01 secs] 
805.087: [GC
Desired survivor size 3670016 bytes, new threshold 1 (max 15)
 [PSYoungGen: 815264K->1600K(815616K)] 1799409K->986257K(1839616K), 0.0099410 secs] [Times: user=0.06 sys=0.00, real=0.01 secs] 
805.345: [GC
Desired survivor size 4194304 bytes, new threshold 1 (max 15)
 [PSYoungGen: 813632K->2848K(815104K)] 1798289K->987777K(1839104K), 0.0102810 secs] [Times: user=0.06 sys=0.00, real=0.01 secs] 
805.607: [GC
Desired survivor size 3670016 bytes, new threshold 1 (max 15)
 [PSYoungGen: 814880K->1664K(815616K)] 1799809K->986673K(1839616K), 0.0102290 secs] [Times: user=0.05 sys=0.01, real=0.01 secs] 
805.878: [GC
Desired survivor size 3670016 bytes, new threshold 1 (max 15)
 [PSYoungGen: 813184K->1248K(815104K)] 1798193K->986305K(1839104K), 0.0096630 secs] [Times: user=0.04 sys=0.01, real=0.01 secs] 
806.145: [GC
Desired survivor size 3670016 bytes, new threshold 1 (max 15)
 [PSYoungGen: 812768K->384K(815616K)] 1797825K->985473K(1839616K), 0.0089050 secs] [Times: user=0.05 sys=0.00, real=0.01 secs] 
806.410: [GC
Desired survivor size 3670016 bytes, new threshold 1 (max 15)
 [PSYoungGen: 812416K->1952K(815616K)] 1797505K->987081K(1839616K), 0.0097700 secs] [Times: user=0.06 sys=0.00, real=0.01 secs] 
806.678: [GC
Desired survivor size 4194304 bytes, new threshold 1 (max 15)
 [PSYoungGen: 813984K->2656K(814592K)] 1799113K->987833K(1838592K), 0.0159630 secs] [Times: user=0.06 sys=0.01, real=0.01 secs] 
806.950: [GC
Desired survivor size 4194304 bytes, new threshold 1 (max 15)
 [PSYoungGen: 813664K->3168K(815104K)] 1798841K->988369K(1839104K), 0.0103380 secs] [Times: user=0.06 sys=0.00, real=0.01 secs] 
807.221: [GC
Desired survivor size 4194304 bytes, new threshold 1 (max 15)
 [PSYoungGen: 814176K->1728K(815104K)] 1799377K->986953K(1839104K), 0.0096910 secs] [Times: user=0.05 sys=0.00, real=0.01 secs] 
807.483: [GC
Desired survivor size 4194304 bytes, new threshold 1 (max 15)
 [PSYoungGen: 812736K->1600K(815104K)] 1797961K->986865K(1839104K), 0.0096950 secs] [Times: user=0.05 sys=0.00, real=0.01 secs] 
807.759: [GC
Desired survivor size 3670016 bytes, new threshold 1 (max 15)
 [PSYoungGen: 812608K->2048K(815616K)] 1797873K->987353K(1839616K), 0.0109220 secs] [Times: user=0.07 sys=0.00, real=0.01 secs] 
808.021: [GC
Desired survivor size 3670016 bytes, new threshold 1 (max 15)
 [PSYoungGen: 813568K->1184K(815104K)] 1798873K->986537K(1839104K), 0.0096040 secs] [Times: user=0.06 sys=0.00, real=0.01 secs] 
808.291: [GC
Desired survivor size 3670016 bytes, new threshold 1 (max 15)
 [PSYoungGen: 812704K->1440K(815616K)] 1798057K->986833K(1839616K), 0.0108490 secs] [Times: user=0.05 sys=0.00, real=0.01 secs] 
808.556: [GC
Desired survivor size 3670016 bytes, new threshold 1 (max 15)
 [PSYoungGen: 813472K->1152K(815616K)] 1798865K->986585K(1839616K), 0.0092630 secs] [Times: user=0.05 sys=0.00, real=0.01 secs] 
808.835: [GC
Desired survivor size 3670016 bytes, new threshold 1 (max 15)
 [PSYoungGen: 813184K->2080K(815616K)] 1798617K->987537K(1839616K), 0.0098060 secs] [Times: user=0.06 sys=0.00, real=0.01 secs] 
809.101: [GC
Desired survivor size 3670016 bytes, new threshold 1 (max 15)
 [PSYoungGen: 814112K->2048K(815616K)] 1799569K->987529K(1839616K), 0.0104110 secs] [Times: user=0.06 sys=0.00, real=0.01 secs] 
809.369: [GC
Desired survivor size 3670016 bytes, new threshold 1 (max 15)
 [PSYoungGen: 814080K->1664K(815616K)] 1799561K->987161K(1839616K), 0.0099470 secs] [Times: user=0.05 sys=0.00, real=0.01 secs] 
809.634: [GC
Desired survivor size 3670016 bytes, new threshold 1 (max 15)
 [PSYoungGen: 813696K->736K(815616K)] 1799193K->986265K(1839616K), 0.0092190 secs] [Times: user=0.06 sys=0.00, real=0.01 secs] 
809.905: [GC
Desired survivor size 3670016 bytes, new threshold 1 (max 15)
 [PSYoungGen: 812768K->1184K(815616K)] 1798297K->986753K(1839616K), 0.0092140 secs] [Times: user=0.05 sys=0.00, real=0.00 secs] 
810.169: [GC
Desired survivor size 3145728 bytes, new threshold 1 (max 15)
 [PSYoungGen: 813216K->1856K(815616K)] 1798785K->987473K(1839616K), 0.0093410 secs] [Times: user=0.06 sys=0.00, real=0.01 secs] 
810.426: [GC
Desired survivor size 3145728 bytes, new threshold 1 (max 15)
 [PSYoungGen: 813888K->1728K(816128K)] 1799505K->987369K(1840128K), 0.0096050 secs] [Times: user=0.05 sys=0.00, real=0.01 secs] 
810.704: [GC
Desired survivor size 3145728 bytes, new threshold 1 (max 15)
 [PSYoungGen: 814784K->800K(816128K)] 1800425K->986473K(1840128K), 0.0094430 secs] [Times: user=0.05 sys=0.00, real=0.01 secs] 
810.962: [GC
Desired survivor size 3670016 bytes, new threshold 1 (max 15)
 [PSYoungGen: 813856K->2304K(815104K)] 1799529K->988009K(1839104K), 0.0098060 secs] [Times: user=0.06 sys=0.00, real=0.01 secs] 
811.227: [GC
Desired survivor size 3670016 bytes, new threshold 1 (max 15)
 [PSYoungGen: 814336K->2112K(815616K)] 1800041K->987833K(1839616K), 0.0105500 secs] [Times: user=0.06 sys=0.00, real=0.01 secs] 
811.480: [GC
Desired survivor size 3670016 bytes, new threshold 1 (max 15)
 [PSYoungGen: 814144K->3136K(815616K)] 1799865K->988889K(1839616K), 0.0104680 secs] [Times: user=0.05 sys=0.00, real=0.01 secs] 
811.750: [GC
Desired survivor size 4194304 bytes, new threshold 1 (max 15)
 [PSYoungGen: 815168K->3168K(815616K)] 1800921K->988953K(1839616K), 0.0106000 secs] [Times: user=0.07 sys=0.00, real=0.01 secs] 
812.048: [GC
Desired survivor size 4718592 bytes, new threshold 1 (max 15)
 [PSYoungGen: 815200K->3424K(813568K)] 1800985K->989257K(1837568K), 0.0105540 secs] [Times: user=0.07 sys=0.00, real=0.01 secs] 
812.319: [GC
Desired survivor size 4194304 bytes, new threshold 1 (max 15)
 [PSYoungGen: 813408K->2240K(814592K)] 1799241K->988089K(1838592K), 0.0097670 secs] [Times: user=0.06 sys=0.00, real=0.01 secs] 
812.582: [GC
Desired survivor size 4194304 bytes, new threshold 1 (max 15)
 [PSYoungGen: 812224K->2272K(815104K)] 1798073K->988161K(1839104K), 0.0100270 secs] [Times: user=0.05 sys=0.00, real=0.01 secs] 
812.853: [GC
Desired survivor size 4194304 bytes, new threshold 1 (max 15)
 [PSYoungGen: 813280K->1856K(815104K)] 1799169K->987769K(1839104K), 0.0096310 secs] [Times: user=0.06 sys=0.00, real=0.01 secs] 
813.119: [GC
Desired survivor size 4194304 bytes, new threshold 1 (max 15)
 [PSYoungGen: 812864K->1568K(815104K)] 1798777K->987521K(1839104K), 0.0131720 secs] [Times: user=0.05 sys=0.01, real=0.01 secs] 
813.384: [GC
Desired survivor size 3670016 bytes, new threshold 1 (max 15)
 [PSYoungGen: 812576K->2016K(815104K)] 1798529K->988033K(1839104K), 0.0098380 secs] [Times: user=0.06 sys=0.00, real=0.01 secs] 
813.641: [GC
Desired survivor size 3670016 bytes, new threshold 1 (max 15)
 [PSYoungGen: 813024K->1376K(815616K)] 1799041K->987433K(1839616K), 0.0096500 secs] [Times: user=0.06 sys=0.00, real=0.01 secs] 
813.911: [GC
Desired survivor size 3670016 bytes, new threshold 1 (max 15)
 [PSYoungGen: 813408K->1856K(815616K)] 1799465K->987953K(1839616K), 0.0097690 secs] [Times: user=0.05 sys=0.01, real=0.01 secs] 
814.179: [GC
Desired survivor size 3670016 bytes, new threshold 1 (max 15)
 [PSYoungGen: 813888K->1056K(815616K)] 1799985K->987193K(1839616K), 0.0093800 secs] [Times: user=0.06 sys=0.00, real=0.01 secs] 
814.441: [GC
Desired survivor size 4194304 bytes, new threshold 1 (max 15)
 [PSYoungGen: 813088K->3488K(815616K)] 1799225K->990017K(1839616K), 0.0107440 secs] [Times: user=0.06 sys=0.00, real=0.01 secs] 
814.719: [GC
Desired survivor size 4194304 bytes, new threshold 1 (max 15)
 [PSYoungGen: 815520K->1728K(814592K)] 1802049K->989473K(1838592K), 0.0098840 secs] [Times: user=0.06 sys=0.00, real=0.01 secs] 
814.977: [GC
Desired survivor size 4194304 bytes, new threshold 1 (max 15)
 [PSYoungGen: 812736K->1600K(815104K)] 1800481K->989393K(1839104K), 0.0093020 secs] [Times: user=0.05 sys=0.00, real=0.01 secs] 
815.242: [GC
Desired survivor size 3670016 bytes, new threshold 1 (max 15)
 [PSYoungGen: 812608K->2048K(815616K)] 1800401K->989881K(1839616K), 0.0103870 secs] [Times: user=0.05 sys=0.01, real=0.01 secs] 
815.509: [GC
Desired survivor size 3670016 bytes, new threshold 1 (max 15)
 [PSYoungGen: 813568K->2368K(815104K)] 1801401K->990233K(1839104K), 0.0097900 secs] [Times: user=0.06 sys=0.00, real=0.01 secs] 
815.783: [GC
Desired survivor size 3670016 bytes, new threshold 1 (max 15)
 [PSYoungGen: 813888K->1280K(815616K)] 1801753K->989185K(1839616K), 0.0096150 secs] [Times: user=0.05 sys=0.00, real=0.01 secs] 
816.050: [GC
Desired survivor size 3670016 bytes, new threshold 1 (max 15)
 [PSYoungGen: 813312K->1280K(815616K)] 1801217K->989225K(1839616K), 0.0096230 secs] [Times: user=0.05 sys=0.01, real=0.01 secs] 
816.316: [GC
Desired survivor size 3670016 bytes, new threshold 1 (max 15)
 [PSYoungGen: 813312K->1472K(815616K)] 1801257K->989449K(1839616K), 0.0094820 secs] [Times: user=0.05 sys=0.00, real=0.01 secs] 
816.574: [GC
Desired survivor size 4194304 bytes, new threshold 1 (max 15)
 [PSYoungGen: 813504K->3584K(815616K)] 1801481K->991649K(1839616K), 0.0112000 secs] [Times: user=0.06 sys=0.00, real=0.01 secs] 
816.851: [GC
Desired survivor size 4194304 bytes, new threshold 1 (max 15)
 [PSYoungGen: 815616K->1728K(814592K)] 1803681K->989833K(1838592K), 0.0096430 secs] [Times: user=0.05 sys=0.00, real=0.01 secs] 
817.108: [GC
Desired survivor size 4718592 bytes, new threshold 1 (max 15)
 [PSYoungGen: 812736K->3552K(814592K)] 1800841K->992329K(1838592K), 0.0112820 secs] [Times: user=0.06 sys=0.00, real=0.01 secs] 
817.368: [GC
Desired survivor size 4194304 bytes, new threshold 1 (max 15)
 [PSYoungGen: 814560K->1408K(815104K)] 1803337K->991001K(1839104K), 0.0095350 secs] [Times: user=0.06 sys=0.00, real=0.01 secs] 
817.624: [GC
Desired survivor size 4194304 bytes, new threshold 1 (max 15)
 [PSYoungGen: 811904K->864K(814592K)] 1801497K->990521K(1838592K), 0.0116110 secs] [Times: user=0.06 sys=0.00, real=0.01 secs] 
817.900: [GC
Desired survivor size 4194304 bytes, new threshold 1 (max 15)
 [PSYoungGen: 811360K->2464K(815104K)] 1801017K->992161K(1839104K), 0.0102420 secs] [Times: user=0.06 sys=0.00, real=0.01 secs] 
818.167: [GC
Desired survivor size 4194304 bytes, new threshold 1 (max 15)
 [PSYoungGen: 813472K->2432K(815104K)] 1803169K->992185K(1839104K), 0.0101650 secs] [Times: user=0.06 sys=0.00, real=0.01 secs] 
818.433: [GC
Desired survivor size 4194304 bytes, new threshold 1 (max 15)
 [PSYoungGen: 813440K->1216K(815104K)] 1803193K->990993K(1839104K), 0.0096000 secs] [Times: user=0.06 sys=0.00, real=0.01 secs] 
818.699: [GC
Desired survivor size 4194304 bytes, new threshold 1 (max 15)
 [PSYoungGen: 812224K->2208K(815104K)] 1802001K->992017K(1839104K), 0.0106030 secs] [Times: user=0.05 sys=0.00, real=0.01 secs] 
818.966: [GC
Desired survivor size 4194304 bytes, new threshold 1 (max 15)
 [PSYoungGen: 813216K->832K(815104K)] 1803025K->990673K(1839104K), 0.0091470 secs] [Times: user=0.06 sys=0.00, real=0.01 secs] 
819.229: [GC
Desired survivor size 4194304 bytes, new threshold 1 (max 15)
 [PSYoungGen: 811840K->1568K(815104K)] 1801681K->991425K(1839104K), 0.0106280 secs] [Times: user=0.05 sys=0.00, real=0.01 secs] 
819.488: [GC
Desired survivor size 4194304 bytes, new threshold 1 (max 15)
 [PSYoungGen: 812576K->1216K(815104K)] 1802433K->991121K(1839104K), 0.0091510 secs] [Times: user=0.05 sys=0.00, real=0.01 secs] 
819.755: [GC
Desired survivor size 4194304 bytes, new threshold 1 (max 15)
 [PSYoungGen: 812224K->3104K(815104K)] 1802129K->993033K(1839104K), 0.0104360 secs] [Times: user=0.06 sys=0.00, real=0.01 secs] 
820.023: [GC
Desired survivor size 4718592 bytes, new threshold 1 (max 15)
 [PSYoungGen: 814112K->3488K(814080K)] 1804041K->993441K(1838080K), 0.0107610 secs] [Times: user=0.06 sys=0.00, real=0.01 secs] 
820.291: [GC
Desired survivor size 4718592 bytes, new threshold 1 (max 15)
 [PSYoungGen: 813472K->1792K(814592K)] 1803425K->991785K(1838592K), 0.0098300 secs] [Times: user=0.05 sys=0.00, real=0.01 secs] 
820.551: [GC
Desired survivor size 4194304 bytes, new threshold 1 (max 15)
 [PSYoungGen: 811776K->1184K(815104K)] 1801769K->991193K(1839104K), 0.0090080 secs] [Times: user=0.05 sys=0.00, real=0.01 secs] 
820.822: [GC
Desired survivor size 4718592 bytes, new threshold 1 (max 15)
 [PSYoungGen: 811680K->3104K(814592K)] 1801689K->993145K(1838592K), 0.0100900 secs] [Times: user=0.07 sys=0.00, real=0.01 secs] 
821.086: [GC
Desired survivor size 5242880 bytes, new threshold 1 (max 15)
 [PSYoungGen: 813600K->3584K(813568K)] 1803641K->993657K(1837568K), 0.0105540 secs] [Times: user=0.06 sys=0.00, real=0.01 secs] 
821.353: [GC
Desired survivor size 4718592 bytes, new threshold 1 (max 15)
 [PSYoungGen: 812544K->1600K(814080K)] 1802617K->991697K(1838080K), 0.0096420 secs] [Times: user=0.06 sys=0.00, real=0.01 secs] 
821.615: [GC
Desired survivor size 4718592 bytes, new threshold 1 (max 15)
 [PSYoungGen: 810560K->1760K(814592K)] 1800657K->991881K(1838592K), 0.0093680 secs] [Times: user=0.06 sys=0.01, real=0.01 secs] 
821.882: [GC
Desired survivor size 4718592 bytes, new threshold 1 (max 15)
 [PSYoungGen: 811744K->1280K(814592K)] 1801865K->991433K(1838592K), 0.0094060 secs] [Times: user=0.05 sys=0.00, real=0.01 secs] 
822.146: [GC
Desired survivor size 4194304 bytes, new threshold 1 (max 15)
 [PSYoungGen: 811264K->1632K(815104K)] 1801417K->991841K(1839104K), 0.0096610 secs] [Times: user=0.05 sys=0.00, real=0.01 secs] 
822.402: [GC
Desired survivor size 4194304 bytes, new threshold 1 (max 15)
 [PSYoungGen: 812128K->2560K(814592K)] 1802337K->992793K(1838592K), 0.0104120 secs] [Times: user=0.06 sys=0.00, real=0.01 secs] 
822.666: [GC
Desired survivor size 4194304 bytes, new threshold 1 (max 15)
 [PSYoungGen: 813056K->1536K(815104K)] 1803289K->991809K(1839104K), 0.0220060 secs] [Times: user=0.09 sys=0.00, real=0.03 secs] 
822.939: [GC
Desired survivor size 4194304 bytes, new threshold 1 (max 15)
 [PSYoungGen: 812544K->1536K(815104K)] 1802817K->991825K(1839104K), 0.0094510 secs] [Times: user=0.05 sys=0.00, real=0.01 secs] 
823.212: [GC
Desired survivor size 4194304 bytes, new threshold 1 (max 15)
 [PSYoungGen: 812544K->2944K(815104K)] 1802833K->993273K(1839104K), 0.0102200 secs] [Times: user=0.06 sys=0.00, real=0.01 secs] 
823.476: [GC
Desired survivor size 4194304 bytes, new threshold 1 (max 15)
 [PSYoungGen: 813952K->1920K(815104K)] 1804281K->992273K(1839104K), 0.0097000 secs] [Times: user=0.06 sys=0.00, real=0.01 secs] 
823.743: [GC
Desired survivor size 4194304 bytes, new threshold 1 (max 15)
 [PSYoungGen: 812928K->1408K(815104K)] 1803281K->991769K(1839104K), 0.0097040 secs] [Times: user=0.05 sys=0.00, real=0.01 secs] 
824.006: [GC
Desired survivor size 4718592 bytes, new threshold 1 (max 15)
 [PSYoungGen: 812416K->4064K(815104K)] 1802777K->994449K(1839104K), 0.0104260 secs] [Times: user=0.07 sys=0.00, real=0.02 secs] 
824.267: [GC
Desired survivor size 4718592 bytes, new threshold 1 (max 15)
 [PSYoungGen: 815072K->1696K(814080K)] 1805457K->992129K(1838080K), 0.0097100 secs] [Times: user=0.06 sys=0.00, real=0.01 secs] 
824.542: [GC
Desired survivor size 4194304 bytes, new threshold 1 (max 15)
 [PSYoungGen: 811680K->2016K(814592K)] 1802113K->992473K(1838592K), 0.0094970 secs] [Times: user=0.05 sys=0.00, real=0.01 secs] 
824.817: [GC
Desired survivor size 4194304 bytes, new threshold 1 (max 15)
 [PSYoungGen: 812000K->1856K(815104K)] 1802457K->992337K(1839104K), 0.0092730 secs] [Times: user=0.06 sys=0.00, real=0.00 secs] 
825.075: [GC
Desired survivor size 4194304 bytes, new threshold 1 (max 15)
 [PSYoungGen: 812864K->800K(815104K)] 1803345K->991297K(1839104K), 0.0098540 secs] [Times: user=0.05 sys=0.00, real=0.01 secs] 
825.337: [GC
Desired survivor size 4194304 bytes, new threshold 1 (max 15)
 [PSYoungGen: 811808K->2592K(815104K)] 1802305K->993121K(1839104K), 0.0099290 secs] [Times: user=0.07 sys=0.00, real=0.01 secs] 
825.603: [GC
Desired survivor size 4194304 bytes, new threshold 1 (max 15)
 [PSYoungGen: 813600K->1056K(815104K)] 1804129K->991633K(1839104K), 0.0095300 secs] [Times: user=0.06 sys=0.00, real=0.01 secs] 
825.865: [GC
Desired survivor size 4194304 bytes, new threshold 1 (max 15)
 [PSYoungGen: 812064K->1952K(815104K)] 1802641K->992553K(1839104K), 0.0098230 secs] [Times: user=0.05 sys=0.00, real=0.01 secs] 
826.124: [GC
Desired survivor size 5242880 bytes, new threshold 1 (max 15)
 [PSYoungGen: 812960K->4096K(815104K)] 1803561K->995481K(1839104K), 0.0144480 secs] [Times: user=0.06 sys=0.00, real=0.02 secs] 
826.397: [GC
Desired survivor size 4718592 bytes, new threshold 1 (max 15)
 [PSYoungGen: 815104K->2272K(814080K)] 1806489K->993889K(1838080K), 0.0101460 secs] [Times: user=0.06 sys=0.00, real=0.01 secs] 
826.661: [GC
Desired survivor size 4718592 bytes, new threshold 1 (max 15)
 [PSYoungGen: 812256K->1856K(814592K)] 1803873K->993505K(1838592K), 0.0103270 secs] [Times: user=0.05 sys=0.00, real=0.01 secs] 
826.930: [GC
Desired survivor size 4718592 bytes, new threshold 1 (max 15)
 [PSYoungGen: 811840K->1696K(814592K)] 1803489K->993377K(1838592K), 0.0097780 secs] [Times: user=0.05 sys=0.00, real=0.01 secs] 
827.197: [GC
Desired survivor size 4194304 bytes, new threshold 1 (max 15)
 [PSYoungGen: 811680K->1952K(814592K)] 1803361K->993657K(1838592K), 0.0103590 secs] [Times: user=0.06 sys=0.00, real=0.01 secs] 
827.460: [GC
Desired survivor size 4194304 bytes, new threshold 1 (max 15)
 [PSYoungGen: 811936K->1824K(815104K)] 1803641K->993569K(1839104K), 0.0098900 secs] [Times: user=0.05 sys=0.00, real=0.01 secs] 
827.733: [GC
Desired survivor size 4194304 bytes, new threshold 1 (max 15)
 [PSYoungGen: 812832K->1824K(815104K)] 1804577K->993609K(1839104K), 0.0096770 secs] [Times: user=0.05 sys=0.00, real=0.01 secs] 
827.998: [GC
Desired survivor size 4194304 bytes, new threshold 1 (max 15)
 [PSYoungGen: 812832K->800K(815104K)] 1804617K->992617K(1839104K), 0.0094370 secs] [Times: user=0.05 sys=0.00, real=0.01 secs] 
828.268: [GC
Desired survivor size 4194304 bytes, new threshold 1 (max 15)
 [PSYoungGen: 811808K->1056K(815104K)] 1803625K->992905K(1839104K), 0.0094920 secs] [Times: user=0.05 sys=0.00, real=0.01 secs] 
828.531: [GC
Desired survivor size 4194304 bytes, new threshold 1 (max 15)
 [PSYoungGen: 812064K->1376K(815104K)] 1803913K->993241K(1839104K), 0.0095850 secs] [Times: user=0.05 sys=0.00, real=0.01 secs] 
828.803: [GC
Desired survivor size 3670016 bytes, new threshold 1 (max 15)
 [PSYoungGen: 812384K->1824K(815104K)] 1804249K->993721K(1839104K), 0.0096300 secs] [Times: user=0.04 sys=0.00, real=0.01 secs] 
829.061: [GC
Desired survivor size 3670016 bytes, new threshold 1 (max 15)
 [PSYoungGen: 812832K->2464K(815616K)] 1804729K->994385K(1839616K), 0.0099270 secs] [Times: user=0.06 sys=0.00, real=0.01 secs] 
829.332: [GC
Desired survivor size 4194304 bytes, new threshold 1 (max 15)
 [PSYoungGen: 814496K->416K(812544K)] 1806417K->992369K(1836544K), 0.0089300 secs] [Times: user=0.06 sys=0.00, real=0.01 secs] 
829.592: [GC
Desired survivor size 3670016 bytes, new threshold 1 (max 15)
 [PSYoungGen: 812448K->1792K(815616K)] 1804401K->993761K(1839616K), 0.0097530 secs] [Times: user=0.06 sys=0.00, real=0.01 secs] 
829.862: [GC
Desired survivor size 4194304 bytes, new threshold 1 (max 15)
 [PSYoungGen: 813312K->2912K(815104K)] 1805281K->994905K(1839104K), 0.0100250 secs] [Times: user=0.05 sys=0.00, real=0.01 secs] 
830.126: [GC
Desired survivor size 3670016 bytes, new threshold 1 (max 15)
 [PSYoungGen: 814432K->1728K(815616K)] 1806425K->993745K(1839616K), 0.0115300 secs] [Times: user=0.06 sys=0.00, real=0.01 secs] 
830.389: [GC
Desired survivor size 3670016 bytes, new threshold 1 (max 15)
 [PSYoungGen: 813248K->2112K(815104K)] 1805265K->994153K(1839104K), 0.0100250 secs] [Times: user=0.06 sys=0.00, real=0.01 secs] 
830.653: [GC
Desired survivor size 4194304 bytes, new threshold 1 (max 15)
 [PSYoungGen: 813632K->2624K(814592K)] 1805673K->994705K(1838592K), 0.0104370 secs] [Times: user=0.06 sys=0.00, real=0.01 secs] 
830.929: [GC
Desired survivor size 3670016 bytes, new threshold 1 (max 15)
 [PSYoungGen: 813632K->1920K(815104K)] 1805713K->994033K(1839104K), 0.0100590 secs] [Times: user=0.06 sys=0.00, real=0.01 secs] 
831.194: [GC
Desired survivor size 4194304 bytes, new threshold 1 (max 15)
 [PSYoungGen: 812928K->3104K(814592K)] 1805041K->995249K(1838592K), 0.0107500 secs] [Times: user=0.06 sys=0.00, real=0.01 secs] 
831.457: [GC
Desired survivor size 4194304 bytes, new threshold 1 (max 15)
 [PSYoungGen: 814112K->2912K(815104K)] 1806257K->995097K(1839104K), 0.0100080 secs] [Times: user=0.05 sys=0.00, real=0.01 secs] 
831.732: [GC
Desired survivor size 4194304 bytes, new threshold 1 (max 15)
 [PSYoungGen: 813920K->1312K(815104K)] 1806105K->993529K(1839104K), 0.0098300 secs] [Times: user=0.06 sys=0.00, real=0.01 secs] 
832.033: [GC
Desired survivor size 4194304 bytes, new threshold 1 (max 15)
 [PSYoungGen: 812320K->1792K(815104K)] 1804537K->994025K(1839104K), 0.0098400 secs] [Times: user=0.05 sys=0.00, real=0.01 secs] 
832.306: [GC
Desired survivor size 4194304 bytes, new threshold 1 (max 15)
 [PSYoungGen: 812800K->3232K(815104K)] 1805033K->995497K(1839104K), 0.0107080 secs] [Times: user=0.05 sys=0.00, real=0.01 secs] 
832.584: [GC
Desired survivor size 4194304 bytes, new threshold 1 (max 15)
 [PSYoungGen: 814240K->1056K(815104K)] 1806505K->993369K(1839104K), 0.0093740 secs] [Times: user=0.04 sys=0.00, real=0.01 secs] 
832.853: [GC
Desired survivor size 4194304 bytes, new threshold 1 (max 15)
 [PSYoungGen: 812064K->1184K(815104K)] 1804377K->993537K(1839104K), 0.0094580 secs] [Times: user=0.05 sys=0.00, real=0.01 secs] 
833.114: [GC
Desired survivor size 4194304 bytes, new threshold 1 (max 15)
 [PSYoungGen: 812192K->960K(815104K)] 1804545K->993337K(1839104K), 0.0094350 secs] [Times: user=0.05 sys=0.00, real=0.01 secs] 
833.382: [GC
Desired survivor size 4194304 bytes, new threshold 1 (max 15)
 [PSYoungGen: 811968K->1792K(815104K)] 1804345K->994185K(1839104K), 0.0106260 secs] [Times: user=0.06 sys=0.00, real=0.01 secs] 
833.644: [GC
Desired survivor size 4194304 bytes, new threshold 1 (max 15)
 [PSYoungGen: 812800K->1216K(815104K)] 1805193K->993929K(1839104K), 0.0094130 secs] [Times: user=0.05 sys=0.00, real=0.01 secs] 
833.915: [GC
Desired survivor size 4194304 bytes, new threshold 1 (max 15)
 [PSYoungGen: 812224K->2720K(815104K)] 1804937K->995769K(1839104K), 0.0104200 secs] [Times: user=0.06 sys=0.00, real=0.01 secs] 
834.182: [GC
Desired survivor size 4718592 bytes, new threshold 1 (max 15)
 [PSYoungGen: 813728K->3968K(815104K)] 1806777K->997073K(1839104K), 0.0111530 secs] [Times: user=0.06 sys=0.00, real=0.01 secs] 
834.443: [GC
Desired survivor size 4718592 bytes, new threshold 1 (max 15)
 [PSYoungGen: 814976K->800K(814080K)] 1808081K->993937K(1838080K), 0.0091720 secs] [Times: user=0.05 sys=0.00, real=0.01 secs] 
834.718: [GC
Desired survivor size 4718592 bytes, new threshold 1 (max 15)
 [PSYoungGen: 810784K->1824K(814592K)] 1803921K->994993K(1838592K), 0.0098130 secs] [Times: user=0.05 sys=0.00, real=0.00 secs] 
834.987: [GC
Desired survivor size 4194304 bytes, new threshold 1 (max 15)
 [PSYoungGen: 811808K->1984K(815104K)] 1804977K->995177K(1839104K), 0.0097870 secs] [Times: user=0.05 sys=0.00, real=0.01 secs] 
835.256: [GC
Desired survivor size 4194304 bytes, new threshold 1 (max 15)
 [PSYoungGen: 812480K->2176K(814592K)] 1805673K->995393K(1838592K), 0.0103810 secs] [Times: user=0.06 sys=0.00, real=0.01 secs] 
835.522: [GC
Desired survivor size 4194304 bytes, new threshold 1 (max 15)
 [PSYoungGen: 812672K->1376K(815104K)] 1805889K->994641K(1839104K), 0.0096340 secs] [Times: user=0.06 sys=0.00, real=0.01 secs] 
835.785: [GC
Desired survivor size 4194304 bytes, new threshold 1 (max 15)
 [PSYoungGen: 812384K->3072K(815104K)] 1805649K->996369K(1839104K), 0.0105520 secs] [Times: user=0.06 sys=0.00, real=0.01 secs] 
836.053: [GC
Desired survivor size 4194304 bytes, new threshold 1 (max 15)
 [PSYoungGen: 814080K->1824K(815104K)] 1807377K->995161K(1839104K), 0.0097650 secs] [Times: user=0.06 sys=0.00, real=0.01 secs] 
836.317: [GC
Desired survivor size 4194304 bytes, new threshold 1 (max 15)
 [PSYoungGen: 812832K->992K(815104K)] 1806169K->994361K(1839104K), 0.0093010 secs] [Times: user=0.04 sys=0.00, real=0.01 secs] 
836.582: [GC
Desired survivor size 4194304 bytes, new threshold 1 (max 15)
 [PSYoungGen: 812000K->704K(815104K)] 1805369K->994121K(1839104K), 0.0092770 secs] [Times: user=0.04 sys=0.00, real=0.01 secs] 
836.858: [GC
Desired survivor size 4194304 bytes, new threshold 1 (max 15)
 [PSYoungGen: 811712K->2592K(815104K)] 1805129K->996025K(1839104K), 0.0099320 secs] [Times: user=0.05 sys=0.00, real=0.01 secs] 
837.120: [GC
Desired survivor size 4194304 bytes, new threshold 1 (max 15)
 [PSYoungGen: 813600K->1984K(815104K)] 1807033K->995441K(1839104K), 0.0120340 secs] [Times: user=0.08 sys=0.00, real=0.01 secs] 
837.385: [GC
Desired survivor size 4194304 bytes, new threshold 1 (max 15)
 [PSYoungGen: 812992K->1536K(815104K)] 1806449K->995009K(1839104K), 0.0092530 secs] [Times: user=0.05 sys=0.00, real=0.01 secs] 
837.647: [GC
Desired survivor size 3670016 bytes, new threshold 1 (max 15)
 [PSYoungGen: 812544K->1824K(815616K)] 1806017K->995329K(1839616K), 0.0098260 secs] [Times: user=0.05 sys=0.00, real=0.01 secs] 
837.921: [GC
Desired survivor size 3670016 bytes, new threshold 1 (max 15)
 [PSYoungGen: 813344K->416K(815104K)] 1806849K->993953K(1839104K), 0.0091350 secs] [Times: user=0.05 sys=0.00, real=0.01 secs] 
838.193: [GC
Desired survivor size 3670016 bytes, new threshold 1 (max 15)
 [PSYoungGen: 811936K->1216K(815616K)] 1805473K->994785K(1839616K), 0.0094000 secs] [Times: user=0.05 sys=0.00, real=0.01 secs] 
838.453: [GC
Desired survivor size 3670016 bytes, new threshold 1 (max 15)
 [PSYoungGen: 813248K->2464K(815616K)] 1806817K->996065K(1839616K), 0.0104980 secs] [Times: user=0.06 sys=0.01, real=0.01 secs] 
838.727: [GC
Desired survivor size 3670016 bytes, new threshold 1 (max 15)
 [PSYoungGen: 814496K->1696K(815616K)] 1808097K->995321K(1839616K), 0.0097990 secs] [Times: user=0.05 sys=0.01, real=0.01 secs] 
838.993: [GC
Desired survivor size 4718592 bytes, new threshold 1 (max 15)
 [PSYoungGen: 813728K->3584K(815616K)] 1807353K->997769K(1839616K), 0.0106930 secs] [Times: user=0.06 sys=0.00, real=0.01 secs] 
839.257: [GC
Desired survivor size 5242880 bytes, new threshold 1 (max 15)
 [PSYoungGen: 815616K->3584K(812544K)] 1809801K->999177K(1836544K), 0.0113540 secs] [Times: user=0.07 sys=0.00, real=0.01 secs] 
839.517: [GC
Desired survivor size 5242880 bytes, new threshold 1 (max 15)
 [PSYoungGen: 812544K->1696K(814080K)] 1808137K->997361K(1838080K), 0.0099310 secs] [Times: user=0.06 sys=0.00, real=0.01 secs] 
839.791: [GC
Desired survivor size 5242880 bytes, new threshold 1 (max 15)
 [PSYoungGen: 810656K->1536K(814080K)] 1806321K->997265K(1838080K), 0.0096450 secs] [Times: user=0.05 sys=0.00, real=0.01 secs] 
840.053: [GC
Desired survivor size 4718592 bytes, new threshold 1 (max 15)
 [PSYoungGen: 810496K->1248K(814080K)] 1806225K->997001K(1838080K), 0.0094300 secs] [Times: user=0.06 sys=0.00, real=0.01 secs] 
840.317: [GC
Desired survivor size 4718592 bytes, new threshold 1 (max 15)
 [PSYoungGen: 810208K->544K(814592K)] 1805961K->996337K(1838592K), 0.0093490 secs] [Times: user=0.05 sys=0.00, real=0.01 secs] 
840.575: [GC
Desired survivor size 5242880 bytes, new threshold 1 (max 15)
 [PSYoungGen: 810528K->2976K(813056K)] 1806321K->998817K(1837056K), 0.0121030 secs] [Times: user=0.06 sys=0.00, real=0.01 secs] 
840.842: [GC
Desired survivor size 4718592 bytes, new threshold 1 (max 15)
 [PSYoungGen: 812960K->1664K(814592K)] 1808801K->997537K(1838592K), 0.0098900 secs] [Times: user=0.05 sys=0.00, real=0.01 secs] 
841.107: [GC
Desired survivor size 4718592 bytes, new threshold 1 (max 15)
 [PSYoungGen: 811136K->2080K(814080K)] 1807009K->997985K(1838080K), 0.0101720 secs] [Times: user=0.06 sys=0.00, real=0.01 secs] 
841.375: [GC
Desired survivor size 4718592 bytes, new threshold 1 (max 15)
 [PSYoungGen: 811552K->2176K(814592K)] 1807457K->998121K(1838592K), 0.0097940 secs] [Times: user=0.06 sys=0.00, real=0.01 secs] 
841.647: [GC
Desired survivor size 4194304 bytes, new threshold 1 (max 15)
 [PSYoungGen: 812160K->1600K(814592K)] 1808105K->997561K(1838592K), 0.0095330 secs] [Times: user=0.06 sys=0.01, real=0.01 secs] 
841.918: [GC
Desired survivor size 4194304 bytes, new threshold 1 (max 15)
 [PSYoungGen: 811584K->1024K(815104K)] 1807545K->997017K(1839104K), 0.0089250 secs] [Times: user=0.05 sys=0.00, real=0.01 secs] 
842.201: [GC
Desired survivor size 4194304 bytes, new threshold 1 (max 15)
 [PSYoungGen: 812032K->1248K(815104K)] 1808025K->997273K(1839104K), 0.0478140 secs] [Times: user=0.29 sys=0.00, real=0.04 secs] 
842.526: [GC
Desired survivor size 4194304 bytes, new threshold 1 (max 15)
 [PSYoungGen: 812256K->1728K(815104K)] 1808281K->997785K(1839104K), 0.0109010 secs] [Times: user=0.05 sys=0.00, real=0.01 secs] 
842.804: [GC
Desired survivor size 3670016 bytes, new threshold 1 (max 15)
 [PSYoungGen: 812736K->1792K(815104K)] 1808793K->997881K(1839104K), 0.0105330 secs] [Times: user=0.04 sys=0.00, real=0.01 secs] 
843.068: [GC
Desired survivor size 3670016 bytes, new threshold 1 (max 15)
 [PSYoungGen: 812800K->1760K(815616K)] 1808889K->997873K(1839616K), 0.0096520 secs] [Times: user=0.06 sys=0.00, real=0.01 secs] 
843.334: [GC
Desired survivor size 3670016 bytes, new threshold 1 (max 15)
 [PSYoungGen: 813792K->1792K(815616K)] 1809905K->997937K(1839616K), 0.0094130 secs] [Times: user=0.05 sys=0.00, real=0.01 secs] 
843.600: [GC
Desired survivor size 3145728 bytes, new threshold 1 (max 15)
 [PSYoungGen: 813824K->1664K(816128K)] 1809969K->997841K(1840128K), 0.0098890 secs] [Times: user=0.07 sys=0.01, real=0.01 secs] 
843.870: [GC
Desired survivor size 3145728 bytes, new threshold 1 (max 15)
 [PSYoungGen: 814208K->1984K(815616K)] 1810385K->998193K(1839616K), 0.0096540 secs] [Times: user=0.05 sys=0.00, real=0.01 secs] 
844.138: [GC
Desired survivor size 3145728 bytes, new threshold 1 (max 15)
 [PSYoungGen: 814528K->1568K(816128K)] 1810737K->997801K(1840128K), 0.0100870 secs] [Times: user=0.05 sys=0.00, real=0.01 secs] 
844.401: [GC
Desired survivor size 3145728 bytes, new threshold 1 (max 15)
 [PSYoungGen: 814624K->1728K(816128K)] 1810857K->997993K(1840128K), 0.0100540 secs] [Times: user=0.06 sys=0.01, real=0.01 secs] 
844.663: [GC
Desired survivor size 3145728 bytes, new threshold 1 (max 15)
 [PSYoungGen: 814784K->1984K(816128K)] 1811049K->998273K(1840128K), 0.0106670 secs] [Times: user=0.06 sys=0.00, real=0.01 secs] 
844.941: [GC
Desired survivor size 3145728 bytes, new threshold 1 (max 15)
 [PSYoungGen: 815040K->1600K(816128K)] 1811329K->997913K(1840128K), 0.0094860 secs] [Times: user=0.06 sys=0.00, real=0.00 secs] 
845.205: [GC
Desired survivor size 3145728 bytes, new threshold 1 (max 15)
 [PSYoungGen: 814656K->992K(816128K)] 1810969K->997353K(1840128K), 0.0093410 secs] [Times: user=0.04 sys=0.00, real=0.01 secs] 
845.471: [GC
Desired survivor size 3145728 bytes, new threshold 1 (max 15)
 [PSYoungGen: 814048K->864K(816128K)] 1810409K->997249K(1840128K), 0.0087190 secs] [Times: user=0.06 sys=0.00, real=0.00 secs] 
845.740: [GC
Desired survivor size 3670016 bytes, new threshold 1 (max 15)
 [PSYoungGen: 813920K->3072K(815104K)] 1810305K->999473K(1839104K), 0.0102280 secs] [Times: user=0.06 sys=0.00, real=0.01 secs] 
846.001: [GC
Desired survivor size 3670016 bytes, new threshold 1 (max 15)
 [PSYoungGen: 815104K->2752K(815616K)] 1811505K->999193K(1839616K), 0.0100660 secs] [Times: user=0.07 sys=0.00, real=0.01 secs] 
846.322: [GC
Desired survivor size 3670016 bytes, new threshold 1 (max 15)
 [PSYoungGen: 814784K->1920K(815616K)] 1811225K->998385K(1839616K), 0.0100360 secs] [Times: user=0.06 sys=0.00, real=0.01 secs] 
846.698: [GC
Desired survivor size 3670016 bytes, new threshold 1 (max 15)
 [PSYoungGen: 813952K->2464K(815616K)] 1810417K->998977K(1839616K), 0.0112540 secs] [Times: user=0.05 sys=0.00, real=0.01 secs] 
846.964: [GC
Desired survivor size 3670016 bytes, new threshold 1 (max 15)
 [PSYoungGen: 814496K->2816K(815616K)] 1811009K->999353K(1839616K), 0.0098480 secs] [Times: user=0.06 sys=0.00, real=0.01 secs] 
847.346: [GC
Desired survivor size 3670016 bytes, new threshold 1 (max 15)
 [PSYoungGen: 814848K->2240K(815616K)] 1811385K->998801K(1839616K), 0.0103480 secs] [Times: user=0.06 sys=0.00, real=0.01 secs] 
847.709: [GC
Desired survivor size 3670016 bytes, new threshold 1 (max 15)
 [PSYoungGen: 814272K->1856K(815616K)] 1810833K->998457K(1839616K), 0.0098170 secs] [Times: user=0.06 sys=0.00, real=0.01 secs] 
847.986: [GC
Desired survivor size 3670016 bytes, new threshold 1 (max 15)
 [PSYoungGen: 813888K->1568K(815616K)] 1810489K->998193K(1839616K), 0.0104480 secs] [Times: user=0.05 sys=0.00, real=0.01 secs] 
848.261: [GC
Desired survivor size 3670016 bytes, new threshold 1 (max 15)
 [PSYoungGen: 813600K->704K(815616K)] 1810225K->997353K(1839616K), 0.0095760 secs] [Times: user=0.06 sys=0.00, real=0.00 secs] 
848.525: [GC
Desired survivor size 3670016 bytes, new threshold 1 (max 15)
 [PSYoungGen: 812736K->1184K(815616K)] 1809385K->997881K(1839616K), 0.0092830 secs] [Times: user=0.05 sys=0.01, real=0.01 secs] 
848.806: [GC
Desired survivor size 3670016 bytes, new threshold 1 (max 15)
 [PSYoungGen: 813216K->1632K(815616K)] 1809913K->998369K(1839616K), 0.0096360 secs] [Times: user=0.06 sys=0.00, real=0.01 secs] 
849.069: [GC
Desired survivor size 3670016 bytes, new threshold 1 (max 15)
 [PSYoungGen: 813664K->608K(815616K)] 1810401K->997377K(1839616K), 0.0092390 secs] [Times: user=0.05 sys=0.00, real=0.01 secs] 
849.344: [GC
Desired survivor size 3670016 bytes, new threshold 1 (max 15)
 [PSYoungGen: 812640K->1344K(815616K)] 1809409K->998161K(1839616K), 0.0091900 secs] [Times: user=0.04 sys=0.01, real=0.01 secs] 
849.602: [GC
Desired survivor size 3670016 bytes, new threshold 1 (max 15)
 [PSYoungGen: 813376K->960K(815616K)] 1810193K->997817K(1839616K), 0.0096930 secs] [Times: user=0.05 sys=0.00, real=0.01 secs] 
849.869: [GC
Desired survivor size 3670016 bytes, new threshold 1 (max 15)
 [PSYoungGen: 812992K->1984K(815616K)] 1809849K->998865K(1839616K), 0.0099070 secs] [Times: user=0.06 sys=0.00, real=0.01 secs] 
850.137: [GC
Desired survivor size 3145728 bytes, new threshold 1 (max 15)
 [PSYoungGen: 814016K->1504K(815616K)] 1810897K->998409K(1839616K), 0.0097900 secs] [Times: user=0.06 sys=0.00, real=0.01 secs] 
850.396: [GC
Desired survivor size 3145728 bytes, new threshold 1 (max 15)
 [PSYoungGen: 813536K->2112K(816128K)] 1810441K->999041K(1840128K), 0.0101150 secs] [Times: user=0.06 sys=0.00, real=0.01 secs] 
850.659: [GC
Desired survivor size 3145728 bytes, new threshold 1 (max 15)
 [PSYoungGen: 815168K->1024K(816128K)] 1812097K->997993K(1840128K), 0.0092530 secs] [Times: user=0.04 sys=0.00, real=0.01 secs] 
850.928: [GC
Desired survivor size 3145728 bytes, new threshold 1 (max 15)
 [PSYoungGen: 814080K->1120K(816128K)] 1811049K->998121K(1840128K), 0.0093680 secs] [Times: user=0.06 sys=0.00, real=0.01 secs] 
851.197: [GC
Desired survivor size 3670016 bytes, new threshold 1 (max 15)
 [PSYoungGen: 814176K->2560K(815616K)] 1811177K->999585K(1839616K), 0.0102970 secs] [Times: user=0.06 sys=0.00, real=0.01 secs] 
851.463: [GC
Desired survivor size 4194304 bytes, new threshold 1 (max 15)
 [PSYoungGen: 815616K->3328K(814592K)] 1812641K->1000377K(1838592K), 0.0103660 secs] [Times: user=0.06 sys=0.01, real=0.01 secs] 
851.736: [GC
Desired survivor size 4194304 bytes, new threshold 1 (max 15)
 [PSYoungGen: 814336K->3392K(815104K)] 1811385K->1000457K(1839104K), 0.0106930 secs] [Times: user=0.06 sys=0.00, real=0.01 secs] 
852.031: [GC
Desired survivor size 4194304 bytes, new threshold 1 (max 15)
 [PSYoungGen: 814400K->1248K(815104K)] 1811465K->998329K(1839104K), 0.0095830 secs] [Times: user=0.04 sys=0.00, real=0.01 secs] 
852.295: [GC
Desired survivor size 4194304 bytes, new threshold 1 (max 15)
 [PSYoungGen: 812256K->1440K(815104K)] 1809337K->998537K(1839104K), 0.0095860 secs] [Times: user=0.05 sys=0.00, real=0.01 secs] 
852.564: [GC
Desired survivor size 4194304 bytes, new threshold 1 (max 15)
 [PSYoungGen: 812448K->2656K(815104K)] 1809545K->999785K(1839104K), 0.0106070 secs] [Times: user=0.06 sys=0.00, real=0.01 secs] 
852.838: [GC
Desired survivor size 4194304 bytes, new threshold 1 (max 15)
 [PSYoungGen: 813664K->992K(815104K)] 1810793K->998153K(1839104K), 0.0092810 secs] [Times: user=0.05 sys=0.00, real=0.01 secs] 
853.101: [GC
Desired survivor size 4194304 bytes, new threshold 1 (max 15)
 [PSYoungGen: 812000K->1728K(815104K)] 1809161K->998913K(1839104K), 0.0094400 secs] [Times: user=0.05 sys=0.00, real=0.01 secs] 
853.367: [GC
Desired survivor size 4194304 bytes, new threshold 1 (max 15)
 [PSYoungGen: 812736K->1184K(815104K)] 1809921K->998409K(1839104K), 0.0098510 secs] [Times: user=0.06 sys=0.00, real=0.01 secs] 
853.633: [GC
Desired survivor size 3670016 bytes, new threshold 1 (max 15)
 [PSYoungGen: 812192K->1568K(815616K)] 1809417K->998825K(1839616K), 0.0091490 secs] [Times: user=0.05 sys=0.00, real=0.01 secs] 
853.911: [GC
Desired survivor size 4194304 bytes, new threshold 1 (max 15)
 [PSYoungGen: 813088K->2912K(815104K)] 1810345K->1000193K(1839104K), 0.0103000 secs] [Times: user=0.05 sys=0.00, real=0.01 secs] 
854.189: [GC
Desired survivor size 4194304 bytes, new threshold 1 (max 15)
 [PSYoungGen: 814432K->1120K(815104K)] 1811713K->998449K(1839104K), 0.0096460 secs] [Times: user=0.05 sys=0.00, real=0.01 secs] 
854.467: [GC
Desired survivor size 4194304 bytes, new threshold 1 (max 15)
 [PSYoungGen: 812128K->2272K(815104K)] 1809457K->999633K(1839104K), 0.0097040 secs] [Times: user=0.05 sys=0.01, real=0.01 secs] 
854.739: [GC
Desired survivor size 4194304 bytes, new threshold 1 (max 15)
 [PSYoungGen: 813280K->832K(815104K)] 1810641K->998241K(1839104K), 0.0090710 secs] [Times: user=0.05 sys=0.00, real=0.01 secs] 
854.991: [GC
Desired survivor size 4194304 bytes, new threshold 1 (max 15)
 [PSYoungGen: 811840K->2400K(815104K)] 1809249K->999833K(1839104K), 0.0098540 secs] [Times: user=0.06 sys=0.00, real=0.01 secs] 
855.256: [GC
Desired survivor size 4194304 bytes, new threshold 1 (max 15)
 [PSYoungGen: 813408K->2048K(815104K)] 1810841K->999513K(1839104K), 0.0100500 secs] [Times: user=0.05 sys=0.00, real=0.01 secs] 
855.519: [GC
Desired survivor size 3670016 bytes, new threshold 1 (max 15)
 [PSYoungGen: 813056K->1280K(815104K)] 1810521K->998785K(1839104K), 0.0093220 secs] [Times: user=0.05 sys=0.01, real=0.01 secs] 
855.789: [GC
Desired survivor size 3670016 bytes, new threshold 1 (max 15)
 [PSYoungGen: 812288K->1408K(815616K)] 1809793K->998945K(1839616K), 0.0096760 secs] [Times: user=0.05 sys=0.00, real=0.01 secs] 
856.052: [GC
Desired survivor size 3670016 bytes, new threshold 1 (max 15)
 [PSYoungGen: 813440K->1120K(815616K)] 1810977K->998697K(1839616K), 0.0093080 secs] [Times: user=0.05 sys=0.00, real=0.01 secs] 
856.321: [GC
Desired survivor size 3670016 bytes, new threshold 1 (max 15)
 [PSYoungGen: 813152K->2432K(815616K)] 1810729K->1000033K(1839616K), 0.0102700 secs] [Times: user=0.06 sys=0.00, real=0.01 secs] 
856.593: [GC
Desired survivor size 3670016 bytes, new threshold 1 (max 15)
 [PSYoungGen: 814464K->1728K(815616K)] 1812065K->999361K(1839616K), 0.0095710 secs] [Times: user=0.05 sys=0.00, real=0.01 secs] 
856.872: [GC
Desired survivor size 3670016 bytes, new threshold 1 (max 15)
 [PSYoungGen: 813760K->1600K(815616K)] 1811393K->999257K(1839616K), 0.0100420 secs] [Times: user=0.04 sys=0.00, real=0.01 secs] 
857.141: [GC
Desired survivor size 3670016 bytes, new threshold 1 (max 15)
 [PSYoungGen: 813632K->2048K(815616K)] 1811289K->999729K(1839616K), 0.0098150 secs] [Times: user=0.06 sys=0.00, real=0.01 secs] 
857.407: [GC
Desired survivor size 4194304 bytes, new threshold 1 (max 15)
 [PSYoungGen: 814080K->3520K(814592K)] 1811761K->1001225K(1838592K), 0.0105130 secs] [Times: user=0.06 sys=0.00, real=0.01 secs] 
857.669: [GC
Desired survivor size 4194304 bytes, new threshold 1 (max 15)
 [PSYoungGen: 814528K->864K(815104K)] 1812233K->998601K(1839104K), 0.0140400 secs] [Times: user=0.07 sys=0.00, real=0.02 secs] 
858.004: [GC
Desired survivor size 4194304 bytes, new threshold 1 (max 15)
 [PSYoungGen: 811872K->1184K(815104K)] 1809609K->998945K(1839104K), 0.0091020 secs] [Times: user=0.04 sys=0.00, real=0.01 secs] 
858.265: [GC
Desired survivor size 4194304 bytes, new threshold 1 (max 15)
 [PSYoungGen: 812192K->2432K(815104K)] 1809953K->1000217K(1839104K), 0.0098380 secs] [Times: user=0.05 sys=0.00, real=0.01 secs] 
858.533: [GC
Desired survivor size 4194304 bytes, new threshold 1 (max 15)
 [PSYoungGen: 813440K->864K(815104K)] 1811225K->998673K(1839104K), 0.0095270 secs] [Times: user=0.06 sys=0.00, real=0.01 secs] 
858.810: [GC
Desired survivor size 4194304 bytes, new threshold 1 (max 15)
 [PSYoungGen: 811872K->640K(815104K)] 1809681K->998481K(1839104K), 0.0091690 secs] [Times: user=0.06 sys=0.00, real=0.01 secs] 
859.075: [GC
Desired survivor size 3670016 bytes, new threshold 1 (max 15)
 [PSYoungGen: 811648K->1056K(815616K)] 1809489K->998921K(1839616K), 0.0109380 secs] [Times: user=0.06 sys=0.01, real=0.01 secs] 
859.335: [GC
Desired survivor size 3670016 bytes, new threshold 1 (max 15)
 [PSYoungGen: 812576K->1440K(815104K)] 1810441K->999353K(1839104K), 0.0100590 secs] [Times: user=0.04 sys=0.00, real=0.01 secs] 
859.601: [GC
Desired survivor size 3670016 bytes, new threshold 1 (max 15)
 [PSYoungGen: 812960K->800K(815616K)] 1810873K->998745K(1839616K), 0.0097400 secs] [Times: user=0.04 sys=0.00, real=0.01 secs] 
859.875: [GC
Desired survivor size 3670016 bytes, new threshold 1 (max 15)
 [PSYoungGen: 812832K->1440K(815616K)] 1810777K->999409K(1839616K), 0.0093940 secs] [Times: user=0.05 sys=0.00, real=0.01 secs] 
860.235: [GC
Desired survivor size 3670016 bytes, new threshold 1 (max 15)
 [PSYoungGen: 813472K->2048K(815616K)] 1811441K->1000049K(1839616K), 0.0127120 secs] [Times: user=0.06 sys=0.00, real=0.01 secs] 
860.502: [GC
Desired survivor size 3145728 bytes, new threshold 1 (max 15)
 [PSYoungGen: 814080K->1344K(815616K)] 1812081K->999369K(1839616K), 0.0096120 secs] [Times: user=0.06 sys=0.00, real=0.01 secs] 
860.775: [GC
Desired survivor size 3670016 bytes, new threshold 1 (max 15)
 [PSYoungGen: 813376K->2176K(815104K)] 1811401K->1000241K(1839104K), 0.0097700 secs] [Times: user=0.06 sys=0.00, real=0.01 secs] 
861.044: [GC
Desired survivor size 3670016 bytes, new threshold 1 (max 15)
 [PSYoungGen: 814208K->928K(815616K)] 1812273K->999041K(1839616K), 0.0095410 secs] [Times: user=0.05 sys=0.00, real=0.01 secs] 
861.315: [GC
Desired survivor size 3145728 bytes, new threshold 1 (max 15)
 [PSYoungGen: 812960K->928K(816128K)] 1811073K->999049K(1840128K), 0.0096740 secs] [Times: user=0.05 sys=0.00, real=0.01 secs] 
861.576: [GC
Desired survivor size 3145728 bytes, new threshold 1 (max 15)
 [PSYoungGen: 813472K->1504K(815616K)] 1811593K->999649K(1839616K), 0.0113860 secs] [Times: user=0.06 sys=0.00, real=0.01 secs] 
861.851: [GC
Desired survivor size 3145728 bytes, new threshold 1 (max 15)
 [PSYoungGen: 814048K->1376K(816128K)] 1812193K->999553K(1840128K), 0.0106120 secs] [Times: user=0.04 sys=0.00, real=0.01 secs] 
862.112: [GC
Desired survivor size 3145728 bytes, new threshold 1 (max 15)
 [PSYoungGen: 814432K->2144K(816128K)] 1812609K->1000361K(1840128K), 0.0103300 secs] [Times: user=0.05 sys=0.00, real=0.01 secs] 
862.375: [GC
Desired survivor size 3145728 bytes, new threshold 1 (max 15)
 [PSYoungGen: 815200K->832K(816128K)] 1813417K->999065K(1840128K), 0.0090580 secs] [Times: user=0.05 sys=0.00, real=0.01 secs] 
862.643: [GC
Desired survivor size 3145728 bytes, new threshold 1 (max 15)
 [PSYoungGen: 813888K->1856K(816128K)] 1812121K->1000113K(1840128K), 0.0097120 secs] [Times: user=0.05 sys=0.00, real=0.01 secs] 
862.919: [GC
Desired survivor size 3145728 bytes, new threshold 1 (max 15)
 [PSYoungGen: 814912K->1728K(816128K)] 1813169K->1000017K(1840128K), 0.0099100 secs] [Times: user=0.06 sys=0.00, real=0.01 secs] 
863.185: [GC
Desired survivor size 3145728 bytes, new threshold 1 (max 15)
 [PSYoungGen: 814784K->1216K(816128K)] 1813073K->999545K(1840128K), 0.0099970 secs] [Times: user=0.06 sys=0.00, real=0.01 secs] 
863.452: [GC
Desired survivor size 3145728 bytes, new threshold 1 (max 15)
 [PSYoungGen: 814272K->576K(816128K)] 1812601K->998945K(1840128K), 0.0092000 secs] [Times: user=0.04 sys=0.01, real=0.01 secs] 
863.732: [GC
Desired survivor size 3145728 bytes, new threshold 1 (max 15)
 [PSYoungGen: 813632K->864K(816128K)] 1812001K->999273K(1840128K), 0.0095760 secs] [Times: user=0.05 sys=0.00, real=0.01 secs] 
864.002: [GC
Desired survivor size 3145728 bytes, new threshold 1 (max 15)
 [PSYoungGen: 813920K->1280K(816128K)] 1812329K->999761K(1840128K), 0.0095400 secs] [Times: user=0.06 sys=0.00, real=0.01 secs] 
864.268: [GC
Desired survivor size 2621440 bytes, new threshold 1 (max 15)
 [PSYoungGen: 814336K->1088K(816128K)] 1812817K->999593K(1840128K), 0.0093350 secs] [Times: user=0.05 sys=0.00, real=0.01 secs] 
864.530: [GC
Desired survivor size 3145728 bytes, new threshold 1 (max 15)
 [PSYoungGen: 814144K->1888K(815616K)] 1812649K->1000425K(1839616K), 0.0098370 secs] [Times: user=0.05 sys=0.00, real=0.01 secs] 
864.806: [GC
Desired survivor size 3145728 bytes, new threshold 1 (max 15)
 [PSYoungGen: 814944K->1888K(816128K)] 1813481K->1000473K(1840128K), 0.0094940 secs] [Times: user=0.06 sys=0.00, real=0.01 secs] 
865.059: [GC
Desired survivor size 3145728 bytes, new threshold 1 (max 15)
 [PSYoungGen: 814944K->2016K(816128K)] 1813529K->1000633K(1840128K), 0.0101870 secs] [Times: user=0.05 sys=0.00, real=0.01 secs] 
865.342: [GC
Desired survivor size 3145728 bytes, new threshold 1 (max 15)
 [PSYoungGen: 815072K->2144K(816128K)] 1813689K->1000777K(1840128K), 0.0096990 secs] [Times: user=0.06 sys=0.00, real=0.01 secs] 
865.608: [GC
Desired survivor size 3145728 bytes, new threshold 1 (max 15)
 [PSYoungGen: 815200K->1664K(816128K)] 1813833K->1000321K(1840128K), 0.0100150 secs] [Times: user=0.06 sys=0.00, real=0.01 secs] 
865.884: [GC
Desired survivor size 3145728 bytes, new threshold 1 (max 15)
 [PSYoungGen: 814720K->2112K(816128K)] 1813377K->1000801K(1840128K), 0.0103330 secs] [Times: user=0.05 sys=0.00, real=0.02 secs] 
866.147: [GC
Desired survivor size 3670016 bytes, new threshold 1 (max 15)
 [PSYoungGen: 815168K->2784K(815104K)] 1813857K->1001513K(1839104K), 0.0102630 secs] [Times: user=0.06 sys=0.00, real=0.01 secs] 
866.412: [GC
Desired survivor size 3670016 bytes, new threshold 1 (max 15)
 [PSYoungGen: 814816K->1920K(815616K)] 1813545K->1000673K(1839616K), 0.0099310 secs] [Times: user=0.05 sys=0.00, real=0.01 secs] 
866.695: [GC
Desired survivor size 3145728 bytes, new threshold 1 (max 15)
 [PSYoungGen: 813952K->1312K(816128K)] 1812705K->1000089K(1840128K), 0.0113580 secs] [Times: user=0.05 sys=0.00, real=0.01 secs] 
866.965: [GC
Desired survivor size 3145728 bytes, new threshold 1 (max 15)
 [PSYoungGen: 813856K->1888K(815616K)] 1812633K->1000721K(1839616K), 0.0096310 secs] [Times: user=0.05 sys=0.00, real=0.01 secs] 
867.233: [GC
Desired survivor size 3670016 bytes, new threshold 1 (max 15)
 [PSYoungGen: 814432K->2592K(815104K)] 1813265K->1001505K(1839104K), 0.0105250 secs] [Times: user=0.06 sys=0.00, real=0.01 secs] 
867.494: [GC
Desired survivor size 4194304 bytes, new threshold 1 (max 15)
 [PSYoungGen: 814624K->3392K(815616K)] 1813537K->1002377K(1839616K), 0.0110160 secs] [Times: user=0.05 sys=0.00, real=0.01 secs] 
867.770: [GC
Desired survivor size 3670016 bytes, new threshold 1 (max 15)
 [PSYoungGen: 815424K->1696K(815616K)] 1814409K->1000753K(1839616K), 0.0096130 secs] [Times: user=0.05 sys=0.00, real=0.01 secs] 
868.029: [GC
Desired survivor size 3670016 bytes, new threshold 1 (max 15)
 [PSYoungGen: 813728K->1760K(815616K)] 1812785K->1000857K(1839616K), 0.0099390 secs] [Times: user=0.05 sys=0.00, real=0.01 secs] 
868.299: [GC
Desired survivor size 3670016 bytes, new threshold 1 (max 15)
 [PSYoungGen: 813792K->1888K(815616K)] 1812889K->1001065K(1839616K), 0.0099600 secs] [Times: user=0.06 sys=0.00, real=0.01 secs] 
868.560: [GC
Desired survivor size 3670016 bytes, new threshold 1 (max 15)
 [PSYoungGen: 813920K->768K(815616K)] 1813097K->999985K(1839616K), 0.0094110 secs] [Times: user=0.05 sys=0.00, real=0.01 secs] 
868.840: [GC
Desired survivor size 3670016 bytes, new threshold 1 (max 15)
 [PSYoungGen: 812800K->1824K(815616K)] 1812017K->1001073K(1839616K), 0.0097640 secs] [Times: user=0.06 sys=0.00, real=0.01 secs] 
869.100: [GC
Desired survivor size 3670016 bytes, new threshold 1 (max 15)
 [PSYoungGen: 813856K->2656K(815616K)] 1813105K->1001953K(1839616K), 0.0108900 secs] [Times: user=0.06 sys=0.01, real=0.01 secs] 
869.585: [GC
Desired survivor size 3670016 bytes, new threshold 1 (max 15)
 [PSYoungGen: 814688K->2432K(815616K)] 1813985K->1001761K(1839616K), 0.0100560 secs] [Times: user=0.05 sys=0.01, real=0.01 secs] 
869.847: [GC
Desired survivor size 4718592 bytes, new threshold 1 (max 15)
 [PSYoungGen: 814464K->3584K(815616K)] 1813793K->1003801K(1839616K), 0.0118640 secs] [Times: user=0.06 sys=0.00, real=0.01 secs] 
870.108: [GC
Desired survivor size 4718592 bytes, new threshold 1 (max 15)
 [PSYoungGen: 815616K->2496K(813568K)] 1815833K->1005057K(1837568K), 0.0117450 secs] [Times: user=0.06 sys=0.01, real=0.01 secs] 
870.371: [GC
Desired survivor size 4194304 bytes, new threshold 1 (max 15)
 [PSYoungGen: 812480K->2496K(814592K)] 1815041K->1005537K(1838592K), 0.0105270 secs] [Times: user=0.06 sys=0.00, real=0.01 secs] 
870.637: [GC
Desired survivor size 4718592 bytes, new threshold 1 (max 15)
 [PSYoungGen: 812480K->3968K(814080K)] 1815521K->1007489K(1838080K), 0.0110030 secs] [Times: user=0.06 sys=0.00, real=0.01 secs] 
870.907: [GC
Desired survivor size 4718592 bytes, new threshold 1 (max 15)
 [PSYoungGen: 813952K->3072K(814592K)] 1817473K->1007137K(1838592K), 0.0105070 secs] [Times: user=0.06 sys=0.00, real=0.01 secs] 
871.169: [GC
Desired survivor size 4718592 bytes, new threshold 1 (max 15)
 [PSYoungGen: 813056K->1568K(814592K)] 1817121K->1006033K(1838592K), 0.0098190 secs] [Times: user=0.06 sys=0.00, real=0.01 secs] 
871.432: [GC
Desired survivor size 4718592 bytes, new threshold 1 (max 15)
 [PSYoungGen: 811552K->1824K(814592K)] 1816017K->1006865K(1838592K), 0.0100300 secs] [Times: user=0.05 sys=0.00, real=0.01 secs] 
871.700: [GC
Desired survivor size 4718592 bytes, new threshold 1 (max 15)
 [PSYoungGen: 811808K->2752K(814592K)] 1816849K->1008385K(1838592K), 0.0103340 secs] [Times: user=0.06 sys=0.00, real=0.01 secs] 
871.994: [GC
Desired survivor size 4718592 bytes, new threshold 1 (max 15)
 [PSYoungGen: 812736K->2048K(814592K)] 1818369K->1008153K(1838592K), 0.0104110 secs] [Times: user=0.06 sys=0.00, real=0.01 secs] 
872.260: [GC
Desired survivor size 4194304 bytes, new threshold 1 (max 15)
 [PSYoungGen: 812032K->2432K(815104K)] 1818137K->1009009K(1839104K), 0.0106970 secs] [Times: user=0.07 sys=0.00, real=0.01 secs] 
872.528: [GC
Desired survivor size 4194304 bytes, new threshold 1 (max 15)
 [PSYoungGen: 812928K->992K(814592K)] 1819505K->1008001K(1838592K), 0.0121270 secs] [Times: user=0.06 sys=0.00, real=0.01 secs] 
872.813: [GC
Desired survivor size 4718592 bytes, new threshold 1 (max 15)
 [PSYoungGen: 811488K->928K(814080K)] 1818497K->1008169K(1838080K), 0.0095690 secs] [Times: user=0.05 sys=0.00, real=0.01 secs] 
873.078: [GC
Desired survivor size 4718592 bytes, new threshold 1 (max 15)
 [PSYoungGen: 810912K->3072K(814592K)] 1818153K->1010337K(1838592K), 0.0120910 secs] [Times: user=0.06 sys=0.00, real=0.01 secs] 
873.340: [GC
Desired survivor size 4718592 bytes, new threshold 1 (max 15)
 [PSYoungGen: 813056K->768K(814592K)] 1820321K->1008057K(1838592K), 0.0099270 secs] [Times: user=0.04 sys=0.00, real=0.01 secs] 
873.608: [GC
Desired survivor size 4718592 bytes, new threshold 1 (max 15)
 [PSYoungGen: 810752K->320K(814592K)] 1818041K->1007657K(1838592K), 0.0093500 secs] [Times: user=0.05 sys=0.00, real=0.01 secs] 
873.878: [GC
Desired survivor size 4718592 bytes, new threshold 1 (max 15)
 [PSYoungGen: 810304K->832K(814592K)] 1817641K->1008193K(1838592K), 0.0094050 secs] [Times: user=0.05 sys=0.00, real=0.01 secs] 
874.143: [GC
Desired survivor size 4718592 bytes, new threshold 1 (max 15)
 [PSYoungGen: 810816K->2208K(814592K)] 1818177K->1009601K(1838592K), 0.0102290 secs] [Times: user=0.05 sys=0.00, real=0.01 secs] 
874.403: [GC
Desired survivor size 4718592 bytes, new threshold 1 (max 15)
 [PSYoungGen: 812192K->2336K(814592K)] 1819585K->1009761K(1838592K), 0.0103540 secs] [Times: user=0.05 sys=0.00, real=0.01 secs] 
874.669: [GC
Desired survivor size 4194304 bytes, new threshold 1 (max 15)
 [PSYoungGen: 812320K->1856K(814592K)] 1819745K->1009305K(1838592K), 0.0120310 secs] [Times: user=0.04 sys=0.00, real=0.01 secs] 
874.937: [GC
Desired survivor size 4194304 bytes, new threshold 1 (max 15)
 [PSYoungGen: 811840K->1408K(815104K)] 1819289K->1008889K(1839104K), 0.0097310 secs] [Times: user=0.06 sys=0.01, real=0.01 secs] 
875.206: [GC
Desired survivor size 4194304 bytes, new threshold 1 (max 15)
 [PSYoungGen: 812416K->2432K(815104K)] 1819897K->1009937K(1839104K), 0.0103040 secs] [Times: user=0.05 sys=0.00, real=0.01 secs] 
875.463: [GC
Desired survivor size 4194304 bytes, new threshold 1 (max 15)
 [PSYoungGen: 813440K->2528K(815104K)] 1820945K->1010057K(1839104K), 0.0101810 secs] [Times: user=0.07 sys=0.00, real=0.01 secs] 
875.736: [GC
Desired survivor size 4194304 bytes, new threshold 1 (max 15)
 [PSYoungGen: 813536K->2976K(815104K)] 1821065K->1010905K(1839104K), 0.0108480 secs] [Times: user=0.07 sys=0.00, real=0.01 secs] 
875.998: [GC
Desired survivor size 4194304 bytes, new threshold 1 (max 15)
 [PSYoungGen: 813984K->1920K(815104K)] 1821913K->1010913K(1839104K), 0.0110970 secs] [Times: user=0.06 sys=0.01, real=0.01 secs] 
876.266: [GC
Desired survivor size 4194304 bytes, new threshold 1 (max 15)
 [PSYoungGen: 812928K->1472K(815104K)] 1821921K->1010497K(1839104K), 0.0093570 secs] [Times: user=0.05 sys=0.00, real=0.01 secs] 
876.537: [GC
Desired survivor size 4194304 bytes, new threshold 1 (max 15)
 [PSYoungGen: 812480K->1728K(815104K)] 1821505K->1010785K(1839104K), 0.0100810 secs] [Times: user=0.05 sys=0.00, real=0.01 secs] 
876.814: [GC
Desired survivor size 4194304 bytes, new threshold 1 (max 15)
 [PSYoungGen: 812736K->960K(815104K)] 1821793K->1010057K(1839104K), 0.0094090 secs] [Times: user=0.05 sys=0.00, real=0.01 secs] 
877.233: [GC
Desired survivor size 3670016 bytes, new threshold 1 (max 15)
 [PSYoungGen: 811968K->1344K(815616K)] 1821065K->1010465K(1839616K), 0.0171090 secs] [Times: user=0.06 sys=0.00, real=0.02 secs] 
877.543: [GC
Desired survivor size 4194304 bytes, new threshold 1 (max 15)
 [PSYoungGen: 812864K->2560K(815104K)] 1821985K->1011705K(1839104K), 0.0098610 secs] [Times: user=0.06 sys=0.00, real=0.01 secs] 
877.821: [GC
Desired survivor size 4194304 bytes, new threshold 1 (max 15)
 [PSYoungGen: 814080K->2624K(815104K)] 1823225K->1011793K(1839104K), 0.0102290 secs] [Times: user=0.06 sys=0.00, real=0.01 secs] 
878.088: [GC
Desired survivor size 4194304 bytes, new threshold 1 (max 15)
 [PSYoungGen: 813632K->2592K(815104K)] 1822801K->1011793K(1839104K), 0.0107440 secs] [Times: user=0.07 sys=0.00, real=0.01 secs] 
878.357: [GC
Desired survivor size 4194304 bytes, new threshold 1 (max 15)
 [PSYoungGen: 813600K->992K(815104K)] 1822801K->1010225K(1839104K), 0.0096570 secs] [Times: user=0.05 sys=0.00, real=0.01 secs] 
878.614: [GC
Desired survivor size 4194304 bytes, new threshold 1 (max 15)
 [PSYoungGen: 812000K->2080K(815104K)] 1821233K->1011345K(1839104K), 0.0103240 secs] [Times: user=0.06 sys=0.00, real=0.01 secs] 
878.885: [GC
Desired survivor size 4194304 bytes, new threshold 1 (max 15)
 [PSYoungGen: 813088K->864K(815104K)] 1822353K->1010145K(1839104K), 0.0089320 secs] [Times: user=0.05 sys=0.00, real=0.01 secs] 
879.152: [GC
Desired survivor size 4194304 bytes, new threshold 1 (max 15)
 [PSYoungGen: 811872K->736K(815104K)] 1821153K->1010057K(1839104K), 0.0096520 secs] [Times: user=0.06 sys=0.01, real=0.01 secs] 
879.420: [GC
Desired survivor size 3670016 bytes, new threshold 1 (max 15)
 [PSYoungGen: 811744K->1440K(815616K)] 1821065K->1010801K(1839616K), 0.0093300 secs] [Times: user=0.05 sys=0.00, real=0.01 secs] 
879.697: [GC
Desired survivor size 3670016 bytes, new threshold 1 (max 15)
 [PSYoungGen: 812960K->1600K(815104K)] 1822321K->1010993K(1839104K), 0.0101600 secs] [Times: user=0.06 sys=0.00, real=0.01 secs] 
879.963: [GC
Desired survivor size 3670016 bytes, new threshold 1 (max 15)
 [PSYoungGen: 813120K->1248K(815616K)] 1822513K->1010665K(1839616K), 0.0097380 secs] [Times: user=0.06 sys=0.00, real=0.01 secs] 
880.229: [GC
Desired survivor size 3670016 bytes, new threshold 1 (max 15)
 [PSYoungGen: 813280K->1248K(815616K)] 1822697K->1010681K(1839616K), 0.0099050 secs] [Times: user=0.05 sys=0.00, real=0.01 secs] 
880.498: [GC
Desired survivor size 3145728 bytes, new threshold 1 (max 15)
 [PSYoungGen: 813280K->1664K(816128K)] 1822713K->1011145K(1840128K), 0.0097130 secs] [Times: user=0.05 sys=0.00, real=0.01 secs] 
880.773: [GC
Desired survivor size 3670016 bytes, new threshold 1 (max 15)
 [PSYoungGen: 814208K->2688K(815616K)] 1823689K->1012185K(1839616K), 0.0107700 secs] [Times: user=0.05 sys=0.01, real=0.01 secs] 
881.045: [GC
Desired survivor size 3670016 bytes, new threshold 1 (max 15)
 [PSYoungGen: 815232K->1536K(815616K)] 1824729K->1011073K(1839616K), 0.0106310 secs] [Times: user=0.05 sys=0.01, real=0.01 secs] 
881.306: [GC
Desired survivor size 3670016 bytes, new threshold 1 (max 15)
 [PSYoungGen: 813568K->1408K(815616K)] 1823105K->1010993K(1839616K), 0.0099710 secs] [Times: user=0.05 sys=0.01, real=0.01 secs] 
881.564: [GC
Desired survivor size 3670016 bytes, new threshold 1 (max 15)
 [PSYoungGen: 813440K->2112K(815616K)] 1823025K->1011721K(1839616K), 0.0097250 secs] [Times: user=0.06 sys=0.00, real=0.01 secs] 
881.836: [GC
Desired survivor size 3145728 bytes, new threshold 1 (max 15)
 [PSYoungGen: 814144K->1280K(815616K)] 1823753K->1010921K(1839616K), 0.0096730 secs] [Times: user=0.05 sys=0.00, real=0.01 secs] 
882.106: [GC
Desired survivor size 3145728 bytes, new threshold 1 (max 15)
 [PSYoungGen: 813312K->1120K(816128K)] 1822953K->1010817K(1840128K), 0.0095670 secs] [Times: user=0.05 sys=0.00, real=0.01 secs] 
882.370: [GC
Desired survivor size 3145728 bytes, new threshold 1 (max 15)
 [PSYoungGen: 814176K->704K(816128K)] 1823873K->1010449K(1840128K), 0.0101660 secs] [Times: user=0.05 sys=0.00, real=0.01 secs] 
882.640: [GC
Desired survivor size 3145728 bytes, new threshold 1 (max 15)
 [PSYoungGen: 813760K->1568K(816128K)] 1823505K->1011345K(1840128K), 0.0099110 secs] [Times: user=0.05 sys=0.00, real=0.01 secs] 
882.919: [GC
Desired survivor size 3145728 bytes, new threshold 1 (max 15)
 [PSYoungGen: 814624K->1216K(816128K)] 1824401K->1011017K(1840128K), 0.0096110 secs] [Times: user=0.06 sys=0.00, real=0.01 secs] 
883.188: [GC
Desired survivor size 3145728 bytes, new threshold 1 (max 15)
 [PSYoungGen: 814272K->1568K(816128K)] 1824073K->1011393K(1840128K), 0.0098120 secs] [Times: user=0.06 sys=0.00, real=0.01 secs] 
883.453: [GC
Desired survivor size 3145728 bytes, new threshold 1 (max 15)
 [PSYoungGen: 814624K->1184K(816128K)] 1824449K->1011049K(1840128K), 0.0092500 secs] [Times: user=0.06 sys=0.00, real=0.01 secs] 
883.732: [GC
Desired survivor size 2621440 bytes, new threshold 1 (max 15)
 [PSYoungGen: 814240K->1536K(816640K)] 1824105K->1011425K(1840640K), 0.0100900 secs] [Times: user=0.07 sys=0.00, real=0.01 secs] 
883.984: [GC
Desired survivor size 4194304 bytes, new threshold 1 (max 15)
 [PSYoungGen: 815104K->2560K(816128K)] 1824993K->1014801K(1840128K), 0.0123370 secs] [Times: user=0.06 sys=0.00, real=0.02 secs] 
884.251: [GC
Desired survivor size 4194304 bytes, new threshold 1 (max 15)
 [PSYoungGen: 816128K->704K(814080K)] 1828369K->1013297K(1838080K), 0.0098540 secs] [Times: user=0.05 sys=0.00, real=0.01 secs] 
884.536: [GC
Desired survivor size 4194304 bytes, new threshold 1 (max 15)
 [PSYoungGen: 811712K->448K(815104K)] 1824305K->1013113K(1839104K), 0.0094350 secs] [Times: user=0.05 sys=0.00, real=0.01 secs] 
884.807: [GC
Desired survivor size 3670016 bytes, new threshold 1 (max 15)
 [PSYoungGen: 811456K->1344K(815616K)] 1824121K->1014041K(1839616K), 0.0096530 secs] [Times: user=0.06 sys=0.00, real=0.00 secs] 
885.068: [GC
Desired survivor size 3670016 bytes, new threshold 1 (max 15)
 [PSYoungGen: 812864K->1184K(815104K)] 1825561K->1013937K(1839104K), 0.0096070 secs] [Times: user=0.05 sys=0.00, real=0.01 secs] 
885.335: [GC
Desired survivor size 3670016 bytes, new threshold 1 (max 15)
 [PSYoungGen: 812704K->2208K(815616K)] 1825457K->1014985K(1839616K), 0.0101100 secs] [Times: user=0.06 sys=0.00, real=0.01 secs] 
885.599: [GC
Desired survivor size 3670016 bytes, new threshold 1 (max 15)
 [PSYoungGen: 814240K->672K(815616K)] 1827017K->1013489K(1839616K), 0.0093720 secs] [Times: user=0.06 sys=0.00, real=0.01 secs] 
885.872: [GC
Desired survivor size 3670016 bytes, new threshold 1 (max 15)
 [PSYoungGen: 812704K->1184K(815616K)] 1825521K->1014033K(1839616K), 0.0099900 secs] [Times: user=0.05 sys=0.00, real=0.01 secs] 
886.139: [GC
Desired survivor size 3670016 bytes, new threshold 1 (max 15)
 [PSYoungGen: 813216K->640K(815616K)] 1826065K->1013529K(1839616K), 0.0094800 secs] [Times: user=0.05 sys=0.00, real=0.01 secs] 
886.404: [GC
Desired survivor size 3670016 bytes, new threshold 1 (max 15)
 [PSYoungGen: 812672K->2176K(815616K)] 1825561K->1015121K(1839616K), 0.0101030 secs] [Times: user=0.06 sys=0.00, real=0.01 secs] 
886.669: [GC
Desired survivor size 4194304 bytes, new threshold 1 (max 15)
 [PSYoungGen: 814208K->2912K(815104K)] 1827153K->1015905K(1839104K), 0.0168310 secs] [Times: user=0.09 sys=0.00, real=0.01 secs] 
886.944: [GC
Desired survivor size 4194304 bytes, new threshold 1 (max 15)
 [PSYoungGen: 814944K->1088K(815104K)] 1827937K->1014121K(1839104K), 0.0094970 secs] [Times: user=0.05 sys=0.00, real=0.01 secs] 
887.209: [GC
Desired survivor size 3670016 bytes, new threshold 1 (max 15)
 [PSYoungGen: 812096K->2048K(815104K)] 1825129K->1015105K(1839104K), 0.0099470 secs] [Times: user=0.06 sys=0.01, real=0.01 secs] 
887.466: [GC
Desired survivor size 3670016 bytes, new threshold 1 (max 15)
 [PSYoungGen: 813056K->1024K(815616K)] 1826113K->1014121K(1839616K), 0.0100170 secs] [Times: user=0.06 sys=0.00, real=0.01 secs] 
887.740: [GC
Desired survivor size 4194304 bytes, new threshold 1 (max 15)
 [PSYoungGen: 813056K->2592K(815104K)] 1826153K->1015721K(1839104K), 0.0102620 secs] [Times: user=0.07 sys=0.00, real=0.01 secs] 
888.007: [GC
Desired survivor size 4194304 bytes, new threshold 1 (max 15)
 [PSYoungGen: 814624K->416K(815104K)] 1827753K->1013585K(1839104K), 0.0089670 secs] [Times: user=0.06 sys=0.00, real=0.01 secs] 
888.269: [GC
Desired survivor size 4194304 bytes, new threshold 1 (max 15)
 [PSYoungGen: 811424K->1888K(815104K)] 1824593K->1015097K(1839104K), 0.0098290 secs] [Times: user=0.05 sys=0.00, real=0.01 secs] 
888.534: [GC
Desired survivor size 3670016 bytes, new threshold 1 (max 15)
 [PSYoungGen: 812896K->1984K(815616K)] 1826105K->1015225K(1839616K), 0.0099790 secs] [Times: user=0.06 sys=0.00, real=0.01 secs] 
888.816: [GC
Desired survivor size 3670016 bytes, new threshold 1 (max 15)
 [PSYoungGen: 813504K->1568K(815104K)] 1826745K->1014841K(1839104K), 0.0099440 secs] [Times: user=0.05 sys=0.01, real=0.01 secs] 
889.077: [GC
Desired survivor size 3670016 bytes, new threshold 1 (max 15)
 [PSYoungGen: 813088K->2016K(815616K)] 1826361K->1015313K(1839616K), 0.0119160 secs] [Times: user=0.06 sys=0.00, real=0.02 secs] 
889.348: [GC
Desired survivor size 3670016 bytes, new threshold 1 (max 15)
 [PSYoungGen: 814048K->1248K(815616K)] 1827345K->1014585K(1839616K), 0.0095600 secs] [Times: user=0.06 sys=0.00, real=0.01 secs] 
889.619: [GC
Desired survivor size 3670016 bytes, new threshold 1 (max 15)
 [PSYoungGen: 813280K->1376K(815616K)] 1826617K->1014769K(1839616K), 0.0102530 secs] [Times: user=0.05 sys=0.00, real=0.01 secs] 
889.886: [GC
Desired survivor size 3670016 bytes, new threshold 1 (max 15)
 [PSYoungGen: 813408K->2016K(815616K)] 1826801K->1015437K(1839616K), 0.0101160 secs] [Times: user=0.06 sys=0.00, real=0.01 secs] 
890.149: [GC
Desired survivor size 3145728 bytes, new threshold 1 (max 15)
 [PSYoungGen: 814048K->1184K(816128K)] 1827469K->1014629K(1840128K), 0.0098180 secs] [Times: user=0.07 sys=0.00, real=0.01 secs] 
890.419: [GC
Desired survivor size 3145728 bytes, new threshold 1 (max 15)
 [PSYoungGen: 813728K->896K(815616K)] 1827173K->1014357K(1839616K), 0.0097450 secs] [Times: user=0.05 sys=0.00, real=0.01 secs] 
890.698: [GC
Desired survivor size 3670016 bytes, new threshold 1 (max 15)
 [PSYoungGen: 813440K->2240K(815104K)] 1826901K->1015725K(1839104K), 0.0108040 secs] [Times: user=0.06 sys=0.00, real=0.01 secs] 
890.962: [GC
Desired survivor size 3145728 bytes, new threshold 1 (max 15)
 [PSYoungGen: 814272K->1056K(815616K)] 1827757K->1014589K(1839616K), 0.0092600 secs] [Times: user=0.05 sys=0.00, real=0.01 secs] 
891.230: [GC
Desired survivor size 3145728 bytes, new threshold 1 (max 15)
 [PSYoungGen: 813088K->1824K(816128K)] 1826621K->1015397K(1840128K), 0.0101270 secs] [Times: user=0.06 sys=0.00, real=0.01 secs] 
891.486: [GC
Desired survivor size 3670016 bytes, new threshold 1 (max 15)
 [PSYoungGen: 814880K->2240K(815616K)] 1828453K->1015837K(1839616K), 0.0101270 secs] [Times: user=0.06 sys=0.00, real=0.01 secs] 
891.761: [GC
Desired survivor size 3670016 bytes, new threshold 1 (max 15)
 [PSYoungGen: 815296K->2048K(815616K)] 1828893K->1015677K(1839616K), 0.0101380 secs] [Times: user=0.07 sys=0.00, real=0.01 secs] 
892.062: [GC
Desired survivor size 4718592 bytes, new threshold 1 (max 15)
 [PSYoungGen: 814080K->3584K(815616K)] 1827709K->1018373K(1839616K), 0.0115770 secs] [Times: user=0.06 sys=0.00, real=0.01 secs] 
892.331: [GC
Desired survivor size 4194304 bytes, new threshold 1 (max 15)
 [PSYoungGen: 815616K->960K(814592K)] 1830405K->1016053K(1838592K), 0.0093520 secs] [Times: user=0.06 sys=0.00, real=0.01 secs] 
892.601: [GC
Desired survivor size 4194304 bytes, new threshold 1 (max 15)
 [PSYoungGen: 811968K->992K(815104K)] 1827061K->1016141K(1839104K), 0.0094620 secs] [Times: user=0.06 sys=0.00, real=0.01 secs] 
892.876: [GC
Desired survivor size 4194304 bytes, new threshold 1 (max 15)
 [PSYoungGen: 812000K->1152K(815104K)] 1827149K->1016333K(1839104K), 0.0093350 secs] [Times: user=0.05 sys=0.00, real=0.01 secs] 
893.138: [GC
Desired survivor size 4194304 bytes, new threshold 1 (max 15)
 [PSYoungGen: 812160K->1984K(815104K)] 1827341K->1017189K(1839104K), 0.0100970 secs] [Times: user=0.06 sys=0.00, real=0.01 secs] 
893.401: [GC
Desired survivor size 4194304 bytes, new threshold 1 (max 15)
 [PSYoungGen: 812992K->1920K(815104K)] 1828197K->1017157K(1839104K), 0.0101730 secs] [Times: user=0.06 sys=0.00, real=0.01 secs] 
893.673: [GC
Desired survivor size 3670016 bytes, new threshold 1 (max 15)
 [PSYoungGen: 812928K->1440K(815104K)] 1828165K->1016717K(1839104K), 0.0177170 secs] [Times: user=0.06 sys=0.01, real=0.02 secs] 
893.946: [GC
Desired survivor size 3670016 bytes, new threshold 1 (max 15)
 [PSYoungGen: 812448K->1088K(815616K)] 1827725K->1016397K(1839616K), 0.0091220 secs] [Times: user=0.05 sys=0.00, real=0.01 secs] 
894.215: [GC
Desired survivor size 3670016 bytes, new threshold 1 (max 15)
 [PSYoungGen: 813120K->1728K(815616K)] 1828429K->1017061K(1839616K), 0.0098890 secs] [Times: user=0.06 sys=0.01, real=0.01 secs] 
894.481: [GC
Desired survivor size 3670016 bytes, new threshold 1 (max 15)
 [PSYoungGen: 813760K->1120K(815616K)] 1829093K->1016485K(1839616K), 0.0095520 secs] [Times: user=0.05 sys=0.00, real=0.01 secs] 
894.755: [GC
Desired survivor size 3670016 bytes, new threshold 1 (max 15)
 [PSYoungGen: 813152K->2368K(815616K)] 1828517K->1017757K(1839616K), 0.0097850 secs] [Times: user=0.07 sys=0.00, real=0.01 secs] 
895.020: [GC
Desired survivor size 3670016 bytes, new threshold 1 (max 15)
 [PSYoungGen: 814400K->1824K(815616K)] 1829789K->1017237K(1839616K), 0.0100890 secs] [Times: user=0.05 sys=0.01, real=0.01 secs] 
895.289: [GC
Desired survivor size 3670016 bytes, new threshold 1 (max 15)
 [PSYoungGen: 813856K->1760K(815616K)] 1829269K->1017197K(1839616K), 0.0096580 secs] [Times: user=0.06 sys=0.00, real=0.01 secs] 
895.553: [GC
Desired survivor size 3145728 bytes, new threshold 1 (max 15)
 [PSYoungGen: 813792K->1696K(816128K)] 1829229K->1017165K(1840128K), 0.0095020 secs] [Times: user=0.06 sys=0.00, real=0.01 secs] 
895.829: [GC
Desired survivor size 3145728 bytes, new threshold 1 (max 15)
 [PSYoungGen: 814240K->2080K(815616K)] 1829709K->1017589K(1839616K), 0.0098840 secs] [Times: user=0.05 sys=0.01, real=0.01 secs] 
896.097: [GC
Desired survivor size 3145728 bytes, new threshold 1 (max 15)
 [PSYoungGen: 814624K->1248K(816128K)] 1830133K->1016789K(1840128K), 0.0097570 secs] [Times: user=0.06 sys=0.00, real=0.01 secs] 
896.356: [GC
Desired survivor size 3145728 bytes, new threshold 1 (max 15)
 [PSYoungGen: 814304K->1856K(816128K)] 1829845K->1017421K(1840128K), 0.0101130 secs] [Times: user=0.06 sys=0.00, real=0.01 secs] 
896.620: [GC
Desired survivor size 3145728 bytes, new threshold 1 (max 15)
 [PSYoungGen: 814912K->1120K(816128K)] 1830477K->1016709K(1840128K), 0.0100120 secs] [Times: user=0.06 sys=0.00, real=0.01 secs] 
896.891: [GC
Desired survivor size 3145728 bytes, new threshold 1 (max 15)
 [PSYoungGen: 814176K->352K(816128K)] 1829765K->1015965K(1840128K), 0.0089440 secs] [Times: user=0.04 sys=0.00, real=0.01 secs] 
897.155: [GC
Desired survivor size 3145728 bytes, new threshold 1 (max 15)
 [PSYoungGen: 813408K->352K(816128K)] 1829021K->1015981K(1840128K), 0.0091200 secs] [Times: user=0.05 sys=0.00, real=0.01 secs] 
897.428: [GC
Desired survivor size 3145728 bytes, new threshold 1 (max 15)
 [PSYoungGen: 813408K->1312K(816128K)] 1829037K->1016973K(1840128K), 0.0096510 secs] [Times: user=0.06 sys=0.00, real=0.00 secs] 
897.702: [GC
Desired survivor size 3145728 bytes, new threshold 1 (max 15)
 [PSYoungGen: 814368K->1408K(816128K)] 1830029K->1017093K(1840128K), 0.0098020 secs] [Times: user=0.06 sys=0.00, real=0.01 secs] 
897.963: [GC
Desired survivor size 3670016 bytes, new threshold 1 (max 15)
 [PSYoungGen: 814464K->2720K(816128K)] 1830149K->1018429K(1840128K), 0.0100170 secs] [Times: user=0.07 sys=0.00, real=0.01 secs] 
898.229: [GC
Desired survivor size 3145728 bytes, new threshold 1 (max 15)
 [PSYoungGen: 815776K->1408K(816128K)] 1831485K->1017157K(1840128K), 0.0097850 secs] [Times: user=0.05 sys=0.00, real=0.00 secs] 
898.488: [GC
Desired survivor size 3145728 bytes, new threshold 1 (max 15)
 [PSYoungGen: 814464K->736K(816128K)] 1830213K->1016517K(1840128K), 0.0095140 secs] [Times: user=0.05 sys=0.00, real=0.01 secs] 
898.763: [GC
Desired survivor size 3670016 bytes, new threshold 1 (max 15)
 [PSYoungGen: 813792K->2336K(815104K)] 1829573K->1018141K(1839104K), 0.0101960 secs] [Times: user=0.06 sys=0.00, real=0.01 secs] 
899.023: [GC
Desired survivor size 3670016 bytes, new threshold 1 (max 15)
 [PSYoungGen: 814368K->2080K(815616K)] 1830173K->1017917K(1839616K), 0.0098840 secs] [Times: user=0.06 sys=0.00, real=0.01 secs] 
899.291: [GC
Desired survivor size 3670016 bytes, new threshold 1 (max 15)
 [PSYoungGen: 814112K->1152K(815616K)] 1829949K->1017005K(1839616K), 0.0098220 secs] [Times: user=0.05 sys=0.00, real=0.01 secs] 
899.552: [GC
Desired survivor size 3145728 bytes, new threshold 1 (max 15)
 [PSYoungGen: 813184K->832K(815616K)] 1829037K->1016725K(1839616K), 0.0091580 secs] [Times: user=0.06 sys=0.00, real=0.01 secs] 
899.821: [GC
Desired survivor size 3670016 bytes, new threshold 1 (max 15)
 [PSYoungGen: 812864K->1984K(815104K)] 1828757K->1017909K(1839104K), 0.0100560 secs] [Times: user=0.06 sys=0.00, real=0.01 secs] 
900.082: [GC
Desired survivor size 3670016 bytes, new threshold 1 (max 15)
 [PSYoungGen: 814016K->2208K(815616K)] 1829941K->1018509K(1839616K), 0.0099810 secs] [Times: user=0.06 sys=0.00, real=0.01 secs] 
900.339: [GC
Desired survivor size 4718592 bytes, new threshold 1 (max 15)
 [PSYoungGen: 814240K->3584K(813568K)] 1830541K->1022069K(1837568K), 0.0122340 secs] [Times: user=0.07 sys=0.00, real=0.01 secs] 
900.607: [GC
Desired survivor size 4718592 bytes, new threshold 1 (max 15)
 [PSYoungGen: 813568K->1024K(814592K)] 1832053K->1020285K(1838592K), 0.0095260 secs] [Times: user=0.06 sys=0.00, real=0.01 secs] 
900.878: [GC
Desired survivor size 4718592 bytes, new threshold 1 (max 15)
 [PSYoungGen: 811008K->1632K(814592K)] 1830269K->1021037K(1838592K), 0.0094320 secs] [Times: user=0.06 sys=0.00, real=0.01 secs] 
901.144: [GC
Desired survivor size 4194304 bytes, new threshold 1 (max 15)
 [PSYoungGen: 811616K->1920K(814592K)] 1831021K->1021365K(1838592K), 0.0100670 secs] [Times: user=0.05 sys=0.00, real=0.01 secs] 
901.403: [GC
Desired survivor size 4194304 bytes, new threshold 1 (max 15)
 [PSYoungGen: 811904K->960K(815104K)] 1831349K->1020437K(1839104K), 0.0095330 secs] [Times: user=0.05 sys=0.00, real=0.01 secs] 
901.663: [GC
Desired survivor size 4194304 bytes, new threshold 1 (max 15)
 [PSYoungGen: 811968K->2528K(815104K)] 1831445K->1022045K(1839104K), 0.0111010 secs] [Times: user=0.07 sys=0.00, real=0.01 secs] 
901.941: [GC
Desired survivor size 4194304 bytes, new threshold 1 (max 15)
 [PSYoungGen: 813536K->1024K(815104K)] 1833053K->1020565K(1839104K), 0.0094670 secs] [Times: user=0.04 sys=0.00, real=0.01 secs] 
902.208: [GC
Desired survivor size 4194304 bytes, new threshold 1 (max 15)
 [PSYoungGen: 812032K->1088K(815104K)] 1831573K->1020661K(1839104K), 0.0096890 secs] [Times: user=0.06 sys=0.00, real=0.01 secs] 
902.464: [GC
Desired survivor size 4194304 bytes, new threshold 1 (max 15)
 [PSYoungGen: 812096K->2080K(815104K)] 1831669K->1021669K(1839104K), 0.0100050 secs] [Times: user=0.05 sys=0.00, real=0.01 secs] 
902.745: [GC
Desired survivor size 4194304 bytes, new threshold 1 (max 15)
 [PSYoungGen: 813088K->1344K(815104K)] 1832677K->1020957K(1839104K), 0.0097580 secs] [Times: user=0.06 sys=0.00, real=0.01 secs] 
903.014: [GC
Desired survivor size 3670016 bytes, new threshold 1 (max 15)
 [PSYoungGen: 812352K->1280K(815616K)] 1831965K->1020917K(1839616K), 0.0095090 secs] [Times: user=0.06 sys=0.01, real=0.01 secs] 
903.281: [GC
Desired survivor size 4194304 bytes, new threshold 1 (max 15)
 [PSYoungGen: 812800K->2688K(815104K)] 1832437K->1022349K(1839104K), 0.0099980 secs] [Times: user=0.06 sys=0.00, real=0.01 secs] 
903.545: [GC
Desired survivor size 4194304 bytes, new threshold 1 (max 15)
 [PSYoungGen: 814208K->3008K(815104K)] 1833869K->1022685K(1839104K), 0.0101480 secs] [Times: user=0.06 sys=0.00, real=0.01 secs] 
903.823: [GC
Desired survivor size 4194304 bytes, new threshold 1 (max 15)
 [PSYoungGen: 814016K->1664K(815104K)] 1833693K->1021381K(1839104K), 0.0106060 secs] [Times: user=0.05 sys=0.00, real=0.01 secs] 
904.091: [GC
Desired survivor size 4194304 bytes, new threshold 1 (max 15)
 [PSYoungGen: 812672K->2208K(815104K)] 1832389K->1021965K(1839104K), 0.0101450 secs] [Times: user=0.06 sys=0.00, real=0.01 secs] 
904.360: [GC
Desired survivor size 4194304 bytes, new threshold 1 (max 15)
 [PSYoungGen: 813216K->2752K(815104K)] 1832973K->1022533K(1839104K), 0.0099490 secs] [Times: user=0.06 sys=0.00, real=0.01 secs] 
904.637: [GC
Desired survivor size 4194304 bytes, new threshold 1 (max 15)
 [PSYoungGen: 813760K->736K(815104K)] 1833541K->1020541K(1839104K), 0.0091810 secs] [Times: user=0.04 sys=0.00, real=0.01 secs] 
904.912: [GC
Desired survivor size 4194304 bytes, new threshold 1 (max 15)
 [PSYoungGen: 811744K->736K(815104K)] 1831549K->1020573K(1839104K), 0.0091010 secs] [Times: user=0.05 sys=0.00, real=0.01 secs] 
905.185: [GC
Desired survivor size 4194304 bytes, new threshold 1 (max 15)
 [PSYoungGen: 811744K->1984K(815104K)] 1831581K->1021901K(1839104K), 0.0106070 secs] [Times: user=0.06 sys=0.00, real=0.01 secs] 
905.446: [GC
Desired survivor size 4194304 bytes, new threshold 1 (max 15)
 [PSYoungGen: 812992K->2816K(815104K)] 1832909K->1022781K(1839104K), 0.0100130 secs] [Times: user=0.07 sys=0.00, real=0.01 secs] 
905.714: [GC
Desired survivor size 4194304 bytes, new threshold 1 (max 15)
 [PSYoungGen: 813824K->1440K(815104K)] 1833789K->1021429K(1839104K), 0.0096980 secs] [Times: user=0.06 sys=0.00, real=0.01 secs] 
905.975: [GC
Desired survivor size 4194304 bytes, new threshold 1 (max 15)
 [PSYoungGen: 812448K->2752K(815104K)] 1832437K->1022757K(1839104K), 0.0107070 secs] [Times: user=0.05 sys=0.00, real=0.01 secs] 
906.240: [GC
Desired survivor size 4718592 bytes, new threshold 1 (max 15)
 [PSYoungGen: 813760K->2976K(814080K)] 1833765K->1023021K(1838080K), 0.0101950 secs] [Times: user=0.06 sys=0.00, real=0.01 secs] 
906.505: [GC
Desired survivor size 4718592 bytes, new threshold 1 (max 15)
 [PSYoungGen: 812960K->1024K(814592K)] 1833005K->1021109K(1838592K), 0.0101970 secs] [Times: user=0.05 sys=0.00, real=0.01 secs] 
906.770: [GC
Desired survivor size 4194304 bytes, new threshold 1 (max 15)
 [PSYoungGen: 811008K->2336K(815104K)] 1831093K->1022485K(1839104K), 0.0104450 secs] [Times: user=0.05 sys=0.00, real=0.01 secs] 
907.029: [GC
Desired survivor size 4194304 bytes, new threshold 1 (max 15)
 [PSYoungGen: 812832K->2144K(814592K)] 1832981K->1022341K(1838592K), 0.0098900 secs] [Times: user=0.06 sys=0.00, real=0.01 secs] 
907.293: [GC
Desired survivor size 4194304 bytes, new threshold 1 (max 15)
 [PSYoungGen: 812640K->2208K(815104K)] 1832837K->1022437K(1839104K), 0.0104450 secs] [Times: user=0.05 sys=0.00, real=0.01 secs] 
907.549: [GC
Desired survivor size 4194304 bytes, new threshold 1 (max 15)
 [PSYoungGen: 813216K->2208K(815104K)] 1833445K->1022469K(1839104K), 0.0105570 secs] [Times: user=0.07 sys=0.00, real=0.01 secs] 
907.818: [GC
Desired survivor size 4194304 bytes, new threshold 1 (max 15)
 [PSYoungGen: 813216K->256K(815104K)] 1833477K->1020549K(1839104K), 0.0083880 secs] [Times: user=0.05 sys=0.00, real=0.01 secs] 
908.077: [GC
Desired survivor size 4194304 bytes, new threshold 1 (max 15)
 [PSYoungGen: 811264K->1184K(815104K)] 1831557K->1021525K(1839104K), 0.0112300 secs] [Times: user=0.06 sys=0.00, real=0.01 secs] 
908.348: [GC
Desired survivor size 4194304 bytes, new threshold 1 (max 15)
 [PSYoungGen: 812192K->1024K(815104K)] 1832533K->1021397K(1839104K), 0.0098590 secs] [Times: user=0.04 sys=0.00, real=0.01 secs] 
908.614: [GC
Desired survivor size 4194304 bytes, new threshold 1 (max 15)
 [PSYoungGen: 812032K->992K(815104K)] 1832405K->1021405K(1839104K), 0.0091400 secs] [Times: user=0.05 sys=0.00, real=0.01 secs] 
908.882: [GC
Desired survivor size 3670016 bytes, new threshold 1 (max 15)
 [PSYoungGen: 812000K->1344K(815616K)] 1832413K->1021797K(1839616K), 0.0096630 secs] [Times: user=0.05 sys=0.00, real=0.01 secs] 
909.142: [GC
Desired survivor size 3670016 bytes, new threshold 1 (max 15)
 [PSYoungGen: 812864K->1184K(815104K)] 1833317K->1021677K(1839104K), 0.0096630 secs] [Times: user=0.06 sys=0.00, real=0.01 secs] 
909.412: [GC
Desired survivor size 3670016 bytes, new threshold 1 (max 15)
 [PSYoungGen: 812704K->2016K(815616K)] 1833197K->1022541K(1839616K), 0.0098930 secs] [Times: user=0.05 sys=0.00, real=0.01 secs] 
909.692: [GC
Desired survivor size 3670016 bytes, new threshold 1 (max 15)
 [PSYoungGen: 814048K->992K(815616K)] 1834573K->1021541K(1839616K), 0.0102150 secs] [Times: user=0.06 sys=0.00, real=0.01 secs] 
909.954: [GC
Desired survivor size 3670016 bytes, new threshold 1 (max 15)
 [PSYoungGen: 813024K->1248K(815616K)] 1833573K->1021837K(1839616K), 0.0097580 secs] [Times: user=0.04 sys=0.00, real=0.01 secs] 
910.226: [GC
Desired survivor size 3145728 bytes, new threshold 1 (max 15)
 [PSYoungGen: 813280K->1632K(815616K)] 1833869K->1022253K(1839616K), 0.0097630 secs] [Times: user=0.05 sys=0.00, real=0.01 secs] 
910.497: [GC
Desired survivor size 3145728 bytes, new threshold 1 (max 15)
 [PSYoungGen: 813664K->640K(816128K)] 1834285K->1021293K(1840128K), 0.0092880 secs] [Times: user=0.05 sys=0.00, real=0.01 secs] 
910.770: [GC
Desired survivor size 3145728 bytes, new threshold 1 (max 15)
 [PSYoungGen: 813696K->1376K(816128K)] 1834349K->1022053K(1840128K), 0.0096640 secs] [Times: user=0.05 sys=0.00, real=0.01 secs] 
911.049: [GC
Desired survivor size 3145728 bytes, new threshold 1 (max 15)
 [PSYoungGen: 814432K->1728K(816128K)] 1835109K->1022437K(1840128K), 0.0110720 secs] [Times: user=0.05 sys=0.00, real=0.02 secs] 
911.317: [GC
Desired survivor size 3145728 bytes, new threshold 1 (max 15)
 [PSYoungGen: 814784K->992K(816128K)] 1835493K->1021845K(1840128K), 0.0099930 secs] [Times: user=0.06 sys=0.00, real=0.01 secs] 
911.584: [GC
Desired survivor size 3145728 bytes, new threshold 1 (max 15)
 [PSYoungGen: 814048K->1760K(816128K)] 1834901K->1022757K(1840128K), 0.0105640 secs] [Times: user=0.06 sys=0.00, real=0.01 secs] 
911.872: [GC
Desired survivor size 3145728 bytes, new threshold 1 (max 15)
 [PSYoungGen: 814816K->576K(816128K)] 1835813K->1021661K(1840128K), 0.0402460 secs] [Times: user=0.06 sys=0.00, real=0.04 secs] 
912.170: [GC
Desired survivor size 3145728 bytes, new threshold 1 (max 15)
 [PSYoungGen: 813632K->1632K(816128K)] 1834717K->1022773K(1840128K), 0.0101310 secs] [Times: user=0.05 sys=0.00, real=0.01 secs] 
912.436: [GC
Desired survivor size 3145728 bytes, new threshold 1 (max 15)
 [PSYoungGen: 814688K->1888K(816128K)] 1835829K->1023125K(1840128K), 0.0111700 secs] [Times: user=0.05 sys=0.00, real=0.01 secs] 
912.723: [GC
Desired survivor size 3145728 bytes, new threshold 1 (max 15)
 [PSYoungGen: 814944K->1216K(816128K)] 1836181K->1022525K(1840128K), 0.0099390 secs] [Times: user=0.05 sys=0.00, real=0.01 secs] 
912.978: [GC
Desired survivor size 3145728 bytes, new threshold 1 (max 15)
 [PSYoungGen: 814272K->2368K(816128K)] 1835581K->1023869K(1840128K), 0.0105310 secs] [Times: user=0.05 sys=0.00, real=0.01 secs] 
913.245: [GC
Desired survivor size 3670016 bytes, new threshold 1 (max 15)
 [PSYoungGen: 815424K->2784K(815104K)] 1836925K->1024445K(1839104K), 0.0105420 secs] [Times: user=0.06 sys=0.00, real=0.01 secs] 
913.507: [GC
Desired survivor size 3670016 bytes, new threshold 1 (max 15)
 [PSYoungGen: 814816K->1536K(815616K)] 1836477K->1023725K(1839616K), 0.0098820 secs] [Times: user=0.06 sys=0.00, real=0.01 secs] 
913.776: [GC
Desired survivor size 3670016 bytes, new threshold 1 (max 15)
 [PSYoungGen: 813568K->2048K(815616K)] 1835757K->1024269K(1839616K), 0.0102110 secs] [Times: user=0.06 sys=0.00, real=0.01 secs] 
914.038: [GC
Desired survivor size 3670016 bytes, new threshold 1 (max 15)
 [PSYoungGen: 814080K->928K(815616K)] 1836301K->1023189K(1839616K), 0.0095060 secs] [Times: user=0.05 sys=0.00, real=0.01 secs] 
914.313: [GC
Desired survivor size 3145728 bytes, new threshold 1 (max 15)
 [PSYoungGen: 812960K->1664K(816128K)] 1835221K->1023965K(1840128K), 0.0097120 secs] [Times: user=0.05 sys=0.00, real=0.01 secs] 
914.581: [GC
Desired survivor size 3145728 bytes, new threshold 1 (max 15)
 [PSYoungGen: 814208K->992K(815616K)] 1836509K->1023325K(1839616K), 0.0095620 secs] [Times: user=0.06 sys=0.00, real=0.01 secs] 
914.854: [GC
Desired survivor size 3145728 bytes, new threshold 1 (max 15)
 [PSYoungGen: 813536K->1536K(816128K)] 1835869K->1023901K(1840128K), 0.0105070 secs] [Times: user=0.05 sys=0.00, real=0.01 secs] 
915.123: [GC
Desired survivor size 3145728 bytes, new threshold 1 (max 15)
 [PSYoungGen: 814592K->1984K(816128K)] 1836957K->1024405K(1840128K), 0.0120240 secs] [Times: user=0.06 sys=0.00, real=0.01 secs] 
915.392: [GC
Desired survivor size 3145728 bytes, new threshold 1 (max 15)
 [PSYoungGen: 815040K->320K(816128K)] 1837461K->1022773K(1840128K), 0.0091390 secs] [Times: user=0.05 sys=0.00, real=0.00 secs] 
915.648: [GC
Desired survivor size 3145728 bytes, new threshold 1 (max 15)
 [PSYoungGen: 813376K->1792K(816128K)] 1835829K->1024285K(1840128K), 0.0097860 secs] [Times: user=0.05 sys=0.00, real=0.01 secs] 
915.926: [GC
Desired survivor size 3145728 bytes, new threshold 1 (max 15)
 [PSYoungGen: 814848K->672K(816128K)] 1837341K->1023213K(1840128K), 0.0092440 secs] [Times: user=0.06 sys=0.00, real=0.01 secs] 
916.189: [GC
Desired survivor size 3145728 bytes, new threshold 1 (max 15)
 [PSYoungGen: 813728K->2144K(816128K)] 1836269K->1024733K(1840128K), 0.0101320 secs] [Times: user=0.07 sys=0.00, real=0.01 secs] 
916.448: [GC
Desired survivor size 3145728 bytes, new threshold 1 (max 15)
 [PSYoungGen: 815200K->1056K(816128K)] 1837789K->1023669K(1840128K), 0.0097660 secs] [Times: user=0.05 sys=0.00, real=0.01 secs] 
916.724: [GC
Desired survivor size 3145728 bytes, new threshold 1 (max 15)
 [PSYoungGen: 814112K->1952K(816128K)] 1836725K->1024597K(1840128K), 0.0100590 secs] [Times: user=0.05 sys=0.00, real=0.01 secs] 
916.983: [GC
Desired survivor size 3145728 bytes, new threshold 1 (max 15)
 [PSYoungGen: 815008K->992K(816128K)] 1837653K->1023677K(1840128K), 0.0096880 secs] [Times: user=0.05 sys=0.00, real=0.01 secs] 
917.257: [GC
Desired survivor size 3145728 bytes, new threshold 1 (max 15)
 [PSYoungGen: 814048K->1696K(816128K)] 1836733K->1024405K(1840128K), 0.0102690 secs] [Times: user=0.06 sys=0.00, real=0.01 secs] 
917.519: [GC
Desired survivor size 3145728 bytes, new threshold 1 (max 15)
 [PSYoungGen: 814752K->2336K(816128K)] 1837461K->1025069K(1840128K), 0.0099140 secs] [Times: user=0.06 sys=0.00, real=0.01 secs] 
917.797: [GC
Desired survivor size 3145728 bytes, new threshold 1 (max 15)
 [PSYoungGen: 815392K->1472K(816128K)] 1838125K->1024245K(1840128K), 0.0101320 secs] [Times: user=0.06 sys=0.00, real=0.01 secs] 
918.063: [GC
Desired survivor size 3670016 bytes, new threshold 1 (max 15)
 [PSYoungGen: 814528K->3072K(815104K)] 1837301K->1025877K(1839104K), 0.0103110 secs] [Times: user=0.06 sys=0.00, real=0.01 secs] 
918.335: [GC
Desired survivor size 3670016 bytes, new threshold 1 (max 15)
 [PSYoungGen: 815104K->1024K(815616K)] 1837909K->1023861K(1839616K), 0.0095600 secs] [Times: user=0.06 sys=0.00, real=0.01 secs] 
918.604: [GC
Desired survivor size 3670016 bytes, new threshold 1 (max 15)
 [PSYoungGen: 813056K->1024K(815616K)] 1835893K->1023885K(1839616K), 0.0095700 secs] [Times: user=0.05 sys=0.00, real=0.01 secs] 
918.875: [GC
Desired survivor size 3670016 bytes, new threshold 1 (max 15)
 [PSYoungGen: 813056K->1952K(815616K)] 1835917K->1024853K(1839616K), 0.0100340 secs] [Times: user=0.05 sys=0.00, real=0.01 secs] 
919.141: [GC
Desired survivor size 3670016 bytes, new threshold 1 (max 15)
 [PSYoungGen: 813984K->1216K(815616K)] 1836885K->1024141K(1839616K), 0.0094030 secs] [Times: user=0.06 sys=0.01, real=0.01 secs] 
919.403: [GC
Desired survivor size 3145728 bytes, new threshold 1 (max 15)
 [PSYoungGen: 813248K->1760K(815616K)] 1836173K->1024717K(1839616K), 0.0100350 secs] [Times: user=0.06 sys=0.00, real=0.01 secs] 
919.669: [GC
Desired survivor size 3145728 bytes, new threshold 1 (max 15)
 [PSYoungGen: 813792K->1952K(816128K)] 1836749K->1024941K(1840128K), 0.0193530 secs] [Times: user=0.06 sys=0.00, real=0.02 secs] 
919.941: [GC
Desired survivor size 3670016 bytes, new threshold 1 (max 15)
 [PSYoungGen: 815008K->288K(813568K)] 1837997K->1023325K(1837568K), 0.0084070 secs] [Times: user=0.05 sys=0.00, real=0.01 secs] 
920.210: [GC
Desired survivor size 3145728 bytes, new threshold 1 (max 15)
 [PSYoungGen: 813344K->1216K(816128K)] 1836381K->1024277K(1840128K), 0.0102200 secs] [Times: user=0.05 sys=0.00, real=0.01 secs] 
920.567: [GC
Desired survivor size 3145728 bytes, new threshold 1 (max 15)
 [PSYoungGen: 813760K->1344K(815616K)] 1836821K->1024437K(1839616K), 0.0159550 secs] [Times: user=0.06 sys=0.00, real=0.02 secs] 
920.845: [GC
Desired survivor size 3670016 bytes, new threshold 1 (max 15)
 [PSYoungGen: 813888K->3072K(815104K)] 1836981K->1026501K(1839104K), 0.0103700 secs] [Times: user=0.06 sys=0.00, real=0.01 secs] 
921.109: [GC
Desired survivor size 3670016 bytes, new threshold 1 (max 15)
 [PSYoungGen: 815104K->704K(815616K)] 1838533K->1024213K(1839616K), 0.0097740 secs] [Times: user=0.05 sys=0.00, real=0.01 secs] 
921.375: [GC
Desired survivor size 4194304 bytes, new threshold 1 (max 15)
 [PSYoungGen: 812736K->2752K(814592K)] 1836245K->1026285K(1838592K), 0.0108210 secs] [Times: user=0.05 sys=0.00, real=0.01 secs] 
921.636: [GC
Desired survivor size 4194304 bytes, new threshold 1 (max 15)
 [PSYoungGen: 813760K->480K(815104K)] 1837293K->1024053K(1839104K), 0.0090660 secs] [Times: user=0.04 sys=0.01, real=0.01 secs] 
921.910: [GC
Desired survivor size 3670016 bytes, new threshold 1 (max 15)
 [PSYoungGen: 811488K->1472K(815616K)] 1835061K->1025085K(1839616K), 0.0101160 secs] [Times: user=0.06 sys=0.00, real=0.01 secs] 
922.175: [GC
Desired survivor size 3670016 bytes, new threshold 1 (max 15)
 [PSYoungGen: 812992K->1952K(815104K)] 1836605K->1025605K(1839104K), 0.0098920 secs] [Times: user=0.06 sys=0.00, real=0.01 secs] 
922.441: [GC
Desired survivor size 3670016 bytes, new threshold 1 (max 15)
 [PSYoungGen: 813472K->800K(815616K)] 1837125K->1024493K(1839616K), 0.0096270 secs] [Times: user=0.05 sys=0.01, real=0.01 secs] 
922.718: [GC
Desired survivor size 3670016 bytes, new threshold 1 (max 15)
 [PSYoungGen: 812832K->1728K(815616K)] 1836525K->1025453K(1839616K), 0.0106760 secs] [Times: user=0.06 sys=0.00, real=0.01 secs] 
922.980: [GC
Desired survivor size 3670016 bytes, new threshold 1 (max 15)
 [PSYoungGen: 813760K->928K(815616K)] 1837485K->1024685K(1839616K), 0.0096930 secs] [Times: user=0.06 sys=0.00, real=0.01 secs] 
923.244: [GC
Desired survivor size 3670016 bytes, new threshold 1 (max 15)
 [PSYoungGen: 812960K->2080K(815616K)] 1836717K->1025869K(1839616K), 0.0100740 secs] [Times: user=0.06 sys=0.00, real=0.01 secs] 
923.506: [GC
Desired survivor size 3670016 bytes, new threshold 1 (max 15)
 [PSYoungGen: 814112K->2112K(815616K)] 1837901K->1025917K(1839616K), 0.0101640 secs] [Times: user=0.06 sys=0.00, real=0.01 secs] 
923.778: [GC
Desired survivor size 3670016 bytes, new threshold 1 (max 15)
 [PSYoungGen: 814144K->512K(815616K)] 1837949K->1024341K(1839616K), 0.0090790 secs] [Times: user=0.05 sys=0.00, real=0.01 secs] 
924.048: [GC
Desired survivor size 3670016 bytes, new threshold 1 (max 15)
 [PSYoungGen: 812544K->1696K(815616K)] 1836373K->1025541K(1839616K), 0.0098320 secs] [Times: user=0.06 sys=0.00, real=0.01 secs] 
924.310: [GC
Desired survivor size 3670016 bytes, new threshold 1 (max 15)
 [PSYoungGen: 813728K->1024K(815616K)] 1837573K->1024901K(1839616K), 0.0095220 secs] [Times: user=0.06 sys=0.00, real=0.01 secs] 
924.320: [Full GC [PSYoungGen: 1024K->0K(815616K)] [ParOldGen: 1023877K->974254K(1024000K)] 1024901K->974254K(1839616K) [PSPermGen: 48303K->48214K(524288K)], 1.3237620 secs] [Times: user=9.45 sys=0.00, real=1.33 secs] 
925.909: [GC
Desired survivor size 4194304 bytes, new threshold 1 (max 15)
 [PSYoungGen: 812032K->3584K(814592K)] 1786286K->978134K(1838592K), 0.0110610 secs] [Times: user=0.07 sys=0.00, real=0.01 secs] 
926.166: [GC
Desired survivor size 4194304 bytes, new threshold 1 (max 15)
 [PSYoungGen: 814592K->1312K(815104K)] 1789142K->976574K(1839104K), 0.0096650 secs] [Times: user=0.05 sys=0.00, real=0.01 secs] 
926.434: [GC
Desired survivor size 3670016 bytes, new threshold 1 (max 15)
 [PSYoungGen: 812320K->1664K(815616K)] 1787582K->976958K(1839616K), 0.0099930 secs] [Times: user=0.05 sys=0.00, real=0.01 secs] 
926.706: [GC
Desired survivor size 3670016 bytes, new threshold 1 (max 15)
 [PSYoungGen: 813184K->1664K(815104K)] 1788478K->977006K(1839104K), 0.0100420 secs] [Times: user=0.06 sys=0.01, real=0.01 secs] 
926.961: [GC
Desired survivor size 3670016 bytes, new threshold 1 (max 15)
 [PSYoungGen: 813184K->1888K(815616K)] 1788526K->977254K(1839616K), 0.0091590 secs] [Times: user=0.06 sys=0.00, real=0.01 secs] 
927.227: [GC
Desired survivor size 3670016 bytes, new threshold 1 (max 15)
 [PSYoungGen: 813920K->1344K(815616K)] 1789286K->976734K(1839616K), 0.0089440 secs] [Times: user=0.06 sys=0.00, real=0.01 secs] 
927.491: [GC
Desired survivor size 3145728 bytes, new threshold 1 (max 15)
 [PSYoungGen: 813376K->1344K(816128K)] 1788766K->976758K(1840128K), 0.0095550 secs] [Times: user=0.06 sys=0.00, real=0.01 secs] 
927.764: [GC
Desired survivor size 3145728 bytes, new threshold 1 (max 15)
 [PSYoungGen: 813888K->1280K(815616K)] 1789302K->976726K(1839616K), 0.0095430 secs] [Times: user=0.05 sys=0.00, real=0.01 secs] 
928.026: [GC
Desired survivor size 3145728 bytes, new threshold 1 (max 15)
 [PSYoungGen: 813824K->2240K(816128K)] 1789270K->977710K(1840128K), 0.0093920 secs] [Times: user=0.07 sys=0.00, real=0.01 secs] 
928.290: [GC
Desired survivor size 3145728 bytes, new threshold 1 (max 15)
 [PSYoungGen: 815296K->1280K(816128K)] 1790766K->976766K(1840128K), 0.0094690 secs] [Times: user=0.05 sys=0.00, real=0.01 secs] 
928.553: [GC
Desired survivor size 3145728 bytes, new threshold 1 (max 15)
 [PSYoungGen: 814336K->1312K(816128K)] 1789822K->976846K(1840128K), 0.0094820 secs] [Times: user=0.04 sys=0.00, real=0.00 secs] 
928.831: [GC
Desired survivor size 3145728 bytes, new threshold 1 (max 15)
 [PSYoungGen: 814368K->1216K(816128K)] 1789902K->976774K(1840128K), 0.0094520 secs] [Times: user=0.05 sys=0.00, real=0.01 secs] 
929.117: [GC
Desired survivor size 3145728 bytes, new threshold 1 (max 15)
 [PSYoungGen: 814272K->1920K(816128K)] 1789830K->977518K(1840128K), 0.0123500 secs] [Times: user=0.06 sys=0.01, real=0.01 secs] 
929.380: [GC
Desired survivor size 3145728 bytes, new threshold 1 (max 15)
 [PSYoungGen: 814976K->2336K(816128K)] 1790574K->977958K(1840128K), 0.0096820 secs] [Times: user=0.05 sys=0.00, real=0.01 secs] 
929.640: [GC
Desired survivor size 3145728 bytes, new threshold 1 (max 15)
 [PSYoungGen: 815392K->1856K(816128K)] 1791014K->977502K(1840128K), 0.0088480 secs] [Times: user=0.05 sys=0.00, real=0.01 secs] 
929.909: [GC
Desired survivor size 3145728 bytes, new threshold 1 (max 15)
 [PSYoungGen: 814912K->2112K(816128K)] 1790558K->977782K(1840128K), 0.0096240 secs] [Times: user=0.06 sys=0.00, real=0.01 secs] 
930.180: [GC
Desired survivor size 3670016 bytes, new threshold 1 (max 15)
 [PSYoungGen: 815168K->2496K(815104K)] 1790838K->978182K(1839104K), 0.0094300 secs] [Times: user=0.06 sys=0.00, real=0.01 secs] 
930.443: [GC
Desired survivor size 3145728 bytes, new threshold 1 (max 15)
 [PSYoungGen: 814528K->1696K(815616K)] 1790214K->977406K(1839616K), 0.0094800 secs] [Times: user=0.05 sys=0.00, real=0.01 secs] 
930.716: [GC
Desired survivor size 3670016 bytes, new threshold 1 (max 15)
 [PSYoungGen: 813728K->2656K(815104K)] 1789438K->978398K(1839104K), 0.0097590 secs] [Times: user=0.06 sys=0.00, real=0.01 secs] 
930.976: [GC
Desired survivor size 3670016 bytes, new threshold 1 (max 15)
 [PSYoungGen: 814688K->672K(815616K)] 1790430K->976446K(1839616K), 0.0089570 secs] [Times: user=0.05 sys=0.00, real=0.01 secs] 
931.239: [GC
Desired survivor size 3670016 bytes, new threshold 1 (max 15)
 [PSYoungGen: 812704K->2528K(815616K)] 1788478K->978326K(1839616K), 0.0095280 secs] [Times: user=0.05 sys=0.00, real=0.01 secs] 
931.498: [GC
Desired survivor size 3670016 bytes, new threshold 1 (max 15)
 [PSYoungGen: 814560K->2592K(815616K)] 1790358K->978422K(1839616K), 0.0102090 secs] [Times: user=0.06 sys=0.00, real=0.01 secs] 
931.768: [GC
Desired survivor size 4194304 bytes, new threshold 1 (max 15)
 [PSYoungGen: 814624K->2656K(814592K)] 1790454K->978510K(1838592K), 0.0094820 secs] [Times: user=0.05 sys=0.00, real=0.01 secs] 
932.075: [GC
Desired survivor size 3670016 bytes, new threshold 1 (max 15)
 [PSYoungGen: 813664K->1536K(815104K)] 1789518K->977430K(1839104K), 0.0106490 secs] [Times: user=0.06 sys=0.00, real=0.01 secs] 
932.342: [GC
Desired survivor size 4194304 bytes, new threshold 1 (max 15)
 [PSYoungGen: 812544K->3360K(814592K)] 1788438K->979270K(1838592K), 0.0105730 secs] [Times: user=0.06 sys=0.00, real=0.01 secs] 
932.606: [GC
Desired survivor size 4194304 bytes, new threshold 1 (max 15)
 [PSYoungGen: 814368K->2496K(815104K)] 1790278K->978430K(1839104K), 0.0097020 secs] [Times: user=0.06 sys=0.00, real=0.01 secs] 
932.878: [GC
Desired survivor size 4194304 bytes, new threshold 1 (max 15)
 [PSYoungGen: 813504K->1440K(815104K)] 1789438K->977398K(1839104K), 0.0092650 secs] [Times: user=0.06 sys=0.00, real=0.01 secs] 
933.141: [GC
Desired survivor size 4194304 bytes, new threshold 1 (max 15)
 [PSYoungGen: 812448K->1696K(815104K)] 1788406K->977670K(1839104K), 0.0091530 secs] [Times: user=0.05 sys=0.00, real=0.01 secs] 
933.406: [GC
Desired survivor size 4194304 bytes, new threshold 1 (max 15)
 [PSYoungGen: 812704K->1088K(815104K)] 1788678K->977078K(1839104K), 0.0091880 secs] [Times: user=0.05 sys=0.00, real=0.01 secs] 
933.684: [GC
Desired survivor size 3670016 bytes, new threshold 1 (max 15)
 [PSYoungGen: 812096K->1952K(815104K)] 1788086K->977966K(1839104K), 0.0161130 secs] [Times: user=0.05 sys=0.00, real=0.01 secs] 
933.958: [GC
Desired survivor size 3670016 bytes, new threshold 1 (max 15)
 [PSYoungGen: 812960K->992K(815616K)] 1788974K->977046K(1839616K), 0.0091670 secs] [Times: user=0.05 sys=0.00, real=0.01 secs] 
934.220: [GC
Desired survivor size 3670016 bytes, new threshold 1 (max 15)
 [PSYoungGen: 813024K->1888K(815616K)] 1789078K->977966K(1839616K), 0.0094430 secs] [Times: user=0.04 sys=0.00, real=0.01 secs] 
934.486: [GC
Desired survivor size 3670016 bytes, new threshold 1 (max 15)
 [PSYoungGen: 813920K->256K(815616K)] 1789998K->976358K(1839616K), 0.0085140 secs] [Times: user=0.06 sys=0.00, real=0.01 secs] 
934.761: [GC
Desired survivor size 3670016 bytes, new threshold 1 (max 15)
 [PSYoungGen: 812288K->960K(815616K)] 1788390K->977102K(1839616K), 0.0090840 secs] [Times: user=0.05 sys=0.00, real=0.01 secs] 
935.023: [GC
Desired survivor size 4194304 bytes, new threshold 1 (max 15)
 [PSYoungGen: 812992K->2560K(814592K)] 1789134K->978742K(1838592K), 0.0092750 secs] [Times: user=0.05 sys=0.01, real=0.01 secs] 
935.295: [GC
Desired survivor size 3670016 bytes, new threshold 1 (max 15)
 [PSYoungGen: 813568K->1344K(815104K)] 1789750K->977542K(1839104K), 0.0090970 secs] [Times: user=0.05 sys=0.00, real=0.00 secs] 
935.561: [GC
Desired survivor size 3670016 bytes, new threshold 1 (max 15)
 [PSYoungGen: 812352K->1280K(815616K)] 1788550K->977502K(1839616K), 0.0098020 secs] [Times: user=0.04 sys=0.00, real=0.01 secs] 
935.842: [GC
Desired survivor size 3670016 bytes, new threshold 1 (max 15)
 [PSYoungGen: 813312K->1632K(815616K)] 1789534K->977878K(1839616K), 0.0099780 secs] [Times: user=0.05 sys=0.00, real=0.01 secs] 
936.099: [GC
Desired survivor size 3670016 bytes, new threshold 1 (max 15)
 [PSYoungGen: 813664K->2208K(815616K)] 1789910K->978486K(1839616K), 0.0096930 secs] [Times: user=0.06 sys=0.00, real=0.01 secs] 
936.368: [GC
Desired survivor size 3670016 bytes, new threshold 1 (max 15)
 [PSYoungGen: 814240K->768K(815616K)] 1790518K->977086K(1839616K), 0.0095500 secs] [Times: user=0.05 sys=0.00, real=0.01 secs] 
936.631: [GC
Desired survivor size 3670016 bytes, new threshold 1 (max 15)
 [PSYoungGen: 812800K->1280K(815616K)] 1789118K->977614K(1839616K), 0.0091450 secs] [Times: user=0.06 sys=0.00, real=0.01 secs] 
936.900: [GC
Desired survivor size 3670016 bytes, new threshold 1 (max 15)
 [PSYoungGen: 813312K->736K(815616K)] 1789646K->977094K(1839616K), 0.0091540 secs] [Times: user=0.04 sys=0.00, real=0.01 secs] 
937.169: [GC
Desired survivor size 3670016 bytes, new threshold 1 (max 15)
 [PSYoungGen: 812768K->608K(815616K)] 1789126K->977014K(1839616K), 0.0092110 secs] [Times: user=0.05 sys=0.00, real=0.01 secs] 
937.431: [GC
Desired survivor size 3145728 bytes, new threshold 1 (max 15)
 [PSYoungGen: 812640K->1344K(815616K)] 1789046K->977790K(1839616K), 0.0092180 secs] [Times: user=0.06 sys=0.00, real=0.01 secs] 
937.693: [GC
Desired survivor size 3145728 bytes, new threshold 1 (max 15)
 [PSYoungGen: 813376K->1952K(816128K)] 1789822K->978430K(1840128K), 0.0095370 secs] [Times: user=0.05 sys=0.00, real=0.01 secs] 
938.020: [GC
Desired survivor size 3670016 bytes, new threshold 1 (max 15)
 [PSYoungGen: 815008K->2592K(816128K)] 1791486K->979102K(1840128K), 0.0098170 secs] [Times: user=0.05 sys=0.00, real=0.01 secs] 
938.390: [GC
Desired survivor size 3670016 bytes, new threshold 1 (max 15)
 [PSYoungGen: 815648K->1952K(815104K)] 1792158K->978502K(1839104K), 0.0092600 secs] [Times: user=0.05 sys=0.00, real=0.01 secs] 
938.661: [GC
Desired survivor size 3670016 bytes, new threshold 1 (max 15)
 [PSYoungGen: 813984K->1280K(815616K)] 1790534K->977870K(1839616K), 0.0097430 secs] [Times: user=0.04 sys=0.00, real=0.01 secs] 
938.934: [GC
Desired survivor size 3145728 bytes, new threshold 1 (max 15)
 [PSYoungGen: 813312K->1184K(816128K)] 1789902K->977798K(1840128K), 0.0092540 secs] [Times: user=0.06 sys=0.00, real=0.01 secs] 
939.197: [GC
Desired survivor size 3145728 bytes, new threshold 1 (max 15)
 [PSYoungGen: 813728K->1248K(815616K)] 1790342K->977886K(1839616K), 0.0095580 secs] [Times: user=0.06 sys=0.00, real=0.01 secs] 
939.547: [GC
Desired survivor size 3145728 bytes, new threshold 1 (max 15)
 [PSYoungGen: 813792K->2240K(816128K)] 1790430K->978918K(1840128K), 0.0092990 secs] [Times: user=0.05 sys=0.00, real=0.01 secs] 
939.827: [GC
Desired survivor size 4194304 bytes, new threshold 1 (max 15)
 [PSYoungGen: 815296K->3072K(816128K)] 1791974K->980222K(1840128K), 0.0106700 secs] [Times: user=0.06 sys=0.00, real=0.01 secs] 
940.092: [GC
Desired survivor size 3670016 bytes, new threshold 1 (max 15)
 [PSYoungGen: 816128K->1088K(815104K)] 1793278K->978342K(1839104K), 0.0088800 secs] [Times: user=0.06 sys=0.00, real=0.01 secs] 
940.364: [GC
Desired survivor size 3670016 bytes, new threshold 1 (max 15)
 [PSYoungGen: 813120K->1376K(815616K)] 1790374K->978646K(1839616K), 0.0092270 secs] [Times: user=0.05 sys=0.00, real=0.01 secs] 
940.622: [GC
Desired survivor size 4194304 bytes, new threshold 1 (max 15)
 [PSYoungGen: 813408K->3264K(814592K)] 1790678K->980566K(1838592K), 0.0110750 secs] [Times: user=0.07 sys=0.00, real=0.01 secs] 
940.891: [GC
Desired survivor size 4194304 bytes, new threshold 1 (max 15)
 [PSYoungGen: 814272K->2304K(815104K)] 1791574K->979630K(1839104K), 0.0096400 secs] [Times: user=0.06 sys=0.00, real=0.01 secs] 
941.156: [GC
Desired survivor size 4718592 bytes, new threshold 1 (max 15)
 [PSYoungGen: 813312K->3456K(814080K)] 1790638K->980814K(1838080K), 0.0105640 secs] [Times: user=0.06 sys=0.01, real=0.01 secs] 
941.421: [GC
Desired survivor size 4718592 bytes, new threshold 1 (max 15)
 [PSYoungGen: 813440K->1152K(814592K)] 1790798K->978534K(1838592K), 0.0092890 secs] [Times: user=0.05 sys=0.00, real=0.01 secs] 
941.698: [GC
Desired survivor size 4194304 bytes, new threshold 1 (max 15)
 [PSYoungGen: 811136K->1152K(815104K)] 1788518K->978566K(1839104K), 0.0091070 secs] [Times: user=0.05 sys=0.00, real=0.01 secs] 
941.959: [GC
Desired survivor size 4194304 bytes, new threshold 1 (max 15)
 [PSYoungGen: 811648K->2016K(814592K)] 1789062K->979454K(1838592K), 0.0098950 secs] [Times: user=0.05 sys=0.00, real=0.01 secs] 
942.226: [GC
Desired survivor size 4194304 bytes, new threshold 1 (max 15)
 [PSYoungGen: 812512K->2112K(815104K)] 1789950K->979574K(1839104K), 0.0099660 secs] [Times: user=0.05 sys=0.01, real=0.01 secs] 
942.493: [GC
Desired survivor size 4194304 bytes, new threshold 1 (max 15)
 [PSYoungGen: 813120K->736K(815104K)] 1790582K->978222K(1839104K), 0.0090420 secs] [Times: user=0.05 sys=0.00, real=0.01 secs] 
942.773: [GC
Desired survivor size 4194304 bytes, new threshold 1 (max 15)
 [PSYoungGen: 811744K->1760K(815104K)] 1789230K->979302K(1839104K), 0.0093320 secs] [Times: user=0.05 sys=0.01, real=0.01 secs] 
943.027: [GC
Desired survivor size 3670016 bytes, new threshold 1 (max 15)
 [PSYoungGen: 812768K->2144K(815104K)] 1790310K->979710K(1839104K), 0.0099830 secs] [Times: user=0.06 sys=0.00, real=0.01 secs] 
943.297: [GC
Desired survivor size 3670016 bytes, new threshold 1 (max 15)
 [PSYoungGen: 813152K->2016K(815616K)] 1790718K->979614K(1839616K), 0.0095340 secs] [Times: user=0.06 sys=0.00, real=0.01 secs] 
943.560: [GC
Desired survivor size 3670016 bytes, new threshold 1 (max 15)
 [PSYoungGen: 814048K->864K(815616K)] 1791646K->978486K(1839616K), 0.0089880 secs] [Times: user=0.05 sys=0.00, real=0.01 secs] 
943.837: [GC
Desired survivor size 3670016 bytes, new threshold 1 (max 15)
 [PSYoungGen: 812896K->2016K(815616K)] 1790518K->979662K(1839616K), 0.0098860 secs] [Times: user=0.06 sys=0.00, real=0.01 secs] 
944.102: [GC
Desired survivor size 3670016 bytes, new threshold 1 (max 15)
 [PSYoungGen: 814048K->1536K(815616K)] 1791694K->979206K(1839616K), 0.0092410 secs] [Times: user=0.06 sys=0.00, real=0.01 secs] 
944.385: [GC
Desired survivor size 3670016 bytes, new threshold 1 (max 15)
 [PSYoungGen: 813568K->992K(815616K)] 1791238K->978686K(1839616K), 0.0089970 secs] [Times: user=0.04 sys=0.00, real=0.01 secs] 
944.653: [GC
Desired survivor size 3670016 bytes, new threshold 1 (max 15)
 [PSYoungGen: 813024K->2720K(815616K)] 1790718K->980422K(1839616K), 0.0102860 secs] [Times: user=0.06 sys=0.00, real=0.01 secs] 
944.922: [GC
Desired survivor size 3670016 bytes, new threshold 1 (max 15)
 [PSYoungGen: 814752K->2048K(815616K)] 1792454K->979782K(1839616K), 0.0094950 secs] [Times: user=0.04 sys=0.01, real=0.01 secs] 
945.190: [GC
Desired survivor size 3670016 bytes, new threshold 1 (max 15)
 [PSYoungGen: 814080K->1184K(815616K)] 1791814K->978950K(1839616K), 0.0093170 secs] [Times: user=0.05 sys=0.01, real=0.01 secs] 
945.450: [GC
Desired survivor size 4194304 bytes, new threshold 1 (max 15)
 [PSYoungGen: 813216K->3232K(814592K)] 1790982K->981022K(1838592K), 0.0099000 secs] [Times: user=0.06 sys=0.00, real=0.01 secs] 
945.719: [GC
Desired survivor size 5242880 bytes, new threshold 1 (max 15)
 [PSYoungGen: 814240K->4096K(815104K)] 1792030K->983758K(1839104K), 0.0120480 secs] [Times: user=0.08 sys=0.00, real=0.01 secs] 
945.978: [GC
Desired survivor size 5242880 bytes, new threshold 1 (max 15)
 [PSYoungGen: 815104K->1920K(813056K)] 1794766K->982398K(1837056K), 0.0099160 secs] [Times: user=0.05 sys=0.01, real=0.01 secs] 
946.251: [GC
Desired survivor size 5242880 bytes, new threshold 1 (max 15)
 [PSYoungGen: 810880K->1504K(814080K)] 1791358K->982494K(1838080K), 0.0095950 secs] [Times: user=0.06 sys=0.00, real=0.01 secs] 
946.512: [GC
Desired survivor size 4718592 bytes, new threshold 1 (max 15)
 [PSYoungGen: 810464K->1376K(814592K)] 1791454K->982534K(1838592K), 0.0095950 secs] [Times: user=0.06 sys=0.01, real=0.01 secs] 
946.788: [GC
Desired survivor size 4718592 bytes, new threshold 1 (max 15)
 [PSYoungGen: 810848K->2016K(814080K)] 1792006K->983214K(1838080K), 0.0093190 secs] [Times: user=0.06 sys=0.00, real=0.01 secs] 
947.039: [GC
Desired survivor size 5242880 bytes, new threshold 1 (max 15)
 [PSYoungGen: 811488K->4544K(813568K)] 1792686K->986086K(1837568K), 0.0106240 secs] [Times: user=0.06 sys=0.00, real=0.01 secs] 
947.318: [GC
Desired survivor size 5242880 bytes, new threshold 1 (max 15)
 [PSYoungGen: 813504K->1120K(814080K)] 1795046K->983590K(1838080K), 0.0100130 secs] [Times: user=0.05 sys=0.00, real=0.01 secs] 
947.581: [GC
Desired survivor size 5242880 bytes, new threshold 1 (max 15)
 [PSYoungGen: 810080K->2048K(814080K)] 1792550K->984670K(1838080K), 0.0097280 secs] [Times: user=0.05 sys=0.00, real=0.01 secs] 
947.855: [GC
Desired survivor size 4718592 bytes, new threshold 1 (max 15)
 [PSYoungGen: 811008K->1856K(814080K)] 1793630K->984510K(1838080K), 0.0096830 secs] [Times: user=0.06 sys=0.00, real=0.01 secs] 
948.116: [GC
Desired survivor size 4718592 bytes, new threshold 1 (max 15)
 [PSYoungGen: 810816K->2432K(814592K)] 1793470K->985102K(1838592K), 0.0102370 secs] [Times: user=0.06 sys=0.00, real=0.02 secs] 
948.384: [GC
Desired survivor size 4718592 bytes, new threshold 1 (max 15)
 [PSYoungGen: 812416K->2848K(814592K)] 1795086K->985542K(1838592K), 0.0109240 secs] [Times: user=0.05 sys=0.00, real=0.01 secs] 
948.650: [GC
Desired survivor size 4718592 bytes, new threshold 1 (max 15)
 [PSYoungGen: 812832K->1632K(814592K)] 1795526K->984366K(1838592K), 0.0094270 secs] [Times: user=0.06 sys=0.00, real=0.01 secs] 
948.927: [GC
Desired survivor size 4718592 bytes, new threshold 1 (max 15)
 [PSYoungGen: 811616K->1664K(814592K)] 1794350K->984430K(1838592K), 0.0099840 secs] [Times: user=0.05 sys=0.00, real=0.01 secs] 
949.196: [GC
Desired survivor size 4718592 bytes, new threshold 1 (max 15)
 [PSYoungGen: 811648K->1376K(814592K)] 1794414K->984158K(1838592K), 0.0093330 secs] [Times: user=0.06 sys=0.00, real=0.01 secs] 
949.463: [GC
Desired survivor size 4718592 bytes, new threshold 1 (max 15)
 [PSYoungGen: 811360K->896K(814592K)] 1794142K->983686K(1838592K), 0.0091140 secs] [Times: user=0.06 sys=0.00, real=0.01 secs] 
949.743: [GC
Desired survivor size 4194304 bytes, new threshold 1 (max 15)
 [PSYoungGen: 810880K->1088K(815104K)] 1793670K->983910K(1839104K), 0.0090830 secs] [Times: user=0.05 sys=0.00, real=0.01 secs] 
949.999: [GC
Desired survivor size 4718592 bytes, new threshold 1 (max 15)
 [PSYoungGen: 811584K->3008K(814592K)] 1794406K->985854K(1838592K), 0.0099160 secs] [Times: user=0.05 sys=0.00, real=0.01 secs] 
950.260: [GC
Desired survivor size 4194304 bytes, new threshold 1 (max 15)
 [PSYoungGen: 813504K->2048K(815104K)] 1796350K->984918K(1839104K), 0.0093840 secs] [Times: user=0.05 sys=0.00, real=0.01 secs] 
950.525: [GC
Desired survivor size 4194304 bytes, new threshold 1 (max 15)
 [PSYoungGen: 812544K->1504K(814592K)] 1795414K->984406K(1838592K), 0.0095140 secs] [Times: user=0.05 sys=0.00, real=0.01 secs] 
950.800: [GC
Desired survivor size 4194304 bytes, new threshold 1 (max 15)
 [PSYoungGen: 812000K->1536K(815104K)] 1794902K->984478K(1839104K), 0.0094700 secs] [Times: user=0.06 sys=0.00, real=0.01 secs] 
951.060: [GC
Desired survivor size 4194304 bytes, new threshold 1 (max 15)
 [PSYoungGen: 812544K->384K(815104K)] 1795486K->983366K(1839104K), 0.0090010 secs] [Times: user=0.05 sys=0.00, real=0.01 secs] 
951.327: [GC
Desired survivor size 4194304 bytes, new threshold 1 (max 15)
 [PSYoungGen: 811392K->2112K(815104K)] 1794374K->985134K(1839104K), 0.0092470 secs] [Times: user=0.06 sys=0.00, real=0.00 secs] 
951.601: [GC
Desired survivor size 4194304 bytes, new threshold 1 (max 15)
 [PSYoungGen: 813120K->864K(815104K)] 1796142K->983934K(1839104K), 0.0090490 secs] [Times: user=0.04 sys=0.00, real=0.01 secs] 
951.913: [GC
Desired survivor size 4194304 bytes, new threshold 1 (max 15)
 [PSYoungGen: 811872K->1280K(815104K)] 1794942K->984678K(1839104K), 0.0091690 secs] [Times: user=0.06 sys=0.00, real=0.01 secs] 
952.175: [GC
Desired survivor size 4718592 bytes, new threshold 1 (max 15)
 [PSYoungGen: 812288K->3616K(815104K)] 1795686K->987750K(1839104K), 0.0105830 secs] [Times: user=0.06 sys=0.00, real=0.01 secs] 
952.439: [GC
Desired survivor size 4194304 bytes, new threshold 1 (max 15)
 [PSYoungGen: 814624K->800K(815104K)] 1798758K->985598K(1839104K), 0.0086740 secs] [Times: user=0.05 sys=0.00, real=0.01 secs] 
952.722: [GC
Desired survivor size 4194304 bytes, new threshold 1 (max 15)
 [PSYoungGen: 811808K->1856K(815104K)] 1796606K->986718K(1839104K), 0.0096220 secs] [Times: user=0.06 sys=0.00, real=0.01 secs] 
952.988: [GC
Desired survivor size 4194304 bytes, new threshold 1 (max 15)
 [PSYoungGen: 812864K->2272K(815104K)] 1797726K->987166K(1839104K), 0.0099610 secs] [Times: user=0.06 sys=0.00, real=0.01 secs] 
953.254: [GC
Desired survivor size 4194304 bytes, new threshold 1 (max 15)
 [PSYoungGen: 813280K->1792K(815104K)] 1798174K->986734K(1839104K), 0.0094970 secs] [Times: user=0.05 sys=0.00, real=0.01 secs] 
953.515: [GC
Desired survivor size 3670016 bytes, new threshold 1 (max 15)
 [PSYoungGen: 812800K->1600K(815616K)] 1797742K->986574K(1839616K), 0.0092680 secs] [Times: user=0.05 sys=0.01, real=0.01 secs] 
953.788: [GC
Desired survivor size 3670016 bytes, new threshold 1 (max 15)
 [PSYoungGen: 813120K->1728K(815104K)] 1798094K->986726K(1839104K), 0.0095690 secs] [Times: user=0.06 sys=0.00, real=0.01 secs] 
954.057: [GC
Desired survivor size 3670016 bytes, new threshold 1 (max 15)
 [PSYoungGen: 813248K->2400K(815616K)] 1798246K->987422K(1839616K), 0.0100160 secs] [Times: user=0.05 sys=0.00, real=0.02 secs] 
954.331: [GC
Desired survivor size 3670016 bytes, new threshold 1 (max 15)
 [PSYoungGen: 814432K->1568K(815616K)] 1799454K->986606K(1839616K), 0.0096500 secs] [Times: user=0.05 sys=0.00, real=0.01 secs] 
954.595: [GC
Desired survivor size 3670016 bytes, new threshold 1 (max 15)
 [PSYoungGen: 813600K->1792K(815616K)] 1798638K->986838K(1839616K), 0.0095550 secs] [Times: user=0.06 sys=0.00, real=0.01 secs] 
954.869: [GC
Desired survivor size 3670016 bytes, new threshold 1 (max 15)
 [PSYoungGen: 813824K->1344K(815616K)] 1798870K->986422K(1839616K), 0.0095180 secs] [Times: user=0.05 sys=0.00, real=0.01 secs] 
955.135: [GC
Desired survivor size 3145728 bytes, new threshold 1 (max 15)
 [PSYoungGen: 813376K->1696K(816128K)] 1798454K->986822K(1840128K), 0.0095830 secs] [Times: user=0.05 sys=0.00, real=0.01 secs] 
955.399: [GC
Desired survivor size 3145728 bytes, new threshold 1 (max 15)
 [PSYoungGen: 814240K->1152K(815616K)] 1799366K->986318K(1839616K), 0.0094110 secs] [Times: user=0.05 sys=0.01, real=0.01 secs] 
955.663: [GC
Desired survivor size 3145728 bytes, new threshold 1 (max 15)
 [PSYoungGen: 813696K->992K(816128K)] 1798862K->986190K(1840128K), 0.0097570 secs] [Times: user=0.06 sys=0.00, real=0.01 secs] 
955.939: [GC
Desired survivor size 3145728 bytes, new threshold 1 (max 15)
 [PSYoungGen: 814048K->1024K(816128K)] 1799246K->986254K(1840128K), 0.0091230 secs] [Times: user=0.05 sys=0.00, real=0.01 secs] 
956.202: [GC
Desired survivor size 3145728 bytes, new threshold 1 (max 15)
 [PSYoungGen: 814080K->1408K(816128K)] 1799310K->986678K(1840128K), 0.0094930 secs] [Times: user=0.06 sys=0.00, real=0.01 secs] 
956.468: [GC
Desired survivor size 4194304 bytes, new threshold 1 (max 15)
 [PSYoungGen: 814464K->3072K(816128K)] 1799734K->989526K(1840128K), 0.0105210 secs] [Times: user=0.06 sys=0.00, real=0.01 secs] 
956.737: [GC
Desired survivor size 4194304 bytes, new threshold 1 (max 15)
 [PSYoungGen: 816128K->832K(814080K)] 1802582K->987462K(1838080K), 0.0093890 secs] [Times: user=0.06 sys=0.00, real=0.00 secs] 
956.998: [GC
Desired survivor size 4194304 bytes, new threshold 1 (max 15)
 [PSYoungGen: 811840K->2176K(815104K)] 1798470K->988862K(1839104K), 0.0104280 secs] [Times: user=0.05 sys=0.00, real=0.01 secs] 
957.264: [GC
Desired survivor size 4194304 bytes, new threshold 1 (max 15)
 [PSYoungGen: 813184K->2816K(815104K)] 1799870K->989534K(1839104K), 0.0096860 secs] [Times: user=0.06 sys=0.00, real=0.01 secs] 
957.523: [GC
Desired survivor size 4194304 bytes, new threshold 1 (max 15)
 [PSYoungGen: 813824K->2528K(815104K)] 1800542K->989270K(1839104K), 0.0100180 secs] [Times: user=0.07 sys=0.00, real=0.01 secs] 
957.797: [GC
Desired survivor size 4194304 bytes, new threshold 1 (max 15)
 [PSYoungGen: 813536K->1536K(815104K)] 1800278K->988806K(1839104K), 0.0096930 secs] [Times: user=0.06 sys=0.00, real=0.01 secs] 
958.061: [GC
Desired survivor size 4194304 bytes, new threshold 1 (max 15)
 [PSYoungGen: 812544K->1216K(815104K)] 1799814K->989494K(1839104K), 0.0093770 secs] [Times: user=0.06 sys=0.00, real=0.01 secs] 
958.333: [GC
Desired survivor size 4194304 bytes, new threshold 1 (max 15)
 [PSYoungGen: 812224K->2048K(815104K)] 1800502K->990454K(1839104K), 0.0099970 secs] [Times: user=0.06 sys=0.00, real=0.01 secs] 
958.601: [GC
Desired survivor size 4194304 bytes, new threshold 1 (max 15)
 [PSYoungGen: 813056K->480K(815104K)] 1801462K->988910K(1839104K), 0.0088420 secs] [Times: user=0.04 sys=0.01, real=0.01 secs] 
958.874: [GC
Desired survivor size 4194304 bytes, new threshold 1 (max 15)
 [PSYoungGen: 811488K->928K(815104K)] 1799918K->989390K(1839104K), 0.0090210 secs] [Times: user=0.06 sys=0.00, real=0.01 secs] 
959.141: [GC
Desired survivor size 3670016 bytes, new threshold 1 (max 15)
 [PSYoungGen: 811936K->864K(815104K)] 1800398K->989358K(1839104K), 0.0094390 secs] [Times: user=0.05 sys=0.00, real=0.01 secs] 
959.400: [GC
Desired survivor size 3670016 bytes, new threshold 1 (max 15)
 [PSYoungGen: 811872K->1696K(815616K)] 1800366K->990222K(1839616K), 0.0097010 secs] [Times: user=0.05 sys=0.00, real=0.01 secs] 
959.673: [GC
Desired survivor size 3670016 bytes, new threshold 1 (max 15)
 [PSYoungGen: 813728K->576K(815616K)] 1802254K->989118K(1839616K), 0.0133030 secs] [Times: user=0.05 sys=0.00, real=0.01 secs] 
959.947: [GC
Desired survivor size 3670016 bytes, new threshold 1 (max 15)
 [PSYoungGen: 812608K->864K(815616K)] 1801150K->989446K(1839616K), 0.0093590 secs] [Times: user=0.04 sys=0.00, real=0.01 secs] 
960.212: [GC
Desired survivor size 3670016 bytes, new threshold 1 (max 15)
 [PSYoungGen: 812896K->1632K(815616K)] 1801478K->990238K(1839616K), 0.0101900 secs] [Times: user=0.05 sys=0.01, real=0.01 secs] 
960.473: [GC
Desired survivor size 3145728 bytes, new threshold 1 (max 15)
 [PSYoungGen: 813664K->1504K(816128K)] 1802270K->990142K(1840128K), 0.0095930 secs] [Times: user=0.05 sys=0.00, real=0.01 secs] 
960.750: [GC
Desired survivor size 3145728 bytes, new threshold 1 (max 15)
 [PSYoungGen: 814048K->1376K(815616K)] 1802686K->990038K(1839616K), 0.0093250 secs] [Times: user=0.06 sys=0.00, real=0.01 secs] 
961.007: [GC
Desired survivor size 3670016 bytes, new threshold 1 (max 15)
 [PSYoungGen: 813920K->2464K(815104K)] 1802582K->991150K(1839104K), 0.0096040 secs] [Times: user=0.05 sys=0.00, real=0.01 secs] 
961.274: [GC
Desired survivor size 3145728 bytes, new threshold 1 (max 15)
 [PSYoungGen: 814496K->1408K(815616K)] 1803182K->990110K(1839616K), 0.0094650 secs] [Times: user=0.06 sys=0.00, real=0.01 secs] 
961.533: [GC
Desired survivor size 3145728 bytes, new threshold 1 (max 15)
 [PSYoungGen: 813440K->1696K(816128K)] 1802142K->990422K(1840128K), 0.0094660 secs] [Times: user=0.05 sys=0.00, real=0.01 secs] 
961.803: [GC
Desired survivor size 3145728 bytes, new threshold 1 (max 15)
 [PSYoungGen: 814752K->1408K(816128K)] 1803478K->990166K(1840128K), 0.0094940 secs] [Times: user=0.05 sys=0.01, real=0.01 secs] 
962.075: [GC
Desired survivor size 3670016 bytes, new threshold 1 (max 15)
 [PSYoungGen: 814464K->3072K(815104K)] 1803222K->992454K(1839104K), 0.0123870 secs] [Times: user=0.07 sys=0.01, real=0.02 secs] 
962.343: [GC
Desired survivor size 3670016 bytes, new threshold 1 (max 15)
 [PSYoungGen: 815104K->2112K(815616K)] 1804486K->991622K(1839616K), 0.0100160 secs] [Times: user=0.06 sys=0.01, real=0.01 secs] 
962.610: [GC
Desired survivor size 3670016 bytes, new threshold 1 (max 15)
 [PSYoungGen: 814144K->1216K(815616K)] 1803654K->990750K(1839616K), 0.0093390 secs] [Times: user=0.05 sys=0.01, real=0.01 secs] 
962.878: [GC
Desired survivor size 3670016 bytes, new threshold 1 (max 15)
 [PSYoungGen: 813248K->2400K(815616K)] 1802782K->991950K(1839616K), 0.0098470 secs] [Times: user=0.05 sys=0.00, real=0.01 secs] 
963.141: [GC
Desired survivor size 3670016 bytes, new threshold 1 (max 15)
 [PSYoungGen: 814432K->2528K(815616K)] 1803982K->992102K(1839616K), 0.0096220 secs] [Times: user=0.05 sys=0.00, real=0.01 secs] 
963.404: [GC
Desired survivor size 3670016 bytes, new threshold 1 (max 15)
 [PSYoungGen: 814560K->2240K(815616K)] 1804134K->991854K(1839616K), 0.0095090 secs] [Times: user=0.06 sys=0.00, real=0.01 secs] 
963.670: [GC
Desired survivor size 3670016 bytes, new threshold 1 (max 15)
 [PSYoungGen: 814272K->1344K(815616K)] 1803886K->990982K(1839616K), 0.0127790 secs] [Times: user=0.06 sys=0.00, real=0.01 secs] 
963.938: [GC
Desired survivor size 3670016 bytes, new threshold 1 (max 15)
 [PSYoungGen: 813376K->1536K(815616K)] 1803014K->991206K(1839616K), 0.0091950 secs] [Times: user=0.05 sys=0.00, real=0.01 secs] 
964.212: [GC
Desired survivor size 3670016 bytes, new threshold 1 (max 15)
 [PSYoungGen: 813568K->2176K(815616K)] 1803238K->991870K(1839616K), 0.0105840 secs] [Times: user=0.05 sys=0.01, real=0.01 secs] 
964.474: [GC
Desired survivor size 3670016 bytes, new threshold 1 (max 15)
 [PSYoungGen: 814208K->672K(815616K)] 1803902K->990406K(1839616K), 0.0092170 secs] [Times: user=0.05 sys=0.00, real=0.01 secs] 
964.745: [GC
Desired survivor size 3670016 bytes, new threshold 1 (max 15)
 [PSYoungGen: 812704K->1568K(815616K)] 1802438K->991342K(1839616K), 0.0092510 secs] [Times: user=0.05 sys=0.00, real=0.01 secs] 
965.010: [GC
Desired survivor size 3670016 bytes, new threshold 1 (max 15)
 [PSYoungGen: 813600K->1856K(815616K)] 1803374K->991670K(1839616K), 0.0097350 secs] [Times: user=0.06 sys=0.00, real=0.01 secs] 
965.282: [GC
Desired survivor size 3670016 bytes, new threshold 1 (max 15)
 [PSYoungGen: 813888K->1024K(815616K)] 1803702K->990870K(1839616K), 0.0089570 secs] [Times: user=0.06 sys=0.00, real=0.01 secs] 
965.540: [GC
Desired survivor size 3145728 bytes, new threshold 1 (max 15)
 [PSYoungGen: 813056K->1888K(815616K)] 1802902K->991758K(1839616K), 0.0098160 secs] [Times: user=0.06 sys=0.00, real=0.01 secs] 
965.816: [GC
Desired survivor size 3670016 bytes, new threshold 1 (max 15)
 [PSYoungGen: 813920K->2464K(815104K)] 1803790K->992358K(1839104K), 0.0095450 secs] [Times: user=0.06 sys=0.00, real=0.01 secs] 
966.083: [GC
Desired survivor size 3670016 bytes, new threshold 1 (max 15)
 [PSYoungGen: 814496K->1824K(815616K)] 1804390K->991742K(1839616K), 0.0093410 secs] [Times: user=0.05 sys=0.00, real=0.01 secs] 
966.351: [GC
Desired survivor size 3145728 bytes, new threshold 1 (max 15)
 [PSYoungGen: 813856K->1760K(816128K)] 1803774K->991710K(1840128K), 0.0100080 secs] [Times: user=0.07 sys=0.00, real=0.01 secs] 
966.609: [GC
Desired survivor size 3145728 bytes, new threshold 1 (max 15)
 [PSYoungGen: 814304K->2080K(815616K)] 1804254K->992062K(1839616K), 0.0097840 secs] [Times: user=0.06 sys=0.00, real=0.01 secs] 
966.887: [GC
Desired survivor size 3145728 bytes, new threshold 1 (max 15)
 [PSYoungGen: 814624K->1568K(816128K)] 1804606K->991598K(1840128K), 0.0098470 secs] [Times: user=0.06 sys=0.00, real=0.01 secs] 
967.159: [GC
Desired survivor size 3670016 bytes, new threshold 1 (max 15)
 [PSYoungGen: 814624K->2848K(816128K)] 1804654K->992958K(1840128K), 0.0103990 secs] [Times: user=0.05 sys=0.00, real=0.02 secs] 
967.422: [GC
Desired survivor size 4194304 bytes, new threshold 1 (max 15)
 [PSYoungGen: 815904K->3072K(814080K)] 1806014K->994046K(1838080K), 0.0104890 secs] [Times: user=0.06 sys=0.01, real=0.01 secs] 
967.698: [GC
Desired survivor size 4194304 bytes, new threshold 1 (max 15)
 [PSYoungGen: 814080K->1632K(815104K)] 1805054K->993294K(1839104K), 0.0096730 secs] [Times: user=0.05 sys=0.00, real=0.01 secs] 
967.963: [GC
Desired survivor size 4194304 bytes, new threshold 1 (max 15)
 [PSYoungGen: 812640K->1664K(815104K)] 1804302K->993502K(1839104K), 0.0096130 secs] [Times: user=0.06 sys=0.01, real=0.01 secs] 
968.224: [GC
Desired survivor size 4194304 bytes, new threshold 1 (max 15)
 [PSYoungGen: 812672K->2688K(815104K)] 1804510K->994582K(1839104K), 0.0102320 secs] [Times: user=0.05 sys=0.00, real=0.01 secs] 
968.482: [GC
Desired survivor size 4194304 bytes, new threshold 1 (max 15)
 [PSYoungGen: 813696K->3392K(815104K)] 1805590K->995310K(1839104K), 0.0105110 secs] [Times: user=0.06 sys=0.00, real=0.01 secs] 
968.756: [GC
Desired survivor size 4194304 bytes, new threshold 1 (max 15)
 [PSYoungGen: 814400K->1760K(815104K)] 1806318K->993702K(1839104K), 0.0100610 secs] [Times: user=0.05 sys=0.00, real=0.01 secs] 
969.020: [GC
Desired survivor size 4194304 bytes, new threshold 1 (max 15)
 [PSYoungGen: 812768K->1856K(815104K)] 1804710K->993838K(1839104K), 0.0100460 secs] [Times: user=0.05 sys=0.00, real=0.01 secs] 
969.282: [GC
Desired survivor size 4194304 bytes, new threshold 1 (max 15)
 [PSYoungGen: 812864K->1088K(815104K)] 1804846K->993102K(1839104K), 0.0090580 secs] [Times: user=0.05 sys=0.00, real=0.01 secs] 
969.539: [GC
Desired survivor size 4194304 bytes, new threshold 1 (max 15)
 [PSYoungGen: 812096K->2432K(815104K)] 1804110K->994470K(1839104K), 0.0097710 secs] [Times: user=0.05 sys=0.00, real=0.01 secs] 
969.806: [GC
Desired survivor size 4194304 bytes, new threshold 1 (max 15)
 [PSYoungGen: 813440K->1248K(815104K)] 1805478K->993318K(1839104K), 0.0096900 secs] [Times: user=0.05 sys=0.00, real=0.01 secs] 
970.069: [GC
Desired survivor size 4194304 bytes, new threshold 1 (max 15)
 [PSYoungGen: 812256K->2112K(815104K)] 1804326K->994214K(1839104K), 0.0130680 secs] [Times: user=0.06 sys=0.00, real=0.02 secs] 
970.342: [GC
Desired survivor size 3670016 bytes, new threshold 1 (max 15)
 [PSYoungGen: 813120K->2208K(815104K)] 1805222K->994350K(1839104K), 0.0110650 secs] [Times: user=0.05 sys=0.00, real=0.01 secs] 
970.610: [GC
Desired survivor size 3670016 bytes, new threshold 1 (max 15)
 [PSYoungGen: 813216K->1408K(815616K)] 1805358K->993574K(1839616K), 0.0096190 secs] [Times: user=0.05 sys=0.00, real=0.00 secs] 
970.881: [GC
Desired survivor size 3670016 bytes, new threshold 1 (max 15)
 [PSYoungGen: 813440K->1248K(815616K)] 1805606K->993438K(1839616K), 0.0096150 secs] [Times: user=0.05 sys=0.00, real=0.01 secs] 
971.143: [GC
Desired survivor size 4194304 bytes, new threshold 1 (max 15)
 [PSYoungGen: 813280K->2816K(814592K)] 1805470K->995030K(1838592K), 0.0101430 secs] [Times: user=0.06 sys=0.00, real=0.01 secs] 
971.413: [GC
Desired survivor size 3670016 bytes, new threshold 1 (max 15)
 [PSYoungGen: 813824K->1792K(815104K)] 1806038K->994054K(1839104K), 0.0107030 secs] [Times: user=0.06 sys=0.00, real=0.01 secs] 
971.702: [GC
Desired survivor size 3670016 bytes, new threshold 1 (max 15)
 [PSYoungGen: 812800K->1408K(815616K)] 1805062K->993686K(1839616K), 0.0098120 secs] [Times: user=0.06 sys=0.00, real=0.01 secs] 
972.023: [GC
Desired survivor size 3670016 bytes, new threshold 1 (max 15)
 [PSYoungGen: 813440K->1792K(815616K)] 1805718K->994102K(1839616K), 0.0097820 secs] [Times: user=0.05 sys=0.01, real=0.01 secs] 
972.291: [GC
Desired survivor size 3670016 bytes, new threshold 1 (max 15)
 [PSYoungGen: 813824K->960K(815616K)] 1806134K->993294K(1839616K), 0.0089420 secs] [Times: user=0.04 sys=0.00, real=0.01 secs] 
972.563: [GC
Desired survivor size 3670016 bytes, new threshold 1 (max 15)
 [PSYoungGen: 812992K->1344K(815616K)] 1805326K->993702K(1839616K), 0.0093600 secs] [Times: user=0.06 sys=0.00, real=0.01 secs] 
972.834: [GC
Desired survivor size 3670016 bytes, new threshold 1 (max 15)
 [PSYoungGen: 813376K->1056K(815616K)] 1805734K->993438K(1839616K), 0.0091000 secs] [Times: user=0.05 sys=0.00, real=0.01 secs] 
973.413: [GC
Desired survivor size 3670016 bytes, new threshold 1 (max 15)
 [PSYoungGen: 813088K->1920K(815616K)] 1805470K->994334K(1839616K), 0.0097520 secs] [Times: user=0.06 sys=0.00, real=0.01 secs] 
973.688: [GC
Desired survivor size 3670016 bytes, new threshold 1 (max 15)
 [PSYoungGen: 813952K->2240K(815616K)] 1806366K->994710K(1839616K), 0.0099700 secs] [Times: user=0.06 sys=0.00, real=0.01 secs] 
973.954: [GC
Desired survivor size 3670016 bytes, new threshold 1 (max 15)
 [PSYoungGen: 814272K->1984K(815616K)] 1806742K->994494K(1839616K), 0.0098480 secs] [Times: user=0.05 sys=0.00, real=0.01 secs] 
974.220: [GC
Desired survivor size 3670016 bytes, new threshold 1 (max 15)
 [PSYoungGen: 814016K->3296K(815616K)] 1806526K->995838K(1839616K), 0.0110690 secs] [Times: user=0.06 sys=0.01, real=0.01 secs] 
974.499: [GC
Desired survivor size 3670016 bytes, new threshold 1 (max 15)
 [PSYoungGen: 815328K->1696K(815616K)] 1807870K->994262K(1839616K), 0.0093950 secs] [Times: user=0.05 sys=0.01, real=0.01 secs] 
974.769: [GC
Desired survivor size 3670016 bytes, new threshold 1 (max 15)
 [PSYoungGen: 813728K->1792K(815616K)] 1806294K->994390K(1839616K), 0.0095400 secs] [Times: user=0.04 sys=0.00, real=0.01 secs] 
975.026: [GC
Desired survivor size 4194304 bytes, new threshold 1 (max 15)
 [PSYoungGen: 813824K->3584K(815616K)] 1806422K->996358K(1839616K), 0.0106120 secs] [Times: user=0.06 sys=0.00, real=0.01 secs] 
975.291: [GC
Desired survivor size 4194304 bytes, new threshold 1 (max 15)
 [PSYoungGen: 815616K->800K(814592K)] 1808390K->993734K(1838592K), 0.0094790 secs] [Times: user=0.05 sys=0.01, real=0.01 secs] 
975.553: [GC
Desired survivor size 4194304 bytes, new threshold 1 (max 15)
 [PSYoungGen: 811808K->1568K(815104K)] 1804742K->994542K(1839104K), 0.0097040 secs] [Times: user=0.05 sys=0.00, real=0.01 secs] 
975.826: [GC
Desired survivor size 4194304 bytes, new threshold 1 (max 15)
 [PSYoungGen: 812576K->1312K(815104K)] 1805550K->994318K(1839104K), 0.0094820 secs] [Times: user=0.06 sys=0.00, real=0.01 secs] 
976.085: [GC
Desired survivor size 3670016 bytes, new threshold 1 (max 15)
 [PSYoungGen: 812320K->1632K(815104K)] 1805326K->994662K(1839104K), 0.0098610 secs] [Times: user=0.06 sys=0.00, real=0.01 secs] 
976.353: [GC
Desired survivor size 3670016 bytes, new threshold 1 (max 15)
 [PSYoungGen: 812640K->1568K(815616K)] 1805670K->994646K(1839616K), 0.0091760 secs] [Times: user=0.05 sys=0.00, real=0.01 secs] 
976.616: [GC
Desired survivor size 3670016 bytes, new threshold 1 (max 15)
 [PSYoungGen: 813600K->2432K(815616K)] 1806678K->995542K(1839616K), 0.0095970 secs] [Times: user=0.05 sys=0.00, real=0.01 secs] 
976.891: [GC
Desired survivor size 3670016 bytes, new threshold 1 (max 15)
 [PSYoungGen: 814464K->1600K(815616K)] 1807574K->994726K(1839616K), 0.0097510 secs] [Times: user=0.06 sys=0.00, real=0.01 secs] 
977.157: [GC
Desired survivor size 3670016 bytes, new threshold 1 (max 15)
 [PSYoungGen: 813632K->1408K(815616K)] 1806758K->994566K(1839616K), 0.0096650 secs] [Times: user=0.05 sys=0.00, real=0.01 secs] 
977.422: [GC
Desired survivor size 3670016 bytes, new threshold 1 (max 15)
 [PSYoungGen: 813440K->1696K(815616K)] 1806598K->994870K(1839616K), 0.0098090 secs] [Times: user=0.05 sys=0.00, real=0.01 secs] 
977.696: [GC
Desired survivor size 3670016 bytes, new threshold 1 (max 15)
 [PSYoungGen: 813728K->2496K(815616K)] 1806902K->995694K(1839616K), 0.0103510 secs] [Times: user=0.05 sys=0.01, real=0.01 secs] 
978.011: [GC
Desired survivor size 3670016 bytes, new threshold 1 (max 15)
 [PSYoungGen: 814528K->2304K(815616K)] 1807726K->995526K(1839616K), 0.0094930 secs] [Times: user=0.06 sys=0.01, real=0.01 secs] 
978.280: [GC
Desired survivor size 3670016 bytes, new threshold 1 (max 15)
 [PSYoungGen: 814336K->1600K(815616K)] 1807558K->994838K(1839616K), 0.0095630 secs] [Times: user=0.05 sys=0.00, real=0.01 secs] 
978.547: [GC
Desired survivor size 3670016 bytes, new threshold 1 (max 15)
 [PSYoungGen: 813632K->1536K(815616K)] 1806870K->994782K(1839616K), 0.0094230 secs] [Times: user=0.06 sys=0.00, real=0.01 secs] 
978.819: [GC
Desired survivor size 3670016 bytes, new threshold 1 (max 15)
 [PSYoungGen: 813568K->1056K(815616K)] 1806814K->994358K(1839616K), 0.0092910 secs] [Times: user=0.05 sys=0.00, real=0.01 secs] 
979.084: [GC
Desired survivor size 3145728 bytes, new threshold 1 (max 15)
 [PSYoungGen: 813088K->1408K(816128K)] 1806390K->994742K(1840128K), 0.0093180 secs] [Times: user=0.05 sys=0.00, real=0.01 secs] 
979.350: [GC
Desired survivor size 3145728 bytes, new threshold 1 (max 15)
 [PSYoungGen: 813952K->1056K(815616K)] 1807286K->994422K(1839616K), 0.0093940 secs] [Times: user=0.04 sys=0.00, real=0.01 secs] 
979.613: [GC
Desired survivor size 3145728 bytes, new threshold 1 (max 15)
 [PSYoungGen: 813600K->1632K(816128K)] 1806966K->995038K(1840128K), 0.0096310 secs] [Times: user=0.06 sys=0.00, real=0.01 secs] 
979.882: [GC
Desired survivor size 3670016 bytes, new threshold 1 (max 15)
 [PSYoungGen: 814688K->2496K(815616K)] 1808094K->995910K(1839616K), 0.0097950 secs] [Times: user=0.06 sys=0.00, real=0.01 secs] 
980.148: [GC
Desired survivor size 3670016 bytes, new threshold 1 (max 15)
 [PSYoungGen: 815552K->2144K(815616K)] 1808966K->995582K(1839616K), 0.0099770 secs] [Times: user=0.06 sys=0.00, real=0.01 secs] 
980.404: [GC
Desired survivor size 3145728 bytes, new threshold 1 (max 15)
 [PSYoungGen: 814176K->2016K(815616K)] 1807614K->995470K(1839616K), 0.0099990 secs] [Times: user=0.06 sys=0.00, real=0.01 secs] 
980.739: [GC
Desired survivor size 3145728 bytes, new threshold 1 (max 15)
 [PSYoungGen: 814048K->1632K(816128K)] 1807502K->995110K(1840128K), 0.0105120 secs] [Times: user=0.05 sys=0.00, real=0.01 secs] 
981.035: [GC
Desired survivor size 3145728 bytes, new threshold 1 (max 15)
 [PSYoungGen: 814688K->1600K(816128K)] 1808166K->995110K(1840128K), 0.0095340 secs] [Times: user=0.06 sys=0.00, real=0.01 secs] 
981.309: [GC
Desired survivor size 3145728 bytes, new threshold 1 (max 15)
 [PSYoungGen: 814656K->832K(816128K)] 1808166K->994374K(1840128K), 0.0091850 secs] [Times: user=0.06 sys=0.00, real=0.01 secs] 
981.584: [GC
Desired survivor size 3145728 bytes, new threshold 1 (max 15)
 [PSYoungGen: 813888K->1376K(816128K)] 1807430K->994950K(1840128K), 0.0099000 secs] [Times: user=0.05 sys=0.00, real=0.01 secs] 
981.850: [GC
Desired survivor size 3145728 bytes, new threshold 1 (max 15)
 [PSYoungGen: 814432K->1536K(816128K)] 1808006K->995150K(1840128K), 0.0096170 secs] [Times: user=0.05 sys=0.00, real=0.01 secs] 
982.120: [GC
Desired survivor size 3145728 bytes, new threshold 1 (max 15)
 [PSYoungGen: 814592K->640K(816128K)] 1808206K->994278K(1840128K), 0.0147250 secs] [Times: user=0.08 sys=0.00, real=0.02 secs] 
982.383: [GC
Desired survivor size 3145728 bytes, new threshold 1 (max 15)
 [PSYoungGen: 813696K->1728K(816128K)] 1807334K->995398K(1840128K), 0.0092380 secs] [Times: user=0.05 sys=0.01, real=0.01 secs] 
982.648: [GC
Desired survivor size 3145728 bytes, new threshold 1 (max 15)
 [PSYoungGen: 814784K->2176K(816128K)] 1808454K->995870K(1840128K), 0.0099530 secs] [Times: user=0.06 sys=0.00, real=0.01 secs] 
982.917: [GC
Desired survivor size 3145728 bytes, new threshold 1 (max 15)
 [PSYoungGen: 815232K->2080K(816128K)] 1808926K->995790K(1840128K), 0.0098080 secs] [Times: user=0.06 sys=0.00, real=0.01 secs] 
983.184: [GC
Desired survivor size 3145728 bytes, new threshold 1 (max 15)
 [PSYoungGen: 815136K->768K(816128K)] 1808846K->994526K(1840128K), 0.0092760 secs] [Times: user=0.05 sys=0.00, real=0.01 secs] 
983.449: [GC
Desired survivor size 3145728 bytes, new threshold 1 (max 15)
 [PSYoungGen: 813824K->672K(816128K)] 1807582K->994478K(1840128K), 0.0093990 secs] [Times: user=0.05 sys=0.01, real=0.01 secs] 
983.719: [GC
Desired survivor size 3670016 bytes, new threshold 1 (max 15)
 [PSYoungGen: 813728K->2304K(815616K)] 1807534K->996150K(1839616K), 0.0100550 secs] [Times: user=0.06 sys=0.00, real=0.01 secs] 
983.994: [GC
Desired survivor size 3670016 bytes, new threshold 1 (max 15)
 [PSYoungGen: 815360K->800K(815616K)] 1809206K->994662K(1839616K), 0.0090720 secs] [Times: user=0.05 sys=0.00, real=0.01 secs] 
984.262: [GC
Desired survivor size 3145728 bytes, new threshold 1 (max 15)
 [PSYoungGen: 812832K->1472K(815616K)] 1806694K->995358K(1839616K), 0.0093510 secs] [Times: user=0.06 sys=0.00, real=0.00 secs] 
984.522: [GC
Desired survivor size 3145728 bytes, new threshold 1 (max 15)
 [PSYoungGen: 813504K->2112K(816128K)] 1807390K->996022K(1840128K), 0.0099500 secs] [Times: user=0.06 sys=0.00, real=0.01 secs] 
984.794: [GC
Desired survivor size 3145728 bytes, new threshold 1 (max 15)
 [PSYoungGen: 815168K->1696K(816128K)] 1809078K->995630K(1840128K), 0.0095840 secs] [Times: user=0.06 sys=0.01, real=0.01 secs] 
985.053: [GC
Desired survivor size 3670016 bytes, new threshold 1 (max 15)
 [PSYoungGen: 814752K->2816K(815104K)] 1808686K->996782K(1839104K), 0.0100080 secs] [Times: user=0.06 sys=0.00, real=0.01 secs] 
985.322: [GC
Desired survivor size 3670016 bytes, new threshold 1 (max 15)
 [PSYoungGen: 814848K->1344K(815616K)] 1808814K->995334K(1839616K), 0.0094360 secs] [Times: user=0.05 sys=0.00, real=0.01 secs] 
985.586: [GC
Desired survivor size 3145728 bytes, new threshold 1 (max 15)
 [PSYoungGen: 813376K->1312K(816128K)] 1807366K->995334K(1840128K), 0.0094150 secs] [Times: user=0.06 sys=0.00, real=0.01 secs] 
985.856: [GC
Desired survivor size 3145728 bytes, new threshold 1 (max 15)
 [PSYoungGen: 813856K->2016K(815616K)] 1807878K->996070K(1839616K), 0.0097130 secs] [Times: user=0.05 sys=0.00, real=0.01 secs] 
986.118: [GC
Desired survivor size 3670016 bytes, new threshold 1 (max 15)
 [PSYoungGen: 814560K->2272K(815104K)] 1808614K->996334K(1839104K), 0.0123070 secs] [Times: user=0.06 sys=0.00, real=0.01 secs] 
986.382: [GC
Desired survivor size 3670016 bytes, new threshold 1 (max 15)
 [PSYoungGen: 814304K->1280K(815616K)] 1808366K->995374K(1839616K), 0.0095260 secs] [Times: user=0.05 sys=0.00, real=0.01 secs] 
986.644: [GC
Desired survivor size 4194304 bytes, new threshold 1 (max 15)
 [PSYoungGen: 813312K->3584K(814592K)] 1807406K->998734K(1838592K), 0.0110050 secs] [Times: user=0.07 sys=0.00, real=0.01 secs] 
986.918: [GC
Desired survivor size 4194304 bytes, new threshold 1 (max 15)
 [PSYoungGen: 814592K->1664K(815104K)] 1809742K->997062K(1839104K), 0.0102720 secs] [Times: user=0.06 sys=0.01, real=0.01 secs] 
987.184: [GC
Desired survivor size 4194304 bytes, new threshold 1 (max 15)
 [PSYoungGen: 812672K->1024K(815104K)] 1808070K->996502K(1839104K), 0.0094860 secs] [Times: user=0.05 sys=0.00, real=0.01 secs] 
987.440: [GC
Desired survivor size 4194304 bytes, new threshold 1 (max 15)
 [PSYoungGen: 812032K->1504K(815104K)] 1807510K->997006K(1839104K), 0.0094850 secs] [Times: user=0.05 sys=0.00, real=0.01 secs] 
987.716: [GC
Desired survivor size 4718592 bytes, new threshold 1 (max 15)
 [PSYoungGen: 812512K->3904K(814080K)] 1808014K->999430K(1838080K), 0.0112980 secs] [Times: user=0.06 sys=0.00, real=0.01 secs] 
987.981: [GC
Desired survivor size 4718592 bytes, new threshold 1 (max 15)
 [PSYoungGen: 813888K->384K(814592K)] 1809414K->995934K(1838592K), 0.0091800 secs] [Times: user=0.05 sys=0.01, real=0.01 secs] 
988.246: [GC
Desired survivor size 4718592 bytes, new threshold 1 (max 15)
 [PSYoungGen: 810368K->1920K(814592K)] 1805918K->997494K(1838592K), 0.0099010 secs] [Times: user=0.06 sys=0.00, real=0.01 secs] 
988.514: [GC
Desired survivor size 4194304 bytes, new threshold 1 (max 15)
 [PSYoungGen: 811904K->864K(814592K)] 1807478K->996470K(1838592K), 0.0091810 secs] [Times: user=0.05 sys=0.00, real=0.01 secs] 
988.785: [GC
Desired survivor size 4718592 bytes, new threshold 1 (max 15)
 [PSYoungGen: 810848K->2752K(814080K)] 1806454K->998398K(1838080K), 0.0102300 secs] [Times: user=0.05 sys=0.00, real=0.01 secs] 
989.042: [GC
Desired survivor size 4194304 bytes, new threshold 1 (max 15)
 [PSYoungGen: 812736K->1696K(814592K)] 1808382K->997382K(1838592K), 0.0093340 secs] [Times: user=0.05 sys=0.00, real=0.00 secs] 
989.305: [GC
Desired survivor size 4194304 bytes, new threshold 1 (max 15)
 [PSYoungGen: 811680K->2464K(815104K)] 1807366K->998526K(1839104K), 0.0103590 secs] [Times: user=0.07 sys=0.00, real=0.01 secs] 
989.570: [GC
Desired survivor size 4194304 bytes, new threshold 1 (max 15)
 [PSYoungGen: 813472K->1280K(815104K)] 1809534K->998462K(1839104K), 0.0113480 secs] [Times: user=0.05 sys=0.00, real=0.01 secs] 
990.059: [GC
Desired survivor size 4194304 bytes, new threshold 1 (max 15)
 [PSYoungGen: 812288K->1760K(815104K)] 1809470K->999118K(1839104K), 0.0095660 secs] [Times: user=0.05 sys=0.00, real=0.01 secs] 
990.319: [GC
Desired survivor size 4194304 bytes, new threshold 1 (max 15)
 [PSYoungGen: 812768K->3232K(815104K)] 1810126K->1000622K(1839104K), 0.0098170 secs] [Times: user=0.06 sys=0.00, real=0.01 secs] 
990.572: [GC
Desired survivor size 4718592 bytes, new threshold 1 (max 15)
 [PSYoungGen: 814240K->3520K(814080K)] 1811630K->1000926K(1838080K), 0.0126160 secs] [Times: user=0.08 sys=0.00, real=0.02 secs] 
990.845: [GC
Desired survivor size 4718592 bytes, new threshold 1 (max 15)
 [PSYoungGen: 813504K->2144K(814592K)] 1810910K->999582K(1838592K), 0.0095520 secs] [Times: user=0.05 sys=0.00, real=0.01 secs] 
991.107: [GC
Desired survivor size 4194304 bytes, new threshold 1 (max 15)
 [PSYoungGen: 812128K->1984K(815104K)] 1809566K->999446K(1839104K), 0.0097120 secs] [Times: user=0.05 sys=0.00, real=0.01 secs] 
991.369: [GC
Desired survivor size 4194304 bytes, new threshold 1 (max 15)
 [PSYoungGen: 812480K->2496K(814592K)] 1809942K->1001150K(1838592K), 0.0105260 secs] [Times: user=0.05 sys=0.00, real=0.01 secs] 
991.630: [GC
Desired survivor size 4194304 bytes, new threshold 1 (max 15)
 [PSYoungGen: 812992K->1280K(815104K)] 1811646K->1000486K(1839104K), 0.0096150 secs] [Times: user=0.05 sys=0.00, real=0.01 secs] 
991.944: [GC
Desired survivor size 4194304 bytes, new threshold 1 (max 15)
 [PSYoungGen: 812288K->928K(815104K)] 1811494K->1000278K(1839104K), 0.0093570 secs] [Times: user=0.05 sys=0.00, real=0.01 secs] 
992.218: [GC
Desired survivor size 4194304 bytes, new threshold 1 (max 15)
 [PSYoungGen: 811935K->1632K(815104K)] 1811285K->1001014K(1839104K), 0.0102160 secs] [Times: user=0.06 sys=0.00, real=0.01 secs] 
992.480: [GC
Desired survivor size 4194304 bytes, new threshold 1 (max 15)
 [PSYoungGen: 812640K->928K(815104K)] 1812022K->1000350K(1839104K), 0.0093370 secs] [Times: user=0.05 sys=0.00, real=0.01 secs] 
992.763: [GC
Desired survivor size 4194304 bytes, new threshold 1 (max 15)
 [PSYoungGen: 811936K->2112K(815104K)] 1811358K->1001582K(1839104K), 0.0100830 secs] [Times: user=0.05 sys=0.01, real=0.01 secs] 
993.031: [GC
Desired survivor size 4194304 bytes, new threshold 1 (max 15)
 [PSYoungGen: 813120K->1056K(815104K)] 1812590K->1000566K(1839104K), 0.0094910 secs] [Times: user=0.05 sys=0.00, real=0.01 secs] 
993.296: [GC
Desired survivor size 4194304 bytes, new threshold 1 (max 15)
 [PSYoungGen: 812064K->2240K(815104K)] 1811574K->1001798K(1839104K), 0.0098080 secs] [Times: user=0.06 sys=0.00, real=0.01 secs] 
993.559: [GC
Desired survivor size 4194304 bytes, new threshold 1 (max 15)
 [PSYoungGen: 813248K->640K(815104K)] 1812806K->1000230K(1839104K), 0.0093860 secs] [Times: user=0.04 sys=0.00, real=0.01 secs] 
993.836: [GC
Desired survivor size 4194304 bytes, new threshold 1 (max 15)
 [PSYoungGen: 811648K->2400K(815104K)] 1811238K->1002006K(1839104K), 0.0102760 secs] [Times: user=0.06 sys=0.00, real=0.01 secs] 
994.097: [GC
Desired survivor size 3670016 bytes, new threshold 1 (max 15)
 [PSYoungGen: 813408K->1376K(815104K)] 1813014K->1001014K(1839104K), 0.0095250 secs] [Times: user=0.05 sys=0.00, real=0.01 secs] 
994.369: [GC
Desired survivor size 3670016 bytes, new threshold 1 (max 15)
 [PSYoungGen: 812384K->1024K(815616K)] 1812022K->1000686K(1839616K), 0.0096960 secs] [Times: user=0.05 sys=0.00, real=0.01 secs] 
994.630: [GC
Desired survivor size 3670016 bytes, new threshold 1 (max 15)
 [PSYoungGen: 813056K->1664K(815616K)] 1812718K->1001366K(1839616K), 0.0096710 secs] [Times: user=0.05 sys=0.00, real=0.01 secs] 
994.905: [GC
Desired survivor size 3670016 bytes, new threshold 1 (max 15)
 [PSYoungGen: 813696K->1216K(815616K)] 1813398K->1000950K(1839616K), 0.0094370 secs] [Times: user=0.05 sys=0.00, real=0.01 secs] 
995.170: [GC
Desired survivor size 4194304 bytes, new threshold 1 (max 15)
 [PSYoungGen: 813248K->3040K(815104K)] 1812982K->1002806K(1839104K), 0.0099740 secs] [Times: user=0.05 sys=0.00, real=0.01 secs] 
995.427: [GC
Desired survivor size 4194304 bytes, new threshold 1 (max 15)
 [PSYoungGen: 815072K->2208K(815104K)] 1814838K->1001998K(1839104K), 0.0099210 secs] [Times: user=0.06 sys=0.00, real=0.01 secs] 
995.692: [GC
Desired survivor size 4194304 bytes, new threshold 1 (max 15)
 [PSYoungGen: 813216K->3328K(815104K)] 1813006K->1003158K(1839104K), 0.0120900 secs] [Times: user=0.06 sys=0.00, real=0.02 secs] 
995.955: [GC
Desired survivor size 4718592 bytes, new threshold 1 (max 15)
 [PSYoungGen: 814336K->3072K(814080K)] 1814166K->1003286K(1838080K), 0.0104250 secs] [Times: user=0.06 sys=0.00, real=0.01 secs] 
996.225: [GC
Desired survivor size 4718592 bytes, new threshold 1 (max 15)
 [PSYoungGen: 813056K->1248K(814592K)] 1813270K->1002414K(1838592K), 0.0098470 secs] [Times: user=0.05 sys=0.00, real=0.01 secs] 
996.493: [GC
Desired survivor size 4194304 bytes, new threshold 1 (max 15)
 [PSYoungGen: 811232K->2048K(815104K)] 1812398K->1003678K(1839104K), 0.0101470 secs] [Times: user=0.06 sys=0.00, real=0.01 secs] 
996.770: [GC
Desired survivor size 4194304 bytes, new threshold 1 (max 15)
 [PSYoungGen: 812544K->1152K(814592K)] 1814174K->1002806K(1838592K), 0.0093740 secs] [Times: user=0.06 sys=0.00, real=0.01 secs] 
997.029: [GC
Desired survivor size 4194304 bytes, new threshold 1 (max 15)
 [PSYoungGen: 811648K->1280K(815104K)] 1813302K->1002950K(1839104K), 0.0090020 secs] [Times: user=0.04 sys=0.01, real=0.01 secs] 
997.320: [GC
Desired survivor size 4194304 bytes, new threshold 1 (max 15)
 [PSYoungGen: 812288K->2368K(815104K)] 1813958K->1004062K(1839104K), 0.0285800 secs] [Times: user=0.10 sys=0.00, real=0.03 secs] 
997.597: [GC
Desired survivor size 4194304 bytes, new threshold 1 (max 15)
 [PSYoungGen: 813376K->1152K(815104K)] 1815070K->1002886K(1839104K), 0.0090790 secs] [Times: user=0.05 sys=0.00, real=0.01 secs] 
997.870: [GC
Desired survivor size 4194304 bytes, new threshold 1 (max 15)
 [PSYoungGen: 812160K->1088K(815104K)] 1813894K->1002854K(1839104K), 0.0092510 secs] [Times: user=0.06 sys=0.00, real=0.01 secs] 
998.136: [GC
Desired survivor size 4194304 bytes, new threshold 1 (max 15)
 [PSYoungGen: 812096K->2528K(815104K)] 1813862K->1004318K(1839104K), 0.0101440 secs] [Times: user=0.06 sys=0.00, real=0.01 secs] 
998.393: [GC
Desired survivor size 4194304 bytes, new threshold 1 (max 15)
 [PSYoungGen: 813536K->1248K(815104K)] 1815326K->1003070K(1839104K), 0.0093470 secs] [Times: user=0.05 sys=0.00, real=0.01 secs] 
998.652: [GC
Desired survivor size 4718592 bytes, new threshold 1 (max 15)
 [PSYoungGen: 812256K->3488K(814080K)] 1814078K->1005334K(1838080K), 0.0104360 secs] [Times: user=0.06 sys=0.00, real=0.01 secs] 
998.924: [GC
Desired survivor size 4194304 bytes, new threshold 1 (max 15)
 [PSYoungGen: 813472K->1696K(814592K)] 1815318K->1003566K(1838592K), 0.0092380 secs] [Times: user=0.06 sys=0.00, real=0.01 secs] 
999.211: [GC
Desired survivor size 4194304 bytes, new threshold 1 (max 15)
 [PSYoungGen: 811680K->1344K(815104K)] 1813550K->1003246K(1839104K), 0.0092870 secs] [Times: user=0.06 sys=0.00, real=0.01 secs] 
999.471: [GC
Desired survivor size 4194304 bytes, new threshold 1 (max 15)
 [PSYoungGen: 812352K->2112K(815104K)] 1814254K->1004054K(1839104K), 0.0096270 secs] [Times: user=0.05 sys=0.00, real=0.01 secs] 
999.740: [GC
Desired survivor size 4194304 bytes, new threshold 1 (max 15)
 [PSYoungGen: 813120K->2048K(815104K)] 1815062K->1004030K(1839104K), 0.0098780 secs] [Times: user=0.05 sys=0.00, real=0.01 secs] 
1000.000: [GC
Desired survivor size 4718592 bytes, new threshold 1 (max 15)
 [PSYoungGen: 813056K->3968K(815104K)] 1815038K->1005974K(1839104K), 0.0105110 secs] [Times: user=0.06 sys=0.01, real=0.01 secs] 
1000.271: [GC
Desired survivor size 4194304 bytes, new threshold 1 (max 15)
 [PSYoungGen: 814976K->2016K(815104K)] 1816982K->1004054K(1839104K), 0.0096920 secs] [Times: user=0.06 sys=0.00, real=0.01 secs] 
1000.533: [GC
Desired survivor size 4718592 bytes, new threshold 1 (max 15)
 [PSYoungGen: 813024K->3072K(814080K)] 1815062K->1005582K(1838080K), 0.0100190 secs] [Times: user=0.05 sys=0.00, real=0.01 secs] 
1000.807: [GC
Desired survivor size 4718592 bytes, new threshold 1 (max 15)
 [PSYoungGen: 814080K->2592K(814592K)] 1816590K->1006446K(1838592K), 0.0112320 secs] [Times: user=0.05 sys=0.00, real=0.01 secs] 
1001.069: [GC
Desired survivor size 4718592 bytes, new threshold 1 (max 15)
 [PSYoungGen: 812576K->1184K(814592K)] 1816430K->1005150K(1838592K), 0.0107770 secs] [Times: user=0.05 sys=0.00, real=0.01 secs] 
1001.331: [GC
Desired survivor size 4718592 bytes, new threshold 1 (max 15)
 [PSYoungGen: 811168K->672K(814592K)] 1815134K->1004670K(1838592K), 0.0091790 secs] [Times: user=0.04 sys=0.00, real=0.01 secs] 
1001.602: [GC
Desired survivor size 4194304 bytes, new threshold 1 (max 15)
 [PSYoungGen: 810656K->2016K(814592K)] 1814654K->1006038K(1838592K), 0.0096220 secs] [Times: user=0.05 sys=0.00, real=0.01 secs] 
1001.877: [GC
Desired survivor size 4194304 bytes, new threshold 1 (max 15)
 [PSYoungGen: 812000K->832K(815104K)] 1816022K->1004902K(1839104K), 0.0091050 secs] [Times: user=0.05 sys=0.00, real=0.01 secs] 
1002.145: [GC
Desired survivor size 4194304 bytes, new threshold 1 (max 15)
 [PSYoungGen: 811840K->576K(815104K)] 1815910K->1004678K(1839104K), 0.0092800 secs] [Times: user=0.05 sys=0.00, real=0.00 secs] 
1002.409: [GC
Desired survivor size 4194304 bytes, new threshold 1 (max 15)
 [PSYoungGen: 811584K->2400K(815104K)] 1815686K->1006534K(1839104K), 0.0096780 secs] [Times: user=0.06 sys=0.00, real=0.01 secs] 
1002.679: [GC
Desired survivor size 4194304 bytes, new threshold 1 (max 15)
 [PSYoungGen: 813408K->1728K(815104K)] 1817542K->1005910K(1839104K), 0.0151370 secs] [Times: user=0.06 sys=0.00, real=0.02 secs] 
1002.951: [GC
Desired survivor size 4194304 bytes, new threshold 1 (max 15)
 [PSYoungGen: 812736K->2304K(815104K)] 1816918K->1006518K(1839104K), 0.0103900 secs] [Times: user=0.06 sys=0.00, real=0.01 secs] 
1003.217: [GC
Desired survivor size 4194304 bytes, new threshold 1 (max 15)
 [PSYoungGen: 813312K->1536K(815104K)] 1817526K->1005774K(1839104K), 0.0098350 secs] [Times: user=0.05 sys=0.00, real=0.01 secs] 
1003.477: [GC
Desired survivor size 4194304 bytes, new threshold 1 (max 15)
 [PSYoungGen: 812544K->608K(815104K)] 1816782K->1004878K(1839104K), 0.0089090 secs] [Times: user=0.06 sys=0.00, real=0.01 secs] 
1003.753: [GC
Desired survivor size 3670016 bytes, new threshold 1 (max 15)
 [PSYoungGen: 811616K->1696K(815104K)] 1815886K->1005998K(1839104K), 0.0095740 secs] [Times: user=0.06 sys=0.00, real=0.01 secs] 
1004.018: [GC
Desired survivor size 3670016 bytes, new threshold 1 (max 15)
 [PSYoungGen: 812704K->1376K(815616K)] 1817006K->1005694K(1839616K), 0.0098830 secs] [Times: user=0.05 sys=0.01, real=0.01 secs] 
1004.293: [GC
Desired survivor size 3670016 bytes, new threshold 1 (max 15)
 [PSYoungGen: 813408K->1856K(815616K)] 1817726K->1006206K(1839616K), 0.0189040 secs] [Times: user=0.04 sys=0.00, real=0.02 secs] 
1004.561: [GC
Desired survivor size 3670016 bytes, new threshold 1 (max 15)
 [PSYoungGen: 813888K->992K(815616K)] 1818238K->1005366K(1839616K), 0.0094950 secs] [Times: user=0.05 sys=0.00, real=0.01 secs] 
1004.843: [GC
Desired survivor size 3670016 bytes, new threshold 1 (max 15)
 [PSYoungGen: 813024K->1024K(815616K)] 1817398K->1005430K(1839616K), 0.0095810 secs] [Times: user=0.06 sys=0.00, real=0.01 secs] 
1005.101: [GC
Desired survivor size 3145728 bytes, new threshold 1 (max 15)
 [PSYoungGen: 813056K->1536K(816128K)] 1817462K->1005974K(1840128K), 0.0099040 secs] [Times: user=0.06 sys=0.00, real=0.01 secs] 
1005.367: [GC
Desired survivor size 3145728 bytes, new threshold 1 (max 15)
 [PSYoungGen: 814080K->1888K(815616K)] 1818518K->1006350K(1839616K), 0.0100560 secs] [Times: user=0.06 sys=0.00, real=0.01 secs] 
1005.637: [GC
Desired survivor size 3145728 bytes, new threshold 1 (max 15)
 [PSYoungGen: 814432K->1120K(816128K)] 1818894K->1005606K(1840128K), 0.0092540 secs] [Times: user=0.05 sys=0.00, real=0.01 secs] 
1005.915: [GC
Desired survivor size 3145728 bytes, new threshold 1 (max 15)
 [PSYoungGen: 814176K->1952K(816128K)] 1818662K->1006470K(1840128K), 0.0093810 secs] [Times: user=0.06 sys=0.00, real=0.01 secs] 
1006.184: [GC
Desired survivor size 3145728 bytes, new threshold 1 (max 15)
 [PSYoungGen: 815008K->1344K(816128K)] 1819526K->1005894K(1840128K), 0.0095960 secs] [Times: user=0.04 sys=0.00, real=0.01 secs] 
1006.444: [GC
Desired survivor size 3145728 bytes, new threshold 1 (max 15)
 [PSYoungGen: 814400K->736K(816128K)] 1818950K->1005350K(1840128K), 0.0090720 secs] [Times: user=0.05 sys=0.00, real=0.01 secs] 
1006.720: [GC
Desired survivor size 3145728 bytes, new threshold 1 (max 15)
 [PSYoungGen: 813792K->1216K(816128K)] 1818406K->1005854K(1840128K), 0.0093050 secs] [Times: user=0.05 sys=0.00, real=0.01 secs] 
1006.982: [GC
Desired survivor size 3145728 bytes, new threshold 1 (max 15)
 [PSYoungGen: 814272K->1344K(816128K)] 1818910K->1006030K(1840128K), 0.0093740 secs] [Times: user=0.05 sys=0.00, real=0.01 secs] 
1007.243: [GC
Desired survivor size 3670016 bytes, new threshold 1 (max 15)
 [PSYoungGen: 814400K->3072K(815104K)] 1819086K->1007782K(1839104K), 0.0099860 secs] [Times: user=0.07 sys=0.00, real=0.01 secs] 
1007.504: [GC
Desired survivor size 3670016 bytes, new threshold 1 (max 15)
 [PSYoungGen: 815104K->3168K(815616K)] 1819814K->1007910K(1839616K), 0.0097890 secs] [Times: user=0.06 sys=0.00, real=0.01 secs] 
1007.773: [GC
Desired survivor size 4194304 bytes, new threshold 1 (max 15)
 [PSYoungGen: 815200K->3552K(814592K)] 1819942K->1009486K(1838592K), 0.0109420 secs] [Times: user=0.06 sys=0.01, real=0.01 secs] 
1008.030: [GC
Desired survivor size 4194304 bytes, new threshold 1 (max 15)
 [PSYoungGen: 814560K->1888K(815104K)] 1820494K->1009286K(1839104K), 0.0098980 secs] [Times: user=0.06 sys=0.00, real=0.01 secs] 
1008.299: [GC
Desired survivor size 4194304 bytes, new threshold 1 (max 15)
 [PSYoungGen: 812896K->1376K(815104K)] 1820294K->1009902K(1839104K), 0.0098770 secs] [Times: user=0.05 sys=0.00, real=0.01 secs] 
1008.565: [GC
Desired survivor size 4194304 bytes, new threshold 1 (max 15)
 [PSYoungGen: 812384K->1984K(815104K)] 1820910K->1010534K(1839104K), 0.0097020 secs] [Times: user=0.06 sys=0.00, real=0.01 secs] 
1008.837: [GC
Desired survivor size 3670016 bytes, new threshold 1 (max 15)
 [PSYoungGen: 812992K->1376K(815616K)] 1821542K->1009942K(1839616K), 0.0094060 secs] [Times: user=0.06 sys=0.00, real=0.01 secs] 
1009.104: [GC
Desired survivor size 3670016 bytes, new threshold 1 (max 15)
 [PSYoungGen: 812896K->1664K(815104K)] 1821462K->1010254K(1839104K), 0.0095790 secs] [Times: user=0.06 sys=0.00, real=0.01 secs] 
1009.366: [GC
Desired survivor size 3670016 bytes, new threshold 1 (max 15)
 [PSYoungGen: 813184K->1824K(815616K)] 1821774K->1010438K(1839616K), 0.0100800 secs] [Times: user=0.05 sys=0.00, real=0.01 secs] 
1009.632: [GC
Desired survivor size 3670016 bytes, new threshold 1 (max 15)
 [PSYoungGen: 813856K->1920K(815616K)] 1822470K->1010590K(1839616K), 0.0096240 secs] [Times: user=0.05 sys=0.00, real=0.01 secs] 
1009.901: [GC
Desired survivor size 3670016 bytes, new threshold 1 (max 15)
 [PSYoungGen: 813952K->1184K(815616K)] 1822622K->1009886K(1839616K), 0.0101380 secs] [Times: user=0.05 sys=0.00, real=0.01 secs] 
1010.169: [GC
Desired survivor size 3670016 bytes, new threshold 1 (max 15)
 [PSYoungGen: 813216K->2080K(815616K)] 1821918K->1010822K(1839616K), 0.0101470 secs] [Times: user=0.06 sys=0.00, real=0.01 secs] 
1010.437: [GC
Desired survivor size 3670016 bytes, new threshold 1 (max 15)
 [PSYoungGen: 814112K->2784K(815616K)] 1822854K->1011550K(1839616K), 0.0103640 secs] [Times: user=0.06 sys=0.00, real=0.01 secs] 
1010.702: [GC
Desired survivor size 4194304 bytes, new threshold 1 (max 15)
 [PSYoungGen: 814816K->3264K(815616K)] 1823582K->1012414K(1839616K), 0.0101060 secs] [Times: user=0.07 sys=0.00, real=0.01 secs] 
1010.963: [GC
Desired survivor size 3670016 bytes, new threshold 1 (max 15)
 [PSYoungGen: 815296K->1920K(815616K)] 1824446K->1012086K(1839616K), 0.0102670 secs] [Times: user=0.05 sys=0.00, real=0.01 secs] 
1011.231: [GC
Desired survivor size 3670016 bytes, new threshold 1 (max 15)
 [PSYoungGen: 813952K->1856K(815616K)] 1824118K->1012094K(1839616K), 0.0096310 secs] [Times: user=0.05 sys=0.00, real=0.01 secs] 
1011.495: [GC
Desired survivor size 3670016 bytes, new threshold 1 (max 15)
 [PSYoungGen: 813888K->928K(815616K)] 1824126K->1011206K(1839616K), 0.0097540 secs] [Times: user=0.05 sys=0.00, real=0.01 secs] 
1011.767: [GC
Desired survivor size 3670016 bytes, new threshold 1 (max 15)
 [PSYoungGen: 812960K->2048K(815616K)] 1823238K->1012358K(1839616K), 0.0098630 secs] [Times: user=0.05 sys=0.00, real=0.01 secs] 
1012.073: [GC
Desired survivor size 3670016 bytes, new threshold 1 (max 15)
 [PSYoungGen: 814080K->1184K(815616K)] 1824390K->1011534K(1839616K), 0.0099720 secs] [Times: user=0.06 sys=0.00, real=0.01 secs] 
1012.339: [GC
Desired survivor size 3670016 bytes, new threshold 1 (max 15)
 [PSYoungGen: 813216K->864K(815616K)] 1823566K->1011246K(1839616K), 0.0094410 secs] [Times: user=0.06 sys=0.00, real=0.01 secs] 
1012.605: [GC
Desired survivor size 3670016 bytes, new threshold 1 (max 15)
 [PSYoungGen: 812896K->2112K(815616K)] 1823278K->1012526K(1839616K), 0.0098690 secs] [Times: user=0.05 sys=0.00, real=0.01 secs] 
1012.883: [GC
Desired survivor size 3670016 bytes, new threshold 1 (max 15)
 [PSYoungGen: 814144K->2704K(815616K)] 1824558K->1013162K(1839616K), 0.0102590 secs] [Times: user=0.07 sys=0.00, real=0.01 secs] 
1013.167: [GC
Desired survivor size 4194304 bytes, new threshold 1 (max 15)
 [PSYoungGen: 814736K->2512K(814592K)] 1825194K->1013258K(1838592K), 0.0106440 secs] [Times: user=0.06 sys=0.00, real=0.01 secs] 
1013.451: [GC
Desired survivor size 4194304 bytes, new threshold 1 (max 15)
 [PSYoungGen: 813520K->800K(815104K)] 1824266K->1011738K(1839104K), 0.0094720 secs] [Times: user=0.06 sys=0.00, real=0.01 secs] 
1013.724: [GC
Desired survivor size 3670016 bytes, new threshold 1 (max 15)
 [PSYoungGen: 811808K->2176K(815616K)] 1822746K->1013298K(1839616K), 0.0098200 secs] [Times: user=0.06 sys=0.00, real=0.01 secs] 
1013.985: [GC
Desired survivor size 3670016 bytes, new threshold 1 (max 15)
 [PSYoungGen: 813696K->2208K(815104K)] 1824818K->1013370K(1839104K), 0.0096760 secs] [Times: user=0.06 sys=0.00, real=0.01 secs] 
1014.253: [GC
Desired survivor size 3670016 bytes, new threshold 1 (max 15)
 [PSYoungGen: 813728K->1984K(815616K)] 1824890K->1013186K(1839616K), 0.0096390 secs] [Times: user=0.06 sys=0.00, real=0.01 secs] 
1014.513: [GC
Desired survivor size 3670016 bytes, new threshold 1 (max 15)
 [PSYoungGen: 814016K->1312K(815616K)] 1825218K->1012578K(1839616K), 0.0088850 secs] [Times: user=0.05 sys=0.00, real=0.01 secs] 
1014.781: [GC
Desired survivor size 3670016 bytes, new threshold 1 (max 15)
 [PSYoungGen: 813344K->2144K(815616K)] 1824610K->1013426K(1839616K), 0.0099720 secs] [Times: user=0.06 sys=0.00, real=0.01 secs] 
1015.050: [GC
Desired survivor size 3670016 bytes, new threshold 1 (max 15)
 [PSYoungGen: 814176K->416K(815616K)] 1825458K->1011746K(1839616K), 0.0086820 secs] [Times: user=0.04 sys=0.01, real=0.01 secs] 
1015.317: [GC
Desired survivor size 3670016 bytes, new threshold 1 (max 15)
 [PSYoungGen: 812448K->1280K(815616K)] 1823778K->1012634K(1839616K), 0.0090400 secs] [Times: user=0.05 sys=0.00, real=0.00 secs] 
1015.578: [GC
Desired survivor size 4194304 bytes, new threshold 1 (max 15)
 [PSYoungGen: 813312K->3360K(815616K)] 1824666K->1014922K(1839616K), 0.0106070 secs] [Times: user=0.06 sys=0.00, real=0.01 secs] 
1015.864: [GC
Desired survivor size 4194304 bytes, new threshold 1 (max 15)
 [PSYoungGen: 815392K->992K(814592K)] 1826954K->1013346K(1838592K), 0.0091770 secs] [Times: user=0.05 sys=0.00, real=0.01 secs] 
1016.132: [GC
Desired survivor size 4194304 bytes, new threshold 1 (max 15)
 [PSYoungGen: 812000K->1120K(815104K)] 1824354K->1013506K(1839104K), 0.0096960 secs] [Times: user=0.05 sys=0.00, real=0.01 secs] 
1016.396: [GC
Desired survivor size 4194304 bytes, new threshold 1 (max 15)
 [PSYoungGen: 812128K->384K(815104K)] 1824514K->1012818K(1839104K), 0.0095140 secs] [Times: user=0.05 sys=0.00, real=0.01 secs] 
1016.653: [GC
Desired survivor size 4194304 bytes, new threshold 1 (max 15)
 [PSYoungGen: 811392K->3232K(815104K)] 1823826K->1015690K(1839104K), 0.0100440 secs] [Times: user=0.06 sys=0.00, real=0.01 secs] 
1016.927: [GC
Desired survivor size 4194304 bytes, new threshold 1 (max 15)
 [PSYoungGen: 814240K->1568K(815104K)] 1826698K->1015234K(1839104K), 0.0096140 secs] [Times: user=0.05 sys=0.00, real=0.01 secs] 
1017.197: [GC
Desired survivor size 4194304 bytes, new threshold 1 (max 15)
 [PSYoungGen: 812576K->2208K(815104K)] 1826242K->1016570K(1839104K), 0.0103060 secs] [Times: user=0.06 sys=0.00, real=0.01 secs] 
1017.461: [GC
Desired survivor size 4194304 bytes, new threshold 1 (max 15)
 [PSYoungGen: 813216K->1216K(815104K)] 1827578K->1015762K(1839104K), 0.0092520 secs] [Times: user=0.06 sys=0.00, real=0.01 secs] 
1017.741: [GC
Desired survivor size 4194304 bytes, new threshold 1 (max 15)
 [PSYoungGen: 812224K->1920K(815104K)] 1826770K->1016506K(1839104K), 0.0096140 secs] [Times: user=0.05 sys=0.00, real=0.01 secs] 
1018.005: [GC
Desired survivor size 3670016 bytes, new threshold 1 (max 15)
 [PSYoungGen: 812928K->1600K(815616K)] 1827514K->1016202K(1839616K), 0.0095320 secs] [Times: user=0.05 sys=0.01, real=0.01 secs] 
1018.281: [GC
Desired survivor size 3670016 bytes, new threshold 1 (max 15)
 [PSYoungGen: 813120K->960K(815104K)] 1827722K->1015586K(1839104K), 0.0094850 secs] [Times: user=0.05 sys=0.01, real=0.01 secs] 
1018.542: [GC
Desired survivor size 3670016 bytes, new threshold 1 (max 15)
 [PSYoungGen: 812480K->2624K(815616K)] 1827106K->1017282K(1839616K), 0.0103600 secs] [Times: user=0.06 sys=0.00, real=0.01 secs] 
1018.822: [GC
Desired survivor size 4194304 bytes, new threshold 1 (max 15)
 [PSYoungGen: 814656K->256K(812544K)] 1829314K->1014946K(1836544K), 0.0088790 secs] [Times: user=0.05 sys=0.00, real=0.01 secs] 
1019.087: [GC
Desired survivor size 3670016 bytes, new threshold 1 (max 15)
 [PSYoungGen: 812288K->1792K(815616K)] 1826978K->1016498K(1839616K), 0.0098150 secs] [Times: user=0.06 sys=0.00, real=0.00 secs] 
1019.349: [GC
Desired survivor size 3670016 bytes, new threshold 1 (max 15)
 [PSYoungGen: 813312K->1824K(815104K)] 1828018K->1016562K(1839104K), 0.0098260 secs] [Times: user=0.05 sys=0.00, real=0.01 secs] 
1019.618: [GC
Desired survivor size 3670016 bytes, new threshold 1 (max 15)
 [PSYoungGen: 813344K->1728K(815616K)] 1828082K->1016498K(1839616K), 0.0112100 secs] [Times: user=0.06 sys=0.00, real=0.01 secs] 
1019.887: [GC
Desired survivor size 3670016 bytes, new threshold 1 (max 15)
 [PSYoungGen: 813760K->928K(815616K)] 1828530K->1015738K(1839616K), 0.0092220 secs] [Times: user=0.05 sys=0.00, real=0.00 secs] 
1020.152: [GC
Desired survivor size 3670016 bytes, new threshold 1 (max 15)
 [PSYoungGen: 812960K->2912K(815616K)] 1827770K->1017754K(1839616K), 0.0101010 secs] [Times: user=0.07 sys=0.00, real=0.01 secs] 
1020.423: [GC
Desired survivor size 4194304 bytes, new threshold 1 (max 15)
 [PSYoungGen: 814944K->2336K(814592K)] 1829786K->1017202K(1838592K), 0.0104810 secs] [Times: user=0.05 sys=0.00, real=0.01 secs] 
1020.700: [GC
Desired survivor size 3670016 bytes, new threshold 1 (max 15)
 [PSYoungGen: 814368K->800K(815616K)] 1829234K->1015698K(1839616K), 0.0094420 secs] [Times: user=0.06 sys=0.00, real=0.01 secs] 
1020.967: [GC
Desired survivor size 4194304 bytes, new threshold 1 (max 15)
 [PSYoungGen: 812320K->2784K(815104K)] 1827218K->1017714K(1839104K), 0.0101010 secs] [Times: user=0.06 sys=0.00, real=0.01 secs] 
1021.235: [GC
Desired survivor size 4194304 bytes, new threshold 1 (max 15)
 [PSYoungGen: 814304K->1408K(815104K)] 1829234K->1016370K(1839104K), 0.0098260 secs] [Times: user=0.05 sys=0.00, real=0.01 secs] 
1021.485: [GC
Desired survivor size 4194304 bytes, new threshold 1 (max 15)
 [PSYoungGen: 812416K->1056K(815104K)] 1827378K->1016042K(1839104K), 0.0096670 secs] [Times: user=0.06 sys=0.00, real=0.01 secs] 
1021.761: [GC
Desired survivor size 3670016 bytes, new threshold 1 (max 15)
 [PSYoungGen: 812064K->1600K(815616K)] 1827050K->1016610K(1839616K), 0.0103500 secs] [Times: user=0.05 sys=0.01, real=0.01 secs] 
1022.025: [GC
Desired survivor size 4194304 bytes, new threshold 1 (max 15)
 [PSYoungGen: 813120K->2624K(815104K)] 1828130K->1018002K(1839104K), 0.0104380 secs] [Times: user=0.06 sys=0.00, real=0.01 secs] 
1022.294: [GC
Desired survivor size 4194304 bytes, new threshold 1 (max 15)
 [PSYoungGen: 814144K->2752K(815104K)] 1829522K->1018810K(1839104K), 0.0108240 secs] [Times: user=0.08 sys=0.00, real=0.01 secs] 
1022.554: [GC
Desired survivor size 4194304 bytes, new threshold 1 (max 15)
 [PSYoungGen: 813760K->1056K(815104K)] 1829818K->1017706K(1839104K), 0.0092260 secs] [Times: user=0.05 sys=0.00, real=0.01 secs] 
1022.826: [GC
Desired survivor size 4718592 bytes, new threshold 1 (max 15)
 [PSYoungGen: 812064K->3392K(814080K)] 1828714K->1020082K(1838080K), 0.0107540 secs] [Times: user=0.06 sys=0.01, real=0.01 secs] 
1023.085: [GC
Desired survivor size 4718592 bytes, new threshold 1 (max 15)
 [PSYoungGen: 813376K->3392K(814592K)] 1830066K->1020106K(1838592K), 0.0100700 secs] [Times: user=0.07 sys=0.00, real=0.01 secs] 
1023.350: [GC
Desired survivor size 4718592 bytes, new threshold 1 (max 15)
 [PSYoungGen: 813376K->832K(814592K)] 1830090K->1017562K(1838592K), 0.0097190 secs] [Times: user=0.06 sys=0.00, real=0.01 secs] 
1023.615: [GC
Desired survivor size 4718592 bytes, new threshold 1 (max 15)
 [PSYoungGen: 810816K->2240K(814592K)] 1827546K->1018978K(1838592K), 0.0103600 secs] [Times: user=0.06 sys=0.00, real=0.01 secs] 
1023.887: [GC
Desired survivor size 4718592 bytes, new threshold 1 (max 15)
 [PSYoungGen: 812224K->992K(814592K)] 1828962K->1017770K(1838592K), 0.0090650 secs] [Times: user=0.05 sys=0.00, real=0.01 secs] 
1024.149: [GC
Desired survivor size 4718592 bytes, new threshold 1 (max 15)
 [PSYoungGen: 810976K->768K(814592K)] 1827754K->1017578K(1838592K), 0.0093200 secs] [Times: user=0.05 sys=0.00, real=0.01 secs] 
1024.430: [GC
Desired survivor size 4194304 bytes, new threshold 1 (max 15)
 [PSYoungGen: 810752K->2208K(815104K)] 1827562K->1019042K(1839104K), 0.0101510 secs] [Times: user=0.06 sys=0.00, real=0.01 secs] 
1024.724: [GC
Desired survivor size 4718592 bytes, new threshold 1 (max 15)
 [PSYoungGen: 812704K->2560K(814592K)] 1829538K->1019418K(1838592K), 0.0103160 secs] [Times: user=0.06 sys=0.00, real=0.01 secs] 
1024.988: [GC
Desired survivor size 4194304 bytes, new threshold 1 (max 15)
 [PSYoungGen: 813056K->1824K(815104K)] 1829914K->1018714K(1839104K), 0.0101000 secs] [Times: user=0.05 sys=0.00, real=0.01 secs] 
1025.247: [GC
Desired survivor size 4194304 bytes, new threshold 1 (max 15)
 [PSYoungGen: 812320K->1280K(814592K)] 1829210K->1018194K(1838592K), 0.0093460 secs] [Times: user=0.06 sys=0.00, real=0.01 secs] 
1025.510: [GC
Desired survivor size 4194304 bytes, new threshold 1 (max 15)
 [PSYoungGen: 811776K->2144K(815104K)] 1828690K->1019090K(1839104K), 0.0102140 secs] [Times: user=0.06 sys=0.00, real=0.01 secs] 
1025.787: [GC
Desired survivor size 4194304 bytes, new threshold 1 (max 15)
 [PSYoungGen: 813152K->832K(815104K)] 1830098K->1017794K(1839104K), 0.0096470 secs] [Times: user=0.05 sys=0.00, real=0.01 secs] 
1026.058: [GC
Desired survivor size 4194304 bytes, new threshold 1 (max 15)
 [PSYoungGen: 811840K->2400K(815104K)] 1828802K->1019386K(1839104K), 0.0100910 secs] [Times: user=0.06 sys=0.00, real=0.01 secs] 
1026.327: [GC
Desired survivor size 4194304 bytes, new threshold 1 (max 15)
 [PSYoungGen: 813408K->320K(815104K)] 1830394K->1017346K(1839104K), 0.0088080 secs] [Times: user=0.05 sys=0.00, real=0.01 secs] 
1026.589: [GC
Desired survivor size 4194304 bytes, new threshold 1 (max 15)
 [PSYoungGen: 811328K->1024K(815104K)] 1828354K->1018074K(1839104K), 0.0093020 secs] [Times: user=0.05 sys=0.01, real=0.01 secs] 
1026.866: [GC
Desired survivor size 4194304 bytes, new threshold 1 (max 15)
 [PSYoungGen: 812032K->1024K(815104K)] 1829082K->1018106K(1839104K), 0.0095100 secs] [Times: user=0.05 sys=0.00, real=0.01 secs] 
1027.131: [GC
Desired survivor size 4194304 bytes, new threshold 1 (max 15)
 [PSYoungGen: 812032K->2368K(815104K)] 1829114K->1019474K(1839104K), 0.0101640 secs] [Times: user=0.06 sys=0.00, real=0.01 secs] 
1027.398: [GC
Desired survivor size 4194304 bytes, new threshold 1 (max 15)
 [PSYoungGen: 813376K->1088K(815104K)] 1830482K->1018218K(1839104K), 0.0091220 secs] [Times: user=0.06 sys=0.00, real=0.00 secs] 
1027.662: [GC
Desired survivor size 4194304 bytes, new threshold 1 (max 15)
 [PSYoungGen: 812096K->2144K(815104K)] 1829226K->1019290K(1839104K), 0.0100570 secs] [Times: user=0.06 sys=0.00, real=0.01 secs] 
1027.939: [GC
Desired survivor size 3670016 bytes, new threshold 1 (max 15)
 [PSYoungGen: 813152K->896K(815104K)] 1830298K->1018066K(1839104K), 0.0091810 secs] [Times: user=0.06 sys=0.00, real=0.00 secs] 
1028.198: [GC
Desired survivor size 4194304 bytes, new threshold 1 (max 15)
 [PSYoungGen: 811904K->2464K(814592K)] 1829074K->1019666K(1838592K), 0.0101530 secs] [Times: user=0.06 sys=0.00, real=0.01 secs] 
1028.464: [GC
Desired survivor size 4194304 bytes, new threshold 1 (max 15)
 [PSYoungGen: 813472K->768K(815104K)] 1830674K->1018002K(1839104K), 0.0087730 secs] [Times: user=0.05 sys=0.00, real=0.01 secs] 
1028.745: [GC
Desired survivor size 3670016 bytes, new threshold 1 (max 15)
 [PSYoungGen: 811776K->1184K(815616K)] 1829010K->1018434K(1839616K), 0.0096930 secs] [Times: user=0.05 sys=0.00, real=0.01 secs] 
1029.000: [GC
Desired survivor size 4194304 bytes, new threshold 1 (max 15)
 [PSYoungGen: 812704K->3168K(815104K)] 1829954K->1020450K(1839104K), 0.0104100 secs] [Times: user=0.06 sys=0.00, real=0.01 secs] 
1029.264: [GC
Desired survivor size 4194304 bytes, new threshold 1 (max 15)
 [PSYoungGen: 814688K->1120K(815104K)] 1831970K->1018442K(1839104K), 0.0095090 secs] [Times: user=0.04 sys=0.00, real=0.01 secs] 
1029.532: [GC
Desired survivor size 3670016 bytes, new threshold 1 (max 15)
 [PSYoungGen: 812128K->1632K(815104K)] 1829450K->1018986K(1839104K), 0.0096320 secs] [Times: user=0.06 sys=0.00, real=0.01 secs] 
1029.855: [GC
Desired survivor size 4194304 bytes, new threshold 1 (max 15)
 [PSYoungGen: 812640K->3008K(814592K)] 1829994K->1020378K(1838592K), 0.0103890 secs] [Times: user=0.05 sys=0.00, real=0.01 secs] 
1030.221: [GC
Desired survivor size 4194304 bytes, new threshold 1 (max 15)
 [PSYoungGen: 814016K->2784K(815104K)] 1831386K->1020370K(1839104K), 0.0100240 secs] [Times: user=0.05 sys=0.00, real=0.01 secs] 
1030.490: [GC
Desired survivor size 4194304 bytes, new threshold 1 (max 15)
 [PSYoungGen: 813792K->1472K(815104K)] 1831378K->1019162K(1839104K), 0.0128610 secs] [Times: user=0.07 sys=0.01, real=0.01 secs] 
1030.766: [GC
Desired survivor size 4194304 bytes, new threshold 1 (max 15)
 [PSYoungGen: 812480K->2112K(815104K)] 1830170K->1019834K(1839104K), 0.0097830 secs] [Times: user=0.06 sys=0.00, real=0.01 secs] 
1031.026: [GC
Desired survivor size 4194304 bytes, new threshold 1 (max 15)
 [PSYoungGen: 813120K->2208K(815104K)] 1830842K->1019946K(1839104K), 0.0097060 secs] [Times: user=0.06 sys=0.00, real=0.01 secs] 
1031.367: [GC
Desired survivor size 3670016 bytes, new threshold 1 (max 15)
 [PSYoungGen: 813216K->1984K(815104K)] 1830954K->1019754K(1839104K), 0.0098250 secs] [Times: user=0.06 sys=0.00, real=0.01 secs] 
1031.639: [GC
Desired survivor size 3670016 bytes, new threshold 1 (max 15)
 [PSYoungGen: 812992K->1504K(815616K)] 1830762K->1019314K(1839616K), 0.0096490 secs] [Times: user=0.04 sys=0.00, real=0.01 secs] 
1031.952: [GC
Desired survivor size 3670016 bytes, new threshold 1 (max 15)
 [PSYoungGen: 813536K->1120K(815616K)] 1831346K->1018970K(1839616K), 0.0093020 secs] [Times: user=0.06 sys=0.00, real=0.01 secs] 
1032.218: [GC
Desired survivor size 4194304 bytes, new threshold 1 (max 15)
 [PSYoungGen: 813152K->2976K(814592K)] 1831002K->1020858K(1838592K), 0.0102260 secs] [Times: user=0.06 sys=0.00, real=0.01 secs] 
1032.484: [GC
Desired survivor size 3670016 bytes, new threshold 1 (max 15)
 [PSYoungGen: 813984K->1952K(815104K)] 1831866K->1019858K(1839104K), 0.0096500 secs] [Times: user=0.06 sys=0.00, real=0.01 secs] 
1032.768: [GC
Desired survivor size 3670016 bytes, new threshold 1 (max 15)
 [PSYoungGen: 812960K->2304K(815616K)] 1830866K->1020258K(1839616K), 0.0100260 secs] [Times: user=0.06 sys=0.00, real=0.01 secs] 
1033.033: [GC
Desired survivor size 3670016 bytes, new threshold 1 (max 15)
 [PSYoungGen: 814336K->1088K(815616K)] 1832290K->1019082K(1839616K), 0.0095850 secs] [Times: user=0.05 sys=0.00, real=0.01 secs] 
1033.298: [GC
Desired survivor size 3670016 bytes, new threshold 1 (max 15)
 [PSYoungGen: 813120K->2400K(815616K)] 1831114K->1020418K(1839616K), 0.0101120 secs] [Times: user=0.06 sys=0.00, real=0.01 secs] 
1033.561: [GC
Desired survivor size 3670016 bytes, new threshold 1 (max 15)
 [PSYoungGen: 814432K->864K(815616K)] 1832450K->1018914K(1839616K), 0.0093400 secs] [Times: user=0.05 sys=0.00, real=0.01 secs] 
1033.835: [GC
Desired survivor size 4194304 bytes, new threshold 1 (max 15)
 [PSYoungGen: 812896K->3424K(814592K)] 1830946K->1021490K(1838592K), 0.0101870 secs] [Times: user=0.06 sys=0.00, real=0.01 secs] 
1034.106: [GC
Desired survivor size 4194304 bytes, new threshold 1 (max 15)
 [PSYoungGen: 814432K->1088K(815104K)] 1832498K->1019178K(1839104K), 0.0095440 secs] [Times: user=0.05 sys=0.00, real=0.01 secs] 
1034.379: [GC
Desired survivor size 4194304 bytes, new threshold 1 (max 15)
 [PSYoungGen: 812096K->1600K(815104K)] 1830186K->1019706K(1839104K), 0.0094020 secs] [Times: user=0.05 sys=0.00, real=0.00 secs] 
1034.643: [GC
Desired survivor size 4194304 bytes, new threshold 1 (max 15)
 [PSYoungGen: 812608K->2016K(815104K)] 1830714K->1020154K(1839104K), 0.0096350 secs] [Times: user=0.06 sys=0.00, real=0.01 secs] 
1034.909: [GC
Desired survivor size 3670016 bytes, new threshold 1 (max 15)
 [PSYoungGen: 813024K->1664K(815616K)] 1831162K->1019834K(1839616K), 0.0093430 secs] [Times: user=0.06 sys=0.00, real=0.01 secs] 
1035.187: [GC
Desired survivor size 3670016 bytes, new threshold 1 (max 15)
 [PSYoungGen: 813184K->2112K(815104K)] 1831354K->1020298K(1839104K), 0.0098120 secs] [Times: user=0.05 sys=0.00, real=0.01 secs] 
1035.443: [GC
Desired survivor size 4194304 bytes, new threshold 1 (max 15)
 [PSYoungGen: 813632K->3584K(814592K)] 1831818K->1021794K(1838592K), 0.0109430 secs] [Times: user=0.06 sys=0.00, real=0.01 secs] 
1035.714: [GC
Desired survivor size 4194304 bytes, new threshold 1 (max 15)
 [PSYoungGen: 814592K->832K(815104K)] 1832802K->1019082K(1839104K), 0.0092560 secs] [Times: user=0.05 sys=0.00, real=0.01 secs] 
1035.977: [GC
Desired survivor size 4194304 bytes, new threshold 1 (max 15)
 [PSYoungGen: 811840K->864K(815104K)] 1830090K->1019146K(1839104K), 0.0093640 secs] [Times: user=0.05 sys=0.00, real=0.01 secs] 
1036.254: [GC
Desired survivor size 4194304 bytes, new threshold 1 (max 15)
 [PSYoungGen: 811872K->1888K(815104K)] 1830154K->1020186K(1839104K), 0.0096110 secs] [Times: user=0.06 sys=0.00, real=0.01 secs] 
1036.515: [GC
Desired survivor size 3670016 bytes, new threshold 1 (max 15)
 [PSYoungGen: 812896K->1664K(815616K)] 1831194K->1020010K(1839616K), 0.0092880 secs] [Times: user=0.06 sys=0.00, real=0.01 secs] 
1036.787: [GC
Desired survivor size 3670016 bytes, new threshold 1 (max 15)
 [PSYoungGen: 813184K->768K(815104K)] 1831530K->1019146K(1839104K), 0.0088570 secs] [Times: user=0.05 sys=0.00, real=0.01 secs] 
1037.054: [GC
Desired survivor size 3670016 bytes, new threshold 1 (max 15)
 [PSYoungGen: 812288K->1312K(815616K)] 1830666K->1019714K(1839616K), 0.0091680 secs] [Times: user=0.05 sys=0.00, real=0.01 secs] 
1037.318: [GC
Desired survivor size 4194304 bytes, new threshold 1 (max 15)
 [PSYoungGen: 813344K->3424K(815616K)] 1831746K->1022122K(1839616K), 0.0105890 secs] [Times: user=0.06 sys=0.00, real=0.01 secs] 
1037.584: [GC
Desired survivor size 4194304 bytes, new threshold 1 (max 15)
 [PSYoungGen: 815456K->992K(814592K)] 1834154K->1020586K(1838592K), 0.0094700 secs] [Times: user=0.05 sys=0.00, real=0.01 secs] 
1037.912: [GC
Desired survivor size 4194304 bytes, new threshold 1 (max 15)
 [PSYoungGen: 812000K->1248K(815104K)] 1831594K->1021010K(1839104K), 0.0091120 secs] [Times: user=0.06 sys=0.00, real=0.01 secs] 
1038.176: [GC
Desired survivor size 4194304 bytes, new threshold 1 (max 15)
 [PSYoungGen: 812256K->1120K(815104K)] 1832018K->1020906K(1839104K), 0.0093070 secs] [Times: user=0.04 sys=0.00, real=0.01 secs] 
1038.437: [GC
Desired survivor size 3670016 bytes, new threshold 1 (max 15)
 [PSYoungGen: 812128K->1536K(815104K)] 1831914K->1021346K(1839104K), 0.0095030 secs] [Times: user=0.06 sys=0.00, real=0.01 secs] 
1038.707: [GC
Desired survivor size 3670016 bytes, new threshold 1 (max 15)
 [PSYoungGen: 812544K->1504K(815616K)] 1832354K->1021338K(1839616K), 0.0098700 secs] [Times: user=0.05 sys=0.00, real=0.01 secs] 
1038.968: [GC
Desired survivor size 3670016 bytes, new threshold 1 (max 15)
 [PSYoungGen: 813536K->1824K(815616K)] 1833370K->1021674K(1839616K), 0.0095770 secs] [Times: user=0.06 sys=0.00, real=0.01 secs] 
1039.234: [GC
Desired survivor size 3670016 bytes, new threshold 1 (max 15)
 [PSYoungGen: 813856K->3008K(815616K)] 1833706K->1023314K(1839616K), 0.0102420 secs] [Times: user=0.06 sys=0.00, real=0.01 secs] 
1039.497: [GC
Desired survivor size 4194304 bytes, new threshold 1 (max 15)
 [PSYoungGen: 815040K->2752K(815104K)] 1835346K->1024066K(1839104K), 0.0103690 secs] [Times: user=0.06 sys=0.00, real=0.01 secs] 
1039.773: [GC
Desired survivor size 4194304 bytes, new threshold 1 (max 15)
 [PSYoungGen: 814784K->2496K(815104K)] 1836098K->1023882K(1839104K), 0.0140070 secs] [Times: user=0.07 sys=0.00, real=0.01 secs] 
1040.039: [GC
Desired survivor size 4194304 bytes, new threshold 1 (max 15)
 [PSYoungGen: 813504K->1632K(815104K)] 1834890K->1023074K(1839104K), 0.0096760 secs] [Times: user=0.04 sys=0.00, real=0.01 secs] 
1040.301: [GC
Desired survivor size 3670016 bytes, new threshold 1 (max 15)
 [PSYoungGen: 812640K->1536K(815616K)] 1834082K->1023010K(1839616K), 0.0095580 secs] [Times: user=0.06 sys=0.00, real=0.01 secs] 
1040.562: [GC
Desired survivor size 3670016 bytes, new threshold 1 (max 15)
 [PSYoungGen: 813056K->1024K(815104K)] 1834530K->1022530K(1839104K), 0.0097230 secs] [Times: user=0.05 sys=0.01, real=0.01 secs] 
1040.837: [GC
Desired survivor size 3670016 bytes, new threshold 1 (max 15)
 [PSYoungGen: 812544K->1760K(815616K)] 1834050K->1023306K(1839616K), 0.0100200 secs] [Times: user=0.06 sys=0.00, real=0.01 secs] 
1041.194: [GC
Desired survivor size 3670016 bytes, new threshold 1 (max 15)
 [PSYoungGen: 813792K->1664K(815616K)] 1835338K->1023234K(1839616K), 0.0121140 secs] [Times: user=0.05 sys=0.00, real=0.01 secs] 
1041.466: [GC
Desired survivor size 3670016 bytes, new threshold 1 (max 15)
 [PSYoungGen: 813696K->480K(815616K)] 1835266K->1022098K(1839616K), 0.0088240 secs] [Times: user=0.06 sys=0.00, real=0.01 secs] 
1041.750: [GC
Desired survivor size 3670016 bytes, new threshold 1 (max 15)
 [PSYoungGen: 812512K->1984K(815616K)] 1834130K->1023634K(1839616K), 0.0097030 secs] [Times: user=0.05 sys=0.00, real=0.00 secs] 
1042.014: [GC
Desired survivor size 3670016 bytes, new threshold 1 (max 15)
 [PSYoungGen: 814016K->1760K(815616K)] 1835666K->1023434K(1839616K), 0.0099030 secs] [Times: user=0.07 sys=0.00, real=0.01 secs] 
1042.275: [GC
Desired survivor size 3145728 bytes, new threshold 1 (max 15)
 [PSYoungGen: 813792K->1696K(815616K)] 1835466K->1023410K(1839616K), 0.0096180 secs] [Times: user=0.05 sys=0.00, real=0.01 secs] 
1042.534: [GC
Desired survivor size 3145728 bytes, new threshold 1 (max 15)
 [PSYoungGen: 813728K->1280K(816128K)] 1835442K->1023026K(1840128K), 0.0097440 secs] [Times: user=0.05 sys=0.00, real=0.01 secs] 
1042.806: [GC
Desired survivor size 3670016 bytes, new threshold 1 (max 15)
 [PSYoungGen: 814336K->2976K(816128K)] 1836082K->1024762K(1840128K), 0.0105180 secs] [Times: user=0.06 sys=0.00, real=0.01 secs] 
1043.079: [GC
Desired survivor size 3670016 bytes, new threshold 1 (max 15)
 [PSYoungGen: 816032K->2848K(815104K)] 1837818K->1024666K(1839104K), 0.0104060 secs] [Times: user=0.06 sys=0.00, real=0.01 secs] 
1043.344: [GC
Desired survivor size 3670016 bytes, new threshold 1 (max 15)
 [PSYoungGen: 814880K->1344K(815616K)] 1836698K->1023210K(1839616K), 0.0092500 secs] [Times: user=0.06 sys=0.00, real=0.01 secs] 
1043.603: [GC
Desired survivor size 3670016 bytes, new threshold 1 (max 15)
 [PSYoungGen: 813376K->1248K(815616K)] 1835242K->1023138K(1839616K), 0.0098240 secs] [Times: user=0.06 sys=0.00, real=0.01 secs] 
1043.877: [GC
Desired survivor size 3670016 bytes, new threshold 1 (max 15)
 [PSYoungGen: 813280K->2496K(815616K)] 1835170K->1024418K(1839616K), 0.0103640 secs] [Times: user=0.06 sys=0.00, real=0.01 secs] 
1044.140: [GC
Desired survivor size 3670016 bytes, new threshold 1 (max 15)
 [PSYoungGen: 814528K->2432K(815616K)] 1836450K->1024386K(1839616K), 0.0110040 secs] [Times: user=0.06 sys=0.00, real=0.02 secs] 
1044.415: [GC
Desired survivor size 3670016 bytes, new threshold 1 (max 15)
 [PSYoungGen: 814464K->832K(815616K)] 1836418K->1022834K(1839616K), 0.0091600 secs] [Times: user=0.05 sys=0.00, real=0.01 secs] 
1044.692: [GC
Desired survivor size 3670016 bytes, new threshold 1 (max 15)
 [PSYoungGen: 812864K->1472K(815616K)] 1834866K->1023490K(1839616K), 0.0103200 secs] [Times: user=0.06 sys=0.01, real=0.01 secs] 
1044.948: [GC
Desired survivor size 3670016 bytes, new threshold 1 (max 15)
 [PSYoungGen: 813504K->2336K(815616K)] 1835522K->1024378K(1839616K), 0.0097070 secs] [Times: user=0.06 sys=0.00, real=0.01 secs] 
1045.214: [GC
Desired survivor size 3670016 bytes, new threshold 1 (max 15)
 [PSYoungGen: 814368K->1696K(815616K)] 1836410K->1023770K(1839616K), 0.0096340 secs] [Times: user=0.05 sys=0.00, real=0.01 secs] 
1045.476: [GC
Desired survivor size 4194304 bytes, new threshold 1 (max 15)
 [PSYoungGen: 813728K->3456K(815616K)] 1835802K->1025562K(1839616K), 0.0098730 secs] [Times: user=0.06 sys=0.00, real=0.01 secs] 
1045.750: [GC
Desired survivor size 4194304 bytes, new threshold 1 (max 15)
 [PSYoungGen: 815488K->896K(814592K)] 1837594K->1023034K(1838592K), 0.0093250 secs] [Times: user=0.05 sys=0.01, real=0.01 secs] 
1046.013: [GC
Desired survivor size 4194304 bytes, new threshold 1 (max 15)
 [PSYoungGen: 811904K->2208K(815104K)] 1834042K->1024386K(1839104K), 0.0104110 secs] [Times: user=0.07 sys=0.00, real=0.01 secs] 
1046.281: [GC
Desired survivor size 4194304 bytes, new threshold 1 (max 15)
 [PSYoungGen: 813216K->1184K(815104K)] 1835394K->1023394K(1839104K), 0.0090330 secs] [Times: user=0.06 sys=0.00, real=0.01 secs] 
1046.541: [GC
Desired survivor size 3670016 bytes, new threshold 1 (max 15)
 [PSYoungGen: 812192K->1600K(815104K)] 1834402K->1023850K(1839104K), 0.0095760 secs] [Times: user=0.07 sys=0.00, real=0.01 secs] 
1046.813: [GC
Desired survivor size 3670016 bytes, new threshold 1 (max 15)
 [PSYoungGen: 812608K->1856K(815616K)] 1834858K->1024138K(1839616K), 0.0097270 secs] [Times: user=0.07 sys=0.00, real=0.01 secs] 
1047.084: [GC
Desired survivor size 3670016 bytes, new threshold 1 (max 15)
 [PSYoungGen: 813888K->1824K(815616K)] 1836170K->1024138K(1839616K), 0.0096900 secs] [Times: user=0.06 sys=0.00, real=0.01 secs] 
1047.345: [GC
Desired survivor size 3670016 bytes, new threshold 1 (max 15)
 [PSYoungGen: 813856K->1696K(815616K)] 1836170K->1024058K(1839616K), 0.0098830 secs] [Times: user=0.06 sys=0.00, real=0.01 secs] 
1047.605: [GC
Desired survivor size 4194304 bytes, new threshold 1 (max 15)
 [PSYoungGen: 813728K->3584K(815616K)] 1836090K->1026026K(1839616K), 0.0106890 secs] [Times: user=0.07 sys=0.00, real=0.01 secs] 
1047.885: [GC
Desired survivor size 3670016 bytes, new threshold 1 (max 15)
 [PSYoungGen: 815616K->1760K(815616K)] 1838058K->1024290K(1839616K), 0.0093460 secs] [Times: user=0.06 sys=0.01, real=0.01 secs] 
1048.144: [GC
Desired survivor size 4194304 bytes, new threshold 1 (max 15)
 [PSYoungGen: 813792K->2912K(815104K)] 1836322K->1026378K(1839104K), 0.0109160 secs] [Times: user=0.07 sys=0.00, real=0.01 secs] 
1048.412: [GC-- [PSYoungGen: 814944K->814944K(815104K)] 1838410K->1838938K(1839104K), 0.3816640 secs] [Times: user=0.41 sys=0.04, real=0.38 secs] 
1048.794: [Full GC [PSYoungGen: 814944K->0K(815104K)] [ParOldGen: 1023994K->975321K(1024000K)] 1838938K->975321K(1839104K) [PSPermGen: 48219K->48215K(524288K)], 1.5137580 secs] [Times: user=10.70 sys=0.06, real=1.51 secs] 
1050.558: [GC
Desired survivor size 4194304 bytes, new threshold 1 (max 15)
 [PSYoungGen: 812032K->3008K(815104K)] 1787353K->978329K(1839104K), 0.0107230 secs] [Times: user=0.06 sys=0.00, real=0.01 secs] 
1050.836: [GC
Desired survivor size 4194304 bytes, new threshold 1 (max 15)
 [PSYoungGen: 814016K->2112K(815104K)] 1789337K->978689K(1839104K), 0.0105500 secs] [Times: user=0.06 sys=0.00, real=0.01 secs] 
1051.102: [GC
Desired survivor size 4194304 bytes, new threshold 1 (max 15)
 [PSYoungGen: 813120K->2304K(815104K)] 1789697K->978897K(1839104K), 0.0096360 secs] [Times: user=0.05 sys=0.00, real=0.00 secs] 
1051.363: [GC
Desired survivor size 4194304 bytes, new threshold 1 (max 15)
 [PSYoungGen: 813312K->1024K(815104K)] 1789905K->977649K(1839104K), 0.0094110 secs] [Times: user=0.06 sys=0.00, real=0.01 secs] 
1051.627: [GC
Desired survivor size 4194304 bytes, new threshold 1 (max 15)
 [PSYoungGen: 812032K->3520K(815104K)] 1788657K->980169K(1839104K), 0.0100910 secs] [Times: user=0.06 sys=0.00, real=0.01 secs] 
1051.938: [GC
Desired survivor size 4194304 bytes, new threshold 1 (max 15)
 [PSYoungGen: 814528K->1216K(815104K)] 1791177K->977889K(1839104K), 0.0090720 secs] [Times: user=0.05 sys=0.01, real=0.01 secs] 
1052.211: [GC
Desired survivor size 4194304 bytes, new threshold 1 (max 15)
 [PSYoungGen: 812224K->832K(815104K)] 1788897K->977529K(1839104K), 0.0092060 secs] [Times: user=0.05 sys=0.00, real=0.01 secs] 
1052.479: [GC
Desired survivor size 4194304 bytes, new threshold 1 (max 15)
 [PSYoungGen: 811840K->2112K(815104K)] 1788537K->978833K(1839104K), 0.0099320 secs] [Times: user=0.06 sys=0.00, real=0.01 secs] 
1052.767: [GC
Desired survivor size 4194304 bytes, new threshold 1 (max 15)
 [PSYoungGen: 813120K->1056K(815104K)] 1789841K->977801K(1839104K), 0.0089750 secs] [Times: user=0.06 sys=0.00, real=0.01 secs] 
1053.026: [GC
Desired survivor size 4194304 bytes, new threshold 1 (max 15)
 [PSYoungGen: 812064K->1504K(815104K)] 1788809K->978257K(1839104K), 0.0097860 secs] [Times: user=0.05 sys=0.00, real=0.01 secs] 
1053.290: [GC
Desired survivor size 4194304 bytes, new threshold 1 (max 15)
 [PSYoungGen: 812512K->1408K(815104K)] 1789265K->978185K(1839104K), 0.0088760 secs] [Times: user=0.06 sys=0.00, real=0.01 secs] 
1053.552: [GC
Desired survivor size 3670016 bytes, new threshold 1 (max 15)
 [PSYoungGen: 812416K->1696K(815104K)] 1789193K->978489K(1839104K), 0.0095770 secs] [Times: user=0.06 sys=0.00, real=0.01 secs] 
1053.822: [GC
Desired survivor size 3670016 bytes, new threshold 1 (max 15)
 [PSYoungGen: 812704K->960K(815616K)] 1789497K->977809K(1839616K), 0.0093880 secs] [Times: user=0.05 sys=0.00, real=0.00 secs] 
1054.094: [GC
Desired survivor size 3670016 bytes, new threshold 1 (max 15)
 [PSYoungGen: 812992K->1920K(815616K)] 1789841K->978801K(1839616K), 0.0092390 secs] [Times: user=0.05 sys=0.00, real=0.01 secs] 
1054.362: [GC
Desired survivor size 3670016 bytes, new threshold 1 (max 15)
 [PSYoungGen: 813952K->768K(815616K)] 1790833K->977665K(1839616K), 0.0090450 secs] [Times: user=0.06 sys=0.00, real=0.00 secs] 
1054.625: [GC
Desired survivor size 3670016 bytes, new threshold 1 (max 15)
 [PSYoungGen: 812800K->1984K(815616K)] 1789697K->978905K(1839616K), 0.0096000 secs] [Times: user=0.05 sys=0.00, real=0.01 secs] 
1054.890: [GC
Desired survivor size 3670016 bytes, new threshold 1 (max 15)
 [PSYoungGen: 814016K->2624K(815616K)] 1790937K->979577K(1839616K), 0.0095910 secs] [Times: user=0.06 sys=0.00, real=0.01 secs] 
1055.150: [GC
Desired survivor size 3670016 bytes, new threshold 1 (max 15)
 [PSYoungGen: 814656K->1952K(815616K)] 1791609K->978929K(1839616K), 0.0093840 secs] [Times: user=0.05 sys=0.01, real=0.01 secs] 
1055.409: [GC
Desired survivor size 4194304 bytes, new threshold 1 (max 15)
 [PSYoungGen: 813984K->3168K(814592K)] 1790961K->980177K(1838592K), 0.0102430 secs] [Times: user=0.06 sys=0.00, real=0.01 secs] 
1055.663: [GC
Desired survivor size 4194304 bytes, new threshold 1 (max 15)
 [PSYoungGen: 814176K->2144K(815104K)] 1791185K->979177K(1839104K), 0.0103610 secs] [Times: user=0.06 sys=0.00, real=0.01 secs] 
1055.938: [GC
Desired survivor size 4194304 bytes, new threshold 1 (max 15)
 [PSYoungGen: 813152K->1248K(815104K)] 1790185K->978305K(1839104K), 0.0092880 secs] [Times: user=0.05 sys=0.00, real=0.01 secs] 
1056.207: [GC
Desired survivor size 4194304 bytes, new threshold 1 (max 15)
 [PSYoungGen: 812256K->2560K(815104K)] 1789313K->979625K(1839104K), 0.0100980 secs] [Times: user=0.06 sys=0.00, real=0.01 secs] 
1056.467: [GC
Desired survivor size 3670016 bytes, new threshold 1 (max 15)
 [PSYoungGen: 813568K->1984K(815616K)] 1790633K->979081K(1839616K), 0.0097140 secs] [Times: user=0.05 sys=0.00, real=0.01 secs] 
1056.733: [GC
Desired survivor size 3670016 bytes, new threshold 1 (max 15)
 [PSYoungGen: 813504K->1472K(815104K)] 1790601K->978601K(1839104K), 0.0094280 secs] [Times: user=0.06 sys=0.00, real=0.00 secs] 
1056.991: [GC
Desired survivor size 3670016 bytes, new threshold 1 (max 15)
 [PSYoungGen: 812992K->1344K(815616K)] 1790121K->978505K(1839616K), 0.0091570 secs] [Times: user=0.05 sys=0.00, real=0.01 secs] 
1057.261: [GC
Desired survivor size 4194304 bytes, new threshold 1 (max 15)
 [PSYoungGen: 813376K->3072K(815104K)] 1790537K->980257K(1839104K), 0.0100230 secs] [Times: user=0.06 sys=0.00, real=0.01 secs] 
1057.526: [GC
Desired survivor size 4194304 bytes, new threshold 1 (max 15)
 [PSYoungGen: 815104K->1280K(815104K)] 1792289K->978489K(1839104K), 0.0091750 secs] [Times: user=0.05 sys=0.00, real=0.01 secs] 
1057.795: [GC
Desired survivor size 3670016 bytes, new threshold 1 (max 15)
 [PSYoungGen: 812288K->2240K(815104K)] 1789497K->979465K(1839104K), 0.0097700 secs] [Times: user=0.05 sys=0.00, real=0.01 secs] 
1058.055: [GC
Desired survivor size 4194304 bytes, new threshold 1 (max 15)
 [PSYoungGen: 813248K->672K(814592K)] 1790473K->977921K(1838592K), 0.0085050 secs] [Times: user=0.05 sys=0.00, real=0.01 secs] 
1058.321: [GC
Desired survivor size 3670016 bytes, new threshold 1 (max 15)
 [PSYoungGen: 811680K->1344K(815104K)] 1788929K->978617K(1839104K), 0.0105660 secs] [Times: user=0.05 sys=0.00, real=0.01 secs] 
1058.577: [GC
Desired survivor size 3670016 bytes, new threshold 1 (max 15)
 [PSYoungGen: 812352K->1024K(815616K)] 1789625K->978337K(1839616K), 0.0108080 secs] [Times: user=0.05 sys=0.00, real=0.01 secs] 
1058.857: [GC
Desired survivor size 3670016 bytes, new threshold 1 (max 15)
 [PSYoungGen: 813056K->2368K(815616K)] 1790369K->979713K(1839616K), 0.0097390 secs] [Times: user=0.06 sys=0.00, real=0.01 secs] 
1059.122: [GC
Desired survivor size 3670016 bytes, new threshold 1 (max 15)
 [PSYoungGen: 814400K->1920K(815616K)] 1791745K->979289K(1839616K), 0.0096020 secs] [Times: user=0.05 sys=0.00, real=0.01 secs] 
1059.386: [GC
Desired survivor size 3670016 bytes, new threshold 1 (max 15)
 [PSYoungGen: 813952K->2016K(815616K)] 1791321K->979409K(1839616K), 0.0097270 secs] [Times: user=0.06 sys=0.00, real=0.01 secs] 
1059.646: [GC
Desired survivor size 3670016 bytes, new threshold 1 (max 15)
 [PSYoungGen: 814048K->1760K(815616K)] 1791441K->979193K(1839616K), 0.0092350 secs] [Times: user=0.06 sys=0.01, real=0.01 secs] 
1059.918: [GC
Desired survivor size 4194304 bytes, new threshold 1 (max 15)
 [PSYoungGen: 813792K->3584K(815616K)] 1791225K->981289K(1839616K), 0.0101470 secs] [Times: user=0.06 sys=0.00, real=0.01 secs] 
1060.190: [GC
Desired survivor size 4194304 bytes, new threshold 1 (max 15)
 [PSYoungGen: 815616K->1696K(814592K)] 1793321K->979601K(1838592K), 0.0093570 secs] [Times: user=0.06 sys=0.00, real=0.01 secs] 
1060.457: [GC
Desired survivor size 3670016 bytes, new threshold 1 (max 15)
 [PSYoungGen: 812704K->1728K(815104K)] 1790609K->979729K(1839104K), 0.0097410 secs] [Times: user=0.05 sys=0.00, real=0.01 secs] 
1060.725: [GC
Desired survivor size 4194304 bytes, new threshold 1 (max 15)
 [PSYoungGen: 812736K->864K(814592K)] 1790737K->978905K(1838592K), 0.0088950 secs] [Times: user=0.04 sys=0.00, real=0.01 secs] 
1060.992: [GC
Desired survivor size 3670016 bytes, new threshold 1 (max 15)
 [PSYoungGen: 811872K->2080K(815104K)] 1789913K->980177K(1839104K), 0.0094280 secs] [Times: user=0.05 sys=0.00, real=0.01 secs] 
1061.257: [GC
Desired survivor size 3670016 bytes, new threshold 1 (max 15)
 [PSYoungGen: 813088K->2240K(815616K)] 1791185K->980385K(1839616K), 0.0096680 secs] [Times: user=0.05 sys=0.00, real=0.01 secs] 
1061.521: [GC
Desired survivor size 3670016 bytes, new threshold 1 (max 15)
 [PSYoungGen: 814272K->1632K(815616K)] 1792417K->979809K(1839616K), 0.0092390 secs] [Times: user=0.05 sys=0.00, real=0.01 secs] 
1061.793: [GC
Desired survivor size 3670016 bytes, new threshold 1 (max 15)
 [PSYoungGen: 813664K->864K(815616K)] 1791841K->979065K(1839616K), 0.0087810 secs] [Times: user=0.04 sys=0.00, real=0.00 secs] 
1062.051: [GC
Desired survivor size 3670016 bytes, new threshold 1 (max 15)
 [PSYoungGen: 812896K->1824K(815616K)] 1791097K->980049K(1839616K), 0.0094840 secs] [Times: user=0.06 sys=0.00, real=0.01 secs] 
1062.319: [GC
Desired survivor size 3670016 bytes, new threshold 1 (max 15)
 [PSYoungGen: 813856K->1408K(815616K)] 1792081K->979665K(1839616K), 0.0091030 secs] [Times: user=0.05 sys=0.00, real=0.01 secs] 
1062.582: [GC
Desired survivor size 3670016 bytes, new threshold 1 (max 15)
 [PSYoungGen: 813440K->2848K(815616K)] 1791697K->981457K(1839616K), 0.0105220 secs] [Times: user=0.06 sys=0.00, real=0.01 secs] 
1062.852: [GC
Desired survivor size 4194304 bytes, new threshold 1 (max 15)
 [PSYoungGen: 814880K->2784K(814592K)] 1793489K->981961K(1838592K), 0.0102120 secs] [Times: user=0.06 sys=0.00, real=0.01 secs] 
1063.113: [GC
Desired survivor size 4194304 bytes, new threshold 1 (max 15)
 [PSYoungGen: 813792K->1088K(815104K)] 1792969K->980665K(1839104K), 0.0092880 secs] [Times: user=0.06 sys=0.00, real=0.01 secs] 
1063.370: [GC
Desired survivor size 3670016 bytes, new threshold 1 (max 15)
 [PSYoungGen: 812096K->2080K(815616K)] 1791673K->981681K(1839616K), 0.0094750 secs] [Times: user=0.05 sys=0.00, real=0.01 secs] 
1063.634: [GC
Desired survivor size 3670016 bytes, new threshold 1 (max 15)
 [PSYoungGen: 813600K->1344K(815104K)] 1793201K->980977K(1839104K), 0.0106220 secs] [Times: user=0.06 sys=0.00, real=0.01 secs] 
1063.903: [GC
Desired survivor size 3670016 bytes, new threshold 1 (max 15)
 [PSYoungGen: 812864K->2016K(815616K)] 1792497K->981681K(1839616K), 0.0095820 secs] [Times: user=0.05 sys=0.00, real=0.01 secs] 
1064.170: [GC
Desired survivor size 3670016 bytes, new threshold 1 (max 15)
 [PSYoungGen: 814048K->1248K(815616K)] 1793713K->980937K(1839616K), 0.0093830 secs] [Times: user=0.06 sys=0.00, real=0.01 secs] 
1064.452: [GC
Desired survivor size 4194304 bytes, new threshold 1 (max 15)
 [PSYoungGen: 813280K->3296K(814592K)] 1792969K->983009K(1838592K), 0.0096830 secs] [Times: user=0.06 sys=0.00, real=0.01 secs] 
1064.725: [GC
Desired survivor size 4194304 bytes, new threshold 1 (max 15)
 [PSYoungGen: 814304K->1152K(815104K)] 1794017K->980889K(1839104K), 0.0092780 secs] [Times: user=0.05 sys=0.00, real=0.01 secs] 
1064.993: [GC
Desired survivor size 3670016 bytes, new threshold 1 (max 15)
 [PSYoungGen: 812160K->1824K(815616K)] 1791897K->981593K(1839616K), 0.0094520 secs] [Times: user=0.06 sys=0.00, real=0.01 secs] 
1065.262: [GC
Desired survivor size 3670016 bytes, new threshold 1 (max 15)
 [PSYoungGen: 813344K->1792K(815104K)] 1793113K->981585K(1839104K), 0.0095250 secs] [Times: user=0.05 sys=0.00, real=0.01 secs] 
1065.520: [GC
Desired survivor size 3670016 bytes, new threshold 1 (max 15)
 [PSYoungGen: 813312K->2336K(815616K)] 1793105K->982153K(1839616K), 0.0094000 secs] [Times: user=0.05 sys=0.00, real=0.01 secs] 
1065.794: [GC
Desired survivor size 3670016 bytes, new threshold 1 (max 15)
 [PSYoungGen: 814368K->1248K(815616K)] 1794185K->981105K(1839616K), 0.0089270 secs] [Times: user=0.06 sys=0.00, real=0.00 secs] 
1066.057: [GC
Desired survivor size 3670016 bytes, new threshold 1 (max 15)
 [PSYoungGen: 813280K->1632K(815616K)] 1793137K->981513K(1839616K), 0.0094320 secs] [Times: user=0.05 sys=0.00, real=0.01 secs] 
1066.323: [GC
Desired survivor size 3670016 bytes, new threshold 1 (max 15)
 [PSYoungGen: 813664K->928K(815616K)] 1793545K->980833K(1839616K), 0.0090450 secs] [Times: user=0.05 sys=0.00, real=0.01 secs] 
1066.584: [GC
Desired survivor size 3670016 bytes, new threshold 1 (max 15)
 [PSYoungGen: 812960K->2400K(815616K)] 1792865K->982345K(1839616K), 0.0096690 secs] [Times: user=0.06 sys=0.00, real=0.00 secs] 
1066.850: [GC
Desired survivor size 3670016 bytes, new threshold 1 (max 15)
 [PSYoungGen: 814432K->1536K(815616K)] 1794377K->981529K(1839616K), 0.0089830 secs] [Times: user=0.05 sys=0.00, real=0.01 secs] 
1067.114: [GC
Desired survivor size 3670016 bytes, new threshold 1 (max 15)
 [PSYoungGen: 813568K->960K(815616K)] 1793561K->980977K(1839616K), 0.0087090 secs] [Times: user=0.05 sys=0.00, real=0.00 secs] 
1067.376: [GC
Desired survivor size 3670016 bytes, new threshold 1 (max 15)
 [PSYoungGen: 812992K->2048K(815616K)] 1793009K->982105K(1839616K), 0.0092850 secs] [Times: user=0.05 sys=0.01, real=0.01 secs] 
1067.646: [GC
Desired survivor size 3670016 bytes, new threshold 1 (max 15)
 [PSYoungGen: 814080K->384K(815616K)] 1794137K->980473K(1839616K), 0.0083630 secs] [Times: user=0.04 sys=0.00, real=0.01 secs] 
1067.942: [GC
Desired survivor size 3670016 bytes, new threshold 1 (max 15)
 [PSYoungGen: 812416K->928K(815616K)] 1792505K->981041K(1839616K), 0.0090380 secs] [Times: user=0.06 sys=0.00, real=0.01 secs] 
1068.206: [GC
Desired survivor size 3670016 bytes, new threshold 1 (max 15)
 [PSYoungGen: 812960K->1856K(815616K)] 1793073K->981993K(1839616K), 0.0096610 secs] [Times: user=0.06 sys=0.00, real=0.01 secs] 
1068.470: [GC
Desired survivor size 3145728 bytes, new threshold 1 (max 15)
 [PSYoungGen: 813888K->1216K(815616K)] 1794025K->981385K(1839616K), 0.0090150 secs] [Times: user=0.04 sys=0.00, real=0.01 secs] 
1068.748: [GC
Desired survivor size 3145728 bytes, new threshold 1 (max 15)
 [PSYoungGen: 813248K->1280K(816128K)] 1793417K->981505K(1840128K), 0.0092150 secs] [Times: user=0.05 sys=0.00, real=0.01 secs] 
1069.007: [GC
Desired survivor size 3670016 bytes, new threshold 1 (max 15)
 [PSYoungGen: 814336K->2592K(816128K)] 1794561K->982841K(1840128K), 0.0101880 secs] [Times: user=0.06 sys=0.00, real=0.01 secs] 
1069.272: [GC
Desired survivor size 3670016 bytes, new threshold 1 (max 15)
 [PSYoungGen: 815648K->1856K(815104K)] 1795897K->982129K(1839104K), 0.0094820 secs] [Times: user=0.06 sys=0.00, real=0.01 secs] 
1069.537: [GC
Desired survivor size 3670016 bytes, new threshold 1 (max 15)
 [PSYoungGen: 813888K->704K(815616K)] 1794161K->981025K(1839616K), 0.0091010 secs] [Times: user=0.05 sys=0.00, real=0.01 secs] 
1069.812: [GC
Desired survivor size 3145728 bytes, new threshold 1 (max 15)
 [PSYoungGen: 812736K->1632K(816128K)] 1793057K->981977K(1840128K), 0.0093140 secs] [Times: user=0.06 sys=0.00, real=0.01 secs] 
1070.074: [GC
Desired survivor size 3145728 bytes, new threshold 1 (max 15)
 [PSYoungGen: 814176K->1824K(815616K)] 1794521K->982225K(1839616K), 0.0105350 secs] [Times: user=0.06 sys=0.00, real=0.02 secs] 
1070.337: [GC
Desired survivor size 3145728 bytes, new threshold 1 (max 15)
 [PSYoungGen: 814368K->1472K(816128K)] 1794769K->981897K(1840128K), 0.0088900 secs] [Times: user=0.05 sys=0.00, real=0.01 secs] 
1070.601: [GC
Desired survivor size 3145728 bytes, new threshold 1 (max 15)
 [PSYoungGen: 814528K->768K(816128K)] 1794953K->981217K(1840128K), 0.0089460 secs] [Times: user=0.05 sys=0.00, real=0.01 secs] 
1070.871: [GC
Desired survivor size 3145728 bytes, new threshold 1 (max 15)
 [PSYoungGen: 813824K->2336K(816128K)] 1794273K->982801K(1840128K), 0.0095230 secs] [Times: user=0.07 sys=0.00, real=0.01 secs] 
1071.138: [GC
Desired survivor size 3670016 bytes, new threshold 1 (max 15)
 [PSYoungGen: 815392K->3072K(816128K)] 1795857K->983585K(1840128K), 0.0137340 secs] [Times: user=0.06 sys=0.00, real=0.01 secs] 
1071.407: [GC
Desired survivor size 3670016 bytes, new threshold 1 (max 15)
 [PSYoungGen: 816128K->1248K(815104K)] 1796641K->981825K(1839104K), 0.0089350 secs] [Times: user=0.04 sys=0.00, real=0.01 secs] 
1071.673: [GC
Desired survivor size 3670016 bytes, new threshold 1 (max 15)
 [PSYoungGen: 813280K->640K(815616K)] 1793857K->981249K(1839616K), 0.0110760 secs] [Times: user=0.06 sys=0.00, real=0.01 secs] 
1071.982: [GC
Desired survivor size 3670016 bytes, new threshold 1 (max 15)
 [PSYoungGen: 812672K->1536K(815616K)] 1793281K->982169K(1839616K), 0.0093610 secs] [Times: user=0.05 sys=0.00, real=0.01 secs] 
1072.254: [GC
Desired survivor size 3670016 bytes, new threshold 1 (max 15)
 [PSYoungGen: 813568K->1024K(815616K)] 1794201K->981681K(1839616K), 0.0090160 secs] [Times: user=0.05 sys=0.00, real=0.01 secs] 
1072.520: [GC
Desired survivor size 3145728 bytes, new threshold 1 (max 15)
 [PSYoungGen: 813056K->1312K(816128K)] 1793713K->981993K(1840128K), 0.0089540 secs] [Times: user=0.05 sys=0.00, real=0.01 secs] 
1072.801: [GC
Desired survivor size 3670016 bytes, new threshold 1 (max 15)
 [PSYoungGen: 813856K->2144K(815616K)] 1794537K->982857K(1839616K), 0.0097770 secs] [Times: user=0.06 sys=0.00, real=0.01 secs] 
1073.063: [GC
Desired survivor size 3670016 bytes, new threshold 1 (max 15)
 [PSYoungGen: 814688K->3232K(815616K)] 1795401K->983985K(1839616K), 0.0102490 secs] [Times: user=0.06 sys=0.00, real=0.01 secs] 
1073.331: [GC
Desired survivor size 3670016 bytes, new threshold 1 (max 15)
 [PSYoungGen: 815264K->1728K(815616K)] 1796017K->982497K(1839616K), 0.0087340 secs] [Times: user=0.05 sys=0.00, real=0.01 secs] 
1073.594: [GC
Desired survivor size 3670016 bytes, new threshold 1 (max 15)
 [PSYoungGen: 813760K->1312K(815616K)] 1794529K->982121K(1839616K), 0.0093670 secs] [Times: user=0.05 sys=0.01, real=0.01 secs] 
1073.865: [GC
Desired survivor size 3670016 bytes, new threshold 1 (max 15)
 [PSYoungGen: 813344K->1504K(815616K)] 1794153K->982353K(1839616K), 0.0092230 secs] [Times: user=0.05 sys=0.00, real=0.01 secs] 
1074.136: [GC
Desired survivor size 3670016 bytes, new threshold 1 (max 15)
 [PSYoungGen: 813536K->512K(815616K)] 1794385K->981385K(1839616K), 0.0110970 secs] [Times: user=0.06 sys=0.00, real=0.01 secs] 
1074.406: [GC
Desired survivor size 3670016 bytes, new threshold 1 (max 15)
 [PSYoungGen: 812544K->1920K(815616K)] 1793417K->982817K(1839616K), 0.0094600 secs] [Times: user=0.05 sys=0.00, real=0.01 secs] 
1074.697: [GC
Desired survivor size 3670016 bytes, new threshold 1 (max 15)
 [PSYoungGen: 813952K->1120K(815616K)] 1794849K->982049K(1839616K), 0.0097630 secs] [Times: user=0.05 sys=0.00, real=0.01 secs] 
1074.965: [GC
Desired survivor size 3670016 bytes, new threshold 1 (max 15)
 [PSYoungGen: 813152K->2368K(815616K)] 1794081K->983321K(1839616K), 0.0094270 secs] [Times: user=0.05 sys=0.00, real=0.01 secs] 
1075.236: [GC
Desired survivor size 3670016 bytes, new threshold 1 (max 15)
 [PSYoungGen: 814400K->1184K(815616K)] 1795353K->982161K(1839616K), 0.0092790 secs] [Times: user=0.04 sys=0.00, real=0.01 secs] 
1075.502: [GC
Desired survivor size 3145728 bytes, new threshold 1 (max 15)
 [PSYoungGen: 813216K->1504K(815616K)] 1794193K->982529K(1839616K), 0.0090960 secs] [Times: user=0.05 sys=0.01, real=0.01 secs] 
1075.771: [GC
Desired survivor size 3145728 bytes, new threshold 1 (max 15)
 [PSYoungGen: 813536K->1248K(816128K)] 1794561K->982305K(1840128K), 0.0089150 secs] [Times: user=0.06 sys=0.00, real=0.01 secs] 
1076.022: [GC
Desired survivor size 3670016 bytes, new threshold 1 (max 15)
 [PSYoungGen: 814304K->2336K(815616K)] 1795361K->983409K(1839616K), 0.0096120 secs] [Times: user=0.06 sys=0.00, real=0.01 secs] 
1076.288: [GC
Desired survivor size 3670016 bytes, new threshold 1 (max 15)
 [PSYoungGen: 815392K->2784K(815616K)] 1796465K->983873K(1839616K), 0.0099560 secs] [Times: user=0.05 sys=0.00, real=0.01 secs] 
1076.554: [GC
Desired survivor size 3670016 bytes, new threshold 1 (max 15)
 [PSYoungGen: 814816K->1088K(815616K)] 1795905K->982201K(1839616K), 0.0093770 secs] [Times: user=0.06 sys=0.00, real=0.01 secs] 
1076.826: [GC
Desired survivor size 3670016 bytes, new threshold 1 (max 15)
 [PSYoungGen: 813120K->832K(815616K)] 1794233K->981977K(1839616K), 0.0094490 secs] [Times: user=0.06 sys=0.01, real=0.01 secs] 
1077.083: [GC
Desired survivor size 3670016 bytes, new threshold 1 (max 15)
 [PSYoungGen: 812864K->896K(815616K)] 1794009K->982081K(1839616K), 0.0092640 secs] [Times: user=0.05 sys=0.00, real=0.01 secs] 
1077.356: [GC
Desired survivor size 3670016 bytes, new threshold 1 (max 15)
 [PSYoungGen: 812928K->1568K(815616K)] 1794113K->982777K(1839616K), 0.0094070 secs] [Times: user=0.06 sys=0.00, real=0.01 secs] 
1077.621: [GC
Desired survivor size 3145728 bytes, new threshold 1 (max 15)
 [PSYoungGen: 813600K->1472K(815616K)] 1794809K->982705K(1839616K), 0.0090740 secs] [Times: user=0.06 sys=0.00, real=0.01 secs] 
1077.898: [GC
Desired survivor size 3145728 bytes, new threshold 1 (max 15)
 [PSYoungGen: 813504K->1344K(816128K)] 1794737K->982609K(1840128K), 0.0091500 secs] [Times: user=0.06 sys=0.00, real=0.01 secs] 
1078.167: [GC
Desired survivor size 3670016 bytes, new threshold 1 (max 15)
 [PSYoungGen: 814400K->3008K(816128K)] 1795665K->984297K(1840128K), 0.0098320 secs] [Times: user=0.05 sys=0.00, real=0.01 secs] 
1078.431: [GC
Desired survivor size 3670016 bytes, new threshold 1 (max 15)
 [PSYoungGen: 816064K->1056K(815104K)] 1797353K->982377K(1839104K), 0.0089140 secs] [Times: user=0.05 sys=0.01, real=0.01 secs] 
1078.714: [GC
Desired survivor size 3670016 bytes, new threshold 1 (max 15)
 [PSYoungGen: 813088K->800K(815616K)] 1794409K->982153K(1839616K), 0.0088770 secs] [Times: user=0.06 sys=0.00, real=0.01 secs] 
1078.977: [GC
Desired survivor size 3670016 bytes, new threshold 1 (max 15)
 [PSYoungGen: 812832K->2336K(815616K)] 1794185K->983721K(1839616K), 0.0098880 secs] [Times: user=0.06 sys=0.00, real=0.01 secs] 
1079.244: [GC
Desired survivor size 3670016 bytes, new threshold 1 (max 15)
 [PSYoungGen: 814368K->2336K(815616K)] 1795753K->983761K(1839616K), 0.0099210 secs] [Times: user=0.07 sys=0.00, real=0.01 secs] 
1079.503: [GC
Desired survivor size 3670016 bytes, new threshold 1 (max 15)
 [PSYoungGen: 814368K->1664K(815616K)] 1795793K->983113K(1839616K), 0.0094760 secs] [Times: user=0.06 sys=0.00, real=0.01 secs] 
1079.785: [GC
Desired survivor size 3670016 bytes, new threshold 1 (max 15)
 [PSYoungGen: 813696K->1824K(815616K)] 1795145K->983305K(1839616K), 0.0092640 secs] [Times: user=0.06 sys=0.00, real=0.01 secs] 
1080.052: [GC
Desired survivor size 3670016 bytes, new threshold 1 (max 15)
 [PSYoungGen: 813856K->2464K(815616K)] 1795337K->983961K(1839616K), 0.0099840 secs] [Times: user=0.06 sys=0.00, real=0.01 secs] 
1080.317: [GC
Desired survivor size 3670016 bytes, new threshold 1 (max 15)
 [PSYoungGen: 814496K->1376K(815616K)] 1795993K->982913K(1839616K), 0.0090380 secs] [Times: user=0.05 sys=0.00, real=0.00 secs] 
1080.578: [GC
Desired survivor size 3670016 bytes, new threshold 1 (max 15)
 [PSYoungGen: 813408K->1056K(815616K)] 1794945K->982625K(1839616K), 0.0094280 secs] [Times: user=0.05 sys=0.01, real=0.01 secs] 
1080.853: [GC
Desired survivor size 3145728 bytes, new threshold 1 (max 15)
 [PSYoungGen: 813088K->1504K(815616K)] 1794657K->983113K(1839616K), 0.0090530 secs] [Times: user=0.06 sys=0.00, real=0.01 secs] 
1081.112: [GC
Desired survivor size 3145728 bytes, new threshold 1 (max 15)
 [PSYoungGen: 813536K->1504K(816128K)] 1795145K->983137K(1840128K), 0.0093230 secs] [Times: user=0.05 sys=0.00, real=0.01 secs] 
1081.376: [GC
Desired survivor size 3145728 bytes, new threshold 1 (max 15)
 [PSYoungGen: 814560K->1312K(816128K)] 1796193K->982961K(1840128K), 0.0094420 secs] [Times: user=0.05 sys=0.01, real=0.01 secs] 
1081.644: [GC
Desired survivor size 3670016 bytes, new threshold 1 (max 15)
 [PSYoungGen: 814368K->3072K(815104K)] 1796017K->984745K(1839104K), 0.0103770 secs] [Times: user=0.05 sys=0.00, real=0.01 secs] 
1081.920: [GC
Desired survivor size 3670016 bytes, new threshold 1 (max 15)
 [PSYoungGen: 815104K->1696K(815616K)] 1796777K->983393K(1839616K), 0.0092600 secs] [Times: user=0.06 sys=0.00, real=0.01 secs] 
1082.187: [GC
Desired survivor size 3145728 bytes, new threshold 1 (max 15)
 [PSYoungGen: 813728K->1376K(816128K)] 1795425K->983105K(1840128K), 0.0092820 secs] [Times: user=0.06 sys=0.00, real=0.01 secs] 
1082.451: [GC
Desired survivor size 3670016 bytes, new threshold 1 (max 15)
 [PSYoungGen: 813920K->448K(815616K)] 1795649K->982201K(1839616K), 0.0089550 secs] [Times: user=0.05 sys=0.00, real=0.01 secs] 
1082.727: [GC
Desired survivor size 3670016 bytes, new threshold 1 (max 15)
 [PSYoungGen: 812992K->3072K(815616K)] 1794745K->984849K(1839616K), 0.0100960 secs] [Times: user=0.06 sys=0.01, real=0.01 secs] 
1082.985: [GC
Desired survivor size 3670016 bytes, new threshold 1 (max 15)
 [PSYoungGen: 815104K->1728K(815616K)] 1796881K->983529K(1839616K), 0.0094910 secs] [Times: user=0.06 sys=0.00, real=0.01 secs] 
1083.248: [GC
Desired survivor size 4194304 bytes, new threshold 1 (max 15)
 [PSYoungGen: 813760K->3072K(814592K)] 1795561K->984889K(1838592K), 0.0102590 secs] [Times: user=0.05 sys=0.00, real=0.01 secs] 
1083.513: [GC
Desired survivor size 4194304 bytes, new threshold 1 (max 15)
 [PSYoungGen: 814080K->2752K(815104K)] 1795897K->984593K(1839104K), 0.0093460 secs] [Times: user=0.06 sys=0.01, real=0.01 secs] 
1083.787: [GC
Desired survivor size 4194304 bytes, new threshold 1 (max 15)
 [PSYoungGen: 813760K->2272K(815104K)] 1795601K->984145K(1839104K), 0.0092740 secs] [Times: user=0.05 sys=0.01, real=0.01 secs] 
1084.042: [GC
Desired survivor size 4194304 bytes, new threshold 1 (max 15)
 [PSYoungGen: 813280K->2272K(815104K)] 1795153K->984185K(1839104K), 0.0095810 secs] [Times: user=0.06 sys=0.00, real=0.01 secs] 
1084.305: [GC
Desired survivor size 4194304 bytes, new threshold 1 (max 15)
 [PSYoungGen: 813280K->2720K(815104K)] 1795193K->984649K(1839104K), 0.0103160 secs] [Times: user=0.06 sys=0.00, real=0.01 secs] 
1084.571: [GC
Desired survivor size 4194304 bytes, new threshold 1 (max 15)
 [PSYoungGen: 813728K->2592K(815104K)] 1795657K->984549K(1839104K), 0.0115210 secs] [Times: user=0.06 sys=0.00, real=0.01 secs] 
1084.839: [GC
Desired survivor size 5242880 bytes, new threshold 1 (max 15)
 [PSYoungGen: 813600K->4096K(813056K)] 1795557K->986949K(1837056K), 0.0112890 secs] [Times: user=0.06 sys=0.00, real=0.01 secs] 
1085.098: [GC
Desired survivor size 5242880 bytes, new threshold 1 (max 15)
 [PSYoungGen: 813056K->2848K(814080K)] 1795909K->987117K(1838080K), 0.0107320 secs] [Times: user=0.06 sys=0.00, real=0.01 secs] 
1085.361: [GC
Desired survivor size 4718592 bytes, new threshold 1 (max 15)
 [PSYoungGen: 811808K->2720K(814592K)] 1796077K->987509K(1838592K), 0.0104060 secs] [Times: user=0.05 sys=0.00, real=0.01 secs] 
1085.617: [GC
Desired survivor size 4718592 bytes, new threshold 1 (max 15)
 [PSYoungGen: 812192K->2880K(814080K)] 1796981K->987717K(1838080K), 0.0107070 secs] [Times: user=0.07 sys=0.00, real=0.02 secs] 
1085.886: [GC
Desired survivor size 4718592 bytes, new threshold 1 (max 15)
 [PSYoungGen: 812352K->2080K(814592K)] 1797189K->986933K(1838592K), 0.0092570 secs] [Times: user=0.05 sys=0.00, real=0.01 secs] 
1086.153: [GC
Desired survivor size 4718592 bytes, new threshold 1 (max 15)
 [PSYoungGen: 812064K->1600K(814592K)] 1796917K->986477K(1838592K), 0.0094270 secs] [Times: user=0.06 sys=0.00, real=0.01 secs] 
1086.410: [GC
Desired survivor size 4718592 bytes, new threshold 1 (max 15)
 [PSYoungGen: 811584K->768K(814592K)] 1796461K->985661K(1838592K), 0.0090370 secs] [Times: user=0.05 sys=0.00, real=0.01 secs] 
1086.669: [GC
Desired survivor size 4718592 bytes, new threshold 1 (max 15)
 [PSYoungGen: 810752K->3360K(814592K)] 1795645K->988293K(1838592K), 0.0120700 secs] [Times: user=0.08 sys=0.00, real=0.01 secs] 
1086.939: [GC
Desired survivor size 4718592 bytes, new threshold 1 (max 15)
 [PSYoungGen: 813344K->2720K(814592K)] 1798277K->987669K(1838592K), 0.0098390 secs] [Times: user=0.04 sys=0.00, real=0.01 secs] 
1087.204: [GC
Desired survivor size 4718592 bytes, new threshold 1 (max 15)
 [PSYoungGen: 812704K->2336K(814592K)] 1797653K->987317K(1838592K), 0.0104790 secs] [Times: user=0.05 sys=0.00, real=0.01 secs] 
1087.472: [GC
Desired survivor size 4718592 bytes, new threshold 1 (max 15)
 [PSYoungGen: 812320K->1472K(814592K)] 1797301K->986485K(1838592K), 0.0089130 secs] [Times: user=0.05 sys=0.00, real=0.01 secs] 
1087.745: [GC
Desired survivor size 4718592 bytes, new threshold 1 (max 15)
 [PSYoungGen: 811456K->2048K(814592K)] 1796469K->987077K(1838592K), 0.0096160 secs] [Times: user=0.06 sys=0.01, real=0.01 secs] 
1088.003: [GC
Desired survivor size 4194304 bytes, new threshold 1 (max 15)
 [PSYoungGen: 812032K->2240K(815104K)] 1797061K->987301K(1839104K), 0.0093080 secs] [Times: user=0.06 sys=0.00, real=0.01 secs] 
1088.271: [GC
Desired survivor size 4194304 bytes, new threshold 1 (max 15)
 [PSYoungGen: 812736K->2400K(814592K)] 1797797K->987485K(1838592K), 0.0098990 secs] [Times: user=0.05 sys=0.00, real=0.01 secs] 
1088.538: [GC
Desired survivor size 4194304 bytes, new threshold 1 (max 15)
 [PSYoungGen: 812896K->3232K(815104K)] 1797981K->988341K(1839104K), 0.0100230 secs] [Times: user=0.06 sys=0.00, real=0.01 secs] 
1088.813: [GC
Desired survivor size 4194304 bytes, new threshold 1 (max 15)
 [PSYoungGen: 814240K->2848K(815104K)] 1799349K->987989K(1839104K), 0.0101000 secs] [Times: user=0.06 sys=0.00, real=0.01 secs] 
1089.068: [GC
Desired survivor size 4194304 bytes, new threshold 1 (max 15)
 [PSYoungGen: 813856K->1184K(815104K)] 1798997K->986349K(1839104K), 0.0089500 secs] [Times: user=0.06 sys=0.00, real=0.01 secs] 
1089.328: [GC
Desired survivor size 4194304 bytes, new threshold 1 (max 15)
 [PSYoungGen: 812192K->1344K(815104K)] 1797357K->986549K(1839104K), 0.0092720 secs] [Times: user=0.05 sys=0.00, real=0.01 secs] 
1089.587: [GC
Desired survivor size 4194304 bytes, new threshold 1 (max 15)
 [PSYoungGen: 812352K->2336K(815104K)] 1797557K->987573K(1839104K), 0.0096930 secs] [Times: user=0.05 sys=0.01, real=0.01 secs] 
1089.859: [GC
Desired survivor size 4194304 bytes, new threshold 1 (max 15)
 [PSYoungGen: 813344K->1344K(815104K)] 1798581K->986605K(1839104K), 0.0088780 secs] [Times: user=0.05 sys=0.00, real=0.00 secs] 
1090.122: [GC
Desired survivor size 4194304 bytes, new threshold 1 (max 15)
 [PSYoungGen: 812352K->1600K(815104K)] 1797613K->986885K(1839104K), 0.0098840 secs] [Times: user=0.05 sys=0.00, real=0.01 secs] 
1090.389: [GC
Desired survivor size 4194304 bytes, new threshold 1 (max 15)
 [PSYoungGen: 812608K->1984K(815104K)] 1797893K->987285K(1839104K), 0.0095310 secs] [Times: user=0.04 sys=0.00, real=0.01 secs] 
1090.647: [GC
Desired survivor size 4194304 bytes, new threshold 1 (max 15)
 [PSYoungGen: 812992K->2400K(815104K)] 1798293K->988237K(1839104K), 0.0100650 secs] [Times: user=0.07 sys=0.00, real=0.01 secs] 
1090.924: [GC
Desired survivor size 3670016 bytes, new threshold 1 (max 15)
 [PSYoungGen: 813408K->2400K(815104K)] 1799245K->988781K(1839104K), 0.0100060 secs] [Times: user=0.06 sys=0.00, real=0.01 secs] 
1091.187: [GC
Desired survivor size 3670016 bytes, new threshold 1 (max 15)
 [PSYoungGen: 813408K->2080K(815616K)] 1799789K->988685K(1839616K), 0.0101680 secs] [Times: user=0.05 sys=0.00, real=0.01 secs] 
1091.444: [GC
Desired survivor size 3670016 bytes, new threshold 1 (max 15)
 [PSYoungGen: 814112K->2400K(815616K)] 1800717K->989037K(1839616K), 0.0103350 secs] [Times: user=0.06 sys=0.00, real=0.01 secs] 
1091.718: [GC
Desired survivor size 3670016 bytes, new threshold 1 (max 15)
 [PSYoungGen: 814432K->2112K(815616K)] 1801069K->988765K(1839616K), 0.0096140 secs] [Times: user=0.05 sys=0.00, real=0.01 secs] 
1092.018: [GC
Desired survivor size 3670016 bytes, new threshold 1 (max 15)
 [PSYoungGen: 814144K->1504K(815616K)] 1800797K->988181K(1839616K), 0.0090820 secs] [Times: user=0.05 sys=0.00, real=0.00 secs] 
1092.283: [GC
Desired survivor size 3670016 bytes, new threshold 1 (max 15)
 [PSYoungGen: 813536K->3008K(815616K)] 1800213K->989717K(1839616K), 0.0099130 secs] [Times: user=0.06 sys=0.00, real=0.01 secs] 
1092.556: [GC
Desired survivor size 3670016 bytes, new threshold 1 (max 15)
 [PSYoungGen: 815040K->1632K(815616K)] 1801749K->988357K(1839616K), 0.0094800 secs] [Times: user=0.06 sys=0.00, real=0.01 secs] 
1092.831: [GC
Desired survivor size 4194304 bytes, new threshold 1 (max 15)
 [PSYoungGen: 813664K->3104K(814592K)] 1800389K->989861K(1838592K), 0.0101340 secs] [Times: user=0.05 sys=0.00, real=0.01 secs] 
1093.091: [GC
Desired survivor size 3670016 bytes, new threshold 1 (max 15)
 [PSYoungGen: 814112K->2208K(815104K)] 1800869K->988989K(1839104K), 0.0100960 secs] [Times: user=0.06 sys=0.00, real=0.01 secs] 
1093.361: [GC
Desired survivor size 4194304 bytes, new threshold 1 (max 15)
 [PSYoungGen: 813216K->1024K(814592K)] 1799997K->987829K(1838592K), 0.0087710 secs] [Times: user=0.05 sys=0.00, real=0.01 secs] 
1093.620: [GC
Desired survivor size 4194304 bytes, new threshold 1 (max 15)
 [PSYoungGen: 812032K->1120K(815104K)] 1798837K->987949K(1839104K), 0.0093130 secs] [Times: user=0.05 sys=0.00, real=0.01 secs] 
1093.884: [GC
Desired survivor size 4194304 bytes, new threshold 1 (max 15)
 [PSYoungGen: 812128K->800K(815104K)] 1798957K->987653K(1839104K), 0.0086110 secs] [Times: user=0.06 sys=0.00, real=0.01 secs] 
1094.150: [GC
Desired survivor size 4194304 bytes, new threshold 1 (max 15)
 [PSYoungGen: 811808K->2272K(815104K)] 1798661K->989157K(1839104K), 0.0101200 secs] [Times: user=0.05 sys=0.00, real=0.01 secs] 
1094.420: [GC
Desired survivor size 4194304 bytes, new threshold 1 (max 15)
 [PSYoungGen: 813280K->2560K(815104K)] 1800165K->989469K(1839104K), 0.0097050 secs] [Times: user=0.06 sys=0.00, real=0.01 secs] 
1094.702: [GC
Desired survivor size 4194304 bytes, new threshold 1 (max 15)
 [PSYoungGen: 813568K->1568K(815104K)] 1800477K->988501K(1839104K), 0.0096690 secs] [Times: user=0.05 sys=0.00, real=0.01 secs] 
1094.965: [GC
Desired survivor size 4194304 bytes, new threshold 1 (max 15)
 [PSYoungGen: 812576K->384K(815104K)] 1799509K->987349K(1839104K), 0.0094620 secs] [Times: user=0.05 sys=0.00, real=0.01 secs] 
1095.227: [GC
Desired survivor size 3670016 bytes, new threshold 1 (max 15)
 [PSYoungGen: 811392K->1472K(815104K)] 1798357K->988461K(1839104K), 0.0098790 secs] [Times: user=0.05 sys=0.00, real=0.01 secs] 
1095.492: [GC
Desired survivor size 3670016 bytes, new threshold 1 (max 15)
 [PSYoungGen: 812480K->1088K(815616K)] 1799469K->988101K(1839616K), 0.0091900 secs] [Times: user=0.06 sys=0.00, real=0.01 secs] 
1095.772: [GC
Desired survivor size 3670016 bytes, new threshold 1 (max 15)
 [PSYoungGen: 813120K->2304K(815616K)] 1800133K->989341K(1839616K), 0.0098190 secs] [Times: user=0.05 sys=0.00, real=0.01 secs] 
1096.032: [GC
Desired survivor size 3670016 bytes, new threshold 1 (max 15)
 [PSYoungGen: 814336K->1824K(815616K)] 1801373K->988885K(1839616K), 0.0095860 secs] [Times: user=0.05 sys=0.00, real=0.01 secs] 
1096.298: [GC
Desired survivor size 3670016 bytes, new threshold 1 (max 15)
 [PSYoungGen: 813856K->1440K(815616K)] 1800917K->988533K(1839616K), 0.0090300 secs] [Times: user=0.05 sys=0.00, real=0.01 secs] 
1096.554: [GC
Desired survivor size 3670016 bytes, new threshold 1 (max 15)
 [PSYoungGen: 813472K->2144K(815616K)] 1800565K->989277K(1839616K), 0.0101030 secs] [Times: user=0.06 sys=0.00, real=0.01 secs] 
1096.835: [GC
Desired survivor size 3670016 bytes, new threshold 1 (max 15)
 [PSYoungGen: 814176K->1280K(815616K)] 1801309K->988429K(1839616K), 0.0094030 secs] [Times: user=0.06 sys=0.01, real=0.01 secs] 
1097.098: [GC
Desired survivor size 3670016 bytes, new threshold 1 (max 15)
 [PSYoungGen: 813312K->1312K(815616K)] 1800461K->988493K(1839616K), 0.0093120 secs] [Times: user=0.06 sys=0.00, real=0.01 secs] 
1097.366: [GC
Desired survivor size 3670016 bytes, new threshold 1 (max 15)
 [PSYoungGen: 813344K->448K(815616K)] 1800525K->987653K(1839616K), 0.0084450 secs] [Times: user=0.04 sys=0.00, real=0.01 secs] 
1097.633: [GC
Desired survivor size 3670016 bytes, new threshold 1 (max 15)
 [PSYoungGen: 812480K->1280K(815616K)] 1799685K->988509K(1839616K), 0.0108970 secs] [Times: user=0.06 sys=0.00, real=0.01 secs] 
1097.910: [GC
Desired survivor size 3145728 bytes, new threshold 1 (max 15)
 [PSYoungGen: 813312K->1024K(815616K)] 1800541K->988277K(1839616K), 0.0091290 secs] [Times: user=0.05 sys=0.00, real=0.01 secs] 
1098.182: [GC
Desired survivor size 3145728 bytes, new threshold 1 (max 15)
 [PSYoungGen: 813056K->1024K(816128K)] 1800309K->988301K(1840128K), 0.0091130 secs] [Times: user=0.05 sys=0.00, real=0.01 secs] 
1098.442: [GC
Desired survivor size 3145728 bytes, new threshold 1 (max 15)
 [PSYoungGen: 814080K->1120K(816128K)] 1801357K->988421K(1840128K), 0.0089610 secs] [Times: user=0.05 sys=0.00, real=0.01 secs] 
1098.711: [GC
Desired survivor size 3145728 bytes, new threshold 1 (max 15)
 [PSYoungGen: 814176K->1760K(816128K)] 1801477K->989093K(1840128K), 0.0104020 secs] [Times: user=0.05 sys=0.00, real=0.01 secs] 
1098.969: [GC
Desired survivor size 3145728 bytes, new threshold 1 (max 15)
 [PSYoungGen: 814816K->1184K(816128K)] 1802149K->988541K(1840128K), 0.0091700 secs] [Times: user=0.05 sys=0.00, real=0.00 secs] 
1099.245: [GC
Desired survivor size 3145728 bytes, new threshold 1 (max 15)
 [PSYoungGen: 814240K->768K(816128K)] 1801597K->988157K(1840128K), 0.0091840 secs] [Times: user=0.05 sys=0.00, real=0.01 secs] 
1099.512: [GC
Desired survivor size 3145728 bytes, new threshold 1 (max 15)
 [PSYoungGen: 813824K->1728K(816128K)] 1801213K->989141K(1840128K), 0.0096050 secs] [Times: user=0.05 sys=0.00, real=0.01 secs] 
1099.789: [GC
Desired survivor size 3145728 bytes, new threshold 1 (max 15)
 [PSYoungGen: 814784K->1728K(816128K)] 1802197K->989157K(1840128K), 0.0093540 secs] [Times: user=0.05 sys=0.00, real=0.01 secs] 
1100.047: [GC
Desired survivor size 3145728 bytes, new threshold 1 (max 15)
 [PSYoungGen: 814784K->2592K(816128K)] 1802213K->990053K(1840128K), 0.0104620 secs] [Times: user=0.06 sys=0.00, real=0.01 secs] 
1100.308: [GC
Desired survivor size 3670016 bytes, new threshold 1 (max 15)
 [PSYoungGen: 815648K->2496K(815104K)] 1803109K->990349K(1839104K), 0.0100150 secs] [Times: user=0.06 sys=0.00, real=0.01 secs] 
1100.568: [GC
Desired survivor size 3670016 bytes, new threshold 1 (max 15)
 [PSYoungGen: 814528K->768K(815616K)] 1802381K->989549K(1839616K), 0.0091140 secs] [Times: user=0.06 sys=0.00, real=0.01 secs] 
1100.845: [GC
Desired survivor size 3670016 bytes, new threshold 1 (max 15)
 [PSYoungGen: 812800K->1824K(815616K)] 1801581K->990645K(1839616K), 0.0098150 secs] [Times: user=0.05 sys=0.01, real=0.01 secs] 
1101.110: [GC
Desired survivor size 3145728 bytes, new threshold 1 (max 15)
 [PSYoungGen: 813856K->1600K(815616K)] 1802677K->990445K(1839616K), 0.0094990 secs] [Times: user=0.06 sys=0.00, real=0.01 secs] 
1101.436: [GC
Desired survivor size 3145728 bytes, new threshold 1 (max 15)
 [PSYoungGen: 813632K->1696K(816128K)] 1802477K->990573K(1840128K), 0.0335530 secs] [Times: user=0.07 sys=0.00, real=0.04 secs] 
1101.740: [GC
Desired survivor size 3145728 bytes, new threshold 1 (max 15)
 [PSYoungGen: 814752K->2080K(816128K)] 1803629K->991005K(1840128K), 0.0100570 secs] [Times: user=0.06 sys=0.00, real=0.01 secs] 
1102.003: [GC
Desired survivor size 3145728 bytes, new threshold 1 (max 15)
 [PSYoungGen: 815136K->1536K(816128K)] 1804061K->990493K(1840128K), 0.0090700 secs] [Times: user=0.05 sys=0.00, real=0.01 secs] 
1102.273: [GC
Desired survivor size 3670016 bytes, new threshold 1 (max 15)
 [PSYoungGen: 814592K->3072K(816128K)] 1803549K->992341K(1840128K), 0.0103100 secs] [Times: user=0.06 sys=0.00, real=0.01 secs] 
1102.540: [GC
Desired survivor size 3670016 bytes, new threshold 1 (max 15)
 [PSYoungGen: 816128K->864K(815104K)] 1805397K->990221K(1839104K), 0.0090800 secs] [Times: user=0.05 sys=0.00, real=0.00 secs] 
1102.808: [GC
Desired survivor size 3670016 bytes, new threshold 1 (max 15)
 [PSYoungGen: 812896K->800K(815616K)] 1802253K->990189K(1839616K), 0.0088350 secs] [Times: user=0.06 sys=0.00, real=0.01 secs] 
1103.067: [GC
Desired survivor size 3670016 bytes, new threshold 1 (max 15)
 [PSYoungGen: 812832K->1344K(815616K)] 1802221K->990765K(1839616K), 0.0090590 secs] [Times: user=0.05 sys=0.00, real=0.01 secs] 
1103.330: [GC
Desired survivor size 3670016 bytes, new threshold 1 (max 15)
 [PSYoungGen: 813376K->1728K(815616K)] 1802797K->991165K(1839616K), 0.0096560 secs] [Times: user=0.05 sys=0.00, real=0.00 secs] 
1103.586: [GC
Desired survivor size 4194304 bytes, new threshold 1 (max 15)
 [PSYoungGen: 813760K->3488K(814592K)] 1803197K->992957K(1838592K), 0.0109160 secs] [Times: user=0.05 sys=0.00, real=0.01 secs] 
1103.857: [GC
Desired survivor size 3670016 bytes, new threshold 1 (max 15)
 [PSYoungGen: 814496K->1920K(815104K)] 1803965K->991413K(1839104K), 0.0093210 secs] [Times: user=0.05 sys=0.01, real=0.01 secs] 
1104.122: [GC
Desired survivor size 3670016 bytes, new threshold 1 (max 15)
 [PSYoungGen: 812928K->1536K(815616K)] 1802421K->991061K(1839616K), 0.0103200 secs] [Times: user=0.05 sys=0.00, real=0.01 secs] 
1104.385: [GC
Desired survivor size 3670016 bytes, new threshold 1 (max 15)
 [PSYoungGen: 813568K->2208K(815616K)] 1803093K->991757K(1839616K), 0.0098870 secs] [Times: user=0.05 sys=0.01, real=0.01 secs] 
1104.653: [GC
Desired survivor size 3670016 bytes, new threshold 1 (max 15)
 [PSYoungGen: 814240K->448K(815616K)] 1803789K->990029K(1839616K), 0.0091520 secs] [Times: user=0.05 sys=0.00, real=0.01 secs] 
1104.923: [GC
Desired survivor size 4718592 bytes, new threshold 1 (max 15)
 [PSYoungGen: 812480K->3584K(815616K)] 1802061K->994045K(1839616K), 0.0105330 secs] [Times: user=0.06 sys=0.00, real=0.01 secs] 
1105.192: [GC
Desired survivor size 4718592 bytes, new threshold 1 (max 15)
 [PSYoungGen: 815616K->2144K(813568K)] 1806077K->992805K(1837568K), 0.0105330 secs] [Times: user=0.06 sys=0.00, real=0.01 secs] 
1105.459: [GC
Desired survivor size 4194304 bytes, new threshold 1 (max 15)
 [PSYoungGen: 812128K->1568K(814592K)] 1802789K->992277K(1838592K), 0.0090190 secs] [Times: user=0.05 sys=0.00, real=0.01 secs] 
1105.726: [GC
Desired survivor size 4194304 bytes, new threshold 1 (max 15)
 [PSYoungGen: 811552K->1728K(815104K)] 1802261K->992461K(1839104K), 0.0099470 secs] [Times: user=0.06 sys=0.00, real=0.01 secs] 
1105.989: [GC
Desired survivor size 4194304 bytes, new threshold 1 (max 15)
 [PSYoungGen: 812736K->2880K(815104K)] 1803469K->993637K(1839104K), 0.0098400 secs] [Times: user=0.05 sys=0.00, real=0.01 secs] 
1106.257: [GC
Desired survivor size 4194304 bytes, new threshold 1 (max 15)
 [PSYoungGen: 813888K->1184K(815104K)] 1804645K->991973K(1839104K), 0.0092210 secs] [Times: user=0.05 sys=0.00, real=0.01 secs] 
1106.521: [GC
Desired survivor size 4194304 bytes, new threshold 1 (max 15)
 [PSYoungGen: 812192K->832K(815104K)] 1802981K->991661K(1839104K), 0.0095180 secs] [Times: user=0.05 sys=0.00, real=0.01 secs] 
1106.790: [GC
Desired survivor size 4194304 bytes, new threshold 1 (max 15)
 [PSYoungGen: 811840K->1216K(815104K)] 1802669K->992069K(1839104K), 0.0092780 secs] [Times: user=0.05 sys=0.00, real=0.01 secs] 
1107.045: [GC
Desired survivor size 4194304 bytes, new threshold 1 (max 15)
 [PSYoungGen: 812224K->1536K(815104K)] 1803077K->992405K(1839104K), 0.0094610 secs] [Times: user=0.05 sys=0.00, real=0.01 secs] 
1107.305: [GC
Desired survivor size 4718592 bytes, new threshold 1 (max 15)
 [PSYoungGen: 812544K->3552K(814080K)] 1803413K->994445K(1838080K), 0.0102870 secs] [Times: user=0.06 sys=0.00, real=0.01 secs] 
1107.567: [GC
Desired survivor size 4194304 bytes, new threshold 1 (max 15)
 [PSYoungGen: 813536K->864K(814592K)] 1804429K->991789K(1838592K), 0.0090990 secs] [Times: user=0.05 sys=0.01, real=0.01 secs] 
1107.839: [GC
Desired survivor size 4718592 bytes, new threshold 1 (max 15)
 [PSYoungGen: 810848K->2784K(814080K)] 1801773K->993733K(1838080K), 0.0099770 secs] [Times: user=0.06 sys=0.00, real=0.01 secs] 
1108.096: [GC
Desired survivor size 4718592 bytes, new threshold 1 (max 15)
 [PSYoungGen: 812768K->2464K(814592K)] 1803717K->993429K(1838592K), 0.0094970 secs] [Times: user=0.06 sys=0.00, real=0.01 secs] 
1108.362: [GC
Desired survivor size 4718592 bytes, new threshold 1 (max 15)
 [PSYoungGen: 812448K->1216K(814592K)] 1803413K->992205K(1838592K), 0.0091070 secs] [Times: user=0.05 sys=0.00, real=0.01 secs] 
1108.621: [GC
Desired survivor size 4718592 bytes, new threshold 1 (max 15)
 [PSYoungGen: 811200K->2592K(814592K)] 1802189K->993613K(1838592K), 0.0097070 secs] [Times: user=0.05 sys=0.00, real=0.00 secs] 
1108.891: [GC
Desired survivor size 4718592 bytes, new threshold 1 (max 15)
 [PSYoungGen: 812576K->2784K(814592K)] 1803597K->993837K(1838592K), 0.0102650 secs] [Times: user=0.05 sys=0.00, real=0.01 secs] 
1109.159: [GC
Desired survivor size 4718592 bytes, new threshold 1 (max 15)
 [PSYoungGen: 812768K->2336K(814592K)] 1803821K->993421K(1838592K), 0.0101330 secs] [Times: user=0.06 sys=0.00, real=0.01 secs] 
1109.419: [GC
Desired survivor size 4718592 bytes, new threshold 1 (max 15)
 [PSYoungGen: 812320K->960K(814592K)] 1803405K->992085K(1838592K), 0.0094140 secs] [Times: user=0.05 sys=0.00, real=0.01 secs] 
1109.695: [GC
Desired survivor size 4194304 bytes, new threshold 1 (max 15)
 [PSYoungGen: 810944K->1664K(814592K)] 1802069K->992821K(1838592K), 0.0101210 secs] [Times: user=0.05 sys=0.01, real=0.01 secs] 
1109.948: [GC
Desired survivor size 4718592 bytes, new threshold 1 (max 15)
 [PSYoungGen: 811648K->3296K(814080K)] 1802805K->994477K(1838080K), 0.0098970 secs] [Times: user=0.06 sys=0.00, real=0.01 secs] 
1110.468: [GC
Desired survivor size 4718592 bytes, new threshold 1 (max 15)
 [PSYoungGen: 813280K->960K(814592K)] 1804461K->992165K(1838592K), 0.0087360 secs] [Times: user=0.04 sys=0.00, real=0.01 secs] 
1110.741: [GC
Desired survivor size 4718592 bytes, new threshold 1 (max 15)
 [PSYoungGen: 810944K->2432K(814592K)] 1802149K->993661K(1838592K), 0.0099160 secs] [Times: user=0.06 sys=0.00, real=0.01 secs] 
1111.000: [GC
Desired survivor size 4718592 bytes, new threshold 1 (max 15)
 [PSYoungGen: 812416K->1056K(814592K)] 1803645K->992317K(1838592K), 0.0094540 secs] [Times: user=0.05 sys=0.00, real=0.01 secs] 
1111.266: [GC
Desired survivor size 4718592 bytes, new threshold 1 (max 15)
 [PSYoungGen: 811040K->608K(814592K)] 1802301K->991893K(1838592K), 0.0088090 secs] [Times: user=0.06 sys=0.00, real=0.01 secs] 
1111.518: [GC
Desired survivor size 4194304 bytes, new threshold 1 (max 15)
 [PSYoungGen: 810592K->864K(814592K)] 1801877K->992181K(1838592K), 0.0091790 secs] [Times: user=0.06 sys=0.00, real=0.01 secs] 
1111.793: [GC
Desired survivor size 4194304 bytes, new threshold 1 (max 15)
 [PSYoungGen: 810848K->1184K(815104K)] 1802165K->992533K(1839104K), 0.0092990 secs] [Times: user=0.05 sys=0.00, real=0.01 secs] 
1112.092: [GC
Desired survivor size 4194304 bytes, new threshold 1 (max 15)
 [PSYoungGen: 812192K->352K(815104K)] 1803541K->991733K(1839104K), 0.0085370 secs] [Times: user=0.04 sys=0.00, real=0.00 secs] 
1112.359: [GC
Desired survivor size 4194304 bytes, new threshold 1 (max 15)
 [PSYoungGen: 811360K->800K(815104K)] 1802741K->992213K(1839104K), 0.0091620 secs] [Times: user=0.06 sys=0.00, real=0.01 secs] 
1112.629: [GC
Desired survivor size 4194304 bytes, new threshold 1 (max 15)
 [PSYoungGen: 811808K->2176K(815104K)] 1803221K->993613K(1839104K), 0.0093940 secs] [Times: user=0.05 sys=0.00, real=0.01 secs] 
1112.896: [GC
Desired survivor size 4194304 bytes, new threshold 1 (max 15)
 [PSYoungGen: 813184K->2496K(815104K)] 1804621K->993949K(1839104K), 0.0096560 secs] [Times: user=0.06 sys=0.00, real=0.01 secs] 
1113.164: [GC
Desired survivor size 4194304 bytes, new threshold 1 (max 15)
 [PSYoungGen: 813504K->1568K(815104K)] 1804957K->993045K(1839104K), 0.0095590 secs] [Times: user=0.06 sys=0.00, real=0.01 secs] 
1113.435: [GC
Desired survivor size 3670016 bytes, new threshold 1 (max 15)
 [PSYoungGen: 812576K->1120K(815616K)] 1804053K->992629K(1839616K), 0.0095930 secs] [Times: user=0.06 sys=0.00, real=0.01 secs] 
1113.711: [GC
Desired survivor size 3670016 bytes, new threshold 1 (max 15)
 [PSYoungGen: 812640K->1504K(815104K)] 1804149K->993037K(1839104K), 0.0094740 secs] [Times: user=0.04 sys=0.00, real=0.01 secs] 
1113.976: [GC
Desired survivor size 3670016 bytes, new threshold 1 (max 15)
 [PSYoungGen: 813024K->864K(815616K)] 1804557K->992429K(1839616K), 0.0088840 secs] [Times: user=0.04 sys=0.00, real=0.01 secs] 
1114.238: [GC
Desired survivor size 3670016 bytes, new threshold 1 (max 15)
 [PSYoungGen: 812896K->2528K(815616K)] 1804461K->994117K(1839616K), 0.0101490 secs] [Times: user=0.05 sys=0.00, real=0.01 secs] 
1114.503: [GC
Desired survivor size 3670016 bytes, new threshold 1 (max 15)
 [PSYoungGen: 814560K->1216K(815616K)] 1806149K->992821K(1839616K), 0.0090600 secs] [Times: user=0.05 sys=0.00, real=0.01 secs] 
1114.772: [GC
Desired survivor size 3670016 bytes, new threshold 1 (max 15)
 [PSYoungGen: 813248K->1632K(815616K)] 1804853K->993269K(1839616K), 0.0095210 secs] [Times: user=0.06 sys=0.00, real=0.00 secs] 
1115.042: [GC
Desired survivor size 3670016 bytes, new threshold 1 (max 15)
 [PSYoungGen: 813664K->1568K(815616K)] 1805301K->993229K(1839616K), 0.0095320 secs] [Times: user=0.05 sys=0.00, real=0.01 secs] 
1115.303: [GC
Desired survivor size 3670016 bytes, new threshold 1 (max 15)
 [PSYoungGen: 813600K->2720K(815616K)] 1805261K->994397K(1839616K), 0.0103670 secs] [Times: user=0.06 sys=0.00, real=0.01 secs] 
1115.570: [GC
Desired survivor size 3670016 bytes, new threshold 1 (max 15)
 [PSYoungGen: 814752K->896K(815616K)] 1806429K->992597K(1839616K), 0.0112920 secs] [Times: user=0.06 sys=0.00, real=0.01 secs] 
1115.848: [GC
Desired survivor size 3670016 bytes, new threshold 1 (max 15)
 [PSYoungGen: 812928K->1088K(815616K)] 1804629K->992829K(1839616K), 0.0090720 secs] [Times: user=0.05 sys=0.00, real=0.01 secs] 
1116.115: [GC
Desired survivor size 3670016 bytes, new threshold 1 (max 15)
 [PSYoungGen: 813120K->1632K(815616K)] 1804861K->993397K(1839616K), 0.0099480 secs] [Times: user=0.05 sys=0.00, real=0.01 secs] 
1116.376: [GC
Desired survivor size 3670016 bytes, new threshold 1 (max 15)
 [PSYoungGen: 813664K->1920K(815616K)] 1805429K->993701K(1839616K), 0.0094780 secs] [Times: user=0.06 sys=0.00, real=0.01 secs] 
1116.637: [GC
Desired survivor size 3145728 bytes, new threshold 1 (max 15)
 [PSYoungGen: 813952K->1536K(816128K)] 1805733K->993349K(1840128K), 0.0100010 secs] [Times: user=0.05 sys=0.00, real=0.01 secs] 
1116.908: [GC
Desired survivor size 3670016 bytes, new threshold 1 (max 15)
 [PSYoungGen: 814080K->3040K(815616K)] 1805893K->994869K(1839616K), 0.0101710 secs] [Times: user=0.06 sys=0.00, real=0.01 secs] 
1117.177: [GC
Desired survivor size 3670016 bytes, new threshold 1 (max 15)
 [PSYoungGen: 815584K->256K(815616K)] 1807413K->992117K(1839616K), 0.0084500 secs] [Times: user=0.05 sys=0.01, real=0.01 secs] 
1117.440: [GC
Desired survivor size 3670016 bytes, new threshold 1 (max 15)
 [PSYoungGen: 812288K->2080K(815616K)] 1804149K->993973K(1839616K), 0.0099200 secs] [Times: user=0.05 sys=0.00, real=0.01 secs] 
1117.711: [GC
Desired survivor size 3670016 bytes, new threshold 1 (max 15)
 [PSYoungGen: 814112K->640K(815616K)] 1806005K->992557K(1839616K), 0.0090190 secs] [Times: user=0.05 sys=0.00, real=0.01 secs] 
1117.967: [GC
Desired survivor size 4194304 bytes, new threshold 1 (max 15)
 [PSYoungGen: 812672K->3456K(815616K)] 1804589K->995413K(1839616K), 0.0100020 secs] [Times: user=0.06 sys=0.00, real=0.01 secs] 
1118.235: [GC
Desired survivor size 4194304 bytes, new threshold 1 (max 15)
 [PSYoungGen: 815488K->1408K(814592K)] 1807445K->993397K(1838592K), 0.0092270 secs] [Times: user=0.06 sys=0.00, real=0.01 secs] 
1118.495: [GC
Desired survivor size 4194304 bytes, new threshold 1 (max 15)
 [PSYoungGen: 812416K->2528K(815104K)] 1804405K->994549K(1839104K), 0.0096590 secs] [Times: user=0.06 sys=0.00, real=0.01 secs] 
1118.777: [GC
Desired survivor size 4194304 bytes, new threshold 1 (max 15)
 [PSYoungGen: 813536K->2048K(815104K)] 1805557K->994109K(1839104K), 0.0098860 secs] [Times: user=0.05 sys=0.00, real=0.01 secs] 
1119.035: [GC
Desired survivor size 4194304 bytes, new threshold 1 (max 15)
 [PSYoungGen: 813056K->2016K(815104K)] 1805117K->994117K(1839104K), 0.0092110 secs] [Times: user=0.06 sys=0.01, real=0.01 secs] 
1119.301: [GC
Desired survivor size 3670016 bytes, new threshold 1 (max 15)
 [PSYoungGen: 813024K->2048K(815616K)] 1805125K->994181K(1839616K), 0.0095030 secs] [Times: user=0.06 sys=0.01, real=0.01 secs] 
1119.559: [GC
Desired survivor size 3670016 bytes, new threshold 1 (max 15)
 [PSYoungGen: 813568K->2304K(815104K)] 1805701K->994461K(1839104K), 0.0094940 secs] [Times: user=0.05 sys=0.00, real=0.01 secs] 
1119.832: [GC
Desired survivor size 4194304 bytes, new threshold 1 (max 15)
 [PSYoungGen: 813824K->2944K(814592K)] 1805981K->995125K(1838592K), 0.0097940 secs] [Times: user=0.06 sys=0.00, real=0.01 secs] 
1120.094: [GC
Desired survivor size 4194304 bytes, new threshold 1 (max 15)
 [PSYoungGen: 813952K->1600K(815104K)] 1806133K->993813K(1839104K), 0.0093480 secs] [Times: user=0.05 sys=0.00, real=0.01 secs] 
1120.362: [GC
Desired survivor size 4194304 bytes, new threshold 1 (max 15)
 [PSYoungGen: 812608K->768K(815104K)] 1804821K->993037K(1839104K), 0.0087140 secs] [Times: user=0.05 sys=0.01, real=0.01 secs] 
1120.624: [GC
Desired survivor size 4194304 bytes, new threshold 1 (max 15)
 [PSYoungGen: 811776K->928K(815104K)] 1804045K->993253K(1839104K), 0.0091020 secs] [Times: user=0.05 sys=0.00, real=0.01 secs] 
1120.904: [GC
Desired survivor size 4194304 bytes, new threshold 1 (max 15)
 [PSYoungGen: 811936K->2240K(815104K)] 1804261K->994581K(1839104K), 0.0095370 secs] [Times: user=0.06 sys=0.00, real=0.01 secs] 
1121.172: [GC
Desired survivor size 3670016 bytes, new threshold 1 (max 15)
 [PSYoungGen: 813248K->1824K(815104K)] 1805589K->994181K(1839104K), 0.0093540 secs] [Times: user=0.05 sys=0.01, real=0.01 secs] 
1121.486: [GC
Desired survivor size 3670016 bytes, new threshold 1 (max 15)
 [PSYoungGen: 812832K->1184K(815616K)] 1805189K->993589K(1839616K), 0.0162780 secs] [Times: user=0.10 sys=0.00, real=0.01 secs] 
1121.829: [GC
Desired survivor size 4194304 bytes, new threshold 1 (max 15)
 [PSYoungGen: 813216K->2848K(815104K)] 1805621K->995277K(1839104K), 0.0101790 secs] [Times: user=0.05 sys=0.01, real=0.01 secs] 
1122.095: [GC
Desired survivor size 3670016 bytes, new threshold 1 (max 15)
 [PSYoungGen: 814880K->1760K(815616K)] 1807309K->994221K(1839616K), 0.0095450 secs] [Times: user=0.05 sys=0.00, real=0.01 secs] 
1122.397: [GC
Desired survivor size 3670016 bytes, new threshold 1 (max 15)
 [PSYoungGen: 813280K->832K(815104K)] 1805741K->993317K(1839104K), 0.0113430 secs] [Times: user=0.07 sys=0.00, real=0.01 secs] 
1122.663: [GC
Desired survivor size 3670016 bytes, new threshold 1 (max 15)
 [PSYoungGen: 812352K->736K(815616K)] 1804837K->993245K(1839616K), 0.0092600 secs] [Times: user=0.06 sys=0.00, real=0.00 secs] 
1123.013: [GC
Desired survivor size 4194304 bytes, new threshold 1 (max 15)
 [PSYoungGen: 812768K->3296K(815616K)] 1805277K->995845K(1839616K), 0.0099400 secs] [Times: user=0.06 sys=0.01, real=0.01 secs] 
1123.288: [GC
Desired survivor size 4194304 bytes, new threshold 1 (max 15)
 [PSYoungGen: 815328K->2720K(814592K)] 1807877K->995293K(1838592K), 0.0097570 secs] [Times: user=0.04 sys=0.00, real=0.01 secs] 
1123.550: [GC
Desired survivor size 4194304 bytes, new threshold 1 (max 15)
 [PSYoungGen: 813728K->2272K(815104K)] 1806301K->996597K(1839104K), 0.0103840 secs] [Times: user=0.06 sys=0.00, real=0.01 secs] 
1123.820: [GC
Desired survivor size 4194304 bytes, new threshold 1 (max 15)
 [PSYoungGen: 813280K->2368K(815104K)] 1807605K->997381K(1839104K), 0.0101710 secs] [Times: user=0.06 sys=0.00, real=0.01 secs] 
1124.078: [GC
Desired survivor size 4194304 bytes, new threshold 1 (max 15)
 [PSYoungGen: 813376K->2784K(815104K)] 1808389K->998285K(1839104K), 0.0115370 secs] [Times: user=0.06 sys=0.01, real=0.01 secs] 
1124.348: [GC
Desired survivor size 4194304 bytes, new threshold 1 (max 15)
 [PSYoungGen: 813792K->2304K(815104K)] 1809293K->998341K(1839104K), 0.0100260 secs] [Times: user=0.05 sys=0.00, real=0.01 secs] 
1124.616: [GC
Desired survivor size 4194304 bytes, new threshold 1 (max 15)
 [PSYoungGen: 813312K->1280K(815104K)] 1809349K->997741K(1839104K), 0.0096140 secs] [Times: user=0.06 sys=0.00, real=0.01 secs] 
1124.887: [GC
Desired survivor size 4194304 bytes, new threshold 1 (max 15)
 [PSYoungGen: 812288K->1536K(815104K)] 1808749K->998453K(1839104K), 0.0094890 secs] [Times: user=0.05 sys=0.00, real=0.01 secs] 
1125.150: [GC
Desired survivor size 4194304 bytes, new threshold 1 (max 15)
 [PSYoungGen: 812544K->2016K(815104K)] 1809461K->998981K(1839104K), 0.0097100 secs] [Times: user=0.05 sys=0.00, real=0.01 secs] 
1125.412: [GC
Desired survivor size 3670016 bytes, new threshold 1 (max 15)
 [PSYoungGen: 813024K->1792K(815616K)] 1809989K->998781K(1839616K), 0.0096990 secs] [Times: user=0.06 sys=0.00, real=0.01 secs] 
1125.680: [GC
Desired survivor size 3670016 bytes, new threshold 1 (max 15)
 [PSYoungGen: 813312K->928K(815104K)] 1810301K->997941K(1839104K), 0.0159090 secs] [Times: user=0.07 sys=0.01, real=0.02 secs] 
1125.951: [GC
Desired survivor size 3670016 bytes, new threshold 1 (max 15)
 [PSYoungGen: 812448K->2240K(815616K)] 1809461K->999285K(1839616K), 0.0100170 secs] [Times: user=0.05 sys=0.00, real=0.01 secs] 
1126.216: [GC
Desired survivor size 3670016 bytes, new threshold 1 (max 15)
 [PSYoungGen: 814272K->1920K(815616K)] 1811317K->998981K(1839616K), 0.0095870 secs] [Times: user=0.05 sys=0.00, real=0.01 secs] 
1126.477: [GC
Desired survivor size 3670016 bytes, new threshold 1 (max 15)
 [PSYoungGen: 813952K->704K(815616K)] 1811013K->997821K(1839616K), 0.0090120 secs] [Times: user=0.05 sys=0.00, real=0.01 secs] 
1126.746: [GC
Desired survivor size 3670016 bytes, new threshold 1 (max 15)
 [PSYoungGen: 812736K->2304K(815616K)] 1809853K->999461K(1839616K), 0.0100750 secs] [Times: user=0.06 sys=0.00, real=0.01 secs] 
1127.007: [GC
Desired survivor size 3670016 bytes, new threshold 1 (max 15)
 [PSYoungGen: 814336K->1184K(815616K)] 1811493K->998357K(1839616K), 0.0089640 secs] [Times: user=0.06 sys=0.01, real=0.01 secs] 
1127.275: [GC
Desired survivor size 4194304 bytes, new threshold 1 (max 15)
 [PSYoungGen: 813216K->2912K(815104K)] 1810389K->1000109K(1839104K), 0.0134790 secs] [Times: user=0.06 sys=0.00, real=0.01 secs] 
1127.546: [GC
Desired survivor size 3670016 bytes, new threshold 1 (max 15)
 [PSYoungGen: 814944K->1952K(815616K)] 1812141K->999197K(1839616K), 0.0096760 secs] [Times: user=0.05 sys=0.00, real=0.01 secs] 
1127.816: [GC
Desired survivor size 3670016 bytes, new threshold 1 (max 15)
 [PSYoungGen: 813472K->512K(815104K)] 1810717K->997797K(1839104K), 0.0089910 secs] [Times: user=0.05 sys=0.00, real=0.01 secs] 
1128.076: [GC
Desired survivor size 3670016 bytes, new threshold 1 (max 15)
 [PSYoungGen: 812032K->1248K(815616K)] 1809317K->998565K(1839616K), 0.0104400 secs] [Times: user=0.06 sys=0.00, real=0.01 secs] 
1128.343: [GC
Desired survivor size 3670016 bytes, new threshold 1 (max 15)
 [PSYoungGen: 813280K->2048K(815616K)] 1810597K->999381K(1839616K), 0.0097500 secs] [Times: user=0.06 sys=0.00, real=0.01 secs] 
1128.605: [GC
Desired survivor size 3670016 bytes, new threshold 1 (max 15)
 [PSYoungGen: 814080K->1312K(815616K)] 1811413K->998677K(1839616K), 0.0095930 secs] [Times: user=0.06 sys=0.00, real=0.01 secs] 
1128.864: [GC
Desired survivor size 3670016 bytes, new threshold 1 (max 15)
 [PSYoungGen: 813344K->2752K(815616K)] 1810709K->1000141K(1839616K), 0.0102520 secs] [Times: user=0.05 sys=0.00, real=0.01 secs] 
1129.131: [GC
Desired survivor size 3670016 bytes, new threshold 1 (max 15)
 [PSYoungGen: 814784K->1568K(815616K)] 1812173K->998973K(1839616K), 0.0097430 secs] [Times: user=0.05 sys=0.00, real=0.01 secs] 
1129.402: [GC
Desired survivor size 3670016 bytes, new threshold 1 (max 15)
 [PSYoungGen: 813600K->1056K(815616K)] 1811005K->998485K(1839616K), 0.0093980 secs] [Times: user=0.06 sys=0.00, real=0.01 secs] 
1129.665: [GC
Desired survivor size 3670016 bytes, new threshold 1 (max 15)
 [PSYoungGen: 813088K->1376K(815616K)] 1810517K->998837K(1839616K), 0.0106670 secs] [Times: user=0.05 sys=0.00, real=0.01 secs] 
1129.937: [GC
Desired survivor size 3670016 bytes, new threshold 1 (max 15)
 [PSYoungGen: 813408K->1632K(815616K)] 1810869K->999117K(1839616K), 0.0092510 secs] [Times: user=0.04 sys=0.01, real=0.01 secs] 
1130.203: [GC
Desired survivor size 3145728 bytes, new threshold 1 (max 15)
 [PSYoungGen: 813664K->1792K(816128K)] 1811149K->999317K(1840128K), 0.0095230 secs] [Times: user=0.06 sys=0.00, real=0.01 secs] 
1130.460: [GC
Desired survivor size 4194304 bytes, new threshold 1 (max 15)
 [PSYoungGen: 814336K->3072K(815616K)] 1811861K->1002021K(1839616K), 0.0106190 secs] [Times: user=0.06 sys=0.00, real=0.01 secs] 
1130.733: [GC
Desired survivor size 4194304 bytes, new threshold 1 (max 15)
 [PSYoungGen: 815616K->1504K(814592K)] 1814565K->1000773K(1838592K), 0.0105000 secs] [Times: user=0.06 sys=0.00, real=0.01 secs] 
1130.998: [GC
Desired survivor size 4194304 bytes, new threshold 1 (max 15)
 [PSYoungGen: 812512K->2144K(815104K)] 1811781K->1001461K(1839104K), 0.0103210 secs] [Times: user=0.06 sys=0.00, real=0.01 secs] 
1131.272: [GC
Desired survivor size 3670016 bytes, new threshold 1 (max 15)
 [PSYoungGen: 813152K->1600K(815616K)] 1812469K->1000933K(1839616K), 0.0097940 secs] [Times: user=0.06 sys=0.00, real=0.01 secs] 
1131.534: [GC
Desired survivor size 3670016 bytes, new threshold 1 (max 15)
 [PSYoungGen: 813120K->1536K(815104K)] 1812453K->1000901K(1839104K), 0.0095770 secs] [Times: user=0.05 sys=0.00, real=0.00 secs] 
1131.806: [GC
Desired survivor size 3670016 bytes, new threshold 1 (max 15)
 [PSYoungGen: 813056K->2112K(815616K)] 1812421K->1001501K(1839616K), 0.0096320 secs] [Times: user=0.05 sys=0.00, real=0.01 secs] 
1132.105: [GC
Desired survivor size 3670016 bytes, new threshold 1 (max 15)
 [PSYoungGen: 814144K->1856K(815616K)] 1813533K->1001293K(1839616K), 0.0094880 secs] [Times: user=0.06 sys=0.00, real=0.01 secs] 
1132.367: [GC
Desired survivor size 3670016 bytes, new threshold 1 (max 15)
 [PSYoungGen: 813888K->1568K(815616K)] 1813325K->1001037K(1839616K), 0.0099550 secs] [Times: user=0.06 sys=0.00, real=0.01 secs] 
1132.633: [GC
Desired survivor size 3670016 bytes, new threshold 1 (max 15)
 [PSYoungGen: 813600K->2720K(815616K)] 1813069K->1002213K(1839616K), 0.0116020 secs] [Times: user=0.06 sys=0.00, real=0.02 secs] 
1132.924: [GC
Desired survivor size 4194304 bytes, new threshold 1 (max 15)
 [PSYoungGen: 814752K->3264K(814592K)] 1814245K->1003301K(1838592K), 0.0109940 secs] [Times: user=0.05 sys=0.01, real=0.01 secs] 
1133.183: [GC
Desired survivor size 4194304 bytes, new threshold 1 (max 15)
 [PSYoungGen: 814272K->1632K(815104K)] 1814309K->1002253K(1839104K), 0.0098820 secs] [Times: user=0.06 sys=0.00, real=0.01 secs] 
1133.444: [GC
Desired survivor size 4194304 bytes, new threshold 1 (max 15)
 [PSYoungGen: 812640K->2784K(815104K)] 1813261K->1003661K(1839104K), 0.0104530 secs] [Times: user=0.06 sys=0.00, real=0.01 secs] 
1133.720: [GC
Desired survivor size 4194304 bytes, new threshold 1 (max 15)
 [PSYoungGen: 813792K->640K(815104K)] 1814669K->1001549K(1839104K), 0.0092400 secs] [Times: user=0.04 sys=0.00, real=0.01 secs] 
1133.986: [GC
Desired survivor size 4194304 bytes, new threshold 1 (max 15)
 [PSYoungGen: 811648K->1952K(815104K)] 1812557K->1002893K(1839104K), 0.0096350 secs] [Times: user=0.06 sys=0.00, real=0.01 secs] 
1134.250: [GC
Desired survivor size 3670016 bytes, new threshold 1 (max 15)
 [PSYoungGen: 812960K->1600K(815104K)] 1813901K->1002565K(1839104K), 0.0096620 secs] [Times: user=0.06 sys=0.00, real=0.01 secs] 
1134.505: [GC
Desired survivor size 3670016 bytes, new threshold 1 (max 15)
 [PSYoungGen: 812608K->1312K(815616K)] 1813573K->1002301K(1839616K), 0.0092940 secs] [Times: user=0.05 sys=0.00, real=0.01 secs] 
1134.772: [GC
Desired survivor size 4194304 bytes, new threshold 1 (max 15)
 [PSYoungGen: 813344K->2784K(815104K)] 1814333K->1003797K(1839104K), 0.0095940 secs] [Times: user=0.06 sys=0.00, real=0.01 secs] 
1135.030: [GC
Desired survivor size 4194304 bytes, new threshold 1 (max 15)
 [PSYoungGen: 814816K->1088K(815104K)] 1815829K->1002125K(1839104K), 0.0089440 secs] [Times: user=0.05 sys=0.00, real=0.01 secs] 
1135.290: [GC
Desired survivor size 3670016 bytes, new threshold 1 (max 15)
 [PSYoungGen: 812096K->1632K(815104K)] 1813133K->1002701K(1839104K), 0.0092730 secs] [Times: user=0.05 sys=0.00, real=0.01 secs] 
1135.547: [GC
Desired survivor size 3670016 bytes, new threshold 1 (max 15)
 [PSYoungGen: 812640K->896K(815616K)] 1813709K->1001989K(1839616K), 0.0093600 secs] [Times: user=0.05 sys=0.00, real=0.01 secs] 
1135.814: [GC
Desired survivor size 4194304 bytes, new threshold 1 (max 15)
 [PSYoungGen: 812928K->2528K(814592K)] 1814021K->1003629K(1838592K), 0.0095930 secs] [Times: user=0.06 sys=0.00, real=0.01 secs] 
1136.077: [GC
Desired survivor size 3670016 bytes, new threshold 1 (max 15)
 [PSYoungGen: 814560K->1344K(815616K)] 1815661K->1002469K(1839616K), 0.0114950 secs] [Times: user=0.05 sys=0.00, real=0.01 secs] 
1136.341: [GC
Desired survivor size 3670016 bytes, new threshold 1 (max 15)
 [PSYoungGen: 812864K->2112K(815104K)] 1813989K->1003277K(1839104K), 0.0096580 secs] [Times: user=0.06 sys=0.00, real=0.01 secs] 
1136.595: [GC
Desired survivor size 3670016 bytes, new threshold 1 (max 15)
 [PSYoungGen: 813632K->2304K(815616K)] 1814797K->1003509K(1839616K), 0.0095280 secs] [Times: user=0.04 sys=0.00, real=0.01 secs] 
1136.873: [GC
Desired survivor size 3670016 bytes, new threshold 1 (max 15)
 [PSYoungGen: 814336K->1696K(815616K)] 1815541K->1002917K(1839616K), 0.0094740 secs] [Times: user=0.06 sys=0.00, real=0.01 secs] 
1137.135: [GC
Desired survivor size 4194304 bytes, new threshold 1 (max 15)
 [PSYoungGen: 813728K->3392K(814592K)] 1814949K->1004637K(1838592K), 0.0123830 secs] [Times: user=0.07 sys=0.00, real=0.01 secs] 
1137.397: [GC
Desired survivor size 4194304 bytes, new threshold 1 (max 15)
 [PSYoungGen: 814400K->1728K(815104K)] 1815645K->1002997K(1839104K), 0.0098780 secs] [Times: user=0.06 sys=0.00, real=0.01 secs] 
1137.670: [GC
Desired survivor size 3670016 bytes, new threshold 1 (max 15)
 [PSYoungGen: 812736K->2240K(815616K)] 1814005K->1003557K(1839616K), 0.0162020 secs] [Times: user=0.08 sys=0.00, real=0.02 secs] 
1137.947: [GC
Desired survivor size 3670016 bytes, new threshold 1 (max 15)
 [PSYoungGen: 813760K->2240K(815104K)] 1815077K->1003597K(1839104K), 0.0106420 secs] [Times: user=0.05 sys=0.00, real=0.01 secs] 
1138.211: [GC
Desired survivor size 3670016 bytes, new threshold 1 (max 15)
 [PSYoungGen: 813760K->2144K(815616K)] 1815117K->1003533K(1839616K), 0.0101760 secs] [Times: user=0.06 sys=0.00, real=0.01 secs] 
1138.473: [GC
Desired survivor size 3670016 bytes, new threshold 1 (max 15)
 [PSYoungGen: 814176K->1856K(815616K)] 1815565K->1003261K(1839616K), 0.0091820 secs] [Times: user=0.05 sys=0.00, real=0.01 secs] 
1138.749: [GC
Desired survivor size 3670016 bytes, new threshold 1 (max 15)
 [PSYoungGen: 813888K->2976K(815616K)] 1815293K->1004413K(1839616K), 0.0102790 secs] [Times: user=0.06 sys=0.00, real=0.01 secs] 
1139.010: [GC
Desired survivor size 3670016 bytes, new threshold 1 (max 15)
 [PSYoungGen: 815008K->2048K(815616K)] 1816445K->1003517K(1839616K), 0.0097600 secs] [Times: user=0.05 sys=0.00, real=0.01 secs] 
1139.272: [GC
Desired survivor size 4194304 bytes, new threshold 1 (max 15)
 [PSYoungGen: 814080K->3136K(814592K)] 1815549K->1004621K(1838592K), 0.0103200 secs] [Times: user=0.06 sys=0.01, real=0.01 secs] 
1139.535: [GC
Desired survivor size 4194304 bytes, new threshold 1 (max 15)
 [PSYoungGen: 814144K->544K(815104K)] 1815629K->1002069K(1839104K), 0.0087530 secs] [Times: user=0.04 sys=0.00, real=0.00 secs] 
1139.811: [GC
Desired survivor size 4718592 bytes, new threshold 1 (max 15)
 [PSYoungGen: 811552K->4096K(814080K)] 1813077K->1005645K(1838080K), 0.0104600 secs] [Times: user=0.06 sys=0.00, real=0.01 secs] 
1140.073: [GC
Desired survivor size 4718592 bytes, new threshold 1 (max 15)
 [PSYoungGen: 814080K->1024K(814592K)] 1815629K->1002605K(1838592K), 0.0100070 secs] [Times: user=0.05 sys=0.00, real=0.01 secs] 
1140.352: [GC
Desired survivor size 4718592 bytes, new threshold 1 (max 15)
 [PSYoungGen: 811008K->1248K(814592K)] 1812589K->1002861K(1838592K), 0.0093960 secs] [Times: user=0.05 sys=0.00, real=0.01 secs] 
1140.613: [GC
Desired survivor size 4718592 bytes, new threshold 1 (max 15)
 [PSYoungGen: 811232K->3456K(814592K)] 1812845K->1005093K(1838592K), 0.0102560 secs] [Times: user=0.06 sys=0.00, real=0.01 secs] 
1140.885: [GC
Desired survivor size 5242880 bytes, new threshold 1 (max 15)
 [PSYoungGen: 813440K->640K(813568K)] 1815077K->1002309K(1837568K), 0.0088990 secs] [Times: user=0.05 sys=0.01, real=0.00 secs] 
1141.148: [GC
Desired survivor size 4718592 bytes, new threshold 1 (max 15)
 [PSYoungGen: 809600K->1664K(814080K)] 1811269K->1003373K(1838080K), 0.0096540 secs] [Times: user=0.05 sys=0.00, real=0.01 secs] 
1141.405: [GC
Desired survivor size 4718592 bytes, new threshold 1 (max 15)
 [PSYoungGen: 810624K->1344K(814592K)] 1812333K->1003077K(1838592K), 0.0094640 secs] [Times: user=0.05 sys=0.00, real=0.01 secs] 
1141.670: [GC
Desired survivor size 4194304 bytes, new threshold 1 (max 15)
 [PSYoungGen: 811328K->1920K(814592K)] 1813061K->1003693K(1838592K), 0.0117770 secs] [Times: user=0.06 sys=0.00, real=0.01 secs] 
1141.943: [GC
Desired survivor size 4194304 bytes, new threshold 1 (max 15)
 [PSYoungGen: 811904K->1184K(815104K)] 1813677K->1002981K(1839104K), 0.0100110 secs] [Times: user=0.05 sys=0.00, real=0.01 secs] 
1142.211: [GC
Desired survivor size 4194304 bytes, new threshold 1 (max 15)
 [PSYoungGen: 812192K->2176K(815104K)] 1813989K->1003989K(1839104K), 0.0095610 secs] [Times: user=0.06 sys=0.00, real=0.01 secs] 
1142.477: [GC
Desired survivor size 4194304 bytes, new threshold 1 (max 15)
 [PSYoungGen: 813184K->2208K(815104K)] 1814997K->1004053K(1839104K), 0.0097680 secs] [Times: user=0.06 sys=0.00, real=0.01 secs] 
1142.759: [GC
Desired survivor size 4194304 bytes, new threshold 1 (max 15)
 [PSYoungGen: 813216K->2912K(815104K)] 1815061K->1004773K(1839104K), 0.0103470 secs] [Times: user=0.06 sys=0.00, real=0.01 secs] 
1143.018: [GC
Desired survivor size 5242880 bytes, new threshold 1 (max 15)
 [PSYoungGen: 813920K->4096K(813056K)] 1815781K->1006973K(1837056K), 0.0109910 secs] [Times: user=0.07 sys=0.00, real=0.01 secs] 
1143.286: [GC
Desired survivor size 5242880 bytes, new threshold 1 (max 15)
 [PSYoungGen: 813056K->800K(814080K)] 1815933K->1004493K(1838080K), 0.0095060 secs] [Times: user=0.05 sys=0.00, real=0.01 secs] 
1143.547: [GC
Desired survivor size 5767168 bytes, new threshold 1 (max 15)
 [PSYoungGen: 809760K->4576K(813056K)] 1813453K->1008373K(1837056K), 0.0112810 secs] [Times: user=0.07 sys=0.00, real=0.01 secs] 
1143.813: [GC
Desired survivor size 5767168 bytes, new threshold 1 (max 15)
 [PSYoungGen: 812512K->2208K(813568K)] 1816309K->1006365K(1837568K), 0.0094010 secs] [Times: user=0.05 sys=0.00, real=0.01 secs] 
1144.071: [GC
Desired survivor size 5242880 bytes, new threshold 1 (max 15)
 [PSYoungGen: 810144K->2624K(814080K)] 1814301K->1007821K(1838080K), 0.0112340 secs] [Times: user=0.07 sys=0.00, real=0.01 secs] 
1144.335: [GC
Desired survivor size 5242880 bytes, new threshold 1 (max 15)
 [PSYoungGen: 811072K->2208K(813568K)] 1816269K->1007645K(1837568K), 0.0094520 secs] [Times: user=0.06 sys=0.00, real=0.01 secs] 
1144.596: [GC
Desired survivor size 5242880 bytes, new threshold 1 (max 15)
 [PSYoungGen: 810656K->1632K(814080K)] 1816093K->1007101K(1838080K), 0.0096130 secs] [Times: user=0.05 sys=0.00, real=0.00 secs] 
1144.869: [GC
Desired survivor size 4718592 bytes, new threshold 1 (max 15)
 [PSYoungGen: 810592K->1664K(814080K)] 1816061K->1007173K(1838080K), 0.0097010 secs] [Times: user=0.06 sys=0.00, real=0.01 secs] 
1145.139: [GC
Desired survivor size 4718592 bytes, new threshold 1 (max 15)
 [PSYoungGen: 810624K->1664K(814592K)] 1816133K->1007205K(1838592K), 0.0115680 secs] [Times: user=0.06 sys=0.00, real=0.01 secs] 
1145.404: [GC
Desired survivor size 4718592 bytes, new threshold 1 (max 15)
 [PSYoungGen: 811648K->1472K(814592K)] 1817189K->1007053K(1838592K), 0.0100450 secs] [Times: user=0.06 sys=0.00, real=0.01 secs] 
1145.667: [GC
Desired survivor size 4718592 bytes, new threshold 1 (max 15)
 [PSYoungGen: 811456K->1728K(814592K)] 1817037K->1007349K(1838592K), 0.0117510 secs] [Times: user=0.06 sys=0.00, real=0.01 secs] 
1145.940: [GC
Desired survivor size 4718592 bytes, new threshold 1 (max 15)
 [PSYoungGen: 811712K->768K(814592K)] 1817333K->1006421K(1838592K), 0.0085990 secs] [Times: user=0.05 sys=0.00, real=0.01 secs] 
1146.210: [GC
Desired survivor size 4718592 bytes, new threshold 1 (max 15)
 [PSYoungGen: 810752K->2400K(814592K)] 1816405K->1008069K(1838592K), 0.0098380 secs] [Times: user=0.06 sys=0.00, real=0.01 secs] 
1146.471: [GC
Desired survivor size 4194304 bytes, new threshold 1 (max 15)
 [PSYoungGen: 812384K->1696K(814592K)] 1818053K->1007405K(1838592K), 0.0092310 secs] [Times: user=0.06 sys=0.00, real=0.01 secs] 
1146.740: [GC
Desired survivor size 4194304 bytes, new threshold 1 (max 15)
 [PSYoungGen: 811680K->1440K(815104K)] 1817389K->1007165K(1839104K), 0.0090320 secs] [Times: user=0.04 sys=0.00, real=0.01 secs] 
1147.003: [GC
Desired survivor size 4194304 bytes, new threshold 1 (max 15)
 [PSYoungGen: 812448K->1248K(815104K)] 1818173K->1007005K(1839104K), 0.0091480 secs] [Times: user=0.05 sys=0.00, real=0.01 secs] 
1147.262: [GC
Desired survivor size 4194304 bytes, new threshold 1 (max 15)
 [PSYoungGen: 812256K->1120K(815104K)] 1818013K->1007181K(1839104K), 0.0091990 secs] [Times: user=0.06 sys=0.00, real=0.01 secs] 
1147.523: [GC
Desired survivor size 4194304 bytes, new threshold 1 (max 15)
 [PSYoungGen: 812128K->1344K(815104K)] 1818189K->1007693K(1839104K), 0.0095790 secs] [Times: user=0.05 sys=0.00, real=0.01 secs] 
1147.787: [GC
Desired survivor size 4194304 bytes, new threshold 1 (max 15)
 [PSYoungGen: 812352K->2528K(815104K)] 1818701K->1008941K(1839104K), 0.0103680 secs] [Times: user=0.06 sys=0.00, real=0.01 secs] 
1148.045: [GC
Desired survivor size 4194304 bytes, new threshold 1 (max 15)
 [PSYoungGen: 813536K->2560K(815104K)] 1819949K->1008997K(1839104K), 0.0097770 secs] [Times: user=0.06 sys=0.00, real=0.01 secs] 
1148.308: [GC
Desired survivor size 4194304 bytes, new threshold 1 (max 15)
 [PSYoungGen: 813568K->640K(815104K)] 1820005K->1007109K(1839104K), 0.0090630 secs] [Times: user=0.06 sys=0.00, real=0.01 secs] 
1148.571: [GC
Desired survivor size 4194304 bytes, new threshold 1 (max 15)
 [PSYoungGen: 811648K->1760K(815104K)] 1818117K->1008277K(1839104K), 0.0106390 secs] [Times: user=0.06 sys=0.00, real=0.01 secs] 
1148.854: [GC
Desired survivor size 4194304 bytes, new threshold 1 (max 15)
 [PSYoungGen: 812768K->800K(815104K)] 1819285K->1007349K(1839104K), 0.0092160 secs] [Times: user=0.05 sys=0.00, real=0.01 secs] 
1149.115: [GC
Desired survivor size 3670016 bytes, new threshold 1 (max 15)
 [PSYoungGen: 811808K->1696K(815104K)] 1818357K->1008261K(1839104K), 0.0095600 secs] [Times: user=0.06 sys=0.00, real=0.01 secs] 
1149.382: [GC
Desired survivor size 3670016 bytes, new threshold 1 (max 15)
 [PSYoungGen: 812704K->1408K(815616K)] 1819269K->1008013K(1839616K), 0.0096290 secs] [Times: user=0.05 sys=0.00, real=0.01 secs] 
1149.657: [GC
Desired survivor size 3670016 bytes, new threshold 1 (max 15)
 [PSYoungGen: 813440K->2336K(815616K)] 1820045K->1008981K(1839616K), 0.0109290 secs] [Times: user=0.06 sys=0.00, real=0.01 secs] 
1149.929: [GC
Desired survivor size 3670016 bytes, new threshold 1 (max 15)
 [PSYoungGen: 814368K->928K(815616K)] 1821013K->1007597K(1839616K), 0.0091060 secs] [Times: user=0.06 sys=0.00, real=0.01 secs] 
1150.203: [GC
Desired survivor size 3670016 bytes, new threshold 1 (max 15)
 [PSYoungGen: 812960K->2304K(815616K)] 1819629K->1008997K(1839616K), 0.0098780 secs] [Times: user=0.06 sys=0.00, real=0.01 secs] 
1150.464: [GC
Desired survivor size 3670016 bytes, new threshold 1 (max 15)
 [PSYoungGen: 814336K->2144K(815616K)] 1821029K->1008877K(1839616K), 0.0114460 secs] [Times: user=0.05 sys=0.00, real=0.01 secs] 
1150.736: [GC
Desired survivor size 4194304 bytes, new threshold 1 (max 15)
 [PSYoungGen: 814176K->2848K(815104K)] 1820909K->1009605K(1839104K), 0.0101130 secs] [Times: user=0.06 sys=0.00, real=0.02 secs] 
1150.997: [GC
Desired survivor size 3670016 bytes, new threshold 1 (max 15)
 [PSYoungGen: 814880K->1728K(815616K)] 1821637K->1008509K(1839616K), 0.0094200 secs] [Times: user=0.05 sys=0.00, real=0.00 secs] 
1151.250: [GC
Desired survivor size 3670016 bytes, new threshold 1 (max 15)
 [PSYoungGen: 813248K->928K(815104K)] 1820029K->1007733K(1839104K), 0.0094770 secs] [Times: user=0.05 sys=0.00, real=0.01 secs] 
1151.504: [GC
Desired survivor size 3670016 bytes, new threshold 1 (max 15)
 [PSYoungGen: 812448K->512K(815616K)] 1819253K->1007341K(1839616K), 0.0086070 secs] [Times: user=0.05 sys=0.00, real=0.01 secs] 
1151.780: [GC
Desired survivor size 3670016 bytes, new threshold 1 (max 15)
 [PSYoungGen: 812544K->896K(815616K)] 1819373K->1007765K(1839616K), 0.0091050 secs] [Times: user=0.05 sys=0.01, real=0.01 secs] 
1152.079: [GC
Desired survivor size 4194304 bytes, new threshold 1 (max 15)
 [PSYoungGen: 812928K->2944K(814592K)] 1819797K->1009845K(1838592K), 0.0106200 secs] [Times: user=0.07 sys=0.00, real=0.01 secs] 
1152.344: [GC
Desired survivor size 4194304 bytes, new threshold 1 (max 15)
 [PSYoungGen: 813952K->2784K(815104K)] 1820853K->1009717K(1839104K), 0.0097580 secs] [Times: user=0.06 sys=0.00, real=0.01 secs] 
1152.618: [GC
Desired survivor size 4194304 bytes, new threshold 1 (max 15)
 [PSYoungGen: 813792K->1664K(815104K)] 1820725K->1008629K(1839104K), 0.0093280 secs] [Times: user=0.06 sys=0.00, real=0.01 secs] 
1152.894: [GC
Desired survivor size 4194304 bytes, new threshold 1 (max 15)
 [PSYoungGen: 812672K->2080K(815104K)] 1819637K->1009061K(1839104K), 0.0096220 secs] [Times: user=0.05 sys=0.00, real=0.01 secs] 
1153.160: [GC
Desired survivor size 4194304 bytes, new threshold 1 (max 15)
 [PSYoungGen: 813088K->1088K(815104K)] 1820069K->1008101K(1839104K), 0.0094730 secs] [Times: user=0.05 sys=0.00, real=0.01 secs] 
1153.427: [GC
Desired survivor size 4194304 bytes, new threshold 1 (max 15)
 [PSYoungGen: 812096K->2720K(815104K)] 1819109K->1009765K(1839104K), 0.0095400 secs] [Times: user=0.06 sys=0.00, real=0.01 secs] 
1153.697: [GC
Desired survivor size 4194304 bytes, new threshold 1 (max 15)
 [PSYoungGen: 813728K->1824K(815104K)] 1820773K->1008885K(1839104K), 0.0091550 secs] [Times: user=0.05 sys=0.00, real=0.00 secs] 
1153.957: [GC
Desired survivor size 3670016 bytes, new threshold 1 (max 15)
 [PSYoungGen: 812832K->1824K(815104K)] 1819893K->1008941K(1839104K), 0.0097840 secs] [Times: user=0.06 sys=0.00, real=0.01 secs] 
1154.230: [GC
Desired survivor size 3670016 bytes, new threshold 1 (max 15)
 [PSYoungGen: 812832K->1600K(815616K)] 1819949K->1008749K(1839616K), 0.0095280 secs] [Times: user=0.06 sys=0.00, real=0.01 secs] 
1154.509: [GC
Desired survivor size 3670016 bytes, new threshold 1 (max 15)
 [PSYoungGen: 813632K->928K(815616K)] 1820781K->1008109K(1839616K), 0.0093180 secs] [Times: user=0.06 sys=0.00, real=0.00 secs] 
1154.782: [GC
Desired survivor size 3670016 bytes, new threshold 1 (max 15)
 [PSYoungGen: 812960K->2112K(815616K)] 1820141K->1009325K(1839616K), 0.0093980 secs] [Times: user=0.05 sys=0.00, real=0.01 secs] 
1155.044: [GC
Desired survivor size 3670016 bytes, new threshold 1 (max 15)
 [PSYoungGen: 814144K->1632K(815616K)] 1821357K->1008877K(1839616K), 0.0095950 secs] [Times: user=0.06 sys=0.00, real=0.01 secs] 
1155.312: [GC
Desired survivor size 3670016 bytes, new threshold 1 (max 15)
 [PSYoungGen: 813664K->1088K(815616K)] 1820909K->1008349K(1839616K), 0.0092940 secs] [Times: user=0.05 sys=0.00, real=0.01 secs] 
1155.576: [GC
Desired survivor size 3670016 bytes, new threshold 1 (max 15)
 [PSYoungGen: 813120K->2208K(815616K)] 1820381K->1009501K(1839616K), 0.0107450 secs] [Times: user=0.06 sys=0.00, real=0.01 secs] 
1155.839: [GC
Desired survivor size 4194304 bytes, new threshold 1 (max 15)
 [PSYoungGen: 814240K->3584K(814592K)] 1821533K->1011765K(1838592K), 0.0109230 secs] [Times: user=0.07 sys=0.00, real=0.01 secs] 
1156.097: [GC
Desired survivor size 4194304 bytes, new threshold 1 (max 15)
 [PSYoungGen: 814592K->576K(815104K)] 1822773K->1009021K(1839104K), 0.0090760 secs] [Times: user=0.05 sys=0.00, real=0.01 secs] 
1156.369: [GC
Desired survivor size 4194304 bytes, new threshold 1 (max 15)
 [PSYoungGen: 811584K->1216K(815104K)] 1820029K->1009693K(1839104K), 0.0100170 secs] [Times: user=0.06 sys=0.00, real=0.01 secs] 
1156.632: [GC
Desired survivor size 4194304 bytes, new threshold 1 (max 15)
 [PSYoungGen: 812224K->1088K(815104K)] 1820701K->1009605K(1839104K), 0.0092620 secs] [Times: user=0.05 sys=0.00, real=0.01 secs] 
1156.899: [GC
Desired survivor size 4194304 bytes, new threshold 1 (max 15)
 [PSYoungGen: 812096K->2720K(815104K)] 1820613K->1011253K(1839104K), 0.0097800 secs] [Times: user=0.07 sys=0.00, real=0.01 secs] 
1157.159: [GC
Desired survivor size 4194304 bytes, new threshold 1 (max 15)
 [PSYoungGen: 813728K->1568K(815104K)] 1822261K->1010125K(1839104K), 0.0091060 secs] [Times: user=0.05 sys=0.00, real=0.00 secs] 
1157.425: [GC
Desired survivor size 4194304 bytes, new threshold 1 (max 15)
 [PSYoungGen: 812576K->1632K(815104K)] 1821133K->1010205K(1839104K), 0.0095080 secs] [Times: user=0.06 sys=0.00, real=0.01 secs] 
1157.702: [GC
Desired survivor size 4194304 bytes, new threshold 1 (max 15)
 [PSYoungGen: 812640K->576K(815104K)] 1821213K->1009197K(1839104K), 0.0095720 secs] [Times: user=0.05 sys=0.00, real=0.01 secs] 
1158.012: [GC
Desired survivor size 4718592 bytes, new threshold 1 (max 15)
 [PSYoungGen: 811584K->4096K(814080K)] 1820205K->1012925K(1838080K), 0.0108580 secs] [Times: user=0.07 sys=0.00, real=0.01 secs] 
1158.283: [GC
Desired survivor size 4718592 bytes, new threshold 1 (max 15)
 [PSYoungGen: 814080K->640K(814592K)] 1822909K->1009541K(1838592K), 0.0090970 secs] [Times: user=0.05 sys=0.00, real=0.01 secs] 
1158.550: [GC
Desired survivor size 4718592 bytes, new threshold 1 (max 15)
 [PSYoungGen: 810624K->2240K(814592K)] 1819525K->1011189K(1838592K), 0.0097210 secs] [Times: user=0.06 sys=0.00, real=0.01 secs] 
1158.828: [GC
Desired survivor size 4718592 bytes, new threshold 1 (max 15)
 [PSYoungGen: 812224K->1664K(814592K)] 1821173K->1010637K(1838592K), 0.0098850 secs] [Times: user=0.06 sys=0.00, real=0.01 secs] 
1159.090: [GC
Desired survivor size 4194304 bytes, new threshold 1 (max 15)
 [PSYoungGen: 811648K->672K(815104K)] 1820621K->1009685K(1839104K), 0.0091300 secs] [Times: user=0.06 sys=0.00, real=0.01 secs] 
1159.355: [GC
Desired survivor size 4194304 bytes, new threshold 1 (max 15)
 [PSYoungGen: 811168K->1280K(814592K)] 1820181K->1010325K(1838592K), 0.0094180 secs] [Times: user=0.06 sys=0.00, real=0.01 secs] 
1159.623: [GC
Desired survivor size 4194304 bytes, new threshold 1 (max 15)
 [PSYoungGen: 811776K->1216K(815104K)] 1820821K->1010309K(1839104K), 0.0090840 secs] [Times: user=0.05 sys=0.00, real=0.01 secs] 
1159.897: [GC
Desired survivor size 4194304 bytes, new threshold 1 (max 15)
 [PSYoungGen: 812224K->1408K(815104K)] 1821317K->1010533K(1839104K), 0.0095210 secs] [Times: user=0.05 sys=0.00, real=0.01 secs] 
1160.161: [GC
Desired survivor size 4194304 bytes, new threshold 1 (max 15)
 [PSYoungGen: 812416K->3104K(815104K)] 1821541K->1012261K(1839104K), 0.0109170 secs] [Times: user=0.06 sys=0.00, real=0.01 secs] 
1160.418: [GC
Desired survivor size 4194304 bytes, new threshold 1 (max 15)
 [PSYoungGen: 814112K->2080K(815104K)] 1823269K->1011269K(1839104K), 0.0098880 secs] [Times: user=0.06 sys=0.00, real=0.01 secs] 
1160.692: [GC
Desired survivor size 4194304 bytes, new threshold 1 (max 15)
 [PSYoungGen: 813088K->2176K(815104K)] 1822277K->1011405K(1839104K), 0.0107100 secs] [Times: user=0.05 sys=0.00, real=0.01 secs] 
1160.957: [GC
Desired survivor size 4718592 bytes, new threshold 1 (max 15)
 [PSYoungGen: 813184K->3264K(814592K)] 1822413K->1013021K(1838592K), 0.0102140 secs] [Times: user=0.06 sys=0.00, real=0.01 secs] 
1161.221: [GC
Desired survivor size 4718592 bytes, new threshold 1 (max 15)
 [PSYoungGen: 814272K->2688K(814592K)] 1824029K->1013029K(1838592K), 0.0103720 secs] [Times: user=0.05 sys=0.00, real=0.01 secs] 
1161.478: [GC
Desired survivor size 4194304 bytes, new threshold 1 (max 15)
 [PSYoungGen: 812672K->2208K(814592K)] 1823013K->1012893K(1838592K), 0.0096930 secs] [Times: user=0.05 sys=0.00, real=0.01 secs] 
1161.846: [GC
Desired survivor size 4194304 bytes, new threshold 1 (max 15)
 [PSYoungGen: 812192K->768K(815104K)] 1822877K->1011477K(1839104K), 0.0091110 secs] [Times: user=0.05 sys=0.01, real=0.01 secs] 
1162.105: [GC
Desired survivor size 4194304 bytes, new threshold 1 (max 15)
 [PSYoungGen: 811776K->1792K(815104K)] 1822485K->1012533K(1839104K), 0.0095680 secs] [Times: user=0.05 sys=0.00, real=0.01 secs] 
1162.374: [GC
Desired survivor size 4194304 bytes, new threshold 1 (max 15)
 [PSYoungGen: 812800K->544K(815104K)] 1823541K->1011317K(1839104K), 0.0095600 secs] [Times: user=0.05 sys=0.00, real=0.01 secs] 
1162.640: [GC
Desired survivor size 4194304 bytes, new threshold 1 (max 15)
 [PSYoungGen: 811552K->2592K(815104K)] 1822325K->1013413K(1839104K), 0.0104030 secs] [Times: user=0.06 sys=0.00, real=0.01 secs] 
1162.923: [GC
Desired survivor size 4194304 bytes, new threshold 1 (max 15)
 [PSYoungGen: 813600K->736K(815104K)] 1824421K->1011573K(1839104K), 0.0090950 secs] [Times: user=0.05 sys=0.00, real=0.01 secs] 
1163.185: [GC
Desired survivor size 4194304 bytes, new threshold 1 (max 15)
 [PSYoungGen: 811744K->2016K(815104K)] 1822581K->1012877K(1839104K), 0.0096810 secs] [Times: user=0.06 sys=0.00, real=0.01 secs] 
1163.447: [GC
Desired survivor size 4194304 bytes, new threshold 1 (max 15)
 [PSYoungGen: 813024K->2656K(815104K)] 1823885K->1013541K(1839104K), 0.0104270 secs] [Times: user=0.06 sys=0.00, real=0.01 secs] 
1163.721: [GC
Desired survivor size 4194304 bytes, new threshold 1 (max 15)
 [PSYoungGen: 813664K->1920K(815104K)] 1824549K->1012829K(1839104K), 0.0094750 secs] [Times: user=0.06 sys=0.00, real=0.01 secs] 
1163.977: [GC
Desired survivor size 4194304 bytes, new threshold 1 (max 15)
 [PSYoungGen: 812928K->2496K(815104K)] 1823837K->1013421K(1839104K), 0.0096680 secs] [Times: user=0.05 sys=0.00, real=0.01 secs] 
1164.240: [GC
Desired survivor size 4194304 bytes, new threshold 1 (max 15)
 [PSYoungGen: 813504K->2016K(815104K)] 1824429K->1012965K(1839104K), 0.0097380 secs] [Times: user=0.05 sys=0.00, real=0.01 secs] 
1164.497: [GC
Desired survivor size 3670016 bytes, new threshold 1 (max 15)
 [PSYoungGen: 813024K->2112K(815616K)] 1823973K->1013077K(1839616K), 0.0098400 secs] [Times: user=0.05 sys=0.00, real=0.01 secs] 
1164.769: [GC
Desired survivor size 3670016 bytes, new threshold 1 (max 15)
 [PSYoungGen: 813632K->1184K(815104K)] 1824597K->1012173K(1839104K), 0.0093120 secs] [Times: user=0.05 sys=0.00, real=0.01 secs] 
1165.027: [GC
Desired survivor size 3670016 bytes, new threshold 1 (max 15)
 [PSYoungGen: 812704K->1024K(815616K)] 1823693K->1012053K(1839616K), 0.0094260 secs] [Times: user=0.05 sys=0.00, real=0.01 secs] 
1165.295: [GC
Desired survivor size 3670016 bytes, new threshold 1 (max 15)
 [PSYoungGen: 813056K->1344K(815616K)] 1824085K->1012397K(1839616K), 0.0091110 secs] [Times: user=0.05 sys=0.00, real=0.01 secs] 
1165.553: [GC
Desired survivor size 3670016 bytes, new threshold 1 (max 15)
 [PSYoungGen: 813376K->2656K(815616K)] 1824429K->1013733K(1839616K), 0.0105470 secs] [Times: user=0.06 sys=0.00, real=0.01 secs] 
1165.826: [GC
Desired survivor size 3670016 bytes, new threshold 1 (max 15)
 [PSYoungGen: 814688K->1632K(815616K)] 1825765K->1012749K(1839616K), 0.0106210 secs] [Times: user=0.05 sys=0.00, real=0.01 secs] 
1166.086: [GC
Desired survivor size 3670016 bytes, new threshold 1 (max 15)
 [PSYoungGen: 813664K->1664K(815616K)] 1824781K->1012813K(1839616K), 0.0095920 secs] [Times: user=0.05 sys=0.00, real=0.01 secs] 
1166.345: [GC
Desired survivor size 4194304 bytes, new threshold 1 (max 15)
 [PSYoungGen: 813696K->3232K(815616K)] 1824845K->1014413K(1839616K), 0.0097010 secs] [Times: user=0.06 sys=0.00, real=0.01 secs] 
1166.611: [GC
Desired survivor size 3670016 bytes, new threshold 1 (max 15)
 [PSYoungGen: 815264K->1920K(815616K)] 1826445K->1013141K(1839616K), 0.0101780 secs] [Times: user=0.07 sys=0.00, real=0.01 secs] 
1166.880: [GC
Desired survivor size 4718592 bytes, new threshold 1 (max 15)
 [PSYoungGen: 813952K->3584K(815616K)] 1825173K->1015213K(1839616K), 0.0106500 secs] [Times: user=0.05 sys=0.00, real=0.01 secs] 
1167.148: [GC
Desired survivor size 4194304 bytes, new threshold 1 (max 15)
 [PSYoungGen: 815616K->1344K(814592K)] 1827245K->1013061K(1838592K), 0.0093410 secs] [Times: user=0.05 sys=0.01, real=0.01 secs] 
1167.408: [GC
Desired survivor size 4194304 bytes, new threshold 1 (max 15)
 [PSYoungGen: 812352K->2304K(815104K)] 1824069K->1014053K(1839104K), 0.0098610 secs] [Times: user=0.06 sys=0.00, real=0.01 secs] 
1167.678: [GC
Desired survivor size 4194304 bytes, new threshold 1 (max 15)
 [PSYoungGen: 813312K->1344K(815104K)] 1825061K->1013125K(1839104K), 0.0185360 secs] [Times: user=0.08 sys=0.01, real=0.02 secs] 
1167.953: [GC
Desired survivor size 4194304 bytes, new threshold 1 (max 15)
 [PSYoungGen: 812352K->1760K(815104K)] 1824133K->1013557K(1839104K), 0.0099190 secs] [Times: user=0.05 sys=0.00, real=0.01 secs] 
1168.219: [GC
Desired survivor size 4194304 bytes, new threshold 1 (max 15)
 [PSYoungGen: 812768K->2336K(815104K)] 1824565K->1014165K(1839104K), 0.0094460 secs] [Times: user=0.05 sys=0.00, real=0.01 secs] 
1168.483: [GC
Desired survivor size 4194304 bytes, new threshold 1 (max 15)
 [PSYoungGen: 813344K->3232K(815104K)] 1825173K->1015069K(1839104K), 0.0102030 secs] [Times: user=0.06 sys=0.01, real=0.01 secs] 
1168.765: [GC
Desired survivor size 4718592 bytes, new threshold 1 (max 15)
 [PSYoungGen: 814240K->3488K(814080K)] 1826077K->1015349K(1838080K), 0.0101060 secs] [Times: user=0.06 sys=0.00, real=0.01 secs] 
1169.027: [GC
Desired survivor size 4718592 bytes, new threshold 1 (max 15)
 [PSYoungGen: 813472K->3072K(814592K)] 1825333K->1014973K(1838592K), 0.0103150 secs] [Times: user=0.06 sys=0.00, real=0.01 secs] 
1169.286: [GC
Desired survivor size 5242880 bytes, new threshold 1 (max 15)
 [PSYoungGen: 813056K->3616K(813568K)] 1824957K->1015549K(1837568K), 0.0103060 secs] [Times: user=0.06 sys=0.00, real=0.01 secs] 
1169.550: [GC
Desired survivor size 4718592 bytes, new threshold 1 (max 15)
 [PSYoungGen: 812576K->2400K(814080K)] 1824509K->1014357K(1838080K), 0.0096230 secs] [Times: user=0.05 sys=0.00, real=0.01 secs] 
1169.824: [GC
Desired survivor size 5242880 bytes, new threshold 1 (max 15)
 [PSYoungGen: 811360K->4000K(813568K)] 1823317K->1015989K(1837568K), 0.0113820 secs] [Times: user=0.06 sys=0.00, real=0.01 secs] 
1170.091: [GC
Desired survivor size 5242880 bytes, new threshold 1 (max 15)
 [PSYoungGen: 812960K->1024K(814080K)] 1824949K->1013037K(1838080K), 0.0090740 secs] [Times: user=0.05 sys=0.00, real=0.01 secs] 
1170.358: [GC
Desired survivor size 5242880 bytes, new threshold 1 (max 15)
 [PSYoungGen: 809984K->2112K(814080K)] 1821997K->1014141K(1838080K), 0.0097420 secs] [Times: user=0.05 sys=0.00, real=0.01 secs] 
1170.619: [GC
Desired survivor size 4718592 bytes, new threshold 1 (max 15)
 [PSYoungGen: 811072K->2560K(814080K)] 1823101K->1015021K(1838080K), 0.0108360 secs] [Times: user=0.06 sys=0.00, real=0.02 secs] 
1170.884: [GC
Desired survivor size 4718592 bytes, new threshold 1 (max 15)
 [PSYoungGen: 811520K->2400K(814592K)] 1823981K->1016037K(1838592K), 0.0101860 secs] [Times: user=0.06 sys=0.00, real=0.01 secs] 
1171.149: [GC
Desired survivor size 4718592 bytes, new threshold 1 (max 15)
 [PSYoungGen: 812384K->1664K(814592K)] 1826021K->1015341K(1838592K), 0.0105000 secs] [Times: user=0.05 sys=0.00, real=0.01 secs] 
1171.411: [GC
Desired survivor size 4718592 bytes, new threshold 1 (max 15)
 [PSYoungGen: 811648K->1696K(814592K)] 1825325K->1015397K(1838592K), 0.0095600 secs] [Times: user=0.05 sys=0.00, real=0.01 secs] 
1171.681: [GC
Desired survivor size 4718592 bytes, new threshold 1 (max 15)
 [PSYoungGen: 811680K->1248K(814592K)] 1825381K->1015013K(1838592K), 0.0154660 secs] [Times: user=0.06 sys=0.00, real=0.01 secs] 
1171.979: [GC
Desired survivor size 4194304 bytes, new threshold 1 (max 15)
 [PSYoungGen: 811232K->2176K(815104K)] 1824997K->1015965K(1839104K), 0.0095770 secs] [Times: user=0.05 sys=0.00, real=0.01 secs] 
1172.235: [GC
Desired survivor size 4194304 bytes, new threshold 1 (max 15)
 [PSYoungGen: 812672K->2176K(814592K)] 1826461K->1015989K(1838592K), 0.0095920 secs] [Times: user=0.06 sys=0.00, real=0.01 secs] 
1172.502: [GC
Desired survivor size 4194304 bytes, new threshold 1 (max 15)
 [PSYoungGen: 812672K->2528K(815104K)] 1826485K->1016381K(1839104K), 0.0100300 secs] [Times: user=0.06 sys=0.00, real=0.01 secs] 
1172.783: [GC
Desired survivor size 4194304 bytes, new threshold 1 (max 15)
 [PSYoungGen: 813536K->2912K(815104K)] 1827389K->1016797K(1839104K), 0.0106340 secs] [Times: user=0.06 sys=0.00, real=0.01 secs] 
1173.044: [GC
Desired survivor size 4194304 bytes, new threshold 1 (max 15)
 [PSYoungGen: 813920K->2496K(815104K)] 1827805K->1016413K(1839104K), 0.0103400 secs] [Times: user=0.05 sys=0.00, real=0.01 secs] 
1173.317: [GC
Desired survivor size 4194304 bytes, new threshold 1 (max 15)
 [PSYoungGen: 813504K->1728K(815104K)] 1827421K->1015669K(1839104K), 0.0095260 secs] [Times: user=0.06 sys=0.00, real=0.01 secs] 
1173.584: [GC
Desired survivor size 4194304 bytes, new threshold 1 (max 15)
 [PSYoungGen: 812736K->1504K(815104K)] 1826677K->1015469K(1839104K), 0.0092560 secs] [Times: user=0.05 sys=0.00, real=0.01 secs] 
1173.858: [GC
Desired survivor size 4194304 bytes, new threshold 1 (max 15)
 [PSYoungGen: 812512K->1472K(815104K)] 1826477K->1015453K(1839104K), 0.0095450 secs] [Times: user=0.06 sys=0.00, real=0.01 secs] 
1174.119: [GC
Desired survivor size 4194304 bytes, new threshold 1 (max 15)
 [PSYoungGen: 812480K->3616K(815104K)] 1826461K->1017821K(1839104K), 0.0103660 secs] [Times: user=0.06 sys=0.00, real=0.01 secs] 
1174.388: [GC
Desired survivor size 4194304 bytes, new threshold 1 (max 15)
 [PSYoungGen: 814624K->2592K(815104K)] 1828829K->1017621K(1839104K), 0.0100830 secs] [Times: user=0.06 sys=0.00, real=0.01 secs] 
1174.653: [GC
Desired survivor size 4194304 bytes, new threshold 1 (max 15)
 [PSYoungGen: 813600K->1984K(815104K)] 1828629K->1017949K(1839104K), 0.0100310 secs] [Times: user=0.07 sys=0.00, real=0.01 secs] 
1174.922: [GC
Desired survivor size 4194304 bytes, new threshold 1 (max 15)
 [PSYoungGen: 812992K->2080K(815104K)] 1828957K->1018277K(1839104K), 0.0096160 secs] [Times: user=0.06 sys=0.00, real=0.01 secs] 
1175.193: [GC
Desired survivor size 4194304 bytes, new threshold 1 (max 15)
 [PSYoungGen: 813088K->1632K(815104K)] 1829285K->1017861K(1839104K), 0.0101140 secs] [Times: user=0.05 sys=0.00, real=0.01 secs] 
1175.452: [GC
Desired survivor size 4194304 bytes, new threshold 1 (max 15)
 [PSYoungGen: 812640K->1280K(815104K)] 1828869K->1017541K(1839104K), 0.0095710 secs] [Times: user=0.05 sys=0.00, real=0.01 secs] 
1175.726: [GC
Desired survivor size 4194304 bytes, new threshold 1 (max 15)
 [PSYoungGen: 812288K->2848K(815104K)] 1828549K->1019141K(1839104K), 0.0101490 secs] [Times: user=0.06 sys=0.00, real=0.01 secs] 
1175.986: [GC
Desired survivor size 4194304 bytes, new threshold 1 (max 15)
 [PSYoungGen: 813856K->480K(815104K)] 1830149K->1016829K(1839104K), 0.0091110 secs] [Times: user=0.05 sys=0.00, real=0.01 secs] 
1176.259: [GC
Desired survivor size 4194304 bytes, new threshold 1 (max 15)
 [PSYoungGen: 811488K->1664K(815104K)] 1827837K->1018045K(1839104K), 0.0095700 secs] [Times: user=0.05 sys=0.00, real=0.01 secs] 
1176.520: [GC
Desired survivor size 4194304 bytes, new threshold 1 (max 15)
 [PSYoungGen: 812672K->2336K(815104K)] 1829053K->1018725K(1839104K), 0.0094410 secs] [Times: user=0.06 sys=0.00, real=0.01 secs] 
1176.788: [GC
Desired survivor size 4194304 bytes, new threshold 1 (max 15)
 [PSYoungGen: 813344K->1888K(815104K)] 1829733K->1018301K(1839104K), 0.0094160 secs] [Times: user=0.05 sys=0.00, real=0.01 secs] 
1177.051: [GC
Desired survivor size 3670016 bytes, new threshold 1 (max 15)
 [PSYoungGen: 812896K->2240K(815104K)] 1829309K->1018685K(1839104K), 0.0098270 secs] [Times: user=0.06 sys=0.00, real=0.01 secs] 
1177.320: [GC
Desired survivor size 3670016 bytes, new threshold 1 (max 15)
 [PSYoungGen: 813248K->1312K(815616K)] 1829693K->1017773K(1839616K), 0.0092590 secs] [Times: user=0.06 sys=0.00, real=0.01 secs] 
1177.583: [GC
Desired survivor size 3670016 bytes, new threshold 1 (max 15)
 [PSYoungGen: 813344K->1984K(815616K)] 1829805K->1018485K(1839616K), 0.0094600 secs] [Times: user=0.06 sys=0.00, real=0.01 secs] 
1177.856: [GC
Desired survivor size 4194304 bytes, new threshold 1 (max 15)
 [PSYoungGen: 814016K->3072K(814592K)] 1830517K->1019597K(1838592K), 0.0106310 secs] [Times: user=0.06 sys=0.00, real=0.01 secs] 
1178.112: [GC
Desired survivor size 4194304 bytes, new threshold 1 (max 15)
 [PSYoungGen: 814080K->2592K(815104K)] 1830605K->1019301K(1839104K), 0.0098230 secs] [Times: user=0.06 sys=0.00, real=0.01 secs] 
1178.387: [GC
Desired survivor size 4194304 bytes, new threshold 1 (max 15)
 [PSYoungGen: 813600K->1600K(815104K)] 1830309K->1018965K(1839104K), 0.0097880 secs] [Times: user=0.05 sys=0.00, real=0.01 secs] 
1178.657: [GC
Desired survivor size 3670016 bytes, new threshold 1 (max 15)
 [PSYoungGen: 812608K->1376K(815104K)] 1829973K->1019021K(1839104K), 0.0091030 secs] [Times: user=0.05 sys=0.00, real=0.01 secs] 
1178.922: [GC
Desired survivor size 3670016 bytes, new threshold 1 (max 15)
 [PSYoungGen: 812384K->2176K(815616K)] 1830029K->1019853K(1839616K), 0.0097560 secs] [Times: user=0.06 sys=0.01, real=0.01 secs] 
1179.189: [GC
Desired survivor size 3670016 bytes, new threshold 1 (max 15)
 [PSYoungGen: 814208K->2240K(815616K)] 1831885K->1019941K(1839616K), 0.0098050 secs] [Times: user=0.06 sys=0.00, real=0.01 secs] 
1179.451: [GC
Desired survivor size 3670016 bytes, new threshold 1 (max 15)
 [PSYoungGen: 814272K->2336K(815616K)] 1831973K->1020069K(1839616K), 0.0099200 secs] [Times: user=0.07 sys=0.00, real=0.01 secs] 
1179.727: [GC
Desired survivor size 3670016 bytes, new threshold 1 (max 15)
 [PSYoungGen: 814368K->864K(815616K)] 1832101K->1018621K(1839616K), 0.0090680 secs] [Times: user=0.05 sys=0.00, real=0.01 secs] 
1179.991: [GC
Desired survivor size 3670016 bytes, new threshold 1 (max 15)
 [PSYoungGen: 812896K->1440K(815616K)] 1830653K->1019237K(1839616K), 0.0094630 secs] [Times: user=0.06 sys=0.00, real=0.01 secs] 
1180.255: [GC
Desired survivor size 3670016 bytes, new threshold 1 (max 15)
 [PSYoungGen: 813472K->1088K(815616K)] 1831269K->1018909K(1839616K), 0.0090140 secs] [Times: user=0.06 sys=0.00, real=0.01 secs] 
1180.524: [GC
Desired survivor size 3670016 bytes, new threshold 1 (max 15)
 [PSYoungGen: 813120K->2208K(815616K)] 1830941K->1020053K(1839616K), 0.0091220 secs] [Times: user=0.06 sys=0.00, real=0.01 secs] 
1180.808: [GC
Desired survivor size 3670016 bytes, new threshold 1 (max 15)
 [PSYoungGen: 814240K->480K(815616K)] 1832085K->1018357K(1839616K), 0.0091630 secs] [Times: user=0.05 sys=0.00, real=0.01 secs] 
1181.075: [GC
Desired survivor size 3670016 bytes, new threshold 1 (max 15)
 [PSYoungGen: 812512K->608K(815616K)] 1830389K->1018533K(1839616K), 0.0099020 secs] [Times: user=0.06 sys=0.00, real=0.01 secs] 
1181.336: [GC
Desired survivor size 3670016 bytes, new threshold 1 (max 15)
 [PSYoungGen: 812640K->1504K(815616K)] 1830565K->1019461K(1839616K), 0.0093230 secs] [Times: user=0.04 sys=0.00, real=0.01 secs] 
1181.605: [GC
Desired survivor size 3670016 bytes, new threshold 1 (max 15)
 [PSYoungGen: 813536K->832K(815616K)] 1831493K->1018821K(1839616K), 0.0095020 secs] [Times: user=0.05 sys=0.00, real=0.01 secs] 
1181.873: [GC
Desired survivor size 3670016 bytes, new threshold 1 (max 15)
 [PSYoungGen: 812864K->1216K(815616K)] 1830853K->1019229K(1839616K), 0.0095060 secs] [Times: user=0.06 sys=0.00, real=0.01 secs] 
1182.133: [GC
Desired survivor size 3670016 bytes, new threshold 1 (max 15)
 [PSYoungGen: 813248K->2496K(815616K)] 1831261K->1020533K(1839616K), 0.0121360 secs] [Times: user=0.06 sys=0.00, real=0.01 secs] 
1182.398: [GC
Desired survivor size 3670016 bytes, new threshold 1 (max 15)
 [PSYoungGen: 814528K->1792K(815616K)] 1832565K->1019845K(1839616K), 0.0097160 secs] [Times: user=0.06 sys=0.00, real=0.01 secs] 
1182.663: [GC
Desired survivor size 3670016 bytes, new threshold 1 (max 15)
 [PSYoungGen: 813824K->1088K(815616K)] 1831877K->1019165K(1839616K), 0.0102770 secs] [Times: user=0.05 sys=0.00, real=0.01 secs] 
1182.937: [GC
Desired survivor size 3145728 bytes, new threshold 1 (max 15)
 [PSYoungGen: 813120K->1376K(815616K)] 1831197K->1019493K(1839616K), 0.0094760 secs] [Times: user=0.05 sys=0.00, real=0.01 secs] 
1183.200: [GC
Desired survivor size 3670016 bytes, new threshold 1 (max 15)
 [PSYoungGen: 813408K->2816K(815104K)] 1831525K->1020973K(1839104K), 0.0106320 secs] [Times: user=0.06 sys=0.00, real=0.01 secs] 
1183.470: [GC
Desired survivor size 3670016 bytes, new threshold 1 (max 15)
 [PSYoungGen: 814848K->1088K(815616K)] 1833005K->1019277K(1839616K), 0.0095350 secs] [Times: user=0.04 sys=0.00, real=0.01 secs] 
1183.757: [GC
Desired survivor size 3670016 bytes, new threshold 1 (max 15)
 [PSYoungGen: 813120K->1536K(815616K)] 1831309K->1019741K(1839616K), 0.0100400 secs] [Times: user=0.06 sys=0.00, real=0.01 secs] 
1184.017: [GC
Desired survivor size 3145728 bytes, new threshold 1 (max 15)
 [PSYoungGen: 813568K->1824K(815616K)] 1831773K->1020061K(1839616K), 0.0092500 secs] [Times: user=0.05 sys=0.01, real=0.01 secs] 
1184.284: [GC
Desired survivor size 3145728 bytes, new threshold 1 (max 15)
 [PSYoungGen: 813856K->1984K(816128K)] 1832093K->1020277K(1840128K), 0.0237090 secs] [Times: user=0.09 sys=0.00, real=0.02 secs] 
1184.557: [GC
Desired survivor size 3145728 bytes, new threshold 1 (max 15)
 [PSYoungGen: 815040K->832K(816128K)] 1833333K->1019181K(1840128K), 0.0097530 secs] [Times: user=0.04 sys=0.00, real=0.01 secs] 
1184.828: [GC
Desired survivor size 3670016 bytes, new threshold 1 (max 15)
 [PSYoungGen: 813888K->2464K(815104K)] 1832237K->1020869K(1839104K), 0.0098610 secs] [Times: user=0.06 sys=0.00, real=0.01 secs] 
1185.088: [GC
Desired survivor size 3670016 bytes, new threshold 1 (max 15)
 [PSYoungGen: 814496K->2016K(815616K)] 1832901K->1020453K(1839616K), 0.0098160 secs] [Times: user=0.05 sys=0.00, real=0.01 secs] 
1185.354: [GC
Desired survivor size 3670016 bytes, new threshold 1 (max 15)
 [PSYoungGen: 814048K->1952K(815616K)] 1832485K->1020405K(1839616K), 0.0096700 secs] [Times: user=0.06 sys=0.00, real=0.01 secs] 
1185.612: [GC
Desired survivor size 3670016 bytes, new threshold 1 (max 15)
 [PSYoungGen: 813984K->3040K(815616K)] 1832437K->1021525K(1839616K), 0.0100970 secs] [Times: user=0.07 sys=0.00, real=0.02 secs] 
1185.884: [GC
Desired survivor size 3670016 bytes, new threshold 1 (max 15)
 [PSYoungGen: 815072K->2464K(815616K)] 1833557K->1020965K(1839616K), 0.0103340 secs] [Times: user=0.06 sys=0.00, real=0.01 secs] 
1186.153: [GC
Desired survivor size 3670016 bytes, new threshold 1 (max 15)
 [PSYoungGen: 814496K->1344K(815616K)] 1832997K->1019877K(1839616K), 0.0098140 secs] [Times: user=0.06 sys=0.00, real=0.01 secs] 
1186.414: [GC
Desired survivor size 4718592 bytes, new threshold 1 (max 15)
 [PSYoungGen: 813376K->3584K(813568K)] 1831909K->1023381K(1837568K), 0.0112300 secs] [Times: user=0.07 sys=0.00, real=0.01 secs] 
1186.672: [GC
Desired survivor size 4718592 bytes, new threshold 1 (max 15)
 [PSYoungGen: 813568K->1600K(814592K)] 1833365K->1021573K(1838592K), 0.0134580 secs] [Times: user=0.08 sys=0.01, real=0.02 secs] 
1186.943: [GC
Desired survivor size 4718592 bytes, new threshold 1 (max 15)
 [PSYoungGen: 811584K->480K(814592K)] 1831557K->1020469K(1838592K), 0.0097490 secs] [Times: user=0.04 sys=0.00, real=0.01 secs] 
1187.220: [GC
Desired survivor size 4718592 bytes, new threshold 1 (max 15)
 [PSYoungGen: 810464K->2784K(814592K)] 1830453K->1022797K(1838592K), 0.0104270 secs] [Times: user=0.06 sys=0.00, real=0.01 secs] 
1187.479: [GC
Desired survivor size 4718592 bytes, new threshold 1 (max 15)
 [PSYoungGen: 812768K->2720K(814592K)] 1832781K->1022757K(1838592K), 0.0104140 secs] [Times: user=0.06 sys=0.00, real=0.01 secs] 
1187.755: [GC
Desired survivor size 4718592 bytes, new threshold 1 (max 15)
 [PSYoungGen: 812704K->2336K(814592K)] 1832741K->1022397K(1838592K), 0.0094340 secs] [Times: user=0.06 sys=0.00, real=0.01 secs] 
1188.019: [GC
Desired survivor size 4718592 bytes, new threshold 1 (max 15)
 [PSYoungGen: 812320K->1440K(814592K)] 1832381K->1021509K(1838592K), 0.0099480 secs] [Times: user=0.05 sys=0.01, real=0.01 secs] 
1188.286: [GC
Desired survivor size 4194304 bytes, new threshold 1 (max 15)
 [PSYoungGen: 811424K->1536K(814592K)] 1831493K->1021621K(1838592K), 0.0097970 secs] [Times: user=0.05 sys=0.00, real=0.01 secs] 
1188.550: [GC
Desired survivor size 4194304 bytes, new threshold 1 (max 15)
 [PSYoungGen: 811520K->1728K(815104K)] 1831605K->1021837K(1839104K), 0.0092200 secs] [Times: user=0.05 sys=0.00, real=0.01 secs] 
1188.825: [GC
Desired survivor size 4194304 bytes, new threshold 1 (max 15)
 [PSYoungGen: 812736K->1920K(815104K)] 1832845K->1022061K(1839104K), 0.0099800 secs] [Times: user=0.06 sys=0.00, real=0.01 secs] 
1189.087: [GC
Desired survivor size 3670016 bytes, new threshold 1 (max 15)
 [PSYoungGen: 812928K->1824K(815616K)] 1833069K->1021997K(1839616K), 0.0095280 secs] [Times: user=0.06 sys=0.00, real=0.01 secs] 
1189.357: [GC
Desired survivor size 4194304 bytes, new threshold 1 (max 15)
 [PSYoungGen: 813344K->512K(815104K)] 1833517K->1020725K(1839104K), 0.0091200 secs] [Times: user=0.06 sys=0.00, real=0.01 secs] 
1189.615: [GC
Desired survivor size 3670016 bytes, new threshold 1 (max 15)
 [PSYoungGen: 812032K->2080K(815616K)] 1832245K->1022333K(1839616K), 0.0097310 secs] [Times: user=0.06 sys=0.00, real=0.01 secs] 
1189.893: [GC
Desired survivor size 4194304 bytes, new threshold 1 (max 15)
 [PSYoungGen: 813600K->2848K(815104K)] 1833853K->1023133K(1839104K), 0.0099740 secs] [Times: user=0.06 sys=0.00, real=0.02 secs] 
1190.161: [GC
Desired survivor size 4194304 bytes, new threshold 1 (max 15)
 [PSYoungGen: 814368K->1344K(815104K)] 1834653K->1021653K(1839104K), 0.0094480 secs] [Times: user=0.06 sys=0.00, real=0.01 secs] 
1190.430: [GC
Desired survivor size 4194304 bytes, new threshold 1 (max 15)
 [PSYoungGen: 812352K->320K(815104K)] 1832661K->1020669K(1839104K), 0.0091060 secs] [Times: user=0.05 sys=0.00, real=0.01 secs] 
1190.702: [GC
Desired survivor size 4194304 bytes, new threshold 1 (max 15)
 [PSYoungGen: 811328K->672K(815104K)] 1831677K->1021053K(1839104K), 0.0091670 secs] [Times: user=0.06 sys=0.00, real=0.01 secs] 
1190.964: [GC
Desired survivor size 4194304 bytes, new threshold 1 (max 15)
 [PSYoungGen: 811680K->2912K(815104K)] 1832061K->1023325K(1839104K), 0.0104100 secs] [Times: user=0.06 sys=0.00, real=0.01 secs] 
1191.233: [GC
Desired survivor size 4194304 bytes, new threshold 1 (max 15)
 [PSYoungGen: 813920K->1376K(815104K)] 1834333K->1021837K(1839104K), 0.0098470 secs] [Times: user=0.06 sys=0.00, real=0.01 secs] 
1191.495: [GC
Desired survivor size 4194304 bytes, new threshold 1 (max 15)
 [PSYoungGen: 812384K->1536K(815104K)] 1832845K->1022021K(1839104K), 0.0097620 secs] [Times: user=0.05 sys=0.00, real=0.01 secs] 
1191.766: [GC
Desired survivor size 3670016 bytes, new threshold 1 (max 15)
 [PSYoungGen: 812544K->1600K(815616K)] 1833029K->1022101K(1839616K), 0.0095870 secs] [Times: user=0.05 sys=0.00, real=0.01 secs] 
1192.072: [GC
Desired survivor size 3670016 bytes, new threshold 1 (max 15)
 [PSYoungGen: 813120K->192K(815104K)] 1833621K->1020741K(1839104K), 0.0096840 secs] [Times: user=0.05 sys=0.00, real=0.01 secs] 
1192.333: [GC
Desired survivor size 4194304 bytes, new threshold 1 (max 15)
 [PSYoungGen: 811712K->3296K(814592K)] 1832261K->1023877K(1838592K), 0.0106180 secs] [Times: user=0.06 sys=0.00, real=0.02 secs] 
1192.605: [GC
Desired survivor size 4194304 bytes, new threshold 1 (max 15)
 [PSYoungGen: 814304K->2144K(815104K)] 1834885K->1022757K(1839104K), 0.0097640 secs] [Times: user=0.06 sys=0.00, real=0.01 secs] 
1192.873: [GC
Desired survivor size 4194304 bytes, new threshold 1 (max 15)
 [PSYoungGen: 813152K->2656K(815104K)] 1833765K->1023301K(1839104K), 0.0104130 secs] [Times: user=0.06 sys=0.00, real=0.01 secs] 
1193.134: [GC
Desired survivor size 4194304 bytes, new threshold 1 (max 15)
 [PSYoungGen: 813664K->2080K(815104K)] 1834309K->1022741K(1839104K), 0.0115350 secs] [Times: user=0.07 sys=0.00, real=0.01 secs] 
1193.398: [GC
Desired survivor size 4194304 bytes, new threshold 1 (max 15)
 [PSYoungGen: 813088K->352K(815104K)] 1833749K->1021045K(1839104K), 0.0092990 secs] [Times: user=0.06 sys=0.00, real=0.01 secs] 
1193.663: [GC
Desired survivor size 4194304 bytes, new threshold 1 (max 15)
 [PSYoungGen: 811360K->1856K(815104K)] 1832053K->1022565K(1839104K), 0.0102430 secs] [Times: user=0.05 sys=0.00, real=0.01 secs] 
1193.935: [GC
Desired survivor size 4194304 bytes, new threshold 1 (max 15)
 [PSYoungGen: 812864K->1536K(815104K)] 1833573K->1022269K(1839104K), 0.0096670 secs] [Times: user=0.06 sys=0.00, real=0.01 secs] 
1194.204: [GC
Desired survivor size 4194304 bytes, new threshold 1 (max 15)
 [PSYoungGen: 812544K->256K(815104K)] 1833277K->1021029K(1839104K), 0.0084990 secs] [Times: user=0.05 sys=0.00, real=0.01 secs] 
1194.469: [GC
Desired survivor size 3670016 bytes, new threshold 1 (max 15)
 [PSYoungGen: 811264K->1824K(815616K)] 1832037K->1022629K(1839616K), 0.0096240 secs] [Times: user=0.05 sys=0.00, real=0.01 secs] 
1194.746: [GC
Desired survivor size 3670016 bytes, new threshold 1 (max 15)
 [PSYoungGen: 813344K->1984K(815104K)] 1834149K->1022805K(1839104K), 0.0097510 secs] [Times: user=0.06 sys=0.01, real=0.01 secs] 
1195.008: [GC
Desired survivor size 3670016 bytes, new threshold 1 (max 15)
 [PSYoungGen: 813504K->2048K(815616K)] 1834325K->1022901K(1839616K), 0.0099210 secs] [Times: user=0.06 sys=0.00, real=0.01 secs] 
1195.272: [GC
Desired survivor size 3670016 bytes, new threshold 1 (max 15)
 [PSYoungGen: 814080K->1408K(815616K)] 1834933K->1022293K(1839616K), 0.0096140 secs] [Times: user=0.06 sys=0.00, real=0.01 secs] 
1195.530: [GC
Desired survivor size 4718592 bytes, new threshold 1 (max 15)
 [PSYoungGen: 813440K->3584K(813568K)] 1834325K->1025701K(1837568K), 0.0114800 secs] [Times: user=0.06 sys=0.00, real=0.01 secs] 
1195.807: [GC
Desired survivor size 4718592 bytes, new threshold 1 (max 15)
 [PSYoungGen: 813568K->1600K(814592K)] 1835685K->1023925K(1838592K), 0.0101310 secs] [Times: user=0.05 sys=0.00, real=0.01 secs] 
1196.076: [GC
Desired survivor size 4194304 bytes, new threshold 1 (max 15)
 [PSYoungGen: 811584K->1184K(815104K)] 1833909K->1023533K(1839104K), 0.0102840 secs] [Times: user=0.05 sys=0.00, real=0.01 secs] 
1196.340: [GC
Desired survivor size 4718592 bytes, new threshold 1 (max 15)
 [PSYoungGen: 811680K->2624K(814592K)] 1834029K->1025005K(1838592K), 0.0101040 secs] [Times: user=0.06 sys=0.00, real=0.01 secs] 
1196.598: [GC
Desired survivor size 4194304 bytes, new threshold 1 (max 15)
 [PSYoungGen: 813120K->1664K(815104K)] 1835501K->1024069K(1839104K), 0.0096300 secs] [Times: user=0.05 sys=0.00, real=0.01 secs] 
1196.879: [GC
Desired survivor size 4194304 bytes, new threshold 1 (max 15)
 [PSYoungGen: 812160K->2080K(814592K)] 1834565K->1024517K(1838592K), 0.0098950 secs] [Times: user=0.06 sys=0.01, real=0.01 secs] 
1197.136: [GC
Desired survivor size 4718592 bytes, new threshold 1 (max 15)
 [PSYoungGen: 812576K->3616K(814080K)] 1835013K->1026101K(1838080K), 0.0123750 secs] [Times: user=0.07 sys=0.00, real=0.01 secs] 
1197.396: [GC
Desired survivor size 4718592 bytes, new threshold 1 (max 15)
 [PSYoungGen: 813600K->3104K(814592K)] 1836085K->1025613K(1838592K), 0.0098990 secs] [Times: user=0.06 sys=0.00, real=0.01 secs] 
1197.656: [GC
Desired survivor size 4718592 bytes, new threshold 1 (max 15)
 [PSYoungGen: 813088K->512K(814592K)] 1835597K->1023053K(1838592K), 0.0090000 secs] [Times: user=0.06 sys=0.00, real=0.01 secs] 
1197.929: [GC
Desired survivor size 4718592 bytes, new threshold 1 (max 15)
 [PSYoungGen: 810496K->992K(814592K)] 1833037K->1023565K(1838592K), 0.0093170 secs] [Times: user=0.05 sys=0.00, real=0.01 secs] 
1198.193: [GC
Desired survivor size 4718592 bytes, new threshold 1 (max 15)
 [PSYoungGen: 810976K->1696K(814592K)] 1833549K->1024301K(1838592K), 0.0098490 secs] [Times: user=0.05 sys=0.00, real=0.01 secs] 
1198.459: [GC
Desired survivor size 4194304 bytes, new threshold 1 (max 15)
 [PSYoungGen: 811680K->2240K(814592K)] 1834285K->1024869K(1838592K), 0.0098000 secs] [Times: user=0.05 sys=0.00, real=0.01 secs] 
1198.731: [GC
Desired survivor size 4194304 bytes, new threshold 1 (max 15)
 [PSYoungGen: 812224K->1888K(815104K)] 1834853K->1024533K(1839104K), 0.0097840 secs] [Times: user=0.06 sys=0.00, real=0.01 secs] 
1198.995: [GC
Desired survivor size 4194304 bytes, new threshold 1 (max 15)
 [PSYoungGen: 812896K->1408K(815104K)] 1835541K->1024077K(1839104K), 0.0095370 secs] [Times: user=0.06 sys=0.01, real=0.01 secs] 
1199.254: [GC
Desired survivor size 4194304 bytes, new threshold 1 (max 15)
 [PSYoungGen: 812416K->1504K(815104K)] 1835085K->1024197K(1839104K), 0.0101340 secs] [Times: user=0.06 sys=0.00, real=0.01 secs] 
1199.516: [GC
Desired survivor size 3670016 bytes, new threshold 1 (max 15)
 [PSYoungGen: 812512K->1568K(815104K)] 1835205K->1024305K(1839104K), 0.0092450 secs] [Times: user=0.05 sys=0.00, real=0.01 secs] 
1199.790: [GC
Desired survivor size 3670016 bytes, new threshold 1 (max 15)
 [PSYoungGen: 812576K->1568K(815616K)] 1835313K->1024329K(1839616K), 0.0095630 secs] [Times: user=0.05 sys=0.00, real=0.01 secs] 
1200.051: [GC
Desired survivor size 4194304 bytes, new threshold 1 (max 15)
 [PSYoungGen: 813600K->2816K(815104K)] 1836361K->1025585K(1839104K), 0.0100000 secs] [Times: user=0.05 sys=0.00, real=0.01 secs] 
1200.330: [GC
Desired survivor size 3670016 bytes, new threshold 1 (max 15)
 [PSYoungGen: 814848K->1248K(815616K)] 1837617K->1024041K(1839616K), 0.0092460 secs] [Times: user=0.06 sys=0.00, real=0.01 secs] 
1200.599: [GC
Desired survivor size 3670016 bytes, new threshold 1 (max 15)
 [PSYoungGen: 812768K->992K(815104K)] 1835561K->1023809K(1839104K), 0.0094260 secs] [Times: user=0.05 sys=0.00, real=0.01 secs] 
1200.871: [GC
Desired survivor size 3670016 bytes, new threshold 1 (max 15)
 [PSYoungGen: 812512K->1792K(815616K)] 1835329K->1024633K(1839616K), 0.0099680 secs] [Times: user=0.06 sys=0.00, real=0.01 secs] 
1201.147: [GC
Desired survivor size 3670016 bytes, new threshold 1 (max 15)
 [PSYoungGen: 813824K->1856K(815616K)] 1836665K->1024729K(1839616K), 0.0095210 secs] [Times: user=0.06 sys=0.00, real=0.01 secs] 
1201.410: [GC
Desired survivor size 3670016 bytes, new threshold 1 (max 15)
 [PSYoungGen: 813888K->1536K(815616K)] 1836761K->1024441K(1839616K), 0.0090830 secs] [Times: user=0.05 sys=0.00, real=0.01 secs] 
1201.693: [GC
Desired survivor size 3145728 bytes, new threshold 1 (max 15)
 [PSYoungGen: 813568K->1344K(815616K)] 1836473K->1024273K(1839616K), 0.0099670 secs] [Times: user=0.05 sys=0.00, real=0.01 secs] 
1201.959: [GC
Desired survivor size 3145728 bytes, new threshold 1 (max 15)
 [PSYoungGen: 813376K->1600K(816128K)] 1836305K->1024553K(1840128K), 0.0097390 secs] [Times: user=0.05 sys=0.01, real=0.01 secs] 
1202.220: [GC
Desired survivor size 3145728 bytes, new threshold 1 (max 15)
 [PSYoungGen: 814656K->2272K(816128K)] 1837609K->1025249K(1840128K), 0.0099000 secs] [Times: user=0.06 sys=0.00, real=0.01 secs] 
1202.488: [GC
Desired survivor size 3145728 bytes, new threshold 1 (max 15)
 [PSYoungGen: 815328K->1696K(816128K)] 1838305K->1024705K(1840128K), 0.0092990 secs] [Times: user=0.05 sys=0.00, real=0.01 secs] 
1202.763: [GC
Desired survivor size 3145728 bytes, new threshold 1 (max 15)
 [PSYoungGen: 814752K->1664K(816128K)] 1837761K->1024689K(1840128K), 0.0094220 secs] [Times: user=0.06 sys=0.00, real=0.01 secs] 
1203.015: [GC
Desired survivor size 3145728 bytes, new threshold 1 (max 15)
 [PSYoungGen: 814720K->2208K(816128K)] 1837745K->1025257K(1840128K), 0.0096550 secs] [Times: user=0.06 sys=0.00, real=0.01 secs] 
1203.284: [GC
Desired survivor size 3145728 bytes, new threshold 1 (max 15)
 [PSYoungGen: 815264K->1152K(816128K)] 1838313K->1024225K(1840128K), 0.0093890 secs] [Times: user=0.06 sys=0.00, real=0.01 secs] 
1203.545: [GC
Desired survivor size 3145728 bytes, new threshold 1 (max 15)
 [PSYoungGen: 814208K->2336K(816128K)] 1837281K->1025433K(1840128K), 0.0098050 secs] [Times: user=0.06 sys=0.01, real=0.01 secs] 
1203.829: [GC
Desired survivor size 3145728 bytes, new threshold 1 (max 15)
 [PSYoungGen: 815392K->1856K(816128K)] 1838489K->1024969K(1840128K), 0.0094320 secs] [Times: user=0.05 sys=0.00, real=0.01 secs] 
1204.096: [GC
Desired survivor size 3145728 bytes, new threshold 1 (max 15)
 [PSYoungGen: 814912K->928K(816128K)] 1838025K->1024057K(1840128K), 0.0088060 secs] [Times: user=0.04 sys=0.00, real=0.00 secs] 
1204.367: [GC
Desired survivor size 3145728 bytes, new threshold 1 (max 15)
 [PSYoungGen: 813984K->2080K(816128K)] 1837113K->1025233K(1840128K), 0.0117990 secs] [Times: user=0.05 sys=0.00, real=0.01 secs] 
1204.630: [GC
Desired survivor size 3145728 bytes, new threshold 1 (max 15)
 [PSYoungGen: 815136K->2080K(816128K)] 1838289K->1025257K(1840128K), 0.0097110 secs] [Times: user=0.05 sys=0.00, real=0.01 secs] 
1204.901: [GC
Desired survivor size 3145728 bytes, new threshold 1 (max 15)
 [PSYoungGen: 815136K->2368K(816128K)] 1838313K->1025569K(1840128K), 0.0102420 secs] [Times: user=0.06 sys=0.00, real=0.01 secs] 
1205.166: [GC
Desired survivor size 3670016 bytes, new threshold 1 (max 15)
 [PSYoungGen: 815424K->2528K(815104K)] 1838625K->1025753K(1839104K), 0.0101120 secs] [Times: user=0.07 sys=0.00, real=0.01 secs] 
1205.424: [GC-- [PSYoungGen: 814560K->814560K(815104K)] 1837785K->1838553K(1839104K), 0.4049200 secs] [Times: user=0.45 sys=0.10, real=0.41 secs] 
1205.829: [Full GC [PSYoungGen: 814560K->0K(815104K)] [ParOldGen: 1023993K->980441K(1024000K)] 1838553K->980441K(1839104K) [PSPermGen: 48217K->48217K(524288K)], 1.2627890 secs] [Times: user=9.08 sys=0.00, real=1.26 secs] 
1207.350: [GC
Desired survivor size 4194304 bytes, new threshold 1 (max 15)
 [PSYoungGen: 812032K->3360K(815616K)] 1792473K->983801K(1839616K), 0.0107200 secs] [Times: user=0.07 sys=0.00, real=0.01 secs] 
1207.612: [GC
Desired survivor size 4194304 bytes, new threshold 1 (max 15)
 [PSYoungGen: 815392K->3360K(814592K)] 1795833K->985681K(1838592K), 0.0108050 secs] [Times: user=0.07 sys=0.00, real=0.01 secs] 
1207.882: [GC
Desired survivor size 4194304 bytes, new threshold 1 (max 15)
 [PSYoungGen: 814368K->1792K(815104K)] 1796689K->984145K(1839104K), 0.0095020 secs] [Times: user=0.05 sys=0.00, real=0.01 secs] 
1208.143: [GC
Desired survivor size 4194304 bytes, new threshold 1 (max 15)
 [PSYoungGen: 812800K->1056K(815104K)] 1795153K->983433K(1839104K), 0.0092650 secs] [Times: user=0.05 sys=0.00, real=0.01 secs] 
1208.408: [GC
Desired survivor size 4718592 bytes, new threshold 1 (max 15)
 [PSYoungGen: 812064K->3264K(814592K)] 1794441K->985657K(1838592K), 0.0099010 secs] [Times: user=0.06 sys=0.00, real=0.01 secs] 
1208.688: [GC
Desired survivor size 4718592 bytes, new threshold 1 (max 15)
 [PSYoungGen: 814272K->960K(814592K)] 1796665K->983529K(1838592K), 0.0095450 secs] [Times: user=0.06 sys=0.00, real=0.01 secs] 
1208.955: [GC
Desired survivor size 4194304 bytes, new threshold 1 (max 15)
 [PSYoungGen: 810944K->1088K(814592K)] 1793513K->984169K(1838592K), 0.0090500 secs] [Times: user=0.06 sys=0.00, real=0.01 secs] 
1209.219: [GC
Desired survivor size 4194304 bytes, new threshold 1 (max 15)
 [PSYoungGen: 811072K->1088K(815104K)] 1794153K->984481K(1839104K), 0.0095080 secs] [Times: user=0.06 sys=0.00, real=0.01 secs] 
1209.484: [GC
Desired survivor size 4194304 bytes, new threshold 1 (max 15)
 [PSYoungGen: 812096K->928K(815104K)] 1795489K->984353K(1839104K), 0.0089780 secs] [Times: user=0.04 sys=0.00, real=0.01 secs] 
1209.759: [GC
Desired survivor size 4194304 bytes, new threshold 1 (max 15)
 [PSYoungGen: 811936K->1312K(815104K)] 1795361K->984793K(1839104K), 0.0098680 secs] [Times: user=0.06 sys=0.00, real=0.01 secs] 
1210.021: [GC
Desired survivor size 4194304 bytes, new threshold 1 (max 15)
 [PSYoungGen: 812320K->1632K(815104K)] 1795801K->985161K(1839104K), 0.0096460 secs] [Times: user=0.05 sys=0.01, real=0.01 secs] 
1210.284: [GC
Desired survivor size 3670016 bytes, new threshold 1 (max 15)
 [PSYoungGen: 812640K->1024K(815616K)] 1796169K->984585K(1839616K), 0.0092500 secs] [Times: user=0.05 sys=0.00, real=0.01 secs] 
1210.540: [GC
Desired survivor size 4194304 bytes, new threshold 1 (max 15)
 [PSYoungGen: 812544K->2688K(815104K)] 1796105K->986273K(1839104K), 0.0103410 secs] [Times: user=0.06 sys=0.01, real=0.01 secs] 
1210.814: [GC
Desired survivor size 4194304 bytes, new threshold 1 (max 15)
 [PSYoungGen: 814208K->1088K(815104K)] 1797793K->984697K(1839104K), 0.0086860 secs] [Times: user=0.04 sys=0.00, real=0.01 secs] 
1211.077: [GC
Desired survivor size 3670016 bytes, new threshold 1 (max 15)
 [PSYoungGen: 812096K->1984K(815104K)] 1795705K->985609K(1839104K), 0.0116600 secs] [Times: user=0.05 sys=0.00, real=0.01 secs] 
1211.347: [GC
Desired survivor size 3670016 bytes, new threshold 1 (max 15)
 [PSYoungGen: 812992K->1056K(815616K)] 1796617K->984721K(1839616K), 0.0084310 secs] [Times: user=0.06 sys=0.00, real=0.00 secs] 
1211.611: [GC
Desired survivor size 3670016 bytes, new threshold 1 (max 15)
 [PSYoungGen: 813088K->1536K(815616K)] 1796753K->985225K(1839616K), 0.0092340 secs] [Times: user=0.06 sys=0.01, real=0.01 secs] 
1211.930: [GC
Desired survivor size 3670016 bytes, new threshold 1 (max 15)
 [PSYoungGen: 813568K->2016K(815616K)] 1797257K->985737K(1839616K), 0.0099310 secs] [Times: user=0.05 sys=0.00, real=0.01 secs] 
1212.190: [GC
Desired survivor size 3670016 bytes, new threshold 1 (max 15)
 [PSYoungGen: 814048K->1504K(815616K)] 1797769K->985249K(1839616K), 0.0093950 secs] [Times: user=0.05 sys=0.00, real=0.01 secs] 
1212.452: [GC
Desired survivor size 3670016 bytes, new threshold 1 (max 15)
 [PSYoungGen: 813536K->1920K(815616K)] 1797281K->985689K(1839616K), 0.0094610 secs] [Times: user=0.06 sys=0.00, real=0.01 secs] 
1212.732: [GC
Desired survivor size 3670016 bytes, new threshold 1 (max 15)
 [PSYoungGen: 813952K->1024K(815616K)] 1797721K->984833K(1839616K), 0.0090290 secs] [Times: user=0.06 sys=0.00, real=0.01 secs] 
1212.996: [GC
Desired survivor size 3670016 bytes, new threshold 1 (max 15)
 [PSYoungGen: 813056K->2016K(815616K)] 1796865K->985857K(1839616K), 0.0094820 secs] [Times: user=0.05 sys=0.00, real=0.01 secs] 
1213.311: [GC
Desired survivor size 3670016 bytes, new threshold 1 (max 15)
 [PSYoungGen: 814048K->2432K(815616K)] 1797889K->986297K(1839616K), 0.0097640 secs] [Times: user=0.05 sys=0.00, real=0.01 secs] 
1213.652: [GC
Desired survivor size 3670016 bytes, new threshold 1 (max 15)
 [PSYoungGen: 814464K->1888K(815616K)] 1798329K->985785K(1839616K), 0.0099060 secs] [Times: user=0.06 sys=0.00, real=0.01 secs] 
1213.924: [GC
Desired survivor size 3670016 bytes, new threshold 1 (max 15)
 [PSYoungGen: 813920K->736K(815616K)] 1797817K->984681K(1839616K), 0.0089730 secs] [Times: user=0.05 sys=0.00, real=0.01 secs] 
1214.186: [GC
Desired survivor size 3670016 bytes, new threshold 1 (max 15)
 [PSYoungGen: 812768K->3008K(815616K)] 1796713K->986977K(1839616K), 0.0101720 secs] [Times: user=0.06 sys=0.00, real=0.01 secs] 
1214.470: [GC
Desired survivor size 3670016 bytes, new threshold 1 (max 15)
 [PSYoungGen: 815040K->1408K(815616K)] 1799009K->985401K(1839616K), 0.0099690 secs] [Times: user=0.05 sys=0.01, real=0.01 secs] 
1214.822: [GC
Desired survivor size 3670016 bytes, new threshold 1 (max 15)
 [PSYoungGen: 813440K->2336K(815616K)] 1797433K->986353K(1839616K), 0.0110730 secs] [Times: user=0.06 sys=0.00, real=0.01 secs] 
1215.099: [GC
Desired survivor size 3670016 bytes, new threshold 1 (max 15)
 [PSYoungGen: 814368K->1216K(815616K)] 1798385K->985257K(1839616K), 0.0088990 secs] [Times: user=0.06 sys=0.00, real=0.01 secs] 
1215.362: [GC
Desired survivor size 3670016 bytes, new threshold 1 (max 15)
 [PSYoungGen: 813248K->2080K(815616K)] 1797289K->986169K(1839616K), 0.0095540 secs] [Times: user=0.05 sys=0.00, real=0.01 secs] 
1215.628: [GC
Desired survivor size 3670016 bytes, new threshold 1 (max 15)
 [PSYoungGen: 814112K->736K(815616K)] 1798201K->984881K(1839616K), 0.0089560 secs] [Times: user=0.05 sys=0.00, real=0.01 secs] 
1215.897: [GC
Desired survivor size 3670016 bytes, new threshold 1 (max 15)
 [PSYoungGen: 812768K->1568K(815616K)] 1796913K->985753K(1839616K), 0.0092530 secs] [Times: user=0.06 sys=0.00, real=0.00 secs] 
1216.164: [GC
Desired survivor size 3670016 bytes, new threshold 1 (max 15)
 [PSYoungGen: 813600K->672K(815616K)] 1797785K->984897K(1839616K), 0.0087420 secs] [Times: user=0.05 sys=0.00, real=0.01 secs] 
1216.427: [GC
Desired survivor size 3670016 bytes, new threshold 1 (max 15)
 [PSYoungGen: 812704K->2496K(815616K)] 1796929K->986753K(1839616K), 0.0095270 secs] [Times: user=0.06 sys=0.00, real=0.01 secs] 
1216.708: [GC
Desired survivor size 3670016 bytes, new threshold 1 (max 15)
 [PSYoungGen: 814528K->640K(815616K)] 1798785K->984929K(1839616K), 0.0086700 secs] [Times: user=0.06 sys=0.00, real=0.00 secs] 
1216.968: [GC
Desired survivor size 3670016 bytes, new threshold 1 (max 15)
 [PSYoungGen: 812672K->1600K(815616K)] 1796961K->985913K(1839616K), 0.0091840 secs] [Times: user=0.06 sys=0.00, real=0.01 secs] 
1217.232: [GC
Desired survivor size 3670016 bytes, new threshold 1 (max 15)
 [PSYoungGen: 813632K->2656K(815616K)] 1797945K->986993K(1839616K), 0.0099000 secs] [Times: user=0.06 sys=0.00, real=0.01 secs] 
1217.497: [GC
Desired survivor size 3670016 bytes, new threshold 1 (max 15)
 [PSYoungGen: 814688K->864K(815616K)] 1799025K->985233K(1839616K), 0.0092850 secs] [Times: user=0.05 sys=0.00, real=0.01 secs] 
1217.771: [GC
Desired survivor size 3670016 bytes, new threshold 1 (max 15)
 [PSYoungGen: 812896K->2144K(815616K)] 1797265K->986545K(1839616K), 0.0096150 secs] [Times: user=0.06 sys=0.00, real=0.01 secs] 
1218.090: [GC
Desired survivor size 4194304 bytes, new threshold 1 (max 15)
 [PSYoungGen: 814176K->2624K(814592K)] 1798577K->987049K(1838592K), 0.0097770 secs] [Times: user=0.06 sys=0.00, real=0.01 secs] 
1218.347: [GC
Desired survivor size 3670016 bytes, new threshold 1 (max 15)
 [PSYoungGen: 813632K->1664K(815104K)] 1798057K->986137K(1839104K), 0.0094090 secs] [Times: user=0.06 sys=0.00, real=0.01 secs] 
1218.610: [GC
Desired survivor size 3670016 bytes, new threshold 1 (max 15)
 [PSYoungGen: 812672K->2368K(815616K)] 1797145K->986865K(1839616K), 0.0097730 secs] [Times: user=0.06 sys=0.00, real=0.01 secs] 
1218.881: [GC
Desired survivor size 3670016 bytes, new threshold 1 (max 15)
 [PSYoungGen: 814400K->1312K(815616K)] 1798897K->985833K(1839616K), 0.0090780 secs] [Times: user=0.05 sys=0.00, real=0.01 secs] 
1219.146: [GC
Desired survivor size 3670016 bytes, new threshold 1 (max 15)
 [PSYoungGen: 813344K->2048K(815616K)] 1797865K->986601K(1839616K), 0.0097680 secs] [Times: user=0.05 sys=0.00, real=0.01 secs] 
1219.415: [GC
Desired survivor size 3670016 bytes, new threshold 1 (max 15)
 [PSYoungGen: 814080K->2048K(815616K)] 1798633K->986617K(1839616K), 0.0091540 secs] [Times: user=0.05 sys=0.00, real=0.01 secs] 
1219.690: [GC
Desired survivor size 3670016 bytes, new threshold 1 (max 15)
 [PSYoungGen: 814080K->2048K(815616K)] 1798649K->987145K(1839616K), 0.0098140 secs] [Times: user=0.06 sys=0.00, real=0.01 secs] 
1219.954: [GC
Desired survivor size 3670016 bytes, new threshold 1 (max 15)
 [PSYoungGen: 814080K->1536K(815616K)] 1799177K->987553K(1839616K), 0.0090610 secs] [Times: user=0.05 sys=0.00, real=0.01 secs] 
1220.226: [GC
Desired survivor size 3670016 bytes, new threshold 1 (max 15)
 [PSYoungGen: 813568K->1120K(815616K)] 1799585K->987281K(1839616K), 0.0089860 secs] [Times: user=0.05 sys=0.00, real=0.01 secs] 
1220.482: [GC
Desired survivor size 3670016 bytes, new threshold 1 (max 15)
 [PSYoungGen: 813152K->2560K(815616K)] 1799313K->988745K(1839616K), 0.0097480 secs] [Times: user=0.06 sys=0.00, real=0.01 secs] 
1220.757: [GC
Desired survivor size 3670016 bytes, new threshold 1 (max 15)
 [PSYoungGen: 814592K->1088K(815616K)] 1800777K->987289K(1839616K), 0.0092380 secs] [Times: user=0.05 sys=0.01, real=0.01 secs] 
1221.019: [GC
Desired survivor size 3670016 bytes, new threshold 1 (max 15)
 [PSYoungGen: 813120K->928K(815616K)] 1799321K->987153K(1839616K), 0.0087670 secs] [Times: user=0.05 sys=0.00, real=0.01 secs] 
1221.282: [GC
Desired survivor size 4194304 bytes, new threshold 1 (max 15)
 [PSYoungGen: 812960K->3392K(814592K)] 1799185K->989641K(1838592K), 0.0101380 secs] [Times: user=0.07 sys=0.00, real=0.01 secs] 
1221.541: [GC
Desired survivor size 3670016 bytes, new threshold 1 (max 15)
 [PSYoungGen: 814400K->1728K(815104K)] 1800649K->988001K(1839104K), 0.0094560 secs] [Times: user=0.05 sys=0.01, real=0.01 secs] 
1221.833: [GC
Desired survivor size 3670016 bytes, new threshold 1 (max 15)
 [PSYoungGen: 812736K->1280K(815616K)] 1799009K->987585K(1839616K), 0.0197350 secs] [Times: user=0.05 sys=0.00, real=0.02 secs] 
1222.173: [GC
Desired survivor size 3670016 bytes, new threshold 1 (max 15)
 [PSYoungGen: 813312K->1120K(815616K)] 1799617K->987457K(1839616K), 0.0089290 secs] [Times: user=0.05 sys=0.00, real=0.01 secs] 
1222.436: [GC
Desired survivor size 3670016 bytes, new threshold 1 (max 15)
 [PSYoungGen: 813152K->1088K(815616K)] 1799489K->987457K(1839616K), 0.0094900 secs] [Times: user=0.06 sys=0.00, real=0.01 secs] 
1222.707: [GC
Desired survivor size 3670016 bytes, new threshold 1 (max 15)
 [PSYoungGen: 813120K->1664K(815616K)] 1799489K->988057K(1839616K), 0.0092390 secs] [Times: user=0.06 sys=0.00, real=0.01 secs] 
1222.968: [GC
Desired survivor size 3670016 bytes, new threshold 1 (max 15)
 [PSYoungGen: 813696K->960K(815616K)] 1800089K->987385K(1839616K), 0.0090440 secs] [Times: user=0.04 sys=0.00, real=0.00 secs] 
1223.230: [GC
Desired survivor size 3145728 bytes, new threshold 1 (max 15)
 [PSYoungGen: 812992K->1696K(815616K)] 1799417K->988145K(1839616K), 0.0098360 secs] [Times: user=0.05 sys=0.01, real=0.01 secs] 
1223.491: [GC
Desired survivor size 3145728 bytes, new threshold 1 (max 15)
 [PSYoungGen: 813728K->1440K(816128K)] 1800177K->987905K(1840128K), 0.0094280 secs] [Times: user=0.05 sys=0.00, real=0.01 secs] 
1223.757: [GC
Desired survivor size 3145728 bytes, new threshold 1 (max 15)
 [PSYoungGen: 814496K->1600K(816128K)] 1800961K->988089K(1840128K), 0.0093720 secs] [Times: user=0.06 sys=0.00, real=0.01 secs] 
1224.015: [GC
Desired survivor size 3145728 bytes, new threshold 1 (max 15)
 [PSYoungGen: 814656K->1376K(816128K)] 1801145K->987897K(1840128K), 0.0090990 secs] [Times: user=0.06 sys=0.00, real=0.01 secs] 
1224.282: [GC
Desired survivor size 3145728 bytes, new threshold 1 (max 15)
 [PSYoungGen: 814432K->2592K(816128K)] 1800953K->989137K(1840128K), 0.0100950 secs] [Times: user=0.06 sys=0.00, real=0.01 secs] 
1224.547: [GC
Desired survivor size 3145728 bytes, new threshold 1 (max 15)
 [PSYoungGen: 815648K->1696K(816128K)] 1802193K->988265K(1840128K), 0.0094870 secs] [Times: user=0.05 sys=0.00, real=0.01 secs] 
1224.823: [GC
Desired survivor size 3145728 bytes, new threshold 1 (max 15)
 [PSYoungGen: 814752K->1280K(816128K)] 1801321K->987889K(1840128K), 0.0101910 secs] [Times: user=0.06 sys=0.00, real=0.01 secs] 
1225.088: [GC
Desired survivor size 3145728 bytes, new threshold 1 (max 15)
 [PSYoungGen: 814336K->2016K(816128K)] 1800945K->988657K(1840128K), 0.0095480 secs] [Times: user=0.06 sys=0.00, real=0.01 secs] 
1225.347: [GC
Desired survivor size 3145728 bytes, new threshold 1 (max 15)
 [PSYoungGen: 815072K->2368K(816128K)] 1801713K->989705K(1840128K), 0.0097280 secs] [Times: user=0.06 sys=0.00, real=0.01 secs] 
1225.611: [GC
Desired survivor size 3145728 bytes, new threshold 1 (max 15)
 [PSYoungGen: 815424K->1856K(816128K)] 1802761K->990001K(1840128K), 0.0096620 secs] [Times: user=0.06 sys=0.00, real=0.01 secs] 
1225.876: [GC
Desired survivor size 3145728 bytes, new threshold 1 (max 15)
 [PSYoungGen: 814912K->1664K(816128K)] 1803057K->989905K(1840128K), 0.0091120 secs] [Times: user=0.05 sys=0.00, real=0.01 secs] 
1226.141: [GC
Desired survivor size 3145728 bytes, new threshold 1 (max 15)
 [PSYoungGen: 814720K->2624K(816128K)] 1802961K->990897K(1840128K), 0.0096200 secs] [Times: user=0.05 sys=0.00, real=0.01 secs] 
1226.409: [GC
Desired survivor size 3145728 bytes, new threshold 1 (max 15)
 [PSYoungGen: 815680K->2016K(816128K)] 1803953K->990321K(1840128K), 0.0093190 secs] [Times: user=0.07 sys=0.00, real=0.01 secs] 
1226.674: [GC
Desired survivor size 3145728 bytes, new threshold 1 (max 15)
 [PSYoungGen: 815072K->1792K(816128K)] 1803377K->990121K(1840128K), 0.0195020 secs] [Times: user=0.08 sys=0.01, real=0.02 secs] 
1226.950: [GC
Desired survivor size 3145728 bytes, new threshold 1 (max 15)
 [PSYoungGen: 814848K->2496K(816128K)] 1803177K->990849K(1840128K), 0.0096120 secs] [Times: user=0.06 sys=0.00, real=0.01 secs] 
1227.216: [GC
Desired survivor size 3145728 bytes, new threshold 1 (max 15)
 [PSYoungGen: 815552K->1536K(816128K)] 1803905K->989913K(1840128K), 0.0091010 secs] [Times: user=0.06 sys=0.00, real=0.01 secs] 
1227.481: [GC
Desired survivor size 3670016 bytes, new threshold 1 (max 15)
 [PSYoungGen: 814592K->2592K(816128K)] 1802969K->991009K(1840128K), 0.0101800 secs] [Times: user=0.05 sys=0.00, real=0.01 secs] 
1227.750: [GC
Desired survivor size 3670016 bytes, new threshold 1 (max 15)
 [PSYoungGen: 815648K->1376K(815104K)] 1804065K->989841K(1839104K), 0.0093970 secs] [Times: user=0.05 sys=0.00, real=0.01 secs] 
1228.008: [GC
Desired survivor size 3670016 bytes, new threshold 1 (max 15)
 [PSYoungGen: 813408K->2176K(815616K)] 1801873K->990665K(1839616K), 0.0095370 secs] [Times: user=0.06 sys=0.00, real=0.01 secs] 
1228.267: [GC
Desired survivor size 3670016 bytes, new threshold 1 (max 15)
 [PSYoungGen: 814208K->2208K(815616K)] 1802697K->990721K(1839616K), 0.0095110 secs] [Times: user=0.06 sys=0.00, real=0.01 secs] 
1228.531: [GC
Desired survivor size 3670016 bytes, new threshold 1 (max 15)
 [PSYoungGen: 814240K->3296K(815616K)] 1802753K->991857K(1839616K), 0.0100540 secs] [Times: user=0.06 sys=0.00, real=0.01 secs] 
1228.805: [GC
Desired survivor size 3670016 bytes, new threshold 1 (max 15)
 [PSYoungGen: 815328K->2240K(815616K)] 1803889K->990833K(1839616K), 0.0095770 secs] [Times: user=0.06 sys=0.00, real=0.01 secs] 
1229.059: [GC
Desired survivor size 3670016 bytes, new threshold 1 (max 15)
 [PSYoungGen: 814272K->2784K(815616K)] 1802865K->991393K(1839616K), 0.0096760 secs] [Times: user=0.06 sys=0.00, real=0.01 secs] 
1229.326: [GC
Desired survivor size 3670016 bytes, new threshold 1 (max 15)
 [PSYoungGen: 814816K->1920K(815616K)] 1803425K->990553K(1839616K), 0.0098390 secs] [Times: user=0.05 sys=0.00, real=0.01 secs] 
1229.595: [GC
Desired survivor size 3670016 bytes, new threshold 1 (max 15)
 [PSYoungGen: 813952K->1984K(815616K)] 1802585K->990633K(1839616K), 0.0093010 secs] [Times: user=0.05 sys=0.00, real=0.01 secs] 
1229.866: [GC
Desired survivor size 3670016 bytes, new threshold 1 (max 15)
 [PSYoungGen: 814016K->1568K(815616K)] 1802665K->990241K(1839616K), 0.0093290 secs] [Times: user=0.06 sys=0.00, real=0.01 secs] 
1230.124: [GC
Desired survivor size 3670016 bytes, new threshold 1 (max 15)
 [PSYoungGen: 813600K->1792K(815616K)] 1802273K->990505K(1839616K), 0.0092880 secs] [Times: user=0.06 sys=0.00, real=0.01 secs] 
1230.386: [GC
Desired survivor size 3670016 bytes, new threshold 1 (max 15)
 [PSYoungGen: 813824K->1408K(815616K)] 1802537K->990153K(1839616K), 0.0091200 secs] [Times: user=0.06 sys=0.01, real=0.01 secs] 
1230.881: [GC
Desired survivor size 3670016 bytes, new threshold 1 (max 15)
 [PSYoungGen: 813440K->1472K(815616K)] 1802185K->990249K(1839616K), 0.0092480 secs] [Times: user=0.04 sys=0.01, real=0.01 secs] 
1231.145: [GC
Desired survivor size 3670016 bytes, new threshold 1 (max 15)
 [PSYoungGen: 813504K->576K(815616K)] 1802281K->989369K(1839616K), 0.0086570 secs] [Times: user=0.06 sys=0.00, real=0.01 secs] 
1231.409: [GC
Desired survivor size 3670016 bytes, new threshold 1 (max 15)
 [PSYoungGen: 812608K->512K(815616K)] 1801401K->989321K(1839616K), 0.0081930 secs] [Times: user=0.05 sys=0.00, real=0.00 secs] 
1231.692: [GC
Desired survivor size 3670016 bytes, new threshold 1 (max 15)
 [PSYoungGen: 812544K->1984K(815616K)] 1801353K->990825K(1839616K), 0.0095250 secs] [Times: user=0.06 sys=0.00, real=0.01 secs] 
1231.985: [GC
Desired survivor size 4194304 bytes, new threshold 1 (max 15)
 [PSYoungGen: 814016K->3232K(815616K)] 1802857K->992081K(1839616K), 0.0100260 secs] [Times: user=0.06 sys=0.00, real=0.01 secs] 
1232.249: [GC
Desired survivor size 4194304 bytes, new threshold 1 (max 15)
 [PSYoungGen: 815264K->1440K(814592K)] 1804113K->990313K(1838592K), 0.0097440 secs] [Times: user=0.06 sys=0.00, real=0.00 secs] 
1232.514: [GC
Desired survivor size 3670016 bytes, new threshold 1 (max 15)
 [PSYoungGen: 812448K->992K(815104K)] 1801321K->989897K(1839104K), 0.0091090 secs] [Times: user=0.05 sys=0.00, real=0.01 secs] 
1232.790: [GC
Desired survivor size 3670016 bytes, new threshold 1 (max 15)
 [PSYoungGen: 812000K->1568K(815616K)] 1800905K->990497K(1839616K), 0.0094070 secs] [Times: user=0.05 sys=0.00, real=0.01 secs] 
1233.057: [GC
Desired survivor size 3670016 bytes, new threshold 1 (max 15)
 [PSYoungGen: 813600K->2016K(815616K)] 1802529K->990961K(1839616K), 0.0093220 secs] [Times: user=0.06 sys=0.00, real=0.01 secs] 
1233.326: [GC
Desired survivor size 3670016 bytes, new threshold 1 (max 15)
 [PSYoungGen: 814048K->1184K(815616K)] 1802993K->990161K(1839616K), 0.0091380 secs] [Times: user=0.05 sys=0.00, real=0.01 secs] 
1233.588: [GC
Desired survivor size 3670016 bytes, new threshold 1 (max 15)
 [PSYoungGen: 813216K->2304K(815616K)] 1802193K->991297K(1839616K), 0.0096540 secs] [Times: user=0.06 sys=0.00, real=0.01 secs] 
1233.864: [GC
Desired survivor size 3670016 bytes, new threshold 1 (max 15)
 [PSYoungGen: 814336K->736K(815616K)] 1803329K->989761K(1839616K), 0.0089780 secs] [Times: user=0.05 sys=0.00, real=0.01 secs] 
1234.124: [GC
Desired survivor size 3670016 bytes, new threshold 1 (max 15)
 [PSYoungGen: 812768K->2592K(815616K)] 1801793K->991657K(1839616K), 0.0097600 secs] [Times: user=0.06 sys=0.00, real=0.01 secs] 
1234.393: [GC
Desired survivor size 3670016 bytes, new threshold 1 (max 15)
 [PSYoungGen: 814624K->704K(815616K)] 1803689K->989793K(1839616K), 0.0088890 secs] [Times: user=0.04 sys=0.00, real=0.01 secs] 
1234.655: [GC
Desired survivor size 3670016 bytes, new threshold 1 (max 15)
 [PSYoungGen: 812736K->1184K(815616K)] 1801825K->990313K(1839616K), 0.0101550 secs] [Times: user=0.05 sys=0.00, real=0.01 secs] 
1234.926: [GC
Desired survivor size 3670016 bytes, new threshold 1 (max 15)
 [PSYoungGen: 813216K->2144K(815616K)] 1802345K->991305K(1839616K), 0.0098320 secs] [Times: user=0.05 sys=0.01, real=0.01 secs] 
1235.185: [GC
Desired survivor size 3670016 bytes, new threshold 1 (max 15)
 [PSYoungGen: 814176K->2048K(815616K)] 1803337K->991233K(1839616K), 0.0098890 secs] [Times: user=0.05 sys=0.00, real=0.01 secs] 
1235.447: [GC
Desired survivor size 3670016 bytes, new threshold 1 (max 15)
 [PSYoungGen: 814080K->1248K(815616K)] 1803265K->990489K(1839616K), 0.0093940 secs] [Times: user=0.05 sys=0.00, real=0.01 secs] 
1235.723: [GC
Desired survivor size 3670016 bytes, new threshold 1 (max 15)
 [PSYoungGen: 813280K->1248K(815616K)] 1802521K->990521K(1839616K), 0.0092510 secs] [Times: user=0.06 sys=0.00, real=0.01 secs] 
1235.986: [GC
Desired survivor size 3670016 bytes, new threshold 1 (max 15)
 [PSYoungGen: 813280K->1824K(815616K)] 1802553K->991113K(1839616K), 0.0093670 secs] [Times: user=0.06 sys=0.00, real=0.01 secs] 
1236.249: [GC
Desired survivor size 3670016 bytes, new threshold 1 (max 15)
 [PSYoungGen: 813856K->2400K(815616K)] 1803145K->991697K(1839616K), 0.0095590 secs] [Times: user=0.06 sys=0.01, real=0.01 secs] 
1236.512: [GC
Desired survivor size 3670016 bytes, new threshold 1 (max 15)
 [PSYoungGen: 814432K->1440K(815616K)] 1803729K->990761K(1839616K), 0.0092270 secs] [Times: user=0.05 sys=0.01, real=0.01 secs] 
1236.791: [GC
Desired survivor size 3670016 bytes, new threshold 1 (max 15)
 [PSYoungGen: 813472K->2112K(815616K)] 1802793K->991457K(1839616K), 0.0096990 secs] [Times: user=0.06 sys=0.01, real=0.01 secs] 
1237.056: [GC
Desired survivor size 3670016 bytes, new threshold 1 (max 15)
 [PSYoungGen: 814144K->1088K(815616K)] 1803489K->990465K(1839616K), 0.0089880 secs] [Times: user=0.06 sys=0.00, real=0.01 secs] 
1237.325: [GC
Desired survivor size 3145728 bytes, new threshold 1 (max 15)
 [PSYoungGen: 813120K->1472K(815616K)] 1802497K->990873K(1839616K), 0.0090810 secs] [Times: user=0.05 sys=0.00, real=0.01 secs] 
1237.586: [GC
Desired survivor size 3145728 bytes, new threshold 1 (max 15)
 [PSYoungGen: 813504K->2080K(816128K)] 1802905K->991513K(1840128K), 0.0095330 secs] [Times: user=0.06 sys=0.00, real=0.01 secs] 
1237.855: [GC
Desired survivor size 3670016 bytes, new threshold 1 (max 15)
 [PSYoungGen: 815136K->2304K(815616K)] 1804569K->991769K(1839616K), 0.0099610 secs] [Times: user=0.07 sys=0.00, real=0.01 secs] 
1238.118: [GC
Desired survivor size 3670016 bytes, new threshold 1 (max 15)
 [PSYoungGen: 815360K->1184K(815616K)] 1804825K->990673K(1839616K), 0.0092020 secs] [Times: user=0.04 sys=0.00, real=0.01 secs] 
1238.389: [GC
Desired survivor size 3145728 bytes, new threshold 1 (max 15)
 [PSYoungGen: 813216K->1920K(815616K)] 1802705K->991425K(1839616K), 0.0096450 secs] [Times: user=0.05 sys=0.00, real=0.01 secs] 
1238.688: [GC
Desired survivor size 3145728 bytes, new threshold 1 (max 15)
 [PSYoungGen: 813952K->1728K(816128K)] 1803457K->991257K(1840128K), 0.0098620 secs] [Times: user=0.05 sys=0.00, real=0.01 secs] 
1238.947: [GC
Desired survivor size 3145728 bytes, new threshold 1 (max 15)
 [PSYoungGen: 814784K->2208K(816128K)] 1804313K->991769K(1840128K), 0.0104330 secs] [Times: user=0.05 sys=0.00, real=0.01 secs] 
1239.216: [GC
Desired survivor size 3670016 bytes, new threshold 1 (max 15)
 [PSYoungGen: 815264K->3072K(815104K)] 1804825K->992969K(1839104K), 0.0100650 secs] [Times: user=0.06 sys=0.00, real=0.01 secs] 
1239.479: [GC
Desired survivor size 3670016 bytes, new threshold 1 (max 15)
 [PSYoungGen: 815104K->1248K(815616K)] 1805001K->991257K(1839616K), 0.0095910 secs] [Times: user=0.05 sys=0.00, real=0.01 secs] 
1239.748: [GC
Desired survivor size 3670016 bytes, new threshold 1 (max 15)
 [PSYoungGen: 813280K->1888K(815616K)] 1803289K->991929K(1839616K), 0.0111380 secs] [Times: user=0.05 sys=0.00, real=0.01 secs] 
1240.005: [GC
Desired survivor size 3670016 bytes, new threshold 1 (max 15)
 [PSYoungGen: 813920K->1856K(815616K)] 1803961K->991921K(1839616K), 0.0095030 secs] [Times: user=0.06 sys=0.00, real=0.01 secs] 
1240.280: [GC
Desired survivor size 3670016 bytes, new threshold 1 (max 15)
 [PSYoungGen: 813888K->896K(815616K)] 1803953K->991001K(1839616K), 0.0089190 secs] [Times: user=0.06 sys=0.00, real=0.01 secs] 
1240.554: [GC
Desired survivor size 3670016 bytes, new threshold 1 (max 15)
 [PSYoungGen: 812928K->2112K(815616K)] 1803033K->992249K(1839616K), 0.0115910 secs] [Times: user=0.06 sys=0.00, real=0.01 secs] 
1240.829: [GC
Desired survivor size 3670016 bytes, new threshold 1 (max 15)
 [PSYoungGen: 814144K->2016K(815616K)] 1804281K->992177K(1839616K), 0.0116990 secs] [Times: user=0.05 sys=0.00, real=0.01 secs] 
1241.093: [GC
Desired survivor size 3145728 bytes, new threshold 1 (max 15)
 [PSYoungGen: 814048K->1600K(815616K)] 1804209K->992041K(1839616K), 0.0092640 secs] [Times: user=0.05 sys=0.01, real=0.01 secs] 
1241.368: [GC
Desired survivor size 3145728 bytes, new threshold 1 (max 15)
 [PSYoungGen: 813632K->1120K(816128K)] 1804073K->992297K(1840128K), 0.0113000 secs] [Times: user=0.04 sys=0.00, real=0.01 secs] 
1241.639: [GC
Desired survivor size 3145728 bytes, new threshold 1 (max 15)
 [PSYoungGen: 814176K->1024K(816128K)] 1805353K->992513K(1840128K), 0.0096550 secs] [Times: user=0.04 sys=0.00, real=0.01 secs] 
1241.918: [GC
Desired survivor size 3145728 bytes, new threshold 1 (max 15)
 [PSYoungGen: 814080K->1632K(816128K)] 1805569K->993137K(1840128K), 0.0099100 secs] [Times: user=0.05 sys=0.00, real=0.01 secs] 
1242.188: [GC
Desired survivor size 3145728 bytes, new threshold 1 (max 15)
 [PSYoungGen: 814688K->2368K(816128K)] 1806193K->993897K(1840128K), 0.0096700 secs] [Times: user=0.06 sys=0.00, real=0.01 secs] 
1242.447: [GC
Desired survivor size 3145728 bytes, new threshold 1 (max 15)
 [PSYoungGen: 815424K->1984K(816128K)] 1806953K->993553K(1840128K), 0.0099830 secs] [Times: user=0.05 sys=0.00, real=0.01 secs] 
1242.729: [GC
Desired survivor size 3670016 bytes, new threshold 1 (max 15)
 [PSYoungGen: 815040K->416K(813568K)] 1806609K->992017K(1837568K), 0.0088960 secs] [Times: user=0.05 sys=0.00, real=0.01 secs] 
1242.998: [GC
Desired survivor size 3145728 bytes, new threshold 1 (max 15)
 [PSYoungGen: 813472K->1376K(816128K)] 1805073K->993001K(1840128K), 0.0095520 secs] [Times: user=0.06 sys=0.00, real=0.01 secs] 
1243.270: [GC
Desired survivor size 3145728 bytes, new threshold 1 (max 15)
 [PSYoungGen: 813920K->1184K(815616K)] 1805545K->992841K(1839616K), 0.0094550 secs] [Times: user=0.05 sys=0.00, real=0.01 secs] 
1243.539: [GC
Desired survivor size 3145728 bytes, new threshold 1 (max 15)
 [PSYoungGen: 813728K->1952K(816128K)] 1805385K->993665K(1840128K), 0.0093180 secs] [Times: user=0.06 sys=0.01, real=0.01 secs] 
1243.808: [GC
Desired survivor size 3145728 bytes, new threshold 1 (max 15)
 [PSYoungGen: 815008K->1472K(816128K)] 1806721K->993225K(1840128K), 0.0093800 secs] [Times: user=0.05 sys=0.00, real=0.01 secs] 
1244.066: [GC
Desired survivor size 3145728 bytes, new threshold 1 (max 15)
 [PSYoungGen: 814528K->1632K(816128K)] 1806281K->993433K(1840128K), 0.0091340 secs] [Times: user=0.04 sys=0.01, real=0.01 secs] 
1244.343: [GC
Desired survivor size 3145728 bytes, new threshold 1 (max 15)
 [PSYoungGen: 814688K->2176K(816128K)] 1806489K->994001K(1840128K), 0.0097990 secs] [Times: user=0.06 sys=0.00, real=0.01 secs] 
1244.611: [GC
Desired survivor size 3145728 bytes, new threshold 1 (max 15)
 [PSYoungGen: 815232K->1216K(816128K)] 1807057K->993065K(1840128K), 0.0091250 secs] [Times: user=0.06 sys=0.00, real=0.01 secs] 
1244.885: [GC
Desired survivor size 3145728 bytes, new threshold 1 (max 15)
 [PSYoungGen: 814272K->2400K(816128K)] 1806121K->994273K(1840128K), 0.0098420 secs] [Times: user=0.06 sys=0.00, real=0.01 secs] 
1245.154: [GC
Desired survivor size 4194304 bytes, new threshold 1 (max 15)
 [PSYoungGen: 815456K->3072K(814080K)] 1807329K->995905K(1838080K), 0.0110990 secs] [Times: user=0.07 sys=0.00, real=0.01 secs] 
1245.427: [GC
Desired survivor size 3670016 bytes, new threshold 1 (max 15)
 [PSYoungGen: 814080K->1856K(815104K)] 1806913K->995377K(1839104K), 0.0096020 secs] [Times: user=0.06 sys=0.00, real=0.01 secs] 
1245.709: [GC
Desired survivor size 3670016 bytes, new threshold 1 (max 15)
 [PSYoungGen: 812864K->2432K(815616K)] 1806385K->996129K(1839616K), 0.0094280 secs] [Times: user=0.06 sys=0.00, real=0.01 secs] 
1245.974: [GC
Desired survivor size 4194304 bytes, new threshold 1 (max 15)
 [PSYoungGen: 814464K->416K(812544K)] 1808161K->994129K(1836544K), 0.0088860 secs] [Times: user=0.05 sys=0.00, real=0.01 secs] 
1246.245: [GC
Desired survivor size 4194304 bytes, new threshold 1 (max 15)
 [PSYoungGen: 812448K->736K(815104K)] 1806161K->994473K(1839104K), 0.0089450 secs] [Times: user=0.05 sys=0.00, real=0.01 secs] 
1246.499: [GC
Desired survivor size 4194304 bytes, new threshold 1 (max 15)
 [PSYoungGen: 811744K->2112K(815104K)] 1805481K->995881K(1839104K), 0.0092920 secs] [Times: user=0.05 sys=0.00, real=0.01 secs] 
1246.766: [GC
Desired survivor size 3670016 bytes, new threshold 1 (max 15)
 [PSYoungGen: 813120K->1440K(815616K)] 1806889K->995249K(1839616K), 0.0095940 secs] [Times: user=0.06 sys=0.00, real=0.01 secs] 
1247.027: [GC
Desired survivor size 3670016 bytes, new threshold 1 (max 15)
 [PSYoungGen: 812960K->2016K(815104K)] 1806769K->995849K(1839104K), 0.0094360 secs] [Times: user=0.06 sys=0.01, real=0.01 secs] 
1247.295: [GC
Desired survivor size 3670016 bytes, new threshold 1 (max 15)
 [PSYoungGen: 813536K->1696K(815616K)] 1807369K->995553K(1839616K), 0.0097030 secs] [Times: user=0.05 sys=0.00, real=0.01 secs] 
1247.558: [GC
Desired survivor size 3670016 bytes, new threshold 1 (max 15)
 [PSYoungGen: 813728K->1728K(815616K)] 1807585K->995609K(1839616K), 0.0104130 secs] [Times: user=0.06 sys=0.00, real=0.01 secs] 
1247.824: [GC
Desired survivor size 3670016 bytes, new threshold 1 (max 15)
 [PSYoungGen: 813760K->3104K(815616K)] 1807641K->997017K(1839616K), 0.0104460 secs] [Times: user=0.06 sys=0.00, real=0.01 secs] 
1248.084: [GC
Desired survivor size 3670016 bytes, new threshold 1 (max 15)
 [PSYoungGen: 815136K->1728K(815616K)] 1809049K->995665K(1839616K), 0.0091760 secs] [Times: user=0.05 sys=0.00, real=0.01 secs] 
1248.351: [GC
Desired survivor size 3670016 bytes, new threshold 1 (max 15)
 [PSYoungGen: 813760K->800K(815616K)] 1807697K->994753K(1839616K), 0.0090170 secs] [Times: user=0.05 sys=0.00, real=0.01 secs] 
1248.616: [GC
Desired survivor size 3670016 bytes, new threshold 1 (max 15)
 [PSYoungGen: 812832K->1344K(815616K)] 1806785K->995321K(1839616K), 0.0096000 secs] [Times: user=0.06 sys=0.00, real=0.01 secs] 
1248.886: [GC
Desired survivor size 4194304 bytes, new threshold 1 (max 15)
 [PSYoungGen: 813376K->3584K(814592K)] 1807353K->997673K(1838592K), 0.0105550 secs] [Times: user=0.06 sys=0.00, real=0.01 secs] 
1249.141: [GC
Desired survivor size 4718592 bytes, new threshold 1 (max 15)
 [PSYoungGen: 814592K->3712K(815104K)] 1808681K->998089K(1839104K), 0.0100280 secs] [Times: user=0.06 sys=0.00, real=0.01 secs] 
1249.397: [GC
Desired survivor size 5242880 bytes, new threshold 1 (max 15)
 [PSYoungGen: 814720K->4096K(813056K)] 1809097K->999201K(1837056K), 0.0108390 secs] [Times: user=0.06 sys=0.00, real=0.01 secs] 
1249.652: [GC
Desired survivor size 5242880 bytes, new threshold 1 (max 15)
 [PSYoungGen: 813056K->2976K(814080K)] 1808161K->998961K(1838080K), 0.0110250 secs] [Times: user=0.05 sys=0.00, real=0.02 secs] 
1249.918: [GC
Desired survivor size 5242880 bytes, new threshold 1 (max 15)
 [PSYoungGen: 811936K->1344K(814080K)] 1807921K->997561K(1838080K), 0.0092240 secs] [Times: user=0.05 sys=0.00, real=0.01 secs] 
1250.185: [GC
Desired survivor size 5242880 bytes, new threshold 1 (max 15)
 [PSYoungGen: 810304K->1504K(814080K)] 1806521K->997753K(1838080K), 0.0092450 secs] [Times: user=0.05 sys=0.00, real=0.01 secs] 
1250.448: [GC
Desired survivor size 5242880 bytes, new threshold 1 (max 15)
 [PSYoungGen: 810464K->2560K(814080K)] 1806713K->998841K(1838080K), 0.0104700 secs] [Times: user=0.06 sys=0.00, real=0.01 secs] 
1250.713: [GC
Desired survivor size 5242880 bytes, new threshold 1 (max 15)
 [PSYoungGen: 811520K->2752K(814080K)] 1807801K->999073K(1838080K), 0.0105130 secs] [Times: user=0.06 sys=0.00, real=0.01 secs] 
1250.978: [GC
Desired survivor size 4718592 bytes, new threshold 1 (max 15)
 [PSYoungGen: 811712K->2400K(814592K)] 1808033K->998745K(1838592K), 0.0098330 secs] [Times: user=0.06 sys=0.00, real=0.01 secs] 
1251.249: [GC
Desired survivor size 4718592 bytes, new threshold 1 (max 15)
 [PSYoungGen: 811872K->352K(814080K)] 1808217K->996745K(1838080K), 0.0089510 secs] [Times: user=0.05 sys=0.01, real=0.01 secs] 
1251.509: [GC
Desired survivor size 4718592 bytes, new threshold 1 (max 15)
 [PSYoungGen: 809824K->2368K(814592K)] 1806217K->998785K(1838592K), 0.0096070 secs] [Times: user=0.06 sys=0.00, real=0.01 secs] 
1251.784: [GC
Desired survivor size 4718592 bytes, new threshold 1 (max 15)
 [PSYoungGen: 812352K->2176K(814592K)] 1808769K->998617K(1838592K), 0.0092590 secs] [Times: user=0.06 sys=0.00, real=0.01 secs] 
1252.089: [GC
Desired survivor size 4194304 bytes, new threshold 1 (max 15)
 [PSYoungGen: 812160K->1600K(815104K)] 1808601K->998065K(1839104K), 0.0093380 secs] [Times: user=0.05 sys=0.00, real=0.01 secs] 
1252.355: [GC
Desired survivor size 4194304 bytes, new threshold 1 (max 15)
 [PSYoungGen: 812096K->2432K(814592K)] 1808561K->998913K(1838592K), 0.0096470 secs] [Times: user=0.05 sys=0.00, real=0.01 secs] 
1252.624: [GC
Desired survivor size 4194304 bytes, new threshold 1 (max 15)
 [PSYoungGen: 812928K->1376K(815104K)] 1809409K->997889K(1839104K), 0.0095580 secs] [Times: user=0.06 sys=0.00, real=0.01 secs] 
1252.898: [GC
Desired survivor size 4194304 bytes, new threshold 1 (max 15)
 [PSYoungGen: 812384K->2784K(815104K)] 1808897K->999337K(1839104K), 0.0102730 secs] [Times: user=0.06 sys=0.00, real=0.01 secs] 
1253.154: [GC
Desired survivor size 4194304 bytes, new threshold 1 (max 15)
 [PSYoungGen: 813792K->2304K(815104K)] 1810345K->998905K(1839104K), 0.0102430 secs] [Times: user=0.05 sys=0.00, real=0.01 secs] 
1253.414: [GC
Desired survivor size 4194304 bytes, new threshold 1 (max 15)
 [PSYoungGen: 813312K->1952K(815104K)] 1809913K->998585K(1839104K), 0.0096550 secs] [Times: user=0.06 sys=0.00, real=0.01 secs] 
1253.679: [GC
Desired survivor size 4194304 bytes, new threshold 1 (max 15)
 [PSYoungGen: 812960K->1856K(815104K)] 1809593K->998513K(1839104K), 0.0164340 secs] [Times: user=0.06 sys=0.00, real=0.02 secs] 
1253.947: [GC
Desired survivor size 3670016 bytes, new threshold 1 (max 15)
 [PSYoungGen: 812864K->2144K(815104K)] 1809521K->998825K(1839104K), 0.0094210 secs] [Times: user=0.05 sys=0.00, real=0.01 secs] 
1254.211: [GC
Desired survivor size 4194304 bytes, new threshold 1 (max 15)
 [PSYoungGen: 813152K->3360K(814592K)] 1809833K->1000065K(1838592K), 0.0102520 secs] [Times: user=0.05 sys=0.00, real=0.01 secs] 
1254.474: [GC
Desired survivor size 4194304 bytes, new threshold 1 (max 15)
 [PSYoungGen: 814368K->2176K(815104K)] 1811073K->998913K(1839104K), 0.0097080 secs] [Times: user=0.06 sys=0.00, real=0.01 secs] 
1254.750: [GC
Desired survivor size 4194304 bytes, new threshold 1 (max 15)
 [PSYoungGen: 813184K->1472K(815104K)] 1809921K->998225K(1839104K), 0.0094170 secs] [Times: user=0.06 sys=0.00, real=0.01 secs] 
1255.010: [GC
Desired survivor size 4194304 bytes, new threshold 1 (max 15)
 [PSYoungGen: 812480K->736K(815104K)] 1809233K->997513K(1839104K), 0.0090370 secs] [Times: user=0.05 sys=0.00, real=0.01 secs] 
1255.283: [GC
Desired survivor size 4194304 bytes, new threshold 1 (max 15)
 [PSYoungGen: 811744K->1696K(815104K)] 1808521K->998497K(1839104K), 0.0094620 secs] [Times: user=0.05 sys=0.00, real=0.01 secs] 
1255.538: [GC
Desired survivor size 3670016 bytes, new threshold 1 (max 15)
 [PSYoungGen: 812704K->2016K(815104K)] 1809505K->998857K(1839104K), 0.0100940 secs] [Times: user=0.06 sys=0.00, real=0.01 secs] 
1255.810: [GC
Desired survivor size 3670016 bytes, new threshold 1 (max 15)
 [PSYoungGen: 813024K->2432K(815616K)] 1809865K->999305K(1839616K), 0.0097660 secs] [Times: user=0.06 sys=0.00, real=0.01 secs] 
1256.074: [GC
Desired survivor size 3670016 bytes, new threshold 1 (max 15)
 [PSYoungGen: 814464K->2208K(815616K)] 1811337K->999097K(1839616K), 0.0103050 secs] [Times: user=0.07 sys=0.00, real=0.01 secs] 
1256.340: [GC
Desired survivor size 3670016 bytes, new threshold 1 (max 15)
 [PSYoungGen: 814240K->1152K(815616K)] 1811129K->998097K(1839616K), 0.0092420 secs] [Times: user=0.05 sys=0.01, real=0.01 secs] 
1256.604: [GC
Desired survivor size 3670016 bytes, new threshold 1 (max 15)
 [PSYoungGen: 813184K->1920K(815616K)] 1810129K->998881K(1839616K), 0.0099080 secs] [Times: user=0.06 sys=0.00, real=0.01 secs] 
1256.877: [GC
Desired survivor size 3670016 bytes, new threshold 1 (max 15)
 [PSYoungGen: 813952K->2624K(815616K)] 1810913K->999609K(1839616K), 0.0092200 secs] [Times: user=0.05 sys=0.00, real=0.01 secs] 
1257.138: [GC
Desired survivor size 3670016 bytes, new threshold 1 (max 15)
 [PSYoungGen: 814656K->2432K(815616K)] 1811641K->999441K(1839616K), 0.0091610 secs] [Times: user=0.05 sys=0.00, real=0.01 secs] 
1257.395: [GC
Desired survivor size 3670016 bytes, new threshold 1 (max 15)
 [PSYoungGen: 814464K->1984K(815616K)] 1811473K->999017K(1839616K), 0.0094930 secs] [Times: user=0.05 sys=0.00, real=0.01 secs] 
1257.662: [GC
Desired survivor size 3670016 bytes, new threshold 1 (max 15)
 [PSYoungGen: 814016K->1888K(815616K)] 1811049K->998945K(1839616K), 0.0102030 secs] [Times: user=0.06 sys=0.00, real=0.01 secs] 
1257.937: [GC
Desired survivor size 3670016 bytes, new threshold 1 (max 15)
 [PSYoungGen: 813920K->1024K(815616K)] 1810977K->998113K(1839616K), 0.0092350 secs] [Times: user=0.05 sys=0.00, real=0.01 secs] 
1258.199: [GC
Desired survivor size 3670016 bytes, new threshold 1 (max 15)
 [PSYoungGen: 813056K->2112K(815616K)] 1810145K->999241K(1839616K), 0.0106890 secs] [Times: user=0.05 sys=0.00, real=0.01 secs] 
1258.460: [GC
Desired survivor size 3670016 bytes, new threshold 1 (max 15)
 [PSYoungGen: 814144K->1248K(815616K)] 1811273K->998409K(1839616K), 0.0093490 secs] [Times: user=0.05 sys=0.00, real=0.01 secs] 
1258.730: [GC
Desired survivor size 3670016 bytes, new threshold 1 (max 15)
 [PSYoungGen: 813280K->2624K(815616K)] 1810441K->999833K(1839616K), 0.0098630 secs] [Times: user=0.05 sys=0.00, real=0.01 secs] 
1258.992: [GC
Desired survivor size 3670016 bytes, new threshold 1 (max 15)
 [PSYoungGen: 814656K->2432K(815616K)] 1811865K->999673K(1839616K), 0.0096530 secs] [Times: user=0.05 sys=0.00, real=0.01 secs] 
1259.264: [GC
Desired survivor size 3670016 bytes, new threshold 1 (max 15)
 [PSYoungGen: 814464K->1152K(815616K)] 1811705K->998417K(1839616K), 0.0092410 secs] [Times: user=0.05 sys=0.00, real=0.01 secs] 
1259.530: [GC
Desired survivor size 3670016 bytes, new threshold 1 (max 15)
 [PSYoungGen: 813184K->1952K(815616K)] 1810449K->999241K(1839616K), 0.0097210 secs] [Times: user=0.06 sys=0.00, real=0.01 secs] 
1259.807: [GC
Desired survivor size 3670016 bytes, new threshold 1 (max 15)
 [PSYoungGen: 813984K->2048K(815616K)] 1811273K->999353K(1839616K), 0.0096100 secs] [Times: user=0.06 sys=0.00, real=0.01 secs] 
1260.064: [GC
Desired survivor size 3670016 bytes, new threshold 1 (max 15)
 [PSYoungGen: 814080K->3360K(815616K)] 1811385K->1000697K(1839616K), 0.0101960 secs] [Times: user=0.06 sys=0.00, real=0.02 secs] 
1260.330: [GC
Desired survivor size 3670016 bytes, new threshold 1 (max 15)
 [PSYoungGen: 815392K->2048K(815616K)] 1812729K->999401K(1839616K), 0.0092000 secs] [Times: user=0.05 sys=0.00, real=0.01 secs] 
1260.597: [GC
Desired survivor size 3670016 bytes, new threshold 1 (max 15)
 [PSYoungGen: 814080K->2016K(815616K)] 1811433K->999393K(1839616K), 0.0095930 secs] [Times: user=0.05 sys=0.00, real=0.01 secs] 
1260.874: [GC
Desired survivor size 3670016 bytes, new threshold 1 (max 15)
 [PSYoungGen: 814048K->1216K(815616K)] 1811425K->998625K(1839616K), 0.0094610 secs] [Times: user=0.06 sys=0.00, real=0.01 secs] 
1261.144: [GC
Desired survivor size 3670016 bytes, new threshold 1 (max 15)
 [PSYoungGen: 813248K->736K(815616K)] 1810657K->998161K(1839616K), 0.0087820 secs] [Times: user=0.05 sys=0.00, real=0.00 secs] 
1261.410: [GC
Desired survivor size 3670016 bytes, new threshold 1 (max 15)
 [PSYoungGen: 812768K->640K(815616K)] 1810193K->998097K(1839616K), 0.0087480 secs] [Times: user=0.05 sys=0.00, real=0.01 secs] 
1261.677: [GC
Desired survivor size 3670016 bytes, new threshold 1 (max 15)
 [PSYoungGen: 812672K->1408K(815616K)] 1810129K->998889K(1839616K), 0.0161670 secs] [Times: user=0.07 sys=0.00, real=0.01 secs] 
1261.943: [GC
Desired survivor size 3670016 bytes, new threshold 1 (max 15)
 [PSYoungGen: 813440K->2688K(815616K)] 1810921K->1000185K(1839616K), 0.0100240 secs] [Times: user=0.06 sys=0.00, real=0.01 secs] 
1262.203: [GC
Desired survivor size 3670016 bytes, new threshold 1 (max 15)
 [PSYoungGen: 814720K->2304K(815616K)] 1812217K->999825K(1839616K), 0.0111970 secs] [Times: user=0.05 sys=0.00, real=0.02 secs] 
1262.467: [GC
Desired survivor size 3670016 bytes, new threshold 1 (max 15)
 [PSYoungGen: 814336K->1376K(815616K)] 1811857K->998921K(1839616K), 0.0090440 secs] [Times: user=0.05 sys=0.00, real=0.01 secs] 
1262.740: [GC
Desired survivor size 3670016 bytes, new threshold 1 (max 15)
 [PSYoungGen: 813408K->2368K(815616K)] 1810953K->999969K(1839616K), 0.0099270 secs] [Times: user=0.06 sys=0.00, real=0.01 secs] 
1263.008: [GC
Desired survivor size 3670016 bytes, new threshold 1 (max 15)
 [PSYoungGen: 814400K->2336K(815616K)] 1812001K->999969K(1839616K), 0.0097920 secs] [Times: user=0.05 sys=0.00, real=0.01 secs] 
1263.278: [GC
Desired survivor size 3670016 bytes, new threshold 1 (max 15)
 [PSYoungGen: 814368K->1408K(815616K)] 1812001K->999081K(1839616K), 0.0092040 secs] [Times: user=0.06 sys=0.00, real=0.01 secs] 
1263.547: [GC
Desired survivor size 3670016 bytes, new threshold 1 (max 15)
 [PSYoungGen: 813440K->1024K(815616K)] 1811113K->998721K(1839616K), 0.0091960 secs] [Times: user=0.05 sys=0.00, real=0.01 secs] 
1263.819: [GC
Desired survivor size 3670016 bytes, new threshold 1 (max 15)
 [PSYoungGen: 813056K->1792K(815616K)] 1810753K->999505K(1839616K), 0.0096460 secs] [Times: user=0.06 sys=0.00, real=0.01 secs] 
1264.075: [GC
Desired survivor size 4194304 bytes, new threshold 1 (max 15)
 [PSYoungGen: 813824K->3424K(815616K)] 1811537K->1001153K(1839616K), 0.0115670 secs] [Times: user=0.06 sys=0.00, real=0.01 secs] 
1264.340: [GC
Desired survivor size 4194304 bytes, new threshold 1 (max 15)
 [PSYoungGen: 815456K->768K(814592K)] 1813185K->998529K(1838592K), 0.0090100 secs] [Times: user=0.06 sys=0.00, real=0.01 secs] 
1264.605: [GC
Desired survivor size 4194304 bytes, new threshold 1 (max 15)
 [PSYoungGen: 811776K->832K(815104K)] 1809537K->998633K(1839104K), 0.0093830 secs] [Times: user=0.05 sys=0.00, real=0.01 secs] 
1264.878: [GC
Desired survivor size 4194304 bytes, new threshold 1 (max 15)
 [PSYoungGen: 811840K->2560K(815104K)] 1809641K->1000393K(1839104K), 0.0113980 secs] [Times: user=0.06 sys=0.00, real=0.01 secs] 
1265.143: [GC
Desired survivor size 4194304 bytes, new threshold 1 (max 15)
 [PSYoungGen: 813568K->1920K(815104K)] 1811401K->999777K(1839104K), 0.0094960 secs] [Times: user=0.05 sys=0.00, real=0.01 secs] 
1265.417: [GC
Desired survivor size 3670016 bytes, new threshold 1 (max 15)
 [PSYoungGen: 812928K->1536K(815616K)] 1810785K->999425K(1839616K), 0.0092390 secs] [Times: user=0.06 sys=0.00, real=0.01 secs] 
1265.691: [GC
Desired survivor size 4194304 bytes, new threshold 1 (max 15)
 [PSYoungGen: 813056K->2656K(815104K)] 1810945K->1000569K(1839104K), 0.0100760 secs] [Times: user=0.06 sys=0.00, real=0.01 secs] 
1265.956: [GC
Desired survivor size 4194304 bytes, new threshold 1 (max 15)
 [PSYoungGen: 814176K->1248K(815104K)] 1812089K->999177K(1839104K), 0.0088420 secs] [Times: user=0.05 sys=0.00, real=0.01 secs] 
1266.224: [GC
Desired survivor size 4194304 bytes, new threshold 1 (max 15)
 [PSYoungGen: 812256K->2688K(815104K)] 1810185K->1000641K(1839104K), 0.0099710 secs] [Times: user=0.06 sys=0.00, real=0.01 secs] 
1266.483: [GC
Desired survivor size 4718592 bytes, new threshold 1 (max 15)
 [PSYoungGen: 813696K->3520K(814080K)] 1811649K->1001497K(1838080K), 0.0103870 secs] [Times: user=0.05 sys=0.00, real=0.01 secs] 
1266.759: [GC
Desired survivor size 4194304 bytes, new threshold 1 (max 15)
 [PSYoungGen: 813504K->1632K(814592K)] 1811481K->999633K(1838592K), 0.0093220 secs] [Times: user=0.05 sys=0.00, real=0.01 secs] 
1267.045: [GC
Desired survivor size 4194304 bytes, new threshold 1 (max 15)
 [PSYoungGen: 811616K->1952K(815104K)] 1809617K->999993K(1839104K), 0.0093410 secs] [Times: user=0.05 sys=0.00, real=0.01 secs] 
1267.308: [GC
Desired survivor size 4194304 bytes, new threshold 1 (max 15)
 [PSYoungGen: 812960K->2496K(815104K)] 1811001K->1000561K(1839104K), 0.0098010 secs] [Times: user=0.06 sys=0.00, real=0.01 secs] 
1267.563: [GC
Desired survivor size 4194304 bytes, new threshold 1 (max 15)
 [PSYoungGen: 813504K->1632K(815104K)] 1811569K->999737K(1839104K), 0.0092050 secs] [Times: user=0.06 sys=0.00, real=0.01 secs] 
1267.836: [GC
Desired survivor size 4194304 bytes, new threshold 1 (max 15)
 [PSYoungGen: 812640K->1824K(815104K)] 1810745K->999961K(1839104K), 0.0091280 secs] [Times: user=0.05 sys=0.00, real=0.01 secs] 
1268.101: [GC
Desired survivor size 4194304 bytes, new threshold 1 (max 15)
 [PSYoungGen: 812832K->3552K(815104K)] 1810969K->1001713K(1839104K), 0.0100160 secs] [Times: user=0.07 sys=0.00, real=0.01 secs] 
1268.362: [GC
Desired survivor size 4194304 bytes, new threshold 1 (max 15)
 [PSYoungGen: 814560K->928K(815104K)] 1812721K->999113K(1839104K), 0.0093290 secs] [Times: user=0.05 sys=0.00, real=0.01 secs] 
1268.626: [GC
Desired survivor size 4194304 bytes, new threshold 1 (max 15)
 [PSYoungGen: 811936K->576K(815104K)] 1810121K->998801K(1839104K), 0.0088410 secs] [Times: user=0.05 sys=0.00, real=0.01 secs] 
1268.902: [GC
Desired survivor size 4194304 bytes, new threshold 1 (max 15)
 [PSYoungGen: 811584K->1472K(815104K)] 1809809K->999729K(1839104K), 0.0096480 secs] [Times: user=0.06 sys=0.00, real=0.01 secs] 
1269.168: [GC
Desired survivor size 4194304 bytes, new threshold 1 (max 15)
 [PSYoungGen: 812480K->2496K(815104K)] 1810737K->1000769K(1839104K), 0.0096880 secs] [Times: user=0.06 sys=0.01, real=0.01 secs] 
1269.429: [GC
Desired survivor size 4194304 bytes, new threshold 1 (max 15)
 [PSYoungGen: 813504K->1280K(815104K)] 1811777K->999569K(1839104K), 0.0094090 secs] [Times: user=0.06 sys=0.00, real=0.01 secs] 
1269.700: [GC
Desired survivor size 4194304 bytes, new threshold 1 (max 15)
 [PSYoungGen: 812288K->1248K(815104K)] 1810577K->999577K(1839104K), 0.0092740 secs] [Times: user=0.05 sys=0.00, real=0.01 secs] 
1269.970: [GC
Desired survivor size 4194304 bytes, new threshold 1 (max 15)
 [PSYoungGen: 812256K->1664K(815104K)] 1810585K->1000033K(1839104K), 0.0095910 secs] [Times: user=0.05 sys=0.00, real=0.01 secs] 
1270.244: [GC
Desired survivor size 3670016 bytes, new threshold 1 (max 15)
 [PSYoungGen: 812672K->1120K(815616K)] 1811041K->999521K(1839616K), 0.0096560 secs] [Times: user=0.05 sys=0.00, real=0.01 secs] 
1270.513: [GC
Desired survivor size 3670016 bytes, new threshold 1 (max 15)
 [PSYoungGen: 812640K->1152K(815104K)] 1811041K->999593K(1839104K), 0.0595730 secs] [Times: user=0.04 sys=0.00, real=0.06 secs] 
1270.832: [GC
Desired survivor size 3670016 bytes, new threshold 1 (max 15)
 [PSYoungGen: 812672K->736K(815616K)] 1811113K->999217K(1839616K), 0.0092630 secs] [Times: user=0.05 sys=0.00, real=0.01 secs] 
1271.100: [GC
Desired survivor size 3670016 bytes, new threshold 1 (max 15)
 [PSYoungGen: 812768K->1856K(815616K)] 1811249K->1000369K(1839616K), 0.0095550 secs] [Times: user=0.06 sys=0.00, real=0.01 secs] 
1271.362: [GC
Desired survivor size 3670016 bytes, new threshold 1 (max 15)
 [PSYoungGen: 813888K->2176K(815616K)] 1812401K->1000705K(1839616K), 0.0096360 secs] [Times: user=0.06 sys=0.00, real=0.01 secs] 
1271.624: [GC
Desired survivor size 3670016 bytes, new threshold 1 (max 15)
 [PSYoungGen: 814208K->1408K(815616K)] 1812737K->999961K(1839616K), 0.0089720 secs] [Times: user=0.05 sys=0.00, real=0.01 secs] 
1271.935: [GC
Desired survivor size 3670016 bytes, new threshold 1 (max 15)
 [PSYoungGen: 813440K->1440K(815616K)] 1811993K->1000017K(1839616K), 0.0097680 secs] [Times: user=0.05 sys=0.00, real=0.01 secs] 
1272.207: [GC
Desired survivor size 3145728 bytes, new threshold 1 (max 15)
 [PSYoungGen: 813472K->1216K(815616K)] 1812049K->999825K(1839616K), 0.0093100 secs] [Times: user=0.06 sys=0.00, real=0.01 secs] 
1272.471: [GC
Desired survivor size 3145728 bytes, new threshold 1 (max 15)
 [PSYoungGen: 813248K->1152K(816128K)] 1811857K->999769K(1840128K), 0.0092890 secs] [Times: user=0.05 sys=0.00, real=0.01 secs] 
1272.751: [GC
Desired survivor size 3145728 bytes, new threshold 1 (max 15)
 [PSYoungGen: 814208K->2176K(816128K)] 1812825K->1000809K(1840128K), 0.0094370 secs] [Times: user=0.06 sys=0.00, real=0.01 secs] 
1273.312: [GC
Desired survivor size 3145728 bytes, new threshold 1 (max 15)
 [PSYoungGen: 815232K->2016K(816128K)] 1813865K->1000689K(1840128K), 0.0359410 secs] [Times: user=0.08 sys=0.00, real=0.04 secs] 
1273.604: [GC
Desired survivor size 3145728 bytes, new threshold 1 (max 15)
 [PSYoungGen: 815072K->1280K(816128K)] 1813745K->999977K(1840128K), 0.0097430 secs] [Times: user=0.06 sys=0.00, real=0.01 secs] 
1273.873: [GC
Desired survivor size 3145728 bytes, new threshold 1 (max 15)
 [PSYoungGen: 814336K->2144K(816128K)] 1813033K->1000881K(1840128K), 0.0095950 secs] [Times: user=0.06 sys=0.00, real=0.01 secs] 
1274.135: [GC
Desired survivor size 3145728 bytes, new threshold 1 (max 15)
 [PSYoungGen: 815200K->1984K(816128K)] 1813937K->1000757K(1840128K), 0.0099070 secs] [Times: user=0.07 sys=0.00, real=0.01 secs] 
1274.408: [GC
Desired survivor size 3670016 bytes, new threshold 1 (max 15)
 [PSYoungGen: 815040K->2368K(815104K)] 1813813K->1001157K(1839104K), 0.0097430 secs] [Times: user=0.06 sys=0.00, real=0.01 secs] 
1274.692: [GC
Desired survivor size 3670016 bytes, new threshold 1 (max 15)
 [PSYoungGen: 814400K->1952K(815616K)] 1813189K->1000757K(1839616K), 0.0100030 secs] [Times: user=0.05 sys=0.00, real=0.01 secs] 
1274.953: [GC
Desired survivor size 3670016 bytes, new threshold 1 (max 15)
 [PSYoungGen: 813984K->2976K(815616K)] 1812789K->1001821K(1839616K), 0.0101300 secs] [Times: user=0.06 sys=0.00, real=0.01 secs] 
1275.218: [GC
Desired survivor size 4194304 bytes, new threshold 1 (max 15)
 [PSYoungGen: 815008K->2912K(815104K)] 1813853K->1001781K(1839104K), 0.0100320 secs] [Times: user=0.06 sys=0.00, real=0.01 secs] 
1275.484: [GC
Desired survivor size 4194304 bytes, new threshold 1 (max 15)
 [PSYoungGen: 814944K->2848K(815104K)] 1813813K->1001749K(1839104K), 0.0108110 secs] [Times: user=0.04 sys=0.01, real=0.01 secs] 
1275.756: [GC
Desired survivor size 4194304 bytes, new threshold 1 (max 15)
 [PSYoungGen: 813856K->1536K(815104K)] 1812757K->1000477K(1839104K), 0.0105720 secs] [Times: user=0.05 sys=0.00, real=0.01 secs] 
1276.024: [GC
Desired survivor size 3670016 bytes, new threshold 1 (max 15)
 [PSYoungGen: 812544K->1888K(815616K)] 1811485K->1000845K(1839616K), 0.0092290 secs] [Times: user=0.05 sys=0.00, real=0.01 secs] 
1276.293: [GC
Desired survivor size 3670016 bytes, new threshold 1 (max 15)
 [PSYoungGen: 813408K->1568K(815104K)] 1812365K->1000557K(1839104K), 0.0091720 secs] [Times: user=0.06 sys=0.00, real=0.01 secs] 
1276.555: [GC
Desired survivor size 3670016 bytes, new threshold 1 (max 15)
 [PSYoungGen: 813088K->1216K(815616K)] 1812077K->1000229K(1839616K), 0.0090230 secs] [Times: user=0.05 sys=0.00, real=0.01 secs] 
1276.829: [GC
Desired survivor size 3670016 bytes, new threshold 1 (max 15)
 [PSYoungGen: 813248K->960K(815616K)] 1812261K->1000005K(1839616K), 0.0094670 secs] [Times: user=0.05 sys=0.01, real=0.01 secs] 
1277.089: [GC
Desired survivor size 3670016 bytes, new threshold 1 (max 15)
 [PSYoungGen: 812992K->2272K(815616K)] 1812037K->1001341K(1839616K), 0.0102490 secs] [Times: user=0.05 sys=0.00, real=0.01 secs] 
1277.360: [GC
Desired survivor size 3670016 bytes, new threshold 1 (max 15)
 [PSYoungGen: 814304K->1856K(815616K)] 1813373K->1000949K(1839616K), 0.0092890 secs] [Times: user=0.05 sys=0.00, real=0.01 secs] 
1277.619: [GC
Desired survivor size 3670016 bytes, new threshold 1 (max 15)
 [PSYoungGen: 813888K->1536K(815616K)] 1812981K->1000669K(1839616K), 0.0098250 secs] [Times: user=0.04 sys=0.00, real=0.01 secs] 
1277.895: [GC
Desired survivor size 3670016 bytes, new threshold 1 (max 15)
 [PSYoungGen: 813568K->2048K(815616K)] 1812701K->1001205K(1839616K), 0.0094970 secs] [Times: user=0.06 sys=0.00, real=0.01 secs] 
1278.163: [GC
Desired survivor size 3670016 bytes, new threshold 1 (max 15)
 [PSYoungGen: 814080K->1504K(815616K)] 1813237K->1000701K(1839616K), 0.0095700 secs] [Times: user=0.05 sys=0.00, real=0.01 secs] 
1278.426: [GC
Desired survivor size 3145728 bytes, new threshold 1 (max 15)
 [PSYoungGen: 813536K->2048K(815616K)] 1812733K->1001261K(1839616K), 0.0096570 secs] [Times: user=0.05 sys=0.00, real=0.00 secs] 
1278.700: [GC
Desired survivor size 3145728 bytes, new threshold 1 (max 15)
 [PSYoungGen: 814080K->1280K(816128K)] 1813293K->1000525K(1840128K), 0.0113840 secs] [Times: user=0.06 sys=0.01, real=0.01 secs] 
1278.970: [GC
Desired survivor size 3145728 bytes, new threshold 1 (max 15)
 [PSYoungGen: 814336K->1440K(816128K)] 1813581K->1000709K(1840128K), 0.0092650 secs] [Times: user=0.05 sys=0.00, real=0.01 secs] 
1279.249: [GC
Desired survivor size 3145728 bytes, new threshold 1 (max 15)
 [PSYoungGen: 814496K->1344K(816128K)] 1813765K->1000637K(1840128K), 0.0093530 secs] [Times: user=0.06 sys=0.00, real=0.01 secs] 
1279.510: [GC
Desired survivor size 3145728 bytes, new threshold 1 (max 15)
 [PSYoungGen: 814400K->2400K(816128K)] 1813693K->1001733K(1840128K), 0.0104430 secs] [Times: user=0.06 sys=0.00, real=0.01 secs] 
1279.784: [GC
Desired survivor size 3145728 bytes, new threshold 1 (max 15)
 [PSYoungGen: 815456K->2016K(816128K)] 1814789K->1001389K(1840128K), 0.0094820 secs] [Times: user=0.05 sys=0.00, real=0.01 secs] 
1280.044: [GC
Desired survivor size 3145728 bytes, new threshold 1 (max 15)
 [PSYoungGen: 815072K->1600K(816128K)] 1814445K->1000997K(1840128K), 0.0095600 secs] [Times: user=0.06 sys=0.01, real=0.01 secs] 
1280.314: [GC
Desired survivor size 3145728 bytes, new threshold 1 (max 15)
 [PSYoungGen: 814656K->1728K(816128K)] 1814053K->1001157K(1840128K), 0.0092630 secs] [Times: user=0.05 sys=0.00, real=0.01 secs] 
1280.576: [GC
Desired survivor size 3145728 bytes, new threshold 1 (max 15)
 [PSYoungGen: 814784K->1184K(816128K)] 1814213K->1000637K(1840128K), 0.0100640 secs] [Times: user=0.06 sys=0.00, real=0.01 secs] 
1280.842: [GC
Desired survivor size 3145728 bytes, new threshold 1 (max 15)
 [PSYoungGen: 814240K->2624K(816128K)] 1813693K->1002101K(1840128K), 0.0102120 secs] [Times: user=0.06 sys=0.00, real=0.01 secs] 
1281.101: [GC
Desired survivor size 3670016 bytes, new threshold 1 (max 15)
 [PSYoungGen: 815680K->2464K(815616K)] 1815157K->1001973K(1839616K), 0.0099350 secs] [Times: user=0.06 sys=0.00, real=0.01 secs] 
1281.366: [GC
Desired survivor size 3670016 bytes, new threshold 1 (max 15)
 [PSYoungGen: 815520K->1088K(815616K)] 1815029K->1000629K(1839616K), 0.0094370 secs] [Times: user=0.05 sys=0.00, real=0.01 secs] 
1281.625: [GC
Desired survivor size 3670016 bytes, new threshold 1 (max 15)
 [PSYoungGen: 813120K->2624K(815616K)] 1812661K->1002181K(1839616K), 0.0096980 secs] [Times: user=0.06 sys=0.00, real=0.01 secs] 
1281.900: [GC
Desired survivor size 3670016 bytes, new threshold 1 (max 15)
 [PSYoungGen: 814656K->1184K(815616K)] 1814213K->1000757K(1839616K), 0.0092710 secs] [Times: user=0.05 sys=0.00, real=0.01 secs] 
1282.209: [GC
Desired survivor size 3670016 bytes, new threshold 1 (max 15)
 [PSYoungGen: 813216K->1728K(815616K)] 1812789K->1001341K(1839616K), 0.0318820 secs] [Times: user=0.08 sys=0.00, real=0.03 secs] 
1282.533: [GC
Desired survivor size 3670016 bytes, new threshold 1 (max 15)
 [PSYoungGen: 813760K->768K(815616K)] 1813373K->1000413K(1839616K), 0.0088590 secs] [Times: user=0.05 sys=0.00, real=0.01 secs] 
1282.804: [GC
Desired survivor size 3670016 bytes, new threshold 1 (max 15)
 [PSYoungGen: 812800K->1504K(815616K)] 1812445K->1001189K(1839616K), 0.0089440 secs] [Times: user=0.06 sys=0.00, real=0.01 secs] 
1283.074: [GC
Desired survivor size 3670016 bytes, new threshold 1 (max 15)
 [PSYoungGen: 813536K->480K(815616K)] 1813221K->1000189K(1839616K), 0.0104130 secs] [Times: user=0.05 sys=0.00, real=0.01 secs] 
1283.338: [GC
Desired survivor size 3145728 bytes, new threshold 1 (max 15)
 [PSYoungGen: 812512K->1248K(815616K)] 1812221K->1001005K(1839616K), 0.0099870 secs] [Times: user=0.05 sys=0.01, real=0.01 secs] 
1283.603: [GC
Desired survivor size 3145728 bytes, new threshold 1 (max 15)
 [PSYoungGen: 813280K->1600K(816128K)] 1813037K->1001381K(1840128K), 0.0095030 secs] [Times: user=0.06 sys=0.00, real=0.01 secs] 
1283.873: [GC
Desired survivor size 3145728 bytes, new threshold 1 (max 15)
 [PSYoungGen: 814656K->2144K(816128K)] 1814437K->1001957K(1840128K), 0.0097770 secs] [Times: user=0.06 sys=0.00, real=0.01 secs] 
1284.142: [GC
Desired survivor size 3145728 bytes, new threshold 1 (max 15)
 [PSYoungGen: 815200K->1472K(816128K)] 1815013K->1001301K(1840128K), 0.0096760 secs] [Times: user=0.06 sys=0.00, real=0.01 secs] 
1284.401: [GC
Desired survivor size 3145728 bytes, new threshold 1 (max 15)
 [PSYoungGen: 814528K->1568K(816128K)] 1814357K->1001437K(1840128K), 0.0092800 secs] [Times: user=0.06 sys=0.00, real=0.01 secs] 
1284.663: [GC
Desired survivor size 3145728 bytes, new threshold 1 (max 15)
 [PSYoungGen: 814624K->2272K(816128K)] 1814493K->1002173K(1840128K), 0.0099220 secs] [Times: user=0.05 sys=0.00, real=0.01 secs] 
1284.937: [GC
Desired survivor size 3145728 bytes, new threshold 1 (max 15)
 [PSYoungGen: 815328K->2240K(816128K)] 1815229K->1002197K(1840128K), 0.0096130 secs] [Times: user=0.06 sys=0.00, real=0.01 secs] 
1285.208: [GC
Desired survivor size 3145728 bytes, new threshold 1 (max 15)
 [PSYoungGen: 815296K->1376K(816128K)] 1815253K->1001365K(1840128K), 0.0092580 secs] [Times: user=0.05 sys=0.00, real=0.01 secs] 
1285.473: [GC
Desired survivor size 3145728 bytes, new threshold 1 (max 15)
 [PSYoungGen: 814432K->1664K(816128K)] 1814421K->1001693K(1840128K), 0.0093380 secs] [Times: user=0.05 sys=0.00, real=0.01 secs] 
1285.745: [GC
Desired survivor size 3670016 bytes, new threshold 1 (max 15)
 [PSYoungGen: 814720K->3040K(815104K)] 1814749K->1003101K(1839104K), 0.0102350 secs] [Times: user=0.07 sys=0.00, real=0.01 secs] 
1286.006: [GC
Desired survivor size 3670016 bytes, new threshold 1 (max 15)
 [PSYoungGen: 815072K->2112K(815616K)] 1815133K->1002189K(1839616K), 0.0112150 secs] [Times: user=0.06 sys=0.00, real=0.02 secs] 
1286.272: [GC
Desired survivor size 3670016 bytes, new threshold 1 (max 15)
 [PSYoungGen: 814144K->1440K(815616K)] 1814221K->1001541K(1839616K), 0.0090060 secs] [Times: user=0.06 sys=0.00, real=0.01 secs] 
1286.535: [GC
Desired survivor size 3145728 bytes, new threshold 1 (max 15)
 [PSYoungGen: 813472K->1664K(815616K)] 1813573K->1001781K(1839616K), 0.0094190 secs] [Times: user=0.05 sys=0.00, real=0.01 secs] 
1286.809: [GC
Desired survivor size 3145728 bytes, new threshold 1 (max 15)
 [PSYoungGen: 813696K->1056K(816128K)] 1813813K->1001221K(1840128K), 0.0093770 secs] [Times: user=0.05 sys=0.00, real=0.01 secs] 
1287.068: [GC
Desired survivor size 3145728 bytes, new threshold 1 (max 15)
 [PSYoungGen: 814112K->1856K(816128K)] 1814277K->1002061K(1840128K), 0.0094310 secs] [Times: user=0.06 sys=0.00, real=0.00 secs] 
1287.338: [GC
Desired survivor size 3145728 bytes, new threshold 1 (max 15)
 [PSYoungGen: 814912K->1280K(816128K)] 1815117K->1001517K(1840128K), 0.0092740 secs] [Times: user=0.05 sys=0.00, real=0.00 secs] 
1287.605: [GC
Desired survivor size 3145728 bytes, new threshold 1 (max 15)
 [PSYoungGen: 814336K->1504K(816128K)] 1814573K->1001773K(1840128K), 0.0095840 secs] [Times: user=0.06 sys=0.00, real=0.01 secs] 
1287.888: [GC
Desired survivor size 3145728 bytes, new threshold 1 (max 15)
 [PSYoungGen: 814560K->512K(816128K)] 1814829K->1000805K(1840128K), 0.0093370 secs] [Times: user=0.06 sys=0.01, real=0.01 secs] 
1288.162: [GC
Desired survivor size 3145728 bytes, new threshold 1 (max 15)
 [PSYoungGen: 813568K->1536K(816128K)] 1813861K->1001861K(1840128K), 0.0092190 secs] [Times: user=0.06 sys=0.00, real=0.01 secs] 
1288.427: [GC
Desired survivor size 3145728 bytes, new threshold 1 (max 15)
 [PSYoungGen: 814592K->1664K(816128K)] 1814917K->1002013K(1840128K), 0.0097300 secs] [Times: user=0.06 sys=0.00, real=0.01 secs] 
1288.693: [GC
Desired survivor size 4194304 bytes, new threshold 1 (max 15)
 [PSYoungGen: 814720K->3072K(816128K)] 1815069K->1004749K(1840128K), 0.0122080 secs] [Times: user=0.06 sys=0.00, real=0.01 secs] 
1288.962: [GC
Desired survivor size 3670016 bytes, new threshold 1 (max 15)
 [PSYoungGen: 816128K->1504K(815104K)] 1817805K->1003437K(1839104K), 0.0101040 secs] [Times: user=0.06 sys=0.00, real=0.01 secs] 
1289.230: [GC
Desired survivor size 3670016 bytes, new threshold 1 (max 15)
 [PSYoungGen: 813536K->2208K(815616K)] 1815469K->1004213K(1839616K), 0.0095960 secs] [Times: user=0.06 sys=0.00, real=0.01 secs] 
1289.494: [GC
Desired survivor size 3670016 bytes, new threshold 1 (max 15)
 [PSYoungGen: 814240K->1152K(815616K)] 1816245K->1003181K(1839616K), 0.0098930 secs] [Times: user=0.06 sys=0.00, real=0.01 secs] 
1289.767: [GC
Desired survivor size 4194304 bytes, new threshold 1 (max 15)
 [PSYoungGen: 813184K->3072K(815104K)] 1815213K->1005117K(1839104K), 0.0099280 secs] [Times: user=0.07 sys=0.00, real=0.01 secs] 
1290.027: [GC
Desired survivor size 4194304 bytes, new threshold 1 (max 15)
 [PSYoungGen: 815104K->2304K(815104K)] 1817149K->1004365K(1839104K), 0.0102000 secs] [Times: user=0.05 sys=0.00, real=0.01 secs] 
1290.293: [GC
Desired survivor size 4194304 bytes, new threshold 1 (max 15)
 [PSYoungGen: 813312K->2144K(815104K)] 1815373K->1004229K(1839104K), 0.0095050 secs] [Times: user=0.06 sys=0.01, real=0.01 secs] 
1290.555: [GC
Desired survivor size 3670016 bytes, new threshold 1 (max 15)
 [PSYoungGen: 813152K->2240K(815616K)] 1815237K->1004341K(1839616K), 0.0097550 secs] [Times: user=0.05 sys=0.01, real=0.01 secs] 
1290.826: [GC
Desired survivor size 3670016 bytes, new threshold 1 (max 15)
 [PSYoungGen: 813760K->960K(815104K)] 1815861K->1003085K(1839104K), 0.0091200 secs] [Times: user=0.05 sys=0.00, real=0.01 secs] 
1291.090: [GC
Desired survivor size 3670016 bytes, new threshold 1 (max 15)
 [PSYoungGen: 812480K->1760K(815616K)] 1814605K->1003893K(1839616K), 0.0095210 secs] [Times: user=0.05 sys=0.00, real=0.01 secs] 
1291.352: [GC
Desired survivor size 3670016 bytes, new threshold 1 (max 15)
 [PSYoungGen: 813792K->1280K(815616K)] 1815925K->1003445K(1839616K), 0.0091550 secs] [Times: user=0.05 sys=0.00, real=0.01 secs] 
1291.623: [GC
Desired survivor size 3670016 bytes, new threshold 1 (max 15)
 [PSYoungGen: 813312K->1984K(815616K)] 1815477K->1004173K(1839616K), 0.0099780 secs] [Times: user=0.06 sys=0.01, real=0.01 secs] 
1291.940: [GC
Desired survivor size 3670016 bytes, new threshold 1 (max 15)
 [PSYoungGen: 814016K->1536K(815616K)] 1816205K->1003765K(1839616K), 0.0089790 secs] [Times: user=0.05 sys=0.00, real=0.01 secs] 
1292.203: [GC
Desired survivor size 3670016 bytes, new threshold 1 (max 15)
 [PSYoungGen: 813568K->576K(815616K)] 1815797K->1002821K(1839616K), 0.0096650 secs] [Times: user=0.04 sys=0.00, real=0.01 secs] 
1292.465: [GC
Desired survivor size 3670016 bytes, new threshold 1 (max 15)
 [PSYoungGen: 812608K->1184K(815616K)] 1814853K->1003461K(1839616K), 0.0090270 secs] [Times: user=0.05 sys=0.00, real=0.01 secs] 
1292.745: [GC
Desired survivor size 3670016 bytes, new threshold 1 (max 15)
 [PSYoungGen: 813216K->1952K(815616K)] 1815493K->1004261K(1839616K), 0.0099450 secs] [Times: user=0.05 sys=0.01, real=0.01 secs] 
1293.006: [GC
Desired survivor size 3670016 bytes, new threshold 1 (max 15)
 [PSYoungGen: 813984K->416K(815616K)] 1816293K->1002749K(1839616K), 0.0091720 secs] [Times: user=0.05 sys=0.00, real=0.01 secs] 
1293.277: [GC
Desired survivor size 3670016 bytes, new threshold 1 (max 15)
 [PSYoungGen: 812448K->1792K(815616K)] 1814781K->1004149K(1839616K), 0.0094580 secs] [Times: user=0.06 sys=0.00, real=0.01 secs] 
1293.534: [GC
Desired survivor size 3670016 bytes, new threshold 1 (max 15)
 [PSYoungGen: 813824K->2784K(815616K)] 1816181K->1005181K(1839616K), 0.0108340 secs] [Times: user=0.06 sys=0.00, real=0.01 secs] 
1293.807: [GC
Desired survivor size 3670016 bytes, new threshold 1 (max 15)
 [PSYoungGen: 814816K->2400K(815616K)] 1817213K->1004837K(1839616K), 0.0097950 secs] [Times: user=0.05 sys=0.00, real=0.01 secs] 
1294.071: [GC
Desired survivor size 3670016 bytes, new threshold 1 (max 15)
 [PSYoungGen: 814432K->1248K(815616K)] 1816869K->1003709K(1839616K), 0.0109240 secs] [Times: user=0.05 sys=0.00, real=0.01 secs] 
1294.336: [GC
Desired survivor size 3670016 bytes, new threshold 1 (max 15)
 [PSYoungGen: 813280K->864K(815616K)] 1815741K->1003349K(1839616K), 0.0091820 secs] [Times: user=0.05 sys=0.00, real=0.01 secs] 
1294.606: [GC
Desired survivor size 3670016 bytes, new threshold 1 (max 15)
 [PSYoungGen: 812896K->1376K(815616K)] 1815381K->1003909K(1839616K), 0.0095360 secs] [Times: user=0.05 sys=0.00, real=0.01 secs] 
1294.882: [GC
Desired survivor size 3670016 bytes, new threshold 1 (max 15)
 [PSYoungGen: 813408K->1024K(815616K)] 1815941K->1003589K(1839616K), 0.0097790 secs] [Times: user=0.05 sys=0.00, real=0.01 secs] 
1295.138: [GC
Desired survivor size 3670016 bytes, new threshold 1 (max 15)
 [PSYoungGen: 813056K->2816K(815616K)] 1815621K->1005397K(1839616K), 0.0104260 secs] [Times: user=0.05 sys=0.00, real=0.01 secs] 
1295.400: [GC
Desired survivor size 3670016 bytes, new threshold 1 (max 15)
 [PSYoungGen: 814848K->1472K(815616K)] 1817429K->1004069K(1839616K), 0.0097670 secs] [Times: user=0.05 sys=0.00, real=0.01 secs] 
1295.669: [GC
Desired survivor size 3670016 bytes, new threshold 1 (max 15)
 [PSYoungGen: 813504K->2720K(815616K)] 1816101K->1005341K(1839616K), 0.0200980 secs] [Times: user=0.08 sys=0.00, real=0.02 secs] 
1295.946: [GC
Desired survivor size 3670016 bytes, new threshold 1 (max 15)
 [PSYoungGen: 814752K->832K(815616K)] 1817373K->1003477K(1839616K), 0.0090730 secs] [Times: user=0.05 sys=0.00, real=0.01 secs] 
1296.215: [GC
Desired survivor size 3670016 bytes, new threshold 1 (max 15)
 [PSYoungGen: 812864K->1440K(815616K)] 1815509K->1004109K(1839616K), 0.0093820 secs] [Times: user=0.06 sys=0.00, real=0.01 secs] 
1296.475: [GC
Desired survivor size 3670016 bytes, new threshold 1 (max 15)
 [PSYoungGen: 813472K->1888K(815616K)] 1816141K->1004581K(1839616K), 0.0097000 secs] [Times: user=0.06 sys=0.00, real=0.01 secs] 
1296.743: [GC
Desired survivor size 3670016 bytes, new threshold 1 (max 15)
 [PSYoungGen: 813920K->1888K(815616K)] 1816613K->1004605K(1839616K), 0.0093890 secs] [Times: user=0.05 sys=0.00, real=0.01 secs] 
1297.001: [GC
Desired survivor size 3670016 bytes, new threshold 1 (max 15)
 [PSYoungGen: 813920K->2016K(815616K)] 1816637K->1004765K(1839616K), 0.0095720 secs] [Times: user=0.05 sys=0.00, real=0.01 secs] 
1297.267: [GC
Desired survivor size 3670016 bytes, new threshold 1 (max 15)
 [PSYoungGen: 814048K->2240K(815616K)] 1816797K->1005629K(1839616K), 0.0101400 secs] [Times: user=0.05 sys=0.00, real=0.01 secs] 
1297.532: [GC
Desired survivor size 3670016 bytes, new threshold 1 (max 15)
 [PSYoungGen: 814272K->1664K(815616K)] 1817661K->1006229K(1839616K), 0.0098610 secs] [Times: user=0.06 sys=0.00, real=0.01 secs] 
1297.805: [GC
Desired survivor size 3145728 bytes, new threshold 1 (max 15)
 [PSYoungGen: 813696K->1664K(815616K)] 1818261K->1006429K(1839616K), 0.0096560 secs] [Times: user=0.06 sys=0.00, real=0.01 secs] 
1298.065: [GC
Desired survivor size 3145728 bytes, new threshold 1 (max 15)
 [PSYoungGen: 813696K->1760K(816128K)] 1818461K->1006541K(1840128K), 0.0096730 secs] [Times: user=0.06 sys=0.00, real=0.01 secs] 
1298.334: [GC
Desired survivor size 3145728 bytes, new threshold 1 (max 15)
 [PSYoungGen: 814816K->608K(816128K)] 1819597K->1005421K(1840128K), 0.0091270 secs] [Times: user=0.06 sys=0.00, real=0.01 secs] 
1298.601: [GC
Desired survivor size 3145728 bytes, new threshold 1 (max 15)
 [PSYoungGen: 813664K->864K(816128K)] 1818477K->1005701K(1840128K), 0.0091060 secs] [Times: user=0.05 sys=0.01, real=0.01 secs] 
1298.871: [GC
Desired survivor size 3670016 bytes, new threshold 1 (max 15)
 [PSYoungGen: 813920K->3040K(816128K)] 1818757K->1007893K(1840128K), 0.0103920 secs] [Times: user=0.06 sys=0.00, real=0.01 secs] 
1299.147: [GC
Desired survivor size 3670016 bytes, new threshold 1 (max 15)
 [PSYoungGen: 816096K->1376K(815104K)] 1820949K->1006269K(1839104K), 0.0097670 secs] [Times: user=0.05 sys=0.00, real=0.01 secs] 
1299.410: [GC
Desired survivor size 3670016 bytes, new threshold 1 (max 15)
 [PSYoungGen: 813408K->2624K(815616K)] 1818301K->1007549K(1839616K), 0.0099230 secs] [Times: user=0.06 sys=0.00, real=0.01 secs] 
1299.680: [GC
Desired survivor size 3670016 bytes, new threshold 1 (max 15)
 [PSYoungGen: 814656K->1376K(815616K)] 1819581K->1006333K(1839616K), 0.0146680 secs] [Times: user=0.07 sys=0.00, real=0.01 secs] 
1299.953: [GC
Desired survivor size 3670016 bytes, new threshold 1 (max 15)
 [PSYoungGen: 813408K->1824K(815616K)] 1818365K->1006797K(1839616K), 0.0096480 secs] [Times: user=0.06 sys=0.00, real=0.01 secs] 
1300.219: [GC
Desired survivor size 3670016 bytes, new threshold 1 (max 15)
 [PSYoungGen: 813856K->1472K(815616K)] 1818829K->1006461K(1839616K), 0.0094520 secs] [Times: user=0.05 sys=0.00, real=0.01 secs] 
1300.484: [GC
Desired survivor size 3670016 bytes, new threshold 1 (max 15)
 [PSYoungGen: 813504K->2272K(815616K)] 1818493K->1007285K(1839616K), 0.0093810 secs] [Times: user=0.06 sys=0.00, real=0.01 secs] 
1300.752: [GC
Desired survivor size 3145728 bytes, new threshold 1 (max 15)
 [PSYoungGen: 814304K->1792K(816128K)] 1819317K->1006829K(1840128K), 0.0093370 secs] [Times: user=0.05 sys=0.00, real=0.01 secs] 
1301.020: [GC
Desired survivor size 3670016 bytes, new threshold 1 (max 15)
 [PSYoungGen: 814336K->832K(815616K)] 1819373K->1005909K(1839616K), 0.0090280 secs] [Times: user=0.04 sys=0.00, real=0.00 secs] 
1301.288: [GC
Desired survivor size 3145728 bytes, new threshold 1 (max 15)
 [PSYoungGen: 813376K->1248K(816128K)] 1818453K->1006341K(1840128K), 0.0093570 secs] [Times: user=0.04 sys=0.00, real=0.01 secs] 
1301.553: [GC
Desired survivor size 3145728 bytes, new threshold 1 (max 15)
 [PSYoungGen: 813792K->864K(815616K)] 1818885K->1005989K(1839616K), 0.0091440 secs] [Times: user=0.04 sys=0.00, real=0.01 secs] 
1301.829: [GC
Desired survivor size 3145728 bytes, new threshold 1 (max 15)
 [PSYoungGen: 813408K->1312K(816128K)] 1818533K->1006461K(1840128K), 0.0098110 secs] [Times: user=0.06 sys=0.00, real=0.01 secs] 
1302.091: [GC
Desired survivor size 3145728 bytes, new threshold 1 (max 15)
 [PSYoungGen: 814368K->1504K(816128K)] 1819517K->1006677K(1840128K), 0.0097540 secs] [Times: user=0.05 sys=0.00, real=0.01 secs] 
1302.354: [GC
Desired survivor size 3145728 bytes, new threshold 1 (max 15)
 [PSYoungGen: 814560K->1056K(816128K)] 1819733K->1006253K(1840128K), 0.0089660 secs] [Times: user=0.06 sys=0.00, real=0.01 secs] 
1302.617: [GC
Desired survivor size 3145728 bytes, new threshold 1 (max 15)
 [PSYoungGen: 814112K->1504K(816128K)] 1819309K->1006741K(1840128K), 0.0090410 secs] [Times: user=0.05 sys=0.00, real=0.01 secs] 
1302.886: [GC
Desired survivor size 3145728 bytes, new threshold 1 (max 15)
 [PSYoungGen: 814560K->2784K(816128K)] 1819797K->1008045K(1840128K), 0.0101460 secs] [Times: user=0.05 sys=0.00, real=0.01 secs] 
1303.142: [GC
Desired survivor size 3670016 bytes, new threshold 1 (max 15)
 [PSYoungGen: 815840K->3072K(816128K)] 1821101K->1008461K(1840128K), 0.0102050 secs] [Times: user=0.05 sys=0.00, real=0.01 secs] 
1303.416: [GC
Desired survivor size 3670016 bytes, new threshold 1 (max 15)
 [PSYoungGen: 816128K->1216K(815104K)] 1821517K->1006661K(1839104K), 0.0096770 secs] [Times: user=0.05 sys=0.00, real=0.01 secs] 
1303.702: [GC
Desired survivor size 4194304 bytes, new threshold 1 (max 15)
 [PSYoungGen: 813248K->3488K(815616K)] 1818693K->1008949K(1839616K), 0.0126740 secs] [Times: user=0.07 sys=0.00, real=0.01 secs] 
1303.964: [GC
Desired survivor size 4194304 bytes, new threshold 1 (max 15)
 [PSYoungGen: 815520K->1600K(814592K)] 1820981K->1007101K(1838592K), 0.0093290 secs] [Times: user=0.06 sys=0.00, real=0.01 secs] 
1304.234: [GC
Desired survivor size 3670016 bytes, new threshold 1 (max 15)
 [PSYoungGen: 812608K->1856K(815104K)] 1818109K->1007373K(1839104K), 0.0093930 secs] [Times: user=0.06 sys=0.00, real=0.01 secs] 
1304.507: [GC
Desired survivor size 3670016 bytes, new threshold 1 (max 15)
 [PSYoungGen: 812864K->1504K(815616K)] 1818381K->1007069K(1839616K), 0.0098040 secs] [Times: user=0.05 sys=0.00, real=0.01 secs] 
1304.790: [GC
Desired survivor size 3670016 bytes, new threshold 1 (max 15)
 [PSYoungGen: 813536K->1056K(815616K)] 1819101K->1006669K(1839616K), 0.0097260 secs] [Times: user=0.06 sys=0.00, real=0.01 secs] 
1305.119: [GC
Desired survivor size 3670016 bytes, new threshold 1 (max 15)
 [PSYoungGen: 813088K->448K(815616K)] 1818701K->1006093K(1839616K), 0.0094310 secs] [Times: user=0.05 sys=0.00, real=0.01 secs] 
1305.490: [GC
Desired survivor size 4194304 bytes, new threshold 1 (max 15)
 [PSYoungGen: 812480K->2624K(815104K)] 1818125K->1008285K(1839104K), 0.0301150 secs] [Times: user=0.06 sys=0.00, real=0.03 secs] 
1305.785: [GC
Desired survivor size 3670016 bytes, new threshold 1 (max 15)
 [PSYoungGen: 814656K->1984K(815616K)] 1820317K->1007909K(1839616K), 0.0097260 secs] [Times: user=0.05 sys=0.00, real=0.01 secs] 
1306.057: [GC
Desired survivor size 3670016 bytes, new threshold 1 (max 15)
 [PSYoungGen: 813504K->1664K(815104K)] 1819429K->1007677K(1839104K), 0.0099800 secs] [Times: user=0.06 sys=0.00, real=0.01 secs] 
1306.384: [GC
Desired survivor size 3670016 bytes, new threshold 1 (max 15)
 [PSYoungGen: 813184K->1408K(815616K)] 1819197K->1007445K(1839616K), 0.0385370 secs] [Times: user=0.07 sys=0.00, real=0.04 secs] 
1306.698: [GC
Desired survivor size 3670016 bytes, new threshold 1 (max 15)
 [PSYoungGen: 813440K->1344K(815616K)] 1819477K->1007429K(1839616K), 0.0097820 secs] [Times: user=0.06 sys=0.00, real=0.01 secs] 
1306.962: [GC
Desired survivor size 3145728 bytes, new threshold 1 (max 15)
 [PSYoungGen: 813376K->1440K(816128K)] 1819461K->1007565K(1840128K), 0.0094370 secs] [Times: user=0.06 sys=0.00, real=0.01 secs] 
1307.228: [GC
Desired survivor size 3670016 bytes, new threshold 1 (max 15)
 [PSYoungGen: 813984K->2592K(815616K)] 1820109K->1008757K(1839616K), 0.0102380 secs] [Times: user=0.06 sys=0.00, real=0.01 secs] 
1307.492: [GC
Desired survivor size 3670016 bytes, new threshold 1 (max 15)
 [PSYoungGen: 815136K->1696K(815616K)] 1821301K->1007893K(1839616K), 0.0103160 secs] [Times: user=0.05 sys=0.00, real=0.01 secs] 
1307.770: [GC
Desired survivor size 4194304 bytes, new threshold 1 (max 15)
 [PSYoungGen: 813728K->3392K(815616K)] 1819925K->1009789K(1839616K), 0.0102950 secs] [Times: user=0.06 sys=0.00, real=0.01 secs] 
1308.034: [GC
Desired survivor size 3670016 bytes, new threshold 1 (max 15)
 [PSYoungGen: 815424K->2080K(815616K)] 1821821K->1009237K(1839616K), 0.0099100 secs] [Times: user=0.05 sys=0.00, real=0.01 secs] 
1308.304: [GC
Desired survivor size 3670016 bytes, new threshold 1 (max 15)
 [PSYoungGen: 814112K->2208K(815616K)] 1821269K->1009389K(1839616K), 0.0098690 secs] [Times: user=0.06 sys=0.00, real=0.01 secs] 
1308.559: [GC
Desired survivor size 3670016 bytes, new threshold 1 (max 15)
 [PSYoungGen: 814240K->1728K(815616K)] 1821421K->1008933K(1839616K), 0.0099580 secs] [Times: user=0.06 sys=0.00, real=0.01 secs] 
1308.831: [GC
Desired survivor size 3670016 bytes, new threshold 1 (max 15)
 [PSYoungGen: 813760K->1792K(815616K)] 1820965K->1009021K(1839616K), 0.0099220 secs] [Times: user=0.06 sys=0.00, real=0.01 secs] 
1309.094: [GC
Desired survivor size 3670016 bytes, new threshold 1 (max 15)
 [PSYoungGen: 813824K->1504K(815616K)] 1821053K->1008757K(1839616K), 0.0092220 secs] [Times: user=0.05 sys=0.00, real=0.01 secs] 
1309.357: [GC
Desired survivor size 3670016 bytes, new threshold 1 (max 15)
 [PSYoungGen: 813536K->1184K(815616K)] 1820789K->1008477K(1839616K), 0.0089970 secs] [Times: user=0.05 sys=0.00, real=0.01 secs] 
1309.618: [GC
Desired survivor size 3670016 bytes, new threshold 1 (max 15)
 [PSYoungGen: 813216K->896K(815616K)] 1820509K->1008229K(1839616K), 0.0089710 secs] [Times: user=0.06 sys=0.00, real=0.01 secs] 
1309.898: [GC
Desired survivor size 3145728 bytes, new threshold 1 (max 15)
 [PSYoungGen: 812928K->1600K(815616K)] 1820261K->1008981K(1839616K), 0.0095590 secs] [Times: user=0.06 sys=0.00, real=0.01 secs] 
1310.163: [GC
Desired survivor size 3145728 bytes, new threshold 1 (max 15)
 [PSYoungGen: 813632K->1824K(816128K)] 1821013K->1009229K(1840128K), 0.0096400 secs] [Times: user=0.06 sys=0.00, real=0.01 secs] 
1310.426: [GC
Desired survivor size 3145728 bytes, new threshold 1 (max 15)
 [PSYoungGen: 814880K->1152K(816128K)] 1822285K->1008597K(1840128K), 0.0092010 secs] [Times: user=0.06 sys=0.00, real=0.01 secs] 
1310.703: [GC
Desired survivor size 3145728 bytes, new threshold 1 (max 15)
 [PSYoungGen: 814208K->1824K(816128K)] 1821653K->1009293K(1840128K), 0.0099380 secs] [Times: user=0.06 sys=0.00, real=0.01 secs] 
1310.961: [GC
Desired survivor size 3670016 bytes, new threshold 1 (max 15)
 [PSYoungGen: 814880K->2624K(816128K)] 1822349K->1010125K(1840128K), 0.0112360 secs] [Times: user=0.05 sys=0.00, real=0.01 secs] 
1311.231: [GC
Desired survivor size 3145728 bytes, new threshold 1 (max 15)
 [PSYoungGen: 815680K->1120K(816128K)] 1823181K->1008653K(1840128K), 0.0095280 secs] [Times: user=0.06 sys=0.00, real=0.01 secs] 
1311.490: [GC
Desired survivor size 3670016 bytes, new threshold 1 (max 15)
 [PSYoungGen: 814176K->2144K(815616K)] 1821709K->1009709K(1839616K), 0.0101750 secs] [Times: user=0.05 sys=0.00, real=0.01 secs] 
1311.761: [GC
Desired survivor size 3670016 bytes, new threshold 1 (max 15)
 [PSYoungGen: 815200K->3008K(815616K)] 1822765K->1010597K(1839616K), 0.0104200 secs] [Times: user=0.06 sys=0.00, real=0.01 secs] 
1312.063: [GC
Desired survivor size 3670016 bytes, new threshold 1 (max 15)
 [PSYoungGen: 815040K->1824K(815616K)] 1822629K->1009453K(1839616K), 0.0098910 secs] [Times: user=0.06 sys=0.00, real=0.01 secs] 
1312.334: [GC
Desired survivor size 3670016 bytes, new threshold 1 (max 15)
 [PSYoungGen: 813856K->2720K(815616K)] 1821485K->1010365K(1839616K), 0.0102250 secs] [Times: user=0.07 sys=0.00, real=0.01 secs] 
1312.605: [GC
Desired survivor size 3670016 bytes, new threshold 1 (max 15)
 [PSYoungGen: 814752K->768K(815616K)] 1822397K->1008429K(1839616K), 0.0096420 secs] [Times: user=0.05 sys=0.00, real=0.01 secs] 
1312.890: [GC
Desired survivor size 3670016 bytes, new threshold 1 (max 15)
 [PSYoungGen: 812800K->1152K(815616K)] 1820461K->1008837K(1839616K), 0.0097060 secs] [Times: user=0.06 sys=0.00, real=0.01 secs] 
1313.156: [GC
Desired survivor size 4194304 bytes, new threshold 1 (max 15)
 [PSYoungGen: 813184K->3232K(815616K)] 1820869K->1010933K(1839616K), 0.0118920 secs] [Times: user=0.06 sys=0.01, real=0.01 secs] 
1313.430: [GC
Desired survivor size 4194304 bytes, new threshold 1 (max 15)
 [PSYoungGen: 815264K->1184K(814592K)] 1822965K->1008901K(1838592K), 0.0093140 secs] [Times: user=0.06 sys=0.00, real=0.01 secs] 
1313.698: [GC
Desired survivor size 4194304 bytes, new threshold 1 (max 15)
 [PSYoungGen: 812192K->1600K(815104K)] 1819909K->1009341K(1839104K), 0.0100200 secs] [Times: user=0.05 sys=0.01, real=0.01 secs] 
1313.958: [GC
Desired survivor size 4194304 bytes, new threshold 1 (max 15)
 [PSYoungGen: 812608K->3488K(815104K)] 1820349K->1012037K(1839104K), 0.0109150 secs] [Times: user=0.07 sys=0.00, real=0.01 secs] 
1314.225: [GC
Desired survivor size 4718592 bytes, new threshold 1 (max 15)
 [PSYoungGen: 814496K->3456K(814592K)] 1823045K->1012941K(1838592K), 0.0103130 secs] [Times: user=0.05 sys=0.01, real=0.01 secs] 
1314.486: [GC
Desired survivor size 4718592 bytes, new threshold 1 (max 15)
 [PSYoungGen: 814464K->576K(814592K)] 1823949K->1010253K(1838592K), 0.0090080 secs] [Times: user=0.05 sys=0.00, real=0.01 secs] 
1314.757: [GC
Desired survivor size 4718592 bytes, new threshold 1 (max 15)
 [PSYoungGen: 810560K->1088K(814592K)] 1820237K->1010805K(1838592K), 0.0087770 secs] [Times: user=0.05 sys=0.00, real=0.01 secs] 
1315.016: [GC
Desired survivor size 4718592 bytes, new threshold 1 (max 15)
 [PSYoungGen: 811072K->1504K(814592K)] 1820789K->1011237K(1838592K), 0.0095030 secs] [Times: user=0.05 sys=0.00, real=0.01 secs] 
1315.283: [GC
Desired survivor size 4718592 bytes, new threshold 1 (max 15)
 [PSYoungGen: 811488K->2336K(814592K)] 1821221K->1012093K(1838592K), 0.0101880 secs] [Times: user=0.05 sys=0.00, real=0.01 secs] 
1315.541: [GC
Desired survivor size 4718592 bytes, new threshold 1 (max 15)
 [PSYoungGen: 812320K->2688K(814592K)] 1822077K->1012461K(1838592K), 0.0100640 secs] [Times: user=0.05 sys=0.00, real=0.01 secs] 
1315.815: [GC
Desired survivor size 4718592 bytes, new threshold 1 (max 15)
 [PSYoungGen: 812672K->896K(814592K)] 1822445K->1010701K(1838592K), 0.0094960 secs] [Times: user=0.05 sys=0.00, real=0.01 secs] 
1316.077: [GC
Desired survivor size 4194304 bytes, new threshold 1 (max 15)
 [PSYoungGen: 810880K->992K(815104K)] 1820685K->1010821K(1839104K), 0.0099820 secs] [Times: user=0.06 sys=0.00, real=0.01 secs] 
1316.339: [GC
Desired survivor size 4718592 bytes, new threshold 1 (max 15)
 [PSYoungGen: 811488K->2880K(814592K)] 1821317K->1012725K(1838592K), 0.0097120 secs] [Times: user=0.06 sys=0.00, real=0.01 secs] 
1316.603: [GC
Desired survivor size 4194304 bytes, new threshold 1 (max 15)
 [PSYoungGen: 813376K->1408K(815104K)] 1823221K->1011269K(1839104K), 0.0092600 secs] [Times: user=0.06 sys=0.01, real=0.01 secs] 
1316.880: [GC
Desired survivor size 4194304 bytes, new threshold 1 (max 15)
 [PSYoungGen: 811904K->672K(814592K)] 1821765K->1010557K(1838592K), 0.0087610 secs] [Times: user=0.04 sys=0.00, real=0.01 secs] 
1317.148: [GC
Desired survivor size 4194304 bytes, new threshold 1 (max 15)
 [PSYoungGen: 811168K->1248K(815104K)] 1821053K->1011157K(1839104K), 0.0099050 secs] [Times: user=0.06 sys=0.00, real=0.01 secs] 
1317.408: [GC
Desired survivor size 4194304 bytes, new threshold 1 (max 15)
 [PSYoungGen: 812256K->2016K(815104K)] 1822165K->1011941K(1839104K), 0.0095830 secs] [Times: user=0.06 sys=0.00, real=0.01 secs] 
1317.693: [GC
Desired survivor size 4194304 bytes, new threshold 1 (max 15)
 [PSYoungGen: 813024K->1184K(815104K)] 1822949K->1011133K(1839104K), 0.0104850 secs] [Times: user=0.06 sys=0.00, real=0.01 secs] 
1317.958: [GC
Desired survivor size 4194304 bytes, new threshold 1 (max 15)
 [PSYoungGen: 812192K->2208K(815104K)] 1822141K->1012205K(1839104K), 0.0097660 secs] [Times: user=0.06 sys=0.01, real=0.01 secs] 
1318.229: [GC
Desired survivor size 3670016 bytes, new threshold 1 (max 15)
 [PSYoungGen: 813216K->1280K(815616K)] 1823213K->1011317K(1839616K), 0.0096310 secs] [Times: user=0.05 sys=0.00, real=0.01 secs] 
1318.488: [GC
Desired survivor size 3670016 bytes, new threshold 1 (max 15)
 [PSYoungGen: 812800K->1568K(815104K)] 1822837K->1011621K(1839104K), 0.0093000 secs] [Times: user=0.05 sys=0.00, real=0.01 secs] 
1318.763: [GC
Desired survivor size 3670016 bytes, new threshold 1 (max 15)
 [PSYoungGen: 813088K->1920K(815616K)] 1823141K->1012005K(1839616K), 0.0100970 secs] [Times: user=0.06 sys=0.01, real=0.01 secs] 
1319.028: [GC
Desired survivor size 3670016 bytes, new threshold 1 (max 15)
 [PSYoungGen: 813952K->1408K(815616K)] 1824037K->1011517K(1839616K), 0.0096450 secs] [Times: user=0.05 sys=0.01, real=0.01 secs] 
1319.292: [GC
Desired survivor size 3670016 bytes, new threshold 1 (max 15)
 [PSYoungGen: 813440K->2784K(815616K)] 1823549K->1012909K(1839616K), 0.0100040 secs] [Times: user=0.06 sys=0.00, real=0.01 secs] 
1319.552: [GC
Desired survivor size 3670016 bytes, new threshold 1 (max 15)
 [PSYoungGen: 814816K->1728K(815616K)] 1824941K->1011885K(1839616K), 0.0096150 secs] [Times: user=0.06 sys=0.00, real=0.01 secs] 
1319.821: [GC
Desired survivor size 3670016 bytes, new threshold 1 (max 15)
 [PSYoungGen: 813760K->1504K(815616K)] 1823917K->1011717K(1839616K), 0.0098710 secs] [Times: user=0.05 sys=0.00, real=0.01 secs] 
1320.085: [GC
Desired survivor size 3670016 bytes, new threshold 1 (max 15)
 [PSYoungGen: 813536K->896K(815616K)] 1823749K->1011141K(1839616K), 0.0095010 secs] [Times: user=0.06 sys=0.00, real=0.01 secs] 
1320.350: [GC
Desired survivor size 3670016 bytes, new threshold 1 (max 15)
 [PSYoungGen: 812928K->800K(815616K)] 1823173K->1011069K(1839616K), 0.0093220 secs] [Times: user=0.05 sys=0.00, real=0.01 secs] 
1320.610: [GC
Desired survivor size 3670016 bytes, new threshold 1 (max 15)
 [PSYoungGen: 812832K->1728K(815616K)] 1823101K->1012029K(1839616K), 0.0096470 secs] [Times: user=0.05 sys=0.00, real=0.01 secs] 
1320.879: [GC
Desired survivor size 3670016 bytes, new threshold 1 (max 15)
 [PSYoungGen: 813760K->3008K(815616K)] 1824061K->1013333K(1839616K), 0.0105530 secs] [Times: user=0.06 sys=0.00, real=0.01 secs] 
1321.144: [GC
Desired survivor size 3670016 bytes, new threshold 1 (max 15)
 [PSYoungGen: 815040K->512K(815616K)] 1825365K->1010861K(1839616K), 0.0089980 secs] [Times: user=0.05 sys=0.01, real=0.00 secs] 
1321.411: [GC
Desired survivor size 3670016 bytes, new threshold 1 (max 15)
 [PSYoungGen: 812544K->1280K(815616K)] 1822893K->1011653K(1839616K), 0.0091470 secs] [Times: user=0.05 sys=0.00, real=0.01 secs] 
1321.671: [GC
Desired survivor size 4194304 bytes, new threshold 1 (max 15)
 [PSYoungGen: 813312K->3584K(815616K)] 1823685K->1013981K(1839616K), 0.0212490 secs] [Times: user=0.08 sys=0.01, real=0.02 secs] 
1321.944: [GC
Desired survivor size 4718592 bytes, new threshold 1 (max 15)
 [PSYoungGen: 815616K->3584K(813568K)] 1826013K->1014029K(1837568K), 0.0105090 secs] [Times: user=0.06 sys=0.00, real=0.01 secs] 
1322.206: [GC
Desired survivor size 4718592 bytes, new threshold 1 (max 15)
 [PSYoungGen: 813568K->1088K(814592K)] 1824013K->1011581K(1838592K), 0.0092420 secs] [Times: user=0.06 sys=0.00, real=0.01 secs] 
1322.469: [GC
Desired survivor size 4718592 bytes, new threshold 1 (max 15)
 [PSYoungGen: 811072K->1120K(814592K)] 1821565K->1011637K(1838592K), 0.0091240 secs] [Times: user=0.06 sys=0.01, real=0.01 secs] 
1322.741: [GC
Desired survivor size 4194304 bytes, new threshold 1 (max 15)
 [PSYoungGen: 811104K->1184K(814592K)] 1821621K->1011733K(1838592K), 0.0092270 secs] [Times: user=0.06 sys=0.00, real=0.01 secs] 
1322.999: [GC
Desired survivor size 4194304 bytes, new threshold 1 (max 15)
 [PSYoungGen: 811168K->416K(815104K)] 1821717K->1011005K(1839104K), 0.0089320 secs] [Times: user=0.05 sys=0.00, real=0.01 secs] 
1323.260: [GC
Desired survivor size 4194304 bytes, new threshold 1 (max 15)
 [PSYoungGen: 811424K->2400K(815104K)] 1822013K->1013013K(1839104K), 0.0098030 secs] [Times: user=0.05 sys=0.00, real=0.01 secs] 
1323.522: [GC
Desired survivor size 4194304 bytes, new threshold 1 (max 15)
 [PSYoungGen: 813408K->1184K(815104K)] 1824021K->1011813K(1839104K), 0.0097020 secs] [Times: user=0.05 sys=0.01, real=0.01 secs] 
1323.789: [GC
Desired survivor size 4194304 bytes, new threshold 1 (max 15)
 [PSYoungGen: 812192K->1216K(815104K)] 1822821K->1011877K(1839104K), 0.0091520 secs] [Times: user=0.06 sys=0.00, real=0.01 secs] 
1324.048: [GC
Desired survivor size 4194304 bytes, new threshold 1 (max 15)
 [PSYoungGen: 812224K->1856K(815104K)] 1822885K->1012549K(1839104K), 0.0092080 secs] [Times: user=0.06 sys=0.00, real=0.01 secs] 
1324.314: [GC
Desired survivor size 4194304 bytes, new threshold 1 (max 15)
 [PSYoungGen: 812864K->2752K(815104K)] 1823557K->1013477K(1839104K), 0.0100670 secs] [Times: user=0.06 sys=0.00, real=0.01 secs] 
1324.573: [GC
Desired survivor size 4194304 bytes, new threshold 1 (max 15)
 [PSYoungGen: 813760K->2464K(815104K)] 1824485K->1013221K(1839104K), 0.0110730 secs] [Times: user=0.07 sys=0.00, real=0.02 secs] 
1324.850: [GC
Desired survivor size 4194304 bytes, new threshold 1 (max 15)
 [PSYoungGen: 813472K->2304K(815104K)] 1824229K->1013101K(1839104K), 0.0093600 secs] [Times: user=0.05 sys=0.01, real=0.01 secs] 
1325.120: [GC
Desired survivor size 4194304 bytes, new threshold 1 (max 15)
 [PSYoungGen: 813312K->1216K(815104K)] 1824109K->1012029K(1839104K), 0.0092580 secs] [Times: user=0.04 sys=0.00, real=0.01 secs] 
1325.381: [GC
Desired survivor size 4194304 bytes, new threshold 1 (max 15)
 [PSYoungGen: 812224K->2720K(815104K)] 1823037K->1013565K(1839104K), 0.0107680 secs] [Times: user=0.06 sys=0.00, real=0.01 secs] 
1325.640: [GC
Desired survivor size 4194304 bytes, new threshold 1 (max 15)
 [PSYoungGen: 813728K->1312K(815104K)] 1824573K->1012173K(1839104K), 0.0094090 secs] [Times: user=0.05 sys=0.00, real=0.01 secs] 
1325.916: [GC
Desired survivor size 4194304 bytes, new threshold 1 (max 15)
 [PSYoungGen: 812320K->1664K(815104K)] 1823181K->1012549K(1839104K), 0.0096620 secs] [Times: user=0.05 sys=0.00, real=0.01 secs] 
1326.173: [GC
Desired survivor size 4194304 bytes, new threshold 1 (max 15)
 [PSYoungGen: 812672K->1024K(815104K)] 1823557K->1011925K(1839104K), 0.0097580 secs] [Times: user=0.06 sys=0.00, real=0.01 secs] 
1326.434: [GC
Desired survivor size 3670016 bytes, new threshold 1 (max 15)
 [PSYoungGen: 812032K->1280K(815104K)] 1822933K->1012205K(1839104K), 0.0091580 secs] [Times: user=0.05 sys=0.00, real=0.01 secs] 
1326.709: [GC
Desired survivor size 3670016 bytes, new threshold 1 (max 15)
 [PSYoungGen: 812288K->2304K(815616K)] 1823213K->1013253K(1839616K), 0.0093740 secs] [Times: user=0.05 sys=0.00, real=0.01 secs] 
1326.966: [GC
Desired survivor size 3670016 bytes, new threshold 1 (max 15)
 [PSYoungGen: 814336K->2048K(815616K)] 1825285K->1013021K(1839616K), 0.0092760 secs] [Times: user=0.06 sys=0.00, real=0.01 secs] 
1327.232: [GC
Desired survivor size 4194304 bytes, new threshold 1 (max 15)
 [PSYoungGen: 814080K->3424K(814592K)] 1825053K->1014677K(1838592K), 0.0110150 secs] [Times: user=0.06 sys=0.00, real=0.01 secs] 
1327.499: [GC
Desired survivor size 4194304 bytes, new threshold 1 (max 15)
 [PSYoungGen: 814432K->1216K(815104K)] 1825685K->1013133K(1839104K), 0.0095110 secs] [Times: user=0.06 sys=0.00, real=0.01 secs] 
1327.773: [GC
Desired survivor size 4194304 bytes, new threshold 1 (max 15)
 [PSYoungGen: 812224K->2752K(815104K)] 1824141K->1014853K(1839104K), 0.0102110 secs] [Times: user=0.06 sys=0.00, real=0.01 secs] 
1328.046: [GC
Desired survivor size 4194304 bytes, new threshold 1 (max 15)
 [PSYoungGen: 813760K->1536K(815104K)] 1825861K->1013661K(1839104K), 0.0094300 secs] [Times: user=0.05 sys=0.00, real=0.01 secs] 
1328.308: [GC
Desired survivor size 4194304 bytes, new threshold 1 (max 15)
 [PSYoungGen: 812544K->1184K(815104K)] 1824669K->1013349K(1839104K), 0.0096690 secs] [Times: user=0.04 sys=0.01, real=0.01 secs] 
1328.566: [GC
Desired survivor size 4194304 bytes, new threshold 1 (max 15)
 [PSYoungGen: 812192K->1600K(815104K)] 1824357K->1013789K(1839104K), 0.0094310 secs] [Times: user=0.05 sys=0.00, real=0.01 secs] 
1328.846: [GC
Desired survivor size 3670016 bytes, new threshold 1 (max 15)
 [PSYoungGen: 812608K->1344K(815616K)] 1824797K->1013549K(1839616K), 0.0095800 secs] [Times: user=0.05 sys=0.00, real=0.01 secs] 
1329.110: [GC
Desired survivor size 3670016 bytes, new threshold 1 (max 15)
 [PSYoungGen: 812864K->1664K(815104K)] 1825069K->1013885K(1839104K), 0.0095230 secs] [Times: user=0.05 sys=0.00, real=0.01 secs] 
1329.378: [GC
Desired survivor size 3670016 bytes, new threshold 1 (max 15)
 [PSYoungGen: 813184K->1280K(815616K)] 1825405K->1013541K(1839616K), 0.0091100 secs] [Times: user=0.05 sys=0.00, real=0.01 secs] 
1329.636: [GC
Desired survivor size 3670016 bytes, new threshold 1 (max 15)
 [PSYoungGen: 813312K->672K(815616K)] 1825573K->1012965K(1839616K), 0.0091790 secs] [Times: user=0.05 sys=0.00, real=0.01 secs] 
1329.904: [GC
Desired survivor size 3670016 bytes, new threshold 1 (max 15)
 [PSYoungGen: 812704K->1504K(815616K)] 1824997K->1013821K(1839616K), 0.0094070 secs] [Times: user=0.06 sys=0.00, real=0.01 secs] 
1330.175: [GC
Desired survivor size 3670016 bytes, new threshold 1 (max 15)
 [PSYoungGen: 813536K->576K(815616K)] 1825853K->1012925K(1839616K), 0.0091920 secs] [Times: user=0.04 sys=0.00, real=0.01 secs] 
1330.436: [GC
Desired survivor size 3145728 bytes, new threshold 1 (max 15)
 [PSYoungGen: 812608K->1376K(816128K)] 1824957K->1013741K(1840128K), 0.0095460 secs] [Times: user=0.05 sys=0.00, real=0.01 secs] 
1330.719: [GC
Desired survivor size 3145728 bytes, new threshold 1 (max 15)
 [PSYoungGen: 813920K->1824K(815616K)] 1826285K->1014213K(1839616K), 0.0096400 secs] [Times: user=0.05 sys=0.00, real=0.01 secs] 
1330.982: [GC
Desired survivor size 3145728 bytes, new threshold 1 (max 15)
 [PSYoungGen: 814368K->320K(816128K)] 1826757K->1012741K(1840128K), 0.0086190 secs] [Times: user=0.05 sys=0.00, real=0.01 secs] 
1331.247: [GC
Desired survivor size 3145728 bytes, new threshold 1 (max 15)
 [PSYoungGen: 813376K->1376K(816128K)] 1825797K->1013821K(1840128K), 0.0098170 secs] [Times: user=0.05 sys=0.00, real=0.01 secs] 
1331.505: [GC
Desired survivor size 3145728 bytes, new threshold 1 (max 15)
 [PSYoungGen: 814432K->1184K(816128K)] 1826877K->1013645K(1840128K), 0.0092260 secs] [Times: user=0.05 sys=0.01, real=0.00 secs] 
1331.774: [GC
Desired survivor size 4194304 bytes, new threshold 1 (max 15)
 [PSYoungGen: 814240K->3072K(816128K)] 1826701K->1016741K(1840128K), 0.0109410 secs] [Times: user=0.07 sys=0.00, real=0.01 secs] 
1332.071: [GC
Desired survivor size 4194304 bytes, new threshold 1 (max 15)
 [PSYoungGen: 816128K->2464K(814080K)] 1829797K->1016381K(1838080K), 0.0111990 secs] [Times: user=0.06 sys=0.00, real=0.01 secs] 
1332.340: [GC
Desired survivor size 4194304 bytes, new threshold 1 (max 15)
 [PSYoungGen: 813472K->2112K(815104K)] 1827389K->1016061K(1839104K), 0.0098200 secs] [Times: user=0.06 sys=0.00, real=0.01 secs] 
1332.609: [GC
Desired survivor size 4718592 bytes, new threshold 1 (max 15)
 [PSYoungGen: 813120K->3456K(814080K)] 1827069K->1017413K(1838080K), 0.0101830 secs] [Times: user=0.06 sys=0.00, real=0.01 secs] 
1332.908: [GC
Desired survivor size 4194304 bytes, new threshold 1 (max 15)
 [PSYoungGen: 813440K->1408K(814592K)] 1827397K->1015389K(1838592K), 0.0095460 secs] [Times: user=0.06 sys=0.00, real=0.01 secs] 
1333.174: [GC
Desired survivor size 4194304 bytes, new threshold 1 (max 15)
 [PSYoungGen: 811392K->768K(815104K)] 1825373K->1014765K(1839104K), 0.0088220 secs] [Times: user=0.04 sys=0.00, real=0.01 secs] 
1333.434: [GC
Desired survivor size 4194304 bytes, new threshold 1 (max 15)
 [PSYoungGen: 811776K->768K(815104K)] 1825773K->1014789K(1839104K), 0.0092400 secs] [Times: user=0.05 sys=0.01, real=0.01 secs] 
1333.708: [GC
Desired survivor size 4194304 bytes, new threshold 1 (max 15)
 [PSYoungGen: 811776K->2400K(815104K)] 1825797K->1016453K(1839104K), 0.0099940 secs] [Times: user=0.05 sys=0.00, real=0.01 secs] 
1333.975: [GC
Desired survivor size 4194304 bytes, new threshold 1 (max 15)
 [PSYoungGen: 813408K->1632K(815104K)] 1827461K->1015725K(1839104K), 0.0093430 secs] [Times: user=0.05 sys=0.00, real=0.01 secs] 
1334.236: [GC
Desired survivor size 4194304 bytes, new threshold 1 (max 15)
 [PSYoungGen: 812640K->1152K(815104K)] 1826733K->1015277K(1839104K), 0.0090980 secs] [Times: user=0.05 sys=0.00, real=0.00 secs] 
1334.513: [GC
Desired survivor size 4194304 bytes, new threshold 1 (max 15)
 [PSYoungGen: 812160K->864K(815104K)] 1826285K->1015021K(1839104K), 0.0093070 secs] [Times: user=0.05 sys=0.00, real=0.01 secs] 
1334.782: [GC
Desired survivor size 3670016 bytes, new threshold 1 (max 15)
 [PSYoungGen: 811872K->1344K(815616K)] 1826029K->1015533K(1839616K), 0.0094420 secs] [Times: user=0.06 sys=0.00, real=0.01 secs] 
1335.050: [GC
Desired survivor size 3670016 bytes, new threshold 1 (max 15)
 [PSYoungGen: 812864K->1024K(815104K)] 1827053K->1015261K(1839104K), 0.0092490 secs] [Times: user=0.05 sys=0.00, real=0.01 secs] 
1335.318: [GC
Desired survivor size 3670016 bytes, new threshold 1 (max 15)
 [PSYoungGen: 812544K->1056K(815616K)] 1826781K->1015317K(1839616K), 0.0091700 secs] [Times: user=0.04 sys=0.00, real=0.01 secs] 
1335.583: [GC
Desired survivor size 3670016 bytes, new threshold 1 (max 15)
 [PSYoungGen: 813088K->1568K(815616K)] 1827349K->1015869K(1839616K), 0.0092400 secs] [Times: user=0.05 sys=0.00, real=0.01 secs] 
1335.855: [GC
Desired survivor size 3145728 bytes, new threshold 1 (max 15)
 [PSYoungGen: 813600K->1600K(816128K)] 1827901K->1015925K(1840128K), 0.0094800 secs] [Times: user=0.05 sys=0.00, real=0.01 secs] 
1336.118: [GC
Desired survivor size 3145728 bytes, new threshold 1 (max 15)
 [PSYoungGen: 814144K->1312K(815616K)] 1828469K->1015677K(1839616K), 0.0092470 secs] [Times: user=0.05 sys=0.00, real=0.01 secs] 
1336.383: [GC
Desired survivor size 4194304 bytes, new threshold 1 (max 15)
 [PSYoungGen: 813856K->3072K(814080K)] 1828221K->1019237K(1838080K), 0.0110720 secs] [Times: user=0.06 sys=0.00, real=0.01 secs] 
1336.647: [GC
Desired survivor size 4194304 bytes, new threshold 1 (max 15)
 [PSYoungGen: 814080K->1216K(815104K)] 1830245K->1017469K(1839104K), 0.0097740 secs] [Times: user=0.06 sys=0.00, real=0.01 secs] 
1336.928: [GC
Desired survivor size 4194304 bytes, new threshold 1 (max 15)
 [PSYoungGen: 812224K->1824K(815104K)] 1828477K->1018565K(1839104K), 0.0100160 secs] [Times: user=0.06 sys=0.00, real=0.01 secs] 
1337.196: [GC
Desired survivor size 4194304 bytes, new threshold 1 (max 15)
 [PSYoungGen: 812832K->3232K(815104K)] 1829573K->1019997K(1839104K), 0.0143880 secs] [Times: user=0.09 sys=0.00, real=0.01 secs] 
1337.464: [GC
Desired survivor size 4194304 bytes, new threshold 1 (max 15)
 [PSYoungGen: 814240K->2528K(815104K)] 1831005K->1019317K(1839104K), 0.0094620 secs] [Times: user=0.06 sys=0.00, real=0.01 secs] 
1337.742: [GC
Desired survivor size 4194304 bytes, new threshold 1 (max 15)
 [PSYoungGen: 813536K->2464K(815104K)] 1830325K->1019285K(1839104K), 0.0097310 secs] [Times: user=0.05 sys=0.00, real=0.01 secs] 
1338.003: [GC
Desired survivor size 4194304 bytes, new threshold 1 (max 15)
 [PSYoungGen: 813472K->1440K(815104K)] 1830293K->1018293K(1839104K), 0.0093610 secs] [Times: user=0.05 sys=0.00, real=0.01 secs] 
1338.262: [GC
Desired survivor size 4194304 bytes, new threshold 1 (max 15)
 [PSYoungGen: 812448K->1568K(815104K)] 1829301K->1018445K(1839104K), 0.0098200 secs] [Times: user=0.05 sys=0.00, real=0.01 secs] 
1338.528: [GC
Desired survivor size 4194304 bytes, new threshold 1 (max 15)
 [PSYoungGen: 812576K->2176K(815104K)] 1829453K->1019077K(1839104K), 0.0096740 secs] [Times: user=0.06 sys=0.00, real=0.01 secs] 
1338.802: [GC
Desired survivor size 4194304 bytes, new threshold 1 (max 15)
 [PSYoungGen: 813184K->3200K(815104K)] 1830085K->1020133K(1839104K), 0.0097770 secs] [Times: user=0.06 sys=0.00, real=0.01 secs] 
1339.067: [GC
Desired survivor size 4194304 bytes, new threshold 1 (max 15)
 [PSYoungGen: 814208K->544K(815104K)] 1831141K->1017509K(1839104K), 0.0090240 secs] [Times: user=0.05 sys=0.00, real=0.00 secs] 
1339.337: [GC
Desired survivor size 4194304 bytes, new threshold 1 (max 15)
 [PSYoungGen: 811552K->1152K(815104K)] 1828517K->1018149K(1839104K), 0.0094970 secs] [Times: user=0.05 sys=0.00, real=0.01 secs] 
1339.602: [GC
Desired survivor size 4194304 bytes, new threshold 1 (max 15)
 [PSYoungGen: 812160K->1728K(815104K)] 1829157K->1018749K(1839104K), 0.0092690 secs] [Times: user=0.06 sys=0.00, real=0.01 secs] 
1339.879: [GC
Desired survivor size 4194304 bytes, new threshold 1 (max 15)
 [PSYoungGen: 812736K->1312K(815104K)] 1829757K->1018365K(1839104K), 0.0096460 secs] [Times: user=0.05 sys=0.00, real=0.01 secs] 
1340.147: [GC
Desired survivor size 3670016 bytes, new threshold 1 (max 15)
 [PSYoungGen: 812320K->1248K(815616K)] 1829373K->1018325K(1839616K), 0.0093900 secs] [Times: user=0.05 sys=0.00, real=0.01 secs] 
1340.412: [GC
Desired survivor size 3670016 bytes, new threshold 1 (max 15)
 [PSYoungGen: 812768K->1824K(815104K)] 1829845K->1018933K(1839104K), 0.0101700 secs] [Times: user=0.06 sys=0.00, real=0.01 secs] 
1340.684: [GC
Desired survivor size 4194304 bytes, new threshold 1 (max 15)
 [PSYoungGen: 813344K->2720K(814592K)] 1830453K->1019861K(1838592K), 0.0160020 secs] [Times: user=0.07 sys=0.00, real=0.02 secs] 
1340.947: [GC
Desired survivor size 4194304 bytes, new threshold 1 (max 15)
 [PSYoungGen: 813728K->3456K(815104K)] 1830869K->1020829K(1839104K), 0.0104750 secs] [Times: user=0.06 sys=0.00, real=0.01 secs] 
1341.209: [GC
Desired survivor size 4194304 bytes, new threshold 1 (max 15)
 [PSYoungGen: 814464K->1536K(815104K)] 1831837K->1019573K(1839104K), 0.0094500 secs] [Times: user=0.05 sys=0.00, real=0.01 secs] 
1341.471: [GC
Desired survivor size 4194304 bytes, new threshold 1 (max 15)
 [PSYoungGen: 812544K->768K(815104K)] 1830581K->1018973K(1839104K), 0.0094500 secs] [Times: user=0.05 sys=0.00, real=0.01 secs] 
1341.751: [GC
Desired survivor size 4194304 bytes, new threshold 1 (max 15)
 [PSYoungGen: 811776K->2464K(815104K)] 1829981K->1020701K(1839104K), 0.0100440 secs] [Times: user=0.07 sys=0.00, real=0.01 secs] 
1342.014: [GC
Desired survivor size 4194304 bytes, new threshold 1 (max 15)
 [PSYoungGen: 813472K->2464K(815104K)] 1831709K->1020733K(1839104K), 0.0099690 secs] [Times: user=0.06 sys=0.00, real=0.01 secs] 
1342.284: [GC
Desired survivor size 4194304 bytes, new threshold 1 (max 15)
 [PSYoungGen: 813472K->1600K(815104K)] 1831741K->1019893K(1839104K), 0.0098650 secs] [Times: user=0.06 sys=0.00, real=0.01 secs] 
1342.614: [GC
Desired survivor size 4194304 bytes, new threshold 1 (max 15)
 [PSYoungGen: 812608K->3040K(815104K)] 1830901K->1021373K(1839104K), 0.0127420 secs] [Times: user=0.07 sys=0.00, real=0.02 secs] 
1342.899: [GC
Desired survivor size 4194304 bytes, new threshold 1 (max 15)
 [PSYoungGen: 814048K->2016K(815104K)] 1832381K->1020389K(1839104K), 0.0101490 secs] [Times: user=0.05 sys=0.00, real=0.01 secs] 
1343.162: [GC
Desired survivor size 4194304 bytes, new threshold 1 (max 15)
 [PSYoungGen: 813024K->1504K(815104K)] 1831397K->1019933K(1839104K), 0.0097600 secs] [Times: user=0.05 sys=0.00, real=0.01 secs] 
1343.431: [GC
Desired survivor size 4194304 bytes, new threshold 1 (max 15)
 [PSYoungGen: 812512K->1888K(815104K)] 1830941K->1020333K(1839104K), 0.0097480 secs] [Times: user=0.06 sys=0.00, real=0.01 secs] 
1343.715: [GC
Desired survivor size 4194304 bytes, new threshold 1 (max 15)
 [PSYoungGen: 812896K->3424K(815104K)] 1831341K->1021909K(1839104K), 0.0366550 secs] [Times: user=0.07 sys=0.00, real=0.04 secs] 
1344.064: [GC
Desired survivor size 4194304 bytes, new threshold 1 (max 15)
 [PSYoungGen: 814432K->1632K(815104K)] 1832917K->1020133K(1839104K), 0.0097140 secs] [Times: user=0.06 sys=0.00, real=0.01 secs] 
1344.339: [GC
Desired survivor size 4194304 bytes, new threshold 1 (max 15)
 [PSYoungGen: 812640K->896K(815104K)] 1831141K->1019413K(1839104K), 0.0092280 secs] [Times: user=0.05 sys=0.00, real=0.01 secs] 
1344.604: [GC
Desired survivor size 4194304 bytes, new threshold 1 (max 15)
 [PSYoungGen: 811904K->960K(815104K)] 1830421K->1019493K(1839104K), 0.0095330 secs] [Times: user=0.06 sys=0.00, real=0.01 secs] 
1344.881: [GC
Desired survivor size 4194304 bytes, new threshold 1 (max 15)
 [PSYoungGen: 811968K->800K(815104K)] 1830501K->1019357K(1839104K), 0.0091630 secs] [Times: user=0.05 sys=0.00, real=0.01 secs] 
1345.139: [GC
Desired survivor size 4194304 bytes, new threshold 1 (max 15)
 [PSYoungGen: 811808K->1088K(815104K)] 1830365K->1019677K(1839104K), 0.0091500 secs] [Times: user=0.05 sys=0.00, real=0.01 secs] 
1345.407: [GC
Desired survivor size 4194304 bytes, new threshold 1 (max 15)
 [PSYoungGen: 812096K->256K(815104K)] 1830685K->1018853K(1839104K), 0.0091650 secs] [Times: user=0.05 sys=0.00, real=0.00 secs] 
1345.680: [GC
Desired survivor size 4194304 bytes, new threshold 1 (max 15)
 [PSYoungGen: 811264K->1216K(815104K)] 1829861K->1019821K(1839104K), 0.0148240 secs] [Times: user=0.05 sys=0.00, real=0.01 secs] 
1345.943: [GC
Desired survivor size 3670016 bytes, new threshold 1 (max 15)
 [PSYoungGen: 812224K->1152K(815104K)] 1830829K->1019781K(1839104K), 0.0095860 secs] [Times: user=0.06 sys=0.00, real=0.01 secs] 
1346.209: [GC
Desired survivor size 3670016 bytes, new threshold 1 (max 15)
 [PSYoungGen: 812160K->1504K(815616K)] 1830789K->1020165K(1839616K), 0.0096950 secs] [Times: user=0.05 sys=0.00, real=0.01 secs] 
1346.465: [GC
Desired survivor size 3670016 bytes, new threshold 1 (max 15)
 [PSYoungGen: 813536K->1760K(815616K)] 1832197K->1020445K(1839616K), 0.0096600 secs] [Times: user=0.05 sys=0.00, real=0.01 secs] 
1346.736: [GC
Desired survivor size 3670016 bytes, new threshold 1 (max 15)
 [PSYoungGen: 813792K->1888K(815616K)] 1832477K->1020605K(1839616K), 0.0098570 secs] [Times: user=0.06 sys=0.00, real=0.01 secs] 
1347.008: [GC
Desired survivor size 3670016 bytes, new threshold 1 (max 15)
 [PSYoungGen: 813920K->1824K(815616K)] 1832637K->1020557K(1839616K), 0.0094910 secs] [Times: user=0.04 sys=0.00, real=0.01 secs] 
1347.271: [GC
Desired survivor size 3670016 bytes, new threshold 1 (max 15)
 [PSYoungGen: 813856K->2144K(815616K)] 1832589K->1021269K(1839616K), 0.0099630 secs] [Times: user=0.06 sys=0.00, real=0.01 secs] 
1347.535: [GC
Desired survivor size 3670016 bytes, new threshold 1 (max 15)
 [PSYoungGen: 814176K->2720K(815616K)] 1833301K->1022861K(1839616K), 0.0103870 secs] [Times: user=0.06 sys=0.00, real=0.01 secs] 
1347.807: [GC
Desired survivor size 3670016 bytes, new threshold 1 (max 15)
 [PSYoungGen: 814752K->1632K(815616K)] 1834893K->1022005K(1839616K), 0.0096410 secs] [Times: user=0.05 sys=0.00, real=0.00 secs] 
1348.071: [GC
Desired survivor size 3670016 bytes, new threshold 1 (max 15)
 [PSYoungGen: 813664K->1760K(815616K)] 1834037K->1022149K(1839616K), 0.0120460 secs] [Times: user=0.06 sys=0.00, real=0.01 secs] 
1348.346: [GC
Desired survivor size 3145728 bytes, new threshold 1 (max 15)
 [PSYoungGen: 813792K->1632K(816128K)] 1834181K->1022069K(1840128K), 0.0093020 secs] [Times: user=0.05 sys=0.00, real=0.01 secs] 
1348.601: [GC
Desired survivor size 3145728 bytes, new threshold 1 (max 15)
 [PSYoungGen: 814176K->1280K(815616K)] 1834613K->1021765K(1839616K), 0.0096350 secs] [Times: user=0.04 sys=0.00, real=0.01 secs] 
1348.875: [GC
Desired survivor size 3145728 bytes, new threshold 1 (max 15)
 [PSYoungGen: 813824K->1280K(816128K)] 1834309K->1021789K(1840128K), 0.0093660 secs] [Times: user=0.05 sys=0.00, real=0.01 secs] 
1349.135: [GC
Desired survivor size 3145728 bytes, new threshold 1 (max 15)
 [PSYoungGen: 814336K->576K(816128K)] 1834845K->1021117K(1840128K), 0.0093350 secs] [Times: user=0.05 sys=0.00, real=0.01 secs] 
1349.401: [GC
Desired survivor size 3145728 bytes, new threshold 1 (max 15)
 [PSYoungGen: 813632K->1312K(816128K)] 1834173K->1021877K(1840128K), 0.0091660 secs] [Times: user=0.05 sys=0.00, real=0.01 secs] 
1349.663: [GC
Desired survivor size 3145728 bytes, new threshold 1 (max 15)
 [PSYoungGen: 814368K->1632K(816128K)] 1834933K->1022229K(1840128K), 0.0099350 secs] [Times: user=0.06 sys=0.00, real=0.01 secs] 
1349.941: [GC
Desired survivor size 3145728 bytes, new threshold 1 (max 15)
 [PSYoungGen: 814688K->480K(816128K)] 1835285K->1021117K(1840128K), 0.0089830 secs] [Times: user=0.06 sys=0.00, real=0.01 secs] 
1350.209: [GC
Desired survivor size 3145728 bytes, new threshold 1 (max 15)
 [PSYoungGen: 813536K->992K(816128K)] 1834173K->1021653K(1840128K), 0.0095370 secs] [Times: user=0.05 sys=0.00, real=0.01 secs] 
1350.475: [GC
Desired survivor size 3145728 bytes, new threshold 1 (max 15)
 [PSYoungGen: 814048K->1536K(816128K)] 1834709K->1022237K(1840128K), 0.0096230 secs] [Times: user=0.05 sys=0.00, real=0.01 secs] 
1350.747: [GC
Desired survivor size 3670016 bytes, new threshold 1 (max 15)
 [PSYoungGen: 814592K->2944K(816128K)] 1835293K->1023661K(1840128K), 0.0103250 secs] [Times: user=0.06 sys=0.00, real=0.01 secs] 
1351.228: [GC
Desired survivor size 3145728 bytes, new threshold 1 (max 15)
 [PSYoungGen: 816000K->1024K(816128K)] 1836717K->1021773K(1840128K), 0.0095400 secs] [Times: user=0.06 sys=0.01, real=0.01 secs] 
1351.487: [GC
Desired survivor size 3670016 bytes, new threshold 1 (max 15)
 [PSYoungGen: 814080K->2112K(815616K)] 1834829K->1022877K(1839616K), 0.0097360 secs] [Times: user=0.06 sys=0.00, real=0.01 secs] 
1351.758: [GC
Desired survivor size 3670016 bytes, new threshold 1 (max 15)
 [PSYoungGen: 815168K->2048K(815616K)] 1835933K->1022853K(1839616K), 0.0099020 secs] [Times: user=0.07 sys=0.00, real=0.01 secs] 
1352.058: [GC
Desired survivor size 3670016 bytes, new threshold 1 (max 15)
 [PSYoungGen: 814080K->1024K(815616K)] 1834885K->1021861K(1839616K), 0.0091250 secs] [Times: user=0.05 sys=0.00, real=0.01 secs] 
1352.321: [GC
Desired survivor size 3670016 bytes, new threshold 1 (max 15)
 [PSYoungGen: 813056K->2208K(815616K)] 1833893K->1023069K(1839616K), 0.0098160 secs] [Times: user=0.05 sys=0.00, real=0.01 secs] 
1352.591: [GC
Desired survivor size 3670016 bytes, new threshold 1 (max 15)
 [PSYoungGen: 814240K->2592K(815616K)] 1835101K->1023477K(1839616K), 0.0104640 secs] [Times: user=0.06 sys=0.00, real=0.01 secs] 
1352.862: [GC
Desired survivor size 3670016 bytes, new threshold 1 (max 15)
 [PSYoungGen: 814624K->1344K(815616K)] 1835509K->1022269K(1839616K), 0.0093250 secs] [Times: user=0.05 sys=0.00, real=0.01 secs] 
1353.126: [GC
Desired survivor size 3670016 bytes, new threshold 1 (max 15)
 [PSYoungGen: 813376K->1536K(815616K)] 1834301K->1022477K(1839616K), 0.0096400 secs] [Times: user=0.05 sys=0.00, real=0.01 secs] 
1353.392: [GC
Desired survivor size 3670016 bytes, new threshold 1 (max 15)
 [PSYoungGen: 813568K->1184K(815616K)] 1834509K->1022165K(1839616K), 0.0092920 secs] [Times: user=0.05 sys=0.00, real=0.01 secs] 
1353.659: [GC
Desired survivor size 3670016 bytes, new threshold 1 (max 15)
 [PSYoungGen: 813216K->2016K(815616K)] 1834197K->1023021K(1839616K), 0.0099910 secs] [Times: user=0.06 sys=0.00, real=0.01 secs] 
1353.933: [GC
Desired survivor size 3145728 bytes, new threshold 1 (max 15)
 [PSYoungGen: 814048K->1152K(816128K)] 1835053K->1022189K(1840128K), 0.0094830 secs] [Times: user=0.05 sys=0.00, real=0.01 secs] 
1354.203: [GC
Desired survivor size 3145728 bytes, new threshold 1 (max 15)
 [PSYoungGen: 813696K->992K(815616K)] 1834733K->1022053K(1839616K), 0.0092030 secs] [Times: user=0.05 sys=0.00, real=0.01 secs] 
1354.467: [GC
Desired survivor size 3145728 bytes, new threshold 1 (max 15)
 [PSYoungGen: 813536K->1760K(816128K)] 1834597K->1022853K(1840128K), 0.0094510 secs] [Times: user=0.05 sys=0.00, real=0.01 secs] 
1354.734: [GC
Desired survivor size 3670016 bytes, new threshold 1 (max 15)
 [PSYoungGen: 814816K->3008K(816128K)] 1835909K->1024157K(1840128K), 0.0119480 secs] [Times: user=0.05 sys=0.00, real=0.01 secs] 
1355.002: [GC
Desired survivor size 3670016 bytes, new threshold 1 (max 15)
 [PSYoungGen: 816064K->1056K(815104K)] 1837213K->1022229K(1839104K), 0.0096900 secs] [Times: user=0.06 sys=0.00, real=0.01 secs] 
1355.270: [GC
Desired survivor size 3670016 bytes, new threshold 1 (max 15)
 [PSYoungGen: 813088K->1920K(815616K)] 1834261K->1023117K(1839616K), 0.0099260 secs] [Times: user=0.05 sys=0.00, real=0.01 secs] 
1355.524: [GC
Desired survivor size 3145728 bytes, new threshold 1 (max 15)
 [PSYoungGen: 813952K->1696K(816128K)] 1835149K->1022917K(1840128K), 0.0094250 secs] [Times: user=0.05 sys=0.00, real=0.01 secs] 
1355.799: [GC
Desired survivor size 3145728 bytes, new threshold 1 (max 15)
 [PSYoungGen: 814240K->1984K(815616K)] 1835461K->1023221K(1839616K), 0.0097490 secs] [Times: user=0.06 sys=0.00, real=0.01 secs] 
1356.059: [GC
Desired survivor size 3670016 bytes, new threshold 1 (max 15)
 [PSYoungGen: 814528K->2528K(815104K)] 1835765K->1023805K(1839104K), 0.0095530 secs] [Times: user=0.05 sys=0.00, real=0.01 secs] 
1356.320: [GC
Desired survivor size 3670016 bytes, new threshold 1 (max 15)
 [PSYoungGen: 814560K->1056K(815616K)] 1835837K->1022365K(1839616K), 0.0095330 secs] [Times: user=0.06 sys=0.00, real=0.01 secs] 
1356.590: [GC
Desired survivor size 3670016 bytes, new threshold 1 (max 15)
 [PSYoungGen: 813088K->1920K(815616K)] 1834397K->1023253K(1839616K), 0.0094890 secs] [Times: user=0.05 sys=0.00, real=0.01 secs] 
1356.857: [GC
Desired survivor size 3145728 bytes, new threshold 1 (max 15)
 [PSYoungGen: 813952K->1440K(815616K)] 1835285K->1022797K(1839616K), 0.0098310 secs] [Times: user=0.05 sys=0.00, real=0.01 secs] 
1357.127: [GC
Desired survivor size 3145728 bytes, new threshold 1 (max 15)
 [PSYoungGen: 813472K->1120K(816128K)] 1834829K->1022493K(1840128K), 0.0090450 secs] [Times: user=0.05 sys=0.00, real=0.01 secs] 
1357.392: [GC
Desired survivor size 3145728 bytes, new threshold 1 (max 15)
 [PSYoungGen: 814176K->2208K(816128K)] 1835549K->1023629K(1840128K), 0.0105280 secs] [Times: user=0.06 sys=0.00, real=0.01 secs] 
1357.655: [GC
Desired survivor size 3145728 bytes, new threshold 1 (max 15)
 [PSYoungGen: 815264K->1888K(816128K)] 1836685K->1023341K(1840128K), 0.0100450 secs] [Times: user=0.04 sys=0.00, real=0.01 secs] 
1357.929: [GC
Desired survivor size 3145728 bytes, new threshold 1 (max 15)
 [PSYoungGen: 814944K->1664K(816128K)] 1836397K->1023157K(1840128K), 0.0097860 secs] [Times: user=0.05 sys=0.00, real=0.01 secs] 
1358.196: [GC
Desired survivor size 3145728 bytes, new threshold 1 (max 15)
 [PSYoungGen: 814720K->2112K(816128K)] 1836213K->1023629K(1840128K), 0.0111850 secs] [Times: user=0.05 sys=0.00, real=0.01 secs] 
1358.454: [GC
Desired survivor size 3145728 bytes, new threshold 1 (max 15)
 [PSYoungGen: 815168K->2400K(816128K)] 1836685K->1023933K(1840128K), 0.0104240 secs] [Times: user=0.06 sys=0.01, real=0.01 secs] 
1358.730: [GC
Desired survivor size 3145728 bytes, new threshold 1 (max 15)
 [PSYoungGen: 815456K->1824K(816128K)] 1836989K->1023389K(1840128K), 0.0099800 secs] [Times: user=0.05 sys=0.01, real=0.01 secs] 
1358.991: [GC
Desired survivor size 3145728 bytes, new threshold 1 (max 15)
 [PSYoungGen: 814880K->576K(816128K)] 1836445K->1022181K(1840128K), 0.0092620 secs] [Times: user=0.05 sys=0.00, real=0.01 secs] 
1359.258: [GC
Desired survivor size 3145728 bytes, new threshold 1 (max 15)
 [PSYoungGen: 813632K->1600K(816128K)] 1835237K->1023229K(1840128K), 0.0096650 secs] [Times: user=0.06 sys=0.00, real=0.01 secs] 
1359.525: [GC
Desired survivor size 3145728 bytes, new threshold 1 (max 15)
 [PSYoungGen: 814656K->1088K(816128K)] 1836285K->1022733K(1840128K), 0.0094120 secs] [Times: user=0.05 sys=0.00, real=0.01 secs] 
1359.800: [GC
Desired survivor size 3145728 bytes, new threshold 1 (max 15)
 [PSYoungGen: 814144K->1280K(816128K)] 1835789K->1022965K(1840128K), 0.0093770 secs] [Times: user=0.06 sys=0.00, real=0.01 secs] 
1360.061: [GC
Desired survivor size 3670016 bytes, new threshold 1 (max 15)
 [PSYoungGen: 814336K->3072K(816128K)] 1836021K->1025045K(1840128K), 0.0104580 secs] [Times: user=0.06 sys=0.00, real=0.01 secs] 
1360.334: [GC
Desired survivor size 3670016 bytes, new threshold 1 (max 15)
 [PSYoungGen: 816128K->1120K(815104K)] 1838101K->1023173K(1839104K), 0.0092690 secs] [Times: user=0.06 sys=0.00, real=0.01 secs] 
1360.598: [GC
Desired survivor size 3670016 bytes, new threshold 1 (max 15)
 [PSYoungGen: 813152K->2368K(815616K)] 1835205K->1024453K(1839616K), 0.0099280 secs] [Times: user=0.06 sys=0.00, real=0.01 secs] 
1360.873: [GC
Desired survivor size 3670016 bytes, new threshold 1 (max 15)
 [PSYoungGen: 814400K->1344K(815616K)] 1836485K->1023477K(1839616K), 0.0091430 secs] [Times: user=0.05 sys=0.00, real=0.01 secs] 
1361.142: [GC
Desired survivor size 3670016 bytes, new threshold 1 (max 15)
 [PSYoungGen: 813376K->1440K(815616K)] 1835509K->1023589K(1839616K), 0.0096910 secs] [Times: user=0.04 sys=0.00, real=0.01 secs] 
1361.406: [GC
Desired survivor size 3670016 bytes, new threshold 1 (max 15)
 [PSYoungGen: 813472K->896K(815616K)] 1835621K->1023061K(1839616K), 0.0088350 secs] [Times: user=0.05 sys=0.00, real=0.01 secs] 
1361.670: [GC
Desired survivor size 3670016 bytes, new threshold 1 (max 15)
 [PSYoungGen: 812928K->992K(815616K)] 1835093K->1023181K(1839616K), 0.0146250 secs] [Times: user=0.08 sys=0.00, real=0.01 secs] 
1361.944: [GC
Desired survivor size 3670016 bytes, new threshold 1 (max 15)
 [PSYoungGen: 813024K->928K(815616K)] 1835213K->1023141K(1839616K), 0.0093280 secs] [Times: user=0.05 sys=0.00, real=0.01 secs] 
1362.213: [GC
Desired survivor size 3145728 bytes, new threshold 1 (max 15)
 [PSYoungGen: 812960K->800K(815616K)] 1835173K->1023029K(1839616K), 0.0093910 secs] [Times: user=0.05 sys=0.00, real=0.01 secs] 
1362.477: [GC
Desired survivor size 3145728 bytes, new threshold 1 (max 15)
 [PSYoungGen: 812832K->1632K(816128K)] 1835061K->1023885K(1840128K), 0.0096650 secs] [Times: user=0.06 sys=0.00, real=0.01 secs] 
1362.747: [GC
Desired survivor size 3145728 bytes, new threshold 1 (max 15)
 [PSYoungGen: 814688K->1472K(816128K)] 1836941K->1023765K(1840128K), 0.0098050 secs] [Times: user=0.06 sys=0.00, real=0.01 secs] 
1363.009: [GC
Desired survivor size 3145728 bytes, new threshold 1 (max 15)
 [PSYoungGen: 814528K->1952K(816128K)] 1836821K->1024285K(1840128K), 0.0100080 secs] [Times: user=0.07 sys=0.00, real=0.01 secs] 
1363.269: [GC
Desired survivor size 3670016 bytes, new threshold 1 (max 15)
 [PSYoungGen: 815008K->2656K(816128K)] 1837341K->1025005K(1840128K), 0.0099370 secs] [Times: user=0.06 sys=0.00, real=0.01 secs] 
1363.527: [GC
Desired survivor size 3670016 bytes, new threshold 1 (max 15)
 [PSYoungGen: 815712K->2432K(815104K)] 1838061K->1025293K(1839104K), 0.0104060 secs] [Times: user=0.06 sys=0.00, real=0.01 secs] 
1363.807: [GC
Desired survivor size 3670016 bytes, new threshold 1 (max 15)
 [PSYoungGen: 814464K->672K(815616K)] 1837325K->1024373K(1839616K), 0.0099930 secs] [Times: user=0.05 sys=0.00, real=0.01 secs] 
1363.817: [Full GC [PSYoungGen: 672K->0K(815616K)] [ParOldGen: 1023701K->976854K(1024000K)] 1024373K->976854K(1839616K) [PSPermGen: 48219K->48216K(524288K)], 1.2498500 secs] [Times: user=9.04 sys=0.00, real=1.25 secs] 
1365.327: [GC
Desired survivor size 3670016 bytes, new threshold 1 (max 15)
 [PSYoungGen: 812032K->2144K(815616K)] 1788886K->978998K(1839616K), 0.0099230 secs] [Times: user=0.06 sys=0.00, real=0.01 secs] 
1365.594: [GC
Desired survivor size 3670016 bytes, new threshold 1 (max 15)
 [PSYoungGen: 814176K->704K(815616K)] 1791030K->978470K(1839616K), 0.0096220 secs] [Times: user=0.04 sys=0.00, real=0.01 secs] 
1365.870: [GC
Desired survivor size 3670016 bytes, new threshold 1 (max 15)
 [PSYoungGen: 812736K->864K(815616K)] 1790502K->978670K(1839616K), 0.0089740 secs] [Times: user=0.05 sys=0.00, real=0.00 secs] 
1366.130: [GC
Desired survivor size 3670016 bytes, new threshold 1 (max 15)
 [PSYoungGen: 812896K->1440K(815616K)] 1790702K->979286K(1839616K), 0.0094610 secs] [Times: user=0.06 sys=0.00, real=0.01 secs] 
1366.391: [GC
Desired survivor size 3145728 bytes, new threshold 1 (max 15)
 [PSYoungGen: 813472K->1440K(816128K)] 1791318K->979318K(1840128K), 0.0094630 secs] [Times: user=0.05 sys=0.00, real=0.01 secs] 
1366.659: [GC
Desired survivor size 3145728 bytes, new threshold 1 (max 15)
 [PSYoungGen: 813984K->1376K(815616K)] 1791862K->979302K(1839616K), 0.0095310 secs] [Times: user=0.06 sys=0.01, real=0.01 secs] 
1366.939: [GC
Desired survivor size 3145728 bytes, new threshold 1 (max 15)
 [PSYoungGen: 813920K->2432K(816128K)] 1791846K->980398K(1840128K), 0.0091670 secs] [Times: user=0.06 sys=0.00, real=0.01 secs] 
1367.207: [GC
Desired survivor size 3670016 bytes, new threshold 1 (max 15)
 [PSYoungGen: 815488K->2048K(815104K)] 1793454K->981254K(1839104K), 0.0097540 secs] [Times: user=0.06 sys=0.00, real=0.01 secs] 
1367.469: [GC
Desired survivor size 3670016 bytes, new threshold 1 (max 15)
 [PSYoungGen: 815104K->2080K(815616K)] 1794310K->981974K(1839616K), 0.0101780 secs] [Times: user=0.06 sys=0.00, real=0.01 secs] 
1367.747: [GC
Desired survivor size 3670016 bytes, new threshold 1 (max 15)
 [PSYoungGen: 814112K->2688K(815616K)] 1794006K->983326K(1839616K), 0.0103470 secs] [Times: user=0.07 sys=0.00, real=0.01 secs] 
1368.002: [GC
Desired survivor size 3670016 bytes, new threshold 1 (max 15)
 [PSYoungGen: 814720K->1120K(815616K)] 1795358K->982262K(1839616K), 0.0090390 secs] [Times: user=0.04 sys=0.00, real=0.01 secs] 
1368.266: [GC
Desired survivor size 3670016 bytes, new threshold 1 (max 15)
 [PSYoungGen: 813152K->1056K(815616K)] 1794294K->982222K(1839616K), 0.0089100 secs] [Times: user=0.04 sys=0.00, real=0.01 secs] 
1368.528: [GC
Desired survivor size 4194304 bytes, new threshold 1 (max 15)
 [PSYoungGen: 813088K->3584K(814592K)] 1794254K->984782K(1838592K), 0.0103690 secs] [Times: user=0.07 sys=0.00, real=0.01 secs] 
1368.798: [GC
Desired survivor size 4194304 bytes, new threshold 1 (max 15)
 [PSYoungGen: 814592K->2432K(815104K)] 1795790K->983654K(1839104K), 0.0096180 secs] [Times: user=0.05 sys=0.00, real=0.01 secs] 
1369.063: [GC
Desired survivor size 4194304 bytes, new threshold 1 (max 15)
 [PSYoungGen: 813440K->1792K(815104K)] 1794662K->983038K(1839104K), 0.0093750 secs] [Times: user=0.05 sys=0.00, real=0.01 secs] 
1369.335: [GC
Desired survivor size 4194304 bytes, new threshold 1 (max 15)
 [PSYoungGen: 812800K->832K(815104K)] 1794046K->982102K(1839104K), 0.0092710 secs] [Times: user=0.05 sys=0.01, real=0.01 secs] 
1369.603: [GC
Desired survivor size 3670016 bytes, new threshold 1 (max 15)
 [PSYoungGen: 811840K->1696K(815616K)] 1793110K->982990K(1839616K), 0.0094730 secs] [Times: user=0.05 sys=0.01, real=0.01 secs] 
1369.871: [GC
Desired survivor size 3670016 bytes, new threshold 1 (max 15)
 [PSYoungGen: 813216K->1888K(815104K)] 1794510K->983214K(1839104K), 0.0098640 secs] [Times: user=0.05 sys=0.00, real=0.01 secs] 
1370.134: [GC
Desired survivor size 3670016 bytes, new threshold 1 (max 15)
 [PSYoungGen: 813408K->2048K(815616K)] 1794734K->983414K(1839616K), 0.0095970 secs] [Times: user=0.05 sys=0.00, real=0.01 secs] 
1370.397: [GC
Desired survivor size 3670016 bytes, new threshold 1 (max 15)
 [PSYoungGen: 814080K->1056K(815616K)] 1795446K->982446K(1839616K), 0.0093050 secs] [Times: user=0.05 sys=0.00, real=0.01 secs] 
1370.658: [GC
Desired survivor size 4718592 bytes, new threshold 1 (max 15)
 [PSYoungGen: 813088K->3584K(813568K)] 1794478K->985902K(1837568K), 0.0107290 secs] [Times: user=0.06 sys=0.01, real=0.01 secs] 
1370.932: [GC
Desired survivor size 4194304 bytes, new threshold 1 (max 15)
 [PSYoungGen: 813568K->1248K(814592K)] 1795886K->983742K(1838592K), 0.0096060 secs] [Times: user=0.05 sys=0.00, real=0.01 secs] 
1371.201: [GC
Desired survivor size 4194304 bytes, new threshold 1 (max 15)
 [PSYoungGen: 811232K->1216K(815104K)] 1793726K->983726K(1839104K), 0.0095790 secs] [Times: user=0.05 sys=0.00, real=0.01 secs] 
1371.461: [GC
Desired survivor size 4194304 bytes, new threshold 1 (max 15)
 [PSYoungGen: 812224K->2240K(815104K)] 1794734K->984790K(1839104K), 0.0093850 secs] [Times: user=0.06 sys=0.00, real=0.01 secs] 
1371.729: [GC
Desired survivor size 4194304 bytes, new threshold 1 (max 15)
 [PSYoungGen: 813248K->1696K(815104K)] 1795798K->984270K(1839104K), 0.0094300 secs] [Times: user=0.05 sys=0.00, real=0.01 secs] 
1372.030: [GC
Desired survivor size 4194304 bytes, new threshold 1 (max 15)
 [PSYoungGen: 812704K->2688K(815104K)] 1795278K->985278K(1839104K), 0.0096330 secs] [Times: user=0.06 sys=0.00, real=0.01 secs] 
1372.295: [GC
Desired survivor size 4194304 bytes, new threshold 1 (max 15)
 [PSYoungGen: 813696K->2688K(815104K)] 1796286K->985294K(1839104K), 0.0096540 secs] [Times: user=0.06 sys=0.01, real=0.01 secs] 
1372.555: [GC
Desired survivor size 4194304 bytes, new threshold 1 (max 15)
 [PSYoungGen: 813696K->1696K(815104K)] 1796302K->984326K(1839104K), 0.0128970 secs] [Times: user=0.06 sys=0.00, real=0.01 secs] 
1372.833: [GC
Desired survivor size 4194304 bytes, new threshold 1 (max 15)
 [PSYoungGen: 812704K->640K(815104K)] 1795334K->983310K(1839104K), 0.0088100 secs] [Times: user=0.05 sys=0.00, real=0.01 secs] 
1373.093: [GC
Desired survivor size 4194304 bytes, new threshold 1 (max 15)
 [PSYoungGen: 811648K->1952K(815104K)] 1794318K->984654K(1839104K), 0.0096850 secs] [Times: user=0.06 sys=0.00, real=0.01 secs] 
1373.359: [GC
Desired survivor size 3670016 bytes, new threshold 1 (max 15)
 [PSYoungGen: 812960K->2048K(815616K)] 1795662K->984774K(1839616K), 0.0094360 secs] [Times: user=0.06 sys=0.00, real=0.01 secs] 
1373.620: [GC
Desired survivor size 4194304 bytes, new threshold 1 (max 15)
 [PSYoungGen: 813568K->2400K(815104K)] 1796294K->985142K(1839104K), 0.0104930 secs] [Times: user=0.05 sys=0.00, real=0.02 secs] 
1373.894: [GC
Desired survivor size 4194304 bytes, new threshold 1 (max 15)
 [PSYoungGen: 813920K->2528K(815104K)] 1796662K->985286K(1839104K), 0.0099260 secs] [Times: user=0.06 sys=0.00, real=0.01 secs] 
1374.162: [GC
Desired survivor size 3670016 bytes, new threshold 1 (max 15)
 [PSYoungGen: 813536K->1632K(815104K)] 1796294K->984398K(1839104K), 0.0091300 secs] [Times: user=0.05 sys=0.00, real=0.01 secs] 
1374.422: [GC
Desired survivor size 3670016 bytes, new threshold 1 (max 15)
 [PSYoungGen: 812640K->2240K(815616K)] 1795406K->985542K(1839616K), 0.0096770 secs] [Times: user=0.06 sys=0.00, real=0.01 secs] 
1374.696: [GC
Desired survivor size 3670016 bytes, new threshold 1 (max 15)
 [PSYoungGen: 814272K->1120K(815616K)] 1797574K->984950K(1839616K), 0.0106830 secs] [Times: user=0.05 sys=0.00, real=0.01 secs] 
1374.960: [GC
Desired survivor size 3670016 bytes, new threshold 1 (max 15)
 [PSYoungGen: 813152K->1856K(815616K)] 1796982K->985734K(1839616K), 0.0093370 secs] [Times: user=0.05 sys=0.00, real=0.01 secs] 
1375.225: [GC
Desired survivor size 4194304 bytes, new threshold 1 (max 15)
 [PSYoungGen: 813888K->3008K(815104K)] 1797766K->986902K(1839104K), 0.0103690 secs] [Times: user=0.06 sys=0.00, real=0.01 secs] 
1375.486: [GC
Desired survivor size 3670016 bytes, new threshold 1 (max 15)
 [PSYoungGen: 815040K->1408K(815616K)] 1798934K->985326K(1839616K), 0.0088650 secs] [Times: user=0.06 sys=0.00, real=0.01 secs] 
1375.762: [GC
Desired survivor size 3670016 bytes, new threshold 1 (max 15)
 [PSYoungGen: 812928K->1120K(815104K)] 1796846K->985062K(1839104K), 0.0094830 secs] [Times: user=0.06 sys=0.00, real=0.01 secs] 
1376.028: [GC
Desired survivor size 4194304 bytes, new threshold 1 (max 15)
 [PSYoungGen: 812640K->2720K(814592K)] 1796582K->986694K(1838592K), 0.0098220 secs] [Times: user=0.06 sys=0.00, real=0.01 secs] 
1376.298: [GC
Desired survivor size 4194304 bytes, new threshold 1 (max 15)
 [PSYoungGen: 813728K->1376K(815104K)] 1797702K->985374K(1839104K), 0.0092920 secs] [Times: user=0.06 sys=0.00, real=0.01 secs] 
1376.563: [GC
Desired survivor size 3670016 bytes, new threshold 1 (max 15)
 [PSYoungGen: 812384K->1536K(815616K)] 1796382K->985550K(1839616K), 0.0093450 secs] [Times: user=0.06 sys=0.00, real=0.01 secs] 
1376.838: [GC
Desired survivor size 3670016 bytes, new threshold 1 (max 15)
 [PSYoungGen: 813056K->1536K(815104K)] 1797070K->985582K(1839104K), 0.0094920 secs] [Times: user=0.06 sys=0.01, real=0.01 secs] 
1377.102: [GC
Desired survivor size 3670016 bytes, new threshold 1 (max 15)
 [PSYoungGen: 813056K->1856K(815616K)] 1797102K->985942K(1839616K), 0.0093930 secs] [Times: user=0.05 sys=0.00, real=0.01 secs] 
1377.362: [GC
Desired survivor size 3670016 bytes, new threshold 1 (max 15)
 [PSYoungGen: 813888K->1632K(815616K)] 1797974K->985750K(1839616K), 0.0089990 secs] [Times: user=0.06 sys=0.00, real=0.01 secs] 
1377.625: [GC
Desired survivor size 3670016 bytes, new threshold 1 (max 15)
 [PSYoungGen: 813664K->672K(815616K)] 1797782K->984830K(1839616K), 0.0091200 secs] [Times: user=0.05 sys=0.00, real=0.01 secs] 
1377.896: [GC
Desired survivor size 3670016 bytes, new threshold 1 (max 15)
 [PSYoungGen: 812704K->2368K(815616K)] 1796862K->986558K(1839616K), 0.0090680 secs] [Times: user=0.06 sys=0.00, real=0.01 secs] 
1378.161: [GC
Desired survivor size 3670016 bytes, new threshold 1 (max 15)
 [PSYoungGen: 814400K->1088K(815616K)] 1798590K->985310K(1839616K), 0.0087270 secs] [Times: user=0.06 sys=0.01, real=0.01 secs] 
1378.428: [GC
Desired survivor size 3670016 bytes, new threshold 1 (max 15)
 [PSYoungGen: 813120K->1408K(815616K)] 1797342K->985646K(1839616K), 0.0094280 secs] [Times: user=0.06 sys=0.00, real=0.01 secs] 
1378.707: [GC
Desired survivor size 3145728 bytes, new threshold 1 (max 15)
 [PSYoungGen: 813440K->1760K(816128K)] 1797678K->986030K(1840128K), 0.0094870 secs] [Times: user=0.05 sys=0.00, real=0.01 secs] 
1378.970: [GC
Desired survivor size 3145728 bytes, new threshold 1 (max 15)
 [PSYoungGen: 814304K->1280K(815616K)] 1798574K->985582K(1839616K), 0.0092190 secs] [Times: user=0.05 sys=0.00, real=0.01 secs] 
1379.242: [GC
Desired survivor size 3145728 bytes, new threshold 1 (max 15)
 [PSYoungGen: 813824K->1344K(816128K)] 1798126K->985678K(1840128K), 0.0098140 secs] [Times: user=0.05 sys=0.00, real=0.01 secs] 
1379.506: [GC
Desired survivor size 3670016 bytes, new threshold 1 (max 15)
 [PSYoungGen: 814400K->3072K(816128K)] 1798734K->987670K(1840128K), 0.0100800 secs] [Times: user=0.06 sys=0.00, real=0.01 secs] 
1379.789: [GC
Desired survivor size 3670016 bytes, new threshold 1 (max 15)
 [PSYoungGen: 816128K->1248K(815104K)] 1800726K->985918K(1839104K), 0.0092070 secs] [Times: user=0.06 sys=0.01, real=0.01 secs] 
1380.050: [GC
Desired survivor size 3670016 bytes, new threshold 1 (max 15)
 [PSYoungGen: 813280K->1728K(815616K)] 1797950K->986430K(1839616K), 0.0089710 secs] [Times: user=0.04 sys=0.00, real=0.01 secs] 
1380.315: [GC
Desired survivor size 3670016 bytes, new threshold 1 (max 15)
 [PSYoungGen: 813760K->1248K(815616K)] 1798462K->985974K(1839616K), 0.0091140 secs] [Times: user=0.05 sys=0.00, real=0.01 secs] 
1380.578: [GC
Desired survivor size 3145728 bytes, new threshold 1 (max 15)
 [PSYoungGen: 813280K->1472K(815616K)] 1798006K->986230K(1839616K), 0.0102470 secs] [Times: user=0.05 sys=0.00, real=0.01 secs] 
1380.849: [GC
Desired survivor size 3670016 bytes, new threshold 1 (max 15)
 [PSYoungGen: 813504K->2304K(815104K)] 1798262K->987094K(1839104K), 0.0092980 secs] [Times: user=0.06 sys=0.00, real=0.01 secs] 
1381.111: [GC
Desired survivor size 3670016 bytes, new threshold 1 (max 15)
 [PSYoungGen: 814336K->2272K(815616K)] 1799126K->987134K(1839616K), 0.0098270 secs] [Times: user=0.06 sys=0.00, real=0.01 secs] 
1381.372: [GC
Desired survivor size 3670016 bytes, new threshold 1 (max 15)
 [PSYoungGen: 814304K->1216K(815616K)] 1799166K->986110K(1839616K), 0.0092620 secs] [Times: user=0.06 sys=0.00, real=0.01 secs] 
1381.639: [GC
Desired survivor size 4194304 bytes, new threshold 1 (max 15)
 [PSYoungGen: 813248K->3584K(815616K)] 1798142K->988510K(1839616K), 0.0105500 secs] [Times: user=0.07 sys=0.00, real=0.01 secs] 
1381.906: [GC
Desired survivor size 4194304 bytes, new threshold 1 (max 15)
 [PSYoungGen: 815616K->1152K(814592K)] 1800542K->986118K(1838592K), 0.0086510 secs] [Times: user=0.06 sys=0.00, real=0.01 secs] 
1382.172: [GC
Desired survivor size 3670016 bytes, new threshold 1 (max 15)
 [PSYoungGen: 812160K->1728K(815104K)] 1797126K->986726K(1839104K), 0.0095000 secs] [Times: user=0.06 sys=0.00, real=0.00 secs] 
1382.436: [GC
Desired survivor size 3670016 bytes, new threshold 1 (max 15)
 [PSYoungGen: 812736K->1344K(815616K)] 1797734K->986366K(1839616K), 0.0089740 secs] [Times: user=0.05 sys=0.00, real=0.01 secs] 
1382.713: [GC
Desired survivor size 3670016 bytes, new threshold 1 (max 15)
 [PSYoungGen: 813376K->736K(815616K)] 1798398K->985814K(1839616K), 0.0092200 secs] [Times: user=0.05 sys=0.00, real=0.01 secs] 
1382.974: [GC
Desired survivor size 3670016 bytes, new threshold 1 (max 15)
 [PSYoungGen: 812768K->2080K(815616K)] 1797846K->987198K(1839616K), 0.0097770 secs] [Times: user=0.06 sys=0.00, real=0.01 secs] 
1383.237: [GC
Desired survivor size 3670016 bytes, new threshold 1 (max 15)
 [PSYoungGen: 814112K->2496K(815616K)] 1799230K->987646K(1839616K), 0.0097600 secs] [Times: user=0.06 sys=0.00, real=0.01 secs] 
1383.501: [GC
Desired survivor size 3670016 bytes, new threshold 1 (max 15)
 [PSYoungGen: 814528K->512K(815616K)] 1799678K->985686K(1839616K), 0.0091780 secs] [Times: user=0.05 sys=0.00, real=0.01 secs] 
1383.771: [GC
Desired survivor size 4194304 bytes, new threshold 1 (max 15)
 [PSYoungGen: 812544K->2624K(815104K)] 1797718K->987830K(1839104K), 0.0098720 secs] [Times: user=0.05 sys=0.00, real=0.01 secs] 
1384.034: [GC
Desired survivor size 3670016 bytes, new threshold 1 (max 15)
 [PSYoungGen: 814656K->1888K(815616K)] 1799862K->987126K(1839616K), 0.0091750 secs] [Times: user=0.06 sys=0.00, real=0.01 secs] 
1384.304: [GC
Desired survivor size 3670016 bytes, new threshold 1 (max 15)
 [PSYoungGen: 813408K->736K(815104K)] 1798646K->986006K(1839104K), 0.0089090 secs] [Times: user=0.05 sys=0.00, real=0.01 secs] 
1384.569: [GC
Desired survivor size 4194304 bytes, new threshold 1 (max 15)
 [PSYoungGen: 812256K->192K(814592K)] 1797526K->985486K(1838592K), 0.0086690 secs] [Times: user=0.04 sys=0.00, real=0.01 secs] 
1384.849: [GC
Desired survivor size 3670016 bytes, new threshold 1 (max 15)
 [PSYoungGen: 811200K->1152K(815104K)] 1796494K->986478K(1839104K), 0.0093900 secs] [Times: user=0.05 sys=0.00, real=0.01 secs] 
1385.113: [GC
Desired survivor size 3670016 bytes, new threshold 1 (max 15)
 [PSYoungGen: 812160K->672K(815616K)] 1797486K->986030K(1839616K), 0.0087280 secs] [Times: user=0.05 sys=0.00, real=0.00 secs] 
1385.375: [GC
Desired survivor size 3670016 bytes, new threshold 1 (max 15)
 [PSYoungGen: 812704K->1056K(815616K)] 1798062K->986438K(1839616K), 0.0088240 secs] [Times: user=0.06 sys=0.00, real=0.01 secs] 
1385.638: [GC
Desired survivor size 3670016 bytes, new threshold 1 (max 15)
 [PSYoungGen: 813088K->1408K(815616K)] 1798470K->986806K(1839616K), 0.0096540 secs] [Times: user=0.06 sys=0.00, real=0.01 secs] 
1385.909: [GC
Desired survivor size 3670016 bytes, new threshold 1 (max 15)
 [PSYoungGen: 813440K->2688K(815616K)] 1798838K->988102K(1839616K), 0.0101810 secs] [Times: user=0.05 sys=0.00, real=0.01 secs] 
1386.176: [GC
Desired survivor size 3670016 bytes, new threshold 1 (max 15)
 [PSYoungGen: 814720K->2176K(815616K)] 1800134K->987622K(1839616K), 0.0097610 secs] [Times: user=0.07 sys=0.00, real=0.01 secs] 
1386.444: [GC
Desired survivor size 3670016 bytes, new threshold 1 (max 15)
 [PSYoungGen: 814208K->672K(815616K)] 1799654K->986134K(1839616K), 0.0088580 secs] [Times: user=0.05 sys=0.00, real=0.01 secs] 
1386.710: [GC
Desired survivor size 3670016 bytes, new threshold 1 (max 15)
 [PSYoungGen: 812704K->2400K(815616K)] 1798166K->987894K(1839616K), 0.0093520 secs] [Times: user=0.06 sys=0.00, real=0.01 secs] 
1386.969: [GC
Desired survivor size 3670016 bytes, new threshold 1 (max 15)
 [PSYoungGen: 814432K->1568K(815616K)] 1799926K->987078K(1839616K), 0.0094540 secs] [Times: user=0.04 sys=0.00, real=0.01 secs] 
1387.227: [GC
Desired survivor size 4194304 bytes, new threshold 1 (max 15)
 [PSYoungGen: 813600K->3520K(814592K)] 1799110K->989054K(1838592K), 0.0106840 secs] [Times: user=0.06 sys=0.00, real=0.01 secs] 
1387.485: [GC
Desired survivor size 4194304 bytes, new threshold 1 (max 15)
 [PSYoungGen: 814528K->2336K(815104K)] 1800062K->987910K(1839104K), 0.0098520 secs] [Times: user=0.06 sys=0.00, real=0.01 secs] 
1387.760: [GC
Desired survivor size 4194304 bytes, new threshold 1 (max 15)
 [PSYoungGen: 813344K->1376K(815104K)] 1798918K->987006K(1839104K), 0.0099820 secs] [Times: user=0.04 sys=0.00, real=0.01 secs] 
1388.022: [GC
Desired survivor size 4194304 bytes, new threshold 1 (max 15)
 [PSYoungGen: 812384K->960K(815104K)] 1798014K->986630K(1839104K), 0.0093190 secs] [Times: user=0.05 sys=0.00, real=0.01 secs] 
1388.285: [GC
Desired survivor size 4194304 bytes, new threshold 1 (max 15)
 [PSYoungGen: 811968K->2112K(815104K)] 1797638K->987806K(1839104K), 0.0095970 secs] [Times: user=0.05 sys=0.00, real=0.01 secs] 
1388.543: [GC
Desired survivor size 4194304 bytes, new threshold 1 (max 15)
 [PSYoungGen: 813120K->1024K(815104K)] 1798814K->986734K(1839104K), 0.0092120 secs] [Times: user=0.05 sys=0.00, real=0.01 secs] 
1388.813: [GC
Desired survivor size 4194304 bytes, new threshold 1 (max 15)
 [PSYoungGen: 812032K->2400K(815104K)] 1797742K->988126K(1839104K), 0.0099180 secs] [Times: user=0.06 sys=0.00, real=0.01 secs] 
1389.077: [GC
Desired survivor size 4194304 bytes, new threshold 1 (max 15)
 [PSYoungGen: 813408K->1056K(815104K)] 1799134K->986822K(1839104K), 0.0100900 secs] [Times: user=0.06 sys=0.00, real=0.01 secs] 
1389.349: [GC
Desired survivor size 4194304 bytes, new threshold 1 (max 15)
 [PSYoungGen: 812064K->448K(815104K)] 1797830K->986246K(1839104K), 0.0087970 secs] [Times: user=0.06 sys=0.00, real=0.01 secs] 
1389.609: [GC
Desired survivor size 4194304 bytes, new threshold 1 (max 15)
 [PSYoungGen: 811456K->2688K(815104K)] 1797254K->988518K(1839104K), 0.0107380 secs] [Times: user=0.05 sys=0.01, real=0.01 secs] 
1389.885: [GC
Desired survivor size 4194304 bytes, new threshold 1 (max 15)
 [PSYoungGen: 813696K->1376K(815104K)] 1799526K->987238K(1839104K), 0.0093140 secs] [Times: user=0.06 sys=0.00, real=0.01 secs] 
1390.145: [GC
Desired survivor size 3670016 bytes, new threshold 1 (max 15)
 [PSYoungGen: 812384K->1856K(815104K)] 1798246K->987750K(1839104K), 0.0111490 secs] [Times: user=0.06 sys=0.01, real=0.01 secs] 
1390.410: [GC
Desired survivor size 4194304 bytes, new threshold 1 (max 15)
 [PSYoungGen: 812864K->2848K(814592K)] 1798758K->988774K(1838592K), 0.0098110 secs] [Times: user=0.05 sys=0.00, real=0.01 secs] 
1390.696: [GC
Desired survivor size 4194304 bytes, new threshold 1 (max 15)
 [PSYoungGen: 813856K->1120K(815104K)] 1799782K->987078K(1839104K), 0.0105340 secs] [Times: user=0.06 sys=0.01, real=0.01 secs] 
1390.961: [GC
Desired survivor size 4194304 bytes, new threshold 1 (max 15)
 [PSYoungGen: 812128K->992K(815104K)] 1798086K->986998K(1839104K), 0.0088110 secs] [Times: user=0.05 sys=0.00, real=0.01 secs] 
1391.232: [GC
Desired survivor size 4194304 bytes, new threshold 1 (max 15)
 [PSYoungGen: 812000K->576K(815104K)] 1798006K->986614K(1839104K), 0.0090860 secs] [Times: user=0.06 sys=0.00, real=0.01 secs] 
1391.499: [GC
Desired survivor size 4194304 bytes, new threshold 1 (max 15)
 [PSYoungGen: 811584K->2976K(815104K)] 1797622K->989030K(1839104K), 0.0095670 secs] [Times: user=0.05 sys=0.00, real=0.01 secs] 
1391.765: [GC
Desired survivor size 4194304 bytes, new threshold 1 (max 15)
 [PSYoungGen: 813984K->1792K(815104K)] 1800038K->987870K(1839104K), 0.0092560 secs] [Times: user=0.05 sys=0.00, real=0.01 secs] 
1392.064: [GC
Desired survivor size 4194304 bytes, new threshold 1 (max 15)
 [PSYoungGen: 812800K->1376K(815104K)] 1798878K->987502K(1839104K), 0.0094720 secs] [Times: user=0.04 sys=0.00, real=0.01 secs] 
1392.334: [GC
Desired survivor size 4194304 bytes, new threshold 1 (max 15)
 [PSYoungGen: 812384K->2752K(815104K)] 1798510K->988910K(1839104K), 0.0098420 secs] [Times: user=0.06 sys=0.00, real=0.01 secs] 
1392.606: [GC
Desired survivor size 4194304 bytes, new threshold 1 (max 15)
 [PSYoungGen: 813760K->1248K(815104K)] 1799918K->987430K(1839104K), 0.0091120 secs] [Times: user=0.05 sys=0.00, real=0.01 secs] 
1392.874: [GC
Desired survivor size 3670016 bytes, new threshold 1 (max 15)
 [PSYoungGen: 812256K->1248K(815104K)] 1798438K->987454K(1839104K), 0.0092670 secs] [Times: user=0.05 sys=0.01, real=0.01 secs] 
1393.135: [GC
Desired survivor size 4718592 bytes, new threshold 1 (max 15)
 [PSYoungGen: 812256K->3584K(813568K)] 1798462K->990246K(1837568K), 0.0107200 secs] [Times: user=0.06 sys=0.00, real=0.01 secs] 
1393.396: [GC
Desired survivor size 4194304 bytes, new threshold 1 (max 15)
 [PSYoungGen: 813568K->1888K(814592K)] 1800230K->988758K(1838592K), 0.0094450 secs] [Times: user=0.05 sys=0.00, real=0.01 secs] 
1393.659: [GC
Desired survivor size 4194304 bytes, new threshold 1 (max 15)
 [PSYoungGen: 811872K->1728K(815104K)] 1798742K->988662K(1839104K), 0.0093890 secs] [Times: user=0.05 sys=0.00, real=0.01 secs] 
1393.933: [GC
Desired survivor size 4194304 bytes, new threshold 1 (max 15)
 [PSYoungGen: 812736K->1248K(815104K)] 1799670K->988214K(1839104K), 0.0091990 secs] [Times: user=0.05 sys=0.00, real=0.01 secs] 
1394.194: [GC
Desired survivor size 4194304 bytes, new threshold 1 (max 15)
 [PSYoungGen: 812256K->2080K(815104K)] 1799222K->989070K(1839104K), 0.0101090 secs] [Times: user=0.06 sys=0.00, real=0.02 secs] 
1394.472: [GC
Desired survivor size 4194304 bytes, new threshold 1 (max 15)
 [PSYoungGen: 813088K->1056K(815104K)] 1800078K->988070K(1839104K), 0.0090380 secs] [Times: user=0.06 sys=0.00, real=0.01 secs] 
1394.742: [GC
Desired survivor size 3670016 bytes, new threshold 1 (max 15)
 [PSYoungGen: 812064K->1984K(815616K)] 1799078K->989030K(1839616K), 0.0099010 secs] [Times: user=0.06 sys=0.00, real=0.01 secs] 
1395.006: [GC
Desired survivor size 3670016 bytes, new threshold 1 (max 15)
 [PSYoungGen: 813504K->2112K(815104K)] 1800550K->989174K(1839104K), 0.0102510 secs] [Times: user=0.05 sys=0.00, real=0.01 secs] 
1395.268: [GC
Desired survivor size 3670016 bytes, new threshold 1 (max 15)
 [PSYoungGen: 813632K->2272K(815616K)] 1800694K->989350K(1839616K), 0.0091920 secs] [Times: user=0.05 sys=0.00, real=0.01 secs] 
1395.523: [GC
Desired survivor size 4194304 bytes, new threshold 1 (max 15)
 [PSYoungGen: 814304K->3584K(815616K)] 1801382K->990822K(1839616K), 0.0104190 secs] [Times: user=0.06 sys=0.00, real=0.01 secs] 
1395.797: [GC
Desired survivor size 4194304 bytes, new threshold 1 (max 15)
 [PSYoungGen: 815616K->1152K(814592K)] 1802854K->988494K(1838592K), 0.0094580 secs] [Times: user=0.05 sys=0.00, real=0.01 secs] 
1396.058: [GC
Desired survivor size 4194304 bytes, new threshold 1 (max 15)
 [PSYoungGen: 812160K->1600K(815104K)] 1799502K->988974K(1839104K), 0.0091220 secs] [Times: user=0.04 sys=0.00, real=0.01 secs] 
1396.325: [GC
Desired survivor size 4194304 bytes, new threshold 1 (max 15)
 [PSYoungGen: 812608K->1824K(815104K)] 1799982K->989230K(1839104K), 0.0100400 secs] [Times: user=0.06 sys=0.00, real=0.01 secs] 
1396.586: [GC
Desired survivor size 4194304 bytes, new threshold 1 (max 15)
 [PSYoungGen: 812832K->992K(815104K)] 1800238K->988430K(1839104K), 0.0094200 secs] [Times: user=0.05 sys=0.00, real=0.01 secs] 
1396.911: [GC
Desired survivor size 3670016 bytes, new threshold 1 (max 15)
 [PSYoungGen: 812000K->2112K(815616K)] 1799438K->989582K(1839616K), 0.0095700 secs] [Times: user=0.06 sys=0.00, real=0.01 secs] 
1397.277: [GC
Desired survivor size 4194304 bytes, new threshold 1 (max 15)
 [PSYoungGen: 813632K->2464K(815104K)] 1801102K->989982K(1839104K), 0.0097910 secs] [Times: user=0.05 sys=0.00, real=0.01 secs] 
1397.546: [GC
Desired survivor size 3670016 bytes, new threshold 1 (max 15)
 [PSYoungGen: 813984K->1120K(815616K)] 1801502K->988662K(1839616K), 0.0092100 secs] [Times: user=0.06 sys=0.00, real=0.01 secs] 
1397.825: [GC
Desired survivor size 4194304 bytes, new threshold 1 (max 15)
 [PSYoungGen: 812640K->2720K(815104K)] 1800182K->990302K(1839104K), 0.0100800 secs] [Times: user=0.06 sys=0.00, real=0.01 secs] 
1398.225: [GC
Desired survivor size 4194304 bytes, new threshold 1 (max 15)
 [PSYoungGen: 814240K->2272K(815104K)] 1801822K->989894K(1839104K), 0.0096960 secs] [Times: user=0.06 sys=0.00, real=0.01 secs] 
1398.501: [GC
Desired survivor size 4194304 bytes, new threshold 1 (max 15)
 [PSYoungGen: 813280K->2400K(815104K)] 1800902K->990038K(1839104K), 0.0094130 secs] [Times: user=0.05 sys=0.00, real=0.01 secs] 
1398.779: [GC
Desired survivor size 4194304 bytes, new threshold 1 (max 15)
 [PSYoungGen: 813408K->992K(815104K)] 1801046K->988654K(1839104K), 0.0090390 secs] [Times: user=0.05 sys=0.00, real=0.01 secs] 
1399.040: [GC
Desired survivor size 3670016 bytes, new threshold 1 (max 15)
 [PSYoungGen: 812000K->1568K(815104K)] 1799662K->989262K(1839104K), 0.0093100 secs] [Times: user=0.06 sys=0.00, real=0.01 secs] 
1399.305: [GC
Desired survivor size 3670016 bytes, new threshold 1 (max 15)
 [PSYoungGen: 812576K->1568K(815616K)] 1800270K->989286K(1839616K), 0.0094020 secs] [Times: user=0.06 sys=0.00, real=0.01 secs] 
1399.571: [GC
Desired survivor size 3670016 bytes, new threshold 1 (max 15)
 [PSYoungGen: 813600K->960K(815616K)] 1801318K->988702K(1839616K), 0.0114070 secs] [Times: user=0.06 sys=0.00, real=0.01 secs] 
1399.851: [GC
Desired survivor size 3670016 bytes, new threshold 1 (max 15)
 [PSYoungGen: 812992K->928K(815616K)] 1800734K->988702K(1839616K), 0.0093560 secs] [Times: user=0.05 sys=0.00, real=0.01 secs] 
1400.107: [GC
Desired survivor size 3670016 bytes, new threshold 1 (max 15)
 [PSYoungGen: 812960K->448K(815616K)] 1800734K->988270K(1839616K), 0.0087780 secs] [Times: user=0.05 sys=0.00, real=0.01 secs] 
1400.370: [GC
Desired survivor size 3670016 bytes, new threshold 1 (max 15)
 [PSYoungGen: 812480K->1792K(815616K)] 1800302K->989630K(1839616K), 0.0096380 secs] [Times: user=0.05 sys=0.00, real=0.01 secs] 
1400.637: [GC
Desired survivor size 3670016 bytes, new threshold 1 (max 15)
 [PSYoungGen: 813824K->1472K(815616K)] 1801662K->989342K(1839616K), 0.0092510 secs] [Times: user=0.05 sys=0.00, real=0.01 secs] 
1400.909: [GC
Desired survivor size 3670016 bytes, new threshold 1 (max 15)
 [PSYoungGen: 813504K->2656K(815616K)] 1801374K->990542K(1839616K), 0.0097860 secs] [Times: user=0.06 sys=0.00, real=0.01 secs] 
1401.199: [GC
Desired survivor size 3670016 bytes, new threshold 1 (max 15)
 [PSYoungGen: 814688K->1920K(815616K)] 1802574K->989822K(1839616K), 0.0100150 secs] [Times: user=0.05 sys=0.00, real=0.01 secs] 
1401.456: [GC
Desired survivor size 4194304 bytes, new threshold 1 (max 15)
 [PSYoungGen: 813952K->3072K(814592K)] 1801854K->990998K(1838592K), 0.0101900 secs] [Times: user=0.06 sys=0.00, real=0.01 secs] 
1401.728: [GC
Desired survivor size 4194304 bytes, new threshold 1 (max 15)
 [PSYoungGen: 814080K->1312K(815104K)] 1802006K->989262K(1839104K), 0.0094810 secs] [Times: user=0.05 sys=0.00, real=0.01 secs] 
1401.992: [GC
Desired survivor size 3670016 bytes, new threshold 1 (max 15)
 [PSYoungGen: 812320K->1184K(815616K)] 1800270K->989158K(1839616K), 0.0094220 secs] [Times: user=0.06 sys=0.00, real=0.01 secs] 
1402.259: [GC
Desired survivor size 3670016 bytes, new threshold 1 (max 15)
 [PSYoungGen: 812704K->2336K(815104K)] 1800678K->990334K(1839104K), 0.0101070 secs] [Times: user=0.06 sys=0.01, real=0.01 secs] 
1402.519: [GC
Desired survivor size 3670016 bytes, new threshold 1 (max 15)
 [PSYoungGen: 813856K->1440K(815616K)] 1801854K->989470K(1839616K), 0.0091210 secs] [Times: user=0.05 sys=0.01, real=0.01 secs] 
1402.796: [GC
Desired survivor size 3670016 bytes, new threshold 1 (max 15)
 [PSYoungGen: 813472K->864K(815616K)] 1801502K->988942K(1839616K), 0.0090400 secs] [Times: user=0.05 sys=0.00, real=0.00 secs] 
1403.056: [GC
Desired survivor size 4194304 bytes, new threshold 1 (max 15)
 [PSYoungGen: 812896K->2912K(814592K)] 1800974K->991030K(1838592K), 0.0100060 secs] [Times: user=0.06 sys=0.00, real=0.01 secs] 
1403.324: [GC
Desired survivor size 4194304 bytes, new threshold 1 (max 15)
 [PSYoungGen: 813920K->2560K(815104K)] 1802038K->990702K(1839104K), 0.0100760 secs] [Times: user=0.06 sys=0.00, real=0.01 secs] 
1403.591: [GC
Desired survivor size 4194304 bytes, new threshold 1 (max 15)
 [PSYoungGen: 813568K->1376K(815104K)] 1801710K->989534K(1839104K), 0.0090430 secs] [Times: user=0.06 sys=0.00, real=0.01 secs] 
1403.865: [GC
Desired survivor size 4194304 bytes, new threshold 1 (max 15)
 [PSYoungGen: 812384K->1216K(815104K)] 1800542K->989406K(1839104K), 0.0093990 secs] [Times: user=0.06 sys=0.00, real=0.01 secs] 
1404.196: [GC
Desired survivor size 3670016 bytes, new threshold 1 (max 15)
 [PSYoungGen: 812224K->2144K(815616K)] 1800414K->990374K(1839616K), 0.0290670 secs] [Times: user=0.07 sys=0.00, real=0.03 secs] 
1404.492: [GC
Desired survivor size 3670016 bytes, new threshold 1 (max 15)
 [PSYoungGen: 813664K->1632K(815104K)] 1801894K->989878K(1839104K), 0.0094990 secs] [Times: user=0.05 sys=0.00, real=0.01 secs] 
1404.758: [GC
Desired survivor size 3670016 bytes, new threshold 1 (max 15)
 [PSYoungGen: 813152K->2112K(815616K)] 1801398K->990374K(1839616K), 0.0096370 secs] [Times: user=0.06 sys=0.00, real=0.01 secs] 
1405.017: [GC
Desired survivor size 3670016 bytes, new threshold 1 (max 15)
 [PSYoungGen: 814144K->1632K(815616K)] 1802406K->989910K(1839616K), 0.0093710 secs] [Times: user=0.06 sys=0.00, real=0.00 secs] 
1405.282: [GC
Desired survivor size 3670016 bytes, new threshold 1 (max 15)
 [PSYoungGen: 813664K->1472K(815616K)] 1801942K->989766K(1839616K), 0.0093030 secs] [Times: user=0.05 sys=0.00, real=0.01 secs] 
1405.544: [GC
Desired survivor size 3670016 bytes, new threshold 1 (max 15)
 [PSYoungGen: 813504K->1376K(815616K)] 1801798K->989694K(1839616K), 0.0093440 secs] [Times: user=0.05 sys=0.00, real=0.01 secs] 
1405.818: [GC
Desired survivor size 3670016 bytes, new threshold 1 (max 15)
 [PSYoungGen: 813408K->2144K(815616K)] 1801726K->990478K(1839616K), 0.0097410 secs] [Times: user=0.05 sys=0.00, real=0.01 secs] 
1406.078: [GC
Desired survivor size 3670016 bytes, new threshold 1 (max 15)
 [PSYoungGen: 814176K->3008K(815616K)] 1802510K->991366K(1839616K), 0.0117750 secs] [Times: user=0.05 sys=0.01, real=0.01 secs] 
1406.342: [GC
Desired survivor size 3670016 bytes, new threshold 1 (max 15)
 [PSYoungGen: 815040K->480K(815616K)] 1803398K->988894K(1839616K), 0.0090830 secs] [Times: user=0.05 sys=0.00, real=0.01 secs] 
1406.607: [GC
Desired survivor size 3670016 bytes, new threshold 1 (max 15)
 [PSYoungGen: 812512K->2176K(815616K)] 1800926K->990614K(1839616K), 0.0097350 secs] [Times: user=0.06 sys=0.00, real=0.01 secs] 
1406.881: [GC
Desired survivor size 3670016 bytes, new threshold 1 (max 15)
 [PSYoungGen: 814208K->1984K(815616K)] 1802646K->990446K(1839616K), 0.0094310 secs] [Times: user=0.05 sys=0.00, real=0.01 secs] 
1407.145: [GC
Desired survivor size 3670016 bytes, new threshold 1 (max 15)
 [PSYoungGen: 814016K->992K(815616K)] 1802478K->989462K(1839616K), 0.0091170 secs] [Times: user=0.04 sys=0.00, real=0.01 secs] 
1407.420: [GC
Desired survivor size 3670016 bytes, new threshold 1 (max 15)
 [PSYoungGen: 813024K->1312K(815616K)] 1801494K->989806K(1839616K), 0.0090010 secs] [Times: user=0.05 sys=0.00, real=0.01 secs] 
1407.696: [GC
Desired survivor size 3670016 bytes, new threshold 1 (max 15)
 [PSYoungGen: 813344K->1088K(815616K)] 1801838K->989606K(1839616K), 0.0109300 secs] [Times: user=0.06 sys=0.00, real=0.02 secs] 
1407.968: [GC
Desired survivor size 3670016 bytes, new threshold 1 (max 15)
 [PSYoungGen: 813120K->1408K(815616K)] 1801638K->989958K(1839616K), 0.0095860 secs] [Times: user=0.06 sys=0.00, real=0.01 secs] 
1408.228: [GC
Desired survivor size 3670016 bytes, new threshold 1 (max 15)
 [PSYoungGen: 813440K->3200K(815616K)] 1801990K->991774K(1839616K), 0.0099570 secs] [Times: user=0.06 sys=0.00, real=0.01 secs] 
1408.491: [GC
Desired survivor size 3670016 bytes, new threshold 1 (max 15)
 [PSYoungGen: 815232K->2112K(815616K)] 1803806K->990710K(1839616K), 0.0098870 secs] [Times: user=0.06 sys=0.00, real=0.01 secs] 
1408.776: [GC
Desired survivor size 3670016 bytes, new threshold 1 (max 15)
 [PSYoungGen: 814144K->2016K(815616K)] 1802742K->990630K(1839616K), 0.0102140 secs] [Times: user=0.06 sys=0.00, real=0.02 secs] 
1409.035: [GC
Desired survivor size 3670016 bytes, new threshold 1 (max 15)
 [PSYoungGen: 814048K->1056K(815616K)] 1802662K->989710K(1839616K), 0.0089570 secs] [Times: user=0.04 sys=0.00, real=0.01 secs] 
1409.302: [GC
Desired survivor size 3670016 bytes, new threshold 1 (max 15)
 [PSYoungGen: 813088K->1536K(815616K)] 1801742K->990214K(1839616K), 0.0092900 secs] [Times: user=0.06 sys=0.00, real=0.01 secs] 
1409.567: [GC
Desired survivor size 3670016 bytes, new threshold 1 (max 15)
 [PSYoungGen: 813568K->1952K(815616K)] 1802246K->990654K(1839616K), 0.0096640 secs] [Times: user=0.06 sys=0.00, real=0.01 secs] 
1409.839: [GC
Desired survivor size 3145728 bytes, new threshold 1 (max 15)
 [PSYoungGen: 813984K->1664K(815616K)] 1802686K->990390K(1839616K), 0.0094920 secs] [Times: user=0.05 sys=0.00, real=0.01 secs] 
1410.101: [GC
Desired survivor size 3145728 bytes, new threshold 1 (max 15)
 [PSYoungGen: 813696K->1504K(816128K)] 1802422K->990262K(1840128K), 0.0091280 secs] [Times: user=0.05 sys=0.00, real=0.01 secs] 
1410.361: [GC
Desired survivor size 3145728 bytes, new threshold 1 (max 15)
 [PSYoungGen: 814560K->1632K(816128K)] 1803318K->990430K(1840128K), 0.0097230 secs] [Times: user=0.05 sys=0.01, real=0.01 secs] 
1410.626: [GC
Desired survivor size 3145728 bytes, new threshold 1 (max 15)
 [PSYoungGen: 814688K->832K(816128K)] 1803486K->989638K(1840128K), 0.0595260 secs] [Times: user=0.05 sys=0.01, real=0.06 secs] 
1410.947: [GC
Desired survivor size 3145728 bytes, new threshold 1 (max 15)
 [PSYoungGen: 813888K->1824K(816128K)] 1802694K->990662K(1840128K), 0.0094000 secs] [Times: user=0.05 sys=0.00, real=0.01 secs] 
1411.216: [GC
Desired survivor size 3145728 bytes, new threshold 1 (max 15)
 [PSYoungGen: 814880K->1440K(816128K)] 1803718K->990310K(1840128K), 0.0095380 secs] [Times: user=0.06 sys=0.00, real=0.01 secs] 
1411.476: [GC
Desired survivor size 3145728 bytes, new threshold 1 (max 15)
 [PSYoungGen: 814496K->1408K(816128K)] 1803366K->990310K(1840128K), 0.0085900 secs] [Times: user=0.06 sys=0.00, real=0.01 secs] 
1411.746: [GC
Desired survivor size 3145728 bytes, new threshold 1 (max 15)
 [PSYoungGen: 814464K->1536K(816128K)] 1803366K->990462K(1840128K), 0.0098470 secs] [Times: user=0.05 sys=0.00, real=0.01 secs] 
1412.044: [GC
Desired survivor size 3145728 bytes, new threshold 1 (max 15)
 [PSYoungGen: 814592K->2080K(816128K)] 1803518K->991038K(1840128K), 0.0097180 secs] [Times: user=0.06 sys=0.00, real=0.01 secs] 
1412.306: [GC
Desired survivor size 3145728 bytes, new threshold 1 (max 15)
 [PSYoungGen: 815136K->2848K(816128K)] 1804094K->991838K(1840128K), 0.0100580 secs] [Times: user=0.06 sys=0.00, real=0.01 secs] 
1412.573: [GC
Desired survivor size 3670016 bytes, new threshold 1 (max 15)
 [PSYoungGen: 815904K->2432K(815616K)] 1804894K->991454K(1839616K), 0.0123590 secs] [Times: user=0.06 sys=0.00, real=0.01 secs] 
1412.851: [GC
Desired survivor size 3670016 bytes, new threshold 1 (max 15)
 [PSYoungGen: 815488K->2464K(815616K)] 1804510K->991518K(1839616K), 0.0094700 secs] [Times: user=0.05 sys=0.01, real=0.01 secs] 
1413.111: [GC
Desired survivor size 3670016 bytes, new threshold 1 (max 15)
 [PSYoungGen: 814496K->1696K(815616K)] 1803550K->990774K(1839616K), 0.0093610 secs] [Times: user=0.05 sys=0.01, real=0.01 secs] 
1413.375: [GC
Desired survivor size 3670016 bytes, new threshold 1 (max 15)
 [PSYoungGen: 813728K->1152K(815616K)] 1802806K->990254K(1839616K), 0.0094730 secs] [Times: user=0.05 sys=0.00, real=0.01 secs] 
1413.636: [GC
Desired survivor size 3670016 bytes, new threshold 1 (max 15)
 [PSYoungGen: 813184K->1280K(815616K)] 1802286K->990406K(1839616K), 0.0093580 secs] [Times: user=0.05 sys=0.00, real=0.01 secs] 
1413.905: [GC
Desired survivor size 3670016 bytes, new threshold 1 (max 15)
 [PSYoungGen: 813312K->640K(815616K)] 1802438K->989806K(1839616K), 0.0089950 secs] [Times: user=0.05 sys=0.00, real=0.01 secs] 
1414.167: [GC
Desired survivor size 3670016 bytes, new threshold 1 (max 15)
 [PSYoungGen: 812672K->2080K(815616K)] 1801838K->991278K(1839616K), 0.0096030 secs] [Times: user=0.05 sys=0.00, real=0.01 secs] 
1414.436: [GC
Desired survivor size 3670016 bytes, new threshold 1 (max 15)
 [PSYoungGen: 814112K->448K(815616K)] 1803310K->989694K(1839616K), 0.0086620 secs] [Times: user=0.06 sys=0.00, real=0.01 secs] 
1414.708: [GC
Desired survivor size 3670016 bytes, new threshold 1 (max 15)
 [PSYoungGen: 812480K->2944K(815616K)] 1801726K->992198K(1839616K), 0.0101560 secs] [Times: user=0.05 sys=0.00, real=0.01 secs] 
1414.967: [GC
Desired survivor size 3670016 bytes, new threshold 1 (max 15)
 [PSYoungGen: 814976K->1824K(815616K)] 1804230K->991110K(1839616K), 0.0097510 secs] [Times: user=0.07 sys=0.00, real=0.01 secs] 
1415.229: [GC
Desired survivor size 3670016 bytes, new threshold 1 (max 15)
 [PSYoungGen: 813856K->2048K(815616K)] 1803142K->991358K(1839616K), 0.0099380 secs] [Times: user=0.06 sys=0.00, real=0.01 secs] 
1415.495: [GC
Desired survivor size 3670016 bytes, new threshold 1 (max 15)
 [PSYoungGen: 814080K->1888K(815616K)] 1803390K->991214K(1839616K), 0.0103810 secs] [Times: user=0.06 sys=0.00, real=0.01 secs] 
1415.762: [GC
Desired survivor size 3670016 bytes, new threshold 1 (max 15)
 [PSYoungGen: 813920K->1792K(815616K)] 1803246K->991150K(1839616K), 0.0097280 secs] [Times: user=0.05 sys=0.00, real=0.01 secs] 
1416.029: [GC
Desired survivor size 3145728 bytes, new threshold 1 (max 15)
 [PSYoungGen: 813824K->1760K(816128K)] 1803182K->991134K(1840128K), 0.0101330 secs] [Times: user=0.05 sys=0.00, real=0.01 secs] 
1416.297: [GC
Desired survivor size 3145728 bytes, new threshold 1 (max 15)
 [PSYoungGen: 814304K->1184K(815616K)] 1803678K->990598K(1839616K), 0.0093840 secs] [Times: user=0.05 sys=0.00, real=0.00 secs] 
1416.570: [GC
Desired survivor size 3145728 bytes, new threshold 1 (max 15)
 [PSYoungGen: 813728K->1056K(816128K)] 1803142K->990510K(1840128K), 0.0115460 secs] [Times: user=0.05 sys=0.00, real=0.01 secs] 
1416.843: [GC
Desired survivor size 3145728 bytes, new threshold 1 (max 15)
 [PSYoungGen: 814112K->640K(816128K)] 1803566K->990174K(1840128K), 0.0086810 secs] [Times: user=0.05 sys=0.01, real=0.01 secs] 
1417.113: [GC
Desired survivor size 3145728 bytes, new threshold 1 (max 15)
 [PSYoungGen: 813696K->1824K(816128K)] 1803230K->991390K(1840128K), 0.0094330 secs] [Times: user=0.06 sys=0.00, real=0.01 secs] 
1417.381: [GC
Desired survivor size 3145728 bytes, new threshold 1 (max 15)
 [PSYoungGen: 814880K->2048K(816128K)] 1804446K->991646K(1840128K), 0.0091790 secs] [Times: user=0.05 sys=0.00, real=0.01 secs] 
1417.641: [GC
Desired survivor size 3670016 bytes, new threshold 1 (max 15)
 [PSYoungGen: 815104K->2432K(815104K)] 1804702K->992518K(1839104K), 0.0096600 secs] [Times: user=0.05 sys=0.00, real=0.01 secs] 
1417.907: [GC
Desired survivor size 3670016 bytes, new threshold 1 (max 15)
 [PSYoungGen: 814464K->2848K(815616K)] 1804550K->993606K(1839616K), 0.0100390 secs] [Times: user=0.06 sys=0.00, real=0.01 secs] 
1418.176: [GC
Desired survivor size 3670016 bytes, new threshold 1 (max 15)
 [PSYoungGen: 814880K->1280K(815616K)] 1805638K->992646K(1839616K), 0.0096190 secs] [Times: user=0.06 sys=0.00, real=0.01 secs] 
1418.435: [GC
Desired survivor size 3670016 bytes, new threshold 1 (max 15)
 [PSYoungGen: 813312K->1344K(815616K)] 1804678K->992750K(1839616K), 0.0093540 secs] [Times: user=0.05 sys=0.00, real=0.01 secs] 
1418.713: [GC
Desired survivor size 3670016 bytes, new threshold 1 (max 15)
 [PSYoungGen: 813376K->960K(815616K)] 1804782K->992382K(1839616K), 0.0091120 secs] [Times: user=0.06 sys=0.00, real=0.01 secs] 
1418.978: [GC
Desired survivor size 3670016 bytes, new threshold 1 (max 15)
 [PSYoungGen: 812992K->2688K(815616K)] 1804414K->994126K(1839616K), 0.0098770 secs] [Times: user=0.06 sys=0.00, real=0.01 secs] 
1419.239: [GC
Desired survivor size 4194304 bytes, new threshold 1 (max 15)
 [PSYoungGen: 814720K->2848K(814592K)] 1806158K->994302K(1838592K), 0.0106340 secs] [Times: user=0.06 sys=0.00, real=0.01 secs] 
1419.494: [GC
Desired survivor size 4194304 bytes, new threshold 1 (max 15)
 [PSYoungGen: 813856K->2528K(815104K)] 1805310K->993990K(1839104K), 0.0098580 secs] [Times: user=0.06 sys=0.00, real=0.01 secs] 
1419.770: [GC
Desired survivor size 4718592 bytes, new threshold 1 (max 15)
 [PSYoungGen: 813536K->3424K(814080K)] 1804998K->994902K(1838080K), 0.0103630 secs] [Times: user=0.06 sys=0.00, real=0.01 secs] 
1420.030: [GC
Desired survivor size 4718592 bytes, new threshold 1 (max 15)
 [PSYoungGen: 813408K->1088K(814592K)] 1804886K->992582K(1838592K), 0.0092870 secs] [Times: user=0.04 sys=0.00, real=0.01 secs] 
1420.294: [GC
Desired survivor size 4194304 bytes, new threshold 1 (max 15)
 [PSYoungGen: 811072K->2528K(815104K)] 1802566K->994062K(1839104K), 0.0098660 secs] [Times: user=0.06 sys=0.00, real=0.01 secs] 
1420.552: [GC
Desired survivor size 4194304 bytes, new threshold 1 (max 15)
 [PSYoungGen: 813024K->1184K(814592K)] 1804558K->992726K(1838592K), 0.0094110 secs] [Times: user=0.04 sys=0.00, real=0.01 secs] 
1420.818: [GC
Desired survivor size 4718592 bytes, new threshold 1 (max 15)
 [PSYoungGen: 811680K->3104K(814080K)] 1803222K->994662K(1838080K), 0.0099890 secs] [Times: user=0.06 sys=0.00, real=0.01 secs] 
1421.083: [GC
Desired survivor size 4194304 bytes, new threshold 1 (max 15)
 [PSYoungGen: 813088K->1920K(814592K)] 1804646K->993494K(1838592K), 0.0090080 secs] [Times: user=0.04 sys=0.00, real=0.01 secs] 
1421.336: [GC
Desired survivor size 4718592 bytes, new threshold 1 (max 15)
 [PSYoungGen: 811904K->2912K(814080K)] 1803478K->994510K(1838080K), 0.0100500 secs] [Times: user=0.06 sys=0.00, real=0.01 secs] 
1421.592: [GC
Desired survivor size 5242880 bytes, new threshold 1 (max 15)
 [PSYoungGen: 812896K->4608K(814592K)] 1804494K->996342K(1838592K), 0.0103190 secs] [Times: user=0.06 sys=0.01, real=0.01 secs] 
1421.863: [GC
Desired survivor size 5242880 bytes, new threshold 1 (max 15)
 [PSYoungGen: 814592K->1536K(813568K)] 1806326K->993334K(1837568K), 0.0092250 secs] [Times: user=0.05 sys=0.00, real=0.01 secs] 
1422.126: [GC
Desired survivor size 5242880 bytes, new threshold 1 (max 15)
 [PSYoungGen: 810496K->1504K(814080K)] 1802294K->993326K(1838080K), 0.0088140 secs] [Times: user=0.05 sys=0.00, real=0.01 secs] 
1422.391: [GC
Desired survivor size 4718592 bytes, new threshold 1 (max 15)
 [PSYoungGen: 810464K->1728K(814592K)] 1802286K->993566K(1838592K), 0.0096740 secs] [Times: user=0.05 sys=0.00, real=0.01 secs] 
1422.649: [GC
Desired survivor size 4718592 bytes, new threshold 1 (max 15)
 [PSYoungGen: 811200K->2464K(814080K)] 1803038K->994326K(1838080K), 0.0098570 secs] [Times: user=0.06 sys=0.00, real=0.01 secs] 
1422.922: [GC
Desired survivor size 4718592 bytes, new threshold 1 (max 15)
 [PSYoungGen: 811936K->1088K(814592K)] 1803798K->992974K(1838592K), 0.0091860 secs] [Times: user=0.05 sys=0.00, real=0.01 secs] 
1423.183: [GC
Desired survivor size 4718592 bytes, new threshold 1 (max 15)
 [PSYoungGen: 811072K->1056K(814592K)] 1802958K->992966K(1838592K), 0.0094920 secs] [Times: user=0.05 sys=0.00, real=0.01 secs] 
1423.446: [GC
Desired survivor size 4718592 bytes, new threshold 1 (max 15)
 [PSYoungGen: 811040K->1824K(814592K)] 1802950K->993750K(1838592K), 0.0092500 secs] [Times: user=0.06 sys=0.00, real=0.01 secs] 
1423.712: [GC
Desired survivor size 4718592 bytes, new threshold 1 (max 15)
 [PSYoungGen: 811808K->2784K(814592K)] 1803734K->994726K(1838592K), 0.0099240 secs] [Times: user=0.06 sys=0.00, real=0.01 secs] 
1423.974: [GC
Desired survivor size 4718592 bytes, new threshold 1 (max 15)
 [PSYoungGen: 812768K->3680K(814592K)] 1804710K->995654K(1838592K), 0.0105160 secs] [Times: user=0.06 sys=0.00, real=0.01 secs] 
1424.240: [GC
Desired survivor size 4718592 bytes, new threshold 1 (max 15)
 [PSYoungGen: 813664K->1312K(814592K)] 1805638K->993318K(1838592K), 0.0095400 secs] [Times: user=0.05 sys=0.00, real=0.01 secs] 
1424.512: [GC
Desired survivor size 4718592 bytes, new threshold 1 (max 15)
 [PSYoungGen: 811296K->1696K(814592K)] 1803302K->993718K(1838592K), 0.0095720 secs] [Times: user=0.06 sys=0.00, real=0.01 secs] 
1424.788: [GC
Desired survivor size 4718592 bytes, new threshold 1 (max 15)
 [PSYoungGen: 811680K->1184K(814592K)] 1803702K->993238K(1838592K), 0.0093390 secs] [Times: user=0.06 sys=0.00, real=0.01 secs] 
1425.045: [GC
Desired survivor size 4718592 bytes, new threshold 1 (max 15)
 [PSYoungGen: 811168K->1696K(814592K)] 1803222K->993774K(1838592K), 0.0095020 secs] [Times: user=0.06 sys=0.00, real=0.01 secs] 
1425.305: [GC
Desired survivor size 4194304 bytes, new threshold 1 (max 15)
 [PSYoungGen: 811680K->1728K(814592K)] 1803758K->993830K(1838592K), 0.0100810 secs] [Times: user=0.05 sys=0.00, real=0.01 secs] 
1425.570: [GC
Desired survivor size 4194304 bytes, new threshold 1 (max 15)
 [PSYoungGen: 811712K->1344K(815104K)] 1803814K->993462K(1839104K), 0.0114660 secs] [Times: user=0.06 sys=0.00, real=0.01 secs] 
1425.842: [GC
Desired survivor size 4194304 bytes, new threshold 1 (max 15)
 [PSYoungGen: 812352K->544K(815104K)] 1804470K->992694K(1839104K), 0.0086100 secs] [Times: user=0.05 sys=0.01, real=0.01 secs] 
1426.105: [GC
Desired survivor size 4194304 bytes, new threshold 1 (max 15)
 [PSYoungGen: 811552K->1792K(815104K)] 1803702K->993998K(1839104K), 0.0094240 secs] [Times: user=0.05 sys=0.01, real=0.01 secs] 
1426.363: [GC
Desired survivor size 4194304 bytes, new threshold 1 (max 15)
 [PSYoungGen: 812800K->2816K(815104K)] 1805006K->995054K(1839104K), 0.0100960 secs] [Times: user=0.06 sys=0.00, real=0.01 secs] 
1426.630: [GC
Desired survivor size 4194304 bytes, new threshold 1 (max 15)
 [PSYoungGen: 813824K->544K(815104K)] 1806062K->992854K(1839104K), 0.0090370 secs] [Times: user=0.05 sys=0.00, real=0.01 secs] 
1426.900: [GC
Desired survivor size 4194304 bytes, new threshold 1 (max 15)
 [PSYoungGen: 811552K->864K(815104K)] 1803862K->993206K(1839104K), 0.0092060 secs] [Times: user=0.05 sys=0.00, real=0.00 secs] 
1427.164: [GC
Desired survivor size 4194304 bytes, new threshold 1 (max 15)
 [PSYoungGen: 811872K->2816K(815104K)] 1804214K->995190K(1839104K), 0.0099570 secs] [Times: user=0.06 sys=0.00, real=0.01 secs] 
1427.427: [GC
Desired survivor size 4718592 bytes, new threshold 1 (max 15)
 [PSYoungGen: 813824K->2912K(814080K)] 1806198K->995302K(1838080K), 0.0098660 secs] [Times: user=0.06 sys=0.00, real=0.01 secs] 
1427.708: [GC
Desired survivor size 4194304 bytes, new threshold 1 (max 15)
 [PSYoungGen: 813920K->1376K(815104K)] 1806310K->993790K(1839104K), 0.0091400 secs] [Times: user=0.06 sys=0.00, real=0.01 secs] 
1427.966: [GC
Desired survivor size 4194304 bytes, new threshold 1 (max 15)
 [PSYoungGen: 811872K->1216K(814592K)] 1804286K->993662K(1838592K), 0.0094030 secs] [Times: user=0.05 sys=0.00, real=0.01 secs] 
1428.239: [GC
Desired survivor size 4194304 bytes, new threshold 1 (max 15)
 [PSYoungGen: 811712K->1184K(815104K)] 1804158K->993662K(1839104K), 0.0092880 secs] [Times: user=0.06 sys=0.00, real=0.01 secs] 
1428.496: [GC
Desired survivor size 4194304 bytes, new threshold 1 (max 15)
 [PSYoungGen: 812192K->1152K(815104K)] 1804670K->993662K(1839104K), 0.0094470 secs] [Times: user=0.05 sys=0.00, real=0.01 secs] 
1428.765: [GC
Desired survivor size 4194304 bytes, new threshold 1 (max 15)
 [PSYoungGen: 812160K->1888K(815104K)] 1804670K->994422K(1839104K), 0.0093740 secs] [Times: user=0.05 sys=0.00, real=0.01 secs] 
1429.027: [GC
Desired survivor size 4194304 bytes, new threshold 1 (max 15)
 [PSYoungGen: 812896K->2336K(815104K)] 1805430K->994886K(1839104K), 0.0097660 secs] [Times: user=0.06 sys=0.00, real=0.01 secs] 
1429.292: [GC
Desired survivor size 4194304 bytes, new threshold 1 (max 15)
 [PSYoungGen: 813344K->704K(815104K)] 1805894K->993278K(1839104K), 0.0090610 secs] [Times: user=0.05 sys=0.00, real=0.01 secs] 
1429.546: [GC
Desired survivor size 3670016 bytes, new threshold 1 (max 15)
 [PSYoungGen: 811712K->1376K(815104K)] 1804286K->993958K(1839104K), 0.0093640 secs] [Times: user=0.06 sys=0.00, real=0.01 secs] 
1429.818: [GC
Desired survivor size 3670016 bytes, new threshold 1 (max 15)
 [PSYoungGen: 812384K->2272K(815616K)] 1804966K->994886K(1839616K), 0.0093010 secs] [Times: user=0.06 sys=0.00, real=0.01 secs] 
1430.082: [GC
Desired survivor size 3670016 bytes, new threshold 1 (max 15)
 [PSYoungGen: 814304K->1728K(815616K)] 1806918K->994358K(1839616K), 0.0092470 secs] [Times: user=0.06 sys=0.00, real=0.01 secs] 
1430.339: [GC
Desired survivor size 3670016 bytes, new threshold 1 (max 15)
 [PSYoungGen: 813760K->2208K(815616K)] 1806390K->994854K(1839616K), 0.0100630 secs] [Times: user=0.05 sys=0.00, real=0.01 secs] 
1430.604: [GC
Desired survivor size 3670016 bytes, new threshold 1 (max 15)
 [PSYoungGen: 814240K->1248K(815616K)] 1806886K->993926K(1839616K), 0.0102410 secs] [Times: user=0.06 sys=0.00, real=0.01 secs] 
1430.877: [GC
Desired survivor size 3670016 bytes, new threshold 1 (max 15)
 [PSYoungGen: 813280K->1792K(815616K)] 1805958K->994486K(1839616K), 0.0098750 secs] [Times: user=0.06 sys=0.01, real=0.01 secs] 
1431.148: [GC
Desired survivor size 3670016 bytes, new threshold 1 (max 15)
 [PSYoungGen: 813824K->2688K(815616K)] 1806518K->995406K(1839616K), 0.0141890 secs] [Times: user=0.09 sys=0.00, real=0.02 secs] 
1431.416: [GC
Desired survivor size 3670016 bytes, new threshold 1 (max 15)
 [PSYoungGen: 814720K->2080K(815616K)] 1807438K->994830K(1839616K), 0.0097690 secs] [Times: user=0.05 sys=0.00, real=0.01 secs] 
1431.689: [GC
Desired survivor size 3670016 bytes, new threshold 1 (max 15)
 [PSYoungGen: 814112K->1216K(815616K)] 1806862K->994006K(1839616K), 0.0101370 secs] [Times: user=0.05 sys=0.00, real=0.01 secs] 
1431.993: [GC
Desired survivor size 3670016 bytes, new threshold 1 (max 15)
 [PSYoungGen: 813248K->352K(815616K)] 1806038K->993182K(1839616K), 0.0086640 secs] [Times: user=0.04 sys=0.00, real=0.01 secs] 
1432.265: [GC
Desired survivor size 3670016 bytes, new threshold 1 (max 15)
 [PSYoungGen: 812384K->1440K(815616K)] 1805214K->994310K(1839616K), 0.0090540 secs] [Times: user=0.05 sys=0.00, real=0.01 secs] 
1432.526: [GC
Desired survivor size 3670016 bytes, new threshold 1 (max 15)
 [PSYoungGen: 813472K->1088K(815616K)] 1806342K->993982K(1839616K), 0.0091960 secs] [Times: user=0.05 sys=0.00, real=0.01 secs] 
1432.809: [GC
Desired survivor size 3670016 bytes, new threshold 1 (max 15)
 [PSYoungGen: 813120K->1920K(815616K)] 1806014K->994830K(1839616K), 0.0093800 secs] [Times: user=0.05 sys=0.00, real=0.01 secs] 
1433.072: [GC
Desired survivor size 3670016 bytes, new threshold 1 (max 15)
 [PSYoungGen: 813952K->2208K(815616K)] 1806862K->995142K(1839616K), 0.0101800 secs] [Times: user=0.06 sys=0.00, real=0.01 secs] 
1433.333: [GC
Desired survivor size 3670016 bytes, new threshold 1 (max 15)
 [PSYoungGen: 814240K->2016K(815616K)] 1807174K->995126K(1839616K), 0.0095900 secs] [Times: user=0.05 sys=0.00, real=0.01 secs] 
1433.603: [GC
Desired survivor size 3670016 bytes, new threshold 1 (max 15)
 [PSYoungGen: 814048K->1408K(815616K)] 1807158K->995014K(1839616K), 0.0092670 secs] [Times: user=0.05 sys=0.00, real=0.01 secs] 
1433.873: [GC
Desired survivor size 3145728 bytes, new threshold 1 (max 15)
 [PSYoungGen: 813440K->1568K(815616K)] 1807046K->995230K(1839616K), 0.0093080 secs] [Times: user=0.05 sys=0.00, real=0.01 secs] 
1434.138: [GC
Desired survivor size 3145728 bytes, new threshold 1 (max 15)
 [PSYoungGen: 813600K->1440K(816128K)] 1807262K->995150K(1840128K), 0.0091860 secs] [Times: user=0.05 sys=0.00, real=0.01 secs] 
1434.403: [GC
Desired survivor size 3145728 bytes, new threshold 1 (max 15)
 [PSYoungGen: 814496K->2368K(816128K)] 1808206K->996110K(1840128K), 0.0108250 secs] [Times: user=0.05 sys=0.01, real=0.01 secs] 
1434.664: [GC
Desired survivor size 3145728 bytes, new threshold 1 (max 15)
 [PSYoungGen: 815424K->2048K(816128K)] 1809166K->995846K(1840128K), 0.0106710 secs] [Times: user=0.05 sys=0.00, real=0.01 secs] 
1434.948: [GC
Desired survivor size 3145728 bytes, new threshold 1 (max 15)
 [PSYoungGen: 815104K->864K(816128K)] 1808902K->994710K(1840128K), 0.0088290 secs] [Times: user=0.05 sys=0.00, real=0.01 secs] 
1435.208: [GC
Desired survivor size 3670016 bytes, new threshold 1 (max 15)
 [PSYoungGen: 813920K->2912K(815104K)] 1807766K->996774K(1839104K), 0.0098820 secs] [Times: user=0.06 sys=0.00, real=0.01 secs] 
1435.466: [GC
Desired survivor size 3670016 bytes, new threshold 1 (max 15)
 [PSYoungGen: 814944K->1792K(815616K)] 1808806K->995662K(1839616K), 0.0097850 secs] [Times: user=0.06 sys=0.00, real=0.01 secs] 
1435.739: [GC
Desired survivor size 3670016 bytes, new threshold 1 (max 15)
 [PSYoungGen: 813824K->2176K(815616K)] 1807694K->996070K(1839616K), 0.0091430 secs] [Times: user=0.05 sys=0.00, real=0.01 secs] 
1436.002: [GC
Desired survivor size 3670016 bytes, new threshold 1 (max 15)
 [PSYoungGen: 814208K->1216K(815616K)] 1808102K->995126K(1839616K), 0.0092000 secs] [Times: user=0.06 sys=0.00, real=0.01 secs] 
1436.278: [GC
Desired survivor size 3145728 bytes, new threshold 1 (max 15)
 [PSYoungGen: 813248K->1568K(816128K)] 1807158K->995518K(1840128K), 0.0090530 secs] [Times: user=0.06 sys=0.00, real=0.01 secs] 
1436.542: [GC
Desired survivor size 3145728 bytes, new threshold 1 (max 15)
 [PSYoungGen: 814112K->1088K(815616K)] 1808062K->995046K(1839616K), 0.0090080 secs] [Times: user=0.05 sys=0.00, real=0.01 secs] 
1436.815: [GC
Desired survivor size 3145728 bytes, new threshold 1 (max 15)
 [PSYoungGen: 813632K->1984K(816128K)] 1807590K->995974K(1840128K), 0.0097490 secs] [Times: user=0.07 sys=0.00, real=0.01 secs] 
1437.084: [GC
Desired survivor size 3145728 bytes, new threshold 1 (max 15)
 [PSYoungGen: 815040K->928K(816128K)] 1809030K->994950K(1840128K), 0.0091940 secs] [Times: user=0.05 sys=0.00, real=0.01 secs] 
1437.350: [GC
Desired survivor size 4194304 bytes, new threshold 1 (max 15)
 [PSYoungGen: 813984K->3072K(814080K)] 1808006K->997662K(1838080K), 0.0101260 secs] [Times: user=0.06 sys=0.00, real=0.01 secs] 
1437.608: [GC
Desired survivor size 3670016 bytes, new threshold 1 (max 15)
 [PSYoungGen: 814080K->1888K(815104K)] 1808670K->996566K(1839104K), 0.0096850 secs] [Times: user=0.06 sys=0.00, real=0.01 secs] 
1437.885: [GC
Desired survivor size 3670016 bytes, new threshold 1 (max 15)
 [PSYoungGen: 812896K->1792K(815616K)] 1807574K->996510K(1839616K), 0.0097380 secs] [Times: user=0.06 sys=0.00, real=0.01 secs] 
1438.146: [GC
Desired survivor size 3670016 bytes, new threshold 1 (max 15)
 [PSYoungGen: 813824K->2144K(815616K)] 1808542K->996878K(1839616K), 0.0096890 secs] [Times: user=0.06 sys=0.00, real=0.01 secs] 
1438.406: [GC
Desired survivor size 3670016 bytes, new threshold 1 (max 15)
 [PSYoungGen: 814176K->2976K(815616K)] 1808910K->997734K(1839616K), 0.0105580 secs] [Times: user=0.07 sys=0.00, real=0.01 secs] 
1438.671: [GC
Desired survivor size 3670016 bytes, new threshold 1 (max 15)
 [PSYoungGen: 815008K->1248K(815616K)] 1809766K->996030K(1839616K), 0.0110930 secs] [Times: user=0.07 sys=0.00, real=0.01 secs] 
1438.943: [GC
Desired survivor size 3670016 bytes, new threshold 1 (max 15)
 [PSYoungGen: 813280K->1408K(815616K)] 1808062K->996214K(1839616K), 0.0093330 secs] [Times: user=0.05 sys=0.00, real=0.01 secs] 
1439.204: [GC
Desired survivor size 3670016 bytes, new threshold 1 (max 15)
 [PSYoungGen: 813440K->1664K(815616K)] 1808246K->996502K(1839616K), 0.0092490 secs] [Times: user=0.05 sys=0.00, real=0.01 secs] 
1439.468: [GC
Desired survivor size 3670016 bytes, new threshold 1 (max 15)
 [PSYoungGen: 813696K->1952K(815616K)] 1808534K->996806K(1839616K), 0.0097580 secs] [Times: user=0.06 sys=0.00, real=0.01 secs] 
1439.738: [GC
Desired survivor size 3670016 bytes, new threshold 1 (max 15)
 [PSYoungGen: 813984K->2816K(815616K)] 1808838K->997694K(1839616K), 0.0101320 secs] [Times: user=0.05 sys=0.01, real=0.01 secs] 
1439.991: [GC
Desired survivor size 3670016 bytes, new threshold 1 (max 15)
 [PSYoungGen: 814848K->896K(815616K)] 1809726K->995798K(1839616K), 0.0089880 secs] [Times: user=0.05 sys=0.00, real=0.01 secs] 
1440.255: [GC
Desired survivor size 3670016 bytes, new threshold 1 (max 15)
 [PSYoungGen: 812928K->1312K(815616K)] 1807830K->996238K(1839616K), 0.0091960 secs] [Times: user=0.05 sys=0.00, real=0.01 secs] 
1440.522: [GC
Desired survivor size 3670016 bytes, new threshold 1 (max 15)
 [PSYoungGen: 813344K->1056K(815616K)] 1808270K->996006K(1839616K), 0.0087220 secs] [Times: user=0.04 sys=0.00, real=0.00 secs] 
1440.801: [GC
Desired survivor size 3670016 bytes, new threshold 1 (max 15)
 [PSYoungGen: 813088K->2112K(815616K)] 1808038K->997094K(1839616K), 0.0091730 secs] [Times: user=0.05 sys=0.01, real=0.01 secs] 
1441.059: [GC
Desired survivor size 3670016 bytes, new threshold 1 (max 15)
 [PSYoungGen: 814144K->1376K(815616K)] 1809126K->996374K(1839616K), 0.0093260 secs] [Times: user=0.06 sys=0.00, real=0.01 secs] 
1441.333: [GC
Desired survivor size 3670016 bytes, new threshold 1 (max 15)
 [PSYoungGen: 813408K->384K(815616K)] 1808406K->995414K(1839616K), 0.0091080 secs] [Times: user=0.04 sys=0.00, real=0.01 secs] 
1441.602: [GC
Desired survivor size 3670016 bytes, new threshold 1 (max 15)
 [PSYoungGen: 812416K->1440K(815616K)] 1807446K->996494K(1839616K), 0.0098330 secs] [Times: user=0.04 sys=0.01, real=0.01 secs] 
1441.871: [GC
Desired survivor size 3670016 bytes, new threshold 1 (max 15)
 [PSYoungGen: 813472K->3072K(815616K)] 1808526K->998142K(1839616K), 0.0101870 secs] [Times: user=0.06 sys=0.00, real=0.01 secs] 
1442.138: [GC
Desired survivor size 4194304 bytes, new threshold 1 (max 15)
 [PSYoungGen: 815104K->2912K(814592K)] 1810174K->998006K(1838592K), 0.0099810 secs] [Times: user=0.06 sys=0.00, real=0.01 secs] 
1442.401: [GC
Desired survivor size 4194304 bytes, new threshold 1 (max 15)
 [PSYoungGen: 813920K->2656K(815104K)] 1809014K->997774K(1839104K), 0.0101810 secs] [Times: user=0.06 sys=0.00, real=0.02 secs] 
1442.663: [GC
Desired survivor size 4194304 bytes, new threshold 1 (max 15)
 [PSYoungGen: 813664K->2464K(815104K)] 1808782K->997606K(1839104K), 0.0095350 secs] [Times: user=0.05 sys=0.00, real=0.01 secs] 
1442.937: [GC
Desired survivor size 4194304 bytes, new threshold 1 (max 15)
 [PSYoungGen: 813472K->1792K(815104K)] 1808614K->996982K(1839104K), 0.0104170 secs] [Times: user=0.05 sys=0.00, real=0.01 secs] 
1443.206: [GC
Desired survivor size 4194304 bytes, new threshold 1 (max 15)
 [PSYoungGen: 812800K->1152K(815104K)] 1807990K->996366K(1839104K), 0.0091100 secs] [Times: user=0.05 sys=0.00, real=0.01 secs] 
1443.472: [GC
Desired survivor size 3670016 bytes, new threshold 1 (max 15)
 [PSYoungGen: 812160K->1984K(815104K)] 1807374K->997238K(1839104K), 0.0095690 secs] [Times: user=0.06 sys=0.00, real=0.01 secs] 
1443.746: [GC
Desired survivor size 3670016 bytes, new threshold 1 (max 15)
 [PSYoungGen: 812992K->1280K(815616K)] 1808246K->996558K(1839616K), 0.0091950 secs] [Times: user=0.05 sys=0.00, real=0.01 secs] 
1443.996: [GC
Desired survivor size 3670016 bytes, new threshold 1 (max 15)
 [PSYoungGen: 813312K->2112K(815616K)] 1808590K->997414K(1839616K), 0.0095860 secs] [Times: user=0.07 sys=0.00, real=0.01 secs] 
1444.257: [GC
Desired survivor size 3670016 bytes, new threshold 1 (max 15)
 [PSYoungGen: 814144K->1504K(815616K)] 1809446K->996830K(1839616K), 0.0094070 secs] [Times: user=0.05 sys=0.00, real=0.01 secs] 
1444.524: [GC
Desired survivor size 3670016 bytes, new threshold 1 (max 15)
 [PSYoungGen: 813536K->1856K(815616K)] 1808862K->997206K(1839616K), 0.0095620 secs] [Times: user=0.06 sys=0.00, real=0.01 secs] 
1444.798: [GC
Desired survivor size 3670016 bytes, new threshold 1 (max 15)
 [PSYoungGen: 813888K->1984K(815616K)] 1809238K->997366K(1839616K), 0.0100750 secs] [Times: user=0.05 sys=0.00, real=0.01 secs] 
1445.058: [GC
Desired survivor size 3145728 bytes, new threshold 1 (max 15)
 [PSYoungGen: 814016K->2016K(815616K)] 1809398K->997438K(1839616K), 0.0098330 secs] [Times: user=0.06 sys=0.00, real=0.01 secs] 
1445.315: [GC
Desired survivor size 3670016 bytes, new threshold 1 (max 15)
 [PSYoungGen: 814048K->896K(815104K)] 1809470K->996342K(1839104K), 0.0091080 secs] [Times: user=0.05 sys=0.00, real=0.01 secs] 
1445.576: [GC
Desired survivor size 3145728 bytes, new threshold 1 (max 15)
 [PSYoungGen: 812928K->1952K(815616K)] 1808374K->997446K(1839616K), 0.0109280 secs] [Times: user=0.06 sys=0.00, real=0.01 secs] 
1445.850: [GC
Desired survivor size 3145728 bytes, new threshold 1 (max 15)
 [PSYoungGen: 813984K->1152K(816128K)] 1809478K->996670K(1840128K), 0.0088820 secs] [Times: user=0.06 sys=0.00, real=0.01 secs] 
1446.112: [GC
Desired survivor size 3670016 bytes, new threshold 1 (max 15)
 [PSYoungGen: 814208K->2560K(815616K)] 1809726K->998110K(1839616K), 0.0102600 secs] [Times: user=0.06 sys=0.00, real=0.01 secs] 
1446.375: [GC
Desired survivor size 3670016 bytes, new threshold 1 (max 15)
 [PSYoungGen: 815616K->2240K(815616K)] 1811166K->997822K(1839616K), 0.0097500 secs] [Times: user=0.05 sys=0.00, real=0.01 secs] 
1446.642: [GC
Desired survivor size 3670016 bytes, new threshold 1 (max 15)
 [PSYoungGen: 814272K->2176K(815616K)] 1809854K->997782K(1839616K), 0.0099210 secs] [Times: user=0.04 sys=0.00, real=0.01 secs] 
1446.919: [GC
Desired survivor size 3670016 bytes, new threshold 1 (max 15)
 [PSYoungGen: 814208K->1088K(815616K)] 1809814K->996726K(1839616K), 0.0092650 secs] [Times: user=0.06 sys=0.00, real=0.01 secs] 
1447.190: [GC
Desired survivor size 3670016 bytes, new threshold 1 (max 15)
 [PSYoungGen: 813120K->512K(815616K)] 1808758K->996174K(1839616K), 0.0089330 secs] [Times: user=0.05 sys=0.00, real=0.01 secs] 
1447.456: [GC
Desired survivor size 3670016 bytes, new threshold 1 (max 15)
 [PSYoungGen: 812544K->1088K(815616K)] 1808206K->996790K(1839616K), 0.0098800 secs] [Times: user=0.06 sys=0.00, real=0.01 secs] 
1447.727: [GC
Desired survivor size 3670016 bytes, new threshold 1 (max 15)
 [PSYoungGen: 813120K->1984K(815616K)] 1808822K->997718K(1839616K), 0.0107300 secs] [Times: user=0.06 sys=0.00, real=0.01 secs] 
1447.997: [GC
Desired survivor size 3670016 bytes, new threshold 1 (max 15)
 [PSYoungGen: 814016K->1376K(815616K)] 1809750K->997142K(1839616K), 0.0100940 secs] [Times: user=0.05 sys=0.00, real=0.01 secs] 
1448.273: [GC
Desired survivor size 3145728 bytes, new threshold 1 (max 15)
 [PSYoungGen: 813408K->1120K(815616K)] 1809174K->996926K(1839616K), 0.0097220 secs] [Times: user=0.05 sys=0.01, real=0.01 secs] 
1448.536: [GC
Desired survivor size 3145728 bytes, new threshold 1 (max 15)
 [PSYoungGen: 813152K->1888K(816128K)] 1808958K->997750K(1840128K), 0.0094460 secs] [Times: user=0.05 sys=0.00, real=0.01 secs] 
1448.813: [GC
Desired survivor size 3145728 bytes, new threshold 1 (max 15)
 [PSYoungGen: 814944K->896K(816128K)] 1810806K->996806K(1840128K), 0.0090100 secs] [Times: user=0.05 sys=0.00, real=0.00 secs] 
1449.073: [GC
Desired survivor size 3145728 bytes, new threshold 1 (max 15)
 [PSYoungGen: 813952K->1280K(816128K)] 1809862K->997214K(1840128K), 0.0101340 secs] [Times: user=0.06 sys=0.00, real=0.01 secs] 
1449.340: [GC
Desired survivor size 3145728 bytes, new threshold 1 (max 15)
 [PSYoungGen: 814336K->1600K(816128K)] 1810270K->997558K(1840128K), 0.0092950 secs] [Times: user=0.05 sys=0.00, real=0.01 secs] 
1449.603: [GC
Desired survivor size 3145728 bytes, new threshold 1 (max 15)
 [PSYoungGen: 814656K->1632K(816128K)] 1810614K->997614K(1840128K), 0.0091470 secs] [Times: user=0.05 sys=0.00, real=0.01 secs] 
1449.868: [GC
Desired survivor size 3145728 bytes, new threshold 1 (max 15)
 [PSYoungGen: 814688K->928K(816128K)] 1810670K->996950K(1840128K), 0.0091040 secs] [Times: user=0.05 sys=0.00, real=0.01 secs] 
1450.133: [GC
Desired survivor size 3145728 bytes, new threshold 1 (max 15)
 [PSYoungGen: 813984K->2656K(816128K)] 1810006K->998702K(1840128K), 0.0104390 secs] [Times: user=0.06 sys=0.00, real=0.01 secs] 
1450.400: [GC
Desired survivor size 4194304 bytes, new threshold 1 (max 15)
 [PSYoungGen: 815712K->3072K(816128K)] 1811758K->1000414K(1840128K), 0.0106840 secs] [Times: user=0.06 sys=0.00, real=0.01 secs] 
1450.674: [GC
Desired survivor size 4194304 bytes, new threshold 1 (max 15)
 [PSYoungGen: 816128K->1024K(814080K)] 1813470K->998422K(1838080K), 0.0121650 secs] [Times: user=0.05 sys=0.00, real=0.01 secs] 
1450.945: [GC
Desired survivor size 4718592 bytes, new threshold 1 (max 15)
 [PSYoungGen: 812032K->3104K(814592K)] 1809430K->1000734K(1838592K), 0.0099390 secs] [Times: user=0.06 sys=0.00, real=0.01 secs] 
1451.212: [GC
Desired survivor size 4194304 bytes, new threshold 1 (max 15)
 [PSYoungGen: 814112K->1440K(815104K)] 1811742K->999102K(1839104K), 0.0109630 secs] [Times: user=0.07 sys=0.00, real=0.02 secs] 
1451.479: [GC
Desired survivor size 4194304 bytes, new threshold 1 (max 15)
 [PSYoungGen: 811936K->1088K(814592K)] 1809598K->998774K(1838592K), 0.0094000 secs] [Times: user=0.05 sys=0.00, real=0.01 secs] 
1451.757: [GC
Desired survivor size 4194304 bytes, new threshold 1 (max 15)
 [PSYoungGen: 811584K->1600K(815104K)] 1809270K->999310K(1839104K), 0.0095350 secs] [Times: user=0.05 sys=0.00, real=0.01 secs] 
1452.063: [GC
Desired survivor size 4194304 bytes, new threshold 1 (max 15)
 [PSYoungGen: 812608K->1056K(815104K)] 1810318K->998790K(1839104K), 0.0092530 secs] [Times: user=0.05 sys=0.00, real=0.00 secs] 
1452.331: [GC
Desired survivor size 3670016 bytes, new threshold 1 (max 15)
 [PSYoungGen: 812064K->1440K(815616K)] 1809798K->999190K(1839616K), 0.0094420 secs] [Times: user=0.05 sys=0.00, real=0.01 secs] 
1452.599: [GC
Desired survivor size 3670016 bytes, new threshold 1 (max 15)
 [PSYoungGen: 812960K->1792K(815104K)] 1810710K->999574K(1839104K), 0.0103200 secs] [Times: user=0.05 sys=0.00, real=0.01 secs] 
1452.881: [GC
Desired survivor size 3670016 bytes, new threshold 1 (max 15)
 [PSYoungGen: 813312K->1568K(815616K)] 1811094K->999390K(1839616K), 0.0095710 secs] [Times: user=0.05 sys=0.00, real=0.01 secs] 
1453.148: [GC
Desired survivor size 3670016 bytes, new threshold 1 (max 15)
 [PSYoungGen: 813600K->1312K(815616K)] 1811422K->999166K(1839616K), 0.0137300 secs] [Times: user=0.06 sys=0.01, real=0.01 secs] 
1453.417: [GC
Desired survivor size 3670016 bytes, new threshold 1 (max 15)
 [PSYoungGen: 813344K->704K(815616K)] 1811198K->998598K(1839616K), 0.0090720 secs] [Times: user=0.05 sys=0.00, real=0.01 secs] 
1453.694: [GC
Desired survivor size 3145728 bytes, new threshold 1 (max 15)
 [PSYoungGen: 812736K->1024K(815616K)] 1810630K->998966K(1839616K), 0.0091320 secs] [Times: user=0.04 sys=0.00, real=0.01 secs] 
1453.950: [GC
Desired survivor size 4194304 bytes, new threshold 1 (max 15)
 [PSYoungGen: 813056K->3072K(814080K)] 1810998K->1001446K(1838080K), 0.0111870 secs] [Times: user=0.06 sys=0.00, real=0.01 secs] 
1454.223: [GC
Desired survivor size 4194304 bytes, new threshold 1 (max 15)
 [PSYoungGen: 814080K->640K(815104K)] 1812454K->999182K(1839104K), 0.0099350 secs] [Times: user=0.04 sys=0.00, real=0.01 secs] 
1454.502: [GC
Desired survivor size 3670016 bytes, new threshold 1 (max 15)
 [PSYoungGen: 811648K->1248K(815616K)] 1810190K->999830K(1839616K), 0.0091250 secs] [Times: user=0.05 sys=0.00, real=0.01 secs] 
1454.772: [GC
Desired survivor size 3670016 bytes, new threshold 1 (max 15)
 [PSYoungGen: 812768K->1248K(815104K)] 1811350K->999854K(1839104K), 0.0093860 secs] [Times: user=0.06 sys=0.01, real=0.01 secs] 
1455.036: [GC
Desired survivor size 3670016 bytes, new threshold 1 (max 15)
 [PSYoungGen: 812768K->1760K(815616K)] 1811374K->1000398K(1839616K), 0.0096100 secs] [Times: user=0.07 sys=0.00, real=0.01 secs] 
1455.300: [GC
Desired survivor size 3670016 bytes, new threshold 1 (max 15)
 [PSYoungGen: 813792K->2368K(815616K)] 1812430K->1001022K(1839616K), 0.0099150 secs] [Times: user=0.05 sys=0.00, real=0.01 secs] 
1455.566: [GC
Desired survivor size 4194304 bytes, new threshold 1 (max 15)
 [PSYoungGen: 814400K->2944K(814592K)] 1813054K->1001614K(1838592K), 0.0105480 secs] [Times: user=0.06 sys=0.00, real=0.01 secs] 
1455.839: [GC
Desired survivor size 3670016 bytes, new threshold 1 (max 15)
 [PSYoungGen: 813952K->1728K(815104K)] 1812622K->1000414K(1839104K), 0.0093800 secs] [Times: user=0.06 sys=0.00, real=0.01 secs] 
1456.099: [GC
Desired survivor size 3670016 bytes, new threshold 1 (max 15)
 [PSYoungGen: 812736K->1248K(815616K)] 1811422K->999966K(1839616K), 0.0100650 secs] [Times: user=0.05 sys=0.00, real=0.01 secs] 
1456.363: [GC
Desired survivor size 3670016 bytes, new threshold 1 (max 15)
 [PSYoungGen: 813280K->1984K(815616K)] 1811998K->1000718K(1839616K), 0.0095060 secs] [Times: user=0.06 sys=0.00, real=0.00 secs] 
1456.631: [GC
Desired survivor size 3670016 bytes, new threshold 1 (max 15)
 [PSYoungGen: 814016K->1536K(815616K)] 1812750K->1000302K(1839616K), 0.0092190 secs] [Times: user=0.05 sys=0.00, real=0.01 secs] 
1456.907: [GC
Desired survivor size 3670016 bytes, new threshold 1 (max 15)
 [PSYoungGen: 813568K->2144K(815616K)] 1812334K->1000926K(1839616K), 0.0098130 secs] [Times: user=0.06 sys=0.00, real=0.01 secs] 
1457.169: [GC
Desired survivor size 3670016 bytes, new threshold 1 (max 15)
 [PSYoungGen: 814176K->1856K(815616K)] 1812958K->1000678K(1839616K), 0.0100700 secs] [Times: user=0.06 sys=0.00, real=0.01 secs] 
1457.431: [GC
Desired survivor size 3145728 bytes, new threshold 1 (max 15)
 [PSYoungGen: 813888K->1792K(815616K)] 1812710K->1000638K(1839616K), 0.0095350 secs] [Times: user=0.05 sys=0.00, real=0.01 secs] 
1457.706: [GC
Desired survivor size 3670016 bytes, new threshold 1 (max 15)
 [PSYoungGen: 813824K->3072K(815104K)] 1812670K->1002414K(1839104K), 0.0103680 secs] [Times: user=0.06 sys=0.00, real=0.01 secs] 
1457.968: [GC
Desired survivor size 3670016 bytes, new threshold 1 (max 15)
 [PSYoungGen: 815104K->1216K(815616K)] 1814446K->1000710K(1839616K), 0.0098120 secs] [Times: user=0.06 sys=0.00, real=0.01 secs] 
1458.240: [GC
Desired survivor size 3670016 bytes, new threshold 1 (max 15)
 [PSYoungGen: 813248K->1280K(815616K)] 1812742K->1001070K(1839616K), 0.0095290 secs] [Times: user=0.05 sys=0.00, real=0.01 secs] 
1458.508: [GC
Desired survivor size 3670016 bytes, new threshold 1 (max 15)
 [PSYoungGen: 813312K->1216K(815616K)] 1813102K->1001030K(1839616K), 0.0093260 secs] [Times: user=0.06 sys=0.00, real=0.01 secs] 
1458.782: [GC
Desired survivor size 3670016 bytes, new threshold 1 (max 15)
 [PSYoungGen: 813248K->1984K(815616K)] 1813062K->1001822K(1839616K), 0.0091520 secs] [Times: user=0.05 sys=0.00, real=0.01 secs] 
1459.042: [GC
Desired survivor size 3670016 bytes, new threshold 1 (max 15)
 [PSYoungGen: 814016K->896K(815616K)] 1813854K->1000758K(1839616K), 0.0089640 secs] [Times: user=0.06 sys=0.00, real=0.01 secs] 
1459.313: [GC
Desired survivor size 3670016 bytes, new threshold 1 (max 15)
 [PSYoungGen: 812928K->2368K(815616K)] 1812790K->1002262K(1839616K), 0.0105510 secs] [Times: user=0.05 sys=0.00, real=0.02 secs] 
1459.574: [GC
Desired survivor size 3670016 bytes, new threshold 1 (max 15)
 [PSYoungGen: 814400K->2336K(815616K)] 1814294K->1002254K(1839616K), 0.0110920 secs] [Times: user=0.06 sys=0.00, real=0.01 secs] 
1459.845: [GC
Desired survivor size 3670016 bytes, new threshold 1 (max 15)
 [PSYoungGen: 814368K->1984K(815616K)] 1814286K->1001958K(1839616K), 0.0096240 secs] [Times: user=0.06 sys=0.00, real=0.01 secs] 
1460.107: [GC
Desired survivor size 4194304 bytes, new threshold 1 (max 15)
 [PSYoungGen: 814016K->3360K(815616K)] 1813990K->1003374K(1839616K), 0.0096270 secs] [Times: user=0.05 sys=0.00, real=0.01 secs] 
1460.367: [GC
Desired survivor size 4194304 bytes, new threshold 1 (max 15)
 [PSYoungGen: 815392K->800K(814592K)] 1815406K->1000846K(1838592K), 0.0092500 secs] [Times: user=0.05 sys=0.00, real=0.01 secs] 
1460.634: [GC
Desired survivor size 4194304 bytes, new threshold 1 (max 15)
 [PSYoungGen: 811808K->1600K(815104K)] 1811854K->1001670K(1839104K), 0.0094320 secs] [Times: user=0.05 sys=0.01, real=0.00 secs] 
1460.907: [GC
Desired survivor size 3670016 bytes, new threshold 1 (max 15)
 [PSYoungGen: 812608K->1600K(815616K)] 1812678K->1001694K(1839616K), 0.0092040 secs] [Times: user=0.05 sys=0.00, real=0.01 secs] 
1461.171: [GC
Desired survivor size 3670016 bytes, new threshold 1 (max 15)
 [PSYoungGen: 813120K->1280K(815104K)] 1813214K->1001390K(1839104K), 0.0090760 secs] [Times: user=0.05 sys=0.00, real=0.01 secs] 
1461.442: [GC
Desired survivor size 3670016 bytes, new threshold 1 (max 15)
 [PSYoungGen: 812800K->1056K(815616K)] 1812910K->1001190K(1839616K), 0.0094490 secs] [Times: user=0.06 sys=0.00, real=0.01 secs] 
1461.717: [GC
Desired survivor size 3670016 bytes, new threshold 1 (max 15)
 [PSYoungGen: 813088K->1952K(815616K)] 1813222K->1002110K(1839616K), 0.0104650 secs] [Times: user=0.07 sys=0.01, real=0.01 secs] 
1461.979: [GC
Desired survivor size 4194304 bytes, new threshold 1 (max 15)
 [PSYoungGen: 813984K->3552K(814592K)] 1814142K->1003742K(1838592K), 0.0103100 secs] [Times: user=0.05 sys=0.00, real=0.01 secs] 
1462.244: [GC
Desired survivor size 4194304 bytes, new threshold 1 (max 15)
 [PSYoungGen: 814560K->1504K(815104K)] 1814750K->1001726K(1839104K), 0.0095370 secs] [Times: user=0.06 sys=0.00, real=0.01 secs] 
1462.508: [GC
Desired survivor size 4194304 bytes, new threshold 1 (max 15)
 [PSYoungGen: 812512K->2080K(815104K)] 1812734K->1002318K(1839104K), 0.0094810 secs] [Times: user=0.06 sys=0.01, real=0.01 secs] 
1462.784: [GC
Desired survivor size 3670016 bytes, new threshold 1 (max 15)
 [PSYoungGen: 813088K->2016K(815104K)] 1813326K->1002286K(1839104K), 0.0098180 secs] [Times: user=0.05 sys=0.01, real=0.00 secs] 
1463.043: [GC
Desired survivor size 3670016 bytes, new threshold 1 (max 15)
 [PSYoungGen: 813024K->1696K(815616K)] 1813294K->1001998K(1839616K), 0.0098020 secs] [Times: user=0.05 sys=0.01, real=0.01 secs] 
1463.310: [GC
Desired survivor size 4194304 bytes, new threshold 1 (max 15)
 [PSYoungGen: 813728K->3072K(815104K)] 1814030K->1003414K(1839104K), 0.0106050 secs] [Times: user=0.06 sys=0.00, real=0.01 secs] 
1463.573: [GC
Desired survivor size 4194304 bytes, new threshold 1 (max 15)
 [PSYoungGen: 815104K->2848K(815104K)] 1815446K->1003230K(1839104K), 0.0111150 secs] [Times: user=0.06 sys=0.00, real=0.02 secs] 
1463.844: [GC
Desired survivor size 4194304 bytes, new threshold 1 (max 15)
 [PSYoungGen: 813856K->1536K(815104K)] 1814238K->1001950K(1839104K), 0.0093130 secs] [Times: user=0.05 sys=0.00, real=0.01 secs] 
1464.106: [GC
Desired survivor size 4194304 bytes, new threshold 1 (max 15)
 [PSYoungGen: 812544K->2400K(815104K)] 1812958K->1002838K(1839104K), 0.0094450 secs] [Times: user=0.05 sys=0.00, real=0.01 secs] 
1464.442: [GC
Desired survivor size 4194304 bytes, new threshold 1 (max 15)
 [PSYoungGen: 813408K->1472K(815104K)] 1813846K->1001966K(1839104K), 0.0138240 secs] [Times: user=0.04 sys=0.00, real=0.02 secs] 
1464.746: [GC
Desired survivor size 3670016 bytes, new threshold 1 (max 15)
 [PSYoungGen: 812480K->1600K(815616K)] 1812974K->1002134K(1839616K), 0.0096110 secs] [Times: user=0.06 sys=0.00, real=0.01 secs] 
1465.005: [GC
Desired survivor size 3670016 bytes, new threshold 1 (max 15)
 [PSYoungGen: 813120K->1792K(815104K)] 1813654K->1002350K(1839104K), 0.0094610 secs] [Times: user=0.06 sys=0.00, real=0.01 secs] 
1465.274: [GC
Desired survivor size 3670016 bytes, new threshold 1 (max 15)
 [PSYoungGen: 813312K->1312K(815616K)] 1813870K->1001894K(1839616K), 0.0093080 secs] [Times: user=0.06 sys=0.00, real=0.01 secs] 
1465.538: [GC
Desired survivor size 3670016 bytes, new threshold 1 (max 15)
 [PSYoungGen: 813344K->2400K(815616K)] 1813926K->1002998K(1839616K), 0.0100150 secs] [Times: user=0.05 sys=0.00, real=0.01 secs] 
1465.813: [GC
Desired survivor size 3670016 bytes, new threshold 1 (max 15)
 [PSYoungGen: 814432K->736K(815616K)] 1815030K->1001350K(1839616K), 0.0092100 secs] [Times: user=0.05 sys=0.00, real=0.01 secs] 
1466.074: [GC
Desired survivor size 4194304 bytes, new threshold 1 (max 15)
 [PSYoungGen: 812768K->2752K(815104K)] 1813382K->1003390K(1839104K), 0.0113620 secs] [Times: user=0.06 sys=0.00, real=0.02 secs] 
1466.338: [GC
Desired survivor size 4194304 bytes, new threshold 1 (max 15)
 [PSYoungGen: 814784K->2688K(815104K)] 1815422K->1003350K(1839104K), 0.0101480 secs] [Times: user=0.06 sys=0.00, real=0.01 secs] 
1466.599: [GC
Desired survivor size 4194304 bytes, new threshold 1 (max 15)
 [PSYoungGen: 813696K->1280K(815104K)] 1814358K->1001958K(1839104K), 0.0091670 secs] [Times: user=0.06 sys=0.00, real=0.01 secs] 
1466.876: [GC
Desired survivor size 4194304 bytes, new threshold 1 (max 15)
 [PSYoungGen: 812288K->2272K(815104K)] 1812966K->1002966K(1839104K), 0.0094750 secs] [Times: user=0.05 sys=0.00, real=0.01 secs] 
1467.143: [GC
Desired survivor size 3670016 bytes, new threshold 1 (max 15)
 [PSYoungGen: 813280K->2016K(815104K)] 1813974K->1002726K(1839104K), 0.0103370 secs] [Times: user=0.05 sys=0.00, real=0.01 secs] 
1467.405: [GC
Desired survivor size 3670016 bytes, new threshold 1 (max 15)
 [PSYoungGen: 813024K->1472K(815616K)] 1813734K->1002214K(1839616K), 0.0095680 secs] [Times: user=0.06 sys=0.00, real=0.01 secs] 
1467.678: [GC
Desired survivor size 3670016 bytes, new threshold 1 (max 15)
 [PSYoungGen: 813504K->1536K(815616K)] 1814246K->1002310K(1839616K), 0.0143460 secs] [Times: user=0.05 sys=0.00, real=0.01 secs] 
1467.947: [GC
Desired survivor size 3670016 bytes, new threshold 1 (max 15)
 [PSYoungGen: 813568K->1472K(815616K)] 1814342K->1002270K(1839616K), 0.0096320 secs] [Times: user=0.06 sys=0.00, real=0.01 secs] 
1468.213: [GC
Desired survivor size 3670016 bytes, new threshold 1 (max 15)
 [PSYoungGen: 813504K->1536K(815616K)] 1814302K->1002374K(1839616K), 0.0102080 secs] [Times: user=0.06 sys=0.00, real=0.01 secs] 
1468.475: [GC
Desired survivor size 3670016 bytes, new threshold 1 (max 15)
 [PSYoungGen: 813568K->1344K(815616K)] 1814406K->1002214K(1839616K), 0.0093410 secs] [Times: user=0.05 sys=0.00, real=0.01 secs] 
1468.745: [GC
Desired survivor size 3670016 bytes, new threshold 1 (max 15)
 [PSYoungGen: 813376K->2368K(815616K)] 1814246K->1003262K(1839616K), 0.0102510 secs] [Times: user=0.06 sys=0.00, real=0.01 secs] 
1469.011: [GC
Desired survivor size 3670016 bytes, new threshold 1 (max 15)
 [PSYoungGen: 814400K->864K(815616K)] 1815294K->1001798K(1839616K), 0.0093140 secs] [Times: user=0.05 sys=0.00, real=0.01 secs] 
1469.274: [GC
Desired survivor size 3670016 bytes, new threshold 1 (max 15)
 [PSYoungGen: 812896K->1600K(815616K)] 1813830K->1002574K(1839616K), 0.0092430 secs] [Times: user=0.05 sys=0.00, real=0.01 secs] 
1469.528: [GC
Desired survivor size 3145728 bytes, new threshold 1 (max 15)
 [PSYoungGen: 813632K->1824K(816128K)] 1814606K->1002838K(1840128K), 0.0100550 secs] [Times: user=0.05 sys=0.00, real=0.01 secs] 
1469.794: [GC
Desired survivor size 3145728 bytes, new threshold 1 (max 15)
 [PSYoungGen: 814368K->1984K(815616K)] 1815382K->1003014K(1839616K), 0.0093800 secs] [Times: user=0.06 sys=0.00, real=0.01 secs] 
1470.054: [GC
Desired survivor size 3145728 bytes, new threshold 1 (max 15)
 [PSYoungGen: 814528K->608K(816128K)] 1815558K->1001662K(1840128K), 0.0090790 secs] [Times: user=0.04 sys=0.00, real=0.01 secs] 
1470.314: [GC
Desired survivor size 3670016 bytes, new threshold 1 (max 15)
 [PSYoungGen: 813664K->2336K(815616K)] 1814718K->1003422K(1839616K), 0.0100640 secs] [Times: user=0.05 sys=0.01, real=0.01 secs] 
1470.595: [GC
Desired survivor size 3145728 bytes, new threshold 1 (max 15)
 [PSYoungGen: 815392K->1504K(816128K)] 1816478K->1002606K(1840128K), 0.0097770 secs] [Times: user=0.05 sys=0.00, real=0.01 secs] 
1470.883: [GC
Desired survivor size 3145728 bytes, new threshold 1 (max 15)
 [PSYoungGen: 814048K->1696K(815616K)] 1815150K->1002822K(1839616K), 0.0093160 secs] [Times: user=0.05 sys=0.00, real=0.01 secs] 
1471.145: [GC
Desired survivor size 3145728 bytes, new threshold 1 (max 15)
 [PSYoungGen: 814240K->1280K(816128K)] 1815366K->1002422K(1840128K), 0.0096860 secs] [Times: user=0.06 sys=0.00, real=0.01 secs] 
1471.688: [GC
Desired survivor size 3145728 bytes, new threshold 1 (max 15)
 [PSYoungGen: 814336K->1600K(816128K)] 1815478K->1002766K(1840128K), 0.0095540 secs] [Times: user=0.05 sys=0.00, real=0.01 secs] 
1471.989: [GC
Desired survivor size 3145728 bytes, new threshold 1 (max 15)
 [PSYoungGen: 814656K->1984K(816128K)] 1815822K->1003166K(1840128K), 0.0100180 secs] [Times: user=0.06 sys=0.00, real=0.01 secs] 
1472.259: [GC
Desired survivor size 3145728 bytes, new threshold 1 (max 15)
 [PSYoungGen: 815040K->1984K(816128K)] 1816222K->1003206K(1840128K), 0.0104940 secs] [Times: user=0.05 sys=0.00, real=0.01 secs] 
1472.521: [GC
Desired survivor size 3145728 bytes, new threshold 1 (max 15)
 [PSYoungGen: 815040K->1856K(816128K)] 1816262K->1003110K(1840128K), 0.0095200 secs] [Times: user=0.06 sys=0.00, real=0.01 secs] 
1472.795: [GC
Desired survivor size 3145728 bytes, new threshold 1 (max 15)
 [PSYoungGen: 814912K->1056K(816128K)] 1816166K->1002326K(1840128K), 0.0087870 secs] [Times: user=0.05 sys=0.00, real=0.01 secs] 
1473.054: [GC
Desired survivor size 3670016 bytes, new threshold 1 (max 15)
 [PSYoungGen: 814112K->3072K(815104K)] 1815382K->1004518K(1839104K), 0.0116260 secs] [Times: user=0.06 sys=0.00, real=0.01 secs] 
1473.322: [GC
Desired survivor size 3670016 bytes, new threshold 1 (max 15)
 [PSYoungGen: 815104K->2336K(815616K)] 1816550K->1003854K(1839616K), 0.0098610 secs] [Times: user=0.06 sys=0.00, real=0.01 secs] 
1473.584: [GC
Desired survivor size 3670016 bytes, new threshold 1 (max 15)
 [PSYoungGen: 814368K->1344K(815616K)] 1815886K->1002894K(1839616K), 0.0097040 secs] [Times: user=0.06 sys=0.00, real=0.01 secs] 
1473.859: [GC
Desired survivor size 3670016 bytes, new threshold 1 (max 15)
 [PSYoungGen: 813376K->672K(815616K)] 1814926K->1002246K(1839616K), 0.0087660 secs] [Times: user=0.06 sys=0.00, real=0.01 secs] 
1474.119: [GC
Desired survivor size 3670016 bytes, new threshold 1 (max 15)
 [PSYoungGen: 812704K->832K(815616K)] 1814278K->1002430K(1839616K), 0.0091800 secs] [Times: user=0.05 sys=0.00, real=0.01 secs] 
1474.380: [GC
Desired survivor size 3670016 bytes, new threshold 1 (max 15)
 [PSYoungGen: 812864K->1376K(815616K)] 1814462K->1003006K(1839616K), 0.0102190 secs] [Times: user=0.05 sys=0.00, real=0.01 secs] 
1474.648: [GC
Desired survivor size 3145728 bytes, new threshold 1 (max 15)
 [PSYoungGen: 813408K->1216K(816128K)] 1815038K->1002870K(1840128K), 0.0096230 secs] [Times: user=0.04 sys=0.00, real=0.01 secs] 
1474.916: [GC
Desired survivor size 3145728 bytes, new threshold 1 (max 15)
 [PSYoungGen: 813760K->768K(815616K)] 1815414K->1002470K(1839616K), 0.0086750 secs] [Times: user=0.05 sys=0.01, real=0.01 secs] 
1475.178: [GC
Desired survivor size 3145728 bytes, new threshold 1 (max 15)
 [PSYoungGen: 813312K->704K(816128K)] 1815014K->1002454K(1840128K), 0.0092860 secs] [Times: user=0.06 sys=0.00, real=0.01 secs] 
1475.443: [GC
Desired survivor size 3670016 bytes, new threshold 1 (max 15)
 [PSYoungGen: 813760K->2272K(815616K)] 1815510K->1004038K(1839616K), 0.0103910 secs] [Times: user=0.05 sys=0.01, real=0.01 secs] 
1475.711: [GC
Desired survivor size 3670016 bytes, new threshold 1 (max 15)
 [PSYoungGen: 815328K->2048K(815616K)] 1817094K->1004094K(1839616K), 0.0115770 secs] [Times: user=0.06 sys=0.00, real=0.01 secs] 
1475.979: [GC
Desired survivor size 4194304 bytes, new threshold 1 (max 15)
 [PSYoungGen: 814080K->3136K(815616K)] 1816126K->1006166K(1839616K), 0.0106570 secs] [Times: user=0.06 sys=0.00, real=0.01 secs] 
1476.248: [GC
Desired survivor size 3670016 bytes, new threshold 1 (max 15)
 [PSYoungGen: 815168K->1376K(815616K)] 1818198K->1004558K(1839616K), 0.0101150 secs] [Times: user=0.05 sys=0.00, real=0.01 secs] 
1476.506: [GC
Desired survivor size 3670016 bytes, new threshold 1 (max 15)
 [PSYoungGen: 813408K->1440K(815616K)] 1816590K->1004678K(1839616K), 0.0092850 secs] [Times: user=0.05 sys=0.01, real=0.01 secs] 
1476.779: [GC
Desired survivor size 3670016 bytes, new threshold 1 (max 15)
 [PSYoungGen: 813472K->2080K(815616K)] 1816710K->1005326K(1839616K), 0.0097080 secs] [Times: user=0.06 sys=0.00, real=0.01 secs] 
1477.043: [GC
Desired survivor size 3670016 bytes, new threshold 1 (max 15)
 [PSYoungGen: 814112K->1568K(815616K)] 1817358K->1004830K(1839616K), 0.0093050 secs] [Times: user=0.06 sys=0.00, real=0.01 secs] 
1477.309: [GC
Desired survivor size 3670016 bytes, new threshold 1 (max 15)
 [PSYoungGen: 813600K->1312K(815616K)] 1816862K->1004590K(1839616K), 0.0099090 secs] [Times: user=0.05 sys=0.00, real=0.01 secs] 
1477.576: [GC
Desired survivor size 3670016 bytes, new threshold 1 (max 15)
 [PSYoungGen: 813344K->1952K(815616K)] 1816622K->1005262K(1839616K), 0.0111070 secs] [Times: user=0.07 sys=0.00, real=0.01 secs] 
1477.848: [GC
Desired survivor size 3145728 bytes, new threshold 1 (max 15)
 [PSYoungGen: 813984K->1856K(816128K)] 1817294K->1005190K(1840128K), 0.0104990 secs] [Times: user=0.05 sys=0.00, real=0.01 secs] 
1478.116: [GC
Desired survivor size 3145728 bytes, new threshold 1 (max 15)
 [PSYoungGen: 814400K->1600K(815616K)] 1817734K->1004974K(1839616K), 0.0092550 secs] [Times: user=0.05 sys=0.00, real=0.01 secs] 
1478.379: [GC
Desired survivor size 3145728 bytes, new threshold 1 (max 15)
 [PSYoungGen: 814144K->1472K(816128K)] 1817518K->1004886K(1840128K), 0.0091790 secs] [Times: user=0.05 sys=0.00, real=0.01 secs] 
1478.644: [GC
Desired survivor size 3145728 bytes, new threshold 1 (max 15)
 [PSYoungGen: 814528K->1056K(816128K)] 1817942K->1004502K(1840128K), 0.0092810 secs] [Times: user=0.05 sys=0.00, real=0.01 secs] 
1478.912: [GC
Desired survivor size 3145728 bytes, new threshold 1 (max 15)
 [PSYoungGen: 814112K->1536K(816128K)] 1817558K->1005006K(1840128K), 0.0095290 secs] [Times: user=0.06 sys=0.00, real=0.01 secs] 
1479.186: [GC
Desired survivor size 3145728 bytes, new threshold 1 (max 15)
 [PSYoungGen: 814592K->1408K(816128K)] 1818062K->1004910K(1840128K), 0.0096030 secs] [Times: user=0.06 sys=0.00, real=0.01 secs] 
1479.451: [GC
Desired survivor size 2621440 bytes, new threshold 1 (max 15)
 [PSYoungGen: 814464K->1408K(816640K)] 1817966K->1004942K(1840640K), 0.0092810 secs] [Times: user=0.05 sys=0.00, real=0.01 secs] 
1479.724: [GC
Desired survivor size 3145728 bytes, new threshold 1 (max 15)
 [PSYoungGen: 814976K->2560K(816128K)] 1818510K->1006590K(1840128K), 0.0101490 secs] [Times: user=0.05 sys=0.01, real=0.01 secs] 
1479.991: [GC
Desired survivor size 3145728 bytes, new threshold 1 (max 15)
 [PSYoungGen: 816128K->1632K(816128K)] 1820158K->1005886K(1840128K), 0.0097920 secs] [Times: user=0.05 sys=0.00, real=0.01 secs] 
1480.250: [GC
Desired survivor size 4194304 bytes, new threshold 1 (max 15)
 [PSYoungGen: 814688K->3072K(816128K)] 1818942K->1009022K(1840128K), 0.0108900 secs] [Times: user=0.07 sys=0.00, real=0.01 secs] 
1480.519: [GC
Desired survivor size 4194304 bytes, new threshold 1 (max 15)
 [PSYoungGen: 816128K->928K(814080K)] 1822078K->1007134K(1838080K), 0.0093350 secs] [Times: user=0.05 sys=0.00, real=0.01 secs] 
1480.791: [GC
Desired survivor size 4194304 bytes, new threshold 1 (max 15)
 [PSYoungGen: 811936K->992K(815104K)] 1818142K->1007318K(1839104K), 0.0092340 secs] [Times: user=0.05 sys=0.01, real=0.01 secs] 
1481.051: [GC
Desired survivor size 4194304 bytes, new threshold 1 (max 15)
 [PSYoungGen: 812000K->1696K(815104K)] 1818326K->1008038K(1839104K), 0.0093880 secs] [Times: user=0.06 sys=0.00, real=0.01 secs] 
1481.317: [GC
Desired survivor size 3670016 bytes, new threshold 1 (max 15)
 [PSYoungGen: 812704K->1824K(815104K)] 1819046K->1008206K(1839104K), 0.0102070 secs] [Times: user=0.06 sys=0.00, real=0.01 secs] 
1481.583: [GC
Desired survivor size 4194304 bytes, new threshold 1 (max 15)
 [PSYoungGen: 812832K->3136K(814592K)] 1819214K->1009558K(1838592K), 0.0108980 secs] [Times: user=0.07 sys=0.00, real=0.01 secs] 
1481.860: [GC
Desired survivor size 4194304 bytes, new threshold 1 (max 15)
 [PSYoungGen: 814144K->1056K(815104K)] 1820566K->1007510K(1839104K), 0.0093120 secs] [Times: user=0.06 sys=0.00, real=0.01 secs] 
1482.120: [GC
Desired survivor size 4194304 bytes, new threshold 1 (max 15)
 [PSYoungGen: 812064K->1568K(815104K)] 1818518K->1008054K(1839104K), 0.0098380 secs] [Times: user=0.05 sys=0.00, real=0.01 secs] 
1482.389: [GC
Desired survivor size 4194304 bytes, new threshold 1 (max 15)
 [PSYoungGen: 812576K->512K(815104K)] 1819062K->1007022K(1839104K), 0.0093020 secs] [Times: user=0.05 sys=0.00, real=0.01 secs] 
1482.660: [GC
Desired survivor size 4194304 bytes, new threshold 1 (max 15)
 [PSYoungGen: 811520K->288K(815104K)] 1818030K->1006838K(1839104K), 0.0084310 secs] [Times: user=0.04 sys=0.00, real=0.01 secs] 
1482.928: [GC
Desired survivor size 3670016 bytes, new threshold 1 (max 15)
 [PSYoungGen: 811296K->1472K(815104K)] 1817846K->1008046K(1839104K), 0.0096760 secs] [Times: user=0.04 sys=0.00, real=0.01 secs] 
1483.188: [GC
Desired survivor size 4194304 bytes, new threshold 1 (max 15)
 [PSYoungGen: 812480K->3136K(814592K)] 1819054K->1009742K(1838592K), 0.0102090 secs] [Times: user=0.06 sys=0.00, real=0.02 secs] 
1483.460: [GC
Desired survivor size 4194304 bytes, new threshold 1 (max 15)
 [PSYoungGen: 814144K->768K(815104K)] 1820750K->1007414K(1839104K), 0.0096150 secs] [Times: user=0.05 sys=0.00, real=0.01 secs] 
1483.725: [GC
Desired survivor size 4194304 bytes, new threshold 1 (max 15)
 [PSYoungGen: 811776K->2912K(815104K)] 1818422K->1009574K(1839104K), 0.0099810 secs] [Times: user=0.07 sys=0.00, real=0.01 secs] 
1483.982: [GC
Desired survivor size 4718592 bytes, new threshold 1 (max 15)
 [PSYoungGen: 813920K->3520K(814592K)] 1820582K->1010206K(1838592K), 0.0105790 secs] [Times: user=0.06 sys=0.01, real=0.01 secs] 
1484.250: [GC
Desired survivor size 4718592 bytes, new threshold 1 (max 15)
 [PSYoungGen: 814528K->2496K(814592K)] 1821214K->1009206K(1838592K), 0.0101930 secs] [Times: user=0.05 sys=0.00, real=0.01 secs] 
1484.532: [GC
Desired survivor size 4718592 bytes, new threshold 1 (max 15)
 [PSYoungGen: 812480K->416K(814592K)] 1819190K->1007150K(1838592K), 0.0084560 secs] [Times: user=0.04 sys=0.00, real=0.01 secs] 
1484.811: [GC
Desired survivor size 5242880 bytes, new threshold 1 (max 15)
 [PSYoungGen: 810400K->3136K(813568K)] 1817134K->1010086K(1837568K), 0.0101070 secs] [Times: user=0.06 sys=0.01, real=0.01 secs] 
1485.074: [GC
Desired survivor size 4718592 bytes, new threshold 1 (max 15)
 [PSYoungGen: 812096K->2016K(814080K)] 1819046K->1008998K(1838080K), 0.0104980 secs] [Times: user=0.06 sys=0.00, real=0.01 secs] 
1485.333: [GC
Desired survivor size 4718592 bytes, new threshold 1 (max 15)
 [PSYoungGen: 810976K->2816K(814592K)] 1817958K->1009822K(1838592K), 0.0098160 secs] [Times: user=0.05 sys=0.00, real=0.01 secs] 
1485.590: [GC
Desired survivor size 4718592 bytes, new threshold 1 (max 15)
 [PSYoungGen: 812800K->2272K(814592K)] 1819806K->1009542K(1838592K), 0.0101050 secs] [Times: user=0.06 sys=0.00, real=0.01 secs] 
1485.858: [GC
Desired survivor size 4718592 bytes, new threshold 1 (max 15)
 [PSYoungGen: 812256K->2240K(814592K)] 1819526K->1010486K(1838592K), 0.0102270 secs] [Times: user=0.07 sys=0.00, real=0.02 secs] 
1486.127: [GC
Desired survivor size 4194304 bytes, new threshold 1 (max 15)
 [PSYoungGen: 812224K->1632K(814592K)] 1820470K->1009910K(1838592K), 0.0095010 secs] [Times: user=0.07 sys=0.00, real=0.01 secs] 
1486.397: [GC
Desired survivor size 4194304 bytes, new threshold 1 (max 15)
 [PSYoungGen: 811616K->1408K(815104K)] 1819894K->1009710K(1839104K), 0.0094000 secs] [Times: user=0.06 sys=0.01, real=0.01 secs] 
1486.659: [GC
Desired survivor size 4194304 bytes, new threshold 1 (max 15)
 [PSYoungGen: 812416K->960K(815104K)] 1820718K->1009302K(1839104K), 0.0090140 secs] [Times: user=0.05 sys=0.00, real=0.00 secs] 
1486.928: [GC
Desired survivor size 4194304 bytes, new threshold 1 (max 15)
 [PSYoungGen: 811968K->1504K(815104K)] 1820310K->1009870K(1839104K), 0.0098760 secs] [Times: user=0.05 sys=0.00, real=0.01 secs] 
1487.192: [GC
Desired survivor size 4718592 bytes, new threshold 1 (max 15)
 [PSYoungGen: 812512K->3200K(814592K)] 1820878K->1011590K(1838592K), 0.0103880 secs] [Times: user=0.06 sys=0.00, real=0.01 secs] 
1487.458: [GC
Desired survivor size 4718592 bytes, new threshold 1 (max 15)
 [PSYoungGen: 814208K->2528K(814592K)] 1822598K->1010950K(1838592K), 0.0106980 secs] [Times: user=0.06 sys=0.00, real=0.02 secs] 
1487.728: [GC
Desired survivor size 4194304 bytes, new threshold 1 (max 15)
 [PSYoungGen: 812512K->1312K(814592K)] 1820934K->1009758K(1838592K), 0.0093590 secs] [Times: user=0.05 sys=0.01, real=0.00 secs] 
1487.990: [GC
Desired survivor size 4194304 bytes, new threshold 1 (max 15)
 [PSYoungGen: 811296K->1120K(815104K)] 1819742K->1009606K(1839104K), 0.0093930 secs] [Times: user=0.05 sys=0.00, real=0.01 secs] 
1488.257: [GC
Desired survivor size 4194304 bytes, new threshold 1 (max 15)
 [PSYoungGen: 812128K->1888K(815104K)] 1820614K->1010406K(1839104K), 0.0093330 secs] [Times: user=0.05 sys=0.00, real=0.01 secs] 
1488.586: [GC
Desired survivor size 4194304 bytes, new threshold 1 (max 15)
 [PSYoungGen: 812896K->2496K(815104K)] 1821414K->1011046K(1839104K), 0.0095830 secs] [Times: user=0.06 sys=0.00, real=0.01 secs] 
1488.925: [GC
Desired survivor size 4194304 bytes, new threshold 1 (max 15)
 [PSYoungGen: 813504K->1184K(815104K)] 1822054K->1009766K(1839104K), 0.0091530 secs] [Times: user=0.05 sys=0.00, real=0.01 secs] 
1489.197: [GC
Desired survivor size 4194304 bytes, new threshold 1 (max 15)
 [PSYoungGen: 812192K->768K(815104K)] 1820774K->1009398K(1839104K), 0.0089080 secs] [Times: user=0.05 sys=0.00, real=0.01 secs] 
1489.458: [GC
Desired survivor size 4194304 bytes, new threshold 1 (max 15)
 [PSYoungGen: 811776K->2080K(815104K)] 1820406K->1010742K(1839104K), 0.0097600 secs] [Times: user=0.05 sys=0.00, real=0.01 secs] 
1489.736: [GC
Desired survivor size 3670016 bytes, new threshold 1 (max 15)
 [PSYoungGen: 813088K->2048K(815616K)] 1821750K->1010734K(1839616K), 0.0601820 secs] [Times: user=0.07 sys=0.00, real=0.06 secs] 
1490.081: [GC
Desired survivor size 4194304 bytes, new threshold 1 (max 15)
 [PSYoungGen: 813568K->3008K(815104K)] 1822254K->1011718K(1839104K), 0.0097330 secs] [Times: user=0.06 sys=0.00, real=0.01 secs] 
1490.348: [GC
Desired survivor size 4194304 bytes, new threshold 1 (max 15)
 [PSYoungGen: 814528K->768K(815104K)] 1823238K->1009510K(1839104K), 0.0093450 secs] [Times: user=0.05 sys=0.00, real=0.01 secs] 
1490.622: [GC
Desired survivor size 4194304 bytes, new threshold 1 (max 15)
 [PSYoungGen: 811776K->704K(815104K)] 1820518K->1009478K(1839104K), 0.0092800 secs] [Times: user=0.06 sys=0.00, real=0.01 secs] 
1490.907: [GC
Desired survivor size 4194304 bytes, new threshold 1 (max 15)
 [PSYoungGen: 811712K->2272K(815104K)] 1820486K->1011086K(1839104K), 0.0096740 secs] [Times: user=0.06 sys=0.00, real=0.01 secs] 
1491.173: [GC
Desired survivor size 4194304 bytes, new threshold 1 (max 15)
 [PSYoungGen: 813280K->2048K(815104K)] 1822094K->1010878K(1839104K), 0.0092670 secs] [Times: user=0.05 sys=0.00, real=0.01 secs] 
1491.435: [GC
Desired survivor size 4194304 bytes, new threshold 1 (max 15)
 [PSYoungGen: 813056K->2528K(815104K)] 1821886K->1011390K(1839104K), 0.0102520 secs] [Times: user=0.05 sys=0.00, real=0.01 secs] 
1491.703: [GC
Desired survivor size 4194304 bytes, new threshold 1 (max 15)
 [PSYoungGen: 813536K->1056K(815104K)] 1822398K->1009958K(1839104K), 0.0091290 secs] [Times: user=0.06 sys=0.00, real=0.01 secs] 
1492.004: [GC
Desired survivor size 4194304 bytes, new threshold 1 (max 15)
 [PSYoungGen: 812064K->2144K(815104K)] 1820966K->1011078K(1839104K), 0.0095650 secs] [Times: user=0.05 sys=0.00, real=0.01 secs] 
1492.272: [GC
Desired survivor size 4194304 bytes, new threshold 1 (max 15)
 [PSYoungGen: 813152K->2112K(815104K)] 1822086K->1011078K(1839104K), 0.0104090 secs] [Times: user=0.06 sys=0.00, real=0.01 secs] 
1492.536: [GC
Desired survivor size 3670016 bytes, new threshold 1 (max 15)
 [PSYoungGen: 813120K->1504K(815616K)] 1822086K->1010494K(1839616K), 0.0119640 secs] [Times: user=0.05 sys=0.00, real=0.01 secs] 
1492.816: [GC
Desired survivor size 3670016 bytes, new threshold 1 (max 15)
 [PSYoungGen: 813024K->2240K(815104K)] 1822014K->1011266K(1839104K), 0.0097330 secs] [Times: user=0.07 sys=0.00, real=0.01 secs] 
1493.075: [GC
Desired survivor size 3670016 bytes, new threshold 1 (max 15)
 [PSYoungGen: 813760K->960K(815616K)] 1822786K->1010010K(1839616K), 0.0104050 secs] [Times: user=0.06 sys=0.00, real=0.01 secs] 
1493.343: [GC
Desired survivor size 3670016 bytes, new threshold 1 (max 15)
 [PSYoungGen: 812992K->2016K(815616K)] 1822042K->1011090K(1839616K), 0.0097560 secs] [Times: user=0.05 sys=0.00, real=0.01 secs] 
1493.610: [GC
Desired survivor size 3670016 bytes, new threshold 1 (max 15)
 [PSYoungGen: 814048K->1280K(815616K)] 1823122K->1010378K(1839616K), 0.0093690 secs] [Times: user=0.05 sys=0.00, real=0.01 secs] 
1493.883: [GC
Desired survivor size 3670016 bytes, new threshold 1 (max 15)
 [PSYoungGen: 813312K->1216K(815616K)] 1822410K->1010346K(1839616K), 0.0094580 secs] [Times: user=0.05 sys=0.00, real=0.01 secs] 
1494.148: [GC
Desired survivor size 3670016 bytes, new threshold 1 (max 15)
 [PSYoungGen: 813248K->2048K(815616K)] 1822378K->1011202K(1839616K), 0.0096060 secs] [Times: user=0.05 sys=0.00, real=0.01 secs] 
1494.416: [GC
Desired survivor size 3670016 bytes, new threshold 1 (max 15)
 [PSYoungGen: 814080K->2112K(815616K)] 1823234K->1011306K(1839616K), 0.0099570 secs] [Times: user=0.04 sys=0.00, real=0.01 secs] 
1494.696: [GC
Desired survivor size 3670016 bytes, new threshold 1 (max 15)
 [PSYoungGen: 814144K->928K(815616K)] 1823338K->1010154K(1839616K), 0.0101950 secs] [Times: user=0.07 sys=0.00, real=0.01 secs] 
1494.958: [GC
Desired survivor size 3670016 bytes, new threshold 1 (max 15)
 [PSYoungGen: 812960K->1440K(815616K)] 1822186K->1010690K(1839616K), 0.0094360 secs] [Times: user=0.05 sys=0.01, real=0.01 secs] 
1495.225: [GC
Desired survivor size 3670016 bytes, new threshold 1 (max 15)
 [PSYoungGen: 813472K->2080K(815616K)] 1822722K->1011354K(1839616K), 0.0102550 secs] [Times: user=0.06 sys=0.00, real=0.01 secs] 
1495.492: [GC
Desired survivor size 3670016 bytes, new threshold 1 (max 15)
 [PSYoungGen: 814112K->2848K(815616K)] 1823386K->1012138K(1839616K), 0.0096520 secs] [Times: user=0.05 sys=0.01, real=0.01 secs] 
1495.763: [GC
Desired survivor size 3670016 bytes, new threshold 1 (max 15)
 [PSYoungGen: 814880K->2464K(815616K)] 1824170K->1011770K(1839616K), 0.0100210 secs] [Times: user=0.06 sys=0.01, real=0.01 secs] 
1496.027: [GC
Desired survivor size 3670016 bytes, new threshold 1 (max 15)
 [PSYoungGen: 814496K->736K(815616K)] 1823802K->1010074K(1839616K), 0.0102930 secs] [Times: user=0.06 sys=0.01, real=0.01 secs] 
1496.290: [GC
Desired survivor size 3670016 bytes, new threshold 1 (max 15)
 [PSYoungGen: 812768K->2080K(815616K)] 1822106K->1011458K(1839616K), 0.0105120 secs] [Times: user=0.05 sys=0.00, real=0.02 secs] 
1496.563: [GC
Desired survivor size 3670016 bytes, new threshold 1 (max 15)
 [PSYoungGen: 814112K->1600K(815616K)] 1823490K->1010994K(1839616K), 0.0094070 secs] [Times: user=0.05 sys=0.00, real=0.01 secs] 
1496.845: [GC
Desired survivor size 3670016 bytes, new threshold 1 (max 15)
 [PSYoungGen: 813632K->704K(815616K)] 1823026K->1010114K(1839616K), 0.0096840 secs] [Times: user=0.04 sys=0.00, real=0.01 secs] 
1497.123: [GC
Desired survivor size 3670016 bytes, new threshold 1 (max 15)
 [PSYoungGen: 812736K->1376K(815616K)] 1822146K->1010802K(1839616K), 0.0105520 secs] [Times: user=0.05 sys=0.00, real=0.01 secs] 
1497.395: [GC
Desired survivor size 3670016 bytes, new threshold 1 (max 15)
 [PSYoungGen: 813408K->1824K(815616K)] 1822834K->1011266K(1839616K), 0.0103270 secs] [Times: user=0.04 sys=0.00, real=0.01 secs] 
1497.657: [GC
Desired survivor size 3145728 bytes, new threshold 1 (max 15)
 [PSYoungGen: 813856K->1280K(815616K)] 1823298K->1010738K(1839616K), 0.0096870 secs] [Times: user=0.04 sys=0.00, real=0.01 secs] 
1497.936: [GC
Desired survivor size 3670016 bytes, new threshold 1 (max 15)
 [PSYoungGen: 813312K->2464K(815104K)] 1822770K->1011954K(1839104K), 0.0100510 secs] [Times: user=0.04 sys=0.00, real=0.01 secs] 
1498.205: [GC
Desired survivor size 3670016 bytes, new threshold 1 (max 15)
 [PSYoungGen: 814496K->1920K(815616K)] 1823986K->1011442K(1839616K), 0.0100670 secs] [Times: user=0.05 sys=0.00, real=0.01 secs] 
1498.484: [GC
Desired survivor size 3670016 bytes, new threshold 1 (max 15)
 [PSYoungGen: 813952K->1312K(815616K)] 1823474K->1010858K(1839616K), 0.0093620 secs] [Times: user=0.06 sys=0.00, real=0.01 secs] 
1498.755: [GC
Desired survivor size 3145728 bytes, new threshold 1 (max 15)
 [PSYoungGen: 813344K->1504K(815616K)] 1822890K->1011090K(1839616K), 0.0094900 secs] [Times: user=0.06 sys=0.00, real=0.01 secs] 
1499.012: [GC
Desired survivor size 3145728 bytes, new threshold 1 (max 15)
 [PSYoungGen: 813536K->1888K(816128K)] 1823122K->1011498K(1840128K), 0.0093040 secs] [Times: user=0.05 sys=0.00, real=0.01 secs] 
1499.280: [GC
Desired survivor size 3145728 bytes, new threshold 1 (max 15)
 [PSYoungGen: 814944K->1152K(816128K)] 1824554K->1010786K(1840128K), 0.0098840 secs] [Times: user=0.05 sys=0.00, real=0.01 secs] 
1499.544: [GC
Desired survivor size 3145728 bytes, new threshold 1 (max 15)
 [PSYoungGen: 814208K->1696K(816128K)] 1823842K->1011394K(1840128K), 0.0093680 secs] [Times: user=0.05 sys=0.00, real=0.01 secs] 
1499.828: [GC
Desired survivor size 3145728 bytes, new threshold 1 (max 15)
 [PSYoungGen: 814752K->1088K(816128K)] 1824450K->1010826K(1840128K), 0.0095190 secs] [Times: user=0.04 sys=0.00, real=0.01 secs] 
1500.089: [GC
Desired survivor size 3145728 bytes, new threshold 1 (max 15)
 [PSYoungGen: 814144K->1504K(816128K)] 1823882K->1011266K(1840128K), 0.0097010 secs] [Times: user=0.06 sys=0.00, real=0.01 secs] 
1500.351: [GC
Desired survivor size 3145728 bytes, new threshold 1 (max 15)
 [PSYoungGen: 814560K->1600K(816128K)] 1824322K->1011378K(1840128K), 0.0095440 secs] [Times: user=0.05 sys=0.00, real=0.01 secs] 
1500.610: [GC
Desired survivor size 2621440 bytes, new threshold 1 (max 15)
 [PSYoungGen: 814656K->1120K(816640K)] 1824434K->1010914K(1840640K), 0.0093910 secs] [Times: user=0.06 sys=0.00, real=0.00 secs] 
1500.884: [GC
Desired survivor size 3145728 bytes, new threshold 1 (max 15)
 [PSYoungGen: 814688K->1856K(816128K)] 1824482K->1011682K(1840128K), 0.0096790 secs] [Times: user=0.05 sys=0.00, real=0.01 secs] 
1501.141: [GC
Desired survivor size 3145728 bytes, new threshold 1 (max 15)
 [PSYoungGen: 815424K->2144K(816128K)] 1825250K->1011994K(1840128K), 0.0101610 secs] [Times: user=0.06 sys=0.00, real=0.01 secs] 
1501.408: [GC
Desired survivor size 3145728 bytes, new threshold 1 (max 15)
 [PSYoungGen: 815200K->1952K(816128K)] 1825050K->1011842K(1840128K), 0.0099310 secs] [Times: user=0.05 sys=0.00, real=0.01 secs] 
1501.692: [GC
Desired survivor size 3145728 bytes, new threshold 1 (max 15)
 [PSYoungGen: 815008K->2080K(816128K)] 1824898K->1011994K(1840128K), 0.0119560 secs] [Times: user=0.05 sys=0.00, real=0.01 secs] 
1501.972: [GC
Desired survivor size 3145728 bytes, new threshold 1 (max 15)
 [PSYoungGen: 815136K->2272K(816128K)] 1825050K->1012218K(1840128K), 0.0101660 secs] [Times: user=0.05 sys=0.00, real=0.01 secs] 
1502.252: [GC
Desired survivor size 3145728 bytes, new threshold 1 (max 15)
 [PSYoungGen: 815328K->672K(816128K)] 1825274K->1010626K(1840128K), 0.0103530 secs] [Times: user=0.04 sys=0.00, real=0.01 secs] 
1502.524: [GC
Desired survivor size 3145728 bytes, new threshold 1 (max 15)
 [PSYoungGen: 813728K->2208K(816128K)] 1823682K->1012194K(1840128K), 0.0098380 secs] [Times: user=0.04 sys=0.01, real=0.01 secs] 
1502.801: [GC
Desired survivor size 3145728 bytes, new threshold 1 (max 15)
 [PSYoungGen: 815264K->1440K(816128K)] 1825250K->1011474K(1840128K), 0.0098740 secs] [Times: user=0.06 sys=0.00, real=0.01 secs] 
1503.061: [GC
Desired survivor size 3145728 bytes, new threshold 1 (max 15)
 [PSYoungGen: 814496K->1856K(816128K)] 1824530K->1011930K(1840128K), 0.0100500 secs] [Times: user=0.06 sys=0.00, real=0.01 secs] 
1503.327: [GC
Desired survivor size 3145728 bytes, new threshold 1 (max 15)
 [PSYoungGen: 814912K->1408K(816128K)] 1824986K->1011514K(1840128K), 0.0094850 secs] [Times: user=0.05 sys=0.00, real=0.01 secs] 
1503.599: [GC
Desired survivor size 3145728 bytes, new threshold 1 (max 15)
 [PSYoungGen: 814464K->1408K(816128K)] 1824570K->1011538K(1840128K), 0.0097990 secs] [Times: user=0.05 sys=0.00, real=0.01 secs] 
1503.874: [GC
Desired survivor size 3145728 bytes, new threshold 1 (max 15)
 [PSYoungGen: 814464K->672K(816128K)] 1824594K->1010842K(1840128K), 0.0093640 secs] [Times: user=0.05 sys=0.00, real=0.01 secs] 
1504.134: [GC
Desired survivor size 3145728 bytes, new threshold 1 (max 15)
 [PSYoungGen: 813728K->1216K(816128K)] 1823898K->1011426K(1840128K), 0.0093530 secs] [Times: user=0.05 sys=0.00, real=0.01 secs] 
1504.400: [GC
Desired survivor size 3145728 bytes, new threshold 1 (max 15)
 [PSYoungGen: 814272K->1056K(816128K)] 1824482K->1011298K(1840128K), 0.0096880 secs] [Times: user=0.06 sys=0.00, real=0.01 secs] 
1504.665: [GC
Desired survivor size 3145728 bytes, new threshold 1 (max 15)
 [PSYoungGen: 814112K->1152K(816128K)] 1824354K->1011442K(1840128K), 0.0131580 secs] [Times: user=0.05 sys=0.00, real=0.01 secs] 
1504.941: [GC
Desired survivor size 3145728 bytes, new threshold 1 (max 15)
 [PSYoungGen: 814208K->2560K(816128K)] 1824498K->1012858K(1840128K), 0.0102440 secs] [Times: user=0.06 sys=0.00, real=0.01 secs] 
1505.217: [GC
Desired survivor size 3145728 bytes, new threshold 1 (max 15)
 [PSYoungGen: 815616K->1536K(816128K)] 1825914K->1011858K(1840128K), 0.0100600 secs] [Times: user=0.06 sys=0.00, real=0.01 secs] 
1505.474: [GC
Desired survivor size 3145728 bytes, new threshold 1 (max 15)
 [PSYoungGen: 814592K->896K(816128K)] 1824914K->1011250K(1840128K), 0.0094020 secs] [Times: user=0.05 sys=0.00, real=0.01 secs] 
1505.756: [GC
Desired survivor size 3145728 bytes, new threshold 1 (max 15)
 [PSYoungGen: 813952K->1440K(816128K)] 1824306K->1011826K(1840128K), 0.0099260 secs] [Times: user=0.06 sys=0.00, real=0.01 secs] 
1506.021: [GC
Desired survivor size 3145728 bytes, new threshold 1 (max 15)
 [PSYoungGen: 814496K->1824K(816128K)] 1824882K->1012242K(1840128K), 0.0100810 secs] [Times: user=0.06 sys=0.00, real=0.01 secs] 
1506.288: [GC
Desired survivor size 3670016 bytes, new threshold 1 (max 15)
 [PSYoungGen: 814880K->3072K(816128K)] 1825298K->1014018K(1840128K), 0.0100130 secs] [Times: user=0.07 sys=0.00, real=0.01 secs] 
1506.548: [GC
Desired survivor size 3670016 bytes, new threshold 1 (max 15)
 [PSYoungGen: 816128K->1056K(815104K)] 1827074K->1012242K(1839104K), 0.0093440 secs] [Times: user=0.06 sys=0.00, real=0.01 secs] 
1506.822: [GC
Desired survivor size 3670016 bytes, new threshold 1 (max 15)
 [PSYoungGen: 813088K->1280K(815616K)] 1824274K->1012562K(1839616K), 0.0092460 secs] [Times: user=0.06 sys=0.01, real=0.00 secs] 
1507.084: [GC
Desired survivor size 3145728 bytes, new threshold 1 (max 15)
 [PSYoungGen: 813312K->1312K(816128K)] 1824594K->1012618K(1840128K), 0.0095360 secs] [Times: user=0.04 sys=0.00, real=0.01 secs] 
1507.359: [GC
Desired survivor size 3145728 bytes, new threshold 1 (max 15)
 [PSYoungGen: 813856K->1536K(815616K)] 1825162K->1012866K(1839616K), 0.0114030 secs] [Times: user=0.04 sys=0.00, real=0.01 secs] 
1507.623: [GC
Desired survivor size 3145728 bytes, new threshold 1 (max 15)
 [PSYoungGen: 814080K->1824K(816128K)] 1825410K->1013178K(1840128K), 0.0097670 secs] [Times: user=0.06 sys=0.00, real=0.01 secs] 
1507.896: [GC
Desired survivor size 3145728 bytes, new threshold 1 (max 15)
 [PSYoungGen: 814880K->1184K(816128K)] 1826234K->1012578K(1840128K), 0.0094340 secs] [Times: user=0.06 sys=0.00, real=0.01 secs] 
1508.165: [GC
Desired survivor size 3145728 bytes, new threshold 1 (max 15)
 [PSYoungGen: 814240K->2496K(816128K)] 1825634K->1013930K(1840128K), 0.0094140 secs] [Times: user=0.06 sys=0.00, real=0.01 secs] 
1508.432: [GC
Desired survivor size 3670016 bytes, new threshold 1 (max 15)
 [PSYoungGen: 815552K->2240K(815616K)] 1826986K->1013706K(1839616K), 0.0101030 secs] [Times: user=0.05 sys=0.00, real=0.01 secs] 
1508.711: [GC
Desired survivor size 3145728 bytes, new threshold 1 (max 15)
 [PSYoungGen: 815296K->1632K(816128K)] 1826762K->1013130K(1840128K), 0.0094910 secs] [Times: user=0.05 sys=0.00, real=0.00 secs] 
1508.974: [GC
Desired survivor size 3145728 bytes, new threshold 1 (max 15)
 [PSYoungGen: 814176K->1632K(815616K)] 1825674K->1013154K(1839616K), 0.0093400 secs] [Times: user=0.06 sys=0.01, real=0.01 secs] 
1509.240: [GC
Desired survivor size 3145728 bytes, new threshold 1 (max 15)
 [PSYoungGen: 814176K->1152K(816128K)] 1825698K->1012706K(1840128K), 0.0095400 secs] [Times: user=0.06 sys=0.00, real=0.01 secs] 
1509.508: [GC
Desired survivor size 3145728 bytes, new threshold 1 (max 15)
 [PSYoungGen: 814208K->2368K(816128K)] 1825762K->1013946K(1840128K), 0.0099180 secs] [Times: user=0.05 sys=0.01, real=0.01 secs] 
1509.776: [GC
Desired survivor size 3145728 bytes, new threshold 1 (max 15)
 [PSYoungGen: 815424K->2208K(816128K)] 1827002K->1013810K(1840128K), 0.0097510 secs] [Times: user=0.06 sys=0.00, real=0.01 secs] 
1510.032: [GC
Desired survivor size 3145728 bytes, new threshold 1 (max 15)
 [PSYoungGen: 815264K->1024K(816128K)] 1826866K->1012650K(1840128K), 0.0089500 secs] [Times: user=0.05 sys=0.00, real=0.00 secs] 
1510.309: [GC
Desired survivor size 3670016 bytes, new threshold 1 (max 15)
 [PSYoungGen: 814080K->512K(815104K)] 1825706K->1012170K(1839104K), 0.0089560 secs] [Times: user=0.05 sys=0.00, real=0.01 secs] 
1510.571: [GC
Desired survivor size 3670016 bytes, new threshold 1 (max 15)
 [PSYoungGen: 812544K->2976K(815616K)] 1824202K->1014682K(1839616K), 0.0121870 secs] [Times: user=0.07 sys=0.00, real=0.02 secs] 
1510.838: [GC
Desired survivor size 3670016 bytes, new threshold 1 (max 15)
 [PSYoungGen: 815008K->1856K(815616K)] 1826714K->1013594K(1839616K), 0.0101020 secs] [Times: user=0.05 sys=0.00, real=0.01 secs] 
1511.097: [GC
Desired survivor size 3670016 bytes, new threshold 1 (max 15)
 [PSYoungGen: 813888K->1280K(815616K)] 1825626K->1013050K(1839616K), 0.0090970 secs] [Times: user=0.05 sys=0.00, real=0.01 secs] 
1511.367: [GC
Desired survivor size 3670016 bytes, new threshold 1 (max 15)
 [PSYoungGen: 813312K->1440K(815616K)] 1825082K->1013242K(1839616K), 0.0092530 secs] [Times: user=0.05 sys=0.00, real=0.01 secs] 
1511.636: [GC
Desired survivor size 3145728 bytes, new threshold 1 (max 15)
 [PSYoungGen: 813472K->1504K(815616K)] 1825274K->1013330K(1839616K), 0.0098090 secs] [Times: user=0.06 sys=0.00, real=0.01 secs] 
1511.948: [GC
Desired survivor size 3145728 bytes, new threshold 1 (max 15)
 [PSYoungGen: 813536K->928K(816128K)] 1825362K->1012770K(1840128K), 0.0092130 secs] [Times: user=0.05 sys=0.00, real=0.01 secs] 
1512.217: [GC
Desired survivor size 3145728 bytes, new threshold 1 (max 15)
 [PSYoungGen: 813984K->1568K(816128K)] 1825826K->1013434K(1840128K), 0.0100120 secs] [Times: user=0.05 sys=0.01, real=0.01 secs] 
1512.477: [GC
Desired survivor size 3670016 bytes, new threshold 1 (max 15)
 [PSYoungGen: 814624K->3072K(815104K)] 1826490K->1015242K(1839104K), 0.0103640 secs] [Times: user=0.07 sys=0.01, real=0.01 secs] 
1512.755: [GC
Desired survivor size 3670016 bytes, new threshold 1 (max 15)
 [PSYoungGen: 815104K->1760K(815616K)] 1827274K->1014034K(1839616K), 0.0100220 secs] [Times: user=0.05 sys=0.00, real=0.01 secs] 
1513.017: [GC
Desired survivor size 3670016 bytes, new threshold 1 (max 15)
 [PSYoungGen: 813792K->1824K(815616K)] 1826066K->1014258K(1839616K), 0.0093500 secs] [Times: user=0.06 sys=0.00, real=0.01 secs] 
1513.276: [GC
Desired survivor size 3145728 bytes, new threshold 1 (max 15)
 [PSYoungGen: 813856K->1440K(815616K)] 1826290K->1013906K(1839616K), 0.0096610 secs] [Times: user=0.06 sys=0.01, real=0.01 secs] 
1513.534: [GC
Desired survivor size 3145728 bytes, new threshold 1 (max 15)
 [PSYoungGen: 813472K->1504K(816128K)] 1825938K->1013986K(1840128K), 0.0096520 secs] [Times: user=0.05 sys=0.00, real=0.01 secs] 
1513.806: [GC
Desired survivor size 3145728 bytes, new threshold 1 (max 15)
 [PSYoungGen: 814560K->1504K(816128K)] 1827042K->1014010K(1840128K), 0.0097810 secs] [Times: user=0.05 sys=0.00, real=0.01 secs] 
1514.066: [GC
Desired survivor size 3145728 bytes, new threshold 1 (max 15)
 [PSYoungGen: 814560K->1152K(816128K)] 1827066K->1013698K(1840128K), 0.0095700 secs] [Times: user=0.06 sys=0.00, real=0.01 secs] 
1514.339: [GC
Desired survivor size 3145728 bytes, new threshold 1 (max 15)
 [PSYoungGen: 814208K->1728K(816128K)] 1826754K->1014306K(1840128K), 0.0098220 secs] [Times: user=0.06 sys=0.00, real=0.01 secs] 
1514.600: [GC
Desired survivor size 3145728 bytes, new threshold 1 (max 15)
 [PSYoungGen: 814784K->1728K(816128K)] 1827362K->1014346K(1840128K), 0.0097090 secs] [Times: user=0.05 sys=0.00, real=0.01 secs] 
1514.874: [GC
Desired survivor size 3145728 bytes, new threshold 1 (max 15)
 [PSYoungGen: 814784K->1632K(816128K)] 1827402K->1014274K(1840128K), 0.0100520 secs] [Times: user=0.05 sys=0.00, real=0.01 secs] 
1515.134: [GC
Desired survivor size 3145728 bytes, new threshold 1 (max 15)
 [PSYoungGen: 814688K->1152K(816128K)] 1827330K->1013818K(1840128K), 0.0093650 secs] [Times: user=0.05 sys=0.00, real=0.01 secs] 
1515.393: [GC
Desired survivor size 3145728 bytes, new threshold 1 (max 15)
 [PSYoungGen: 814208K->2592K(816128K)] 1826874K->1015266K(1840128K), 0.0104890 secs] [Times: user=0.06 sys=0.00, real=0.01 secs] 
1515.659: [GC
Desired survivor size 3145728 bytes, new threshold 1 (max 15)
 [PSYoungGen: 815648K->2272K(816128K)] 1828322K->1014978K(1840128K), 0.0107870 secs] [Times: user=0.05 sys=0.00, real=0.01 secs] 
1515.932: [GC
Desired survivor size 3145728 bytes, new threshold 1 (max 15)
 [PSYoungGen: 815328K->2144K(816128K)] 1828034K->1014882K(1840128K), 0.0097420 secs] [Times: user=0.06 sys=0.00, real=0.01 secs] 
1516.191: [GC
Desired survivor size 3145728 bytes, new threshold 1 (max 15)
 [PSYoungGen: 815200K->1632K(816128K)] 1827938K->1014418K(1840128K), 0.0093710 secs] [Times: user=0.05 sys=0.00, real=0.01 secs] 
1516.465: [GC
Desired survivor size 3145728 bytes, new threshold 1 (max 15)
 [PSYoungGen: 814688K->928K(816128K)] 1827474K->1013746K(1840128K), 0.0096320 secs] [Times: user=0.05 sys=0.00, real=0.01 secs] 
1516.742: [GC
Desired survivor size 3145728 bytes, new threshold 1 (max 15)
 [PSYoungGen: 813984K->1056K(816128K)] 1826802K->1013898K(1840128K), 0.0094130 secs] [Times: user=0.05 sys=0.00, real=0.01 secs] 
1517.009: [GC
Desired survivor size 3145728 bytes, new threshold 1 (max 15)
 [PSYoungGen: 814112K->544K(816128K)] 1826954K->1013410K(1840128K), 0.0091390 secs] [Times: user=0.06 sys=0.00, real=0.01 secs] 
1517.276: [GC
Desired survivor size 3670016 bytes, new threshold 1 (max 15)
 [PSYoungGen: 813600K->3072K(815104K)] 1826466K->1016178K(1839104K), 0.0103070 secs] [Times: user=0.05 sys=0.00, real=0.01 secs] 
1517.536: [GC
Desired survivor size 3670016 bytes, new threshold 1 (max 15)
 [PSYoungGen: 815104K->1120K(815616K)] 1828210K->1014290K(1839616K), 0.0090530 secs] [Times: user=0.05 sys=0.00, real=0.01 secs] 
1517.815: [GC
Desired survivor size 3670016 bytes, new threshold 1 (max 15)
 [PSYoungGen: 813152K->1504K(815616K)] 1826322K->1014722K(1839616K), 0.0096200 secs] [Times: user=0.05 sys=0.00, real=0.01 secs] 
1518.077: [GC
Desired survivor size 3670016 bytes, new threshold 1 (max 15)
 [PSYoungGen: 813536K->2496K(815616K)] 1826754K->1015762K(1839616K), 0.0116110 secs] [Times: user=0.06 sys=0.00, real=0.01 secs] 
1518.342: [GC
Desired survivor size 3670016 bytes, new threshold 1 (max 15)
 [PSYoungGen: 814528K->1056K(815616K)] 1827794K->1014362K(1839616K), 0.0094520 secs] [Times: user=0.06 sys=0.00, real=0.01 secs] 
1518.606: [GC
Desired survivor size 3670016 bytes, new threshold 1 (max 15)
 [PSYoungGen: 813088K->2016K(815616K)] 1826394K->1015346K(1839616K), 0.0098180 secs] [Times: user=0.05 sys=0.00, real=0.01 secs] 
1518.883: [GC
Desired survivor size 3670016 bytes, new threshold 1 (max 15)
 [PSYoungGen: 814048K->2112K(815616K)] 1827378K->1015466K(1839616K), 0.0099680 secs] [Times: user=0.05 sys=0.00, real=0.01 secs] 
1519.153: [GC
Desired survivor size 3670016 bytes, new threshold 1 (max 15)
 [PSYoungGen: 814144K->1984K(815616K)] 1827498K->1015370K(1839616K), 0.0116500 secs] [Times: user=0.07 sys=0.00, real=0.01 secs] 
1519.415: [GC
Desired survivor size 3670016 bytes, new threshold 1 (max 15)
 [PSYoungGen: 814016K->2176K(815616K)] 1827402K->1015578K(1839616K), 0.0097880 secs] [Times: user=0.06 sys=0.01, real=0.01 secs] 
1519.693: [GC
Desired survivor size 3670016 bytes, new threshold 1 (max 15)
 [PSYoungGen: 814208K->2848K(815616K)] 1827610K->1016282K(1839616K), 0.0103510 secs] [Times: user=0.06 sys=0.00, real=0.01 secs] 
1519.949: [GC
Desired survivor size 3670016 bytes, new threshold 1 (max 15)
 [PSYoungGen: 814880K->1536K(815616K)] 1828314K->1014994K(1839616K), 0.0094260 secs] [Times: user=0.05 sys=0.00, real=0.01 secs] 
1520.212: [GC
Desired survivor size 3670016 bytes, new threshold 1 (max 15)
 [PSYoungGen: 813568K->1216K(815616K)] 1827026K->1014690K(1839616K), 0.0109290 secs] [Times: user=0.05 sys=0.00, real=0.02 secs] 
1520.474: [GC
Desired survivor size 3670016 bytes, new threshold 1 (max 15)
 [PSYoungGen: 813248K->960K(815616K)] 1826722K->1014466K(1839616K), 0.0094240 secs] [Times: user=0.05 sys=0.01, real=0.01 secs] 
1520.747: [GC
Desired survivor size 3670016 bytes, new threshold 1 (max 15)
 [PSYoungGen: 812992K->1952K(815616K)] 1826498K->1015490K(1839616K), 0.0099530 secs] [Times: user=0.06 sys=0.00, real=0.01 secs] 
1521.008: [GC
Desired survivor size 3670016 bytes, new threshold 1 (max 15)
 [PSYoungGen: 813984K->2752K(815616K)] 1827522K->1016778K(1839616K), 0.0101530 secs] [Times: user=0.05 sys=0.00, real=0.01 secs] 
1521.277: [GC
Desired survivor size 3670016 bytes, new threshold 1 (max 15)
 [PSYoungGen: 814784K->1568K(815616K)] 1828810K->1016778K(1839616K), 0.0096630 secs] [Times: user=0.05 sys=0.00, real=0.01 secs] 
1521.535: [GC
Desired survivor size 3670016 bytes, new threshold 1 (max 15)
 [PSYoungGen: 813600K->2656K(815616K)] 1828810K->1017954K(1839616K), 0.0101220 secs] [Times: user=0.05 sys=0.00, real=0.01 secs] 
1521.808: [GC
Desired survivor size 3670016 bytes, new threshold 1 (max 15)
 [PSYoungGen: 814688K->2496K(815616K)] 1829986K->1017834K(1839616K), 0.0096020 secs] [Times: user=0.05 sys=0.00, real=0.01 secs] 
1522.066: [GC
Desired survivor size 4194304 bytes, new threshold 1 (max 15)
 [PSYoungGen: 814528K->3360K(814592K)] 1829866K->1018722K(1838592K), 0.0103640 secs] [Times: user=0.05 sys=0.00, real=0.01 secs] 
1522.332: [GC
Desired survivor size 4194304 bytes, new threshold 1 (max 15)
 [PSYoungGen: 814368K->1088K(815104K)] 1829730K->1016474K(1839104K), 0.0095350 secs] [Times: user=0.04 sys=0.00, real=0.01 secs] 
1522.595: [GC
Desired survivor size 4194304 bytes, new threshold 1 (max 15)
 [PSYoungGen: 812096K->2848K(815104K)] 1827482K->1018250K(1839104K), 0.0099000 secs] [Times: user=0.05 sys=0.00, real=0.01 secs] 
1522.863: [GC
Desired survivor size 4194304 bytes, new threshold 1 (max 15)
 [PSYoungGen: 813856K->2080K(815104K)] 1829258K->1017698K(1839104K), 0.0105530 secs] [Times: user=0.05 sys=0.00, real=0.02 secs] 
1523.132: [GC
Desired survivor size 4194304 bytes, new threshold 1 (max 15)
 [PSYoungGen: 813088K->1248K(815104K)] 1828706K->1017426K(1839104K), 0.0094300 secs] [Times: user=0.06 sys=0.00, real=0.01 secs] 
1523.392: [GC
Desired survivor size 4194304 bytes, new threshold 1 (max 15)
 [PSYoungGen: 812256K->2144K(815104K)] 1828434K->1018426K(1839104K), 0.0100630 secs] [Times: user=0.05 sys=0.00, real=0.01 secs] 
1523.656: [GC
Desired survivor size 4194304 bytes, new threshold 1 (max 15)
 [PSYoungGen: 813152K->1408K(815104K)] 1829434K->1017722K(1839104K), 0.0098500 secs] [Times: user=0.06 sys=0.00, real=0.01 secs] 
1523.930: [GC
Desired survivor size 3670016 bytes, new threshold 1 (max 15)
 [PSYoungGen: 812416K->1216K(815104K)] 1828730K->1017578K(1839104K), 0.0091060 secs] [Times: user=0.05 sys=0.00, real=0.01 secs] 
1524.195: [GC
Desired survivor size 3670016 bytes, new threshold 1 (max 15)
 [PSYoungGen: 812224K->1792K(815616K)] 1828586K->1018194K(1839616K), 0.0100030 secs] [Times: user=0.06 sys=0.00, real=0.01 secs] 
1524.468: [GC
Desired survivor size 3670016 bytes, new threshold 1 (max 15)
 [PSYoungGen: 813824K->448K(815616K)] 1830226K->1016882K(1839616K), 0.0089260 secs] [Times: user=0.05 sys=0.00, real=0.01 secs] 
1524.825: [GC
Desired survivor size 3670016 bytes, new threshold 1 (max 15)
 [PSYoungGen: 812480K->1600K(815616K)] 1828914K->1018066K(1839616K), 0.0187200 secs] [Times: user=0.06 sys=0.00, real=0.01 secs] 
1525.109: [GC
Desired survivor size 3670016 bytes, new threshold 1 (max 15)
 [PSYoungGen: 813632K->1792K(815616K)] 1830098K->1018290K(1839616K), 0.0092460 secs] [Times: user=0.06 sys=0.00, real=0.01 secs] 
1525.374: [GC
Desired survivor size 3670016 bytes, new threshold 1 (max 15)
 [PSYoungGen: 813824K->1824K(815616K)] 1830322K->1018338K(1839616K), 0.0097440 secs] [Times: user=0.06 sys=0.00, real=0.01 secs] 
1525.637: [GC
Desired survivor size 3670016 bytes, new threshold 1 (max 15)
 [PSYoungGen: 813856K->608K(815616K)] 1830370K->1017154K(1839616K), 0.0091840 secs] [Times: user=0.06 sys=0.01, real=0.01 secs] 
1525.909: [GC
Desired survivor size 3670016 bytes, new threshold 1 (max 15)
 [PSYoungGen: 812640K->2752K(815616K)] 1829186K->1019322K(1839616K), 0.0103880 secs] [Times: user=0.05 sys=0.00, real=0.01 secs] 
1526.169: [GC
Desired survivor size 3670016 bytes, new threshold 1 (max 15)
 [PSYoungGen: 814784K->1408K(815616K)] 1831354K->1017994K(1839616K), 0.0094890 secs] [Times: user=0.05 sys=0.00, real=0.01 secs] 
1526.436: [GC
Desired survivor size 3670016 bytes, new threshold 1 (max 15)
 [PSYoungGen: 813440K->736K(815616K)] 1830026K->1017338K(1839616K), 0.0092830 secs] [Times: user=0.04 sys=0.01, real=0.01 secs] 
1526.702: [GC
Desired survivor size 3670016 bytes, new threshold 1 (max 15)
 [PSYoungGen: 812768K->512K(815616K)] 1829370K->1017146K(1839616K), 0.0098920 secs] [Times: user=0.04 sys=0.00, real=0.01 secs] 
1526.970: [GC
Desired survivor size 4718592 bytes, new threshold 1 (max 15)
 [PSYoungGen: 812544K->3584K(813568K)] 1829178K->1021010K(1837568K), 0.0107050 secs] [Times: user=0.07 sys=0.00, real=0.01 secs] 
1527.231: [GC
Desired survivor size 4718592 bytes, new threshold 1 (max 15)
 [PSYoungGen: 813568K->2976K(814592K)] 1830994K->1020650K(1838592K), 0.0106180 secs] [Times: user=0.06 sys=0.00, real=0.01 secs] 
1527.494: [GC
Desired survivor size 4718592 bytes, new threshold 1 (max 15)
 [PSYoungGen: 812960K->2080K(814592K)] 1830634K->1019794K(1838592K), 0.0094440 secs] [Times: user=0.05 sys=0.00, real=0.00 secs] 
1527.762: [GC
Desired survivor size 4194304 bytes, new threshold 1 (max 15)
 [PSYoungGen: 812064K->2176K(814592K)] 1829778K->1019914K(1838592K), 0.0098250 secs] [Times: user=0.05 sys=0.01, real=0.01 secs] 
1528.034: [GC
Desired survivor size 4194304 bytes, new threshold 1 (max 15)
 [PSYoungGen: 812160K->832K(815104K)] 1829898K->1018602K(1839104K), 0.0093010 secs] [Times: user=0.05 sys=0.00, real=0.00 secs] 
1528.307: [GC
Desired survivor size 4194304 bytes, new threshold 1 (max 15)
 [PSYoungGen: 811840K->1280K(815104K)] 1829610K->1019090K(1839104K), 0.0094410 secs] [Times: user=0.05 sys=0.00, real=0.01 secs] 
1528.568: [GC
Desired survivor size 4194304 bytes, new threshold 1 (max 15)
 [PSYoungGen: 812288K->2016K(815104K)] 1830098K->1019842K(1839104K), 0.0099300 secs] [Times: user=0.06 sys=0.00, real=0.01 secs] 
1528.847: [GC
Desired survivor size 4194304 bytes, new threshold 1 (max 15)
 [PSYoungGen: 813024K->1088K(815104K)] 1830850K->1019202K(1839104K), 0.0092890 secs] [Times: user=0.05 sys=0.00, real=0.01 secs] 
1529.105: [GC
Desired survivor size 4194304 bytes, new threshold 1 (max 15)
 [PSYoungGen: 812096K->736K(815104K)] 1830210K->1019154K(1839104K), 0.0092770 secs] [Times: user=0.05 sys=0.00, real=0.01 secs] 
1529.383: [GC
Desired survivor size 3670016 bytes, new threshold 1 (max 15)
 [PSYoungGen: 811744K->1728K(815104K)] 1830162K->1020322K(1839104K), 0.0099070 secs] [Times: user=0.05 sys=0.00, real=0.01 secs] 
1529.652: [GC
Desired survivor size 3670016 bytes, new threshold 1 (max 15)
 [PSYoungGen: 812736K->1984K(815616K)] 1831330K->1020618K(1839616K), 0.0097390 secs] [Times: user=0.05 sys=0.00, real=0.01 secs] 
1529.924: [GC
Desired survivor size 3670016 bytes, new threshold 1 (max 15)
 [PSYoungGen: 814016K->1280K(815616K)] 1832650K->1019930K(1839616K), 0.0092920 secs] [Times: user=0.05 sys=0.00, real=0.01 secs] 
1530.186: [GC
Desired survivor size 4194304 bytes, new threshold 1 (max 15)
 [PSYoungGen: 813312K->3168K(814592K)] 1831962K->1022386K(1838592K), 0.0107200 secs] [Times: user=0.06 sys=0.00, real=0.01 secs] 
1530.452: [GC
Desired survivor size 4194304 bytes, new threshold 1 (max 15)
 [PSYoungGen: 814176K->1440K(815104K)] 1833394K->1021498K(1839104K), 0.0100800 secs] [Times: user=0.06 sys=0.00, real=0.01 secs] 
1530.719: [GC
Desired survivor size 3670016 bytes, new threshold 1 (max 15)
 [PSYoungGen: 812448K->1408K(815616K)] 1832506K->1021546K(1839616K), 0.0103120 secs] [Times: user=0.05 sys=0.01, real=0.01 secs] 
1530.986: [GC
Desired survivor size 4194304 bytes, new threshold 1 (max 15)
 [PSYoungGen: 812928K->2528K(815104K)] 1833066K->1022690K(1839104K), 0.0100780 secs] [Times: user=0.06 sys=0.00, real=0.01 secs] 
1531.260: [GC
Desired survivor size 3670016 bytes, new threshold 1 (max 15)
 [PSYoungGen: 814048K->1248K(815616K)] 1834210K->1021426K(1839616K), 0.0098350 secs] [Times: user=0.05 sys=0.00, real=0.01 secs] 
1531.517: [GC
Desired survivor size 4194304 bytes, new threshold 1 (max 15)
 [PSYoungGen: 812768K->2944K(815104K)] 1832946K->1023130K(1839104K), 0.0101120 secs] [Times: user=0.06 sys=0.01, real=0.01 secs] 
1531.791: [GC
Desired survivor size 4194304 bytes, new threshold 1 (max 15)
 [PSYoungGen: 814464K->1888K(815104K)] 1834650K->1022090K(1839104K), 0.0096700 secs] [Times: user=0.06 sys=0.00, real=0.01 secs] 
1532.086: [GC
Desired survivor size 3670016 bytes, new threshold 1 (max 15)
 [PSYoungGen: 812896K->1664K(815104K)] 1833098K->1021890K(1839104K), 0.0097570 secs] [Times: user=0.05 sys=0.00, real=0.01 secs] 
1532.351: [GC
Desired survivor size 3670016 bytes, new threshold 1 (max 15)
 [PSYoungGen: 812672K->832K(815616K)] 1832898K->1021090K(1839616K), 0.0096580 secs] [Times: user=0.06 sys=0.00, real=0.01 secs] 
1532.620: [GC
Desired survivor size 3670016 bytes, new threshold 1 (max 15)
 [PSYoungGen: 812864K->2016K(815616K)] 1833122K->1022330K(1839616K), 0.0104020 secs] [Times: user=0.06 sys=0.00, real=0.01 secs] 
1532.898: [GC
Desired survivor size 3670016 bytes, new threshold 1 (max 15)
 [PSYoungGen: 814048K->1312K(815616K)] 1834362K->1021666K(1839616K), 0.0099230 secs] [Times: user=0.05 sys=0.00, real=0.01 secs] 
1533.165: [GC
Desired survivor size 3670016 bytes, new threshold 1 (max 15)
 [PSYoungGen: 813344K->1856K(815616K)] 1833698K->1022986K(1839616K), 0.0100110 secs] [Times: user=0.06 sys=0.00, real=0.01 secs] 
1533.423: [GC
Desired survivor size 3670016 bytes, new threshold 1 (max 15)
 [PSYoungGen: 813888K->2752K(815616K)] 1835018K->1024530K(1839616K), 0.0102840 secs] [Times: user=0.06 sys=0.00, real=0.01 secs] 
1533.712: [GC
Desired survivor size 4194304 bytes, new threshold 1 (max 15)
 [PSYoungGen: 814784K->2784K(815104K)] 1836562K->1024794K(1839104K), 0.0114300 secs] [Times: user=0.07 sys=0.00, real=0.01 secs] 
1533.976: [GC
Desired survivor size 4194304 bytes, new threshold 1 (max 15)
 [PSYoungGen: 814816K->1120K(815104K)] 1836826K->1023170K(1839104K), 0.0096060 secs] [Times: user=0.06 sys=0.00, real=0.01 secs] 
1534.247: [GC
Desired survivor size 4194304 bytes, new threshold 1 (max 15)
 [PSYoungGen: 812128K->2304K(815104K)] 1834178K->1024394K(1839104K), 0.0099640 secs] [Times: user=0.06 sys=0.00, real=0.01 secs] 
1534.927: [GC
Desired survivor size 3670016 bytes, new threshold 1 (max 15)
 [PSYoungGen: 813312K->1696K(815616K)] 1835402K->1023818K(1839616K), 0.0465220 secs] [Times: user=0.06 sys=0.00, real=0.04 secs] 
1535.263: [GC
Desired survivor size 3670016 bytes, new threshold 1 (max 15)
 [PSYoungGen: 813216K->1824K(815104K)] 1835338K->1023970K(1839104K), 0.0102500 secs] [Times: user=0.07 sys=0.00, real=0.01 secs] 
1535.534: [GC
Desired survivor size 3670016 bytes, new threshold 1 (max 15)
 [PSYoungGen: 813344K->1184K(815616K)] 1835490K->1023370K(1839616K), 0.0092120 secs] [Times: user=0.05 sys=0.00, real=0.01 secs] 
1535.812: [GC
Desired survivor size 3670016 bytes, new threshold 1 (max 15)
 [PSYoungGen: 813216K->2816K(815616K)] 1835402K->1025026K(1839616K), 0.0106590 secs] [Times: user=0.05 sys=0.00, real=0.01 secs] 
1536.080: [GC
Desired survivor size 3670016 bytes, new threshold 1 (max 15)
 [PSYoungGen: 814848K->1696K(815616K)] 1837058K->1024490K(1839616K), 0.0098710 secs] [Times: user=0.06 sys=0.00, real=0.01 secs] 
1536.345: [GC
Desired survivor size 3670016 bytes, new threshold 1 (max 15)
 [PSYoungGen: 813728K->1152K(815616K)] 1836522K->1024298K(1839616K), 0.0094270 secs] [Times: user=0.06 sys=0.00, real=0.01 secs] 
1536.608: [GC
Desired survivor size 4194304 bytes, new threshold 1 (max 15)
 [PSYoungGen: 813184K->3584K(814592K)] 1836330K->1026778K(1838592K), 0.0107560 secs] [Times: user=0.06 sys=0.00, real=0.01 secs] 
1536.886: [GC
Desired survivor size 4194304 bytes, new threshold 1 (max 15)
 [PSYoungGen: 814592K->640K(815104K)] 1837786K->1023858K(1839104K), 0.0091220 secs] [Times: user=0.05 sys=0.00, real=0.00 secs] 
1537.154: [GC
Desired survivor size 4194304 bytes, new threshold 1 (max 15)
 [PSYoungGen: 811648K->1024K(815104K)] 1834866K->1024266K(1839104K), 0.0111720 secs] [Times: user=0.05 sys=0.00, real=0.01 secs] 
1537.419: [GC
Desired survivor size 4194304 bytes, new threshold 1 (max 15)
 [PSYoungGen: 812032K->2592K(815104K)] 1835274K->1025866K(1839104K), 0.0102820 secs] [Times: user=0.06 sys=0.00, real=0.01 secs] 
1537.690: [GC
Desired survivor size 4194304 bytes, new threshold 1 (max 15)
 [PSYoungGen: 813600K->1216K(815104K)] 1836874K->1024506K(1839104K), 0.0095170 secs] [Times: user=0.05 sys=0.00, real=0.01 secs] 
1537.949: [GC
Desired survivor size 4194304 bytes, new threshold 1 (max 15)
 [PSYoungGen: 812224K->928K(815104K)] 1835514K->1024242K(1839104K), 0.0095070 secs] [Times: user=0.06 sys=0.00, real=0.01 secs] 
1538.226: [GC
Desired survivor size 4194304 bytes, new threshold 1 (max 15)
 [PSYoungGen: 811936K->2048K(815104K)] 1835250K->1025386K(1839104K), 0.0096450 secs] [Times: user=0.06 sys=0.00, real=0.01 secs] 
1538.492: [GC
Desired survivor size 3670016 bytes, new threshold 1 (max 15)
 [PSYoungGen: 813056K->1344K(815104K)] 1836394K->1024714K(1839104K), 0.0095320 secs] [Times: user=0.05 sys=0.01, real=0.01 secs] 
1538.764: [GC
Desired survivor size 3670016 bytes, new threshold 1 (max 15)
 [PSYoungGen: 812352K->960K(815616K)] 1835722K->1024370K(1839616K), 0.0096460 secs] [Times: user=0.06 sys=0.00, real=0.01 secs] 
1539.021: [GC
Desired survivor size 3670016 bytes, new threshold 1 (max 15)
 [PSYoungGen: 812992K->2272K(815616K)] 1836402K->1025706K(1839616K), 0.0099810 secs] [Times: user=0.05 sys=0.01, real=0.01 secs] 
1539.287: [GC
Desired survivor size 3670016 bytes, new threshold 1 (max 15)
 [PSYoungGen: 814304K->992K(815616K)] 1837738K->1024458K(1839616K), 0.0090390 secs] [Times: user=0.05 sys=0.00, real=0.01 secs] 
1539.554: [GC
Desired survivor size 3670016 bytes, new threshold 1 (max 15)
 [PSYoungGen: 813024K->1632K(815616K)] 1836490K->1025146K(1839616K), 0.0095490 secs] [Times: user=0.05 sys=0.00, real=0.01 secs] 
1539.827: [GC
Desired survivor size 3670016 bytes, new threshold 1 (max 15)
 [PSYoungGen: 813664K->1440K(815616K)] 1837178K->1024986K(1839616K), 0.0095710 secs] [Times: user=0.05 sys=0.00, real=0.01 secs] 
1540.091: [GC
Desired survivor size 3145728 bytes, new threshold 1 (max 15)
 [PSYoungGen: 813472K->1344K(815616K)] 1837018K->1024906K(1839616K), 0.0093190 secs] [Times: user=0.05 sys=0.00, real=0.01 secs] 
1540.367: [GC
Desired survivor size 3670016 bytes, new threshold 1 (max 15)
 [PSYoungGen: 813376K->576K(815104K)] 1836938K->1024162K(1839104K), 0.0096170 secs] [Times: user=0.06 sys=0.00, real=0.01 secs] 
1540.639: [GC
Desired survivor size 3145728 bytes, new threshold 1 (max 15)
 [PSYoungGen: 812608K->928K(815616K)] 1836194K->1024538K(1839616K), 0.0091820 secs] [Times: user=0.06 sys=0.00, real=0.01 secs] 
1540.903: [GC
Desired survivor size 3670016 bytes, new threshold 1 (max 15)
 [PSYoungGen: 812960K->2528K(815104K)] 1836570K->1026162K(1839104K), 0.0096290 secs] [Times: user=0.06 sys=0.00, real=0.01 secs] 
1541.167: [GC
Desired survivor size 3670016 bytes, new threshold 1 (max 15)
 [PSYoungGen: 814560K->2592K(815616K)] 1838194K->1026250K(1839616K), 0.0099810 secs] [Times: user=0.06 sys=0.00, real=0.01 secs] 
1541.429: [GC
Desired survivor size 3670016 bytes, new threshold 1 (max 15)
 [PSYoungGen: 814624K->864K(815616K)] 1838282K->1024562K(1839616K), 0.0093180 secs] [Times: user=0.05 sys=0.01, real=0.01 secs] 
1541.703: [GC
Desired survivor size 3670016 bytes, new threshold 1 (max 15)
 [PSYoungGen: 812896K->1920K(815616K)] 1836594K->1025650K(1839616K), 0.0094120 secs] [Times: user=0.06 sys=0.00, real=0.01 secs] 
1541.970: [GC
Desired survivor size 3670016 bytes, new threshold 1 (max 15)
 [PSYoungGen: 813952K->1920K(815616K)] 1837682K->1025682K(1839616K), 0.0100800 secs] [Times: user=0.05 sys=0.00, real=0.01 secs] 
1542.236: [GC
Desired survivor size 3670016 bytes, new threshold 1 (max 15)
 [PSYoungGen: 813952K->1568K(815616K)] 1837714K->1025354K(1839616K), 0.0094300 secs] [Times: user=0.05 sys=0.00, real=0.01 secs] 
1542.498: [GC
Desired survivor size 3145728 bytes, new threshold 1 (max 15)
 [PSYoungGen: 813600K->1664K(816128K)] 1837386K->1025482K(1840128K), 0.0095920 secs] [Times: user=0.06 sys=0.00, real=0.01 secs] 
1542.508: [Full GC [PSYoungGen: 1664K->0K(816128K)] [ParOldGen: 1023818K->978930K(1024000K)] 1025482K->978930K(1840128K) [PSPermGen: 48229K->48229K(524288K)], 1.2676410 secs] [Times: user=9.22 sys=0.00, real=1.26 secs] 
1544.030: [GC
Desired survivor size 3145728 bytes, new threshold 1 (max 15)
 [PSYoungGen: 812544K->1920K(815616K)] 1791474K->980850K(1839616K), 0.0095320 secs] [Times: user=0.06 sys=0.01, real=0.01 secs] 
1544.312: [GC
Desired survivor size 3145728 bytes, new threshold 1 (max 15)
 [PSYoungGen: 814464K->1440K(816128K)] 1793394K->980634K(1840128K), 0.0090940 secs] [Times: user=0.06 sys=0.00, real=0.01 secs] 
1544.584: [GC
Desired survivor size 3145728 bytes, new threshold 1 (max 15)
 [PSYoungGen: 814496K->1664K(816128K)] 1793690K->980906K(1840128K), 0.0094660 secs] [Times: user=0.05 sys=0.00, real=0.01 secs] 
1544.859: [GC
Desired survivor size 3145728 bytes, new threshold 1 (max 15)
 [PSYoungGen: 814720K->1696K(816128K)] 1793962K->980962K(1840128K), 0.0098660 secs] [Times: user=0.06 sys=0.00, real=0.01 secs] 
1545.133: [GC
Desired survivor size 3145728 bytes, new threshold 1 (max 15)
 [PSYoungGen: 814752K->768K(816128K)] 1794018K->980050K(1840128K), 0.0089400 secs] [Times: user=0.05 sys=0.01, real=0.01 secs] 
1545.394: [GC
Desired survivor size 3145728 bytes, new threshold 1 (max 15)
 [PSYoungGen: 813824K->1856K(816128K)] 1793106K->981162K(1840128K), 0.0100310 secs] [Times: user=0.06 sys=0.00, real=0.01 secs] 
1545.653: [GC
Desired survivor size 3145728 bytes, new threshold 1 (max 15)
 [PSYoungGen: 814912K->1376K(816128K)] 1794218K->980698K(1840128K), 0.0089480 secs] [Times: user=0.05 sys=0.00, real=0.01 secs] 
1545.923: [GC
Desired survivor size 3145728 bytes, new threshold 1 (max 15)
 [PSYoungGen: 814432K->1056K(816128K)] 1793754K->980402K(1840128K), 0.0088450 secs] [Times: user=0.06 sys=0.00, real=0.01 secs] 
1546.180: [GC
Desired survivor size 3145728 bytes, new threshold 1 (max 15)
 [PSYoungGen: 814112K->2656K(816128K)] 1793458K->982018K(1840128K), 0.0096320 secs] [Times: user=0.05 sys=0.00, real=0.01 secs] 
1546.443: [GC
Desired survivor size 3145728 bytes, new threshold 1 (max 15)
 [PSYoungGen: 815712K->2272K(816128K)] 1795074K->981650K(1840128K), 0.0093760 secs] [Times: user=0.06 sys=0.00, real=0.01 secs] 
1546.709: [GC
Desired survivor size 3145728 bytes, new threshold 1 (max 15)
 [PSYoungGen: 815328K->1888K(816128K)] 1794706K->981306K(1840128K), 0.0096810 secs] [Times: user=0.05 sys=0.00, real=0.01 secs] 
1546.972: [GC
Desired survivor size 3145728 bytes, new threshold 1 (max 15)
 [PSYoungGen: 814944K->2080K(816128K)] 1794362K->981530K(1840128K), 0.0091090 secs] [Times: user=0.05 sys=0.00, real=0.01 secs] 
1547.240: [GC
Desired survivor size 3145728 bytes, new threshold 1 (max 15)
 [PSYoungGen: 815136K->896K(816128K)] 1794586K->980386K(1840128K), 0.0087150 secs] [Times: user=0.05 sys=0.01, real=0.01 secs] 
1547.499: [GC
Desired survivor size 3145728 bytes, new threshold 1 (max 15)
 [PSYoungGen: 813952K->1248K(816128K)] 1793442K->980754K(1840128K), 0.0092770 secs] [Times: user=0.05 sys=0.00, real=0.01 secs] 
1547.773: [GC
Desired survivor size 3145728 bytes, new threshold 1 (max 15)
 [PSYoungGen: 814304K->1760K(816128K)] 1793810K->981290K(1840128K), 0.0095930 secs] [Times: user=0.06 sys=0.00, real=0.01 secs] 
1548.025: [GC
Desired survivor size 3145728 bytes, new threshold 1 (max 15)
 [PSYoungGen: 814816K->736K(816128K)] 1794346K->980306K(1840128K), 0.0090210 secs] [Times: user=0.05 sys=0.00, real=0.01 secs] 
1548.287: [GC
Desired survivor size 3145728 bytes, new threshold 1 (max 15)
 [PSYoungGen: 813792K->1664K(816128K)] 1793362K->981266K(1840128K), 0.0091010 secs] [Times: user=0.05 sys=0.00, real=0.01 secs] 
1548.547: [GC
Desired survivor size 3145728 bytes, new threshold 1 (max 15)
 [PSYoungGen: 814720K->1536K(816128K)] 1794322K->981170K(1840128K), 0.0095900 secs] [Times: user=0.04 sys=0.00, real=0.01 secs] 
1548.820: [GC
Desired survivor size 3145728 bytes, new threshold 1 (max 15)
 [PSYoungGen: 814592K->1024K(816128K)] 1794226K->980682K(1840128K), 0.0089610 secs] [Times: user=0.05 sys=0.00, real=0.01 secs] 
1549.076: [GC
Desired survivor size 4194304 bytes, new threshold 1 (max 15)
 [PSYoungGen: 814080K->3072K(814080K)] 1793738K->984762K(1838080K), 0.0129010 secs] [Times: user=0.06 sys=0.00, real=0.02 secs] 
1549.344: [GC
Desired survivor size 4194304 bytes, new threshold 1 (max 15)
 [PSYoungGen: 814080K->1600K(815104K)] 1795770K->983554K(1839104K), 0.0098650 secs] [Times: user=0.06 sys=0.00, real=0.01 secs] 
1549.606: [GC
Desired survivor size 4194304 bytes, new threshold 1 (max 15)
 [PSYoungGen: 812608K->1344K(815104K)] 1794562K->983554K(1839104K), 0.0097100 secs] [Times: user=0.05 sys=0.00, real=0.01 secs] 
1549.877: [GC
Desired survivor size 3670016 bytes, new threshold 1 (max 15)
 [PSYoungGen: 812352K->928K(815104K)] 1794562K->983170K(1839104K), 0.0085950 secs] [Times: user=0.05 sys=0.00, real=0.00 secs] 
1550.142: [GC
Desired survivor size 3670016 bytes, new threshold 1 (max 15)
 [PSYoungGen: 811936K->992K(815616K)] 1794178K->983258K(1839616K), 0.0090050 secs] [Times: user=0.06 sys=0.00, real=0.01 secs] 
1550.406: [GC
Desired survivor size 4194304 bytes, new threshold 1 (max 15)
 [PSYoungGen: 813024K->2592K(815104K)] 1795290K->984874K(1839104K), 0.0095920 secs] [Times: user=0.06 sys=0.00, real=0.01 secs] 
1550.667: [GC
Desired survivor size 4194304 bytes, new threshold 1 (max 15)
 [PSYoungGen: 814624K->992K(815104K)] 1796906K->983314K(1839104K), 0.0109920 secs] [Times: user=0.06 sys=0.00, real=0.01 secs] 
1550.941: [GC
Desired survivor size 3670016 bytes, new threshold 1 (max 15)
 [PSYoungGen: 812000K->1504K(815104K)] 1794322K->983842K(1839104K), 0.0094640 secs] [Times: user=0.05 sys=0.00, real=0.01 secs] 
1551.204: [GC
Desired survivor size 4718592 bytes, new threshold 1 (max 15)
 [PSYoungGen: 812512K->3584K(813568K)] 1794850K->986890K(1837568K), 0.0103140 secs] [Times: user=0.06 sys=0.00, real=0.01 secs] 
1551.470: [GC
Desired survivor size 4718592 bytes, new threshold 1 (max 15)
 [PSYoungGen: 813568K->1184K(814592K)] 1796874K->985442K(1838592K), 0.0097440 secs] [Times: user=0.05 sys=0.01, real=0.01 secs] 
1551.745: [GC
Desired survivor size 4194304 bytes, new threshold 1 (max 15)
 [PSYoungGen: 811168K->1568K(815104K)] 1795426K->985866K(1839104K), 0.0097720 secs] [Times: user=0.05 sys=0.00, real=0.01 secs] 
1552.054: [GC
Desired survivor size 4194304 bytes, new threshold 1 (max 15)
 [PSYoungGen: 812064K->1088K(814592K)] 1796362K->985402K(1838592K), 0.0094120 secs] [Times: user=0.05 sys=0.00, real=0.01 secs] 
1552.320: [GC
Desired survivor size 4194304 bytes, new threshold 1 (max 15)
 [PSYoungGen: 811584K->2304K(815104K)] 1795898K->986626K(1839104K), 0.0094080 secs] [Times: user=0.06 sys=0.00, real=0.01 secs] 
1552.586: [GC
Desired survivor size 4194304 bytes, new threshold 1 (max 15)
 [PSYoungGen: 813312K->1280K(815104K)] 1797634K->985626K(1839104K), 0.0093500 secs] [Times: user=0.05 sys=0.00, real=0.01 secs] 
1552.862: [GC
Desired survivor size 4194304 bytes, new threshold 1 (max 15)
 [PSYoungGen: 812288K->3072K(815104K)] 1796634K->987450K(1839104K), 0.0100570 secs] [Times: user=0.06 sys=0.00, real=0.01 secs] 
1553.120: [GC
Desired survivor size 4718592 bytes, new threshold 1 (max 15)
 [PSYoungGen: 814080K->2816K(814080K)] 1798458K->988050K(1838080K), 0.0105440 secs] [Times: user=0.06 sys=0.00, real=0.01 secs] 
1553.378: [GC
Desired survivor size 4718592 bytes, new threshold 1 (max 15)
 [PSYoungGen: 813824K->2976K(814592K)] 1799058K->989018K(1838592K), 0.0098480 secs] [Times: user=0.06 sys=0.00, real=0.01 secs] 
1553.642: [GC
Desired survivor size 4718592 bytes, new threshold 1 (max 15)
 [PSYoungGen: 812960K->352K(814592K)] 1799002K->986858K(1838592K), 0.0090690 secs] [Times: user=0.04 sys=0.00, real=0.01 secs] 
1553.913: [GC
Desired survivor size 4718592 bytes, new threshold 1 (max 15)
 [PSYoungGen: 810336K->544K(814592K)] 1796842K->987082K(1838592K), 0.0094360 secs] [Times: user=0.06 sys=0.00, real=0.01 secs] 
1554.185: [GC
Desired survivor size 4718592 bytes, new threshold 1 (max 15)
 [PSYoungGen: 810528K->416K(814592K)] 1797066K->986986K(1838592K), 0.0088490 secs] [Times: user=0.06 sys=0.00, real=0.01 secs] 
1554.445: [GC
Desired survivor size 4718592 bytes, new threshold 1 (max 15)
 [PSYoungGen: 810400K->1600K(814592K)] 1796970K->988210K(1838592K), 0.0090760 secs] [Times: user=0.04 sys=0.00, real=0.01 secs] 
1554.715: [GC
Desired survivor size 4718592 bytes, new threshold 1 (max 15)
 [PSYoungGen: 811584K->2560K(814592K)] 1798194K->989202K(1838592K), 0.0119850 secs] [Times: user=0.06 sys=0.01, real=0.01 secs] 
1554.981: [GC
Desired survivor size 4194304 bytes, new threshold 1 (max 15)
 [PSYoungGen: 812544K->1152K(815104K)] 1799186K->987818K(1839104K), 0.0091220 secs] [Times: user=0.05 sys=0.00, real=0.01 secs] 
1555.250: [GC
Desired survivor size 4194304 bytes, new threshold 1 (max 15)
 [PSYoungGen: 811648K->1856K(814592K)] 1798314K->988538K(1838592K), 0.0092890 secs] [Times: user=0.06 sys=0.00, real=0.01 secs] 
1555.515: [GC
Desired survivor size 4194304 bytes, new threshold 1 (max 15)
 [PSYoungGen: 812352K->768K(815104K)] 1799034K->987474K(1839104K), 0.0088810 secs] [Times: user=0.05 sys=0.00, real=0.01 secs] 
1555.781: [GC
Desired survivor size 4194304 bytes, new threshold 1 (max 15)
 [PSYoungGen: 811776K->2336K(815104K)] 1798482K->989058K(1839104K), 0.0096440 secs] [Times: user=0.06 sys=0.00, real=0.01 secs] 
1556.048: [GC
Desired survivor size 4194304 bytes, new threshold 1 (max 15)
 [PSYoungGen: 813344K->896K(815104K)] 1800066K->987634K(1839104K), 0.0088960 secs] [Times: user=0.04 sys=0.00, real=0.01 secs] 
1556.316: [GC
Desired survivor size 4194304 bytes, new threshold 1 (max 15)
 [PSYoungGen: 811904K->2400K(815104K)] 1798642K->989146K(1839104K), 0.0097330 secs] [Times: user=0.06 sys=0.00, real=0.01 secs] 
1556.578: [GC
Desired survivor size 4194304 bytes, new threshold 1 (max 15)
 [PSYoungGen: 813408K->2592K(815104K)] 1800154K->989362K(1839104K), 0.0117090 secs] [Times: user=0.06 sys=0.00, real=0.02 secs] 
1556.846: [GC
Desired survivor size 4194304 bytes, new threshold 1 (max 15)
 [PSYoungGen: 813600K->672K(815104K)] 1800370K->987474K(1839104K), 0.0090220 secs] [Times: user=0.05 sys=0.00, real=0.01 secs] 
1557.113: [GC
Desired survivor size 4194304 bytes, new threshold 1 (max 15)
 [PSYoungGen: 811680K->1888K(815104K)] 1798482K->988714K(1839104K), 0.0091650 secs] [Times: user=0.06 sys=0.00, real=0.01 secs] 
1557.380: [GC
Desired survivor size 4194304 bytes, new threshold 1 (max 15)
 [PSYoungGen: 812896K->992K(815104K)] 1799722K->987850K(1839104K), 0.0094030 secs] [Times: user=0.05 sys=0.00, real=0.01 secs] 
1557.645: [GC
Desired survivor size 4194304 bytes, new threshold 1 (max 15)
 [PSYoungGen: 812000K->2368K(815104K)] 1798858K->989242K(1839104K), 0.0090910 secs] [Times: user=0.05 sys=0.00, real=0.01 secs] 
1557.917: [GC
Desired survivor size 4194304 bytes, new threshold 1 (max 15)
 [PSYoungGen: 813376K->1472K(815104K)] 1800250K->988378K(1839104K), 0.0101400 secs] [Times: user=0.05 sys=0.00, real=0.01 secs] 
1558.187: [GC
Desired survivor size 3670016 bytes, new threshold 1 (max 15)
 [PSYoungGen: 812480K->1888K(815616K)] 1799386K->988810K(1839616K), 0.0101200 secs] [Times: user=0.04 sys=0.00, real=0.01 secs] 
1558.450: [GC
Desired survivor size 4718592 bytes, new threshold 1 (max 15)
 [PSYoungGen: 813408K->3584K(815104K)] 1800330K->990946K(1839104K), 0.0105320 secs] [Times: user=0.07 sys=0.00, real=0.01 secs] 
1558.729: [GC
Desired survivor size 4194304 bytes, new threshold 1 (max 15)
 [PSYoungGen: 815104K->1248K(815104K)] 1802466K->988714K(1839104K), 0.0091360 secs] [Times: user=0.05 sys=0.00, real=0.01 secs] 
1558.986: [GC
Desired survivor size 4718592 bytes, new threshold 1 (max 15)
 [PSYoungGen: 812256K->2880K(814080K)] 1799722K->990706K(1838080K), 0.0097760 secs] [Times: user=0.05 sys=0.00, real=0.01 secs] 
1559.260: [GC
Desired survivor size 4194304 bytes, new threshold 1 (max 15)
 [PSYoungGen: 813888K->1920K(815104K)] 1801714K->991058K(1839104K), 0.0096740 secs] [Times: user=0.06 sys=0.00, real=0.01 secs] 
1559.521: [GC
Desired survivor size 4194304 bytes, new threshold 1 (max 15)
 [PSYoungGen: 812416K->1696K(814592K)] 1801554K->990978K(1838592K), 0.0096860 secs] [Times: user=0.06 sys=0.00, real=0.01 secs] 
1559.794: [GC
Desired survivor size 4194304 bytes, new threshold 1 (max 15)
 [PSYoungGen: 812192K->704K(815104K)] 1801474K->990034K(1839104K), 0.0087240 secs] [Times: user=0.04 sys=0.00, real=0.01 secs] 
1560.055: [GC
Desired survivor size 4194304 bytes, new threshold 1 (max 15)
 [PSYoungGen: 811712K->800K(815104K)] 1801042K->990162K(1839104K), 0.0086280 secs] [Times: user=0.05 sys=0.00, real=0.01 secs] 
1560.316: [GC
Desired survivor size 4194304 bytes, new threshold 1 (max 15)
 [PSYoungGen: 811808K->1536K(815104K)] 1801170K->990914K(1839104K), 0.0092420 secs] [Times: user=0.05 sys=0.00, real=0.01 secs] 
1560.585: [GC
Desired survivor size 3670016 bytes, new threshold 1 (max 15)
 [PSYoungGen: 812544K->1600K(815104K)] 1801922K->991002K(1839104K), 0.0096090 secs] [Times: user=0.05 sys=0.01, real=0.01 secs] 
1560.859: [GC
Desired survivor size 3670016 bytes, new threshold 1 (max 15)
 [PSYoungGen: 812608K->2304K(815616K)] 1802010K->991730K(1839616K), 0.0099470 secs] [Times: user=0.05 sys=0.01, real=0.01 secs] 
1561.122: [GC
Desired survivor size 3670016 bytes, new threshold 1 (max 15)
 [PSYoungGen: 814336K->864K(815616K)] 1803762K->990322K(1839616K), 0.0089200 secs] [Times: user=0.05 sys=0.00, real=0.01 secs] 
1561.384: [GC
Desired survivor size 3670016 bytes, new threshold 1 (max 15)
 [PSYoungGen: 812896K->1728K(815616K)] 1802354K->991202K(1839616K), 0.0094080 secs] [Times: user=0.05 sys=0.00, real=0.01 secs] 
1561.644: [GC
Desired survivor size 3670016 bytes, new threshold 1 (max 15)
 [PSYoungGen: 813760K->640K(815616K)] 1803234K->990154K(1839616K), 0.0088600 secs] [Times: user=0.06 sys=0.00, real=0.01 secs] 
1561.915: [GC
Desired survivor size 3670016 bytes, new threshold 1 (max 15)
 [PSYoungGen: 812672K->1056K(815616K)] 1802186K->990586K(1839616K), 0.0093720 secs] [Times: user=0.05 sys=0.00, real=0.01 secs] 
1562.177: [GC
Desired survivor size 3670016 bytes, new threshold 1 (max 15)
 [PSYoungGen: 813088K->2848K(815616K)] 1802618K->992394K(1839616K), 0.0102940 secs] [Times: user=0.05 sys=0.00, real=0.01 secs] 
1562.443: [GC
Desired survivor size 3670016 bytes, new threshold 1 (max 15)
 [PSYoungGen: 814880K->832K(815616K)] 1804426K->990402K(1839616K), 0.0090650 secs] [Times: user=0.06 sys=0.00, real=0.01 secs] 
1562.718: [GC
Desired survivor size 3670016 bytes, new threshold 1 (max 15)
 [PSYoungGen: 812864K->2240K(815616K)] 1802434K->991842K(1839616K), 0.0114020 secs] [Times: user=0.05 sys=0.00, real=0.01 secs] 
1562.981: [GC
Desired survivor size 3670016 bytes, new threshold 1 (max 15)
 [PSYoungGen: 814272K->2176K(815616K)] 1803874K->991802K(1839616K), 0.0098060 secs] [Times: user=0.06 sys=0.01, real=0.01 secs] 
1563.242: [GC
Desired survivor size 3670016 bytes, new threshold 1 (max 15)
 [PSYoungGen: 814208K->1248K(815616K)] 1803834K->990906K(1839616K), 0.0093800 secs] [Times: user=0.06 sys=0.00, real=0.01 secs] 
1563.510: [GC
Desired survivor size 3670016 bytes, new threshold 1 (max 15)
 [PSYoungGen: 813280K->832K(815616K)] 1802938K->990530K(1839616K), 0.0093050 secs] [Times: user=0.05 sys=0.00, real=0.01 secs] 
1563.786: [GC
Desired survivor size 3670016 bytes, new threshold 1 (max 15)
 [PSYoungGen: 812864K->1216K(815616K)] 1802562K->990970K(1839616K), 0.0093220 secs] [Times: user=0.05 sys=0.01, real=0.01 secs] 
1564.051: [GC
Desired survivor size 3670016 bytes, new threshold 1 (max 15)
 [PSYoungGen: 813248K->1696K(815616K)] 1803002K->991474K(1839616K), 0.0091150 secs] [Times: user=0.06 sys=0.00, real=0.00 secs] 
1564.319: [GC
Desired survivor size 3145728 bytes, new threshold 1 (max 15)
 [PSYoungGen: 813728K->1312K(815616K)] 1803506K->991122K(1839616K), 0.0094470 secs] [Times: user=0.05 sys=0.00, real=0.01 secs] 
1564.584: [GC
Desired survivor size 3145728 bytes, new threshold 1 (max 15)
 [PSYoungGen: 813344K->1760K(816128K)] 1803154K->991610K(1840128K), 0.0104610 secs] [Times: user=0.05 sys=0.00, real=0.01 secs] 
1564.856: [GC
Desired survivor size 3145728 bytes, new threshold 1 (max 15)
 [PSYoungGen: 814816K->2016K(816128K)] 1804666K->991882K(1840128K), 0.0096370 secs] [Times: user=0.06 sys=0.00, real=0.01 secs] 
1565.114: [GC
Desired survivor size 3145728 bytes, new threshold 1 (max 15)
 [PSYoungGen: 815072K->1504K(816128K)] 1804938K->991394K(1840128K), 0.0094780 secs] [Times: user=0.05 sys=0.01, real=0.01 secs] 
1565.380: [GC
Desired survivor size 3145728 bytes, new threshold 1 (max 15)
 [PSYoungGen: 814560K->896K(816128K)] 1804450K->990810K(1840128K), 0.0089320 secs] [Times: user=0.05 sys=0.00, real=0.01 secs] 
1565.645: [GC
Desired survivor size 3145728 bytes, new threshold 1 (max 15)
 [PSYoungGen: 813952K->1440K(816128K)] 1803866K->991402K(1840128K), 0.0111710 secs] [Times: user=0.05 sys=0.00, real=0.01 secs] 
1565.920: [GC
Desired survivor size 3145728 bytes, new threshold 1 (max 15)
 [PSYoungGen: 814496K->576K(816128K)] 1804458K->990554K(1840128K), 0.0086680 secs] [Times: user=0.05 sys=0.00, real=0.01 secs] 
1566.188: [GC
Desired survivor size 3145728 bytes, new threshold 1 (max 15)
 [PSYoungGen: 813632K->2176K(816128K)] 1803610K->992178K(1840128K), 0.0101200 secs] [Times: user=0.05 sys=0.01, real=0.01 secs] 
1566.456: [GC
Desired survivor size 3145728 bytes, new threshold 1 (max 15)
 [PSYoungGen: 815232K->1632K(816128K)] 1805234K->991650K(1840128K), 0.0094820 secs] [Times: user=0.05 sys=0.00, real=0.01 secs] 
1566.726: [GC
Desired survivor size 3145728 bytes, new threshold 1 (max 15)
 [PSYoungGen: 814688K->2240K(816128K)] 1804706K->992274K(1840128K), 0.0099760 secs] [Times: user=0.06 sys=0.00, real=0.01 secs] 
1566.984: [GC
Desired survivor size 3145728 bytes, new threshold 1 (max 15)
 [PSYoungGen: 815296K->2016K(816128K)] 1805330K->992082K(1840128K), 0.0097450 secs] [Times: user=0.06 sys=0.01, real=0.01 secs] 
1567.258: [GC
Desired survivor size 3145728 bytes, new threshold 1 (max 15)
 [PSYoungGen: 815072K->1344K(816128K)] 1805138K->991442K(1840128K), 0.0090330 secs] [Times: user=0.04 sys=0.00, real=0.01 secs] 
1567.516: [GC
Desired survivor size 3145728 bytes, new threshold 1 (max 15)
 [PSYoungGen: 814400K->1120K(816128K)] 1804498K->991258K(1840128K), 0.0090200 secs] [Times: user=0.05 sys=0.00, real=0.01 secs] 
1567.793: [GC
Desired survivor size 3145728 bytes, new threshold 1 (max 15)
 [PSYoungGen: 814176K->640K(816128K)] 1804314K->990810K(1840128K), 0.0087780 secs] [Times: user=0.06 sys=0.00, real=0.01 secs] 
1568.055: [GC
Desired survivor size 3145728 bytes, new threshold 1 (max 15)
 [PSYoungGen: 813696K->1024K(816128K)] 1803866K->991218K(1840128K), 0.0091000 secs] [Times: user=0.06 sys=0.01, real=0.01 secs] 
1568.320: [GC
Desired survivor size 3145728 bytes, new threshold 1 (max 15)
 [PSYoungGen: 814080K->832K(816128K)] 1804274K->991058K(1840128K), 0.0092580 secs] [Times: user=0.06 sys=0.00, real=0.00 secs] 
1568.587: [GC
Desired survivor size 3145728 bytes, new threshold 1 (max 15)
 [PSYoungGen: 813888K->1600K(816128K)] 1804114K->991858K(1840128K), 0.0092550 secs] [Times: user=0.06 sys=0.00, real=0.01 secs] 
1568.870: [GC
Desired survivor size 3145728 bytes, new threshold 1 (max 15)
 [PSYoungGen: 814656K->1120K(816128K)] 1804914K->991394K(1840128K), 0.0092300 secs] [Times: user=0.05 sys=0.00, real=0.01 secs] 
1569.129: [GC
Desired survivor size 3670016 bytes, new threshold 1 (max 15)
 [PSYoungGen: 814176K->3072K(816128K)] 1804450K->993858K(1840128K), 0.0102700 secs] [Times: user=0.06 sys=0.00, real=0.01 secs] 
1569.389: [GC
Desired survivor size 3670016 bytes, new threshold 1 (max 15)
 [PSYoungGen: 816128K->1632K(815104K)] 1806914K->992642K(1839104K), 0.0092820 secs] [Times: user=0.05 sys=0.00, real=0.01 secs] 
1569.656: [GC
Desired survivor size 3670016 bytes, new threshold 1 (max 15)
 [PSYoungGen: 813664K->1120K(815616K)] 1804674K->992162K(1839616K), 0.0092540 secs] [Times: user=0.05 sys=0.00, real=0.01 secs] 
1569.922: [GC
Desired survivor size 3145728 bytes, new threshold 1 (max 15)
 [PSYoungGen: 813152K->1120K(816128K)] 1804194K->992202K(1840128K), 0.0096790 secs] [Times: user=0.04 sys=0.00, real=0.01 secs] 
1570.192: [GC
Desired survivor size 3145728 bytes, new threshold 1 (max 15)
 [PSYoungGen: 813664K->416K(815616K)] 1804746K->991538K(1839616K), 0.0088710 secs] [Times: user=0.04 sys=0.00, real=0.00 secs] 
1570.450: [GC
Desired survivor size 3670016 bytes, new threshold 1 (max 15)
 [PSYoungGen: 812960K->1984K(815104K)] 1804082K->993138K(1839104K), 0.0094410 secs] [Times: user=0.05 sys=0.00, real=0.01 secs] 
1570.717: [GC
Desired survivor size 3670016 bytes, new threshold 1 (max 15)
 [PSYoungGen: 814016K->2528K(815616K)] 1805170K->993714K(1839616K), 0.0108160 secs] [Times: user=0.07 sys=0.00, real=0.01 secs] 
1570.981: [GC
Desired survivor size 4194304 bytes, new threshold 1 (max 15)
 [PSYoungGen: 814560K->2720K(814592K)] 1805746K->993922K(1838592K), 0.0096620 secs] [Times: user=0.06 sys=0.00, real=0.00 secs] 
1571.248: [GC
Desired survivor size 4194304 bytes, new threshold 1 (max 15)
 [PSYoungGen: 813728K->2528K(815104K)] 1804930K->993754K(1839104K), 0.0098270 secs] [Times: user=0.07 sys=0.00, real=0.01 secs] 
1571.515: [GC
Desired survivor size 4194304 bytes, new threshold 1 (max 15)
 [PSYoungGen: 813536K->1024K(815104K)] 1804762K->992274K(1839104K), 0.0093830 secs] [Times: user=0.06 sys=0.00, real=0.01 secs] 
1571.791: [GC
Desired survivor size 4194304 bytes, new threshold 1 (max 15)
 [PSYoungGen: 812032K->480K(815104K)] 1803282K->991770K(1839104K), 0.0089480 secs] [Times: user=0.04 sys=0.00, real=0.01 secs] 
1572.091: [GC
Desired survivor size 3670016 bytes, new threshold 1 (max 15)
 [PSYoungGen: 811488K->832K(815616K)] 1802778K->992138K(1839616K), 0.0088840 secs] [Times: user=0.05 sys=0.01, real=0.01 secs] 
1572.352: [GC
Desired survivor size 3670016 bytes, new threshold 1 (max 15)
 [PSYoungGen: 812352K->1344K(815104K)] 1803658K->992674K(1839104K), 0.0089090 secs] [Times: user=0.05 sys=0.00, real=0.00 secs] 
1572.621: [GC
Desired survivor size 3670016 bytes, new threshold 1 (max 15)
 [PSYoungGen: 812864K->2208K(815616K)] 1804194K->993562K(1839616K), 0.0100450 secs] [Times: user=0.06 sys=0.00, real=0.01 secs] 
1572.888: [GC
Desired survivor size 3670016 bytes, new threshold 1 (max 15)
 [PSYoungGen: 814240K->2368K(815616K)] 1805594K->993738K(1839616K), 0.0098020 secs] [Times: user=0.06 sys=0.00, real=0.01 secs] 
1573.468: [GC
Desired survivor size 4194304 bytes, new threshold 1 (max 15)
 [PSYoungGen: 814400K->2816K(814592K)] 1805770K->994210K(1838592K), 0.0100430 secs] [Times: user=0.07 sys=0.00, real=0.01 secs] 
1573.742: [GC
Desired survivor size 4194304 bytes, new threshold 1 (max 15)
 [PSYoungGen: 813824K->1888K(815104K)] 1805218K->993306K(1839104K), 0.0097380 secs] [Times: user=0.05 sys=0.00, real=0.01 secs] 
1573.998: [GC
Desired survivor size 4194304 bytes, new threshold 1 (max 15)
 [PSYoungGen: 812896K->2368K(815104K)] 1804314K->993818K(1839104K), 0.0096880 secs] [Times: user=0.06 sys=0.00, real=0.01 secs] 
1574.261: [GC
Desired survivor size 4194304 bytes, new threshold 1 (max 15)
 [PSYoungGen: 813376K->1312K(815104K)] 1804826K->992786K(1839104K), 0.0097880 secs] [Times: user=0.05 sys=0.00, real=0.01 secs] 
1574.534: [GC
Desired survivor size 4194304 bytes, new threshold 1 (max 15)
 [PSYoungGen: 812320K->2272K(815104K)] 1803794K->993762K(1839104K), 0.0096040 secs] [Times: user=0.05 sys=0.00, real=0.01 secs] 
1574.817: [GC
Desired survivor size 4194304 bytes, new threshold 1 (max 15)
 [PSYoungGen: 813280K->2944K(815104K)] 1804770K->994474K(1839104K), 0.0096570 secs] [Times: user=0.05 sys=0.00, real=0.01 secs] 
1575.088: [GC
Desired survivor size 4194304 bytes, new threshold 1 (max 15)
 [PSYoungGen: 813952K->2816K(815104K)] 1805482K->994386K(1839104K), 0.0097330 secs] [Times: user=0.06 sys=0.00, real=0.01 secs] 
1575.352: [GC
Desired survivor size 4718592 bytes, new threshold 1 (max 15)
 [PSYoungGen: 813824K->3104K(814592K)] 1805394K->994706K(1838592K), 0.0104150 secs] [Times: user=0.06 sys=0.00, real=0.02 secs] 
1575.615: [GC
Desired survivor size 4718592 bytes, new threshold 1 (max 15)
 [PSYoungGen: 814112K->1056K(814592K)] 1805714K->992674K(1838592K), 0.0090740 secs] [Times: user=0.04 sys=0.00, real=0.01 secs] 
1575.891: [GC
Desired survivor size 4718592 bytes, new threshold 1 (max 15)
 [PSYoungGen: 811040K->576K(814592K)] 1802658K->992202K(1838592K), 0.0090460 secs] [Times: user=0.04 sys=0.00, real=0.01 secs] 
1576.159: [GC
Desired survivor size 4718592 bytes, new threshold 1 (max 15)
 [PSYoungGen: 810560K->384K(814592K)] 1802186K->992042K(1838592K), 0.0095450 secs] [Times: user=0.05 sys=0.00, real=0.01 secs] 
1576.429: [GC
Desired survivor size 4718592 bytes, new threshold 1 (max 15)
 [PSYoungGen: 810368K->608K(814592K)] 1802026K->992306K(1838592K), 0.0088320 secs] [Times: user=0.05 sys=0.00, real=0.01 secs] 
1576.699: [GC
Desired survivor size 4194304 bytes, new threshold 1 (max 15)
 [PSYoungGen: 810592K->1312K(815104K)] 1802290K->993042K(1839104K), 0.0090810 secs] [Times: user=0.06 sys=0.00, real=0.01 secs] 
1576.960: [GC
Desired survivor size 4194304 bytes, new threshold 1 (max 15)
 [PSYoungGen: 811808K->608K(814592K)] 1803538K->992362K(1838592K), 0.0091310 secs] [Times: user=0.05 sys=0.00, real=0.01 secs] 
1577.227: [GC
Desired survivor size 4194304 bytes, new threshold 1 (max 15)
 [PSYoungGen: 811104K->1728K(815104K)] 1802858K->993506K(1839104K), 0.0093700 secs] [Times: user=0.05 sys=0.00, real=0.01 secs] 
1577.486: [GC
Desired survivor size 4194304 bytes, new threshold 1 (max 15)
 [PSYoungGen: 812736K->1984K(815104K)] 1804514K->993794K(1839104K), 0.0093850 secs] [Times: user=0.05 sys=0.00, real=0.01 secs] 
1577.760: [GC
Desired survivor size 4194304 bytes, new threshold 1 (max 15)
 [PSYoungGen: 812992K->2144K(815104K)] 1804802K->993986K(1839104K), 0.0096750 secs] [Times: user=0.06 sys=0.00, real=0.01 secs] 
1578.078: [GC
Desired survivor size 3670016 bytes, new threshold 1 (max 15)
 [PSYoungGen: 813152K->1664K(815104K)] 1804994K->993538K(1839104K), 0.0106480 secs] [Times: user=0.05 sys=0.00, real=0.01 secs] 
1578.347: [GC
Desired survivor size 3670016 bytes, new threshold 1 (max 15)
 [PSYoungGen: 812672K->1344K(815616K)] 1804546K->993234K(1839616K), 0.0093830 secs] [Times: user=0.05 sys=0.00, real=0.01 secs] 
1578.612: [GC
Desired survivor size 3670016 bytes, new threshold 1 (max 15)
 [PSYoungGen: 813376K->1824K(815616K)] 1805266K->993730K(1839616K), 0.0089810 secs] [Times: user=0.06 sys=0.00, real=0.00 secs] 
1578.885: [GC
Desired survivor size 3670016 bytes, new threshold 1 (max 15)
 [PSYoungGen: 813856K->896K(815616K)] 1805762K->992826K(1839616K), 0.0093730 secs] [Times: user=0.04 sys=0.00, real=0.01 secs] 
1579.145: [GC
Desired survivor size 4194304 bytes, new threshold 1 (max 15)
 [PSYoungGen: 812928K->3232K(815616K)] 1804858K->995210K(1839616K), 0.0097190 secs] [Times: user=0.06 sys=0.00, real=0.01 secs] 
1579.410: [GC
Desired survivor size 4194304 bytes, new threshold 1 (max 15)
 [PSYoungGen: 815264K->3008K(814592K)] 1807242K->995018K(1838592K), 0.0105890 secs] [Times: user=0.06 sys=0.00, real=0.01 secs] 
1579.666: [GC
Desired survivor size 4718592 bytes, new threshold 1 (max 15)
 [PSYoungGen: 814016K->2848K(814080K)] 1806026K->994882K(1838080K), 0.0215400 secs] [Times: user=0.08 sys=0.01, real=0.02 secs] 
1579.936: [GC
Desired survivor size 4194304 bytes, new threshold 1 (max 15)
 [PSYoungGen: 813856K->1216K(815104K)] 1805890K->993274K(1839104K), 0.0091650 secs] [Times: user=0.05 sys=0.00, real=0.01 secs] 
1580.200: [GC
Desired survivor size 4194304 bytes, new threshold 1 (max 15)
 [PSYoungGen: 811712K->1888K(814592K)] 1803770K->993978K(1838592K), 0.0617020 secs] [Times: user=0.08 sys=0.00, real=0.06 secs] 
1580.584: [GC
Desired survivor size 4194304 bytes, new threshold 1 (max 15)
 [PSYoungGen: 812384K->1120K(815104K)] 1804474K->993234K(1839104K), 0.0235820 secs] [Times: user=0.04 sys=0.00, real=0.02 secs] 
1580.889: [GC
Desired survivor size 3670016 bytes, new threshold 1 (max 15)
 [PSYoungGen: 812128K->1856K(815104K)] 1804242K->994002K(1839104K), 0.0100240 secs] [Times: user=0.05 sys=0.00, real=0.01 secs] 
1581.154: [GC
Desired survivor size 3670016 bytes, new threshold 1 (max 15)
 [PSYoungGen: 812864K->1664K(815616K)] 1805010K->993826K(1839616K), 0.0108510 secs] [Times: user=0.06 sys=0.00, real=0.01 secs] 
1581.423: [GC
Desired survivor size 4194304 bytes, new threshold 1 (max 15)
 [PSYoungGen: 813696K->3584K(815616K)] 1805858K->995906K(1839616K), 0.0102070 secs] [Times: user=0.07 sys=0.00, real=0.01 secs] 
1581.780: [GC
Desired survivor size 4194304 bytes, new threshold 1 (max 15)
 [PSYoungGen: 815616K->1344K(814592K)] 1807938K->993738K(1838592K), 0.0092390 secs] [Times: user=0.05 sys=0.01, real=0.01 secs] 
1582.055: [GC
Desired survivor size 4194304 bytes, new threshold 1 (max 15)
 [PSYoungGen: 812352K->1536K(815104K)] 1804746K->993962K(1839104K), 0.0096420 secs] [Times: user=0.04 sys=0.00, real=0.01 secs] 
1582.317: [GC
Desired survivor size 3670016 bytes, new threshold 1 (max 15)
 [PSYoungGen: 812544K->1888K(815616K)] 1804970K->994346K(1839616K), 0.0093020 secs] [Times: user=0.05 sys=0.00, real=0.01 secs] 
1582.589: [GC
Desired survivor size 3670016 bytes, new threshold 1 (max 15)
 [PSYoungGen: 813408K->1728K(815104K)] 1805866K->994226K(1839104K), 0.0095080 secs] [Times: user=0.06 sys=0.00, real=0.01 secs] 
1582.861: [GC
Desired survivor size 3670016 bytes, new threshold 1 (max 15)
 [PSYoungGen: 813248K->2176K(815616K)] 1805746K->994682K(1839616K), 0.0096320 secs] [Times: user=0.05 sys=0.00, real=0.01 secs] 
1583.130: [GC
Desired survivor size 3670016 bytes, new threshold 1 (max 15)
 [PSYoungGen: 814208K->1664K(815616K)] 1806714K->994194K(1839616K), 0.0093180 secs] [Times: user=0.06 sys=0.00, real=0.01 secs] 
1583.394: [GC
Desired survivor size 3670016 bytes, new threshold 1 (max 15)
 [PSYoungGen: 813696K->1952K(815616K)] 1806226K->994506K(1839616K), 0.0101400 secs] [Times: user=0.05 sys=0.00, real=0.01 secs] 
1583.657: [GC
Desired survivor size 3670016 bytes, new threshold 1 (max 15)
 [PSYoungGen: 813984K->928K(815616K)] 1806538K->993522K(1839616K), 0.0088820 secs] [Times: user=0.05 sys=0.00, real=0.01 secs] 
1583.923: [GC
Desired survivor size 3670016 bytes, new threshold 1 (max 15)
 [PSYoungGen: 812960K->1952K(815616K)] 1805554K->994570K(1839616K), 0.0097950 secs] [Times: user=0.06 sys=0.00, real=0.01 secs] 
1584.186: [GC
Desired survivor size 3145728 bytes, new threshold 1 (max 15)
 [PSYoungGen: 813984K->1600K(815616K)] 1806602K->994250K(1839616K), 0.0096930 secs] [Times: user=0.06 sys=0.00, real=0.01 secs] 
1584.446: [GC
Desired survivor size 3145728 bytes, new threshold 1 (max 15)
 [PSYoungGen: 813632K->1856K(816128K)] 1806282K->994554K(1840128K), 0.0103510 secs] [Times: user=0.05 sys=0.00, real=0.01 secs] 
1584.716: [GC
Desired survivor size 3670016 bytes, new threshold 1 (max 15)
 [PSYoungGen: 814912K->3040K(816128K)] 1807610K->995762K(1840128K), 0.0111250 secs] [Times: user=0.05 sys=0.00, real=0.01 secs] 
1585.045: [GC
Desired survivor size 3670016 bytes, new threshold 1 (max 15)
 [PSYoungGen: 816096K->1792K(815104K)] 1808818K->994530K(1839104K), 0.0297470 secs] [Times: user=0.06 sys=0.00, real=0.03 secs] 
1585.335: [GC
Desired survivor size 3670016 bytes, new threshold 1 (max 15)
 [PSYoungGen: 813824K->1664K(815616K)] 1806562K->994458K(1839616K), 0.0098700 secs] [Times: user=0.05 sys=0.00, real=0.01 secs] 
1585.606: [GC
Desired survivor size 3145728 bytes, new threshold 1 (max 15)
 [PSYoungGen: 813696K->1248K(816128K)] 1806490K->994066K(1840128K), 0.0090840 secs] [Times: user=0.05 sys=0.01, real=0.01 secs] 
1585.877: [GC
Desired survivor size 4194304 bytes, new threshold 1 (max 15)
 [PSYoungGen: 813792K->3072K(815616K)] 1806610K->996986K(1839616K), 0.0105320 secs] [Times: user=0.06 sys=0.00, real=0.01 secs] 
1586.144: [GC
Desired survivor size 4194304 bytes, new threshold 1 (max 15)
 [PSYoungGen: 815616K->1920K(814592K)] 1809530K->997682K(1838592K), 0.0099790 secs] [Times: user=0.06 sys=0.00, real=0.01 secs] 
1586.404: [GC
Desired survivor size 4194304 bytes, new threshold 1 (max 15)
 [PSYoungGen: 812928K->2880K(815104K)] 1808690K->999138K(1839104K), 0.0104550 secs] [Times: user=0.06 sys=0.00, real=0.01 secs] 
1586.661: [GC
Desired survivor size 4194304 bytes, new threshold 1 (max 15)
 [PSYoungGen: 813888K->2656K(815104K)] 1810146K->999450K(1839104K), 0.0099160 secs] [Times: user=0.05 sys=0.00, real=0.01 secs] 
1586.933: [GC
Desired survivor size 4194304 bytes, new threshold 1 (max 15)
 [PSYoungGen: 813664K->1408K(815104K)] 1810458K->998730K(1839104K), 0.0091900 secs] [Times: user=0.06 sys=0.01, real=0.00 secs] 
1587.194: [GC
Desired survivor size 5242880 bytes, new threshold 1 (max 15)
 [PSYoungGen: 812416K->4096K(813056K)] 1809738K->1002098K(1837056K), 0.0108340 secs] [Times: user=0.06 sys=0.00, real=0.01 secs] 
1587.453: [GC
Desired survivor size 4718592 bytes, new threshold 1 (max 15)
 [PSYoungGen: 813056K->2048K(814080K)] 1811058K->1000562K(1838080K), 0.0101060 secs] [Times: user=0.06 sys=0.00, real=0.01 secs] 
1587.725: [GC
Desired survivor size 4718592 bytes, new threshold 1 (max 15)
 [PSYoungGen: 811008K->2240K(814592K)] 1809522K->1001290K(1838592K), 0.0101270 secs] [Times: user=0.06 sys=0.00, real=0.01 secs] 
1587.982: [GC
Desired survivor size 4718592 bytes, new threshold 1 (max 15)
 [PSYoungGen: 812224K->1824K(814592K)] 1811274K->1001386K(1838592K), 0.0097910 secs] [Times: user=0.06 sys=0.00, real=0.01 secs] 
1588.243: [GC
Desired survivor size 4194304 bytes, new threshold 1 (max 15)
 [PSYoungGen: 811808K->1728K(815104K)] 1811370K->1001842K(1839104K), 0.0098280 secs] [Times: user=0.05 sys=0.00, real=0.01 secs] 
1588.509: [GC
Desired survivor size 4194304 bytes, new threshold 1 (max 15)
 [PSYoungGen: 812224K->928K(814592K)] 1812338K->1001498K(1838592K), 0.0097570 secs] [Times: user=0.05 sys=0.01, real=0.01 secs] 
1588.779: [GC
Desired survivor size 4194304 bytes, new threshold 1 (max 15)
 [PSYoungGen: 811424K->928K(815104K)] 1811994K->1001538K(1839104K), 0.0093560 secs] [Times: user=0.06 sys=0.00, real=0.01 secs] 
1589.048: [GC
Desired survivor size 4194304 bytes, new threshold 1 (max 15)
 [PSYoungGen: 811936K->1024K(815104K)] 1812546K->1001666K(1839104K), 0.0090600 secs] [Times: user=0.05 sys=0.00, real=0.01 secs] 
1589.312: [GC
Desired survivor size 4194304 bytes, new threshold 1 (max 15)
 [PSYoungGen: 812032K->2368K(815104K)] 1812674K->1003042K(1839104K), 0.0093240 secs] [Times: user=0.06 sys=0.00, real=0.01 secs] 
1589.575: [GC
Desired survivor size 4194304 bytes, new threshold 1 (max 15)
 [PSYoungGen: 813376K->1600K(815104K)] 1814050K->1002282K(1839104K), 0.0106030 secs] [Times: user=0.05 sys=0.00, real=0.01 secs] 
1589.846: [GC
Desired survivor size 4194304 bytes, new threshold 1 (max 15)
 [PSYoungGen: 812608K->2176K(815104K)] 1813290K->1002882K(1839104K), 0.0099520 secs] [Times: user=0.07 sys=0.00, real=0.01 secs] 
1590.102: [GC
Desired survivor size 4194304 bytes, new threshold 1 (max 15)
 [PSYoungGen: 813184K->2752K(815104K)] 1813890K->1003490K(1839104K), 0.0101910 secs] [Times: user=0.06 sys=0.00, real=0.01 secs] 
1590.370: [GC
Desired survivor size 4194304 bytes, new threshold 1 (max 15)
 [PSYoungGen: 813760K->640K(815104K)] 1814498K->1001402K(1839104K), 0.0092700 secs] [Times: user=0.05 sys=0.00, real=0.01 secs] 
1590.631: [GC
Desired survivor size 4194304 bytes, new threshold 1 (max 15)
 [PSYoungGen: 811648K->1248K(815104K)] 1812410K->1002034K(1839104K), 0.0093420 secs] [Times: user=0.05 sys=0.00, real=0.01 secs] 
1590.906: [GC
Desired survivor size 4194304 bytes, new threshold 1 (max 15)
 [PSYoungGen: 812256K->1344K(815104K)] 1813042K->1002146K(1839104K), 0.0095060 secs] [Times: user=0.06 sys=0.00, real=0.01 secs] 
1591.170: [GC
Desired survivor size 3670016 bytes, new threshold 1 (max 15)
 [PSYoungGen: 812352K->1728K(815104K)] 1813154K->1002554K(1839104K), 0.0099280 secs] [Times: user=0.06 sys=0.00, real=0.01 secs] 
1591.437: [GC
Desired survivor size 3670016 bytes, new threshold 1 (max 15)
 [PSYoungGen: 812736K->1248K(815616K)] 1813562K->1002090K(1839616K), 0.0089010 secs] [Times: user=0.05 sys=0.00, real=0.01 secs] 
1591.848: [GC
Desired survivor size 3670016 bytes, new threshold 1 (max 15)
 [PSYoungGen: 813280K->928K(815616K)] 1814122K->1001794K(1839616K), 0.0161560 secs] [Times: user=0.06 sys=0.01, real=0.02 secs] 
1592.191: [GC
Desired survivor size 3670016 bytes, new threshold 1 (max 15)
 [PSYoungGen: 812960K->576K(815616K)] 1813826K->1001474K(1839616K), 0.0092350 secs] [Times: user=0.04 sys=0.00, real=0.01 secs] 
1592.454: [GC
Desired survivor size 4194304 bytes, new threshold 1 (max 15)
 [PSYoungGen: 812608K->2592K(815104K)] 1813506K->1003506K(1839104K), 0.0099500 secs] [Times: user=0.05 sys=0.00, real=0.01 secs] 
1592.725: [GC
Desired survivor size 3670016 bytes, new threshold 1 (max 15)
 [PSYoungGen: 814624K->1888K(815616K)] 1815538K->1002842K(1839616K), 0.0094120 secs] [Times: user=0.05 sys=0.00, real=0.01 secs] 
1592.987: [GC
Desired survivor size 3670016 bytes, new threshold 1 (max 15)
 [PSYoungGen: 813408K->1600K(815104K)] 1814362K->1002570K(1839104K), 0.0090000 secs] [Times: user=0.06 sys=0.00, real=0.01 secs] 
1593.255: [GC
Desired survivor size 3670016 bytes, new threshold 1 (max 15)
 [PSYoungGen: 813120K->768K(815616K)] 1814090K->1001770K(1839616K), 0.0088800 secs] [Times: user=0.05 sys=0.00, real=0.00 secs] 
1593.504: [GC
Desired survivor size 3670016 bytes, new threshold 1 (max 15)
 [PSYoungGen: 812800K->1568K(815616K)] 1813802K->1002602K(1839616K), 0.0100790 secs] [Times: user=0.05 sys=0.00, real=0.01 secs] 
1593.776: [GC
Desired survivor size 3145728 bytes, new threshold 1 (max 15)
 [PSYoungGen: 813600K->1664K(816128K)] 1814634K->1002714K(1840128K), 0.0101330 secs] [Times: user=0.05 sys=0.00, real=0.01 secs] 
1594.031: [GC
Desired survivor size 3145728 bytes, new threshold 1 (max 15)
 [PSYoungGen: 814208K->1536K(815616K)] 1815258K->1002610K(1839616K), 0.0099440 secs] [Times: user=0.05 sys=0.00, real=0.01 secs] 
1594.296: [GC
Desired survivor size 3145728 bytes, new threshold 1 (max 15)
 [PSYoungGen: 814080K->1248K(816128K)] 1815154K->1002354K(1840128K), 0.0088760 secs] [Times: user=0.06 sys=0.00, real=0.01 secs] 
1594.553: [GC
Desired survivor size 3670016 bytes, new threshold 1 (max 15)
 [PSYoungGen: 814304K->3072K(816128K)] 1815410K->1004314K(1840128K), 0.0105490 secs] [Times: user=0.06 sys=0.00, real=0.02 secs] 
1594.831: [GC
Desired survivor size 3670016 bytes, new threshold 1 (max 15)
 [PSYoungGen: 816128K->1376K(815104K)] 1817370K->1002674K(1839104K), 0.0092560 secs] [Times: user=0.06 sys=0.00, real=0.01 secs] 
1595.092: [GC
Desired survivor size 3670016 bytes, new threshold 1 (max 15)
 [PSYoungGen: 813408K->1856K(815616K)] 1814706K->1003186K(1839616K), 0.0093090 secs] [Times: user=0.05 sys=0.00, real=0.01 secs] 
1595.362: [GC
Desired survivor size 3670016 bytes, new threshold 1 (max 15)
 [PSYoungGen: 813888K->736K(815616K)] 1815218K->1002090K(1839616K), 0.0091670 secs] [Times: user=0.05 sys=0.00, real=0.01 secs] 
1595.627: [GC
Desired survivor size 3145728 bytes, new threshold 1 (max 15)
 [PSYoungGen: 812768K->1632K(815616K)] 1814122K->1003010K(1839616K), 0.0093820 secs] [Times: user=0.05 sys=0.00, real=0.01 secs] 
1595.900: [GC
Desired survivor size 3145728 bytes, new threshold 1 (max 15)
 [PSYoungGen: 813664K->480K(816128K)] 1815042K->1001898K(1840128K), 0.0087090 secs] [Times: user=0.05 sys=0.00, real=0.01 secs] 
1596.166: [GC
Desired survivor size 3145728 bytes, new threshold 1 (max 15)
 [PSYoungGen: 813536K->800K(816128K)] 1814954K->1002258K(1840128K), 0.0091370 secs] [Times: user=0.05 sys=0.00, real=0.01 secs] 
1596.430: [GC
Desired survivor size 3145728 bytes, new threshold 1 (max 15)
 [PSYoungGen: 813856K->480K(816128K)] 1815314K->1001994K(1840128K), 0.0094640 secs] [Times: user=0.05 sys=0.00, real=0.01 secs] 
1596.701: [GC
Desired survivor size 3145728 bytes, new threshold 1 (max 15)
 [PSYoungGen: 813536K->800K(816128K)] 1815050K->1002354K(1840128K), 0.0088080 secs] [Times: user=0.05 sys=0.00, real=0.01 secs] 
1596.965: [GC
Desired survivor size 3145728 bytes, new threshold 1 (max 15)
 [PSYoungGen: 813856K->1088K(816128K)] 1815410K->1002666K(1840128K), 0.0091600 secs] [Times: user=0.04 sys=0.01, real=0.00 secs] 
1597.232: [GC
Desired survivor size 3145728 bytes, new threshold 1 (max 15)
 [PSYoungGen: 814144K->1280K(816128K)] 1815722K->1002890K(1840128K), 0.0097790 secs] [Times: user=0.05 sys=0.00, real=0.01 secs] 
1597.491: [GC
Desired survivor size 2621440 bytes, new threshold 1 (max 15)
 [PSYoungGen: 814336K->1120K(816640K)] 1815946K->1002754K(1840640K), 0.0091810 secs] [Times: user=0.05 sys=0.01, real=0.01 secs] 
1597.761: [GC
Desired survivor size 3145728 bytes, new threshold 1 (max 15)
 [PSYoungGen: 814688K->2368K(816128K)] 1816322K->1004026K(1840128K), 0.0102730 secs] [Times: user=0.06 sys=0.00, real=0.01 secs] 
1598.031: [GC
Desired survivor size 3145728 bytes, new threshold 1 (max 15)
 [PSYoungGen: 815936K->1632K(816128K)] 1817594K->1003322K(1840128K), 0.0095360 secs] [Times: user=0.05 sys=0.00, real=0.01 secs] 
1598.299: [GC
Desired survivor size 3145728 bytes, new threshold 1 (max 15)
 [PSYoungGen: 814688K->992K(816128K)] 1816378K->1002706K(1840128K), 0.0091980 secs] [Times: user=0.05 sys=0.00, real=0.01 secs] 
1598.569: [GC
Desired survivor size 3145728 bytes, new threshold 1 (max 15)
 [PSYoungGen: 814048K->2112K(816128K)] 1815762K->1003842K(1840128K), 0.0098500 secs] [Times: user=0.05 sys=0.00, real=0.01 secs] 
1598.844: [GC
Desired survivor size 3670016 bytes, new threshold 1 (max 15)
 [PSYoungGen: 815168K->2496K(815616K)] 1816898K->1004250K(1839616K), 0.0100210 secs] [Times: user=0.06 sys=0.00, real=0.01 secs] 
1599.106: [GC
Desired survivor size 3145728 bytes, new threshold 1 (max 15)
 [PSYoungGen: 815552K->1728K(816128K)] 1817306K->1003498K(1840128K), 0.0094820 secs] [Times: user=0.06 sys=0.00, real=0.01 secs] 
1599.373: [GC
Desired survivor size 3145728 bytes, new threshold 1 (max 15)
 [PSYoungGen: 814272K->768K(815616K)] 1816042K->1002578K(1839616K), 0.0092220 secs] [Times: user=0.05 sys=0.00, real=0.01 secs] 
1599.633: [GC
Desired survivor size 3145728 bytes, new threshold 1 (max 15)
 [PSYoungGen: 813312K->1600K(816128K)] 1815122K->1003426K(1840128K), 0.0095650 secs] [Times: user=0.05 sys=0.00, real=0.01 secs] 
1599.906: [GC
Desired survivor size 3145728 bytes, new threshold 1 (max 15)
 [PSYoungGen: 814656K->2208K(816128K)] 1816482K->1004066K(1840128K), 0.0097840 secs] [Times: user=0.05 sys=0.01, real=0.01 secs] 
1600.169: [GC
Desired survivor size 3145728 bytes, new threshold 1 (max 15)
 [PSYoungGen: 815264K->1984K(816128K)] 1817122K->1003874K(1840128K), 0.0100710 secs] [Times: user=0.05 sys=0.00, real=0.01 secs] 
1600.426: [GC
Desired survivor size 3670016 bytes, new threshold 1 (max 15)
 [PSYoungGen: 815040K->2624K(816128K)] 1816930K->1004530K(1840128K), 0.0096090 secs] [Times: user=0.05 sys=0.00, real=0.01 secs] 
1600.701: [GC
Desired survivor size 3670016 bytes, new threshold 1 (max 15)
 [PSYoungGen: 815680K->1280K(815104K)] 1817586K->1003218K(1839104K), 0.0090140 secs] [Times: user=0.06 sys=0.00, real=0.01 secs] 
1600.963: [GC
Desired survivor size 3145728 bytes, new threshold 1 (max 15)
 [PSYoungGen: 813312K->1568K(815616K)] 1815250K->1003530K(1839616K), 0.0095700 secs] [Times: user=0.05 sys=0.00, real=0.01 secs] 
1601.229: [GC
Desired survivor size 3145728 bytes, new threshold 1 (max 15)
 [PSYoungGen: 813600K->1600K(816128K)] 1815562K->1003602K(1840128K), 0.0096950 secs] [Times: user=0.05 sys=0.00, real=0.01 secs] 
1601.492: [GC
Desired survivor size 3145728 bytes, new threshold 1 (max 15)
 [PSYoungGen: 814656K->2144K(816128K)] 1816658K->1004170K(1840128K), 0.0102150 secs] [Times: user=0.06 sys=0.00, real=0.01 secs] 
1601.765: [GC
Desired survivor size 3670016 bytes, new threshold 1 (max 15)
 [PSYoungGen: 815200K->2592K(815104K)] 1817226K->1004674K(1839104K), 0.0099680 secs] [Times: user=0.05 sys=0.00, real=0.01 secs] 
1602.026: [GC
Desired survivor size 3670016 bytes, new threshold 1 (max 15)
 [PSYoungGen: 814624K->1088K(815616K)] 1816706K->1003202K(1839616K), 0.0092170 secs] [Times: user=0.05 sys=0.00, real=0.00 secs] 
1602.280: [GC
Desired survivor size 3145728 bytes, new threshold 1 (max 15)
 [PSYoungGen: 813120K->1760K(816128K)] 1815234K->1003898K(1840128K), 0.0094260 secs] [Times: user=0.06 sys=0.00, real=0.01 secs] 
1602.543: [GC
Desired survivor size 3145728 bytes, new threshold 1 (max 15)
 [PSYoungGen: 814304K->1888K(815616K)] 1816442K->1004042K(1839616K), 0.0093090 secs] [Times: user=0.06 sys=0.00, real=0.01 secs] 
1602.823: [GC
Desired survivor size 3145728 bytes, new threshold 1 (max 15)
 [PSYoungGen: 814432K->1376K(816128K)] 1816586K->1003554K(1840128K), 0.0094760 secs] [Times: user=0.05 sys=0.01, real=0.01 secs] 
1603.114: [GC
Desired survivor size 3145728 bytes, new threshold 1 (max 15)
 [PSYoungGen: 814432K->1024K(816128K)] 1816610K->1003234K(1840128K), 0.0092940 secs] [Times: user=0.05 sys=0.00, real=0.01 secs] 
1603.383: [GC
Desired survivor size 3145728 bytes, new threshold 1 (max 15)
 [PSYoungGen: 814080K->1472K(816128K)] 1816290K->1003714K(1840128K), 0.0094290 secs] [Times: user=0.06 sys=0.00, real=0.01 secs] 
1603.643: [GC
Desired survivor size 3145728 bytes, new threshold 1 (max 15)
 [PSYoungGen: 814528K->2336K(816128K)] 1816770K->1004610K(1840128K), 0.0098390 secs] [Times: user=0.05 sys=0.00, real=0.01 secs] 
1603.912: [GC
Desired survivor size 3145728 bytes, new threshold 1 (max 15)
 [PSYoungGen: 815392K->1952K(816128K)] 1817666K->1004250K(1840128K), 0.0094670 secs] [Times: user=0.05 sys=0.00, real=0.01 secs] 
1604.175: [GC
Desired survivor size 3145728 bytes, new threshold 1 (max 15)
 [PSYoungGen: 815008K->2112K(816128K)] 1817306K->1004442K(1840128K), 0.0097940 secs] [Times: user=0.05 sys=0.00, real=0.01 secs] 
1604.446: [GC
Desired survivor size 3145728 bytes, new threshold 1 (max 15)
 [PSYoungGen: 815168K->768K(816128K)] 1817498K->1003138K(1840128K), 0.0089810 secs] [Times: user=0.05 sys=0.00, real=0.01 secs] 
1604.719: [GC
Desired survivor size 4194304 bytes, new threshold 1 (max 15)
 [PSYoungGen: 813824K->3072K(816128K)] 1816194K->1006314K(1840128K), 0.0119820 secs] [Times: user=0.05 sys=0.00, real=0.01 secs] 
1604.984: [GC
Desired survivor size 4194304 bytes, new threshold 1 (max 15)
 [PSYoungGen: 816128K->2592K(814080K)] 1819370K->1006130K(1838080K), 0.0098470 secs] [Times: user=0.05 sys=0.01, real=0.01 secs] 
1605.247: [GC
Desired survivor size 4194304 bytes, new threshold 1 (max 15)
 [PSYoungGen: 813600K->1312K(815104K)] 1817138K->1004882K(1839104K), 0.0100240 secs] [Times: user=0.05 sys=0.01, real=0.01 secs] 
1605.506: [GC
Desired survivor size 4718592 bytes, new threshold 1 (max 15)
 [PSYoungGen: 812320K->4096K(814080K)] 1815890K->1007914K(1838080K), 0.0105350 secs] [Times: user=0.06 sys=0.00, real=0.02 secs] 
1605.781: [GC
Desired survivor size 4718592 bytes, new threshold 1 (max 15)
 [PSYoungGen: 814080K->2688K(814592K)] 1817898K->1006586K(1838592K), 0.0103470 secs] [Times: user=0.06 sys=0.00, real=0.01 secs] 
1606.039: [GC
Desired survivor size 4718592 bytes, new threshold 1 (max 15)
 [PSYoungGen: 812672K->2208K(814592K)] 1816570K->1006130K(1838592K), 0.0098810 secs] [Times: user=0.06 sys=0.00, real=0.01 secs] 
1606.303: [GC
Desired survivor size 4718592 bytes, new threshold 1 (max 15)
 [PSYoungGen: 812192K->3328K(814592K)] 1816114K->1007274K(1838592K), 0.0099810 secs] [Times: user=0.06 sys=0.00, real=0.01 secs] 
1606.560: [GC
Desired survivor size 4718592 bytes, new threshold 1 (max 15)
 [PSYoungGen: 813312K->3200K(814592K)] 1817258K->1007714K(1838592K), 0.0102130 secs] [Times: user=0.07 sys=0.00, real=0.01 secs] 
1606.827: [GC
Desired survivor size 5242880 bytes, new threshold 1 (max 15)
 [PSYoungGen: 813184K->3264K(813568K)] 1817698K->1008402K(1837568K), 0.0101190 secs] [Times: user=0.05 sys=0.00, real=0.01 secs] 
1607.085: [GC
Desired survivor size 4718592 bytes, new threshold 1 (max 15)
 [PSYoungGen: 813248K->2304K(814592K)] 1818386K->1007754K(1838592K), 0.0092700 secs] [Times: user=0.05 sys=0.00, real=0.01 secs] 
1607.350: [GC
Desired survivor size 4718592 bytes, new threshold 1 (max 15)
 [PSYoungGen: 811776K->1440K(814080K)] 1817226K->1006978K(1838080K), 0.0100470 secs] [Times: user=0.05 sys=0.00, real=0.01 secs] 
1607.614: [GC
Desired survivor size 4718592 bytes, new threshold 1 (max 15)
 [PSYoungGen: 810912K->1216K(814592K)] 1816450K->1006786K(1838592K), 0.0098200 secs] [Times: user=0.05 sys=0.00, real=0.01 secs] 
1607.881: [GC
Desired survivor size 5242880 bytes, new threshold 1 (max 15)
 [PSYoungGen: 811200K->4320K(814592K)] 1816770K->1009930K(1838592K), 0.0109130 secs] [Times: user=0.06 sys=0.00, real=0.01 secs] 
1608.142: [GC
Desired survivor size 5242880 bytes, new threshold 1 (max 15)
 [PSYoungGen: 814304K->2560K(813568K)] 1819914K->1008178K(1837568K), 0.0099560 secs] [Times: user=0.06 sys=0.00, real=0.01 secs] 
1608.401: [GC
Desired survivor size 5242880 bytes, new threshold 1 (max 15)
 [PSYoungGen: 811520K->1632K(814080K)] 1817138K->1007274K(1838080K), 0.0095540 secs] [Times: user=0.06 sys=0.00, real=0.01 secs] 
1608.663: [GC
Desired survivor size 4718592 bytes, new threshold 1 (max 15)
 [PSYoungGen: 810592K->2048K(814592K)] 1816234K->1007714K(1838592K), 0.0197510 secs] [Times: user=0.09 sys=0.00, real=0.02 secs] 
1608.945: [GC
Desired survivor size 4718592 bytes, new threshold 1 (max 15)
 [PSYoungGen: 811520K->736K(814080K)] 1817186K->1006418K(1838080K), 0.0094830 secs] [Times: user=0.04 sys=0.00, real=0.01 secs] 
1609.214: [GC
Desired survivor size 4718592 bytes, new threshold 1 (max 15)
 [PSYoungGen: 810208K->1632K(814592K)] 1815890K->1007346K(1838592K), 0.0102400 secs] [Times: user=0.05 sys=0.00, real=0.01 secs] 
1609.476: [GC
Desired survivor size 4718592 bytes, new threshold 1 (max 15)
 [PSYoungGen: 811616K->2464K(814592K)] 1817330K->1008202K(1838592K), 0.0097170 secs] [Times: user=0.06 sys=0.00, real=0.01 secs] 
1609.750: [GC
Desired survivor size 4718592 bytes, new threshold 1 (max 15)
 [PSYoungGen: 812448K->2368K(814592K)] 1818186K->1008130K(1838592K), 0.0102540 secs] [Times: user=0.05 sys=0.00, real=0.01 secs] 
1610.014: [GC
Desired survivor size 4194304 bytes, new threshold 1 (max 15)
 [PSYoungGen: 812352K->1600K(814592K)] 1818114K->1007394K(1838592K), 0.0096640 secs] [Times: user=0.06 sys=0.00, real=0.01 secs] 
1610.273: [GC
Desired survivor size 4718592 bytes, new threshold 1 (max 15)
 [PSYoungGen: 811584K->3616K(814080K)] 1817378K->1009882K(1838080K), 0.0106670 secs] [Times: user=0.06 sys=0.00, real=0.01 secs] 
1610.539: [GC
Desired survivor size 4718592 bytes, new threshold 1 (max 15)
 [PSYoungGen: 813600K->1280K(814592K)] 1819866K->1008218K(1838592K), 0.0095800 secs] [Times: user=0.06 sys=0.00, real=0.01 secs] 
1610.812: [GC
Desired survivor size 4718592 bytes, new threshold 1 (max 15)
 [PSYoungGen: 811264K->1088K(814592K)] 1818202K->1008490K(1838592K), 0.0092650 secs] [Times: user=0.05 sys=0.01, real=0.01 secs] 
1611.073: [GC
Desired survivor size 4718592 bytes, new threshold 1 (max 15)
 [PSYoungGen: 811072K->1632K(814592K)] 1818474K->1009066K(1838592K), 0.0104610 secs] [Times: user=0.06 sys=0.00, real=0.01 secs] 
1611.336: [GC
Desired survivor size 4718592 bytes, new threshold 1 (max 15)
 [PSYoungGen: 811616K->1216K(814592K)] 1819050K->1008682K(1838592K), 0.0098280 secs] [Times: user=0.04 sys=0.00, real=0.01 secs] 
1611.601: [GC
Desired survivor size 4194304 bytes, new threshold 1 (max 15)
 [PSYoungGen: 811200K->2432K(814592K)] 1818666K->1010202K(1838592K), 0.0102020 secs] [Times: user=0.06 sys=0.00, real=0.01 secs] 
1611.883: [GC
Desired survivor size 4194304 bytes, new threshold 1 (max 15)
 [PSYoungGen: 812416K->800K(815104K)] 1820186K->1009682K(1839104K), 0.0343370 secs] [Times: user=0.06 sys=0.01, real=0.04 secs] 
1612.172: [GC
Desired survivor size 4194304 bytes, new threshold 1 (max 15)
 [PSYoungGen: 811808K->896K(815104K)] 1820690K->1009818K(1839104K), 0.0088780 secs] [Times: user=0.05 sys=0.00, real=0.01 secs] 
