2.342: [GC
Desired survivor size 104857600 bytes, new threshold 7 (max 15)
 [PSYoungGen: 159752K->20053K(716800K)] 159752K->20061K(1740800K), 0.1164960 secs] [Times: user=0.58 sys=0.24, real=0.12 secs] 
2.459: [Full GC [PSYoungGen: 20053K->0K(716800K)] [ParOldGen: 8K->19794K(1024000K)] 20061K->1979504.729: [GC 10580K->7012K(29184K), 0.0849490 secs]
.1773580 secs] [Times: user=0.79 sys=0.12, real=0.17 secs] 
10.055: [GC
Desired survivor size 104857600 bytes, new threshold 7 (max 15)
 [PSYoungGen: 614400K->55810K(716800K)] 634194K->75676K(1740800K), 0.2628460 secs] [Times: user=1.25 sys=0.46, real=0.26 secs] 
15.414: [GC
Desired survivor size 104857600 bytes, new threshold 7 (max 15)
 [PSYoungGen: 670210K->85581K(716800K)] 690076K->105455K(1740800K), 0.3344240 secs] [Times: user=1.86 sys=0.63, real=0.33 secs] 
28.235: [GC
Desired survivor size 104857600 bytes, new threshold 7 (max 15)
 [PSYoungGen: 699981K->102394K(716800K)] 719855K->301807K(1740800K), 0.9757650 secs] [Times: user=4.55 sys=2.93, real=0.97 secs] 
37.527: [GC
Desired survivor size 104857600 bytes, new threshold 7 (max 15)
 [PSYoungGen: 716794K->102388K(716800K)] 916207K->379678K(1740800K), 0.5491300 secs] [Times: user=3.16 sys=0.93, real=0.55 secs] 
45.004: [GC
Desired survivor size 279445504 bytes, new threshold 6 (max 15)
 [PSYoungGen: 716788K->102385K(375808K)] 994078K->439981K(1399808K), 0.3920950 secs] [Times: user=2.38 sys=0.62, real=0.40 secs] 
47.474: [GC
Desired survivor size 272105472 bytes, new threshold 5 (max 15)
 [PSYoungGen: 375793K->134264K(546304K)] 713389K->471859K(1570304K), 0.1560950 secs] [Times: user=1.18 sys=0.01, real=0.16 secs] 
53.447: [GC
Desired survivor size 257949696 bytes, new threshold 4 (max 15)
 [PSYoungGen: 407672K->119424K(567296K)] 745267K->499591K(1591296K), 0.2223250 secs] [Times: user=1.43 sys=0.29, real=0.22 secs] 
55.729: [GC
Desired survivor size 252182528 bytes, new threshold 3 (max 15)
 [PSYoungGen: 420992K->89143K(553472K)] 801159K->522000K(1577472K), 0.2527800 secs] [Times: user=1.68 sys=0.30, real=0.25 secs] 
60.826: [GC
Desired survivor size 246415360 bytes, new threshold 2 (max 15)
 [PSYoungGen: 390711K->86113K(578560K)] 823568K->555018K(1602560K), 0.2396410 secs] [Times: user=1.56 sys=0.32, real=0.24 secs] 
66.592: [GC
Desired survivor size 245366784 bytes, new threshold 1 (max 15)
 [PSYoungGen: 418401K->57216K(572928K)] 887306K->576754K(1596928K), 0.3035980 secs] [Times: user=1.91 sys=0.45, real=0.30 secs] 
70.302: [GC
Desired survivor size 247463936 bytes, new threshold 1 (max 15)
 [PSYoungGen: 389504K->30934K(575488K)] 909042K->593356K(1599488K), 0.2602920 secs] [Times: user=1.66 sys=0.38, real=0.26 secs] 
75.421: [GC
Desired survivor size 245366784 bytes, new threshold 1 (max 15)
 [PSYoungGen: 366806K->38976K(577536K)] 929228K->632335K(1601536K), 0.2036690 secs] [Times: user=1.33 sys=0.26, real=0.20 secs] 
82.068: [GC
Desired survivor size 240123904 bytes, new threshold 1 (max 15)
 [PSYoungGen: 374848K->48001K(584704K)] 968207K->664796K(1608704K), 0.1658670 secs] [Times: user=1.10 sys=0.20, real=0.17 secs] 
85.961: [GC
Desired survivor size 235929600 bytes, new threshold 1 (max 15)
 [PSYoungGen: 393089K->36569K(579584K)] 1009884K->684461K(1603584K), 0.2109480 secs] [Times: user=1.43 sys=0.22, real=0.21 secs] 
90.340: [GC
Desired survivor size 230162432 bytes, new threshold 1 (max 15)
 [PSYoungGen: 381657K->37600K(594432K)] 1029549K->721913K(1618432K), 0.2320920 secs] [Times: user=1.52 sys=0.29, real=0.24 secs] 
97.700: [GC
Desired survivor size 223346688 bytes, new threshold 1 (max 15)
 [PSYoungGen: 401632K->41296K(588800K)] 1085945K->751515K(1612800K), 0.2019710 secs] [Times: user=1.32 sys=0.24, real=0.20 secs] 
104.288: [GC
Desired survivor size 215482368 bytes, new threshold 1 (max 15)
 [PSYoungGen: 405328K->42705K(608768K)] 1115547K->776359K(1632768K), 0.1841930 secs] [Times: user=1.25 sys=0.18, real=0.18 secs] 
110.860: [GC
Desired survivor size 208142336 bytes, new threshold 1 (max 15)
 [PSYoungGen: 433361K->40133K(601088K)] 1167015K->800001K(1625088K), 0.2118590 secs] [Times: user=1.45 sys=0.20, real=0.21 secs] 
116.645: [GC
Desired survivor size 201326592 bytes, new threshold 1 (max 15)
 [PSYoungGen: 430789K->33170K(622592K)] 1190657K->822942K(1646592K), 0.2305810 secs] [Times: user=1.53 sys=0.26, real=0.23 secs] 
123.880: [GC
Desired survivor size 195035136 bytes, new threshold 1 (max 15)
 [PSYoungGen: 452498K->28272K(615936K)] 1242270K->848181K(1639936K), 0.2302680 secs] [Times: user=1.53 sys=0.27, real=0.23 secs] 
129.733: [GC
Desired survivor size 185073664 bytes, new threshold 1 (max 15)
 [PSYoungGen: 447600K->47184K(638464K)] 1267509K->895384K(1662464K), 0.2281960 secs] [Times: user=1.53 sys=0.22, real=0.23 secs] 
137.702: [GC
Desired survivor size 175636480 bytes, new threshold 1 (max 15)
 [PSYoungGen: 495184K->69041K(628736K)] 1343384K->947330K(1652736K), 0.2804220 secs] [Times: user=1.84 sys=0.27, real=0.28 secs] 
145.967: [GC
Desired survivor size 167247872 bytes, new threshold 1 (max 15)
 [PSYoungGen: 517041K->47888K(655872K)] 1395330K->977023K(1679872K), 0.2952130 secs] [Times: user=1.94 sys=0.36, real=0.30 secs] 
154.878: [GC
Desired survivor size 158859264 bytes, new threshold 1 (max 15)
 [PSYoungGen: 532240K->50768K(647680K)] 1461375K->1009941K(1671680K), 0.2751560 secs] [Times: user=1.91 sys=0.25, real=0.28 secs] 
155.153: [Full GC [PSYoungGen: 50768K->0K(647680K)] [ParOldGen: 959172K->884384K(1024000K)] 1009941K->884384K(1671680K) [PSPermGen: 45862K->45846K(524288K)], 3.2572470 secs] [Times: user=19.29 sys=0.52, real=3.25 secs] 
166.659: [GC
Desired survivor size 150470656 bytes, new threshold 1 (max 15)
 [PSYoungGen: 484352K->52497K(672256K)] 1368736K->936881K(1696256K), 0.1485890 secs] [Times: user=1.12 sys=0.01, real=0.15 secs] 
181.783: [GC
Desired survivor size 144179200 bytes, new threshold 1 (max 15)
 [PSYoungGen: 569617K->44737K(664064K)] 1454001K->963755K(1688064K), 0.1185590 secs] [Times: user=0.89 sys=0.01, real=0.12 secs] 
318.642: [GC
Desired survivor size 139460608 bytes, new threshold 2 (max 15)
 [PSYoungGen: 561857K->36114K(683008K)] 1480875K->983165K(1707008K), 0.0996880 secs] [Times: user=0.71 sys=0.00, real=0.10 secs] 
319.824: [GC
Desired survivor size 134742016 bytes, new threshold 1 (max 15)
 [PSYoungGen: 578322K->36034K(678400K)] 1525373K->983085K(1702400K), 0.0526600 secs] [Times: user=0.39 sys=0.00, real=0.06 secs] 
320.464: [GC
Desired survivor size 135790592 bytes, new threshold 1 (max 15)
 [PSYoungGen: 578242K->2880K(685568K)] 1525293K->984295K(1709568K), 0.1401810 secs] [Times: user=0.88 sys=0.19, real=0.14 secs] 
320.605: [Full GC [PSYoungGen: 2880K->0K(685568K)] [ParOldGen: 981415K->961962K(1024000K)] 984295K->961962K(1709568K) [PSPermGen: 47535K->47534K(524288K)], 4.8222730 secs] [Times: user=33.44 sys=0.11, real=4.83 secs] 
325.981: [GC
Desired survivor size 135266304 bytes, new threshold 1 (max 15)
 [PSYoungGen: 553984K->4112K(686592K)] 1515946K->966075K(1710592K), 0.0135080 secs] [Times: user=0.09 sys=0.00, real=0.01 secs] 
326.530: [GC
Desired survivor size 133693440 bytes, new threshold 1 (max 15)
 [PSYoungGen: 558096K->3168K(688640K)] 1520059K->967771K(1712640K), 0.0125510 secs] [Times: user=0.08 sys=0.00, real=0.01 secs] 
327.246: [GC
Desired survivor size 131072000 bytes, new threshold 1 (max 15)
 [PSYoungGen: 559712K->2464K(687104K)] 1524315K->968339K(1711104K), 0.0120630 secs] [Times: user=0.07 sys=0.00, real=0.02 secs] 
327.964: [GC
Desired survivor size 127401984 bytes, new threshold 1 (max 15)
 [PSYoungGen: 559008K->3456K(694784K)] 1524883K->970427K(1718784K), 0.0113600 secs] [Times: user=0.08 sys=0.00, real=0.01 secs] 
328.564: [GC
Desired survivor size 123207680 bytes, new threshold 1 (max 15)
 [PSYoungGen: 570240K->4288K(691200K)] 1537211K->973659K(1715200K), 0.0130800 secs] [Times: user=0.08 sys=0.00, real=0.02 secs] 
328.578: [Full GC [PSYoungGen: 4288K->0K(691200K)] [ParOldGen: 969371K->965202K(1024000K)] 973659K->965202K(1715200K) [PSPermGen: 47676K->47675K(524288K)], 1.3290050 secs] [Times: user=9.65 sys=0.01, real=1.32 secs] 
330.115: [GC
Desired survivor size 118489088 bytes, new threshold 2 (max 15)
 [PSYoungGen: 566784K->4544K(703488K)] 1531986K->969746K(1727488K), 0.0116330 secs] [Times: user=0.06 sys=0.00, real=0.01 secs] 
330.348: [GC
Desired survivor size 113770496 bytes, new threshold 3 (max 15)
 [PSYoungGen: 587712K->3584K(698880K)] 1552914K->968786K(1722880K), 0.0099000 secs] [Times: user=0.06 sys=0.00, real=0.01 secs] 
330.583: [GC
Desired survivor size 108527616 bytes, new threshold 4 (max 15)
 [PSYoungGen: 586752K->4032K(713216K)] 1551954K->969234K(1737216K), 0.0109860 secs] [Times: user=0.07 sys=0.00, real=0.01 secs] 
330.830: [GC
Desired survivor size 103284736 bytes, new threshold 5 (max 15)
 [PSYoungGen: 606144K->4512K(708096K)] 1571346K->969714K(1732096K), 0.0109620 secs] [Times: user=0.07 sys=0.00, real=0.01 secs] 
331.061: [GC
Desired survivor size 98566144 bytes, new threshold 6 (max 15)
 [PSYoungGen: 606624K->3712K(722944K)] 1571826K->968914K(1746944K), 0.0109370 secs] [Times: user=0.06 sys=0.00, real=0.01 secs] 
331.318: [GC
Desired survivor size 93323264 bytes, new threshold 7 (max 15)
 [PSYoungGen: 625792K->3808K(718336K)] 1590994K->969010K(1742336K), 0.0113150 secs] [Times: user=0.07 sys=0.00, real=0.01 secs] 
331.548: [GC
Desired survivor size 88080384 bytes, new threshold 8 (max 15)
 [PSYoungGen: 625888K->5152K(733184K)] 1591090K->970354K(1757184K), 0.0114510 secs] [Times: user=0.07 sys=0.00, real=0.01 secs] 
331.792: [GC
Desired survivor size 83361792 bytes, new threshold 9 (max 15)
 [PSYoungGen: 647200K->4544K(728064K)] 1612402K->969746K(1752064K), 0.0139040 secs] [Times: user=0.08 sys=0.00, real=0.01 secs] 
332.036: [GC
Desired survivor size 78118912 bytes, new threshold 10 (max 15)
 [PSYoungGen: 646592K->5856K(742912K)] 1611794K->971058K(1766912K), 0.0117910 secs] [Times: user=0.07 sys=0.01, real=0.01 secs] 
332.277: [GC
Desired survivor size 73400320 bytes, new threshold 11 (max 15)
 [PSYoungGen: 667360K->5728K(737792K)] 1632562K->970930K(1761792K), 0.0132530 secs] [Times: user=0.08 sys=0.00, real=0.02 secs] 
332.521: [GC
Desired survivor size 69206016 bytes, new threshold 12 (max 15)
 [PSYoungGen: 667232K->4512K(751616K)] 1632434K->969714K(1775616K), 0.0649410 secs] [Times: user=0.10 sys=0.00, real=0.06 secs] 
332.910: [GC
Desired survivor size 65011712 bytes, new threshold 13 (max 15)
 [PSYoungGen: 684448K->4640K(747520K)] 1649650K->969842K(1771520K), 0.0121330 secs] [Times: user=0.06 sys=0.00, real=0.01 secs] 
333.184: [GC
Desired survivor size 60817408 bytes, new threshold 14 (max 15)
 [PSYoungGen: 684576K->4096K(759808K)] 1649778K->969298K(1783808K), 0.0118570 secs] [Times: user=0.07 sys=0.00, real=0.01 secs] 
333.446: [GC
Desired survivor size 57147392 bytes, new threshold 15 (max 15)
 [PSYoungGen: 700416K->4096K(755712K)] 1665618K->969298K(1779712K), 0.0144070 secs] [Times: user=0.09 sys=0.00, real=0.02 secs] 
333.725: [GC
Desired survivor size 54001664 bytes, new threshold 15 (max 15)
 [PSYoungGen: 700416K->4000K(766464K)] 1665618K->969202K(1790464K), 0.0140350 secs] [Times: user=0.08 sys=0.00, real=0.02 secs] 
334.089: [GC
Desired survivor size 50855936 bytes, new threshold 15 (max 15)
 [PSYoungGen: 714656K->2112K(763392K)] 1679858K->969706K(1787392K), 0.0124480 secs] [Times: user=0.07 sys=0.00, real=0.02 secs] 
334.378: [GC
Desired survivor size 47710208 bytes, new threshold 15 (max 15)
 [PSYoungGen: 712768K->1920K(772608K)] 1680362K->969626K(1796608K), 0.0120760 secs] [Times: user=0.07 sys=0.01, real=0.02 secs] 
334.649: [GC
Desired survivor size 45088768 bytes, new threshold 15 (max 15)
 [PSYoungGen: 724864K->2496K(769536K)] 1692570K->970274K(1793536K), 0.0143160 secs] [Times: user=0.08 sys=0.00, real=0.02 secs] 
334.938: [GC
Desired survivor size 41943040 bytes, new threshold 15 (max 15)
 [PSYoungGen: 725440K->3040K(778240K)] 1693218K->970946K(1802240K), 0.0122510 secs] [Times: user=0.06 sys=0.00, real=0.02 secs] 
335.206: [GC
Desired survivor size 39845888 bytes, new threshold 15 (max 15)
 [PSYoungGen: 737248K->1728K(775168K)] 1705154K->969762K(1799168K), 0.0117200 secs] [Times: user=0.08 sys=0.00, real=0.01 secs] 
335.490: [GC
Desired survivor size 37224448 bytes, new threshold 15 (max 15)
 [PSYoungGen: 735936K->2688K(782848K)] 1703970K->970874K(1806848K), 0.0120790 secs] [Times: user=0.07 sys=0.00, real=0.01 secs] 
335.786: [GC
Desired survivor size 35127296 bytes, new threshold 15 (max 15)
 [PSYoungGen: 746624K->1280K(780288K)] 1714810K->969562K(1804288K), 0.0107060 secs] [Times: user=0.06 sys=0.00, real=0.01 secs] 
336.063: [GC
Desired survivor size 32505856 bytes, new threshold 15 (max 15)
 [PSYoungGen: 745216K->1728K(787456K)] 1713498K->970098K(1811456K), 0.0110750 secs] [Times: user=0.06 sys=0.00, real=0.01 secs] 
336.352: [GC
Desired survivor size 30408704 bytes, new threshold 15 (max 15)
 [PSYoungGen: 754880K->3200K(784896K)] 1723250K->971658K(1808896K), 0.0122850 secs] [Times: user=0.07 sys=0.00, real=0.01 secs] 
336.634: [GC
Desired survivor size 28835840 bytes, new threshold 15 (max 15)
 [PSYoungGen: 756352K->1536K(791040K)] 1724810K->970098K(1815040K), 0.0109230 secs] [Times: user=0.07 sys=0.00, real=0.01 secs] 
336.942: [GC
Desired survivor size 26738688 bytes, new threshold 15 (max 15)
 [PSYoungGen: 762880K->1568K(789504K)] 1731442K->970242K(1813504K), 0.0115470 secs] [Times: user=0.06 sys=0.00, real=0.01 secs] 
337.250: [GC
Desired survivor size 25165824 bytes, new threshold 15 (max 15)
 [PSYoungGen: 762912K->1504K(794624K)] 1731586K->970274K(1818624K), 0.0120720 secs] [Times: user=0.07 sys=0.00, real=0.01 secs] 
337.557: [GC
Desired survivor size 23592960 bytes, new threshold 15 (max 15)
 [PSYoungGen: 770016K->1376K(793088K)] 1738786K->970226K(1817088K), 0.0115740 secs] [Times: user=0.07 sys=0.00, real=0.01 secs] 
337.859: [GC
Desired survivor size 22020096 bytes, new threshold 15 (max 15)
 [PSYoungGen: 769888K->2016K(797696K)] 1738738K->970962K(1821696K), 0.0132100 secs] [Times: user=0.07 sys=0.00, real=0.02 secs] 
338.156: [GC
Desired survivor size 20447232 bytes, new threshold 15 (max 15)
 [PSYoungGen: 776672K->1152K(796160K)] 1745618K->970194K(1820160K), 0.0125450 secs] [Times: user=0.06 sys=0.00, real=0.01 secs] 
338.437: [GC
Desired survivor size 19398656 bytes, new threshold 15 (max 15)
 [PSYoungGen: 775808K->1728K(800256K)] 1744850K->970886K(1824256K), 0.0115990 secs] [Times: user=0.07 sys=0.00, real=0.01 secs] 
338.739: [GC
Desired survivor size 17825792 bytes, new threshold 15 (max 15)
 [PSYoungGen: 782016K->1216K(799232K)] 1751174K->970454K(1823232K), 0.0106570 secs] [Times: user=0.06 sys=0.00, real=0.01 secs] 
339.018: [GC
Desired survivor size 16777216 bytes, new threshold 15 (max 15)
 [PSYoungGen: 781504K->1120K(802816K)] 1750742K->970430K(1826816K), 0.0104720 secs] [Times: user=0.06 sys=0.00, real=0.01 secs] 
339.305: [GC
Desired survivor size 15728640 bytes, new threshold 15 (max 15)
 [PSYoungGen: 786528K->1568K(801792K)] 1755838K->970958K(1825792K), 0.0107460 secs] [Times: user=0.06 sys=0.00, real=0.01 secs] 
339.594: [GC
Desired survivor size 14680064 bytes, new threshold 15 (max 15)
 [PSYoungGen: 786976K->1792K(804864K)] 1756366K->971270K(1828864K), 0.0108240 secs] [Times: user=0.06 sys=0.00, real=0.01 secs] 
339.875: [GC
Desired survivor size 13631488 bytes, new threshold 15 (max 15)
 [PSYoungGen: 791296K->1600K(803840K)] 1760774K->971182K(1827840K), 0.0110500 secs] [Times: user=0.07 sys=0.00, real=0.01 secs] 
340.171: [GC
Desired survivor size 12582912 bytes, new threshold 15 (max 15)
 [PSYoungGen: 791104K->1632K(806912K)] 1760686K->971310K(1830912K), 0.0109620 secs] [Times: user=0.07 sys=0.00, real=0.01 secs] 
340.447: [GC
Desired survivor size 12058624 bytes, new threshold 15 (max 15)
 [PSYoungGen: 795232K->3648K(805888K)] 1764910K->973414K(1829888K), 0.0141310 secs] [Times: user=0.09 sys=0.00, real=0.02 secs] 
340.748: [GC
Desired survivor size 11534336 bytes, new threshold 15 (max 15)
 [PSYoungGen: 797248K->992K(807936K)] 1767014K->970822K(1831936K), 0.0105120 secs] [Times: user=0.07 sys=0.00, real=0.01 secs] 
341.036: [GC
Desired survivor size 11010048 bytes, new threshold 15 (max 15)
 [PSYoungGen: 797152K->1888K(807424K)] 1766982K->971790K(1831424K), 0.0116320 secs] [Times: user=0.07 sys=0.00, real=0.01 secs] 
341.308: [GC
Desired survivor size 9961472 bytes, new threshold 15 (max 15)
 [PSYoungGen: 798048K->2752K(809472K)] 1767950K->972742K(1833472K), 0.0125150 secs] [Times: user=0.06 sys=0.00, real=0.02 secs] 
341.601: [GC
Desired survivor size 9961472 bytes, new threshold 15 (max 15)
 [PSYoungGen: 801472K->3520K(808448K)] 1771462K->973590K(1832448K), 0.0120050 secs] [Times: user=0.07 sys=0.00, real=0.01 secs] 
341.891: [GC
Desired survivor size 9437184 bytes, new threshold 15 (max 15)
 [PSYoungGen: 802240K->1120K(809984K)] 1772310K->971262K(1833984K), 0.0116280 secs] [Times: user=0.06 sys=0.00, real=0.01 secs] 
342.229: [GC
Desired survivor size 8912896 bytes, new threshold 15 (max 15)
 [PSYoungGen: 801376K->1184K(809472K)] 1771518K->971398K(1833472K), 0.0117610 secs] [Times: user=0.07 sys=0.00, real=0.02 secs] 
342.521: [GC
Desired survivor size 8388608 bytes, new threshold 15 (max 15)
 [PSYoungGen: 801440K->1568K(811008K)] 1771654K->971846K(1835008K), 0.0110730 secs] [Times: user=0.06 sys=0.00, real=0.01 secs] 
342.827: [GC
Desired survivor size 7864320 bytes, new threshold 15 (max 15)
 [PSYoungGen: 803872K->2016K(810496K)] 1774150K->972374K(1834496K), 0.0114870 secs] [Times: user=0.07 sys=0.00, real=0.01 secs] 
343.115: [GC
Desired survivor size 7340032 bytes, new threshold 15 (max 15)
 [PSYoungGen: 804320K->2048K(812032K)] 1774678K->972486K(1836032K), 0.0112540 secs] [Times: user=0.07 sys=0.00, real=0.01 secs] 
343.416: [GC
Desired survivor size 6815744 bytes, new threshold 15 (max 15)
 [PSYoungGen: 806400K->1824K(811520K)] 1776838K->972350K(1835520K), 0.0108670 secs] [Times: user=0.06 sys=0.00, real=0.01 secs] 
343.707: [GC
Desired survivor size 6815744 bytes, new threshold 15 (max 15)
 [PSYoungGen: 806176K->1312K(812544K)] 1776702K->971918K(1836544K), 0.0221160 secs] [Times: user=0.10 sys=0.00, real=0.02 secs] 
344.011: [GC
Desired survivor size 6291456 bytes, new threshold 15 (max 15)
 [PSYoungGen: 807200K->2112K(812544K)] 1777806K->972814K(1836544K), 0.0119010 secs] [Times: user=0.07 sys=0.00, real=0.01 secs] 
344.295: [GC
Desired survivor size 5767168 bytes, new threshold 15 (max 15)
 [PSYoungGen: 808000K->1152K(813568K)] 1778702K->971926K(1837568K), 0.0105060 secs] [Times: user=0.07 sys=0.00, real=0.01 secs] 
344.565: [GC
Desired survivor size 6291456 bytes, new threshold 15 (max 15)
 [PSYoungGen: 808576K->3168K(813056K)] 1779350K->974030K(1837056K), 0.0117970 secs] [Times: user=0.08 sys=0.00, real=0.01 secs] 
344.857: [GC
Desired survivor size 5767168 bytes, new threshold 15 (max 15)
 [PSYoungGen: 810592K->2208K(813568K)] 1781454K->973142K(1837568K), 0.0115890 secs] [Times: user=0.06 sys=0.00, real=0.01 secs] 
345.140: [GC
Desired survivor size 5242880 bytes, new threshold 15 (max 15)
 [PSYoungGen: 809632K->2016K(813056K)] 1780566K->973038K(1837056K), 0.0110080 secs] [Times: user=0.07 sys=0.00, real=0.01 secs] 
345.418: [GC
Desired survivor size 5242880 bytes, new threshold 15 (max 15)
 [PSYoungGen: 809440K->1088K(814080K)] 1780462K->972206K(1838080K), 0.0103360 secs] [Times: user=0.07 sys=0.00, real=0.01 secs] 
345.700: [GC
Desired survivor size 5242880 bytes, new threshold 15 (max 15)
 [PSYoungGen: 810048K->3040K(814080K)] 1781166K->974230K(1838080K), 0.0184150 secs] [Times: user=0.11 sys=0.00, real=0.02 secs] 
345.994: [GC
Desired survivor size 5767168 bytes, new threshold 15 (max 15)
 [PSYoungGen: 812000K->3264K(813056K)] 1783190K->974558K(1837056K), 0.0120760 secs] [Times: user=0.07 sys=0.00, real=0.01 secs] 
346.276: [GC
Desired survivor size 5242880 bytes, new threshold 15 (max 15)
 [PSYoungGen: 811200K->1600K(813568K)] 1782494K->972982K(1837568K), 0.0112750 secs] [Times: user=0.06 sys=0.01, real=0.01 secs] 
346.552: [GC
Desired survivor size 5242880 bytes, new threshold 15 (max 15)
 [PSYoungGen: 809536K->1280K(814080K)] 1780918K->972758K(1838080K), 0.0107200 secs] [Times: user=0.06 sys=0.00, real=0.01 secs] 
346.942: [GC
Desired survivor size 5242880 bytes, new threshold 15 (max 15)
 [PSYoungGen: 810240K->2432K(814080K)] 1781718K->973966K(1838080K), 0.0202570 secs] [Times: user=0.10 sys=0.00, real=0.02 secs] 
347.243: [GC
Desired survivor size 4718592 bytes, new threshold 15 (max 15)
 [PSYoungGen: 811392K->2048K(814592K)] 1782926K->973654K(1838592K), 0.0181560 secs] [Times: user=0.12 sys=0.00, real=0.01 secs] 
347.537: [GC
Desired survivor size 4718592 bytes, new threshold 15 (max 15)
 [PSYoungGen: 811520K->2496K(814080K)] 1783126K->974166K(1838080K), 0.0120800 secs] [Times: user=0.07 sys=0.00, real=0.01 secs] 
347.819: [GC
Desired survivor size 4718592 bytes, new threshold 15 (max 15)
 [PSYoungGen: 811968K->2592K(814592K)] 1783638K->974350K(1838592K), 0.0127260 secs] [Times: user=0.06 sys=0.00, real=0.02 secs] 
348.097: [GC
Desired survivor size 4718592 bytes, new threshold 15 (max 15)
 [PSYoungGen: 812576K->1344K(814592K)] 1784334K->973190K(1838592K), 0.0107250 secs] [Times: user=0.06 sys=0.00, real=0.01 secs] 
348.371: [GC
Desired survivor size 4194304 bytes, new threshold 15 (max 15)
 [PSYoungGen: 811328K->1664K(815104K)] 1783174K->973582K(1839104K), 0.0107520 secs] [Times: user=0.06 sys=0.00, real=0.02 secs] 
348.646: [GC
Desired survivor size 4194304 bytes, new threshold 15 (max 15)
 [PSYoungGen: 812160K->2464K(814592K)] 1784078K->974470K(1838592K), 0.0111600 secs] [Times: user=0.06 sys=0.00, real=0.01 secs] 
348.928: [GC
Desired survivor size 4718592 bytes, new threshold 15 (max 15)
 [PSYoungGen: 812960K->3328K(814080K)] 1784966K->975406K(1838080K), 0.0112940 secs] [Times: user=0.07 sys=0.00, real=0.01 secs] 
349.203: [GC
Desired survivor size 4718592 bytes, new threshold 15 (max 15)
 [PSYoungGen: 813312K->1696K(814592K)] 1785390K->973878K(1838592K), 0.0123320 secs] [Times: user=0.06 sys=0.00, real=0.01 secs] 
349.480: [GC
Desired survivor size 4194304 bytes, new threshold 15 (max 15)
 [PSYoungGen: 811680K->2176K(815104K)] 1783862K->974438K(1839104K), 0.0109260 secs] [Times: user=0.07 sys=0.00, real=0.01 secs] 
349.758: [GC
Desired survivor size 4718592 bytes, new threshold 15 (max 15)
 [PSYoungGen: 812672K->4064K(814592K)] 1784934K->976390K(1838592K), 0.0121100 secs] [Times: user=0.07 sys=0.00, real=0.01 secs] 
350.032: [GC
Desired survivor size 4718592 bytes, new threshold 15 (max 15)
 [PSYoungGen: 814560K->1472K(814592K)] 1786886K->973894K(1838592K), 0.0106290 secs] [Times: user=0.07 sys=0.00, real=0.01 secs] 
350.300: [GC
Desired survivor size 4718592 bytes, new threshold 15 (max 15)
 [PSYoungGen: 811456K->2208K(814592K)] 1783878K->974694K(1838592K), 0.0109180 secs] [Times: user=0.07 sys=0.00, real=0.01 secs] 
350.572: [GC
Desired survivor size 4718592 bytes, new threshold 15 (max 15)
 [PSYoungGen: 812192K->1888K(814592K)] 1784678K->974446K(1838592K), 0.0117570 secs] [Times: user=0.07 sys=0.00, real=0.01 secs] 
350.853: [GC
Desired survivor size 4194304 bytes, new threshold 15 (max 15)
 [PSYoungGen: 811872K->1920K(814592K)] 1784430K->974598K(1838592K), 0.0113870 secs] [Times: user=0.06 sys=0.00, real=0.01 secs] 
351.129: [GC
Desired survivor size 4718592 bytes, new threshold 15 (max 15)
 [PSYoungGen: 811904K->3392K(814080K)] 1784582K->976158K(1838080K), 0.0115010 secs] [Times: user=0.06 sys=0.00, real=0.01 secs] 
351.395: [GC
Desired survivor size 4194304 bytes, new threshold 15 (max 15)
 [PSYoungGen: 813376K->2368K(814592K)] 1786142K->975214K(1838592K), 0.0109600 secs] [Times: user=0.06 sys=0.00, real=0.01 secs] 
351.667: [GC
Desired survivor size 4194304 bytes, new threshold 15 (max 15)
 [PSYoungGen: 812352K->2560K(815104K)] 1785198K->975470K(1839104K), 0.0140630 secs] [Times: user=0.07 sys=0.00, real=0.01 secs] 
351.950: [GC
Desired survivor size 4718592 bytes, new threshold 15 (max 15)
 [PSYoungGen: 813568K->3136K(814592K)] 1786478K->976118K(1838592K), 0.0141110 secs] [Times: user=0.08 sys=0.00, real=0.02 secs] 
352.229: [GC
Desired survivor size 4718592 bytes, new threshold 15 (max 15)
 [PSYoungGen: 814144K->864K(814592K)] 1787126K->973910K(1838592K), 0.0102080 secs] [Times: user=0.06 sys=0.00, real=0.01 secs] 
352.500: [GC
Desired survivor size 4718592 bytes, new threshold 15 (max 15)
 [PSYoungGen: 810848K->1120K(814592K)] 1783894K->974230K(1838592K), 0.0107270 secs] [Times: user=0.06 sys=0.01, real=0.01 secs] 
352.778: [GC
Desired survivor size 4194304 bytes, new threshold 15 (max 15)
 [PSYoungGen: 811104K->1568K(815104K)] 1784214K->974750K(1839104K), 0.0106670 secs] [Times: user=0.06 sys=0.00, real=0.01 secs] 
353.053: [GC
Desired survivor size 4718592 bytes, new threshold 15 (max 15)
 [PSYoungGen: 812064K->3456K(814592K)] 1785246K->976702K(1838592K), 0.0120230 secs] [Times: user=0.08 sys=0.00, real=0.01 secs] 
353.324: [GC
Desired survivor size 4718592 bytes, new threshold 15 (max 15)
 [PSYoungGen: 813952K->1440K(814592K)] 1787198K->974758K(1838592K), 0.0115930 secs] [Times: user=0.06 sys=0.00, real=0.01 secs] 
353.611: [GC
Desired survivor size 4718592 bytes, new threshold 15 (max 15)
 [PSYoungGen: 811424K->1568K(814592K)] 1784742K->974958K(1838592K), 0.0105690 secs] [Times: user=0.07 sys=0.00, real=0.01 secs] 
353.892: [GC
Desired survivor size 4194304 bytes, new threshold 15 (max 15)
 [PSYoungGen: 811552K->1664K(815104K)] 1784942K->975110K(1839104K), 0.0241760 secs] [Times: user=0.08 sys=0.00, real=0.03 secs] 
354.208: [GC
Desired survivor size 4194304 bytes, new threshold 15 (max 15)
 [PSYoungGen: 812160K->1504K(814592K)] 1785606K->975014K(1838592K), 0.0105260 secs] [Times: user=0.06 sys=0.01, real=0.01 secs] 
354.472: [GC
Desired survivor size 4194304 bytes, new threshold 15 (max 15)
 [PSYoungGen: 812000K->1376K(815104K)] 1785510K->974966K(1839104K), 0.0111530 secs] [Times: user=0.07 sys=0.00, real=0.02 secs] 
354.754: [GC
Desired survivor size 4194304 bytes, new threshold 15 (max 15)
 [PSYoungGen: 812384K->2272K(815104K)] 1785974K->975982K(1839104K), 0.0114130 secs] [Times: user=0.07 sys=0.00, real=0.01 secs] 
355.023: [GC
Desired survivor size 4194304 bytes, new threshold 15 (max 15)
 [PSYoungGen: 813280K->1664K(815104K)] 1786990K->975446K(1839104K), 0.0111810 secs] [Times: user=0.07 sys=0.00, real=0.01 secs] 
355.284: [GC
Desired survivor size 4194304 bytes, new threshold 15 (max 15)
 [PSYoungGen: 812672K->3488K(815104K)] 1786454K->977334K(1839104K), 0.0121170 secs] [Times: user=0.08 sys=0.00, real=0.01 secs] 
355.550: [GC
Desired survivor size 4718592 bytes, new threshold 15 (max 15)
 [PSYoungGen: 814496K->2880K(814080K)] 1788342K->976790K(1838080K), 0.0115120 secs] [Times: user=0.07 sys=0.00, real=0.01 secs] 
355.825: [GC
Desired survivor size 4718592 bytes, new threshold 15 (max 15)
 [PSYoungGen: 812864K->3808K(814592K)] 1786774K->977782K(1838592K), 0.0118760 secs] [Times: user=0.07 sys=0.00, real=0.01 secs] 
356.100: [GC
Desired survivor size 4718592 bytes, new threshold 15 (max 15)
 [PSYoungGen: 813792K->1824K(814592K)] 1787766K->975870K(1838592K), 0.0110840 secs] [Times: user=0.07 sys=0.00, real=0.01 secs] 
356.381: [GC
Desired survivor size 4718592 bytes, new threshold 15 (max 15)
 [PSYoungGen: 811808K->2688K(814592K)] 1785854K->976798K(1838592K), 0.0115530 secs] [Times: user=0.07 sys=0.00, real=0.02 secs] 
356.648: [GC
Desired survivor size 4718592 bytes, new threshold 15 (max 15)
 [PSYoungGen: 812672K->3232K(814592K)] 1786782K->977406K(1838592K), 0.0114770 secs] [Times: user=0.07 sys=0.00, real=0.01 secs] 
356.931: [GC
Desired survivor size 4718592 bytes, new threshold 15 (max 15)
 [PSYoungGen: 813216K->2368K(814592K)] 1787390K->976614K(1838592K), 0.0110560 secs] [Times: user=0.07 sys=0.00, real=0.02 secs] 
357.200: [GC
Desired survivor size 5242880 bytes, new threshold 15 (max 15)
 [PSYoungGen: 812352K->3904K(813568K)] 1786598K->978222K(1837568K), 0.0117860 secs] [Times: user=0.07 sys=0.00, real=0.01 secs] 
357.466: [GC
Desired survivor size 5242880 bytes, new threshold 15 (max 15)
 [PSYoungGen: 812864K->3808K(814080K)] 1787182K->978198K(1838080K), 0.0122090 secs] [Times: user=0.08 sys=0.00, real=0.01 secs] 
357.738: [GC
Desired survivor size 5242880 bytes, new threshold 15 (max 15)
 [PSYoungGen: 812768K->2272K(814080K)] 1787158K->976726K(1838080K), 0.0108830 secs] [Times: user=0.07 sys=0.00, real=0.01 secs] 
358.005: [GC
Desired survivor size 5242880 bytes, new threshold 15 (max 15)
 [PSYoungGen: 811232K->1440K(814080K)] 1785686K->975966K(1838080K), 0.0103570 secs] [Times: user=0.06 sys=0.00, real=0.01 secs] 
358.276: [GC
Desired survivor size 4718592 bytes, new threshold 15 (max 15)
 [PSYoungGen: 810400K->2336K(814592K)] 1784926K->976942K(1838592K), 0.0121820 secs] [Times: user=0.07 sys=0.00, real=0.01 secs] 
358.542: [GC
Desired survivor size 4718592 bytes, new threshold 15 (max 15)
 [PSYoungGen: 811808K->2592K(814080K)] 1786414K->977262K(1838080K), 0.0111940 secs] [Times: user=0.06 sys=0.00, real=0.02 secs] 
358.813: [GC
Desired survivor size 4718592 bytes, new threshold 15 (max 15)
 [PSYoungGen: 812064K->864K(814592K)] 1786734K->975598K(1838592K), 0.0104260 secs] [Times: user=0.06 sys=0.00, real=0.01 secs] 
359.086: [GC
Desired survivor size 4718592 bytes, new threshold 15 (max 15)
 [PSYoungGen: 810848K->992K(814592K)] 1785582K->975790K(1838592K), 0.0104260 secs] [Times: user=0.06 sys=0.00, real=0.01 secs] 
359.346: [GC
Desired survivor size 4718592 bytes, new threshold 15 (max 15)
 [PSYoungGen: 810976K->1824K(814592K)] 1785774K->976686K(1838592K), 0.0107830 secs] [Times: user=0.06 sys=0.00, real=0.01 secs] 
359.613: [GC
Desired survivor size 4718592 bytes, new threshold 15 (max 15)
 [PSYoungGen: 811808K->1504K(814592K)] 1786670K->976438K(1838592K), 0.0101700 secs] [Times: user=0.06 sys=0.00, real=0.01 secs] 
359.881: [GC
Desired survivor size 4718592 bytes, new threshold 15 (max 15)
 [PSYoungGen: 811488K->2976K(814592K)] 1786422K->977982K(1838592K), 0.0113570 secs] [Times: user=0.07 sys=0.00, real=0.01 secs] 
360.146: [GC
Desired survivor size 4718592 bytes, new threshold 15 (max 15)
 [PSYoungGen: 812960K->1664K(814592K)] 1787966K->976742K(1838592K), 0.0104670 secs] [Times: user=0.07 sys=0.00, real=0.01 secs] 
360.410: [GC
Desired survivor size 4718592 bytes, new threshold 15 (max 15)
 [PSYoungGen: 811648K->2432K(814592K)] 1786726K->977574K(1838592K), 0.0115330 secs] [Times: user=0.06 sys=0.00, real=0.01 secs] 
360.685: [GC
Desired survivor size 4194304 bytes, new threshold 15 (max 15)
 [PSYoungGen: 812416K->2304K(814592K)] 1787558K->977510K(1838592K), 0.0113300 secs] [Times: user=0.06 sys=0.00, real=0.01 secs] 
360.954: [GC
Desired survivor size 4194304 bytes, new threshold 15 (max 15)
 [PSYoungGen: 812288K->1760K(815104K)] 1787494K->977038K(1839104K), 0.0126850 secs] [Times: user=0.06 sys=0.00, real=0.01 secs] 
361.225: [GC
Desired survivor size 4194304 bytes, new threshold 15 (max 15)
 [PSYoungGen: 812768K->1952K(815104K)] 1788046K->977294K(1839104K), 0.0109710 secs] [Times: user=0.06 sys=0.00, real=0.01 secs] 
361.494: [GC
Desired survivor size 4194304 bytes, new threshold 15 (max 15)
 [PSYoungGen: 812960K->2304K(815104K)] 1788302K->977710K(1839104K), 0.0118770 secs] [Times: user=0.07 sys=0.00, real=0.01 secs] 
361.773: [GC
Desired survivor size 3670016 bytes, new threshold 15 (max 15)
 [PSYoungGen: 813312K->1632K(815104K)] 1788718K->977102K(1839104K), 0.0104230 secs] [Times: user=0.06 sys=0.00, real=0.01 secs] 
362.044: [GC
Desired survivor size 3670016 bytes, new threshold 15 (max 15)
 [PSYoungGen: 812640K->1152K(815616K)] 1788110K->976694K(1839616K), 0.0106230 secs] [Times: user=0.06 sys=0.01, real=0.01 secs] 
362.310: [GC
Desired survivor size 3670016 bytes, new threshold 15 (max 15)
 [PSYoungGen: 813184K->2240K(815616K)] 1788726K->977854K(1839616K), 0.0109650 secs] [Times: user=0.06 sys=0.00, real=0.01 secs] 
362.578: [GC
Desired survivor size 3670016 bytes, new threshold 15 (max 15)
 [PSYoungGen: 814272K->2048K(815616K)] 1789886K->977726K(1839616K), 0.0120810 secs] [Times: user=0.07 sys=0.00, real=0.01 secs] 
362.859: [GC
Desired survivor size 3670016 bytes, new threshold 15 (max 15)
 [PSYoungGen: 814080K->928K(815616K)] 1789758K->976678K(1839616K), 0.0102030 secs] [Times: user=0.06 sys=0.01, real=0.01 secs] 
363.137: [GC
Desired survivor size 3670016 bytes, new threshold 15 (max 15)
 [PSYoungGen: 812960K->960K(815616K)] 1788710K->976782K(1839616K), 0.0105300 secs] [Times: user=0.06 sys=0.00, real=0.01 secs] 
363.409: [GC
Desired survivor size 3670016 bytes, new threshold 15 (max 15)
 [PSYoungGen: 812992K->1056K(815616K)] 1788814K->976942K(1839616K), 0.0111460 secs] [Times: user=0.07 sys=0.00, real=0.01 secs] 
363.684: [GC
Desired survivor size 3670016 bytes, new threshold 15 (max 15)
 [PSYoungGen: 813088K->1856K(815616K)] 1788974K->977806K(1839616K), 0.0109070 secs] [Times: user=0.06 sys=0.00, real=0.01 secs] 
363.962: [GC
Desired survivor size 3670016 bytes, new threshold 15 (max 15)
 [PSYoungGen: 813888K->2368K(815616K)] 1789838K->978382K(1839616K), 0.0109540 secs] [Times: user=0.07 sys=0.00, real=0.02 secs] 
364.229: [GC
Desired survivor size 3670016 bytes, new threshold 15 (max 15)
 [PSYoungGen: 814400K->1216K(815616K)] 1790414K->977302K(1839616K), 0.0104450 secs] [Times: user=0.06 sys=0.00, real=0.01 secs] 
364.495: [GC
Desired survivor size 4194304 bytes, new threshold 15 (max 15)
 [PSYoungGen: 813248K->2976K(815104K)] 1789334K->979142K(1839104K), 0.0115210 secs] [Times: user=0.07 sys=0.00, real=0.01 secs] 
364.774: [GC
Desired survivor size 3670016 bytes, new threshold 15 (max 15)
 [PSYoungGen: 815008K->1920K(815616K)] 1791174K->978158K(1839616K), 0.0110200 secs] [Times: user=0.06 sys=0.00, real=0.01 secs] 
365.057: [GC
Desired survivor size 3670016 bytes, new threshold 15 (max 15)
 [PSYoungGen: 813440K->1152K(815104K)] 1789678K->977446K(1839104K), 0.0117890 secs] [Times: user=0.06 sys=0.00, real=0.01 secs] 
365.328: [GC
Desired survivor size 4194304 bytes, new threshold 15 (max 15)
 [PSYoungGen: 812672K->3328K(814592K)] 1788966K->979686K(1838592K), 0.0126620 secs] [Times: user=0.07 sys=0.00, real=0.01 secs] 
365.602: [GC
Desired survivor size 4194304 bytes, new threshold 15 (max 15)
 [PSYoungGen: 814336K->2080K(815104K)] 1790694K->978502K(1839104K), 0.0105760 secs] [Times: user=0.07 sys=0.00, real=0.01 secs] 
365.879: [GC
Desired survivor size 4194304 bytes, new threshold 15 (max 15)
 [PSYoungGen: 813088K->1120K(815104K)] 1789510K->977614K(1839104K), 0.0103120 secs] [Times: user=0.06 sys=0.00, real=0.01 secs] 
366.144: [GC
Desired survivor size 3670016 bytes, new threshold 15 (max 15)
 [PSYoungGen: 812128K->1440K(815104K)] 1788622K->978014K(1839104K), 0.0107660 secs] [Times: user=0.06 sys=0.00, real=0.01 secs] 
366.403: [GC
Desired survivor size 4194304 bytes, new threshold 15 (max 15)
 [PSYoungGen: 812448K->2720K(814592K)] 1789022K->979358K(1838592K), 0.0118530 secs] [Times: user=0.07 sys=0.00, real=0.02 secs] 
366.677: [GC
Desired survivor size 3670016 bytes, new threshold 15 (max 15)
 [PSYoungGen: 813728K->1664K(815104K)] 1790366K->978382K(1839104K), 0.0107290 secs] [Times: user=0.06 sys=0.00, real=0.01 secs] 
366.949: [GC
Desired survivor size 3670016 bytes, new threshold 15 (max 15)
 [PSYoungGen: 812672K->1600K(815616K)] 1789390K->978390K(1839616K), 0.0129370 secs] [Times: user=0.08 sys=0.00, real=0.01 secs] 
367.220: [GC
Desired survivor size 3670016 bytes, new threshold 15 (max 15)
 [PSYoungGen: 813632K->2336K(815616K)] 1790422K->979198K(1839616K), 0.0108490 secs] [Times: user=0.05 sys=0.00, real=0.01 secs] 
367.481: [GC
Desired survivor size 4194304 bytes, new threshold 15 (max 15)
 [PSYoungGen: 814368K->2656K(814592K)] 1791230K->979582K(1838592K), 0.0111750 secs] [Times: user=0.06 sys=0.01, real=0.01 secs] 
367.756: [GC
Desired survivor size 3670016 bytes, new threshold 15 (max 15)
 [PSYoungGen: 813664K->1184K(815104K)] 1790590K->978190K(1839104K), 0.0099390 secs] [Times: user=0.06 sys=0.00, real=0.01 secs] 
368.025: [GC
Desired survivor size 3670016 bytes, new threshold 15 (max 15)
 [PSYoungGen: 812192K->960K(815616K)] 1789198K->978030K(1839616K), 0.0096510 secs] [Times: user=0.06 sys=0.00, real=0.01 secs] 
368.296: [GC
Desired survivor size 3670016 bytes, new threshold 15 (max 15)
 [PSYoungGen: 812992K->2016K(815616K)] 1790062K->979158K(1839616K), 0.0108030 secs] [Times: user=0.06 sys=0.01, real=0.01 secs] 
368.568: [GC
Desired survivor size 3670016 bytes, new threshold 15 (max 15)
 [PSYoungGen: 814048K->1568K(815616K)] 1791190K->978774K(1839616K), 0.0120260 secs] [Times: user=0.05 sys=0.00, real=0.01 secs] 
368.854: [GC
Desired survivor size 3670016 bytes, new threshold 15 (max 15)
 [PSYoungGen: 813600K->1280K(815616K)] 1790806K->978566K(1839616K), 0.0110330 secs] [Times: user=0.06 sys=0.00, real=0.01 secs] 
369.120: [GC
Desired survivor size 3670016 bytes, new threshold 15 (max 15)
 [PSYoungGen: 813312K->2592K(815616K)] 1790598K->979950K(1839616K), 0.0107740 secs] [Times: user=0.06 sys=0.00, real=0.01 secs] 
369.388: [GC
Desired survivor size 3670016 bytes, new threshold 15 (max 15)
 [PSYoungGen: 814624K->1792K(815616K)] 1791982K->979214K(1839616K), 0.0111510 secs] [Times: user=0.07 sys=0.00, real=0.01 secs] 
369.661: [GC
Desired survivor size 3670016 bytes, new threshold 15 (max 15)
 [PSYoungGen: 813824K->1408K(815616K)] 1791246K->978910K(1839616K), 0.0104490 secs] [Times: user=0.06 sys=0.00, real=0.01 secs] 
369.939: [GC
Desired survivor size 3670016 bytes, new threshold 15 (max 15)
 [PSYoungGen: 813440K->1088K(815616K)] 1790942K->978654K(1839616K), 0.0106230 secs] [Times: user=0.05 sys=0.00, real=0.01 secs] 
370.199: [GC
Desired survivor size 3670016 bytes, new threshold 15 (max 15)
 [PSYoungGen: 813120K->3040K(815616K)] 1790686K->980670K(1839616K), 0.0108650 secs] [Times: user=0.07 sys=0.00, real=0.01 secs] 
370.472: [GC
Desired survivor size 4718592 bytes, new threshold 14 (max 15)
 [PSYoungGen: 815072K->3584K(815616K)] 1792702K->981542K(1839616K), 0.0120170 secs] [Times: user=0.07 sys=0.00, real=0.02 secs] 
370.745: [GC
Desired survivor size 4194304 bytes, new threshold 15 (max 15)
 [PSYoungGen: 815616K->1728K(814592K)] 1793574K->979774K(1838592K), 0.0111020 secs] [Times: user=0.06 sys=0.00, real=0.01 secs] 
371.013: [GC
Desired survivor size 4194304 bytes, new threshold 15 (max 15)
 [PSYoungGen: 812736K->1760K(815104K)] 1790782K->979806K(1839104K), 0.0104190 secs] [Times: user=0.06 sys=0.00, real=0.01 secs] 
371.277: [GC
Desired survivor size 4194304 bytes, new threshold 15 (max 15)
 [PSYoungGen: 812768K->1632K(815104K)] 1790814K->979758K(1839104K), 0.0106410 secs] [Times: user=0.06 sys=0.00, real=0.01 secs] 
371.541: [GC
Desired survivor size 4194304 bytes, new threshold 15 (max 15)
 [PSYoungGen: 812640K->2304K(815104K)] 1790766K->980494K(1839104K), 0.0109180 secs] [Times: user=0.06 sys=0.00, real=0.01 secs] 
371.808: [GC
Desired survivor size 3670016 bytes, new threshold 15 (max 15)
 [PSYoungGen: 813312K->1568K(815616K)] 1791502K->979822K(1839616K), 0.0109430 secs] [Times: user=0.06 sys=0.00, real=0.01 secs] 
372.065: [GC
Desired survivor size 4194304 bytes, new threshold 15 (max 15)
 [PSYoungGen: 813088K->2720K(815104K)] 1791342K->981046K(1839104K), 0.0104800 secs] [Times: user=0.05 sys=0.00, real=0.01 secs] 
372.327: [GC
Desired survivor size 4194304 bytes, new threshold 15 (max 15)
 [PSYoungGen: 814240K->1248K(815104K)] 1792566K->979646K(1839104K), 0.0103930 secs] [Times: user=0.07 sys=0.00, real=0.01 secs] 
372.591: [GC
Desired survivor size 3670016 bytes, new threshold 15 (max 15)
 [PSYoungGen: 812256K->1536K(815104K)] 1790654K->979998K(1839104K), 0.0107290 secs] [Times: user=0.06 sys=0.00, real=0.01 secs] 
372.864: [GC
Desired survivor size 3670016 bytes, new threshold 15 (max 15)
 [PSYoungGen: 812544K->1920K(815616K)] 1791006K->980478K(1839616K), 0.0105800 secs] [Times: user=0.06 sys=0.01, real=0.01 secs] 
373.129: [GC
Desired survivor size 3670016 bytes, new threshold 15 (max 15)
 [PSYoungGen: 813952K->1120K(815616K)] 1792510K->979758K(1839616K), 0.0100580 secs] [Times: user=0.07 sys=0.00, real=0.01 secs] 
373.388: [GC
Desired survivor size 3670016 bytes, new threshold 15 (max 15)
 [PSYoungGen: 813152K->1248K(815616K)] 1791790K->979982K(1839616K), 0.0107230 secs] [Times: user=0.06 sys=0.00, real=0.01 secs] 
373.667: [GC
Desired survivor size 3670016 bytes, new threshold 15 (max 15)
 [PSYoungGen: 813280K->1664K(815616K)] 1792014K->980462K(1839616K), 0.0108570 secs] [Times: user=0.06 sys=0.00, real=0.01 secs] 
373.980: [GC
Desired survivor size 3670016 bytes, new threshold 15 (max 15)
 [PSYoungGen: 813696K->2144K(815616K)] 1792494K->981014K(1839616K), 0.0112610 secs] [Times: user=0.06 sys=0.00, real=0.01 secs] 
374.245: [GC
Desired survivor size 3670016 bytes, new threshold 15 (max 15)
 [PSYoungGen: 814176K->2336K(815616K)] 1793046K->981270K(1839616K), 0.0107870 secs] [Times: user=0.06 sys=0.00, real=0.01 secs] 
374.522: [GC
Desired survivor size 3670016 bytes, new threshold 15 (max 15)
 [PSYoungGen: 814368K->2240K(815616K)] 1793302K->981294K(1839616K), 0.0127470 secs] [Times: user=0.06 sys=0.01, real=0.02 secs] 
374.796: [GC
Desired survivor size 3670016 bytes, new threshold 15 (max 15)
 [PSYoungGen: 814272K->2624K(815616K)] 1793326K->981742K(1839616K), 0.0107060 secs] [Times: user=0.05 sys=0.00, real=0.01 secs] 
375.053: [GC
Desired survivor size 3670016 bytes, new threshold 15 (max 15)
 [PSYoungGen: 814656K->2144K(815616K)] 1793774K->981334K(1839616K), 0.0107590 secs] [Times: user=0.06 sys=0.00, real=0.01 secs] 
375.320: [GC
Desired survivor size 3670016 bytes, new threshold 15 (max 15)
 [PSYoungGen: 814176K->2528K(815616K)] 1793366K->981782K(1839616K), 0.0111240 secs] [Times: user=0.07 sys=0.00, real=0.01 secs] 
375.598: [GC
Desired survivor size 3670016 bytes, new threshold 15 (max 15)
 [PSYoungGen: 814560K->2752K(815616K)] 1793814K->982070K(1839616K), 0.0112110 secs] [Times: user=0.06 sys=0.00, real=0.01 secs] 
375.872: [GC
Desired survivor size 3670016 bytes, new threshold 15 (max 15)
 [PSYoungGen: 814784K->1280K(815616K)] 1794102K->980662K(1839616K), 0.0102660 secs] [Times: user=0.06 sys=0.00, real=0.01 secs] 
376.143: [GC
Desired survivor size 3670016 bytes, new threshold 15 (max 15)
 [PSYoungGen: 813312K->2112K(815616K)] 1792694K->981558K(1839616K), 0.0105290 secs] [Times: user=0.06 sys=0.00, real=0.01 secs] 
376.412: [GC
Desired survivor size 3670016 bytes, new threshold 15 (max 15)
 [PSYoungGen: 814144K->1536K(815616K)] 1793590K->981054K(1839616K), 0.0106420 secs] [Times: user=0.07 sys=0.00, real=0.01 secs] 
376.679: [GC
Desired survivor size 3670016 bytes, new threshold 15 (max 15)
 [PSYoungGen: 813568K->2368K(815616K)] 1793086K->981950K(1839616K), 0.0112710 secs] [Times: user=0.06 sys=0.01, real=0.01 secs] 
376.949: [GC
Desired survivor size 3670016 bytes, new threshold 15 (max 15)
 [PSYoungGen: 814400K->2208K(815616K)] 1793982K->981854K(1839616K), 0.0130030 secs] [Times: user=0.07 sys=0.00, real=0.01 secs] 
377.217: [GC
Desired survivor size 3670016 bytes, new threshold 15 (max 15)
 [PSYoungGen: 814240K->2624K(815616K)] 1793886K->982334K(1839616K), 0.0108900 secs] [Times: user=0.07 sys=0.00, real=0.01 secs] 
377.488: [GC
Desired survivor size 3670016 bytes, new threshold 15 (max 15)
 [PSYoungGen: 814656K->1760K(815616K)] 1794366K->981534K(1839616K), 0.0105900 secs] [Times: user=0.06 sys=0.00, real=0.01 secs] 
377.763: [GC
Desired survivor size 3670016 bytes, new threshold 15 (max 15)
 [PSYoungGen: 813792K->2400K(815616K)] 1793566K->982470K(1839616K), 0.0111350 secs] [Times: user=0.07 sys=0.00, real=0.01 secs] 
378.025: [GC
Desired survivor size 4194304 bytes, new threshold 14 (max 15)
 [PSYoungGen: 814432K->3584K(815616K)] 1794502K->983774K(1839616K), 0.0118450 secs] [Times: user=0.08 sys=0.00, real=0.01 secs] 
378.288: [GC
Desired survivor size 4194304 bytes, new threshold 15 (max 15)
 [PSYoungGen: 815616K->2016K(814592K)] 1795806K->982302K(1838592K), 0.0111680 secs] [Times: user=0.06 sys=0.00, real=0.01 secs] 
378.553: [GC
Desired survivor size 3670016 bytes, new threshold 15 (max 15)
 [PSYoungGen: 813024K->2048K(815104K)] 1793310K->982334K(1839104K), 0.0109550 secs] [Times: user=0.06 sys=0.00, real=0.01 secs] 
378.836: [GC
Desired survivor size 3670016 bytes, new threshold 15 (max 15)
 [PSYoungGen: 813056K->1600K(815616K)] 1793342K->981950K(1839616K), 0.0107500 secs] [Times: user=0.06 sys=0.00, real=0.01 secs] 
379.107: [GC
Desired survivor size 3670016 bytes, new threshold 15 (max 15)
 [PSYoungGen: 813632K->1376K(815616K)] 1793982K->981790K(1839616K), 0.0108460 secs] [Times: user=0.05 sys=0.00, real=0.01 secs] 
379.373: [GC
Desired survivor size 3670016 bytes, new threshold 15 (max 15)
 [PSYoungGen: 813408K->1504K(815616K)] 1793822K->981982K(1839616K), 0.0103420 secs] [Times: user=0.07 sys=0.00, real=0.01 secs] 
379.640: [GC
Desired survivor size 3670016 bytes, new threshold 15 (max 15)
 [PSYoungGen: 813536K->1504K(815616K)] 1794014K->982054K(1839616K), 0.0110790 secs] [Times: user=0.06 sys=0.00, real=0.01 secs] 
379.920: [GC
Desired survivor size 3670016 bytes, new threshold 15 (max 15)
 [PSYoungGen: 813536K->640K(815616K)] 1794086K->981262K(1839616K), 0.0099350 secs] [Times: user=0.06 sys=0.00, real=0.01 secs] 
380.195: [GC
Desired survivor size 3670016 bytes, new threshold 15 (max 15)
 [PSYoungGen: 812672K->1376K(815616K)] 1793294K->982062K(1839616K), 0.0104970 secs] [Times: user=0.06 sys=0.00, real=0.01 secs] 
380.469: [GC
Desired survivor size 3670016 bytes, new threshold 15 (max 15)
 [PSYoungGen: 813408K->1248K(815616K)] 1794094K->981998K(1839616K), 0.0104950 secs] [Times: user=0.06 sys=0.01, real=0.01 secs] 
380.749: [GC
Desired survivor size 3670016 bytes, new threshold 15 (max 15)
 [PSYoungGen: 813280K->736K(815616K)] 1794030K->981550K(1839616K), 0.0099160 secs] [Times: user=0.06 sys=0.00, real=0.01 secs] 
381.010: [GC
Desired survivor size 3670016 bytes, new threshold 15 (max 15)
 [PSYoungGen: 812768K->1728K(815616K)] 1793582K->982606K(1839616K), 0.0104940 secs] [Times: user=0.06 sys=0.00, real=0.01 secs] 
381.273: [GC
Desired survivor size 3670016 bytes, new threshold 15 (max 15)
 [PSYoungGen: 813760K->1152K(815616K)] 1794638K->982094K(1839616K), 0.0104910 secs] [Times: user=0.07 sys=0.00, real=0.01 secs] 
381.537: [GC
Desired survivor size 3670016 bytes, new threshold 15 (max 15)
 [PSYoungGen: 813184K->2688K(815616K)] 1794126K->983702K(1839616K), 0.0112770 secs] [Times: user=0.06 sys=0.00, real=0.01 secs] 
381.819: [GC
Desired survivor size 3670016 bytes, new threshold 15 (max 15)
 [PSYoungGen: 814720K->1664K(815616K)] 1795734K->982742K(1839616K), 0.0105310 secs] [Times: user=0.06 sys=0.00, real=0.01 secs] 
382.089: [GC
Desired survivor size 3670016 bytes, new threshold 15 (max 15)
 [PSYoungGen: 813696K->1792K(815616K)] 1794774K->982934K(1839616K), 0.0110910 secs] [Times: user=0.06 sys=0.00, real=0.01 secs] 
382.353: [GC
Desired survivor size 3670016 bytes, new threshold 15 (max 15)
 [PSYoungGen: 813824K->2464K(815616K)] 1794966K->983670K(1839616K), 0.0108010 secs] [Times: user=0.05 sys=0.00, real=0.01 secs] 
382.625: [GC
Desired survivor size 3670016 bytes, new threshold 15 (max 15)
 [PSYoungGen: 814496K->2208K(815616K)] 1795702K->983478K(1839616K), 0.0112780 secs] [Times: user=0.06 sys=0.00, real=0.02 secs] 
382.901: [GC
Desired survivor size 3670016 bytes, new threshold 15 (max 15)
 [PSYoungGen: 814240K->1216K(815616K)] 1795510K->982550K(1839616K), 0.0107020 secs] [Times: user=0.06 sys=0.00, real=0.01 secs] 
383.160: [GC
Desired survivor size 3670016 bytes, new threshold 15 (max 15)
 [PSYoungGen: 813248K->1792K(815616K)] 1794582K->983198K(1839616K), 0.0108720 secs] [Times: user=0.06 sys=0.00, real=0.01 secs] 
383.434: [GC
Desired survivor size 3145728 bytes, new threshold 15 (max 15)
 [PSYoungGen: 813824K->1472K(815616K)] 1795230K->982950K(1839616K), 0.0109740 secs] [Times: user=0.07 sys=0.00, real=0.01 secs] 
383.696: [GC
Desired survivor size 3670016 bytes, new threshold 15 (max 15)
 [PSYoungGen: 813504K->2400K(815104K)] 1794982K->983942K(1839104K), 0.0148210 secs] [Times: user=0.07 sys=0.00, real=0.01 secs] 
383.983: [GC
Desired survivor size 3670016 bytes, new threshold 15 (max 15)
 [PSYoungGen: 814432K->2528K(815616K)] 1795974K->984142K(1839616K), 0.0117520 secs] [Times: user=0.06 sys=0.00, real=0.01 secs] 
384.249: [GC
Desired survivor size 3670016 bytes, new threshold 15 (max 15)
 [PSYoungGen: 814560K->3072K(815616K)] 1796174K->984758K(1839616K), 0.0115870 secs] [Times: user=0.06 sys=0.00, real=0.01 secs] 
384.515: [GC
Desired survivor size 3670016 bytes, new threshold 15 (max 15)
 [PSYoungGen: 815104K->1792K(815616K)] 1796790K->983542K(1839616K), 0.0108220 secs] [Times: user=0.07 sys=0.00, real=0.02 secs] 
384.785: [GC
Desired survivor size 3670016 bytes, new threshold 15 (max 15)
 [PSYoungGen: 813824K->2016K(815616K)] 1795574K->983830K(1839616K), 0.0107290 secs] [Times: user=0.06 sys=0.00, real=0.01 secs] 
385.063: [GC
Desired survivor size 3670016 bytes, new threshold 15 (max 15)
 [PSYoungGen: 814048K->1216K(815616K)] 1795862K->983102K(1839616K), 0.0106460 secs] [Times: user=0.06 sys=0.00, real=0.01 secs] 
385.338: [GC
Desired survivor size 3670016 bytes, new threshold 15 (max 15)
 [PSYoungGen: 813248K->1792K(815616K)] 1795134K->983742K(1839616K), 0.0107020 secs] [Times: user=0.06 sys=0.00, real=0.01 secs] 
385.610: [GC
Desired survivor size 3670016 bytes, new threshold 15 (max 15)
 [PSYoungGen: 813824K->1216K(815616K)] 1795774K->983230K(1839616K), 0.0102990 secs] [Times: user=0.06 sys=0.00, real=0.01 secs] 
385.889: [GC
Desired survivor size 3670016 bytes, new threshold 15 (max 15)
 [PSYoungGen: 813248K->800K(815616K)] 1795262K->982886K(1839616K), 0.0103020 secs] [Times: user=0.06 sys=0.00, real=0.01 secs] 
386.156: [GC
Desired survivor size 3670016 bytes, new threshold 15 (max 15)
 [PSYoungGen: 812832K->2848K(815616K)] 1794918K->984998K(1839616K), 0.0115230 secs] [Times: user=0.07 sys=0.00, real=0.02 secs] 
386.441: [GC
Desired survivor size 3670016 bytes, new threshold 15 (max 15)
 [PSYoungGen: 814880K->832K(815616K)] 1797030K->983046K(1839616K), 0.0102140 secs] [Times: user=0.06 sys=0.01, real=0.01 secs] 
386.730: [GC
Desired survivor size 3670016 bytes, new threshold 15 (max 15)
 [PSYoungGen: 812864K->1344K(815616K)] 1795078K->983622K(1839616K), 0.0116290 secs] [Times: user=0.06 sys=0.00, real=0.01 secs] 
386.997: [GC
Desired survivor size 3670016 bytes, new threshold 15 (max 15)
 [PSYoungGen: 813376K->1728K(815616K)] 1795654K->984078K(1839616K), 0.0107970 secs] [Times: user=0.06 sys=0.00, real=0.01 secs] 
387.270: [GC
Desired survivor size 3670016 bytes, new threshold 15 (max 15)
 [PSYoungGen: 813760K->736K(815616K)] 1796110K->983150K(1839616K), 0.0100580 secs] [Times: user=0.06 sys=0.00, real=0.01 secs] 
387.545: [GC
Desired survivor size 3670016 bytes, new threshold 15 (max 15)
 [PSYoungGen: 812768K->1984K(815616K)] 1795182K->984470K(1839616K), 0.0110570 secs] [Times: user=0.06 sys=0.00, real=0.01 secs] 
387.829: [GC
Desired survivor size 3670016 bytes, new threshold 15 (max 15)
 [PSYoungGen: 814016K->608K(815616K)] 1796502K->983158K(1839616K), 0.0099600 secs] [Times: user=0.06 sys=0.00, real=0.01 secs] 
388.098: [GC
Desired survivor size 3670016 bytes, new threshold 15 (max 15)
 [PSYoungGen: 812640K->2400K(815616K)] 1795190K->985014K(1839616K), 0.0110780 secs] [Times: user=0.07 sys=0.00, real=0.01 secs] 
388.366: [GC
Desired survivor size 3670016 bytes, new threshold 15 (max 15)
 [PSYoungGen: 814432K->896K(815616K)] 1797046K->983582K(1839616K), 0.0101690 secs] [Times: user=0.06 sys=0.00, real=0.01 secs] 
388.631: [GC
Desired survivor size 4194304 bytes, new threshold 14 (max 15)
 [PSYoungGen: 812928K->3584K(814592K)] 1795614K->986342K(1838592K), 0.0117920 secs] [Times: user=0.07 sys=0.00, real=0.01 secs] 
388.903: [GC
Desired survivor size 4194304 bytes, new threshold 15 (max 15)
 [PSYoungGen: 814592K->1824K(815104K)] 1797350K->984654K(1839104K), 0.0113180 secs] [Times: user=0.05 sys=0.01, real=0.01 secs] 
389.173: [GC
Desired survivor size 4194304 bytes, new threshold 15 (max 15)
 [PSYoungGen: 812832K->864K(815104K)] 1795662K->983694K(1839104K), 0.0103160 secs] [Times: user=0.06 sys=0.01, real=0.01 secs] 
389.442: [GC
Desired survivor size 4194304 bytes, new threshold 15 (max 15)
 [PSYoungGen: 811872K->2176K(815104K)] 1794702K->985078K(1839104K), 0.0107850 secs] [Times: user=0.07 sys=0.00, real=0.01 secs] 
389.723: [GC
Desired survivor size 4718592 bytes, new threshold 15 (max 15)
 [PSYoungGen: 813184K->3520K(814080K)] 1796086K->986486K(1838080K), 0.0121000 secs] [Times: user=0.07 sys=0.00, real=0.01 secs] 
389.994: [GC
Desired survivor size 4718592 bytes, new threshold 15 (max 15)
 [PSYoungGen: 813504K->736K(814592K)] 1796470K->983766K(1838592K), 0.0095380 secs] [Times: user=0.05 sys=0.00, real=0.01 secs] 
390.262: [GC
Desired survivor size 4194304 bytes, new threshold 15 (max 15)
 [PSYoungGen: 810720K->2112K(815104K)] 1793750K->985206K(1839104K), 0.0113660 secs] [Times: user=0.06 sys=0.00, real=0.01 secs] 
390.523: [GC
Desired survivor size 4718592 bytes, new threshold 15 (max 15)
 [PSYoungGen: 812608K->2912K(814592K)] 1795702K->986070K(1838592K), 0.0118850 secs] [Times: user=0.07 sys=0.00, real=0.01 secs] 
390.798: [GC
Desired survivor size 4718592 bytes, new threshold 15 (max 15)
 [PSYoungGen: 813408K->1120K(814592K)] 1796566K->984342K(1838592K), 0.0104360 secs] [Times: user=0.07 sys=0.00, real=0.01 secs] 
391.060: [GC
Desired survivor size 4194304 bytes, new threshold 15 (max 15)
 [PSYoungGen: 811104K->2432K(814592K)] 1794326K->985718K(1838592K), 0.0113960 secs] [Times: user=0.07 sys=0.00, real=0.01 secs] 
391.326: [GC
Desired survivor size 4194304 bytes, new threshold 15 (max 15)
 [PSYoungGen: 812416K->1376K(815104K)] 1795702K->984726K(1839104K), 0.0109430 secs] [Times: user=0.06 sys=0.00, real=0.01 secs] 
391.602: [GC
Desired survivor size 4194304 bytes, new threshold 15 (max 15)
 [PSYoungGen: 812384K->1056K(815104K)] 1795734K->984470K(1839104K), 0.0100570 secs] [Times: user=0.06 sys=0.00, real=0.01 secs] 
391.877: [GC
Desired survivor size 4194304 bytes, new threshold 15 (max 15)
 [PSYoungGen: 812064K->2112K(815104K)] 1795478K->985598K(1839104K), 0.0108950 secs] [Times: user=0.07 sys=0.01, real=0.01 secs] 
392.151: [GC
Desired survivor size 4718592 bytes, new threshold 15 (max 15)
 [PSYoungGen: 813120K->3840K(815104K)] 1796606K->987390K(1839104K), 0.0115590 secs] [Times: user=0.07 sys=0.01, real=0.01 secs] 
392.416: [GC
Desired survivor size 5242880 bytes, new threshold 15 (max 15)
 [PSYoungGen: 814848K->3424K(813056K)] 1798398K->987038K(1837056K), 0.0118460 secs] [Times: user=0.07 sys=0.00, real=0.02 secs] 
392.685: [GC
Desired survivor size 4718592 bytes, new threshold 15 (max 15)
 [PSYoungGen: 812384K->1472K(814080K)] 1795998K->985150K(1838080K), 0.0100160 secs] [Times: user=0.06 sys=0.00, real=0.01 secs] 
392.970: [GC
Desired survivor size 4718592 bytes, new threshold 15 (max 15)
 [PSYoungGen: 810432K->2240K(814592K)] 1794110K->985982K(1838592K), 0.0109010 secs] [Times: user=0.06 sys=0.01, real=0.01 secs] 
393.241: [GC
Desired survivor size 4718592 bytes, new threshold 15 (max 15)
 [PSYoungGen: 812224K->2016K(814592K)] 1795966K->985830K(1838592K), 0.0105120 secs] [Times: user=0.06 sys=0.00, real=0.01 secs] 
393.503: [GC
Desired survivor size 4718592 bytes, new threshold 15 (max 15)
 [PSYoungGen: 812000K->3040K(814592K)] 1795814K->986918K(1838592K), 0.0109500 secs] [Times: user=0.07 sys=0.00, real=0.01 secs] 
393.788: [GC
Desired survivor size 4718592 bytes, new threshold 15 (max 15)
 [PSYoungGen: 813024K->1184K(814592K)] 1796902K->985126K(1838592K), 0.0109170 secs] [Times: user=0.06 sys=0.00, real=0.01 secs] 
394.084: [GC
Desired survivor size 5242880 bytes, new threshold 14 (max 15)
 [PSYoungGen: 811168K->4608K(813568K)] 1795110K->988918K(1837568K), 0.0128600 secs] [Times: user=0.07 sys=0.01, real=0.01 secs] 
394.349: [GC
Desired survivor size 5242880 bytes, new threshold 15 (max 15)
 [PSYoungGen: 813568K->2400K(814080K)] 1797878K->986774K(1838080K), 0.0112540 secs] [Times: user=0.07 sys=0.00, real=0.01 secs] 
394.627: [GC
Desired survivor size 5242880 bytes, new threshold 15 (max 15)
 [PSYoungGen: 811360K->3520K(814080K)] 1795734K->987894K(1838080K), 0.0115060 secs] [Times: user=0.07 sys=0.00, real=0.02 secs] 
394.901: [GC
Desired survivor size 5767168 bytes, new threshold 15 (max 15)
 [PSYoungGen: 812480K->4448K(813568K)] 1796854K->988886K(1837568K), 0.0127280 secs] [Times: user=0.07 sys=0.00, real=0.01 secs] 
395.173: [GC
Desired survivor size 5767168 bytes, new threshold 15 (max 15)
 [PSYoungGen: 813408K->1984K(813568K)] 1797846K->986486K(1837568K), 0.0109280 secs] [Times: user=0.06 sys=0.00, real=0.01 secs] 
395.436: [GC
Desired survivor size 5242880 bytes, new threshold 15 (max 15)
 [PSYoungGen: 809920K->2688K(813568K)] 1794422K->987254K(1837568K), 0.0114380 secs] [Times: user=0.08 sys=0.00, real=0.01 secs] 
395.699: [GC
Desired survivor size 6291456 bytes, new threshold 15 (max 15)
 [PSYoungGen: 810624K->4832K(812032K)] 1795190K->989462K(1836032K), 0.0257860 secs] [Times: user=0.09 sys=0.01, real=0.02 secs] 
395.981: [GC
Desired survivor size 5767168 bytes, new threshold 15 (max 15)
 [PSYoungGen: 811744K->2720K(813056K)] 1796374K->987414K(1837056K), 0.0113550 secs] [Times: user=0.07 sys=0.00, real=0.01 secs] 
396.248: [GC
Desired survivor size 5767168 bytes, new threshold 15 (max 15)
 [PSYoungGen: 809632K->1856K(813568K)] 1794326K->986614K(1837568K), 0.0110030 secs] [Times: user=0.07 sys=0.00, real=0.01 secs] 
396.513: [GC
Desired survivor size 5767168 bytes, new threshold 15 (max 15)
 [PSYoungGen: 809792K->4128K(813568K)] 1794550K->988958K(1837568K), 0.0120420 secs] [Times: user=0.07 sys=0.00, real=0.01 secs] 
396.788: [GC
Desired survivor size 5767168 bytes, new threshold 15 (max 15)
 [PSYoungGen: 812064K->2720K(813568K)] 1796894K->987614K(1837568K), 0.0109650 secs] [Times: user=0.07 sys=0.00, real=0.01 secs] 
397.059: [GC
Desired survivor size 5767168 bytes, new threshold 15 (max 15)
 [PSYoungGen: 810656K->3072K(813568K)] 1795550K->988030K(1837568K), 0.0114530 secs] [Times: user=0.07 sys=0.01, real=0.01 secs] 
397.330: [GC
Desired survivor size 5242880 bytes, new threshold 15 (max 15)
 [PSYoungGen: 811008K->1920K(814080K)] 1795966K->986942K(1838080K), 0.0110060 secs] [Times: user=0.07 sys=0.00, real=0.01 secs] 
397.601: [GC
Desired survivor size 5242880 bytes, new threshold 15 (max 15)
 [PSYoungGen: 810368K->1568K(813568K)] 1795390K->986654K(1837568K), 0.0101770 secs] [Times: user=0.06 sys=0.00, real=0.01 secs] 
397.863: [GC
Desired survivor size 5767168 bytes, new threshold 15 (max 15)
 [PSYoungGen: 810016K->3712K(813056K)] 1795102K->988886K(1837056K), 0.0121020 secs] [Times: user=0.08 sys=0.00, real=0.01 secs] 
398.133: [GC
Desired survivor size 5767168 bytes, new threshold 15 (max 15)
 [PSYoungGen: 811648K->1376K(813568K)] 1796822K->987094K(1837568K), 0.0107510 secs] [Times: user=0.05 sys=0.00, real=0.01 secs] 
398.400: [GC
Desired survivor size 5242880 bytes, new threshold 15 (max 15)
 [PSYoungGen: 809312K->1760K(814080K)] 1795030K->987542K(1838080K), 0.0112770 secs] [Times: user=0.06 sys=0.01, real=0.01 secs] 
398.663: [GC
Desired survivor size 5242880 bytes, new threshold 15 (max 15)
 [PSYoungGen: 810208K->2624K(813568K)] 1795990K->988470K(1837568K), 0.0117000 secs] [Times: user=0.07 sys=0.00, real=0.01 secs] 
398.944: [GC
Desired survivor size 5242880 bytes, new threshold 15 (max 15)
 [PSYoungGen: 811072K->2368K(814080K)] 1796918K->988278K(1838080K), 0.0123540 secs] [Times: user=0.05 sys=0.01, real=0.01 secs] 
399.216: [GC
Desired survivor size 5242880 bytes, new threshold 15 (max 15)
 [PSYoungGen: 811328K->1472K(814080K)] 1797238K->987446K(1838080K), 0.0103470 secs] [Times: user=0.06 sys=0.01, real=0.01 secs] 
399.476: [GC
Desired survivor size 4718592 bytes, new threshold 15 (max 15)
 [PSYoungGen: 810432K->1344K(814592K)] 1796406K->987382K(1838592K), 0.0104060 secs] [Times: user=0.05 sys=0.00, real=0.01 secs] 
399.747: [GC
Desired survivor size 5242880 bytes, new threshold 15 (max 15)
 [PSYoungGen: 810816K->3264K(814080K)] 1796854K->989366K(1838080K), 0.0114270 secs] [Times: user=0.08 sys=0.00, real=0.01 secs] 
400.015: [GC
Desired survivor size 5242880 bytes, new threshold 15 (max 15)
 [PSYoungGen: 812736K->3040K(814080K)] 1798838K->989206K(1838080K), 0.0112170 secs] [Times: user=0.06 sys=0.00, real=0.01 secs] 
400.281: [GC
Desired survivor size 5242880 bytes, new threshold 15 (max 15)
 [PSYoungGen: 812000K->1696K(814080K)] 1798166K->987926K(1838080K), 0.0109360 secs] [Times: user=0.06 sys=0.00, real=0.01 secs] 
400.549: [GC
Desired survivor size 5242880 bytes, new threshold 15 (max 15)
 [PSYoungGen: 810656K->3168K(814080K)] 1796886K->989462K(1838080K), 0.0110650 secs] [Times: user=0.06 sys=0.00, real=0.01 secs] 
400.825: [GC
Desired survivor size 5242880 bytes, new threshold 15 (max 15)
 [PSYoungGen: 812128K->1440K(814080K)] 1798422K->987798K(1838080K), 0.0102930 secs] [Times: user=0.07 sys=0.00, real=0.01 secs] 
401.091: [GC
Desired survivor size 5242880 bytes, new threshold 15 (max 15)
 [PSYoungGen: 810400K->800K(814080K)] 1796758K->987222K(1838080K), 0.0101650 secs] [Times: user=0.06 sys=0.01, real=0.01 secs] 
401.355: [GC
Desired survivor size 5242880 bytes, new threshold 15 (max 15)
 [PSYoungGen: 809760K->768K(814080K)] 1796182K->987254K(1838080K), 0.0102140 secs] [Times: user=0.06 sys=0.00, real=0.01 secs] 
401.619: [GC
Desired survivor size 4718592 bytes, new threshold 15 (max 15)
 [PSYoungGen: 809728K->1696K(814592K)] 1796214K->988254K(1838592K), 0.0108710 secs] [Times: user=0.07 sys=0.00, real=0.01 secs] 
401.890: [GC
Desired survivor size 4718592 bytes, new threshold 15 (max 15)
 [PSYoungGen: 811168K->1632K(814080K)] 1797726K->988254K(1838080K), 0.0104510 secs] [Times: user=0.05 sys=0.01, real=0.01 secs] 
402.155: [GC
Desired survivor size 4718592 bytes, new threshold 15 (max 15)
 [PSYoungGen: 811104K->992K(814592K)] 1797726K->987678K(1838592K), 0.0104800 secs] [Times: user=0.06 sys=0.00, real=0.01 secs] 
402.427: [GC
Desired survivor size 4718592 bytes, new threshold 15 (max 15)
 [PSYoungGen: 810976K->768K(814592K)] 1797662K->987518K(1838592K), 0.0101480 secs] [Times: user=0.06 sys=0.00, real=0.01 secs] 
402.691: [GC
Desired survivor size 4718592 bytes, new threshold 15 (max 15)
 [PSYoungGen: 810752K->2336K(814592K)] 1797502K->989150K(1838592K), 0.0106960 secs] [Times: user=0.06 sys=0.01, real=0.01 secs] 
402.969: [GC
Desired survivor size 4194304 bytes, new threshold 15 (max 15)
 [PSYoungGen: 812320K->2112K(814592K)] 1799134K->988998K(1838592K), 0.0107020 secs] [Times: user=0.06 sys=0.00, real=0.01 secs] 
403.253: [GC
Desired survivor size 4194304 bytes, new threshold 15 (max 15)
 [PSYoungGen: 812096K->928K(815104K)] 1798982K->987878K(1839104K), 0.0103260 secs] [Times: user=0.05 sys=0.00, real=0.01 secs] 
403.521: [GC
Desired survivor size 4194304 bytes, new threshold 15 (max 15)
 [PSYoungGen: 811936K->992K(815104K)] 1798886K->988006K(1839104K), 0.0101960 secs] [Times: user=0.06 sys=0.00, real=0.01 secs] 
403.802: [GC
Desired survivor size 4194304 bytes, new threshold 15 (max 15)
 [PSYoungGen: 812000K->1600K(815104K)] 1799014K->988670K(1839104K), 0.0100340 secs] [Times: user=0.06 sys=0.01, real=0.01 secs] 
404.067: [GC
Desired survivor size 4194304 bytes, new threshold 15 (max 15)
 [PSYoungGen: 812608K->928K(815104K)] 1799678K->988062K(1839104K), 0.0098210 secs] [Times: user=0.04 sys=0.00, real=0.01 secs] 
404.330: [GC
Desired survivor size 3670016 bytes, new threshold 15 (max 15)
 [PSYoungGen: 811936K->832K(815616K)] 1799070K->988030K(1839616K), 0.0103660 secs] [Times: user=0.07 sys=0.00, real=0.01 secs] 
404.594: [GC
Desired survivor size 3670016 bytes, new threshold 15 (max 15)
 [PSYoungGen: 812352K->1728K(815104K)] 1799550K->988990K(1839104K), 0.0109680 secs] [Times: user=0.06 sys=0.00, real=0.01 secs] 
404.867: [GC
Desired survivor size 3670016 bytes, new threshold 15 (max 15)
 [PSYoungGen: 813248K->1792K(815616K)] 1800510K->989118K(1839616K), 0.0117100 secs] [Times: user=0.07 sys=0.00, real=0.02 secs] 
405.139: [GC
Desired survivor size 3670016 bytes, new threshold 15 (max 15)
 [PSYoungGen: 813824K->2624K(815616K)] 1801150K->990014K(1839616K), 0.0110400 secs] [Times: user=0.07 sys=0.00, real=0.01 secs] 
405.410: [GC
Desired survivor size 3670016 bytes, new threshold 15 (max 15)
 [PSYoungGen: 814656K->1440K(815616K)] 1802046K->988894K(1839616K), 0.0112190 secs] [Times: user=0.05 sys=0.01, real=0.01 secs] 
405.680: [GC
Desired survivor size 3670016 bytes, new threshold 15 (max 15)
 [PSYoungGen: 813472K->1056K(815616K)] 1800926K->988574K(1839616K), 0.0101430 secs] [Times: user=0.05 sys=0.01, real=0.01 secs] 
405.962: [GC
Desired survivor size 3670016 bytes, new threshold 15 (max 15)
 [PSYoungGen: 813088K->1568K(815616K)] 1800606K->989150K(1839616K), 0.0104860 secs] [Times: user=0.06 sys=0.01, real=0.01 secs] 
406.227: [GC
Desired survivor size 3670016 bytes, new threshold 15 (max 15)
 [PSYoungGen: 813600K->2144K(815616K)] 1801182K->989790K(1839616K), 0.0105370 secs] [Times: user=0.06 sys=0.01, real=0.01 secs] 
406.500: [GC
Desired survivor size 3670016 bytes, new threshold 15 (max 15)
 [PSYoungGen: 814176K->2112K(815616K)] 1801822K->989822K(1839616K), 0.0107210 secs] [Times: user=0.06 sys=0.00, real=0.01 secs] 
406.772: [GC
Desired survivor size 3670016 bytes, new threshold 15 (max 15)
 [PSYoungGen: 814144K->2272K(815616K)] 1801854K->990046K(1839616K), 0.0116090 secs] [Times: user=0.05 sys=0.00, real=0.01 secs] 
407.079: [GC
Desired survivor size 3670016 bytes, new threshold 15 (max 15)
 [PSYoungGen: 814304K->2336K(815616K)] 1802078K->990166K(1839616K), 0.0315560 secs] [Times: user=0.08 sys=0.01, real=0.04 secs] 
407.397: [GC
Desired survivor size 3670016 bytes, new threshold 15 (max 15)
 [PSYoungGen: 814368K->1696K(815616K)] 1802198K->989590K(1839616K), 0.0099560 secs] [Times: user=0.05 sys=0.00, real=0.01 secs] 
407.658: [GC
Desired survivor size 3670016 bytes, new threshold 15 (max 15)
 [PSYoungGen: 813728K->1280K(815616K)] 1801622K->989246K(1839616K), 0.0103960 secs] [Times: user=0.05 sys=0.00, real=0.01 secs] 
407.934: [GC
Desired survivor size 3145728 bytes, new threshold 15 (max 15)
 [PSYoungGen: 813312K->1504K(815616K)] 1801278K->989534K(1839616K), 0.0106150 secs] [Times: user=0.07 sys=0.01, real=0.01 secs] 
408.197: [GC
Desired survivor size 3670016 bytes, new threshold 15 (max 15)
 [PSYoungGen: 813536K->2784K(815104K)] 1801566K->990878K(1839104K), 0.0122290 secs] [Times: user=0.07 sys=0.00, real=0.02 secs] 
408.467: [GC
Desired survivor size 3670016 bytes, new threshold 15 (max 15)
 [PSYoungGen: 814816K->864K(815616K)] 1802910K->989022K(1839616K), 0.0107950 secs] [Times: user=0.06 sys=0.00, real=0.01 secs] 
408.745: [GC
Desired survivor size 3670016 bytes, new threshold 15 (max 15)
 [PSYoungGen: 812896K->1792K(815616K)] 1801054K->990014K(1839616K), 0.0106550 secs] [Times: user=0.06 sys=0.00, real=0.01 secs] 
409.010: [GC
Desired survivor size 3670016 bytes, new threshold 15 (max 15)
 [PSYoungGen: 813824K->2464K(815616K)] 1802046K->990758K(1839616K), 0.0110260 secs] [Times: user=0.06 sys=0.00, real=0.01 secs] 
409.275: [GC
Desired survivor size 3670016 bytes, new threshold 15 (max 15)
 [PSYoungGen: 814496K->2016K(815616K)] 1802790K->990374K(1839616K), 0.0105030 secs] [Times: user=0.07 sys=0.00, real=0.01 secs] 
409.535: [GC
Desired survivor size 3670016 bytes, new threshold 15 (max 15)
 [PSYoungGen: 814048K->2720K(815616K)] 1802406K->991142K(1839616K), 0.0107570 secs] [Times: user=0.06 sys=0.00, real=0.01 secs] 
409.811: [GC
Desired survivor size 4194304 bytes, new threshold 15 (max 15)
 [PSYoungGen: 814752K->3136K(814592K)] 1803174K->991646K(1838592K), 0.0117010 secs] [Times: user=0.06 sys=0.00, real=0.01 secs] 
410.077: [GC
Desired survivor size 4194304 bytes, new threshold 15 (max 15)
 [PSYoungGen: 814144K->2304K(815104K)] 1802654K->990878K(1839104K), 0.0119870 secs] [Times: user=0.07 sys=0.00, real=0.01 secs] 
410.342: [GC
Desired survivor size 3670016 bytes, new threshold 15 (max 15)
 [PSYoungGen: 813312K->1568K(815616K)] 1801886K->990206K(1839616K), 0.0106710 secs] [Times: user=0.06 sys=0.00, real=0.01 secs] 
410.614: [GC
Desired survivor size 3670016 bytes, new threshold 15 (max 15)
 [PSYoungGen: 813088K->2208K(815104K)] 1801726K->990910K(1839104K), 0.0107280 secs] [Times: user=0.07 sys=0.01, real=0.01 secs] 
410.886: [GC
Desired survivor size 4194304 bytes, new threshold 15 (max 15)
 [PSYoungGen: 813728K->2688K(814592K)] 1802430K->991454K(1838592K), 0.0111700 secs] [Times: user=0.07 sys=0.00, real=0.01 secs] 
411.150: [GC
Desired survivor size 3670016 bytes, new threshold 15 (max 15)
 [PSYoungGen: 813696K->1696K(815104K)] 1802462K->990526K(1839104K), 0.0106520 secs] [Times: user=0.06 sys=0.00, real=0.01 secs] 
411.417: [GC
Desired survivor size 3670016 bytes, new threshold 15 (max 15)
 [PSYoungGen: 812704K->1568K(815616K)] 1801534K->990462K(1839616K), 0.0108850 secs] [Times: user=0.06 sys=0.00, real=0.01 secs] 
411.684: [GC
Desired survivor size 3670016 bytes, new threshold 15 (max 15)
 [PSYoungGen: 813600K->896K(815616K)] 1802494K->989854K(1839616K), 0.0100330 secs] [Times: user=0.06 sys=0.01, real=0.01 secs] 
411.965: [GC
Desired survivor size 3670016 bytes, new threshold 15 (max 15)
 [PSYoungGen: 812928K->2144K(815616K)] 1801886K->991166K(1839616K), 0.0106430 secs] [Times: user=0.06 sys=0.00, real=0.01 secs] 
412.237: [GC
Desired survivor size 3670016 bytes, new threshold 15 (max 15)
 [PSYoungGen: 814176K->1248K(815616K)] 1803198K->990334K(1839616K), 0.0101290 secs] [Times: user=0.06 sys=0.00, real=0.01 secs] 
412.504: [GC
Desired survivor size 3670016 bytes, new threshold 15 (max 15)
 [PSYoungGen: 813280K->1248K(815616K)] 1802366K->990398K(1839616K), 0.0102410 secs] [Times: user=0.06 sys=0.00, real=0.01 secs] 
412.785: [GC
Desired survivor size 3670016 bytes, new threshold 15 (max 15)
 [PSYoungGen: 813280K->2848K(815616K)] 1802430K->992062K(1839616K), 0.0114600 secs] [Times: user=0.07 sys=0.01, real=0.01 secs] 
413.059: [GC
Desired survivor size 4194304 bytes, new threshold 15 (max 15)
 [PSYoungGen: 814880K->672K(814592K)] 1804094K->989950K(1838592K), 0.0097880 secs] [Times: user=0.06 sys=0.00, real=0.01 secs] 
413.329: [GC
Desired survivor size 3670016 bytes, new threshold 15 (max 15)
 [PSYoungGen: 811680K->2112K(815104K)] 1800958K->991454K(1839104K), 0.0108550 secs] [Times: user=0.05 sys=0.00, real=0.01 secs] 
413.602: [GC
Desired survivor size 3670016 bytes, new threshold 15 (max 15)
 [PSYoungGen: 813120K->960K(815616K)] 1802462K->990366K(1839616K), 0.0102510 secs] [Times: user=0.06 sys=0.00, real=0.01 secs] 
413.876: [GC
Desired survivor size 3670016 bytes, new threshold 15 (max 15)
 [PSYoungGen: 812992K->1920K(815616K)] 1802398K->991390K(1839616K), 0.0118890 secs] [Times: user=0.05 sys=0.01, real=0.01 secs] 
414.184: [GC
Desired survivor size 3670016 bytes, new threshold 15 (max 15)
 [PSYoungGen: 813952K->1216K(815616K)] 1803422K->990758K(1839616K), 0.0106700 secs] [Times: user=0.05 sys=0.00, real=0.01 secs] 
414.455: [GC
Desired survivor size 4194304 bytes, new threshold 15 (max 15)
 [PSYoungGen: 813248K->3072K(815104K)] 1802790K->992678K(1839104K), 0.0111070 secs] [Times: user=0.06 sys=0.00, real=0.01 secs] 
414.740: [GC
Desired survivor size 4194304 bytes, new threshold 15 (max 15)
 [PSYoungGen: 815104K->1216K(815104K)] 1804710K->990886K(1839104K), 0.0106070 secs] [Times: user=0.06 sys=0.01, real=0.01 secs] 
415.002: [GC
Desired survivor size 4194304 bytes, new threshold 15 (max 15)
 [PSYoungGen: 812224K->2368K(815104K)] 1801894K->992102K(1839104K), 0.0107280 secs] [Times: user=0.06 sys=0.00, real=0.01 secs] 
415.265: [GC
Desired survivor size 4194304 bytes, new threshold 15 (max 15)
 [PSYoungGen: 813376K->2912K(815104K)] 1803110K->992710K(1839104K), 0.0115070 secs] [Times: user=0.06 sys=0.00, real=0.01 secs] 
415.530: [GC
Desired survivor size 4194304 bytes, new threshold 15 (max 15)
 [PSYoungGen: 813920K->576K(815104K)] 1803718K->990438K(1839104K), 0.0098400 secs] [Times: user=0.06 sys=0.00, real=0.01 secs] 
415.803: [GC
Desired survivor size 4718592 bytes, new threshold 15 (max 15)
 [PSYoungGen: 811584K->3264K(814080K)] 1801446K->993190K(1838080K), 0.0123370 secs] [Times: user=0.06 sys=0.00, real=0.01 secs] 
416.066: [GC
Desired survivor size 4718592 bytes, new threshold 15 (max 15)
 [PSYoungGen: 813248K->2400K(814592K)] 1803174K->992390K(1838592K), 0.0107870 secs] [Times: user=0.07 sys=0.00, real=0.01 secs] 
416.339: [GC
Desired survivor size 4194304 bytes, new threshold 15 (max 15)
 [PSYoungGen: 812384K->1312K(815104K)] 1802374K->991366K(1839104K), 0.0102850 secs] [Times: user=0.05 sys=0.01, real=0.01 secs] 
416.610: [GC
Desired survivor size 4194304 bytes, new threshold 15 (max 15)
 [PSYoungGen: 811808K->704K(814592K)] 1801862K->990822K(1838592K), 0.0100670 secs] [Times: user=0.06 sys=0.00, real=0.01 secs] 
416.889: [GC
Desired survivor size 4718592 bytes, new threshold 15 (max 15)
 [PSYoungGen: 811200K->3488K(814080K)] 1801318K->993670K(1838080K), 0.0115690 secs] [Times: user=0.07 sys=0.01, real=0.01 secs] 
417.152: [GC
Desired survivor size 4718592 bytes, new threshold 15 (max 15)
 [PSYoungGen: 813472K->1376K(814592K)] 1803654K->991622K(1838592K), 0.0106160 secs] [Times: user=0.06 sys=0.00, real=0.01 secs] 
417.410: [GC
Desired survivor size 4194304 bytes, new threshold 15 (max 15)
 [PSYoungGen: 811360K->1824K(815104K)] 1801606K->992142K(1839104K), 0.0110260 secs] [Times: user=0.05 sys=0.00, real=0.02 secs] 
417.681: [GC
Desired survivor size 4194304 bytes, new threshold 15 (max 15)
 [PSYoungGen: 812320K->1088K(814592K)] 1802638K->991470K(1838592K), 0.0103420 secs] [Times: user=0.04 sys=0.00, real=0.02 secs] 
417.960: [GC
Desired survivor size 4194304 bytes, new threshold 15 (max 15)
 [PSYoungGen: 811584K->2400K(815104K)] 1801966K->992838K(1839104K), 0.0115200 secs] [Times: user=0.06 sys=0.00, real=0.02 secs] 
418.224: [GC
Desired survivor size 4718592 bytes, new threshold 15 (max 15)
 [PSYoungGen: 813408K->4032K(815104K)] 1803846K->994542K(1839104K), 0.0114970 secs] [Times: user=0.07 sys=0.00, real=0.01 secs] 
418.494: [GC
Desired survivor size 4718592 bytes, new threshold 15 (max 15)
 [PSYoungGen: 815040K->1184K(814080K)] 1805550K->991758K(1838080K), 0.0100460 secs] [Times: user=0.06 sys=0.00, real=0.01 secs] 
418.769: [GC
Desired survivor size 4718592 bytes, new threshold 15 (max 15)
 [PSYoungGen: 811168K->1504K(814592K)] 1801742K->992142K(1838592K), 0.0103040 secs] [Times: user=0.06 sys=0.00, real=0.01 secs] 
419.034: [GC
Desired survivor size 4718592 bytes, new threshold 15 (max 15)
 [PSYoungGen: 811488K->1312K(814592K)] 1802126K->992014K(1838592K), 0.0105750 secs] [Times: user=0.06 sys=0.00, real=0.01 secs] 
419.298: [GC
Desired survivor size 4194304 bytes, new threshold 15 (max 15)
 [PSYoungGen: 811296K->2112K(814592K)] 1801998K->992878K(1838592K), 0.0107490 secs] [Times: user=0.07 sys=0.00, real=0.01 secs] 
419.555: [GC
Desired survivor size 4194304 bytes, new threshold 15 (max 15)
 [PSYoungGen: 812096K->2016K(815104K)] 1802862K->992846K(1839104K), 0.0105180 secs] [Times: user=0.07 sys=0.01, real=0.01 secs] 
419.831: [GC
Desired survivor size 4194304 bytes, new threshold 15 (max 15)
 [PSYoungGen: 813024K->1600K(815104K)] 1803854K->992494K(1839104K), 0.0105360 secs] [Times: user=0.06 sys=0.00, real=0.01 secs] 
420.093: [GC
Desired survivor size 4194304 bytes, new threshold 15 (max 15)
 [PSYoungGen: 812608K->1280K(815104K)] 1803502K->992238K(1839104K), 0.0105670 secs] [Times: user=0.06 sys=0.01, real=0.01 secs] 
420.364: [GC
Desired survivor size 3670016 bytes, new threshold 15 (max 15)
 [PSYoungGen: 812288K->1184K(815104K)] 1803246K->992206K(1839104K), 0.0105440 secs] [Times: user=0.06 sys=0.00, real=0.01 secs] 
420.642: [GC
Desired survivor size 3670016 bytes, new threshold 15 (max 15)
 [PSYoungGen: 812192K->1408K(815616K)] 1803214K->992494K(1839616K), 0.0108390 secs] [Times: user=0.06 sys=0.00, real=0.02 secs] 
420.917: [GC
Desired survivor size 3670016 bytes, new threshold 15 (max 15)
 [PSYoungGen: 813440K->2400K(815616K)] 1804526K->993550K(1839616K), 0.0110020 secs] [Times: user=0.08 sys=0.00, real=0.01 secs] 
421.190: [GC
Desired survivor size 3670016 bytes, new threshold 15 (max 15)
 [PSYoungGen: 814432K->1600K(815616K)] 1805582K->992814K(1839616K), 0.0105500 secs] [Times: user=0.06 sys=0.00, real=0.01 secs] 
421.458: [GC
Desired survivor size 3670016 bytes, new threshold 15 (max 15)
 [PSYoungGen: 813632K->1856K(815616K)] 1804846K->993134K(1839616K), 0.0104250 secs] [Times: user=0.06 sys=0.00, real=0.01 secs] 
421.738: [GC
Desired survivor size 3670016 bytes, new threshold 15 (max 15)
 [PSYoungGen: 813888K->1728K(815616K)] 1805166K->993070K(1839616K), 0.0108840 secs] [Times: user=0.06 sys=0.01, real=0.01 secs] 
422.008: [GC
Desired survivor size 4194304 bytes, new threshold 15 (max 15)
 [PSYoungGen: 813760K->3392K(815616K)] 1805102K->994798K(1839616K), 0.0121330 secs] [Times: user=0.07 sys=0.00, real=0.01 secs] 
422.274: [GC
Desired survivor size 3670016 bytes, new threshold 15 (max 15)
 [PSYoungGen: 815424K->2208K(815616K)] 1806830K->993678K(1839616K), 0.0109190 secs] [Times: user=0.06 sys=0.00, real=0.01 secs] 
422.544: [GC
Desired survivor size 3670016 bytes, new threshold 15 (max 15)
 [PSYoungGen: 814240K->1472K(815616K)] 1805710K->993006K(1839616K), 0.0109810 secs] [Times: user=0.07 sys=0.00, real=0.01 secs] 
422.816: [GC
Desired survivor size 3670016 bytes, new threshold 15 (max 15)
 [PSYoungGen: 813504K->2048K(815616K)] 1805038K->993646K(1839616K), 0.0107360 secs] [Times: user=0.07 sys=0.00, real=0.01 secs] 
423.089: [GC
Desired survivor size 3670016 bytes, new threshold 15 (max 15)
 [PSYoungGen: 814080K->992K(815616K)] 1805678K->992654K(1839616K), 0.0099110 secs] [Times: user=0.05 sys=0.00, real=0.01 secs] 
423.347: [GC
Desired survivor size 3670016 bytes, new threshold 15 (max 15)
 [PSYoungGen: 813024K->2336K(815616K)] 1804686K->994062K(1839616K), 0.0110330 secs] [Times: user=0.06 sys=0.00, real=0.01 secs] 
423.729: [GC
Desired survivor size 3670016 bytes, new threshold 15 (max 15)
 [PSYoungGen: 814368K->1728K(815616K)] 1806094K->993518K(1839616K), 0.0542900 secs] [Times: user=0.11 sys=0.00, real=0.06 secs] 
424.147: [GC
Desired survivor size 3670016 bytes, new threshold 15 (max 15)
 [PSYoungGen: 813760K->2752K(815616K)] 1805550K->994606K(1839616K), 0.0107780 secs] [Times: user=0.06 sys=0.00, real=0.01 secs] 
424.482: [GC
Desired survivor size 3670016 bytes, new threshold 15 (max 15)
 [PSYoungGen: 814784K->1856K(815616K)] 1806638K->993774K(1839616K), 0.0107190 secs] [Times: user=0.06 sys=0.00, real=0.02 secs] 
424.813: [GC
Desired survivor size 3670016 bytes, new threshold 15 (max 15)
 [PSYoungGen: 813888K->2240K(815616K)] 1805806K->994222K(1839616K), 0.0106190 secs] [Times: user=0.07 sys=0.01, real=0.01 secs] 
425.087: [GC
Desired survivor size 3670016 bytes, new threshold 15 (max 15)
 [PSYoungGen: 814272K->1856K(815616K)] 1806254K->993902K(1839616K), 0.0113260 secs] [Times: user=0.06 sys=0.01, real=0.01 secs] 
425.351: [GC
Desired survivor size 3670016 bytes, new threshold 15 (max 15)
 [PSYoungGen: 813888K->2976K(815616K)] 1805934K->995086K(1839616K), 0.0108760 secs] [Times: user=0.06 sys=0.01, real=0.01 secs] 
425.671: [GC
Desired survivor size 3670016 bytes, new threshold 15 (max 15)
 [PSYoungGen: 815008K->832K(815616K)] 1807118K->993006K(1839616K), 0.0138360 secs] [Times: user=0.09 sys=0.00, real=0.02 secs] 
425.974: [GC
Desired survivor size 3670016 bytes, new threshold 15 (max 15)
 [PSYoungGen: 812864K->1504K(815616K)] 1805038K->993742K(1839616K), 0.0106150 secs] [Times: user=0.06 sys=0.00, real=0.01 secs] 
426.243: [GC
Desired survivor size 4194304 bytes, new threshold 15 (max 15)
 [PSYoungGen: 813536K->3040K(815104K)] 1805774K->995342K(1839104K), 0.0112830 secs] [Times: user=0.07 sys=0.00, real=0.02 secs] 
426.508: [GC
Desired survivor size 3670016 bytes, new threshold 15 (max 15)
 [PSYoungGen: 815072K->2112K(815616K)] 1807374K->994478K(1839616K), 0.0108740 secs] [Times: user=0.06 sys=0.00, real=0.01 secs] 
426.788: [GC
Desired survivor size 4194304 bytes, new threshold 15 (max 15)
 [PSYoungGen: 813632K->2752K(815104K)] 1805998K->995182K(1839104K), 0.0110120 secs] [Times: user=0.07 sys=0.00, real=0.01 secs] 
427.048: [GC
Desired survivor size 4194304 bytes, new threshold 15 (max 15)
 [PSYoungGen: 814272K->3584K(815104K)] 1806702K->996078K(1839104K), 0.0118070 secs] [Times: user=0.07 sys=0.00, real=0.01 secs] 
427.312: [GC
Desired survivor size 4718592 bytes, new threshold 15 (max 15)
 [PSYoungGen: 814592K->3168K(814592K)] 1807086K->995734K(1838592K), 0.0119410 secs] [Times: user=0.06 sys=0.00, real=0.02 secs] 
427.577: [GC
Desired survivor size 4718592 bytes, new threshold 15 (max 15)
 [PSYoungGen: 814176K->1824K(814592K)] 1806742K->994454K(1838592K), 0.0119550 secs] [Times: user=0.07 sys=0.00, real=0.01 secs] 
427.847: [GC
Desired survivor size 4194304 bytes, new threshold 15 (max 15)
 [PSYoungGen: 811808K->1440K(814592K)] 1804438K->994134K(1838592K), 0.0102950 secs] [Times: user=0.06 sys=0.00, real=0.01 secs] 
428.110: [GC
Desired survivor size 4718592 bytes, new threshold 15 (max 15)
 [PSYoungGen: 811424K->2880K(814080K)] 1804118K->995638K(1838080K), 0.0112080 secs] [Times: user=0.07 sys=0.00, real=0.01 secs] 
428.371: [GC
Desired survivor size 4194304 bytes, new threshold 15 (max 15)
 [PSYoungGen: 812864K->2176K(814592K)] 1805622K->995006K(1838592K), 0.0105440 secs] [Times: user=0.06 sys=0.00, real=0.01 secs] 
428.634: [GC
Desired survivor size 4194304 bytes, new threshold 15 (max 15)
 [PSYoungGen: 812160K->1216K(815104K)] 1804990K->994110K(1839104K), 0.0106520 secs] [Times: user=0.06 sys=0.00, real=0.01 secs] 
428.902: [GC
Desired survivor size 4194304 bytes, new threshold 15 (max 15)
 [PSYoungGen: 812224K->1056K(815104K)] 1805118K->994014K(1839104K), 0.0098910 secs] [Times: user=0.06 sys=0.01, real=0.01 secs] 
429.173: [GC
Desired survivor size 4194304 bytes, new threshold 15 (max 15)
 [PSYoungGen: 812064K->2048K(815104K)] 1805022K->995070K(1839104K), 0.0104320 secs] [Times: user=0.07 sys=0.00, real=0.01 secs] 
429.437: [GC
Desired survivor size 4194304 bytes, new threshold 15 (max 15)
 [PSYoungGen: 813056K->2400K(815104K)] 1806078K->995486K(1839104K), 0.0109450 secs] [Times: user=0.07 sys=0.00, real=0.01 secs] 
429.704: [GC
Desired survivor size 4194304 bytes, new threshold 15 (max 15)
 [PSYoungGen: 813408K->2816K(815104K)] 1806494K->995958K(1839104K), 0.0220300 secs] [Times: user=0.08 sys=0.00, real=0.02 secs] 
429.987: [GC
Desired survivor size 4194304 bytes, new threshold 15 (max 15)
 [PSYoungGen: 813824K->3200K(815104K)] 1806966K->996422K(1839104K), 0.0107810 secs] [Times: user=0.06 sys=0.01, real=0.01 secs] 
430.255: [GC
Desired survivor size 4194304 bytes, new threshold 15 (max 15)
 [PSYoungGen: 814208K->1536K(815104K)] 1807430K->994822K(1839104K), 0.0106150 secs] [Times: user=0.06 sys=0.00, real=0.01 secs] 
430.526: [GC
Desired survivor size 4194304 bytes, new threshold 15 (max 15)
 [PSYoungGen: 812544K->1824K(815104K)] 1805830K->995174K(1839104K), 0.0109520 secs] [Times: user=0.07 sys=0.00, real=0.01 secs] 
430.803: [GC
Desired survivor size 4194304 bytes, new threshold 15 (max 15)
 [PSYoungGen: 812832K->1952K(815104K)] 1806182K->995366K(1839104K), 0.0104850 secs] [Times: user=0.06 sys=0.00, real=0.02 secs] 
431.068: [GC
Desired survivor size 4194304 bytes, new threshold 15 (max 15)
 [PSYoungGen: 812960K->2336K(815104K)] 1806374K->995814K(1839104K), 0.0113240 secs] [Times: user=0.07 sys=0.00, real=0.01 secs] 
431.326: [GC
Desired survivor size 4194304 bytes, new threshold 15 (max 15)
 [PSYoungGen: 813344K->3072K(815104K)] 1806822K->996614K(1839104K), 0.0108170 secs] [Times: user=0.07 sys=0.00, real=0.01 secs] 
431.586: [GC
Desired survivor size 4194304 bytes, new threshold 15 (max 15)
 [PSYoungGen: 814080K->1504K(815104K)] 1807622K->995110K(1839104K), 0.0096420 secs] [Times: user=0.06 sys=0.00, real=0.01 secs] 
431.851: [GC
Desired survivor size 4194304 bytes, new threshold 15 (max 15)
 [PSYoungGen: 812512K->1952K(815104K)] 1806118K->995622K(1839104K), 0.0104220 secs] [Times: user=0.05 sys=0.00, real=0.01 secs] 
432.121: [GC
Desired survivor size 4194304 bytes, new threshold 15 (max 15)
 [PSYoungGen: 812960K->1792K(815104K)] 1806630K->995526K(1839104K), 0.0108740 secs] [Times: user=0.05 sys=0.00, real=0.01 secs] 
432.383: [GC
Desired survivor size 3670016 bytes, new threshold 15 (max 15)
 [PSYoungGen: 812800K->2176K(815616K)] 1806534K->995974K(1839616K), 0.0104210 secs] [Times: user=0.06 sys=0.00, real=0.01 secs] 
432.648: [GC
Desired survivor size 3670016 bytes, new threshold 15 (max 15)
 [PSYoungGen: 813696K->896K(815104K)] 1807494K->994758K(1839104K), 0.0102380 secs] [Times: user=0.05 sys=0.01, real=0.01 secs] 
432.922: [GC
Desired survivor size 3670016 bytes, new threshold 15 (max 15)
 [PSYoungGen: 812416K->1184K(815616K)] 1806278K->995118K(1839616K), 0.0106310 secs] [Times: user=0.06 sys=0.00, real=0.01 secs] 
433.200: [GC
Desired survivor size 3670016 bytes, new threshold 15 (max 15)
 [PSYoungGen: 813216K->1056K(815616K)] 1807150K->995054K(1839616K), 0.0102220 secs] [Times: user=0.06 sys=0.01, real=0.01 secs] 
433.466: [GC
Desired survivor size 3670016 bytes, new threshold 15 (max 15)
 [PSYoungGen: 813088K->2016K(815616K)] 1807086K->996078K(1839616K), 0.0108970 secs] [Times: user=0.06 sys=0.00, real=0.01 secs] 
433.744: [GC
Desired survivor size 3670016 bytes, new threshold 15 (max 15)
 [PSYoungGen: 814048K->1696K(815616K)] 1808110K->995822K(1839616K), 0.0100570 secs] [Times: user=0.05 sys=0.01, real=0.01 secs] 
434.044: [GC
Desired survivor size 4194304 bytes, new threshold 15 (max 15)
 [PSYoungGen: 813728K->3200K(814592K)] 1807854K->997390K(1838592K), 0.0116610 secs] [Times: user=0.07 sys=0.00, real=0.01 secs] 
434.306: [GC
Desired survivor size 3670016 bytes, new threshold 15 (max 15)
 [PSYoungGen: 814208K->1792K(815104K)] 1808398K->996046K(1839104K), 0.0106800 secs] [Times: user=0.07 sys=0.00, real=0.01 secs] 
434.575: [GC
Desired survivor size 3670016 bytes, new threshold 15 (max 15)
 [PSYoungGen: 812800K->768K(815616K)] 1807054K->995086K(1839616K), 0.0108790 secs] [Times: user=0.07 sys=0.00, real=0.01 secs] 
434.852: [GC
Desired survivor size 3670016 bytes, new threshold 15 (max 15)
 [PSYoungGen: 812800K->1376K(815616K)] 1807118K->995758K(1839616K), 0.0102680 secs] [Times: user=0.06 sys=0.00, real=0.01 secs] 
435.123: [GC
Desired survivor size 3670016 bytes, new threshold 15 (max 15)
 [PSYoungGen: 813408K->2304K(815616K)] 1807790K->996750K(1839616K), 0.0103960 secs] [Times: user=0.05 sys=0.00, real=0.01 secs] 
435.383: [GC
Desired survivor size 4718592 bytes, new threshold 14 (max 15)
 [PSYoungGen: 814336K->3584K(815616K)] 1808782K->999006K(1839616K), 0.0131610 secs] [Times: user=0.07 sys=0.02, real=0.02 secs] 
435.656: [GC
Desired survivor size 4718592 bytes, new threshold 15 (max 15)
 [PSYoungGen: 815616K->3104K(813568K)] 1811038K->998590K(1837568K), 0.0118020 secs] [Times: user=0.06 sys=0.01, real=0.01 secs] 
435.927: [GC
Desired survivor size 4718592 bytes, new threshold 15 (max 15)
 [PSYoungGen: 813088K->1440K(814592K)] 1808574K->996926K(1838592K), 0.0104220 secs] [Times: user=0.06 sys=0.00, real=0.01 secs] 
436.192: [GC
Desired survivor size 4718592 bytes, new threshold 15 (max 15)
 [PSYoungGen: 811424K->2880K(814592K)] 1806910K->998430K(1838592K), 0.0117320 secs] [Times: user=0.07 sys=0.00, real=0.01 secs] 
436.464: [GC
Desired survivor size 4718592 bytes, new threshold 15 (max 15)
 [PSYoungGen: 812864K->2816K(814592K)] 1808414K->998430K(1838592K), 0.0114900 secs] [Times: user=0.07 sys=0.00, real=0.02 secs] 
436.737: [GC
Desired survivor size 5242880 bytes, new threshold 15 (max 15)
 [PSYoungGen: 812800K->3904K(813568K)] 1808414K->999582K(1837568K), 0.0117890 secs] [Times: user=0.08 sys=0.00, real=0.01 secs] 
437.006: [GC
Desired survivor size 5242880 bytes, new threshold 15 (max 15)
 [PSYoungGen: 812864K->3328K(814080K)] 1808542K->999070K(1838080K), 0.0113890 secs] [Times: user=0.07 sys=0.00, real=0.01 secs] 
437.270: [GC
Desired survivor size 5242880 bytes, new threshold 15 (max 15)
 [PSYoungGen: 812288K->2240K(814080K)] 1808030K->998046K(1838080K), 0.0110170 secs] [Times: user=0.06 sys=0.00, real=0.01 secs] 
437.534: [GC
Desired survivor size 4718592 bytes, new threshold 15 (max 15)
 [PSYoungGen: 811200K->1984K(814080K)] 1807006K->997854K(1838080K), 0.0111080 secs] [Times: user=0.06 sys=0.00, real=0.01 secs] 
437.809: [GC
Desired survivor size 4718592 bytes, new threshold 15 (max 15)
 [PSYoungGen: 810944K->2304K(814592K)] 1806814K->998238K(1838592K), 0.0111180 secs] [Times: user=0.07 sys=0.00, real=0.01 secs] 
438.085: [GC
Desired survivor size 4718592 bytes, new threshold 15 (max 15)
 [PSYoungGen: 812288K->1408K(814592K)] 1808222K->997406K(1838592K), 0.0109220 secs] [Times: user=0.07 sys=0.00, real=0.01 secs] 
438.348: [GC
Desired survivor size 4718592 bytes, new threshold 15 (max 15)
 [PSYoungGen: 811392K->1664K(814592K)] 1807390K->997718K(1838592K), 0.0107290 secs] [Times: user=0.06 sys=0.00, real=0.01 secs] 
438.616: [GC
Desired survivor size 4718592 bytes, new threshold 15 (max 15)
 [PSYoungGen: 811648K->1280K(814592K)] 1807702K->997398K(1838592K), 0.0110170 secs] [Times: user=0.07 sys=0.00, real=0.01 secs] 
438.891: [GC
Desired survivor size 4718592 bytes, new threshold 15 (max 15)
 [PSYoungGen: 811264K->1408K(814592K)] 1807382K->997590K(1838592K), 0.0112710 secs] [Times: user=0.06 sys=0.00, real=0.01 secs] 
439.159: [GC
Desired survivor size 4718592 bytes, new threshold 15 (max 15)
 [PSYoungGen: 811392K->1184K(814592K)] 1807574K->997518K(1838592K), 0.0106680 secs] [Times: user=0.06 sys=0.01, real=0.01 secs] 
439.430: [GC
Desired survivor size 4194304 bytes, new threshold 15 (max 15)
 [PSYoungGen: 811168K->1376K(815104K)] 1807502K->997798K(1839104K), 0.0106230 secs] [Times: user=0.06 sys=0.00, real=0.01 secs] 
439.700: [GC
Desired survivor size 4194304 bytes, new threshold 15 (max 15)
 [PSYoungGen: 811872K->640K(814592K)] 1808294K->997126K(1838592K), 0.0224260 secs] [Times: user=0.08 sys=0.01, real=0.02 secs] 
439.984: [GC
Desired survivor size 4194304 bytes, new threshold 15 (max 15)
 [PSYoungGen: 811136K->1024K(815104K)] 1807622K->997574K(1839104K), 0.0102390 secs] [Times: user=0.06 sys=0.00, real=0.01 secs] 
440.256: [GC
Desired survivor size 4194304 bytes, new threshold 15 (max 15)
 [PSYoungGen: 812032K->1472K(815104K)] 1808582K->998086K(1839104K), 0.0101380 secs] [Times: user=0.06 sys=0.00, real=0.01 secs] 
440.523: [GC
Desired survivor size 4718592 bytes, new threshold 15 (max 15)
 [PSYoungGen: 812480K->3904K(814080K)] 1809094K->1000582K(1838080K), 0.0118230 secs] [Times: user=0.07 sys=0.00, real=0.01 secs] 
440.798: [GC
Desired survivor size 4718592 bytes, new threshold 15 (max 15)
 [PSYoungGen: 813888K->1664K(814592K)] 1810566K->998406K(1838592K), 0.0104150 secs] [Times: user=0.06 sys=0.00, real=0.01 secs] 
441.065: [GC
Desired survivor size 4194304 bytes, new threshold 15 (max 15)
 [PSYoungGen: 811648K->1824K(815104K)] 1808390K->998630K(1839104K), 0.0105200 secs] [Times: user=0.06 sys=0.01, real=0.01 secs] 
441.323: [GC
Desired survivor size 4194304 bytes, new threshold 15 (max 15)
 [PSYoungGen: 812320K->1536K(814592K)] 1809126K->998406K(1838592K), 0.0104860 secs] [Times: user=0.06 sys=0.00, real=0.01 secs] 
441.589: [GC
Desired survivor size 4194304 bytes, new threshold 15 (max 15)
 [PSYoungGen: 812032K->2624K(815104K)] 1808902K->999558K(1839104K), 0.0112390 secs] [Times: user=0.06 sys=0.00, real=0.01 secs] 
441.870: [GC
Desired survivor size 4194304 bytes, new threshold 15 (max 15)
 [PSYoungGen: 813632K->2144K(815104K)] 1810566K->999154K(1839104K), 0.0109390 secs] [Times: user=0.07 sys=0.01, real=0.01 secs] 
442.135: [GC
Desired survivor size 4194304 bytes, new threshold 15 (max 15)
 [PSYoungGen: 813152K->2528K(815104K)] 1810162K->999602K(1839104K), 0.0111400 secs] [Times: user=0.08 sys=0.00, real=0.01 secs] 
442.402: [GC
Desired survivor size 4194304 bytes, new threshold 15 (max 15)
 [PSYoungGen: 813536K->1344K(815104K)] 1810610K->998482K(1839104K), 0.0109010 secs] [Times: user=0.06 sys=0.00, real=0.01 secs] 
442.668: [GC
Desired survivor size 4194304 bytes, new threshold 15 (max 15)
 [PSYoungGen: 812352K->2400K(815104K)] 1809490K->999610K(1839104K), 0.0115280 secs] [Times: user=0.07 sys=0.00, real=0.01 secs] 
442.945: [GC
Desired survivor size 4194304 bytes, new threshold 15 (max 15)
 [PSYoungGen: 813408K->1344K(815104K)] 1810618K->998618K(1839104K), 0.0110930 secs] [Times: user=0.06 sys=0.00, real=0.02 secs] 
443.219: [GC
Desired survivor size 4194304 bytes, new threshold 15 (max 15)
 [PSYoungGen: 812352K->768K(815104K)] 1809626K->998106K(1839104K), 0.0101490 secs] [Times: user=0.06 sys=0.00, real=0.01 secs] 
443.482: [GC
Desired survivor size 4194304 bytes, new threshold 15 (max 15)
 [PSYoungGen: 811776K->2880K(815104K)] 1809114K->1000282K(1839104K), 0.0111890 secs] [Times: user=0.07 sys=0.00, real=0.01 secs] 
443.755: [GC
Desired survivor size 5242880 bytes, new threshold 14 (max 15)
 [PSYoungGen: 813888K->4096K(813056K)] 1811290K->1002330K(1837056K), 0.0136170 secs] [Times: user=0.08 sys=0.01, real=0.02 secs] 
444.021: [GC
Desired survivor size 5242880 bytes, new threshold 15 (max 15)
 [PSYoungGen: 813056K->2464K(814080K)] 1811290K->1000770K(1838080K), 0.0117420 secs] [Times: user=0.07 sys=0.00, real=0.01 secs] 
444.285: [GC
Desired survivor size 4718592 bytes, new threshold 15 (max 15)
 [PSYoungGen: 811424K->2240K(814592K)] 1809730K->1000546K(1838592K), 0.0105110 secs] [Times: user=0.06 sys=0.00, real=0.01 secs] 
444.547: [GC
Desired survivor size 4718592 bytes, new threshold 15 (max 15)
 [PSYoungGen: 811712K->2400K(814080K)] 1810018K->1000770K(1838080K), 0.0110230 secs] [Times: user=0.07 sys=0.00, real=0.01 secs] 
444.814: [GC
Desired survivor size 4718592 bytes, new threshold 15 (max 15)
 [PSYoungGen: 811872K->1472K(814592K)] 1810242K->999906K(1838592K), 0.0104070 secs] [Times: user=0.07 sys=0.01, real=0.02 secs] 
445.087: [GC
Desired survivor size 4718592 bytes, new threshold 15 (max 15)
 [PSYoungGen: 811456K->1408K(814592K)] 1809890K->999906K(1838592K), 0.0105410 secs] [Times: user=0.07 sys=0.00, real=0.01 secs] 
445.352: [GC
Desired survivor size 4194304 bytes, new threshold 15 (max 15)
 [PSYoungGen: 811392K->1408K(815104K)] 1809890K->999970K(1839104K), 0.0104870 secs] [Times: user=0.07 sys=0.00, real=0.01 secs] 
445.624: [GC
Desired survivor size 4194304 bytes, new threshold 15 (max 15)
 [PSYoungGen: 811904K->1472K(814592K)] 1810466K->1000106K(1838592K), 0.0108500 secs] [Times: user=0.06 sys=0.00, real=0.01 secs] 
445.900: [GC
Desired survivor size 4194304 bytes, new threshold 15 (max 15)
 [PSYoungGen: 811968K->2752K(815104K)] 1810602K->1001450K(1839104K), 0.0108850 secs] [Times: user=0.07 sys=0.00, real=0.01 secs] 
446.162: [GC
Desired survivor size 4718592 bytes, new threshold 15 (max 15)
 [PSYoungGen: 813760K->3680K(815104K)] 1812458K->1002434K(1839104K), 0.0115160 secs] [Times: user=0.07 sys=0.00, real=0.01 secs] 
446.442: [GC
Desired survivor size 4718592 bytes, new threshold 15 (max 15)
 [PSYoungGen: 814688K->1696K(814080K)] 1813442K->1000514K(1838080K), 0.0112370 secs] [Times: user=0.06 sys=0.00, real=0.01 secs] 
446.725: [GC
Desired survivor size 4718592 bytes, new threshold 15 (max 15)
 [PSYoungGen: 811680K->1568K(814592K)] 1810498K->1000450K(1838592K), 0.0113790 secs] [Times: user=0.07 sys=0.00, real=0.02 secs] 
446.989: [GC
Desired survivor size 4718592 bytes, new threshold 15 (max 15)
 [PSYoungGen: 811552K->2688K(814592K)] 1810434K->1001634K(1838592K), 0.0117130 secs] [Times: user=0.06 sys=0.00, real=0.01 secs] 
447.258: [GC
Desired survivor size 4194304 bytes, new threshold 15 (max 15)
 [PSYoungGen: 812672K->2176K(814592K)] 1811618K->1001186K(1838592K), 0.0111990 secs] [Times: user=0.07 sys=0.00, real=0.01 secs] 
447.520: [GC
Desired survivor size 4194304 bytes, new threshold 15 (max 15)
 [PSYoungGen: 812160K->2400K(815104K)] 1811170K->1001474K(1839104K), 0.0106590 secs] [Times: user=0.07 sys=0.00, real=0.01 secs] 
447.790: [GC
Desired survivor size 4194304 bytes, new threshold 15 (max 15)
 [PSYoungGen: 813408K->2720K(815104K)] 1812482K->1002010K(1839104K), 0.0115070 secs] [Times: user=0.07 sys=0.01, real=0.01 secs] 
448.059: [GC
Desired survivor size 4194304 bytes, new threshold 15 (max 15)
 [PSYoungGen: 813728K->672K(815104K)] 1813018K->1000026K(1839104K), 0.0096050 secs] [Times: user=0.06 sys=0.01, real=0.01 secs] 
448.325: [GC
Desired survivor size 4718592 bytes, new threshold 15 (max 15)
 [PSYoungGen: 811680K->3040K(814080K)] 1811034K->1002458K(1838080K), 0.0117500 secs] [Times: user=0.06 sys=0.01, real=0.02 secs] 
448.586: [GC
Desired survivor size 4194304 bytes, new threshold 15 (max 15)
 [PSYoungGen: 814048K->2144K(815104K)] 1813466K->1001626K(1839104K), 0.0105830 secs] [Times: user=0.07 sys=0.00, real=0.01 secs] 
448.858: [GC
Desired survivor size 4194304 bytes, new threshold 15 (max 15)
 [PSYoungGen: 812640K->1728K(814592K)] 1812122K->1001274K(1838592K), 0.0108100 secs] [Times: user=0.07 sys=0.00, real=0.01 secs] 
449.135: [GC
Desired survivor size 4194304 bytes, new threshold 15 (max 15)
 [PSYoungGen: 812224K->2144K(815104K)] 1811770K->1001762K(1839104K), 0.0115090 secs] [Times: user=0.06 sys=0.00, real=0.02 secs] 
449.398: [GC
Desired survivor size 4194304 bytes, new threshold 15 (max 15)
 [PSYoungGen: 813152K->3488K(815104K)] 1812770K->1003170K(1839104K), 0.0114710 secs] [Times: user=0.07 sys=0.00, real=0.01 secs] 
449.668: [GC
Desired survivor size 4194304 bytes, new threshold 15 (max 15)
 [PSYoungGen: 814496K->1888K(815104K)] 1814178K->1001634K(1839104K), 0.0110500 secs] [Times: user=0.05 sys=0.00, real=0.01 secs] 
449.943: [GC
Desired survivor size 4194304 bytes, new threshold 15 (max 15)
 [PSYoungGen: 812896K->1120K(815104K)] 1812642K->1000930K(1839104K), 0.0106040 secs] [Times: user=0.05 sys=0.00, real=0.01 secs] 
450.218: [GC
Desired survivor size 4194304 bytes, new threshold 15 (max 15)
 [PSYoungGen: 812128K->1920K(815104K)] 1811938K->1001794K(1839104K), 0.0106510 secs] [Times: user=0.06 sys=0.00, real=0.01 secs] 
450.480: [GC
Desired survivor size 4194304 bytes, new threshold 15 (max 15)
 [PSYoungGen: 812928K->1024K(815104K)] 1812802K->1000978K(1839104K), 0.0102830 secs] [Times: user=0.06 sys=0.00, real=0.01 secs] 
450.753: [GC
Desired survivor size 4194304 bytes, new threshold 15 (max 15)
 [PSYoungGen: 812032K->3168K(815104K)] 1811986K->1003186K(1839104K), 0.0115610 secs] [Times: user=0.06 sys=0.00, real=0.01 secs] 
451.023: [GC
Desired survivor size 4194304 bytes, new threshold 15 (max 15)
 [PSYoungGen: 814176K->1184K(815104K)] 1814194K->1001266K(1839104K), 0.0101220 secs] [Times: user=0.06 sys=0.01, real=0.01 secs] 
451.295: [GC
Desired survivor size 4194304 bytes, new threshold 15 (max 15)
 [PSYoungGen: 812192K->1280K(815104K)] 1812274K->1001426K(1839104K), 0.0104780 secs] [Times: user=0.06 sys=0.00, real=0.01 secs] 
451.560: [GC
Desired survivor size 4194304 bytes, new threshold 15 (max 15)
 [PSYoungGen: 812288K->896K(815104K)] 1812434K->1001106K(1839104K), 0.0105160 secs] [Times: user=0.07 sys=0.00, real=0.01 secs] 
451.835: [GC
Desired survivor size 4194304 bytes, new threshold 15 (max 15)
 [PSYoungGen: 811904K->1408K(815104K)] 1812114K->1001690K(1839104K), 0.0111070 secs] [Times: user=0.06 sys=0.00, real=0.01 secs] 
452.105: [GC
Desired survivor size 4194304 bytes, new threshold 15 (max 15)
 [PSYoungGen: 812416K->1920K(815104K)] 1812698K->1002266K(1839104K), 0.0104730 secs] [Times: user=0.07 sys=0.00, real=0.01 secs] 
452.371: [GC
Desired survivor size 3670016 bytes, new threshold 15 (max 15)
 [PSYoungGen: 812928K->1888K(815616K)] 1813274K->1002282K(1839616K), 0.0112300 secs] [Times: user=0.06 sys=0.00, real=0.01 secs] 
452.638: [GC
Desired survivor size 3670016 bytes, new threshold 15 (max 15)
 [PSYoungGen: 813408K->1856K(815104K)] 1813802K->1002314K(1839104K), 0.0105320 secs] [Times: user=0.06 sys=0.00, real=0.01 secs] 
452.916: [GC
Desired survivor size 3670016 bytes, new threshold 15 (max 15)
 [PSYoungGen: 813376K->1728K(815616K)] 1813834K->1002250K(1839616K), 0.0107210 secs] [Times: user=0.06 sys=0.00, real=0.02 secs] 
453.183: [GC
Desired survivor size 3145728 bytes, new threshold 15 (max 15)
 [PSYoungGen: 813760K->1792K(815616K)] 1814282K->1002378K(1839616K), 0.0102660 secs] [Times: user=0.06 sys=0.00, real=0.01 secs] 
453.447: [GC
Desired survivor size 3145728 bytes, new threshold 15 (max 15)
 [PSYoungGen: 813824K->1504K(816128K)] 1814410K->1002162K(1840128K), 0.0124530 secs] [Times: user=0.06 sys=0.01, real=0.01 secs] 
453.724: [GC
Desired survivor size 3145728 bytes, new threshold 15 (max 15)
 [PSYoungGen: 814560K->1728K(816128K)] 1815218K->1002466K(1840128K), 0.0101920 secs] [Times: user=0.07 sys=0.00, real=0.01 secs] 
454.029: [GC
Desired survivor size 3145728 bytes, new threshold 15 (max 15)
 [PSYoungGen: 814784K->1344K(816128K)] 1815522K->1002130K(1840128K), 0.0100860 secs] [Times: user=0.07 sys=0.00, real=0.01 secs] 
454.297: [GC
Desired survivor size 3145728 bytes, new threshold 15 (max 15)
 [PSYoungGen: 814400K->2016K(816128K)] 1815186K->1002866K(1840128K), 0.0105010 secs] [Times: user=0.06 sys=0.01, real=0.01 secs] 
454.566: [GC
Desired survivor size 3145728 bytes, new threshold 15 (max 15)
 [PSYoungGen: 815072K->2592K(816128K)] 1815922K->1003506K(1840128K), 0.0108900 secs] [Times: user=0.07 sys=0.00, real=0.01 secs] 
454.842: [GC
Desired survivor size 3670016 bytes, new threshold 15 (max 15)
 [PSYoungGen: 815648K->2816K(816128K)] 1816562K->1003802K(1840128K), 0.0106660 secs] [Times: user=0.07 sys=0.00, real=0.01 secs] 
455.110: [GC
Desired survivor size 3670016 bytes, new threshold 15 (max 15)
 [PSYoungGen: 815872K->1888K(815104K)] 1816858K->1002938K(1839104K), 0.0109130 secs] [Times: user=0.06 sys=0.00, real=0.01 secs] 
455.380: [GC
Desired survivor size 3670016 bytes, new threshold 15 (max 15)
 [PSYoungGen: 813920K->928K(815616K)] 1814970K->1002042K(1839616K), 0.0102920 secs] [Times: user=0.06 sys=0.00, real=0.01 secs] 
455.643: [GC
Desired survivor size 4194304 bytes, new threshold 14 (max 15)
 [PSYoungGen: 812960K->3584K(814592K)] 1814074K->1004922K(1838592K), 0.0118490 secs] [Times: user=0.07 sys=0.00, real=0.01 secs] 
455.913: [GC
Desired survivor size 4194304 bytes, new threshold 15 (max 15)
 [PSYoungGen: 814592K->2304K(815104K)] 1815930K->1003706K(1839104K), 0.0111700 secs] [Times: user=0.07 sys=0.00, real=0.01 secs] 
456.172: [GC
Desired survivor size 4718592 bytes, new threshold 15 (max 15)
 [PSYoungGen: 813312K->4032K(814080K)] 1814714K->1005434K(1838080K), 0.0119080 secs] [Times: user=0.06 sys=0.00, real=0.01 secs] 
456.431: [GC
Desired survivor size 4718592 bytes, new threshold 15 (max 15)
 [PSYoungGen: 814016K->2624K(814592K)] 1815418K->1004090K(1838592K), 0.0107450 secs] [Times: user=0.07 sys=0.01, real=0.01 secs] 
456.696: [GC
Desired survivor size 4718592 bytes, new threshold 15 (max 15)
 [PSYoungGen: 812608K->1024K(814592K)] 1814074K->1002554K(1838592K), 0.0106550 secs] [Times: user=0.06 sys=0.00, real=0.01 secs] 
456.973: [GC
Desired survivor size 4718592 bytes, new threshold 15 (max 15)
 [PSYoungGen: 811008K->928K(814592K)] 1812538K->1002522K(1838592K), 0.0102540 secs] [Times: user=0.06 sys=0.00, real=0.01 secs] 
457.238: [GC
Desired survivor size 4718592 bytes, new threshold 15 (max 15)
 [PSYoungGen: 810912K->2848K(814592K)] 1812506K->1004506K(1838592K), 0.0112700 secs] [Times: user=0.07 sys=0.00, real=0.01 secs] 
457.503: [GC
Desired survivor size 4718592 bytes, new threshold 15 (max 15)
 [PSYoungGen: 812832K->3008K(814592K)] 1814490K->1004730K(1838592K), 0.0107050 secs] [Times: user=0.06 sys=0.00, real=0.01 secs] 
457.774: [GC
Desired survivor size 4718592 bytes, new threshold 15 (max 15)
 [PSYoungGen: 812992K->1504K(814592K)] 1814714K->1003290K(1838592K), 0.0102190 secs] [Times: user=0.05 sys=0.00, real=0.01 secs] 
458.049: [GC
Desired survivor size 4718592 bytes, new threshold 15 (max 15)
 [PSYoungGen: 811488K->960K(814592K)] 1813274K->1002810K(1838592K), 0.0104600 secs] [Times: user=0.06 sys=0.00, real=0.01 secs] 
458.310: [GC
Desired survivor size 4718592 bytes, new threshold 15 (max 15)
 [PSYoungGen: 810944K->2272K(814592K)] 1812794K->1004186K(1838592K), 0.0109270 secs] [Times: user=0.07 sys=0.00, real=0.01 secs] 
458.585: [GC
Desired survivor size 4718592 bytes, new threshold 15 (max 15)
 [PSYoungGen: 812256K->1120K(814592K)] 1814170K->1003098K(1838592K), 0.0100520 secs] [Times: user=0.05 sys=0.01, real=0.01 secs] 
458.850: [GC
Desired survivor size 4194304 bytes, new threshold 15 (max 15)
 [PSYoungGen: 811104K->1472K(815104K)] 1813082K->1003522K(1839104K), 0.0098980 secs] [Times: user=0.05 sys=0.00, real=0.01 secs] 
459.115: [GC
Desired survivor size 4718592 bytes, new threshold 15 (max 15)
 [PSYoungGen: 811968K->3232K(814592K)] 1814018K->1005346K(1838592K), 0.0116440 secs] [Times: user=0.07 sys=0.00, real=0.01 secs] 
459.386: [GC
Desired survivor size 4718592 bytes, new threshold 15 (max 15)
 [PSYoungGen: 813728K->704K(814592K)] 1815842K->1002882K(1838592K), 0.0101690 secs] [Times: user=0.05 sys=0.00, real=0.01 secs] 
459.648: [GC
Desired survivor size 4718592 bytes, new threshold 15 (max 15)
 [PSYoungGen: 810688K->2464K(814592K)] 1812866K->1004746K(1838592K), 0.0109330 secs] [Times: user=0.06 sys=0.00, real=0.01 secs] 
459.921: [GC
Desired survivor size 4718592 bytes, new threshold 15 (max 15)
 [PSYoungGen: 812448K->2848K(814592K)] 1814730K->1005194K(1838592K), 0.0112900 secs] [Times: user=0.07 sys=0.00, real=0.01 secs] 
460.186: [GC
Desired survivor size 4718592 bytes, new threshold 15 (max 15)
 [PSYoungGen: 812832K->3008K(814592K)] 1815178K->1005402K(1838592K), 0.0110160 secs] [Times: user=0.06 sys=0.01, real=0.01 secs] 
460.451: [GC
Desired survivor size 4718592 bytes, new threshold 15 (max 15)
 [PSYoungGen: 812992K->2048K(814592K)] 1815386K->1004506K(1838592K), 0.0118410 secs] [Times: user=0.05 sys=0.00, real=0.01 secs] 
460.736: [GC
Desired survivor size 4718592 bytes, new threshold 15 (max 15)
 [PSYoungGen: 812032K->1120K(814592K)] 1814490K->1003642K(1838592K), 0.0097220 secs] [Times: user=0.06 sys=0.00, real=0.01 secs] 
460.997: [GC
Desired survivor size 4718592 bytes, new threshold 15 (max 15)
 [PSYoungGen: 811104K->3488K(814592K)] 1813626K->1006074K(1838592K), 0.0121090 secs] [Times: user=0.07 sys=0.01, real=0.02 secs] 
461.261: [GC
Desired survivor size 4718592 bytes, new threshold 15 (max 15)
 [PSYoungGen: 813472K->1120K(814592K)] 1816058K->1003770K(1838592K), 0.0107750 secs] [Times: user=0.06 sys=0.00, real=0.01 secs] 
461.528: [GC
Desired survivor size 4718592 bytes, new threshold 15 (max 15)
 [PSYoungGen: 811104K->704K(814592K)] 1813754K->1003418K(1838592K), 0.0098370 secs] [Times: user=0.05 sys=0.00, real=0.01 secs] 
461.798: [GC
Desired survivor size 5242880 bytes, new threshold 15 (max 15)
 [PSYoungGen: 810688K->4192K(814592K)] 1813402K->1006970K(1838592K), 0.0114070 secs] [Times: user=0.06 sys=0.01, real=0.01 secs] 
462.060: [GC
Desired survivor size 5242880 bytes, new threshold 15 (max 15)
 [PSYoungGen: 814176K->960K(813568K)] 1816954K->1003802K(1837568K), 0.0101620 secs] [Times: user=0.07 sys=0.01, real=0.01 secs] 
462.325: [GC
Desired survivor size 5242880 bytes, new threshold 15 (max 15)
 [PSYoungGen: 809920K->2400K(814080K)] 1812762K->1005306K(1838080K), 0.0113780 secs] [Times: user=0.07 sys=0.00, real=0.01 secs] 
462.588: [GC
Desired survivor size 5242880 bytes, new threshold 15 (max 15)
 [PSYoungGen: 811360K->1568K(814080K)] 1814266K->1004538K(1838080K), 0.0107050 secs] [Times: user=0.07 sys=0.00, real=0.02 secs] 
462.860: [GC
Desired survivor size 4718592 bytes, new threshold 15 (max 15)
 [PSYoungGen: 810528K->992K(814080K)] 1813498K->1004026K(1838080K), 0.0105030 secs] [Times: user=0.06 sys=0.00, real=0.01 secs] 
463.133: [GC
Desired survivor size 4718592 bytes, new threshold 15 (max 15)
 [PSYoungGen: 809952K->2464K(814592K)] 1812986K->1005562K(1838592K), 0.0108020 secs] [Times: user=0.07 sys=0.00, real=0.01 secs] 
463.393: [GC
Desired survivor size 5242880 bytes, new threshold 15 (max 15)
 [PSYoungGen: 812448K->3520K(813568K)] 1815546K->1006682K(1837568K), 0.0112490 secs] [Times: user=0.07 sys=0.00, real=0.01 secs] 
463.659: [GC
Desired survivor size 4718592 bytes, new threshold 15 (max 15)
 [PSYoungGen: 813504K->1856K(814592K)] 1816666K->1005082K(1838592K), 0.0106480 secs] [Times: user=0.06 sys=0.00, real=0.01 secs] 
463.931: [GC
Desired survivor size 4718592 bytes, new threshold 15 (max 15)
 [PSYoungGen: 811328K->928K(814080K)] 1814554K->1004218K(1838080K), 0.0098390 secs] [Times: user=0.06 sys=0.00, real=0.01 secs] 
464.199: [GC
Desired survivor size 5242880 bytes, new threshold 15 (max 15)
 [PSYoungGen: 810400K->3680K(813568K)] 1813690K->1007034K(1837568K), 0.0119170 secs] [Times: user=0.07 sys=0.00, real=0.01 secs] 
464.468: [GC
Desired survivor size 5242880 bytes, new threshold 15 (max 15)
 [PSYoungGen: 812640K->1824K(814080K)] 1815994K->1005242K(1838080K), 0.0113660 secs] [Times: user=0.06 sys=0.00, real=0.01 secs] 
464.746: [GC
Desired survivor size 4718592 bytes, new threshold 15 (max 15)
 [PSYoungGen: 810784K->1792K(814592K)] 1814202K->1005274K(1838592K), 0.0105800 secs] [Times: user=0.06 sys=0.00, real=0.01 secs] 
465.010: [GC
Desired survivor size 4718592 bytes, new threshold 15 (max 15)
 [PSYoungGen: 811264K->864K(814080K)] 1814746K->1004410K(1838080K), 0.0102660 secs] [Times: user=0.05 sys=0.01, real=0.01 secs] 
465.274: [GC
Desired survivor size 4718592 bytes, new threshold 15 (max 15)
 [PSYoungGen: 810336K->1344K(814592K)] 1813882K->1004954K(1838592K), 0.0106610 secs] [Times: user=0.06 sys=0.01, real=0.01 secs] 
465.532: [GC
Desired survivor size 4718592 bytes, new threshold 15 (max 15)
 [PSYoungGen: 811328K->1536K(814592K)] 1814938K->1005210K(1838592K), 0.0100740 secs] [Times: user=0.06 sys=0.01, real=0.01 secs] 
465.804: [GC
Desired survivor size 4194304 bytes, new threshold 15 (max 15)
 [PSYoungGen: 811520K->1184K(815104K)] 1815194K->1004922K(1839104K), 0.0103770 secs] [Times: user=0.06 sys=0.00, real=0.01 secs] 
466.068: [GC
Desired survivor size 4194304 bytes, new threshold 15 (max 15)
 [PSYoungGen: 811680K->2560K(814592K)] 1815418K->1006346K(1838592K), 0.0114490 secs] [Times: user=0.06 sys=0.00, real=0.02 secs] 
466.334: [GC
Desired survivor size 4194304 bytes, new threshold 15 (max 15)
 [PSYoungGen: 813056K->1504K(815104K)] 1816842K->1005354K(1839104K), 0.0103310 secs] [Times: user=0.06 sys=0.01, real=0.01 secs] 
466.601: [GC
Desired survivor size 4194304 bytes, new threshold 15 (max 15)
 [PSYoungGen: 812512K->992K(815104K)] 1816362K->1004898K(1839104K), 0.0103040 secs] [Times: user=0.05 sys=0.00, real=0.01 secs] 
466.871: [GC
Desired survivor size 4194304 bytes, new threshold 15 (max 15)
 [PSYoungGen: 812000K->1376K(815104K)] 1815906K->1005354K(1839104K), 0.0108210 secs] [Times: user=0.06 sys=0.00, real=0.01 secs] 
467.137: [GC
Desired survivor size 4194304 bytes, new threshold 15 (max 15)
 [PSYoungGen: 812384K->608K(815104K)] 1816362K->1004650K(1839104K), 0.0099100 secs] [Times: user=0.06 sys=0.00, real=0.01 secs] 
467.500: [GC
Desired survivor size 4194304 bytes, new threshold 15 (max 15)
 [PSYoungGen: 811616K->3072K(815104K)] 1815658K->1007178K(1839104K), 0.0155910 secs] [Times: user=0.06 sys=0.01, real=0.01 secs] 
467.781: [GC
Desired survivor size 4194304 bytes, new threshold 15 (max 15)
 [PSYoungGen: 814080K->2176K(815104K)] 1818186K->1006346K(1839104K), 0.0107260 secs] [Times: user=0.06 sys=0.00, real=0.01 secs] 
468.045: [GC
Desired survivor size 4194304 bytes, new threshold 15 (max 15)
 [PSYoungGen: 813184K->1728K(815104K)] 1817354K->1005962K(1839104K), 0.0108950 secs] [Times: user=0.06 sys=0.00, real=0.01 secs] 
468.309: [GC
Desired survivor size 3670016 bytes, new threshold 15 (max 15)
 [PSYoungGen: 812736K->1728K(815104K)] 1816970K->1006026K(1839104K), 0.0105630 secs] [Times: user=0.06 sys=0.00, real=0.01 secs] 
468.577: [GC
Desired survivor size 4194304 bytes, new threshold 15 (max 15)
 [PSYoungGen: 812736K->640K(814592K)] 1817034K->1005002K(1838592K), 0.0112870 secs] [Times: user=0.06 sys=0.01, real=0.02 secs] 
468.847: [GC
Desired survivor size 3670016 bytes, new threshold 15 (max 15)
 [PSYoungGen: 811648K->2080K(815104K)] 1816010K->1006506K(1839104K), 0.0114120 secs] [Times: user=0.05 sys=0.00, real=0.01 secs] 
469.118: [GC
Desired survivor size 3670016 bytes, new threshold 15 (max 15)
 [PSYoungGen: 813088K->1088K(815616K)] 1817514K->1005578K(1839616K), 0.0103490 secs] [Times: user=0.06 sys=0.00, real=0.01 secs] 
469.384: [GC
Desired survivor size 3670016 bytes, new threshold 15 (max 15)
 [PSYoungGen: 813120K->640K(815616K)] 1817610K->1005194K(1839616K), 0.0097860 secs] [Times: user=0.05 sys=0.00, real=0.01 secs] 
469.653: [GC
Desired survivor size 3670016 bytes, new threshold 15 (max 15)
 [PSYoungGen: 812672K->1408K(815616K)] 1817226K->1006026K(1839616K), 0.0104560 secs] [Times: user=0.05 sys=0.00, real=0.01 secs] 
469.932: [GC
Desired survivor size 3670016 bytes, new threshold 15 (max 15)
 [PSYoungGen: 813440K->896K(815616K)] 1818058K->1005594K(1839616K), 0.0104670 secs] [Times: user=0.05 sys=0.00, real=0.01 secs] 
470.200: [GC
Desired survivor size 4194304 bytes, new threshold 14 (max 15)
 [PSYoungGen: 812928K->3584K(814592K)] 1817626K->1008874K(1838592K), 0.0134100 secs] [Times: user=0.08 sys=0.00, real=0.01 secs] 
470.460: [GC
Desired survivor size 4194304 bytes, new threshold 15 (max 15)
 [PSYoungGen: 814592K->1664K(815104K)] 1819882K->1007018K(1839104K), 0.0103580 secs] [Times: user=0.06 sys=0.00, real=0.01 secs] 
470.738: [GC
Desired survivor size 4194304 bytes, new threshold 15 (max 15)
 [PSYoungGen: 812672K->1632K(815104K)] 1818026K->1006986K(1839104K), 0.0104830 secs] [Times: user=0.06 sys=0.00, real=0.01 secs] 
471.008: [GC
Desired survivor size 3670016 bytes, new threshold 15 (max 15)
 [PSYoungGen: 812640K->1888K(815104K)] 1817994K->1007306K(1839104K), 0.0108800 secs] [Times: user=0.06 sys=0.00, real=0.02 secs] 
471.277: [GC
Desired survivor size 3670016 bytes, new threshold 15 (max 15)
 [PSYoungGen: 812896K->2336K(815616K)] 1818314K->1007818K(1839616K), 0.0112190 secs] [Times: user=0.07 sys=0.00, real=0.01 secs] 
471.538: [GC
Desired survivor size 3670016 bytes, new threshold 15 (max 15)
 [PSYoungGen: 814368K->1984K(815616K)] 1819850K->1007530K(1839616K), 0.0103550 secs] [Times: user=0.07 sys=0.00, real=0.01 secs] 
471.816: [GC
Desired survivor size 3670016 bytes, new threshold 15 (max 15)
 [PSYoungGen: 814016K->864K(815616K)] 1819562K->1006474K(1839616K), 0.0097260 secs] [Times: user=0.05 sys=0.01, real=0.01 secs] 
472.086: [GC
Desired survivor size 3670016 bytes, new threshold 15 (max 15)
 [PSYoungGen: 812896K->1280K(815616K)] 1818506K->1006954K(1839616K), 0.0104040 secs] [Times: user=0.06 sys=0.00, real=0.01 secs] 
472.354: [GC
Desired survivor size 3670016 bytes, new threshold 15 (max 15)
 [PSYoungGen: 813312K->1792K(815616K)] 1818986K->1007538K(1839616K), 0.0112900 secs] [Times: user=0.06 sys=0.01, real=0.01 secs] 
472.617: [GC
Desired survivor size 4194304 bytes, new threshold 14 (max 15)
 [PSYoungGen: 813824K->3584K(815616K)] 1819570K->1009746K(1839616K), 0.0122270 secs] [Times: user=0.08 sys=0.01, real=0.02 secs] 
472.899: [GC
Desired survivor size 4194304 bytes, new threshold 15 (max 15)
 [PSYoungGen: 815616K->1120K(814592K)] 1821778K->1007346K(1838592K), 0.0103490 secs] [Times: user=0.07 sys=0.00, real=0.02 secs] 
473.165: [GC
Desired survivor size 4194304 bytes, new threshold 15 (max 15)
 [PSYoungGen: 812128K->1632K(815104K)] 1818354K->1007858K(1839104K), 0.0100980 secs] [Times: user=0.06 sys=0.00, real=0.01 secs] 
473.428: [GC
Desired survivor size 4194304 bytes, new threshold 15 (max 15)
 [PSYoungGen: 812640K->3392K(815104K)] 1818866K->1009682K(1839104K), 0.0113000 secs] [Times: user=0.07 sys=0.00, real=0.01 secs] 
473.708: [GC
Desired survivor size 4718592 bytes, new threshold 15 (max 15)
 [PSYoungGen: 814400K->2784K(814080K)] 1820690K->1009138K(1838080K), 0.0177480 secs] [Times: user=0.09 sys=0.00, real=0.02 secs] 
474.022: [GC
Desired survivor size 4194304 bytes, new threshold 15 (max 15)
 [PSYoungGen: 813792K->1664K(815104K)] 1820146K->1008082K(1839104K), 0.0109800 secs] [Times: user=0.06 sys=0.00, real=0.01 secs] 
474.283: [GC
Desired survivor size 4194304 bytes, new threshold 15 (max 15)
 [PSYoungGen: 812160K->2048K(814592K)] 1818578K->1008634K(1838592K), 0.0113590 secs] [Times: user=0.06 sys=0.00, real=0.01 secs] 
474.560: [GC
Desired survivor size 4194304 bytes, new threshold 15 (max 15)
 [PSYoungGen: 812544K->2624K(815104K)] 1819130K->1009274K(1839104K), 0.0109610 secs] [Times: user=0.07 sys=0.00, real=0.01 secs] 
474.850: [GC
Desired survivor size 4194304 bytes, new threshold 15 (max 15)
 [PSYoungGen: 813632K->2304K(815104K)] 1820282K->1009002K(1839104K), 0.0123250 secs] [Times: user=0.07 sys=0.00, real=0.01 secs] 
475.129: [GC
Desired survivor size 4194304 bytes, new threshold 15 (max 15)
 [PSYoungGen: 813312K->896K(815104K)] 1820010K->1007658K(1839104K), 0.0100610 secs] [Times: user=0.06 sys=0.00, real=0.01 secs] 
475.394: [GC
Desired survivor size 4194304 bytes, new threshold 15 (max 15)
 [PSYoungGen: 811904K->2560K(815104K)] 1818666K->1009386K(1839104K), 0.0106120 secs] [Times: user=0.06 sys=0.00, real=0.01 secs] 
475.654: [GC
Desired survivor size 4718592 bytes, new threshold 15 (max 15)
 [PSYoungGen: 813568K->3424K(814080K)] 1820394K->1010314K(1838080K), 0.0118860 secs] [Times: user=0.07 sys=0.00, real=0.01 secs] 
475.929: [GC
Desired survivor size 4718592 bytes, new threshold 15 (max 15)
 [PSYoungGen: 813408K->1120K(814592K)] 1820298K->1008074K(1838592K), 0.0102630 secs] [Times: user=0.05 sys=0.00, real=0.02 secs] 
476.189: [GC
Desired survivor size 4194304 bytes, new threshold 15 (max 15)
 [PSYoungGen: 811104K->1568K(815104K)] 1818058K->1008586K(1839104K), 0.0106840 secs] [Times: user=0.06 sys=0.00, real=0.02 secs] 
476.465: [GC
Desired survivor size 4194304 bytes, new threshold 15 (max 15)
 [PSYoungGen: 812064K->1952K(814592K)] 1819082K->1009042K(1838592K), 0.0111910 secs] [Times: user=0.06 sys=0.01, real=0.01 secs] 
476.744: [GC
Desired survivor size 4194304 bytes, new threshold 15 (max 15)
 [PSYoungGen: 812448K->3104K(815104K)] 1819538K->1010354K(1839104K), 0.0116830 secs] [Times: user=0.07 sys=0.00, real=0.01 secs] 
477.007: [GC
Desired survivor size 4194304 bytes, new threshold 15 (max 15)
 [PSYoungGen: 814112K->1664K(815104K)] 1821362K->1008978K(1839104K), 0.0101060 secs] [Times: user=0.05 sys=0.01, real=0.01 secs] 
477.268: [GC
Desired survivor size 4718592 bytes, new threshold 15 (max 15)
 [PSYoungGen: 812672K->3872K(814080K)] 1819986K->1011250K(1838080K), 0.0117640 secs] [Times: user=0.07 sys=0.00, real=0.02 secs] 
477.538: [GC
Desired survivor size 4718592 bytes, new threshold 15 (max 15)
 [PSYoungGen: 813856K->960K(814592K)] 1821234K->1008402K(1838592K), 0.0098520 secs] [Times: user=0.06 sys=0.00, real=0.01 secs] 
477.805: [GC
Desired survivor size 4718592 bytes, new threshold 15 (max 15)
 [PSYoungGen: 810944K->1216K(814592K)] 1818386K->1008714K(1838592K), 0.0107710 secs] [Times: user=0.05 sys=0.01, real=0.01 secs] 
478.061: [GC
Desired survivor size 4718592 bytes, new threshold 15 (max 15)
 [PSYoungGen: 811200K->1728K(814592K)] 1818698K->1009290K(1838592K), 0.0105470 secs] [Times: user=0.06 sys=0.00, real=0.01 secs] 
478.329: [GC
Desired survivor size 4194304 bytes, new threshold 15 (max 15)
 [PSYoungGen: 811712K->1920K(815104K)] 1819274K->1009546K(1839104K), 0.0111090 secs] [Times: user=0.06 sys=0.00, real=0.01 secs] 
478.599: [GC
Desired survivor size 4194304 bytes, new threshold 15 (max 15)
 [PSYoungGen: 812416K->1984K(814592K)] 1820042K->1009674K(1838592K), 0.0108120 secs] [Times: user=0.07 sys=0.00, real=0.01 secs] 
478.869: [GC
Desired survivor size 4194304 bytes, new threshold 15 (max 15)
 [PSYoungGen: 812480K->1376K(815104K)] 1820170K->1009130K(1839104K), 0.0104480 secs] [Times: user=0.05 sys=0.00, real=0.01 secs] 
479.139: [GC
Desired survivor size 3670016 bytes, new threshold 15 (max 15)
 [PSYoungGen: 812384K->1760K(815104K)] 1820138K->1009578K(1839104K), 0.0107650 secs] [Times: user=0.05 sys=0.00, real=0.01 secs] 
479.400: [GC
Desired survivor size 3670016 bytes, new threshold 15 (max 15)
 [PSYoungGen: 812768K->2048K(815616K)] 1820586K->1009930K(1839616K), 0.0111920 secs] [Times: user=0.06 sys=0.00, real=0.02 secs] 
479.730: [GC
Desired survivor size 3670016 bytes, new threshold 15 (max 15)
 [PSYoungGen: 814080K->2368K(815616K)] 1821962K->1010314K(1839616K), 0.0106720 secs] [Times: user=0.06 sys=0.00, real=0.02 secs] 
480.003: [GC
Desired survivor size 3670016 bytes, new threshold 15 (max 15)
 [PSYoungGen: 814400K->2272K(815616K)] 1822346K->1010282K(1839616K), 0.0113810 secs] [Times: user=0.07 sys=0.00, real=0.01 secs] 
480.270: [GC
Desired survivor size 4194304 bytes, new threshold 15 (max 15)
 [PSYoungGen: 814304K->2848K(815104K)] 1822314K->1010922K(1839104K), 0.0108270 secs] [Times: user=0.06 sys=0.00, real=0.01 secs] 
480.542: [GC
Desired survivor size 3670016 bytes, new threshold 15 (max 15)
 [PSYoungGen: 814880K->1632K(815616K)] 1822954K->1009754K(1839616K), 0.0105700 secs] [Times: user=0.07 sys=0.00, real=0.01 secs] 
480.817: [GC
Desired survivor size 3670016 bytes, new threshold 15 (max 15)
 [PSYoungGen: 813152K->1824K(815104K)] 1821274K->1010010K(1839104K), 0.0108530 secs] [Times: user=0.05 sys=0.00, real=0.01 secs] 
481.073: [GC
Desired survivor size 3670016 bytes, new threshold 15 (max 15)
 [PSYoungGen: 813344K->1408K(815616K)] 1821530K->1009658K(1839616K), 0.0119840 secs] [Times: user=0.06 sys=0.00, real=0.01 secs] 
481.333: [GC
Desired survivor size 3670016 bytes, new threshold 15 (max 15)
 [PSYoungGen: 813440K->2688K(815616K)] 1821690K->1011002K(1839616K), 0.0118410 secs] [Times: user=0.07 sys=0.01, real=0.01 secs] 
481.598: [GC
Desired survivor size 3670016 bytes, new threshold 15 (max 15)
 [PSYoungGen: 814720K->672K(815616K)] 1823034K->1009050K(1839616K), 0.0098830 secs] [Times: user=0.06 sys=0.01, real=0.01 secs] 
481.872: [GC
Desired survivor size 3670016 bytes, new threshold 15 (max 15)
 [PSYoungGen: 812704K->1984K(815616K)] 1821082K->1010426K(1839616K), 0.0105770 secs] [Times: user=0.06 sys=0.00, real=0.01 secs] 
482.139: [GC
Desired survivor size 4194304 bytes, new threshold 15 (max 15)
 [PSYoungGen: 814016K->2816K(814592K)] 1822458K->1011322K(1838592K), 0.0112410 secs] [Times: user=0.06 sys=0.00, real=0.02 secs] 
482.410: [GC
Desired survivor size 4194304 bytes, new threshold 15 (max 15)
 [PSYoungGen: 813824K->992K(815104K)] 1822330K->1009562K(1839104K), 0.0104020 secs] [Times: user=0.06 sys=0.00, real=0.01 secs] 
482.676: [GC
Desired survivor size 3670016 bytes, new threshold 15 (max 15)
 [PSYoungGen: 812000K->1280K(815616K)] 1820570K->1009930K(1839616K), 0.0101870 secs] [Times: user=0.06 sys=0.00, real=0.01 secs] 
482.952: [GC
Desired survivor size 4194304 bytes, new threshold 15 (max 15)
 [PSYoungGen: 812800K->3584K(815104K)] 1821450K->1012298K(1839104K), 0.0123790 secs] [Times: user=0.07 sys=0.01, real=0.01 secs] 
483.213: [GC
Desired survivor size 4194304 bytes, new threshold 15 (max 15)
 [PSYoungGen: 815104K->1120K(815104K)] 1823818K->1009898K(1839104K), 0.0101100 secs] [Times: user=0.06 sys=0.00, real=0.01 secs] 
483.476: [GC
Desired survivor size 4194304 bytes, new threshold 15 (max 15)
 [PSYoungGen: 812128K->2464K(815104K)] 1820906K->1011314K(1839104K), 0.0110740 secs] [Times: user=0.06 sys=0.00, real=0.01 secs] 
483.749: [GC
Desired survivor size 4194304 bytes, new threshold 15 (max 15)
 [PSYoungGen: 813472K->1568K(815104K)] 1822322K->1010482K(1839104K), 0.0102690 secs] [Times: user=0.07 sys=0.00, real=0.01 secs] 
484.007: [GC
Desired survivor size 4194304 bytes, new threshold 15 (max 15)
 [PSYoungGen: 812576K->1408K(815104K)] 1821490K->1010386K(1839104K), 0.0100570 secs] [Times: user=0.06 sys=0.00, real=0.01 secs] 
484.274: [GC
Desired survivor size 4194304 bytes, new threshold 15 (max 15)
 [PSYoungGen: 812416K->1472K(815104K)] 1821394K->1010518K(1839104K), 0.0104910 secs] [Times: user=0.05 sys=0.00, real=0.01 secs] 
484.538: [GC
Desired survivor size 4194304 bytes, new threshold 15 (max 15)
 [PSYoungGen: 812480K->2720K(815104K)] 1821526K->1011830K(1839104K), 0.0115700 secs] [Times: user=0.06 sys=0.00, real=0.01 secs] 
484.809: [GC
Desired survivor size 4718592 bytes, new threshold 15 (max 15)
 [PSYoungGen: 813728K->3936K(814080K)] 1822838K->1013110K(1838080K), 0.0116910 secs] [Times: user=0.07 sys=0.01, real=0.01 secs] 
485.077: [GC
Desired survivor size 4718592 bytes, new threshold 15 (max 15)
 [PSYoungGen: 813920K->3456K(814592K)] 1823094K->1012694K(1838592K), 0.0127040 secs] [Times: user=0.08 sys=0.00, real=0.01 secs] 
485.344: [GC
Desired survivor size 4718592 bytes, new threshold 15 (max 15)
 [PSYoungGen: 813440K->2208K(814592K)] 1822678K->1011510K(1838592K), 0.0106340 secs] [Times: user=0.07 sys=0.00, real=0.01 secs] 
485.614: [GC
Desired survivor size 5242880 bytes, new threshold 15 (max 15)
 [PSYoungGen: 812192K->3616K(814080K)] 1821494K->1012982K(1838080K), 0.0121730 secs] [Times: user=0.07 sys=0.00, real=0.01 secs] 
485.891: [GC
Desired survivor size 4718592 bytes, new threshold 15 (max 15)
 [PSYoungGen: 813600K->1728K(814592K)] 1822966K->1011150K(1838592K), 0.0111670 secs] [Times: user=0.06 sys=0.00, real=0.02 secs] 
486.157: [GC
Desired survivor size 5242880 bytes, new threshold 15 (max 15)
 [PSYoungGen: 811200K->672K(814080K)] 1820622K->1010158K(1838080K), 0.0101670 secs] [Times: user=0.07 sys=0.00, real=0.01 secs] 
486.420: [GC
Desired survivor size 4718592 bytes, new threshold 15 (max 15)
 [PSYoungGen: 810144K->1760K(814592K)] 1819630K->1011310K(1838592K), 0.0102030 secs] [Times: user=0.06 sys=0.00, real=0.01 secs] 
486.691: [GC
Desired survivor size 4718592 bytes, new threshold 15 (max 15)
 [PSYoungGen: 811232K->800K(814080K)] 1820782K->1010414K(1838080K), 0.0101130 secs] [Times: user=0.06 sys=0.00, real=0.01 secs] 
486.967: [GC
Desired survivor size 4718592 bytes, new threshold 15 (max 15)
 [PSYoungGen: 810272K->1184K(814592K)] 1819886K->1010862K(1838592K), 0.0103310 secs] [Times: user=0.06 sys=0.00, real=0.01 secs] 
487.262: [GC
Desired survivor size 4718592 bytes, new threshold 15 (max 15)
 [PSYoungGen: 811168K->768K(814592K)] 1820846K->1010510K(1838592K), 0.0100790 secs] [Times: user=0.06 sys=0.00, real=0.01 secs] 
487.536: [GC
Desired survivor size 4718592 bytes, new threshold 15 (max 15)
 [PSYoungGen: 810752K->1216K(814592K)] 1820494K->1011022K(1838592K), 0.0101140 secs] [Times: user=0.06 sys=0.00, real=0.01 secs] 
487.810: [GC
Desired survivor size 5242880 bytes, new threshold 15 (max 15)
 [PSYoungGen: 811200K->4512K(814592K)] 1821006K->1014382K(1838592K), 0.0118320 secs] [Times: user=0.08 sys=0.00, real=0.02 secs] 
488.071: [GC
Desired survivor size 5242880 bytes, new threshold 15 (max 15)
 [PSYoungGen: 814496K->896K(813568K)] 1824366K->1010830K(1837568K), 0.0102250 secs] [Times: user=0.05 sys=0.00, real=0.01 secs] 
488.341: [GC
Desired survivor size 4718592 bytes, new threshold 15 (max 15)
 [PSYoungGen: 809856K->1568K(814080K)] 1819790K->1011566K(1838080K), 0.0105140 secs] [Times: user=0.06 sys=0.00, real=0.01 secs] 
488.603: [GC
Desired survivor size 4718592 bytes, new threshold 15 (max 15)
 [PSYoungGen: 810528K->1152K(814592K)] 1820526K->1011214K(1838592K), 0.0104070 secs] [Times: user=0.07 sys=0.00, real=0.01 secs] 
488.874: [GC
Desired survivor size 4718592 bytes, new threshold 15 (max 15)
 [PSYoungGen: 811136K->2112K(814592K)] 1821198K->1012238K(1838592K), 0.0110190 secs] [Times: user=0.06 sys=0.00, real=0.01 secs] 
489.140: [GC
Desired survivor size 4718592 bytes, new threshold 15 (max 15)
 [PSYoungGen: 812096K->2496K(814592K)] 1822222K->1012686K(1838592K), 0.0109690 secs] [Times: user=0.06 sys=0.01, real=0.01 secs] 
489.404: [GC
Desired survivor size 4718592 bytes, new threshold 15 (max 15)
 [PSYoungGen: 812480K->576K(814592K)] 1822670K->1010814K(1838592K), 0.0103100 secs] [Times: user=0.05 sys=0.00, real=0.01 secs] 
489.676: [GC
Desired survivor size 4194304 bytes, new threshold 15 (max 15)
 [PSYoungGen: 810560K->1376K(815104K)] 1820798K->1011678K(1839104K), 0.0103370 secs] [Times: user=0.06 sys=0.00, real=0.01 secs] 
489.962: [GC
Desired survivor size 4194304 bytes, new threshold 15 (max 15)
 [PSYoungGen: 811872K->2176K(814592K)] 1822174K->1012542K(1838592K), 0.0102650 secs] [Times: user=0.06 sys=0.00, real=0.01 secs] 
490.218: [GC
Desired survivor size 4194304 bytes, new threshold 15 (max 15)
 [PSYoungGen: 812672K->2592K(815104K)] 1823038K->1013022K(1839104K), 0.0114990 secs] [Times: user=0.06 sys=0.00, real=0.01 secs] 
490.482: [GC
Desired survivor size 4194304 bytes, new threshold 15 (max 15)
 [PSYoungGen: 813600K->2272K(815104K)] 1824030K->1012766K(1839104K), 0.0106770 secs] [Times: user=0.06 sys=0.00, real=0.01 secs] 
490.758: [GC
Desired survivor size 4194304 bytes, new threshold 15 (max 15)
 [PSYoungGen: 813280K->2016K(815104K)] 1823774K->1012574K(1839104K), 0.0106220 secs] [Times: user=0.06 sys=0.00, real=0.01 secs] 
491.025: [GC
Desired survivor size 4194304 bytes, new threshold 15 (max 15)
 [PSYoungGen: 813024K->1728K(815104K)] 1823582K->1012350K(1839104K), 0.0110200 secs] [Times: user=0.06 sys=0.00, real=0.01 secs] 
491.290: [GC
Desired survivor size 4194304 bytes, new threshold 15 (max 15)
 [PSYoungGen: 812736K->2144K(815104K)] 1823358K->1012830K(1839104K), 0.0106380 secs] [Times: user=0.06 sys=0.00, real=0.01 secs] 
491.555: [GC
Desired survivor size 3670016 bytes, new threshold 15 (max 15)
 [PSYoungGen: 813152K->1632K(815104K)] 1823838K->1012390K(1839104K), 0.0106210 secs] [Times: user=0.05 sys=0.00, real=0.01 secs] 
491.829: [GC
Desired survivor size 3670016 bytes, new threshold 15 (max 15)
 [PSYoungGen: 812640K->2208K(815616K)] 1823398K->1013030K(1839616K), 0.0108040 secs] [Times: user=0.06 sys=0.00, real=0.01 secs] 
492.096: [GC
Desired survivor size 3670016 bytes, new threshold 15 (max 15)
 [PSYoungGen: 814240K->1952K(815616K)] 1825062K->1012838K(1839616K), 0.0102080 secs] [Times: user=0.06 sys=0.01, real=0.01 secs] 
492.356: [GC
Desired survivor size 3670016 bytes, new threshold 15 (max 15)
 [PSYoungGen: 813984K->2336K(815616K)] 1824870K->1013286K(1839616K), 0.0106590 secs] [Times: user=0.06 sys=0.01, real=0.01 secs] 
492.628: [GC
Desired survivor size 3670016 bytes, new threshold 15 (max 15)
 [PSYoungGen: 814368K->2432K(815616K)] 1825318K->1013446K(1839616K), 0.0109130 secs] [Times: user=0.06 sys=0.00, real=0.01 secs] 
492.906: [GC
Desired survivor size 3670016 bytes, new threshold 15 (max 15)
 [PSYoungGen: 814464K->1184K(815616K)] 1825478K->1012262K(1839616K), 0.0097990 secs] [Times: user=0.05 sys=0.00, real=0.01 secs] 
493.176: [GC
Desired survivor size 3670016 bytes, new threshold 15 (max 15)
 [PSYoungGen: 813216K->2496K(815616K)] 1824294K->1013638K(1839616K), 0.0109000 secs] [Times: user=0.07 sys=0.00, real=0.01 secs] 
493.451: [GC
Desired survivor size 3670016 bytes, new threshold 15 (max 15)
 [PSYoungGen: 814528K->896K(815616K)] 1825670K->1012094K(1839616K), 0.0105320 secs] [Times: user=0.06 sys=0.00, real=0.01 secs] 
493.730: [GC
Desired survivor size 3670016 bytes, new threshold 15 (max 15)
 [PSYoungGen: 812928K->2304K(815616K)] 1824126K->1013566K(1839616K), 0.0105080 secs] [Times: user=0.06 sys=0.00, real=0.01 secs] 
494.028: [GC
Desired survivor size 3670016 bytes, new threshold 15 (max 15)
 [PSYoungGen: 814336K->1984K(815616K)] 1825598K->1013310K(1839616K), 0.0106580 secs] [Times: user=0.06 sys=0.00, real=0.01 secs] 
494.290: [GC
Desired survivor size 3670016 bytes, new threshold 15 (max 15)
 [PSYoungGen: 814016K->1856K(815616K)] 1825342K->1013246K(1839616K), 0.0107840 secs] [Times: user=0.06 sys=0.00, real=0.01 secs] 
494.558: [GC
Desired survivor size 3670016 bytes, new threshold 15 (max 15)
 [PSYoungGen: 813888K->2752K(815616K)] 1825278K->1014206K(1839616K), 0.0111350 secs] [Times: user=0.06 sys=0.00, real=0.01 secs] 
494.829: [GC
Desired survivor size 3670016 bytes, new threshold 15 (max 15)
 [PSYoungGen: 814784K->832K(815616K)] 1826238K->1012350K(1839616K), 0.0096640 secs] [Times: user=0.07 sys=0.00, real=0.01 secs] 
495.098: [GC
Desired survivor size 3670016 bytes, new threshold 15 (max 15)
 [PSYoungGen: 812864K->640K(815616K)] 1824382K->1012222K(1839616K), 0.0096720 secs] [Times: user=0.07 sys=0.00, real=0.01 secs] 
495.355: [GC
Desired survivor size 4194304 bytes, new threshold 15 (max 15)
 [PSYoungGen: 812672K->2912K(815104K)] 1824254K->1014558K(1839104K), 0.0114510 secs] [Times: user=0.08 sys=0.00, real=0.01 secs] 
495.631: [GC
Desired survivor size 4194304 bytes, new threshold 15 (max 15)
 [PSYoungGen: 814944K->2720K(815104K)] 1826590K->1014430K(1839104K), 0.0113150 secs] [Times: user=0.06 sys=0.00, real=0.01 secs] 
495.897: [GC
Desired survivor size 4194304 bytes, new threshold 15 (max 15)
 [PSYoungGen: 813728K->1312K(815104K)] 1825438K->1013086K(1839104K), 0.0105940 secs] [Times: user=0.06 sys=0.00, real=0.01 secs] 
496.160: [GC
Desired survivor size 4194304 bytes, new threshold 15 (max 15)
 [PSYoungGen: 812320K->1056K(815104K)] 1824094K->1012894K(1839104K), 0.0103260 secs] [Times: user=0.06 sys=0.00, real=0.01 secs] 
496.426: [GC
Desired survivor size 4194304 bytes, new threshold 15 (max 15)
 [PSYoungGen: 812064K->1472K(815104K)] 1823902K->1013366K(1839104K), 0.0108060 secs] [Times: user=0.06 sys=0.00, real=0.01 secs] 
496.690: [GC
Desired survivor size 3670016 bytes, new threshold 15 (max 15)
 [PSYoungGen: 812480K->992K(815616K)] 1824374K->1012950K(1839616K), 0.0105600 secs] [Times: user=0.06 sys=0.00, real=0.01 secs] 
496.964: [GC
Desired survivor size 3670016 bytes, new threshold 15 (max 15)
 [PSYoungGen: 812512K->1600K(815104K)] 1824470K->1013622K(1839104K), 0.0107100 secs] [Times: user=0.06 sys=0.00, real=0.01 secs] 
497.231: [GC
Desired survivor size 3670016 bytes, new threshold 15 (max 15)
 [PSYoungGen: 813120K->896K(815616K)] 1825142K->1012974K(1839616K), 0.0112790 secs] [Times: user=0.05 sys=0.00, real=0.01 secs] 
497.497: [GC
Desired survivor size 3670016 bytes, new threshold 15 (max 15)
 [PSYoungGen: 812928K->1888K(815616K)] 1825006K->1014030K(1839616K), 0.0103880 secs] [Times: user=0.06 sys=0.00, real=0.01 secs] 
497.779: [GC
Desired survivor size 3670016 bytes, new threshold 15 (max 15)
 [PSYoungGen: 813920K->1632K(815616K)] 1826062K->1013838K(1839616K), 0.0105820 secs] [Times: user=0.07 sys=0.00, real=0.01 secs] 
498.043: [GC
Desired survivor size 3670016 bytes, new threshold 15 (max 15)
 [PSYoungGen: 813664K->800K(815616K)] 1825870K->1013070K(1839616K), 0.0103790 secs] [Times: user=0.05 sys=0.00, real=0.01 secs] 
498.303: [GC
Desired survivor size 3670016 bytes, new threshold 15 (max 15)
 [PSYoungGen: 812832K->2528K(815616K)] 1825102K->1014854K(1839616K), 0.0110590 secs] [Times: user=0.07 sys=0.00, real=0.02 secs] 
498.573: [GC
Desired survivor size 3670016 bytes, new threshold 15 (max 15)
 [PSYoungGen: 814560K->1120K(815616K)] 1826886K->1013510K(1839616K), 0.0109630 secs] [Times: user=0.07 sys=0.00, real=0.02 secs] 
498.847: [GC
Desired survivor size 3670016 bytes, new threshold 15 (max 15)
 [PSYoungGen: 813152K->704K(815616K)] 1825542K->1013158K(1839616K), 0.0099080 secs] [Times: user=0.06 sys=0.00, real=0.01 secs] 
499.116: [GC
Desired survivor size 3670016 bytes, new threshold 15 (max 15)
 [PSYoungGen: 812736K->2176K(815616K)] 1825190K->1014694K(1839616K), 0.0108850 secs] [Times: user=0.06 sys=0.00, real=0.01 secs] 
499.380: [GC
Desired survivor size 3670016 bytes, new threshold 15 (max 15)
 [PSYoungGen: 814208K->2560K(815616K)] 1826726K->1015142K(1839616K), 0.0107850 secs] [Times: user=0.06 sys=0.00, real=0.01 secs] 
499.652: [GC
Desired survivor size 3670016 bytes, new threshold 15 (max 15)
 [PSYoungGen: 814592K->800K(815616K)] 1827174K->1013446K(1839616K), 0.0102760 secs] [Times: user=0.05 sys=0.00, real=0.01 secs] 
499.932: [GC
Desired survivor size 3670016 bytes, new threshold 15 (max 15)
 [PSYoungGen: 812832K->1216K(815616K)] 1825478K->1013918K(1839616K), 0.0102330 secs] [Times: user=0.06 sys=0.00, real=0.01 secs] 
500.194: [GC
Desired survivor size 3670016 bytes, new threshold 15 (max 15)
 [PSYoungGen: 813248K->1920K(815616K)] 1825950K->1014686K(1839616K), 0.0112010 secs] [Times: user=0.07 sys=0.00, real=0.01 secs] 
500.463: [GC
Desired survivor size 3670016 bytes, new threshold 15 (max 15)
 [PSYoungGen: 813952K->2432K(815616K)] 1826718K->1015262K(1839616K), 0.0107860 secs] [Times: user=0.06 sys=0.00, real=0.01 secs] 
500.746: [GC
Desired survivor size 3670016 bytes, new threshold 15 (max 15)
 [PSYoungGen: 814464K->2176K(815616K)] 1827294K->1015070K(1839616K), 0.0114180 secs] [Times: user=0.07 sys=0.00, real=0.01 secs] 
501.012: [GC
Desired survivor size 4194304 bytes, new threshold 15 (max 15)
 [PSYoungGen: 814208K->2624K(814592K)] 1827102K->1015574K(1838592K), 0.0115150 secs] [Times: user=0.06 sys=0.01, real=0.01 secs] 
501.278: [GC
Desired survivor size 4194304 bytes, new threshold 15 (max 15)
 [PSYoungGen: 813632K->2432K(815104K)] 1826582K->1015446K(1839104K), 0.0107280 secs] [Times: user=0.05 sys=0.00, real=0.01 secs] 
501.539: [GC
Desired survivor size 3670016 bytes, new threshold 15 (max 15)
 [PSYoungGen: 813440K->2016K(815616K)] 1826454K->1015094K(1839616K), 0.0108790 secs] [Times: user=0.06 sys=0.00, real=0.01 secs] 
501.815: [GC
Desired survivor size 3670016 bytes, new threshold 15 (max 15)
 [PSYoungGen: 813536K->1536K(815104K)] 1826614K->1014678K(1839104K), 0.0104460 secs] [Times: user=0.05 sys=0.01, real=0.01 secs] 
502.083: [GC
Desired survivor size 4718592 bytes, new threshold 14 (max 15)
 [PSYoungGen: 813056K->3584K(813568K)] 1826198K->1017462K(1837568K), 0.0121930 secs] [Times: user=0.07 sys=0.01, real=0.02 secs] 
502.356: [GC
Desired survivor size 4718592 bytes, new threshold 15 (max 15)
 [PSYoungGen: 813568K->2656K(814592K)] 1827446K->1016598K(1838592K), 0.0116930 secs] [Times: user=0.06 sys=0.00, real=0.01 secs] 
502.630: [GC
Desired survivor size 4194304 bytes, new threshold 15 (max 15)
 [PSYoungGen: 812640K->2112K(815104K)] 1826582K->1016054K(1839104K), 0.0108470 secs] [Times: user=0.06 sys=0.00, real=0.01 secs] 
502.907: [GC
Desired survivor size 4194304 bytes, new threshold 15 (max 15)
 [PSYoungGen: 812608K->2048K(814592K)] 1826550K->1016054K(1838592K), 0.0108360 secs] [Times: user=0.06 sys=0.01, real=0.01 secs] 
503.180: [GC
Desired survivor size 4194304 bytes, new threshold 15 (max 15)
 [PSYoungGen: 812544K->2080K(815104K)] 1826550K->1016150K(1839104K), 0.0107900 secs] [Times: user=0.07 sys=0.00, real=0.01 secs] 
503.449: [GC
Desired survivor size 3670016 bytes, new threshold 15 (max 15)
 [PSYoungGen: 813088K->1984K(815104K)] 1827158K->1016118K(1839104K), 0.0125500 secs] [Times: user=0.08 sys=0.00, real=0.01 secs] 
503.726: [GC
Desired survivor size 3670016 bytes, new threshold 15 (max 15)
 [PSYoungGen: 812992K->1216K(815616K)] 1827126K->1015414K(1839616K), 0.0107730 secs] [Times: user=0.05 sys=0.00, real=0.01 secs] 
503.993: [GC
Desired survivor size 3670016 bytes, new threshold 15 (max 15)
 [PSYoungGen: 813248K->1696K(815616K)] 1827446K->1015958K(1839616K), 0.0107500 secs] [Times: user=0.07 sys=0.00, real=0.01 secs] 
504.254: [GC
Desired survivor size 3670016 bytes, new threshold 15 (max 15)
 [PSYoungGen: 813728K->1344K(815616K)] 1827990K->1015670K(1839616K), 0.0105170 secs] [Times: user=0.06 sys=0.01, real=0.01 secs] 
504.517: [GC
Desired survivor size 3670016 bytes, new threshold 15 (max 15)
 [PSYoungGen: 813376K->1760K(815616K)] 1827702K->1016150K(1839616K), 0.0107300 secs] [Times: user=0.06 sys=0.00, real=0.01 secs] 
504.793: [GC
Desired survivor size 3670016 bytes, new threshold 15 (max 15)
 [PSYoungGen: 813792K->1472K(815616K)] 1828182K->1015926K(1839616K), 0.0108430 secs] [Times: user=0.06 sys=0.00, real=0.01 secs] 
505.060: [GC
Desired survivor size 3670016 bytes, new threshold 15 (max 15)
 [PSYoungGen: 813504K->2304K(815616K)] 1827958K->1016822K(1839616K), 0.0112200 secs] [Times: user=0.06 sys=0.00, real=0.01 secs] 
505.327: [GC
Desired survivor size 3670016 bytes, new threshold 15 (max 15)
 [PSYoungGen: 814336K->1696K(815616K)] 1828854K->1016270K(1839616K), 0.0108900 secs] [Times: user=0.06 sys=0.00, real=0.01 secs] 
505.605: [GC
Desired survivor size 3145728 bytes, new threshold 15 (max 15)
 [PSYoungGen: 813728K->1856K(815616K)] 1828302K->1016494K(1839616K), 0.0119670 secs] [Times: user=0.06 sys=0.00, real=0.02 secs] 
505.889: [GC
Desired survivor size 3145728 bytes, new threshold 15 (max 15)
 [PSYoungGen: 813888K->1600K(816128K)] 1828526K->1016302K(1840128K), 0.0110380 secs] [Times: user=0.06 sys=0.00, real=0.01 secs] 
506.156: [GC
Desired survivor size 3145728 bytes, new threshold 15 (max 15)
 [PSYoungGen: 814656K->1216K(816128K)] 1829358K->1016342K(1840128K), 0.0112080 secs] [Times: user=0.06 sys=0.00, real=0.01 secs] 
506.439: [GC
Desired survivor size 3145728 bytes, new threshold 15 (max 15)
 [PSYoungGen: 814272K->1856K(816128K)] 1829398K->1017054K(1840128K), 0.0109350 secs] [Times: user=0.05 sys=0.01, real=0.01 secs] 
506.725: [GC
Desired survivor size 3145728 bytes, new threshold 15 (max 15)
 [PSYoungGen: 814912K->1376K(816128K)] 1830110K->1016638K(1840128K), 0.0147630 secs] [Times: user=0.09 sys=0.00, real=0.02 secs] 
507.004: [GC
Desired survivor size 3145728 bytes, new threshold 15 (max 15)
 [PSYoungGen: 814432K->2016K(816128K)] 1829694K->1017342K(1840128K), 0.0102990 secs] [Times: user=0.06 sys=0.00, real=0.01 secs] 
507.264: [GC
Desired survivor size 3670016 bytes, new threshold 14 (max 15)
 [PSYoungGen: 815072K->3072K(816128K)] 1830398K->1018638K(1840128K), 0.0116400 secs] [Times: user=0.07 sys=0.00, real=0.02 secs] 
507.531: [GC
Desired survivor size 3670016 bytes, new threshold 15 (max 15)
 [PSYoungGen: 816128K->1952K(815104K)] 1831694K->1017582K(1839104K), 0.0110740 secs] [Times: user=0.06 sys=0.00, real=0.01 secs] 
507.815: [GC
Desired survivor size 3670016 bytes, new threshold 15 (max 15)
 [PSYoungGen: 813984K->1696K(815616K)] 1829614K->1017326K(1839616K), 0.0107220 secs] [Times: user=0.07 sys=0.00, real=0.02 secs] 
508.086: [GC
Desired survivor size 3670016 bytes, new threshold 15 (max 15)
 [PSYoungGen: 813728K->2944K(815616K)] 1829358K->1018638K(1839616K), 0.0112540 secs] [Times: user=0.07 sys=0.00, real=0.01 secs] 
508.352: [GC
Desired survivor size 3670016 bytes, new threshold 15 (max 15)
 [PSYoungGen: 814976K->2432K(815616K)] 1830670K->1018190K(1839616K), 0.0109280 secs] [Times: user=0.06 sys=0.00, real=0.01 secs] 
508.619: [GC
Desired survivor size 3670016 bytes, new threshold 15 (max 15)
 [PSYoungGen: 814464K->800K(815616K)] 1830222K->1016622K(1839616K), 0.0103790 secs] [Times: user=0.05 sys=0.00, real=0.01 secs] 
508.895: [GC
Desired survivor size 3670016 bytes, new threshold 15 (max 15)
 [PSYoungGen: 812832K->2240K(815616K)] 1828654K->1018126K(1839616K), 0.0110650 secs] [Times: user=0.06 sys=0.01, real=0.01 secs] 
509.160: [GC
Desired survivor size 3670016 bytes, new threshold 15 (max 15)
 [PSYoungGen: 814272K->1984K(815616K)] 1830158K->1017934K(1839616K), 0.0106860 secs] [Times: user=0.06 sys=0.00, real=0.01 secs] 
509.436: [GC
Desired survivor size 3670016 bytes, new threshold 15 (max 15)
 [PSYoungGen: 814016K->1152K(815616K)] 1829966K->1017166K(1839616K), 0.0103870 secs] [Times: user=0.05 sys=0.00, real=0.01 secs] 
509.714: [GC
Desired survivor size 4194304 bytes, new threshold 14 (max 15)
 [PSYoungGen: 813184K->3584K(814592K)] 1829198K->1020174K(1838592K), 0.0180230 secs] [Times: user=0.07 sys=0.01, real=0.02 secs] 
509.990: [GC
Desired survivor size 4194304 bytes, new threshold 15 (max 15)
 [PSYoungGen: 814592K->1952K(815104K)] 1831182K->1018606K(1839104K), 0.0110580 secs] [Times: user=0.07 sys=0.00, real=0.01 secs] 
510.262: [GC
Desired survivor size 4194304 bytes, new threshold 15 (max 15)
 [PSYoungGen: 812960K->2592K(815104K)] 1829614K->1019246K(1839104K), 0.0112010 secs] [Times: user=0.07 sys=0.00, real=0.01 secs] 
510.531: [GC
Desired survivor size 4194304 bytes, new threshold 15 (max 15)
 [PSYoungGen: 813600K->1920K(815104K)] 1830254K->1018638K(1839104K), 0.0107520 secs] [Times: user=0.06 sys=0.01, real=0.01 secs] 
510.803: [GC
Desired survivor size 4194304 bytes, new threshold 15 (max 15)
 [PSYoungGen: 812928K->1504K(815104K)] 1829646K->1018286K(1839104K), 0.0106840 secs] [Times: user=0.06 sys=0.00, real=0.01 secs] 
511.070: [GC
Desired survivor size 4194304 bytes, new threshold 15 (max 15)
 [PSYoungGen: 812512K->1024K(815104K)] 1829294K->1017862K(1839104K), 0.0103730 secs] [Times: user=0.05 sys=0.00, real=0.01 secs] 
511.341: [GC
Desired survivor size 4194304 bytes, new threshold 15 (max 15)
 [PSYoungGen: 812032K->896K(815104K)] 1828870K->1017862K(1839104K), 0.0103690 secs] [Times: user=0.06 sys=0.00, real=0.01 secs] 
511.605: [GC
Desired survivor size 4718592 bytes, new threshold 15 (max 15)
 [PSYoungGen: 811904K->4064K(815104K)] 1828870K->1021094K(1839104K), 0.0121450 secs] [Times: user=0.08 sys=0.00, real=0.02 secs] 
511.877: [GC
Desired survivor size 4718592 bytes, new threshold 15 (max 15)
 [PSYoungGen: 815072K->2592K(814080K)] 1832102K->1019678K(1838080K), 0.0115430 secs] [Times: user=0.07 sys=0.00, real=0.01 secs] 
512.147: [GC
Desired survivor size 4718592 bytes, new threshold 15 (max 15)
 [PSYoungGen: 812576K->1632K(814592K)] 1829662K->1018774K(1838592K), 0.0108180 secs] [Times: user=0.06 sys=0.00, real=0.01 secs] 
512.422: [GC
Desired survivor size 4194304 bytes, new threshold 15 (max 15)
 [PSYoungGen: 811616K->1760K(815104K)] 1828758K->1018966K(1839104K), 0.0106220 secs] [Times: user=0.06 sys=0.00, real=0.01 secs] 
512.690: [GC
Desired survivor size 4718592 bytes, new threshold 15 (max 15)
 [PSYoungGen: 812256K->3040K(814592K)] 1829462K->1020294K(1838592K), 0.0110740 secs] [Times: user=0.08 sys=0.00, real=0.01 secs] 
512.971: [GC
Desired survivor size 4194304 bytes, new threshold 15 (max 15)
 [PSYoungGen: 813536K->1728K(815104K)] 1830790K->1019046K(1839104K), 0.0106960 secs] [Times: user=0.06 sys=0.00, real=0.01 secs] 
513.234: [GC
Desired survivor size 4194304 bytes, new threshold 15 (max 15)
 [PSYoungGen: 812224K->1920K(814592K)] 1829542K->1019302K(1838592K), 0.0110420 secs] [Times: user=0.06 sys=0.01, real=0.01 secs] 
513.500: [GC
Desired survivor size 4718592 bytes, new threshold 14 (max 15)
 [PSYoungGen: 812416K->4096K(814080K)] 1829798K->1021630K(1838080K), 0.0126230 secs] [Times: user=0.08 sys=0.00, real=0.01 secs] 
513.777: [GC
Desired survivor size 5242880 bytes, new threshold 15 (max 15)
 [PSYoungGen: 814080K->4224K(814592K)] 1831614K->1022102K(1838592K), 0.0131250 secs] [Times: user=0.07 sys=0.00, real=0.01 secs] 
514.076: [GC
Desired survivor size 5767168 bytes, new threshold 15 (max 15)
 [PSYoungGen: 814208K->3872K(812544K)] 1832086K->1021750K(1836544K), 0.0129630 secs] [Times: user=0.08 sys=0.00, real=0.01 secs] 
514.342: [GC
Desired survivor size 5767168 bytes, new threshold 15 (max 15)
 [PSYoungGen: 811808K->1376K(813568K)] 1829686K->1019318K(1837568K), 0.0101430 secs] [Times: user=0.06 sys=0.00, real=0.01 secs] 
514.624: [GC
Desired survivor size 5767168 bytes, new threshold 15 (max 15)
 [PSYoungGen: 809312K->1376K(813568K)] 1827254K->1019382K(1837568K), 0.0102260 secs] [Times: user=0.06 sys=0.00, real=0.01 secs] 
514.897: [GC
Desired survivor size 5242880 bytes, new threshold 15 (max 15)
 [PSYoungGen: 809312K->896K(813568K)] 1827318K->1018966K(1837568K), 0.0096490 secs] [Times: user=0.05 sys=0.00, real=0.01 secs] 
515.159: [GC
Desired survivor size 5242880 bytes, new threshold 15 (max 15)
 [PSYoungGen: 808832K->2848K(814080K)] 1826902K->1020974K(1838080K), 0.0106310 secs] [Times: user=0.07 sys=0.00, real=0.01 secs] 
515.419: [GC
Desired survivor size 5242880 bytes, new threshold 15 (max 15)
 [PSYoungGen: 811808K->992K(814080K)] 1829934K->1019182K(1838080K), 0.0100760 secs] [Times: user=0.06 sys=0.01, real=0.01 secs] 
515.691: [GC
Desired survivor size 5242880 bytes, new threshold 15 (max 15)
 [PSYoungGen: 809952K->1056K(814080K)] 1828142K->1019310K(1838080K), 0.0098870 secs] [Times: user=0.06 sys=0.00, real=0.01 secs] 
515.965: [GC
Desired survivor size 5242880 bytes, new threshold 15 (max 15)
 [PSYoungGen: 810016K->1280K(814080K)] 1828270K->1019598K(1838080K), 0.0102660 secs] [Times: user=0.06 sys=0.00, real=0.01 secs] 
516.290: [GC
Desired survivor size 4718592 bytes, new threshold 15 (max 15)
 [PSYoungGen: 810240K->1696K(814592K)] 1828558K->1020078K(1838592K), 0.0101440 secs] [Times: user=0.06 sys=0.01, real=0.01 secs] 
516.660: [GC
Desired survivor size 4718592 bytes, new threshold 15 (max 15)
 [PSYoungGen: 811168K->1024K(814080K)] 1829550K->1019470K(1838080K), 0.0105930 secs] [Times: user=0.06 sys=0.01, real=0.01 secs] 
516.940: [GC
Desired survivor size 4718592 bytes, new threshold 15 (max 15)
 [PSYoungGen: 810496K->672K(814592K)] 1828942K->1019158K(1838592K), 0.0095300 secs] [Times: user=0.05 sys=0.00, real=0.01 secs] 
517.206: [GC
Desired survivor size 4718592 bytes, new threshold 15 (max 15)
 [PSYoungGen: 810656K->672K(814592K)] 1829142K->1019222K(1838592K), 0.0099770 secs] [Times: user=0.05 sys=0.00, real=0.01 secs] 
517.530: [GC
Desired survivor size 4194304 bytes, new threshold 15 (max 15)
 [PSYoungGen: 810656K->1728K(815104K)] 1829206K->1020326K(1839104K), 0.0356250 secs] [Times: user=0.08 sys=0.00, real=0.03 secs] 
517.841: [GC
Desired survivor size 4718592 bytes, new threshold 15 (max 15)
 [PSYoungGen: 812224K->2976K(814592K)] 1830822K->1021678K(1838592K), 0.0109430 secs] [Times: user=0.07 sys=0.00, real=0.01 secs] 
518.107: [GC
Desired survivor size 5242880 bytes, new threshold 15 (max 15)
 [PSYoungGen: 813472K->4032K(813568K)] 1832174K->1022798K(1837568K), 0.0112320 secs] [Times: user=0.06 sys=0.00, real=0.02 secs] 
518.363: [GC
Desired survivor size 5242880 bytes, new threshold 15 (max 15)
 [PSYoungGen: 812992K->1440K(814080K)] 1831758K->1020270K(1838080K), 0.0105510 secs] [Times: user=0.06 sys=0.00, real=0.01 secs] 
518.627: [GC
Desired survivor size 4718592 bytes, new threshold 15 (max 15)
 [PSYoungGen: 810400K->1824K(814592K)] 1829230K->1020718K(1838592K), 0.0105830 secs] [Times: user=0.06 sys=0.00, real=0.02 secs] 
518.900: [GC
Desired survivor size 4718592 bytes, new threshold 15 (max 15)
 [PSYoungGen: 811296K->2080K(814080K)] 1830190K->1021038K(1838080K), 0.0105270 secs] [Times: user=0.07 sys=0.00, real=0.01 secs] 
519.172: [GC
Desired survivor size 4194304 bytes, new threshold 15 (max 15)
 [PSYoungGen: 811552K->1632K(815104K)] 1830510K->1020646K(1839104K), 0.0106340 secs] [Times: user=0.06 sys=0.00, real=0.01 secs] 
519.436: [GC
Desired survivor size 4194304 bytes, new threshold 15 (max 15)
 [PSYoungGen: 812128K->1312K(814592K)] 1831142K->1020390K(1838592K), 0.0106670 secs] [Times: user=0.07 sys=0.00, real=0.01 secs] 
519.699: [GC
Desired survivor size 4194304 bytes, new threshold 15 (max 15)
 [PSYoungGen: 811808K->2464K(815104K)] 1830886K->1021606K(1839104K), 0.0141240 secs] [Times: user=0.07 sys=0.00, real=0.01 secs] 
519.984: [GC
Desired survivor size 4194304 bytes, new threshold 15 (max 15)
 [PSYoungGen: 813472K->704K(815104K)] 1832614K->1019902K(1839104K), 0.0098900 secs] [Times: user=0.05 sys=0.00, real=0.01 secs] 
520.252: [GC
Desired survivor size 5242880 bytes, new threshold 14 (max 15)
 [PSYoungGen: 811712K->4096K(813056K)] 1830910K->1023478K(1837056K), 0.0120530 secs] [Times: user=0.07 sys=0.01, real=0.01 secs] 
520.512: [GC
Desired survivor size 4718592 bytes, new threshold 15 (max 15)
 [PSYoungGen: 813056K->2112K(814080K)] 1832438K->1021558K(1838080K), 0.0110200 secs] [Times: user=0.06 sys=0.00, real=0.01 secs] 
520.786: [GC
Desired survivor size 4718592 bytes, new threshold 15 (max 15)
 [PSYoungGen: 811072K->2656K(814592K)] 1830518K->1022102K(1838592K), 0.0108930 secs] [Times: user=0.07 sys=0.00, real=0.01 secs] 
521.054: [GC
Desired survivor size 4718592 bytes, new threshold 15 (max 15)
 [PSYoungGen: 812640K->2112K(814592K)] 1832086K->1021622K(1838592K), 0.0107000 secs] [Times: user=0.06 sys=0.00, real=0.01 secs] 
521.314: [GC
Desired survivor size 4718592 bytes, new threshold 15 (max 15)
 [PSYoungGen: 812096K->1312K(814592K)] 1831606K->1020886K(1838592K), 0.0102190 secs] [Times: user=0.06 sys=0.00, real=0.01 secs] 
521.578: [GC
Desired survivor size 4194304 bytes, new threshold 15 (max 15)
 [PSYoungGen: 811296K->1536K(814592K)] 1830870K->1021174K(1838592K), 0.0119350 secs] [Times: user=0.07 sys=0.01, real=0.01 secs] 
521.855: [GC
Desired survivor size 4194304 bytes, new threshold 15 (max 15)
 [PSYoungGen: 811520K->2688K(815104K)] 1831158K->1022390K(1839104K), 0.0109870 secs] [Times: user=0.06 sys=0.00, real=0.01 secs] 
522.123: [GC
Desired survivor size 4718592 bytes, new threshold 15 (max 15)
 [PSYoungGen: 813696K->2784K(814080K)] 1833398K->1022550K(1838080K), 0.0107320 secs] [Times: user=0.06 sys=0.00, real=0.01 secs] 
522.385: [GC
Desired survivor size 4194304 bytes, new threshold 15 (max 15)
 [PSYoungGen: 813792K->2336K(815104K)] 1833558K->1022158K(1839104K), 0.0108930 secs] [Times: user=0.06 sys=0.01, real=0.01 secs] 
522.651: [GC
Desired survivor size 4194304 bytes, new threshold 15 (max 15)
 [PSYoungGen: 812832K->512K(814592K)] 1832654K->1020398K(1838592K), 0.0099460 secs] [Times: user=0.06 sys=0.00, real=0.01 secs] 
522.922: [GC
Desired survivor size 4194304 bytes, new threshold 15 (max 15)
 [PSYoungGen: 811008K->1088K(815104K)] 1830894K->1021038K(1839104K), 0.0106970 secs] [Times: user=0.06 sys=0.00, real=0.01 secs] 
523.184: [GC
Desired survivor size 4194304 bytes, new threshold 15 (max 15)
 [PSYoungGen: 812096K->2560K(815104K)] 1832046K->1022574K(1839104K), 0.0116330 secs] [Times: user=0.07 sys=0.00, real=0.01 secs] 
523.445: [GC
Desired survivor size 4718592 bytes, new threshold 15 (max 15)
 [PSYoungGen: 813568K->3040K(814080K)] 1833582K->1023118K(1838080K), 0.0115210 secs] [Times: user=0.07 sys=0.00, real=0.02 secs] 
523.714: [GC
Desired survivor size 4718592 bytes, new threshold 15 (max 15)
 [PSYoungGen: 813024K->1632K(814592K)] 1833102K->1021774K(1838592K), 0.0174150 secs] [Times: user=0.06 sys=0.00, real=0.02 secs] 
523.996: [GC
Desired survivor size 4194304 bytes, new threshold 15 (max 15)
 [PSYoungGen: 811616K->1952K(815104K)] 1831758K->1022158K(1839104K), 0.0109330 secs] [Times: user=0.06 sys=0.00, real=0.01 secs] 
524.262: [GC
Desired survivor size 4718592 bytes, new threshold 15 (max 15)
 [PSYoungGen: 812448K->3584K(814592K)] 1832654K->1023870K(1838592K), 0.0118780 secs] [Times: user=0.07 sys=0.00, real=0.01 secs] 
524.531: [GC
Desired survivor size 4718592 bytes, new threshold 15 (max 15)
 [PSYoungGen: 814080K->1024K(814592K)] 1834366K->1021374K(1838592K), 0.0098510 secs] [Times: user=0.06 sys=0.00, real=0.01 secs] 
524.810: [GC
Desired survivor size 4718592 bytes, new threshold 15 (max 15)
 [PSYoungGen: 811008K->1664K(814592K)] 1831358K->1022078K(1838592K), 0.0104570 secs] [Times: user=0.06 sys=0.00, real=0.01 secs] 
525.083: [GC
Desired survivor size 4194304 bytes, new threshold 15 (max 15)
 [PSYoungGen: 811648K->1504K(815104K)] 1832062K->1021982K(1839104K), 0.0107380 secs] [Times: user=0.06 sys=0.00, real=0.01 secs] 
525.347: [GC
Desired survivor size 4194304 bytes, new threshold 15 (max 15)
 [PSYoungGen: 812000K->864K(814592K)] 1832478K->1021406K(1838592K), 0.0098390 secs] [Times: user=0.06 sys=0.00, real=0.01 secs] 
525.617: [GC
Desired survivor size 4194304 bytes, new threshold 15 (max 15)
 [PSYoungGen: 811360K->2464K(815104K)] 1831902K->1023070K(1839104K), 0.0112530 secs] [Times: user=0.06 sys=0.00, real=0.02 secs] 
525.884: [GC
Desired survivor size 5242880 bytes, new threshold 14 (max 15)
 [PSYoungGen: 813472K->4096K(815104K)] 1834078K->1025118K(1839104K), 0.0126590 secs] [Times: user=0.06 sys=0.01, real=0.01 secs] 
526.147: [GC
Desired survivor size 4718592 bytes, new threshold 15 (max 15)
 [PSYoungGen: 815104K->1856K(814080K)] 1836126K->1022942K(1838080K), 0.0107620 secs] [Times: user=0.05 sys=0.00, real=0.01 secs] 
526.418: [GC
Desired survivor size 4718592 bytes, new threshold 15 (max 15)
 [PSYoungGen: 811840K->1984K(814592K)] 1832926K->1023070K(1838592K), 0.0108920 secs] [Times: user=0.06 sys=0.00, real=0.01 secs] 
526.683: [GC
Desired survivor size 4718592 bytes, new threshold 15 (max 15)
 [PSYoungGen: 811968K->1664K(814592K)] 1833054K->1022814K(1838592K), 0.0105270 secs] [Times: user=0.06 sys=0.01, real=0.01 secs] 
526.950: [GC
Desired survivor size 4194304 bytes, new threshold 15 (max 15)
 [PSYoungGen: 811648K->1632K(814592K)] 1832798K->1022846K(1838592K), 0.0134300 secs] [Times: user=0.06 sys=0.00, real=0.01 secs] 
527.213: [GC
Desired survivor size 4718592 bytes, new threshold 15 (max 15)
 [PSYoungGen: 811616K->3168K(814080K)] 1832830K->1024446K(1838080K), 0.0115760 secs] [Times: user=0.06 sys=0.00, real=0.01 secs] 
527.478: [GC
Desired survivor size 4718592 bytes, new threshold 15 (max 15)
 [PSYoungGen: 813152K->3232K(814592K)] 1834430K->1024574K(1838592K), 0.0115010 secs] [Times: user=0.06 sys=0.00, real=0.01 secs] 
527.848: [GC
Desired survivor size 4718592 bytes, new threshold 15 (max 15)
 [PSYoungGen: 813216K->2272K(814592K)] 1834558K->1023678K(1838592K), 0.0106310 secs] [Times: user=0.05 sys=0.00, real=0.01 secs] 
528.117: [GC
Desired survivor size 4194304 bytes, new threshold 15 (max 15)
 [PSYoungGen: 812256K->2304K(814592K)] 1833662K->1023774K(1838592K), 0.0109310 secs] [Times: user=0.07 sys=0.00, real=0.02 secs] 
528.381: [GC
Desired survivor size 4194304 bytes, new threshold 15 (max 15)
 [PSYoungGen: 812288K->1888K(815104K)] 1833758K->1023422K(1839104K), 0.0106680 secs] [Times: user=0.06 sys=0.00, real=0.01 secs] 
528.649: [GC
Desired survivor size 4194304 bytes, new threshold 15 (max 15)
 [PSYoungGen: 812896K->2464K(815104K)] 1834430K->1024054K(1839104K), 0.0107760 secs] [Times: user=0.06 sys=0.02, real=0.01 secs] 
528.924: [GC
Desired survivor size 4194304 bytes, new threshold 15 (max 15)
 [PSYoungGen: 813472K->864K(815104K)] 1835062K->1022518K(1839104K), 0.0102450 secs] [Times: user=0.06 sys=0.00, real=0.01 secs] 
529.185: [GC
Desired survivor size 4194304 bytes, new threshold 15 (max 15)
 [PSYoungGen: 811872K->1984K(815104K)] 1833526K->1023702K(1839104K), 0.0104680 secs] [Times: user=0.06 sys=0.01, real=0.01 secs] 
529.452: [GC
Desired survivor size 4194304 bytes, new threshold 15 (max 15)
 [PSYoungGen: 812992K->1568K(815104K)] 1834710K->1023350K(1839104K), 0.0110200 secs] [Times: user=0.06 sys=0.01, real=0.01 secs] 
529.729: [GC
Desired survivor size 4194304 bytes, new threshold 15 (max 15)
 [PSYoungGen: 812576K->3040K(815104K)] 1834358K->1024894K(1839104K), 0.0113650 secs] [Times: user=0.06 sys=0.00, real=0.01 secs] 
530.003: [GC
Desired survivor size 4194304 bytes, new threshold 15 (max 15)
 [PSYoungGen: 814048K->1248K(815104K)] 1835902K->1023238K(1839104K), 0.0113690 secs] [Times: user=0.07 sys=0.01, real=0.01 secs] 
530.267: [GC
Desired survivor size 4194304 bytes, new threshold 15 (max 15)
 [PSYoungGen: 812256K->1472K(815104K)] 1834246K->1023502K(1839104K), 0.0110860 secs] [Times: user=0.05 sys=0.00, real=0.02 secs] 
530.527: [GC
Desired survivor size 4194304 bytes, new threshold 15 (max 15)
 [PSYoungGen: 812480K->2592K(815104K)] 1834510K->1024686K(1839104K), 0.0113770 secs] [Times: user=0.06 sys=0.00, real=0.02 secs] 
530.804: [GC
Desired survivor size 4194304 bytes, new threshold 15 (max 15)
 [PSYoungGen: 813600K->2336K(815104K)] 1835694K->1024494K(1839104K), 0.0114290 secs] [Times: user=0.06 sys=0.00, real=0.01 secs] 
531.072: [GC
Desired survivor size 4194304 bytes, new threshold 15 (max 15)
 [PSYoungGen: 813344K->1408K(815104K)] 1835502K->1023630K(1839104K), 0.0118570 secs] [Times: user=0.06 sys=0.00, real=0.01 secs] 
531.334: [GC
Desired survivor size 4194304 bytes, new threshold 15 (max 15)
 [PSYoungGen: 812416K->2144K(815104K)] 1834638K->1024430K(1839104K), 0.0107560 secs] [Times: user=0.06 sys=0.00, real=0.01 secs] 
531.599: [GC
Desired survivor size 4194304 bytes, new threshold 15 (max 15)
 [PSYoungGen: 813152K->2656K(815104K)] 1835438K->1025014K(1839104K), 0.0107890 secs] [Times: user=0.06 sys=0.00, real=0.01 secs] 
531.880: [GC
Desired survivor size 4194304 bytes, new threshold 15 (max 15)
 [PSYoungGen: 813664K->1088K(815104K)] 1836022K->1023510K(1839104K), 0.0104990 secs] [Times: user=0.06 sys=0.00, real=0.01 secs] 
532.146: [GC
Desired survivor size 4194304 bytes, new threshold 15 (max 15)
 [PSYoungGen: 812096K->3264K(815104K)] 1834518K->1025750K(1839104K), 0.0111110 secs] [Times: user=0.06 sys=0.00, real=0.01 secs] 
532.407: [GC
Desired survivor size 4194304 bytes, new threshold 15 (max 15)
 [PSYoungGen: 814272K->2016K(815104K)] 1836758K->1024566K(1839104K), 0.0103480 secs] [Times: user=0.05 sys=0.00, real=0.01 secs] 
532.670: [GC
Desired survivor size 4194304 bytes, new threshold 15 (max 15)
 [PSYoungGen: 813024K->2688K(815104K)] 1835574K->1025302K(1839104K), 0.0109030 secs] [Times: user=0.07 sys=0.00, real=0.01 secs] 
532.940: [GC
Desired survivor size 4194304 bytes, new threshold 15 (max 15)
 [PSYoungGen: 813696K->2080K(815104K)] 1836310K->1024758K(1839104K), 0.0103530 secs] [Times: user=0.07 sys=0.00, real=0.01 secs] 
533.211: [GC
Desired survivor size 4194304 bytes, new threshold 15 (max 15)
 [PSYoungGen: 813088K->2496K(815104K)] 1835766K->1025238K(1839104K), 0.0105560 secs] [Times: user=0.07 sys=0.00, real=0.01 secs] 
533.481: [GC
Desired survivor size 3670016 bytes, new threshold 15 (max 15)
 [PSYoungGen: 813504K->2176K(815104K)] 1836246K->1024966K(1839104K), 0.0108590 secs] [Times: user=0.06 sys=0.01, real=0.01 secs] 
533.754: [GC
Desired survivor size 3670016 bytes, new threshold 15 (max 15)
 [PSYoungGen: 813184K->1888K(815616K)] 1835974K->1024734K(1839616K), 0.0104610 secs] [Times: user=0.06 sys=0.00, real=0.01 secs] 
534.054: [GC
Desired survivor size 3670016 bytes, new threshold 15 (max 15)
 [PSYoungGen: 813920K->2560K(815616K)] 1836766K->1025462K(1839616K), 0.0105460 secs] [Times: user=0.06 sys=0.01, real=0.01 secs] 
534.320: [GC
Desired survivor size 3670016 bytes, new threshold 15 (max 15)
 [PSYoungGen: 814592K->1376K(815616K)] 1837494K->1024342K(1839616K), 0.0104680 secs] [Times: user=0.06 sys=0.00, real=0.01 secs] 
534.591: [GC
Desired survivor size 3670016 bytes, new threshold 15 (max 15)
 [PSYoungGen: 813408K->2432K(815616K)] 1836374K->1025462K(1839616K), 0.0115720 secs] [Times: user=0.07 sys=0.00, real=0.01 secs] 
534.860: [GC
Desired survivor size 3670016 bytes, new threshold 15 (max 15)
 [PSYoungGen: 814464K->2400K(815616K)] 1837494K->1025486K(1839616K), 0.0114150 secs] [Times: user=0.06 sys=0.00, real=0.01 secs] 
535.125: [GC
Desired survivor size 4194304 bytes, new threshold 15 (max 15)
 [PSYoungGen: 814432K->2976K(815104K)] 1837518K->1026126K(1839104K), 0.0110430 secs] [Times: user=0.07 sys=0.00, real=0.01 secs] 
535.392: [GC
Desired survivor size 3670016 bytes, new threshold 15 (max 15)
 [PSYoungGen: 815008K->2336K(815616K)] 1838158K->1025550K(1839616K), 0.0110830 secs] [Times: user=0.06 sys=0.00, real=0.01 secs] 
535.654: [GC
Desired survivor size 3670016 bytes, new threshold 15 (max 15)
 [PSYoungGen: 813856K->1024K(815104K)] 1837070K->1024294K(1839104K), 0.0105710 secs] [Times: user=0.06 sys=0.00, real=0.01 secs] 
536.187: [GC
Desired survivor size 3670016 bytes, new threshold 15 (max 15)
 [PSYoungGen: 812544K->1792K(815616K)] 1835814K->1025126K(1839616K), 0.0123300 secs] [Times: user=0.07 sys=0.00, real=0.02 secs] 
536.512: [GC
Desired survivor size 4194304 bytes, new threshold 15 (max 15)
 [PSYoungGen: 813824K->3008K(815104K)] 1837158K->1026406K(1839104K), 0.0114510 secs] [Times: user=0.07 sys=0.00, real=0.01 secs] 
536.785: [GC
Desired survivor size 4194304 bytes, new threshold 15 (max 15)
 [PSYoungGen: 815040K->2336K(815104K)] 1838438K->1025798K(1839104K), 0.0108250 secs] [Times: user=0.07 sys=0.00, real=0.01 secs] 
537.059: [GC
Desired survivor size 3670016 bytes, new threshold 15 (max 15)
 [PSYoungGen: 813344K->2304K(815104K)] 1836806K->1025830K(1839104K), 0.0105420 secs] [Times: user=0.06 sys=0.00, real=0.02 secs] 
537.317: [GC
Desired survivor size 4194304 bytes, new threshold 15 (max 15)
 [PSYoungGen: 813312K->3104K(814592K)] 1836838K->1026694K(1838592K), 0.0106840 secs] [Times: user=0.06 sys=0.01, real=0.01 secs] 
537.589: [GC
Desired survivor size 4194304 bytes, new threshold 15 (max 15)
 [PSYoungGen: 814112K->1920K(815104K)] 1837702K->1025574K(1839104K), 0.0108000 secs] [Times: user=0.07 sys=0.00, real=0.02 secs] 
537.861: [GC
Desired survivor size 4194304 bytes, new threshold 15 (max 15)
 [PSYoungGen: 812928K->2848K(815104K)] 1836582K->1026566K(1839104K), 0.0111680 secs] [Times: user=0.07 sys=0.00, real=0.01 secs] 
538.129: [GC
Desired survivor size 4194304 bytes, new threshold 15 (max 15)
 [PSYoungGen: 813856K->928K(815104K)] 1837574K->1024710K(1839104K), 0.0099680 secs] [Times: user=0.06 sys=0.00, real=0.01 secs] 
538.392: [GC
Desired survivor size 4194304 bytes, new threshold 15 (max 15)
 [PSYoungGen: 811936K->1792K(815104K)] 1835718K->1025638K(1839104K), 0.0105650 secs] [Times: user=0.06 sys=0.00, real=0.01 secs] 
538.647: [GC
Desired survivor size 4194304 bytes, new threshold 15 (max 15)
 [PSYoungGen: 812800K->1856K(815104K)] 1836646K->1025766K(1839104K), 0.0108060 secs] [Times: user=0.07 sys=0.00, real=0.01 secs] 
538.916: [GC
Desired survivor size 4194304 bytes, new threshold 15 (max 15)
 [PSYoungGen: 812864K->3296K(815104K)] 1836774K->1027262K(1839104K), 0.0114420 secs] [Times: user=0.06 sys=0.00, real=0.01 secs] 
538.928: [Full GC [PSYoungGen: 3296K->0K(815104K)] [ParOldGen: 1023966K->972103K(1024000K)] 1027262K->972103K(1839104K) [PSPermGen: 48038K->48037K(524288K)], 1.2692070 secs] [Times: user=9.15 sys=0.02, real=1.27 secs] 
540.462: [GC
Desired survivor size 4718592 bytes, new threshold 15 (max 15)
 [PSYoungGen: 811008K->3584K(814592K)] 1783111K->975687K(1838592K), 0.0104530 secs] [Times: user=0.06 sys=0.00, real=0.01 secs] 
540.742: [GC
Desired survivor size 4194304 bytes, new threshold 15 (max 15)
 [PSYoungGen: 814592K->2144K(815104K)] 1786695K->974247K(1839104K), 0.0097850 secs] [Times: user=0.05 sys=0.00, real=0.01 secs] 
541.014: [GC
Desired survivor size 4194304 bytes, new threshold 15 (max 15)
 [PSYoungGen: 812640K->2304K(814592K)] 1784743K->974407K(1838592K), 0.0100110 secs] [Times: user=0.06 sys=0.00, real=0.01 secs] 
541.275: [GC
Desired survivor size 4194304 bytes, new threshold 15 (max 15)
 [PSYoungGen: 812800K->2656K(815104K)] 1784903K->974759K(1839104K), 0.0099020 secs] [Times: user=0.06 sys=0.00, real=0.01 secs] 
541.539: [GC
Desired survivor size 4194304 bytes, new threshold 15 (max 15)
 [PSYoungGen: 813664K->3040K(815104K)] 1785767K->975143K(1839104K), 0.0101910 secs] [Times: user=0.06 sys=0.00, real=0.01 secs] 
541.823: [GC
Desired survivor size 4194304 bytes, new threshold 15 (max 15)
 [PSYoungGen: 814048K->2912K(815104K)] 1786151K->975015K(1839104K), 0.0098510 secs] [Times: user=0.06 sys=0.00, real=0.01 secs] 
542.094: [GC
Desired survivor size 4194304 bytes, new threshold 15 (max 15)
 [PSYoungGen: 813920K->2048K(815104K)] 1786023K->974151K(1839104K), 0.0105750 secs] [Times: user=0.06 sys=0.00, real=0.01 secs] 
542.356: [GC
Desired survivor size 4194304 bytes, new threshold 15 (max 15)
 [PSYoungGen: 813056K->3264K(815104K)] 1785159K->975367K(1839104K), 0.0106030 secs] [Times: user=0.06 sys=0.00, real=0.01 secs] 
542.623: [GC
Desired survivor size 4194304 bytes, new threshold 15 (max 15)
 [PSYoungGen: 814272K->2944K(815104K)] 1786375K->975047K(1839104K), 0.0105640 secs] [Times: user=0.05 sys=0.00, real=0.01 secs] 
542.895: [GC
Desired survivor size 4718592 bytes, new threshold 15 (max 15)
 [PSYoungGen: 813952K->3296K(814080K)] 1786055K->975399K(1838080K), 0.0111310 secs] [Times: user=0.07 sys=0.00, real=0.01 secs] 
543.169: [GC
Desired survivor size 4194304 bytes, new threshold 15 (max 15)
 [PSYoungGen: 813280K->2592K(814592K)] 1785383K->974695K(1838592K), 0.0099640 secs] [Times: user=0.07 sys=0.00, real=0.01 secs] 
543.429: [GC
Desired survivor size 4194304 bytes, new threshold 15 (max 15)
 [PSYoungGen: 812576K->2400K(815104K)] 1784679K->974503K(1839104K), 0.0100050 secs] [Times: user=0.06 sys=0.00, real=0.01 secs] 
543.690: [GC
Desired survivor size 4194304 bytes, new threshold 15 (max 15)
 [PSYoungGen: 813408K->2688K(815104K)] 1785511K->974791K(1839104K), 0.0101910 secs] [Times: user=0.06 sys=0.00, real=0.02 secs] 
543.976: [GC
Desired survivor size 4194304 bytes, new threshold 15 (max 15)
 [PSYoungGen: 813696K->3520K(815104K)] 1785799K->975623K(1839104K), 0.0120530 secs] [Times: user=0.07 sys=0.00, real=0.01 secs] 
544.460: [GC
Desired survivor size 4718592 bytes, new threshold 15 (max 15)
 [PSYoungGen: 814528K->3648K(815104K)] 1786631K->975751K(1839104K), 0.0105620 secs] [Times: user=0.07 sys=0.01, real=0.02 secs] 
544.735: [GC
Desired survivor size 4718592 bytes, new threshold 15 (max 15)
 [PSYoungGen: 814656K->2432K(814080K)] 1786759K->975887K(1838080K), 0.0114980 secs] [Times: user=0.07 sys=0.00, real=0.01 secs] 
545.000: [GC
Desired survivor size 4194304 bytes, new threshold 15 (max 15)
 [PSYoungGen: 812416K->2592K(814592K)] 1785871K->976119K(1838592K), 0.0103700 secs] [Times: user=0.07 sys=0.01, real=0.01 secs] 
545.264: [GC
Desired survivor size 4718592 bytes, new threshold 15 (max 15)
 [PSYoungGen: 812576K->832K(814080K)] 1786103K->974423K(1838080K), 0.0093290 secs] [Times: user=0.05 sys=0.00, real=0.01 secs] 
545.523: [GC
Desired survivor size 4718592 bytes, new threshold 15 (max 15)
 [PSYoungGen: 810816K->864K(814592K)] 1784407K->974519K(1838592K), 0.0092760 secs] [Times: user=0.06 sys=0.00, real=0.01 secs] 
545.795: [GC
Desired survivor size 4718592 bytes, new threshold 15 (max 15)
 [PSYoungGen: 810848K->1120K(814592K)] 1784503K->974839K(1838592K), 0.0100790 secs] [Times: user=0.06 sys=0.00, real=0.01 secs] 
546.055: [GC
Desired survivor size 4718592 bytes, new threshold 15 (max 15)
 [PSYoungGen: 811104K->1280K(814592K)] 1784823K->975063K(1838592K), 0.0099410 secs] [Times: user=0.05 sys=0.00, real=0.01 secs] 
546.321: [GC
Desired survivor size 4718592 bytes, new threshold 15 (max 15)
 [PSYoungGen: 811264K->2816K(814592K)] 1785047K->976663K(1838592K), 0.0105070 secs] [Times: user=0.06 sys=0.00, real=0.01 secs] 
546.593: [GC
Desired survivor size 4718592 bytes, new threshold 15 (max 15)
 [PSYoungGen: 812800K->672K(814592K)] 1786647K->974583K(1838592K), 0.0095470 secs] [Times: user=0.06 sys=0.00, real=0.01 secs] 
546.876: [GC
Desired survivor size 4718592 bytes, new threshold 15 (max 15)
 [PSYoungGen: 810656K->928K(814592K)] 1784567K->974903K(1838592K), 0.0093900 secs] [Times: user=0.06 sys=0.00, real=0.01 secs] 
547.136: [GC
Desired survivor size 5767168 bytes, new threshold 14 (max 15)
 [PSYoungGen: 810912K->4608K(814592K)] 1784887K->978799K(1838592K), 0.0125080 secs] [Times: user=0.07 sys=0.00, real=0.01 secs] 
547.400: [GC
Desired survivor size 5242880 bytes, new threshold 15 (max 15)
 [PSYoungGen: 814592K->1600K(813568K)] 1788783K->975855K(1837568K), 0.0097720 secs] [Times: user=0.05 sys=0.01, real=0.01 secs] 
547.660: [GC
Desired survivor size 5242880 bytes, new threshold 15 (max 15)
 [PSYoungGen: 810560K->2336K(814080K)] 1784815K->976591K(1838080K), 0.0104020 secs] [Times: user=0.06 sys=0.00, real=0.01 secs] 
547.931: [GC
Desired survivor size 4718592 bytes, new threshold 15 (max 15)
 [PSYoungGen: 811296K->1920K(814592K)] 1785551K->976239K(1838592K), 0.0098270 secs] [Times: user=0.06 sys=0.00, real=0.01 secs] 
548.196: [GC
Desired survivor size 4718592 bytes, new threshold 15 (max 15)
 [PSYoungGen: 811392K->2048K(814080K)] 1785711K->976431K(1838080K), 0.0102470 secs] [Times: user=0.05 sys=0.00, real=0.01 secs] 
548.460: [GC
Desired survivor size 4718592 bytes, new threshold 15 (max 15)
 [PSYoungGen: 811520K->2112K(814592K)] 1785903K->976551K(1838592K), 0.0101210 secs] [Times: user=0.07 sys=0.00, real=0.01 secs] 
548.736: [GC
Desired survivor size 5242880 bytes, new threshold 15 (max 15)
 [PSYoungGen: 812096K->4256K(814592K)] 1786535K->978759K(1838592K), 0.0111560 secs] [Times: user=0.06 sys=0.00, real=0.01 secs] 
549.006: [GC
Desired survivor size 5242880 bytes, new threshold 15 (max 15)
 [PSYoungGen: 814240K->1248K(813568K)] 1788743K->975815K(1837568K), 0.0106420 secs] [Times: user=0.06 sys=0.00, real=0.01 secs] 
549.272: [GC
Desired survivor size 4718592 bytes, new threshold 15 (max 15)
 [PSYoungGen: 810208K->2176K(814080K)] 1784775K->976799K(1838080K), 0.0106960 secs] [Times: user=0.05 sys=0.00, real=0.01 secs] 
549.533: [GC
Desired survivor size 4718592 bytes, new threshold 15 (max 15)
 [PSYoungGen: 811136K->1152K(814592K)] 1785759K->975831K(1838592K), 0.0100220 secs] [Times: user=0.05 sys=0.00, real=0.01 secs] 
549.805: [GC
Desired survivor size 4718592 bytes, new threshold 15 (max 15)
 [PSYoungGen: 811136K->1120K(814592K)] 1785815K->975863K(1838592K), 0.0098470 secs] [Times: user=0.06 sys=0.00, real=0.01 secs] 
550.074: [GC
Desired survivor size 4718592 bytes, new threshold 15 (max 15)
 [PSYoungGen: 811104K->1408K(814592K)] 1785847K->976215K(1838592K), 0.0108960 secs] [Times: user=0.06 sys=0.00, real=0.01 secs] 
550.342: [GC
Desired survivor size 4718592 bytes, new threshold 15 (max 15)
 [PSYoungGen: 811392K->1376K(814592K)] 1786199K->976247K(1838592K), 0.0102690 secs] [Times: user=0.06 sys=0.00, real=0.01 secs] 
550.610: [GC
Desired survivor size 4194304 bytes, new threshold 15 (max 15)
 [PSYoungGen: 811360K->2112K(815104K)] 1786231K->977047K(1839104K), 0.0104890 secs] [Times: user=0.07 sys=0.00, real=0.01 secs] 
550.874: [GC
Desired survivor size 4718592 bytes, new threshold 15 (max 15)
 [PSYoungGen: 812608K->2912K(814592K)] 1787543K->977911K(1838592K), 0.0108560 secs] [Times: user=0.06 sys=0.00, real=0.01 secs] 
551.142: [GC
Desired survivor size 4194304 bytes, new threshold 15 (max 15)
 [PSYoungGen: 813408K->1472K(815104K)] 1788407K->976711K(1839104K), 0.0101320 secs] [Times: user=0.07 sys=0.00, real=0.01 secs] 
551.402: [GC
Desired survivor size 4194304 bytes, new threshold 15 (max 15)
 [PSYoungGen: 811968K->2176K(814592K)] 1787207K->977471K(1838592K), 0.0101960 secs] [Times: user=0.06 sys=0.00, real=0.01 secs] 
551.669: [GC
Desired survivor size 4194304 bytes, new threshold 15 (max 15)
 [PSYoungGen: 812672K->1568K(815104K)] 1787967K->976927K(1839104K), 0.0104930 secs] [Times: user=0.04 sys=0.00, real=0.01 secs] 
551.952: [GC
Desired survivor size 4194304 bytes, new threshold 15 (max 15)
 [PSYoungGen: 812576K->1472K(815104K)] 1787935K->976879K(1839104K), 0.0125760 secs] [Times: user=0.06 sys=0.00, real=0.01 secs] 
552.217: [GC
Desired survivor size 4194304 bytes, new threshold 15 (max 15)
 [PSYoungGen: 812480K->416K(815104K)] 1787887K->975887K(1839104K), 0.0095860 secs] [Times: user=0.04 sys=0.00, real=0.01 secs] 
552.475: [GC
Desired survivor size 4194304 bytes, new threshold 15 (max 15)
 [PSYoungGen: 811424K->1472K(815104K)] 1786895K->977007K(1839104K), 0.0100880 secs] [Times: user=0.07 sys=0.00, real=0.01 secs] 
552.749: [GC
Desired survivor size 4194304 bytes, new threshold 15 (max 15)
 [PSYoungGen: 812480K->2400K(815104K)] 1788015K->977999K(1839104K), 0.0103760 secs] [Times: user=0.06 sys=0.00, real=0.01 secs] 
553.019: [GC
Desired survivor size 4194304 bytes, new threshold 15 (max 15)
 [PSYoungGen: 813408K->2240K(815104K)] 1789007K->977895K(1839104K), 0.0103000 secs] [Times: user=0.06 sys=0.00, real=0.01 secs] 
553.277: [GC
Desired survivor size 4194304 bytes, new threshold 15 (max 15)
 [PSYoungGen: 813248K->2304K(815104K)] 1788903K->978023K(1839104K), 0.0106280 secs] [Times: user=0.06 sys=0.00, real=0.01 secs] 
553.536: [GC
Desired survivor size 3670016 bytes, new threshold 15 (max 15)
 [PSYoungGen: 813312K->1280K(815104K)] 1789031K->977055K(1839104K), 0.0095170 secs] [Times: user=0.05 sys=0.00, real=0.01 secs] 
553.809: [GC
Desired survivor size 3670016 bytes, new threshold 15 (max 15)
 [PSYoungGen: 812288K->1312K(815616K)] 1788063K->977151K(1839616K), 0.0098320 secs] [Times: user=0.05 sys=0.00, real=0.01 secs] 
554.112: [GC
Desired survivor size 3670016 bytes, new threshold 15 (max 15)
 [PSYoungGen: 813344K->1408K(815616K)] 1789183K->977311K(1839616K), 0.0098210 secs] [Times: user=0.05 sys=0.00, real=0.01 secs] 
554.372: [GC
Desired survivor size 3670016 bytes, new threshold 15 (max 15)
 [PSYoungGen: 813440K->640K(815616K)] 1789343K->976607K(1839616K), 0.0097400 secs] [Times: user=0.06 sys=0.01, real=0.01 secs] 
554.648: [GC
Desired survivor size 3670016 bytes, new threshold 15 (max 15)
 [PSYoungGen: 812672K->1792K(815616K)] 1788639K->977815K(1839616K), 0.0105940 secs] [Times: user=0.06 sys=0.00, real=0.01 secs] 
554.928: [GC
Desired survivor size 3670016 bytes, new threshold 15 (max 15)
 [PSYoungGen: 813824K->1568K(815616K)] 1789847K->977655K(1839616K), 0.0102440 secs] [Times: user=0.06 sys=0.00, real=0.01 secs] 
555.196: [GC
Desired survivor size 3670016 bytes, new threshold 15 (max 15)
 [PSYoungGen: 813600K->1984K(815616K)] 1789687K->978135K(1839616K), 0.0104920 secs] [Times: user=0.06 sys=0.01, real=0.01 secs] 
555.463: [GC
Desired survivor size 3145728 bytes, new threshold 15 (max 15)
 [PSYoungGen: 814016K->1888K(816128K)] 1790167K->978095K(1840128K), 0.0106750 secs] [Times: user=0.07 sys=0.00, real=0.01 secs] 
555.735: [GC
Desired survivor size 3670016 bytes, new threshold 15 (max 15)
 [PSYoungGen: 814432K->2880K(815616K)] 1790639K->979151K(1839616K), 0.0113990 secs] [Times: user=0.07 sys=0.00, real=0.01 secs] 
556.001: [GC
Desired survivor size 3670016 bytes, new threshold 15 (max 15)
 [PSYoungGen: 815424K->704K(815616K)] 1791695K->977039K(1839616K), 0.0099330 secs] [Times: user=0.05 sys=0.00, real=0.01 secs] 
556.274: [GC
Desired survivor size 3670016 bytes, new threshold 15 (max 15)
 [PSYoungGen: 812736K->1952K(815616K)] 1789071K->978343K(1839616K), 0.0106530 secs] [Times: user=0.06 sys=0.00, real=0.01 secs] 
556.537: [GC
Desired survivor size 3670016 bytes, new threshold 15 (max 15)
 [PSYoungGen: 813984K->2560K(815616K)] 1790375K->979015K(1839616K), 0.0111330 secs] [Times: user=0.06 sys=0.00, real=0.01 secs] 
556.818: [GC
Desired survivor size 3670016 bytes, new threshold 15 (max 15)
 [PSYoungGen: 814592K->1568K(815616K)] 1791047K->978087K(1839616K), 0.0102910 secs] [Times: user=0.05 sys=0.00, real=0.01 secs] 
557.089: [GC
Desired survivor size 3670016 bytes, new threshold 15 (max 15)
 [PSYoungGen: 813600K->1600K(815616K)] 1790119K->978183K(1839616K), 0.0100300 secs] [Times: user=0.05 sys=0.00, real=0.01 secs] 
557.349: [GC
Desired survivor size 3670016 bytes, new threshold 15 (max 15)
 [PSYoungGen: 813632K->2560K(815616K)] 1790215K->979207K(1839616K), 0.0103010 secs] [Times: user=0.05 sys=0.00, real=0.01 secs] 
557.609: [GC
Desired survivor size 3670016 bytes, new threshold 15 (max 15)
 [PSYoungGen: 814592K->1248K(815616K)] 1791239K->977959K(1839616K), 0.0101470 secs] [Times: user=0.06 sys=0.00, real=0.01 secs] 
557.880: [GC
Desired survivor size 4194304 bytes, new threshold 15 (max 15)
 [PSYoungGen: 813280K->3456K(815616K)] 1789991K->980231K(1839616K), 0.0109220 secs] [Times: user=0.06 sys=0.00, real=0.01 secs] 
558.153: [GC
Desired survivor size 4194304 bytes, new threshold 15 (max 15)
 [PSYoungGen: 815488K->1792K(814592K)] 1792263K->978623K(1838592K), 0.0101830 secs] [Times: user=0.06 sys=0.00, real=0.01 secs] 
558.413: [GC
Desired survivor size 3670016 bytes, new threshold 15 (max 15)
 [PSYoungGen: 812800K->2016K(815104K)] 1789631K->978911K(1839104K), 0.0103930 secs] [Times: user=0.05 sys=0.00, real=0.01 secs] 
558.683: [GC
Desired survivor size 3670016 bytes, new threshold 15 (max 15)
 [PSYoungGen: 813024K->1728K(815616K)] 1789919K->978687K(1839616K), 0.0099360 secs] [Times: user=0.05 sys=0.00, real=0.01 secs] 
558.967: [GC
Desired survivor size 3670016 bytes, new threshold 15 (max 15)
 [PSYoungGen: 813760K->1792K(815616K)] 1790719K->978815K(1839616K), 0.0100940 secs] [Times: user=0.05 sys=0.00, real=0.01 secs] 
559.231: [GC
Desired survivor size 3670016 bytes, new threshold 15 (max 15)
 [PSYoungGen: 813824K->672K(815616K)] 1790847K->977759K(1839616K), 0.0092490 secs] [Times: user=0.05 sys=0.00, real=0.01 secs] 
559.498: [GC
Desired survivor size 4194304 bytes, new threshold 15 (max 15)
 [PSYoungGen: 812704K->3360K(815616K)] 1789791K->980511K(1839616K), 0.0109880 secs] [Times: user=0.07 sys=0.00, real=0.01 secs] 
559.768: [GC
Desired survivor size 4194304 bytes, new threshold 15 (max 15)
 [PSYoungGen: 815392K->1696K(814592K)] 1792543K->978903K(1838592K), 0.0101350 secs] [Times: user=0.06 sys=0.00, real=0.01 secs] 
560.035: [GC
Desired survivor size 3670016 bytes, new threshold 15 (max 15)
 [PSYoungGen: 812704K->1472K(815104K)] 1789911K->978743K(1839104K), 0.0101290 secs] [Times: user=0.05 sys=0.00, real=0.01 secs] 
560.295: [GC
Desired survivor size 3670016 bytes, new threshold 15 (max 15)
 [PSYoungGen: 812480K->1664K(815616K)] 1789751K->978999K(1839616K), 0.0098570 secs] [Times: user=0.05 sys=0.00, real=0.01 secs] 
560.552: [GC
Desired survivor size 3670016 bytes, new threshold 15 (max 15)
 [PSYoungGen: 813696K->2272K(815616K)] 1791031K->979671K(1839616K), 0.0104390 secs] [Times: user=0.06 sys=0.00, real=0.02 secs] 
560.825: [GC
Desired survivor size 3670016 bytes, new threshold 15 (max 15)
 [PSYoungGen: 814304K->2208K(815616K)] 1791703K->979671K(1839616K), 0.0103200 secs] [Times: user=0.06 sys=0.00, real=0.01 secs] 
561.098: [GC
Desired survivor size 3670016 bytes, new threshold 15 (max 15)
 [PSYoungGen: 814240K->2272K(815616K)] 1791703K->979775K(1839616K), 0.0103510 secs] [Times: user=0.06 sys=0.00, real=0.01 secs] 
561.355: [GC
Desired survivor size 4194304 bytes, new threshold 14 (max 15)
 [PSYoungGen: 814304K->3584K(814592K)] 1791807K->981295K(1838592K), 0.0115740 secs] [Times: user=0.07 sys=0.01, real=0.01 secs] 
561.622: [GC
Desired survivor size 4194304 bytes, new threshold 15 (max 15)
 [PSYoungGen: 814592K->1728K(815104K)] 1792303K->979487K(1839104K), 0.0100040 secs] [Times: user=0.04 sys=0.00, real=0.01 secs] 
561.896: [GC
Desired survivor size 4194304 bytes, new threshold 15 (max 15)
 [PSYoungGen: 812736K->1888K(815104K)] 1790495K->979647K(1839104K), 0.0099690 secs] [Times: user=0.06 sys=0.00, real=0.01 secs] 
562.165: [GC
Desired survivor size 4194304 bytes, new threshold 15 (max 15)
 [PSYoungGen: 812896K->2496K(815104K)] 1790655K->980319K(1839104K), 0.0101880 secs] [Times: user=0.06 sys=0.00, real=0.01 secs] 
562.430: [GC
Desired survivor size 3670016 bytes, new threshold 15 (max 15)
 [PSYoungGen: 813504K->1952K(815616K)] 1791327K->979839K(1839616K), 0.0104900 secs] [Times: user=0.06 sys=0.00, real=0.01 secs] 
562.691: [GC
Desired survivor size 3670016 bytes, new threshold 15 (max 15)
 [PSYoungGen: 813472K->1824K(815104K)] 1791359K->979767K(1839104K), 0.0099270 secs] [Times: user=0.06 sys=0.00, real=0.01 secs] 
562.967: [GC
Desired survivor size 3670016 bytes, new threshold 15 (max 15)
 [PSYoungGen: 813344K->2624K(815616K)] 1791287K->980631K(1839616K), 0.0102990 secs] [Times: user=0.06 sys=0.00, real=0.01 secs] 
563.228: [GC
Desired survivor size 3670016 bytes, new threshold 15 (max 15)
 [PSYoungGen: 814656K->2208K(815616K)] 1792663K->980271K(1839616K), 0.0104160 secs] [Times: user=0.05 sys=0.01, real=0.01 secs] 
563.493: [GC
Desired survivor size 3670016 bytes, new threshold 15 (max 15)
 [PSYoungGen: 814240K->2432K(815616K)] 1792303K->980551K(1839616K), 0.0104810 secs] [Times: user=0.06 sys=0.00, real=0.01 secs] 
563.761: [GC
Desired survivor size 4194304 bytes, new threshold 14 (max 15)
 [PSYoungGen: 814464K->3584K(815616K)] 1792583K->981871K(1839616K), 0.0109840 secs] [Times: user=0.07 sys=0.00, real=0.01 secs] 
564.038: [GC
Desired survivor size 4194304 bytes, new threshold 15 (max 15)
 [PSYoungGen: 815616K->1056K(814592K)] 1793903K->979407K(1838592K), 0.0095750 secs] [Times: user=0.06 sys=0.00, real=0.01 secs] 
564.308: [GC
Desired survivor size 4194304 bytes, new threshold 15 (max 15)
 [PSYoungGen: 812064K->2048K(815104K)] 1790415K->980399K(1839104K), 0.0100390 secs] [Times: user=0.06 sys=0.00, real=0.01 secs] 
564.567: [GC
Desired survivor size 4194304 bytes, new threshold 15 (max 15)
 [PSYoungGen: 813056K->1632K(815104K)] 1791407K->980047K(1839104K), 0.0100390 secs] [Times: user=0.06 sys=0.00, real=0.01 secs] 
564.840: [GC
Desired survivor size 4194304 bytes, new threshold 15 (max 15)
 [PSYoungGen: 812640K->1248K(815104K)] 1791055K->979719K(1839104K), 0.0099830 secs] [Times: user=0.05 sys=0.00, real=0.01 secs] 
565.108: [GC
Desired survivor size 4718592 bytes, new threshold 14 (max 15)
 [PSYoungGen: 812256K->4096K(814080K)] 1790727K->982655K(1838080K), 0.0120010 secs] [Times: user=0.07 sys=0.00, real=0.01 secs] 
565.379: [GC
Desired survivor size 4718592 bytes, new threshold 15 (max 15)
 [PSYoungGen: 814080K->800K(814592K)] 1792639K->979439K(1838592K), 0.0096240 secs] [Times: user=0.05 sys=0.00, real=0.01 secs] 
565.648: [GC
Desired survivor size 4718592 bytes, new threshold 15 (max 15)
 [PSYoungGen: 810784K->1280K(814592K)] 1789423K->979919K(1838592K), 0.0092950 secs] [Times: user=0.06 sys=0.00, real=0.01 secs] 
565.917: [GC
Desired survivor size 4718592 bytes, new threshold 15 (max 15)
 [PSYoungGen: 811264K->2464K(814592K)] 1789903K->981159K(1838592K), 0.0100000 secs] [Times: user=0.06 sys=0.00, real=0.01 secs] 
566.186: [GC
Desired survivor size 4194304 bytes, new threshold 15 (max 15)
 [PSYoungGen: 812448K->1824K(815104K)] 1791143K->980583K(1839104K), 0.0105490 secs] [Times: user=0.06 sys=0.00, real=0.01 secs] 
566.455: [GC
Desired survivor size 4194304 bytes, new threshold 15 (max 15)
 [PSYoungGen: 812320K->2016K(814592K)] 1791079K->980815K(1838592K), 0.0102060 secs] [Times: user=0.05 sys=0.01, real=0.01 secs] 
566.728: [GC
Desired survivor size 4194304 bytes, new threshold 15 (max 15)
 [PSYoungGen: 812512K->896K(815104K)] 1791311K->979743K(1839104K), 0.0093690 secs] [Times: user=0.05 sys=0.00, real=0.01 secs] 
566.996: [GC
Desired survivor size 4194304 bytes, new threshold 15 (max 15)
 [PSYoungGen: 811904K->1568K(815104K)] 1790751K->980471K(1839104K), 0.0101100 secs] [Times: user=0.05 sys=0.00, real=0.01 secs] 
567.258: [GC
Desired survivor size 4194304 bytes, new threshold 15 (max 15)
 [PSYoungGen: 812576K->2880K(815104K)] 1791479K->981831K(1839104K), 0.0105640 secs] [Times: user=0.06 sys=0.00, real=0.01 secs] 
567.517: [GC
Desired survivor size 4194304 bytes, new threshold 15 (max 15)
 [PSYoungGen: 813888K->1952K(815104K)] 1792839K->980959K(1839104K), 0.0104040 secs] [Times: user=0.06 sys=0.00, real=0.01 secs] 
567.795: [GC
Desired survivor size 3670016 bytes, new threshold 15 (max 15)
 [PSYoungGen: 812960K->1984K(815616K)] 1791967K->981079K(1839616K), 0.0105840 secs] [Times: user=0.06 sys=0.00, real=0.01 secs] 
568.058: [GC
Desired survivor size 3670016 bytes, new threshold 15 (max 15)
 [PSYoungGen: 813504K->1056K(815104K)] 1792599K->980215K(1839104K), 0.0096780 secs] [Times: user=0.06 sys=0.00, real=0.01 secs] 
568.317: [GC
Desired survivor size 3670016 bytes, new threshold 15 (max 15)
 [PSYoungGen: 812576K->1696K(815616K)] 1791735K->980903K(1839616K), 0.0100280 secs] [Times: user=0.06 sys=0.00, real=0.01 secs] 
568.585: [GC
Desired survivor size 3670016 bytes, new threshold 15 (max 15)
 [PSYoungGen: 813728K->608K(815616K)] 1792935K->979863K(1839616K), 0.0093320 secs] [Times: user=0.04 sys=0.00, real=0.01 secs] 
568.860: [GC
Desired survivor size 3670016 bytes, new threshold 15 (max 15)
 [PSYoungGen: 812640K->2080K(815616K)] 1791895K->981399K(1839616K), 0.0102270 secs] [Times: user=0.07 sys=0.00, real=0.01 secs] 
569.132: [GC
Desired survivor size 3670016 bytes, new threshold 15 (max 15)
 [PSYoungGen: 814112K->1216K(815616K)] 1793431K->980607K(1839616K), 0.0095620 secs] [Times: user=0.06 sys=0.00, real=0.01 secs] 
569.398: [GC
Desired survivor size 3670016 bytes, new threshold 15 (max 15)
 [PSYoungGen: 813248K->1888K(815616K)] 1792639K->981335K(1839616K), 0.0106430 secs] [Times: user=0.06 sys=0.00, real=0.01 secs] 
569.661: [GC
Desired survivor size 3670016 bytes, new threshold 15 (max 15)
 [PSYoungGen: 813920K->640K(815616K)] 1793367K->980151K(1839616K), 0.0091870 secs] [Times: user=0.05 sys=0.00, real=0.01 secs] 
569.933: [GC
Desired survivor size 4194304 bytes, new threshold 15 (max 15)
 [PSYoungGen: 812672K->2976K(814592K)] 1792183K->982535K(1838592K), 0.0102050 secs] [Times: user=0.05 sys=0.00, real=0.01 secs] 
570.200: [GC
Desired survivor size 3670016 bytes, new threshold 15 (max 15)
 [PSYoungGen: 813984K->1568K(815104K)] 1793543K->981191K(1839104K), 0.0095830 secs] [Times: user=0.06 sys=0.01, real=0.01 secs] 
570.460: [GC
Desired survivor size 3670016 bytes, new threshold 15 (max 15)
 [PSYoungGen: 812576K->1984K(815616K)] 1792199K->981663K(1839616K), 0.0097220 secs] [Times: user=0.06 sys=0.00, real=0.01 secs] 
570.731: [GC
Desired survivor size 4194304 bytes, new threshold 15 (max 15)
 [PSYoungGen: 814016K->2976K(815104K)] 1793695K->982719K(1839104K), 0.0108350 secs] [Times: user=0.06 sys=0.00, real=0.01 secs] 
570.999: [GC
Desired survivor size 3670016 bytes, new threshold 15 (max 15)
 [PSYoungGen: 815008K->2112K(815616K)] 1794751K->981903K(1839616K), 0.0107630 secs] [Times: user=0.06 sys=0.00, real=0.01 secs] 
571.260: [GC
Desired survivor size 3670016 bytes, new threshold 15 (max 15)
 [PSYoungGen: 813632K->2080K(815104K)] 1793423K->981935K(1839104K), 0.0103760 secs] [Times: user=0.07 sys=0.00, real=0.01 secs] 
571.526: [GC
Desired survivor size 4194304 bytes, new threshold 15 (max 15)
 [PSYoungGen: 813600K->2816K(814592K)] 1793455K->982719K(1838592K), 0.0102550 secs] [Times: user=0.06 sys=0.00, real=0.01 secs] 
571.796: [GC
Desired survivor size 4194304 bytes, new threshold 15 (max 15)
 [PSYoungGen: 813824K->896K(815104K)] 1793727K->980855K(1839104K), 0.0094470 secs] [Times: user=0.05 sys=0.00, real=0.00 secs] 
572.062: [GC
Desired survivor size 3670016 bytes, new threshold 15 (max 15)
 [PSYoungGen: 811904K->1792K(815616K)] 1791863K->981815K(1839616K), 0.0104520 secs] [Times: user=0.05 sys=0.00, real=0.01 secs] 
572.329: [GC
Desired survivor size 3670016 bytes, new threshold 15 (max 15)
 [PSYoungGen: 813312K->1376K(815104K)] 1793335K->981463K(1839104K), 0.0097310 secs] [Times: user=0.05 sys=0.00, real=0.01 secs] 
572.599: [GC
Desired survivor size 3670016 bytes, new threshold 15 (max 15)
 [PSYoungGen: 812896K->2432K(815616K)] 1792983K->982583K(1839616K), 0.0105430 secs] [Times: user=0.06 sys=0.00, real=0.01 secs] 
572.873: [GC
Desired survivor size 3670016 bytes, new threshold 15 (max 15)
 [PSYoungGen: 814464K->1856K(815616K)] 1794615K->982071K(1839616K), 0.0103980 secs] [Times: user=0.06 sys=0.00, real=0.01 secs] 
573.142: [GC
Desired survivor size 4194304 bytes, new threshold 14 (max 15)
 [PSYoungGen: 813888K->3584K(814592K)] 1794103K->983863K(1838592K), 0.0103650 secs] [Times: user=0.06 sys=0.00, real=0.01 secs] 
573.408: [GC
Desired survivor size 4194304 bytes, new threshold 15 (max 15)
 [PSYoungGen: 814592K->736K(815104K)] 1794871K->981079K(1839104K), 0.0092500 secs] [Times: user=0.05 sys=0.00, real=0.01 secs] 
573.669: [GC
Desired survivor size 4194304 bytes, new threshold 15 (max 15)
 [PSYoungGen: 811744K->832K(815104K)] 1792087K->981175K(1839104K), 0.0092350 secs] [Times: user=0.05 sys=0.00, real=0.01 secs] 
573.980: [GC
Desired survivor size 4194304 bytes, new threshold 15 (max 15)
 [PSYoungGen: 811840K->1632K(815104K)] 1792183K->982031K(1839104K), 0.0103660 secs] [Times: user=0.07 sys=0.00, real=0.01 secs] 
574.247: [GC
Desired survivor size 3670016 bytes, new threshold 15 (max 15)
 [PSYoungGen: 812640K->1760K(815616K)] 1793039K->982223K(1839616K), 0.0101370 secs] [Times: user=0.06 sys=0.00, real=0.01 secs] 
574.509: [GC
Desired survivor size 3670016 bytes, new threshold 15 (max 15)
 [PSYoungGen: 813280K->1952K(815104K)] 1793743K->982479K(1839104K), 0.0105280 secs] [Times: user=0.05 sys=0.00, real=0.01 secs] 
574.792: [GC
Desired survivor size 3670016 bytes, new threshold 15 (max 15)
 [PSYoungGen: 813472K->1536K(815616K)] 1793999K->982119K(1839616K), 0.0104210 secs] [Times: user=0.05 sys=0.00, real=0.01 secs] 
575.059: [GC
Desired survivor size 3670016 bytes, new threshold 15 (max 15)
 [PSYoungGen: 813568K->2528K(815616K)] 1794151K->983175K(1839616K), 0.0101250 secs] [Times: user=0.06 sys=0.00, real=0.01 secs] 
575.334: [GC
Desired survivor size 4194304 bytes, new threshold 15 (max 15)
 [PSYoungGen: 814560K->3168K(814592K)] 1795207K->983871K(1838592K), 0.0108520 secs] [Times: user=0.07 sys=0.00, real=0.01 secs] 
575.601: [GC
Desired survivor size 4194304 bytes, new threshold 15 (max 15)
 [PSYoungGen: 814176K->1824K(815104K)] 1794879K->982575K(1839104K), 0.0096460 secs] [Times: user=0.06 sys=0.00, real=0.01 secs] 
575.871: [GC
Desired survivor size 3670016 bytes, new threshold 15 (max 15)
 [PSYoungGen: 812832K->1152K(815616K)] 1793583K->981943K(1839616K), 0.0103530 secs] [Times: user=0.04 sys=0.01, real=0.01 secs] 
576.134: [GC
Desired survivor size 3670016 bytes, new threshold 15 (max 15)
 [PSYoungGen: 812672K->1120K(815104K)] 1793463K->981983K(1839104K), 0.0098340 secs] [Times: user=0.05 sys=0.00, real=0.01 secs] 
576.397: [GC
Desired survivor size 3670016 bytes, new threshold 15 (max 15)
 [PSYoungGen: 812640K->1632K(815616K)] 1793503K->982559K(1839616K), 0.0100670 secs] [Times: user=0.06 sys=0.00, real=0.01 secs] 
576.657: [GC
Desired survivor size 3670016 bytes, new threshold 15 (max 15)
 [PSYoungGen: 813664K->2144K(815616K)] 1794591K->983135K(1839616K), 0.0101140 secs] [Times: user=0.05 sys=0.00, real=0.01 secs] 
576.930: [GC
Desired survivor size 3670016 bytes, new threshold 15 (max 15)
 [PSYoungGen: 814176K->1952K(815616K)] 1795167K->982999K(1839616K), 0.0097450 secs] [Times: user=0.05 sys=0.00, real=0.01 secs] 
577.198: [GC
Desired survivor size 3670016 bytes, new threshold 15 (max 15)
 [PSYoungGen: 813984K->2080K(815616K)] 1795031K->983175K(1839616K), 0.0102710 secs] [Times: user=0.06 sys=0.00, real=0.01 secs] 
577.474: [GC
Desired survivor size 3670016 bytes, new threshold 15 (max 15)
 [PSYoungGen: 814112K->1120K(815616K)] 1795207K->982247K(1839616K), 0.0095130 secs] [Times: user=0.06 sys=0.00, real=0.01 secs] 
577.754: [GC
Desired survivor size 3145728 bytes, new threshold 15 (max 15)
 [PSYoungGen: 813152K->1824K(815616K)] 1794279K->983015K(1839616K), 0.0101250 secs] [Times: user=0.06 sys=0.01, real=0.01 secs] 
578.020: [GC
Desired survivor size 3670016 bytes, new threshold 15 (max 15)
 [PSYoungGen: 813856K->2240K(815104K)] 1795047K->983495K(1839104K), 0.0101730 secs] [Times: user=0.06 sys=0.00, real=0.01 secs] 
578.294: [GC
Desired survivor size 3145728 bytes, new threshold 15 (max 15)
 [PSYoungGen: 814272K->1376K(815616K)] 1795527K->982687K(1839616K), 0.0097970 secs] [Times: user=0.06 sys=0.00, real=0.01 secs] 
578.563: [GC
Desired survivor size 3670016 bytes, new threshold 15 (max 15)
 [PSYoungGen: 813408K->3072K(815104K)] 1794719K->984447K(1839104K), 0.0105570 secs] [Times: user=0.07 sys=0.00, real=0.01 secs] 
578.838: [GC
Desired survivor size 3670016 bytes, new threshold 15 (max 15)
 [PSYoungGen: 815104K->576K(815616K)] 1796479K->982015K(1839616K), 0.0093350 secs] [Times: user=0.05 sys=0.00, real=0.01 secs] 
579.109: [GC
Desired survivor size 3670016 bytes, new threshold 15 (max 15)
 [PSYoungGen: 812608K->2432K(815616K)] 1794047K->983935K(1839616K), 0.0107380 secs] [Times: user=0.06 sys=0.00, real=0.01 secs] 
579.372: [GC
Desired survivor size 3670016 bytes, new threshold 15 (max 15)
 [PSYoungGen: 814464K->1408K(815616K)] 1795967K->982959K(1839616K), 0.0098420 secs] [Times: user=0.07 sys=0.00, real=0.01 secs] 
579.642: [GC
Desired survivor size 3670016 bytes, new threshold 15 (max 15)
 [PSYoungGen: 813440K->1376K(815616K)] 1794991K->982983K(1839616K), 0.0095120 secs] [Times: user=0.06 sys=0.00, real=0.01 secs] 
579.926: [GC
Desired survivor size 3670016 bytes, new threshold 15 (max 15)
 [PSYoungGen: 813408K->1120K(815616K)] 1795015K->982791K(1839616K), 0.0101500 secs] [Times: user=0.07 sys=0.00, real=0.01 secs] 
580.196: [GC
Desired survivor size 4194304 bytes, new threshold 15 (max 15)
 [PSYoungGen: 813152K->2912K(814592K)] 1794823K->984647K(1838592K), 0.0108340 secs] [Times: user=0.06 sys=0.00, real=0.02 secs] 
580.459: [GC
Desired survivor size 3670016 bytes, new threshold 15 (max 15)
 [PSYoungGen: 813920K->1376K(815104K)] 1795655K->983175K(1839104K), 0.0095410 secs] [Times: user=0.05 sys=0.00, real=0.01 secs] 
580.738: [GC
Desired survivor size 3670016 bytes, new threshold 15 (max 15)
 [PSYoungGen: 812384K->1696K(815616K)] 1794183K->983559K(1839616K), 0.0098170 secs] [Times: user=0.06 sys=0.01, real=0.01 secs] 
580.998: [GC
Desired survivor size 3670016 bytes, new threshold 15 (max 15)
 [PSYoungGen: 813728K->1024K(815616K)] 1795591K->982951K(1839616K), 0.0096630 secs] [Times: user=0.05 sys=0.01, real=0.01 secs] 
581.258: [GC
Desired survivor size 4194304 bytes, new threshold 14 (max 15)
 [PSYoungGen: 813056K->3584K(814592K)] 1794983K->985583K(1838592K), 0.0110790 secs] [Times: user=0.06 sys=0.00, real=0.01 secs] 
581.520: [GC
Desired survivor size 5242880 bytes, new threshold 13 (max 15)
 [PSYoungGen: 814592K->4096K(815104K)] 1796591K->986407K(1839104K), 0.0115410 secs] [Times: user=0.07 sys=0.00, real=0.01 secs] 
581.788: [GC
Desired survivor size 5242880 bytes, new threshold 14 (max 15)
 [PSYoungGen: 815104K->3040K(813056K)] 1797415K->985407K(1837056K), 0.0101440 secs] [Times: user=0.06 sys=0.00, real=0.01 secs] 
582.052: [GC
Desired survivor size 5767168 bytes, new threshold 15 (max 15)
 [PSYoungGen: 812000K->4320K(813568K)] 1794367K->986687K(1837568K), 0.0108920 secs] [Times: user=0.06 sys=0.00, real=0.01 secs] 
582.312: [GC
Desired survivor size 5242880 bytes, new threshold 15 (max 15)
 [PSYoungGen: 813280K->1536K(814080K)] 1795647K->983903K(1838080K), 0.0101860 secs] [Times: user=0.05 sys=0.00, real=0.01 secs] 
582.568: [GC
Desired survivor size 5767168 bytes, new threshold 15 (max 15)
 [PSYoungGen: 809984K->3840K(813568K)] 1792351K->986271K(1837568K), 0.0115380 secs] [Times: user=0.07 sys=0.00, real=0.01 secs] 
582.843: [GC
Desired survivor size 5767168 bytes, new threshold 15 (max 15)
 [PSYoungGen: 812288K->1728K(813568K)] 1794719K->984215K(1837568K), 0.0102270 secs] [Times: user=0.05 sys=0.00, real=0.01 secs] 
583.112: [GC
Desired survivor size 5767168 bytes, new threshold 15 (max 15)
 [PSYoungGen: 809664K->1344K(813568K)] 1792151K->983895K(1837568K), 0.0100940 secs] [Times: user=0.06 sys=0.00, real=0.01 secs] 
583.378: [GC
Desired survivor size 5242880 bytes, new threshold 15 (max 15)
 [PSYoungGen: 809280K->1728K(814080K)] 1791831K->984343K(1838080K), 0.0102380 secs] [Times: user=0.06 sys=0.00, real=0.01 secs] 
583.647: [GC
Desired survivor size 5242880 bytes, new threshold 15 (max 15)
 [PSYoungGen: 810176K->1568K(813568K)] 1792791K->984247K(1837568K), 0.0102420 secs] [Times: user=0.05 sys=0.00, real=0.01 secs] 
583.923: [GC
Desired survivor size 5242880 bytes, new threshold 15 (max 15)
 [PSYoungGen: 810016K->512K(814080K)] 1792695K->983255K(1838080K), 0.0096670 secs] [Times: user=0.06 sys=0.00, real=0.01 secs] 
584.184: [GC
Desired survivor size 4718592 bytes, new threshold 15 (max 15)
 [PSYoungGen: 809472K->1792K(814080K)] 1792215K->984583K(1838080K), 0.0100610 secs] [Times: user=0.06 sys=0.00, real=0.01 secs] 
584.448: [GC
Desired survivor size 4718592 bytes, new threshold 15 (max 15)
 [PSYoungGen: 810752K->928K(814592K)] 1793543K->983783K(1838592K), 0.0114080 secs] [Times: user=0.06 sys=0.00, real=0.01 secs] 
584.728: [GC
Desired survivor size 4718592 bytes, new threshold 15 (max 15)
 [PSYoungGen: 810912K->1824K(814592K)] 1793767K->984735K(1838592K), 0.0104110 secs] [Times: user=0.06 sys=0.00, real=0.01 secs] 
584.994: [GC
Desired survivor size 4194304 bytes, new threshold 15 (max 15)
 [PSYoungGen: 811808K->1472K(815104K)] 1794719K->984447K(1839104K), 0.0098560 secs] [Times: user=0.05 sys=0.00, real=0.01 secs] 
585.257: [GC
Desired survivor size 4718592 bytes, new threshold 15 (max 15)
 [PSYoungGen: 811968K->3680K(814592K)] 1794943K->986711K(1838592K), 0.0103420 secs] [Times: user=0.05 sys=0.00, real=0.02 secs] 
585.525: [GC
Desired survivor size 4718592 bytes, new threshold 15 (max 15)
 [PSYoungGen: 814176K->1440K(814592K)] 1797207K->984535K(1838592K), 0.0104780 secs] [Times: user=0.05 sys=0.01, real=0.01 secs] 
585.803: [GC
Desired survivor size 5242880 bytes, new threshold 15 (max 15)
 [PSYoungGen: 811424K->4000K(814080K)] 1794519K->987151K(1838080K), 0.0112950 secs] [Times: user=0.07 sys=0.00, real=0.01 secs] 
586.065: [GC
Desired survivor size 5242880 bytes, new threshold 15 (max 15)
 [PSYoungGen: 813984K->1152K(814080K)] 1797135K->984359K(1838080K), 0.0096050 secs] [Times: user=0.05 sys=0.00, real=0.01 secs] 
586.323: [GC
Desired survivor size 5242880 bytes, new threshold 15 (max 15)
 [PSYoungGen: 810112K->1152K(814080K)] 1793319K->984423K(1838080K), 0.0099280 secs] [Times: user=0.06 sys=0.00, real=0.01 secs] 
586.588: [GC
Desired survivor size 4718592 bytes, new threshold 15 (max 15)
 [PSYoungGen: 810112K->1856K(814592K)] 1793383K->985175K(1838592K), 0.0103730 secs] [Times: user=0.06 sys=0.00, real=0.01 secs] 
586.861: [GC
Desired survivor size 4718592 bytes, new threshold 15 (max 15)
 [PSYoungGen: 811328K->1280K(814080K)] 1794647K->984663K(1838080K), 0.0096490 secs] [Times: user=0.05 sys=0.00, real=0.01 secs] 
587.129: [GC
Desired survivor size 4718592 bytes, new threshold 15 (max 15)
 [PSYoungGen: 810752K->1184K(814592K)] 1794135K->984623K(1838592K), 0.0097530 secs] [Times: user=0.06 sys=0.00, real=0.01 secs] 
587.389: [GC
Desired survivor size 4194304 bytes, new threshold 15 (max 15)
 [PSYoungGen: 811168K->1280K(814592K)] 1794607K->984775K(1838592K), 0.0096770 secs] [Times: user=0.04 sys=0.00, real=0.01 secs] 
587.657: [GC
Desired survivor size 4194304 bytes, new threshold 15 (max 15)
 [PSYoungGen: 811264K->1152K(815104K)] 1794759K->984703K(1839104K), 0.0098640 secs] [Times: user=0.06 sys=0.01, real=0.01 secs] 
587.999: [GC
Desired survivor size 4194304 bytes, new threshold 15 (max 15)
 [PSYoungGen: 812160K->1920K(815104K)] 1795711K->985527K(1839104K), 0.0331700 secs] [Times: user=0.07 sys=0.00, real=0.03 secs] 
588.302: [GC
Desired survivor size 4194304 bytes, new threshold 15 (max 15)
 [PSYoungGen: 812928K->1376K(815104K)] 1796535K->985047K(1839104K), 0.0096890 secs] [Times: user=0.05 sys=0.00, real=0.01 secs] 
588.559: [GC
Desired survivor size 4718592 bytes, new threshold 14 (max 15)
 [PSYoungGen: 812384K->4096K(815104K)] 1796055K->988303K(1839104K), 0.0120340 secs] [Times: user=0.08 sys=0.00, real=0.01 secs] 
588.829: [GC
Desired survivor size 4718592 bytes, new threshold 15 (max 15)
 [PSYoungGen: 815104K->2272K(814080K)] 1799311K->986543K(1838080K), 0.0102880 secs] [Times: user=0.06 sys=0.00, real=0.01 secs] 
589.100: [GC
Desired survivor size 4718592 bytes, new threshold 15 (max 15)
 [PSYoungGen: 812256K->2656K(814592K)] 1796527K->986927K(1838592K), 0.0104950 secs] [Times: user=0.06 sys=0.00, real=0.01 secs] 
589.365: [GC
Desired survivor size 4718592 bytes, new threshold 15 (max 15)
 [PSYoungGen: 812640K->1440K(814592K)] 1796911K->985767K(1838592K), 0.0096570 secs] [Times: user=0.05 sys=0.00, real=0.01 secs] 
589.629: [GC
Desired survivor size 4718592 bytes, new threshold 15 (max 15)
 [PSYoungGen: 811424K->576K(814592K)] 1795751K->984959K(1838592K), 0.0095820 secs] [Times: user=0.05 sys=0.00, real=0.01 secs] 
589.906: [GC
Desired survivor size 4718592 bytes, new threshold 15 (max 15)
 [PSYoungGen: 810560K->1120K(814592K)] 1794943K->985583K(1838592K), 0.0099370 secs] [Times: user=0.06 sys=0.01, real=0.01 secs] 
590.172: [GC
Desired survivor size 4718592 bytes, new threshold 15 (max 15)
 [PSYoungGen: 811104K->2432K(814592K)] 1795567K->986959K(1838592K), 0.0103950 secs] [Times: user=0.06 sys=0.00, real=0.01 secs] 
590.437: [GC
Desired survivor size 4194304 bytes, new threshold 15 (max 15)
 [PSYoungGen: 812416K->2240K(815104K)] 1796943K->986831K(1839104K), 0.0108200 secs] [Times: user=0.06 sys=0.00, real=0.01 secs] 
590.696: [GC
Desired survivor size 4718592 bytes, new threshold 15 (max 15)
 [PSYoungGen: 812736K->3200K(814592K)] 1797327K->987855K(1838592K), 0.0166970 secs] [Times: user=0.09 sys=0.00, real=0.02 secs] 
590.972: [GC
Desired survivor size 4718592 bytes, new threshold 15 (max 15)
 [PSYoungGen: 813696K->1472K(814592K)] 1798351K->986183K(1838592K), 0.0101680 secs] [Times: user=0.05 sys=0.01, real=0.01 secs] 
591.242: [GC
Desired survivor size 4194304 bytes, new threshold 15 (max 15)
 [PSYoungGen: 811456K->1760K(814592K)] 1796167K->986535K(1838592K), 0.0103060 secs] [Times: user=0.07 sys=0.00, real=0.01 secs] 
591.508: [GC
Desired survivor size 4194304 bytes, new threshold 15 (max 15)
 [PSYoungGen: 811744K->1888K(815104K)] 1796519K->986727K(1839104K), 0.0099470 secs] [Times: user=0.05 sys=0.00, real=0.01 secs] 
591.784: [GC
Desired survivor size 4194304 bytes, new threshold 15 (max 15)
 [PSYoungGen: 812896K->2720K(815104K)] 1797735K->987623K(1839104K), 0.0104930 secs] [Times: user=0.06 sys=0.00, real=0.01 secs] 
592.051: [GC
Desired survivor size 4194304 bytes, new threshold 15 (max 15)
 [PSYoungGen: 813728K->2304K(815104K)] 1798631K->987255K(1839104K), 0.0102190 secs] [Times: user=0.06 sys=0.01, real=0.01 secs] 
592.312: [GC
Desired survivor size 4194304 bytes, new threshold 15 (max 15)
 [PSYoungGen: 813312K->2720K(815104K)] 1798263K->987831K(1839104K), 0.0111090 secs] [Times: user=0.05 sys=0.01, real=0.01 secs] 
592.590: [GC
Desired survivor size 4194304 bytes, new threshold 15 (max 15)
 [PSYoungGen: 813728K->640K(815104K)] 1798839K->985887K(1839104K), 0.0098680 secs] [Times: user=0.05 sys=0.01, real=0.01 secs] 
592.866: [GC
Desired survivor size 4194304 bytes, new threshold 15 (max 15)
 [PSYoungGen: 811648K->2016K(815104K)] 1796895K->987327K(1839104K), 0.0100410 secs] [Times: user=0.06 sys=0.00, real=0.01 secs] 
593.136: [GC
Desired survivor size 4194304 bytes, new threshold 15 (max 15)
 [PSYoungGen: 813024K->2400K(815104K)] 1798335K->987767K(1839104K), 0.0102740 secs] [Times: user=0.05 sys=0.00, real=0.01 secs] 
593.401: [GC
Desired survivor size 4194304 bytes, new threshold 15 (max 15)
 [PSYoungGen: 813408K->1216K(815104K)] 1798775K->986647K(1839104K), 0.0098130 secs] [Times: user=0.06 sys=0.00, real=0.01 secs] 
593.663: [GC
Desired survivor size 4194304 bytes, new threshold 15 (max 15)
 [PSYoungGen: 812224K->2944K(815104K)] 1797655K->988439K(1839104K), 0.0109840 secs] [Times: user=0.07 sys=0.00, real=0.01 secs] 
593.978: [GC
Desired survivor size 4194304 bytes, new threshold 15 (max 15)
 [PSYoungGen: 813952K->1216K(815104K)] 1799447K->986767K(1839104K), 0.0097560 secs] [Times: user=0.05 sys=0.00, real=0.01 secs] 
594.247: [GC
Desired survivor size 4194304 bytes, new threshold 15 (max 15)
 [PSYoungGen: 812224K->864K(815104K)] 1797775K->986479K(1839104K), 0.0096500 secs] [Times: user=0.06 sys=0.00, real=0.01 secs] 
594.509: [GC
Desired survivor size 4194304 bytes, new threshold 15 (max 15)
 [PSYoungGen: 811872K->2016K(815104K)] 1797487K->987695K(1839104K), 0.0098880 secs] [Times: user=0.07 sys=0.00, real=0.01 secs] 
594.786: [GC
Desired survivor size 3670016 bytes, new threshold 15 (max 15)
 [PSYoungGen: 813024K->1728K(815616K)] 1798703K->987471K(1839616K), 0.0104350 secs] [Times: user=0.06 sys=0.00, real=0.01 secs] 
595.046: [GC
Desired survivor size 3670016 bytes, new threshold 15 (max 15)
 [PSYoungGen: 813248K->1408K(815104K)] 1798991K->987215K(1839104K), 0.0102340 secs] [Times: user=0.06 sys=0.00, real=0.01 secs] 
595.312: [GC
Desired survivor size 3670016 bytes, new threshold 15 (max 15)
 [PSYoungGen: 812928K->2368K(815616K)] 1798735K->988239K(1839616K), 0.0100630 secs] [Times: user=0.06 sys=0.00, real=0.01 secs] 
595.577: [GC
Desired survivor size 3670016 bytes, new threshold 15 (max 15)
 [PSYoungGen: 814400K->640K(815616K)] 1800271K->986567K(1839616K), 0.0108390 secs] [Times: user=0.06 sys=0.01, real=0.01 secs] 
595.847: [GC
Desired survivor size 3670016 bytes, new threshold 15 (max 15)
 [PSYoungGen: 812672K->1696K(815616K)] 1798599K->987687K(1839616K), 0.0098790 secs] [Times: user=0.05 sys=0.00, real=0.01 secs] 
596.117: [GC
Desired survivor size 3670016 bytes, new threshold 15 (max 15)
 [PSYoungGen: 813728K->1440K(815616K)] 1799719K->987487K(1839616K), 0.0098150 secs] [Times: user=0.06 sys=0.00, real=0.01 secs] 
596.399: [GC
Desired survivor size 3670016 bytes, new threshold 15 (max 15)
 [PSYoungGen: 813472K->1568K(815616K)] 1799519K->987679K(1839616K), 0.0109310 secs] [Times: user=0.07 sys=0.00, real=0.01 secs] 
596.664: [GC
Desired survivor size 4194304 bytes, new threshold 15 (max 15)
 [PSYoungGen: 813600K->3392K(815616K)] 1799711K->989559K(1839616K), 0.0113640 secs] [Times: user=0.06 sys=0.00, real=0.01 secs] 
596.936: [GC
Desired survivor size 3670016 bytes, new threshold 15 (max 15)
 [PSYoungGen: 815424K->1696K(815616K)] 1801591K->987919K(1839616K), 0.0097010 secs] [Times: user=0.06 sys=0.00, real=0.01 secs] 
597.208: [GC
Desired survivor size 3670016 bytes, new threshold 15 (max 15)
 [PSYoungGen: 813728K->1600K(815616K)] 1799951K->987867K(1839616K), 0.0101390 secs] [Times: user=0.05 sys=0.00, real=0.01 secs] 
597.471: [GC
Desired survivor size 3670016 bytes, new threshold 15 (max 15)
 [PSYoungGen: 813632K->544K(815616K)] 1799899K->986875K(1839616K), 0.0099100 secs] [Times: user=0.05 sys=0.00, real=0.01 secs] 
597.741: [GC
Desired survivor size 4194304 bytes, new threshold 14 (max 15)
 [PSYoungGen: 812576K->3584K(815616K)] 1798907K->990043K(1839616K), 0.0108710 secs] [Times: user=0.06 sys=0.01, real=0.01 secs] 
598.007: [GC
Desired survivor size 4194304 bytes, new threshold 15 (max 15)
 [PSYoungGen: 815616K->1792K(814592K)] 1802075K->988307K(1838592K), 0.0096840 secs] [Times: user=0.06 sys=0.00, real=0.01 secs] 
598.280: [GC
Desired survivor size 4194304 bytes, new threshold 15 (max 15)
 [PSYoungGen: 812800K->1536K(815104K)] 1799315K->988051K(1839104K), 0.0103370 secs] [Times: user=0.06 sys=0.00, real=0.01 secs] 
598.544: [GC
Desired survivor size 3670016 bytes, new threshold 15 (max 15)
 [PSYoungGen: 812544K->1440K(815616K)] 1799059K->988019K(1839616K), 0.0100090 secs] [Times: user=0.05 sys=0.00, real=0.01 secs] 
598.815: [GC
Desired survivor size 4194304 bytes, new threshold 15 (max 15)
 [PSYoungGen: 812960K->3520K(815104K)] 1799539K->990147K(1839104K), 0.0110480 secs] [Times: user=0.07 sys=0.00, real=0.01 secs] 
599.084: [GC
Desired survivor size 4194304 bytes, new threshold 15 (max 15)
 [PSYoungGen: 815040K->1408K(815104K)] 1801667K->988099K(1839104K), 0.0100370 secs] [Times: user=0.05 sys=0.00, real=0.01 secs] 
599.346: [GC
Desired survivor size 4194304 bytes, new threshold 15 (max 15)
 [PSYoungGen: 812416K->1696K(815104K)] 1799107K->988443K(1839104K), 0.0095210 secs] [Times: user=0.05 sys=0.00, real=0.01 secs] 
599.671: [GC
Desired survivor size 4194304 bytes, new threshold 15 (max 15)
 [PSYoungGen: 812704K->1664K(815104K)] 1799451K->988467K(1839104K), 0.0105080 secs] [Times: user=0.06 sys=0.00, real=0.01 secs] 
599.942: [GC
Desired survivor size 3670016 bytes, new threshold 15 (max 15)
 [PSYoungGen: 812672K->1440K(815104K)] 1799475K->988307K(1839104K), 0.0099910 secs] [Times: user=0.06 sys=0.00, real=0.01 secs] 
600.209: [GC
Desired survivor size 4194304 bytes, new threshold 14 (max 15)
 [PSYoungGen: 812448K->3584K(814592K)] 1799315K->990547K(1838592K), 0.0112550 secs] [Times: user=0.07 sys=0.00, real=0.02 secs] 
600.471: [GC
Desired survivor size 4194304 bytes, new threshold 15 (max 15)
 [PSYoungGen: 814592K->1024K(815104K)] 1801555K->988051K(1839104K), 0.0097840 secs] [Times: user=0.06 sys=0.00, real=0.01 secs] 
600.747: [GC
Desired survivor size 4194304 bytes, new threshold 15 (max 15)
 [PSYoungGen: 812032K->1696K(815104K)] 1799059K->988723K(1839104K), 0.0103610 secs] [Times: user=0.06 sys=0.00, real=0.01 secs] 
601.014: [GC
Desired survivor size 4194304 bytes, new threshold 15 (max 15)
 [PSYoungGen: 812704K->928K(815104K)] 1799731K->988003K(1839104K), 0.0099610 secs] [Times: user=0.06 sys=0.00, real=0.01 secs] 
601.289: [GC
Desired survivor size 4194304 bytes, new threshold 15 (max 15)
 [PSYoungGen: 811936K->1632K(815104K)] 1799011K->988755K(1839104K), 0.0103120 secs] [Times: user=0.05 sys=0.00, real=0.01 secs] 
601.558: [GC
Desired survivor size 3670016 bytes, new threshold 15 (max 15)
 [PSYoungGen: 812640K->1664K(815104K)] 1799763K->988851K(1839104K), 0.0102410 secs] [Times: user=0.06 sys=0.01, real=0.01 secs] 
601.835: [GC
Desired survivor size 5242880 bytes, new threshold 14 (max 15)
 [PSYoungGen: 812672K->3584K(812544K)] 1799859K->993139K(1836544K), 0.0144160 secs] [Times: user=0.08 sys=0.01, real=0.02 secs] 
602.104: [GC
Desired survivor size 5242880 bytes, new threshold 15 (max 15)
 [PSYoungGen: 812544K->2496K(814080K)] 1802099K->992107K(1838080K), 0.0108030 secs] [Times: user=0.06 sys=0.00, real=0.01 secs] 
602.368: [GC
Desired survivor size 4718592 bytes, new threshold 15 (max 15)
 [PSYoungGen: 811456K->1536K(814592K)] 1801067K->991147K(1838592K), 0.0100940 secs] [Times: user=0.06 sys=0.00, real=0.01 secs] 
602.625: [GC
Desired survivor size 5242880 bytes, new threshold 15 (max 15)
 [PSYoungGen: 811008K->3840K(814080K)] 1800619K->993507K(1838080K), 0.0112770 secs] [Times: user=0.07 sys=0.00, real=0.01 secs] 
602.898: [GC
Desired survivor size 5242880 bytes, new threshold 15 (max 15)
 [PSYoungGen: 813312K->2560K(814080K)] 1802979K->992275K(1838080K), 0.0107660 secs] [Times: user=0.06 sys=0.00, real=0.02 secs] 
603.167: [GC
Desired survivor size 4718592 bytes, new threshold 15 (max 15)
 [PSYoungGen: 811520K->1984K(814080K)] 1801235K->991763K(1838080K), 0.0101400 secs] [Times: user=0.06 sys=0.00, real=0.01 secs] 
603.430: [GC
Desired survivor size 4718592 bytes, new threshold 15 (max 15)
 [PSYoungGen: 810944K->1472K(814592K)] 1800723K->991299K(1838592K), 0.0103930 secs] [Times: user=0.05 sys=0.00, real=0.01 secs] 
603.701: [GC
Desired survivor size 4718592 bytes, new threshold 15 (max 15)
 [PSYoungGen: 811456K->1376K(814592K)] 1801283K->991259K(1838592K), 0.0119660 secs] [Times: user=0.06 sys=0.00, real=0.01 secs] 
603.989: [GC
Desired survivor size 4718592 bytes, new threshold 15 (max 15)
 [PSYoungGen: 811360K->1280K(814592K)] 1801243K->991227K(1838592K), 0.0094100 secs] [Times: user=0.06 sys=0.00, real=0.01 secs] 
604.258: [GC
Desired survivor size 4718592 bytes, new threshold 15 (max 15)
 [PSYoungGen: 811264K->2464K(814592K)] 1801211K->992499K(1838592K), 0.0108340 secs] [Times: user=0.06 sys=0.00, real=0.01 secs] 
604.524: [GC
Desired survivor size 4718592 bytes, new threshold 15 (max 15)
 [PSYoungGen: 812448K->864K(814592K)] 1802483K->990955K(1838592K), 0.0098180 secs] [Times: user=0.06 sys=0.01, real=0.01 secs] 
604.791: [GC
Desired survivor size 4718592 bytes, new threshold 15 (max 15)
 [PSYoungGen: 810848K->2208K(814592K)] 1800939K->992363K(1838592K), 0.0104700 secs] [Times: user=0.05 sys=0.00, real=0.01 secs] 
605.058: [GC
Desired survivor size 4718592 bytes, new threshold 15 (max 15)
 [PSYoungGen: 812192K->2944K(814592K)] 1802347K->993147K(1838592K), 0.0110970 secs] [Times: user=0.06 sys=0.01, real=0.01 secs] 
605.323: [GC
Desired survivor size 4194304 bytes, new threshold 15 (max 15)
 [PSYoungGen: 812928K->1792K(814592K)] 1803131K->992059K(1838592K), 0.0102240 secs] [Times: user=0.06 sys=0.00, real=0.01 secs] 
605.590: [GC
Desired survivor size 4718592 bytes, new threshold 15 (max 15)
 [PSYoungGen: 811776K->3008K(814080K)] 1802043K->993331K(1838080K), 0.0108670 secs] [Times: user=0.07 sys=0.00, real=0.02 secs] 
605.863: [GC
Desired survivor size 4194304 bytes, new threshold 15 (max 15)
 [PSYoungGen: 812992K->1824K(814592K)] 1803315K->992531K(1838592K), 0.0107460 secs] [Times: user=0.06 sys=0.00, real=0.01 secs] 
606.133: [GC
Desired survivor size 4194304 bytes, new threshold 15 (max 15)
 [PSYoungGen: 811808K->1376K(815104K)] 1802515K->992227K(1839104K), 0.0104400 secs] [Times: user=0.05 sys=0.00, real=0.01 secs] 
606.392: [GC
Desired survivor size 4194304 bytes, new threshold 15 (max 15)
 [PSYoungGen: 812384K->1184K(815104K)] 1803235K->992099K(1839104K), 0.0101310 secs] [Times: user=0.06 sys=0.00, real=0.01 secs] 
606.656: [GC
Desired survivor size 4194304 bytes, new threshold 15 (max 15)
 [PSYoungGen: 812192K->2560K(815104K)] 1803107K->993515K(1839104K), 0.0106710 secs] [Times: user=0.06 sys=0.00, real=0.01 secs] 
606.938: [GC
Desired survivor size 4194304 bytes, new threshold 15 (max 15)
 [PSYoungGen: 813568K->1600K(815104K)] 1804523K->992611K(1839104K), 0.0104270 secs] [Times: user=0.05 sys=0.00, real=0.01 secs] 
607.201: [GC
Desired survivor size 4194304 bytes, new threshold 15 (max 15)
 [PSYoungGen: 812608K->1728K(815104K)] 1803619K->992803K(1839104K), 0.0104710 secs] [Times: user=0.06 sys=0.00, real=0.01 secs] 
607.460: [GC
Desired survivor size 4194304 bytes, new threshold 15 (max 15)
 [PSYoungGen: 812736K->1376K(815104K)] 1803811K->992507K(1839104K), 0.0097820 secs] [Times: user=0.05 sys=0.00, real=0.01 secs] 
607.735: [GC
Desired survivor size 3670016 bytes, new threshold 15 (max 15)
 [PSYoungGen: 812384K->1920K(815616K)] 1803515K->993115K(1839616K), 0.0101230 secs] [Times: user=0.06 sys=0.00, real=0.01 secs] 
608.067: [GC
Desired survivor size 3670016 bytes, new threshold 15 (max 15)
 [PSYoungGen: 813440K->1280K(815104K)] 1804635K->992531K(1839104K), 0.0096510 secs] [Times: user=0.05 sys=0.00, real=0.01 secs] 
608.431: [GC
Desired survivor size 3670016 bytes, new threshold 15 (max 15)
 [PSYoungGen: 812800K->1088K(815616K)] 1804051K->992403K(1839616K), 0.0098560 secs] [Times: user=0.06 sys=0.00, real=0.01 secs] 
608.714: [GC
Desired survivor size 3670016 bytes, new threshold 15 (max 15)
 [PSYoungGen: 813120K->768K(815616K)] 1804435K->992147K(1839616K), 0.0154710 secs] [Times: user=0.07 sys=0.00, real=0.01 secs] 
608.985: [GC
Desired survivor size 3670016 bytes, new threshold 15 (max 15)
 [PSYoungGen: 812800K->2016K(815616K)] 1804179K->993451K(1839616K), 0.0103660 secs] [Times: user=0.06 sys=0.00, real=0.01 secs] 
609.301: [GC
Desired survivor size 3670016 bytes, new threshold 15 (max 15)
 [PSYoungGen: 814048K->1472K(815616K)] 1805483K->992955K(1839616K), 0.0140940 secs] [Times: user=0.07 sys=0.00, real=0.01 secs] 
609.602: [GC
Desired survivor size 3670016 bytes, new threshold 15 (max 15)
 [PSYoungGen: 813504K->800K(815616K)] 1804987K->992339K(1839616K), 0.0097340 secs] [Times: user=0.06 sys=0.00, real=0.01 secs] 
609.884: [GC
Desired survivor size 3670016 bytes, new threshold 15 (max 15)
 [PSYoungGen: 812832K->1056K(815616K)] 1804371K->992627K(1839616K), 0.0100400 secs] [Times: user=0.05 sys=0.00, real=0.01 secs] 
610.148: [GC
Desired survivor size 3670016 bytes, new threshold 15 (max 15)
 [PSYoungGen: 813088K->1856K(815616K)] 1804659K->993491K(1839616K), 0.0101130 secs] [Times: user=0.07 sys=0.00, real=0.01 secs] 
610.411: [GC
Desired survivor size 3145728 bytes, new threshold 15 (max 15)
 [PSYoungGen: 813888K->1728K(815616K)] 1805523K->993427K(1839616K), 0.0104380 secs] [Times: user=0.06 sys=0.00, real=0.02 secs] 
610.673: [GC
Desired survivor size 3145728 bytes, new threshold 15 (max 15)
 [PSYoungGen: 813760K->1856K(816128K)] 1805459K->993619K(1840128K), 0.0099890 secs] [Times: user=0.06 sys=0.01, real=0.01 secs] 
610.951: [GC
Desired survivor size 3670016 bytes, new threshold 15 (max 15)
 [PSYoungGen: 814912K->2272K(815616K)] 1806675K->994099K(1839616K), 0.0135000 secs] [Times: user=0.07 sys=0.01, real=0.01 secs] 
611.221: [GC
Desired survivor size 3145728 bytes, new threshold 15 (max 15)
 [PSYoungGen: 815328K->1408K(816128K)] 1807155K->993291K(1840128K), 0.0105650 secs] [Times: user=0.05 sys=0.00, real=0.01 secs] 
611.487: [GC
Desired survivor size 3145728 bytes, new threshold 15 (max 15)
 [PSYoungGen: 813952K->1152K(815616K)] 1805835K->993099K(1839616K), 0.0096150 secs] [Times: user=0.05 sys=0.00, real=0.01 secs] 
611.760: [GC
Desired survivor size 3145728 bytes, new threshold 15 (max 15)
 [PSYoungGen: 813696K->2208K(816128K)] 1805643K->994219K(1840128K), 0.0103920 secs] [Times: user=0.07 sys=0.00, real=0.01 secs] 
612.026: [GC
Desired survivor size 3145728 bytes, new threshold 15 (max 15)
 [PSYoungGen: 815264K->1120K(816128K)] 1807275K->993187K(1840128K), 0.0098590 secs] [Times: user=0.04 sys=0.00, real=0.01 secs] 
612.292: [GC
Desired survivor size 3145728 bytes, new threshold 15 (max 15)
 [PSYoungGen: 814176K->1568K(816128K)] 1806243K->993699K(1840128K), 0.0103540 secs] [Times: user=0.06 sys=0.00, real=0.01 secs] 
612.555: [GC
Desired survivor size 3145728 bytes, new threshold 15 (max 15)
 [PSYoungGen: 814624K->1056K(816128K)] 1806755K->993251K(1840128K), 0.0096300 secs] [Times: user=0.05 sys=0.01, real=0.01 secs] 
612.832: [GC
Desired survivor size 3145728 bytes, new threshold 15 (max 15)
 [PSYoungGen: 814112K->1024K(816128K)] 1806307K->993283K(1840128K), 0.0094470 secs] [Times: user=0.06 sys=0.00, real=0.01 secs] 
613.104: [GC
Desired survivor size 3145728 bytes, new threshold 15 (max 15)
 [PSYoungGen: 814080K->992K(816128K)] 1806339K->993315K(1840128K), 0.0097330 secs] [Times: user=0.06 sys=0.00, real=0.01 secs] 
613.374: [GC
Desired survivor size 3145728 bytes, new threshold 15 (max 15)
 [PSYoungGen: 814048K->1216K(816128K)] 1806371K->993603K(1840128K), 0.0101240 secs] [Times: user=0.05 sys=0.00, real=0.01 secs] 
613.632: [GC
Desired survivor size 3145728 bytes, new threshold 15 (max 15)
 [PSYoungGen: 814272K->1728K(816128K)] 1806659K->994171K(1840128K), 0.0106390 secs] [Times: user=0.06 sys=0.00, real=0.01 secs] 
613.914: [GC
Desired survivor size 3145728 bytes, new threshold 15 (max 15)
 [PSYoungGen: 814784K->1184K(816128K)] 1807227K->993667K(1840128K), 0.0354140 secs] [Times: user=0.05 sys=0.00, real=0.03 secs] 
614.203: [GC
Desired survivor size 3145728 bytes, new threshold 15 (max 15)
 [PSYoungGen: 814240K->2752K(816128K)] 1806723K->995299K(1840128K), 0.0099430 secs] [Times: user=0.06 sys=0.00, real=0.01 secs] 
614.460: [GC
Desired survivor size 3145728 bytes, new threshold 15 (max 15)
 [PSYoungGen: 815808K->1856K(816128K)] 1808355K->994467K(1840128K), 0.0106330 secs] [Times: user=0.05 sys=0.00, real=0.02 secs] 
614.739: [GC
Desired survivor size 3145728 bytes, new threshold 15 (max 15)
 [PSYoungGen: 814912K->1824K(816128K)] 1807523K->994499K(1840128K), 0.0106830 secs] [Times: user=0.05 sys=0.00, real=0.01 secs] 
615.011: [GC
Desired survivor size 3145728 bytes, new threshold 15 (max 15)
 [PSYoungGen: 814880K->672K(816128K)] 1807555K->993411K(1840128K), 0.0097130 secs] [Times: user=0.06 sys=0.00, real=0.01 secs] 
615.271: [GC
Desired survivor size 3145728 bytes, new threshold 15 (max 15)
 [PSYoungGen: 813728K->1984K(816128K)] 1806467K->994779K(1840128K), 0.0100180 secs] [Times: user=0.05 sys=0.00, real=0.01 secs] 
615.542: [GC
Desired survivor size 3145728 bytes, new threshold 15 (max 15)
 [PSYoungGen: 815040K->832K(816128K)] 1807835K->993691K(1840128K), 0.0100190 secs] [Times: user=0.05 sys=0.00, real=0.01 secs] 
615.818: [GC
Desired survivor size 3670016 bytes, new threshold 15 (max 15)
 [PSYoungGen: 813888K->2400K(815616K)] 1806747K->995315K(1839616K), 0.0104840 secs] [Times: user=0.07 sys=0.00, real=0.01 secs] 
616.094: [GC
Desired survivor size 3145728 bytes, new threshold 15 (max 15)
 [PSYoungGen: 815456K->1376K(816128K)] 1808371K->994355K(1840128K), 0.0100440 secs] [Times: user=0.07 sys=0.00, real=0.01 secs] 
616.356: [GC
Desired survivor size 3145728 bytes, new threshold 15 (max 15)
 [PSYoungGen: 813920K->2048K(815616K)] 1806899K->995091K(1839616K), 0.0102260 secs] [Times: user=0.04 sys=0.01, real=0.01 secs] 
616.625: [GC
Desired survivor size 3145728 bytes, new threshold 15 (max 15)
 [PSYoungGen: 814592K->1600K(816128K)] 1807635K->994707K(1840128K), 0.0102680 secs] [Times: user=0.06 sys=0.00, real=0.01 secs] 
616.902: [GC
Desired survivor size 3145728 bytes, new threshold 15 (max 15)
 [PSYoungGen: 814656K->864K(816128K)] 1807763K->994035K(1840128K), 0.0096280 secs] [Times: user=0.05 sys=0.01, real=0.01 secs] 
617.167: [GC
Desired survivor size 4194304 bytes, new threshold 14 (max 15)
 [PSYoungGen: 813920K->3072K(814080K)] 1807091K->997451K(1838080K), 0.0120650 secs] [Times: user=0.08 sys=0.00, real=0.01 secs] 
617.433: [GC
Desired survivor size 4194304 bytes, new threshold 15 (max 15)
 [PSYoungGen: 814080K->1696K(815104K)] 1808459K->996139K(1839104K), 0.0101460 secs] [Times: user=0.06 sys=0.01, real=0.01 secs] 
617.700: [GC
Desired survivor size 3670016 bytes, new threshold 15 (max 15)
 [PSYoungGen: 812704K->2208K(815616K)] 1807147K->996651K(1839616K), 0.0181940 secs] [Times: user=0.09 sys=0.00, real=0.02 secs] 
617.981: [GC
Desired survivor size 3670016 bytes, new threshold 15 (max 15)
 [PSYoungGen: 813728K->1856K(815104K)] 1808171K->996363K(1839104K), 0.0103550 secs] [Times: user=0.06 sys=0.00, real=0.01 secs] 
618.247: [GC
Desired survivor size 3670016 bytes, new threshold 15 (max 15)
 [PSYoungGen: 813376K->1760K(815616K)] 1807883K->996331K(1839616K), 0.0100940 secs] [Times: user=0.05 sys=0.00, real=0.01 secs] 
618.508: [GC
Desired survivor size 4194304 bytes, new threshold 14 (max 15)
 [PSYoungGen: 813792K->3584K(815616K)] 1808363K->998819K(1839616K), 0.0120440 secs] [Times: user=0.07 sys=0.00, real=0.01 secs] 
618.785: [GC
Desired survivor size 4194304 bytes, new threshold 15 (max 15)
 [PSYoungGen: 815616K->2016K(814592K)] 1810851K->997307K(1838592K), 0.0110390 secs] [Times: user=0.06 sys=0.00, real=0.01 secs] 
619.051: [GC
Desired survivor size 4194304 bytes, new threshold 15 (max 15)
 [PSYoungGen: 813024K->2304K(815104K)] 1808315K->997595K(1839104K), 0.0104060 secs] [Times: user=0.06 sys=0.00, real=0.01 secs] 
619.309: [GC
Desired survivor size 4194304 bytes, new threshold 15 (max 15)
 [PSYoungGen: 813312K->2368K(815104K)] 1808603K->997707K(1839104K), 0.0102250 secs] [Times: user=0.06 sys=0.00, real=0.01 secs] 
619.574: [GC
Desired survivor size 4718592 bytes, new threshold 14 (max 15)
 [PSYoungGen: 813376K->4096K(815104K)] 1808715K->999755K(1839104K), 0.0128910 secs] [Times: user=0.08 sys=0.00, real=0.01 secs] 
619.846: [GC
Desired survivor size 4718592 bytes, new threshold 15 (max 15)
 [PSYoungGen: 815104K->2752K(814080K)] 1810763K->998459K(1838080K), 0.0114460 secs] [Times: user=0.06 sys=0.00, real=0.01 secs] 
620.114: [GC
Desired survivor size 4718592 bytes, new threshold 15 (max 15)
 [PSYoungGen: 812736K->1856K(814592K)] 1808443K->997563K(1838592K), 0.0107140 secs] [Times: user=0.05 sys=0.00, real=0.01 secs] 
620.376: [GC
Desired survivor size 4718592 bytes, new threshold 15 (max 15)
 [PSYoungGen: 811840K->1632K(814592K)] 1807547K->997403K(1838592K), 0.0102500 secs] [Times: user=0.06 sys=0.00, real=0.01 secs] 
620.637: [GC
Desired survivor size 4718592 bytes, new threshold 15 (max 15)
 [PSYoungGen: 811616K->2944K(814592K)] 1807387K->998763K(1838592K), 0.0105480 secs] [Times: user=0.06 sys=0.00, real=0.01 secs] 
620.914: [GC
Desired survivor size 4718592 bytes, new threshold 15 (max 15)
 [PSYoungGen: 812928K->1312K(814592K)] 1808747K->997179K(1838592K), 0.0099390 secs] [Times: user=0.06 sys=0.00, real=0.01 secs] 
621.184: [GC
Desired survivor size 4194304 bytes, new threshold 15 (max 15)
 [PSYoungGen: 811296K->1952K(814592K)] 1807163K->998099K(1838592K), 0.0108200 secs] [Times: user=0.07 sys=0.00, real=0.01 secs] 
621.452: [GC
Desired survivor size 4194304 bytes, new threshold 15 (max 15)
 [PSYoungGen: 811936K->1984K(815104K)] 1808083K->998187K(1839104K), 0.0110570 secs] [Times: user=0.06 sys=0.00, real=0.02 secs] 
621.730: [GC
Desired survivor size 4194304 bytes, new threshold 15 (max 15)
 [PSYoungGen: 812992K->1888K(815104K)] 1809195K->998139K(1839104K), 0.0103080 secs] [Times: user=0.06 sys=0.00, real=0.01 secs] 
621.993: [GC
Desired survivor size 4194304 bytes, new threshold 15 (max 15)
 [PSYoungGen: 812896K->3104K(815104K)] 1809147K->999403K(1839104K), 0.0105770 secs] [Times: user=0.07 sys=0.00, real=0.01 secs] 
622.256: [GC
Desired survivor size 4194304 bytes, new threshold 15 (max 15)
 [PSYoungGen: 814112K->1664K(815104K)] 1810411K->998011K(1839104K), 0.0101420 secs] [Times: user=0.06 sys=0.00, real=0.01 secs] 
622.521: [GC
Desired survivor size 4194304 bytes, new threshold 15 (max 15)
 [PSYoungGen: 812672K->1664K(815104K)] 1809019K->998211K(1839104K), 0.0108970 secs] [Times: user=0.06 sys=0.00, real=0.02 secs] 
622.799: [GC
Desired survivor size 4194304 bytes, new threshold 15 (max 15)
 [PSYoungGen: 812672K->3136K(815104K)] 1809219K->999731K(1839104K), 0.0108220 secs] [Times: user=0.07 sys=0.00, real=0.01 secs] 
623.057: [GC
Desired survivor size 4194304 bytes, new threshold 15 (max 15)
 [PSYoungGen: 814144K->1600K(815104K)] 1810739K->998259K(1839104K), 0.0098550 secs] [Times: user=0.07 sys=0.00, real=0.01 secs] 
623.318: [GC
Desired survivor size 4194304 bytes, new threshold 15 (max 15)
 [PSYoungGen: 812608K->1792K(815104K)] 1809267K->998507K(1839104K), 0.0100430 secs] [Times: user=0.06 sys=0.00, real=0.01 secs] 
623.584: [GC
Desired survivor size 4194304 bytes, new threshold 15 (max 15)
 [PSYoungGen: 812800K->2368K(815104K)] 1809515K->999283K(1839104K), 0.0105850 secs] [Times: user=0.06 sys=0.00, real=0.01 secs] 
623.865: [GC
Desired survivor size 4194304 bytes, new threshold 15 (max 15)
 [PSYoungGen: 813376K->1088K(815104K)] 1810291K->998059K(1839104K), 0.0095300 secs] [Times: user=0.05 sys=0.01, real=0.01 secs] 
624.129: [GC
Desired survivor size 4194304 bytes, new threshold 15 (max 15)
 [PSYoungGen: 812096K->1664K(815104K)] 1809067K->998699K(1839104K), 0.0098970 secs] [Times: user=0.05 sys=0.00, real=0.01 secs] 
624.394: [GC
Desired survivor size 3670016 bytes, new threshold 15 (max 15)
 [PSYoungGen: 812672K->1824K(815104K)] 1809707K->998923K(1839104K), 0.0104820 secs] [Times: user=0.06 sys=0.00, real=0.01 secs] 
624.653: [GC
Desired survivor size 4194304 bytes, new threshold 15 (max 15)
 [PSYoungGen: 812832K->3296K(814592K)] 1809931K->1000451K(1838592K), 0.0105210 secs] [Times: user=0.06 sys=0.00, real=0.01 secs] 
624.926: [GC
Desired survivor size 4194304 bytes, new threshold 15 (max 15)
 [PSYoungGen: 814304K->1952K(815104K)] 1811459K->999171K(1839104K), 0.0101030 secs] [Times: user=0.06 sys=0.00, real=0.01 secs] 
625.191: [GC
Desired survivor size 4194304 bytes, new threshold 15 (max 15)
 [PSYoungGen: 812960K->1888K(815104K)] 1810179K->999171K(1839104K), 0.0103380 secs] [Times: user=0.07 sys=0.00, real=0.01 secs] 
625.454: [GC
Desired survivor size 3670016 bytes, new threshold 15 (max 15)
 [PSYoungGen: 812896K->1600K(815104K)] 1810179K->998947K(1839104K), 0.0112560 secs] [Times: user=0.06 sys=0.00, real=0.01 secs] 
625.731: [GC
Desired survivor size 3670016 bytes, new threshold 15 (max 15)
 [PSYoungGen: 812608K->1600K(815616K)] 1809955K->999003K(1839616K), 0.0100230 secs] [Times: user=0.05 sys=0.00, real=0.01 secs] 
625.998: [GC
Desired survivor size 3670016 bytes, new threshold 15 (max 15)
 [PSYoungGen: 813632K->1632K(815616K)] 1811035K->999099K(1839616K), 0.0098230 secs] [Times: user=0.05 sys=0.00, real=0.01 secs] 
626.265: [GC
Desired survivor size 3670016 bytes, new threshold 15 (max 15)
 [PSYoungGen: 813664K->1984K(815616K)] 1811131K->999499K(1839616K), 0.0102700 secs] [Times: user=0.05 sys=0.00, real=0.01 secs] 
626.542: [GC
Desired survivor size 3670016 bytes, new threshold 15 (max 15)
 [PSYoungGen: 814016K->2592K(815616K)] 1811531K->1000171K(1839616K), 0.0103290 secs] [Times: user=0.06 sys=0.00, real=0.02 secs] 
626.820: [GC
Desired survivor size 3670016 bytes, new threshold 15 (max 15)
 [PSYoungGen: 814624K->2144K(815616K)] 1812203K->999779K(1839616K), 0.0102110 secs] [Times: user=0.05 sys=0.00, real=0.01 secs] 
627.086: [GC
Desired survivor size 3670016 bytes, new threshold 15 (max 15)
 [PSYoungGen: 814176K->1088K(815616K)] 1811811K->998779K(1839616K), 0.0095620 secs] [Times: user=0.06 sys=0.00, real=0.01 secs] 
627.358: [GC
Desired survivor size 3670016 bytes, new threshold 15 (max 15)
 [PSYoungGen: 813120K->1568K(815616K)] 1810811K->999315K(1839616K), 0.0101000 secs] [Times: user=0.05 sys=0.00, real=0.01 secs] 
627.636: [GC
Desired survivor size 3670016 bytes, new threshold 15 (max 15)
 [PSYoungGen: 813600K->704K(815616K)] 1811347K->998515K(1839616K), 0.0096000 secs] [Times: user=0.04 sys=0.00, real=0.01 secs] 
627.906: [GC
Desired survivor size 3670016 bytes, new threshold 15 (max 15)
 [PSYoungGen: 812736K->1344K(815616K)] 1810547K->999219K(1839616K), 0.0100670 secs] [Times: user=0.05 sys=0.00, real=0.01 secs] 
628.177: [GC
Desired survivor size 3670016 bytes, new threshold 15 (max 15)
 [PSYoungGen: 813376K->1024K(815616K)] 1811251K->998963K(1839616K), 0.0099850 secs] [Times: user=0.05 sys=0.01, real=0.01 secs] 
628.440: [GC
Desired survivor size 3145728 bytes, new threshold 15 (max 15)
 [PSYoungGen: 813056K->1600K(816128K)] 1810995K->999603K(1840128K), 0.0099220 secs] [Times: user=0.06 sys=0.00, real=0.01 secs] 
628.703: [GC
Desired survivor size 3145728 bytes, new threshold 15 (max 15)
 [PSYoungGen: 814144K->1792K(815616K)] 1812147K->999851K(1839616K), 0.0184460 secs] [Times: user=0.07 sys=0.00, real=0.01 secs] 
628.977: [GC
Desired survivor size 3145728 bytes, new threshold 15 (max 15)
 [PSYoungGen: 814336K->1056K(816128K)] 1812395K->999171K(1840128K), 0.0099700 secs] [Times: user=0.05 sys=0.00, real=0.01 secs] 
629.243: [GC
Desired survivor size 3145728 bytes, new threshold 15 (max 15)
 [PSYoungGen: 814112K->2112K(816128K)] 1812227K->1000291K(1840128K), 0.0098520 secs] [Times: user=0.06 sys=0.00, real=0.00 secs] 
629.519: [GC
Desired survivor size 3145728 bytes, new threshold 15 (max 15)
 [PSYoungGen: 815168K->576K(816128K)] 1813347K->998811K(1840128K), 0.0093540 secs] [Times: user=0.05 sys=0.00, real=0.01 secs] 
629.803: [GC
Desired survivor size 3145728 bytes, new threshold 15 (max 15)
 [PSYoungGen: 813632K->1120K(816128K)] 1811867K->999403K(1840128K), 0.0099000 secs] [Times: user=0.05 sys=0.00, real=0.01 secs] 
630.072: [GC
Desired survivor size 3145728 bytes, new threshold 15 (max 15)
 [PSYoungGen: 814176K->1056K(816128K)] 1812459K->999395K(1840128K), 0.0119060 secs] [Times: user=0.06 sys=0.00, real=0.02 secs] 
630.343: [GC
Desired survivor size 3145728 bytes, new threshold 15 (max 15)
 [PSYoungGen: 814112K->1376K(816128K)] 1812451K->999779K(1840128K), 0.0098730 secs] [Times: user=0.06 sys=0.00, real=0.01 secs] 
630.611: [GC
Desired survivor size 3145728 bytes, new threshold 15 (max 15)
 [PSYoungGen: 814432K->2400K(816128K)] 1812835K->1000867K(1840128K), 0.0110020 secs] [Times: user=0.06 sys=0.00, real=0.01 secs] 
630.885: [GC
Desired survivor size 3145728 bytes, new threshold 15 (max 15)
 [PSYoungGen: 815456K->1632K(816128K)] 1813923K->1000155K(1840128K), 0.0098580 secs] [Times: user=0.06 sys=0.00, real=0.01 secs] 
631.155: [GC
Desired survivor size 3145728 bytes, new threshold 15 (max 15)
 [PSYoungGen: 814688K->2016K(816128K)] 1813211K->1000603K(1840128K), 0.0107550 secs] [Times: user=0.05 sys=0.00, real=0.01 secs] 
631.417: [GC
Desired survivor size 3145728 bytes, new threshold 15 (max 15)
 [PSYoungGen: 815072K->960K(816128K)] 1813659K->999603K(1840128K), 0.0099400 secs] [Times: user=0.07 sys=0.00, real=0.01 secs] 
631.685: [GC
Desired survivor size 3145728 bytes, new threshold 15 (max 15)
 [PSYoungGen: 814016K->1888K(816128K)] 1812659K->1000587K(1840128K), 0.0106740 secs] [Times: user=0.06 sys=0.01, real=0.01 secs] 
631.966: [GC
Desired survivor size 3145728 bytes, new threshold 15 (max 15)
 [PSYoungGen: 814944K->1376K(816128K)] 1813643K->1000131K(1840128K), 0.0095640 secs] [Times: user=0.06 sys=0.00, real=0.01 secs] 
632.225: [GC
Desired survivor size 3145728 bytes, new threshold 15 (max 15)
 [PSYoungGen: 814432K->1024K(816128K)] 1813187K->999835K(1840128K), 0.0093020 secs] [Times: user=0.06 sys=0.00, real=0.01 secs] 
632.495: [GC
Desired survivor size 3145728 bytes, new threshold 15 (max 15)
 [PSYoungGen: 814080K->1120K(816128K)] 1812891K->999987K(1840128K), 0.0096700 secs] [Times: user=0.05 sys=0.00, real=0.01 secs] 
632.772: [GC
Desired survivor size 3670016 bytes, new threshold 14 (max 15)
 [PSYoungGen: 814176K->3072K(815104K)] 1813043K->1002803K(1839104K), 0.0118720 secs] [Times: user=0.07 sys=0.00, real=0.01 secs] 
633.033: [GC
Desired survivor size 3670016 bytes, new threshold 15 (max 15)
 [PSYoungGen: 815104K->1056K(815616K)] 1814835K->1000851K(1839616K), 0.0093850 secs] [Times: user=0.05 sys=0.01, real=0.01 secs] 
633.301: [GC
Desired survivor size 4194304 bytes, new threshold 15 (max 15)
 [PSYoungGen: 813088K->2752K(814592K)] 1812883K->1002547K(1838592K), 0.0108620 secs] [Times: user=0.07 sys=0.00, real=0.01 secs] 
633.559: [GC
Desired survivor size 3670016 bytes, new threshold 15 (max 15)
 [PSYoungGen: 813760K->2048K(815104K)] 1813555K->1001907K(1839104K), 0.0104010 secs] [Times: user=0.06 sys=0.00, real=0.01 secs] 
633.833: [GC
Desired survivor size 3670016 bytes, new threshold 15 (max 15)
 [PSYoungGen: 813056K->2080K(815616K)] 1812915K->1001987K(1839616K), 0.0102070 secs] [Times: user=0.07 sys=0.00, real=0.01 secs] 
634.145: [GC
Desired survivor size 3670016 bytes, new threshold 15 (max 15)
 [PSYoungGen: 814112K->1248K(815616K)] 1814019K->1001219K(1839616K), 0.0098130 secs] [Times: user=0.06 sys=0.00, real=0.01 secs] 
634.411: [GC
Desired survivor size 3670016 bytes, new threshold 15 (max 15)
 [PSYoungGen: 813280K->1248K(815616K)] 1813251K->1001267K(1839616K), 0.0104030 secs] [Times: user=0.04 sys=0.00, real=0.01 secs] 
634.691: [GC
Desired survivor size 3670016 bytes, new threshold 15 (max 15)
 [PSYoungGen: 813280K->896K(815616K)] 1813299K->1000971K(1839616K), 0.0095750 secs] [Times: user=0.05 sys=0.01, real=0.01 secs] 
634.979: [GC
Desired survivor size 3670016 bytes, new threshold 15 (max 15)
 [PSYoungGen: 812928K->1760K(815616K)] 1813003K->1001883K(1839616K), 0.0099740 secs] [Times: user=0.06 sys=0.00, real=0.01 secs] 
635.244: [GC
Desired survivor size 3670016 bytes, new threshold 15 (max 15)
 [PSYoungGen: 813792K->1056K(815616K)] 1813915K->1001235K(1839616K), 0.0096360 secs] [Times: user=0.05 sys=0.00, real=0.01 secs] 
635.517: [GC
Desired survivor size 3670016 bytes, new threshold 15 (max 15)
 [PSYoungGen: 813088K->960K(815616K)] 1813267K->1001187K(1839616K), 0.0094280 secs] [Times: user=0.05 sys=0.00, real=0.01 secs] 
635.795: [GC
Desired survivor size 3145728 bytes, new threshold 15 (max 15)
 [PSYoungGen: 812992K->1184K(815616K)] 1813219K->1001475K(1839616K), 0.0101360 secs] [Times: user=0.05 sys=0.00, real=0.01 secs] 
636.051: [GC
Desired survivor size 3670016 bytes, new threshold 15 (max 15)
 [PSYoungGen: 813216K->2624K(815104K)] 1813507K->1002947K(1839104K), 0.0103890 secs] [Times: user=0.07 sys=0.00, real=0.01 secs] 
636.313: [GC
Desired survivor size 3670016 bytes, new threshold 15 (max 15)
 [PSYoungGen: 814656K->1856K(815616K)] 1814979K->1002235K(1839616K), 0.0100730 secs] [Times: user=0.06 sys=0.00, real=0.01 secs] 
636.586: [GC
Desired survivor size 3670016 bytes, new threshold 15 (max 15)
 [PSYoungGen: 813888K->672K(815616K)] 1814267K->1001115K(1839616K), 0.0095580 secs] [Times: user=0.06 sys=0.00, real=0.01 secs] 
636.859: [GC
Desired survivor size 3670016 bytes, new threshold 15 (max 15)
 [PSYoungGen: 812704K->1856K(815616K)] 1813147K->1002451K(1839616K), 0.0100840 secs] [Times: user=0.06 sys=0.00, real=0.01 secs] 
637.125: [GC
Desired survivor size 3145728 bytes, new threshold 15 (max 15)
 [PSYoungGen: 813888K->1248K(816128K)] 1814483K->1001899K(1840128K), 0.0100960 secs] [Times: user=0.05 sys=0.00, real=0.01 secs] 
637.382: [GC
Desired survivor size 3145728 bytes, new threshold 15 (max 15)
 [PSYoungGen: 813792K->1792K(815616K)] 1814443K->1002499K(1839616K), 0.0102350 secs] [Times: user=0.06 sys=0.00, real=0.01 secs] 
637.650: [GC
Desired survivor size 3670016 bytes, new threshold 15 (max 15)
 [PSYoungGen: 814336K->2880K(815104K)] 1815043K->1003635K(1839104K), 0.0113050 secs] [Times: user=0.07 sys=0.00, real=0.01 secs] 
637.918: [GC
Desired survivor size 4194304 bytes, new threshold 14 (max 15)
 [PSYoungGen: 814912K->3584K(815616K)] 1815667K->1004411K(1839616K), 0.0118990 secs] [Times: user=0.07 sys=0.00, real=0.01 secs] 
638.186: [GC
Desired survivor size 4718592 bytes, new threshold 15 (max 15)
 [PSYoungGen: 815616K->3168K(813568K)] 1816443K->1004059K(1837568K), 0.0107410 secs] [Times: user=0.06 sys=0.00, real=0.01 secs] 
638.450: [GC
Desired survivor size 4718592 bytes, new threshold 15 (max 15)
 [PSYoungGen: 813152K->3072K(814592K)] 1814043K->1003963K(1838592K), 0.0106950 secs] [Times: user=0.07 sys=0.00, real=0.01 secs] 
638.727: [GC
Desired survivor size 4718592 bytes, new threshold 15 (max 15)
 [PSYoungGen: 813056K->1248K(814592K)] 1813947K->1002203K(1838592K), 0.0096780 secs] [Times: user=0.06 sys=0.00, real=0.01 secs] 
638.996: [GC
Desired survivor size 4718592 bytes, new threshold 15 (max 15)
 [PSYoungGen: 811232K->1312K(814592K)] 1812187K->1002331K(1838592K), 0.0099440 secs] [Times: user=0.05 sys=0.00, real=0.01 secs] 
639.259: [GC
Desired survivor size 4718592 bytes, new threshold 15 (max 15)
 [PSYoungGen: 811296K->2816K(814592K)] 1812315K->1003891K(1838592K), 0.0100700 secs] [Times: user=0.06 sys=0.00, real=0.01 secs] 
639.525: [GC
Desired survivor size 4718592 bytes, new threshold 15 (max 15)
 [PSYoungGen: 812800K->1184K(814592K)] 1813875K->1002323K(1838592K), 0.0099890 secs] [Times: user=0.05 sys=0.00, real=0.01 secs] 
639.801: [GC
Desired survivor size 4718592 bytes, new threshold 15 (max 15)
 [PSYoungGen: 811168K->1024K(814592K)] 1812307K->1002227K(1838592K), 0.0095540 secs] [Times: user=0.05 sys=0.00, real=0.01 secs] 
640.069: [GC
Desired survivor size 4194304 bytes, new threshold 15 (max 15)
 [PSYoungGen: 811008K->2048K(814592K)] 1812211K->1003315K(1838592K), 0.0102120 secs] [Times: user=0.06 sys=0.00, real=0.01 secs] 
640.342: [GC
Desired survivor size 4194304 bytes, new threshold 15 (max 15)
 [PSYoungGen: 812032K->800K(815104K)] 1813299K->1002123K(1839104K), 0.0096030 secs] [Times: user=0.05 sys=0.00, real=0.01 secs] 
640.607: [GC
Desired survivor size 4718592 bytes, new threshold 15 (max 15)
 [PSYoungGen: 811808K->3712K(815104K)] 1813131K->1005091K(1839104K), 0.0117540 secs] [Times: user=0.07 sys=0.00, real=0.01 secs] 
640.879: [GC
Desired survivor size 4718592 bytes, new threshold 15 (max 15)
 [PSYoungGen: 814720K->1952K(814080K)] 1816099K->1003387K(1838080K), 0.0102950 secs] [Times: user=0.06 sys=0.00, real=0.01 secs] 
641.145: [GC
Desired survivor size 4194304 bytes, new threshold 15 (max 15)
 [PSYoungGen: 811936K->2080K(814592K)] 1813371K->1003571K(1838592K), 0.0104580 secs] [Times: user=0.06 sys=0.00, real=0.01 secs] 
641.414: [GC
Desired survivor size 4194304 bytes, new threshold 15 (max 15)
 [PSYoungGen: 812064K->2016K(815104K)] 1813555K->1003571K(1839104K), 0.0102660 secs] [Times: user=0.05 sys=0.00, real=0.01 secs] 
641.682: [GC
Desired survivor size 4194304 bytes, new threshold 15 (max 15)
 [PSYoungGen: 813024K->2080K(815104K)] 1814579K->1003723K(1839104K), 0.0107720 secs] [Times: user=0.06 sys=0.00, real=0.01 secs] 
641.961: [GC
Desired survivor size 4194304 bytes, new threshold 15 (max 15)
 [PSYoungGen: 813088K->3328K(815104K)] 1814731K->1005027K(1839104K), 0.0103230 secs] [Times: user=0.06 sys=0.00, real=0.01 secs] 
642.224: [GC
Desired survivor size 4194304 bytes, new threshold 15 (max 15)
 [PSYoungGen: 814336K->1152K(815104K)] 1816035K->1002915K(1839104K), 0.0095250 secs] [Times: user=0.06 sys=0.00, real=0.00 secs] 
642.485: [GC
Desired survivor size 4194304 bytes, new threshold 15 (max 15)
 [PSYoungGen: 812160K->2048K(815104K)] 1813923K->1003875K(1839104K), 0.0106130 secs] [Times: user=0.06 sys=0.00, real=0.01 secs] 
642.766: [GC
Desired survivor size 4194304 bytes, new threshold 15 (max 15)
 [PSYoungGen: 813056K->1952K(815104K)] 1814883K->1003835K(1839104K), 0.0103970 secs] [Times: user=0.07 sys=0.00, real=0.01 secs] 
643.031: [GC
Desired survivor size 4194304 bytes, new threshold 15 (max 15)
 [PSYoungGen: 812960K->736K(815104K)] 1814843K->1002683K(1839104K), 0.0095880 secs] [Times: user=0.05 sys=0.00, real=0.01 secs] 
643.294: [GC
Desired survivor size 4194304 bytes, new threshold 15 (max 15)
 [PSYoungGen: 811744K->2784K(815104K)] 1813691K->1004787K(1839104K), 0.0106310 secs] [Times: user=0.06 sys=0.00, real=0.01 secs] 
643.564: [GC
Desired survivor size 4194304 bytes, new threshold 15 (max 15)
 [PSYoungGen: 813792K->2048K(815104K)] 1815795K->1004115K(1839104K), 0.0100120 secs] [Times: user=0.06 sys=0.00, real=0.01 secs] 
643.838: [GC
Desired survivor size 3670016 bytes, new threshold 15 (max 15)
 [PSYoungGen: 813056K->1792K(815104K)] 1815123K->1003923K(1839104K), 0.0097420 secs] [Times: user=0.06 sys=0.00, real=0.01 secs] 
644.108: [GC
Desired survivor size 3670016 bytes, new threshold 15 (max 15)
 [PSYoungGen: 812800K->1792K(815616K)] 1814931K->1003979K(1839616K), 0.0101680 secs] [Times: user=0.06 sys=0.00, real=0.01 secs] 
644.373: [GC
Desired survivor size 3670016 bytes, new threshold 15 (max 15)
 [PSYoungGen: 813824K->1472K(815616K)] 1816011K->1003715K(1839616K), 0.0096740 secs] [Times: user=0.05 sys=0.01, real=0.01 secs] 
644.638: [GC
Desired survivor size 4194304 bytes, new threshold 15 (max 15)
 [PSYoungGen: 813504K->2944K(814592K)] 1815747K->1005251K(1838592K), 0.0108120 secs] [Times: user=0.06 sys=0.00, real=0.01 secs] 
644.905: [GC
Desired survivor size 3670016 bytes, new threshold 15 (max 15)
 [PSYoungGen: 813952K->1120K(815104K)] 1816259K->1003491K(1839104K), 0.0094890 secs] [Times: user=0.05 sys=0.00, real=0.01 secs] 
645.175: [GC
Desired survivor size 3670016 bytes, new threshold 15 (max 15)
 [PSYoungGen: 812128K->1280K(815616K)] 1814499K->1003715K(1839616K), 0.0096850 secs] [Times: user=0.06 sys=0.00, real=0.01 secs] 
645.442: [GC
Desired survivor size 3670016 bytes, new threshold 15 (max 15)
 [PSYoungGen: 813312K->1824K(815616K)] 1815747K->1004307K(1839616K), 0.0100820 secs] [Times: user=0.07 sys=0.00, real=0.01 secs] 
645.726: [GC
Desired survivor size 3670016 bytes, new threshold 15 (max 15)
 [PSYoungGen: 813856K->1152K(815616K)] 1816339K->1003691K(1839616K), 0.0099490 secs] [Times: user=0.06 sys=0.00, real=0.01 secs] 
645.988: [GC
Desired survivor size 3670016 bytes, new threshold 15 (max 15)
 [PSYoungGen: 813184K->672K(815616K)] 1815723K->1003267K(1839616K), 0.0095560 secs] [Times: user=0.04 sys=0.00, real=0.01 secs] 
646.254: [GC
Desired survivor size 4194304 bytes, new threshold 15 (max 15)
 [PSYoungGen: 812704K->2752K(814592K)] 1815299K->1005395K(1838592K), 0.0107220 secs] [Times: user=0.06 sys=0.00, real=0.01 secs] 
646.526: [GC
Desired survivor size 4194304 bytes, new threshold 15 (max 15)
 [PSYoungGen: 813760K->3520K(815104K)] 1816403K->1006219K(1839104K), 0.0107130 secs] [Times: user=0.07 sys=0.00, real=0.01 secs] 
646.796: [GC
Desired survivor size 4194304 bytes, new threshold 15 (max 15)
 [PSYoungGen: 814528K->1056K(815104K)] 1817227K->1003811K(1839104K), 0.0098950 secs] [Times: user=0.06 sys=0.00, real=0.01 secs] 
647.060: [GC
Desired survivor size 4194304 bytes, new threshold 15 (max 15)
 [PSYoungGen: 812064K->1856K(815104K)] 1814819K->1004659K(1839104K), 0.0102920 secs] [Times: user=0.06 sys=0.00, real=0.01 secs] 
647.325: [GC
Desired survivor size 4718592 bytes, new threshold 15 (max 15)
 [PSYoungGen: 812864K->3840K(814080K)] 1815667K->1006699K(1838080K), 0.0112980 secs] [Times: user=0.06 sys=0.00, real=0.02 secs] 
647.592: [GC
Desired survivor size 4718592 bytes, new threshold 15 (max 15)
 [PSYoungGen: 813824K->1536K(814592K)] 1816683K->1004459K(1838592K), 0.0098410 secs] [Times: user=0.06 sys=0.00, real=0.01 secs] 
647.860: [GC
Desired survivor size 4194304 bytes, new threshold 15 (max 15)
 [PSYoungGen: 811520K->2240K(815104K)] 1814443K->1005219K(1839104K), 0.0100970 secs] [Times: user=0.06 sys=0.00, real=0.01 secs] 
648.167: [GC
Desired survivor size 4194304 bytes, new threshold 15 (max 15)
 [PSYoungGen: 812736K->2656K(814592K)] 1815715K->1005683K(1838592K), 0.0129870 secs] [Times: user=0.05 sys=0.00, real=0.01 secs] 
648.476: [GC
Desired survivor size 5242880 bytes, new threshold 14 (max 15)
 [PSYoungGen: 813152K->4096K(813056K)] 1816179K->1007307K(1837056K), 0.0117520 secs] [Times: user=0.07 sys=0.01, real=0.01 secs] 
648.749: [GC
Desired survivor size 4718592 bytes, new threshold 15 (max 15)
 [PSYoungGen: 813056K->1696K(814080K)] 1816267K->1004971K(1838080K), 0.0102030 secs] [Times: user=0.06 sys=0.00, real=0.01 secs] 
649.011: [GC
Desired survivor size 4718592 bytes, new threshold 15 (max 15)
 [PSYoungGen: 810656K->1760K(814592K)] 1813931K->1005035K(1838592K), 0.0109580 secs] [Times: user=0.06 sys=0.00, real=0.01 secs] 
649.277: [GC
Desired survivor size 4718592 bytes, new threshold 15 (max 15)
 [PSYoungGen: 811744K->1088K(814592K)] 1815019K->1004427K(1838592K), 0.0099360 secs] [Times: user=0.06 sys=0.00, real=0.01 secs] 
649.534: [GC
Desired survivor size 4718592 bytes, new threshold 15 (max 15)
 [PSYoungGen: 811072K->2976K(814592K)] 1814411K->1006379K(1838592K), 0.0111040 secs] [Times: user=0.06 sys=0.00, real=0.01 secs] 
649.862: [GC
Desired survivor size 4718592 bytes, new threshold 15 (max 15)
 [PSYoungGen: 812960K->1248K(814592K)] 1816363K->1004731K(1838592K), 0.0096770 secs] [Times: user=0.06 sys=0.00, real=0.01 secs] 
650.127: [GC
Desired survivor size 4718592 bytes, new threshold 15 (max 15)
 [PSYoungGen: 811232K->1184K(814592K)] 1814715K->1004731K(1838592K), 0.0094420 secs] [Times: user=0.06 sys=0.00, real=0.01 secs] 
650.390: [GC
Desired survivor size 4718592 bytes, new threshold 15 (max 15)
 [PSYoungGen: 811168K->2432K(814592K)] 1814715K->1006035K(1838592K), 0.0108220 secs] [Times: user=0.06 sys=0.00, real=0.01 secs] 
650.655: [GC
Desired survivor size 4718592 bytes, new threshold 15 (max 15)
 [PSYoungGen: 812416K->3488K(814592K)] 1816019K->1007147K(1838592K), 0.0116310 secs] [Times: user=0.07 sys=0.00, real=0.01 secs] 
650.936: [GC
Desired survivor size 5242880 bytes, new threshold 15 (max 15)
 [PSYoungGen: 813472K->3104K(813568K)] 1817131K->1006827K(1837568K), 0.0110260 secs] [Times: user=0.06 sys=0.00, real=0.01 secs] 
651.202: [GC
Desired survivor size 5242880 bytes, new threshold 15 (max 15)
 [PSYoungGen: 813088K->1216K(814080K)] 1816811K->1004995K(1838080K), 0.0100210 secs] [Times: user=0.06 sys=0.00, real=0.01 secs] 
651.460: [GC
Desired survivor size 4718592 bytes, new threshold 15 (max 15)
 [PSYoungGen: 810176K->2272K(814080K)] 1813955K->1006107K(1838080K), 0.0108120 secs] [Times: user=0.05 sys=0.01, real=0.01 secs] 
651.735: [GC
Desired survivor size 4718592 bytes, new threshold 15 (max 15)
 [PSYoungGen: 811232K->3200K(814592K)] 1815067K->1007099K(1838592K), 0.0109320 secs] [Times: user=0.06 sys=0.00, real=0.01 secs] 
652.008: [GC
Desired survivor size 4718592 bytes, new threshold 15 (max 15)
 [PSYoungGen: 813184K->1184K(814592K)] 1817083K->1005131K(1838592K), 0.0098230 secs] [Times: user=0.05 sys=0.00, real=0.01 secs] 
652.273: [GC
Desired survivor size 4718592 bytes, new threshold 15 (max 15)
 [PSYoungGen: 811168K->2016K(814592K)] 1815115K->1006027K(1838592K), 0.0102290 secs] [Times: user=0.06 sys=0.00, real=0.01 secs] 
652.533: [GC
Desired survivor size 4718592 bytes, new threshold 15 (max 15)
 [PSYoungGen: 812000K->2624K(814592K)] 1816011K->1006715K(1838592K), 0.0109100 secs] [Times: user=0.07 sys=0.00, real=0.01 secs] 
652.805: [GC
Desired survivor size 4718592 bytes, new threshold 15 (max 15)
 [PSYoungGen: 812608K->864K(814592K)] 1816699K->1005019K(1838592K), 0.0102370 secs] [Times: user=0.05 sys=0.00, real=0.01 secs] 
653.065: [GC
Desired survivor size 4718592 bytes, new threshold 15 (max 15)
 [PSYoungGen: 810848K->2400K(814592K)] 1815003K->1006619K(1838592K), 0.0104160 secs] [Times: user=0.06 sys=0.00, real=0.01 secs] 
653.333: [GC
Desired survivor size 4718592 bytes, new threshold 15 (max 15)
 [PSYoungGen: 812384K->768K(814592K)] 1816603K->1005051K(1838592K), 0.0097060 secs] [Times: user=0.05 sys=0.00, real=0.01 secs] 
653.597: [GC
Desired survivor size 4718592 bytes, new threshold 15 (max 15)
 [PSYoungGen: 810752K->928K(814592K)] 1815035K->1005275K(1838592K), 0.0098070 secs] [Times: user=0.05 sys=0.00, real=0.01 secs] 
653.866: [GC
Desired survivor size 4194304 bytes, new threshold 15 (max 15)
 [PSYoungGen: 810912K->1440K(815104K)] 1815259K->1005811K(1839104K), 0.0101050 secs] [Times: user=0.06 sys=0.00, real=0.01 secs] 
654.165: [GC
Desired survivor size 4194304 bytes, new threshold 15 (max 15)
 [PSYoungGen: 811936K->2240K(814592K)] 1816307K->1006667K(1838592K), 0.0103900 secs] [Times: user=0.07 sys=0.00, real=0.01 secs] 
654.428: [GC
Desired survivor size 4718592 bytes, new threshold 15 (max 15)
 [PSYoungGen: 812736K->3712K(814080K)] 1817163K->1008195K(1838080K), 0.0115500 secs] [Times: user=0.07 sys=0.00, real=0.01 secs] 
654.700: [GC
Desired survivor size 4718592 bytes, new threshold 15 (max 15)
 [PSYoungGen: 813696K->1696K(814592K)] 1818179K->1006243K(1838592K), 0.0133200 secs] [Times: user=0.07 sys=0.00, real=0.01 secs] 
654.974: [GC
Desired survivor size 4718592 bytes, new threshold 15 (max 15)
 [PSYoungGen: 811680K->2304K(814592K)] 1816227K->1006915K(1838592K), 0.0104520 secs] [Times: user=0.05 sys=0.00, real=0.01 secs] 
655.237: [GC
Desired survivor size 4718592 bytes, new threshold 15 (max 15)
 [PSYoungGen: 812288K->928K(814592K)] 1816899K->1005595K(1838592K), 0.0094010 secs] [Times: user=0.06 sys=0.00, real=0.01 secs] 
655.501: [GC
Desired survivor size 4194304 bytes, new threshold 15 (max 15)
 [PSYoungGen: 810912K->1152K(815104K)] 1815579K->1005883K(1839104K), 0.0102120 secs] [Times: user=0.05 sys=0.00, real=0.01 secs] 
655.784: [GC
Desired survivor size 4194304 bytes, new threshold 15 (max 15)
 [PSYoungGen: 811648K->1696K(814592K)] 1816379K->1006467K(1838592K), 0.0101230 secs] [Times: user=0.07 sys=0.00, real=0.01 secs] 
656.044: [GC
Desired survivor size 4194304 bytes, new threshold 15 (max 15)
 [PSYoungGen: 812192K->1792K(815104K)] 1816963K->1006627K(1839104K), 0.0103760 secs] [Times: user=0.05 sys=0.00, real=0.01 secs] 
656.309: [GC
Desired survivor size 3670016 bytes, new threshold 15 (max 15)
 [PSYoungGen: 812800K->1664K(815104K)] 1817635K->1006563K(1839104K), 0.0116030 secs] [Times: user=0.06 sys=0.00, real=0.01 secs] 
656.584: [GC
Desired survivor size 3670016 bytes, new threshold 15 (max 15)
 [PSYoungGen: 812672K->2464K(815616K)] 1817571K->1007419K(1839616K), 0.0108590 secs] [Times: user=0.06 sys=0.00, real=0.01 secs] 
656.855: [GC
Desired survivor size 3670016 bytes, new threshold 15 (max 15)
 [PSYoungGen: 814496K->1760K(815616K)] 1819451K->1006771K(1839616K), 0.0102300 secs] [Times: user=0.06 sys=0.00, real=0.01 secs] 
657.119: [GC
Desired survivor size 3670016 bytes, new threshold 15 (max 15)
 [PSYoungGen: 813792K->2176K(815616K)] 1818803K->1007251K(1839616K), 0.0103150 secs] [Times: user=0.06 sys=0.00, real=0.01 secs] 
657.384: [GC
Desired survivor size 3670016 bytes, new threshold 15 (max 15)
 [PSYoungGen: 814208K->2752K(815616K)] 1819283K->1007891K(1839616K), 0.0108910 secs] [Times: user=0.06 sys=0.00, real=0.01 secs] 
657.641: [GC
Desired survivor size 4194304 bytes, new threshold 15 (max 15)
 [PSYoungGen: 814784K->3520K(814592K)] 1819923K->1008723K(1838592K), 0.0112670 secs] [Times: user=0.06 sys=0.00, real=0.01 secs] 
657.913: [GC
Desired survivor size 4194304 bytes, new threshold 15 (max 15)
 [PSYoungGen: 814528K->2048K(815104K)] 1819731K->1007291K(1839104K), 0.0103390 secs] [Times: user=0.05 sys=0.00, real=0.01 secs] 
658.183: [GC
Desired survivor size 4194304 bytes, new threshold 15 (max 15)
 [PSYoungGen: 813056K->1376K(815104K)] 1818299K->1006667K(1839104K), 0.0100330 secs] [Times: user=0.05 sys=0.00, real=0.01 secs] 
658.442: [GC
Desired survivor size 4718592 bytes, new threshold 15 (max 15)
 [PSYoungGen: 812384K->4032K(815104K)] 1817675K->1009355K(1839104K), 0.0114940 secs] [Times: user=0.06 sys=0.00, real=0.01 secs] 
658.703: [GC
Desired survivor size 4718592 bytes, new threshold 15 (max 15)
 [PSYoungGen: 815040K->416K(814080K)] 1820363K->1005795K(1838080K), 0.0229910 secs] [Times: user=0.09 sys=0.00, real=0.02 secs] 
658.984: [GC
Desired survivor size 4718592 bytes, new threshold 15 (max 15)
 [PSYoungGen: 810400K->1056K(814592K)] 1815779K->1006499K(1838592K), 0.0098660 secs] [Times: user=0.05 sys=0.00, real=0.01 secs] 
659.250: [GC
Desired survivor size 4718592 bytes, new threshold 15 (max 15)
 [PSYoungGen: 811040K->1408K(814592K)] 1816483K->1006883K(1838592K), 0.0099600 secs] [Times: user=0.06 sys=0.00, real=0.01 secs] 
659.511: [GC
Desired survivor size 4718592 bytes, new threshold 15 (max 15)
 [PSYoungGen: 811392K->3008K(814592K)] 1816867K->1008531K(1838592K), 0.0108790 secs] [Times: user=0.06 sys=0.00, real=0.01 secs] 
659.840: [GC
Desired survivor size 4718592 bytes, new threshold 15 (max 15)
 [PSYoungGen: 812992K->1600K(814592K)] 1818515K->1007187K(1838592K), 0.0102400 secs] [Times: user=0.06 sys=0.00, real=0.01 secs] 
660.106: [GC
Desired survivor size 4194304 bytes, new threshold 15 (max 15)
 [PSYoungGen: 811584K->2080K(814592K)] 1817171K->1007715K(1838592K), 0.0105490 secs] [Times: user=0.07 sys=0.00, real=0.01 secs] 
660.367: [GC
Desired survivor size 4194304 bytes, new threshold 15 (max 15)
 [PSYoungGen: 812064K->1152K(815104K)] 1817699K->1006851K(1839104K), 0.0100530 secs] [Times: user=0.05 sys=0.00, real=0.01 secs] 
660.643: [GC
Desired survivor size 4194304 bytes, new threshold 15 (max 15)
 [PSYoungGen: 812160K->1440K(815104K)] 1817859K->1007187K(1839104K), 0.0098580 secs] [Times: user=0.05 sys=0.01, real=0.01 secs] 
660.916: [GC
Desired survivor size 4194304 bytes, new threshold 15 (max 15)
 [PSYoungGen: 812448K->992K(815104K)] 1818195K->1006787K(1839104K), 0.0099010 secs] [Times: user=0.05 sys=0.00, real=0.01 secs] 
661.174: [GC
Desired survivor size 4194304 bytes, new threshold 15 (max 15)
 [PSYoungGen: 812000K->2400K(815104K)] 1817795K->1008251K(1839104K), 0.0103450 secs] [Times: user=0.06 sys=0.00, real=0.01 secs] 
661.443: [GC
Desired survivor size 4194304 bytes, new threshold 15 (max 15)
 [PSYoungGen: 813408K->928K(815104K)] 1819259K->1006843K(1839104K), 0.0098290 secs] [Times: user=0.05 sys=0.00, real=0.01 secs] 
661.714: [GC
Desired survivor size 4194304 bytes, new threshold 15 (max 15)
 [PSYoungGen: 811936K->3104K(815104K)] 1817851K->1009067K(1839104K), 0.0183090 secs] [Times: user=0.07 sys=0.00, real=0.02 secs] 
661.989: [GC
Desired survivor size 4194304 bytes, new threshold 15 (max 15)
 [PSYoungGen: 814112K->1248K(815104K)] 1820075K->1007275K(1839104K), 0.0099460 secs] [Times: user=0.06 sys=0.01, real=0.01 secs] 
662.257: [GC
Desired survivor size 4194304 bytes, new threshold 15 (max 15)
 [PSYoungGen: 812256K->1824K(815104K)] 1818283K->1007915K(1839104K), 0.0107170 secs] [Times: user=0.05 sys=0.00, real=0.01 secs] 
662.522: [GC
Desired survivor size 4194304 bytes, new threshold 15 (max 15)
 [PSYoungGen: 812832K->2016K(815104K)] 1818923K->1008139K(1839104K), 0.0102250 secs] [Times: user=0.06 sys=0.00, real=0.01 secs] 
662.804: [GC
Desired survivor size 4194304 bytes, new threshold 15 (max 15)
 [PSYoungGen: 813024K->960K(815104K)] 1819147K->1007147K(1839104K), 0.0098810 secs] [Times: user=0.06 sys=0.00, real=0.01 secs] 
663.072: [GC
Desired survivor size 3670016 bytes, new threshold 15 (max 15)
 [PSYoungGen: 811968K->1216K(815616K)] 1818155K->1007467K(1839616K), 0.0121460 secs] [Times: user=0.06 sys=0.01, real=0.01 secs] 
663.338: [GC
Desired survivor size 3670016 bytes, new threshold 15 (max 15)
 [PSYoungGen: 812736K->448K(815104K)] 1818987K->1006755K(1839104K), 0.0093090 secs] [Times: user=0.05 sys=0.00, real=0.01 secs] 
663.603: [GC
Desired survivor size 4194304 bytes, new threshold 15 (max 15)
 [PSYoungGen: 811968K->2496K(814592K)] 1818275K->1008859K(1838592K), 0.0105170 secs] [Times: user=0.06 sys=0.01, real=0.01 secs] 
663.874: [GC
Desired survivor size 4194304 bytes, new threshold 15 (max 15)
 [PSYoungGen: 813504K->2944K(815104K)] 1819867K->1009363K(1839104K), 0.0110590 secs] [Times: user=0.07 sys=0.00, real=0.01 secs] 
664.138: [GC
Desired survivor size 4194304 bytes, new threshold 15 (max 15)
 [PSYoungGen: 813952K->928K(815104K)] 1820371K->1007411K(1839104K), 0.0095180 secs] [Times: user=0.05 sys=0.00, real=0.01 secs] 
664.455: [GC
Desired survivor size 4194304 bytes, new threshold 15 (max 15)
 [PSYoungGen: 811936K->1824K(815104K)] 1818419K->1008355K(1839104K), 0.0188080 secs] [Times: user=0.09 sys=0.00, real=0.02 secs] 
664.887: [GC
Desired survivor size 4194304 bytes, new threshold 15 (max 15)
 [PSYoungGen: 812832K->1952K(815104K)] 1819363K->1008547K(1839104K), 0.0103230 secs] [Times: user=0.06 sys=0.01, real=0.01 secs] 
665.155: [GC
Desired survivor size 4194304 bytes, new threshold 15 (max 15)
 [PSYoungGen: 812960K->704K(815104K)] 1819555K->1007363K(1839104K), 0.0099200 secs] [Times: user=0.06 sys=0.00, real=0.01 secs] 
665.421: [GC
Desired survivor size 3670016 bytes, new threshold 15 (max 15)
 [PSYoungGen: 811712K->1120K(815616K)] 1818371K->1007835K(1839616K), 0.0097740 secs] [Times: user=0.06 sys=0.00, real=0.01 secs] 
665.689: [GC
Desired survivor size 4194304 bytes, new threshold 15 (max 15)
 [PSYoungGen: 812640K->3520K(815104K)] 1819355K->1010299K(1839104K), 0.0111850 secs] [Times: user=0.07 sys=0.00, real=0.02 secs] 
665.967: [GC
Desired survivor size 4194304 bytes, new threshold 15 (max 15)
 [PSYoungGen: 815040K->1344K(815104K)] 1821819K->1008187K(1839104K), 0.0103660 secs] [Times: user=0.05 sys=0.00, real=0.01 secs] 
666.232: [GC
Desired survivor size 4194304 bytes, new threshold 15 (max 15)
 [PSYoungGen: 812352K->576K(815104K)] 1819195K->1007483K(1839104K), 0.0096530 secs] [Times: user=0.05 sys=0.00, real=0.01 secs] 
666.492: [GC
Desired survivor size 4194304 bytes, new threshold 15 (max 15)
 [PSYoungGen: 811584K->1184K(815104K)] 1818491K->1008155K(1839104K), 0.0101090 secs] [Times: user=0.06 sys=0.00, real=0.01 secs] 
666.769: [GC
Desired survivor size 4194304 bytes, new threshold 15 (max 15)
 [PSYoungGen: 812192K->2752K(815104K)] 1819163K->1009787K(1839104K), 0.0104410 secs] [Times: user=0.06 sys=0.00, real=0.01 secs] 
667.029: [GC
Desired survivor size 4194304 bytes, new threshold 15 (max 15)
 [PSYoungGen: 813760K->1152K(815104K)] 1820795K->1008243K(1839104K), 0.0099560 secs] [Times: user=0.06 sys=0.00, real=0.01 secs] 
667.298: [GC
Desired survivor size 4194304 bytes, new threshold 15 (max 15)
 [PSYoungGen: 812160K->800K(815104K)] 1819251K->1007955K(1839104K), 0.0097570 secs] [Times: user=0.05 sys=0.00, real=0.01 secs] 
667.567: [GC
Desired survivor size 4194304 bytes, new threshold 15 (max 15)
 [PSYoungGen: 811808K->1824K(815104K)] 1818963K->1009043K(1839104K), 0.0099270 secs] [Times: user=0.06 sys=0.00, real=0.01 secs] 
667.844: [GC
Desired survivor size 3670016 bytes, new threshold 15 (max 15)
 [PSYoungGen: 812832K->1632K(815104K)] 1820051K->1008915K(1839104K), 0.0105500 secs] [Times: user=0.07 sys=0.00, real=0.01 secs] 
668.116: [GC
Desired survivor size 3670016 bytes, new threshold 15 (max 15)
 [PSYoungGen: 812640K->1536K(815616K)] 1819923K->1008883K(1839616K), 0.0101950 secs] [Times: user=0.06 sys=0.00, real=0.01 secs] 
668.374: [GC
Desired survivor size 3670016 bytes, new threshold 15 (max 15)
 [PSYoungGen: 813568K->2304K(815616K)] 1820915K->1009691K(1839616K), 0.0106640 secs] [Times: user=0.06 sys=0.00, real=0.01 secs] 
668.645: [GC
Desired survivor size 3670016 bytes, new threshold 15 (max 15)
 [PSYoungGen: 814336K->1664K(815616K)] 1821723K->1009115K(1839616K), 0.0102810 secs] [Times: user=0.07 sys=0.01, real=0.01 secs] 
668.918: [GC
Desired survivor size 3670016 bytes, new threshold 15 (max 15)
 [PSYoungGen: 813696K->2432K(815616K)] 1821147K->1009947K(1839616K), 0.0107250 secs] [Times: user=0.07 sys=0.00, real=0.01 secs] 
669.184: [GC
Desired survivor size 3670016 bytes, new threshold 15 (max 15)
 [PSYoungGen: 814464K->2368K(815616K)] 1821979K->1009947K(1839616K), 0.0105540 secs] [Times: user=0.06 sys=0.01, real=0.01 secs] 
669.442: [GC
Desired survivor size 3670016 bytes, new threshold 15 (max 15)
 [PSYoungGen: 814400K->2688K(815616K)] 1821979K->1010299K(1839616K), 0.0106060 secs] [Times: user=0.06 sys=0.00, real=0.01 secs] 
669.721: [GC
Desired survivor size 3670016 bytes, new threshold 15 (max 15)
 [PSYoungGen: 814720K->2048K(815616K)] 1822331K->1009715K(1839616K), 0.0115890 secs] [Times: user=0.06 sys=0.00, real=0.01 secs] 
669.988: [GC
Desired survivor size 3670016 bytes, new threshold 15 (max 15)
 [PSYoungGen: 814080K->1568K(815616K)] 1821747K->1009299K(1839616K), 0.0099730 secs] [Times: user=0.06 sys=0.00, real=0.01 secs] 
670.258: [GC
Desired survivor size 3670016 bytes, new threshold 15 (max 15)
 [PSYoungGen: 813600K->2528K(815616K)] 1821331K->1010315K(1839616K), 0.0101670 secs] [Times: user=0.05 sys=0.00, real=0.01 secs] 
670.515: [GC
Desired survivor size 3670016 bytes, new threshold 15 (max 15)
 [PSYoungGen: 814560K->1056K(815616K)] 1822347K->1008891K(1839616K), 0.0099460 secs] [Times: user=0.06 sys=0.00, real=0.01 secs] 
670.783: [GC
Desired survivor size 3670016 bytes, new threshold 15 (max 15)
 [PSYoungGen: 813088K->2528K(815616K)] 1820923K->1010411K(1839616K), 0.0107510 secs] [Times: user=0.08 sys=0.00, real=0.01 secs] 
671.046: [GC
Desired survivor size 4194304 bytes, new threshold 15 (max 15)
 [PSYoungGen: 814560K->2592K(815104K)] 1822443K->1010523K(1839104K), 0.0102450 secs] [Times: user=0.05 sys=0.00, real=0.01 secs] 
671.311: [GC
Desired survivor size 4194304 bytes, new threshold 15 (max 15)
 [PSYoungGen: 814624K->1024K(815104K)] 1822555K->1009003K(1839104K), 0.0101100 secs] [Times: user=0.05 sys=0.00, real=0.01 secs] 
671.569: [GC
Desired survivor size 4194304 bytes, new threshold 15 (max 15)
 [PSYoungGen: 812032K->1088K(815104K)] 1820011K->1009107K(1839104K), 0.0095000 secs] [Times: user=0.06 sys=0.00, real=0.01 secs] 
671.844: [GC
Desired survivor size 3670016 bytes, new threshold 15 (max 15)
 [PSYoungGen: 812096K->1664K(815616K)] 1820115K->1009723K(1839616K), 0.0102540 secs] [Times: user=0.06 sys=0.01, real=0.01 secs] 
672.115: [GC
Desired survivor size 3670016 bytes, new threshold 15 (max 15)
 [PSYoungGen: 813184K->1632K(815104K)] 1821243K->1009747K(1839104K), 0.0101120 secs] [Times: user=0.07 sys=0.00, real=0.01 secs] 
672.375: [GC
Desired survivor size 3670016 bytes, new threshold 15 (max 15)
 [PSYoungGen: 813152K->2144K(815616K)] 1821267K->1010291K(1839616K), 0.0109250 secs] [Times: user=0.06 sys=0.00, real=0.01 secs] 
672.642: [GC
Desired survivor size 3670016 bytes, new threshold 15 (max 15)
 [PSYoungGen: 814176K->928K(815616K)] 1822323K->1009123K(1839616K), 0.0095050 secs] [Times: user=0.05 sys=0.00, real=0.01 secs] 
672.929: [GC
Desired survivor size 3670016 bytes, new threshold 15 (max 15)
 [PSYoungGen: 812960K->2496K(815616K)] 1821155K->1010739K(1839616K), 0.0106880 secs] [Times: user=0.06 sys=0.00, real=0.01 secs] 
673.201: [GC
Desired survivor size 4194304 bytes, new threshold 15 (max 15)
 [PSYoungGen: 814528K->3040K(815104K)] 1822771K->1011331K(1839104K), 0.0106880 secs] [Times: user=0.07 sys=0.00, real=0.01 secs] 
673.465: [GC
Desired survivor size 4194304 bytes, new threshold 15 (max 15)
 [PSYoungGen: 815072K->1568K(815104K)] 1823363K->1009923K(1839104K), 0.0099530 secs] [Times: user=0.06 sys=0.00, real=0.01 secs] 
673.743: [GC
Desired survivor size 4194304 bytes, new threshold 15 (max 15)
 [PSYoungGen: 812576K->2976K(815104K)] 1820931K->1011387K(1839104K), 0.0111370 secs] [Times: user=0.07 sys=0.00, real=0.01 secs] 
674.052: [GC
Desired survivor size 4194304 bytes, new threshold 15 (max 15)
 [PSYoungGen: 813984K->1280K(815104K)] 1822395K->1009739K(1839104K), 0.0102970 secs] [Times: user=0.05 sys=0.00, real=0.01 secs] 
674.314: [GC
Desired survivor size 4194304 bytes, new threshold 15 (max 15)
 [PSYoungGen: 812288K->1440K(815104K)] 1820747K->1009947K(1839104K), 0.0112240 secs] [Times: user=0.06 sys=0.00, real=0.01 secs] 
674.582: [GC
Desired survivor size 4718592 bytes, new threshold 15 (max 15)
 [PSYoungGen: 812448K->3584K(814080K)] 1820955K->1012139K(1838080K), 0.0112020 secs] [Times: user=0.06 sys=0.00, real=0.01 secs] 
674.861: [GC
Desired survivor size 4194304 bytes, new threshold 15 (max 15)
 [PSYoungGen: 813568K->2336K(814592K)] 1822123K->1010947K(1838592K), 0.0101240 secs] [Times: user=0.07 sys=0.00, real=0.01 secs] 
675.123: [GC
Desired survivor size 4194304 bytes, new threshold 15 (max 15)
 [PSYoungGen: 812320K->2176K(815104K)] 1820931K->1010835K(1839104K), 0.0100110 secs] [Times: user=0.06 sys=0.00, real=0.01 secs] 
675.389: [GC
Desired survivor size 4194304 bytes, new threshold 15 (max 15)
 [PSYoungGen: 813184K->1184K(815104K)] 1821843K->1009891K(1839104K), 0.0098960 secs] [Times: user=0.06 sys=0.00, real=0.01 secs] 
675.654: [GC
Desired survivor size 4194304 bytes, new threshold 15 (max 15)
 [PSYoungGen: 812192K->2208K(815104K)] 1820899K->1010971K(1839104K), 0.0140860 secs] [Times: user=0.05 sys=0.00, real=0.01 secs] 
675.939: [GC
Desired survivor size 4194304 bytes, new threshold 15 (max 15)
 [PSYoungGen: 813216K->640K(815104K)] 1821979K->1009459K(1839104K), 0.0095330 secs] [Times: user=0.05 sys=0.00, real=0.01 secs] 
676.205: [GC
Desired survivor size 4194304 bytes, new threshold 15 (max 15)
 [PSYoungGen: 811648K->1024K(815104K)] 1820467K->1009907K(1839104K), 0.0098650 secs] [Times: user=0.06 sys=0.00, real=0.01 secs] 
676.464: [GC
Desired survivor size 4194304 bytes, new threshold 15 (max 15)
 [PSYoungGen: 812032K->2528K(815104K)] 1820915K->1011475K(1839104K), 0.0112580 secs] [Times: user=0.06 sys=0.00, real=0.01 secs] 
676.738: [GC
Desired survivor size 4194304 bytes, new threshold 15 (max 15)
 [PSYoungGen: 813536K->2848K(815104K)] 1822483K->1011827K(1839104K), 0.0109200 secs] [Times: user=0.07 sys=0.00, real=0.01 secs] 
677.002: [GC
Desired survivor size 4194304 bytes, new threshold 15 (max 15)
 [PSYoungGen: 813856K->2112K(815104K)] 1822835K->1011155K(1839104K), 0.0108800 secs] [Times: user=0.06 sys=0.00, real=0.01 secs] 
677.265: [GC
Desired survivor size 4194304 bytes, new threshold 15 (max 15)
 [PSYoungGen: 813120K->1696K(815104K)] 1822163K->1010803K(1839104K), 0.0097230 secs] [Times: user=0.05 sys=0.00, real=0.01 secs] 
677.527: [GC
Desired survivor size 4194304 bytes, new threshold 15 (max 15)
 [PSYoungGen: 812704K->1376K(815104K)] 1821811K->1010539K(1839104K), 0.0098700 secs] [Times: user=0.05 sys=0.00, real=0.01 secs] 
677.803: [GC
Desired survivor size 3670016 bytes, new threshold 15 (max 15)
 [PSYoungGen: 812384K->2144K(815616K)] 1821547K->1011355K(1839616K), 0.0102850 secs] [Times: user=0.06 sys=0.00, real=0.01 secs] 
678.076: [GC
Desired survivor size 3670016 bytes, new threshold 15 (max 15)
 [PSYoungGen: 813664K->2080K(815104K)] 1822875K->1011347K(1839104K), 0.0118010 secs] [Times: user=0.08 sys=0.00, real=0.01 secs] 
678.346: [GC
Desired survivor size 3670016 bytes, new threshold 15 (max 15)
 [PSYoungGen: 813600K->1184K(815616K)] 1822867K->1010507K(1839616K), 0.0099030 secs] [Times: user=0.06 sys=0.00, real=0.01 secs] 
678.608: [GC
Desired survivor size 3670016 bytes, new threshold 15 (max 15)
 [PSYoungGen: 813216K->1088K(815616K)] 1822539K->1010467K(1839616K), 0.0099770 secs] [Times: user=0.06 sys=0.01, real=0.01 secs] 
678.886: [GC
Desired survivor size 3670016 bytes, new threshold 15 (max 15)
 [PSYoungGen: 813120K->2144K(815616K)] 1822499K->1011579K(1839616K), 0.0110570 secs] [Times: user=0.07 sys=0.00, real=0.01 secs] 
679.148: [GC
Desired survivor size 3670016 bytes, new threshold 15 (max 15)
 [PSYoungGen: 814176K->2048K(815616K)] 1823611K->1011539K(1839616K), 0.0101330 secs] [Times: user=0.07 sys=0.00, real=0.01 secs] 
679.421: [GC
Desired survivor size 3670016 bytes, new threshold 15 (max 15)
 [PSYoungGen: 814080K->896K(815616K)] 1823571K->1010451K(1839616K), 0.0103370 secs] [Times: user=0.05 sys=0.00, real=0.02 secs] 
679.685: [GC
Desired survivor size 3670016 bytes, new threshold 15 (max 15)
 [PSYoungGen: 812928K->2080K(815616K)] 1822483K->1011691K(1839616K), 0.0103480 secs] [Times: user=0.06 sys=0.00, real=0.01 secs] 
679.965: [GC
Desired survivor size 3670016 bytes, new threshold 15 (max 15)
 [PSYoungGen: 814112K->1824K(815616K)] 1823723K->1011491K(1839616K), 0.0108830 secs] [Times: user=0.05 sys=0.00, real=0.01 secs] 
680.228: [GC
Desired survivor size 3670016 bytes, new threshold 15 (max 15)
 [PSYoungGen: 813856K->1376K(815616K)] 1823523K->1011099K(1839616K), 0.0104510 secs] [Times: user=0.06 sys=0.00, real=0.01 secs] 
680.490: [GC
Desired survivor size 3670016 bytes, new threshold 15 (max 15)
 [PSYoungGen: 813408K->3168K(815616K)] 1823131K->1012955K(1839616K), 0.0105240 secs] [Times: user=0.06 sys=0.00, real=0.01 secs] 
680.762: [GC
Desired survivor size 4194304 bytes, new threshold 15 (max 15)
 [PSYoungGen: 815200K->2624K(815104K)] 1824987K->1012467K(1839104K), 0.0104230 secs] [Times: user=0.07 sys=0.00, real=0.01 secs] 
681.033: [GC
Desired survivor size 3670016 bytes, new threshold 15 (max 15)
 [PSYoungGen: 814656K->1280K(815616K)] 1824499K->1011179K(1839616K), 0.0099440 secs] [Times: user=0.06 sys=0.00, real=0.01 secs] 
681.294: [GC
Desired survivor size 4194304 bytes, new threshold 15 (max 15)
 [PSYoungGen: 812800K->2560K(815104K)] 1822699K->1012515K(1839104K), 0.0104050 secs] [Times: user=0.06 sys=0.00, real=0.01 secs] 
681.558: [GC
Desired survivor size 3670016 bytes, new threshold 15 (max 15)
 [PSYoungGen: 814080K->1632K(815616K)] 1824035K->1011643K(1839616K), 0.0105280 secs] [Times: user=0.06 sys=0.00, real=0.01 secs] 
681.831: [GC
Desired survivor size 3670016 bytes, new threshold 15 (max 15)
 [PSYoungGen: 813152K->1504K(815104K)] 1823163K->1011579K(1839104K), 0.0101740 secs] [Times: user=0.06 sys=0.00, real=0.01 secs] 
682.098: [GC
Desired survivor size 4194304 bytes, new threshold 14 (max 15)
 [PSYoungGen: 813024K->3584K(814592K)] 1823099K->1014075K(1838592K), 0.0116710 secs] [Times: user=0.06 sys=0.00, real=0.01 secs] 
682.359: [GC
Desired survivor size 4194304 bytes, new threshold 15 (max 15)
 [PSYoungGen: 814592K->2432K(815104K)] 1825083K->1012979K(1839104K), 0.0108230 secs] [Times: user=0.06 sys=0.00, real=0.01 secs] 
682.623: [GC
Desired survivor size 4194304 bytes, new threshold 15 (max 15)
 [PSYoungGen: 813440K->896K(815104K)] 1823987K->1011443K(1839104K), 0.0095660 secs] [Times: user=0.06 sys=0.00, real=0.01 secs] 
682.897: [GC
Desired survivor size 4194304 bytes, new threshold 15 (max 15)
 [PSYoungGen: 811904K->2496K(815104K)] 1822451K->1013099K(1839104K), 0.0108740 secs] [Times: user=0.07 sys=0.00, real=0.01 secs] 
683.172: [GC
Desired survivor size 4194304 bytes, new threshold 15 (max 15)
 [PSYoungGen: 813504K->1312K(815104K)] 1824107K->1011955K(1839104K), 0.0099770 secs] [Times: user=0.06 sys=0.00, real=0.01 secs] 
683.436: [GC
Desired survivor size 4194304 bytes, new threshold 15 (max 15)
 [PSYoungGen: 812320K->2528K(815104K)] 1822963K->1013235K(1839104K), 0.0106510 secs] [Times: user=0.06 sys=0.01, real=0.01 secs] 
683.702: [GC
Desired survivor size 4194304 bytes, new threshold 15 (max 15)
 [PSYoungGen: 813536K->2112K(815104K)] 1824243K->1012883K(1839104K), 0.0215940 secs] [Times: user=0.08 sys=0.01, real=0.03 secs] 
683.977: [GC
Desired survivor size 4194304 bytes, new threshold 15 (max 15)
 [PSYoungGen: 813120K->3136K(815104K)] 1823891K->1013963K(1839104K), 0.0106120 secs] [Times: user=0.07 sys=0.00, real=0.01 secs] 
684.241: [GC
Desired survivor size 4194304 bytes, new threshold 15 (max 15)
 [PSYoungGen: 814144K->1888K(815104K)] 1824971K->1012763K(1839104K), 0.0104510 secs] [Times: user=0.05 sys=0.00, real=0.01 secs] 
684.501: [GC
Desired survivor size 4194304 bytes, new threshold 15 (max 15)
 [PSYoungGen: 812896K->896K(815104K)] 1823771K->1011819K(1839104K), 0.0096380 secs] [Times: user=0.05 sys=0.00, real=0.01 secs] 
684.774: [GC
Desired survivor size 4194304 bytes, new threshold 15 (max 15)
 [PSYoungGen: 811904K->1856K(815104K)] 1822827K->1012843K(1839104K), 0.0104960 secs] [Times: user=0.06 sys=0.00, real=0.01 secs] 
685.046: [GC
Desired survivor size 4194304 bytes, new threshold 15 (max 15)
 [PSYoungGen: 812864K->1792K(815104K)] 1823851K->1012811K(1839104K), 0.0103020 secs] [Times: user=0.06 sys=0.00, real=0.01 secs] 
685.310: [GC
Desired survivor size 3670016 bytes, new threshold 15 (max 15)
 [PSYoungGen: 812800K->2144K(815616K)] 1823819K->1013219K(1839616K), 0.0101390 secs] [Times: user=0.06 sys=0.00, real=0.01 secs] 
685.573: [GC
Desired survivor size 3670016 bytes, new threshold 15 (max 15)
 [PSYoungGen: 813664K->2368K(815104K)] 1824739K->1013507K(1839104K), 0.0129290 secs] [Times: user=0.07 sys=0.00, real=0.01 secs] 
685.856: [GC
Desired survivor size 3670016 bytes, new threshold 15 (max 15)
 [PSYoungGen: 813888K->1728K(815616K)] 1825027K->1012915K(1839616K), 0.0098580 secs] [Times: user=0.06 sys=0.00, real=0.01 secs] 
686.117: [GC
Desired survivor size 3670016 bytes, new threshold 15 (max 15)
 [PSYoungGen: 813760K->896K(815616K)] 1824947K->1012427K(1839616K), 0.0106650 secs] [Times: user=0.05 sys=0.00, real=0.01 secs] 
686.386: [GC
Desired survivor size 3670016 bytes, new threshold 15 (max 15)
 [PSYoungGen: 812928K->1376K(815616K)] 1824459K->1012939K(1839616K), 0.0102890 secs] [Times: user=0.06 sys=0.00, real=0.01 secs] 
686.655: [GC
Desired survivor size 3670016 bytes, new threshold 15 (max 15)
 [PSYoungGen: 813408K->800K(815616K)] 1824971K->1012411K(1839616K), 0.0097980 secs] [Times: user=0.06 sys=0.00, real=0.01 secs] 
686.921: [GC
Desired survivor size 3670016 bytes, new threshold 15 (max 15)
 [PSYoungGen: 812832K->1280K(815616K)] 1824443K->1012955K(1839616K), 0.0099870 secs] [Times: user=0.05 sys=0.01, real=0.01 secs] 
687.199: [GC
Desired survivor size 3670016 bytes, new threshold 15 (max 15)
 [PSYoungGen: 813312K->1600K(815616K)] 1824987K->1013339K(1839616K), 0.0102670 secs] [Times: user=0.05 sys=0.00, real=0.01 secs] 
687.460: [GC
Desired survivor size 4194304 bytes, new threshold 15 (max 15)
 [PSYoungGen: 813632K->3552K(814592K)] 1825371K->1015339K(1838592K), 0.0115900 secs] [Times: user=0.07 sys=0.00, real=0.02 secs] 
687.740: [GC
Desired survivor size 4194304 bytes, new threshold 15 (max 15)
 [PSYoungGen: 814560K->2624K(815104K)] 1826347K->1014475K(1839104K), 0.0112020 secs] [Times: user=0.06 sys=0.00, real=0.01 secs] 
687.999: [GC
Desired survivor size 4194304 bytes, new threshold 15 (max 15)
 [PSYoungGen: 813632K->1760K(815104K)] 1825483K->1013651K(1839104K), 0.0101030 secs] [Times: user=0.06 sys=0.00, real=0.01 secs] 
688.274: [GC
Desired survivor size 4194304 bytes, new threshold 15 (max 15)
 [PSYoungGen: 812768K->640K(815104K)] 1824659K->1012603K(1839104K), 0.0093150 secs] [Times: user=0.06 sys=0.00, real=0.01 secs] 
688.539: [GC
Desired survivor size 3670016 bytes, new threshold 15 (max 15)
 [PSYoungGen: 811648K->1568K(815616K)] 1823611K->1013587K(1839616K), 0.0100410 secs] [Times: user=0.06 sys=0.01, real=0.01 secs] 
688.810: [GC
Desired survivor size 4194304 bytes, new threshold 15 (max 15)
 [PSYoungGen: 813088K->3200K(815104K)] 1825107K->1015251K(1839104K), 0.0113930 secs] [Times: user=0.07 sys=0.00, real=0.01 secs] 
689.083: [GC
Desired survivor size 4194304 bytes, new threshold 15 (max 15)
 [PSYoungGen: 814720K->2080K(815104K)] 1826771K->1014179K(1839104K), 0.0104830 secs] [Times: user=0.06 sys=0.00, real=0.01 secs] 
689.343: [GC
Desired survivor size 4194304 bytes, new threshold 15 (max 15)
 [PSYoungGen: 813088K->2048K(815104K)] 1825187K->1014203K(1839104K), 0.0099010 secs] [Times: user=0.06 sys=0.00, real=0.01 secs] 
689.603: [GC
Desired survivor size 3670016 bytes, new threshold 15 (max 15)
 [PSYoungGen: 813056K->2048K(815616K)] 1825211K->1014267K(1839616K), 0.0101810 secs] [Times: user=0.06 sys=0.00, real=0.01 secs] 
689.874: [GC
Desired survivor size 3670016 bytes, new threshold 15 (max 15)
 [PSYoungGen: 813568K->1760K(815104K)] 1825787K->1014035K(1839104K), 0.0108390 secs] [Times: user=0.05 sys=0.00, real=0.01 secs] 
690.144: [GC
Desired survivor size 3670016 bytes, new threshold 15 (max 15)
 [PSYoungGen: 813280K->1792K(815616K)] 1825555K->1014115K(1839616K), 0.0101900 secs] [Times: user=0.06 sys=0.00, real=0.01 secs] 
690.403: [GC
Desired survivor size 3670016 bytes, new threshold 15 (max 15)
 [PSYoungGen: 813824K->1280K(815616K)] 1826147K->1013667K(1839616K), 0.0104420 secs] [Times: user=0.06 sys=0.00, real=0.01 secs] 
690.674: [GC
Desired survivor size 3670016 bytes, new threshold 15 (max 15)
 [PSYoungGen: 813312K->768K(815616K)] 1825699K->1013211K(1839616K), 0.0099690 secs] [Times: user=0.06 sys=0.00, real=0.01 secs] 
690.949: [GC
Desired survivor size 3670016 bytes, new threshold 15 (max 15)
 [PSYoungGen: 812800K->1408K(815616K)] 1825243K->1013907K(1839616K), 0.0109740 secs] [Times: user=0.06 sys=0.00, real=0.01 secs] 
691.216: [GC
Desired survivor size 3670016 bytes, new threshold 15 (max 15)
 [PSYoungGen: 813440K->1216K(815616K)] 1825939K->1013779K(1839616K), 0.0100050 secs] [Times: user=0.06 sys=0.00, real=0.01 secs] 
691.484: [GC
Desired survivor size 3145728 bytes, new threshold 15 (max 15)
 [PSYoungGen: 813248K->1280K(815616K)] 1825811K->1013907K(1839616K), 0.0100100 secs] [Times: user=0.06 sys=0.00, real=0.01 secs] 
691.763: [GC
Desired survivor size 3145728 bytes, new threshold 15 (max 15)
 [PSYoungGen: 813312K->1440K(816128K)] 1825939K->1014123K(1840128K), 0.0102830 secs] [Times: user=0.06 sys=0.01, real=0.01 secs] 
692.031: [GC
Desired survivor size 3145728 bytes, new threshold 15 (max 15)
 [PSYoungGen: 814496K->1952K(816128K)] 1827179K->1014675K(1840128K), 0.0109840 secs] [Times: user=0.06 sys=0.00, real=0.01 secs] 
692.289: [GC
Desired survivor size 3145728 bytes, new threshold 15 (max 15)
 [PSYoungGen: 815008K->1184K(816128K)] 1827731K->1013963K(1840128K), 0.0097170 secs] [Times: user=0.06 sys=0.00, real=0.01 secs] 
692.554: [GC
Desired survivor size 3145728 bytes, new threshold 15 (max 15)
 [PSYoungGen: 814240K->1632K(816128K)] 1827019K->1014475K(1840128K), 0.0106340 secs] [Times: user=0.06 sys=0.01, real=0.01 secs] 
692.829: [GC
Desired survivor size 3145728 bytes, new threshold 15 (max 15)
 [PSYoungGen: 814688K->2528K(816128K)] 1827531K->1015435K(1840128K), 0.0108210 secs] [Times: user=0.06 sys=0.00, real=0.01 secs] 
693.112: [GC
Desired survivor size 3145728 bytes, new threshold 15 (max 15)
 [PSYoungGen: 815584K->1536K(816128K)] 1828491K->1014499K(1840128K), 0.0102350 secs] [Times: user=0.07 sys=0.00, real=0.01 secs] 
693.375: [GC
Desired survivor size 3145728 bytes, new threshold 15 (max 15)
 [PSYoungGen: 814592K->832K(816128K)] 1827555K->1013835K(1840128K), 0.0097710 secs] [Times: user=0.06 sys=0.01, real=0.01 secs] 
693.646: [GC
Desired survivor size 3145728 bytes, new threshold 15 (max 15)
 [PSYoungGen: 813888K->1440K(816128K)] 1826891K->1014499K(1840128K), 0.0099210 secs] [Times: user=0.05 sys=0.01, real=0.01 secs] 
693.962: [GC
Desired survivor size 3670016 bytes, new threshold 14 (max 15)
 [PSYoungGen: 814496K->3072K(815104K)] 1827555K->1016651K(1839104K), 0.0113450 secs] [Times: user=0.07 sys=0.00, real=0.02 secs] 
694.222: [GC
Desired survivor size 3670016 bytes, new threshold 15 (max 15)
 [PSYoungGen: 815104K->1760K(815616K)] 1828683K->1015403K(1839616K), 0.0097050 secs] [Times: user=0.06 sys=0.00, real=0.01 secs] 
694.488: [GC
Desired survivor size 3670016 bytes, new threshold 15 (max 15)
 [PSYoungGen: 813792K->2912K(815616K)] 1827435K->1016555K(1839616K), 0.0108930 secs] [Times: user=0.06 sys=0.00, real=0.01 secs] 
694.774: [GC
Desired survivor size 3670016 bytes, new threshold 15 (max 15)
 [PSYoungGen: 814944K->1472K(815616K)] 1828587K->1015171K(1839616K), 0.0103450 secs] [Times: user=0.06 sys=0.00, real=0.01 secs] 
695.046: [GC
Desired survivor size 3670016 bytes, new threshold 15 (max 15)
 [PSYoungGen: 813504K->1824K(815616K)] 1827203K->1015587K(1839616K), 0.0101650 secs] [Times: user=0.06 sys=0.00, real=0.01 secs] 
695.314: [GC
Desired survivor size 4194304 bytes, new threshold 14 (max 15)
 [PSYoungGen: 813856K->3584K(815616K)] 1827619K->1018051K(1839616K), 0.0114790 secs] [Times: user=0.07 sys=0.00, real=0.01 secs] 
695.583: [GC
Desired survivor size 4194304 bytes, new threshold 15 (max 15)
 [PSYoungGen: 815616K->2240K(814592K)] 1830083K->1016771K(1838592K), 0.0103960 secs] [Times: user=0.06 sys=0.00, real=0.01 secs] 
695.853: [GC
Desired survivor size 4194304 bytes, new threshold 15 (max 15)
 [PSYoungGen: 813248K->1344K(815104K)] 1827779K->1015875K(1839104K), 0.0099980 secs] [Times: user=0.06 sys=0.00, real=0.01 secs] 
696.123: [GC
Desired survivor size 4194304 bytes, new threshold 15 (max 15)
 [PSYoungGen: 812352K->1792K(815104K)] 1826883K->1016379K(1839104K), 0.0102620 secs] [Times: user=0.06 sys=0.00, real=0.01 secs] 
696.386: [GC
Desired survivor size 4194304 bytes, new threshold 15 (max 15)
 [PSYoungGen: 812800K->3424K(815104K)] 1827387K->1018051K(1839104K), 0.0106700 secs] [Times: user=0.07 sys=0.00, real=0.01 secs] 
696.658: [GC
Desired survivor size 4194304 bytes, new threshold 15 (max 15)
 [PSYoungGen: 814432K->2592K(815104K)] 1829059K->1017275K(1839104K), 0.0102860 secs] [Times: user=0.06 sys=0.00, real=0.01 secs] 
696.933: [GC
Desired survivor size 5242880 bytes, new threshold 14 (max 15)
 [PSYoungGen: 813600K->4096K(815104K)] 1828283K->1019347K(1839104K), 0.0121850 secs] [Times: user=0.07 sys=0.00, real=0.02 secs] 
697.205: [GC
Desired survivor size 4718592 bytes, new threshold 15 (max 15)
 [PSYoungGen: 815104K->2048K(814080K)] 1830355K->1017363K(1838080K), 0.0110830 secs] [Times: user=0.05 sys=0.00, real=0.01 secs] 
697.469: [GC
Desired survivor size 4718592 bytes, new threshold 15 (max 15)
 [PSYoungGen: 812032K->2784K(814592K)] 1827347K->1018099K(1838592K), 0.0115820 secs] [Times: user=0.07 sys=0.00, real=0.01 secs] 
697.741: [GC
Desired survivor size 4718592 bytes, new threshold 15 (max 15)
 [PSYoungGen: 812768K->2336K(814592K)] 1828083K->1017707K(1838592K), 0.0106310 secs] [Times: user=0.06 sys=0.00, real=0.01 secs] 
698.012: [GC
Desired survivor size 4718592 bytes, new threshold 15 (max 15)
 [PSYoungGen: 812320K->1568K(814592K)] 1827691K->1017123K(1838592K), 0.0107290 secs] [Times: user=0.06 sys=0.00, real=0.01 secs] 
698.277: [GC
Desired survivor size 4194304 bytes, new threshold 15 (max 15)
 [PSYoungGen: 811552K->2336K(815104K)] 1827107K->1017947K(1839104K), 0.0108790 secs] [Times: user=0.06 sys=0.00, real=0.01 secs] 
698.534: [GC
Desired survivor size 4718592 bytes, new threshold 15 (max 15)
 [PSYoungGen: 812832K->3104K(814592K)] 1828443K->1018779K(1838592K), 0.0110020 secs] [Times: user=0.06 sys=0.00, real=0.01 secs] 
698.810: [GC
Desired survivor size 4718592 bytes, new threshold 15 (max 15)
 [PSYoungGen: 813600K->1568K(814592K)] 1829275K->1017299K(1838592K), 0.0104910 secs] [Times: user=0.06 sys=0.00, real=0.01 secs] 
699.074: [GC
Desired survivor size 4718592 bytes, new threshold 15 (max 15)
 [PSYoungGen: 811552K->3040K(814592K)] 1827283K->1019035K(1838592K), 0.0137900 secs] [Times: user=0.07 sys=0.00, real=0.01 secs] 
699.340: [GC
Desired survivor size 4718592 bytes, new threshold 15 (max 15)
 [PSYoungGen: 813024K->1344K(814592K)] 1829019K->1017403K(1838592K), 0.0103010 secs] [Times: user=0.06 sys=0.00, real=0.01 secs] 
699.608: [GC
Desired survivor size 4718592 bytes, new threshold 15 (max 15)
 [PSYoungGen: 811328K->1408K(814592K)] 1827387K->1017499K(1838592K), 0.0104110 secs] [Times: user=0.06 sys=0.00, real=0.01 secs] 
699.931: [GC
Desired survivor size 4718592 bytes, new threshold 15 (max 15)
 [PSYoungGen: 811392K->3680K(814592K)] 1827483K->1019827K(1838592K), 0.0110500 secs] [Times: user=0.07 sys=0.00, real=0.01 secs] 
700.313: [GC
Desired survivor size 5242880 bytes, new threshold 15 (max 15)
 [PSYoungGen: 813664K->640K(811008K)] 1829811K->1016843K(1835008K), 0.0102820 secs] [Times: user=0.06 sys=0.00, real=0.01 secs] 
700.591: [GC
Desired survivor size 5242880 bytes, new threshold 15 (max 15)
 [PSYoungGen: 810624K->3616K(814080K)] 1826827K->1019859K(1838080K), 0.0113450 secs] [Times: user=0.07 sys=0.00, real=0.01 secs] 
700.865: [GC
Desired survivor size 5242880 bytes, new threshold 15 (max 15)
 [PSYoungGen: 812576K->704K(814080K)] 1828819K->1017075K(1838080K), 0.0101610 secs] [Times: user=0.05 sys=0.00, real=0.01 secs] 
701.220: [GC
Desired survivor size 5242880 bytes, new threshold 15 (max 15)
 [PSYoungGen: 809664K->1856K(814080K)] 1826035K->1018291K(1838080K), 0.0101560 secs] [Times: user=0.06 sys=0.00, real=0.01 secs] 
701.505: [GC
Desired survivor size 4718592 bytes, new threshold 15 (max 15)
 [PSYoungGen: 810816K->2016K(814080K)] 1827251K->1018483K(1838080K), 0.0101300 secs] [Times: user=0.06 sys=0.00, real=0.01 secs] 
701.777: [GC
Desired survivor size 4718592 bytes, new threshold 15 (max 15)
 [PSYoungGen: 810976K->2144K(814592K)] 1827443K->1018651K(1838592K), 0.0110300 secs] [Times: user=0.06 sys=0.00, real=0.01 secs] 
702.044: [GC
Desired survivor size 4718592 bytes, new threshold 15 (max 15)
 [PSYoungGen: 812128K->672K(814592K)] 1828635K->1017243K(1838592K), 0.0098830 secs] [Times: user=0.06 sys=0.00, real=0.01 secs] 
702.314: [GC
Desired survivor size 4194304 bytes, new threshold 15 (max 15)
 [PSYoungGen: 810656K->1792K(815104K)] 1827227K->1018427K(1839104K), 0.0100420 secs] [Times: user=0.06 sys=0.00, real=0.01 secs] 
702.584: [GC
Desired survivor size 4194304 bytes, new threshold 15 (max 15)
 [PSYoungGen: 812288K->2528K(814592K)] 1828923K->1019227K(1838592K), 0.0100870 secs] [Times: user=0.05 sys=0.00, real=0.01 secs] 
702.852: [GC
Desired survivor size 4718592 bytes, new threshold 15 (max 15)
 [PSYoungGen: 813024K->3808K(814080K)] 1829723K->1020563K(1838080K), 0.0113390 secs] [Times: user=0.07 sys=0.00, real=0.01 secs] 
703.113: [GC
Desired survivor size 5242880 bytes, new threshold 15 (max 15)
 [PSYoungGen: 813792K->3552K(813568K)] 1830547K->1020379K(1837568K), 0.0113970 secs] [Times: user=0.07 sys=0.00, real=0.01 secs] 
703.378: [GC
Desired survivor size 5242880 bytes, new threshold 15 (max 15)
 [PSYoungGen: 813536K->768K(814080K)] 1830363K->1017651K(1838080K), 0.0100170 secs] [Times: user=0.05 sys=0.00, real=0.01 secs] 
703.642: [GC
Desired survivor size 5242880 bytes, new threshold 15 (max 15)
 [PSYoungGen: 809728K->928K(814080K)] 1826611K->1017867K(1838080K), 0.0096570 secs] [Times: user=0.05 sys=0.00, real=0.01 secs] 
703.911: [GC
Desired survivor size 4718592 bytes, new threshold 15 (max 15)
 [PSYoungGen: 809888K->1440K(814592K)] 1826827K->1018443K(1838592K), 0.0097650 secs] [Times: user=0.06 sys=0.00, real=0.01 secs] 
704.175: [GC
Desired survivor size 4718592 bytes, new threshold 15 (max 15)
 [PSYoungGen: 810912K->1024K(814080K)] 1827915K->1018091K(1838080K), 0.0096700 secs] [Times: user=0.05 sys=0.00, real=0.01 secs] 
704.440: [GC
Desired survivor size 4718592 bytes, new threshold 15 (max 15)
 [PSYoungGen: 810496K->1472K(814592K)] 1827563K->1018603K(1838592K), 0.0102210 secs] [Times: user=0.06 sys=0.00, real=0.01 secs] 
704.699: [GC
Desired survivor size 4718592 bytes, new threshold 15 (max 15)
 [PSYoungGen: 811456K->2624K(814592K)] 1828587K->1019811K(1838592K), 0.0170780 secs] [Times: user=0.08 sys=0.00, real=0.02 secs] 
704.975: [GC
Desired survivor size 4718592 bytes, new threshold 15 (max 15)
 [PSYoungGen: 812608K->2240K(814592K)] 1829795K->1019483K(1838592K), 0.0102770 secs] [Times: user=0.06 sys=0.00, real=0.01 secs] 
705.240: [GC
Desired survivor size 4718592 bytes, new threshold 15 (max 15)
 [PSYoungGen: 812224K->1280K(814592K)] 1829467K->1018587K(1838592K), 0.0104420 secs] [Times: user=0.06 sys=0.00, real=0.01 secs] 
705.500: [GC
Desired survivor size 4718592 bytes, new threshold 15 (max 15)
 [PSYoungGen: 811264K->672K(814592K)] 1828571K->1018035K(1838592K), 0.0095140 secs] [Times: user=0.04 sys=0.00, real=0.01 secs] 
705.779: [GC
Desired survivor size 4194304 bytes, new threshold 15 (max 15)
 [PSYoungGen: 810656K->1600K(814592K)] 1828019K->1019027K(1838592K), 0.0100920 secs] [Times: user=0.05 sys=0.00, real=0.01 secs] 
706.043: [GC
Desired survivor size 4194304 bytes, new threshold 15 (max 15)
 [PSYoungGen: 811584K->736K(815104K)] 1829011K->1018227K(1839104K), 0.0095520 secs] [Times: user=0.05 sys=0.01, real=0.01 secs] 
706.307: [GC
Desired survivor size 4194304 bytes, new threshold 15 (max 15)
 [PSYoungGen: 811744K->2144K(815104K)] 1829235K->1019691K(1839104K), 0.0101240 secs] [Times: user=0.05 sys=0.00, real=0.01 secs] 
706.575: [GC
Desired survivor size 4194304 bytes, new threshold 15 (max 15)
 [PSYoungGen: 813152K->2208K(815104K)] 1830699K->1019803K(1839104K), 0.0115440 secs] [Times: user=0.06 sys=0.01, real=0.02 secs] 
706.859: [GC
Desired survivor size 4194304 bytes, new threshold 15 (max 15)
 [PSYoungGen: 813216K->1792K(815104K)] 1830811K->1019435K(1839104K), 0.0104230 secs] [Times: user=0.06 sys=0.00, real=0.01 secs] 
707.131: [GC
Desired survivor size 4718592 bytes, new threshold 15 (max 15)
 [PSYoungGen: 812800K->4064K(814080K)] 1830443K->1021747K(1838080K), 0.0111770 secs] [Times: user=0.07 sys=0.00, real=0.01 secs] 
707.387: [GC
Desired survivor size 4718592 bytes, new threshold 15 (max 15)
 [PSYoungGen: 814048K->2240K(814592K)] 1831731K->1019963K(1838592K), 0.0104730 secs] [Times: user=0.06 sys=0.00, real=0.01 secs] 
707.655: [GC
Desired survivor size 4194304 bytes, new threshold 15 (max 15)
 [PSYoungGen: 812224K->1952K(815104K)] 1829947K->1019731K(1839104K), 0.0103740 secs] [Times: user=0.06 sys=0.00, real=0.02 secs] 
707.926: [GC
Desired survivor size 4194304 bytes, new threshold 15 (max 15)
 [PSYoungGen: 812448K->2432K(814592K)] 1830227K->1020243K(1838592K), 0.0105500 secs] [Times: user=0.06 sys=0.00, real=0.01 secs] 
708.198: [GC
Desired survivor size 4194304 bytes, new threshold 15 (max 15)
 [PSYoungGen: 812928K->1952K(815104K)] 1830739K->1019787K(1839104K), 0.0107590 secs] [Times: user=0.06 sys=0.00, real=0.01 secs] 
708.557: [GC
Desired survivor size 3670016 bytes, new threshold 15 (max 15)
 [PSYoungGen: 812960K->2080K(815104K)] 1830795K->1019955K(1839104K), 0.0153110 secs] [Times: user=0.06 sys=0.00, real=0.01 secs] 
708.838: [GC
Desired survivor size 3670016 bytes, new threshold 15 (max 15)
 [PSYoungGen: 813088K->2080K(815616K)] 1830963K->1019979K(1839616K), 0.0102940 secs] [Times: user=0.06 sys=0.00, real=0.01 secs] 
709.103: [GC
Desired survivor size 3670016 bytes, new threshold 15 (max 15)
 [PSYoungGen: 814112K->1216K(815616K)] 1832011K->1019179K(1839616K), 0.0098530 secs] [Times: user=0.05 sys=0.00, real=0.01 secs] 
709.365: [GC
Desired survivor size 3670016 bytes, new threshold 15 (max 15)
 [PSYoungGen: 813248K->800K(815616K)] 1831211K->1018827K(1839616K), 0.0097350 secs] [Times: user=0.06 sys=0.01, real=0.01 secs] 
709.631: [GC
Desired survivor size 3670016 bytes, new threshold 15 (max 15)
 [PSYoungGen: 812832K->2368K(815616K)] 1830859K->1020459K(1839616K), 0.0111440 secs] [Times: user=0.05 sys=0.00, real=0.01 secs] 
709.907: [GC
Desired survivor size 3670016 bytes, new threshold 15 (max 15)
 [PSYoungGen: 814400K->1856K(815616K)] 1832491K->1020011K(1839616K), 0.0107120 secs] [Times: user=0.06 sys=0.00, real=0.01 secs] 
710.180: [GC
Desired survivor size 3670016 bytes, new threshold 15 (max 15)
 [PSYoungGen: 813888K->1728K(815616K)] 1832043K->1019923K(1839616K), 0.0105020 secs] [Times: user=0.07 sys=0.00, real=0.01 secs] 
710.447: [GC
Desired survivor size 3670016 bytes, new threshold 15 (max 15)
 [PSYoungGen: 813760K->992K(815616K)] 1831955K->1019251K(1839616K), 0.0125230 secs] [Times: user=0.07 sys=0.00, real=0.01 secs] 
710.711: [GC
Desired survivor size 3670016 bytes, new threshold 15 (max 15)
 [PSYoungGen: 813024K->1504K(815616K)] 1831283K->1019803K(1839616K), 0.0183200 secs] [Times: user=0.06 sys=0.01, real=0.02 secs] 
710.985: [GC
Desired survivor size 3670016 bytes, new threshold 15 (max 15)
 [PSYoungGen: 813536K->1984K(815616K)] 1831835K->1020331K(1839616K), 0.0105600 secs] [Times: user=0.06 sys=0.00, real=0.01 secs] 
711.243: [GC
Desired survivor size 3670016 bytes, new threshold 15 (max 15)
 [PSYoungGen: 814016K->2688K(815616K)] 1832363K->1021091K(1839616K), 0.0113340 secs] [Times: user=0.07 sys=0.00, real=0.01 secs] 
711.512: [GC
Desired survivor size 3670016 bytes, new threshold 15 (max 15)
 [PSYoungGen: 814720K->1824K(815616K)] 1833123K->1020291K(1839616K), 0.0103180 secs] [Times: user=0.06 sys=0.00, real=0.01 secs] 
711.787: [GC
Desired survivor size 3670016 bytes, new threshold 15 (max 15)
 [PSYoungGen: 813856K->1152K(815616K)] 1832323K->1019675K(1839616K), 0.0098570 secs] [Times: user=0.06 sys=0.00, real=0.01 secs] 
712.057: [GC
Desired survivor size 3670016 bytes, new threshold 15 (max 15)
 [PSYoungGen: 813184K->1312K(815616K)] 1831707K->1019891K(1839616K), 0.0098450 secs] [Times: user=0.06 sys=0.00, real=0.01 secs] 
712.320: [GC
Desired survivor size 3670016 bytes, new threshold 15 (max 15)
 [PSYoungGen: 813344K->2144K(815616K)] 1831923K->1020771K(1839616K), 0.0104360 secs] [Times: user=0.07 sys=0.00, real=0.01 secs] 
712.588: [GC
Desired survivor size 3670016 bytes, new threshold 15 (max 15)
 [PSYoungGen: 814176K->2464K(815616K)] 1832803K->1021139K(1839616K), 0.0109000 secs] [Times: user=0.06 sys=0.01, real=0.01 secs] 
712.855: [GC
Desired survivor size 4194304 bytes, new threshold 15 (max 15)
 [PSYoungGen: 814496K->3424K(815616K)] 1833171K->1022115K(1839616K), 0.0106060 secs] [Times: user=0.06 sys=0.00, real=0.02 secs] 
713.122: [GC
Desired survivor size 4194304 bytes, new threshold 15 (max 15)
 [PSYoungGen: 815456K->3040K(814592K)] 1834147K->1021787K(1838592K), 0.0112610 secs] [Times: user=0.07 sys=0.00, real=0.01 secs] 
713.378: [GC
Desired survivor size 4194304 bytes, new threshold 15 (max 15)
 [PSYoungGen: 814048K->2208K(815104K)] 1832795K->1021019K(1839104K), 0.0105430 secs] [Times: user=0.06 sys=0.00, real=0.01 secs] 
713.646: [GC
Desired survivor size 4194304 bytes, new threshold 15 (max 15)
 [PSYoungGen: 813216K->1152K(815104K)] 1832027K->1020027K(1839104K), 0.0098450 secs] [Times: user=0.05 sys=0.00, real=0.01 secs] 
713.963: [GC
Desired survivor size 4194304 bytes, new threshold 15 (max 15)
 [PSYoungGen: 812160K->1728K(815104K)] 1831035K->1020659K(1839104K), 0.0106520 secs] [Times: user=0.06 sys=0.01, real=0.01 secs] 
714.237: [GC
Desired survivor size 3670016 bytes, new threshold 15 (max 15)
 [PSYoungGen: 812736K->1632K(815616K)] 1831667K->1020619K(1839616K), 0.0103320 secs] [Times: user=0.06 sys=0.00, real=0.01 secs] 
714.500: [GC
Desired survivor size 3670016 bytes, new threshold 15 (max 15)
 [PSYoungGen: 813152K->1664K(815104K)] 1832139K->1020707K(1839104K), 0.0105480 secs] [Times: user=0.06 sys=0.00, real=0.01 secs] 
714.773: [GC
Desired survivor size 3670016 bytes, new threshold 15 (max 15)
 [PSYoungGen: 813184K->832K(815616K)] 1832227K->1019931K(1839616K), 0.0100740 secs] [Times: user=0.07 sys=0.00, real=0.01 secs] 
715.042: [GC
Desired survivor size 3670016 bytes, new threshold 15 (max 15)
 [PSYoungGen: 812864K->2304K(815616K)] 1831963K->1021467K(1839616K), 0.0107780 secs] [Times: user=0.06 sys=0.00, real=0.01 secs] 
715.312: [GC
Desired survivor size 3670016 bytes, new threshold 15 (max 15)
 [PSYoungGen: 814336K->1184K(815616K)] 1833499K->1020403K(1839616K), 0.0096260 secs] [Times: user=0.06 sys=0.01, real=0.01 secs] 
715.575: [GC
Desired survivor size 3670016 bytes, new threshold 15 (max 15)
 [PSYoungGen: 813216K->2080K(815616K)] 1832435K->1021347K(1839616K), 0.0114870 secs] [Times: user=0.07 sys=0.00, real=0.01 secs] 
715.848: [GC
Desired survivor size 3670016 bytes, new threshold 15 (max 15)
 [PSYoungGen: 814112K->1536K(815616K)] 1833379K->1020851K(1839616K), 0.0104530 secs] [Times: user=0.06 sys=0.00, real=0.01 secs] 
716.124: [GC
Desired survivor size 3670016 bytes, new threshold 15 (max 15)
 [PSYoungGen: 813568K->2240K(815616K)] 1832883K->1021595K(1839616K), 0.0101910 secs] [Times: user=0.07 sys=0.00, real=0.01 secs] 
716.395: [GC
Desired survivor size 3670016 bytes, new threshold 15 (max 15)
 [PSYoungGen: 814272K->2144K(815616K)] 1833627K->1021563K(1839616K), 0.0113790 secs] [Times: user=0.05 sys=0.00, real=0.02 secs] 
716.661: [GC
Desired survivor size 3670016 bytes, new threshold 15 (max 15)
 [PSYoungGen: 814176K->3072K(815616K)] 1833595K->1022531K(1839616K), 0.0110970 secs] [Times: user=0.07 sys=0.00, real=0.01 secs] 
716.932: [GC
Desired survivor size 3670016 bytes, new threshold 15 (max 15)
 [PSYoungGen: 815104K->2400K(815616K)] 1834563K->1021907K(1839616K), 0.0110420 secs] [Times: user=0.06 sys=0.00, real=0.01 secs] 
717.188: [GC
Desired survivor size 3670016 bytes, new threshold 15 (max 15)
 [PSYoungGen: 814432K->2432K(815616K)] 1833939K->1021995K(1839616K), 0.0104870 secs] [Times: user=0.07 sys=0.00, real=0.01 secs] 
717.460: [GC
Desired survivor size 3670016 bytes, new threshold 15 (max 15)
 [PSYoungGen: 814464K->1056K(815616K)] 1834027K->1020675K(1839616K), 0.0098070 secs] [Times: user=0.05 sys=0.00, real=0.01 secs] 
717.736: [GC
Desired survivor size 3670016 bytes, new threshold 15 (max 15)
 [PSYoungGen: 813088K->1376K(815616K)] 1832707K->1021059K(1839616K), 0.0104490 secs] [Times: user=0.06 sys=0.00, real=0.02 secs] 
718.003: [GC
Desired survivor size 3670016 bytes, new threshold 15 (max 15)
 [PSYoungGen: 813408K->1152K(815616K)] 1833091K->1020899K(1839616K), 0.0098620 secs] [Times: user=0.06 sys=0.00, real=0.01 secs] 
718.264: [GC
Desired survivor size 3670016 bytes, new threshold 15 (max 15)
 [PSYoungGen: 813184K->1504K(815616K)] 1832931K->1021307K(1839616K), 0.0106610 secs] [Times: user=0.05 sys=0.00, real=0.01 secs] 
718.540: [GC
Desired survivor size 3670016 bytes, new threshold 15 (max 15)
 [PSYoungGen: 813536K->2336K(815616K)] 1833339K->1022187K(1839616K), 0.0105520 secs] [Times: user=0.07 sys=0.00, real=0.01 secs] 
718.811: [GC
Desired survivor size 4718592 bytes, new threshold 14 (max 15)
 [PSYoungGen: 814368K->3584K(815616K)] 1834219K->1024915K(1839616K), 0.0126950 secs] [Times: user=0.08 sys=0.01, real=0.01 secs] 
719.077: [GC
Desired survivor size 4718592 bytes, new threshold 15 (max 15)
 [PSYoungGen: 815616K->1088K(813568K)] 1836947K->1022483K(1837568K), 0.0116450 secs] [Times: user=0.07 sys=0.00, real=0.01 secs] 
719.344: [GC
Desired survivor size 4718592 bytes, new threshold 15 (max 15)
 [PSYoungGen: 811072K->1952K(814592K)] 1832467K->1023347K(1838592K), 0.0108480 secs] [Times: user=0.06 sys=0.00, real=0.01 secs] 
719.616: [GC
Desired survivor size 4194304 bytes, new threshold 15 (max 15)
 [PSYoungGen: 811936K->2144K(815104K)] 1833331K->1023595K(1839104K), 0.0106300 secs] [Times: user=0.07 sys=0.00, real=0.01 secs] 
719.889: [GC
Desired survivor size 4194304 bytes, new threshold 15 (max 15)
 [PSYoungGen: 812640K->1664K(814592K)] 1834091K->1023187K(1838592K), 0.0102100 secs] [Times: user=0.05 sys=0.00, real=0.01 secs] 
720.150: [GC
Desired survivor size 4194304 bytes, new threshold 15 (max 15)
 [PSYoungGen: 812160K->2368K(815104K)] 1833683K->1023939K(1839104K), 0.0111530 secs] [Times: user=0.07 sys=0.00, real=0.01 secs] 
720.419: [GC
Desired survivor size 4194304 bytes, new threshold 15 (max 15)
 [PSYoungGen: 813376K->1664K(815104K)] 1834947K->1023291K(1839104K), 0.0104350 secs] [Times: user=0.06 sys=0.00, real=0.01 secs] 
720.681: [GC
Desired survivor size 4194304 bytes, new threshold 15 (max 15)
 [PSYoungGen: 812672K->2464K(815104K)] 1834299K->1024147K(1839104K), 0.0109700 secs] [Times: user=0.06 sys=0.00, real=0.01 secs] 
720.961: [GC
Desired survivor size 4194304 bytes, new threshold 15 (max 15)
 [PSYoungGen: 813472K->1824K(815104K)] 1835155K->1023563K(1839104K), 0.0104360 secs] [Times: user=0.06 sys=0.00, real=0.01 secs] 
721.230: [GC
Desired survivor size 3670016 bytes, new threshold 15 (max 15)
 [PSYoungGen: 812832K->2176K(815616K)] 1834571K->1023971K(1839616K), 0.0109310 secs] [Times: user=0.06 sys=0.00, real=0.01 secs] 
721.495: [GC
Desired survivor size 4194304 bytes, new threshold 15 (max 15)
 [PSYoungGen: 813696K->3104K(815104K)] 1835491K->1024931K(1839104K), 0.0118910 secs] [Times: user=0.07 sys=0.00, real=0.01 secs] 
721.770: [GC
Desired survivor size 4194304 bytes, new threshold 15 (max 15)
 [PSYoungGen: 814624K->1088K(815104K)] 1836451K->1022979K(1839104K), 0.0104970 secs] [Times: user=0.05 sys=0.00, real=0.01 secs] 
722.036: [GC
Desired survivor size 4194304 bytes, new threshold 15 (max 15)
 [PSYoungGen: 812096K->1088K(815104K)] 1833987K->1023027K(1839104K), 0.0100830 secs] [Times: user=0.07 sys=0.00, real=0.01 secs] 
722.308: [GC
Desired survivor size 4194304 bytes, new threshold 15 (max 15)
 [PSYoungGen: 812096K->1632K(815104K)] 1834035K->1023891K(1839104K), 0.0112170 secs] [Times: user=0.07 sys=0.00, real=0.01 secs] 
722.570: [GC
Desired survivor size 4194304 bytes, new threshold 15 (max 15)
 [PSYoungGen: 812640K->3040K(815104K)] 1834899K->1025331K(1839104K), 0.0109520 secs] [Times: user=0.06 sys=0.00, real=0.01 secs] 
722.843: [GC
Desired survivor size 4194304 bytes, new threshold 15 (max 15)
 [PSYoungGen: 814048K->1792K(815104K)] 1836339K->1024187K(1839104K), 0.0106100 secs] [Times: user=0.06 sys=0.00, real=0.01 secs] 
723.112: [GC
Desired survivor size 4194304 bytes, new threshold 15 (max 15)
 [PSYoungGen: 812800K->1632K(815104K)] 1835195K->1024091K(1839104K), 0.0104720 secs] [Times: user=0.05 sys=0.00, real=0.01 secs] 
723.369: [GC
Desired survivor size 3670016 bytes, new threshold 15 (max 15)
 [PSYoungGen: 812640K->1824K(815616K)] 1835099K->1024347K(1839616K), 0.0106040 secs] [Times: user=0.05 sys=0.00, real=0.01 secs] 
723.632: [GC
Desired survivor size 4194304 bytes, new threshold 14 (max 15)
 [PSYoungGen: 813344K->3584K(815104K)] 1835867K->1026363K(1839104K), 0.0122740 secs] [Times: user=0.07 sys=0.00, real=0.01 secs] 
723.898: [GC
Desired survivor size 4194304 bytes, new threshold 15 (max 15)
 [PSYoungGen: 815104K->1824K(815104K)] 1837883K->1024667K(1839104K), 0.0104220 secs] [Times: user=0.06 sys=0.00, real=0.01 secs] 
724.167: [GC
Desired survivor size 4194304 bytes, new threshold 15 (max 15)
 [PSYoungGen: 812832K->832K(815104K)] 1835675K->1023675K(1839104K), 0.0102410 secs] [Times: user=0.04 sys=0.01, real=0.01 secs] 
724.429: [GC
Desired survivor size 4194304 bytes, new threshold 15 (max 15)
 [PSYoungGen: 811840K->2464K(815104K)] 1834683K->1025371K(1839104K), 0.0108020 secs] [Times: user=0.06 sys=0.00, real=0.01 secs] 
724.697: [GC
Desired survivor size 4194304 bytes, new threshold 15 (max 15)
 [PSYoungGen: 813472K->1824K(815104K)] 1836379K->1024779K(1839104K), 0.0112140 secs] [Times: user=0.06 sys=0.00, real=0.01 secs] 
724.972: [GC
Desired survivor size 4194304 bytes, new threshold 15 (max 15)
 [PSYoungGen: 812832K->1824K(815104K)] 1835787K->1024827K(1839104K), 0.0099910 secs] [Times: user=0.05 sys=0.00, real=0.01 secs] 
725.238: [GC
Desired survivor size 3670016 bytes, new threshold 15 (max 15)
 [PSYoungGen: 812832K->1344K(815104K)] 1835835K->1024395K(1839104K), 0.0098720 secs] [Times: user=0.06 sys=0.00, real=0.01 secs] 
725.511: [GC
Desired survivor size 3670016 bytes, new threshold 15 (max 15)
 [PSYoungGen: 812352K->1024K(815616K)] 1835403K->1024147K(1839616K), 0.0099110 secs] [Times: user=0.06 sys=0.00, real=0.01 secs] 
725.783: [GC
Desired survivor size 4194304 bytes, new threshold 14 (max 15)
 [PSYoungGen: 813056K->3584K(815616K)] 1836179K->1026755K(1839616K), 0.0111380 secs] [Times: user=0.07 sys=0.00, real=0.01 secs] 
726.054: [GC
Desired survivor size 4194304 bytes, new threshold 15 (max 15)
 [PSYoungGen: 815616K->1664K(814592K)] 1838787K->1024891K(1838592K), 0.0104890 secs] [Times: user=0.06 sys=0.00, real=0.01 secs] 
726.316: [GC
Desired survivor size 4194304 bytes, new threshold 15 (max 15)
 [PSYoungGen: 812672K->1760K(815104K)] 1835899K->1024987K(1839104K), 0.0099980 secs] [Times: user=0.06 sys=0.00, real=0.01 secs] 
726.586: [GC
Desired survivor size 4194304 bytes, new threshold 15 (max 15)
 [PSYoungGen: 812768K->1376K(815104K)] 1835995K->1024651K(1839104K), 0.0100570 secs] [Times: user=0.06 sys=0.00, real=0.01 secs] 
726.854: [GC
Desired survivor size 4194304 bytes, new threshold 15 (max 15)
 [PSYoungGen: 812384K->1280K(815104K)] 1835659K->1024619K(1839104K), 0.0102380 secs] [Times: user=0.06 sys=0.00, real=0.01 secs] 
727.119: [GC
Desired survivor size 4194304 bytes, new threshold 15 (max 15)
 [PSYoungGen: 812288K->2560K(815104K)] 1835627K->1025915K(1839104K), 0.0111450 secs] [Times: user=0.06 sys=0.00, real=0.01 secs] 
727.381: [GC
Desired survivor size 3670016 bytes, new threshold 15 (max 15)
 [PSYoungGen: 813568K->1760K(815104K)] 1836923K->1025163K(1839104K), 0.0101820 secs] [Times: user=0.06 sys=0.00, real=0.01 secs] 
727.643: [GC
Desired survivor size 4194304 bytes, new threshold 15 (max 15)
 [PSYoungGen: 812768K->2784K(814592K)] 1836171K->1026259K(1838592K), 0.0110560 secs] [Times: user=0.07 sys=0.00, real=0.01 secs] 
727.919: [GC
Desired survivor size 3670016 bytes, new threshold 15 (max 15)
 [PSYoungGen: 813792K->1952K(815104K)] 1837267K->1025483K(1839104K), 0.0108220 secs] [Times: user=0.06 sys=0.00, real=0.01 secs] 
728.187: [GC
Desired survivor size 3670016 bytes, new threshold 15 (max 15)
 [PSYoungGen: 812960K->1344K(815616K)] 1836491K->1024931K(1839616K), 0.0106880 secs] [Times: user=0.06 sys=0.01, real=0.01 secs] 
728.459: [GC
Desired survivor size 4194304 bytes, new threshold 15 (max 15)
 [PSYoungGen: 813376K->2784K(815104K)] 1836963K->1026435K(1839104K), 0.0113930 secs] [Times: user=0.07 sys=0.00, real=0.01 secs] 
728.737: [GC
Desired survivor size 4194304 bytes, new threshold 15 (max 15)
 [PSYoungGen: 814816K->832K(815104K)] 1838467K->1024539K(1839104K), 0.0098560 secs] [Times: user=0.06 sys=0.00, real=0.01 secs] 
729.004: [GC
Desired survivor size 4194304 bytes, new threshold 15 (max 15)
 [PSYoungGen: 811840K->1280K(815104K)] 1835547K->1025027K(1839104K), 0.0098040 secs] [Times: user=0.05 sys=0.00, real=0.01 secs] 
729.272: [GC
Desired survivor size 4194304 bytes, new threshold 15 (max 15)
 [PSYoungGen: 812288K->2720K(815104K)] 1836035K->1026531K(1839104K), 0.0112060 secs] [Times: user=0.06 sys=0.00, real=0.01 secs] 
729.538: [GC
Desired survivor size 4194304 bytes, new threshold 15 (max 15)
 [PSYoungGen: 813728K->1504K(815104K)] 1837539K->1025371K(1839104K), 0.0101000 secs] [Times: user=0.07 sys=0.00, real=0.01 secs] 
729.812: [GC
Desired survivor size 4194304 bytes, new threshold 15 (max 15)
 [PSYoungGen: 812512K->3104K(815104K)] 1836379K->1027027K(1839104K), 0.0111830 secs] [Times: user=0.06 sys=0.00, real=0.01 secs] 
729.824: [Full GC [PSYoungGen: 3104K->0K(815104K)] [ParOldGen: 1023923K->974878K(1024000K)] 1027027K->974878K(1839104K) [PSPermGen: 48041K->48041K(524288K)], 1.2923550 secs] [Times: user=9.49 sys=0.01, real=1.29 secs] 
731.369: [GC
Desired survivor size 4718592 bytes, new threshold 15 (max 15)
 [PSYoungGen: 811008K->3584K(814592K)] 1785886K->978462K(1838592K), 0.0104050 secs] [Times: user=0.07 sys=0.00, real=0.01 secs] 
731.631: [GC
Desired survivor size 5242880 bytes, new threshold 15 (max 15)
 [PSYoungGen: 814592K->4160K(813568K)] 1789470K->979038K(1837568K), 0.0104630 secs] [Times: user=0.05 sys=0.00, real=0.01 secs] 
731.905: [GC
Desired survivor size 5242880 bytes, new threshold 15 (max 15)
 [PSYoungGen: 813120K->3712K(814080K)] 1787998K->978590K(1838080K), 0.0105400 secs] [Times: user=0.05 sys=0.00, real=0.01 secs] 
732.169: [GC
Desired survivor size 5767168 bytes, new threshold 15 (max 15)
 [PSYoungGen: 812672K->3520K(813056K)] 1787550K->978398K(1837056K), 0.0105940 secs] [Times: user=0.06 sys=0.00, real=0.02 secs] 
732.422: [GC
Desired survivor size 6291456 bytes, new threshold 15 (max 15)
 [PSYoungGen: 811456K->4960K(813056K)] 1786334K->979838K(1837056K), 0.0112400 secs] [Times: user=0.07 sys=0.00, real=0.01 secs] 
732.683: [GC
Desired survivor size 6291456 bytes, new threshold 15 (max 15)
 [PSYoungGen: 812896K->4416K(813056K)] 1787774K->979294K(1837056K), 0.0117430 secs] [Times: user=0.06 sys=0.00, real=0.01 secs] 
732.956: [GC
Desired survivor size 6291456 bytes, new threshold 15 (max 15)
 [PSYoungGen: 811328K->3072K(813056K)] 1786206K->977950K(1837056K), 0.0115710 secs] [Times: user=0.05 sys=0.00, real=0.01 secs] 
733.226: [GC
Desired survivor size 5767168 bytes, new threshold 15 (max 15)
 [PSYoungGen: 809984K->2944K(813568K)] 1784862K->977822K(1837568K), 0.0100960 secs] [Times: user=0.06 sys=0.00, real=0.01 secs] 
733.490: [GC
Desired survivor size 6291456 bytes, new threshold 15 (max 15)
 [PSYoungGen: 810368K->3968K(813056K)] 1785246K->978846K(1837056K), 0.0106870 secs] [Times: user=0.06 sys=0.00, real=0.01 secs] 
733.763: [GC
Desired survivor size 6291456 bytes, new threshold 15 (max 15)
 [PSYoungGen: 811392K->4352K(813056K)] 1786270K->979230K(1837056K), 0.0118680 secs] [Times: user=0.06 sys=0.00, real=0.01 secs] 
734.071: [GC
Desired survivor size 6291456 bytes, new threshold 15 (max 15)
 [PSYoungGen: 811264K->3968K(813056K)] 1786142K->978846K(1837056K), 0.0130840 secs] [Times: user=0.07 sys=0.00, real=0.01 secs] 
734.332: [GC
Desired survivor size 6291456 bytes, new threshold 15 (max 15)
 [PSYoungGen: 810880K->3904K(813056K)] 1785758K->978782K(1837056K), 0.0105140 secs] [Times: user=0.06 sys=0.00, real=0.01 secs] 
734.604: [GC
Desired survivor size 6291456 bytes, new threshold 15 (max 15)
 [PSYoungGen: 810816K->4032K(813056K)] 1785694K->978910K(1837056K), 0.0113010 secs] [Times: user=0.05 sys=0.01, real=0.01 secs] 
734.883: [GC
Desired survivor size 6291456 bytes, new threshold 15 (max 15)
 [PSYoungGen: 810944K->3104K(813056K)] 1785822K->977982K(1837056K), 0.0098210 secs] [Times: user=0.05 sys=0.00, real=0.01 secs] 
735.147: [GC
Desired survivor size 6291456 bytes, new threshold 15 (max 15)
 [PSYoungGen: 810016K->4800K(813056K)] 1784894K->979678K(1837056K), 0.0113210 secs] [Times: user=0.07 sys=0.00, real=0.01 secs] 
735.407: [GC
Desired survivor size 6291456 bytes, new threshold 15 (max 15)
 [PSYoungGen: 811712K->1824K(813056K)] 1786590K->978822K(1837056K), 0.0112130 secs] [Times: user=0.06 sys=0.01, real=0.01 secs] 
735.681: [GC
Desired survivor size 6291456 bytes, new threshold 15 (max 15)
 [PSYoungGen: 808736K->1120K(813056K)] 1785734K->978166K(1837056K), 0.0096240 secs] [Times: user=0.06 sys=0.00, real=0.01 secs] 
735.952: [GC
Desired survivor size 6291456 bytes, new threshold 15 (max 15)
 [PSYoungGen: 808032K->1664K(813056K)] 1785078K->978774K(1837056K), 0.0108910 secs] [Times: user=0.07 sys=0.00, real=0.01 secs] 
736.218: [GC
Desired survivor size 6291456 bytes, new threshold 15 (max 15)
 [PSYoungGen: 808576K->3360K(813056K)] 1785686K->980518K(1837056K), 0.0106570 secs] [Times: user=0.06 sys=0.00, real=0.01 secs] 
736.483: [GC
Desired survivor size 6291456 bytes, new threshold 15 (max 15)
 [PSYoungGen: 810272K->1536K(813056K)] 1787430K->978750K(1837056K), 0.0100500 secs] [Times: user=0.06 sys=0.00, real=0.01 secs] 
736.761: [GC
Desired survivor size 6291456 bytes, new threshold 15 (max 15)
 [PSYoungGen: 808448K->1280K(813056K)] 1785662K->978542K(1837056K), 0.0097230 secs] [Times: user=0.05 sys=0.01, real=0.01 secs] 
737.032: [GC
Desired survivor size 6291456 bytes, new threshold 15 (max 15)
 [PSYoungGen: 808192K->1120K(813056K)] 1785454K->978438K(1837056K), 0.0099470 secs] [Times: user=0.05 sys=0.00, real=0.01 secs] 
737.302: [GC
Desired survivor size 6291456 bytes, new threshold 15 (max 15)
 [PSYoungGen: 808032K->1344K(813056K)] 1785350K->978726K(1837056K), 0.0096520 secs] [Times: user=0.06 sys=0.00, real=0.01 secs] 
737.569: [GC
Desired survivor size 5767168 bytes, new threshold 15 (max 15)
 [PSYoungGen: 808256K->1984K(813568K)] 1785638K->979422K(1837568K), 0.0104340 secs] [Times: user=0.05 sys=0.01, real=0.01 secs] 
737.846: [GC
Desired survivor size 5767168 bytes, new threshold 15 (max 15)
 [PSYoungGen: 809408K->3104K(813056K)] 1786846K->980574K(1837056K), 0.0104840 secs] [Times: user=0.07 sys=0.00, real=0.01 secs] 
738.115: [GC
Desired survivor size 5767168 bytes, new threshold 15 (max 15)
 [PSYoungGen: 810528K->1760K(813568K)] 1787998K->979294K(1837568K), 0.0101030 secs] [Times: user=0.05 sys=0.00, real=0.01 secs] 
738.374: [GC
Desired survivor size 5242880 bytes, new threshold 15 (max 15)
 [PSYoungGen: 809696K->2208K(813568K)] 1787230K->979798K(1837568K), 0.0103610 secs] [Times: user=0.05 sys=0.01, real=0.01 secs] 
738.639: [GC
Desired survivor size 5242880 bytes, new threshold 15 (max 15)
 [PSYoungGen: 810144K->512K(814080K)] 1787734K->978166K(1838080K), 0.0093660 secs] [Times: user=0.05 sys=0.00, real=0.01 secs] 
738.916: [GC
Desired survivor size 5242880 bytes, new threshold 15 (max 15)
 [PSYoungGen: 809472K->1696K(814080K)] 1787126K->979414K(1838080K), 0.0099530 secs] [Times: user=0.06 sys=0.00, real=0.01 secs] 
739.187: [GC
Desired survivor size 5242880 bytes, new threshold 15 (max 15)
 [PSYoungGen: 810656K->1568K(814080K)] 1788374K->979366K(1838080K), 0.0099150 secs] [Times: user=0.06 sys=0.00, real=0.01 secs] 
739.468: [GC
Desired survivor size 4718592 bytes, new threshold 15 (max 15)
 [PSYoungGen: 810528K->2304K(814080K)] 1788326K->980150K(1838080K), 0.0100840 secs] [Times: user=0.06 sys=0.00, real=0.01 secs] 
739.744: [GC
Desired survivor size 4718592 bytes, new threshold 15 (max 15)
 [PSYoungGen: 811264K->1280K(814592K)] 1789110K->979174K(1838592K), 0.0096300 secs] [Times: user=0.05 sys=0.00, real=0.01 secs] 
740.011: [GC
Desired survivor size 4718592 bytes, new threshold 15 (max 15)
 [PSYoungGen: 811264K->1824K(814592K)] 1789158K->979782K(1838592K), 0.0101430 secs] [Times: user=0.06 sys=0.00, real=0.01 secs] 
740.276: [GC
Desired survivor size 4718592 bytes, new threshold 15 (max 15)
 [PSYoungGen: 811808K->992K(814592K)] 1789766K->979006K(1838592K), 0.0095250 secs] [Times: user=0.05 sys=0.00, real=0.01 secs] 
740.535: [GC
Desired survivor size 4194304 bytes, new threshold 15 (max 15)
 [PSYoungGen: 810976K->1632K(814592K)] 1788990K->979686K(1838592K), 0.0100560 secs] [Times: user=0.05 sys=0.00, real=0.01 secs] 
740.812: [GC
Desired survivor size 4194304 bytes, new threshold 15 (max 15)
 [PSYoungGen: 811616K->1568K(815104K)] 1789670K->979662K(1839104K), 0.0101250 secs] [Times: user=0.07 sys=0.00, real=0.01 secs] 
741.078: [GC
Desired survivor size 4194304 bytes, new threshold 15 (max 15)
 [PSYoungGen: 812576K->2592K(815104K)] 1790670K->980734K(1839104K), 0.0116420 secs] [Times: user=0.06 sys=0.00, real=0.01 secs] 
741.342: [GC
Desired survivor size 4194304 bytes, new threshold 15 (max 15)
 [PSYoungGen: 813600K->1568K(815104K)] 1791742K->979750K(1839104K), 0.0106090 secs] [Times: user=0.06 sys=0.00, real=0.01 secs] 
741.610: [GC
Desired survivor size 4194304 bytes, new threshold 15 (max 15)
 [PSYoungGen: 812576K->1472K(815104K)] 1790758K->979718K(1839104K), 0.0101120 secs] [Times: user=0.06 sys=0.00, real=0.01 secs] 
741.881: [GC
Desired survivor size 3670016 bytes, new threshold 15 (max 15)
 [PSYoungGen: 812480K->1728K(815616K)] 1790726K->980022K(1839616K), 0.0099350 secs] [Times: user=0.04 sys=0.00, real=0.01 secs] 
742.152: [GC
Desired survivor size 3670016 bytes, new threshold 15 (max 15)
 [PSYoungGen: 813248K->1312K(815104K)] 1791542K->979654K(1839104K), 0.0097820 secs] [Times: user=0.05 sys=0.00, real=0.01 secs] 
742.421: [GC
Desired survivor size 3670016 bytes, new threshold 15 (max 15)
 [PSYoungGen: 812832K->1472K(815616K)] 1791174K->979862K(1839616K), 0.0093030 secs] [Times: user=0.06 sys=0.00, real=0.01 secs] 
742.688: [GC
Desired survivor size 3670016 bytes, new threshold 15 (max 15)
 [PSYoungGen: 813504K->1120K(815616K)] 1791894K->979550K(1839616K), 0.0097950 secs] [Times: user=0.06 sys=0.00, real=0.01 secs] 
742.961: [GC
Desired survivor size 3670016 bytes, new threshold 15 (max 15)
 [PSYoungGen: 813152K->2464K(815616K)] 1791582K->980934K(1839616K), 0.0103830 secs] [Times: user=0.06 sys=0.00, real=0.02 secs] 
743.228: [GC
Desired survivor size 3670016 bytes, new threshold 15 (max 15)
 [PSYoungGen: 814496K->1888K(815616K)] 1792966K->980406K(1839616K), 0.0105160 secs] [Times: user=0.06 sys=0.01, real=0.01 secs] 
743.496: [GC
Desired survivor size 3670016 bytes, new threshold 15 (max 15)
 [PSYoungGen: 813920K->864K(815616K)] 1792438K->979446K(1839616K), 0.0096260 secs] [Times: user=0.05 sys=0.00, real=0.01 secs] 
743.771: [GC
Desired survivor size 3670016 bytes, new threshold 15 (max 15)
 [PSYoungGen: 812896K->2016K(815616K)] 1791478K->980662K(1839616K), 0.0098850 secs] [Times: user=0.05 sys=0.00, real=0.01 secs] 
744.034: [GC
Desired survivor size 3670016 bytes, new threshold 15 (max 15)
 [PSYoungGen: 814048K->1824K(815616K)] 1792694K->980518K(1839616K), 0.0099440 secs] [Times: user=0.07 sys=0.00, real=0.01 secs] 
744.305: [GC
Desired survivor size 3670016 bytes, new threshold 15 (max 15)
 [PSYoungGen: 813856K->736K(815616K)] 1792550K->979494K(1839616K), 0.0092010 secs] [Times: user=0.05 sys=0.00, real=0.01 secs] 
744.565: [GC
Desired survivor size 3670016 bytes, new threshold 15 (max 15)
 [PSYoungGen: 812768K->2176K(815616K)] 1791526K->980966K(1839616K), 0.0098520 secs] [Times: user=0.06 sys=0.00, real=0.01 secs] 
744.839: [GC
Desired survivor size 3670016 bytes, new threshold 15 (max 15)
 [PSYoungGen: 814208K->1984K(815616K)] 1792998K->980830K(1839616K), 0.0105200 secs] [Times: user=0.05 sys=0.00, real=0.01 secs] 
745.102: [GC
Desired survivor size 3670016 bytes, new threshold 15 (max 15)
 [PSYoungGen: 814016K->1984K(815616K)] 1792862K->980886K(1839616K), 0.0103690 secs] [Times: user=0.05 sys=0.01, real=0.01 secs] 
745.359: [GC
Desired survivor size 3145728 bytes, new threshold 15 (max 15)
 [PSYoungGen: 814016K->1632K(815616K)] 1792918K->980590K(1839616K), 0.0095710 secs] [Times: user=0.06 sys=0.00, real=0.01 secs] 
745.624: [GC
Desired survivor size 3145728 bytes, new threshold 15 (max 15)
 [PSYoungGen: 813664K->1248K(816128K)] 1792622K->980254K(1840128K), 0.0096860 secs] [Times: user=0.05 sys=0.00, real=0.01 secs] 
745.902: [GC
Desired survivor size 3145728 bytes, new threshold 15 (max 15)
 [PSYoungGen: 814304K->2112K(816128K)] 1793310K->981182K(1840128K), 0.0105250 secs] [Times: user=0.06 sys=0.00, real=0.01 secs] 
746.163: [GC
Desired survivor size 3145728 bytes, new threshold 15 (max 15)
 [PSYoungGen: 815168K->1184K(816128K)] 1794238K->980310K(1840128K), 0.0094770 secs] [Times: user=0.05 sys=0.00, real=0.01 secs] 
746.437: [GC
Desired survivor size 3145728 bytes, new threshold 15 (max 15)
 [PSYoungGen: 814240K->2080K(816128K)] 1793366K->981270K(1840128K), 0.0104410 secs] [Times: user=0.06 sys=0.00, real=0.01 secs] 
746.706: [GC
Desired survivor size 3145728 bytes, new threshold 15 (max 15)
 [PSYoungGen: 815136K->800K(816128K)] 1794326K->980038K(1840128K), 0.0196510 secs] [Times: user=0.06 sys=0.01, real=0.02 secs] 
746.984: [GC
Desired survivor size 3145728 bytes, new threshold 15 (max 15)
 [PSYoungGen: 813856K->1856K(816128K)] 1793094K->981158K(1840128K), 0.0099480 secs] [Times: user=0.05 sys=0.00, real=0.01 secs] 
747.248: [GC
Desired survivor size 3670016 bytes, new threshold 15 (max 15)
 [PSYoungGen: 814912K->2560K(815104K)] 1794214K->981902K(1839104K), 0.0111640 secs] [Times: user=0.05 sys=0.00, real=0.01 secs] 
747.509: [GC
Desired survivor size 3670016 bytes, new threshold 15 (max 15)
 [PSYoungGen: 814592K->2368K(815616K)] 1793934K->981758K(1839616K), 0.0102240 secs] [Times: user=0.06 sys=0.00, real=0.01 secs] 
747.776: [GC
Desired survivor size 4194304 bytes, new threshold 14 (max 15)
 [PSYoungGen: 814400K->3584K(814592K)] 1793790K->983150K(1838592K), 0.0112310 secs] [Times: user=0.07 sys=0.00, real=0.01 secs] 
748.041: [GC
Desired survivor size 4194304 bytes, new threshold 15 (max 15)
 [PSYoungGen: 814592K->1920K(815104K)] 1794158K->981534K(1839104K), 0.0110200 secs] [Times: user=0.06 sys=0.00, real=0.01 secs] 
748.309: [GC
Desired survivor size 3670016 bytes, new threshold 15 (max 15)
 [PSYoungGen: 812928K->1536K(815616K)] 1792542K->981150K(1839616K), 0.0101250 secs] [Times: user=0.05 sys=0.00, real=0.01 secs] 
748.573: [GC
Desired survivor size 3670016 bytes, new threshold 15 (max 15)
 [PSYoungGen: 813056K->2080K(815104K)] 1792670K->981742K(1839104K), 0.0121400 secs] [Times: user=0.07 sys=0.00, real=0.01 secs] 
748.847: [GC
Desired survivor size 3670016 bytes, new threshold 15 (max 15)
 [PSYoungGen: 813600K->1536K(815616K)] 1793262K->981238K(1839616K), 0.0101400 secs] [Times: user=0.06 sys=0.00, real=0.01 secs] 
749.112: [GC
Desired survivor size 3670016 bytes, new threshold 15 (max 15)
 [PSYoungGen: 813568K->1824K(815616K)] 1793270K->981558K(1839616K), 0.0103380 secs] [Times: user=0.04 sys=0.00, real=0.01 secs] 
749.374: [GC
Desired survivor size 3670016 bytes, new threshold 15 (max 15)
 [PSYoungGen: 813856K->2944K(815616K)] 1793590K->982706K(1839616K), 0.0110820 secs] [Times: user=0.06 sys=0.00, real=0.01 secs] 
749.640: [GC
Desired survivor size 3670016 bytes, new threshold 15 (max 15)
 [PSYoungGen: 814976K->2368K(815616K)] 1794738K->982178K(1839616K), 0.0100670 secs] [Times: user=0.07 sys=0.00, real=0.01 secs] 
749.912: [GC
Desired survivor size 3670016 bytes, new threshold 15 (max 15)
 [PSYoungGen: 814400K->800K(815616K)] 1794210K->980666K(1839616K), 0.0095170 secs] [Times: user=0.06 sys=0.00, real=0.01 secs] 
750.177: [GC
Desired survivor size 4194304 bytes, new threshold 15 (max 15)
 [PSYoungGen: 812832K->2464K(814592K)] 1792698K->982394K(1838592K), 0.0108180 secs] [Times: user=0.05 sys=0.00, real=0.01 secs] 
750.439: [GC
Desired survivor size 3670016 bytes, new threshold 15 (max 15)
 [PSYoungGen: 814496K->2112K(815616K)] 1794426K->982122K(1839616K), 0.0102270 secs] [Times: user=0.06 sys=0.00, real=0.01 secs] 
750.723: [GC
Desired survivor size 3670016 bytes, new threshold 15 (max 15)
 [PSYoungGen: 813632K->1792K(815104K)] 1793642K->981850K(1839104K), 0.0104080 secs] [Times: user=0.05 sys=0.00, real=0.01 secs] 
750.994: [GC
Desired survivor size 3670016 bytes, new threshold 15 (max 15)
 [PSYoungGen: 813312K->1760K(815616K)] 1793370K->981834K(1839616K), 0.0099520 secs] [Times: user=0.05 sys=0.00, real=0.01 secs] 
751.257: [GC
Desired survivor size 3670016 bytes, new threshold 15 (max 15)
 [PSYoungGen: 813792K->1120K(815616K)] 1793866K->981234K(1839616K), 0.0093590 secs] [Times: user=0.05 sys=0.00, real=0.01 secs] 
751.528: [GC
Desired survivor size 3670016 bytes, new threshold 15 (max 15)
 [PSYoungGen: 813152K->1024K(815616K)] 1793266K->981178K(1839616K), 0.0095200 secs] [Times: user=0.05 sys=0.00, real=0.01 secs] 
751.809: [GC
Desired survivor size 3670016 bytes, new threshold 15 (max 15)
 [PSYoungGen: 813056K->2144K(815616K)] 1793210K->982402K(1839616K), 0.0107830 secs] [Times: user=0.06 sys=0.00, real=0.01 secs] 
752.085: [GC
Desired survivor size 3670016 bytes, new threshold 15 (max 15)
 [PSYoungGen: 814176K->1920K(815616K)] 1794434K->982210K(1839616K), 0.0095570 secs] [Times: user=0.05 sys=0.00, real=0.01 secs] 
752.346: [GC
Desired survivor size 3670016 bytes, new threshold 15 (max 15)
 [PSYoungGen: 813952K->3232K(815616K)] 1794242K->983570K(1839616K), 0.0105840 secs] [Times: user=0.06 sys=0.00, real=0.01 secs] 
752.612: [GC
Desired survivor size 4194304 bytes, new threshold 15 (max 15)
 [PSYoungGen: 815264K->2816K(814592K)] 1795602K->983194K(1838592K), 0.0104610 secs] [Times: user=0.06 sys=0.00, real=0.02 secs] 
752.884: [GC
Desired survivor size 3670016 bytes, new threshold 15 (max 15)
 [PSYoungGen: 813824K->1824K(815104K)] 1794202K->982242K(1839104K), 0.0101780 secs] [Times: user=0.06 sys=0.00, real=0.01 secs] 
753.150: [GC
Desired survivor size 4194304 bytes, new threshold 15 (max 15)
 [PSYoungGen: 812832K->2976K(814592K)] 1793250K->983458K(1838592K), 0.0116660 secs] [Times: user=0.06 sys=0.00, real=0.01 secs] 
753.414: [GC
Desired survivor size 4194304 bytes, new threshold 15 (max 15)
 [PSYoungGen: 813984K->2880K(815104K)] 1794466K->983418K(1839104K), 0.0101010 secs] [Times: user=0.06 sys=0.00, real=0.01 secs] 
753.679: [GC
Desired survivor size 4194304 bytes, new threshold 15 (max 15)
 [PSYoungGen: 813888K->1120K(815104K)] 1794426K->981714K(1839104K), 0.0092390 secs] [Times: user=0.05 sys=0.00, real=0.01 secs] 
753.995: [GC
Desired survivor size 4194304 bytes, new threshold 15 (max 15)
 [PSYoungGen: 812128K->2176K(815104K)] 1792722K->982810K(1839104K), 0.0098750 secs] [Times: user=0.05 sys=0.00, real=0.01 secs] 
754.263: [GC
Desired survivor size 4194304 bytes, new threshold 15 (max 15)
 [PSYoungGen: 813184K->1568K(815104K)] 1793818K->982250K(1839104K), 0.0092800 secs] [Times: user=0.05 sys=0.00, real=0.01 secs] 
754.532: [GC
Desired survivor size 4194304 bytes, new threshold 15 (max 15)
 [PSYoungGen: 812576K->2304K(815104K)] 1793258K->983034K(1839104K), 0.0116180 secs] [Times: user=0.06 sys=0.00, real=0.02 secs] 
754.812: [GC
Desired survivor size 3670016 bytes, new threshold 15 (max 15)
 [PSYoungGen: 813312K->2336K(815616K)] 1794042K->983098K(1839616K), 0.0108850 secs] [Times: user=0.06 sys=0.00, real=0.02 secs] 
755.087: [GC
Desired survivor size 3670016 bytes, new threshold 15 (max 15)
 [PSYoungGen: 813856K->1568K(815104K)] 1794618K->982370K(1839104K), 0.0098820 secs] [Times: user=0.05 sys=0.00, real=0.01 secs] 
755.351: [GC
Desired survivor size 3670016 bytes, new threshold 15 (max 15)
 [PSYoungGen: 813088K->2240K(815616K)] 1793890K->983098K(1839616K), 0.0101420 secs] [Times: user=0.06 sys=0.00, real=0.01 secs] 
755.616: [GC
Desired survivor size 4194304 bytes, new threshold 15 (max 15)
 [PSYoungGen: 814272K->2944K(815104K)] 1795130K->983850K(1839104K), 0.0115890 secs] [Times: user=0.05 sys=0.01, real=0.01 secs] 
755.893: [GC
Desired survivor size 4194304 bytes, new threshold 15 (max 15)
 [PSYoungGen: 814976K->1152K(815104K)] 1795882K->982114K(1839104K), 0.0094580 secs] [Times: user=0.06 sys=0.00, real=0.00 secs] 
756.168: [GC
Desired survivor size 4194304 bytes, new threshold 15 (max 15)
 [PSYoungGen: 812160K->768K(815104K)] 1793122K->981778K(1839104K), 0.0092760 secs] [Times: user=0.05 sys=0.00, real=0.01 secs] 
756.432: [GC
Desired survivor size 4194304 bytes, new threshold 15 (max 15)
 [PSYoungGen: 811776K->416K(815104K)] 1792786K->981490K(1839104K), 0.0093010 secs] [Times: user=0.06 sys=0.00, real=0.01 secs] 
756.701: [GC
Desired survivor size 4194304 bytes, new threshold 15 (max 15)
 [PSYoungGen: 811424K->768K(815104K)] 1792498K->981890K(1839104K), 0.0243250 secs] [Times: user=0.09 sys=0.00, real=0.03 secs] 
756.983: [GC
Desired survivor size 3670016 bytes, new threshold 15 (max 15)
 [PSYoungGen: 811776K->1568K(815616K)] 1792898K->982746K(1839616K), 0.0096930 secs] [Times: user=0.06 sys=0.00, real=0.01 secs] 
757.246: [GC
Desired survivor size 3670016 bytes, new threshold 15 (max 15)
 [PSYoungGen: 813088K->768K(815104K)] 1794266K->981986K(1839104K), 0.0093480 secs] [Times: user=0.05 sys=0.01, real=0.01 secs] 
757.505: [GC
Desired survivor size 3670016 bytes, new threshold 15 (max 15)
 [PSYoungGen: 812288K->2112K(815616K)] 1793506K->983378K(1839616K), 0.0099080 secs] [Times: user=0.06 sys=0.01, real=0.01 secs] 
757.780: [GC
Desired survivor size 4194304 bytes, new threshold 15 (max 15)
 [PSYoungGen: 814144K->2368K(814592K)] 1795410K->983666K(1838592K), 0.0105990 secs] [Times: user=0.06 sys=0.00, real=0.01 secs] 
758.049: [GC
Desired survivor size 3670016 bytes, new threshold 15 (max 15)
 [PSYoungGen: 814400K->1600K(815616K)] 1795698K->982938K(1839616K), 0.0093770 secs] [Times: user=0.06 sys=0.00, real=0.01 secs] 
758.317: [GC
Desired survivor size 3670016 bytes, new threshold 15 (max 15)
 [PSYoungGen: 813120K->2016K(815104K)] 1794458K->983394K(1839104K), 0.0102150 secs] [Times: user=0.06 sys=0.00, real=0.01 secs] 
758.587: [GC
Desired survivor size 3670016 bytes, new threshold 15 (max 15)
 [PSYoungGen: 813536K->2368K(815616K)] 1794914K->983794K(1839616K), 0.0102880 secs] [Times: user=0.07 sys=0.00, real=0.01 secs] 
758.854: [GC
Desired survivor size 3670016 bytes, new threshold 15 (max 15)
 [PSYoungGen: 814400K->2240K(815616K)] 1795826K->983714K(1839616K), 0.0101580 secs] [Times: user=0.06 sys=0.00, real=0.01 secs] 
759.125: [GC
Desired survivor size 3670016 bytes, new threshold 15 (max 15)
 [PSYoungGen: 814272K->1856K(815616K)] 1795746K->983378K(1839616K), 0.0099020 secs] [Times: user=0.05 sys=0.00, real=0.01 secs] 
759.392: [GC
Desired survivor size 3670016 bytes, new threshold 15 (max 15)
 [PSYoungGen: 813888K->1696K(815616K)] 1795410K->983266K(1839616K), 0.0104210 secs] [Times: user=0.05 sys=0.00, real=0.01 secs] 
759.713: [GC
Desired survivor size 3670016 bytes, new threshold 15 (max 15)
 [PSYoungGen: 813728K->896K(815616K)] 1795298K->982522K(1839616K), 0.0160800 secs] [Times: user=0.06 sys=0.01, real=0.02 secs] 
759.984: [GC
Desired survivor size 3670016 bytes, new threshold 15 (max 15)
 [PSYoungGen: 812928K->2016K(815616K)] 1794554K->983706K(1839616K), 0.0100660 secs] [Times: user=0.06 sys=0.00, real=0.01 secs] 
760.252: [GC
Desired survivor size 3670016 bytes, new threshold 15 (max 15)
 [PSYoungGen: 814048K->1952K(815616K)] 1795738K->983690K(1839616K), 0.0104870 secs] [Times: user=0.06 sys=0.00, real=0.01 secs] 
760.524: [GC
Desired survivor size 3670016 bytes, new threshold 15 (max 15)
 [PSYoungGen: 813984K->960K(815616K)] 1795722K->982746K(1839616K), 0.0094910 secs] [Times: user=0.05 sys=0.00, real=0.01 secs] 
760.794: [GC
Desired survivor size 3670016 bytes, new threshold 15 (max 15)
 [PSYoungGen: 812992K->3200K(815616K)] 1794778K->985026K(1839616K), 0.0107490 secs] [Times: user=0.06 sys=0.00, real=0.01 secs] 
761.055: [GC
Desired survivor size 3670016 bytes, new threshold 15 (max 15)
 [PSYoungGen: 815232K->2080K(815616K)] 1797058K->983946K(1839616K), 0.0099600 secs] [Times: user=0.06 sys=0.00, real=0.01 secs] 
761.317: [GC
Desired survivor size 3670016 bytes, new threshold 15 (max 15)
 [PSYoungGen: 814112K->1568K(815616K)] 1795978K->983498K(1839616K), 0.0100470 secs] [Times: user=0.06 sys=0.00, real=0.01 secs] 
761.585: [GC
Desired survivor size 3670016 bytes, new threshold 15 (max 15)
 [PSYoungGen: 813600K->608K(815616K)] 1795530K->982602K(1839616K), 0.0094670 secs] [Times: user=0.05 sys=0.01, real=0.01 secs] 
761.856: [GC
Desired survivor size 3670016 bytes, new threshold 15 (max 15)
 [PSYoungGen: 812640K->1696K(815616K)] 1794634K->983754K(1839616K), 0.0099640 secs] [Times: user=0.07 sys=0.00, real=0.01 secs] 
762.118: [GC
Desired survivor size 3670016 bytes, new threshold 15 (max 15)
 [PSYoungGen: 813728K->1088K(815616K)] 1795786K->983186K(1839616K), 0.0094760 secs] [Times: user=0.06 sys=0.00, real=0.01 secs] 
762.381: [GC
Desired survivor size 3670016 bytes, new threshold 15 (max 15)
 [PSYoungGen: 813120K->1792K(815616K)] 1795218K->983954K(1839616K), 0.0098380 secs] [Times: user=0.05 sys=0.00, real=0.01 secs] 
762.651: [GC
Desired survivor size 3145728 bytes, new threshold 15 (max 15)
 [PSYoungGen: 813824K->1504K(815616K)] 1795986K->983714K(1839616K), 0.0099090 secs] [Times: user=0.06 sys=0.00, real=0.01 secs] 
762.916: [GC
Desired survivor size 3670016 bytes, new threshold 14 (max 15)
 [PSYoungGen: 813536K->3072K(815104K)] 1795746K->985754K(1839104K), 0.0109250 secs] [Times: user=0.06 sys=0.01, real=0.01 secs] 
763.180: [GC
Desired survivor size 4718592 bytes, new threshold 13 (max 15)
 [PSYoungGen: 815104K->3584K(815616K)] 1797786K->987754K(1839616K), 0.0123860 secs] [Times: user=0.07 sys=0.01, real=0.01 secs] 
763.450: [GC
Desired survivor size 4718592 bytes, new threshold 14 (max 15)
 [PSYoungGen: 815616K->1312K(813568K)] 1799786K->985538K(1837568K), 0.0104770 secs] [Times: user=0.06 sys=0.00, real=0.01 secs] 
763.727: [GC
Desired survivor size 4718592 bytes, new threshold 15 (max 15)
 [PSYoungGen: 811296K->2336K(814592K)] 1795522K->986562K(1838592K), 0.0105720 secs] [Times: user=0.06 sys=0.00, real=0.01 secs] 
763.994: [GC
Desired survivor size 4718592 bytes, new threshold 15 (max 15)
 [PSYoungGen: 812320K->2464K(814592K)] 1796546K->986690K(1838592K), 0.0104560 secs] [Times: user=0.06 sys=0.00, real=0.01 secs] 
764.257: [GC
Desired survivor size 4718592 bytes, new threshold 15 (max 15)
 [PSYoungGen: 812448K->992K(814592K)] 1796674K->985274K(1838592K), 0.0096780 secs] [Times: user=0.06 sys=0.00, real=0.01 secs] 
764.518: [GC
Desired survivor size 5242880 bytes, new threshold 15 (max 15)
 [PSYoungGen: 810976K->4352K(813568K)] 1795258K->988682K(1837568K), 0.0118940 secs] [Times: user=0.07 sys=0.00, real=0.01 secs] 
764.788: [GC
Desired survivor size 5242880 bytes, new threshold 15 (max 15)
 [PSYoungGen: 813312K->2368K(814080K)] 1797642K->986730K(1838080K), 0.0105710 secs] [Times: user=0.06 sys=0.00, real=0.01 secs] 
765.057: [GC
Desired survivor size 4718592 bytes, new threshold 15 (max 15)
 [PSYoungGen: 811328K->1856K(814592K)] 1795690K->986266K(1838592K), 0.0098870 secs] [Times: user=0.05 sys=0.00, real=0.01 secs] 
765.324: [GC
Desired survivor size 4718592 bytes, new threshold 15 (max 15)
 [PSYoungGen: 811328K->2208K(814080K)] 1795738K->986658K(1838080K), 0.0106080 secs] [Times: user=0.06 sys=0.00, real=0.02 secs] 
765.593: [GC
Desired survivor size 4718592 bytes, new threshold 15 (max 15)
 [PSYoungGen: 811680K->1408K(814592K)] 1796130K->985890K(1838592K), 0.0098400 secs] [Times: user=0.05 sys=0.00, real=0.01 secs] 
765.864: [GC
Desired survivor size 4194304 bytes, new threshold 15 (max 15)
 [PSYoungGen: 811392K->2176K(814592K)] 1795874K->986722K(1838592K), 0.0100640 secs] [Times: user=0.07 sys=0.00, real=0.01 secs] 
766.124: [GC
Desired survivor size 4194304 bytes, new threshold 15 (max 15)
 [PSYoungGen: 812160K->1984K(815104K)] 1796706K->986570K(1839104K), 0.0101500 secs] [Times: user=0.06 sys=0.00, real=0.01 secs] 
766.386: [GC
Desired survivor size 4194304 bytes, new threshold 15 (max 15)
 [PSYoungGen: 812992K->1696K(815104K)] 1797578K->986330K(1839104K), 0.0100760 secs] [Times: user=0.06 sys=0.00, real=0.01 secs] 
766.651: [GC
Desired survivor size 4194304 bytes, new threshold 15 (max 15)
 [PSYoungGen: 812704K->2592K(815104K)] 1797338K->987306K(1839104K), 0.0107300 secs] [Times: user=0.06 sys=0.00, real=0.01 secs] 
766.917: [GC
Desired survivor size 4194304 bytes, new threshold 15 (max 15)
 [PSYoungGen: 813600K->1600K(815104K)] 1798314K->986466K(1839104K), 0.0098720 secs] [Times: user=0.05 sys=0.00, real=0.01 secs] 
767.188: [GC
Desired survivor size 3670016 bytes, new threshold 15 (max 15)
 [PSYoungGen: 812608K->2016K(815616K)] 1797474K->987146K(1839616K), 0.0102060 secs] [Times: user=0.06 sys=0.00, real=0.01 secs] 
767.449: [GC
Desired survivor size 3670016 bytes, new threshold 15 (max 15)
 [PSYoungGen: 813536K->2432K(815104K)] 1798666K->987610K(1839104K), 0.0108860 secs] [Times: user=0.06 sys=0.00, real=0.01 secs] 
767.728: [GC
Desired survivor size 3670016 bytes, new threshold 15 (max 15)
 [PSYoungGen: 813952K->1824K(815616K)] 1799130K->987050K(1839616K), 0.0108280 secs] [Times: user=0.07 sys=0.00, real=0.01 secs] 
767.991: [GC
Desired survivor size 4194304 bytes, new threshold 15 (max 15)
 [PSYoungGen: 813856K->2880K(815104K)] 1799082K->988146K(1839104K), 0.0105760 secs] [Times: user=0.06 sys=0.00, real=0.01 secs] 
768.257: [GC
Desired survivor size 4194304 bytes, new threshold 15 (max 15)
 [PSYoungGen: 814912K->960K(815104K)] 1800178K->986266K(1839104K), 0.0095030 secs] [Times: user=0.05 sys=0.00, real=0.01 secs] 
768.519: [GC
Desired survivor size 4718592 bytes, new threshold 14 (max 15)
 [PSYoungGen: 811968K->4096K(815104K)] 1797274K->989450K(1839104K), 0.0116250 secs] [Times: user=0.07 sys=0.00, real=0.01 secs] 
768.883: [GC
Desired survivor size 4718592 bytes, new threshold 15 (max 15)
 [PSYoungGen: 815104K->1216K(814080K)] 1800458K->986610K(1838080K), 0.0101850 secs] [Times: user=0.06 sys=0.00, real=0.01 secs] 
769.149: [GC
Desired survivor size 4718592 bytes, new threshold 15 (max 15)
 [PSYoungGen: 811200K->1024K(814592K)] 1796594K->986418K(1838592K), 0.0095200 secs] [Times: user=0.06 sys=0.00, real=0.01 secs] 
769.402: [GC
Desired survivor size 4718592 bytes, new threshold 15 (max 15)
 [PSYoungGen: 811008K->3328K(814592K)] 1796402K->988786K(1838592K), 0.0115780 secs] [Times: user=0.07 sys=0.00, real=0.01 secs] 
769.675: [GC
Desired survivor size 4718592 bytes, new threshold 15 (max 15)
 [PSYoungGen: 813312K->2944K(814592K)] 1798770K->988442K(1838592K), 0.0107650 secs] [Times: user=0.05 sys=0.01, real=0.01 secs] 
769.945: [GC
Desired survivor size 4718592 bytes, new threshold 15 (max 15)
 [PSYoungGen: 812928K->2400K(814592K)] 1798426K->987970K(1838592K), 0.0103340 secs] [Times: user=0.07 sys=0.00, real=0.01 secs] 
770.214: [GC
Desired survivor size 4718592 bytes, new threshold 15 (max 15)
 [PSYoungGen: 812384K->928K(814592K)] 1797954K->986562K(1838592K), 0.0097300 secs] [Times: user=0.06 sys=0.00, real=0.01 secs] 
770.479: [GC
Desired survivor size 4718592 bytes, new threshold 15 (max 15)
 [PSYoungGen: 810912K->1184K(814592K)] 1796546K->986866K(1838592K), 0.0098510 secs] [Times: user=0.05 sys=0.00, real=0.01 secs] 
770.752: [GC
Desired survivor size 4718592 bytes, new threshold 15 (max 15)
 [PSYoungGen: 811168K->1504K(814592K)] 1796850K->987226K(1838592K), 0.0097470 secs] [Times: user=0.06 sys=0.00, real=0.01 secs] 
771.026: [GC
Desired survivor size 4718592 bytes, new threshold 15 (max 15)
 [PSYoungGen: 811488K->992K(814592K)] 1797210K->986762K(1838592K), 0.0101120 secs] [Times: user=0.06 sys=0.00, real=0.01 secs] 
771.289: [GC
Desired survivor size 4718592 bytes, new threshold 15 (max 15)
 [PSYoungGen: 810976K->2976K(814592K)] 1796746K->988778K(1838592K), 0.0103980 secs] [Times: user=0.06 sys=0.00, real=0.01 secs] 
771.554: [GC
Desired survivor size 4718592 bytes, new threshold 15 (max 15)
 [PSYoungGen: 812960K->992K(814592K)] 1798762K->986842K(1838592K), 0.0099220 secs] [Times: user=0.05 sys=0.00, real=0.01 secs] 
771.833: [GC
Desired survivor size 4718592 bytes, new threshold 15 (max 15)
 [PSYoungGen: 810976K->1280K(814592K)] 1796826K->987178K(1838592K), 0.0096480 secs] [Times: user=0.05 sys=0.00, real=0.01 secs] 
772.106: [GC
Desired survivor size 4194304 bytes, new threshold 15 (max 15)
 [PSYoungGen: 811264K->1920K(815104K)] 1797162K->987826K(1839104K), 0.0100900 secs] [Times: user=0.07 sys=0.00, real=0.01 secs] 
772.367: [GC
Desired survivor size 4194304 bytes, new threshold 15 (max 15)
 [PSYoungGen: 812416K->1184K(814592K)] 1798322K->987146K(1838592K), 0.0098370 secs] [Times: user=0.05 sys=0.00, real=0.01 secs] 
772.637: [GC
Desired survivor size 4718592 bytes, new threshold 15 (max 15)
 [PSYoungGen: 811680K->3840K(814080K)] 1797642K->989842K(1838080K), 0.0113020 secs] [Times: user=0.07 sys=0.00, real=0.01 secs] 
772.912: [GC
Desired survivor size 4718592 bytes, new threshold 15 (max 15)
 [PSYoungGen: 813824K->2528K(814592K)] 1799826K->988578K(1838592K), 0.0103270 secs] [Times: user=0.06 sys=0.00, real=0.01 secs] 
773.183: [GC
Desired survivor size 4718592 bytes, new threshold 15 (max 15)
 [PSYoungGen: 812512K->2176K(814592K)] 1798562K->988282K(1838592K), 0.0100670 secs] [Times: user=0.07 sys=0.00, real=0.01 secs] 
773.444: [GC
Desired survivor size 4194304 bytes, new threshold 15 (max 15)
 [PSYoungGen: 812160K->1952K(814592K)] 1798266K->988122K(1838592K), 0.0103200 secs] [Times: user=0.06 sys=0.00, real=0.02 secs] 
773.721: [GC
Desired survivor size 4194304 bytes, new threshold 15 (max 15)
 [PSYoungGen: 811936K->2272K(815104K)] 1798106K->988490K(1839104K), 0.0106150 secs] [Times: user=0.06 sys=0.00, real=0.01 secs] 
774.027: [GC
Desired survivor size 4194304 bytes, new threshold 15 (max 15)
 [PSYoungGen: 813280K->1856K(815104K)] 1799498K->988122K(1839104K), 0.0099710 secs] [Times: user=0.06 sys=0.00, real=0.01 secs] 
774.292: [GC
Desired survivor size 4194304 bytes, new threshold 15 (max 15)
 [PSYoungGen: 812864K->800K(815104K)] 1799130K->987114K(1839104K), 0.0094420 secs] [Times: user=0.05 sys=0.00, real=0.01 secs] 
774.561: [GC
Desired survivor size 4194304 bytes, new threshold 15 (max 15)
 [PSYoungGen: 811808K->3168K(815104K)] 1798122K->989538K(1839104K), 0.0110900 secs] [Times: user=0.06 sys=0.00, real=0.01 secs] 
774.831: [GC
Desired survivor size 4194304 bytes, new threshold 15 (max 15)
 [PSYoungGen: 814176K->2048K(815104K)] 1800546K->988466K(1839104K), 0.0099600 secs] [Times: user=0.05 sys=0.01, real=0.01 secs] 
775.104: [GC
Desired survivor size 4194304 bytes, new threshold 15 (max 15)
 [PSYoungGen: 813056K->1472K(815104K)] 1799474K->987954K(1839104K), 0.0093650 secs] [Times: user=0.06 sys=0.00, real=0.01 secs] 
775.365: [GC
Desired survivor size 4194304 bytes, new threshold 15 (max 15)
 [PSYoungGen: 812480K->2368K(815104K)] 1798962K->988914K(1839104K), 0.0105650 secs] [Times: user=0.05 sys=0.00, real=0.01 secs] 
775.633: [GC
Desired survivor size 4194304 bytes, new threshold 15 (max 15)
 [PSYoungGen: 813376K->1600K(815104K)] 1799922K->988194K(1839104K), 0.0098210 secs] [Times: user=0.06 sys=0.00, real=0.01 secs] 
775.906: [GC
Desired survivor size 4194304 bytes, new threshold 15 (max 15)
 [PSYoungGen: 812608K->2400K(815104K)] 1799202K->989050K(1839104K), 0.0110020 secs] [Times: user=0.06 sys=0.00, real=0.01 secs] 
776.169: [GC
Desired survivor size 3670016 bytes, new threshold 15 (max 15)
 [PSYoungGen: 813408K->2272K(815104K)] 1800058K->988970K(1839104K), 0.0103000 secs] [Times: user=0.05 sys=0.00, real=0.01 secs] 
776.446: [GC
Desired survivor size 3670016 bytes, new threshold 15 (max 15)
 [PSYoungGen: 813280K->2304K(815616K)] 1799978K->989050K(1839616K), 0.0127870 secs] [Times: user=0.05 sys=0.00, real=0.01 secs] 
776.731: [GC
Desired survivor size 3670016 bytes, new threshold 15 (max 15)
 [PSYoungGen: 814336K->2688K(815616K)] 1801082K->989498K(1839616K), 0.0104540 secs] [Times: user=0.06 sys=0.00, real=0.01 secs] 
776.994: [GC
Desired survivor size 3670016 bytes, new threshold 15 (max 15)
 [PSYoungGen: 814720K->1312K(815616K)] 1801530K->988178K(1839616K), 0.0095120 secs] [Times: user=0.05 sys=0.00, real=0.01 secs] 
777.255: [GC
Desired survivor size 3670016 bytes, new threshold 15 (max 15)
 [PSYoungGen: 813344K->2176K(815616K)] 1800210K->989098K(1839616K), 0.0104760 secs] [Times: user=0.05 sys=0.00, real=0.02 secs] 
777.521: [GC
Desired survivor size 3670016 bytes, new threshold 15 (max 15)
 [PSYoungGen: 814208K->1568K(815616K)] 1801130K->988546K(1839616K), 0.0101560 secs] [Times: user=0.06 sys=0.00, real=0.01 secs] 
777.801: [GC
Desired survivor size 3670016 bytes, new threshold 15 (max 15)
 [PSYoungGen: 813600K->1088K(815616K)] 1800578K->988122K(1839616K), 0.0090210 secs] [Times: user=0.06 sys=0.00, real=0.01 secs] 
778.067: [GC
Desired survivor size 4194304 bytes, new threshold 15 (max 15)
 [PSYoungGen: 813120K->2880K(814592K)] 1800154K->989970K(1838592K), 0.0101830 secs] [Times: user=0.06 sys=0.00, real=0.01 secs] 
778.326: [GC
Desired survivor size 4194304 bytes, new threshold 15 (max 15)
 [PSYoungGen: 813888K->2496K(815104K)] 1800978K->989642K(1839104K), 0.0104730 secs] [Times: user=0.06 sys=0.00, real=0.01 secs] 
778.597: [GC
Desired survivor size 3670016 bytes, new threshold 15 (max 15)
 [PSYoungGen: 813504K->1728K(815616K)] 1800650K->988922K(1839616K), 0.0100980 secs] [Times: user=0.06 sys=0.00, real=0.01 secs] 
778.873: [GC
Desired survivor size 4194304 bytes, new threshold 15 (max 15)
 [PSYoungGen: 813248K->2880K(815104K)] 1800442K->990130K(1839104K), 0.0107130 secs] [Times: user=0.06 sys=0.00, real=0.01 secs] 
779.142: [GC
Desired survivor size 4194304 bytes, new threshold 15 (max 15)
 [PSYoungGen: 814400K->1376K(815104K)] 1801650K->988674K(1839104K), 0.0096890 secs] [Times: user=0.05 sys=0.00, real=0.01 secs] 
779.408: [GC
Desired survivor size 4194304 bytes, new threshold 15 (max 15)
 [PSYoungGen: 812384K->1184K(815104K)] 1799682K->988530K(1839104K), 0.0095530 secs] [Times: user=0.05 sys=0.00, real=0.01 secs] 
779.741: [GC
Desired survivor size 4718592 bytes, new threshold 15 (max 15)
 [PSYoungGen: 812192K->3904K(814080K)] 1799538K->991266K(1838080K), 0.0111590 secs] [Times: user=0.07 sys=0.00, real=0.01 secs] 
780.011: [GC
Desired survivor size 4718592 bytes, new threshold 15 (max 15)
 [PSYoungGen: 813888K->896K(814592K)] 1801250K->988314K(1838592K), 0.0101670 secs] [Times: user=0.05 sys=0.00, real=0.01 secs] 
780.274: [GC
Desired survivor size 4718592 bytes, new threshold 15 (max 15)
 [PSYoungGen: 810880K->1056K(814592K)] 1798298K->988522K(1838592K), 0.0093320 secs] [Times: user=0.05 sys=0.00, real=0.01 secs] 
780.538: [GC
Desired survivor size 4194304 bytes, new threshold 15 (max 15)
 [PSYoungGen: 811040K->1568K(814592K)] 1798506K->989074K(1838592K), 0.0100340 secs] [Times: user=0.05 sys=0.00, real=0.01 secs] 
780.814: [GC
Desired survivor size 4194304 bytes, new threshold 15 (max 15)
 [PSYoungGen: 811552K->608K(815104K)] 1799058K->988146K(1839104K), 0.0093120 secs] [Times: user=0.06 sys=0.00, real=0.01 secs] 
781.079: [GC
Desired survivor size 4194304 bytes, new threshold 15 (max 15)
 [PSYoungGen: 811616K->1024K(815104K)] 1799154K->988602K(1839104K), 0.0111250 secs] [Times: user=0.06 sys=0.00, real=0.01 secs] 
781.353: [GC
Desired survivor size 4194304 bytes, new threshold 15 (max 15)
 [PSYoungGen: 812032K->1408K(815104K)] 1799610K->989042K(1839104K), 0.0105500 secs] [Times: user=0.06 sys=0.00, real=0.01 secs] 
781.618: [GC
Desired survivor size 3670016 bytes, new threshold 15 (max 15)
 [PSYoungGen: 812416K->1504K(815104K)] 1800050K->989186K(1839104K), 0.0103090 secs] [Times: user=0.05 sys=0.00, real=0.01 secs] 
781.889: [GC
Desired survivor size 3670016 bytes, new threshold 15 (max 15)
 [PSYoungGen: 812512K->1696K(815616K)] 1800194K->989410K(1839616K), 0.0096500 secs] [Times: user=0.05 sys=0.00, real=0.01 secs] 
782.156: [GC
Desired survivor size 4718592 bytes, new threshold 14 (max 15)
 [PSYoungGen: 813728K->3584K(815616K)] 1801442K->992090K(1839616K), 0.0114260 secs] [Times: user=0.07 sys=0.00, real=0.02 secs] 
782.423: [GC
Desired survivor size 4194304 bytes, new threshold 15 (max 15)
 [PSYoungGen: 815616K->1824K(814592K)] 1804122K->990378K(1838592K), 0.0098600 secs] [Times: user=0.06 sys=0.00, real=0.01 secs] 
782.690: [GC
Desired survivor size 4194304 bytes, new threshold 15 (max 15)
 [PSYoungGen: 812832K->2176K(815104K)] 1801386K->990730K(1839104K), 0.0101610 secs] [Times: user=0.06 sys=0.00, real=0.01 secs] 
782.963: [GC
Desired survivor size 4194304 bytes, new threshold 15 (max 15)
 [PSYoungGen: 813184K->2336K(815104K)] 1801738K->990914K(1839104K), 0.0124700 secs] [Times: user=0.06 sys=0.00, real=0.01 secs] 
783.227: [GC
Desired survivor size 4194304 bytes, new threshold 15 (max 15)
 [PSYoungGen: 813344K->1376K(815104K)] 1801922K->990002K(1839104K), 0.0096790 secs] [Times: user=0.06 sys=0.00, real=0.01 secs] 
783.494: [GC
Desired survivor size 4194304 bytes, new threshold 15 (max 15)
 [PSYoungGen: 812384K->1504K(815104K)] 1801010K->990170K(1839104K), 0.0102690 secs] [Times: user=0.06 sys=0.00, real=0.01 secs] 
783.767: [GC
Desired survivor size 3670016 bytes, new threshold 15 (max 15)
 [PSYoungGen: 812512K->2144K(815104K)] 1801178K->990858K(1839104K), 0.0104130 secs] [Times: user=0.05 sys=0.01, real=0.01 secs] 
784.029: [GC
Desired survivor size 4194304 bytes, new threshold 15 (max 15)
 [PSYoungGen: 813152K->2784K(814592K)] 1801866K->991538K(1838592K), 0.0104500 secs] [Times: user=0.06 sys=0.00, real=0.01 secs] 
784.294: [GC
Desired survivor size 4194304 bytes, new threshold 15 (max 15)
 [PSYoungGen: 813792K->1088K(815104K)] 1802546K->989874K(1839104K), 0.0098240 secs] [Times: user=0.06 sys=0.00, real=0.01 secs] 
784.560: [GC
Desired survivor size 4194304 bytes, new threshold 15 (max 15)
 [PSYoungGen: 812096K->1536K(815104K)] 1800882K->990362K(1839104K), 0.0101490 secs] [Times: user=0.05 sys=0.00, real=0.01 secs] 
784.979: [GC
Desired survivor size 4194304 bytes, new threshold 15 (max 15)
 [PSYoungGen: 812544K->768K(815104K)] 1801370K->989634K(1839104K), 0.0122940 secs] [Times: user=0.06 sys=0.00, real=0.01 secs] 
785.367: [GC
Desired survivor size 3670016 bytes, new threshold 15 (max 15)
 [PSYoungGen: 811776K->1024K(815616K)] 1800642K->989954K(1839616K), 0.0096700 secs] [Times: user=0.05 sys=0.00, real=0.01 secs] 
785.631: [GC
Desired survivor size 3670016 bytes, new threshold 15 (max 15)
 [PSYoungGen: 812544K->2208K(815104K)] 1801474K->991186K(1839104K), 0.0101750 secs] [Times: user=0.06 sys=0.00, real=0.01 secs] 
785.903: [GC
Desired survivor size 3670016 bytes, new threshold 15 (max 15)
 [PSYoungGen: 813728K->2112K(815616K)] 1802706K->991122K(1839616K), 0.0101710 secs] [Times: user=0.06 sys=0.00, real=0.01 secs] 
786.168: [GC
Desired survivor size 3670016 bytes, new threshold 15 (max 15)
 [PSYoungGen: 814144K->1856K(815616K)] 1803154K->990922K(1839616K), 0.0096130 secs] [Times: user=0.07 sys=0.00, real=0.01 secs] 
786.431: [GC
Desired survivor size 3670016 bytes, new threshold 15 (max 15)
 [PSYoungGen: 813888K->1312K(815616K)] 1802954K->990634K(1839616K), 0.0103010 secs] [Times: user=0.07 sys=0.00, real=0.01 secs] 
786.690: [GC
Desired survivor size 4194304 bytes, new threshold 14 (max 15)
 [PSYoungGen: 813344K->3584K(815616K)] 1802666K->993018K(1839616K), 0.0115030 secs] [Times: user=0.07 sys=0.00, real=0.01 secs] 
786.969: [GC
Desired survivor size 4194304 bytes, new threshold 15 (max 15)
 [PSYoungGen: 815616K->1504K(814592K)] 1805050K->990994K(1838592K), 0.0107630 secs] [Times: user=0.07 sys=0.00, real=0.01 secs] 
787.237: [GC
Desired survivor size 4194304 bytes, new threshold 15 (max 15)
 [PSYoungGen: 812512K->2336K(815104K)] 1802002K->991826K(1839104K), 0.0101660 secs] [Times: user=0.07 sys=0.00, real=0.00 secs] 
787.496: [GC
Desired survivor size 4194304 bytes, new threshold 15 (max 15)
 [PSYoungGen: 813344K->2272K(815104K)] 1802834K->991818K(1839104K), 0.0102370 secs] [Times: user=0.07 sys=0.00, real=0.01 secs] 
787.771: [GC
Desired survivor size 4194304 bytes, new threshold 15 (max 15)
 [PSYoungGen: 813280K->2240K(815104K)] 1802826K->991850K(1839104K), 0.0102360 secs] [Times: user=0.06 sys=0.00, real=0.01 secs] 
788.032: [GC
Desired survivor size 4194304 bytes, new threshold 15 (max 15)
 [PSYoungGen: 813248K->2560K(815104K)] 1802858K->992234K(1839104K), 0.0105050 secs] [Times: user=0.06 sys=0.00, real=0.01 secs] 
788.304: [GC
Desired survivor size 3670016 bytes, new threshold 15 (max 15)
 [PSYoungGen: 813568K->1760K(815104K)] 1803242K->991490K(1839104K), 0.0108960 secs] [Times: user=0.05 sys=0.00, real=0.01 secs] 
788.571: [GC
Desired survivor size 4194304 bytes, new threshold 15 (max 15)
 [PSYoungGen: 812768K->2688K(814592K)] 1802498K->992466K(1838592K), 0.0126110 secs] [Times: user=0.06 sys=0.00, real=0.01 secs] 
788.850: [GC
Desired survivor size 4194304 bytes, new threshold 15 (max 15)
 [PSYoungGen: 813696K->3232K(815104K)] 1803474K->993050K(1839104K), 0.0107970 secs] [Times: user=0.06 sys=0.00, real=0.01 secs] 
789.117: [GC
Desired survivor size 4194304 bytes, new threshold 15 (max 15)
 [PSYoungGen: 814240K->1664K(815104K)] 1804058K->991538K(1839104K), 0.0100450 secs] [Times: user=0.05 sys=0.01, real=0.01 secs] 
789.374: [GC
Desired survivor size 4194304 bytes, new threshold 15 (max 15)
 [PSYoungGen: 812672K->1344K(815104K)] 1802546K->991274K(1839104K), 0.0099940 secs] [Times: user=0.07 sys=0.00, real=0.01 secs] 
789.643: [GC
Desired survivor size 4194304 bytes, new threshold 15 (max 15)
 [PSYoungGen: 812352K->2816K(815104K)] 1802282K->992786K(1839104K), 0.0106380 secs] [Times: user=0.06 sys=0.00, real=0.01 secs] 
789.912: [GC
Desired survivor size 4718592 bytes, new threshold 14 (max 15)
 [PSYoungGen: 813824K->4096K(815104K)] 1803794K->994162K(1839104K), 0.0107740 secs] [Times: user=0.06 sys=0.00, real=0.01 secs] 
790.171: [GC
Desired survivor size 4718592 bytes, new threshold 15 (max 15)
 [PSYoungGen: 815104K->2336K(814080K)] 1805170K->992458K(1838080K), 0.0106330 secs] [Times: user=0.05 sys=0.00, real=0.01 secs] 
790.437: [GC
Desired survivor size 4718592 bytes, new threshold 15 (max 15)
 [PSYoungGen: 812320K->2432K(814592K)] 1802442K->992554K(1838592K), 0.0106680 secs] [Times: user=0.06 sys=0.00, real=0.02 secs] 
790.724: [GC
Desired survivor size 4194304 bytes, new threshold 15 (max 15)
 [PSYoungGen: 812416K->1536K(815104K)] 1802538K->991714K(1839104K), 0.0107690 secs] [Times: user=0.05 sys=0.01, real=0.01 secs] 
790.992: [GC
Desired survivor size 4194304 bytes, new threshold 15 (max 15)
 [PSYoungGen: 812032K->2688K(814592K)] 1802210K->992914K(1838592K), 0.0107610 secs] [Times: user=0.06 sys=0.00, real=0.01 secs] 
791.257: [GC
Desired survivor size 4194304 bytes, new threshold 15 (max 15)
 [PSYoungGen: 813184K->1568K(815104K)] 1803410K->991850K(1839104K), 0.0100750 secs] [Times: user=0.06 sys=0.00, real=0.01 secs] 
791.584: [GC
Desired survivor size 4718592 bytes, new threshold 15 (max 15)
 [PSYoungGen: 812576K->3424K(814592K)] 1802858K->993746K(1838592K), 0.0107550 secs] [Times: user=0.07 sys=0.00, real=0.01 secs] 
791.916: [GC
Desired survivor size 4718592 bytes, new threshold 15 (max 15)
 [PSYoungGen: 814432K->1440K(814592K)] 1804754K->991818K(1838592K), 0.0098160 secs] [Times: user=0.05 sys=0.00, real=0.01 secs] 
792.188: [GC
Desired survivor size 4718592 bytes, new threshold 15 (max 15)
 [PSYoungGen: 811424K->1568K(814592K)] 1801802K->991986K(1838592K), 0.0100030 secs] [Times: user=0.05 sys=0.01, real=0.01 secs] 
792.452: [GC
Desired survivor size 4194304 bytes, new threshold 15 (max 15)
 [PSYoungGen: 811552K->1792K(815104K)] 1801970K->992274K(1839104K), 0.0128050 secs] [Times: user=0.08 sys=0.00, real=0.01 secs] 
792.727: [GC
Desired survivor size 4194304 bytes, new threshold 15 (max 15)
 [PSYoungGen: 812288K->2208K(814592K)] 1802770K->992754K(1838592K), 0.0110670 secs] [Times: user=0.05 sys=0.01, real=0.02 secs] 
793.083: [GC
Desired survivor size 4718592 bytes, new threshold 15 (max 15)
 [PSYoungGen: 812704K->3552K(814080K)] 1803250K->994146K(1838080K), 0.0107060 secs] [Times: user=0.07 sys=0.00, real=0.01 secs] 
793.359: [GC
Desired survivor size 4194304 bytes, new threshold 15 (max 15)
 [PSYoungGen: 813536K->2048K(814592K)] 1804130K->992674K(1838592K), 0.0103090 secs] [Times: user=0.05 sys=0.00, real=0.01 secs] 
793.619: [GC
Desired survivor size 4194304 bytes, new threshold 15 (max 15)
 [PSYoungGen: 812032K->2784K(815104K)] 1802658K->993458K(1839104K), 0.0099260 secs] [Times: user=0.06 sys=0.00, real=0.01 secs] 
793.890: [GC
Desired survivor size 4194304 bytes, new threshold 15 (max 15)
 [PSYoungGen: 813792K->1952K(815104K)] 1804466K->992674K(1839104K), 0.0119960 secs] [Times: user=0.06 sys=0.00, real=0.01 secs] 
794.193: [GC
Desired survivor size 4194304 bytes, new threshold 15 (max 15)
 [PSYoungGen: 812960K->864K(815104K)] 1803682K->991642K(1839104K), 0.0096950 secs] [Times: user=0.05 sys=0.00, real=0.01 secs] 
794.462: [GC
Desired survivor size 4194304 bytes, new threshold 15 (max 15)
 [PSYoungGen: 811872K->1248K(815104K)] 1802650K->992090K(1839104K), 0.0097750 secs] [Times: user=0.06 sys=0.00, real=0.01 secs] 
794.755: [GC
Desired survivor size 4194304 bytes, new threshold 15 (max 15)
 [PSYoungGen: 812256K->992K(815104K)] 1803098K->991866K(1839104K), 0.0094030 secs] [Times: user=0.05 sys=0.00, real=0.01 secs] 
795.027: [GC
Desired survivor size 4194304 bytes, new threshold 15 (max 15)
 [PSYoungGen: 812000K->1856K(815104K)] 1802874K->992754K(1839104K), 0.0097950 secs] [Times: user=0.06 sys=0.00, real=0.01 secs] 
795.288: [GC
Desired survivor size 4194304 bytes, new threshold 15 (max 15)
 [PSYoungGen: 812864K->1536K(815104K)] 1803762K->992466K(1839104K), 0.0102460 secs] [Times: user=0.05 sys=0.01, real=0.01 secs] 
795.550: [GC
Desired survivor size 4194304 bytes, new threshold 15 (max 15)
 [PSYoungGen: 812544K->2624K(815104K)] 1803474K->993610K(1839104K), 0.0103060 secs] [Times: user=0.06 sys=0.00, real=0.01 secs] 
795.824: [GC
Desired survivor size 4194304 bytes, new threshold 15 (max 15)
 [PSYoungGen: 813632K->1152K(815104K)] 1804618K->992170K(1839104K), 0.0097000 secs] [Times: user=0.06 sys=0.00, real=0.01 secs] 
796.093: [GC
Desired survivor size 4194304 bytes, new threshold 15 (max 15)
 [PSYoungGen: 812160K->2560K(815104K)] 1803178K->993642K(1839104K), 0.0108610 secs] [Times: user=0.06 sys=0.00, real=0.01 secs] 
796.352: [GC
Desired survivor size 4718592 bytes, new threshold 15 (max 15)
 [PSYoungGen: 813568K->3360K(814080K)] 1804650K->994498K(1838080K), 0.0107610 secs] [Times: user=0.07 sys=0.00, real=0.01 secs] 
796.615: [GC
Desired survivor size 4718592 bytes, new threshold 15 (max 15)
 [PSYoungGen: 813344K->960K(814592K)] 1804482K->992138K(1838592K), 0.0093690 secs] [Times: user=0.04 sys=0.00, real=0.01 secs] 
796.893: [GC
Desired survivor size 4194304 bytes, new threshold 15 (max 15)
 [PSYoungGen: 810944K->2336K(815104K)] 1802122K->993554K(1839104K), 0.0103900 secs] [Times: user=0.06 sys=0.01, real=0.01 secs] 
797.159: [GC
Desired survivor size 4194304 bytes, new threshold 15 (max 15)
 [PSYoungGen: 812832K->1408K(814592K)] 1804050K->992666K(1838592K), 0.0097380 secs] [Times: user=0.05 sys=0.00, real=0.01 secs] 
797.423: [GC
Desired survivor size 4194304 bytes, new threshold 15 (max 15)
 [PSYoungGen: 811904K->1280K(815104K)] 1803162K->992578K(1839104K), 0.0096730 secs] [Times: user=0.05 sys=0.00, real=0.01 secs] 
797.692: [GC
Desired survivor size 4194304 bytes, new threshold 15 (max 15)
 [PSYoungGen: 812288K->832K(815104K)] 1803586K->992162K(1839104K), 0.0096870 secs] [Times: user=0.05 sys=0.00, real=0.01 secs] 
797.977: [GC
Desired survivor size 4194304 bytes, new threshold 15 (max 15)
 [PSYoungGen: 811840K->1728K(815104K)] 1803170K->993114K(1839104K), 0.0097340 secs] [Times: user=0.06 sys=0.00, real=0.01 secs] 
798.239: [GC
Desired survivor size 4194304 bytes, new threshold 15 (max 15)
 [PSYoungGen: 812736K->2528K(815104K)] 1804122K->993970K(1839104K), 0.0102840 secs] [Times: user=0.06 sys=0.00, real=0.01 secs] 
798.496: [GC
Desired survivor size 3670016 bytes, new threshold 15 (max 15)
 [PSYoungGen: 813536K->1760K(815616K)] 1804978K->993250K(1839616K), 0.0103010 secs] [Times: user=0.06 sys=0.00, real=0.01 secs] 
798.769: [GC
Desired survivor size 3670016 bytes, new threshold 15 (max 15)
 [PSYoungGen: 813280K->928K(815104K)] 1804770K->992482K(1839104K), 0.0098470 secs] [Times: user=0.05 sys=0.00, real=0.01 secs] 
799.038: [GC
Desired survivor size 3670016 bytes, new threshold 15 (max 15)
 [PSYoungGen: 812448K->1824K(815616K)] 1804002K->993442K(1839616K), 0.0101780 secs] [Times: user=0.05 sys=0.00, real=0.01 secs] 
799.298: [GC
Desired survivor size 3670016 bytes, new threshold 15 (max 15)
 [PSYoungGen: 813856K->2496K(815616K)] 1805474K->994178K(1839616K), 0.0105210 secs] [Times: user=0.07 sys=0.00, real=0.02 secs] 
799.560: [GC
Desired survivor size 3670016 bytes, new threshold 15 (max 15)
 [PSYoungGen: 814528K->1088K(815616K)] 1806210K->992834K(1839616K), 0.0096400 secs] [Times: user=0.05 sys=0.00, real=0.01 secs] 
799.837: [GC
Desired survivor size 3670016 bytes, new threshold 15 (max 15)
 [PSYoungGen: 813120K->2176K(815616K)] 1804866K->993970K(1839616K), 0.0100800 secs] [Times: user=0.06 sys=0.00, real=0.01 secs] 
800.104: [GC
Desired survivor size 3670016 bytes, new threshold 15 (max 15)
 [PSYoungGen: 814208K->1792K(815616K)] 1806002K->993642K(1839616K), 0.0100760 secs] [Times: user=0.06 sys=0.00, real=0.01 secs] 
800.373: [GC
Desired survivor size 3670016 bytes, new threshold 15 (max 15)
 [PSYoungGen: 813824K->1376K(815616K)] 1805674K->993290K(1839616K), 0.0097760 secs] [Times: user=0.05 sys=0.00, real=0.01 secs] 
800.636: [GC
Desired survivor size 4194304 bytes, new threshold 14 (max 15)
 [PSYoungGen: 813408K->3584K(814592K)] 1805322K->995978K(1838592K), 0.0117410 secs] [Times: user=0.08 sys=0.01, real=0.01 secs] 
800.908: [GC
Desired survivor size 4194304 bytes, new threshold 15 (max 15)
 [PSYoungGen: 814592K->2912K(815104K)] 1806986K->995370K(1839104K), 0.0109050 secs] [Times: user=0.06 sys=0.00, real=0.01 secs] 
801.180: [GC
Desired survivor size 4194304 bytes, new threshold 15 (max 15)
 [PSYoungGen: 813920K->1248K(815104K)] 1806378K->993706K(1839104K), 0.0101830 secs] [Times: user=0.05 sys=0.00, real=0.01 secs] 
801.447: [GC
Desired survivor size 4194304 bytes, new threshold 15 (max 15)
 [PSYoungGen: 812256K->2336K(815104K)] 1804714K->994850K(1839104K), 0.0120790 secs] [Times: user=0.06 sys=0.00, real=0.01 secs] 
801.703: [GC
Desired survivor size 4194304 bytes, new threshold 15 (max 15)
 [PSYoungGen: 813344K->2752K(815104K)] 1805858K->995330K(1839104K), 0.0171250 secs] [Times: user=0.08 sys=0.00, real=0.02 secs] 
801.997: [GC
Desired survivor size 4194304 bytes, new threshold 15 (max 15)
 [PSYoungGen: 813760K->1760K(815104K)] 1806338K->994370K(1839104K), 0.0103120 secs] [Times: user=0.07 sys=0.00, real=0.01 secs] 
802.291: [GC
Desired survivor size 4194304 bytes, new threshold 15 (max 15)
 [PSYoungGen: 812768K->2176K(815104K)] 1805378K->994842K(1839104K), 0.0110540 secs] [Times: user=0.05 sys=0.00, real=0.01 secs] 
802.552: [GC
Desired survivor size 4194304 bytes, new threshold 15 (max 15)
 [PSYoungGen: 813184K->2784K(815104K)] 1805850K->995506K(1839104K), 0.0109190 secs] [Times: user=0.06 sys=0.00, real=0.01 secs] 
802.821: [GC
Desired survivor size 4194304 bytes, new threshold 15 (max 15)
 [PSYoungGen: 813792K->2112K(815104K)] 1806514K->994890K(1839104K), 0.0104650 secs] [Times: user=0.06 sys=0.00, real=0.01 secs] 
803.090: [GC
Desired survivor size 4194304 bytes, new threshold 15 (max 15)
 [PSYoungGen: 813120K->3072K(815104K)] 1805898K->995890K(1839104K), 0.0125890 secs] [Times: user=0.06 sys=0.00, real=0.01 secs] 
803.355: [GC
Desired survivor size 4718592 bytes, new threshold 15 (max 15)
 [PSYoungGen: 814080K->3392K(814080K)] 1806898K->996250K(1838080K), 0.0116610 secs] [Times: user=0.06 sys=0.00, real=0.01 secs] 
803.635: [GC
Desired survivor size 4194304 bytes, new threshold 15 (max 15)
 [PSYoungGen: 813376K->2176K(814592K)] 1806234K->995090K(1838592K), 0.0115720 secs] [Times: user=0.06 sys=0.01, real=0.01 secs] 
803.915: [GC
Desired survivor size 4194304 bytes, new threshold 15 (max 15)
 [PSYoungGen: 812160K->1920K(815104K)] 1805074K->994874K(1839104K), 0.0102850 secs] [Times: user=0.05 sys=0.00, real=0.01 secs] 
804.191: [GC
Desired survivor size 4718592 bytes, new threshold 15 (max 15)
 [PSYoungGen: 812928K->3456K(814592K)] 1805882K->996466K(1838592K), 0.0115280 secs] [Times: user=0.06 sys=0.00, real=0.01 secs] 
804.459: [GC
Desired survivor size 4718592 bytes, new threshold 15 (max 15)
 [PSYoungGen: 814464K->3616K(814592K)] 1807474K->996730K(1838592K), 0.0107240 secs] [Times: user=0.07 sys=0.00, real=0.01 secs] 
804.727: [GC
Desired survivor size 4718592 bytes, new threshold 15 (max 15)
 [PSYoungGen: 813600K->1696K(814592K)] 1806714K->994866K(1838592K), 0.0105100 secs] [Times: user=0.06 sys=0.00, real=0.01 secs] 
804.997: [GC
Desired survivor size 4718592 bytes, new threshold 15 (max 15)
 [PSYoungGen: 811680K->2016K(814592K)] 1804850K->995250K(1838592K), 0.0100470 secs] [Times: user=0.06 sys=0.00, real=0.01 secs] 
805.257: [GC
Desired survivor size 4718592 bytes, new threshold 15 (max 15)
 [PSYoungGen: 812000K->2592K(814592K)] 1805234K->995882K(1838592K), 0.0104460 secs] [Times: user=0.06 sys=0.00, real=0.01 secs] 
805.517: [GC
Desired survivor size 4718592 bytes, new threshold 15 (max 15)
 [PSYoungGen: 812576K->1184K(814592K)] 1805866K->994522K(1838592K), 0.0096740 secs] [Times: user=0.06 sys=0.00, real=0.01 secs] 
805.785: [GC
Desired survivor size 4194304 bytes, new threshold 15 (max 15)
 [PSYoungGen: 811168K->1984K(814592K)] 1804506K->995330K(1838592K), 0.0100070 secs] [Times: user=0.06 sys=0.00, real=0.01 secs] 
806.050: [GC
Desired survivor size 4718592 bytes, new threshold 15 (max 15)
 [PSYoungGen: 811968K->896K(814080K)] 1805314K->994306K(1838080K), 0.0095110 secs] [Times: user=0.06 sys=0.00, real=0.00 secs] 
806.322: [GC
Desired survivor size 4718592 bytes, new threshold 15 (max 15)
 [PSYoungGen: 810880K->256K(814592K)] 1804290K->993698K(1838592K), 0.0200930 secs] [Times: user=0.05 sys=0.00, real=0.02 secs] 
806.604: [GC
Desired survivor size 4718592 bytes, new threshold 15 (max 15)
 [PSYoungGen: 810240K->448K(814592K)] 1803682K->993946K(1838592K), 0.0090390 secs] [Times: user=0.05 sys=0.00, real=0.01 secs] 
806.873: [GC
Desired survivor size 4718592 bytes, new threshold 15 (max 15)
 [PSYoungGen: 810432K->2656K(814592K)] 1803930K->996202K(1838592K), 0.0105390 secs] [Times: user=0.05 sys=0.00, real=0.01 secs] 
807.166: [GC
Desired survivor size 4718592 bytes, new threshold 15 (max 15)
 [PSYoungGen: 812640K->1632K(814592K)] 1806186K->995234K(1838592K), 0.0099220 secs] [Times: user=0.06 sys=0.00, real=0.01 secs] 
807.427: [GC
Desired survivor size 4718592 bytes, new threshold 15 (max 15)
 [PSYoungGen: 811616K->3552K(814592K)] 1805218K->997202K(1838592K), 0.0104870 secs] [Times: user=0.06 sys=0.00, real=0.01 secs] 
807.693: [GC
Desired survivor size 4718592 bytes, new threshold 15 (max 15)
 [PSYoungGen: 813536K->1664K(814592K)] 1807186K->995370K(1838592K), 0.0097390 secs] [Times: user=0.06 sys=0.00, real=0.01 secs] 
807.975: [GC
Desired survivor size 4718592 bytes, new threshold 15 (max 15)
 [PSYoungGen: 811648K->864K(814592K)] 1805354K->994610K(1838592K), 0.0097740 secs] [Times: user=0.05 sys=0.00, real=0.01 secs] 
808.237: [GC
Desired survivor size 4718592 bytes, new threshold 15 (max 15)
 [PSYoungGen: 810848K->2912K(814592K)] 1804594K->996714K(1838592K), 0.0108730 secs] [Times: user=0.06 sys=0.00, real=0.01 secs] 
808.494: [GC
Desired survivor size 4718592 bytes, new threshold 15 (max 15)
 [PSYoungGen: 812896K->2912K(814592K)] 1806698K->996738K(1838592K), 0.0110590 secs] [Times: user=0.06 sys=0.00, real=0.01 secs] 
808.770: [GC
Desired survivor size 4718592 bytes, new threshold 15 (max 15)
 [PSYoungGen: 812896K->832K(814592K)] 1806722K->994714K(1838592K), 0.0092360 secs] [Times: user=0.06 sys=0.00, real=0.01 secs] 
809.029: [GC
Desired survivor size 4718592 bytes, new threshold 15 (max 15)
 [PSYoungGen: 810816K->2048K(814592K)] 1804698K->995994K(1838592K), 0.0100260 secs] [Times: user=0.06 sys=0.00, real=0.01 secs] 
809.292: [GC
Desired survivor size 5242880 bytes, new threshold 15 (max 15)
 [PSYoungGen: 812032K->3776K(813568K)] 1805978K->997762K(1837568K), 0.0118200 secs] [Times: user=0.07 sys=0.00, real=0.01 secs] 
809.563: [GC
Desired survivor size 4718592 bytes, new threshold 15 (max 15)
 [PSYoungGen: 812736K->1824K(814080K)] 1806722K->995866K(1838080K), 0.0096090 secs] [Times: user=0.05 sys=0.01, real=0.01 secs] 
809.836: [GC
Desired survivor size 4718592 bytes, new threshold 15 (max 15)
 [PSYoungGen: 810784K->928K(814592K)] 1804826K->995010K(1838592K), 0.0096750 secs] [Times: user=0.05 sys=0.00, real=0.01 secs] 
810.101: [GC
Desired survivor size 4718592 bytes, new threshold 15 (max 15)
 [PSYoungGen: 810912K->2112K(814592K)] 1804994K->996202K(1838592K), 0.0105850 secs] [Times: user=0.06 sys=0.00, real=0.01 secs] 
810.364: [GC
Desired survivor size 4718592 bytes, new threshold 15 (max 15)
 [PSYoungGen: 812096K->1216K(814592K)] 1806186K->995354K(1838592K), 0.0098180 secs] [Times: user=0.06 sys=0.00, real=0.01 secs] 
810.637: [GC
Desired survivor size 4194304 bytes, new threshold 15 (max 15)
 [PSYoungGen: 811200K->1824K(814592K)] 1805338K->996002K(1838592K), 0.0099490 secs] [Times: user=0.06 sys=0.00, real=0.01 secs] 
810.909: [GC
Desired survivor size 4194304 bytes, new threshold 15 (max 15)
 [PSYoungGen: 811808K->1632K(815104K)] 1805986K->995842K(1839104K), 0.0096160 secs] [Times: user=0.05 sys=0.00, real=0.01 secs] 
811.179: [GC
Desired survivor size 4194304 bytes, new threshold 15 (max 15)
 [PSYoungGen: 812640K->2912K(815104K)] 1806850K->997170K(1839104K), 0.0122160 secs] [Times: user=0.06 sys=0.00, real=0.02 secs] 
811.438: [GC
Desired survivor size 4194304 bytes, new threshold 15 (max 15)
 [PSYoungGen: 813920K->2464K(815104K)] 1808178K->996778K(1839104K), 0.0108220 secs] [Times: user=0.06 sys=0.00, real=0.01 secs] 
811.727: [GC
Desired survivor size 4194304 bytes, new threshold 15 (max 15)
 [PSYoungGen: 813472K->1952K(815104K)] 1807786K->996306K(1839104K), 0.0099240 secs] [Times: user=0.06 sys=0.00, real=0.01 secs] 
812.002: [GC
Desired survivor size 4194304 bytes, new threshold 15 (max 15)
 [PSYoungGen: 812960K->2144K(815104K)] 1807314K->996546K(1839104K), 0.0103590 secs] [Times: user=0.05 sys=0.00, real=0.01 secs] 
812.269: [GC
Desired survivor size 4194304 bytes, new threshold 15 (max 15)
 [PSYoungGen: 813152K->544K(815104K)] 1807554K->994986K(1839104K), 0.0091520 secs] [Times: user=0.06 sys=0.00, real=0.01 secs] 
812.540: [GC
Desired survivor size 4194304 bytes, new threshold 15 (max 15)
 [PSYoungGen: 811552K->2400K(815104K)] 1805994K->996882K(1839104K), 0.0101380 secs] [Times: user=0.05 sys=0.00, real=0.01 secs] 
812.805: [GC
Desired survivor size 4194304 bytes, new threshold 15 (max 15)
 [PSYoungGen: 813408K->2592K(815104K)] 1807890K->997114K(1839104K), 0.0114380 secs] [Times: user=0.05 sys=0.00, real=0.01 secs] 
813.073: [GC
Desired survivor size 4194304 bytes, new threshold 15 (max 15)
 [PSYoungGen: 813600K->1248K(815104K)] 1808122K->995810K(1839104K), 0.0108390 secs] [Times: user=0.06 sys=0.00, real=0.01 secs] 
813.338: [GC
Desired survivor size 4194304 bytes, new threshold 15 (max 15)
 [PSYoungGen: 812256K->672K(815104K)] 1806818K->995266K(1839104K), 0.0097320 secs] [Times: user=0.05 sys=0.01, real=0.01 secs] 
813.601: [GC
Desired survivor size 4194304 bytes, new threshold 15 (max 15)
 [PSYoungGen: 811680K->2624K(815104K)] 1806274K->997258K(1839104K), 0.0106390 secs] [Times: user=0.06 sys=0.00, real=0.01 secs] 
813.879: [GC
Desired survivor size 4194304 bytes, new threshold 15 (max 15)
 [PSYoungGen: 813632K->1216K(815104K)] 1808266K->995890K(1839104K), 0.0097480 secs] [Times: user=0.06 sys=0.00, real=0.01 secs] 
814.181: [GC
Desired survivor size 4718592 bytes, new threshold 15 (max 15)
 [PSYoungGen: 812224K->3488K(814080K)] 1806898K->998226K(1838080K), 0.0124370 secs] [Times: user=0.06 sys=0.00, real=0.02 secs] 
814.447: [GC
Desired survivor size 4718592 bytes, new threshold 15 (max 15)
 [PSYoungGen: 813472K->2752K(814592K)] 1808210K->997530K(1838592K), 0.0119380 secs] [Times: user=0.06 sys=0.00, real=0.01 secs] 
814.728: [GC
Desired survivor size 4718592 bytes, new threshold 15 (max 15)
 [PSYoungGen: 812736K->896K(814592K)] 1807514K->995714K(1838592K), 0.0104010 secs] [Times: user=0.06 sys=0.00, real=0.01 secs] 
815.002: [GC
Desired survivor size 4718592 bytes, new threshold 15 (max 15)
 [PSYoungGen: 810880K->736K(814592K)] 1805698K->995586K(1838592K), 0.0091430 secs] [Times: user=0.06 sys=0.00, real=0.01 secs] 
815.261: [GC
Desired survivor size 4718592 bytes, new threshold 15 (max 15)
 [PSYoungGen: 810720K->1120K(814592K)] 1805570K->996010K(1838592K), 0.0098880 secs] [Times: user=0.06 sys=0.00, real=0.01 secs] 
815.527: [GC
Desired survivor size 4194304 bytes, new threshold 15 (max 15)
 [PSYoungGen: 811104K->1792K(814592K)] 1805994K->996722K(1838592K), 0.0098990 secs] [Times: user=0.06 sys=0.00, real=0.01 secs] 
815.800: [GC
Desired survivor size 4194304 bytes, new threshold 15 (max 15)
 [PSYoungGen: 811776K->1664K(815104K)] 1806706K->996642K(1839104K), 0.0100060 secs] [Times: user=0.05 sys=0.00, real=0.01 secs] 
816.070: [GC
Desired survivor size 4194304 bytes, new threshold 15 (max 15)
 [PSYoungGen: 812672K->1056K(815104K)] 1807650K->996058K(1839104K), 0.0097280 secs] [Times: user=0.05 sys=0.00, real=0.01 secs] 
816.337: [GC
Desired survivor size 3670016 bytes, new threshold 15 (max 15)
 [PSYoungGen: 812064K->1696K(815616K)] 1807066K->996754K(1839616K), 0.0096390 secs] [Times: user=0.05 sys=0.00, real=0.01 secs] 
816.596: [GC
Desired survivor size 4194304 bytes, new threshold 15 (max 15)
 [PSYoungGen: 813216K->2624K(815104K)] 1808274K->997722K(1839104K), 0.0107310 secs] [Times: user=0.06 sys=0.00, real=0.01 secs] 
816.866: [GC
Desired survivor size 4194304 bytes, new threshold 15 (max 15)
 [PSYoungGen: 814144K->3264K(815104K)] 1809242K->998378K(1839104K), 0.0105620 secs] [Times: user=0.06 sys=0.00, real=0.01 secs] 
817.141: [GC
Desired survivor size 4194304 bytes, new threshold 15 (max 15)
 [PSYoungGen: 814272K->1248K(815104K)] 1809386K->996426K(1839104K), 0.0096770 secs] [Times: user=0.07 sys=0.00, real=0.01 secs] 
817.399: [GC
Desired survivor size 4194304 bytes, new threshold 15 (max 15)
 [PSYoungGen: 812256K->1408K(815104K)] 1807434K->996642K(1839104K), 0.0098480 secs] [Times: user=0.06 sys=0.00, real=0.01 secs] 
817.667: [GC
Desired survivor size 4194304 bytes, new threshold 15 (max 15)
 [PSYoungGen: 812416K->2944K(815104K)] 1807650K->998202K(1839104K), 0.0104480 secs] [Times: user=0.06 sys=0.00, real=0.01 secs] 
817.940: [GC
Desired survivor size 4194304 bytes, new threshold 15 (max 15)
 [PSYoungGen: 813952K->1280K(815104K)] 1809210K->996586K(1839104K), 0.0096880 secs] [Times: user=0.06 sys=0.00, real=0.01 secs] 
818.213: [GC
Desired survivor size 4718592 bytes, new threshold 15 (max 15)
 [PSYoungGen: 812288K->3040K(814080K)] 1807594K->998378K(1838080K), 0.0104040 secs] [Times: user=0.07 sys=0.00, real=0.01 secs] 
818.479: [GC
Desired survivor size 4194304 bytes, new threshold 15 (max 15)
 [PSYoungGen: 814048K->1408K(815104K)] 1809386K->996794K(1839104K), 0.0094620 secs] [Times: user=0.06 sys=0.01, real=0.01 secs] 
818.750: [GC
Desired survivor size 4194304 bytes, new threshold 15 (max 15)
 [PSYoungGen: 811904K->960K(814592K)] 1807290K->996386K(1838592K), 0.0093510 secs] [Times: user=0.05 sys=0.00, real=0.01 secs] 
819.015: [GC
Desired survivor size 4194304 bytes, new threshold 15 (max 15)
 [PSYoungGen: 811456K->2528K(815104K)] 1806882K->997994K(1839104K), 0.0104540 secs] [Times: user=0.07 sys=0.00, real=0.01 secs] 
819.281: [GC
Desired survivor size 4194304 bytes, new threshold 15 (max 15)
 [PSYoungGen: 813536K->2112K(815104K)] 1809002K->997626K(1839104K), 0.0099180 secs] [Times: user=0.06 sys=0.01, real=0.01 secs] 
819.549: [GC
Desired survivor size 4194304 bytes, new threshold 15 (max 15)
 [PSYoungGen: 813120K->736K(815104K)] 1808634K->996298K(1839104K), 0.0096380 secs] [Times: user=0.03 sys=0.00, real=0.01 secs] 
819.820: [GC
Desired survivor size 4194304 bytes, new threshold 15 (max 15)
 [PSYoungGen: 811744K->1536K(815104K)] 1807306K->997146K(1839104K), 0.0097910 secs] [Times: user=0.05 sys=0.00, real=0.01 secs] 
820.086: [GC
Desired survivor size 4194304 bytes, new threshold 15 (max 15)
 [PSYoungGen: 812544K->3040K(815104K)] 1808154K->998706K(1839104K), 0.0106630 secs] [Times: user=0.06 sys=0.00, real=0.01 secs] 
820.347: [GC
Desired survivor size 4718592 bytes, new threshold 15 (max 15)
 [PSYoungGen: 814048K->3584K(814592K)] 1809714K->999282K(1838592K), 0.0106100 secs] [Times: user=0.07 sys=0.00, real=0.01 secs] 
820.611: [GC
Desired survivor size 4718592 bytes, new threshold 15 (max 15)
 [PSYoungGen: 814592K->2208K(814592K)] 1810290K->997954K(1838592K), 0.0102480 secs] [Times: user=0.06 sys=0.00, real=0.01 secs] 
820.892: [GC
Desired survivor size 4194304 bytes, new threshold 15 (max 15)
 [PSYoungGen: 812192K->2048K(814592K)] 1807938K->997842K(1838592K), 0.0102470 secs] [Times: user=0.06 sys=0.00, real=0.01 secs] 
821.164: [GC
Desired survivor size 4194304 bytes, new threshold 15 (max 15)
 [PSYoungGen: 812032K->544K(815104K)] 1807826K->996386K(1839104K), 0.0094040 secs] [Times: user=0.05 sys=0.00, real=0.01 secs] 
821.428: [GC
Desired survivor size 4194304 bytes, new threshold 15 (max 15)
 [PSYoungGen: 811552K->1024K(815104K)] 1807394K->996922K(1839104K), 0.0095950 secs] [Times: user=0.05 sys=0.00, real=0.01 secs] 
821.692: [GC
Desired survivor size 4194304 bytes, new threshold 15 (max 15)
 [PSYoungGen: 812032K->2176K(815104K)] 1807930K->998114K(1839104K), 0.0101740 secs] [Times: user=0.06 sys=0.00, real=0.01 secs] 
821.970: [GC
Desired survivor size 4194304 bytes, new threshold 15 (max 15)
 [PSYoungGen: 813184K->1952K(815104K)] 1809122K->997922K(1839104K), 0.0114430 secs] [Times: user=0.07 sys=0.00, real=0.01 secs] 
822.230: [GC
Desired survivor size 4194304 bytes, new threshold 15 (max 15)
 [PSYoungGen: 812960K->2176K(815104K)] 1808930K->998194K(1839104K), 0.0099030 secs] [Times: user=0.07 sys=0.00, real=0.01 secs] 
822.498: [GC
Desired survivor size 3670016 bytes, new threshold 15 (max 15)
 [PSYoungGen: 813184K->2048K(815104K)] 1809202K->998114K(1839104K), 0.0105360 secs] [Times: user=0.06 sys=0.00, real=0.01 secs] 
822.771: [GC
Desired survivor size 3670016 bytes, new threshold 15 (max 15)
 [PSYoungGen: 813056K->1920K(815616K)] 1809122K->998018K(1839616K), 0.0099830 secs] [Times: user=0.06 sys=0.00, real=0.01 secs] 
823.037: [GC
Desired survivor size 3670016 bytes, new threshold 15 (max 15)
 [PSYoungGen: 813952K->2112K(815616K)] 1810050K->998258K(1839616K), 0.0106680 secs] [Times: user=0.05 sys=0.00, real=0.01 secs] 
823.304: [GC
Desired survivor size 3670016 bytes, new threshold 15 (max 15)
 [PSYoungGen: 814144K->768K(815616K)] 1810290K->996962K(1839616K), 0.0096430 secs] [Times: user=0.05 sys=0.00, real=0.01 secs] 
823.568: [GC
Desired survivor size 3670016 bytes, new threshold 15 (max 15)
 [PSYoungGen: 812800K->2656K(815616K)] 1808994K->998898K(1839616K), 0.0106990 secs] [Times: user=0.07 sys=0.00, real=0.01 secs] 
823.840: [GC
Desired survivor size 3670016 bytes, new threshold 15 (max 15)
 [PSYoungGen: 814688K->1856K(815616K)] 1810930K->998138K(1839616K), 0.0103000 secs] [Times: user=0.05 sys=0.00, real=0.01 secs] 
824.101: [GC
Desired survivor size 3670016 bytes, new threshold 15 (max 15)
 [PSYoungGen: 813888K->1152K(815616K)] 1810170K->997466K(1839616K), 0.0093000 secs] [Times: user=0.05 sys=0.00, real=0.01 secs] 
824.355: [GC
Desired survivor size 3670016 bytes, new threshold 15 (max 15)
 [PSYoungGen: 813184K->2400K(815616K)] 1809498K->998762K(1839616K), 0.0104990 secs] [Times: user=0.06 sys=0.00, real=0.01 secs] 
824.616: [GC
Desired survivor size 3670016 bytes, new threshold 15 (max 15)
 [PSYoungGen: 814432K->1632K(815616K)] 1810794K->998026K(1839616K), 0.0091290 secs] [Times: user=0.06 sys=0.00, real=0.01 secs] 
824.897: [GC
Desired survivor size 3670016 bytes, new threshold 15 (max 15)
 [PSYoungGen: 813664K->1536K(815616K)] 1810058K->997962K(1839616K), 0.0095040 secs] [Times: user=0.06 sys=0.00, real=0.01 secs] 
825.166: [GC
Desired survivor size 3670016 bytes, new threshold 15 (max 15)
 [PSYoungGen: 813568K->1280K(815616K)] 1809994K->997738K(1839616K), 0.0101030 secs] [Times: user=0.06 sys=0.00, real=0.01 secs] 
825.430: [GC
Desired survivor size 3670016 bytes, new threshold 15 (max 15)
 [PSYoungGen: 813312K->1920K(815616K)] 1809770K->998426K(1839616K), 0.0100600 secs] [Times: user=0.06 sys=0.00, real=0.01 secs] 
825.697: [GC
Desired survivor size 3670016 bytes, new threshold 15 (max 15)
 [PSYoungGen: 813952K->416K(815616K)] 1810458K->996978K(1839616K), 0.0091880 secs] [Times: user=0.06 sys=0.00, real=0.01 secs] 
825.967: [GC
Desired survivor size 3670016 bytes, new threshold 15 (max 15)
 [PSYoungGen: 812448K->1120K(815616K)] 1809010K->997722K(1839616K), 0.0119830 secs] [Times: user=0.07 sys=0.00, real=0.01 secs] 
826.233: [GC
Desired survivor size 3670016 bytes, new threshold 15 (max 15)
 [PSYoungGen: 813152K->512K(815616K)] 1809754K->997138K(1839616K), 0.0097190 secs] [Times: user=0.04 sys=0.00, real=0.01 secs] 
826.495: [GC
Desired survivor size 3145728 bytes, new threshold 15 (max 15)
 [PSYoungGen: 812544K->1600K(816128K)] 1809170K->998282K(1840128K), 0.0102370 secs] [Times: user=0.06 sys=0.00, real=0.01 secs] 
826.769: [GC
Desired survivor size 3145728 bytes, new threshold 15 (max 15)
 [PSYoungGen: 814144K->1792K(815616K)] 1810826K->998522K(1839616K), 0.0098590 secs] [Times: user=0.06 sys=0.00, real=0.01 secs] 
827.029: [GC
Desired survivor size 3145728 bytes, new threshold 15 (max 15)
 [PSYoungGen: 814336K->1184K(816128K)] 1811066K->997978K(1840128K), 0.0094560 secs] [Times: user=0.07 sys=0.00, real=0.01 secs] 
827.298: [GC
Desired survivor size 3145728 bytes, new threshold 15 (max 15)
 [PSYoungGen: 814240K->1984K(816128K)] 1811034K->998826K(1840128K), 0.0099140 secs] [Times: user=0.06 sys=0.00, real=0.01 secs] 
827.558: [GC
Desired survivor size 3145728 bytes, new threshold 15 (max 15)
 [PSYoungGen: 815040K->1856K(816128K)] 1811882K->998730K(1840128K), 0.0099980 secs] [Times: user=0.05 sys=0.00, real=0.01 secs] 
827.833: [GC
Desired survivor size 4194304 bytes, new threshold 14 (max 15)
 [PSYoungGen: 814912K->3072K(816128K)] 1811786K->1000954K(1840128K), 0.0118740 secs] [Times: user=0.07 sys=0.01, real=0.02 secs] 
828.102: [GC
Desired survivor size 4194304 bytes, new threshold 15 (max 15)
 [PSYoungGen: 816128K->2656K(814080K)] 1814010K->1000602K(1838080K), 0.0104470 secs] [Times: user=0.06 sys=0.00, real=0.01 secs] 
828.367: [GC
Desired survivor size 4194304 bytes, new threshold 15 (max 15)
 [PSYoungGen: 813664K->2592K(815104K)] 1811610K->1000538K(1839104K), 0.0107330 secs] [Times: user=0.06 sys=0.00, real=0.01 secs] 
828.631: [GC
Desired survivor size 4194304 bytes, new threshold 15 (max 15)
 [PSYoungGen: 813600K->1344K(815104K)] 1811546K->999338K(1839104K), 0.0099290 secs] [Times: user=0.05 sys=0.01, real=0.01 secs] 
828.906: [GC
Desired survivor size 4194304 bytes, new threshold 15 (max 15)
 [PSYoungGen: 812352K->3168K(815104K)] 1810346K->1001202K(1839104K), 0.0317540 secs] [Times: user=0.08 sys=0.01, real=0.03 secs] 
829.262: [GC
Desired survivor size 4194304 bytes, new threshold 15 (max 15)
 [PSYoungGen: 814176K->1760K(815104K)] 1812210K->999826K(1839104K), 0.0097550 secs] [Times: user=0.05 sys=0.00, real=0.01 secs] 
829.523: [GC
Desired survivor size 4718592 bytes, new threshold 15 (max 15)
 [PSYoungGen: 812768K->4032K(815104K)] 1810834K->1002154K(1839104K), 0.0108940 secs] [Times: user=0.07 sys=0.00, real=0.02 secs] 
829.804: [GC
Desired survivor size 4718592 bytes, new threshold 15 (max 15)
 [PSYoungGen: 815040K->2112K(814080K)] 1813162K->1000266K(1838080K), 0.0104460 secs] [Times: user=0.06 sys=0.00, real=0.02 secs] 
830.080: [GC
Desired survivor size 4718592 bytes, new threshold 15 (max 15)
 [PSYoungGen: 812096K->1600K(814592K)] 1810250K->999802K(1838592K), 0.0124350 secs] [Times: user=0.05 sys=0.00, real=0.01 secs] 
830.348: [GC
Desired survivor size 4194304 bytes, new threshold 15 (max 15)
 [PSYoungGen: 811584K->1920K(815104K)] 1809786K->1000170K(1839104K), 0.0101160 secs] [Times: user=0.05 sys=0.00, real=0.01 secs] 
830.612: [GC
Desired survivor size 4718592 bytes, new threshold 15 (max 15)
 [PSYoungGen: 812416K->2944K(814592K)] 1810666K->1001258K(1838592K), 0.0115230 secs] [Times: user=0.06 sys=0.00, real=0.01 secs] 
830.881: [GC
Desired survivor size 4194304 bytes, new threshold 15 (max 15)
 [PSYoungGen: 813440K->2656K(815104K)] 1811754K->1001018K(1839104K), 0.0107580 secs] [Times: user=0.05 sys=0.00, real=0.01 secs] 
831.146: [GC
Desired survivor size 4718592 bytes, new threshold 15 (max 15)
 [PSYoungGen: 813152K->992K(814592K)] 1811514K->999402K(1838592K), 0.0097480 secs] [Times: user=0.06 sys=0.00, real=0.01 secs] 
831.396: [GC
Desired survivor size 4194304 bytes, new threshold 15 (max 15)
 [PSYoungGen: 811488K->2240K(815104K)] 1809898K->1000690K(1839104K), 0.0103240 secs] [Times: user=0.06 sys=0.00, real=0.01 secs] 
831.659: [GC
Desired survivor size 4194304 bytes, new threshold 15 (max 15)
 [PSYoungGen: 812736K->1536K(814592K)] 1811186K->1000034K(1838592K), 0.0100330 secs] [Times: user=0.06 sys=0.00, real=0.01 secs] 
831.927: [GC
Desired survivor size 4194304 bytes, new threshold 15 (max 15)
 [PSYoungGen: 812032K->2368K(815104K)] 1810530K->1001098K(1839104K), 0.0104190 secs] [Times: user=0.06 sys=0.00, real=0.01 secs] 
832.191: [GC
Desired survivor size 4194304 bytes, new threshold 15 (max 15)
 [PSYoungGen: 813376K->896K(815104K)] 1812106K->999730K(1839104K), 0.0096890 secs] [Times: user=0.05 sys=0.00, real=0.01 secs] 
832.458: [GC
Desired survivor size 4194304 bytes, new threshold 15 (max 15)
 [PSYoungGen: 811904K->2144K(815104K)] 1810738K->1001034K(1839104K), 0.0100820 secs] [Times: user=0.06 sys=0.00, real=0.01 secs] 
832.733: [GC
Desired survivor size 4194304 bytes, new threshold 15 (max 15)
 [PSYoungGen: 813152K->1728K(815104K)] 1812042K->1000674K(1839104K), 0.0099850 secs] [Times: user=0.05 sys=0.00, real=0.01 secs] 
833.000: [GC
Desired survivor size 3670016 bytes, new threshold 15 (max 15)
 [PSYoungGen: 812736K->1856K(815616K)] 1811682K->1000818K(1839616K), 0.0099880 secs] [Times: user=0.07 sys=0.00, real=0.01 secs] 
833.264: [GC
Desired survivor size 3670016 bytes, new threshold 15 (max 15)
 [PSYoungGen: 813376K->1024K(815104K)] 1812338K->1000030K(1839104K), 0.0093980 secs] [Times: user=0.06 sys=0.00, real=0.00 secs] 
833.530: [GC
Desired survivor size 3670016 bytes, new threshold 15 (max 15)
 [PSYoungGen: 812544K->1376K(815616K)] 1811550K->1000422K(1839616K), 0.0096270 secs] [Times: user=0.05 sys=0.01, real=0.01 secs] 
833.802: [GC
Desired survivor size 3670016 bytes, new threshold 15 (max 15)
 [PSYoungGen: 813408K->1440K(815616K)] 1812454K->1000542K(1839616K), 0.0100330 secs] [Times: user=0.05 sys=0.00, real=0.01 secs] 
834.104: [GC
Desired survivor size 3670016 bytes, new threshold 15 (max 15)
 [PSYoungGen: 813472K->2336K(815616K)] 1812574K->1001470K(1839616K), 0.0103650 secs] [Times: user=0.06 sys=0.00, real=0.01 secs] 
834.368: [GC
Desired survivor size 3670016 bytes, new threshold 15 (max 15)
 [PSYoungGen: 814368K->2752K(815616K)] 1813502K->1001926K(1839616K), 0.0106080 secs] [Times: user=0.06 sys=0.01, real=0.01 secs] 
834.634: [GC
Desired survivor size 4194304 bytes, new threshold 15 (max 15)
 [PSYoungGen: 814784K->2560K(814592K)] 1813958K->1001790K(1838592K), 0.0104550 secs] [Times: user=0.06 sys=0.00, real=0.01 secs] 
834.906: [GC
Desired survivor size 4194304 bytes, new threshold 15 (max 15)
 [PSYoungGen: 813568K->2432K(815104K)] 1812798K->1001702K(1839104K), 0.0105010 secs] [Times: user=0.07 sys=0.00, real=0.01 secs] 
835.168: [GC
Desired survivor size 4194304 bytes, new threshold 15 (max 15)
 [PSYoungGen: 813440K->2816K(815104K)] 1812710K->1002150K(1839104K), 0.0107020 secs] [Times: user=0.06 sys=0.00, real=0.01 secs] 
835.436: [GC
Desired survivor size 4194304 bytes, new threshold 15 (max 15)
 [PSYoungGen: 813824K->1600K(815104K)] 1813158K->1000998K(1839104K), 0.0101130 secs] [Times: user=0.06 sys=0.00, real=0.01 secs] 
835.697: [GC
Desired survivor size 4194304 bytes, new threshold 15 (max 15)
 [PSYoungGen: 812608K->1120K(815104K)] 1812006K->1000550K(1839104K), 0.0117230 secs] [Times: user=0.05 sys=0.00, real=0.01 secs] 
836.221: [GC
Desired survivor size 4194304 bytes, new threshold 15 (max 15)
 [PSYoungGen: 812128K->2784K(815104K)] 1811558K->1002270K(1839104K), 0.0111340 secs] [Times: user=0.07 sys=0.00, real=0.01 secs] 
836.557: [GC
Desired survivor size 4194304 bytes, new threshold 15 (max 15)
 [PSYoungGen: 813792K->2080K(815104K)] 1813278K->1001622K(1839104K), 0.0103030 secs] [Times: user=0.06 sys=0.00, real=0.01 secs] 
836.830: [GC
Desired survivor size 4194304 bytes, new threshold 15 (max 15)
 [PSYoungGen: 813088K->2528K(815104K)] 1812630K->1002126K(1839104K), 0.0107100 secs] [Times: user=0.05 sys=0.00, real=0.01 secs] 
837.099: [GC
Desired survivor size 3670016 bytes, new threshold 15 (max 15)
 [PSYoungGen: 813536K->2080K(815616K)] 1813134K->1001742K(1839616K), 0.0103790 secs] [Times: user=0.06 sys=0.00, real=0.01 secs] 
837.374: [GC
Desired survivor size 3670016 bytes, new threshold 15 (max 15)
 [PSYoungGen: 813600K->1216K(815104K)] 1813262K->1000942K(1839104K), 0.0099050 secs] [Times: user=0.06 sys=0.00, real=0.01 secs] 
837.634: [GC
Desired survivor size 3670016 bytes, new threshold 15 (max 15)
 [PSYoungGen: 812736K->2240K(815616K)] 1812462K->1001998K(1839616K), 0.0109660 secs] [Times: user=0.05 sys=0.00, real=0.02 secs] 
837.908: [GC
Desired survivor size 3670016 bytes, new threshold 15 (max 15)
 [PSYoungGen: 814272K->2240K(815616K)] 1814030K->1002054K(1839616K), 0.0106930 secs] [Times: user=0.06 sys=0.00, real=0.01 secs] 
838.178: [GC
Desired survivor size 3670016 bytes, new threshold 15 (max 15)
 [PSYoungGen: 814272K->2720K(815616K)] 1814086K->1002598K(1839616K), 0.0108480 secs] [Times: user=0.06 sys=0.00, real=0.01 secs] 
838.449: [GC
Desired survivor size 3670016 bytes, new threshold 15 (max 15)
 [PSYoungGen: 814752K->896K(815616K)] 1814630K->1000838K(1839616K), 0.0103980 secs] [Times: user=0.05 sys=0.00, real=0.01 secs] 
838.734: [GC
Desired survivor size 3670016 bytes, new threshold 15 (max 15)
 [PSYoungGen: 812928K->1024K(815616K)] 1812870K->1000998K(1839616K), 0.0095590 secs] [Times: user=0.05 sys=0.00, real=0.01 secs] 
839.001: [GC
Desired survivor size 3670016 bytes, new threshold 15 (max 15)
 [PSYoungGen: 813056K->2144K(815616K)] 1813030K->1002158K(1839616K), 0.0103070 secs] [Times: user=0.06 sys=0.00, real=0.01 secs] 
839.266: [GC
Desired survivor size 3670016 bytes, new threshold 15 (max 15)
 [PSYoungGen: 814176K->800K(815616K)] 1814190K->1000870K(1839616K), 0.0099120 secs] [Times: user=0.06 sys=0.00, real=0.01 secs] 
839.525: [GC
Desired survivor size 4194304 bytes, new threshold 15 (max 15)
 [PSYoungGen: 812832K->2784K(815104K)] 1812902K->1002918K(1839104K), 0.0103880 secs] [Times: user=0.06 sys=0.00, real=0.02 secs] 
839.848: [GC
Desired survivor size 4194304 bytes, new threshold 15 (max 15)
 [PSYoungGen: 814816K->2208K(815104K)] 1814950K->1002382K(1839104K), 0.0105460 secs] [Times: user=0.05 sys=0.00, real=0.01 secs] 
840.119: [GC
Desired survivor size 4194304 bytes, new threshold 15 (max 15)
 [PSYoungGen: 813216K->2624K(815104K)] 1813390K->1002854K(1839104K), 0.0102500 secs] [Times: user=0.07 sys=0.00, real=0.01 secs] 
840.377: [GC
Desired survivor size 4194304 bytes, new threshold 15 (max 15)
 [PSYoungGen: 813632K->1856K(815104K)] 1813862K->1002126K(1839104K), 0.0105910 secs] [Times: user=0.07 sys=0.00, real=0.01 secs] 
840.645: [GC
Desired survivor size 4194304 bytes, new threshold 15 (max 15)
 [PSYoungGen: 812864K->992K(815104K)] 1813134K->1001326K(1839104K), 0.0098810 secs] [Times: user=0.05 sys=0.00, real=0.01 secs] 
840.919: [GC
Desired survivor size 3670016 bytes, new threshold 15 (max 15)
 [PSYoungGen: 812000K->2016K(815616K)] 1812334K->1002382K(1839616K), 0.0104170 secs] [Times: user=0.05 sys=0.00, real=0.01 secs] 
841.195: [GC
Desired survivor size 3670016 bytes, new threshold 15 (max 15)
 [PSYoungGen: 813536K->2368K(815104K)] 1813902K->1002790K(1839104K), 0.0106350 secs] [Times: user=0.06 sys=0.00, real=0.02 secs] 
841.457: [GC
Desired survivor size 3670016 bytes, new threshold 15 (max 15)
 [PSYoungGen: 813888K->1088K(815616K)] 1814310K->1001566K(1839616K), 0.0102780 secs] [Times: user=0.06 sys=0.00, real=0.01 secs] 
841.729: [GC
Desired survivor size 3670016 bytes, new threshold 15 (max 15)
 [PSYoungGen: 813120K->1376K(815616K)] 1813598K->1001894K(1839616K), 0.0099500 secs] [Times: user=0.05 sys=0.01, real=0.01 secs] 
842.008: [GC
Desired survivor size 3670016 bytes, new threshold 15 (max 15)
 [PSYoungGen: 813408K->2176K(815616K)] 1813926K->1002734K(1839616K), 0.0110220 secs] [Times: user=0.05 sys=0.00, real=0.01 secs] 
842.302: [GC
Desired survivor size 3670016 bytes, new threshold 15 (max 15)
 [PSYoungGen: 814208K->1792K(815616K)] 1814766K->1002398K(1839616K), 0.0102440 secs] [Times: user=0.05 sys=0.00, real=0.01 secs] 
842.575: [GC
Desired survivor size 3670016 bytes, new threshold 15 (max 15)
 [PSYoungGen: 813824K->1280K(815616K)] 1814430K->1001934K(1839616K), 0.0112370 secs] [Times: user=0.06 sys=0.00, real=0.02 secs] 
842.848: [GC
Desired survivor size 3670016 bytes, new threshold 15 (max 15)
 [PSYoungGen: 813312K->2016K(815616K)] 1813966K->1002718K(1839616K), 0.0102780 secs] [Times: user=0.06 sys=0.00, real=0.01 secs] 
843.113: [GC
Desired survivor size 3670016 bytes, new threshold 15 (max 15)
 [PSYoungGen: 814048K->1280K(815616K)] 1814750K->1002038K(1839616K), 0.0105110 secs] [Times: user=0.06 sys=0.00, real=0.01 secs] 
843.922: [GC
Desired survivor size 3145728 bytes, new threshold 15 (max 15)
 [PSYoungGen: 813312K->1728K(815616K)] 1814070K->1002542K(1839616K), 0.0108660 secs] [Times: user=0.06 sys=0.00, real=0.01 secs] 
844.196: [GC
Desired survivor size 3145728 bytes, new threshold 15 (max 15)
 [PSYoungGen: 813760K->1312K(816128K)] 1814574K->1002190K(1840128K), 0.0112520 secs] [Times: user=0.05 sys=0.00, real=0.02 secs] 
844.465: [GC
Desired survivor size 3145728 bytes, new threshold 15 (max 15)
 [PSYoungGen: 814368K->1472K(816128K)] 1815246K->1002382K(1840128K), 0.0097820 secs] [Times: user=0.05 sys=0.00, real=0.01 secs] 
844.748: [GC
Desired survivor size 3145728 bytes, new threshold 15 (max 15)
 [PSYoungGen: 814528K->2368K(816128K)] 1815438K->1003318K(1840128K), 0.0107310 secs] [Times: user=0.06 sys=0.00, real=0.01 secs] 
845.017: [GC
Desired survivor size 3145728 bytes, new threshold 15 (max 15)
 [PSYoungGen: 815424K->704K(816128K)] 1816374K->1001686K(1840128K), 0.0095050 secs] [Times: user=0.05 sys=0.01, real=0.01 secs] 
845.289: [GC
Desired survivor size 3145728 bytes, new threshold 15 (max 15)
 [PSYoungGen: 813760K->1888K(816128K)] 1814742K->1002918K(1840128K), 0.0098360 secs] [Times: user=0.05 sys=0.00, real=0.01 secs] 
845.549: [GC
Desired survivor size 4194304 bytes, new threshold 14 (max 15)
 [PSYoungGen: 814944K->3072K(816128K)] 1815974K->1005542K(1840128K), 0.0121040 secs] [Times: user=0.08 sys=0.00, real=0.01 secs] 
845.821: [GC
Desired survivor size 4718592 bytes, new threshold 13 (max 15)
 [PSYoungGen: 816128K->3072K(813056K)] 1818598K->1006750K(1837056K), 0.0122090 secs] [Times: user=0.07 sys=0.00, real=0.01 secs] 
846.088: [GC
Desired survivor size 4718592 bytes, new threshold 14 (max 15)
 [PSYoungGen: 813056K->2048K(814592K)] 1816734K->1005766K(1838592K), 0.0096230 secs] [Times: user=0.06 sys=0.00, real=0.01 secs] 
846.359: [GC
Desired survivor size 4718592 bytes, new threshold 15 (max 15)
 [PSYoungGen: 812032K->1088K(814592K)] 1815750K->1004806K(1838592K), 0.0094510 secs] [Times: user=0.05 sys=0.00, real=0.01 secs] 
846.630: [GC
Desired survivor size 4718592 bytes, new threshold 15 (max 15)
 [PSYoungGen: 811072K->1248K(814592K)] 1814790K->1004966K(1838592K), 0.0096720 secs] [Times: user=0.05 sys=0.00, real=0.01 secs] 
846.899: [GC
Desired survivor size 4194304 bytes, new threshold 15 (max 15)
 [PSYoungGen: 811232K->1568K(815104K)] 1814950K->1005326K(1839104K), 0.0100170 secs] [Times: user=0.05 sys=0.00, real=0.01 secs] 
847.169: [GC
Desired survivor size 4194304 bytes, new threshold 15 (max 15)
 [PSYoungGen: 812064K->1408K(814592K)] 1815822K->1005198K(1838592K), 0.0106160 secs] [Times: user=0.06 sys=0.00, real=0.01 secs] 
847.429: [GC
Desired survivor size 4718592 bytes, new threshold 15 (max 15)
 [PSYoungGen: 811904K->3168K(814080K)] 1815694K->1006982K(1838080K), 0.0109810 secs] [Times: user=0.07 sys=0.00, real=0.01 secs] 
847.694: [GC
Desired survivor size 4194304 bytes, new threshold 15 (max 15)
 [PSYoungGen: 813152K->1664K(814592K)] 1816966K->1005518K(1838592K), 0.0098750 secs] [Times: user=0.06 sys=0.00, real=0.01 secs] 
847.974: [GC
Desired survivor size 4194304 bytes, new threshold 15 (max 15)
 [PSYoungGen: 811648K->1504K(815104K)] 1815502K->1005398K(1839104K), 0.0096530 secs] [Times: user=0.05 sys=0.00, real=0.01 secs] 
848.244: [GC
Desired survivor size 4194304 bytes, new threshold 15 (max 15)
 [PSYoungGen: 812512K->2528K(815104K)] 1816406K->1006462K(1839104K), 0.0109710 secs] [Times: user=0.06 sys=0.00, real=0.01 secs] 
848.508: [GC
Desired survivor size 4194304 bytes, new threshold 15 (max 15)
 [PSYoungGen: 813536K->2400K(815104K)] 1817470K->1006374K(1839104K), 0.0100690 secs] [Times: user=0.06 sys=0.01, real=0.01 secs] 
848.786: [GC
Desired survivor size 4718592 bytes, new threshold 15 (max 15)
 [PSYoungGen: 813408K->3808K(815104K)] 1817382K->1007814K(1839104K), 0.0114110 secs] [Times: user=0.07 sys=0.00, real=0.02 secs] 
849.056: [GC
Desired survivor size 4718592 bytes, new threshold 15 (max 15)
 [PSYoungGen: 814816K->3328K(814080K)] 1818822K->1007366K(1838080K), 0.0111100 secs] [Times: user=0.06 sys=0.00, real=0.02 secs] 
849.312: [GC
Desired survivor size 4718592 bytes, new threshold 15 (max 15)
 [PSYoungGen: 813312K->2368K(814592K)] 1817350K->1006454K(1838592K), 0.0105400 secs] [Times: user=0.06 sys=0.00, real=0.01 secs] 
849.577: [GC
Desired survivor size 4718592 bytes, new threshold 15 (max 15)
 [PSYoungGen: 812352K->1280K(814592K)] 1816438K->1005694K(1838592K), 0.0119630 secs] [Times: user=0.07 sys=0.00, real=0.02 secs] 
849.860: [GC
Desired survivor size 4718592 bytes, new threshold 15 (max 15)
 [PSYoungGen: 811264K->1280K(814592K)] 1815678K->1005830K(1838592K), 0.0099360 secs] [Times: user=0.05 sys=0.00, real=0.01 secs] 
850.123: [GC
Desired survivor size 4718592 bytes, new threshold 15 (max 15)
 [PSYoungGen: 811264K->2208K(814592K)] 1815814K->1006806K(1838592K), 0.0113460 secs] [Times: user=0.06 sys=0.00, real=0.01 secs] 
850.388: [GC
Desired survivor size 4194304 bytes, new threshold 15 (max 15)
 [PSYoungGen: 812192K->1728K(814592K)] 1816790K->1006374K(1838592K), 0.0100650 secs] [Times: user=0.06 sys=0.00, real=0.01 secs] 
850.646: [GC
Desired survivor size 4194304 bytes, new threshold 15 (max 15)
 [PSYoungGen: 811712K->2144K(815104K)] 1816358K->1006822K(1839104K), 0.0102770 secs] [Times: user=0.05 sys=0.00, real=0.01 secs] 
850.926: [GC
Desired survivor size 4194304 bytes, new threshold 15 (max 15)
 [PSYoungGen: 813152K->1184K(815104K)] 1817830K->1005902K(1839104K), 0.0094840 secs] [Times: user=0.05 sys=0.00, real=0.01 secs] 
851.197: [GC
Desired survivor size 4194304 bytes, new threshold 15 (max 15)
 [PSYoungGen: 812192K->3168K(815104K)] 1816910K->1007918K(1839104K), 0.0104920 secs] [Times: user=0.06 sys=0.01, real=0.02 secs] 
851.464: [GC
Desired survivor size 4194304 bytes, new threshold 15 (max 15)
 [PSYoungGen: 814176K->1632K(815104K)] 1818926K->1006414K(1839104K), 0.0097990 secs] [Times: user=0.05 sys=0.00, real=0.01 secs] 
851.740: [GC
Desired survivor size 4194304 bytes, new threshold 15 (max 15)
 [PSYoungGen: 812640K->2592K(815104K)] 1817422K->1007414K(1839104K), 0.0103100 secs] [Times: user=0.07 sys=0.00, real=0.01 secs] 
852.013: [GC
Desired survivor size 4194304 bytes, new threshold 15 (max 15)
 [PSYoungGen: 813600K->1888K(815104K)] 1818422K->1006726K(1839104K), 0.0101270 secs] [Times: user=0.05 sys=0.00, real=0.01 secs] 
852.277: [GC
Desired survivor size 4194304 bytes, new threshold 15 (max 15)
 [PSYoungGen: 812896K->2144K(815104K)] 1817734K->1007006K(1839104K), 0.0101610 secs] [Times: user=0.07 sys=0.00, real=0.01 secs] 
852.544: [GC
Desired survivor size 4194304 bytes, new threshold 15 (max 15)
 [PSYoungGen: 813152K->1120K(815104K)] 1818014K->1006022K(1839104K), 0.0095630 secs] [Times: user=0.06 sys=0.00, real=0.01 secs] 
852.820: [GC
Desired survivor size 4194304 bytes, new threshold 15 (max 15)
 [PSYoungGen: 812128K->768K(815104K)] 1817030K->1005718K(1839104K), 0.0092220 secs] [Times: user=0.05 sys=0.00, real=0.01 secs] 
853.091: [GC
Desired survivor size 4194304 bytes, new threshold 15 (max 15)
 [PSYoungGen: 811776K->2176K(815104K)] 1816726K->1007190K(1839104K), 0.0102340 secs] [Times: user=0.07 sys=0.00, real=0.01 secs] 
853.349: [GC
Desired survivor size 4718592 bytes, new threshold 14 (max 15)
 [PSYoungGen: 813184K->4096K(814080K)] 1818198K->1009726K(1838080K), 0.0117590 secs] [Times: user=0.07 sys=0.00, real=0.01 secs] 
853.612: [GC
Desired survivor size 4718592 bytes, new threshold 15 (max 15)
 [PSYoungGen: 814080K->1984K(814592K)] 1819710K->1007654K(1838592K), 0.0105750 secs] [Times: user=0.07 sys=0.00, real=0.01 secs] 
853.889: [GC
Desired survivor size 4718592 bytes, new threshold 15 (max 15)
 [PSYoungGen: 811968K->2368K(814592K)] 1817638K->1008038K(1838592K), 0.0120860 secs] [Times: user=0.06 sys=0.00, real=0.01 secs] 
854.191: [GC
Desired survivor size 4194304 bytes, new threshold 15 (max 15)
 [PSYoungGen: 812352K->1440K(814592K)] 1818022K->1007150K(1838592K), 0.0096860 secs] [Times: user=0.06 sys=0.00, real=0.01 secs] 
854.455: [GC
Desired survivor size 4194304 bytes, new threshold 15 (max 15)
 [PSYoungGen: 811424K->1600K(815104K)] 1817134K->1007366K(1839104K), 0.0105970 secs] [Times: user=0.06 sys=0.00, real=0.01 secs] 
854.732: [GC
Desired survivor size 4194304 bytes, new threshold 15 (max 15)
 [PSYoungGen: 812608K->1824K(815104K)] 1818374K->1007614K(1839104K), 0.0102730 secs] [Times: user=0.06 sys=0.00, real=0.01 secs] 
854.999: [GC
Desired survivor size 4194304 bytes, new threshold 15 (max 15)
 [PSYoungGen: 812832K->2432K(815104K)] 1818622K->1008262K(1839104K), 0.0105920 secs] [Times: user=0.06 sys=0.00, real=0.01 secs] 
855.269: [GC
Desired survivor size 4194304 bytes, new threshold 15 (max 15)
 [PSYoungGen: 813440K->1280K(815104K)] 1819270K->1007158K(1839104K), 0.0098290 secs] [Times: user=0.06 sys=0.00, real=0.01 secs] 
855.534: [GC
Desired survivor size 4194304 bytes, new threshold 15 (max 15)
 [PSYoungGen: 812288K->1408K(815104K)] 1818166K->1007334K(1839104K), 0.0097000 secs] [Times: user=0.05 sys=0.00, real=0.01 secs] 
855.806: [GC
Desired survivor size 3670016 bytes, new threshold 15 (max 15)
 [PSYoungGen: 812416K->1952K(815104K)] 1818342K->1007918K(1839104K), 0.0102690 secs] [Times: user=0.06 sys=0.00, real=0.01 secs] 
856.085: [GC
Desired survivor size 4194304 bytes, new threshold 15 (max 15)
 [PSYoungGen: 812960K->3168K(814592K)] 1818926K->1009182K(1838592K), 0.0115940 secs] [Times: user=0.07 sys=0.00, real=0.01 secs] 
856.363: [GC
Desired survivor size 4194304 bytes, new threshold 15 (max 15)
 [PSYoungGen: 814176K->2272K(815104K)] 1820190K->1008326K(1839104K), 0.0106380 secs] [Times: user=0.06 sys=0.00, real=0.01 secs] 
856.636: [GC
Desired survivor size 4194304 bytes, new threshold 15 (max 15)
 [PSYoungGen: 813280K->1216K(815104K)] 1819334K->1007310K(1839104K), 0.0109470 secs] [Times: user=0.05 sys=0.00, real=0.01 secs] 
856.910: [GC
Desired survivor size 3670016 bytes, new threshold 15 (max 15)
 [PSYoungGen: 812224K->2048K(815104K)] 1818318K->1008190K(1839104K), 0.0100250 secs] [Times: user=0.07 sys=0.00, real=0.01 secs] 
857.176: [GC
Desired survivor size 3670016 bytes, new threshold 15 (max 15)
 [PSYoungGen: 813056K->1504K(815616K)] 1819198K->1007790K(1839616K), 0.0099910 secs] [Times: user=0.05 sys=0.00, real=0.01 secs] 
857.435: [GC
Desired survivor size 3670016 bytes, new threshold 15 (max 15)
 [PSYoungGen: 813536K->2432K(815616K)] 1819822K->1008886K(1839616K), 0.0107240 secs] [Times: user=0.07 sys=0.00, real=0.01 secs] 
857.714: [GC
Desired survivor size 3670016 bytes, new threshold 15 (max 15)
 [PSYoungGen: 814464K->2016K(815616K)] 1820918K->1008574K(1839616K), 0.0157480 secs] [Times: user=0.06 sys=0.00, real=0.02 secs] 
857.989: [GC
Desired survivor size 3670016 bytes, new threshold 15 (max 15)
 [PSYoungGen: 814048K->2176K(815616K)] 1820606K->1008774K(1839616K), 0.0105140 secs] [Times: user=0.07 sys=0.00, real=0.01 secs] 
858.257: [GC
Desired survivor size 3670016 bytes, new threshold 15 (max 15)
 [PSYoungGen: 814208K->1984K(815616K)] 1820806K->1008630K(1839616K), 0.0103120 secs] [Times: user=0.06 sys=0.00, real=0.01 secs] 
858.520: [GC
Desired survivor size 3670016 bytes, new threshold 15 (max 15)
 [PSYoungGen: 814016K->1568K(815616K)] 1820662K->1008270K(1839616K), 0.0096330 secs] [Times: user=0.06 sys=0.00, real=0.01 secs] 
858.784: [GC
Desired survivor size 3145728 bytes, new threshold 15 (max 15)
 [PSYoungGen: 813600K->1696K(816128K)] 1820302K->1008438K(1840128K), 0.0102450 secs] [Times: user=0.05 sys=0.00, real=0.01 secs] 
859.050: [GC
Desired survivor size 3145728 bytes, new threshold 15 (max 15)
 [PSYoungGen: 814240K->1472K(815616K)] 1820982K->1008254K(1839616K), 0.0097890 secs] [Times: user=0.06 sys=0.00, real=0.01 secs] 
859.314: [GC
Desired survivor size 3145728 bytes, new threshold 15 (max 15)
 [PSYoungGen: 814016K->2176K(816128K)] 1820798K->1008982K(1840128K), 0.0101870 secs] [Times: user=0.06 sys=0.00, real=0.01 secs] 
859.576: [GC
Desired survivor size 3670016 bytes, new threshold 15 (max 15)
 [PSYoungGen: 815232K->832K(814080K)] 1822038K->1007678K(1838080K), 0.0101890 secs] [Times: user=0.06 sys=0.00, real=0.01 secs] 
859.843: [GC
Desired survivor size 3670016 bytes, new threshold 15 (max 15)
 [PSYoungGen: 813888K->2432K(815616K)] 1820734K->1009326K(1839616K), 0.0104900 secs] [Times: user=0.07 sys=0.00, real=0.01 secs] 
860.106: [GC
Desired survivor size 3670016 bytes, new threshold 15 (max 15)
 [PSYoungGen: 814464K->1344K(815616K)] 1821358K->1008302K(1839616K), 0.0098440 secs] [Times: user=0.06 sys=0.01, real=0.01 secs] 
860.373: [GC
Desired survivor size 3670016 bytes, new threshold 15 (max 15)
 [PSYoungGen: 813376K->992K(815616K)] 1820334K->1007998K(1839616K), 0.0097760 secs] [Times: user=0.05 sys=0.00, real=0.01 secs] 
860.643: [GC
Desired survivor size 3670016 bytes, new threshold 15 (max 15)
 [PSYoungGen: 813024K->2624K(815616K)] 1820030K->1009678K(1839616K), 0.0104590 secs] [Times: user=0.07 sys=0.00, real=0.01 secs] 
860.918: [GC
Desired survivor size 3670016 bytes, new threshold 15 (max 15)
 [PSYoungGen: 814656K->2656K(815616K)] 1821710K->1009766K(1839616K), 0.0116330 secs] [Times: user=0.06 sys=0.00, real=0.02 secs] 
861.180: [GC
Desired survivor size 3670016 bytes, new threshold 15 (max 15)
 [PSYoungGen: 814688K->2304K(815616K)] 1821798K->1009438K(1839616K), 0.0103800 secs] [Times: user=0.06 sys=0.01, real=0.01 secs] 
861.445: [GC
Desired survivor size 3670016 bytes, new threshold 15 (max 15)
 [PSYoungGen: 814336K->1376K(815616K)] 1821470K->1008550K(1839616K), 0.0098630 secs] [Times: user=0.06 sys=0.00, real=0.01 secs] 
861.728: [GC
Desired survivor size 3670016 bytes, new threshold 15 (max 15)
 [PSYoungGen: 813408K->1696K(815616K)] 1820582K->1008926K(1839616K), 0.0096310 secs] [Times: user=0.05 sys=0.00, real=0.01 secs] 
862.001: [GC
Desired survivor size 3670016 bytes, new threshold 15 (max 15)
 [PSYoungGen: 813728K->1056K(815616K)] 1820958K->1008334K(1839616K), 0.0101680 secs] [Times: user=0.05 sys=0.00, real=0.01 secs] 
862.265: [GC
Desired survivor size 3670016 bytes, new threshold 15 (max 15)
 [PSYoungGen: 813088K->640K(815616K)] 1820366K->1007958K(1839616K), 0.0095030 secs] [Times: user=0.06 sys=0.00, real=0.01 secs] 
862.529: [GC
Desired survivor size 3670016 bytes, new threshold 15 (max 15)
 [PSYoungGen: 812672K->1792K(815616K)] 1819990K->1009150K(1839616K), 0.0098950 secs] [Times: user=0.06 sys=0.00, real=0.01 secs] 
862.803: [GC
Desired survivor size 4194304 bytes, new threshold 14 (max 15)
 [PSYoungGen: 813824K->3584K(815616K)] 1821182K->1011190K(1839616K), 0.0123150 secs] [Times: user=0.07 sys=0.00, real=0.01 secs] 
863.073: [GC
Desired survivor size 4194304 bytes, new threshold 15 (max 15)
 [PSYoungGen: 815616K->2272K(814592K)] 1823222K->1009926K(1838592K), 0.0115710 secs] [Times: user=0.07 sys=0.00, real=0.01 secs] 
863.338: [GC
Desired survivor size 4194304 bytes, new threshold 15 (max 15)
 [PSYoungGen: 813280K->1504K(815104K)] 1820934K->1009158K(1839104K), 0.0099870 secs] [Times: user=0.06 sys=0.00, real=0.01 secs] 
863.605: [GC
Desired survivor size 4194304 bytes, new threshold 15 (max 15)
 [PSYoungGen: 812512K->2432K(815104K)] 1820166K->1010142K(1839104K), 0.0108490 secs] [Times: user=0.08 sys=0.00, real=0.01 secs] 
863.877: [GC
Desired survivor size 4194304 bytes, new threshold 15 (max 15)
 [PSYoungGen: 813440K->2720K(815104K)] 1821150K->1010486K(1839104K), 0.0103010 secs] [Times: user=0.06 sys=0.00, real=0.01 secs] 
864.140: [GC
Desired survivor size 4194304 bytes, new threshold 15 (max 15)
 [PSYoungGen: 813728K->2208K(815104K)] 1821494K->1010006K(1839104K), 0.0104490 secs] [Times: user=0.05 sys=0.00, real=0.01 secs] 
864.409: [GC
Desired survivor size 4194304 bytes, new threshold 15 (max 15)
 [PSYoungGen: 813216K->2208K(815104K)] 1821014K->1010030K(1839104K), 0.0102110 secs] [Times: user=0.06 sys=0.00, real=0.01 secs] 
864.678: [GC
Desired survivor size 3670016 bytes, new threshold 15 (max 15)
 [PSYoungGen: 813216K->2368K(815616K)] 1821038K->1010214K(1839616K), 0.0108980 secs] [Times: user=0.06 sys=0.01, real=0.02 secs] 
864.955: [GC
Desired survivor size 3670016 bytes, new threshold 15 (max 15)
 [PSYoungGen: 813888K->1984K(815104K)] 1821734K->1009870K(1839104K), 0.0101240 secs] [Times: user=0.05 sys=0.00, real=0.01 secs] 
865.223: [GC
Desired survivor size 3670016 bytes, new threshold 15 (max 15)
 [PSYoungGen: 813504K->1056K(815616K)] 1821390K->1008982K(1839616K), 0.0097730 secs] [Times: user=0.04 sys=0.01, real=0.01 secs] 
865.488: [GC
Desired survivor size 4194304 bytes, new threshold 15 (max 15)
 [PSYoungGen: 813088K->3104K(815616K)] 1821014K->1011070K(1839616K), 0.0106160 secs] [Times: user=0.06 sys=0.00, real=0.01 secs] 
865.768: [GC
Desired survivor size 4194304 bytes, new threshold 15 (max 15)
 [PSYoungGen: 815136K->1376K(814592K)] 1823102K->1009382K(1838592K), 0.0102770 secs] [Times: user=0.06 sys=0.00, real=0.01 secs] 
866.041: [GC
Desired survivor size 4194304 bytes, new threshold 15 (max 15)
 [PSYoungGen: 812384K->1408K(815104K)] 1820390K->1009478K(1839104K), 0.0099600 secs] [Times: user=0.06 sys=0.00, real=0.01 secs] 
866.302: [GC
Desired survivor size 3670016 bytes, new threshold 15 (max 15)
 [PSYoungGen: 812416K->1952K(815616K)] 1820486K->1010054K(1839616K), 0.0103070 secs] [Times: user=0.06 sys=0.00, real=0.01 secs] 
866.591: [GC
Desired survivor size 3670016 bytes, new threshold 15 (max 15)
 [PSYoungGen: 813472K->928K(815104K)] 1821574K->1009094K(1839104K), 0.0098060 secs] [Times: user=0.05 sys=0.01, real=0.01 secs] 
866.865: [GC
Desired survivor size 3670016 bytes, new threshold 15 (max 15)
 [PSYoungGen: 812448K->2528K(815616K)] 1820614K->1010966K(1839616K), 0.0111840 secs] [Times: user=0.06 sys=0.00, real=0.01 secs] 
867.132: [GC
Desired survivor size 3670016 bytes, new threshold 15 (max 15)
 [PSYoungGen: 814560K->2336K(815616K)] 1822998K->1010838K(1839616K), 0.0105450 secs] [Times: user=0.06 sys=0.01, real=0.01 secs] 
867.389: [GC
Desired survivor size 4194304 bytes, new threshold 15 (max 15)
 [PSYoungGen: 814368K->896K(814592K)] 1822870K->1009462K(1838592K), 0.0101860 secs] [Times: user=0.06 sys=0.00, real=0.01 secs] 
867.659: [GC
Desired survivor size 4194304 bytes, new threshold 15 (max 15)
 [PSYoungGen: 811904K->2816K(815104K)] 1820470K->1011446K(1839104K), 0.0107090 secs] [Times: user=0.06 sys=0.00, real=0.02 secs] 
867.930: [GC
Desired survivor size 4194304 bytes, new threshold 15 (max 15)
 [PSYoungGen: 813824K->1568K(815104K)] 1822454K->1010238K(1839104K), 0.0094920 secs] [Times: user=0.06 sys=0.00, real=0.01 secs] 
868.200: [GC
Desired survivor size 4194304 bytes, new threshold 15 (max 15)
 [PSYoungGen: 812576K->2816K(815104K)] 1821246K->1011510K(1839104K), 0.0110550 secs] [Times: user=0.06 sys=0.00, real=0.01 secs] 
868.460: [GC
Desired survivor size 4194304 bytes, new threshold 15 (max 15)
 [PSYoungGen: 813824K->2560K(815104K)] 1822518K->1011294K(1839104K), 0.0100750 secs] [Times: user=0.06 sys=0.00, real=0.01 secs] 
868.735: [GC
Desired survivor size 4194304 bytes, new threshold 15 (max 15)
 [PSYoungGen: 813568K->992K(815104K)] 1822302K->1009790K(1839104K), 0.0098600 secs] [Times: user=0.06 sys=0.00, real=0.01 secs] 
869.001: [GC
Desired survivor size 4194304 bytes, new threshold 15 (max 15)
 [PSYoungGen: 812000K->2976K(815104K)] 1820798K->1011814K(1839104K), 0.0107370 secs] [Times: user=0.06 sys=0.00, real=0.01 secs] 
869.266: [GC
Desired survivor size 4194304 bytes, new threshold 15 (max 15)
 [PSYoungGen: 813984K->832K(815104K)] 1822822K->1009726K(1839104K), 0.0095000 secs] [Times: user=0.05 sys=0.00, real=0.01 secs] 
869.528: [GC
Desired survivor size 4194304 bytes, new threshold 15 (max 15)
 [PSYoungGen: 811840K->768K(815104K)] 1820734K->1009710K(1839104K), 0.0102570 secs] [Times: user=0.04 sys=0.00, real=0.01 secs] 
869.802: [GC
Desired survivor size 5242880 bytes, new threshold 15 (max 15)
 [PSYoungGen: 811776K->4064K(815104K)] 1820718K->1013054K(1839104K), 0.0119820 secs] [Times: user=0.05 sys=0.00, real=0.01 secs] 
870.070: [GC
Desired survivor size 4718592 bytes, new threshold 15 (max 15)
 [PSYoungGen: 815072K->2624K(814080K)] 1824062K->1011654K(1838080K), 0.0106690 secs] [Times: user=0.07 sys=0.00, real=0.01 secs] 
870.327: [GC
Desired survivor size 4718592 bytes, new threshold 15 (max 15)
 [PSYoungGen: 812608K->2496K(814592K)] 1821638K->1011566K(1838592K), 0.0108500 secs] [Times: user=0.06 sys=0.00, real=0.01 secs] 
870.603: [GC
Desired survivor size 4718592 bytes, new threshold 15 (max 15)
 [PSYoungGen: 812480K->1248K(814592K)] 1821550K->1010374K(1838592K), 0.0096500 secs] [Times: user=0.06 sys=0.00, real=0.01 secs] 
870.871: [GC
Desired survivor size 4718592 bytes, new threshold 15 (max 15)
 [PSYoungGen: 811232K->1312K(814592K)] 1820358K->1010478K(1838592K), 0.0098740 secs] [Times: user=0.06 sys=0.00, real=0.01 secs] 
871.137: [GC
Desired survivor size 4718592 bytes, new threshold 15 (max 15)
 [PSYoungGen: 811296K->1280K(814592K)] 1820462K->1010478K(1838592K), 0.0095500 secs] [Times: user=0.06 sys=0.00, real=0.01 secs] 
871.394: [GC
Desired survivor size 4718592 bytes, new threshold 15 (max 15)
 [PSYoungGen: 811264K->2880K(814592K)] 1820462K->1012102K(1838592K), 0.0100210 secs] [Times: user=0.06 sys=0.00, real=0.01 secs] 
871.660: [GC
Desired survivor size 4718592 bytes, new threshold 15 (max 15)
 [PSYoungGen: 812864K->1600K(814592K)] 1822086K->1010854K(1838592K), 0.0100350 secs] [Times: user=0.06 sys=0.00, real=0.01 secs] 
871.926: [GC
Desired survivor size 4718592 bytes, new threshold 15 (max 15)
 [PSYoungGen: 811584K->2592K(814592K)] 1820838K->1011854K(1838592K), 0.0107660 secs] [Times: user=0.06 sys=0.00, real=0.01 secs] 
872.195: [GC
Desired survivor size 4194304 bytes, new threshold 15 (max 15)
 [PSYoungGen: 812576K->1760K(815104K)] 1821838K->1011046K(1839104K), 0.0101030 secs] [Times: user=0.06 sys=0.00, real=0.01 secs] 
872.459: [GC
Desired survivor size 4194304 bytes, new threshold 15 (max 15)
 [PSYoungGen: 812256K->2112K(814592K)] 1821542K->1011430K(1838592K), 0.0103700 secs] [Times: user=0.06 sys=0.00, real=0.01 secs] 
872.728: [GC
Desired survivor size 4194304 bytes, new threshold 15 (max 15)
 [PSYoungGen: 812608K->1312K(815104K)] 1821926K->1010670K(1839104K), 0.0109230 secs] [Times: user=0.06 sys=0.01, real=0.01 secs] 
873.001: [GC
Desired survivor size 4194304 bytes, new threshold 15 (max 15)
 [PSYoungGen: 812320K->1344K(815104K)] 1821678K->1010718K(1839104K), 0.0098680 secs] [Times: user=0.06 sys=0.00, real=0.01 secs] 
873.272: [GC
Desired survivor size 4194304 bytes, new threshold 15 (max 15)
 [PSYoungGen: 812352K->1376K(815104K)] 1821726K->1010790K(1839104K), 0.0098020 secs] [Times: user=0.06 sys=0.00, real=0.01 secs] 
873.561: [GC
Desired survivor size 4194304 bytes, new threshold 15 (max 15)
 [PSYoungGen: 812384K->736K(815104K)] 1821798K->1010206K(1839104K), 0.0093000 secs] [Times: user=0.05 sys=0.00, real=0.00 secs] 
873.841: [GC
Desired survivor size 3670016 bytes, new threshold 15 (max 15)
 [PSYoungGen: 811744K->1344K(815616K)] 1821214K->1010854K(1839616K), 0.0095880 secs] [Times: user=0.05 sys=0.00, real=0.00 secs] 
874.147: [GC
Desired survivor size 4194304 bytes, new threshold 15 (max 15)
 [PSYoungGen: 812864K->2976K(815104K)] 1822374K->1012526K(1839104K), 0.0117710 secs] [Times: user=0.06 sys=0.00, real=0.01 secs] 
874.405: [GC
Desired survivor size 4194304 bytes, new threshold 15 (max 15)
 [PSYoungGen: 814496K->896K(815104K)] 1824046K->1010486K(1839104K), 0.0101540 secs] [Times: user=0.05 sys=0.00, real=0.01 secs] 
874.673: [GC
Desired survivor size 4194304 bytes, new threshold 15 (max 15)
 [PSYoungGen: 811904K->2656K(815104K)] 1821494K->1012270K(1839104K), 0.0106590 secs] [Times: user=0.05 sys=0.00, real=0.01 secs] 
874.940: [GC
Desired survivor size 4194304 bytes, new threshold 15 (max 15)
 [PSYoungGen: 813664K->2432K(815104K)] 1823278K->1012070K(1839104K), 0.0104370 secs] [Times: user=0.06 sys=0.00, real=0.02 secs] 
875.216: [GC
Desired survivor size 4194304 bytes, new threshold 15 (max 15)
 [PSYoungGen: 813440K->2368K(815104K)] 1823078K->1012054K(1839104K), 0.0108360 secs] [Times: user=0.07 sys=0.01, real=0.01 secs] 
875.476: [GC
Desired survivor size 4194304 bytes, new threshold 15 (max 15)
 [PSYoungGen: 813376K->1184K(815104K)] 1823062K->1010870K(1839104K), 0.0099330 secs] [Times: user=0.05 sys=0.00, real=0.01 secs] 
875.749: [GC
Desired survivor size 4194304 bytes, new threshold 15 (max 15)
 [PSYoungGen: 812192K->2528K(815104K)] 1821878K->1012270K(1839104K), 0.0106800 secs] [Times: user=0.06 sys=0.00, real=0.01 secs] 
876.018: [GC
Desired survivor size 4194304 bytes, new threshold 15 (max 15)
 [PSYoungGen: 813536K->2112K(815104K)] 1823278K->1011894K(1839104K), 0.0101560 secs] [Times: user=0.05 sys=0.00, real=0.01 secs] 
876.280: [GC
Desired survivor size 3670016 bytes, new threshold 15 (max 15)
 [PSYoungGen: 813120K->1984K(815104K)] 1822902K->1011798K(1839104K), 0.0101270 secs] [Times: user=0.06 sys=0.01, real=0.01 secs] 
876.545: [GC
Desired survivor size 3670016 bytes, new threshold 15 (max 15)
 [PSYoungGen: 812992K->2368K(815616K)] 1822806K->1012230K(1839616K), 0.0105680 secs] [Times: user=0.06 sys=0.00, real=0.01 secs] 
876.823: [GC
Desired survivor size 3670016 bytes, new threshold 15 (max 15)
 [PSYoungGen: 814400K->1472K(815616K)] 1824262K->1011382K(1839616K), 0.0097390 secs] [Times: user=0.06 sys=0.00, real=0.01 secs] 
877.092: [GC
Desired survivor size 3670016 bytes, new threshold 15 (max 15)
 [PSYoungGen: 813504K->2336K(815616K)] 1823414K->1012294K(1839616K), 0.0104990 secs] [Times: user=0.06 sys=0.00, real=0.01 secs] 
877.358: [GC
Desired survivor size 3670016 bytes, new threshold 15 (max 15)
 [PSYoungGen: 814368K->1024K(815616K)] 1824326K->1011030K(1839616K), 0.0097590 secs] [Times: user=0.05 sys=0.00, real=0.01 secs] 
877.633: [GC
Desired survivor size 3670016 bytes, new threshold 15 (max 15)
 [PSYoungGen: 813056K->1312K(815616K)] 1823062K->1011350K(1839616K), 0.0100820 secs] [Times: user=0.05 sys=0.00, real=0.01 secs] 
877.902: [GC
Desired survivor size 3670016 bytes, new threshold 15 (max 15)
 [PSYoungGen: 813344K->1312K(815616K)] 1823382K->1011374K(1839616K), 0.0104300 secs] [Times: user=0.06 sys=0.00, real=0.01 secs] 
878.179: [GC
Desired survivor size 3670016 bytes, new threshold 15 (max 15)
 [PSYoungGen: 813344K->1888K(815616K)] 1823406K->1011998K(1839616K), 0.0101490 secs] [Times: user=0.05 sys=0.00, real=0.01 secs] 
878.439: [GC
Desired survivor size 3670016 bytes, new threshold 15 (max 15)
 [PSYoungGen: 813920K->2176K(815616K)] 1824030K->1012326K(1839616K), 0.0102280 secs] [Times: user=0.06 sys=0.00, real=0.01 secs] 
878.723: [GC
Desired survivor size 3670016 bytes, new threshold 15 (max 15)
 [PSYoungGen: 814208K->1824K(815616K)] 1824358K->1012022K(1839616K), 0.0098960 secs] [Times: user=0.06 sys=0.00, real=0.01 secs] 
878.990: [GC
Desired survivor size 3145728 bytes, new threshold 15 (max 15)
 [PSYoungGen: 813856K->1760K(815616K)] 1824054K->1011990K(1839616K), 0.0101260 secs] [Times: user=0.06 sys=0.00, real=0.01 secs] 
879.255: [GC
Desired survivor size 3145728 bytes, new threshold 15 (max 15)
 [PSYoungGen: 813792K->1536K(816128K)] 1824022K->1011822K(1840128K), 0.0099640 secs] [Times: user=0.06 sys=0.00, real=0.01 secs] 
879.529: [GC
Desired survivor size 3145728 bytes, new threshold 15 (max 15)
 [PSYoungGen: 814592K->864K(816128K)] 1824878K->1011198K(1840128K), 0.0094640 secs] [Times: user=0.05 sys=0.00, real=0.01 secs] 
879.805: [GC
Desired survivor size 3145728 bytes, new threshold 15 (max 15)
 [PSYoungGen: 813920K->800K(816128K)] 1824254K->1011174K(1840128K), 0.0095100 secs] [Times: user=0.05 sys=0.01, real=0.01 secs] 
880.068: [GC
Desired survivor size 3670016 bytes, new threshold 15 (max 15)
 [PSYoungGen: 813856K->2208K(815616K)] 1824230K->1012622K(1839616K), 0.0100960 secs] [Times: user=0.06 sys=0.00, real=0.01 secs] 
880.329: [GC
Desired survivor size 3670016 bytes, new threshold 15 (max 15)
 [PSYoungGen: 815264K->672K(815616K)] 1825678K->1011134K(1839616K), 0.0100160 secs] [Times: user=0.07 sys=0.00, real=0.01 secs] 
880.606: [GC
Desired survivor size 3145728 bytes, new threshold 15 (max 15)
 [PSYoungGen: 812704K->864K(815616K)] 1823166K->1011342K(1839616K), 0.0096900 secs] [Times: user=0.05 sys=0.00, real=0.01 secs] 
880.879: [GC
Desired survivor size 3145728 bytes, new threshold 15 (max 15)
 [PSYoungGen: 812896K->1728K(816128K)] 1823374K->1012270K(1840128K), 0.0101260 secs] [Times: user=0.06 sys=0.00, real=0.01 secs] 
881.143: [GC
Desired survivor size 3145728 bytes, new threshold 15 (max 15)
 [PSYoungGen: 814784K->1312K(816128K)] 1825326K->1011910K(1840128K), 0.0099040 secs] [Times: user=0.05 sys=0.00, real=0.01 secs] 
881.406: [GC
Desired survivor size 3145728 bytes, new threshold 15 (max 15)
 [PSYoungGen: 814368K->1408K(816128K)] 1824966K->1012038K(1840128K), 0.0102020 secs] [Times: user=0.07 sys=0.00, real=0.01 secs] 
881.672: [GC
Desired survivor size 3145728 bytes, new threshold 15 (max 15)
 [PSYoungGen: 814464K->1504K(816128K)] 1825094K->1012166K(1840128K), 0.0102330 secs] [Times: user=0.07 sys=0.00, real=0.01 secs] 
881.938: [GC
Desired survivor size 3145728 bytes, new threshold 15 (max 15)
 [PSYoungGen: 814560K->2496K(816128K)] 1825222K->1013206K(1840128K), 0.0104400 secs] [Times: user=0.06 sys=0.00, real=0.01 secs] 
882.204: [GC
Desired survivor size 3145728 bytes, new threshold 15 (max 15)
 [PSYoungGen: 815552K->1984K(816128K)] 1826262K->1012726K(1840128K), 0.0105170 secs] [Times: user=0.06 sys=0.00, real=0.01 secs] 
882.467: [GC
Desired survivor size 4194304 bytes, new threshold 14 (max 15)
 [PSYoungGen: 815040K->3072K(814080K)] 1825782K->1014886K(1838080K), 0.0120100 secs] [Times: user=0.06 sys=0.00, real=0.01 secs] 
882.744: [GC
Desired survivor size 3670016 bytes, new threshold 15 (max 15)
 [PSYoungGen: 814080K->1856K(815104K)] 1825894K->1013710K(1839104K), 0.0101540 secs] [Times: user=0.06 sys=0.00, real=0.01 secs] 
883.013: [GC
Desired survivor size 3670016 bytes, new threshold 15 (max 15)
 [PSYoungGen: 812864K->1088K(815616K)] 1824718K->1012942K(1839616K), 0.0098760 secs] [Times: user=0.06 sys=0.01, real=0.01 secs] 
883.355: [GC
Desired survivor size 3670016 bytes, new threshold 15 (max 15)
 [PSYoungGen: 813120K->1152K(815616K)] 1824974K->1013038K(1839616K), 0.0106700 secs] [Times: user=0.07 sys=0.00, real=0.01 secs] 
883.731: [GC
Desired survivor size 3670016 bytes, new threshold 15 (max 15)
 [PSYoungGen: 813184K->832K(815616K)] 1825070K->1012758K(1839616K), 0.0096080 secs] [Times: user=0.05 sys=0.00, real=0.01 secs] 
883.998: [GC
Desired survivor size 3670016 bytes, new threshold 15 (max 15)
 [PSYoungGen: 812864K->1344K(815616K)] 1824790K->1013334K(1839616K), 0.0100670 secs] [Times: user=0.06 sys=0.00, real=0.01 secs] 
884.266: [GC
Desired survivor size 3670016 bytes, new threshold 15 (max 15)
 [PSYoungGen: 813376K->1504K(815616K)] 1825366K->1013550K(1839616K), 0.0101050 secs] [Times: user=0.06 sys=0.00, real=0.01 secs] 
884.530: [GC
Desired survivor size 3670016 bytes, new threshold 15 (max 15)
 [PSYoungGen: 813536K->1920K(815616K)] 1825582K->1014014K(1839616K), 0.0125830 secs] [Times: user=0.07 sys=0.00, real=0.02 secs] 
884.898: [GC
Desired survivor size 3670016 bytes, new threshold 15 (max 15)
 [PSYoungGen: 813952K->2368K(815616K)] 1826046K->1014510K(1839616K), 0.0107460 secs] [Times: user=0.06 sys=0.00, real=0.01 secs] 
885.158: [GC
Desired survivor size 4718592 bytes, new threshold 14 (max 15)
 [PSYoungGen: 814400K->3584K(815616K)] 1826542K->1017246K(1839616K), 0.0118970 secs] [Times: user=0.07 sys=0.00, real=0.01 secs] 
885.421: [GC
Desired survivor size 4718592 bytes, new threshold 15 (max 15)
 [PSYoungGen: 815616K->2496K(813568K)] 1829278K->1016206K(1837568K), 0.0104960 secs] [Times: user=0.07 sys=0.00, real=0.02 secs] 
885.694: [GC
Desired survivor size 4194304 bytes, new threshold 15 (max 15)
 [PSYoungGen: 812480K->2016K(814592K)] 1826190K->1015726K(1838592K), 0.0109410 secs] [Times: user=0.06 sys=0.00, real=0.01 secs] 
885.970: [GC
Desired survivor size 4194304 bytes, new threshold 15 (max 15)
 [PSYoungGen: 812000K->1280K(815104K)] 1825710K->1015038K(1839104K), 0.0108870 secs] [Times: user=0.05 sys=0.00, real=0.01 secs] 
886.245: [GC
Desired survivor size 4194304 bytes, new threshold 15 (max 15)
 [PSYoungGen: 812288K->1760K(815104K)] 1826046K->1015566K(1839104K), 0.0104510 secs] [Times: user=0.07 sys=0.00, real=0.01 secs] 
886.506: [GC
Desired survivor size 4194304 bytes, new threshold 15 (max 15)
 [PSYoungGen: 812768K->2496K(815104K)] 1826574K->1016382K(1839104K), 0.0108520 secs] [Times: user=0.06 sys=0.00, real=0.01 secs] 
886.788: [GC
Desired survivor size 4194304 bytes, new threshold 15 (max 15)
 [PSYoungGen: 813504K->960K(815104K)] 1827390K->1015102K(1839104K), 0.0101980 secs] [Times: user=0.06 sys=0.00, real=0.01 secs] 
887.051: [GC
Desired survivor size 4194304 bytes, new threshold 15 (max 15)
 [PSYoungGen: 811968K->1792K(815104K)] 1826110K->1016006K(1839104K), 0.0106500 secs] [Times: user=0.06 sys=0.00, real=0.01 secs] 
887.318: [GC
Desired survivor size 3670016 bytes, new threshold 15 (max 15)
 [PSYoungGen: 812800K->1984K(815104K)] 1827014K->1016230K(1839104K), 0.0105180 secs] [Times: user=0.05 sys=0.00, real=0.01 secs] 
887.584: [GC
Desired survivor size 3670016 bytes, new threshold 15 (max 15)
 [PSYoungGen: 812992K->2112K(815616K)] 1827238K->1016398K(1839616K), 0.0102540 secs] [Times: user=0.06 sys=0.00, real=0.01 secs] 
887.868: [GC
Desired survivor size 3670016 bytes, new threshold 15 (max 15)
 [PSYoungGen: 814144K->1120K(815616K)] 1828430K->1015414K(1839616K), 0.0100980 secs] [Times: user=0.06 sys=0.00, real=0.01 secs] 
888.140: [GC
Desired survivor size 4194304 bytes, new threshold 15 (max 15)
 [PSYoungGen: 813152K->2720K(814592K)] 1827446K->1017038K(1838592K), 0.0111940 secs] [Times: user=0.06 sys=0.00, real=0.01 secs] 
888.404: [GC
Desired survivor size 4194304 bytes, new threshold 15 (max 15)
 [PSYoungGen: 813728K->3488K(815104K)] 1828046K->1017846K(1839104K), 0.0121980 secs] [Times: user=0.07 sys=0.01, real=0.01 secs] 
888.675: [GC
Desired survivor size 4194304 bytes, new threshold 15 (max 15)
 [PSYoungGen: 814496K->864K(815104K)] 1828854K->1015238K(1839104K), 0.0099510 secs] [Times: user=0.06 sys=0.00, real=0.01 secs] 
888.953: [GC
Desired survivor size 4194304 bytes, new threshold 15 (max 15)
 [PSYoungGen: 811872K->1600K(815104K)] 1826246K->1016006K(1839104K), 0.0102760 secs] [Times: user=0.06 sys=0.00, real=0.00 secs] 
889.284: [GC
Desired survivor size 4194304 bytes, new threshold 15 (max 15)
 [PSYoungGen: 812608K->704K(815104K)] 1827014K->1015358K(1839104K), 0.0142300 secs] [Times: user=0.05 sys=0.00, real=0.01 secs] 
889.568: [GC
Desired survivor size 4194304 bytes, new threshold 15 (max 15)
 [PSYoungGen: 811712K->1696K(815104K)] 1826366K->1016398K(1839104K), 0.0098400 secs] [Times: user=0.06 sys=0.00, real=0.01 secs] 
889.844: [GC
Desired survivor size 3670016 bytes, new threshold 15 (max 15)
 [PSYoungGen: 812704K->1856K(815616K)] 1827406K->1016590K(1839616K), 0.0101650 secs] [Times: user=0.06 sys=0.00, real=0.01 secs] 
890.109: [GC
Desired survivor size 3670016 bytes, new threshold 15 (max 15)
 [PSYoungGen: 813376K->1088K(815104K)] 1828110K->1015886K(1839104K), 0.0097170 secs] [Times: user=0.05 sys=0.00, real=0.01 secs] 
890.369: [GC
Desired survivor size 4194304 bytes, new threshold 15 (max 15)
 [PSYoungGen: 812608K->2560K(814592K)] 1827406K->1017374K(1838592K), 0.0101600 secs] [Times: user=0.06 sys=0.00, real=0.01 secs] 
890.743: [GC
Desired survivor size 3670016 bytes, new threshold 15 (max 15)
 [PSYoungGen: 813568K->1312K(815104K)] 1828382K->1016158K(1839104K), 0.0101190 secs] [Times: user=0.06 sys=0.00, real=0.01 secs] 
891.015: [GC
Desired survivor size 3670016 bytes, new threshold 15 (max 15)
 [PSYoungGen: 812320K->2016K(815616K)] 1827166K->1016902K(1839616K), 0.0100770 secs] [Times: user=0.06 sys=0.00, real=0.01 secs] 
891.279: [GC
Desired survivor size 3670016 bytes, new threshold 15 (max 15)
 [PSYoungGen: 814048K->2400K(815616K)] 1828934K->1017350K(1839616K), 0.0102720 secs] [Times: user=0.06 sys=0.01, real=0.01 secs] 
891.545: [GC
Desired survivor size 3670016 bytes, new threshold 15 (max 15)
 [PSYoungGen: 814432K->1632K(815616K)] 1829382K->1016638K(1839616K), 0.0099290 secs] [Times: user=0.06 sys=0.00, real=0.01 secs] 
891.821: [GC
Desired survivor size 4194304 bytes, new threshold 14 (max 15)
 [PSYoungGen: 813664K->3584K(815616K)] 1828670K->1018758K(1839616K), 0.0118470 secs] [Times: user=0.06 sys=0.00, real=0.01 secs] 
892.090: [GC
Desired survivor size 4194304 bytes, new threshold 15 (max 15)
 [PSYoungGen: 815616K->2208K(814592K)] 1830790K->1017446K(1838592K), 0.0113720 secs] [Times: user=0.06 sys=0.00, real=0.01 secs] 
892.355: [GC
Desired survivor size 4194304 bytes, new threshold 15 (max 15)
 [PSYoungGen: 813216K->3072K(815104K)] 1828454K->1018310K(1839104K), 0.0103240 secs] [Times: user=0.07 sys=0.00, real=0.01 secs] 
892.618: [GC
Desired survivor size 5242880 bytes, new threshold 14 (max 15)
 [PSYoungGen: 814080K->4096K(813056K)] 1829318K->1020550K(1837056K), 0.0123200 secs] [Times: user=0.07 sys=0.00, real=0.01 secs] 
892.893: [GC
Desired survivor size 5242880 bytes, new threshold 15 (max 15)
 [PSYoungGen: 813056K->1920K(814080K)] 1829510K->1018438K(1838080K), 0.0108220 secs] [Times: user=0.06 sys=0.00, real=0.01 secs] 
893.169: [GC
Desired survivor size 5242880 bytes, new threshold 15 (max 15)
 [PSYoungGen: 810880K->2560K(814080K)] 1827398K->1019078K(1838080K), 0.0110950 secs] [Times: user=0.07 sys=0.00, real=0.01 secs] 
893.436: [GC
Desired survivor size 5242880 bytes, new threshold 15 (max 15)
 [PSYoungGen: 811520K->3200K(814080K)] 1828038K->1019782K(1838080K), 0.0108750 secs] [Times: user=0.07 sys=0.00, real=0.01 secs] 
893.705: [GC
Desired survivor size 5242880 bytes, new threshold 15 (max 15)
 [PSYoungGen: 812160K->1312K(814080K)] 1828742K->1017950K(1838080K), 0.0255980 secs] [Times: user=0.08 sys=0.00, real=0.02 secs] 
894.028: [GC
Desired survivor size 5242880 bytes, new threshold 15 (max 15)
 [PSYoungGen: 810272K->2976K(814080K)] 1826910K->1019646K(1838080K), 0.0114450 secs] [Times: user=0.07 sys=0.00, real=0.01 secs] 
894.294: [GC
Desired survivor size 5242880 bytes, new threshold 15 (max 15)
 [PSYoungGen: 811936K->3616K(814080K)] 1828606K->1020342K(1838080K), 0.0118300 secs] [Times: user=0.07 sys=0.00, real=0.01 secs] 
894.564: [GC
Desired survivor size 6291456 bytes, new threshold 14 (max 15)
 [PSYoungGen: 812576K->5120K(814080K)] 1829302K->1021982K(1838080K), 0.0128570 secs] [Times: user=0.07 sys=0.00, real=0.02 secs] 
894.840: [GC
Desired survivor size 5767168 bytes, new threshold 15 (max 15)
 [PSYoungGen: 814080K->2400K(813056K)] 1830942K->1019326K(1837056K), 0.0108820 secs] [Times: user=0.06 sys=0.00, real=0.01 secs] 
895.108: [GC
Desired survivor size 5767168 bytes, new threshold 15 (max 15)
 [PSYoungGen: 810336K->3104K(813568K)] 1827262K->1020030K(1837568K), 0.0110580 secs] [Times: user=0.06 sys=0.01, real=0.01 secs] 
895.365: [GC
Desired survivor size 5767168 bytes, new threshold 15 (max 15)
 [PSYoungGen: 811040K->3872K(813568K)] 1827966K->1020854K(1837568K), 0.0109460 secs] [Times: user=0.07 sys=0.00, real=0.01 secs] 
895.640: [GC
Desired survivor size 5767168 bytes, new threshold 15 (max 15)
 [PSYoungGen: 811808K->1984K(813568K)] 1828790K->1019014K(1837568K), 0.0101960 secs] [Times: user=0.06 sys=0.00, real=0.01 secs] 
895.907: [GC
Desired survivor size 5767168 bytes, new threshold 15 (max 15)
 [PSYoungGen: 809920K->3328K(813568K)] 1826950K->1020430K(1837568K), 0.0108770 secs] [Times: user=0.06 sys=0.00, real=0.01 secs] 
896.176: [GC
Desired survivor size 5767168 bytes, new threshold 15 (max 15)
 [PSYoungGen: 811264K->1408K(813568K)] 1828366K->1018838K(1837568K), 0.0101710 secs] [Times: user=0.07 sys=0.00, real=0.01 secs] 
896.453: [GC
Desired survivor size 5242880 bytes, new threshold 15 (max 15)
 [PSYoungGen: 809344K->2240K(814080K)] 1826774K->1019694K(1838080K), 0.0112810 secs] [Times: user=0.06 sys=0.00, real=0.02 secs] 
896.726: [GC
Desired survivor size 5242880 bytes, new threshold 15 (max 15)
 [PSYoungGen: 810688K->1824K(813568K)] 1828142K->1019342K(1837568K), 0.0115120 secs] [Times: user=0.06 sys=0.00, real=0.01 secs] 
896.994: [GC
Desired survivor size 5242880 bytes, new threshold 15 (max 15)
 [PSYoungGen: 810272K->2848K(814080K)] 1827790K->1020430K(1838080K), 0.0108700 secs] [Times: user=0.07 sys=0.00, real=0.02 secs] 
897.259: [GC
Desired survivor size 5242880 bytes, new threshold 15 (max 15)
 [PSYoungGen: 811808K->3584K(814080K)] 1829390K->1021334K(1838080K), 0.0112310 secs] [Times: user=0.07 sys=0.01, real=0.01 secs] 
897.518: [GC
Desired survivor size 5242880 bytes, new threshold 15 (max 15)
 [PSYoungGen: 812544K->1504K(814080K)] 1830294K->1019414K(1838080K), 0.0100230 secs] [Times: user=0.06 sys=0.01, real=0.01 secs] 
897.799: [GC
Desired survivor size 5242880 bytes, new threshold 15 (max 15)
 [PSYoungGen: 810464K->1792K(814080K)] 1828374K->1019766K(1838080K), 0.0104100 secs] [Times: user=0.05 sys=0.00, real=0.01 secs] 
898.068: [GC
Desired survivor size 5242880 bytes, new threshold 15 (max 15)
 [PSYoungGen: 810752K->1440K(814080K)] 1828726K->1019446K(1838080K), 0.0099330 secs] [Times: user=0.06 sys=0.00, real=0.01 secs] 
898.327: [GC
Desired survivor size 5242880 bytes, new threshold 15 (max 15)
 [PSYoungGen: 810400K->2624K(814080K)] 1828406K->1020694K(1838080K), 0.0103580 secs] [Times: user=0.07 sys=0.00, real=0.01 secs] 
898.591: [GC
Desired survivor size 5242880 bytes, new threshold 15 (max 15)
 [PSYoungGen: 811584K->1184K(814080K)] 1829654K->1019390K(1838080K), 0.0097850 secs] [Times: user=0.06 sys=0.00, real=0.01 secs] 
898.859: [GC
Desired survivor size 4718592 bytes, new threshold 15 (max 15)
 [PSYoungGen: 810144K->1888K(814080K)] 1828350K->1020126K(1838080K), 0.0104240 secs] [Times: user=0.06 sys=0.00, real=0.01 secs] 
899.121: [GC
Desired survivor size 4718592 bytes, new threshold 15 (max 15)
 [PSYoungGen: 810848K->1056K(814592K)] 1829086K->1019334K(1838592K), 0.0097150 secs] [Times: user=0.06 sys=0.00, real=0.01 secs] 
899.384: [GC
Desired survivor size 4718592 bytes, new threshold 15 (max 15)
 [PSYoungGen: 811040K->1856K(814592K)] 1829318K->1020182K(1838592K), 0.0097970 secs] [Times: user=0.06 sys=0.01, real=0.01 secs] 
899.642: [GC
Desired survivor size 4718592 bytes, new threshold 15 (max 15)
 [PSYoungGen: 811840K->2336K(814592K)] 1830166K->1020734K(1838592K), 0.0102350 secs] [Times: user=0.06 sys=0.00, real=0.01 secs] 
899.904: [GC
Desired survivor size 4194304 bytes, new threshold 15 (max 15)
 [PSYoungGen: 812320K->1952K(814592K)] 1830718K->1020374K(1838592K), 0.0102010 secs] [Times: user=0.06 sys=0.00, real=0.01 secs] 
900.161: [GC
Desired survivor size 4194304 bytes, new threshold 15 (max 15)
 [PSYoungGen: 811936K->1536K(815104K)] 1830358K->1020014K(1839104K), 0.0103130 secs] [Times: user=0.05 sys=0.00, real=0.01 secs] 
900.431: [GC
Desired survivor size 4194304 bytes, new threshold 15 (max 15)
 [PSYoungGen: 812544K->2784K(815104K)] 1831022K->1021310K(1839104K), 0.0110600 secs] [Times: user=0.07 sys=0.00, real=0.01 secs] 
900.701: [GC
Desired survivor size 4194304 bytes, new threshold 15 (max 15)
 [PSYoungGen: 813792K->1408K(815104K)] 1832318K->1019966K(1839104K), 0.0150910 secs] [Times: user=0.08 sys=0.00, real=0.02 secs] 
900.981: [GC
Desired survivor size 4194304 bytes, new threshold 15 (max 15)
 [PSYoungGen: 812416K->1792K(815104K)] 1830974K->1020398K(1839104K), 0.0102200 secs] [Times: user=0.05 sys=0.01, real=0.01 secs] 
901.251: [GC
Desired survivor size 4194304 bytes, new threshold 15 (max 15)
 [PSYoungGen: 812800K->2240K(815104K)] 1831406K->1020878K(1839104K), 0.0103810 secs] [Times: user=0.06 sys=0.00, real=0.01 secs] 
901.509: [GC
Desired survivor size 3670016 bytes, new threshold 15 (max 15)
 [PSYoungGen: 813248K->1792K(815104K)] 1831886K->1020470K(1839104K), 0.0104270 secs] [Times: user=0.06 sys=0.00, real=0.01 secs] 
901.792: [GC
Desired survivor size 3670016 bytes, new threshold 15 (max 15)
 [PSYoungGen: 812800K->2176K(815616K)] 1831478K->1020902K(1839616K), 0.0109190 secs] [Times: user=0.05 sys=0.00, real=0.01 secs] 
902.056: [GC
Desired survivor size 3670016 bytes, new threshold 15 (max 15)
 [PSYoungGen: 814208K->1056K(815616K)] 1832934K->1019822K(1839616K), 0.0096210 secs] [Times: user=0.06 sys=0.00, real=0.01 secs] 
902.319: [GC
Desired survivor size 3670016 bytes, new threshold 15 (max 15)
 [PSYoungGen: 813088K->1632K(815616K)] 1831854K->1020438K(1839616K), 0.0106060 secs] [Times: user=0.06 sys=0.00, real=0.01 secs] 
902.584: [GC
Desired survivor size 3670016 bytes, new threshold 15 (max 15)
 [PSYoungGen: 813664K->1216K(815616K)] 1832470K->1020062K(1839616K), 0.0099750 secs] [Times: user=0.05 sys=0.00, real=0.01 secs] 
902.864: [GC
Desired survivor size 3670016 bytes, new threshold 15 (max 15)
 [PSYoungGen: 813248K->768K(815616K)] 1832094K->1019662K(1839616K), 0.0099670 secs] [Times: user=0.06 sys=0.00, real=0.01 secs] 
903.127: [GC
Desired survivor size 3670016 bytes, new threshold 15 (max 15)
 [PSYoungGen: 812800K->2496K(815616K)] 1831694K->1021422K(1839616K), 0.0106680 secs] [Times: user=0.06 sys=0.00, real=0.01 secs] 
903.386: [GC
Desired survivor size 4194304 bytes, new threshold 15 (max 15)
 [PSYoungGen: 814528K->2880K(814592K)] 1833454K->1021854K(1838592K), 0.0107520 secs] [Times: user=0.07 sys=0.00, real=0.01 secs] 
903.652: [GC
Desired survivor size 4194304 bytes, new threshold 15 (max 15)
 [PSYoungGen: 813888K->1472K(815104K)] 1832862K->1020478K(1839104K), 0.0101690 secs] [Times: user=0.05 sys=0.00, real=0.01 secs] 
903.929: [GC
Desired survivor size 4194304 bytes, new threshold 15 (max 15)
 [PSYoungGen: 812480K->384K(815104K)] 1831486K->1019446K(1839104K), 0.0094570 secs] [Times: user=0.06 sys=0.00, real=0.01 secs] 
904.192: [GC
Desired survivor size 4194304 bytes, new threshold 15 (max 15)
 [PSYoungGen: 811392K->2720K(815104K)] 1830454K->1021822K(1839104K), 0.0107080 secs] [Times: user=0.06 sys=0.00, real=0.01 secs] 
904.462: [GC
Desired survivor size 4194304 bytes, new threshold 15 (max 15)
 [PSYoungGen: 813728K->1376K(815104K)] 1832830K->1020526K(1839104K), 0.0102250 secs] [Times: user=0.06 sys=0.00, real=0.01 secs] 
904.735: [GC
Desired survivor size 4194304 bytes, new threshold 15 (max 15)
 [PSYoungGen: 812384K->2976K(815104K)] 1831534K->1022150K(1839104K), 0.0113940 secs] [Times: user=0.06 sys=0.00, real=0.02 secs] 
904.999: [GC
Desired survivor size 4194304 bytes, new threshold 15 (max 15)
 [PSYoungGen: 813984K->2656K(815104K)] 1833158K->1021870K(1839104K), 0.0109060 secs] [Times: user=0.06 sys=0.00, real=0.01 secs] 
905.419: [GC
Desired survivor size 4194304 bytes, new threshold 15 (max 15)
 [PSYoungGen: 813664K->1792K(815104K)] 1832878K->1021030K(1839104K), 0.0678850 secs] [Times: user=0.06 sys=0.00, real=0.07 secs] 
905.760: [GC
Desired survivor size 4194304 bytes, new threshold 15 (max 15)
 [PSYoungGen: 812800K->2784K(815104K)] 1832038K->1022054K(1839104K), 0.0111800 secs] [Times: user=0.06 sys=0.00, real=0.01 secs] 
906.022: [GC
Desired survivor size 4194304 bytes, new threshold 15 (max 15)
 [PSYoungGen: 813792K->2432K(815104K)] 1833062K->1021726K(1839104K), 0.0102910 secs] [Times: user=0.06 sys=0.00, real=0.01 secs] 
906.284: [GC
Desired survivor size 4194304 bytes, new threshold 15 (max 15)
 [PSYoungGen: 813440K->1312K(815104K)] 1832734K->1020646K(1839104K), 0.0095960 secs] [Times: user=0.05 sys=0.00, real=0.01 secs] 
906.549: [GC
Desired survivor size 4194304 bytes, new threshold 15 (max 15)
 [PSYoungGen: 812320K->2144K(815104K)] 1831654K->1021518K(1839104K), 0.0105120 secs] [Times: user=0.06 sys=0.00, real=0.01 secs] 
906.826: [GC
Desired survivor size 4194304 bytes, new threshold 15 (max 15)
 [PSYoungGen: 813152K->1312K(815104K)] 1832526K->1020734K(1839104K), 0.0106140 secs] [Times: user=0.05 sys=0.00, real=0.01 secs] 
907.090: [GC
Desired survivor size 4194304 bytes, new threshold 15 (max 15)
 [PSYoungGen: 812320K->1056K(815104K)] 1831742K->1020502K(1839104K), 0.0099390 secs] [Times: user=0.06 sys=0.00, real=0.01 secs] 
907.366: [GC
Desired survivor size 3670016 bytes, new threshold 15 (max 15)
 [PSYoungGen: 812064K->2016K(815616K)] 1831510K->1021486K(1839616K), 0.0099230 secs] [Times: user=0.05 sys=0.01, real=0.01 secs] 
907.639: [GC
Desired survivor size 4194304 bytes, new threshold 15 (max 15)
 [PSYoungGen: 813536K->2528K(815104K)] 1833006K->1022038K(1839104K), 0.0104220 secs] [Times: user=0.06 sys=0.00, real=0.01 secs] 
907.916: [GC
Desired survivor size 4194304 bytes, new threshold 15 (max 15)
 [PSYoungGen: 814048K->2304K(815104K)] 1833558K->1021846K(1839104K), 0.0105960 secs] [Times: user=0.06 sys=0.00, real=0.02 secs] 
908.183: [GC
Desired survivor size 3670016 bytes, new threshold 15 (max 15)
 [PSYoungGen: 813312K->1280K(815104K)] 1832854K->1020846K(1839104K), 0.0095470 secs] [Times: user=0.05 sys=0.00, real=0.01 secs] 
908.447: [GC
Desired survivor size 3670016 bytes, new threshold 15 (max 15)
 [PSYoungGen: 812288K->1152K(815616K)] 1831854K->1020750K(1839616K), 0.0096900 secs] [Times: user=0.06 sys=0.00, real=0.01 secs] 
908.729: [GC
Desired survivor size 4194304 bytes, new threshold 15 (max 15)
 [PSYoungGen: 813184K->384K(812544K)] 1832782K->1020022K(1836544K), 0.0102320 secs] [Times: user=0.05 sys=0.00, real=0.01 secs] 
908.998: [GC
Desired survivor size 4194304 bytes, new threshold 15 (max 15)
 [PSYoungGen: 812416K->2688K(815104K)] 1832054K->1022358K(1839104K), 0.0113060 secs] [Times: user=0.06 sys=0.00, real=0.01 secs] 
909.272: [GC
Desired survivor size 4194304 bytes, new threshold 15 (max 15)
 [PSYoungGen: 813696K->1408K(815104K)] 1833366K->1021118K(1839104K), 0.0102000 secs] [Times: user=0.05 sys=0.00, real=0.01 secs] 
909.546: [GC
Desired survivor size 3670016 bytes, new threshold 15 (max 15)
 [PSYoungGen: 812416K->1184K(815616K)] 1832126K->1020926K(1839616K), 0.0094640 secs] [Times: user=0.05 sys=0.00, real=0.01 secs] 
909.822: [GC
Desired survivor size 3670016 bytes, new threshold 15 (max 15)
 [PSYoungGen: 812704K->1856K(815104K)] 1832446K->1021622K(1839104K), 0.0101370 secs] [Times: user=0.05 sys=0.00, real=0.01 secs] 
910.094: [GC
Desired survivor size 3670016 bytes, new threshold 15 (max 15)
 [PSYoungGen: 813376K->960K(815616K)] 1833142K->1020782K(1839616K), 0.0095250 secs] [Times: user=0.05 sys=0.00, real=0.01 secs] 
910.360: [GC
Desired survivor size 3670016 bytes, new threshold 15 (max 15)
 [PSYoungGen: 812992K->832K(815616K)] 1832814K->1020670K(1839616K), 0.0093800 secs] [Times: user=0.06 sys=0.00, real=0.01 secs] 
910.623: [GC
Desired survivor size 3670016 bytes, new threshold 15 (max 15)
 [PSYoungGen: 812864K->1920K(815616K)] 1832702K->1021790K(1839616K), 0.0101070 secs] [Times: user=0.05 sys=0.00, real=0.01 secs] 
910.904: [GC
Desired survivor size 3670016 bytes, new threshold 15 (max 15)
 [PSYoungGen: 813952K->1568K(815616K)] 1833822K->1021478K(1839616K), 0.0097850 secs] [Times: user=0.06 sys=0.00, real=0.01 secs] 
911.171: [GC
Desired survivor size 3670016 bytes, new threshold 15 (max 15)
 [PSYoungGen: 813600K->2624K(815616K)] 1833510K->1022574K(1839616K), 0.0110300 secs] [Times: user=0.06 sys=0.01, real=0.01 secs] 
911.434: [GC
Desired survivor size 3670016 bytes, new threshold 15 (max 15)
 [PSYoungGen: 814656K->1536K(815616K)] 1834606K->1021534K(1839616K), 0.0094720 secs] [Times: user=0.05 sys=0.00, real=0.01 secs] 
911.698: [GC
Desired survivor size 3670016 bytes, new threshold 15 (max 15)
 [PSYoungGen: 813568K->768K(815616K)] 1833566K->1020790K(1839616K), 0.0110700 secs] [Times: user=0.06 sys=0.00, real=0.01 secs] 
911.978: [GC
Desired survivor size 3670016 bytes, new threshold 15 (max 15)
 [PSYoungGen: 812800K->640K(815616K)] 1832822K->1020734K(1839616K), 0.0096620 secs] [Times: user=0.06 sys=0.00, real=0.01 secs] 
912.253: [GC
Desired survivor size 3670016 bytes, new threshold 15 (max 15)
 [PSYoungGen: 812672K->1792K(815616K)] 1832766K->1021926K(1839616K), 0.0104430 secs] [Times: user=0.05 sys=0.00, real=0.01 secs] 
912.518: [GC
Desired survivor size 3670016 bytes, new threshold 15 (max 15)
 [PSYoungGen: 813824K->2208K(815616K)] 1833958K->1022422K(1839616K), 0.0105940 secs] [Times: user=0.05 sys=0.00, real=0.01 secs] 
912.798: [GC
Desired survivor size 4194304 bytes, new threshold 15 (max 15)
 [PSYoungGen: 814240K->3584K(814592K)] 1834454K->1023846K(1838592K), 0.0123340 secs] [Times: user=0.07 sys=0.00, real=0.01 secs] 
913.060: [GC
Desired survivor size 4718592 bytes, new threshold 15 (max 15)
 [PSYoungGen: 814592K->3584K(814592K)] 1834854K->1023870K(1838592K), 0.0125290 secs] [Times: user=0.06 sys=0.00, real=0.01 secs] 
913.334: [GC
Desired survivor size 4718592 bytes, new threshold 15 (max 15)
 [PSYoungGen: 814592K->2240K(814592K)] 1834878K->1022574K(1838592K), 0.0110040 secs] [Times: user=0.05 sys=0.01, real=0.01 secs] 
913.598: [GC
Desired survivor size 4194304 bytes, new threshold 15 (max 15)
 [PSYoungGen: 812224K->2112K(814592K)] 1832558K->1022470K(1838592K), 0.0117720 secs] [Times: user=0.06 sys=0.00, real=0.01 secs] 
913.875: [GC
Desired survivor size 4194304 bytes, new threshold 15 (max 15)
 [PSYoungGen: 812096K->2112K(815104K)] 1832454K->1022518K(1839104K), 0.0108730 secs] [Times: user=0.05 sys=0.00, real=0.01 secs] 
914.184: [GC
Desired survivor size 4194304 bytes, new threshold 15 (max 15)
 [PSYoungGen: 813120K->1152K(815104K)] 1833526K->1021598K(1839104K), 0.0104040 secs] [Times: user=0.06 sys=0.00, real=0.01 secs] 
914.449: [GC
Desired survivor size 4194304 bytes, new threshold 15 (max 15)
 [PSYoungGen: 812160K->1216K(815104K)] 1832606K->1021710K(1839104K), 0.0107020 secs] [Times: user=0.06 sys=0.00, real=0.01 secs] 
914.740: [GC
Desired survivor size 4194304 bytes, new threshold 15 (max 15)
 [PSYoungGen: 812224K->2464K(815104K)] 1832718K->1022998K(1839104K), 0.0116630 secs] [Times: user=0.06 sys=0.00, real=0.01 secs] 
915.003: [GC
Desired survivor size 4194304 bytes, new threshold 15 (max 15)
 [PSYoungGen: 813472K->1824K(815104K)] 1834006K->1022398K(1839104K), 0.0107860 secs] [Times: user=0.06 sys=0.00, real=0.01 secs] 
915.277: [GC
Desired survivor size 4194304 bytes, new threshold 15 (max 15)
 [PSYoungGen: 812832K->2848K(815104K)] 1833406K->1023462K(1839104K), 0.0116360 secs] [Times: user=0.06 sys=0.00, real=0.02 secs] 
915.548: [GC
Desired survivor size 4194304 bytes, new threshold 15 (max 15)
 [PSYoungGen: 813856K->1056K(815104K)] 1834470K->1021694K(1839104K), 0.0100810 secs] [Times: user=0.05 sys=0.00, real=0.01 secs] 
915.823: [GC
Desired survivor size 4194304 bytes, new threshold 15 (max 15)
 [PSYoungGen: 812064K->2336K(815104K)] 1832702K->1022998K(1839104K), 0.0106680 secs] [Times: user=0.06 sys=0.00, real=0.01 secs] 
916.089: [GC
Desired survivor size 4194304 bytes, new threshold 15 (max 15)
 [PSYoungGen: 813344K->1696K(815104K)] 1834006K->1022398K(1839104K), 0.0098280 secs] [Times: user=0.06 sys=0.00, real=0.01 secs] 
916.355: [GC
Desired survivor size 4194304 bytes, new threshold 15 (max 15)
 [PSYoungGen: 812704K->992K(815104K)] 1833406K->1021718K(1839104K), 0.0102770 secs] [Times: user=0.05 sys=0.00, real=0.01 secs] 
916.622: [GC
Desired survivor size 4194304 bytes, new threshold 15 (max 15)
 [PSYoungGen: 812000K->2656K(815104K)] 1832726K->1023430K(1839104K), 0.0124290 secs] [Times: user=0.06 sys=0.00, real=0.01 secs] 
916.902: [GC
Desired survivor size 4194304 bytes, new threshold 15 (max 15)
 [PSYoungGen: 813664K->2176K(815104K)] 1834438K->1022998K(1839104K), 0.0119990 secs] [Times: user=0.05 sys=0.00, real=0.01 secs] 
917.177: [GC
Desired survivor size 3670016 bytes, new threshold 15 (max 15)
 [PSYoungGen: 813184K->1632K(815616K)] 1834006K->1022494K(1839616K), 0.0105940 secs] [Times: user=0.06 sys=0.00, real=0.02 secs] 
917.445: [GC
Desired survivor size 3670016 bytes, new threshold 15 (max 15)
 [PSYoungGen: 813152K->2368K(815104K)] 1834014K->1023286K(1839104K), 0.0105810 secs] [Times: user=0.06 sys=0.00, real=0.01 secs] 
917.729: [GC
Desired survivor size 3670016 bytes, new threshold 15 (max 15)
 [PSYoungGen: 813888K->1408K(815616K)] 1834806K->1022350K(1839616K), 0.0107570 secs] [Times: user=0.05 sys=0.00, real=0.01 secs] 
918.023: [GC
Desired survivor size 3670016 bytes, new threshold 15 (max 15)
 [PSYoungGen: 813440K->2336K(815616K)] 1834382K->1023302K(1839616K), 0.0113620 secs] [Times: user=0.06 sys=0.00, real=0.01 secs] 
918.297: [GC
Desired survivor size 3670016 bytes, new threshold 15 (max 15)
 [PSYoungGen: 814368K->1968K(815616K)] 1835334K->1022982K(1839616K), 0.0106450 secs] [Times: user=0.06 sys=0.00, real=0.01 secs] 
918.587: [GC
Desired survivor size 3670016 bytes, new threshold 15 (max 15)
 [PSYoungGen: 814000K->1792K(815616K)] 1835014K->1022862K(1839616K), 0.0105100 secs] [Times: user=0.05 sys=0.00, real=0.01 secs] 
918.870: [GC
Desired survivor size 3670016 bytes, new threshold 15 (max 15)
 [PSYoungGen: 813824K->1728K(815616K)] 1834894K->1022854K(1839616K), 0.0103710 secs] [Times: user=0.05 sys=0.00, real=0.01 secs] 
919.138: [GC
Desired survivor size 3670016 bytes, new threshold 15 (max 15)
 [PSYoungGen: 813760K->2976K(815616K)] 1834886K->1024134K(1839616K), 0.0104230 secs] [Times: user=0.06 sys=0.00, real=0.01 secs] 
919.404: [GC
Desired survivor size 3670016 bytes, new threshold 15 (max 15)
 [PSYoungGen: 815008K->2624K(815616K)] 1836166K->1023822K(1839616K), 0.0108060 secs] [Times: user=0.06 sys=0.00, real=0.01 secs] 
919.680: [GC
Desired survivor size 3670016 bytes, new threshold 15 (max 15)
 [PSYoungGen: 814656K->1632K(815616K)] 1835854K->1022870K(1839616K), 0.0100230 secs] [Times: user=0.06 sys=0.00, real=0.01 secs] 
919.952: [GC
Desired survivor size 4718592 bytes, new threshold 14 (max 15)
 [PSYoungGen: 813664K->3552K(813568K)] 1834902K->1025998K(1837568K), 0.0121840 secs] [Times: user=0.06 sys=0.00, real=0.01 secs] 
920.216: [GC
Desired survivor size 4718592 bytes, new threshold 15 (max 15)
 [PSYoungGen: 813536K->3136K(814592K)] 1835982K->1025630K(1838592K), 0.0113160 secs] [Times: user=0.06 sys=0.00, real=0.01 secs] 
920.479: [GC
Desired survivor size 4718592 bytes, new threshold 15 (max 15)
 [PSYoungGen: 813120K->3072K(814592K)] 1835614K->1025566K(1838592K), 0.0114910 secs] [Times: user=0.06 sys=0.00, real=0.01 secs] 
920.748: [GC
Desired survivor size 4718592 bytes, new threshold 15 (max 15)
 [PSYoungGen: 813056K->1840K(814592K)] 1835550K->1024374K(1838592K), 0.0102120 secs] [Times: user=0.05 sys=0.01, real=0.01 secs] 
921.015: [GC
Desired survivor size 4718592 bytes, new threshold 15 (max 15)
 [PSYoungGen: 811824K->3328K(814592K)] 1834358K->1025894K(1838592K), 0.0111660 secs] [Times: user=0.07 sys=0.00, real=0.01 secs] 
921.277: [GC
Desired survivor size 4718592 bytes, new threshold 15 (max 15)
 [PSYoungGen: 813312K->1920K(814592K)] 1835878K->1024534K(1838592K), 0.0105900 secs] [Times: user=0.06 sys=0.00, real=0.01 secs] 
921.540: [GC
Desired survivor size 4718592 bytes, new threshold 15 (max 15)
 [PSYoungGen: 811904K->2288K(814592K)] 1834518K->1024926K(1838592K), 0.0104580 secs] [Times: user=0.05 sys=0.00, real=0.01 secs] 
921.821: [GC
Desired survivor size 5242880 bytes, new threshold 15 (max 15)
 [PSYoungGen: 812272K->4256K(814592K)] 1834910K->1026942K(1838592K), 0.0117370 secs] [Times: user=0.07 sys=0.00, real=0.01 secs] 
922.089: [GC
Desired survivor size 4718592 bytes, new threshold 15 (max 15)
 [PSYoungGen: 814240K->2848K(814592K)] 1836926K->1026006K(1838592K), 0.0115850 secs] [Times: user=0.06 sys=0.00, real=0.01 secs] 
922.354: [GC
Desired survivor size 5242880 bytes, new threshold 15 (max 15)
 [PSYoungGen: 812832K->3424K(813568K)] 1835990K->1026622K(1837568K), 0.0119100 secs] [Times: user=0.06 sys=0.00, real=0.01 secs] 
922.627: [GC
Desired survivor size 5242880 bytes, new threshold 15 (max 15)
 [PSYoungGen: 813408K->1696K(814080K)] 1836606K->1025015K(1838080K), 0.0106310 secs] [Times: user=0.05 sys=0.00, real=0.02 secs] 
922.907: [GC
Desired survivor size 4718592 bytes, new threshold 15 (max 15)
 [PSYoungGen: 810656K->2528K(814080K)] 1833975K->1025951K(1838080K), 0.0109440 secs] [Times: user=0.06 sys=0.00, real=0.02 secs] 
923.178: [GC
Desired survivor size 4718592 bytes, new threshold 15 (max 15)
 [PSYoungGen: 811488K->1120K(814592K)] 1834911K->1024583K(1838592K), 0.0097320 secs] [Times: user=0.04 sys=0.00, real=0.01 secs] 
923.441: [GC
Desired survivor size 5242880 bytes, new threshold 15 (max 15)
 [PSYoungGen: 811104K->800K(811008K)] 1834567K->1024311K(1835008K), 0.0098670 secs] [Times: user=0.04 sys=0.00, real=0.01 secs] 
923.730: [GC
Desired survivor size 4718592 bytes, new threshold 15 (max 15)
 [PSYoungGen: 810784K->1888K(814592K)] 1834295K->1025439K(1838592K), 0.0106500 secs] [Times: user=0.06 sys=0.00, real=0.01 secs] 
924.002: [GC
Desired survivor size 4718592 bytes, new threshold 15 (max 15)
 [PSYoungGen: 811360K->1632K(814080K)] 1834911K->1025463K(1838080K), 0.0110430 secs] [Times: user=0.05 sys=0.00, real=0.01 secs] 
924.014: [Full GC [PSYoungGen: 1632K->0K(814080K)] [ParOldGen: 1023831K->976192K(1024000K)] 1025463K->976192K(1838080K) [PSPermGen: 48044K->47955K(524288K)], 1.3535770 secs] [Times: user=9.51 sys=0.01, real=1.35 secs] 
925.635: [GC
Desired survivor size 4718592 bytes, new threshold 15 (max 15)
 [PSYoungGen: 809472K->2720K(814592K)] 1785664K->978912K(1838592K), 0.0116350 secs] [Times: user=0.06 sys=0.01, real=0.01 secs] 
925.911: [GC
Desired survivor size 5767168 bytes, new threshold 14 (max 15)
 [PSYoungGen: 812704K->4608K(814592K)] 1788896K->981416K(1838592K), 0.0113180 secs] [Times: user=0.06 sys=0.00, real=0.01 secs] 
926.178: [GC
Desired survivor size 5767168 bytes, new threshold 15 (max 15)
 [PSYoungGen: 814592K->3232K(812544K)] 1791400K->980040K(1836544K), 0.0101460 secs] [Times: user=0.05 sys=0.00, real=0.01 secs] 
926.465: [GC
Desired survivor size 5767168 bytes, new threshold 15 (max 15)
 [PSYoungGen: 811168K->3840K(813568K)] 1787976K->980648K(1837568K), 0.0134480 secs] [Times: user=0.08 sys=0.00, real=0.01 secs] 
926.750: [GC
Desired survivor size 5767168 bytes, new threshold 15 (max 15)
 [PSYoungGen: 811776K->3616K(813568K)] 1788584K->980424K(1837568K), 0.0103400 secs] [Times: user=0.06 sys=0.00, real=0.01 secs] 
927.015: [GC
Desired survivor size 5767168 bytes, new threshold 15 (max 15)
 [PSYoungGen: 811552K->3744K(813568K)] 1788360K->980552K(1837568K), 0.0119290 secs] [Times: user=0.06 sys=0.00, real=0.01 secs] 
927.287: [GC
Desired survivor size 6291456 bytes, new threshold 15 (max 15)
 [PSYoungGen: 811680K->4128K(812544K)] 1788488K->980936K(1836544K), 0.0108850 secs] [Times: user=0.06 sys=0.00, real=0.01 secs] 
927.549: [GC
Desired survivor size 6291456 bytes, new threshold 15 (max 15)
 [PSYoungGen: 811040K->3968K(813056K)] 1787848K->980776K(1837056K), 0.0104530 secs] [Times: user=0.05 sys=0.00, real=0.01 secs] 
927.825: [GC
Desired survivor size 5767168 bytes, new threshold 15 (max 15)
 [PSYoungGen: 810880K->3168K(813568K)] 1787688K->979976K(1837568K), 0.0100950 secs] [Times: user=0.05 sys=0.00, real=0.01 secs] 
928.090: [GC
Desired survivor size 5767168 bytes, new threshold 15 (max 15)
 [PSYoungGen: 810592K->3968K(813056K)] 1787400K->980776K(1837056K), 0.0116280 secs] [Times: user=0.07 sys=0.00, real=0.01 secs] 
928.359: [GC
Desired survivor size 5767168 bytes, new threshold 15 (max 15)
 [PSYoungGen: 811392K->3648K(813568K)] 1788200K->980456K(1837568K), 0.0119690 secs] [Times: user=0.06 sys=0.00, real=0.01 secs] 
928.630: [GC
Desired survivor size 6291456 bytes, new threshold 15 (max 15)
 [PSYoungGen: 811584K->4704K(813056K)] 1788392K->981512K(1837056K), 0.0109100 secs] [Times: user=0.06 sys=0.00, real=0.01 secs] 
928.909: [GC
Desired survivor size 6291456 bytes, new threshold 15 (max 15)
 [PSYoungGen: 812640K->2720K(813056K)] 1789448K->979528K(1837056K), 0.0102260 secs] [Times: user=0.06 sys=0.00, real=0.02 secs] 
929.179: [GC
Desired survivor size 5767168 bytes, new threshold 15 (max 15)
 [PSYoungGen: 809632K->2784K(813056K)] 1786440K->979592K(1837056K), 0.0111730 secs] [Times: user=0.04 sys=0.00, real=0.02 secs] 
929.445: [GC
Desired survivor size 6291456 bytes, new threshold 15 (max 15)
 [PSYoungGen: 809696K->4640K(812544K)] 1786504K->981448K(1836544K), 0.0117400 secs] [Times: user=0.05 sys=0.00, real=0.01 secs] 
929.725: [GC
Desired survivor size 6291456 bytes, new threshold 15 (max 15)
 [PSYoungGen: 811552K->1664K(813056K)] 1788360K->980392K(1837056K), 0.0107630 secs] [Times: user=0.06 sys=0.00, real=0.01 secs] 
929.992: [GC
Desired survivor size 6291456 bytes, new threshold 15 (max 15)
 [PSYoungGen: 808576K->2656K(813056K)] 1787304K->981608K(1837056K), 0.0112240 secs] [Times: user=0.06 sys=0.00, real=0.01 secs] 
930.261: [GC
Desired survivor size 6291456 bytes, new threshold 15 (max 15)
 [PSYoungGen: 809568K->1056K(813056K)] 1788520K->980056K(1837056K), 0.0096240 secs] [Times: user=0.05 sys=0.00, real=0.01 secs] 
930.525: [GC
Desired survivor size 5767168 bytes, new threshold 15 (max 15)
 [PSYoungGen: 807968K->3136K(813568K)] 1786968K->982176K(1837568K), 0.0110830 secs] [Times: user=0.06 sys=0.00, real=0.01 secs] 
930.803: [GC
Desired survivor size 6291456 bytes, new threshold 15 (max 15)
 [PSYoungGen: 810560K->1120K(813056K)] 1789600K->980208K(1837056K), 0.0097280 secs] [Times: user=0.05 sys=0.00, real=0.01 secs] 
931.074: [GC
Desired survivor size 5767168 bytes, new threshold 15 (max 15)
 [PSYoungGen: 808544K->1344K(813568K)] 1787632K->980472K(1837568K), 0.0107810 secs] [Times: user=0.05 sys=0.00, real=0.01 secs] 
931.347: [GC
Desired survivor size 5767168 bytes, new threshold 15 (max 15)
 [PSYoungGen: 808768K->1568K(813056K)] 1787896K->980736K(1837056K), 0.0095750 secs] [Times: user=0.04 sys=0.00, real=0.01 secs] 
931.613: [GC
Desired survivor size 5767168 bytes, new threshold 15 (max 15)
 [PSYoungGen: 808992K->1600K(813568K)] 1788160K->980824K(1837568K), 0.0102940 secs] [Times: user=0.05 sys=0.00, real=0.01 secs] 
931.883: [GC
Desired survivor size 5767168 bytes, new threshold 15 (max 15)
 [PSYoungGen: 809536K->2048K(813568K)] 1788760K->981320K(1837568K), 0.0100590 secs] [Times: user=0.06 sys=0.00, real=0.01 secs] 
932.154: [GC
Desired survivor size 5767168 bytes, new threshold 15 (max 15)
 [PSYoungGen: 809984K->3488K(813568K)] 1789256K->982784K(1837568K), 0.0115430 secs] [Times: user=0.05 sys=0.00, real=0.01 secs] 
932.414: [GC
Desired survivor size 5767168 bytes, new threshold 15 (max 15)
 [PSYoungGen: 811424K->1760K(813568K)] 1790720K->981104K(1837568K), 0.0091870 secs] [Times: user=0.05 sys=0.00, real=0.01 secs] 
932.680: [GC
Desired survivor size 5242880 bytes, new threshold 15 (max 15)
 [PSYoungGen: 809696K->1632K(814080K)] 1789040K->981024K(1838080K), 0.0103220 secs] [Times: user=0.05 sys=0.00, real=0.01 secs] 
932.959: [GC
Desired survivor size 5242880 bytes, new threshold 15 (max 15)
 [PSYoungGen: 810080K->928K(813568K)] 1789472K->980360K(1837568K), 0.0090290 secs] [Times: user=0.05 sys=0.00, real=0.01 secs] 
933.229: [GC
Desired survivor size 5242880 bytes, new threshold 15 (max 15)
 [PSYoungGen: 809376K->1888K(814080K)] 1788808K->981352K(1838080K), 0.0102000 secs] [Times: user=0.05 sys=0.00, real=0.01 secs] 
933.496: [GC
Desired survivor size 4718592 bytes, new threshold 15 (max 15)
 [PSYoungGen: 810848K->2432K(814080K)] 1790312K->981936K(1838080K), 0.0115960 secs] [Times: user=0.06 sys=0.00, real=0.01 secs] 
933.777: [GC
Desired survivor size 4718592 bytes, new threshold 15 (max 15)
 [PSYoungGen: 811392K->1504K(814592K)] 1790896K->981064K(1838592K), 0.0097950 secs] [Times: user=0.04 sys=0.00, real=0.01 secs] 
934.087: [GC
Desired survivor size 4718592 bytes, new threshold 15 (max 15)
 [PSYoungGen: 811488K->2048K(814592K)] 1791048K->981648K(1838592K), 0.0096160 secs] [Times: user=0.05 sys=0.00, real=0.01 secs] 
934.345: [GC
Desired survivor size 4718592 bytes, new threshold 15 (max 15)
 [PSYoungGen: 812032K->1472K(814592K)] 1791632K->981112K(1838592K), 0.0100730 secs] [Times: user=0.05 sys=0.00, real=0.01 secs] 
934.617: [GC
Desired survivor size 4718592 bytes, new threshold 15 (max 15)
 [PSYoungGen: 811456K->480K(814592K)] 1791096K->980136K(1838592K), 0.0096470 secs] [Times: user=0.05 sys=0.00, real=0.01 secs] 
934.889: [GC
Desired survivor size 4194304 bytes, new threshold 15 (max 15)
 [PSYoungGen: 810464K->1312K(815104K)] 1790120K->981000K(1839104K), 0.0108870 secs] [Times: user=0.05 sys=0.00, real=0.01 secs] 
935.158: [GC
Desired survivor size 4194304 bytes, new threshold 15 (max 15)
 [PSYoungGen: 811808K->992K(814592K)] 1791496K->980720K(1838592K), 0.0098880 secs] [Times: user=0.04 sys=0.00, real=0.01 secs] 
935.430: [GC
Desired survivor size 4194304 bytes, new threshold 15 (max 15)
 [PSYoungGen: 811488K->1440K(815104K)] 1791216K->981192K(1839104K), 0.0098610 secs] [Times: user=0.05 sys=0.00, real=0.01 secs] 
935.694: [GC
Desired survivor size 4194304 bytes, new threshold 15 (max 15)
 [PSYoungGen: 812448K->2304K(815104K)] 1792200K->982096K(1839104K), 0.0135420 secs] [Times: user=0.05 sys=0.00, real=0.01 secs] 
935.975: [GC
Desired survivor size 4718592 bytes, new threshold 15 (max 15)
 [PSYoungGen: 813312K->3488K(814080K)] 1793104K->983312K(1838080K), 0.0105780 secs] [Times: user=0.06 sys=0.00, real=0.01 secs] 
936.238: [GC
Desired survivor size 4718592 bytes, new threshold 15 (max 15)
 [PSYoungGen: 813472K->1120K(814592K)] 1793296K->980968K(1838592K), 0.0093320 secs] [Times: user=0.06 sys=0.00, real=0.01 secs] 
936.523: [GC
Desired survivor size 4194304 bytes, new threshold 15 (max 15)
 [PSYoungGen: 811104K->1920K(815104K)] 1790952K->981816K(1839104K), 0.0105710 secs] [Times: user=0.06 sys=0.00, real=0.01 secs] 
936.814: [GC
Desired survivor size 4194304 bytes, new threshold 15 (max 15)
 [PSYoungGen: 812416K->2016K(814592K)] 1792312K->981952K(1838592K), 0.0107820 secs] [Times: user=0.07 sys=0.00, real=0.01 secs] 
937.079: [GC
Desired survivor size 4194304 bytes, new threshold 15 (max 15)
 [PSYoungGen: 812512K->1824K(815104K)] 1792448K->981792K(1839104K), 0.0120320 secs] [Times: user=0.06 sys=0.01, real=0.02 secs] 
937.347: [GC
Desired survivor size 3670016 bytes, new threshold 15 (max 15)
 [PSYoungGen: 812832K->1472K(815104K)] 1792800K->981488K(1839104K), 0.0104400 secs] [Times: user=0.06 sys=0.00, real=0.01 secs] 
937.618: [GC
Desired survivor size 3670016 bytes, new threshold 15 (max 15)
 [PSYoungGen: 812480K->640K(815616K)] 1792496K->980688K(1839616K), 0.0097040 secs] [Times: user=0.07 sys=0.00, real=0.01 secs] 
937.895: [GC
Desired survivor size 3670016 bytes, new threshold 15 (max 15)
 [PSYoungGen: 812672K->992K(815616K)] 1792720K->981072K(1839616K), 0.0094140 secs] [Times: user=0.05 sys=0.00, real=0.01 secs] 
938.166: [GC
Desired survivor size 3670016 bytes, new threshold 15 (max 15)
 [PSYoungGen: 813024K->2176K(815616K)] 1793104K->982288K(1839616K), 0.0104600 secs] [Times: user=0.06 sys=0.00, real=0.01 secs] 
938.420: [GC
Desired survivor size 4194304 bytes, new threshold 15 (max 15)
 [PSYoungGen: 814208K->2560K(814592K)] 1794320K->982704K(1838592K), 0.0107410 secs] [Times: user=0.06 sys=0.00, real=0.01 secs] 
938.683: [GC
Desired survivor size 3670016 bytes, new threshold 15 (max 15)
 [PSYoungGen: 814592K->1120K(815616K)] 1794736K->981264K(1839616K), 0.0092030 secs] [Times: user=0.06 sys=0.00, real=0.01 secs] 
938.958: [GC
Desired survivor size 3670016 bytes, new threshold 15 (max 15)
 [PSYoungGen: 812640K->2208K(815104K)] 1792784K->982384K(1839104K), 0.0100760 secs] [Times: user=0.07 sys=0.00, real=0.01 secs] 
939.224: [GC
Desired survivor size 3670016 bytes, new threshold 15 (max 15)
 [PSYoungGen: 813728K->2144K(815616K)] 1793904K->982360K(1839616K), 0.0101540 secs] [Times: user=0.06 sys=0.00, real=0.01 secs] 
939.505: [GC
Desired survivor size 3670016 bytes, new threshold 15 (max 15)
 [PSYoungGen: 814176K->912K(815616K)] 1794392K->981160K(1839616K), 0.0097080 secs] [Times: user=0.06 sys=0.00, real=0.01 secs] 
939.783: [GC
Desired survivor size 3670016 bytes, new threshold 15 (max 15)
 [PSYoungGen: 812944K->2304K(815616K)] 1793192K->982616K(1839616K), 0.0102560 secs] [Times: user=0.05 sys=0.00, real=0.01 secs] 
940.053: [GC
Desired survivor size 3670016 bytes, new threshold 15 (max 15)
 [PSYoungGen: 814336K->2272K(815616K)] 1794648K->982640K(1839616K), 0.0102530 secs] [Times: user=0.06 sys=0.00, real=0.01 secs] 
940.326: [GC
Desired survivor size 3670016 bytes, new threshold 15 (max 15)
 [PSYoungGen: 814304K->1280K(815616K)] 1794672K->981688K(1839616K), 0.0095150 secs] [Times: user=0.05 sys=0.00, real=0.01 secs] 
940.597: [GC
Desired survivor size 3670016 bytes, new threshold 15 (max 15)
 [PSYoungGen: 813312K->1840K(815616K)] 1793720K->982304K(1839616K), 0.0101330 secs] [Times: user=0.07 sys=0.00, real=0.01 secs] 
940.874: [GC
Desired survivor size 3670016 bytes, new threshold 15 (max 15)
 [PSYoungGen: 813872K->1040K(815616K)] 1794336K->981568K(1839616K), 0.0095570 secs] [Times: user=0.05 sys=0.00, real=0.01 secs] 
941.144: [GC
Desired survivor size 3670016 bytes, new threshold 15 (max 15)
 [PSYoungGen: 813072K->1808K(815616K)] 1793600K->982368K(1839616K), 0.0105560 secs] [Times: user=0.07 sys=0.00, real=0.01 secs] 
941.408: [GC
Desired survivor size 3145728 bytes, new threshold 15 (max 15)
 [PSYoungGen: 813840K->1712K(816128K)] 1794400K->982320K(1840128K), 0.0092440 secs] [Times: user=0.07 sys=0.00, real=0.01 secs] 
941.677: [GC
Desired survivor size 3145728 bytes, new threshold 15 (max 15)
 [PSYoungGen: 814256K->1568K(815616K)] 1794864K->982240K(1839616K), 0.0094020 secs] [Times: user=0.05 sys=0.00, real=0.01 secs] 
941.952: [GC
Desired survivor size 3670016 bytes, new threshold 14 (max 15)
 [PSYoungGen: 814112K->3072K(815104K)] 1794784K->984232K(1839104K), 0.0110410 secs] [Times: user=0.06 sys=0.00, real=0.01 secs] 
942.221: [GC
Desired survivor size 3670016 bytes, new threshold 15 (max 15)
 [PSYoungGen: 815104K->1136K(815616K)] 1796264K->982360K(1839616K), 0.0096330 secs] [Times: user=0.05 sys=0.01, real=0.01 secs] 
942.490: [GC
Desired survivor size 3670016 bytes, new threshold 15 (max 15)
 [PSYoungGen: 813168K->2336K(815616K)] 1794392K->983560K(1839616K), 0.0100910 secs] [Times: user=0.06 sys=0.00, real=0.01 secs] 
942.764: [GC
Desired survivor size 3670016 bytes, new threshold 15 (max 15)
 [PSYoungGen: 814368K->2512K(815616K)] 1795592K->983784K(1839616K), 0.0105060 secs] [Times: user=0.06 sys=0.00, real=0.01 secs] 
943.034: [GC
Desired survivor size 4194304 bytes, new threshold 15 (max 15)
 [PSYoungGen: 814544K->2528K(814592K)] 1795816K->983848K(1838592K), 0.0104490 secs] [Times: user=0.06 sys=0.00, real=0.01 secs] 
943.294: [GC
Desired survivor size 4194304 bytes, new threshold 15 (max 15)
 [PSYoungGen: 813536K->3136K(815104K)] 1794856K->984504K(1839104K), 0.0107140 secs] [Times: user=0.06 sys=0.00, real=0.01 secs] 
943.552: [GC
Desired survivor size 4194304 bytes, new threshold 15 (max 15)
 [PSYoungGen: 814144K->2720K(815104K)] 1795512K->984216K(1839104K), 0.0108360 secs] [Times: user=0.06 sys=0.00, real=0.01 secs] 
943.825: [GC
Desired survivor size 4194304 bytes, new threshold 15 (max 15)
 [PSYoungGen: 813728K->1248K(815104K)] 1795224K->982800K(1839104K), 0.0098470 secs] [Times: user=0.05 sys=0.00, real=0.01 secs] 
944.100: [GC
Desired survivor size 4194304 bytes, new threshold 15 (max 15)
 [PSYoungGen: 812256K->1664K(815104K)] 1793808K->983272K(1839104K), 0.0102390 secs] [Times: user=0.06 sys=0.00, real=0.01 secs] 
944.365: [GC
Desired survivor size 4194304 bytes, new threshold 15 (max 15)
 [PSYoungGen: 812672K->864K(815104K)] 1794280K->982528K(1839104K), 0.0100490 secs] [Times: user=0.04 sys=0.01, real=0.01 secs] 
944.660: [GC
Desired survivor size 4194304 bytes, new threshold 15 (max 15)
 [PSYoungGen: 811872K->2048K(815104K)] 1793536K->983760K(1839104K), 0.0098160 secs] [Times: user=0.06 sys=0.00, real=0.01 secs] 
944.930: [GC
Desired survivor size 4194304 bytes, new threshold 15 (max 15)
 [PSYoungGen: 813056K->2336K(815104K)] 1794768K->984080K(1839104K), 0.0102000 secs] [Times: user=0.06 sys=0.00, real=0.02 secs] 
945.195: [GC
Desired survivor size 3670016 bytes, new threshold 15 (max 15)
 [PSYoungGen: 813344K->2144K(815616K)] 1795088K->983912K(1839616K), 0.0099290 secs] [Times: user=0.06 sys=0.00, real=0.01 secs] 
945.467: [GC
Desired survivor size 3670016 bytes, new threshold 15 (max 15)
 [PSYoungGen: 813664K->1696K(815104K)] 1795432K->983504K(1839104K), 0.0100870 secs] [Times: user=0.07 sys=0.00, real=0.01 secs] 
945.741: [GC
Desired survivor size 3670016 bytes, new threshold 15 (max 15)
 [PSYoungGen: 813216K->1056K(815616K)] 1795024K->982896K(1839616K), 0.0093280 secs] [Times: user=0.06 sys=0.00, real=0.01 secs] 
946.006: [GC
Desired survivor size 3670016 bytes, new threshold 15 (max 15)
 [PSYoungGen: 813088K->1664K(815616K)] 1794928K->983656K(1839616K), 0.0097150 secs] [Times: user=0.06 sys=0.00, real=0.01 secs] 
946.273: [GC
Desired survivor size 3670016 bytes, new threshold 15 (max 15)
 [PSYoungGen: 813696K->1888K(815616K)] 1795688K->983936K(1839616K), 0.0103100 secs] [Times: user=0.05 sys=0.00, real=0.01 secs] 
946.547: [GC
Desired survivor size 3670016 bytes, new threshold 15 (max 15)
 [PSYoungGen: 813920K->1376K(815616K)] 1795968K->983480K(1839616K), 0.0094190 secs] [Times: user=0.05 sys=0.01, real=0.01 secs] 
946.830: [GC
Desired survivor size 3670016 bytes, new threshold 15 (max 15)
 [PSYoungGen: 813408K->2080K(815616K)] 1795512K->984224K(1839616K), 0.0100740 secs] [Times: user=0.05 sys=0.00, real=0.01 secs] 
947.105: [GC
Desired survivor size 3145728 bytes, new threshold 15 (max 15)
 [PSYoungGen: 814112K->1376K(815616K)] 1796256K->983552K(1839616K), 0.0095620 secs] [Times: user=0.07 sys=0.00, real=0.01 secs] 
947.376: [GC
Desired survivor size 3145728 bytes, new threshold 15 (max 15)
 [PSYoungGen: 813408K->2080K(816128K)] 1795584K->984296K(1840128K), 0.0095200 secs] [Times: user=0.06 sys=0.00, real=0.01 secs] 
947.647: [GC
Desired survivor size 3670016 bytes, new threshold 15 (max 15)
 [PSYoungGen: 815136K->768K(814080K)] 1797352K->983032K(1838080K), 0.0092230 secs] [Times: user=0.05 sys=0.00, real=0.01 secs] 
947.921: [GC
Desired survivor size 3145728 bytes, new threshold 15 (max 15)
 [PSYoungGen: 813824K->1792K(816128K)] 1796088K->984080K(1840128K), 0.0108090 secs] [Times: user=0.04 sys=0.00, real=0.02 secs] 
948.193: [GC
Desired survivor size 3145728 bytes, new threshold 15 (max 15)
 [PSYoungGen: 814336K->1152K(815616K)] 1796624K->983464K(1839616K), 0.0099060 secs] [Times: user=0.04 sys=0.00, real=0.01 secs] 
948.466: [GC
Desired survivor size 3145728 bytes, new threshold 15 (max 15)
 [PSYoungGen: 813696K->1568K(816128K)] 1796008K->983928K(1840128K), 0.0100900 secs] [Times: user=0.06 sys=0.00, real=0.01 secs] 
948.745: [GC
Desired survivor size 3670016 bytes, new threshold 15 (max 15)
 [PSYoungGen: 814624K->2688K(816128K)] 1796984K->985064K(1840128K), 0.0100080 secs] [Times: user=0.07 sys=0.00, real=0.01 secs] 
949.018: [GC
Desired survivor size 3145728 bytes, new threshold 15 (max 15)
 [PSYoungGen: 815744K->1312K(816128K)] 1798120K->983712K(1840128K), 0.0097510 secs] [Times: user=0.05 sys=0.00, real=0.01 secs] 
949.285: [GC
Desired survivor size 3145728 bytes, new threshold 15 (max 15)
 [PSYoungGen: 814368K->1056K(816128K)] 1796768K->983488K(1840128K), 0.0094810 secs] [Times: user=0.05 sys=0.00, real=0.01 secs] 
949.552: [GC
Desired survivor size 3670016 bytes, new threshold 15 (max 15)
 [PSYoungGen: 814112K->2368K(815104K)] 1796544K->984848K(1839104K), 0.0097160 secs] [Times: user=0.05 sys=0.00, real=0.01 secs] 
949.829: [GC
Desired survivor size 3145728 bytes, new threshold 15 (max 15)
 [PSYoungGen: 814400K->1664K(815616K)] 1796880K->984200K(1839616K), 0.0100810 secs] [Times: user=0.06 sys=0.00, real=0.01 secs] 
950.098: [GC
Desired survivor size 3145728 bytes, new threshold 15 (max 15)
 [PSYoungGen: 813696K->992K(816128K)] 1796232K->983584K(1840128K), 0.0097570 secs] [Times: user=0.05 sys=0.01, real=0.01 secs] 
950.375: [GC
Desired survivor size 3145728 bytes, new threshold 15 (max 15)
 [PSYoungGen: 814048K->1536K(816128K)] 1796640K->984176K(1840128K), 0.0096890 secs] [Times: user=0.06 sys=0.00, real=0.01 secs] 
950.661: [GC
Desired survivor size 3670016 bytes, new threshold 15 (max 15)
 [PSYoungGen: 814592K->2784K(815104K)] 1797232K->985464K(1839104K), 0.0111820 secs] [Times: user=0.07 sys=0.00, real=0.02 secs] 
951.041: [GC
Desired survivor size 3670016 bytes, new threshold 15 (max 15)
 [PSYoungGen: 814816K->1056K(815616K)] 1797496K->983768K(1839616K), 0.0090200 secs] [Times: user=0.05 sys=0.00, real=0.01 secs] 
951.305: [GC
Desired survivor size 3670016 bytes, new threshold 15 (max 15)
 [PSYoungGen: 813088K->960K(815616K)] 1795800K->983728K(1839616K), 0.0093480 secs] [Times: user=0.06 sys=0.00, real=0.01 secs] 
951.584: [GC
Desired survivor size 3145728 bytes, new threshold 15 (max 15)
 [PSYoungGen: 812992K->1568K(815616K)] 1795760K->984360K(1839616K), 0.0094950 secs] [Times: user=0.05 sys=0.00, real=0.01 secs] 
951.868: [GC
Desired survivor size 3145728 bytes, new threshold 15 (max 15)
 [PSYoungGen: 813600K->1472K(816128K)] 1796392K->984296K(1840128K), 0.0098800 secs] [Times: user=0.06 sys=0.00, real=0.01 secs] 
952.136: [GC
Desired survivor size 3670016 bytes, new threshold 15 (max 15)
 [PSYoungGen: 814528K->2496K(815616K)] 1797352K->985352K(1839616K), 0.0097800 secs] [Times: user=0.07 sys=0.00, real=0.01 secs] 
952.400: [GC
Desired survivor size 3145728 bytes, new threshold 15 (max 15)
 [PSYoungGen: 815552K->1248K(816128K)] 1798408K->984144K(1840128K), 0.0094440 secs] [Times: user=0.06 sys=0.00, real=0.01 secs] 
952.679: [GC
Desired survivor size 3145728 bytes, new threshold 15 (max 15)
 [PSYoungGen: 813792K->1088K(815616K)] 1796688K->984048K(1839616K), 0.0092480 secs] [Times: user=0.06 sys=0.00, real=0.01 secs] 
952.953: [GC
Desired survivor size 3145728 bytes, new threshold 15 (max 15)
 [PSYoungGen: 813632K->1312K(816128K)] 1796592K->984320K(1840128K), 0.0098960 secs] [Times: user=0.05 sys=0.00, real=0.01 secs] 
953.240: [GC
Desired survivor size 3145728 bytes, new threshold 15 (max 15)
 [PSYoungGen: 814368K->1440K(816128K)] 1797376K->984480K(1840128K), 0.0092820 secs] [Times: user=0.05 sys=0.00, real=0.01 secs] 
953.502: [GC
Desired survivor size 3145728 bytes, new threshold 15 (max 15)
 [PSYoungGen: 814496K->1088K(816128K)] 1797536K->984168K(1840128K), 0.0094850 secs] [Times: user=0.05 sys=0.00, real=0.01 secs] 
953.775: [GC
Desired survivor size 3145728 bytes, new threshold 15 (max 15)
 [PSYoungGen: 814144K->1952K(816128K)] 1797224K->985072K(1840128K), 0.0098370 secs] [Times: user=0.05 sys=0.00, real=0.01 secs] 
954.073: [GC
Desired survivor size 3670016 bytes, new threshold 14 (max 15)
 [PSYoungGen: 815008K->3072K(815104K)] 1798128K->987120K(1839104K), 0.0117430 secs] [Times: user=0.06 sys=0.00, real=0.01 secs] 
954.331: [GC
Desired survivor size 5242880 bytes, new threshold 13 (max 15)
 [PSYoungGen: 815104K->3584K(815616K)] 1799152K->989848K(1839616K), 0.0125770 secs] [Times: user=0.07 sys=0.00, real=0.02 secs] 
954.602: [GC
Desired survivor size 4718592 bytes, new threshold 14 (max 15)
 [PSYoungGen: 815616K->2112K(813568K)] 1801880K->988432K(1837568K), 0.0098640 secs] [Times: user=0.06 sys=0.00, real=0.01 secs] 
954.870: [GC
Desired survivor size 5242880 bytes, new threshold 15 (max 15)
 [PSYoungGen: 812096K->4000K(814080K)] 1798416K->990320K(1838080K), 0.0110550 secs] [Times: user=0.06 sys=0.00, real=0.01 secs] 
955.137: [GC
Desired survivor size 6291456 bytes, new threshold 14 (max 15)
 [PSYoungGen: 813984K->5120K(812032K)] 1800304K->991456K(1836032K), 0.0118350 secs] [Times: user=0.08 sys=0.00, real=0.01 secs] 
955.392: [GC
Desired survivor size 6291456 bytes, new threshold 15 (max 15)
 [PSYoungGen: 812032K->3616K(813056K)] 1798368K->990008K(1837056K), 0.0101200 secs] [Times: user=0.06 sys=0.00, real=0.02 secs] 
955.657: [GC
Desired survivor size 6291456 bytes, new threshold 15 (max 15)
 [PSYoungGen: 810528K->3808K(813056K)] 1796920K->990200K(1837056K), 0.0106550 secs] [Times: user=0.06 sys=0.00, real=0.01 secs] 
955.932: [GC
Desired survivor size 6291456 bytes, new threshold 15 (max 15)
 [PSYoungGen: 810720K->4000K(813056K)] 1797112K->990440K(1837056K), 0.0106880 secs] [Times: user=0.06 sys=0.01, real=0.01 secs] 
956.199: [GC
Desired survivor size 6291456 bytes, new threshold 15 (max 15)
 [PSYoungGen: 810912K->1760K(813056K)] 1797352K->988224K(1837056K), 0.0099740 secs] [Times: user=0.05 sys=0.00, real=0.01 secs] 
956.478: [GC
Desired survivor size 6291456 bytes, new threshold 15 (max 15)
 [PSYoungGen: 808672K->1984K(813056K)] 1795136K->988488K(1837056K), 0.0101100 secs] [Times: user=0.06 sys=0.00, real=0.01 secs] 
956.755: [GC
Desired survivor size 6291456 bytes, new threshold 15 (max 15)
 [PSYoungGen: 808896K->3296K(813056K)] 1795400K->989848K(1837056K), 0.0113230 secs] [Times: user=0.07 sys=0.01, real=0.01 secs] 
957.020: [GC
Desired survivor size 5767168 bytes, new threshold 15 (max 15)
 [PSYoungGen: 810208K->1920K(813056K)] 1796760K->988520K(1837056K), 0.0100910 secs] [Times: user=0.07 sys=0.00, real=0.01 secs] 
957.287: [GC
Desired survivor size 5767168 bytes, new threshold 15 (max 15)
 [PSYoungGen: 808832K->2080K(813568K)] 1795432K->988708K(1837568K), 0.0104170 secs] [Times: user=0.07 sys=0.01, real=0.01 secs] 
957.554: [GC
Desired survivor size 5242880 bytes, new threshold 15 (max 15)
 [PSYoungGen: 810016K->2656K(813568K)] 1796644K->989292K(1837568K), 0.0102130 secs] [Times: user=0.07 sys=0.00, real=0.01 secs] 
957.826: [GC
Desired survivor size 5242880 bytes, new threshold 15 (max 15)
 [PSYoungGen: 810592K->2208K(814080K)] 1797228K->988868K(1838080K), 0.0100010 secs] [Times: user=0.06 sys=0.00, real=0.01 secs] 
958.100: [GC
Desired survivor size 5242880 bytes, new threshold 15 (max 15)
 [PSYoungGen: 811168K->2688K(814080K)] 1797828K->989620K(1838080K), 0.0107510 secs] [Times: user=0.06 sys=0.00, real=0.01 secs] 
958.364: [GC
Desired survivor size 5242880 bytes, new threshold 15 (max 15)
 [PSYoungGen: 811648K->1344K(814080K)] 1798580K->988476K(1838080K), 0.0094070 secs] [Times: user=0.05 sys=0.00, real=0.01 secs] 
958.633: [GC
Desired survivor size 5242880 bytes, new threshold 15 (max 15)
 [PSYoungGen: 810304K->2944K(814080K)] 1797436K->990116K(1838080K), 0.0104130 secs] [Times: user=0.06 sys=0.01, real=0.01 secs] 
958.907: [GC
Desired survivor size 5242880 bytes, new threshold 15 (max 15)
 [PSYoungGen: 811904K->1408K(814080K)] 1799076K->988604K(1838080K), 0.0092700 secs] [Times: user=0.06 sys=0.00, real=0.01 secs] 
959.172: [GC
Desired survivor size 4718592 bytes, new threshold 15 (max 15)
 [PSYoungGen: 810368K->1760K(814080K)] 1797564K->989004K(1838080K), 0.0094470 secs] [Times: user=0.06 sys=0.00, real=0.01 secs] 
959.428: [GC
Desired survivor size 4718592 bytes, new threshold 15 (max 15)
 [PSYoungGen: 810720K->2880K(814592K)] 1797964K->990164K(1838592K), 0.0106050 secs] [Times: user=0.06 sys=0.00, real=0.01 secs] 
959.754: [GC
Desired survivor size 4718592 bytes, new threshold 15 (max 15)
 [PSYoungGen: 812864K->2176K(814592K)] 1800148K->989476K(1838592K), 0.0104590 secs] [Times: user=0.06 sys=0.00, real=0.01 secs] 
960.019: [GC
Desired survivor size 4718592 bytes, new threshold 15 (max 15)
 [PSYoungGen: 812160K->1216K(814592K)] 1799460K->988564K(1838592K), 0.0094920 secs] [Times: user=0.05 sys=0.00, real=0.01 secs] 
960.284: [GC
Desired survivor size 4718592 bytes, new threshold 15 (max 15)
 [PSYoungGen: 811200K->2272K(814592K)] 1798548K->989660K(1838592K), 0.0103900 secs] [Times: user=0.06 sys=0.00, real=0.01 secs] 
960.552: [GC
Desired survivor size 4194304 bytes, new threshold 15 (max 15)
 [PSYoungGen: 812256K->2048K(815104K)] 1799644K->989476K(1839104K), 0.0093640 secs] [Times: user=0.06 sys=0.00, real=0.01 secs] 
960.828: [GC
Desired survivor size 4194304 bytes, new threshold 15 (max 15)
 [PSYoungGen: 812544K->1120K(814592K)] 1799972K->988588K(1838592K), 0.0092620 secs] [Times: user=0.05 sys=0.00, real=0.01 secs] 
961.100: [GC
Desired survivor size 4194304 bytes, new threshold 15 (max 15)
 [PSYoungGen: 811616K->1984K(815104K)] 1799084K->989484K(1839104K), 0.0099340 secs] [Times: user=0.05 sys=0.00, real=0.01 secs] 
961.359: [GC
Desired survivor size 4194304 bytes, new threshold 15 (max 15)
 [PSYoungGen: 812992K->1216K(815104K)] 1800492K->988756K(1839104K), 0.0096320 secs] [Times: user=0.05 sys=0.00, real=0.01 secs] 
961.621: [GC
Desired survivor size 4194304 bytes, new threshold 15 (max 15)
 [PSYoungGen: 812224K->2560K(815104K)] 1799764K->990116K(1839104K), 0.0100070 secs] [Times: user=0.06 sys=0.00, real=0.01 secs] 
961.885: [GC
Desired survivor size 4194304 bytes, new threshold 15 (max 15)
 [PSYoungGen: 813568K->1280K(815104K)] 1801124K->988868K(1839104K), 0.0096190 secs] [Times: user=0.06 sys=0.00, real=0.01 secs] 
962.154: [GC
Desired survivor size 4194304 bytes, new threshold 15 (max 15)
 [PSYoungGen: 812288K->3072K(815104K)] 1799876K->990724K(1839104K), 0.0104900 secs] [Times: user=0.06 sys=0.00, real=0.01 secs] 
962.420: [GC
Desired survivor size 4194304 bytes, new threshold 15 (max 15)
 [PSYoungGen: 814080K->1184K(815104K)] 1801732K->988852K(1839104K), 0.0096830 secs] [Times: user=0.05 sys=0.00, real=0.01 secs] 
962.691: [GC
Desired survivor size 4194304 bytes, new threshold 15 (max 15)
 [PSYoungGen: 812192K->1920K(815104K)] 1799860K->989644K(1839104K), 0.0094130 secs] [Times: user=0.06 sys=0.00, real=0.01 secs] 
962.967: [GC
Desired survivor size 4194304 bytes, new threshold 15 (max 15)
 [PSYoungGen: 812928K->1056K(815104K)] 1800652K->988852K(1839104K), 0.0118180 secs] [Times: user=0.07 sys=0.00, real=0.01 secs] 
963.233: [GC
Desired survivor size 4194304 bytes, new threshold 15 (max 15)
 [PSYoungGen: 812064K->2208K(815104K)] 1799860K->990052K(1839104K), 0.0108290 secs] [Times: user=0.05 sys=0.00, real=0.02 secs] 
963.499: [GC
Desired survivor size 4194304 bytes, new threshold 15 (max 15)
 [PSYoungGen: 813216K->1312K(815104K)] 1801060K->989212K(1839104K), 0.0094020 secs] [Times: user=0.06 sys=0.00, real=0.01 secs] 
963.774: [GC
Desired survivor size 3670016 bytes, new threshold 15 (max 15)
 [PSYoungGen: 812320K->1536K(815616K)] 1800220K->989476K(1839616K), 0.0094460 secs] [Times: user=0.06 sys=0.00, real=0.00 secs] 
964.042: [GC
Desired survivor size 3670016 bytes, new threshold 15 (max 15)
 [PSYoungGen: 813056K->1344K(815104K)] 1800996K->989316K(1839104K), 0.0102730 secs] [Times: user=0.05 sys=0.00, real=0.01 secs] 
964.305: [GC
Desired survivor size 3670016 bytes, new threshold 15 (max 15)
 [PSYoungGen: 812864K->1344K(815616K)] 1800836K->989340K(1839616K), 0.0098970 secs] [Times: user=0.06 sys=0.00, real=0.01 secs] 
964.565: [GC
Desired survivor size 3670016 bytes, new threshold 15 (max 15)
 [PSYoungGen: 813376K->2176K(815616K)] 1801372K->990204K(1839616K), 0.0104210 secs] [Times: user=0.06 sys=0.00, real=0.01 secs] 
964.837: [GC
Desired survivor size 3670016 bytes, new threshold 15 (max 15)
 [PSYoungGen: 814208K->1472K(815616K)] 1802236K->989532K(1839616K), 0.0094740 secs] [Times: user=0.05 sys=0.00, real=0.01 secs] 
965.106: [GC
Desired survivor size 3670016 bytes, new threshold 15 (max 15)
 [PSYoungGen: 813504K->2784K(815616K)] 1801564K->990876K(1839616K), 0.0103470 secs] [Times: user=0.07 sys=0.00, real=0.01 secs] 
965.382: [GC
Desired survivor size 3670016 bytes, new threshold 15 (max 15)
 [PSYoungGen: 814816K->352K(815616K)] 1802908K->988484K(1839616K), 0.0085760 secs] [Times: user=0.05 sys=0.00, real=0.01 secs] 
965.650: [GC
Desired survivor size 4194304 bytes, new threshold 15 (max 15)
 [PSYoungGen: 812384K->3168K(815616K)] 1800516K->991340K(1839616K), 0.0106930 secs] [Times: user=0.06 sys=0.00, real=0.01 secs] 
965.929: [GC
Desired survivor size 4194304 bytes, new threshold 15 (max 15)
 [PSYoungGen: 815200K->1760K(814592K)] 1803372K->989948K(1838592K), 0.0091150 secs] [Times: user=0.05 sys=0.00, real=0.01 secs] 
966.198: [GC
Desired survivor size 4194304 bytes, new threshold 15 (max 15)
 [PSYoungGen: 812768K->832K(815104K)] 1800956K->989068K(1839104K), 0.0093520 secs] [Times: user=0.05 sys=0.00, real=0.01 secs] 
966.465: [GC
Desired survivor size 3670016 bytes, new threshold 15 (max 15)
 [PSYoungGen: 811840K->1408K(815616K)] 1800076K->989684K(1839616K), 0.0103710 secs] [Times: user=0.07 sys=0.00, real=0.01 secs] 
966.748: [GC
Desired survivor size 3670016 bytes, new threshold 15 (max 15)
 [PSYoungGen: 812928K->1696K(815104K)] 1801204K->990012K(1839104K), 0.0098540 secs] [Times: user=0.06 sys=0.00, real=0.01 secs] 
967.026: [GC
Desired survivor size 3670016 bytes, new threshold 15 (max 15)
 [PSYoungGen: 813216K->704K(815616K)] 1801532K->989052K(1839616K), 0.0089710 secs] [Times: user=0.05 sys=0.00, real=0.01 secs] 
967.286: [GC
Desired survivor size 3670016 bytes, new threshold 15 (max 15)
 [PSYoungGen: 812736K->1216K(815616K)] 1801084K->989612K(1839616K), 0.0100970 secs] [Times: user=0.06 sys=0.01, real=0.01 secs] 
967.552: [GC
Desired survivor size 3670016 bytes, new threshold 15 (max 15)
 [PSYoungGen: 813248K->896K(815616K)] 1801644K->989324K(1839616K), 0.0092050 secs] [Times: user=0.06 sys=0.00, real=0.01 secs] 
967.828: [GC
Desired survivor size 3670016 bytes, new threshold 15 (max 15)
 [PSYoungGen: 812928K->1120K(815616K)] 1801356K->989580K(1839616K), 0.0093710 secs] [Times: user=0.05 sys=0.00, real=0.01 secs] 
968.096: [GC
Desired survivor size 3145728 bytes, new threshold 15 (max 15)
 [PSYoungGen: 813152K->1184K(816128K)] 1801612K->989692K(1840128K), 0.0109950 secs] [Times: user=0.07 sys=0.00, real=0.01 secs] 
968.358: [GC
Desired survivor size 3670016 bytes, new threshold 14 (max 15)
 [PSYoungGen: 813728K->3072K(815616K)] 1802236K->991620K(1839616K), 0.0108420 secs] [Times: user=0.07 sys=0.00, real=0.01 secs] 
968.622: [GC
Desired survivor size 3670016 bytes, new threshold 15 (max 15)
 [PSYoungGen: 815616K->1344K(815616K)] 1804164K->989940K(1839616K), 0.0097380 secs] [Times: user=0.06 sys=0.00, real=0.01 secs] 
968.892: [GC
Desired survivor size 3670016 bytes, new threshold 15 (max 15)
 [PSYoungGen: 813376K->2400K(815616K)] 1801972K->990996K(1839616K), 0.0101930 secs] [Times: user=0.06 sys=0.00, real=0.01 secs] 
969.157: [GC
Desired survivor size 3670016 bytes, new threshold 15 (max 15)
 [PSYoungGen: 814432K->1728K(815616K)] 1803028K->990348K(1839616K), 0.0094950 secs] [Times: user=0.06 sys=0.00, real=0.01 secs] 
969.425: [GC
Desired survivor size 3670016 bytes, new threshold 15 (max 15)
 [PSYoungGen: 813760K->1856K(815616K)] 1802380K->990524K(1839616K), 0.0101060 secs] [Times: user=0.06 sys=0.00, real=0.01 secs] 
969.697: [GC
Desired survivor size 3670016 bytes, new threshold 15 (max 15)
 [PSYoungGen: 813888K->2048K(815616K)] 1802556K->990732K(1839616K), 0.0115110 secs] [Times: user=0.06 sys=0.00, real=0.01 secs] 
969.968: [GC
Desired survivor size 3670016 bytes, new threshold 15 (max 15)
 [PSYoungGen: 814080K->2272K(815616K)] 1802764K->991012K(1839616K), 0.0117470 secs] [Times: user=0.05 sys=0.00, real=0.01 secs] 
970.230: [GC
Desired survivor size 3670016 bytes, new threshold 15 (max 15)
 [PSYoungGen: 814304K->2112K(815616K)] 1803044K->990908K(1839616K), 0.0102090 secs] [Times: user=0.06 sys=0.00, real=0.01 secs] 
970.500: [GC
Desired survivor size 3670016 bytes, new threshold 15 (max 15)
 [PSYoungGen: 814144K->1152K(815616K)] 1802940K->989996K(1839616K), 0.0096560 secs] [Times: user=0.06 sys=0.00, real=0.01 secs] 
970.781: [GC
Desired survivor size 3145728 bytes, new threshold 15 (max 15)
 [PSYoungGen: 813184K->1760K(816128K)] 1802028K->990652K(1840128K), 0.0100780 secs] [Times: user=0.06 sys=0.00, real=0.01 secs] 
971.051: [GC
Desired survivor size 3670016 bytes, new threshold 15 (max 15)
 [PSYoungGen: 814304K->672K(815616K)] 1803196K->989620K(1839616K), 0.0092980 secs] [Times: user=0.06 sys=0.00, real=0.01 secs] 
971.314: [GC
Desired survivor size 3145728 bytes, new threshold 15 (max 15)
 [PSYoungGen: 813216K->1312K(816128K)] 1802164K->990292K(1840128K), 0.0107830 secs] [Times: user=0.06 sys=0.00, real=0.01 secs] 
971.580: [GC
Desired survivor size 3145728 bytes, new threshold 15 (max 15)
 [PSYoungGen: 813856K->1472K(815616K)] 1802836K->990484K(1839616K), 0.0111700 secs] [Times: user=0.05 sys=0.00, real=0.01 secs] 
971.851: [GC
Desired survivor size 3145728 bytes, new threshold 15 (max 15)
 [PSYoungGen: 814016K->1536K(816128K)] 1803028K->990580K(1840128K), 0.0097680 secs] [Times: user=0.05 sys=0.00, real=0.01 secs] 
972.121: [GC
Desired survivor size 3670016 bytes, new threshold 15 (max 15)
 [PSYoungGen: 814592K->2752K(816128K)] 1803636K->991836K(1840128K), 0.0101400 secs] [Times: user=0.06 sys=0.00, real=0.01 secs] 
972.385: [GC
Desired survivor size 3670016 bytes, new threshold 15 (max 15)
 [PSYoungGen: 815808K->2496K(815104K)] 1804892K->991628K(1839104K), 0.0101630 secs] [Times: user=0.06 sys=0.00, real=0.01 secs] 
972.652: [GC
Desired survivor size 3670016 bytes, new threshold 15 (max 15)
 [PSYoungGen: 814528K->2208K(815616K)] 1803660K->991380K(1839616K), 0.0098890 secs] [Times: user=0.05 sys=0.00, real=0.01 secs] 
972.922: [GC
Desired survivor size 3670016 bytes, new threshold 15 (max 15)
 [PSYoungGen: 814240K->2272K(815616K)] 1803412K->991476K(1839616K), 0.0100000 secs] [Times: user=0.05 sys=0.00, real=0.01 secs] 
973.186: [GC
Desired survivor size 3670016 bytes, new threshold 15 (max 15)
 [PSYoungGen: 814304K->1344K(815616K)] 1803508K->990580K(1839616K), 0.0096970 secs] [Times: user=0.06 sys=0.00, real=0.01 secs] 
973.451: [GC
Desired survivor size 3670016 bytes, new threshold 15 (max 15)
 [PSYoungGen: 813376K->2720K(815616K)] 1802612K->992012K(1839616K), 0.0103510 secs] [Times: user=0.06 sys=0.00, real=0.01 secs] 
973.724: [GC
Desired survivor size 3670016 bytes, new threshold 15 (max 15)
 [PSYoungGen: 814752K->1376K(815616K)] 1804044K->990700K(1839616K), 0.0093680 secs] [Times: user=0.05 sys=0.01, real=0.01 secs] 
974.026: [GC
Desired survivor size 3670016 bytes, new threshold 15 (max 15)
 [PSYoungGen: 813408K->704K(815616K)] 1802732K->990084K(1839616K), 0.0090130 secs] [Times: user=0.06 sys=0.00, real=0.01 secs] 
974.294: [GC
Desired survivor size 3670016 bytes, new threshold 15 (max 15)
 [PSYoungGen: 812736K->512K(815616K)] 1802116K->989916K(1839616K), 0.0088980 secs] [Times: user=0.05 sys=0.00, real=0.01 secs] 
974.559: [GC
Desired survivor size 3670016 bytes, new threshold 15 (max 15)
 [PSYoungGen: 812544K->2336K(815616K)] 1801948K->991780K(1839616K), 0.0099990 secs] [Times: user=0.05 sys=0.00, real=0.01 secs] 
974.839: [GC
Desired survivor size 3670016 bytes, new threshold 15 (max 15)
 [PSYoungGen: 814368K->1504K(815616K)] 1803812K->991004K(1839616K), 0.0093160 secs] [Times: user=0.06 sys=0.00, real=0.01 secs] 
975.168: [GC
Desired survivor size 3670016 bytes, new threshold 15 (max 15)
 [PSYoungGen: 813536K->1248K(815616K)] 1803036K->990788K(1839616K), 0.0093720 secs] [Times: user=0.06 sys=0.00, real=0.01 secs] 
975.543: [GC
Desired survivor size 3670016 bytes, new threshold 15 (max 15)
 [PSYoungGen: 813280K->2496K(815616K)] 1802820K->992084K(1839616K), 0.0108490 secs] [Times: user=0.06 sys=0.00, real=0.01 secs] 
975.828: [GC
Desired survivor size 3670016 bytes, new threshold 15 (max 15)
 [PSYoungGen: 814528K->992K(815616K)] 1804116K->990628K(1839616K), 0.0100520 secs] [Times: user=0.05 sys=0.00, real=0.01 secs] 
976.097: [GC
Desired survivor size 4718592 bytes, new threshold 14 (max 15)
 [PSYoungGen: 813024K->3584K(815616K)] 1802660K->994612K(1839616K), 0.0119430 secs] [Times: user=0.07 sys=0.00, real=0.01 secs] 
976.446: [GC
Desired survivor size 4718592 bytes, new threshold 15 (max 15)
 [PSYoungGen: 815616K->1824K(813568K)] 1806644K->992900K(1837568K), 0.0097970 secs] [Times: user=0.06 sys=0.01, real=0.00 secs] 
976.730: [GC
Desired survivor size 4194304 bytes, new threshold 15 (max 15)
 [PSYoungGen: 811808K->1760K(814592K)] 1802884K->992836K(1838592K), 0.0101780 secs] [Times: user=0.06 sys=0.00, real=0.01 secs] 
976.992: [GC
Desired survivor size 4718592 bytes, new threshold 15 (max 15)
 [PSYoungGen: 811744K->3968K(814080K)] 1802820K->995076K(1838080K), 0.0113300 secs] [Times: user=0.07 sys=0.00, real=0.01 secs] 
977.261: [GC
Desired survivor size 4718592 bytes, new threshold 15 (max 15)
 [PSYoungGen: 813952K->2464K(814592K)] 1805060K->993620K(1838592K), 0.0101050 secs] [Times: user=0.06 sys=0.00, real=0.01 secs] 
977.519: [GC
Desired survivor size 4718592 bytes, new threshold 15 (max 15)
 [PSYoungGen: 812448K->2464K(814592K)] 1803604K->993668K(1838592K), 0.0101840 secs] [Times: user=0.06 sys=0.00, real=0.01 secs] 
977.794: [GC
Desired survivor size 4718592 bytes, new threshold 15 (max 15)
 [PSYoungGen: 812448K->3392K(814592K)] 1803652K->994636K(1838592K), 0.0109050 secs] [Times: user=0.06 sys=0.00, real=0.01 secs] 
978.055: [GC
Desired survivor size 4718592 bytes, new threshold 15 (max 15)
 [PSYoungGen: 813376K->1568K(814592K)] 1804620K->992844K(1838592K), 0.0096140 secs] [Times: user=0.05 sys=0.00, real=0.01 secs] 
978.323: [GC
Desired survivor size 4718592 bytes, new threshold 15 (max 15)
 [PSYoungGen: 811552K->2016K(814592K)] 1802828K->993348K(1838592K), 0.0106840 secs] [Times: user=0.07 sys=0.00, real=0.01 secs] 
978.581: [GC
Desired survivor size 4718592 bytes, new threshold 15 (max 15)
 [PSYoungGen: 812000K->1856K(814592K)] 1803332K->993252K(1838592K), 0.0103470 secs] [Times: user=0.06 sys=0.00, real=0.01 secs] 
978.857: [GC
Desired survivor size 4194304 bytes, new threshold 15 (max 15)
 [PSYoungGen: 811840K->1632K(814592K)] 1803236K->993092K(1838592K), 0.0098840 secs] [Times: user=0.05 sys=0.00, real=0.01 secs] 
979.129: [GC
Desired survivor size 4194304 bytes, new threshold 15 (max 15)
 [PSYoungGen: 811616K->1376K(815104K)] 1803076K->992876K(1839104K), 0.0096750 secs] [Times: user=0.05 sys=0.00, real=0.01 secs] 
979.395: [GC
Desired survivor size 4194304 bytes, new threshold 15 (max 15)
 [PSYoungGen: 812384K->1408K(815104K)] 1803884K->992940K(1839104K), 0.0095260 secs] [Times: user=0.06 sys=0.00, real=0.01 secs] 
979.657: [GC
Desired survivor size 4194304 bytes, new threshold 15 (max 15)
 [PSYoungGen: 812416K->2784K(815104K)] 1803948K->994372K(1839104K), 0.0104800 secs] [Times: user=0.07 sys=0.00, real=0.01 secs] 
979.930: [GC
Desired survivor size 4194304 bytes, new threshold 15 (max 15)
 [PSYoungGen: 813792K->1696K(815104K)] 1805380K->993340K(1839104K), 0.0100540 secs] [Times: user=0.06 sys=0.00, real=0.01 secs] 
980.192: [GC
Desired survivor size 4194304 bytes, new threshold 15 (max 15)
 [PSYoungGen: 812704K->2016K(815104K)] 1804348K->993988K(1839104K), 0.0102070 secs] [Times: user=0.07 sys=0.00, real=0.01 secs] 
980.453: [GC
Desired survivor size 4194304 bytes, new threshold 15 (max 15)
 [PSYoungGen: 813024K->1088K(815104K)] 1804996K->993156K(1839104K), 0.0094850 secs] [Times: user=0.05 sys=0.00, real=0.01 secs] 
980.736: [GC
Desired survivor size 4194304 bytes, new threshold 15 (max 15)
 [PSYoungGen: 812096K->3456K(815104K)] 1804164K->995556K(1839104K), 0.0101510 secs] [Times: user=0.06 sys=0.00, real=0.01 secs] 
981.002: [GC
Desired survivor size 4194304 bytes, new threshold 15 (max 15)
 [PSYoungGen: 814464K->1600K(815104K)] 1806564K->993732K(1839104K), 0.0096980 secs] [Times: user=0.05 sys=0.00, real=0.01 secs] 
981.263: [GC
Desired survivor size 4194304 bytes, new threshold 15 (max 15)
 [PSYoungGen: 812608K->2880K(815104K)] 1804740K->995044K(1839104K), 0.0104750 secs] [Times: user=0.07 sys=0.00, real=0.01 secs] 
981.524: [GC
Desired survivor size 4194304 bytes, new threshold 15 (max 15)
 [PSYoungGen: 813888K->1792K(815104K)] 1806052K->994012K(1839104K), 0.0101880 secs] [Times: user=0.05 sys=0.00, real=0.01 secs] 
981.804: [GC
Desired survivor size 4194304 bytes, new threshold 15 (max 15)
 [PSYoungGen: 812800K->1472K(815104K)] 1805020K->993748K(1839104K), 0.0097200 secs] [Times: user=0.06 sys=0.00, real=0.01 secs] 
982.070: [GC
Desired survivor size 4194304 bytes, new threshold 15 (max 15)
 [PSYoungGen: 812480K->2688K(815104K)] 1804756K->994996K(1839104K), 0.0101470 secs] [Times: user=0.06 sys=0.00, real=0.01 secs] 
982.341: [GC
Desired survivor size 4194304 bytes, new threshold 15 (max 15)
 [PSYoungGen: 813696K->256K(815104K)] 1806004K->992620K(1839104K), 0.0093840 secs] [Times: user=0.05 sys=0.00, real=0.01 secs] 
982.606: [GC
Desired survivor size 4194304 bytes, new threshold 15 (max 15)
 [PSYoungGen: 811264K->2368K(815104K)] 1803628K->994780K(1839104K), 0.0100870 secs] [Times: user=0.06 sys=0.00, real=0.01 secs] 
982.876: [GC
Desired survivor size 4718592 bytes, new threshold 15 (max 15)
 [PSYoungGen: 813376K->2816K(814080K)] 1805788K->995252K(1838080K), 0.0103270 secs] [Times: user=0.06 sys=0.00, real=0.01 secs] 
983.145: [GC
Desired survivor size 4194304 bytes, new threshold 15 (max 15)
 [PSYoungGen: 812800K->1600K(814592K)] 1805236K->994068K(1838592K), 0.0102980 secs] [Times: user=0.05 sys=0.00, real=0.01 secs] 
983.407: [GC
Desired survivor size 4194304 bytes, new threshold 15 (max 15)
 [PSYoungGen: 811584K->992K(815104K)] 1804052K->993500K(1839104K), 0.0097020 secs] [Times: user=0.05 sys=0.00, real=0.00 secs] 
983.671: [GC
Desired survivor size 4718592 bytes, new threshold 15 (max 15)
 [PSYoungGen: 812000K->3360K(814592K)] 1804508K->995908K(1838592K), 0.0106220 secs] [Times: user=0.06 sys=0.00, real=0.01 secs] 
983.941: [GC
Desired survivor size 4718592 bytes, new threshold 15 (max 15)
 [PSYoungGen: 814368K->640K(814592K)] 1806916K->993220K(1838592K), 0.0088530 secs] [Times: user=0.05 sys=0.01, real=0.01 secs] 
984.200: [GC
Desired survivor size 4718592 bytes, new threshold 15 (max 15)
 [PSYoungGen: 810624K->2400K(814592K)] 1803204K->994996K(1838592K), 0.0102450 secs] [Times: user=0.06 sys=0.00, real=0.01 secs] 
984.461: [GC
Desired survivor size 4718592 bytes, new threshold 15 (max 15)
 [PSYoungGen: 812384K->3040K(814592K)] 1804980K->995668K(1838592K), 0.0115690 secs] [Times: user=0.06 sys=0.00, real=0.01 secs] 
984.733: [GC
Desired survivor size 4718592 bytes, new threshold 15 (max 15)
 [PSYoungGen: 813024K->992K(814592K)] 1805652K->993660K(1838592K), 0.0090370 secs] [Times: user=0.05 sys=0.00, real=0.01 secs] 
984.997: [GC
Desired survivor size 4718592 bytes, new threshold 15 (max 15)
 [PSYoungGen: 810976K->1248K(814592K)] 1803644K->993956K(1838592K), 0.0094820 secs] [Times: user=0.05 sys=0.00, real=0.01 secs] 
985.259: [GC
Desired survivor size 4718592 bytes, new threshold 15 (max 15)
 [PSYoungGen: 811232K->2176K(814592K)] 1803940K->994916K(1838592K), 0.0095390 secs] [Times: user=0.06 sys=0.00, real=0.01 secs] 
985.530: [GC
Desired survivor size 4194304 bytes, new threshold 15 (max 15)
 [PSYoungGen: 812160K->1472K(815104K)] 1804900K->994252K(1839104K), 0.0104780 secs] [Times: user=0.06 sys=0.00, real=0.01 secs] 
985.800: [GC
Desired survivor size 4194304 bytes, new threshold 15 (max 15)
 [PSYoungGen: 811968K->1408K(814592K)] 1804748K->994212K(1838592K), 0.0093350 secs] [Times: user=0.05 sys=0.00, real=0.01 secs] 
986.066: [GC
Desired survivor size 4194304 bytes, new threshold 15 (max 15)
 [PSYoungGen: 811904K->1472K(815104K)] 1804708K->994324K(1839104K), 0.0097440 secs] [Times: user=0.05 sys=0.01, real=0.01 secs] 
986.324: [GC
Desired survivor size 3670016 bytes, new threshold 15 (max 15)
 [PSYoungGen: 812480K->1728K(815104K)] 1805332K->994620K(1839104K), 0.0220470 secs] [Times: user=0.05 sys=0.00, real=0.02 secs] 
986.603: [GC
Desired survivor size 3670016 bytes, new threshold 15 (max 15)
 [PSYoungGen: 812736K->2112K(815616K)] 1805628K->995044K(1839616K), 0.0104390 secs] [Times: user=0.06 sys=0.00, real=0.01 secs] 
986.870: [GC
Desired survivor size 3670016 bytes, new threshold 15 (max 15)
 [PSYoungGen: 814144K->1152K(815616K)] 1807076K->994132K(1839616K), 0.0095690 secs] [Times: user=0.06 sys=0.00, real=0.01 secs] 
987.147: [GC
Desired survivor size 3670016 bytes, new threshold 15 (max 15)
 [PSYoungGen: 813184K->2144K(815616K)] 1806164K->995156K(1839616K), 0.0102610 secs] [Times: user=0.06 sys=0.01, real=0.01 secs] 
987.409: [GC
Desired survivor size 3670016 bytes, new threshold 15 (max 15)
 [PSYoungGen: 814176K->1216K(815616K)] 1807188K->994284K(1839616K), 0.0089300 secs] [Times: user=0.05 sys=0.00, real=0.00 secs] 
987.668: [GC
Desired survivor size 4194304 bytes, new threshold 15 (max 15)
 [PSYoungGen: 813248K->3136K(814592K)] 1806316K->996244K(1838592K), 0.0107240 secs] [Times: user=0.06 sys=0.00, real=0.02 secs] 
987.941: [GC
Desired survivor size 4194304 bytes, new threshold 15 (max 15)
 [PSYoungGen: 814144K->2144K(815104K)] 1807252K->995300K(1839104K), 0.0096540 secs] [Times: user=0.06 sys=0.00, real=0.01 secs] 
988.215: [GC
Desired survivor size 3670016 bytes, new threshold 15 (max 15)
 [PSYoungGen: 813152K->1568K(815616K)] 1806308K->994764K(1839616K), 0.0098070 secs] [Times: user=0.06 sys=0.00, real=0.01 secs] 
988.481: [GC
Desired survivor size 3670016 bytes, new threshold 15 (max 15)
 [PSYoungGen: 813088K->992K(815104K)] 1806284K->994212K(1839104K), 0.0091940 secs] [Times: user=0.05 sys=0.00, real=0.01 secs] 
988.758: [GC
Desired survivor size 3670016 bytes, new threshold 15 (max 15)
 [PSYoungGen: 812512K->1504K(815616K)] 1805732K->994756K(1839616K), 0.0096820 secs] [Times: user=0.05 sys=0.00, real=0.01 secs] 
989.025: [GC
Desired survivor size 3670016 bytes, new threshold 15 (max 15)
 [PSYoungGen: 813536K->1152K(815616K)] 1806788K->994436K(1839616K), 0.0092750 secs] [Times: user=0.05 sys=0.00, real=0.01 secs] 
989.292: [GC
Desired survivor size 3670016 bytes, new threshold 15 (max 15)
 [PSYoungGen: 813184K->1344K(815616K)] 1806468K->994668K(1839616K), 0.0096540 secs] [Times: user=0.06 sys=0.00, real=0.01 secs] 
989.558: [GC
Desired survivor size 3145728 bytes, new threshold 15 (max 15)
 [PSYoungGen: 813376K->1696K(815616K)] 1806700K->995076K(1839616K), 0.0098880 secs] [Times: user=0.06 sys=0.00, real=0.00 secs] 
989.837: [GC
Desired survivor size 3145728 bytes, new threshold 15 (max 15)
 [PSYoungGen: 813728K->1888K(816128K)] 1807108K->995308K(1840128K), 0.0100900 secs] [Times: user=0.07 sys=0.00, real=0.01 secs] 
990.105: [GC
Desired survivor size 3145728 bytes, new threshold 15 (max 15)
 [PSYoungGen: 814944K->1152K(816128K)] 1808364K->994604K(1840128K), 0.0090530 secs] [Times: user=0.05 sys=0.00, real=0.01 secs] 
990.368: [GC
Desired survivor size 3145728 bytes, new threshold 15 (max 15)
 [PSYoungGen: 814208K->1760K(816128K)] 1807660K->995268K(1840128K), 0.0101150 secs] [Times: user=0.06 sys=0.00, real=0.01 secs] 
990.631: [GC
Desired survivor size 3145728 bytes, new threshold 15 (max 15)
 [PSYoungGen: 814816K->2368K(816128K)] 1808324K->995924K(1840128K), 0.0106140 secs] [Times: user=0.05 sys=0.00, real=0.01 secs] 
990.902: [GC
Desired survivor size 3145728 bytes, new threshold 15 (max 15)
 [PSYoungGen: 815424K->2080K(816128K)] 1808980K->995668K(1840128K), 0.0099900 secs] [Times: user=0.06 sys=0.00, real=0.01 secs] 
991.165: [GC
Desired survivor size 3145728 bytes, new threshold 15 (max 15)
 [PSYoungGen: 815136K->1856K(816128K)] 1808724K->995484K(1840128K), 0.0100580 secs] [Times: user=0.05 sys=0.00, real=0.01 secs] 
991.432: [GC
Desired survivor size 3145728 bytes, new threshold 15 (max 15)
 [PSYoungGen: 814912K->1440K(816128K)] 1808540K->995108K(1840128K), 0.0089440 secs] [Times: user=0.06 sys=0.00, real=0.01 secs] 
991.694: [GC
Desired survivor size 3145728 bytes, new threshold 15 (max 15)
 [PSYoungGen: 814496K->1760K(816128K)] 1808164K->995476K(1840128K), 0.0095990 secs] [Times: user=0.06 sys=0.00, real=0.01 secs] 
991.968: [GC
Desired survivor size 3145728 bytes, new threshold 15 (max 15)
 [PSYoungGen: 814816K->1344K(816128K)] 1808532K->995076K(1840128K), 0.0138560 secs] [Times: user=0.06 sys=0.00, real=0.02 secs] 
992.241: [GC
Desired survivor size 3145728 bytes, new threshold 15 (max 15)
 [PSYoungGen: 814400K->1696K(816128K)] 1808132K->995460K(1840128K), 0.0107590 secs] [Times: user=0.06 sys=0.00, real=0.01 secs] 
992.511: [GC
Desired survivor size 2621440 bytes, new threshold 15 (max 15)
 [PSYoungGen: 814752K->1696K(816640K)] 1808516K->995492K(1840640K), 0.0103870 secs] [Times: user=0.05 sys=0.00, real=0.01 secs] 
992.782: [GC
Desired survivor size 2621440 bytes, new threshold 15 (max 15)
 [PSYoungGen: 815264K->1248K(816128K)] 1809060K->995060K(1840128K), 0.0092460 secs] [Times: user=0.04 sys=0.01, real=0.01 secs] 
993.044: [GC
Desired survivor size 3145728 bytes, new threshold 15 (max 15)
 [PSYoungGen: 814816K->2560K(815616K)] 1808628K->996396K(1839616K), 0.0105940 secs] [Times: user=0.06 sys=0.00, real=0.01 secs] 
993.312: [GC
Desired survivor size 3145728 bytes, new threshold 15 (max 15)
 [PSYoungGen: 815616K->2336K(816128K)] 1809452K->996204K(1840128K), 0.0099960 secs] [Times: user=0.06 sys=0.00, real=0.01 secs] 
993.576: [GC
Desired survivor size 3670016 bytes, new threshold 15 (max 15)
 [PSYoungGen: 815392K->2848K(815104K)] 1809260K->996732K(1839104K), 0.0118340 secs] [Times: user=0.07 sys=0.00, real=0.01 secs] 
993.856: [GC
Desired survivor size 3670016 bytes, new threshold 15 (max 15)
 [PSYoungGen: 814880K->2112K(815616K)] 1808764K->996028K(1839616K), 0.0098100 secs] [Times: user=0.06 sys=0.00, real=0.01 secs] 
994.166: [GC
Desired survivor size 3670016 bytes, new threshold 15 (max 15)
 [PSYoungGen: 814144K->544K(815616K)] 1808060K->994500K(1839616K), 0.0090870 secs] [Times: user=0.04 sys=0.00, real=0.01 secs] 
994.434: [GC
Desired survivor size 3670016 bytes, new threshold 15 (max 15)
 [PSYoungGen: 812576K->1120K(815616K)] 1806532K->995100K(1839616K), 0.0092880 secs] [Times: user=0.04 sys=0.00, real=0.01 secs] 
994.707: [GC
Desired survivor size 3670016 bytes, new threshold 15 (max 15)
 [PSYoungGen: 813152K->3136K(815616K)] 1807132K->997148K(1839616K), 0.0174610 secs] [Times: user=0.08 sys=0.00, real=0.02 secs] 
994.987: [GC
Desired survivor size 3670016 bytes, new threshold 15 (max 15)
 [PSYoungGen: 815168K->928K(815616K)] 1809180K->994972K(1839616K), 0.0092000 secs] [Times: user=0.05 sys=0.00, real=0.01 secs] 
995.258: [GC
Desired survivor size 3670016 bytes, new threshold 15 (max 15)
 [PSYoungGen: 812960K->1312K(815616K)] 1807004K->995388K(1839616K), 0.0092660 secs] [Times: user=0.06 sys=0.00, real=0.01 secs] 
995.518: [GC
Desired survivor size 4194304 bytes, new threshold 15 (max 15)
 [PSYoungGen: 813344K->3392K(815616K)] 1807420K->997492K(1839616K), 0.0108290 secs] [Times: user=0.06 sys=0.00, real=0.01 secs] 
995.792: [GC
Desired survivor size 4194304 bytes, new threshold 15 (max 15)
 [PSYoungGen: 815424K->1792K(814592K)] 1809524K->995900K(1838592K), 0.0097310 secs] [Times: user=0.06 sys=0.00, real=0.01 secs] 
996.063: [GC
Desired survivor size 4194304 bytes, new threshold 15 (max 15)
 [PSYoungGen: 812800K->896K(815104K)] 1806908K->995044K(1839104K), 0.0090440 secs] [Times: user=0.04 sys=0.00, real=0.01 secs] 
996.330: [GC
Desired survivor size 4194304 bytes, new threshold 15 (max 15)
 [PSYoungGen: 811904K->736K(815104K)] 1806052K->994924K(1839104K), 0.0091390 secs] [Times: user=0.05 sys=0.00, real=0.00 secs] 
996.599: [GC
Desired survivor size 3670016 bytes, new threshold 15 (max 15)
 [PSYoungGen: 811744K->1856K(815104K)] 1805932K->996076K(1839104K), 0.0096550 secs] [Times: user=0.05 sys=0.00, real=0.00 secs] 
996.875: [GC
Desired survivor size 3670016 bytes, new threshold 15 (max 15)
 [PSYoungGen: 812864K->2208K(815616K)] 1807084K->996468K(1839616K), 0.0101060 secs] [Times: user=0.06 sys=0.01, real=0.01 secs] 
997.135: [GC
Desired survivor size 3670016 bytes, new threshold 15 (max 15)
 [PSYoungGen: 814240K->1792K(815616K)] 1808500K->996092K(1839616K), 0.0104430 secs] [Times: user=0.05 sys=0.00, real=0.01 secs] 
997.400: [GC
Desired survivor size 3670016 bytes, new threshold 15 (max 15)
 [PSYoungGen: 813824K->1888K(815616K)] 1808124K->996228K(1839616K), 0.0093060 secs] [Times: user=0.05 sys=0.00, real=0.01 secs] 
997.671: [GC
Desired survivor size 3670016 bytes, new threshold 15 (max 15)
 [PSYoungGen: 813920K->1088K(815616K)] 1808260K->995460K(1839616K), 0.0097490 secs] [Times: user=0.06 sys=0.00, real=0.01 secs] 
997.943: [GC
Desired survivor size 3670016 bytes, new threshold 15 (max 15)
 [PSYoungGen: 813120K->1664K(815616K)] 1807492K->996052K(1839616K), 0.0094380 secs] [Times: user=0.07 sys=0.00, real=0.01 secs] 
998.211: [GC
Desired survivor size 3145728 bytes, new threshold 15 (max 15)
 [PSYoungGen: 813696K->1440K(815616K)] 1808084K->995844K(1839616K), 0.0094230 secs] [Times: user=0.06 sys=0.00, real=0.01 secs] 
998.479: [GC
Desired survivor size 3145728 bytes, new threshold 15 (max 15)
 [PSYoungGen: 813472K->1568K(816128K)] 1807876K->996020K(1840128K), 0.0092230 secs] [Times: user=0.06 sys=0.00, real=0.01 secs] 
998.759: [GC
Desired survivor size 3145728 bytes, new threshold 15 (max 15)
 [PSYoungGen: 814624K->1280K(816128K)] 1809076K->995764K(1840128K), 0.0096430 secs] [Times: user=0.06 sys=0.00, real=0.01 secs] 
999.028: [GC
Desired survivor size 3145728 bytes, new threshold 15 (max 15)
 [PSYoungGen: 814336K->736K(816128K)] 1808820K->995260K(1840128K), 0.0091990 secs] [Times: user=0.06 sys=0.00, real=0.01 secs] 
999.294: [GC
Desired survivor size 3145728 bytes, new threshold 15 (max 15)
 [PSYoungGen: 813792K->1984K(816128K)] 1808316K->996540K(1840128K), 0.0099460 secs] [Times: user=0.06 sys=0.00, real=0.01 secs] 
999.560: [GC
Desired survivor size 3145728 bytes, new threshold 15 (max 15)
 [PSYoungGen: 815040K->768K(816128K)] 1809596K->995364K(1840128K), 0.0090310 secs] [Times: user=0.05 sys=0.00, real=0.01 secs] 
999.833: [GC
Desired survivor size 3145728 bytes, new threshold 15 (max 15)
 [PSYoungGen: 813824K->2016K(816128K)] 1808420K->996628K(1840128K), 0.0100550 secs] [Times: user=0.04 sys=0.00, real=0.01 secs] 
1000.096: [GC
Desired survivor size 3145728 bytes, new threshold 15 (max 15)
 [PSYoungGen: 815072K->1216K(816128K)] 1809684K->995860K(1840128K), 0.0097830 secs] [Times: user=0.05 sys=0.00, real=0.01 secs] 
1000.358: [GC
Desired survivor size 3145728 bytes, new threshold 15 (max 15)
 [PSYoungGen: 814272K->2304K(816128K)] 1808916K->996996K(1840128K), 0.0103750 secs] [Times: user=0.06 sys=0.00, real=0.01 secs] 
1000.620: [GC
Desired survivor size 3145728 bytes, new threshold 15 (max 15)
 [PSYoungGen: 815360K->1664K(816128K)] 1810052K->996396K(1840128K), 0.0099150 secs] [Times: user=0.05 sys=0.00, real=0.01 secs] 
1000.895: [GC
Desired survivor size 3145728 bytes, new threshold 15 (max 15)
 [PSYoungGen: 814720K->1216K(816128K)] 1809452K->995980K(1840128K), 0.0095170 secs] [Times: user=0.05 sys=0.00, real=0.01 secs] 
1001.160: [GC
Desired survivor size 3670016 bytes, new threshold 15 (max 15)
 [PSYoungGen: 814272K->3072K(815104K)] 1809036K->997860K(1839104K), 0.0102870 secs] [Times: user=0.05 sys=0.00, real=0.01 secs] 
1001.429: [GC
Desired survivor size 3670016 bytes, new threshold 15 (max 15)
 [PSYoungGen: 815104K->768K(815616K)] 1809892K->995596K(1839616K), 0.0095770 secs] [Times: user=0.06 sys=0.00, real=0.01 secs] 
1001.692: [GC
Desired survivor size 4194304 bytes, new threshold 15 (max 15)
 [PSYoungGen: 812800K->3296K(814592K)] 1807628K->998156K(1838592K), 0.0104060 secs] [Times: user=0.06 sys=0.00, real=0.01 secs] 
1001.963: [GC
Desired survivor size 4194304 bytes, new threshold 15 (max 15)
 [PSYoungGen: 814304K->960K(815104K)] 1809164K->995860K(1839104K), 0.0117150 secs] [Times: user=0.06 sys=0.00, real=0.01 secs] 
1002.233: [GC
Desired survivor size 3670016 bytes, new threshold 15 (max 15)
 [PSYoungGen: 811968K->1408K(815616K)] 1806868K->996348K(1839616K), 0.0092200 secs] [Times: user=0.06 sys=0.00, real=0.01 secs] 
1002.498: [GC
Desired survivor size 3670016 bytes, new threshold 15 (max 15)
 [PSYoungGen: 812928K->960K(815104K)] 1807868K->995940K(1839104K), 0.0092260 secs] [Times: user=0.05 sys=0.00, real=0.01 secs] 
1002.776: [GC
Desired survivor size 3670016 bytes, new threshold 15 (max 15)
 [PSYoungGen: 812480K->2016K(815616K)] 1807460K->997044K(1839616K), 0.0102720 secs] [Times: user=0.06 sys=0.00, real=0.01 secs] 
1003.043: [GC
Desired survivor size 4194304 bytes, new threshold 15 (max 15)
 [PSYoungGen: 814048K->2656K(815104K)] 1809076K->997724K(1839104K), 0.0104500 secs] [Times: user=0.06 sys=0.00, real=0.01 secs] 
1003.300: [GC
Desired survivor size 4194304 bytes, new threshold 15 (max 15)
 [PSYoungGen: 814688K->2208K(815104K)] 1809756K->997324K(1839104K), 0.0118350 secs] [Times: user=0.05 sys=0.00, real=0.01 secs] 
1003.563: [GC
Desired survivor size 3670016 bytes, new threshold 15 (max 15)
 [PSYoungGen: 813216K->1984K(815104K)] 1808332K->997140K(1839104K), 0.0098720 secs] [Times: user=0.06 sys=0.00, real=0.01 secs] 
1003.838: [GC
Desired survivor size 3670016 bytes, new threshold 15 (max 15)
 [PSYoungGen: 812992K->1472K(815616K)] 1808148K->996660K(1839616K), 0.0092610 secs] [Times: user=0.05 sys=0.00, real=0.01 secs] 
1004.104: [GC
Desired survivor size 3670016 bytes, new threshold 15 (max 15)
 [PSYoungGen: 813504K->928K(815616K)] 1808692K->996156K(1839616K), 0.0094510 secs] [Times: user=0.05 sys=0.00, real=0.01 secs] 
1004.373: [GC
Desired survivor size 3670016 bytes, new threshold 15 (max 15)
 [PSYoungGen: 812960K->928K(815616K)] 1808188K->996196K(1839616K), 0.0096570 secs] [Times: user=0.05 sys=0.00, real=0.01 secs] 
1004.632: [GC
Desired survivor size 3670016 bytes, new threshold 15 (max 15)
 [PSYoungGen: 812960K->1824K(815616K)] 1808228K->997132K(1839616K), 0.0091640 secs] [Times: user=0.05 sys=0.00, real=0.01 secs] 
1004.899: [GC
Desired survivor size 4194304 bytes, new threshold 15 (max 15)
 [PSYoungGen: 813856K->3392K(814592K)] 1809164K->998724K(1838592K), 0.0104570 secs] [Times: user=0.06 sys=0.00, real=0.01 secs] 
1005.165: [GC
Desired survivor size 4194304 bytes, new threshold 15 (max 15)
 [PSYoungGen: 814400K->1408K(815104K)] 1809732K->996772K(1839104K), 0.0092820 secs] [Times: user=0.05 sys=0.00, real=0.01 secs] 
1005.432: [GC
Desired survivor size 4194304 bytes, new threshold 15 (max 15)
 [PSYoungGen: 812416K->2240K(815104K)] 1807780K->997636K(1839104K), 0.0100550 secs] [Times: user=0.07 sys=0.00, real=0.01 secs] 
1005.699: [GC
Desired survivor size 4194304 bytes, new threshold 15 (max 15)
 [PSYoungGen: 813248K->2848K(815104K)] 1808644K->998276K(1839104K), 0.0113470 secs] [Times: user=0.06 sys=0.00, real=0.01 secs] 
1005.965: [GC
Desired survivor size 4194304 bytes, new threshold 15 (max 15)
 [PSYoungGen: 813856K->1792K(815104K)] 1809284K->997252K(1839104K), 0.0107210 secs] [Times: user=0.06 sys=0.00, real=0.01 secs] 
1006.226: [GC
Desired survivor size 3670016 bytes, new threshold 15 (max 15)
 [PSYoungGen: 812800K->2208K(815104K)] 1808260K->997708K(1839104K), 0.0098700 secs] [Times: user=0.06 sys=0.00, real=0.01 secs] 
1006.491: [GC
Desired survivor size 3670016 bytes, new threshold 15 (max 15)
 [PSYoungGen: 813216K->1792K(815616K)] 1808716K->997332K(1839616K), 0.0098750 secs] [Times: user=0.06 sys=0.00, real=0.01 secs] 
1006.763: [GC
Desired survivor size 3670016 bytes, new threshold 15 (max 15)
 [PSYoungGen: 813824K->1536K(815616K)] 1809364K->997108K(1839616K), 0.0097230 secs] [Times: user=0.05 sys=0.00, real=0.01 secs] 
1007.032: [GC
Desired survivor size 3670016 bytes, new threshold 15 (max 15)
 [PSYoungGen: 813568K->2336K(815616K)] 1809140K->997932K(1839616K), 0.0105310 secs] [Times: user=0.06 sys=0.00, real=0.01 secs] 
1007.302: [GC
Desired survivor size 3670016 bytes, new threshold 15 (max 15)
 [PSYoungGen: 814368K->1024K(815616K)] 1809964K->996644K(1839616K), 0.0091970 secs] [Times: user=0.05 sys=0.00, real=0.00 secs] 
1007.567: [GC
Desired survivor size 3670016 bytes, new threshold 15 (max 15)
 [PSYoungGen: 813056K->1600K(815616K)] 1808676K->997252K(1839616K), 0.0092710 secs] [Times: user=0.06 sys=0.00, real=0.01 secs] 
1007.846: [GC
Desired survivor size 3670016 bytes, new threshold 15 (max 15)
 [PSYoungGen: 813632K->800K(815616K)] 1809284K->996492K(1839616K), 0.0093930 secs] [Times: user=0.06 sys=0.00, real=0.01 secs] 
1008.119: [GC
Desired survivor size 3670016 bytes, new threshold 15 (max 15)
 [PSYoungGen: 812832K->2720K(815616K)] 1808524K->998444K(1839616K), 0.0105530 secs] [Times: user=0.07 sys=0.00, real=0.01 secs] 
1008.385: [GC
Desired survivor size 3670016 bytes, new threshold 15 (max 15)
 [PSYoungGen: 814752K->1024K(815616K)] 1810476K->996764K(1839616K), 0.0090760 secs] [Times: user=0.05 sys=0.00, real=0.01 secs] 
1008.653: [GC
Desired survivor size 3670016 bytes, new threshold 15 (max 15)
 [PSYoungGen: 813056K->608K(815616K)] 1808796K->996396K(1839616K), 0.0089230 secs] [Times: user=0.05 sys=0.00, real=0.01 secs] 
1008.926: [GC
Desired survivor size 3670016 bytes, new threshold 15 (max 15)
 [PSYoungGen: 812640K->1888K(815616K)] 1808428K->997692K(1839616K), 0.0104590 secs] [Times: user=0.06 sys=0.01, real=0.01 secs] 
1009.189: [GC
Desired survivor size 4194304 bytes, new threshold 15 (max 15)
 [PSYoungGen: 813920K->2944K(814592K)] 1809724K->998780K(1838592K), 0.0103520 secs] [Times: user=0.05 sys=0.01, real=0.01 secs] 
1009.453: [GC
Desired survivor size 4194304 bytes, new threshold 15 (max 15)
 [PSYoungGen: 813952K->1280K(815104K)] 1809788K->997148K(1839104K), 0.0095960 secs] [Times: user=0.05 sys=0.01, real=0.01 secs] 
1009.726: [GC
Desired survivor size 4194304 bytes, new threshold 15 (max 15)
 [PSYoungGen: 812288K->2496K(815104K)] 1808156K->998380K(1839104K), 0.0109630 secs] [Times: user=0.06 sys=0.00, real=0.01 secs] 
1009.993: [GC
Desired survivor size 4194304 bytes, new threshold 15 (max 15)
 [PSYoungGen: 813504K->1152K(815104K)] 1809388K->997068K(1839104K), 0.0096790 secs] [Times: user=0.06 sys=0.00, real=0.01 secs] 
1010.260: [GC
Desired survivor size 4194304 bytes, new threshold 15 (max 15)
 [PSYoungGen: 812160K->2304K(815104K)] 1808076K->998236K(1839104K), 0.0098430 secs] [Times: user=0.07 sys=0.00, real=0.01 secs] 
1010.525: [GC
Desired survivor size 4194304 bytes, new threshold 15 (max 15)
 [PSYoungGen: 813312K->3168K(815104K)] 1809244K->999132K(1839104K), 0.0101500 secs] [Times: user=0.06 sys=0.00, real=0.01 secs] 
1010.786: [GC
Desired survivor size 4194304 bytes, new threshold 15 (max 15)
 [PSYoungGen: 814176K->1728K(815104K)] 1810140K->997716K(1839104K), 0.0099720 secs] [Times: user=0.05 sys=0.00, real=0.01 secs] 
1011.066: [GC
Desired survivor size 4194304 bytes, new threshold 15 (max 15)
 [PSYoungGen: 812736K->608K(815104K)] 1808724K->996612K(1839104K), 0.0221090 secs] [Times: user=0.06 sys=0.01, real=0.02 secs] 
1011.432: [GC
Desired survivor size 4194304 bytes, new threshold 15 (max 15)
 [PSYoungGen: 811616K->1952K(815104K)] 1807620K->997980K(1839104K), 0.0101830 secs] [Times: user=0.06 sys=0.00, real=0.01 secs] 
1011.699: [GC
Desired survivor size 4194304 bytes, new threshold 15 (max 15)
 [PSYoungGen: 812960K->576K(815104K)] 1808988K->996644K(1839104K), 0.0099710 secs] [Times: user=0.05 sys=0.01, real=0.01 secs] 
1011.978: [GC
Desired survivor size 3670016 bytes, new threshold 15 (max 15)
 [PSYoungGen: 811584K->1568K(815616K)] 1807652K->997684K(1839616K), 0.0097850 secs] [Times: user=0.05 sys=0.00, real=0.01 secs] 
1012.244: [GC
Desired survivor size 3670016 bytes, new threshold 15 (max 15)
 [PSYoungGen: 813088K->1408K(815104K)] 1809204K->997572K(1839104K), 0.0094170 secs] [Times: user=0.06 sys=0.00, real=0.01 secs] 
1012.512: [GC
Desired survivor size 3670016 bytes, new threshold 15 (max 15)
 [PSYoungGen: 812928K->544K(815616K)] 1809092K->996740K(1839616K), 0.0092720 secs] [Times: user=0.05 sys=0.01, real=0.01 secs] 
1012.799: [GC
Desired survivor size 4194304 bytes, new threshold 15 (max 15)
 [PSYoungGen: 812576K->3360K(815616K)] 1808772K->999596K(1839616K), 0.0107480 secs] [Times: user=0.07 sys=0.00, real=0.01 secs] 
1013.066: [GC
Desired survivor size 4718592 bytes, new threshold 15 (max 15)
 [PSYoungGen: 815392K->3232K(813568K)] 1811628K->999492K(1837568K), 0.0101040 secs] [Times: user=0.07 sys=0.00, real=0.01 secs] 
1013.339: [GC
Desired survivor size 4718592 bytes, new threshold 15 (max 15)
 [PSYoungGen: 813216K->2656K(814592K)] 1809476K->998964K(1838592K), 0.0103760 secs] [Times: user=0.06 sys=0.00, real=0.01 secs] 
1013.600: [GC
Desired survivor size 4718592 bytes, new threshold 15 (max 15)
 [PSYoungGen: 812640K->3424K(814592K)] 1808948K->999772K(1838592K), 0.0111750 secs] [Times: user=0.07 sys=0.00, real=0.01 secs] 
1013.878: [GC
Desired survivor size 4718592 bytes, new threshold 15 (max 15)
 [PSYoungGen: 813408K->1696K(814592K)] 1809756K->998100K(1838592K), 0.0094220 secs] [Times: user=0.06 sys=0.00, real=0.01 secs] 
1014.178: [GC
Desired survivor size 4718592 bytes, new threshold 15 (max 15)
 [PSYoungGen: 811680K->2688K(814592K)] 1808084K->999132K(1838592K), 0.0105700 secs] [Times: user=0.06 sys=0.00, real=0.01 secs] 
1014.435: [GC
Desired survivor size 4718592 bytes, new threshold 15 (max 15)
 [PSYoungGen: 812672K->2880K(814592K)] 1809116K->999356K(1838592K), 0.0107400 secs] [Times: user=0.06 sys=0.00, real=0.01 secs] 
1014.724: [GC
Desired survivor size 4718592 bytes, new threshold 15 (max 15)
 [PSYoungGen: 812864K->1952K(814592K)] 1809340K->998484K(1838592K), 0.0097390 secs] [Times: user=0.05 sys=0.01, real=0.01 secs] 
1014.992: [GC
Desired survivor size 4718592 bytes, new threshold 15 (max 15)
 [PSYoungGen: 811936K->2528K(814592K)] 1808468K->999092K(1838592K), 0.0107180 secs] [Times: user=0.05 sys=0.00, real=0.01 secs] 
1015.254: [GC
Desired survivor size 4194304 bytes, new threshold 15 (max 15)
 [PSYoungGen: 812512K->2080K(815104K)] 1809076K->998668K(1839104K), 0.0101450 secs] [Times: user=0.06 sys=0.00, real=0.01 secs] 
1015.522: [GC
Desired survivor size 4194304 bytes, new threshold 15 (max 15)
 [PSYoungGen: 812576K->1728K(814592K)] 1809164K->998356K(1838592K), 0.0096550 secs] [Times: user=0.05 sys=0.00, real=0.00 secs] 
1015.786: [GC
Desired survivor size 5242880 bytes, new threshold 14 (max 15)
 [PSYoungGen: 812224K->4096K(813056K)] 1808852K->1002284K(1837056K), 0.0122790 secs] [Times: user=0.07 sys=0.00, real=0.01 secs] 
1016.052: [GC
Desired survivor size 5242880 bytes, new threshold 15 (max 15)
 [PSYoungGen: 813056K->2336K(814080K)] 1811244K->1000564K(1838080K), 0.0101470 secs] [Times: user=0.06 sys=0.00, real=0.01 secs] 
1016.308: [GC
Desired survivor size 5242880 bytes, new threshold 15 (max 15)
 [PSYoungGen: 811296K->3424K(814080K)] 1809524K->1001652K(1838080K), 0.0118180 secs] [Times: user=0.07 sys=0.00, real=0.01 secs] 
1016.578: [GC
Desired survivor size 5242880 bytes, new threshold 15 (max 15)
 [PSYoungGen: 812384K->2016K(814080K)] 1810612K->1000268K(1838080K), 0.0124840 secs] [Times: user=0.04 sys=0.00, real=0.01 secs] 
1016.852: [GC
Desired survivor size 5242880 bytes, new threshold 15 (max 15)
 [PSYoungGen: 810976K->3072K(814080K)] 1809228K->1001460K(1838080K), 0.0108380 secs] [Times: user=0.06 sys=0.00, real=0.01 secs] 
1017.118: [GC
Desired survivor size 5242880 bytes, new threshold 15 (max 15)
 [PSYoungGen: 812032K->3584K(814080K)] 1810420K->1002116K(1838080K), 0.0115890 secs] [Times: user=0.06 sys=0.00, real=0.01 secs] 
1017.386: [GC
Desired survivor size 5242880 bytes, new threshold 15 (max 15)
 [PSYoungGen: 812544K->1152K(814080K)] 1811076K->999764K(1838080K), 0.0092600 secs] [Times: user=0.05 sys=0.00, real=0.01 secs] 
1017.640: [GC
Desired survivor size 5242880 bytes, new threshold 15 (max 15)
 [PSYoungGen: 810112K->1536K(814080K)] 1808724K->1000220K(1838080K), 0.0098760 secs] [Times: user=0.06 sys=0.00, real=0.01 secs] 
1017.921: [GC
Desired survivor size 5242880 bytes, new threshold 15 (max 15)
 [PSYoungGen: 810496K->2720K(814080K)] 1809180K->1001468K(1838080K), 0.0108490 secs] [Times: user=0.05 sys=0.00, real=0.01 secs] 
1018.190: [GC
Desired survivor size 4718592 bytes, new threshold 15 (max 15)
 [PSYoungGen: 811680K->2336K(814080K)] 1810428K->1001164K(1838080K), 0.0100710 secs] [Times: user=0.06 sys=0.00, real=0.01 secs] 
1018.452: [GC
Desired survivor size 4718592 bytes, new threshold 15 (max 15)
 [PSYoungGen: 811296K->2400K(814592K)] 1810124K->1001260K(1838592K), 0.0098430 secs] [Times: user=0.05 sys=0.00, real=0.01 secs] 
1018.726: [GC
Desired survivor size 4718592 bytes, new threshold 15 (max 15)
 [PSYoungGen: 812384K->2592K(814592K)] 1811244K->1001508K(1838592K), 0.0105200 secs] [Times: user=0.07 sys=0.00, real=0.01 secs] 
1018.999: [GC
Desired survivor size 4718592 bytes, new threshold 15 (max 15)
 [PSYoungGen: 812576K->960K(814592K)] 1811492K->999924K(1838592K), 0.0096160 secs] [Times: user=0.06 sys=0.00, real=0.01 secs] 
1019.259: [GC
Desired survivor size 4718592 bytes, new threshold 15 (max 15)
 [PSYoungGen: 810944K->1792K(814592K)] 1809908K->1000804K(1838592K), 0.0097380 secs] [Times: user=0.06 sys=0.00, real=0.01 secs] 
1019.524: [GC
Desired survivor size 4194304 bytes, new threshold 15 (max 15)
 [PSYoungGen: 811776K->2240K(815104K)] 1810788K->1001276K(1839104K), 0.0098680 secs] [Times: user=0.07 sys=0.00, real=0.01 secs] 
1019.851: [GC
Desired survivor size 4194304 bytes, new threshold 15 (max 15)
 [PSYoungGen: 812736K->1088K(814592K)] 1811772K->1000420K(1838592K), 0.0098500 secs] [Times: user=0.05 sys=0.00, real=0.01 secs] 
1020.124: [GC
Desired survivor size 4194304 bytes, new threshold 15 (max 15)
 [PSYoungGen: 811584K->1920K(815104K)] 1810916K->1001316K(1839104K), 0.0101340 secs] [Times: user=0.06 sys=0.00, real=0.01 secs] 
1020.379: [GC
Desired survivor size 4718592 bytes, new threshold 14 (max 15)
 [PSYoungGen: 812928K->4096K(815104K)] 1812324K->1003636K(1839104K), 0.0111800 secs] [Times: user=0.07 sys=0.00, real=0.01 secs] 
1020.655: [GC
Desired survivor size 4718592 bytes, new threshold 15 (max 15)
 [PSYoungGen: 815104K->1952K(814080K)] 1814644K->1001532K(1838080K), 0.0104100 secs] [Times: user=0.06 sys=0.01, real=0.01 secs] 
1020.931: [GC
Desired survivor size 4718592 bytes, new threshold 15 (max 15)
 [PSYoungGen: 811936K->2560K(814592K)] 1811516K->1002140K(1838592K), 0.0102590 secs] [Times: user=0.06 sys=0.00, real=0.01 secs] 
1021.196: [GC
Desired survivor size 4718592 bytes, new threshold 15 (max 15)
 [PSYoungGen: 812544K->832K(814592K)] 1812124K->1000444K(1838592K), 0.0096280 secs] [Times: user=0.06 sys=0.00, real=0.01 secs] 
1021.460: [GC
Desired survivor size 4718592 bytes, new threshold 15 (max 15)
 [PSYoungGen: 810816K->2368K(814592K)] 1810428K->1002020K(1838592K), 0.0098660 secs] [Times: user=0.05 sys=0.01, real=0.01 secs] 
1021.737: [GC
Desired survivor size 4194304 bytes, new threshold 15 (max 15)
 [PSYoungGen: 812352K->2368K(815104K)] 1812004K->1002044K(1839104K), 0.0099910 secs] [Times: user=0.06 sys=0.00, real=0.01 secs] 
1022.006: [GC
Desired survivor size 4194304 bytes, new threshold 15 (max 15)
 [PSYoungGen: 812864K->2592K(814592K)] 1812540K->1002324K(1838592K), 0.0101740 secs] [Times: user=0.05 sys=0.00, real=0.01 secs] 
1022.273: [GC
Desired survivor size 4194304 bytes, new threshold 15 (max 15)
 [PSYoungGen: 813088K->1280K(815104K)] 1812820K->1001044K(1839104K), 0.0093390 secs] [Times: user=0.05 sys=0.00, real=0.01 secs] 
1022.537: [GC
Desired survivor size 4194304 bytes, new threshold 15 (max 15)
 [PSYoungGen: 812288K->2048K(815104K)] 1812052K->1001836K(1839104K), 0.0101780 secs] [Times: user=0.06 sys=0.00, real=0.01 secs] 
1022.812: [GC
Desired survivor size 4194304 bytes, new threshold 15 (max 15)
 [PSYoungGen: 813056K->2656K(815104K)] 1812844K->1002476K(1839104K), 0.0105740 secs] [Times: user=0.06 sys=0.00, real=0.01 secs] 
1023.080: [GC
Desired survivor size 4194304 bytes, new threshold 15 (max 15)
 [PSYoungGen: 813664K->1760K(815104K)] 1813484K->1001612K(1839104K), 0.0112560 secs] [Times: user=0.06 sys=0.00, real=0.01 secs] 
1023.346: [GC
Desired survivor size 4194304 bytes, new threshold 15 (max 15)
 [PSYoungGen: 812768K->1504K(815104K)] 1812620K->1001388K(1839104K), 0.0095370 secs] [Times: user=0.05 sys=0.00, real=0.01 secs] 
1023.615: [GC
Desired survivor size 4194304 bytes, new threshold 15 (max 15)
 [PSYoungGen: 812512K->928K(815104K)] 1812396K->1000852K(1839104K), 0.0095190 secs] [Times: user=0.05 sys=0.00, real=0.01 secs] 
1023.891: [GC
Desired survivor size 4194304 bytes, new threshold 15 (max 15)
 [PSYoungGen: 811936K->928K(815104K)] 1811860K->1000884K(1839104K), 0.0093010 secs] [Times: user=0.06 sys=0.00, real=0.01 secs] 
1024.159: [GC
Desired survivor size 4194304 bytes, new threshold 15 (max 15)
 [PSYoungGen: 811936K->896K(815104K)] 1811892K->1000900K(1839104K), 0.0092410 secs] [Times: user=0.05 sys=0.00, real=0.01 secs] 
1024.418: [GC
Desired survivor size 3670016 bytes, new threshold 15 (max 15)
 [PSYoungGen: 811904K->1920K(815616K)] 1811908K->1002036K(1839616K), 0.0101540 secs] [Times: user=0.06 sys=0.00, real=0.01 secs] 
1024.681: [GC
Desired survivor size 3670016 bytes, new threshold 15 (max 15)
 [PSYoungGen: 813440K->1440K(815104K)] 1813556K->1001572K(1839104K), 0.0091640 secs] [Times: user=0.05 sys=0.00, real=0.01 secs] 
1024.949: [GC
Desired survivor size 3670016 bytes, new threshold 15 (max 15)
 [PSYoungGen: 812960K->1696K(815616K)] 1813092K->1001860K(1839616K), 0.0100080 secs] [Times: user=0.06 sys=0.00, real=0.01 secs] 
1025.225: [GC
Desired survivor size 3670016 bytes, new threshold 15 (max 15)
 [PSYoungGen: 813728K->1440K(815616K)] 1813892K->1001636K(1839616K), 0.0095450 secs] [Times: user=0.06 sys=0.00, real=0.01 secs] 
1025.484: [GC
Desired survivor size 3670016 bytes, new threshold 15 (max 15)
 [PSYoungGen: 813472K->2848K(815616K)] 1813668K->1003076K(1839616K), 0.0105430 secs] [Times: user=0.06 sys=0.00, real=0.01 secs] 
1025.978: [GC
Desired survivor size 3670016 bytes, new threshold 15 (max 15)
 [PSYoungGen: 814880K->1952K(815616K)] 1815108K->1002220K(1839616K), 0.0096450 secs] [Times: user=0.05 sys=0.00, real=0.01 secs] 
1026.238: [GC
Desired survivor size 4194304 bytes, new threshold 14 (max 15)
 [PSYoungGen: 813984K->3584K(814592K)] 1814252K->1003916K(1838592K), 0.0104970 secs] [Times: user=0.06 sys=0.00, real=0.01 secs] 
1026.496: [GC
Desired survivor size 5242880 bytes, new threshold 13 (max 15)
 [PSYoungGen: 814592K->4096K(815104K)] 1814924K->1005220K(1839104K), 0.0112930 secs] [Times: user=0.07 sys=0.00, real=0.01 secs] 
1026.772: [GC
Desired survivor size 5242880 bytes, new threshold 14 (max 15)
 [PSYoungGen: 815104K->3392K(813056K)] 1816228K->1004548K(1837056K), 0.0106040 secs] [Times: user=0.06 sys=0.00, real=0.01 secs] 
1027.039: [GC
Desired survivor size 5242880 bytes, new threshold 15 (max 15)
 [PSYoungGen: 812352K->2336K(814080K)] 1813508K->1003492K(1838080K), 0.0103180 secs] [Times: user=0.06 sys=0.00, real=0.01 secs] 
1027.307: [GC
Desired survivor size 4718592 bytes, new threshold 15 (max 15)
 [PSYoungGen: 811296K->2752K(814592K)] 1812452K->1003908K(1838592K), 0.0108900 secs] [Times: user=0.07 sys=0.00, real=0.01 secs] 
1027.569: [GC
Desired survivor size 4718592 bytes, new threshold 15 (max 15)
 [PSYoungGen: 812224K->1696K(814080K)] 1813380K->1002884K(1838080K), 0.0103980 secs] [Times: user=0.05 sys=0.00, real=0.01 secs] 
1027.840: [GC
Desired survivor size 4718592 bytes, new threshold 15 (max 15)
 [PSYoungGen: 811168K->1440K(814592K)] 1812356K->1002644K(1838592K), 0.0097280 secs] [Times: user=0.05 sys=0.01, real=0.01 secs] 
1028.104: [GC
Desired survivor size 4718592 bytes, new threshold 15 (max 15)
 [PSYoungGen: 811424K->2528K(814592K)] 1812628K->1003764K(1838592K), 0.0100600 secs] [Times: user=0.06 sys=0.00, real=0.01 secs] 
1028.369: [GC
Desired survivor size 4718592 bytes, new threshold 15 (max 15)
 [PSYoungGen: 812512K->1792K(814592K)] 1813748K->1003060K(1838592K), 0.0093540 secs] [Times: user=0.05 sys=0.01, real=0.01 secs] 
1028.638: [GC
Desired survivor size 4194304 bytes, new threshold 15 (max 15)
 [PSYoungGen: 811776K->1664K(814592K)] 1813044K->1002956K(1838592K), 0.0097450 secs] [Times: user=0.06 sys=0.00, real=0.01 secs] 
1028.913: [GC
Desired survivor size 4718592 bytes, new threshold 15 (max 15)
 [PSYoungGen: 811648K->2880K(814080K)] 1812940K->1004196K(1838080K), 0.0105630 secs] [Times: user=0.06 sys=0.00, real=0.01 secs] 
1029.178: [GC
Desired survivor size 4194304 bytes, new threshold 15 (max 15)
 [PSYoungGen: 812864K->2304K(814592K)] 1814180K->1003652K(1838592K), 0.0101280 secs] [Times: user=0.06 sys=0.00, real=0.01 secs] 
1029.444: [GC
Desired survivor size 4194304 bytes, new threshold 15 (max 15)
 [PSYoungGen: 812288K->1568K(815104K)] 1813636K->1002956K(1839104K), 0.0097760 secs] [Times: user=0.06 sys=0.00, real=0.01 secs] 
1029.727: [GC
Desired survivor size 4194304 bytes, new threshold 15 (max 15)
 [PSYoungGen: 812576K->1280K(815104K)] 1813964K->1002708K(1839104K), 0.0103700 secs] [Times: user=0.05 sys=0.00, real=0.01 secs] 
1029.999: [GC
Desired survivor size 4194304 bytes, new threshold 15 (max 15)
 [PSYoungGen: 812288K->992K(815104K)] 1813716K->1002452K(1839104K), 0.0094890 secs] [Times: user=0.05 sys=0.00, real=0.01 secs] 
1030.267: [GC
Desired survivor size 4194304 bytes, new threshold 15 (max 15)
 [PSYoungGen: 812000K->960K(815104K)] 1813460K->1002804K(1839104K), 0.0096120 secs] [Times: user=0.06 sys=0.01, real=0.01 secs] 
1030.537: [GC
Desired survivor size 4194304 bytes, new threshold 15 (max 15)
 [PSYoungGen: 811968K->2080K(815104K)] 1813812K->1003988K(1839104K), 0.0103750 secs] [Times: user=0.06 sys=0.00, real=0.01 secs] 
1030.816: [GC
Desired survivor size 4194304 bytes, new threshold 15 (max 15)
 [PSYoungGen: 813088K->1408K(815104K)] 1814996K->1003348K(1839104K), 0.0093120 secs] [Times: user=0.06 sys=0.00, real=0.01 secs] 
1031.078: [GC
Desired survivor size 4194304 bytes, new threshold 15 (max 15)
 [PSYoungGen: 812416K->2432K(815104K)] 1814356K->1004404K(1839104K), 0.0114810 secs] [Times: user=0.08 sys=0.00, real=0.01 secs] 
1031.344: [GC
Desired survivor size 4194304 bytes, new threshold 15 (max 15)
 [PSYoungGen: 813440K->3040K(815104K)] 1815412K->1005044K(1839104K), 0.0109790 secs] [Times: user=0.06 sys=0.00, real=0.02 secs] 
1031.616: [GC
Desired survivor size 4194304 bytes, new threshold 15 (max 15)
 [PSYoungGen: 814048K->1184K(815104K)] 1816052K->1003244K(1839104K), 0.0096270 secs] [Times: user=0.05 sys=0.00, real=0.01 secs] 
1031.896: [GC
Desired survivor size 4194304 bytes, new threshold 15 (max 15)
 [PSYoungGen: 812192K->1120K(815104K)] 1814252K->1003204K(1839104K), 0.0097230 secs] [Times: user=0.05 sys=0.00, real=0.01 secs] 
1032.164: [GC
Desired survivor size 4194304 bytes, new threshold 15 (max 15)
 [PSYoungGen: 812128K->1728K(815104K)] 1814212K->1003836K(1839104K), 0.0100420 secs] [Times: user=0.06 sys=0.00, real=0.01 secs] 
1032.422: [GC
Desired survivor size 4194304 bytes, new threshold 15 (max 15)
 [PSYoungGen: 812736K->2560K(815104K)] 1814844K->1004708K(1839104K), 0.0101910 secs] [Times: user=0.06 sys=0.00, real=0.01 secs] 
1032.684: [GC
Desired survivor size 3670016 bytes, new threshold 15 (max 15)
 [PSYoungGen: 813568K->1952K(815616K)] 1815716K->1004148K(1839616K), 0.0102690 secs] [Times: user=0.06 sys=0.00, real=0.01 secs] 
1032.955: [GC
Desired survivor size 4194304 bytes, new threshold 15 (max 15)
 [PSYoungGen: 813472K->864K(815104K)] 1815668K->1003092K(1839104K), 0.0093930 secs] [Times: user=0.06 sys=0.00, real=0.00 secs] 
1033.219: [GC
Desired survivor size 4718592 bytes, new threshold 15 (max 15)
 [PSYoungGen: 812384K->4032K(814080K)] 1814612K->1006300K(1838080K), 0.0110280 secs] [Times: user=0.07 sys=0.00, real=0.01 secs] 
1033.484: [GC
Desired survivor size 4718592 bytes, new threshold 15 (max 15)
 [PSYoungGen: 814016K->2432K(814592K)] 1816284K->1004732K(1838592K), 0.0099280 secs] [Times: user=0.05 sys=0.01, real=0.01 secs] 
1033.756: [GC
Desired survivor size 4718592 bytes, new threshold 15 (max 15)
 [PSYoungGen: 812416K->2880K(814592K)] 1814716K->1005204K(1838592K), 0.0095390 secs] [Times: user=0.05 sys=0.00, real=0.01 secs] 
1034.063: [GC
Desired survivor size 4718592 bytes, new threshold 15 (max 15)
 [PSYoungGen: 812864K->1792K(814592K)] 1815188K->1004148K(1838592K), 0.0095670 secs] [Times: user=0.05 sys=0.00, real=0.01 secs] 
1034.320: [GC
Desired survivor size 4194304 bytes, new threshold 15 (max 15)
 [PSYoungGen: 811776K->2336K(815104K)] 1814132K->1004716K(1839104K), 0.0103440 secs] [Times: user=0.07 sys=0.00, real=0.01 secs] 
1034.584: [GC
Desired survivor size 4718592 bytes, new threshold 15 (max 15)
 [PSYoungGen: 812832K->3552K(814592K)] 1815212K->1005964K(1838592K), 0.0107120 secs] [Times: user=0.07 sys=0.00, real=0.02 secs] 
1034.869: [GC
Desired survivor size 4718592 bytes, new threshold 15 (max 15)
 [PSYoungGen: 814048K->2080K(814592K)] 1816460K->1004532K(1838592K), 0.0104650 secs] [Times: user=0.06 sys=0.00, real=0.01 secs] 
1035.137: [GC
Desired survivor size 4718592 bytes, new threshold 15 (max 15)
 [PSYoungGen: 812064K->736K(814592K)] 1814516K->1003228K(1838592K), 0.0090450 secs] [Times: user=0.06 sys=0.00, real=0.01 secs] 
1035.398: [GC
Desired survivor size 4194304 bytes, new threshold 15 (max 15)
 [PSYoungGen: 810720K->1952K(815104K)] 1813212K->1004484K(1839104K), 0.0097500 secs] [Times: user=0.07 sys=0.00, real=0.01 secs] 
1035.664: [GC
Desired survivor size 4194304 bytes, new threshold 15 (max 15)
 [PSYoungGen: 812448K->1152K(814592K)] 1814980K->1003724K(1838592K), 0.0097820 secs] [Times: user=0.05 sys=0.01, real=0.01 secs] 
1035.941: [GC
Desired survivor size 4194304 bytes, new threshold 15 (max 15)
 [PSYoungGen: 811648K->608K(815104K)] 1814220K->1003228K(1839104K), 0.0091270 secs] [Times: user=0.05 sys=0.00, real=0.01 secs] 
1036.204: [GC
Desired survivor size 4194304 bytes, new threshold 15 (max 15)
 [PSYoungGen: 811616K->2016K(815104K)] 1814236K->1004660K(1839104K), 0.0098450 secs] [Times: user=0.06 sys=0.00, real=0.01 secs] 
1036.474: [GC
Desired survivor size 4194304 bytes, new threshold 15 (max 15)
 [PSYoungGen: 813024K->1984K(815104K)] 1815668K->1004660K(1839104K), 0.0095160 secs] [Times: user=0.06 sys=0.00, real=0.01 secs] 
1036.747: [GC
Desired survivor size 4194304 bytes, new threshold 15 (max 15)
 [PSYoungGen: 812992K->2528K(815104K)] 1815668K->1005244K(1839104K), 0.0100970 secs] [Times: user=0.06 sys=0.00, real=0.01 secs] 
1037.012: [GC
Desired survivor size 4194304 bytes, new threshold 15 (max 15)
 [PSYoungGen: 813536K->2080K(815104K)] 1816252K->1004820K(1839104K), 0.0101440 secs] [Times: user=0.06 sys=0.00, real=0.01 secs] 
1037.274: [GC
Desired survivor size 4194304 bytes, new threshold 15 (max 15)
 [PSYoungGen: 813088K->2656K(815104K)] 1815828K->1005428K(1839104K), 0.0104990 secs] [Times: user=0.06 sys=0.00, real=0.01 secs] 
1037.540: [GC
Desired survivor size 4194304 bytes, new threshold 15 (max 15)
 [PSYoungGen: 813664K->1664K(815104K)] 1816436K->1004460K(1839104K), 0.0097480 secs] [Times: user=0.05 sys=0.00, real=0.01 secs] 
1037.821: [GC
Desired survivor size 3670016 bytes, new threshold 15 (max 15)
 [PSYoungGen: 812672K->2272K(815104K)] 1815468K->1005108K(1839104K), 0.0110070 secs] [Times: user=0.06 sys=0.00, real=0.01 secs] 
1038.088: [GC
Desired survivor size 3670016 bytes, new threshold 15 (max 15)
 [PSYoungGen: 813280K->1248K(815616K)] 1816116K->1004124K(1839616K), 0.0095710 secs] [Times: user=0.05 sys=0.00, real=0.01 secs] 
1038.360: [GC
Desired survivor size 3670016 bytes, new threshold 15 (max 15)
 [PSYoungGen: 813280K->928K(815616K)] 1816156K->1003844K(1839616K), 0.0096420 secs] [Times: user=0.06 sys=0.00, real=0.01 secs] 
1038.632: [GC
Desired survivor size 4194304 bytes, new threshold 15 (max 15)
 [PSYoungGen: 812960K->2688K(814592K)] 1815876K->1005644K(1838592K), 0.0100010 secs] [Times: user=0.06 sys=0.00, real=0.01 secs] 
1038.902: [GC
Desired survivor size 4194304 bytes, new threshold 15 (max 15)
 [PSYoungGen: 813696K->2880K(815104K)] 1816652K->1005868K(1839104K), 0.0107780 secs] [Times: user=0.06 sys=0.00, real=0.01 secs] 
1039.169: [GC
Desired survivor size 4194304 bytes, new threshold 15 (max 15)
 [PSYoungGen: 813888K->1280K(815104K)] 1816876K->1004308K(1839104K), 0.0095450 secs] [Times: user=0.05 sys=0.00, real=0.01 secs] 
1039.428: [GC
Desired survivor size 4194304 bytes, new threshold 15 (max 15)
 [PSYoungGen: 812288K->1888K(815104K)] 1815316K->1004948K(1839104K), 0.0100440 secs] [Times: user=0.05 sys=0.00, real=0.01 secs] 
1039.694: [GC
Desired survivor size 3670016 bytes, new threshold 15 (max 15)
 [PSYoungGen: 812896K->1504K(815616K)] 1815956K->1004612K(1839616K), 0.0093890 secs] [Times: user=0.06 sys=0.00, real=0.01 secs] 
1039.971: [GC
Desired survivor size 3670016 bytes, new threshold 15 (max 15)
 [PSYoungGen: 813024K->1728K(815104K)] 1816132K->1004876K(1839104K), 0.0113100 secs] [Times: user=0.05 sys=0.00, real=0.01 secs] 
1040.242: [GC
Desired survivor size 4194304 bytes, new threshold 15 (max 15)
 [PSYoungGen: 813248K->3328K(814592K)] 1816396K->1006516K(1838592K), 0.0113090 secs] [Times: user=0.07 sys=0.00, real=0.01 secs] 
1040.500: [GC
Desired survivor size 4194304 bytes, new threshold 15 (max 15)
 [PSYoungGen: 814336K->1792K(815104K)] 1817524K->1005012K(1839104K), 0.0097850 secs] [Times: user=0.06 sys=0.00, real=0.01 secs] 
1040.773: [GC
Desired survivor size 3670016 bytes, new threshold 15 (max 15)
 [PSYoungGen: 812800K->1824K(815616K)] 1816020K->1005076K(1839616K), 0.0106760 secs] [Times: user=0.06 sys=0.00, real=0.01 secs] 
1041.035: [GC
Desired survivor size 3670016 bytes, new threshold 15 (max 15)
 [PSYoungGen: 813344K->960K(815104K)] 1816596K->1004252K(1839104K), 0.0095790 secs] [Times: user=0.05 sys=0.00, real=0.01 secs] 
1041.301: [GC
Desired survivor size 3670016 bytes, new threshold 15 (max 15)
 [PSYoungGen: 812480K->1376K(815616K)] 1815772K->1004700K(1839616K), 0.0099050 secs] [Times: user=0.06 sys=0.00, real=0.01 secs] 
1041.563: [GC
Desired survivor size 4194304 bytes, new threshold 15 (max 15)
 [PSYoungGen: 813408K->2944K(815104K)] 1816732K->1006284K(1839104K), 0.0102380 secs] [Times: user=0.07 sys=0.00, real=0.01 secs] 
1041.839: [GC
Desired survivor size 4718592 bytes, new threshold 14 (max 15)
 [PSYoungGen: 814976K->4096K(814080K)] 1818316K->1007588K(1838080K), 0.0112260 secs] [Times: user=0.06 sys=0.00, real=0.01 secs] 
1042.112: [GC
Desired survivor size 4718592 bytes, new threshold 15 (max 15)
 [PSYoungGen: 814080K->2496K(814592K)] 1817572K->1006036K(1838592K), 0.0109530 secs] [Times: user=0.05 sys=0.01, real=0.01 secs] 
1042.377: [GC
Desired survivor size 4718592 bytes, new threshold 15 (max 15)
 [PSYoungGen: 812480K->640K(814592K)] 1816020K->1004180K(1838592K), 0.0096800 secs] [Times: user=0.05 sys=0.00, real=0.01 secs] 
1042.647: [GC
Desired survivor size 4718592 bytes, new threshold 15 (max 15)
 [PSYoungGen: 810624K->1920K(814592K)] 1814164K->1005508K(1838592K), 0.0101840 secs] [Times: user=0.05 sys=0.00, real=0.01 secs] 
1042.916: [GC
Desired survivor size 5242880 bytes, new threshold 15 (max 15)
 [PSYoungGen: 811904K->4224K(813568K)] 1815492K->1007852K(1837568K), 0.0113040 secs] [Times: user=0.07 sys=0.00, real=0.01 secs] 
1043.184: [GC
Desired survivor size 5242880 bytes, new threshold 15 (max 15)
 [PSYoungGen: 813184K->1248K(814080K)] 1816812K->1004908K(1838080K), 0.0096020 secs] [Times: user=0.05 sys=0.01, real=0.01 secs] 
1043.440: [GC
Desired survivor size 4718592 bytes, new threshold 15 (max 15)
 [PSYoungGen: 810208K->1728K(814592K)] 1813868K->1005420K(1838592K), 0.0094140 secs] [Times: user=0.05 sys=0.00, real=0.01 secs] 
1043.723: [GC
Desired survivor size 4718592 bytes, new threshold 15 (max 15)
 [PSYoungGen: 811200K->640K(814080K)] 1814892K->1004380K(1838080K), 0.0099750 secs] [Times: user=0.05 sys=0.00, real=0.01 secs] 
1043.990: [GC
Desired survivor size 4718592 bytes, new threshold 15 (max 15)
 [PSYoungGen: 810112K->1664K(814592K)] 1813852K->1005444K(1838592K), 0.0101770 secs] [Times: user=0.07 sys=0.00, real=0.01 secs] 
1044.254: [GC
Desired survivor size 4718592 bytes, new threshold 15 (max 15)
 [PSYoungGen: 811648K->1216K(814592K)] 1815428K->1005036K(1838592K), 0.0096890 secs] [Times: user=0.05 sys=0.00, real=0.01 secs] 
1044.517: [GC
Desired survivor size 4194304 bytes, new threshold 15 (max 15)
 [PSYoungGen: 811200K->1344K(815104K)] 1815020K->1005204K(1839104K), 0.0093580 secs] [Times: user=0.06 sys=0.00, real=0.01 secs] 
1044.793: [GC
Desired survivor size 4718592 bytes, new threshold 15 (max 15)
 [PSYoungGen: 811840K->2752K(814592K)] 1815700K->1006644K(1838592K), 0.0109020 secs] [Times: user=0.07 sys=0.00, real=0.01 secs] 
1045.062: [GC
Desired survivor size 4194304 bytes, new threshold 15 (max 15)
 [PSYoungGen: 813248K->1728K(815104K)] 1817140K->1005644K(1839104K), 0.0098440 secs] [Times: user=0.06 sys=0.00, real=0.01 secs] 
1045.330: [GC
Desired survivor size 4194304 bytes, new threshold 15 (max 15)
 [PSYoungGen: 812224K->1824K(814592K)] 1816140K->1005788K(1838592K), 0.0096280 secs] [Times: user=0.07 sys=0.00, real=0.01 secs] 
1045.596: [GC
Desired survivor size 4194304 bytes, new threshold 15 (max 15)
 [PSYoungGen: 812320K->768K(815104K)] 1816284K->1004796K(1839104K), 0.0093470 secs] [Times: user=0.05 sys=0.00, real=0.01 secs] 
1045.869: [GC
Desired survivor size 4194304 bytes, new threshold 15 (max 15)
 [PSYoungGen: 811776K->1984K(815104K)] 1815804K->1006036K(1839104K), 0.0100480 secs] [Times: user=0.06 sys=0.00, real=0.01 secs] 
1046.139: [GC
Desired survivor size 3670016 bytes, new threshold 15 (max 15)
 [PSYoungGen: 812992K->1984K(815616K)] 1817044K->1006084K(1839616K), 0.0097060 secs] [Times: user=0.06 sys=0.00, real=0.01 secs] 
1046.415: [GC
Desired survivor size 3670016 bytes, new threshold 15 (max 15)
 [PSYoungGen: 813504K->2208K(815104K)] 1817604K->1006340K(1839104K), 0.0096500 secs] [Times: user=0.06 sys=0.00, real=0.01 secs] 
1046.683: [GC
Desired survivor size 3670016 bytes, new threshold 15 (max 15)
 [PSYoungGen: 813728K->1216K(815616K)] 1817860K->1005388K(1839616K), 0.0096050 secs] [Times: user=0.06 sys=0.00, real=0.01 secs] 
1046.956: [GC
Desired survivor size 3670016 bytes, new threshold 15 (max 15)
 [PSYoungGen: 813248K->1600K(815616K)] 1817420K->1005772K(1839616K), 0.0102720 secs] [Times: user=0.06 sys=0.00, real=0.02 secs] 
1047.223: [GC
Desired survivor size 3670016 bytes, new threshold 15 (max 15)
 [PSYoungGen: 813632K->896K(815616K)] 1817804K->1005116K(1839616K), 0.0092020 secs] [Times: user=0.05 sys=0.00, real=0.01 secs] 
1047.490: [GC
Desired survivor size 3670016 bytes, new threshold 15 (max 15)
 [PSYoungGen: 812928K->1216K(815616K)] 1817148K->1005468K(1839616K), 0.0094030 secs] [Times: user=0.05 sys=0.00, real=0.01 secs] 
1047.768: [GC
Desired survivor size 3670016 bytes, new threshold 15 (max 15)
 [PSYoungGen: 813248K->2112K(815616K)] 1817500K->1006420K(1839616K), 0.0101420 secs] [Times: user=0.06 sys=0.00, real=0.01 secs] 
1048.036: [GC
Desired survivor size 3670016 bytes, new threshold 15 (max 15)
 [PSYoungGen: 814144K->736K(815616K)] 1818452K->1005076K(1839616K), 0.0090630 secs] [Times: user=0.05 sys=0.00, real=0.00 secs] 
1048.304: [GC
Desired survivor size 3670016 bytes, new threshold 15 (max 15)
 [PSYoungGen: 812768K->1824K(815616K)] 1817108K->1006196K(1839616K), 0.0102490 secs] [Times: user=0.05 sys=0.01, real=0.01 secs] 
1048.573: [GC
Desired survivor size 3145728 bytes, new threshold 15 (max 15)
 [PSYoungGen: 813856K->1536K(815616K)] 1818228K->1005956K(1839616K), 0.0110700 secs] [Times: user=0.06 sys=0.00, real=0.01 secs] 
1048.837: [GC
Desired survivor size 3145728 bytes, new threshold 15 (max 15)
 [PSYoungGen: 813568K->2016K(816128K)] 1817988K->1006460K(1840128K), 0.0099380 secs] [Times: user=0.06 sys=0.00, real=0.01 secs] 
1049.101: [GC
Desired survivor size 3670016 bytes, new threshold 15 (max 15)
 [PSYoungGen: 815072K->2432K(815616K)] 1819516K->1006908K(1839616K), 0.0097300 secs] [Times: user=0.05 sys=0.00, real=0.01 secs] 
1049.363: [GC
Desired survivor size 4194304 bytes, new threshold 14 (max 15)
 [PSYoungGen: 815488K->3584K(814592K)] 1819964K->1008124K(1838592K), 0.0105650 secs] [Times: user=0.06 sys=0.00, real=0.01 secs] 
1049.632: [GC
Desired survivor size 4194304 bytes, new threshold 15 (max 15)
 [PSYoungGen: 814592K->1536K(815104K)] 1819132K->1006116K(1839104K), 0.0101820 secs] [Times: user=0.07 sys=0.00, real=0.01 secs] 
1049.915: [GC
Desired survivor size 3670016 bytes, new threshold 15 (max 15)
 [PSYoungGen: 812544K->1728K(815616K)] 1817124K->1006308K(1839616K), 0.0097900 secs] [Times: user=0.06 sys=0.00, real=0.01 secs] 
1050.187: [GC
Desired survivor size 3670016 bytes, new threshold 15 (max 15)
 [PSYoungGen: 813248K->1632K(815104K)] 1817828K->1006252K(1839104K), 0.0099990 secs] [Times: user=0.05 sys=0.00, real=0.01 secs] 
1050.452: [GC
Desired survivor size 3670016 bytes, new threshold 15 (max 15)
 [PSYoungGen: 813152K->1248K(815616K)] 1817772K->1005900K(1839616K), 0.0095410 secs] [Times: user=0.05 sys=0.00, real=0.01 secs] 
1050.729: [GC
Desired survivor size 3670016 bytes, new threshold 15 (max 15)
 [PSYoungGen: 813280K->480K(815616K)] 1817932K->1005180K(1839616K), 0.0095440 secs] [Times: user=0.05 sys=0.00, real=0.01 secs] 
1051.002: [GC
Desired survivor size 3670016 bytes, new threshold 15 (max 15)
 [PSYoungGen: 812512K->2432K(815616K)] 1817212K->1007172K(1839616K), 0.0094700 secs] [Times: user=0.06 sys=0.00, real=0.01 secs] 
1051.262: [GC
Desired survivor size 3670016 bytes, new threshold 15 (max 15)
 [PSYoungGen: 814464K->928K(815616K)] 1819204K->1005716K(1839616K), 0.0097240 secs] [Times: user=0.05 sys=0.00, real=0.01 secs] 
1051.529: [GC
Desired survivor size 3670016 bytes, new threshold 15 (max 15)
 [PSYoungGen: 812960K->1408K(815616K)] 1817748K->1006220K(1839616K), 0.0093750 secs] [Times: user=0.05 sys=0.01, real=0.01 secs] 
1051.807: [GC
Desired survivor size 3670016 bytes, new threshold 15 (max 15)
 [PSYoungGen: 813440K->800K(815616K)] 1818252K->1005652K(1839616K), 0.0091000 secs] [Times: user=0.06 sys=0.00, real=0.01 secs] 
1052.073: [GC
Desired survivor size 3670016 bytes, new threshold 15 (max 15)
 [PSYoungGen: 812832K->640K(815616K)] 1817684K->1005532K(1839616K), 0.0105330 secs] [Times: user=0.06 sys=0.00, real=0.01 secs] 
1052.331: [GC
Desired survivor size 4718592 bytes, new threshold 14 (max 15)
 [PSYoungGen: 812672K->3584K(815616K)] 1817564K->1009612K(1839616K), 0.0123320 secs] [Times: user=0.07 sys=0.00, real=0.01 secs] 
1052.604: [GC
Desired survivor size 4194304 bytes, new threshold 15 (max 15)
 [PSYoungGen: 815616K->1824K(814592K)] 1821644K->1007908K(1838592K), 0.0102250 secs] [Times: user=0.06 sys=0.00, real=0.01 secs] 
1052.880: [GC
Desired survivor size 4718592 bytes, new threshold 15 (max 15)
 [PSYoungGen: 812832K->3776K(815104K)] 1818916K->1009860K(1839104K), 0.0106020 secs] [Times: user=0.06 sys=0.00, real=0.01 secs] 
1053.144: [GC
Desired survivor size 5767168 bytes, new threshold 14 (max 15)
 [PSYoungGen: 814784K->4096K(812032K)] 1820868K->1010460K(1836032K), 0.0119550 secs] [Times: user=0.06 sys=0.00, real=0.01 secs] 
1053.414: [GC
Desired survivor size 5242880 bytes, new threshold 15 (max 15)
 [PSYoungGen: 812032K->1696K(813568K)] 1818396K->1008100K(1837568K), 0.0098610 secs] [Times: user=0.06 sys=0.00, real=0.01 secs] 
1053.688: [GC
Desired survivor size 5242880 bytes, new threshold 15 (max 15)
 [PSYoungGen: 809632K->2176K(814080K)] 1816036K->1008580K(1838080K), 0.0100790 secs] [Times: user=0.06 sys=0.00, real=0.01 secs] 
1053.997: [GC
Desired survivor size 5242880 bytes, new threshold 15 (max 15)
 [PSYoungGen: 811136K->3040K(814080K)] 1817540K->1009484K(1838080K), 0.0110150 secs] [Times: user=0.06 sys=0.01, real=0.02 secs] 
1054.265: [GC
Desired survivor size 4718592 bytes, new threshold 15 (max 15)
 [PSYoungGen: 812000K->2240K(814592K)] 1818444K->1008708K(1838592K), 0.0101460 secs] [Times: user=0.06 sys=0.00, real=0.01 secs] 
1054.541: [GC
Desired survivor size 4718592 bytes, new threshold 15 (max 15)
 [PSYoungGen: 811712K->2976K(814080K)] 1818180K->1009476K(1838080K), 0.0110540 secs] [Times: user=0.07 sys=0.00, real=0.01 secs] 
1054.813: [GC
Desired survivor size 4718592 bytes, new threshold 15 (max 15)
 [PSYoungGen: 812448K->1664K(814592K)] 1818948K->1008204K(1838592K), 0.0096400 secs] [Times: user=0.05 sys=0.00, real=0.01 secs] 
1055.067: [GC
Desired survivor size 4718592 bytes, new threshold 15 (max 15)
 [PSYoungGen: 811648K->2528K(814592K)] 1818188K->1009100K(1838592K), 0.0099270 secs] [Times: user=0.06 sys=0.00, real=0.01 secs] 
1055.333: [GC
Desired survivor size 4718592 bytes, new threshold 15 (max 15)
 [PSYoungGen: 812512K->2208K(814592K)] 1819084K->1008796K(1838592K), 0.0101860 secs] [Times: user=0.06 sys=0.00, real=0.01 secs] 
1055.598: [GC
Desired survivor size 4194304 bytes, new threshold 15 (max 15)
 [PSYoungGen: 812192K->2176K(814592K)] 1818780K->1008796K(1838592K), 0.0098570 secs] [Times: user=0.06 sys=0.00, real=0.01 secs] 
1055.874: [GC
Desired survivor size 4718592 bytes, new threshold 15 (max 15)
 [PSYoungGen: 812160K->3808K(814080K)] 1818780K->1010452K(1838080K), 0.0110660 secs] [Times: user=0.07 sys=0.00, real=0.01 secs] 
1056.133: [GC
Desired survivor size 4718592 bytes, new threshold 15 (max 15)
 [PSYoungGen: 813792K->2304K(814592K)] 1820436K->1008980K(1838592K), 0.0110740 secs] [Times: user=0.05 sys=0.00, real=0.01 secs] 
1056.393: [GC
Desired survivor size 4194304 bytes, new threshold 15 (max 15)
 [PSYoungGen: 812288K->2112K(815104K)] 1818964K->1009180K(1839104K), 0.0102700 secs] [Times: user=0.06 sys=0.00, real=0.01 secs] 
1056.659: [GC
Desired survivor size 4194304 bytes, new threshold 15 (max 15)
 [PSYoungGen: 812608K->1344K(814592K)] 1819676K->1008612K(1838592K), 0.0091640 secs] [Times: user=0.06 sys=0.00, real=0.00 secs] 
1056.929: [GC
Desired survivor size 4194304 bytes, new threshold 15 (max 15)
 [PSYoungGen: 811840K->2400K(815104K)] 1819108K->1009740K(1839104K), 0.0101320 secs] [Times: user=0.06 sys=0.00, real=0.01 secs] 
1057.187: [GC
Desired survivor size 4194304 bytes, new threshold 15 (max 15)
 [PSYoungGen: 813408K->1184K(815104K)] 1820748K->1008548K(1839104K), 0.0096260 secs] [Times: user=0.05 sys=0.00, real=0.01 secs] 
1057.454: [GC
Desired survivor size 4194304 bytes, new threshold 15 (max 15)
 [PSYoungGen: 812192K->1888K(815104K)] 1819556K->1009292K(1839104K), 0.0099570 secs] [Times: user=0.06 sys=0.00, real=0.01 secs] 
1057.727: [GC
Desired survivor size 4194304 bytes, new threshold 15 (max 15)
 [PSYoungGen: 812896K->2592K(815104K)] 1820300K->1010044K(1839104K), 0.0113760 secs] [Times: user=0.07 sys=0.00, real=0.01 secs] 
1057.990: [GC
Desired survivor size 4194304 bytes, new threshold 15 (max 15)
 [PSYoungGen: 813600K->1920K(815104K)] 1821052K->1009412K(1839104K), 0.0104580 secs] [Times: user=0.06 sys=0.00, real=0.01 secs] 
1058.287: [GC
Desired survivor size 4194304 bytes, new threshold 15 (max 15)
 [PSYoungGen: 812928K->1408K(815104K)] 1820420K->1008940K(1839104K), 0.0096800 secs] [Times: user=0.05 sys=0.00, real=0.01 secs] 
1058.556: [GC
Desired survivor size 4194304 bytes, new threshold 15 (max 15)
 [PSYoungGen: 812416K->2272K(815104K)] 1819948K->1009820K(1839104K), 0.0098610 secs] [Times: user=0.07 sys=0.01, real=0.01 secs] 
1058.833: [GC
Desired survivor size 4194304 bytes, new threshold 15 (max 15)
 [PSYoungGen: 813280K->1120K(815104K)] 1820828K->1008708K(1839104K), 0.0089920 secs] [Times: user=0.05 sys=0.00, real=0.01 secs] 
1059.099: [GC
Desired survivor size 3670016 bytes, new threshold 15 (max 15)
 [PSYoungGen: 812128K->1888K(815616K)] 1819716K->1009516K(1839616K), 0.0100760 secs] [Times: user=0.06 sys=0.00, real=0.01 secs] 
1059.365: [GC
Desired survivor size 3670016 bytes, new threshold 15 (max 15)
 [PSYoungGen: 813408K->1888K(815104K)] 1821036K->1009564K(1839104K), 0.0096380 secs] [Times: user=0.06 sys=0.00, real=0.01 secs] 
1059.626: [GC
Desired survivor size 3670016 bytes, new threshold 15 (max 15)
 [PSYoungGen: 813408K->2880K(815616K)] 1821084K->1010612K(1839616K), 0.0105870 secs] [Times: user=0.06 sys=0.00, real=0.01 secs] 
1059.904: [GC
Desired survivor size 3670016 bytes, new threshold 15 (max 15)
 [PSYoungGen: 814912K->1888K(815616K)] 1822644K->1009676K(1839616K), 0.0101560 secs] [Times: user=0.05 sys=0.00, real=0.01 secs] 
1060.171: [GC
Desired survivor size 3670016 bytes, new threshold 15 (max 15)
 [PSYoungGen: 813920K->768K(815616K)] 1821708K->1008604K(1839616K), 0.0092430 secs] [Times: user=0.05 sys=0.00, real=0.01 secs] 
1060.439: [GC
Desired survivor size 3670016 bytes, new threshold 15 (max 15)
 [PSYoungGen: 812800K->1280K(815616K)] 1820636K->1009188K(1839616K), 0.0098280 secs] [Times: user=0.05 sys=0.00, real=0.01 secs] 
1060.705: [GC
Desired survivor size 3670016 bytes, new threshold 15 (max 15)
 [PSYoungGen: 813312K->1856K(815616K)] 1821220K->1009796K(1839616K), 0.0141640 secs] [Times: user=0.05 sys=0.00, real=0.02 secs] 
1060.988: [GC
Desired survivor size 3670016 bytes, new threshold 15 (max 15)
 [PSYoungGen: 813888K->1824K(815616K)] 1821828K->1009780K(1839616K), 0.0096560 secs] [Times: user=0.06 sys=0.00, real=0.01 secs] 
1061.252: [GC
Desired survivor size 3670016 bytes, new threshold 15 (max 15)
 [PSYoungGen: 813856K->704K(815616K)] 1821812K->1008708K(1839616K), 0.0090220 secs] [Times: user=0.05 sys=0.00, real=0.01 secs] 
1061.519: [GC
Desired survivor size 3670016 bytes, new threshold 15 (max 15)
 [PSYoungGen: 812736K->1536K(815616K)] 1820740K->1009588K(1839616K), 0.0098770 secs] [Times: user=0.06 sys=0.00, real=0.01 secs] 
1061.796: [GC
Desired survivor size 3145728 bytes, new threshold 15 (max 15)
 [PSYoungGen: 813568K->1856K(816128K)] 1821620K->1009948K(1840128K), 0.0099020 secs] [Times: user=0.07 sys=0.00, real=0.01 secs] 
1062.056: [GC
Desired survivor size 3670016 bytes, new threshold 15 (max 15)
 [PSYoungGen: 814400K->2912K(815616K)] 1822492K->1011044K(1839616K), 0.0104500 secs] [Times: user=0.07 sys=0.00, real=0.01 secs] 
1062.320: [GC
Desired survivor size 3670016 bytes, new threshold 15 (max 15)
 [PSYoungGen: 815456K->1504K(815616K)] 1823588K->1009668K(1839616K), 0.0100800 secs] [Times: user=0.05 sys=0.00, real=0.01 secs] 
1062.589: [GC
Desired survivor size 3670016 bytes, new threshold 15 (max 15)
 [PSYoungGen: 813536K->1568K(815616K)] 1821700K->1009780K(1839616K), 0.0094790 secs] [Times: user=0.06 sys=0.00, real=0.00 secs] 
1062.864: [GC
Desired survivor size 3670016 bytes, new threshold 15 (max 15)
 [PSYoungGen: 813600K->864K(815616K)] 1821812K->1009116K(1839616K), 0.0098340 secs] [Times: user=0.05 sys=0.00, real=0.01 secs] 
1063.134: [GC
Desired survivor size 3670016 bytes, new threshold 15 (max 15)
 [PSYoungGen: 812896K->1344K(815616K)] 1821148K->1009628K(1839616K), 0.0096270 secs] [Times: user=0.06 sys=0.00, real=0.01 secs] 
1063.403: [GC
Desired survivor size 3145728 bytes, new threshold 15 (max 15)
 [PSYoungGen: 813376K->1120K(816128K)] 1821660K->1009428K(1840128K), 0.0090280 secs] [Times: user=0.05 sys=0.00, real=0.01 secs] 
1063.668: [GC
Desired survivor size 3145728 bytes, new threshold 15 (max 15)
 [PSYoungGen: 813664K->1600K(815616K)] 1821972K->1009940K(1839616K), 0.0098580 secs] [Times: user=0.06 sys=0.00, real=0.01 secs] 
1063.948: [GC
Desired survivor size 3145728 bytes, new threshold 15 (max 15)
 [PSYoungGen: 814144K->1440K(816128K)] 1822484K->1009820K(1840128K), 0.0097310 secs] [Times: user=0.05 sys=0.00, real=0.01 secs] 
1064.214: [GC
Desired survivor size 3145728 bytes, new threshold 15 (max 15)
 [PSYoungGen: 814496K->1376K(816128K)] 1822876K->1009804K(1840128K), 0.0097430 secs] [Times: user=0.06 sys=0.00, real=0.01 secs] 
1064.475: [GC
Desired survivor size 3145728 bytes, new threshold 15 (max 15)
 [PSYoungGen: 814432K->2688K(816128K)] 1822860K->1011140K(1840128K), 0.0097640 secs] [Times: user=0.06 sys=0.00, real=0.01 secs] 
1064.742: [GC
Desired survivor size 4194304 bytes, new threshold 14 (max 15)
 [PSYoungGen: 815744K->3072K(816128K)] 1824196K->1012596K(1840128K), 0.0110900 secs] [Times: user=0.07 sys=0.00, real=0.01 secs] 
1065.009: [GC
Desired survivor size 4718592 bytes, new threshold 13 (max 15)
 [PSYoungGen: 816128K->3072K(813056K)] 1825652K->1013148K(1837056K), 0.0109100 secs] [Times: user=0.07 sys=0.00, real=0.01 secs] 
1065.270: [GC
Desired survivor size 4718592 bytes, new threshold 14 (max 15)
 [PSYoungGen: 813056K->2944K(814592K)] 1823132K->1013108K(1838592K), 0.0105550 secs] [Times: user=0.06 sys=0.00, real=0.01 secs] 
1065.536: [GC
Desired survivor size 4718592 bytes, new threshold 15 (max 15)
 [PSYoungGen: 812928K->1600K(814592K)] 1823092K->1011764K(1838592K), 0.0098720 secs] [Times: user=0.05 sys=0.00, real=0.01 secs] 
1065.817: [GC
Desired survivor size 4194304 bytes, new threshold 15 (max 15)
 [PSYoungGen: 811584K->2016K(814592K)] 1821748K->1012180K(1838592K), 0.0098870 secs] [Times: user=0.06 sys=0.00, real=0.01 secs] 
1066.087: [GC
Desired survivor size 4194304 bytes, new threshold 15 (max 15)
 [PSYoungGen: 812000K->2496K(815104K)] 1822164K->1012692K(1839104K), 0.0106060 secs] [Times: user=0.06 sys=0.00, real=0.01 secs] 
1066.348: [GC
Desired survivor size 4718592 bytes, new threshold 15 (max 15)
 [PSYoungGen: 813504K->3200K(814592K)] 1823700K->1013436K(1838592K), 0.0099840 secs] [Times: user=0.06 sys=0.00, real=0.01 secs] 
1066.615: [GC
Desired survivor size 4194304 bytes, new threshold 14 (max 15)
 [PSYoungGen: 814208K->2144K(815104K)] 1824444K->1012428K(1839104K), 0.0582160 secs] [Times: user=0.07 sys=0.00, real=0.06 secs] 
1066.945: [GC
Desired survivor size 4194304 bytes, new threshold 13 (max 15)
 [PSYoungGen: 812640K->1952K(814592K)] 1822924K->1012332K(1838592K), 0.1022480 secs] [Times: user=0.10 sys=0.01, real=0.10 secs] 
1067.304: [GC
Desired survivor size 4194304 bytes, new threshold 12 (max 15)
 [PSYoungGen: 812448K->2144K(815104K)] 1822828K->1012572K(1839104K), 0.0097060 secs] [Times: user=0.05 sys=0.01, real=0.01 secs] 
1067.573: [GC
Desired survivor size 4194304 bytes, new threshold 11 (max 15)
 [PSYoungGen: 813152K->800K(815104K)] 1823580K->1011572K(1839104K), 0.0106070 secs] [Times: user=0.07 sys=0.00, real=0.01 secs] 
1067.852: [GC
Desired survivor size 4194304 bytes, new threshold 10 (max 15)
 [PSYoungGen: 811808K->2112K(815104K)] 1822580K->1012940K(1839104K), 0.0101910 secs] [Times: user=0.06 sys=0.00, real=0.01 secs] 
1068.201: [GC
Desired survivor size 4194304 bytes, new threshold 9 (max 15)
 [PSYoungGen: 813120K->2560K(815104K)] 1823948K->1013492K(1839104K), 0.0099220 secs] [Times: user=0.06 sys=0.00, real=0.01 secs] 
1068.484: [GC
Desired survivor size 3670016 bytes, new threshold 9 (max 15)
 [PSYoungGen: 813568K->1824K(815616K)] 1824500K->1012804K(1839616K), 0.0103770 secs] [Times: user=0.05 sys=0.00, real=0.01 secs] 
1068.762: [GC
Desired survivor size 3670016 bytes, new threshold 9 (max 15)
 [PSYoungGen: 813344K->1344K(815104K)] 1824324K->1012372K(1839104K), 0.0095030 secs] [Times: user=0.06 sys=0.00, real=0.01 secs] 
1069.025: [GC
Desired survivor size 3670016 bytes, new threshold 10 (max 15)
 [PSYoungGen: 812864K->2240K(815616K)] 1823892K->1013308K(1839616K), 0.0098290 secs] [Times: user=0.05 sys=0.00, real=0.01 secs] 
1069.290: [GC
Desired survivor size 3670016 bytes, new threshold 11 (max 15)
 [PSYoungGen: 814272K->2464K(815616K)] 1825340K->1013532K(1839616K), 0.0104060 secs] [Times: user=0.07 sys=0.00, real=0.02 secs] 
1069.557: [GC
Desired survivor size 3670016 bytes, new threshold 12 (max 15)
 [PSYoungGen: 814496K->1280K(815616K)] 1825564K->1012348K(1839616K), 0.0095930 secs] [Times: user=0.06 sys=0.00, real=0.01 secs] 
1069.829: [GC
Desired survivor size 3670016 bytes, new threshold 13 (max 15)
 [PSYoungGen: 813312K->1696K(815616K)] 1824380K->1012764K(1839616K), 0.0098800 secs] [Times: user=0.06 sys=0.01, real=0.01 secs] 
1070.098: [GC
Desired survivor size 3670016 bytes, new threshold 14 (max 15)
 [PSYoungGen: 813728K->576K(815616K)] 1824796K->1011644K(1839616K), 0.0092150 secs] [Times: user=0.05 sys=0.00, real=0.01 secs] 
1070.354: [GC
Desired survivor size 3670016 bytes, new threshold 15 (max 15)
 [PSYoungGen: 812608K->1920K(815616K)] 1823676K->1012988K(1839616K), 0.0097310 secs] [Times: user=0.06 sys=0.00, real=0.01 secs] 
1070.624: [GC
Desired survivor size 3670016 bytes, new threshold 15 (max 15)
 [PSYoungGen: 813952K->608K(815616K)] 1825020K->1011676K(1839616K), 0.0094220 secs] [Times: user=0.06 sys=0.00, real=0.01 secs] 
1070.895: [GC
Desired survivor size 3670016 bytes, new threshold 15 (max 15)
 [PSYoungGen: 812640K->992K(815616K)] 1823708K->1012100K(1839616K), 0.0096360 secs] [Times: user=0.06 sys=0.00, real=0.01 secs] 
1071.164: [GC
Desired survivor size 3670016 bytes, new threshold 15 (max 15)
 [PSYoungGen: 813024K->2240K(815616K)] 1824132K->1013380K(1839616K), 0.0103960 secs] [Times: user=0.06 sys=0.00, real=0.01 secs] 
1071.494: [GC
Desired survivor size 4194304 bytes, new threshold 15 (max 15)
 [PSYoungGen: 814272K->3072K(815104K)] 1825412K->1014244K(1839104K), 0.0113850 secs] [Times: user=0.05 sys=0.00, real=0.01 secs] 
1071.802: [GC
Desired survivor size 4194304 bytes, new threshold 15 (max 15)
 [PSYoungGen: 815104K->1248K(815104K)] 1826276K->1012468K(1839104K), 0.0095390 secs] [Times: user=0.05 sys=0.00, real=0.01 secs] 
1072.066: [GC
Desired survivor size 3670016 bytes, new threshold 15 (max 15)
 [PSYoungGen: 812256K->1504K(815104K)] 1823476K->1012748K(1839104K), 0.0093800 secs] [Times: user=0.05 sys=0.00, real=0.01 secs] 
1072.337: [GC
Desired survivor size 3670016 bytes, new threshold 15 (max 15)
 [PSYoungGen: 812512K->1952K(815616K)] 1823756K->1013220K(1839616K), 0.0098350 secs] [Times: user=0.07 sys=0.00, real=0.01 secs] 
1072.607: [GC
Desired survivor size 3670016 bytes, new threshold 15 (max 15)
 [PSYoungGen: 813984K->1120K(815616K)] 1825252K->1012420K(1839616K), 0.0098880 secs] [Times: user=0.05 sys=0.00, real=0.01 secs] 
1072.879: [GC
Desired survivor size 3670016 bytes, new threshold 15 (max 15)
 [PSYoungGen: 813152K->2208K(815616K)] 1824452K->1013548K(1839616K), 0.0101300 secs] [Times: user=0.06 sys=0.00, real=0.01 secs] 
1073.149: [GC
Desired survivor size 3670016 bytes, new threshold 15 (max 15)
 [PSYoungGen: 814240K->1696K(815616K)] 1825580K->1013076K(1839616K), 0.0099180 secs] [Times: user=0.06 sys=0.00, real=0.01 secs] 
1073.415: [GC
Desired survivor size 3670016 bytes, new threshold 15 (max 15)
 [PSYoungGen: 813728K->2336K(815616K)] 1825108K->1013740K(1839616K), 0.0103580 secs] [Times: user=0.06 sys=0.00, real=0.01 secs] 
1073.683: [GC
Desired survivor size 3670016 bytes, new threshold 15 (max 15)
 [PSYoungGen: 814368K->2432K(815616K)] 1825772K->1013876K(1839616K), 0.0106850 secs] [Times: user=0.06 sys=0.00, real=0.01 secs] 
1074.003: [GC
Desired survivor size 3670016 bytes, new threshold 15 (max 15)
 [PSYoungGen: 814464K->2368K(815616K)] 1825908K->1013844K(1839616K), 0.0104290 secs] [Times: user=0.06 sys=0.00, real=0.01 secs] 
1074.269: [GC
Desired survivor size 3670016 bytes, new threshold 15 (max 15)
 [PSYoungGen: 814400K->2624K(815616K)] 1825876K->1014140K(1839616K), 0.0101850 secs] [Times: user=0.06 sys=0.00, real=0.01 secs] 
1074.535: [GC
Desired survivor size 4194304 bytes, new threshold 15 (max 15)
 [PSYoungGen: 814656K->3008K(814592K)] 1826172K->1014540K(1838592K), 0.0149050 secs] [Times: user=0.06 sys=0.00, real=0.01 secs] 
1074.817: [GC
Desired survivor size 4194304 bytes, new threshold 15 (max 15)
 [PSYoungGen: 814016K->1792K(815104K)] 1825548K->1013364K(1839104K), 0.0098010 secs] [Times: user=0.06 sys=0.00, real=0.01 secs] 
1075.081: [GC
Desired survivor size 4194304 bytes, new threshold 15 (max 15)
 [PSYoungGen: 812800K->2880K(815104K)] 1824372K->1014508K(1839104K), 0.0110380 secs] [Times: user=0.07 sys=0.00, real=0.01 secs] 
1075.341: [GC
Desired survivor size 4718592 bytes, new threshold 15 (max 15)
 [PSYoungGen: 813888K->4096K(815104K)] 1825516K->1015796K(1839104K), 0.0107150 secs] [Times: user=0.06 sys=0.00, real=0.01 secs] 
1075.608: [GC
Desired survivor size 4718592 bytes, new threshold 15 (max 15)
 [PSYoungGen: 815104K->2016K(814080K)] 1826804K->1013740K(1838080K), 0.0097920 secs] [Times: user=0.06 sys=0.00, real=0.01 secs] 
1075.877: [GC
Desired survivor size 4194304 bytes, new threshold 15 (max 15)
 [PSYoungGen: 812000K->2336K(814592K)] 1823724K->1014092K(1838592K), 0.0100770 secs] [Times: user=0.06 sys=0.00, real=0.01 secs] 
1076.139: [GC
Desired survivor size 4194304 bytes, new threshold 15 (max 15)
 [PSYoungGen: 812320K->1312K(815104K)] 1824076K->1013100K(1839104K), 0.0097390 secs] [Times: user=0.06 sys=0.00, real=0.01 secs] 
1076.409: [GC
Desired survivor size 4194304 bytes, new threshold 15 (max 15)
 [PSYoungGen: 812320K->1312K(815104K)] 1824108K->1013124K(1839104K), 0.0093520 secs] [Times: user=0.06 sys=0.00, real=0.01 secs] 
1076.673: [GC
Desired survivor size 4194304 bytes, new threshold 15 (max 15)
 [PSYoungGen: 812320K->1824K(815104K)] 1824132K->1013676K(1839104K), 0.0099850 secs] [Times: user=0.06 sys=0.00, real=0.01 secs] 
1076.947: [GC
Desired survivor size 4194304 bytes, new threshold 15 (max 15)
 [PSYoungGen: 812832K->2976K(815104K)] 1824684K->1014868K(1839104K), 0.0108260 secs] [Times: user=0.06 sys=0.01, real=0.01 secs] 
1077.212: [GC
Desired survivor size 4194304 bytes, new threshold 15 (max 15)
 [PSYoungGen: 813984K->1216K(815104K)] 1825876K->1013132K(1839104K), 0.0100840 secs] [Times: user=0.05 sys=0.00, real=0.01 secs] 
1077.478: [GC
Desired survivor size 4194304 bytes, new threshold 15 (max 15)
 [PSYoungGen: 812224K->2432K(815104K)] 1824140K->1014396K(1839104K), 0.0104510 secs] [Times: user=0.06 sys=0.00, real=0.01 secs] 
1077.751: [GC
Desired survivor size 4194304 bytes, new threshold 15 (max 15)
 [PSYoungGen: 813440K->2272K(815104K)] 1825404K->1014260K(1839104K), 0.0106670 secs] [Times: user=0.05 sys=0.00, real=0.01 secs] 
1078.012: [GC
Desired survivor size 4194304 bytes, new threshold 15 (max 15)
 [PSYoungGen: 813280K->2752K(815104K)] 1825268K->1014764K(1839104K), 0.0104360 secs] [Times: user=0.06 sys=0.00, real=0.01 secs] 
1078.276: [GC
Desired survivor size 4194304 bytes, new threshold 15 (max 15)
 [PSYoungGen: 813760K->1472K(815104K)] 1825772K->1013524K(1839104K), 0.0096480 secs] [Times: user=0.06 sys=0.00, real=0.01 secs] 
1078.536: [GC
Desired survivor size 4194304 bytes, new threshold 15 (max 15)
 [PSYoungGen: 812480K->1792K(815104K)] 1824532K->1013892K(1839104K), 0.0099750 secs] [Times: user=0.06 sys=0.00, real=0.01 secs] 
1078.824: [GC
Desired survivor size 4194304 bytes, new threshold 15 (max 15)
 [PSYoungGen: 812800K->1440K(815104K)] 1824900K->1013580K(1839104K), 0.0102800 secs] [Times: user=0.06 sys=0.00, real=0.01 secs] 
1079.091: [GC
Desired survivor size 4194304 bytes, new threshold 15 (max 15)
 [PSYoungGen: 812448K->1056K(815104K)] 1824588K->1013236K(1839104K), 0.0097200 secs] [Times: user=0.05 sys=0.00, real=0.01 secs] 
1079.353: [GC
Desired survivor size 4194304 bytes, new threshold 15 (max 15)
 [PSYoungGen: 812064K->2336K(815104K)] 1824244K->1014548K(1839104K), 0.0098000 secs] [Times: user=0.05 sys=0.00, real=0.01 secs] 
1079.622: [GC
Desired survivor size 4194304 bytes, new threshold 15 (max 15)
 [PSYoungGen: 813344K->3520K(815104K)] 1825556K->1015756K(1839104K), 0.0112970 secs] [Times: user=0.07 sys=0.00, real=0.01 secs] 
1079.893: [GC
Desired survivor size 4194304 bytes, new threshold 15 (max 15)
 [PSYoungGen: 814528K->2176K(815104K)] 1826764K->1014460K(1839104K), 0.0102480 secs] [Times: user=0.07 sys=0.00, real=0.01 secs] 
1080.162: [GC
Desired survivor size 4194304 bytes, new threshold 15 (max 15)
 [PSYoungGen: 813184K->1856K(815104K)] 1825468K->1014188K(1839104K), 0.0095660 secs] [Times: user=0.05 sys=0.00, real=0.01 secs] 
1080.429: [GC
Desired survivor size 4194304 bytes, new threshold 15 (max 15)
 [PSYoungGen: 812864K->1792K(815104K)] 1825196K->1014148K(1839104K), 0.0097720 secs] [Times: user=0.06 sys=0.01, real=0.01 secs] 
1080.694: [GC
Desired survivor size 3670016 bytes, new threshold 15 (max 15)
 [PSYoungGen: 812800K->1536K(815104K)] 1825156K->1013924K(1839104K), 0.0101940 secs] [Times: user=0.05 sys=0.00, real=0.01 secs] 
1080.969: [GC
Desired survivor size 3670016 bytes, new threshold 15 (max 15)
 [PSYoungGen: 812544K->2400K(815616K)] 1824932K->1014828K(1839616K), 0.0113460 secs] [Times: user=0.07 sys=0.01, real=0.01 secs] 
1081.237: [GC
Desired survivor size 3670016 bytes, new threshold 15 (max 15)
 [PSYoungGen: 814432K->1056K(815616K)] 1826860K->1013524K(1839616K), 0.0097030 secs] [Times: user=0.05 sys=0.00, real=0.01 secs] 
1081.498: [GC
Desired survivor size 3670016 bytes, new threshold 15 (max 15)
 [PSYoungGen: 813088K->1984K(815616K)] 1825556K->1014500K(1839616K), 0.0100690 secs] [Times: user=0.06 sys=0.00, real=0.01 secs] 
1081.770: [GC
Desired survivor size 3670016 bytes, new threshold 15 (max 15)
 [PSYoungGen: 814016K->2304K(815616K)] 1826532K->1014844K(1839616K), 0.0097650 secs] [Times: user=0.06 sys=0.00, real=0.01 secs] 
1082.029: [GC
Desired survivor size 4194304 bytes, new threshold 14 (max 15)
 [PSYoungGen: 814336K->3584K(814592K)] 1826876K->1016612K(1838592K), 0.0110190 secs] [Times: user=0.07 sys=0.00, real=0.01 secs] 
1082.294: [GC
Desired survivor size 4194304 bytes, new threshold 15 (max 15)
 [PSYoungGen: 814592K->1536K(815104K)] 1827620K->1014612K(1839104K), 0.0102200 secs] [Times: user=0.06 sys=0.00, real=0.01 secs] 
1082.570: [GC
Desired survivor size 4194304 bytes, new threshold 15 (max 15)
 [PSYoungGen: 812544K->1888K(815104K)] 1825620K->1014964K(1839104K), 0.0105410 secs] [Times: user=0.06 sys=0.01, real=0.01 secs] 
1082.843: [GC
Desired survivor size 4194304 bytes, new threshold 15 (max 15)
 [PSYoungGen: 812896K->2848K(815104K)] 1825972K->1015964K(1839104K), 0.0107760 secs] [Times: user=0.07 sys=0.00, real=0.01 secs] 
1083.111: [GC
Desired survivor size 4194304 bytes, new threshold 15 (max 15)
 [PSYoungGen: 813856K->2272K(815104K)] 1826972K->1015444K(1839104K), 0.0100920 secs] [Times: user=0.06 sys=0.00, real=0.01 secs] 
1083.394: [GC
Desired survivor size 4194304 bytes, new threshold 15 (max 15)
 [PSYoungGen: 813280K->1504K(815104K)] 1826452K->1014708K(1839104K), 0.0094140 secs] [Times: user=0.07 sys=0.00, real=0.01 secs] 
1083.665: [GC
Desired survivor size 4194304 bytes, new threshold 15 (max 15)
 [PSYoungGen: 812512K->1920K(815104K)] 1825716K->1015164K(1839104K), 0.0101170 secs] [Times: user=0.05 sys=0.01, real=0.01 secs] 
1083.930: [GC
Desired survivor size 4718592 bytes, new threshold 14 (max 15)
 [PSYoungGen: 812928K->4096K(815104K)] 1826172K->1017556K(1839104K), 0.0113320 secs] [Times: user=0.07 sys=0.00, real=0.01 secs] 
1084.197: [GC
Desired survivor size 4718592 bytes, new threshold 15 (max 15)
 [PSYoungGen: 815104K->2400K(814080K)] 1828564K->1015900K(1838080K), 0.0102460 secs] [Times: user=0.06 sys=0.00, real=0.01 secs] 
1084.456: [GC
Desired survivor size 4194304 bytes, new threshold 15 (max 15)
 [PSYoungGen: 812384K->2368K(814592K)] 1825884K->1015868K(1838592K), 0.0098640 secs] [Times: user=0.06 sys=0.00, real=0.01 secs] 
1084.728: [GC
Desired survivor size 4194304 bytes, new threshold 15 (max 15)
 [PSYoungGen: 812352K->2432K(815104K)] 1825852K->1015956K(1839104K), 0.0099330 secs] [Times: user=0.06 sys=0.00, real=0.01 secs] 
1084.994: [GC
Desired survivor size 4194304 bytes, new threshold 15 (max 15)
 [PSYoungGen: 813440K->768K(815104K)] 1826964K->1014348K(1839104K), 0.0099620 secs] [Times: user=0.05 sys=0.00, real=0.01 secs] 
1085.259: [GC
Desired survivor size 4194304 bytes, new threshold 15 (max 15)
 [PSYoungGen: 811776K->1344K(815104K)] 1825356K->1014956K(1839104K), 0.0096070 secs] [Times: user=0.06 sys=0.01, real=0.01 secs] 
1085.520: [GC
Desired survivor size 4194304 bytes, new threshold 15 (max 15)
 [PSYoungGen: 812352K->1152K(815104K)] 1825964K->1014804K(1839104K), 0.0096850 secs] [Times: user=0.05 sys=0.01, real=0.01 secs] 
1085.795: [GC
Desired survivor size 4194304 bytes, new threshold 15 (max 15)
 [PSYoungGen: 812160K->2432K(815104K)] 1825812K->1016108K(1839104K), 0.0105180 secs] [Times: user=0.06 sys=0.00, real=0.01 secs] 
1086.059: [GC
Desired survivor size 4194304 bytes, new threshold 15 (max 15)
 [PSYoungGen: 813440K->2656K(815104K)] 1827116K->1016516K(1839104K), 0.0110250 secs] [Times: user=0.06 sys=0.00, real=0.01 secs] 
1086.327: [GC
Desired survivor size 4194304 bytes, new threshold 15 (max 15)
 [PSYoungGen: 813664K->2048K(815104K)] 1827524K->1015948K(1839104K), 0.0102530 secs] [Times: user=0.06 sys=0.00, real=0.01 secs] 
1086.596: [GC
Desired survivor size 4194304 bytes, new threshold 15 (max 15)
 [PSYoungGen: 813056K->2720K(815104K)] 1826956K->1016652K(1839104K), 0.0100710 secs] [Times: user=0.06 sys=0.00, real=0.01 secs] 
1086.870: [GC
Desired survivor size 4194304 bytes, new threshold 15 (max 15)
 [PSYoungGen: 813728K->2464K(815104K)] 1827660K->1016436K(1839104K), 0.0106490 secs] [Times: user=0.06 sys=0.00, real=0.01 secs] 
1087.140: [GC
Desired survivor size 4194304 bytes, new threshold 15 (max 15)
 [PSYoungGen: 813472K->1216K(815104K)] 1827444K->1015228K(1839104K), 0.0098810 secs] [Times: user=0.06 sys=0.00, real=0.01 secs] 
1087.408: [GC
Desired survivor size 4194304 bytes, new threshold 15 (max 15)
 [PSYoungGen: 812224K->2400K(815104K)] 1826236K->1016444K(1839104K), 0.0103560 secs] [Times: user=0.07 sys=0.00, real=0.01 secs] 
1087.669: [GC
Desired survivor size 3670016 bytes, new threshold 15 (max 15)
 [PSYoungGen: 813408K->2048K(815104K)] 1827452K->1016180K(1839104K), 0.0110810 secs] [Times: user=0.06 sys=0.00, real=0.01 secs] 
1087.941: [GC
Desired survivor size 3670016 bytes, new threshold 15 (max 15)
 [PSYoungGen: 813056K->1248K(815616K)] 1827188K->1015404K(1839616K), 0.0095420 secs] [Times: user=0.06 sys=0.00, real=0.01 secs] 
1088.211: [GC
Desired survivor size 3670016 bytes, new threshold 15 (max 15)
 [PSYoungGen: 813280K->1120K(815616K)] 1827436K->1015308K(1839616K), 0.0101320 secs] [Times: user=0.06 sys=0.00, real=0.01 secs] 
1088.471: [GC
Desired survivor size 3670016 bytes, new threshold 15 (max 15)
 [PSYoungGen: 813152K->2112K(815616K)] 1827340K->1016316K(1839616K), 0.0102390 secs] [Times: user=0.06 sys=0.00, real=0.01 secs] 
1088.745: [GC
Desired survivor size 3670016 bytes, new threshold 15 (max 15)
 [PSYoungGen: 814144K->1472K(815616K)] 1828348K->1015716K(1839616K), 0.0100900 secs] [Times: user=0.06 sys=0.00, real=0.01 secs] 
1089.011: [GC
Desired survivor size 4194304 bytes, new threshold 15 (max 15)
 [PSYoungGen: 813504K->3360K(814592K)] 1827748K->1017644K(1838592K), 0.0109130 secs] [Times: user=0.07 sys=0.00, real=0.01 secs] 
1089.274: [GC
Desired survivor size 4194304 bytes, new threshold 15 (max 15)
 [PSYoungGen: 814368K->1280K(815104K)] 1828652K->1015588K(1839104K), 0.0104750 secs] [Times: user=0.05 sys=0.00, real=0.01 secs] 
1089.541: [GC
Desired survivor size 4194304 bytes, new threshold 15 (max 15)
 [PSYoungGen: 812288K->1312K(815104K)] 1826596K->1015644K(1839104K), 0.0098190 secs] [Times: user=0.06 sys=0.00, real=0.01 secs] 
1089.815: [GC
Desired survivor size 3670016 bytes, new threshold 15 (max 15)
 [PSYoungGen: 812320K->1760K(815104K)] 1826652K->1016132K(1839104K), 0.0098880 secs] [Times: user=0.06 sys=0.00, real=0.01 secs] 
1090.085: [GC
Desired survivor size 3670016 bytes, new threshold 15 (max 15)
 [PSYoungGen: 812768K->1664K(815616K)] 1827140K->1016060K(1839616K), 0.0101090 secs] [Times: user=0.06 sys=0.00, real=0.01 secs] 
1090.354: [GC
Desired survivor size 3670016 bytes, new threshold 15 (max 15)
 [PSYoungGen: 813696K->2496K(815616K)] 1828092K->1016932K(1839616K), 0.0103560 secs] [Times: user=0.06 sys=0.00, real=0.02 secs] 
1090.611: [GC
Desired survivor size 3670016 bytes, new threshold 15 (max 15)
 [PSYoungGen: 814528K->1696K(815616K)] 1828964K->1016164K(1839616K), 0.0099890 secs] [Times: user=0.05 sys=0.00, real=0.01 secs] 
1090.879: [GC
Desired survivor size 3670016 bytes, new threshold 15 (max 15)
 [PSYoungGen: 813728K->2208K(815616K)] 1828196K->1016708K(1839616K), 0.0104120 secs] [Times: user=0.06 sys=0.00, real=0.01 secs] 
1091.151: [GC
Desired survivor size 3670016 bytes, new threshold 15 (max 15)
 [PSYoungGen: 814240K->1472K(815616K)] 1828740K->1016012K(1839616K), 0.0095230 secs] [Times: user=0.06 sys=0.00, real=0.01 secs] 
1091.418: [GC
Desired survivor size 3670016 bytes, new threshold 15 (max 15)
 [PSYoungGen: 813504K->1152K(815616K)] 1828044K->1015732K(1839616K), 0.0094920 secs] [Times: user=0.05 sys=0.00, real=0.01 secs] 
1091.686: [GC
Desired survivor size 3670016 bytes, new threshold 15 (max 15)
 [PSYoungGen: 813184K->1312K(815616K)] 1827764K->1015924K(1839616K), 0.0096610 secs] [Times: user=0.04 sys=0.00, real=0.01 secs] 
1091.960: [GC
Desired survivor size 3670016 bytes, new threshold 15 (max 15)
 [PSYoungGen: 813344K->1312K(815616K)] 1827956K->1015940K(1839616K), 0.0097460 secs] [Times: user=0.05 sys=0.00, real=0.01 secs] 
1092.230: [GC
Desired survivor size 3670016 bytes, new threshold 15 (max 15)
 [PSYoungGen: 813344K->576K(815616K)] 1827972K->1015252K(1839616K), 0.0090210 secs] [Times: user=0.05 sys=0.00, real=0.01 secs] 
1092.495: [GC
Desired survivor size 3670016 bytes, new threshold 15 (max 15)
 [PSYoungGen: 812608K->960K(815616K)] 1827284K->1015676K(1839616K), 0.0094360 secs] [Times: user=0.05 sys=0.00, real=0.01 secs] 
1092.770: [GC
Desired survivor size 3145728 bytes, new threshold 15 (max 15)
 [PSYoungGen: 812992K->1184K(816128K)] 1827708K->1015916K(1840128K), 0.0092800 secs] [Times: user=0.05 sys=0.01, real=0.01 secs] 
1093.035: [GC
Desired survivor size 3670016 bytes, new threshold 15 (max 15)
 [PSYoungGen: 813728K->2912K(815616K)] 1828460K->1017676K(1839616K), 0.0102440 secs] [Times: user=0.06 sys=0.00, real=0.01 secs] 
1093.296: [GC
Desired survivor size 3670016 bytes, new threshold 15 (max 15)
 [PSYoungGen: 815456K->1856K(815616K)] 1830220K->1016652K(1839616K), 0.0105880 secs] [Times: user=0.05 sys=0.00, real=0.01 secs] 
1093.556: [GC
Desired survivor size 3670016 bytes, new threshold 15 (max 15)
 [PSYoungGen: 813888K->1472K(815616K)] 1828684K->1016284K(1839616K), 0.0101900 secs] [Times: user=0.05 sys=0.00, real=0.01 secs] 
1093.828: [GC
Desired survivor size 3670016 bytes, new threshold 15 (max 15)
 [PSYoungGen: 813504K->2208K(815616K)] 1828316K->1017060K(1839616K), 0.0103920 secs] [Times: user=0.06 sys=0.00, real=0.01 secs] 
1094.142: [GC
Desired survivor size 3670016 bytes, new threshold 15 (max 15)
 [PSYoungGen: 814240K->3008K(815616K)] 1829092K->1017884K(1839616K), 0.0100510 secs] [Times: user=0.06 sys=0.00, real=0.01 secs] 
1094.405: [GC
Desired survivor size 3670016 bytes, new threshold 15 (max 15)
 [PSYoungGen: 815040K->1856K(815616K)] 1829916K->1016780K(1839616K), 0.0100420 secs] [Times: user=0.06 sys=0.00, real=0.01 secs] 
1094.675: [GC
Desired survivor size 3670016 bytes, new threshold 15 (max 15)
 [PSYoungGen: 813888K->2304K(815616K)] 1828812K->1017260K(1839616K), 0.0096440 secs] [Times: user=0.06 sys=0.01, real=0.01 secs] 
1094.951: [GC
Desired survivor size 3670016 bytes, new threshold 15 (max 15)
 [PSYoungGen: 814336K->1472K(815616K)] 1829292K->1016444K(1839616K), 0.0093940 secs] [Times: user=0.05 sys=0.00, real=0.01 secs] 
1095.217: [GC
Desired survivor size 3670016 bytes, new threshold 15 (max 15)
 [PSYoungGen: 813504K->2720K(815616K)] 1828476K->1017716K(1839616K), 0.0102800 secs] [Times: user=0.06 sys=0.00, real=0.01 secs] 
1095.481: [GC
Desired survivor size 3670016 bytes, new threshold 15 (max 15)
 [PSYoungGen: 814752K->768K(815616K)] 1829748K->1015788K(1839616K), 0.0093530 secs] [Times: user=0.05 sys=0.00, real=0.01 secs] 
1095.751: [GC
Desired survivor size 3670016 bytes, new threshold 15 (max 15)
 [PSYoungGen: 812800K->1696K(815616K)] 1827820K->1016756K(1839616K), 0.0103120 secs] [Times: user=0.06 sys=0.00, real=0.01 secs] 
1096.016: [GC
Desired survivor size 3670016 bytes, new threshold 15 (max 15)
 [PSYoungGen: 813728K->2304K(815616K)] 1828788K->1017396K(1839616K), 0.0106580 secs] [Times: user=0.07 sys=0.00, real=0.01 secs] 
1096.277: [GC
Desired survivor size 3670016 bytes, new threshold 15 (max 15)
 [PSYoungGen: 814336K->1344K(815616K)] 1829428K->1016460K(1839616K), 0.0102120 secs] [Times: user=0.06 sys=0.00, real=0.01 secs] 
1096.538: [GC
Desired survivor size 3670016 bytes, new threshold 15 (max 15)
 [PSYoungGen: 813376K->1568K(815616K)] 1828492K->1016724K(1839616K), 0.0095440 secs] [Times: user=0.06 sys=0.00, real=0.01 secs] 
1096.812: [GC
Desired survivor size 3670016 bytes, new threshold 15 (max 15)
 [PSYoungGen: 813600K->1504K(815616K)] 1828756K->1016684K(1839616K), 0.0097080 secs] [Times: user=0.06 sys=0.00, real=0.01 secs] 
1097.078: [GC
Desired survivor size 3670016 bytes, new threshold 15 (max 15)
 [PSYoungGen: 813536K->928K(815616K)] 1828716K->1016148K(1839616K), 0.0110520 secs] [Times: user=0.06 sys=0.00, real=0.01 secs] 
1097.347: [GC
Desired survivor size 4194304 bytes, new threshold 14 (max 15)
 [PSYoungGen: 812960K->3584K(815616K)] 1828180K->1018876K(1839616K), 0.0112290 secs] [Times: user=0.06 sys=0.00, real=0.01 secs] 
1097.611: [GC
Desired survivor size 4194304 bytes, new threshold 15 (max 15)
 [PSYoungGen: 815616K->2688K(814592K)] 1830908K->1018028K(1838592K), 0.0100320 secs] [Times: user=0.06 sys=0.00, real=0.01 secs] 
1097.888: [GC
Desired survivor size 4194304 bytes, new threshold 15 (max 15)
 [PSYoungGen: 813696K->1216K(815104K)] 1829036K->1016556K(1839104K), 0.0097250 secs] [Times: user=0.06 sys=0.00, real=0.01 secs] 
1098.157: [GC
Desired survivor size 4194304 bytes, new threshold 15 (max 15)
 [PSYoungGen: 812224K->1824K(815104K)] 1827564K->1017196K(1839104K), 0.0100030 secs] [Times: user=0.05 sys=0.01, real=0.01 secs] 
1098.426: [GC
Desired survivor size 3670016 bytes, new threshold 15 (max 15)
 [PSYoungGen: 812832K->1248K(815104K)] 1828204K->1016652K(1839104K), 0.0092950 secs] [Times: user=0.06 sys=0.00, real=0.01 secs] 
1098.692: [GC
Desired survivor size 3670016 bytes, new threshold 15 (max 15)
 [PSYoungGen: 812256K->1248K(815616K)] 1827660K->1016684K(1839616K), 0.0092420 secs] [Times: user=0.05 sys=0.00, real=0.01 secs] 
1098.966: [GC
Desired survivor size 3670016 bytes, new threshold 15 (max 15)
 [PSYoungGen: 813280K->832K(815616K)] 1828716K->1016292K(1839616K), 0.0114150 secs] [Times: user=0.05 sys=0.00, real=0.01 secs] 
1099.227: [GC
Desired survivor size 3670016 bytes, new threshold 15 (max 15)
 [PSYoungGen: 812864K->1536K(815616K)] 1828324K->1017036K(1839616K), 0.0103740 secs] [Times: user=0.05 sys=0.00, real=0.01 secs] 
1099.492: [GC
Desired survivor size 3670016 bytes, new threshold 15 (max 15)
 [PSYoungGen: 813568K->2560K(815616K)] 1829068K->1018084K(1839616K), 0.0103870 secs] [Times: user=0.06 sys=0.00, real=0.01 secs] 
1099.768: [GC
Desired survivor size 4194304 bytes, new threshold 15 (max 15)
 [PSYoungGen: 814592K->2624K(814592K)] 1830116K->1018164K(1838592K), 0.0104330 secs] [Times: user=0.06 sys=0.00, real=0.01 secs] 
1100.031: [GC
Desired survivor size 3670016 bytes, new threshold 15 (max 15)
 [PSYoungGen: 813632K->1952K(815104K)] 1829172K->1017524K(1839104K), 0.0100530 secs] [Times: user=0.07 sys=0.00, real=0.01 secs] 
1100.294: [GC
Desired survivor size 3670016 bytes, new threshold 15 (max 15)
 [PSYoungGen: 812960K->864K(815616K)] 1828532K->1016476K(1839616K), 0.0096680 secs] [Times: user=0.06 sys=0.00, real=0.01 secs] 
1100.559: [GC
Desired survivor size 3670016 bytes, new threshold 15 (max 15)
 [PSYoungGen: 812896K->1344K(815616K)] 1828508K->1016956K(1839616K), 0.0102210 secs] [Times: user=0.06 sys=0.00, real=0.01 secs] 
1100.837: [GC
Desired survivor size 3670016 bytes, new threshold 15 (max 15)
 [PSYoungGen: 813376K->1312K(815616K)] 1828988K->1016956K(1839616K), 0.0091200 secs] [Times: user=0.05 sys=0.00, real=0.01 secs] 
1101.099: [GC
Desired survivor size 3670016 bytes, new threshold 15 (max 15)
 [PSYoungGen: 813344K->2336K(815616K)] 1828988K->1018012K(1839616K), 0.0101520 secs] [Times: user=0.06 sys=0.00, real=0.01 secs] 
1101.361: [GC
Desired survivor size 3670016 bytes, new threshold 15 (max 15)
 [PSYoungGen: 814368K->2496K(815616K)] 1830044K->1018220K(1839616K), 0.0101130 secs] [Times: user=0.05 sys=0.00, real=0.01 secs] 
1101.631: [GC
Desired survivor size 3670016 bytes, new threshold 15 (max 15)
 [PSYoungGen: 814528K->1184K(815616K)] 1830252K->1016932K(1839616K), 0.0092640 secs] [Times: user=0.05 sys=0.00, real=0.01 secs] 
1101.908: [GC
Desired survivor size 3670016 bytes, new threshold 15 (max 15)
 [PSYoungGen: 813216K->2112K(815616K)] 1828964K->1017900K(1839616K), 0.0105200 secs] [Times: user=0.06 sys=0.00, real=0.01 secs] 
1102.184: [GC
Desired survivor size 3670016 bytes, new threshold 15 (max 15)
 [PSYoungGen: 814144K->2112K(815616K)] 1829932K->1017924K(1839616K), 0.0105830 secs] [Times: user=0.06 sys=0.00, real=0.02 secs] 
1102.447: [GC
Desired survivor size 3670016 bytes, new threshold 15 (max 15)
 [PSYoungGen: 814144K->1408K(815616K)] 1829956K->1017268K(1839616K), 0.0095520 secs] [Times: user=0.05 sys=0.00, real=0.01 secs] 
1102.729: [GC
Desired survivor size 3670016 bytes, new threshold 15 (max 15)
 [PSYoungGen: 813440K->1600K(815616K)] 1829300K->1017492K(1839616K), 0.0104640 secs] [Times: user=0.06 sys=0.00, real=0.01 secs] 
1102.992: [GC
Desired survivor size 4194304 bytes, new threshold 15 (max 15)
 [PSYoungGen: 813632K->3328K(814592K)] 1829524K->1019260K(1838592K), 0.0110460 secs] [Times: user=0.06 sys=0.00, real=0.01 secs] 
1103.257: [GC
Desired survivor size 3670016 bytes, new threshold 15 (max 15)
 [PSYoungGen: 814336K->1536K(815104K)] 1830268K->1017508K(1839104K), 0.0097140 secs] [Times: user=0.05 sys=0.00, real=0.01 secs] 
1103.521: [GC
Desired survivor size 3670016 bytes, new threshold 15 (max 15)
 [PSYoungGen: 812544K->1664K(815616K)] 1828516K->1017660K(1839616K), 0.0097850 secs] [Times: user=0.06 sys=0.00, real=0.01 secs] 
1103.801: [GC
Desired survivor size 3670016 bytes, new threshold 15 (max 15)
 [PSYoungGen: 813696K->2784K(815616K)] 1829692K->1018820K(1839616K), 0.0107980 secs] [Times: user=0.05 sys=0.00, real=0.01 secs] 
1104.065: [GC
Desired survivor size 3670016 bytes, new threshold 15 (max 15)
 [PSYoungGen: 814816K->1472K(815616K)] 1830852K->1017532K(1839616K), 0.0095160 secs] [Times: user=0.06 sys=0.00, real=0.01 secs] 
1104.322: [GC
Desired survivor size 3670016 bytes, new threshold 15 (max 15)
 [PSYoungGen: 813504K->736K(815616K)] 1829564K->1016796K(1839616K), 0.0086740 secs] [Times: user=0.05 sys=0.00, real=0.01 secs] 
1104.586: [GC
Desired survivor size 3670016 bytes, new threshold 15 (max 15)
 [PSYoungGen: 812768K->1792K(815616K)] 1828828K->1017860K(1839616K), 0.0099680 secs] [Times: user=0.06 sys=0.00, real=0.01 secs] 
1104.861: [GC
Desired survivor size 3670016 bytes, new threshold 15 (max 15)
 [PSYoungGen: 813824K->2080K(815616K)] 1829892K->1018188K(1839616K), 0.0097710 secs] [Times: user=0.07 sys=0.00, real=0.01 secs] 
1105.129: [GC
Desired survivor size 3670016 bytes, new threshold 15 (max 15)
 [PSYoungGen: 814112K->2624K(815616K)] 1830220K->1018764K(1839616K), 0.0097170 secs] [Times: user=0.06 sys=0.00, real=0.01 secs] 
1105.395: [GC
Desired survivor size 3670016 bytes, new threshold 15 (max 15)
 [PSYoungGen: 814656K->1248K(815616K)] 1830796K->1017436K(1839616K), 0.0094830 secs] [Times: user=0.05 sys=0.00, real=0.01 secs] 
1105.664: [GC
Desired survivor size 3670016 bytes, new threshold 15 (max 15)
 [PSYoungGen: 813280K->1664K(815616K)] 1829468K->1017876K(1839616K), 0.0098690 secs] [Times: user=0.06 sys=0.00, real=0.01 secs] 
1105.934: [GC
Desired survivor size 3670016 bytes, new threshold 15 (max 15)
 [PSYoungGen: 813696K->2336K(815616K)] 1829908K->1018580K(1839616K), 0.0103290 secs] [Times: user=0.06 sys=0.00, real=0.01 secs] 
1106.195: [GC
Desired survivor size 4194304 bytes, new threshold 15 (max 15)
 [PSYoungGen: 814368K->3168K(814592K)] 1830612K->1019436K(1838592K), 0.0107160 secs] [Times: user=0.07 sys=0.00, real=0.02 secs] 
1106.468: [GC
Desired survivor size 3670016 bytes, new threshold 15 (max 15)
 [PSYoungGen: 814176K->1504K(815104K)] 1830444K->1017804K(1839104K), 0.0100840 secs] [Times: user=0.06 sys=0.00, real=0.01 secs] 
1106.745: [GC
Desired survivor size 4194304 bytes, new threshold 15 (max 15)
 [PSYoungGen: 812512K->2528K(814592K)] 1828812K->1018860K(1838592K), 0.0105220 secs] [Times: user=0.06 sys=0.00, real=0.02 secs] 
1107.009: [GC
Desired survivor size 4194304 bytes, new threshold 15 (max 15)
 [PSYoungGen: 813536K->3136K(815104K)] 1829868K->1019500K(1839104K), 0.0107080 secs] [Times: user=0.05 sys=0.00, real=0.01 secs] 
1107.270: [GC
Desired survivor size 4194304 bytes, new threshold 15 (max 15)
 [PSYoungGen: 814144K->3040K(815104K)] 1830508K->1019452K(1839104K), 0.0106200 secs] [Times: user=0.06 sys=0.00, real=0.01 secs] 
1107.539: [GC
Desired survivor size 4194304 bytes, new threshold 15 (max 15)
 [PSYoungGen: 814048K->1472K(815104K)] 1830460K->1017908K(1839104K), 0.0111080 secs] [Times: user=0.04 sys=0.00, real=0.01 secs] 
1107.809: [GC
Desired survivor size 4194304 bytes, new threshold 15 (max 15)
 [PSYoungGen: 812480K->1600K(815104K)] 1828916K->1018068K(1839104K), 0.0098920 secs] [Times: user=0.05 sys=0.00, real=0.01 secs] 
1108.072: [GC
Desired survivor size 4194304 bytes, new threshold 15 (max 15)
 [PSYoungGen: 812608K->2816K(815104K)] 1829076K->1019316K(1839104K), 0.0121190 secs] [Times: user=0.07 sys=0.00, real=0.01 secs] 
1108.342: [GC
Desired survivor size 4194304 bytes, new threshold 15 (max 15)
 [PSYoungGen: 813824K->1248K(815104K)] 1830324K->1017796K(1839104K), 0.0103760 secs] [Times: user=0.06 sys=0.00, real=0.01 secs] 
1108.610: [GC
Desired survivor size 4194304 bytes, new threshold 15 (max 15)
 [PSYoungGen: 812256K->1376K(815104K)] 1828804K->1017948K(1839104K), 0.0096800 secs] [Times: user=0.06 sys=0.00, real=0.01 secs] 
1108.889: [GC
Desired survivor size 4194304 bytes, new threshold 15 (max 15)
 [PSYoungGen: 812384K->992K(815104K)] 1828956K->1017596K(1839104K), 0.0091800 secs] [Times: user=0.05 sys=0.00, real=0.01 secs] 
1109.160: [GC
Desired survivor size 4194304 bytes, new threshold 15 (max 15)
 [PSYoungGen: 812000K->2048K(815104K)] 1828604K->1018692K(1839104K), 0.0098370 secs] [Times: user=0.06 sys=0.00, real=0.01 secs] 
1109.427: [GC
Desired survivor size 4194304 bytes, new threshold 15 (max 15)
 [PSYoungGen: 813056K->1440K(815104K)] 1829700K->1018116K(1839104K), 0.0095570 secs] [Times: user=0.05 sys=0.00, real=0.01 secs] 
1109.703: [GC
Desired survivor size 3670016 bytes, new threshold 15 (max 15)
 [PSYoungGen: 812448K->1536K(815104K)] 1829124K->1018252K(1839104K), 0.0235920 secs] [Times: user=0.09 sys=0.00, real=0.03 secs] 
1109.979: [GC
Desired survivor size 3670016 bytes, new threshold 15 (max 15)
 [PSYoungGen: 812544K->1952K(815616K)] 1829260K->1018708K(1839616K), 0.0100870 secs] [Times: user=0.06 sys=0.00, real=0.01 secs] 
1110.244: [GC
Desired survivor size 3670016 bytes, new threshold 15 (max 15)
 [PSYoungGen: 813984K->928K(815616K)] 1830740K->1017708K(1839616K), 0.0093930 secs] [Times: user=0.06 sys=0.00, real=0.01 secs] 
1110.510: [GC
Desired survivor size 3670016 bytes, new threshold 15 (max 15)
 [PSYoungGen: 812960K->2560K(815616K)] 1829740K->1019372K(1839616K), 0.0106890 secs] [Times: user=0.07 sys=0.00, real=0.01 secs] 
1110.785: [GC
Desired survivor size 3670016 bytes, new threshold 15 (max 15)
 [PSYoungGen: 814592K->1952K(815616K)] 1831404K->1018788K(1839616K), 0.0099200 secs] [Times: user=0.05 sys=0.00, real=0.01 secs] 
1111.052: [GC
Desired survivor size 3670016 bytes, new threshold 15 (max 15)
 [PSYoungGen: 813984K->896K(815616K)] 1830820K->1017772K(1839616K), 0.0091000 secs] [Times: user=0.05 sys=0.00, real=0.01 secs] 
1111.319: [GC
Desired survivor size 3670016 bytes, new threshold 15 (max 15)
 [PSYoungGen: 812928K->2688K(815616K)] 1829804K->1019588K(1839616K), 0.0103570 secs] [Times: user=0.06 sys=0.00, real=0.01 secs] 
1111.580: [GC
Desired survivor size 4194304 bytes, new threshold 15 (max 15)
 [PSYoungGen: 814720K->3552K(814592K)] 1831620K->1020492K(1838592K), 0.0126290 secs] [Times: user=0.06 sys=0.00, real=0.01 secs] 
1111.854: [GC
Desired survivor size 4194304 bytes, new threshold 15 (max 15)
 [PSYoungGen: 814560K->2528K(815104K)] 1831500K->1019492K(1839104K), 0.0103340 secs] [Times: user=0.06 sys=0.01, real=0.01 secs] 
1112.122: [GC
Desired survivor size 4194304 bytes, new threshold 15 (max 15)
 [PSYoungGen: 813536K->1504K(815104K)] 1830500K->1018492K(1839104K), 0.0102140 secs] [Times: user=0.05 sys=0.00, real=0.01 secs] 
1112.392: [GC
Desired survivor size 4194304 bytes, new threshold 15 (max 15)
 [PSYoungGen: 812512K->1472K(815104K)] 1829500K->1018468K(1839104K), 0.0096450 secs] [Times: user=0.05 sys=0.00, real=0.01 secs] 
1112.661: [GC
Desired survivor size 4194304 bytes, new threshold 15 (max 15)
 [PSYoungGen: 812480K->2336K(815104K)] 1829476K->1019372K(1839104K), 0.0102210 secs] [Times: user=0.06 sys=0.00, real=0.01 secs] 
1112.936: [GC
Desired survivor size 4194304 bytes, new threshold 15 (max 15)
 [PSYoungGen: 813344K->992K(815104K)] 1830380K->1018060K(1839104K), 0.0097710 secs] [Times: user=0.05 sys=0.00, real=0.01 secs] 
1113.200: [GC
Desired survivor size 4194304 bytes, new threshold 15 (max 15)
 [PSYoungGen: 812000K->2336K(815104K)] 1829068K->1019436K(1839104K), 0.0104410 secs] [Times: user=0.05 sys=0.00, real=0.01 secs] 
1113.461: [GC
Desired survivor size 4194304 bytes, new threshold 15 (max 15)
 [PSYoungGen: 813344K->2560K(815104K)] 1830444K->1019676K(1839104K), 0.0103610 secs] [Times: user=0.06 sys=0.00, real=0.01 secs] 
1113.743: [GC
Desired survivor size 4194304 bytes, new threshold 15 (max 15)
 [PSYoungGen: 813568K->1632K(815104K)] 1830684K->1018780K(1839104K), 0.0096600 secs] [Times: user=0.05 sys=0.00, real=0.01 secs] 
1114.054: [GC
Desired survivor size 4194304 bytes, new threshold 15 (max 15)
 [PSYoungGen: 812640K->1280K(815104K)] 1829788K->1018468K(1839104K), 0.0100200 secs] [Times: user=0.06 sys=0.00, real=0.01 secs] 
1114.320: [GC
Desired survivor size 4194304 bytes, new threshold 15 (max 15)
 [PSYoungGen: 812288K->2464K(815104K)] 1829476K->1019692K(1839104K), 0.0106860 secs] [Times: user=0.06 sys=0.00, real=0.01 secs] 
1114.599: [GC
Desired survivor size 4194304 bytes, new threshold 15 (max 15)
 [PSYoungGen: 813472K->1280K(815104K)] 1830700K->1018572K(1839104K), 0.0101030 secs] [Times: user=0.06 sys=0.00, real=0.01 secs] 
1114.873: [GC
Desired survivor size 4194304 bytes, new threshold 15 (max 15)
 [PSYoungGen: 812288K->2752K(815104K)] 1829580K->1020068K(1839104K), 0.0110030 secs] [Times: user=0.06 sys=0.00, real=0.01 secs] 
1115.140: [GC
Desired survivor size 4194304 bytes, new threshold 15 (max 15)
 [PSYoungGen: 813760K->1472K(815104K)] 1831076K->1018820K(1839104K), 0.0096240 secs] [Times: user=0.07 sys=0.00, real=0.01 secs] 
1115.403: [GC
Desired survivor size 3670016 bytes, new threshold 15 (max 15)
 [PSYoungGen: 812480K->1408K(815616K)] 1829828K->1018772K(1839616K), 0.0095600 secs] [Times: user=0.06 sys=0.00, real=0.01 secs] 
1115.669: [GC
Desired survivor size 3670016 bytes, new threshold 15 (max 15)
 [PSYoungGen: 812928K->1472K(815104K)] 1830292K->1018876K(1839104K), 0.0095010 secs] [Times: user=0.06 sys=0.00, real=0.01 secs] 
1115.939: [GC
Desired survivor size 3670016 bytes, new threshold 15 (max 15)
 [PSYoungGen: 812992K->1664K(815616K)] 1830396K->1019116K(1839616K), 0.0098190 secs] [Times: user=0.06 sys=0.00, real=0.01 secs] 
1116.205: [GC
Desired survivor size 3670016 bytes, new threshold 15 (max 15)
 [PSYoungGen: 813696K->2304K(815616K)] 1831148K->1019788K(1839616K), 0.0097490 secs] [Times: user=0.06 sys=0.00, real=0.01 secs] 
1116.464: [GC
Desired survivor size 3670016 bytes, new threshold 15 (max 15)
 [PSYoungGen: 814336K->1504K(815616K)] 1831820K->1019036K(1839616K), 0.0108370 secs] [Times: user=0.07 sys=0.00, real=0.01 secs] 
1116.740: [GC
Desired survivor size 3670016 bytes, new threshold 15 (max 15)
 [PSYoungGen: 813536K->2240K(815616K)] 1831068K->1019820K(1839616K), 0.0103890 secs] [Times: user=0.06 sys=0.00, real=0.01 secs] 
1117.007: [GC
Desired survivor size 3670016 bytes, new threshold 15 (max 15)
 [PSYoungGen: 814272K->1760K(815616K)] 1831852K->1019380K(1839616K), 0.0095820 secs] [Times: user=0.05 sys=0.00, real=0.01 secs] 
1117.270: [GC
Desired survivor size 3670016 bytes, new threshold 15 (max 15)
 [PSYoungGen: 813792K->1344K(815616K)] 1831412K->1018996K(1839616K), 0.0096210 secs] [Times: user=0.05 sys=0.00, real=0.01 secs] 
1117.532: [GC
Desired survivor size 3670016 bytes, new threshold 15 (max 15)
 [PSYoungGen: 813376K->2944K(815616K)] 1831028K->1020628K(1839616K), 0.0108920 secs] [Times: user=0.07 sys=0.00, real=0.01 secs] 
1117.810: [GC
Desired survivor size 3670016 bytes, new threshold 15 (max 15)
 [PSYoungGen: 814976K->1984K(815616K)] 1832660K->1019700K(1839616K), 0.0104110 secs] [Times: user=0.06 sys=0.00, real=0.01 secs] 
1118.076: [GC
Desired survivor size 4194304 bytes, new threshold 14 (max 15)
 [PSYoungGen: 814016K->3584K(814592K)] 1831732K->1021372K(1838592K), 0.0127610 secs] [Times: user=0.08 sys=0.00, real=0.02 secs] 
1118.338: [GC
Desired survivor size 4194304 bytes, new threshold 15 (max 15)
 [PSYoungGen: 814592K->2592K(815104K)] 1832380K->1020412K(1839104K), 0.0097180 secs] [Times: user=0.07 sys=0.00, real=0.01 secs] 
1118.604: [GC
Desired survivor size 4194304 bytes, new threshold 15 (max 15)
 [PSYoungGen: 813600K->2208K(815104K)] 1831420K->1020028K(1839104K), 0.0102860 secs] [Times: user=0.06 sys=0.00, real=0.01 secs] 
1118.872: [GC
Desired survivor size 3670016 bytes, new threshold 15 (max 15)
 [PSYoungGen: 813216K->1984K(815104K)] 1831036K->1019836K(1839104K), 0.0105930 secs] [Times: user=0.06 sys=0.00, real=0.01 secs] 
1119.148: [GC
Desired survivor size 4194304 bytes, new threshold 15 (max 15)
 [PSYoungGen: 812992K->768K(814592K)] 1830844K->1018660K(1838592K), 0.0094760 secs] [Times: user=0.04 sys=0.00, real=0.01 secs] 
1119.417: [GC
Desired survivor size 4194304 bytes, new threshold 15 (max 15)
 [PSYoungGen: 811776K->1248K(815104K)] 1829668K->1019148K(1839104K), 0.0096770 secs] [Times: user=0.06 sys=0.00, real=0.01 secs] 
1119.691: [GC
Desired survivor size 4194304 bytes, new threshold 15 (max 15)
 [PSYoungGen: 812256K->768K(815104K)] 1830156K->1018716K(1839104K), 0.0096410 secs] [Times: user=0.04 sys=0.00, real=0.01 secs] 
1119.959: [GC
Desired survivor size 4194304 bytes, new threshold 15 (max 15)
 [PSYoungGen: 811776K->3136K(815104K)] 1829724K->1021108K(1839104K), 0.0108460 secs] [Times: user=0.06 sys=0.00, real=0.01 secs] 
1120.227: [GC
Desired survivor size 4194304 bytes, new threshold 15 (max 15)
 [PSYoungGen: 814144K->1344K(815104K)] 1832116K->1019348K(1839104K), 0.0099720 secs] [Times: user=0.06 sys=0.00, real=0.01 secs] 
1120.498: [GC
Desired survivor size 4194304 bytes, new threshold 15 (max 15)
 [PSYoungGen: 812352K->1760K(815104K)] 1830356K->1019796K(1839104K), 0.0097390 secs] [Times: user=0.05 sys=0.00, real=0.01 secs] 
1120.770: [GC
Desired survivor size 4194304 bytes, new threshold 15 (max 15)
 [PSYoungGen: 812768K->416K(815104K)] 1830804K->1018492K(1839104K), 0.0091920 secs] [Times: user=0.06 sys=0.00, real=0.01 secs] 
1121.034: [GC
Desired survivor size 4194304 bytes, new threshold 15 (max 15)
 [PSYoungGen: 811424K->1088K(815104K)] 1829500K->1019204K(1839104K), 0.0090150 secs] [Times: user=0.05 sys=0.00, real=0.01 secs] 
1121.294: [GC
Desired survivor size 3670016 bytes, new threshold 15 (max 15)
 [PSYoungGen: 812096K->1376K(815616K)] 1830212K->1019532K(1839616K), 0.0096630 secs] [Times: user=0.06 sys=0.00, real=0.01 secs] 
1121.556: [GC
Desired survivor size 3670016 bytes, new threshold 15 (max 15)
 [PSYoungGen: 812896K->2208K(815104K)] 1831052K->1020396K(1839104K), 0.0100990 secs] [Times: user=0.06 sys=0.00, real=0.01 secs] 
1121.834: [GC
Desired survivor size 3670016 bytes, new threshold 15 (max 15)
 [PSYoungGen: 813728K->736K(815616K)] 1831916K->1018964K(1839616K), 0.0090840 secs] [Times: user=0.05 sys=0.00, real=0.01 secs] 
1122.103: [GC
Desired survivor size 4194304 bytes, new threshold 15 (max 15)
 [PSYoungGen: 812768K->3488K(815616K)] 1830996K->1021804K(1839616K), 0.0108580 secs] [Times: user=0.06 sys=0.00, real=0.01 secs] 
1122.368: [GC
Desired survivor size 4718592 bytes, new threshold 15 (max 15)
 [PSYoungGen: 815520K->3104K(813568K)] 1833836K->1021436K(1837568K), 0.0105290 secs] [Times: user=0.06 sys=0.00, real=0.01 secs] 
1122.633: [GC
Desired survivor size 4194304 bytes, new threshold 15 (max 15)
 [PSYoungGen: 813088K->1952K(814592K)] 1831420K->1020316K(1838592K), 0.0100190 secs] [Times: user=0.06 sys=0.00, real=0.01 secs] 
1122.910: [GC
Desired survivor size 4194304 bytes, new threshold 15 (max 15)
 [PSYoungGen: 811936K->1248K(815104K)] 1830300K->1019652K(1839104K), 0.0095530 secs] [Times: user=0.05 sys=0.00, real=0.01 secs] 
1123.170: [GC
Desired survivor size 4194304 bytes, new threshold 15 (max 15)
 [PSYoungGen: 812256K->2208K(815104K)] 1830660K->1020660K(1839104K), 0.0106230 secs] [Times: user=0.06 sys=0.00, real=0.01 secs] 
1123.441: [GC
Desired survivor size 4194304 bytes, new threshold 15 (max 15)
 [PSYoungGen: 813216K->2272K(815104K)] 1831668K->1020748K(1839104K), 0.0101780 secs] [Times: user=0.06 sys=0.00, real=0.01 secs] 
1123.706: [GC
Desired survivor size 4194304 bytes, new threshold 15 (max 15)
 [PSYoungGen: 813280K->1248K(815104K)] 1831756K->1019756K(1839104K), 0.0197530 secs] [Times: user=0.07 sys=0.00, real=0.02 secs] 
1123.981: [GC
Desired survivor size 4194304 bytes, new threshold 15 (max 15)
 [PSYoungGen: 812256K->672K(815104K)] 1830764K->1019180K(1839104K), 0.0091380 secs] [Times: user=0.05 sys=0.00, real=0.01 secs] 
1124.247: [GC
Desired survivor size 4194304 bytes, new threshold 15 (max 15)
 [PSYoungGen: 811680K->1536K(815104K)] 1830188K->1020100K(1839104K), 0.0103580 secs] [Times: user=0.06 sys=0.00, real=0.01 secs] 
1124.517: [GC
Desired survivor size 3670016 bytes, new threshold 15 (max 15)
 [PSYoungGen: 812544K->2144K(815616K)] 1831108K->1020756K(1839616K), 0.0096370 secs] [Times: user=0.05 sys=0.00, real=0.01 secs] 
1124.784: [GC
Desired survivor size 3670016 bytes, new threshold 15 (max 15)
 [PSYoungGen: 813664K->1824K(815104K)] 1832276K->1020460K(1839104K), 0.0096500 secs] [Times: user=0.06 sys=0.00, real=0.01 secs] 
1125.047: [GC
Desired survivor size 3670016 bytes, new threshold 15 (max 15)
 [PSYoungGen: 813344K->1504K(815616K)] 1831980K->1020172K(1839616K), 0.0094100 secs] [Times: user=0.05 sys=0.00, real=0.01 secs] 
1125.311: [GC
Desired survivor size 3670016 bytes, new threshold 15 (max 15)
 [PSYoungGen: 813536K->960K(815616K)] 1832204K->1019668K(1839616K), 0.0093070 secs] [Times: user=0.05 sys=0.00, real=0.01 secs] 
1125.571: [GC
Desired survivor size 3670016 bytes, new threshold 15 (max 15)
 [PSYoungGen: 812992K->1216K(815616K)] 1831700K->1019964K(1839616K), 0.0103530 secs] [Times: user=0.06 sys=0.00, real=0.01 secs] 
1125.847: [GC
Desired survivor size 3670016 bytes, new threshold 15 (max 15)
 [PSYoungGen: 813248K->2080K(815616K)] 1831996K->1020876K(1839616K), 0.0095380 secs] [Times: user=0.06 sys=0.00, real=0.01 secs] 
1126.111: [GC
Desired survivor size 4194304 bytes, new threshold 15 (max 15)
 [PSYoungGen: 814112K->3168K(814592K)] 1832908K->1022012K(1838592K), 0.0109760 secs] [Times: user=0.06 sys=0.01, real=0.01 secs] 
1126.375: [GC
Desired survivor size 3670016 bytes, new threshold 15 (max 15)
 [PSYoungGen: 814176K->2080K(815104K)] 1833020K->1020956K(1839104K), 0.0102110 secs] [Times: user=0.07 sys=0.00, real=0.01 secs] 
1126.634: [GC
Desired survivor size 4194304 bytes, new threshold 15 (max 15)
 [PSYoungGen: 813088K->3040K(814592K)] 1831964K->1021956K(1838592K), 0.0102340 secs] [Times: user=0.07 sys=0.00, real=0.01 secs] 
1126.907: [GC
Desired survivor size 4194304 bytes, new threshold 15 (max 15)
 [PSYoungGen: 814048K->2240K(815104K)] 1832964K->1021188K(1839104K), 0.0106290 secs] [Times: user=0.07 sys=0.00, real=0.01 secs] 
1127.173: [GC
Desired survivor size 3670016 bytes, new threshold 15 (max 15)
 [PSYoungGen: 813248K->1920K(815616K)] 1832196K->1020892K(1839616K), 0.0105120 secs] [Times: user=0.06 sys=0.00, real=0.01 secs] 
1127.448: [GC
Desired survivor size 3670016 bytes, new threshold 15 (max 15)
 [PSYoungGen: 813440K->2208K(815104K)] 1832412K->1021220K(1839104K), 0.0103840 secs] [Times: user=0.06 sys=0.00, real=0.01 secs] 
1127.723: [GC
Desired survivor size 3670016 bytes, new threshold 15 (max 15)
 [PSYoungGen: 813728K->1696K(815616K)] 1832740K->1020732K(1839616K), 0.0098120 secs] [Times: user=0.05 sys=0.00, real=0.01 secs] 
1127.998: [GC
Desired survivor size 3670016 bytes, new threshold 15 (max 15)
 [PSYoungGen: 813728K->1248K(815616K)] 1832764K->1020316K(1839616K), 0.0094080 secs] [Times: user=0.06 sys=0.00, real=0.01 secs] 
1128.265: [GC
Desired survivor size 3670016 bytes, new threshold 15 (max 15)
 [PSYoungGen: 813280K->1504K(815616K)] 1832348K->1020604K(1839616K), 0.0102850 secs] [Times: user=0.06 sys=0.00, real=0.01 secs] 
1128.532: [GC
Desired survivor size 3670016 bytes, new threshold 15 (max 15)
 [PSYoungGen: 813536K->928K(815616K)] 1832636K->1020060K(1839616K), 0.0092870 secs] [Times: user=0.06 sys=0.00, real=0.01 secs] 
1128.802: [GC
Desired survivor size 3670016 bytes, new threshold 15 (max 15)
 [PSYoungGen: 812960K->1120K(815616K)] 1832092K->1020284K(1839616K), 0.0094550 secs] [Times: user=0.05 sys=0.00, real=0.01 secs] 
1129.067: [GC
Desired survivor size 3670016 bytes, new threshold 15 (max 15)
 [PSYoungGen: 813152K->1216K(815616K)] 1832316K->1020412K(1839616K), 0.0093250 secs] [Times: user=0.06 sys=0.01, real=0.01 secs] 
1129.326: [GC
Desired survivor size 3670016 bytes, new threshold 15 (max 15)
 [PSYoungGen: 813248K->1184K(815616K)] 1832444K->1020412K(1839616K), 0.0097510 secs] [Times: user=0.07 sys=0.00, real=0.01 secs] 
1129.593: [GC
Desired survivor size 4194304 bytes, new threshold 14 (max 15)
 [PSYoungGen: 813216K->3584K(815616K)] 1832444K->1022860K(1839616K), 0.0109410 secs] [Times: user=0.07 sys=0.01, real=0.01 secs] 
1129.876: [GC
Desired survivor size 3670016 bytes, new threshold 15 (max 15)
 [PSYoungGen: 815616K->1760K(815616K)] 1834892K->1021092K(1839616K), 0.0100740 secs] [Times: user=0.05 sys=0.00, real=0.01 secs] 
1130.139: [GC
Desired survivor size 3670016 bytes, new threshold 15 (max 15)
 [PSYoungGen: 813792K->1024K(815616K)] 1833124K->1020356K(1839616K), 0.0096780 secs] [Times: user=0.05 sys=0.00, real=0.01 secs] 
1130.399: [GC
Desired survivor size 3670016 bytes, new threshold 15 (max 15)
 [PSYoungGen: 813056K->2016K(815616K)] 1832388K->1021388K(1839616K), 0.0096860 secs] [Times: user=0.06 sys=0.00, real=0.01 secs] 
1130.671: [GC
Desired survivor size 3670016 bytes, new threshold 15 (max 15)
 [PSYoungGen: 814048K->1056K(815616K)] 1833420K->1020460K(1839616K), 0.0094670 secs] [Times: user=0.05 sys=0.00, real=0.01 secs] 
1130.946: [GC
Desired survivor size 3670016 bytes, new threshold 15 (max 15)
 [PSYoungGen: 813088K->1376K(815616K)] 1832492K->1020812K(1839616K), 0.0094770 secs] [Times: user=0.06 sys=0.00, real=0.01 secs] 
1131.215: [GC
Desired survivor size 4194304 bytes, new threshold 15 (max 15)
 [PSYoungGen: 813408K->2976K(815104K)] 1832844K->1022452K(1839104K), 0.0112570 secs] [Times: user=0.06 sys=0.01, real=0.01 secs] 
1131.476: [GC
Desired survivor size 3670016 bytes, new threshold 15 (max 15)
 [PSYoungGen: 815008K->2080K(815616K)] 1834484K->1021596K(1839616K), 0.0098540 secs] [Times: user=0.06 sys=0.01, real=0.01 secs] 
1131.848: [GC
Desired survivor size 3670016 bytes, new threshold 15 (max 15)
 [PSYoungGen: 813600K->2208K(815104K)] 1833116K->1021756K(1839104K), 0.0103680 secs] [Times: user=0.06 sys=0.00, real=0.01 secs] 
1132.111: [GC
Desired survivor size 3670016 bytes, new threshold 15 (max 15)
 [PSYoungGen: 813728K->608K(815616K)] 1833276K->1020204K(1839616K), 0.0092250 secs] [Times: user=0.06 sys=0.00, real=0.00 secs] 
1132.373: [GC
Desired survivor size 3670016 bytes, new threshold 15 (max 15)
 [PSYoungGen: 812640K->1600K(815616K)] 1832236K->1021228K(1839616K), 0.0098280 secs] [Times: user=0.06 sys=0.00, real=0.01 secs] 
1132.646: [GC
Desired survivor size 3670016 bytes, new threshold 15 (max 15)
 [PSYoungGen: 813632K->2528K(815616K)] 1833260K->1022164K(1839616K), 0.0104820 secs] [Times: user=0.07 sys=0.00, real=0.01 secs] 
1132.909: [GC
Desired survivor size 4194304 bytes, new threshold 15 (max 15)
 [PSYoungGen: 814560K->2720K(815104K)] 1834196K->1022388K(1839104K), 0.0102550 secs] [Times: user=0.07 sys=0.00, real=0.01 secs] 
1133.174: [GC
Desired survivor size 4194304 bytes, new threshold 15 (max 15)
 [PSYoungGen: 814752K->2976K(815104K)] 1834420K->1022676K(1839104K), 0.0102680 secs] [Times: user=0.07 sys=0.00, real=0.01 secs] 
1133.438: [GC
Desired survivor size 4194304 bytes, new threshold 15 (max 15)
 [PSYoungGen: 813984K->2400K(815104K)] 1833684K->1022124K(1839104K), 0.0101010 secs] [Times: user=0.06 sys=0.00, real=0.01 secs] 
1133.713: [GC
Desired survivor size 4194304 bytes, new threshold 15 (max 15)
 [PSYoungGen: 813408K->1824K(815104K)] 1833132K->1021588K(1839104K), 0.0172560 secs] [Times: user=0.06 sys=0.00, real=0.02 secs] 
1134.025: [GC
Desired survivor size 4194304 bytes, new threshold 15 (max 15)
 [PSYoungGen: 812832K->3296K(815104K)] 1832596K->1023100K(1839104K), 0.0108680 secs] [Times: user=0.07 sys=0.00, real=0.01 secs] 
1134.292: [GC
Desired survivor size 4194304 bytes, new threshold 15 (max 15)
 [PSYoungGen: 814304K->672K(815104K)] 1834108K->1020524K(1839104K), 0.0094250 secs] [Times: user=0.06 sys=0.00, real=0.01 secs] 
1134.564: [GC
Desired survivor size 4194304 bytes, new threshold 15 (max 15)
 [PSYoungGen: 811680K->2560K(815104K)] 1831532K->1022428K(1839104K), 0.0104670 secs] [Times: user=0.06 sys=0.00, real=0.01 secs] 
1134.835: [GC
Desired survivor size 4194304 bytes, new threshold 15 (max 15)
 [PSYoungGen: 813568K->2496K(815104K)] 1833436K->1022412K(1839104K), 0.0108300 secs] [Times: user=0.06 sys=0.00, real=0.01 secs] 
1135.101: [GC
Desired survivor size 4718592 bytes, new threshold 15 (max 15)
 [PSYoungGen: 813504K->2784K(814080K)] 1833420K->1022732K(1838080K), 0.0116200 secs] [Times: user=0.06 sys=0.00, real=0.01 secs] 
1135.368: [GC
Desired survivor size 4194304 bytes, new threshold 15 (max 15)
 [PSYoungGen: 813792K->1376K(815104K)] 1833740K->1021356K(1839104K), 0.0095640 secs] [Times: user=0.04 sys=0.00, real=0.01 secs] 
1135.633: [GC
Desired survivor size 4194304 bytes, new threshold 15 (max 15)
 [PSYoungGen: 811872K->1152K(814592K)] 1831852K->1021156K(1838592K), 0.0109820 secs] [Times: user=0.04 sys=0.00, real=0.01 secs] 
1136.113: [GC
Desired survivor size 4194304 bytes, new threshold 15 (max 15)
 [PSYoungGen: 811648K->800K(815104K)] 1831652K->1020836K(1839104K), 0.0337810 secs] [Times: user=0.08 sys=0.00, real=0.03 secs] 
1136.496: [GC
Desired survivor size 4194304 bytes, new threshold 15 (max 15)
 [PSYoungGen: 811808K->1792K(815104K)] 1831844K->1021868K(1839104K), 0.0107040 secs] [Times: user=0.05 sys=0.00, real=0.01 secs] 
1136.776: [GC
Desired survivor size 4194304 bytes, new threshold 15 (max 15)
 [PSYoungGen: 812800K->1344K(815104K)] 1832876K->1021468K(1839104K), 0.0098860 secs] [Times: user=0.06 sys=0.00, real=0.01 secs] 
1137.048: [GC
Desired survivor size 4194304 bytes, new threshold 15 (max 15)
 [PSYoungGen: 812352K->416K(815104K)] 1832476K->1020588K(1839104K), 0.0090360 secs] [Times: user=0.05 sys=0.00, real=0.01 secs] 
1137.321: [GC
Desired survivor size 4194304 bytes, new threshold 15 (max 15)
 [PSYoungGen: 811424K->800K(815104K)] 1831596K->1020980K(1839104K), 0.0093190 secs] [Times: user=0.05 sys=0.00, real=0.01 secs] 
1137.585: [GC
Desired survivor size 4194304 bytes, new threshold 15 (max 15)
 [PSYoungGen: 811808K->2112K(815104K)] 1831988K->1022324K(1839104K), 0.0101290 secs] [Times: user=0.06 sys=0.00, real=0.01 secs] 
1137.857: [GC
Desired survivor size 4194304 bytes, new threshold 15 (max 15)
 [PSYoungGen: 813120K->2016K(815104K)] 1833332K->1022260K(1839104K), 0.0101080 secs] [Times: user=0.06 sys=0.00, real=0.01 secs] 
1138.115: [GC
Desired survivor size 4718592 bytes, new threshold 15 (max 15)
 [PSYoungGen: 813024K->3552K(814592K)] 1833268K->1023812K(1838592K), 0.0108120 secs] [Times: user=0.06 sys=0.00, real=0.01 secs] 
1138.379: [GC
Desired survivor size 4194304 bytes, new threshold 15 (max 15)
 [PSYoungGen: 814560K->1632K(815104K)] 1834820K->1021932K(1839104K), 0.0097350 secs] [Times: user=0.06 sys=0.00, real=0.01 secs] 
1138.647: [GC
Desired survivor size 4194304 bytes, new threshold 15 (max 15)
 [PSYoungGen: 812128K->1376K(814592K)] 1832428K->1021724K(1838592K), 0.0094300 secs] [Times: user=0.04 sys=0.00, real=0.01 secs] 
1138.919: [GC
Desired survivor size 4194304 bytes, new threshold 15 (max 15)
 [PSYoungGen: 811872K->2496K(815104K)] 1832220K->1022908K(1839104K), 0.0100690 secs] [Times: user=0.06 sys=0.00, real=0.01 secs] 
1139.178: [GC
Desired survivor size 5242880 bytes, new threshold 14 (max 15)
 [PSYoungGen: 813504K->4096K(815104K)] 1833916K->1024908K(1839104K), 0.0118190 secs] [Times: user=0.07 sys=0.00, real=0.01 secs] 
1139.438: [GC
Desired survivor size 4718592 bytes, new threshold 15 (max 15)
 [PSYoungGen: 815104K->2048K(814080K)] 1835916K->1022884K(1838080K), 0.0105010 secs] [Times: user=0.05 sys=0.00, real=0.01 secs] 
1139.768: [GC
Desired survivor size 4718592 bytes, new threshold 15 (max 15)
 [PSYoungGen: 812032K->1344K(814592K)] 1832868K->1022180K(1838592K), 0.0097270 secs] [Times: user=0.05 sys=0.00, real=0.01 secs] 
1140.032: [GC
Desired survivor size 4718592 bytes, new threshold 15 (max 15)
 [PSYoungGen: 811328K->3040K(814592K)] 1832164K->1023892K(1838592K), 0.0108310 secs] [Times: user=0.06 sys=0.00, real=0.01 secs] 
1140.289: [GC
Desired survivor size 5242880 bytes, new threshold 15 (max 15)
 [PSYoungGen: 813024K->3968K(814080K)] 1833876K->1024844K(1838080K), 0.0111780 secs] [Times: user=0.07 sys=0.00, real=0.01 secs] 
1140.561: [GC
Desired survivor size 5242880 bytes, new threshold 15 (max 15)
 [PSYoungGen: 813952K->1280K(814080K)] 1834828K->1022188K(1838080K), 0.0096950 secs] [Times: user=0.06 sys=0.00, real=0.01 secs] 
1140.842: [GC
Desired survivor size 5242880 bytes, new threshold 15 (max 15)
 [PSYoungGen: 810240K->1056K(814080K)] 1831148K->1021996K(1838080K), 0.0094920 secs] [Times: user=0.06 sys=0.00, real=0.01 secs] 
1141.102: [GC
Desired survivor size 4718592 bytes, new threshold 15 (max 15)
 [PSYoungGen: 810016K->2080K(814592K)] 1830956K->1023060K(1838592K), 0.0104800 secs] [Times: user=0.06 sys=0.00, real=0.01 secs] 
1141.367: [GC
Desired survivor size 4718592 bytes, new threshold 15 (max 15)
 [PSYoungGen: 811552K->2048K(814080K)] 1832532K->1023076K(1838080K), 0.0106030 secs] [Times: user=0.06 sys=0.00, real=0.01 secs] 
1141.637: [GC
Desired survivor size 4718592 bytes, new threshold 15 (max 15)
 [PSYoungGen: 811520K->1280K(814592K)] 1832548K->1022348K(1838592K), 0.0090910 secs] [Times: user=0.05 sys=0.00, real=0.01 secs] 
1141.941: [GC
Desired survivor size 4718592 bytes, new threshold 15 (max 15)
 [PSYoungGen: 811264K->1120K(814592K)] 1832332K->1022220K(1838592K), 0.0093030 secs] [Times: user=0.05 sys=0.00, real=0.01 secs] 
1142.200: [GC
Desired survivor size 4194304 bytes, new threshold 15 (max 15)
 [PSYoungGen: 811104K->2272K(815104K)] 1832204K->1023404K(1839104K), 0.0107510 secs] [Times: user=0.06 sys=0.00, real=0.01 secs] 
1142.475: [GC
Desired survivor size 4194304 bytes, new threshold 15 (max 15)
 [PSYoungGen: 812768K->800K(814592K)] 1833900K->1021964K(1838592K), 0.0098250 secs] [Times: user=0.04 sys=0.00, real=0.01 secs] 
1142.750: [GC
Desired survivor size 4194304 bytes, new threshold 15 (max 15)
 [PSYoungGen: 811296K->1152K(815104K)] 1832460K->1022340K(1839104K), 0.0098150 secs] [Times: user=0.05 sys=0.00, real=0.01 secs] 
1143.015: [GC
Desired survivor size 4194304 bytes, new threshold 15 (max 15)
 [PSYoungGen: 812160K->1088K(815104K)] 1833348K->1022364K(1839104K), 0.0095450 secs] [Times: user=0.06 sys=0.00, real=0.01 secs] 
1143.283: [GC
Desired survivor size 4194304 bytes, new threshold 15 (max 15)
 [PSYoungGen: 812096K->1920K(815104K)] 1833372K->1023252K(1839104K), 0.0100840 secs] [Times: user=0.05 sys=0.00, real=0.01 secs] 
1143.548: [GC
Desired survivor size 4194304 bytes, new threshold 15 (max 15)
 [PSYoungGen: 812928K->2016K(815104K)] 1834260K->1023380K(1839104K), 0.0099030 secs] [Times: user=0.06 sys=0.00, real=0.01 secs] 
1143.825: [GC
Desired survivor size 3670016 bytes, new threshold 15 (max 15)
 [PSYoungGen: 813024K->1120K(815616K)] 1834388K->1022532K(1839616K), 0.0099510 secs] [Times: user=0.05 sys=0.00, real=0.01 secs] 
1144.090: [GC
Desired survivor size 3670016 bytes, new threshold 15 (max 15)
 [PSYoungGen: 812640K->1344K(815104K)] 1834052K->1022796K(1839104K), 0.0100080 secs] [Times: user=0.06 sys=0.00, real=0.01 secs] 
1144.356: [GC
Desired survivor size 3670016 bytes, new threshold 15 (max 15)
 [PSYoungGen: 812864K->1056K(815616K)] 1834316K->1022548K(1839616K), 0.0101080 secs] [Times: user=0.06 sys=0.00, real=0.01 secs] 
1144.627: [GC
Desired survivor size 3670016 bytes, new threshold 15 (max 15)
 [PSYoungGen: 813088K->736K(815616K)] 1834580K->1022260K(1839616K), 0.0092090 secs] [Times: user=0.06 sys=0.00, real=0.01 secs] 
1144.897: [GC
Desired survivor size 3670016 bytes, new threshold 15 (max 15)
 [PSYoungGen: 812768K->960K(815616K)] 1834292K->1022524K(1839616K), 0.0100160 secs] [Times: user=0.05 sys=0.00, real=0.01 secs] 
1145.156: [GC
Desired survivor size 3670016 bytes, new threshold 15 (max 15)
 [PSYoungGen: 812992K->1056K(815616K)] 1834556K->1022636K(1839616K), 0.0096250 secs] [Times: user=0.06 sys=0.00, real=0.01 secs] 
1145.418: [GC
Desired survivor size 3145728 bytes, new threshold 15 (max 15)
 [PSYoungGen: 813088K->1408K(816128K)] 1834668K->1023020K(1840128K), 0.0096560 secs] [Times: user=0.07 sys=0.00, real=0.01 secs] 
1145.685: [GC
Desired survivor size 3145728 bytes, new threshold 15 (max 15)
 [PSYoungGen: 813952K->1792K(815616K)] 1835564K->1023444K(1839616K), 0.0103820 secs] [Times: user=0.06 sys=0.00, real=0.01 secs] 
1146.015: [GC
Desired survivor size 3145728 bytes, new threshold 14 (max 15)
 [PSYoungGen: 814336K->1920K(816128K)] 1835988K->1023588K(1840128K), 0.0605480 secs] [Times: user=0.06 sys=0.00, real=0.06 secs] 
1146.484: [GC
Desired survivor size 3670016 bytes, new threshold 14 (max 15)
 [PSYoungGen: 814976K->2400K(815616K)] 1836644K->1024108K(1839616K), 0.0101000 secs] [Times: user=0.06 sys=0.00, real=0.01 secs] 
1146.755: [GC
Desired survivor size 4194304 bytes, new threshold 13 (max 15)
 [PSYoungGen: 815456K->3584K(814592K)] 1837164K->1025332K(1838592K), 0.0108590 secs] [Times: user=0.07 sys=0.00, real=0.01 secs] 
1147.022: [GC
Desired survivor size 4194304 bytes, new threshold 13 (max 15)
 [PSYoungGen: 814592K->864K(815104K)] 1836340K->1022644K(1839104K), 0.0094740 secs] [Times: user=0.06 sys=0.00, real=0.01 secs] 
1147.289: [GC
Desired survivor size 4194304 bytes, new threshold 14 (max 15)
 [PSYoungGen: 811872K->2272K(815104K)] 1833652K->1024092K(1839104K), 0.0099450 secs] [Times: user=0.05 sys=0.00, real=0.01 secs] 
1147.554: [GC
Desired survivor size 4194304 bytes, new threshold 15 (max 15)
 [PSYoungGen: 813280K->384K(815104K)] 1835100K->1022204K(1839104K), 0.0091510 secs] [Times: user=0.06 sys=0.00, real=0.01 secs] 
1147.826: [GC
Desired survivor size 4194304 bytes, new threshold 15 (max 15)
 [PSYoungGen: 811392K->2240K(815104K)] 1833212K->1024060K(1839104K), 0.0102570 secs] [Times: user=0.06 sys=0.00, real=0.01 secs] 
1148.096: [GC
Desired survivor size 3670016 bytes, new threshold 15 (max 15)
 [PSYoungGen: 813248K->1696K(815104K)] 1835068K->1023540K(1839104K), 0.0099950 secs] [Times: user=0.05 sys=0.00, real=0.01 secs] 
1148.364: [GC
Desired survivor size 3670016 bytes, new threshold 15 (max 15)
 [PSYoungGen: 812704K->1024K(815616K)] 1834548K->1022876K(1839616K), 0.0094260 secs] [Times: user=0.06 sys=0.00, real=0.01 secs] 
1148.627: [GC
Desired survivor size 3670016 bytes, new threshold 15 (max 15)
 [PSYoungGen: 813056K->1504K(815616K)] 1834908K->1023396K(1839616K), 0.0098170 secs] [Times: user=0.05 sys=0.00, real=0.01 secs] 
1148.896: [GC
Desired survivor size 3670016 bytes, new threshold 15 (max 15)
 [PSYoungGen: 813536K->1312K(815616K)] 1835428K->1023252K(1839616K), 0.0095930 secs] [Times: user=0.06 sys=0.00, real=0.01 secs] 
1149.160: [GC
Desired survivor size 3670016 bytes, new threshold 15 (max 15)
 [PSYoungGen: 813344K->1056K(815616K)] 1835284K->1023044K(1839616K), 0.0095940 secs] [Times: user=0.05 sys=0.00, real=0.01 secs] 
1149.421: [GC
Desired survivor size 3670016 bytes, new threshold 15 (max 15)
 [PSYoungGen: 813088K->3040K(815616K)] 1835076K->1025044K(1839616K), 0.0109830 secs] [Times: user=0.07 sys=0.00, real=0.01 secs] 
1149.684: [GC
Desired survivor size 4194304 bytes, new threshold 15 (max 15)
 [PSYoungGen: 815072K->3360K(815616K)] 1837076K->1025404K(1839616K), 0.0107970 secs] [Times: user=0.06 sys=0.00, real=0.01 secs] 
1149.958: [GC
Desired survivor size 4718592 bytes, new threshold 15 (max 15)
 [PSYoungGen: 815392K->2880K(813568K)] 1837436K->1024956K(1837568K), 0.0099510 secs] [Times: user=0.06 sys=0.00, real=0.01 secs] 
1150.224: [GC
Desired survivor size 4194304 bytes, new threshold 15 (max 15)
 [PSYoungGen: 812864K->2208K(814592K)] 1834940K->1024292K(1838592K), 0.0101130 secs] [Times: user=0.06 sys=0.00, real=0.01 secs] 
1150.489: [GC
Desired survivor size 4194304 bytes, new threshold 15 (max 15)
 [PSYoungGen: 812192K->1728K(815104K)] 1834276K->1023836K(1839104K), 0.0100680 secs] [Times: user=0.06 sys=0.00, real=0.01 secs] 
1150.761: [GC
Desired survivor size 4718592 bytes, new threshold 15 (max 15)
 [PSYoungGen: 812736K->3456K(814592K)] 1834844K->1025604K(1838592K), 0.0109780 secs] [Times: user=0.08 sys=0.00, real=0.01 secs] 
1151.028: [GC
Desired survivor size 4718592 bytes, new threshold 15 (max 15)
 [PSYoungGen: 814464K->384K(814592K)] 1836612K->1022548K(1838592K), 0.0095650 secs] [Times: user=0.05 sys=0.00, real=0.01 secs] 
1151.294: [GC
Desired survivor size 4718592 bytes, new threshold 15 (max 15)
 [PSYoungGen: 810368K->1248K(814592K)] 1832532K->1023460K(1838592K), 0.0099510 secs] [Times: user=0.06 sys=0.00, real=0.01 secs] 
1151.563: [GC
Desired survivor size 4194304 bytes, new threshold 15 (max 15)
 [PSYoungGen: 811232K->1824K(815104K)] 1833444K->1024068K(1839104K), 0.0102600 secs] [Times: user=0.05 sys=0.00, real=0.01 secs] 
1151.834: [GC
Desired survivor size 4194304 bytes, new threshold 15 (max 15)
 [PSYoungGen: 812320K->2336K(814592K)] 1834564K->1024612K(1838592K), 0.0099950 secs] [Times: user=0.06 sys=0.00, real=0.01 secs] 
1152.093: [GC
Desired survivor size 4194304 bytes, new threshold 15 (max 15)
 [PSYoungGen: 812832K->1344K(815104K)] 1835108K->1023668K(1839104K), 0.0098400 secs] [Times: user=0.05 sys=0.00, real=0.01 secs] 
1152.354: [GC
Desired survivor size 4194304 bytes, new threshold 15 (max 15)
 [PSYoungGen: 812352K->1440K(815104K)] 1834676K->1023804K(1839104K), 0.0099950 secs] [Times: user=0.06 sys=0.00, real=0.01 secs] 
1152.622: [GC
Desired survivor size 4194304 bytes, new threshold 15 (max 15)
 [PSYoungGen: 812448K->2528K(815104K)] 1834812K->1024916K(1839104K), 0.0106610 secs] [Times: user=0.06 sys=0.00, real=0.01 secs] 
1152.893: [GC
Desired survivor size 4194304 bytes, new threshold 15 (max 15)
 [PSYoungGen: 813536K->2432K(815104K)] 1835924K->1024860K(1839104K), 0.0102590 secs] [Times: user=0.07 sys=0.00, real=0.01 secs] 
1153.156: [GC
Desired survivor size 4194304 bytes, new threshold 15 (max 15)
 [PSYoungGen: 813440K->2112K(815104K)] 1835868K->1024580K(1839104K), 0.0104160 secs] [Times: user=0.06 sys=0.00, real=0.01 secs] 
1153.413: [GC
Desired survivor size 4194304 bytes, new threshold 15 (max 15)
 [PSYoungGen: 813120K->2560K(815104K)] 1835588K->1025044K(1839104K), 0.0104440 secs] [Times: user=0.06 sys=0.00, real=0.02 secs] 
1153.680: [GC
Desired survivor size 4194304 bytes, new threshold 15 (max 15)
 [PSYoungGen: 813568K->2304K(815104K)] 1836052K->1024820K(1839104K), 0.0100810 secs] [Times: user=0.06 sys=0.00, real=0.01 secs] 
1153.999: [GC
Desired survivor size 3670016 bytes, new threshold 15 (max 15)
 [PSYoungGen: 813312K->1504K(815104K)] 1835828K->1024052K(1839104K), 0.0100630 secs] [Times: user=0.05 sys=0.00, real=0.01 secs] 
1154.267: [GC
Desired survivor size 3670016 bytes, new threshold 15 (max 15)
 [PSYoungGen: 812512K->1056K(815616K)] 1835060K->1023636K(1839616K), 0.0094570 secs] [Times: user=0.06 sys=0.00, real=0.01 secs] 
1154.536: [GC
Desired survivor size 4718592 bytes, new threshold 14 (max 15)
 [PSYoungGen: 813088K->3584K(815616K)] 1835668K->1027012K(1839616K), 0.0123930 secs] [Times: user=0.06 sys=0.00, real=0.01 secs] 
1154.815: [GC
Desired survivor size 4718592 bytes, new threshold 15 (max 15)
 [PSYoungGen: 815616K->2976K(813568K)] 1839044K->1026428K(1837568K), 0.0106310 secs] [Times: user=0.06 sys=0.01, real=0.01 secs] 
1155.085: [GC
Desired survivor size 4718592 bytes, new threshold 15 (max 15)
 [PSYoungGen: 812960K->1760K(814592K)] 1836412K->1025212K(1838592K), 0.0095600 secs] [Times: user=0.05 sys=0.00, real=0.01 secs] 
1155.351: [GC
Desired survivor size 4718592 bytes, new threshold 15 (max 15)
 [PSYoungGen: 811744K->1120K(814592K)] 1835196K->1024612K(1838592K), 0.0094410 secs] [Times: user=0.06 sys=0.00, real=0.01 secs] 
1155.615: [GC
Desired survivor size 4194304 bytes, new threshold 15 (max 15)
 [PSYoungGen: 811104K->1824K(814592K)] 1834596K->1025340K(1838592K), 0.0102730 secs] [Times: user=0.05 sys=0.00, real=0.01 secs] 
1155.889: [GC
Desired survivor size 4194304 bytes, new threshold 15 (max 15)
 [PSYoungGen: 811808K->2304K(815104K)] 1835324K->1025836K(1839104K), 0.0095710 secs] [Times: user=0.06 sys=0.00, real=0.01 secs] 
1156.162: [GC
Desired survivor size 4194304 bytes, new threshold 15 (max 15)
 [PSYoungGen: 813312K->2336K(815104K)] 1836844K->1025900K(1839104K), 0.0102610 secs] [Times: user=0.06 sys=0.00, real=0.01 secs] 
1156.429: [GC
Desired survivor size 4194304 bytes, new threshold 15 (max 15)
 [PSYoungGen: 813344K->1344K(815104K)] 1836908K->1024932K(1839104K), 0.0100920 secs] [Times: user=0.05 sys=0.01, real=0.01 secs] 
1156.701: [GC
Desired survivor size 4194304 bytes, new threshold 15 (max 15)
 [PSYoungGen: 812352K->1792K(815104K)] 1835940K->1025420K(1839104K), 0.0215770 secs] [Times: user=0.08 sys=0.00, real=0.02 secs] 
1156.980: [GC
Desired survivor size 4718592 bytes, new threshold 15 (max 15)
 [PSYoungGen: 812800K->3680K(814080K)] 1836428K->1027332K(1838080K), 0.0117700 secs] [Times: user=0.07 sys=0.00, real=0.01 secs] 
1157.242: [GC
Desired survivor size 4194304 bytes, new threshold 15 (max 15)
 [PSYoungGen: 813664K->1472K(814592K)] 1837316K->1025164K(1838592K), 0.0099570 secs] [Times: user=0.06 sys=0.00, real=0.01 secs] 
1157.501: [GC
Desired survivor size 4194304 bytes, new threshold 15 (max 15)
 [PSYoungGen: 811456K->1728K(815104K)] 1835148K->1025452K(1839104K), 0.0096190 secs] [Times: user=0.06 sys=0.00, real=0.01 secs] 
1157.782: [GC
Desired survivor size 4194304 bytes, new threshold 15 (max 15)
 [PSYoungGen: 812736K->928K(815104K)] 1836460K->1024684K(1839104K), 0.0093210 secs] [Times: user=0.06 sys=0.00, real=0.01 secs] 
1158.043: [GC
Desired survivor size 4194304 bytes, new threshold 15 (max 15)
 [PSYoungGen: 811936K->2016K(815104K)] 1835692K->1025804K(1839104K), 0.0099710 secs] [Times: user=0.06 sys=0.00, real=0.01 secs] 
1158.316: [GC
Desired survivor size 4194304 bytes, new threshold 15 (max 15)
 [PSYoungGen: 813024K->1280K(815104K)] 1836812K->1025084K(1839104K), 0.0097430 secs] [Times: user=0.06 sys=0.01, real=0.01 secs] 
1158.652: [GC-- [PSYoungGen: 812288K->812288K(815104K)] 1836092K->1836284K(1839104K), 0.3761820 secs] [Times: user=0.41 sys=0.01, real=0.38 secs] 
1159.028: [Full GC [PSYoungGen: 812288K->0K(815104K)] [ParOldGen: 1023996K->976709K(1024000K)] 1836284K->976709K(1839104K) [PSPermGen: 48220K->48216K(524288K)], 1.5966980 secs] [Times: user=10.68 sys=0.06, real=1.60 secs] 
1160.897: [GC
Desired survivor size 4194304 bytes, new threshold 14 (max 15)
 [PSYoungGen: 811008K->2176K(815104K)] 1787717K->978885K(1839104K), 0.0104510 secs] [Times: user=0.06 sys=0.00, real=0.01 secs] 
1161.165: [GC
Desired survivor size 4194304 bytes, new threshold 13 (max 15)
 [PSYoungGen: 813184K->1088K(815104K)] 1789893K->977797K(1839104K), 0.0093710 secs] [Times: user=0.05 sys=0.00, real=0.01 secs] 
1161.430: [GC
Desired survivor size 3670016 bytes, new threshold 12 (max 15)
 [PSYoungGen: 812096K->928K(815616K)] 1788805K->977637K(1839616K), 0.0096330 secs] [Times: user=0.04 sys=0.00, real=0.01 secs] 
1161.703: [GC
Desired survivor size 3670016 bytes, new threshold 11 (max 15)
 [PSYoungGen: 812448K->1440K(815104K)] 1789157K->978149K(1839104K), 0.0214070 secs] [Times: user=0.08 sys=0.00, real=0.03 secs] 
1161.989: [GC
Desired survivor size 3670016 bytes, new threshold 10 (max 15)
 [PSYoungGen: 812960K->1760K(815616K)] 1789669K->978469K(1839616K), 0.0099270 secs] [Times: user=0.06 sys=0.00, real=0.01 secs] 
1162.252: [GC
Desired survivor size 4194304 bytes, new threshold 9 (max 15)
 [PSYoungGen: 813792K->3104K(815616K)] 1790501K->979813K(1839616K), 0.0101580 secs] [Times: user=0.06 sys=0.00, real=0.01 secs] 
1162.521: [GC
Desired survivor size 4194304 bytes, new threshold 8 (max 15)
 [PSYoungGen: 815136K->3328K(814592K)] 1791845K->980037K(1838592K), 0.0103440 secs] [Times: user=0.06 sys=0.00, real=0.01 secs] 
1162.796: [GC
Desired survivor size 4718592 bytes, new threshold 7 (max 15)
 [PSYoungGen: 814336K->3232K(814592K)] 1791045K->979941K(1838592K), 0.0110530 secs] [Times: user=0.06 sys=0.00, real=0.01 secs] 
1163.056: [GC
Desired survivor size 4718592 bytes, new threshold 6 (max 15)
 [PSYoungGen: 814240K->2912K(814592K)] 1790949K->980093K(1838592K), 0.0104370 secs] [Times: user=0.05 sys=0.00, real=0.01 secs] 
1163.320: [GC
Desired survivor size 4718592 bytes, new threshold 5 (max 15)
 [PSYoungGen: 812896K->704K(814592K)] 1790077K->977925K(1838592K), 0.0088070 secs] [Times: user=0.05 sys=0.00, real=0.01 secs] 
1163.577: [GC
Desired survivor size 4718592 bytes, new threshold 5 (max 15)
 [PSYoungGen: 810688K->1536K(814592K)] 1787909K->978789K(1838592K), 0.0115380 secs] [Times: user=0.06 sys=0.00, real=0.01 secs] 
1163.851: [GC
Desired survivor size 4718592 bytes, new threshold 5 (max 15)
 [PSYoungGen: 811520K->640K(814592K)] 1788773K->977933K(1838592K), 0.0089350 secs] [Times: user=0.05 sys=0.00, real=0.01 secs] 
1164.119: [GC
Desired survivor size 4194304 bytes, new threshold 5 (max 15)
 [PSYoungGen: 810624K->1696K(815104K)] 1787917K->979029K(1839104K), 0.0098110 secs] [Times: user=0.05 sys=0.00, real=0.01 secs] 
1164.379: [GC
Desired survivor size 4194304 bytes, new threshold 5 (max 15)
 [PSYoungGen: 812192K->1152K(814592K)] 1789525K->978509K(1838592K), 0.0091170 secs] [Times: user=0.05 sys=0.00, real=0.01 secs] 
1164.654: [GC
Desired survivor size 4194304 bytes, new threshold 5 (max 15)
 [PSYoungGen: 811648K->1760K(815104K)] 1789005K->979157K(1839104K), 0.0094950 secs] [Times: user=0.04 sys=0.00, real=0.01 secs] 
1164.924: [GC
Desired survivor size 3670016 bytes, new threshold 6 (max 15)
 [PSYoungGen: 812768K->1856K(815104K)] 1790165K->979269K(1839104K), 0.0098650 secs] [Times: user=0.06 sys=0.00, real=0.01 secs] 
1165.192: [GC
Desired survivor size 3670016 bytes, new threshold 7 (max 15)
 [PSYoungGen: 812864K->1888K(815616K)] 1790277K->979301K(1839616K), 0.0093810 secs] [Times: user=0.05 sys=0.01, real=0.01 secs] 
1165.452: [GC
Desired survivor size 3670016 bytes, new threshold 8 (max 15)
 [PSYoungGen: 813920K->2048K(815616K)] 1791333K->979461K(1839616K), 0.0097380 secs] [Times: user=0.05 sys=0.00, real=0.01 secs] 
1165.726: [GC
Desired survivor size 3670016 bytes, new threshold 9 (max 15)
 [PSYoungGen: 814080K->2176K(815616K)] 1791493K->979589K(1839616K), 0.0106230 secs] [Times: user=0.06 sys=0.01, real=0.01 secs] 
1165.997: [GC
Desired survivor size 3670016 bytes, new threshold 10 (max 15)
 [PSYoungGen: 814208K->1856K(815616K)] 1791621K->979269K(1839616K), 0.0097850 secs] [Times: user=0.06 sys=0.00, real=0.01 secs] 
1166.259: [GC
Desired survivor size 3670016 bytes, new threshold 11 (max 15)
 [PSYoungGen: 813888K->1440K(815616K)] 1791301K->978853K(1839616K), 0.0094070 secs] [Times: user=0.05 sys=0.01, real=0.01 secs] 
1166.532: [GC
Desired survivor size 3670016 bytes, new threshold 12 (max 15)
 [PSYoungGen: 813472K->1056K(815616K)] 1790885K->978469K(1839616K), 0.0092690 secs] [Times: user=0.06 sys=0.01, real=0.01 secs] 
1166.805: [GC
Desired survivor size 3145728 bytes, new threshold 13 (max 15)
 [PSYoungGen: 813088K->1440K(816128K)] 1790501K->978853K(1840128K), 0.0092440 secs] [Times: user=0.06 sys=0.00, real=0.00 secs] 
1167.070: [GC
Desired survivor size 3145728 bytes, new threshold 14 (max 15)
 [PSYoungGen: 813984K->800K(815616K)] 1791397K->978213K(1839616K), 0.0088420 secs] [Times: user=0.05 sys=0.00, real=0.01 secs] 
1167.339: [GC
Desired survivor size 3670016 bytes, new threshold 15 (max 15)
 [PSYoungGen: 813344K->2208K(815104K)] 1790757K->979621K(1839104K), 0.0096480 secs] [Times: user=0.06 sys=0.00, real=0.01 secs] 
1167.613: [GC
Desired survivor size 3145728 bytes, new threshold 15 (max 15)
 [PSYoungGen: 814240K->1536K(815616K)] 1791653K->978949K(1839616K), 0.0096340 secs] [Times: user=0.06 sys=0.00, real=0.01 secs] 
1167.885: [GC
Desired survivor size 3670016 bytes, new threshold 15 (max 15)
 [PSYoungGen: 813568K->2208K(815104K)] 1790981K->979661K(1839104K), 0.0094810 secs] [Times: user=0.06 sys=0.00, real=0.00 secs] 
1168.149: [GC
Desired survivor size 3145728 bytes, new threshold 15 (max 15)
 [PSYoungGen: 814240K->1824K(815616K)] 1791693K->979301K(1839616K), 0.0092990 secs] [Times: user=0.06 sys=0.00, real=0.01 secs] 
1168.409: [GC
Desired survivor size 3145728 bytes, new threshold 15 (max 15)
 [PSYoungGen: 813856K->1152K(816128K)] 1791333K->978661K(1840128K), 0.0093690 secs] [Times: user=0.05 sys=0.00, real=0.01 secs] 
1168.675: [GC
Desired survivor size 3145728 bytes, new threshold 15 (max 15)
 [PSYoungGen: 814208K->1696K(816128K)] 1791717K->979237K(1840128K), 0.0090950 secs] [Times: user=0.05 sys=0.00, real=0.00 secs] 
1168.947: [GC
Desired survivor size 3145728 bytes, new threshold 15 (max 15)
 [PSYoungGen: 814752K->2368K(816128K)] 1792293K->979925K(1840128K), 0.0096740 secs] [Times: user=0.06 sys=0.00, real=0.01 secs] 
1169.213: [GC
Desired survivor size 3145728 bytes, new threshold 15 (max 15)
 [PSYoungGen: 815424K->2240K(816128K)] 1792981K->979837K(1840128K), 0.0100850 secs] [Times: user=0.05 sys=0.00, real=0.01 secs] 
1169.472: [GC
Desired survivor size 3145728 bytes, new threshold 15 (max 15)
 [PSYoungGen: 815296K->1568K(816128K)] 1792893K->979209K(1840128K), 0.0096790 secs] [Times: user=0.05 sys=0.00, real=0.01 secs] 
1169.749: [GC
Desired survivor size 3145728 bytes, new threshold 15 (max 15)
 [PSYoungGen: 814624K->2016K(816128K)] 1792265K->979689K(1840128K), 0.0092520 secs] [Times: user=0.06 sys=0.00, real=0.01 secs] 
1170.010: [GC
Desired survivor size 3145728 bytes, new threshold 15 (max 15)
 [PSYoungGen: 815072K->608K(816128K)] 1792745K->978313K(1840128K), 0.0089980 secs] [Times: user=0.06 sys=0.00, real=0.01 secs] 
1170.278: [GC
Desired survivor size 3145728 bytes, new threshold 15 (max 15)
 [PSYoungGen: 813664K->864K(816128K)] 1791369K->978609K(1840128K), 0.0091340 secs] [Times: user=0.06 sys=0.00, real=0.01 secs] 
1170.548: [GC
Desired survivor size 3145728 bytes, new threshold 15 (max 15)
 [PSYoungGen: 813920K->2080K(816128K)] 1791665K->979841K(1840128K), 0.0093130 secs] [Times: user=0.05 sys=0.00, real=0.01 secs] 
1170.822: [GC
Desired survivor size 3670016 bytes, new threshold 15 (max 15)
 [PSYoungGen: 815136K->2720K(816128K)] 1792897K->980505K(1840128K), 0.0097670 secs] [Times: user=0.06 sys=0.00, real=0.01 secs] 
1171.088: [GC
Desired survivor size 3670016 bytes, new threshold 15 (max 15)
 [PSYoungGen: 815776K->2112K(815104K)] 1793561K->979929K(1839104K), 0.0096020 secs] [Times: user=0.05 sys=0.00, real=0.01 secs] 
1171.352: [GC
Desired survivor size 3670016 bytes, new threshold 15 (max 15)
 [PSYoungGen: 814144K->1632K(815616K)] 1791961K->979457K(1839616K), 0.0093590 secs] [Times: user=0.06 sys=0.00, real=0.01 secs] 
1171.622: [GC
Desired survivor size 3670016 bytes, new threshold 15 (max 15)
 [PSYoungGen: 813664K->1472K(815616K)] 1791489K->979329K(1839616K), 0.0094380 secs] [Times: user=0.05 sys=0.00, real=0.01 secs] 
1171.892: [GC
Desired survivor size 3145728 bytes, new threshold 15 (max 15)
 [PSYoungGen: 813504K->1440K(815616K)] 1791361K->979329K(1839616K), 0.0096620 secs] [Times: user=0.05 sys=0.00, real=0.01 secs] 
1172.159: [GC
Desired survivor size 3145728 bytes, new threshold 15 (max 15)
 [PSYoungGen: 813472K->704K(816128K)] 1791361K->978625K(1840128K), 0.0086090 secs] [Times: user=0.05 sys=0.00, real=0.01 secs] 
1172.420: [GC
Desired survivor size 3145728 bytes, new threshold 15 (max 15)
 [PSYoungGen: 813760K->1056K(816128K)] 1791681K->979009K(1840128K), 0.0093600 secs] [Times: user=0.05 sys=0.00, real=0.01 secs] 
1172.685: [GC
Desired survivor size 3670016 bytes, new threshold 15 (max 15)
 [PSYoungGen: 814112K->2368K(815104K)] 1792065K->980329K(1839104K), 0.0102140 secs] [Times: user=0.06 sys=0.00, real=0.01 secs] 
1172.955: [GC
Desired survivor size 4194304 bytes, new threshold 14 (max 15)
 [PSYoungGen: 814400K->3584K(815616K)] 1792361K->981761K(1839616K), 0.0108600 secs] [Times: user=0.07 sys=0.00, real=0.02 secs] 
1173.219: [GC
Desired survivor size 4194304 bytes, new threshold 15 (max 15)
 [PSYoungGen: 815616K->2240K(814592K)] 1793793K->980457K(1838592K), 0.0106270 secs] [Times: user=0.06 sys=0.00, real=0.01 secs] 
1173.482: [GC
Desired survivor size 4194304 bytes, new threshold 15 (max 15)
 [PSYoungGen: 813248K->1600K(815104K)] 1791465K->979817K(1839104K), 0.0095820 secs] [Times: user=0.05 sys=0.00, real=0.01 secs] 
1173.755: [GC
Desired survivor size 3670016 bytes, new threshold 15 (max 15)
 [PSYoungGen: 812608K->2208K(815616K)] 1790825K->980457K(1839616K), 0.0094220 secs] [Times: user=0.05 sys=0.00, real=0.01 secs] 
1174.071: [GC
Desired survivor size 3670016 bytes, new threshold 15 (max 15)
 [PSYoungGen: 813728K->2272K(815104K)] 1791977K->980545K(1839104K), 0.0102620 secs] [Times: user=0.06 sys=0.00, real=0.01 secs] 
1174.333: [GC
Desired survivor size 3670016 bytes, new threshold 15 (max 15)
 [PSYoungGen: 813792K->1536K(815616K)] 1792065K->979841K(1839616K), 0.0099110 secs] [Times: user=0.06 sys=0.00, real=0.01 secs] 
1174.615: [GC
Desired survivor size 3670016 bytes, new threshold 15 (max 15)
 [PSYoungGen: 813568K->2112K(815616K)] 1791873K->980457K(1839616K), 0.0098060 secs] [Times: user=0.06 sys=0.01, real=0.01 secs] 
1174.883: [GC
Desired survivor size 3670016 bytes, new threshold 15 (max 15)
 [PSYoungGen: 814144K->2048K(815616K)] 1792489K->980425K(1839616K), 0.0098740 secs] [Times: user=0.06 sys=0.00, real=0.01 secs] 
1175.150: [GC
Desired survivor size 3670016 bytes, new threshold 15 (max 15)
 [PSYoungGen: 814080K->896K(815616K)] 1792457K->979297K(1839616K), 0.0093330 secs] [Times: user=0.06 sys=0.00, real=0.01 secs] 
1175.417: [GC
Desired survivor size 3670016 bytes, new threshold 15 (max 15)
 [PSYoungGen: 812928K->2400K(815616K)] 1791329K->980833K(1839616K), 0.0102070 secs] [Times: user=0.06 sys=0.01, real=0.01 secs] 
1175.689: [GC
Desired survivor size 3670016 bytes, new threshold 15 (max 15)
 [PSYoungGen: 814432K->608K(815616K)] 1792865K->979057K(1839616K), 0.0091970 secs] [Times: user=0.06 sys=0.00, real=0.01 secs] 
1175.971: [GC
Desired survivor size 3670016 bytes, new threshold 15 (max 15)
 [PSYoungGen: 812640K->1312K(815616K)] 1791089K->979801K(1839616K), 0.0109390 secs] [Times: user=0.05 sys=0.00, real=0.01 secs] 
1176.239: [GC
Desired survivor size 3670016 bytes, new threshold 15 (max 15)
 [PSYoungGen: 813344K->512K(815616K)] 1791833K->979049K(1839616K), 0.0088950 secs] [Times: user=0.05 sys=0.00, real=0.01 secs] 
1176.501: [GC
Desired survivor size 3670016 bytes, new threshold 15 (max 15)
 [PSYoungGen: 812544K->2560K(815616K)] 1791081K->981137K(1839616K), 0.0101730 secs] [Times: user=0.06 sys=0.00, real=0.01 secs] 
1176.773: [GC
Desired survivor size 4194304 bytes, new threshold 15 (max 15)
 [PSYoungGen: 814592K->2336K(814592K)] 1793169K->980985K(1838592K), 0.0097650 secs] [Times: user=0.06 sys=0.00, real=0.01 secs] 
1177.040: [GC
Desired survivor size 4194304 bytes, new threshold 15 (max 15)
 [PSYoungGen: 814368K->800K(815104K)] 1793017K->979489K(1839104K), 0.0087810 secs] [Times: user=0.05 sys=0.00, real=0.01 secs] 
1177.307: [GC
Desired survivor size 3670016 bytes, new threshold 15 (max 15)
 [PSYoungGen: 811808K->1120K(815104K)] 1790497K->979841K(1839104K), 0.0097370 secs] [Times: user=0.04 sys=0.00, real=0.01 secs] 
1177.574: [GC
Desired survivor size 3670016 bytes, new threshold 15 (max 15)
 [PSYoungGen: 812128K->1696K(815616K)] 1790849K->980441K(1839616K), 0.0113220 secs] [Times: user=0.05 sys=0.00, real=0.01 secs] 
1177.850: [GC
Desired survivor size 3670016 bytes, new threshold 15 (max 15)
 [PSYoungGen: 813728K->2656K(815616K)] 1792473K->981441K(1839616K), 0.0097160 secs] [Times: user=0.05 sys=0.00, real=0.01 secs] 
1178.109: [GC
Desired survivor size 4194304 bytes, new threshold 15 (max 15)
 [PSYoungGen: 814688K->2496K(814592K)] 1793473K->981313K(1838592K), 0.0097610 secs] [Times: user=0.06 sys=0.01, real=0.01 secs] 
1178.370: [GC
Desired survivor size 3670016 bytes, new threshold 15 (max 15)
 [PSYoungGen: 813504K->1792K(815104K)] 1792321K->980641K(1839104K), 0.0096300 secs] [Times: user=0.05 sys=0.01, real=0.01 secs] 
1178.634: [GC
Desired survivor size 3670016 bytes, new threshold 15 (max 15)
 [PSYoungGen: 812800K->1056K(815616K)] 1791649K->979937K(1839616K), 0.0097430 secs] [Times: user=0.05 sys=0.01, real=0.01 secs] 
1178.914: [GC
Desired survivor size 3670016 bytes, new threshold 15 (max 15)
 [PSYoungGen: 813088K->1024K(815616K)] 1791969K->979937K(1839616K), 0.0093900 secs] [Times: user=0.05 sys=0.00, real=0.01 secs] 
1179.181: [GC
Desired survivor size 4194304 bytes, new threshold 15 (max 15)
 [PSYoungGen: 813056K->2752K(814592K)] 1791969K->981705K(1838592K), 0.0109970 secs] [Times: user=0.07 sys=0.00, real=0.01 secs] 
1179.440: [GC
Desired survivor size 4194304 bytes, new threshold 15 (max 15)
 [PSYoungGen: 813760K->608K(815104K)] 1792713K->979593K(1839104K), 0.0091910 secs] [Times: user=0.05 sys=0.00, real=0.01 secs] 
1179.707: [GC
Desired survivor size 3670016 bytes, new threshold 15 (max 15)
 [PSYoungGen: 811616K->1056K(815616K)] 1790601K->980069K(1839616K), 0.0195400 secs] [Times: user=0.10 sys=0.00, real=0.02 secs] 
1179.985: [GC
Desired survivor size 4194304 bytes, new threshold 15 (max 15)
 [PSYoungGen: 812576K->3584K(815104K)] 1791589K->982629K(1839104K), 0.0112000 secs] [Times: user=0.06 sys=0.00, real=0.01 secs] 
1180.251: [GC
Desired survivor size 4194304 bytes, new threshold 15 (max 15)
 [PSYoungGen: 815104K->1760K(815104K)] 1794149K->980861K(1839104K), 0.0092530 secs] [Times: user=0.05 sys=0.00, real=0.01 secs] 
1180.518: [GC
Desired survivor size 4194304 bytes, new threshold 15 (max 15)
 [PSYoungGen: 812768K->1344K(815104K)] 1791869K->980485K(1839104K), 0.0091100 secs] [Times: user=0.06 sys=0.00, real=0.01 secs] 
1180.789: [GC
Desired survivor size 3670016 bytes, new threshold 15 (max 15)
 [PSYoungGen: 812352K->1792K(815616K)] 1791493K->980957K(1839616K), 0.0096740 secs] [Times: user=0.06 sys=0.00, real=0.01 secs] 
1181.056: [GC
Desired survivor size 3670016 bytes, new threshold 15 (max 15)
 [PSYoungGen: 813312K->1920K(815104K)] 1792477K->981101K(1839104K), 0.0101220 secs] [Times: user=0.05 sys=0.00, real=0.01 secs] 
1181.318: [GC
Desired survivor size 3670016 bytes, new threshold 15 (max 15)
 [PSYoungGen: 813440K->480K(815616K)] 1792621K->979701K(1839616K), 0.0086970 secs] [Times: user=0.05 sys=0.00, real=0.00 secs] 
1181.586: [GC
Desired survivor size 3670016 bytes, new threshold 15 (max 15)
 [PSYoungGen: 812512K->1472K(815616K)] 1791733K->980733K(1839616K), 0.0093610 secs] [Times: user=0.06 sys=0.00, real=0.01 secs] 
1181.856: [GC
Desired survivor size 3670016 bytes, new threshold 15 (max 15)
 [PSYoungGen: 813504K->1312K(815616K)] 1792765K->980597K(1839616K), 0.0093130 secs] [Times: user=0.05 sys=0.00, real=0.01 secs] 
1182.129: [GC
Desired survivor size 3670016 bytes, new threshold 15 (max 15)
 [PSYoungGen: 813344K->1216K(815616K)] 1792629K->980525K(1839616K), 0.0093080 secs] [Times: user=0.05 sys=0.00, real=0.01 secs] 
1182.383: [GC
Desired survivor size 3145728 bytes, new threshold 15 (max 15)
 [PSYoungGen: 813248K->1696K(816128K)] 1792557K->981037K(1840128K), 0.0092470 secs] [Times: user=0.06 sys=0.00, real=0.01 secs] 
1182.652: [GC
Desired survivor size 3145728 bytes, new threshold 15 (max 15)
 [PSYoungGen: 814240K->640K(815616K)] 1793581K->980021K(1839616K), 0.0090820 secs] [Times: user=0.06 sys=0.00, real=0.01 secs] 
1182.928: [GC
Desired survivor size 3145728 bytes, new threshold 15 (max 15)
 [PSYoungGen: 813184K->1696K(816128K)] 1792565K->981117K(1840128K), 0.0095860 secs] [Times: user=0.05 sys=0.00, real=0.01 secs] 
1183.193: [GC
Desired survivor size 3145728 bytes, new threshold 15 (max 15)
 [PSYoungGen: 814752K->896K(816128K)] 1794173K->980357K(1840128K), 0.0089040 secs] [Times: user=0.05 sys=0.00, real=0.01 secs] 
1183.462: [GC
Desired survivor size 3145728 bytes, new threshold 15 (max 15)
 [PSYoungGen: 813952K->992K(816128K)] 1793413K->980493K(1840128K), 0.0103770 secs] [Times: user=0.04 sys=0.00, real=0.01 secs] 
1183.738: [GC
Desired survivor size 3145728 bytes, new threshold 15 (max 15)
 [PSYoungGen: 814048K->1472K(816128K)] 1793549K->981005K(1840128K), 0.0090970 secs] [Times: user=0.06 sys=0.00, real=0.00 secs] 
1183.998: [GC
Desired survivor size 3145728 bytes, new threshold 15 (max 15)
 [PSYoungGen: 814528K->2400K(816128K)] 1794061K->981965K(1840128K), 0.0104170 secs] [Times: user=0.06 sys=0.00, real=0.01 secs] 
1184.262: [GC
Desired survivor size 3145728 bytes, new threshold 15 (max 15)
 [PSYoungGen: 815456K->1472K(816128K)] 1795021K->981077K(1840128K), 0.0094390 secs] [Times: user=0.06 sys=0.00, real=0.01 secs] 
1184.528: [GC
Desired survivor size 3145728 bytes, new threshold 15 (max 15)
 [PSYoungGen: 814528K->928K(816128K)] 1794133K->980573K(1840128K), 0.0093490 secs] [Times: user=0.05 sys=0.00, real=0.00 secs] 
1184.802: [GC
Desired survivor size 3145728 bytes, new threshold 15 (max 15)
 [PSYoungGen: 813984K->1376K(816128K)] 1793629K->981061K(1840128K), 0.0094020 secs] [Times: user=0.05 sys=0.00, real=0.01 secs] 
1185.063: [GC
Desired survivor size 3145728 bytes, new threshold 15 (max 15)
 [PSYoungGen: 814432K->1888K(816128K)] 1794117K->981613K(1840128K), 0.0098940 secs] [Times: user=0.06 sys=0.00, real=0.01 secs] 
1185.326: [GC
Desired survivor size 3145728 bytes, new threshold 15 (max 15)
 [PSYoungGen: 814944K->2016K(816128K)] 1794669K->981781K(1840128K), 0.0098540 secs] [Times: user=0.06 sys=0.00, real=0.01 secs] 
1185.589: [GC
Desired survivor size 3145728 bytes, new threshold 15 (max 15)
 [PSYoungGen: 815072K->800K(816128K)] 1794837K->980605K(1840128K), 0.0089970 secs] [Times: user=0.05 sys=0.00, real=0.01 secs] 
1185.859: [GC
Desired survivor size 3145728 bytes, new threshold 15 (max 15)
 [PSYoungGen: 813856K->1888K(816128K)] 1793661K->981717K(1840128K), 0.0098320 secs] [Times: user=0.06 sys=0.00, real=0.01 secs] 
1186.121: [GC
Desired survivor size 3145728 bytes, new threshold 15 (max 15)
 [PSYoungGen: 814944K->1312K(816128K)] 1794773K->981173K(1840128K), 0.0098350 secs] [Times: user=0.05 sys=0.00, real=0.01 secs] 
1186.383: [GC
Desired survivor size 3145728 bytes, new threshold 15 (max 15)
 [PSYoungGen: 814368K->1600K(816128K)] 1794229K->981477K(1840128K), 0.0097010 secs] [Times: user=0.05 sys=0.00, real=0.01 secs] 
1186.655: [GC
Desired survivor size 3145728 bytes, new threshold 15 (max 15)
 [PSYoungGen: 814656K->800K(816128K)] 1794533K->980733K(1840128K), 0.0089600 secs] [Times: user=0.05 sys=0.00, real=0.01 secs] 
1186.931: [GC
Desired survivor size 3145728 bytes, new threshold 15 (max 15)
 [PSYoungGen: 813856K->1952K(816128K)] 1793789K->981941K(1840128K), 0.0100180 secs] [Times: user=0.05 sys=0.00, real=0.01 secs] 
1187.195: [GC
Desired survivor size 3145728 bytes, new threshold 15 (max 15)
 [PSYoungGen: 815008K->1920K(816128K)] 1794997K->981941K(1840128K), 0.0101010 secs] [Times: user=0.06 sys=0.00, real=0.01 secs] 
1187.458: [GC
Desired survivor size 3145728 bytes, new threshold 15 (max 15)
 [PSYoungGen: 814976K->1888K(816128K)] 1794997K->981941K(1840128K), 0.0097060 secs] [Times: user=0.05 sys=0.00, real=0.01 secs] 
1187.732: [GC
Desired survivor size 3145728 bytes, new threshold 15 (max 15)
 [PSYoungGen: 814944K->1952K(816128K)] 1794997K->982045K(1840128K), 0.0099930 secs] [Times: user=0.05 sys=0.00, real=0.01 secs] 
1187.998: [GC
Desired survivor size 3145728 bytes, new threshold 15 (max 15)
 [PSYoungGen: 815008K->1568K(816128K)] 1795101K->981677K(1840128K), 0.0102330 secs] [Times: user=0.06 sys=0.00, real=0.01 secs] 
1188.261: [GC
Desired survivor size 3145728 bytes, new threshold 15 (max 15)
 [PSYoungGen: 814624K->1952K(816128K)] 1794733K->982101K(1840128K), 0.0101330 secs] [Times: user=0.05 sys=0.00, real=0.01 secs] 
1188.526: [GC
Desired survivor size 3145728 bytes, new threshold 15 (max 15)
 [PSYoungGen: 815008K->1792K(816128K)] 1795157K->981973K(1840128K), 0.0097340 secs] [Times: user=0.06 sys=0.00, real=0.01 secs] 
1188.803: [GC
Desired survivor size 3145728 bytes, new threshold 15 (max 15)
 [PSYoungGen: 814848K->832K(816128K)] 1795029K->981045K(1840128K), 0.0091860 secs] [Times: user=0.05 sys=0.00, real=0.01 secs] 
1189.068: [GC
Desired survivor size 3145728 bytes, new threshold 15 (max 15)
 [PSYoungGen: 813888K->928K(816128K)] 1794101K->981181K(1840128K), 0.0090940 secs] [Times: user=0.05 sys=0.00, real=0.01 secs] 
1189.333: [GC
Desired survivor size 3145728 bytes, new threshold 15 (max 15)
 [PSYoungGen: 813984K->2240K(816128K)] 1794237K->982549K(1840128K), 0.0098280 secs] [Times: user=0.06 sys=0.00, real=0.01 secs] 
1189.599: [GC
Desired survivor size 3670016 bytes, new threshold 14 (max 15)
 [PSYoungGen: 815296K->3072K(816128K)] 1795605K->983421K(1840128K), 0.0103880 secs] [Times: user=0.06 sys=0.00, real=0.01 secs] 
1189.870: [GC
Desired survivor size 3670016 bytes, new threshold 15 (max 15)
 [PSYoungGen: 816128K->1600K(815104K)] 1796477K->982013K(1839104K), 0.0096230 secs] [Times: user=0.06 sys=0.00, real=0.01 secs] 
1190.141: [GC
Desired survivor size 3145728 bytes, new threshold 15 (max 15)
 [PSYoungGen: 813632K->1600K(815616K)] 1794045K->982013K(1839616K), 0.0094100 secs] [Times: user=0.05 sys=0.00, real=0.01 secs] 
1190.410: [GC
Desired survivor size 3145728 bytes, new threshold 15 (max 15)
 [PSYoungGen: 813632K->1600K(816128K)] 1794045K->982053K(1840128K), 0.0094720 secs] [Times: user=0.06 sys=0.00, real=0.01 secs] 
1190.669: [GC
Desired survivor size 3145728 bytes, new threshold 15 (max 15)
 [PSYoungGen: 814656K->1184K(816128K)] 1795109K->981677K(1840128K), 0.0094720 secs] [Times: user=0.06 sys=0.00, real=0.01 secs] 
1190.943: [GC
Desired survivor size 3145728 bytes, new threshold 15 (max 15)
 [PSYoungGen: 814240K->1408K(816128K)] 1794733K->981941K(1840128K), 0.0100540 secs] [Times: user=0.06 sys=0.00, real=0.01 secs] 
1191.209: [GC
Desired survivor size 3145728 bytes, new threshold 15 (max 15)
 [PSYoungGen: 814464K->2016K(816128K)] 1794997K->982573K(1840128K), 0.0100010 secs] [Times: user=0.06 sys=0.00, real=0.01 secs] 
1191.476: [GC
Desired survivor size 3145728 bytes, new threshold 15 (max 15)
 [PSYoungGen: 815072K->832K(816128K)] 1795629K->981429K(1840128K), 0.0092170 secs] [Times: user=0.06 sys=0.00, real=0.01 secs] 
1191.749: [GC
Desired survivor size 3145728 bytes, new threshold 15 (max 15)
 [PSYoungGen: 813888K->1312K(816128K)] 1794485K->981949K(1840128K), 0.0094990 secs] [Times: user=0.05 sys=0.00, real=0.01 secs] 
1192.115: [GC
Desired survivor size 3145728 bytes, new threshold 15 (max 15)
 [PSYoungGen: 814368K->1248K(816128K)] 1795005K->981917K(1840128K), 0.0093530 secs] [Times: user=0.06 sys=0.00, real=0.01 secs] 
1192.374: [GC
Desired survivor size 3145728 bytes, new threshold 15 (max 15)
 [PSYoungGen: 814304K->1568K(816128K)] 1794973K->982269K(1840128K), 0.0090730 secs] [Times: user=0.05 sys=0.00, real=0.01 secs] 
1192.634: [GC
Desired survivor size 3145728 bytes, new threshold 15 (max 15)
 [PSYoungGen: 814624K->2048K(816128K)] 1795325K->982765K(1840128K), 0.0097200 secs] [Times: user=0.06 sys=0.01, real=0.01 secs] 
1192.903: [GC
Desired survivor size 3145728 bytes, new threshold 15 (max 15)
 [PSYoungGen: 815104K->1600K(816128K)] 1795821K->982357K(1840128K), 0.0092500 secs] [Times: user=0.06 sys=0.00, real=0.01 secs] 
1193.169: [GC
Desired survivor size 3145728 bytes, new threshold 15 (max 15)
 [PSYoungGen: 814656K->960K(816128K)] 1795413K->981733K(1840128K), 0.0093850 secs] [Times: user=0.05 sys=0.00, real=0.01 secs] 
1193.435: [GC
Desired survivor size 3145728 bytes, new threshold 15 (max 15)
 [PSYoungGen: 814016K->1952K(816128K)] 1794789K->982757K(1840128K), 0.0097420 secs] [Times: user=0.06 sys=0.00, real=0.01 secs] 
1193.698: [GC
Desired survivor size 2621440 bytes, new threshold 15 (max 15)
 [PSYoungGen: 815008K->1504K(816640K)] 1795813K->982341K(1840640K), 0.0103030 secs] [Times: user=0.05 sys=0.00, real=0.01 secs] 
1194.017: [GC
Desired survivor size 3145728 bytes, new threshold 14 (max 15)
 [PSYoungGen: 815072K->2560K(816128K)] 1795909K->983493K(1840128K), 0.0103640 secs] [Times: user=0.05 sys=0.00, real=0.01 secs] 
1194.282: [GC
Desired survivor size 3145728 bytes, new threshold 15 (max 15)
 [PSYoungGen: 816128K->768K(816128K)] 1797061K->981741K(1840128K), 0.0089620 secs] [Times: user=0.04 sys=0.00, real=0.01 secs] 
1194.543: [GC
Desired survivor size 3670016 bytes, new threshold 15 (max 15)
 [PSYoungGen: 813824K->2848K(816128K)] 1794797K->983821K(1840128K), 0.0153630 secs] [Times: user=0.07 sys=0.01, real=0.01 secs] 
1194.820: [GC
Desired survivor size 3670016 bytes, new threshold 15 (max 15)
 [PSYoungGen: 815904K->1184K(815104K)] 1796877K->982189K(1839104K), 0.0094860 secs] [Times: user=0.06 sys=0.00, real=0.01 secs] 
1195.088: [GC
Desired survivor size 3670016 bytes, new threshold 15 (max 15)
 [PSYoungGen: 813216K->2944K(815616K)] 1794221K->983973K(1839616K), 0.0108600 secs] [Times: user=0.06 sys=0.00, real=0.02 secs] 
1195.352: [GC
Desired survivor size 3670016 bytes, new threshold 15 (max 15)
 [PSYoungGen: 814976K->2144K(815616K)] 1796005K->983205K(1839616K), 0.0096360 secs] [Times: user=0.06 sys=0.00, real=0.01 secs] 
1195.614: [GC
Desired survivor size 4194304 bytes, new threshold 15 (max 15)
 [PSYoungGen: 814176K->3136K(815616K)] 1795237K->984229K(1839616K), 0.0104580 secs] [Times: user=0.06 sys=0.00, real=0.01 secs] 
1195.886: [GC
Desired survivor size 4194304 bytes, new threshold 15 (max 15)
 [PSYoungGen: 815168K->1952K(814592K)] 1796261K->983069K(1838592K), 0.0093310 secs] [Times: user=0.05 sys=0.01, real=0.01 secs] 
1196.155: [GC
Desired survivor size 3670016 bytes, new threshold 15 (max 15)
 [PSYoungGen: 812960K->1792K(815104K)] 1794077K->982949K(1839104K), 0.0095700 secs] [Times: user=0.05 sys=0.00, real=0.01 secs] 
1196.423: [GC
Desired survivor size 3670016 bytes, new threshold 15 (max 15)
 [PSYoungGen: 812800K->896K(815616K)] 1793957K->982093K(1839616K), 0.0089950 secs] [Times: user=0.06 sys=0.01, real=0.01 secs] 
1196.691: [GC
Desired survivor size 3670016 bytes, new threshold 15 (max 15)
 [PSYoungGen: 812928K->1568K(815616K)] 1794125K->982797K(1839616K), 0.0099240 secs] [Times: user=0.04 sys=0.00, real=0.01 secs] 
1196.966: [GC
Desired survivor size 3670016 bytes, new threshold 15 (max 15)
 [PSYoungGen: 813600K->1728K(815616K)] 1794829K->982981K(1839616K), 0.0122540 secs] [Times: user=0.07 sys=0.00, real=0.01 secs] 
1197.235: [GC
Desired survivor size 3670016 bytes, new threshold 15 (max 15)
 [PSYoungGen: 813760K->1824K(815616K)] 1795013K->983101K(1839616K), 0.0098690 secs] [Times: user=0.06 sys=0.00, real=0.01 secs] 
1197.498: [GC
Desired survivor size 3670016 bytes, new threshold 15 (max 15)
 [PSYoungGen: 813856K->1024K(815616K)] 1795133K->982333K(1839616K), 0.0092130 secs] [Times: user=0.05 sys=0.00, real=0.01 secs] 
1197.770: [GC
Desired survivor size 3670016 bytes, new threshold 15 (max 15)
 [PSYoungGen: 813056K->2688K(815616K)] 1794365K->984013K(1839616K), 0.0103280 secs] [Times: user=0.07 sys=0.00, real=0.01 secs] 
1198.030: [GC
Desired survivor size 3670016 bytes, new threshold 15 (max 15)
 [PSYoungGen: 814720K->1056K(815616K)] 1796045K->982437K(1839616K), 0.0095960 secs] [Times: user=0.04 sys=0.00, real=0.01 secs] 
1198.305: [GC
Desired survivor size 3670016 bytes, new threshold 15 (max 15)
 [PSYoungGen: 813088K->1824K(815616K)] 1794469K->983237K(1839616K), 0.0090500 secs] [Times: user=0.05 sys=0.00, real=0.01 secs] 
1198.573: [GC
Desired survivor size 3670016 bytes, new threshold 15 (max 15)
 [PSYoungGen: 813856K->896K(815616K)] 1795269K->982325K(1839616K), 0.0117170 secs] [Times: user=0.04 sys=0.00, real=0.01 secs] 
1198.846: [GC
Desired survivor size 3670016 bytes, new threshold 15 (max 15)
 [PSYoungGen: 812928K->1920K(815616K)] 1794357K->983381K(1839616K), 0.0092580 secs] [Times: user=0.05 sys=0.00, real=0.01 secs] 
1199.102: [GC
Desired survivor size 4194304 bytes, new threshold 14 (max 15)
 [PSYoungGen: 813952K->3584K(814592K)] 1795413K->985917K(1838592K), 0.0110200 secs] [Times: user=0.07 sys=0.00, real=0.01 secs] 
1199.362: [GC
Desired survivor size 4194304 bytes, new threshold 14 (max 15)
 [PSYoungGen: 814592K->2240K(815104K)] 1796925K->984597K(1839104K), 0.0096010 secs] [Times: user=0.06 sys=0.00, real=0.01 secs] 
1199.632: [GC
Desired survivor size 4194304 bytes, new threshold 14 (max 15)
 [PSYoungGen: 813248K->1792K(815104K)] 1795605K->984181K(1839104K), 0.0104080 secs] [Times: user=0.05 sys=0.00, real=0.01 secs] 
1199.957: [GC
Desired survivor size 4194304 bytes, new threshold 15 (max 15)
 [PSYoungGen: 812800K->1696K(815104K)] 1795189K->984117K(1839104K), 0.0101340 secs] [Times: user=0.05 sys=0.00, real=0.01 secs] 
1200.228: [GC
Desired survivor size 3670016 bytes, new threshold 15 (max 15)
 [PSYoungGen: 812704K->1600K(815616K)] 1795125K->984021K(1839616K), 0.0093390 secs] [Times: user=0.05 sys=0.00, real=0.01 secs] 
1200.496: [GC
Desired survivor size 3670016 bytes, new threshold 15 (max 15)
 [PSYoungGen: 813120K->2304K(815104K)] 1795541K->984741K(1839104K), 0.0099080 secs] [Times: user=0.07 sys=0.00, real=0.01 secs] 
1200.767: [GC
Desired survivor size 3670016 bytes, new threshold 15 (max 15)
 [PSYoungGen: 813824K->1408K(815616K)] 1796261K->983853K(1839616K), 0.0093310 secs] [Times: user=0.06 sys=0.01, real=0.01 secs] 
1201.027: [GC
Desired survivor size 3670016 bytes, new threshold 15 (max 15)
 [PSYoungGen: 813440K->2368K(815616K)] 1795885K->984837K(1839616K), 0.0098430 secs] [Times: user=0.06 sys=0.00, real=0.01 secs] 
1201.291: [GC
Desired survivor size 3670016 bytes, new threshold 15 (max 15)
 [PSYoungGen: 814400K->1504K(815616K)] 1796869K->983997K(1839616K), 0.0098400 secs] [Times: user=0.06 sys=0.00, real=0.01 secs] 
1201.551: [GC
Desired survivor size 3670016 bytes, new threshold 15 (max 15)
 [PSYoungGen: 813536K->1344K(815616K)] 1796029K->983877K(1839616K), 0.0088930 secs] [Times: user=0.05 sys=0.00, real=0.01 secs] 
1201.829: [GC
Desired survivor size 3670016 bytes, new threshold 15 (max 15)
 [PSYoungGen: 813376K->1600K(815616K)] 1795909K->984165K(1839616K), 0.0101530 secs] [Times: user=0.05 sys=0.00, real=0.01 secs] 
1202.093: [GC
Desired survivor size 3670016 bytes, new threshold 15 (max 15)
 [PSYoungGen: 813632K->1792K(815616K)] 1796197K->984381K(1839616K), 0.0096330 secs] [Times: user=0.07 sys=0.00, real=0.01 secs] 
1202.349: [GC
Desired survivor size 3670016 bytes, new threshold 15 (max 15)
 [PSYoungGen: 813824K->2752K(815616K)] 1796413K->985373K(1839616K), 0.0100230 secs] [Times: user=0.06 sys=0.00, real=0.01 secs] 
1202.610: [GC
Desired survivor size 4194304 bytes, new threshold 14 (max 15)
 [PSYoungGen: 814784K->3584K(815616K)] 1797405K->986357K(1839616K), 0.0102430 secs] [Times: user=0.06 sys=0.00, real=0.01 secs] 
1202.884: [GC
Desired survivor size 4194304 bytes, new threshold 15 (max 15)
 [PSYoungGen: 815616K->2208K(814592K)] 1798389K->985213K(1838592K), 0.0099520 secs] [Times: user=0.06 sys=0.00, real=0.01 secs] 
1203.146: [GC
Desired survivor size 4194304 bytes, new threshold 15 (max 15)
 [PSYoungGen: 813216K->3392K(815104K)] 1796221K->986397K(1839104K), 0.0105200 secs] [Times: user=0.06 sys=0.00, real=0.01 secs] 
1203.411: [GC
Desired survivor size 4194304 bytes, new threshold 15 (max 15)
 [PSYoungGen: 814400K->2272K(815104K)] 1797405K->985317K(1839104K), 0.0096220 secs] [Times: user=0.06 sys=0.00, real=0.01 secs] 
1203.668: [GC
Desired survivor size 4194304 bytes, new threshold 15 (max 15)
 [PSYoungGen: 813280K->768K(815104K)] 1796325K->983845K(1839104K), 0.0089050 secs] [Times: user=0.05 sys=0.00, real=0.01 secs] 
1203.948: [GC
Desired survivor size 4194304 bytes, new threshold 15 (max 15)
 [PSYoungGen: 811776K->1472K(815104K)] 1794853K->984589K(1839104K), 0.0095500 secs] [Times: user=0.06 sys=0.00, real=0.01 secs] 
1204.212: [GC
Desired survivor size 4718592 bytes, new threshold 15 (max 15)
 [PSYoungGen: 812480K->3296K(814592K)] 1795597K->986453K(1838592K), 0.0117610 secs] [Times: user=0.06 sys=0.00, real=0.01 secs] 
1204.476: [GC
Desired survivor size 4718592 bytes, new threshold 15 (max 15)
 [PSYoungGen: 814304K->3776K(814592K)] 1797461K->986949K(1838592K), 0.0103210 secs] [Times: user=0.06 sys=0.00, real=0.01 secs] 
1204.755: [GC
Desired survivor size 4718592 bytes, new threshold 15 (max 15)
 [PSYoungGen: 813760K->1728K(814592K)] 1796933K->984933K(1838592K), 0.0092460 secs] [Times: user=0.06 sys=0.00, real=0.01 secs] 
1205.021: [GC
Desired survivor size 4718592 bytes, new threshold 15 (max 15)
 [PSYoungGen: 811712K->2336K(814592K)] 1794917K->985573K(1838592K), 0.0101960 secs] [Times: user=0.06 sys=0.00, real=0.01 secs] 
1205.284: [GC
Desired survivor size 4718592 bytes, new threshold 15 (max 15)
 [PSYoungGen: 812320K->2560K(814592K)] 1795557K->985845K(1838592K), 0.0104120 secs] [Times: user=0.06 sys=0.00, real=0.01 secs] 
1205.546: [GC
Desired survivor size 4718592 bytes, new threshold 15 (max 15)
 [PSYoungGen: 812544K->1344K(814592K)] 1795829K->984637K(1838592K), 0.0095360 secs] [Times: user=0.06 sys=0.00, real=0.01 secs] 
1205.818: [GC
Desired survivor size 4718592 bytes, new threshold 15 (max 15)
 [PSYoungGen: 811328K->2816K(814592K)] 1794621K->986149K(1838592K), 0.0102820 secs] [Times: user=0.06 sys=0.00, real=0.01 secs] 
1206.091: [GC
Desired survivor size 4718592 bytes, new threshold 15 (max 15)
 [PSYoungGen: 812800K->1408K(814592K)] 1796133K->984765K(1838592K), 0.0093790 secs] [Times: user=0.05 sys=0.00, real=0.00 secs] 
1206.355: [GC
Desired survivor size 5242880 bytes, new threshold 15 (max 15)
 [PSYoungGen: 811392K->4096K(814080K)] 1794749K->987517K(1838080K), 0.0108660 secs] [Times: user=0.06 sys=0.00, real=0.01 secs] 
1206.616: [GC
Desired survivor size 4718592 bytes, new threshold 15 (max 15)
 [PSYoungGen: 814080K->2336K(814592K)] 1797501K->985805K(1838592K), 0.0096640 secs] [Times: user=0.05 sys=0.00, real=0.01 secs] 
1206.883: [GC
Desired survivor size 4718592 bytes, new threshold 15 (max 15)
 [PSYoungGen: 811808K->2624K(814080K)] 1795277K->986117K(1838080K), 0.0102840 secs] [Times: user=0.06 sys=0.01, real=0.01 secs] 
1207.148: [GC
Desired survivor size 4718592 bytes, new threshold 15 (max 15)
 [PSYoungGen: 812096K->1376K(814592K)] 1795589K->984893K(1838592K), 0.0093300 secs] [Times: user=0.05 sys=0.00, real=0.01 secs] 
1207.414: [GC
Desired survivor size 4718592 bytes, new threshold 15 (max 15)
 [PSYoungGen: 811360K->1312K(814592K)] 1794877K->984845K(1838592K), 0.0095790 secs] [Times: user=0.06 sys=0.00, real=0.01 secs] 
1207.679: [GC
Desired survivor size 4194304 bytes, new threshold 15 (max 15)
 [PSYoungGen: 811296K->2208K(815104K)] 1794829K->985781K(1839104K), 0.0099710 secs] [Times: user=0.06 sys=0.00, real=0.01 secs] 
1207.956: [GC
Desired survivor size 4194304 bytes, new threshold 15 (max 15)
 [PSYoungGen: 812704K->1344K(814592K)] 1796277K->984965K(1838592K), 0.0096230 secs] [Times: user=0.05 sys=0.00, real=0.01 secs] 
1208.222: [GC
Desired survivor size 4194304 bytes, new threshold 15 (max 15)
 [PSYoungGen: 811840K->672K(815104K)] 1795461K->984325K(1839104K), 0.0090170 secs] [Times: user=0.06 sys=0.00, real=0.00 secs] 
1208.491: [GC
Desired survivor size 4194304 bytes, new threshold 15 (max 15)
 [PSYoungGen: 811680K->1408K(815104K)] 1795333K->985101K(1839104K), 0.0093360 secs] [Times: user=0.05 sys=0.00, real=0.01 secs] 
1208.767: [GC
Desired survivor size 4194304 bytes, new threshold 15 (max 15)
 [PSYoungGen: 812416K->1792K(815104K)] 1796109K->985517K(1839104K), 0.0103130 secs] [Times: user=0.05 sys=0.00, real=0.01 secs] 
1209.033: [GC
Desired survivor size 4194304 bytes, new threshold 15 (max 15)
 [PSYoungGen: 812800K->960K(815104K)] 1796525K->984717K(1839104K), 0.0092120 secs] [Times: user=0.05 sys=0.00, real=0.00 secs] 
1209.295: [GC
Desired survivor size 4194304 bytes, new threshold 15 (max 15)
 [PSYoungGen: 811968K->3136K(815104K)] 1795725K->986925K(1839104K), 0.0108180 secs] [Times: user=0.06 sys=0.00, real=0.01 secs] 
1209.556: [GC
Desired survivor size 4194304 bytes, new threshold 15 (max 15)
 [PSYoungGen: 814144K->1344K(815104K)] 1797933K->985173K(1839104K), 0.0097330 secs] [Times: user=0.06 sys=0.00, real=0.01 secs] 
1209.833: [GC
Desired survivor size 4194304 bytes, new threshold 15 (max 15)
 [PSYoungGen: 812352K->2336K(815104K)] 1796181K->986205K(1839104K), 0.0100280 secs] [Times: user=0.06 sys=0.00, real=0.01 secs] 
1210.123: [GC
Desired survivor size 4194304 bytes, new threshold 15 (max 15)
 [PSYoungGen: 813344K->1152K(815104K)] 1797213K->985061K(1839104K), 0.0096320 secs] [Times: user=0.04 sys=0.00, real=0.01 secs] 
1210.391: [GC
Desired survivor size 4194304 bytes, new threshold 15 (max 15)
 [PSYoungGen: 812160K->1216K(815104K)] 1796069K->985157K(1839104K), 0.0093970 secs] [Times: user=0.05 sys=0.00, real=0.01 secs] 
1210.660: [GC
Desired survivor size 3670016 bytes, new threshold 15 (max 15)
 [PSYoungGen: 812224K->1568K(815104K)] 1796165K->985533K(1839104K), 0.0093660 secs] [Times: user=0.05 sys=0.00, real=0.01 secs] 
1210.929: [GC
Desired survivor size 3670016 bytes, new threshold 15 (max 15)
 [PSYoungGen: 812576K->1632K(815616K)] 1796541K->985645K(1839616K), 0.0100020 secs] [Times: user=0.05 sys=0.00, real=0.01 secs] 
1211.195: [GC
Desired survivor size 3670016 bytes, new threshold 15 (max 15)
 [PSYoungGen: 813664K->2016K(815616K)] 1797677K->986061K(1839616K), 0.0095810 secs] [Times: user=0.06 sys=0.00, real=0.01 secs] 
1211.456: [GC
Desired survivor size 3670016 bytes, new threshold 15 (max 15)
 [PSYoungGen: 814048K->2208K(815616K)] 1798093K->986293K(1839616K), 0.0097740 secs] [Times: user=0.06 sys=0.01, real=0.01 secs] 
1211.733: [GC
Desired survivor size 3670016 bytes, new threshold 15 (max 15)
 [PSYoungGen: 814240K->1984K(815616K)] 1798325K->986109K(1839616K), 0.0099420 secs] [Times: user=0.06 sys=0.00, real=0.01 secs] 
1211.995: [GC
Desired survivor size 3670016 bytes, new threshold 15 (max 15)
 [PSYoungGen: 814016K->3008K(815616K)] 1798141K->987165K(1839616K), 0.0105780 secs] [Times: user=0.07 sys=0.00, real=0.01 secs] 
1212.255: [GC
Desired survivor size 3670016 bytes, new threshold 15 (max 15)
 [PSYoungGen: 815040K->1920K(815616K)] 1799197K->986109K(1839616K), 0.0097220 secs] [Times: user=0.05 sys=0.00, real=0.01 secs] 
1212.516: [GC
Desired survivor size 3670016 bytes, new threshold 15 (max 15)
 [PSYoungGen: 813952K->2016K(815616K)] 1798141K->986229K(1839616K), 0.0098300 secs] [Times: user=0.06 sys=0.00, real=0.01 secs] 
1212.795: [GC
Desired survivor size 3670016 bytes, new threshold 15 (max 15)
 [PSYoungGen: 814048K->960K(815616K)] 1798261K->985221K(1839616K), 0.0090350 secs] [Times: user=0.05 sys=0.00, real=0.01 secs] 
1213.064: [GC
Desired survivor size 3670016 bytes, new threshold 15 (max 15)
 [PSYoungGen: 812992K->1120K(815616K)] 1797253K->985413K(1839616K), 0.0095740 secs] [Times: user=0.06 sys=0.00, real=0.01 secs] 
1213.333: [GC
Desired survivor size 3670016 bytes, new threshold 15 (max 15)
 [PSYoungGen: 813152K->1600K(815616K)] 1797445K->985933K(1839616K), 0.0094240 secs] [Times: user=0.05 sys=0.00, real=0.00 secs] 
1213.597: [GC
Desired survivor size 3670016 bytes, new threshold 15 (max 15)
 [PSYoungGen: 813632K->2976K(815616K)] 1797965K->987325K(1839616K), 0.0099230 secs] [Times: user=0.06 sys=0.00, real=0.01 secs] 
1213.871: [GC
Desired survivor size 3670016 bytes, new threshold 15 (max 15)
 [PSYoungGen: 815008K->1024K(815616K)] 1799357K->985413K(1839616K), 0.0097210 secs] [Times: user=0.05 sys=0.00, real=0.01 secs] 
1214.177: [GC
Desired survivor size 3670016 bytes, new threshold 15 (max 15)
 [PSYoungGen: 813056K->1440K(815616K)] 1797445K->985869K(1839616K), 0.0094910 secs] [Times: user=0.06 sys=0.00, real=0.01 secs] 
1214.442: [GC
Desired survivor size 3670016 bytes, new threshold 15 (max 15)
 [PSYoungGen: 813472K->2592K(815616K)] 1797901K->987069K(1839616K), 0.0096120 secs] [Times: user=0.06 sys=0.00, real=0.01 secs] 
1214.733: [GC
Desired survivor size 3670016 bytes, new threshold 15 (max 15)
 [PSYoungGen: 814624K->2080K(815616K)] 1799101K->986573K(1839616K), 0.0104140 secs] [Times: user=0.06 sys=0.00, real=0.01 secs] 
1214.997: [GC
Desired survivor size 4194304 bytes, new threshold 15 (max 15)
 [PSYoungGen: 814112K->2944K(815104K)] 1798605K->987469K(1839104K), 0.0100440 secs] [Times: user=0.06 sys=0.00, real=0.01 secs] 
1215.260: [GC
Desired survivor size 4194304 bytes, new threshold 15 (max 15)
 [PSYoungGen: 814976K->2304K(815104K)] 1799501K->986861K(1839104K), 0.0100930 secs] [Times: user=0.06 sys=0.00, real=0.01 secs] 
1215.520: [GC
Desired survivor size 3670016 bytes, new threshold 15 (max 15)
 [PSYoungGen: 813312K->1824K(815104K)] 1797869K->986413K(1839104K), 0.0093850 secs] [Times: user=0.05 sys=0.00, real=0.01 secs] 
1215.798: [GC
Desired survivor size 3670016 bytes, new threshold 15 (max 15)
 [PSYoungGen: 812832K->1216K(815616K)] 1797421K->985829K(1839616K), 0.0092300 secs] [Times: user=0.05 sys=0.00, real=0.01 secs] 
1216.064: [GC
Desired survivor size 3670016 bytes, new threshold 15 (max 15)
 [PSYoungGen: 813248K->2368K(815616K)] 1797861K->987013K(1839616K), 0.0096810 secs] [Times: user=0.05 sys=0.00, real=0.01 secs] 
1216.326: [GC
Desired survivor size 4194304 bytes, new threshold 15 (max 15)
 [PSYoungGen: 814400K->3456K(814592K)] 1799045K->988133K(1838592K), 0.0109200 secs] [Times: user=0.07 sys=0.00, real=0.01 secs] 
1216.592: [GC
Desired survivor size 4194304 bytes, new threshold 15 (max 15)
 [PSYoungGen: 814464K->1792K(815104K)] 1799141K->986509K(1839104K), 0.0093460 secs] [Times: user=0.05 sys=0.00, real=0.01 secs] 
1216.860: [GC
Desired survivor size 4718592 bytes, new threshold 15 (max 15)
 [PSYoungGen: 812800K->4000K(814080K)] 1797517K->988741K(1838080K), 0.0109230 secs] [Times: user=0.07 sys=0.00, real=0.01 secs] 
1217.131: [GC
Desired survivor size 4718592 bytes, new threshold 15 (max 15)
 [PSYoungGen: 813984K->1024K(814592K)] 1798725K->985805K(1838592K), 0.0094150 secs] [Times: user=0.05 sys=0.01, real=0.01 secs] 
1217.395: [GC
Desired survivor size 4718592 bytes, new threshold 15 (max 15)
 [PSYoungGen: 811008K->1792K(814592K)] 1795789K->986613K(1838592K), 0.0097310 secs] [Times: user=0.06 sys=0.00, real=0.01 secs] 
1217.660: [GC
Desired survivor size 4194304 bytes, new threshold 15 (max 15)
 [PSYoungGen: 811776K->1824K(814592K)] 1796597K->986669K(1838592K), 0.0095330 secs] [Times: user=0.05 sys=0.00, real=0.01 secs] 
1217.936: [GC
Desired survivor size 4718592 bytes, new threshold 15 (max 15)
 [PSYoungGen: 811808K->3456K(814080K)] 1796653K->988325K(1838080K), 0.0108630 secs] [Times: user=0.07 sys=0.00, real=0.01 secs] 
1218.197: [GC
Desired survivor size 4718592 bytes, new threshold 15 (max 15)
 [PSYoungGen: 813440K->1472K(814592K)] 1798309K->986373K(1838592K), 0.0094500 secs] [Times: user=0.07 sys=0.00, real=0.01 secs] 
1218.454: [GC
Desired survivor size 4718592 bytes, new threshold 15 (max 15)
 [PSYoungGen: 811456K->992K(814592K)] 1796357K->985925K(1838592K), 0.0091640 secs] [Times: user=0.06 sys=0.00, real=0.01 secs] 
1218.727: [GC
Desired survivor size 4718592 bytes, new threshold 15 (max 15)
 [PSYoungGen: 810976K->2528K(814592K)] 1795909K->987501K(1838592K), 0.0098280 secs] [Times: user=0.05 sys=0.00, real=0.01 secs] 
1218.992: [GC
Desired survivor size 4718592 bytes, new threshold 15 (max 15)
 [PSYoungGen: 812512K->3712K(814592K)] 1797485K->988693K(1838592K), 0.0115670 secs] [Times: user=0.05 sys=0.00, real=0.02 secs] 
1219.257: [GC
Desired survivor size 4718592 bytes, new threshold 15 (max 15)
 [PSYoungGen: 813696K->896K(814592K)] 1798677K->985917K(1838592K), 0.0092870 secs] [Times: user=0.05 sys=0.00, real=0.01 secs] 
1219.520: [GC
Desired survivor size 4718592 bytes, new threshold 15 (max 15)
 [PSYoungGen: 810880K->2400K(814592K)] 1795901K->987437K(1838592K), 0.0101050 secs] [Times: user=0.07 sys=0.00, real=0.01 secs] 
1219.795: [GC
Desired survivor size 4718592 bytes, new threshold 15 (max 15)
 [PSYoungGen: 812384K->896K(814592K)] 1797421K->985973K(1838592K), 0.0092470 secs] [Times: user=0.05 sys=0.00, real=0.01 secs] 
1220.066: [GC
Desired survivor size 4718592 bytes, new threshold 15 (max 15)
 [PSYoungGen: 810880K->1792K(814592K)] 1795957K->986901K(1838592K), 0.0098780 secs] [Times: user=0.06 sys=0.00, real=0.01 secs] 
1220.327: [GC
Desired survivor size 4718592 bytes, new threshold 15 (max 15)
 [PSYoungGen: 811776K->2912K(814592K)] 1796885K->988045K(1838592K), 0.0095730 secs] [Times: user=0.06 sys=0.00, real=0.01 secs] 
1220.602: [GC
Desired survivor size 4718592 bytes, new threshold 15 (max 15)
 [PSYoungGen: 812896K->1376K(814592K)] 1798029K->986541K(1838592K), 0.0100200 secs] [Times: user=0.05 sys=0.00, real=0.01 secs] 
1220.880: [GC
Desired survivor size 4718592 bytes, new threshold 15 (max 15)
 [PSYoungGen: 811360K->960K(814592K)] 1796525K->986165K(1838592K), 0.0093270 secs] [Times: user=0.05 sys=0.00, real=0.01 secs] 
1221.150: [GC
Desired survivor size 4718592 bytes, new threshold 15 (max 15)
 [PSYoungGen: 810944K->512K(814592K)] 1796149K->985765K(1838592K), 0.0091440 secs] [Times: user=0.05 sys=0.00, real=0.01 secs] 
1221.407: [GC
Desired survivor size 4194304 bytes, new threshold 15 (max 15)
 [PSYoungGen: 810496K->1920K(814592K)] 1795749K->987197K(1838592K), 0.0097850 secs] [Times: user=0.06 sys=0.00, real=0.01 secs] 
1221.671: [GC
Desired survivor size 4194304 bytes, new threshold 15 (max 15)
 [PSYoungGen: 811904K->1280K(815104K)] 1797181K->986589K(1839104K), 0.0091890 secs] [Times: user=0.06 sys=0.00, real=0.01 secs] 
1221.955: [GC
Desired survivor size 4194304 bytes, new threshold 15 (max 15)
 [PSYoungGen: 812288K->2528K(815104K)] 1797597K->987861K(1839104K), 0.0099550 secs] [Times: user=0.05 sys=0.00, real=0.01 secs] 
1222.225: [GC
Desired survivor size 4194304 bytes, new threshold 15 (max 15)
 [PSYoungGen: 813536K->1856K(815104K)] 1798869K->987245K(1839104K), 0.0100960 secs] [Times: user=0.07 sys=0.00, real=0.01 secs] 
1222.489: [GC
Desired survivor size 4194304 bytes, new threshold 15 (max 15)
 [PSYoungGen: 812864K->2144K(815104K)] 1798253K->987565K(1839104K), 0.0095840 secs] [Times: user=0.06 sys=0.01, real=0.01 secs] 
1222.762: [GC
Desired survivor size 3670016 bytes, new threshold 15 (max 15)
 [PSYoungGen: 813152K->1920K(815616K)] 1798573K->987381K(1839616K), 0.0099430 secs] [Times: user=0.05 sys=0.00, real=0.01 secs] 
1223.031: [GC
Desired survivor size 3670016 bytes, new threshold 15 (max 15)
 [PSYoungGen: 813440K->1312K(815104K)] 1798901K->986821K(1839104K), 0.0095930 secs] [Times: user=0.05 sys=0.00, real=0.01 secs] 
1223.301: [GC
Desired survivor size 3670016 bytes, new threshold 15 (max 15)
 [PSYoungGen: 812832K->1664K(815616K)] 1798341K->987221K(1839616K), 0.0094700 secs] [Times: user=0.05 sys=0.00, real=0.01 secs] 
1223.568: [GC
Desired survivor size 3670016 bytes, new threshold 15 (max 15)
 [PSYoungGen: 813696K->1120K(815616K)] 1799253K->986701K(1839616K), 0.0094750 secs] [Times: user=0.04 sys=0.00, real=0.01 secs] 
1223.844: [GC
Desired survivor size 3670016 bytes, new threshold 15 (max 15)
 [PSYoungGen: 813152K->2176K(815616K)] 1798733K->987789K(1839616K), 0.0098700 secs] [Times: user=0.05 sys=0.00, real=0.00 secs] 
1224.122: [GC
Desired survivor size 3670016 bytes, new threshold 15 (max 15)
 [PSYoungGen: 814208K->1440K(815616K)] 1799821K->987077K(1839616K), 0.0099790 secs] [Times: user=0.06 sys=0.00, real=0.01 secs] 
1224.390: [GC
Desired survivor size 3670016 bytes, new threshold 15 (max 15)
 [PSYoungGen: 813472K->1408K(815616K)] 1799109K->987085K(1839616K), 0.0093310 secs] [Times: user=0.05 sys=0.00, real=0.01 secs] 
1224.652: [GC
Desired survivor size 3145728 bytes, new threshold 15 (max 15)
 [PSYoungGen: 813440K->1280K(815616K)] 1799117K->986981K(1839616K), 0.0093080 secs] [Times: user=0.05 sys=0.01, real=0.01 secs] 
1224.925: [GC
Desired survivor size 3145728 bytes, new threshold 15 (max 15)
 [PSYoungGen: 813312K->2080K(816128K)] 1799013K->987829K(1840128K), 0.0099590 secs] [Times: user=0.06 sys=0.00, real=0.01 secs] 
1225.192: [GC
Desired survivor size 3145728 bytes, new threshold 15 (max 15)
 [PSYoungGen: 815136K->1920K(816128K)] 1800885K->987709K(1840128K), 0.0102700 secs] [Times: user=0.06 sys=0.00, real=0.01 secs] 
1225.460: [GC
Desired survivor size 3145728 bytes, new threshold 15 (max 15)
 [PSYoungGen: 814976K->1280K(816128K)] 1800765K->987117K(1840128K), 0.0094700 secs] [Times: user=0.06 sys=0.00, real=0.01 secs] 
1225.737: [GC
Desired survivor size 3670016 bytes, new threshold 14 (max 15)
 [PSYoungGen: 814336K->3072K(816128K)] 1800173K->989181K(1840128K), 0.0105910 secs] [Times: user=0.07 sys=0.00, real=0.01 secs] 
1226.009: [GC
Desired survivor size 3670016 bytes, new threshold 15 (max 15)
 [PSYoungGen: 816128K->832K(815104K)] 1802237K->986973K(1839104K), 0.0095740 secs] [Times: user=0.04 sys=0.00, real=0.01 secs] 
1226.274: [GC
Desired survivor size 3670016 bytes, new threshold 15 (max 15)
 [PSYoungGen: 812864K->1408K(815616K)] 1799005K->987549K(1839616K), 0.0102820 secs] [Times: user=0.04 sys=0.01, real=0.02 secs] 
1226.549: [GC
Desired survivor size 4194304 bytes, new threshold 15 (max 15)
 [PSYoungGen: 813440K->3232K(814592K)] 1799581K->989397K(1838592K), 0.0104720 secs] [Times: user=0.05 sys=0.00, real=0.01 secs] 
1226.817: [GC
Desired survivor size 4194304 bytes, new threshold 15 (max 15)
 [PSYoungGen: 814240K->1472K(815104K)] 1800405K->987669K(1839104K), 0.0093290 secs] [Times: user=0.06 sys=0.00, real=0.01 secs] 
1227.080: [GC
Desired survivor size 4194304 bytes, new threshold 15 (max 15)
 [PSYoungGen: 812480K->896K(815104K)] 1798677K->987117K(1839104K), 0.0100750 secs] [Times: user=0.05 sys=0.00, real=0.01 secs] 
1227.339: [GC
Desired survivor size 3670016 bytes, new threshold 15 (max 15)
 [PSYoungGen: 811904K->1664K(815104K)] 1798125K->987925K(1839104K), 0.0096230 secs] [Times: user=0.05 sys=0.00, real=0.01 secs] 
1227.607: [GC
Desired survivor size 3670016 bytes, new threshold 15 (max 15)
 [PSYoungGen: 812672K->1888K(815616K)] 1798933K->988189K(1839616K), 0.0100770 secs] [Times: user=0.05 sys=0.01, real=0.01 secs] 
1227.878: [GC
Desired survivor size 3670016 bytes, new threshold 15 (max 15)
 [PSYoungGen: 813920K->448K(815616K)] 1800221K->986765K(1839616K), 0.0088100 secs] [Times: user=0.06 sys=0.00, real=0.01 secs] 
1228.141: [GC
Desired survivor size 3670016 bytes, new threshold 15 (max 15)
 [PSYoungGen: 812480K->672K(815616K)] 1798797K->987013K(1839616K), 0.0089900 secs] [Times: user=0.05 sys=0.00, real=0.01 secs] 
1228.407: [GC
Desired survivor size 3670016 bytes, new threshold 15 (max 15)
 [PSYoungGen: 812704K->1504K(815616K)] 1799045K->987877K(1839616K), 0.0102060 secs] [Times: user=0.06 sys=0.00, real=0.01 secs] 
1228.665: [GC
Desired survivor size 3145728 bytes, new threshold 15 (max 15)
 [PSYoungGen: 813536K->1344K(816128K)] 1799909K->987733K(1840128K), 0.0096270 secs] [Times: user=0.05 sys=0.00, real=0.00 secs] 
1228.936: [GC
Desired survivor size 3670016 bytes, new threshold 15 (max 15)
 [PSYoungGen: 813888K->2208K(815616K)] 1800277K->988645K(1839616K), 0.0100760 secs] [Times: user=0.06 sys=0.00, real=0.01 secs] 
1229.198: [GC
Desired survivor size 3670016 bytes, new threshold 15 (max 15)
 [PSYoungGen: 814752K->576K(815616K)] 1801189K->987045K(1839616K), 0.0092190 secs] [Times: user=0.05 sys=0.00, real=0.01 secs] 
1229.456: [GC
Desired survivor size 3145728 bytes, new threshold 15 (max 15)
 [PSYoungGen: 812608K->1504K(815616K)] 1799077K->988029K(1839616K), 0.0095920 secs] [Times: user=0.05 sys=0.00, real=0.01 secs] 
1229.735: [GC
Desired survivor size 3145728 bytes, new threshold 15 (max 15)
 [PSYoungGen: 813536K->864K(816128K)] 1800061K->987469K(1840128K), 0.0095110 secs] [Times: user=0.06 sys=0.00, real=0.01 secs] 
1230.005: [GC
Desired survivor size 3145728 bytes, new threshold 15 (max 15)
 [PSYoungGen: 813920K->1504K(816128K)] 1800525K->988125K(1840128K), 0.0095820 secs] [Times: user=0.05 sys=0.00, real=0.01 secs] 
1230.273: [GC
Desired survivor size 3145728 bytes, new threshold 15 (max 15)
 [PSYoungGen: 814560K->2144K(816128K)] 1801181K->988805K(1840128K), 0.0101570 secs] [Times: user=0.06 sys=0.00, real=0.01 secs] 
1230.533: [GC
Desired survivor size 3670016 bytes, new threshold 15 (max 15)
 [PSYoungGen: 815200K->2720K(816128K)] 1801861K->989413K(1840128K), 0.0099560 secs] [Times: user=0.05 sys=0.00, real=0.01 secs] 
1230.806: [GC
Desired survivor size 3670016 bytes, new threshold 15 (max 15)
 [PSYoungGen: 815776K->1184K(815104K)] 1802469K->987917K(1839104K), 0.0095010 secs] [Times: user=0.06 sys=0.00, real=0.01 secs] 
1231.072: [GC
Desired survivor size 3670016 bytes, new threshold 15 (max 15)
 [PSYoungGen: 813216K->544K(815616K)] 1799949K->987325K(1839616K), 0.0113850 secs] [Times: user=0.05 sys=0.01, real=0.01 secs] 
1231.341: [GC
Desired survivor size 3670016 bytes, new threshold 15 (max 15)
 [PSYoungGen: 812576K->928K(815616K)] 1799357K->987741K(1839616K), 0.0095430 secs] [Times: user=0.06 sys=0.00, real=0.01 secs] 
1231.598: [GC
Desired survivor size 3670016 bytes, new threshold 15 (max 15)
 [PSYoungGen: 812960K->2368K(815616K)] 1799773K->989205K(1839616K), 0.0102590 secs] [Times: user=0.06 sys=0.00, real=0.01 secs] 
1231.872: [GC
Desired survivor size 3670016 bytes, new threshold 15 (max 15)
 [PSYoungGen: 814400K->2144K(815616K)] 1801237K->989021K(1839616K), 0.0102000 secs] [Times: user=0.05 sys=0.00, real=0.01 secs] 
1232.137: [GC
Desired survivor size 3670016 bytes, new threshold 15 (max 15)
 [PSYoungGen: 814176K->1632K(815616K)] 1801053K->988541K(1839616K), 0.0098190 secs] [Times: user=0.06 sys=0.00, real=0.01 secs] 
1232.395: [GC
Desired survivor size 3145728 bytes, new threshold 15 (max 15)
 [PSYoungGen: 813664K->1472K(816128K)] 1800573K->988405K(1840128K), 0.0094820 secs] [Times: user=0.05 sys=0.00, real=0.01 secs] 
1232.663: [GC
Desired survivor size 3145728 bytes, new threshold 15 (max 15)
 [PSYoungGen: 814016K->704K(815616K)] 1800949K->987677K(1839616K), 0.0090830 secs] [Times: user=0.05 sys=0.00, real=0.01 secs] 
1232.943: [GC
Desired survivor size 3145728 bytes, new threshold 15 (max 15)
 [PSYoungGen: 813248K->1312K(816128K)] 1800221K->988309K(1840128K), 0.0098480 secs] [Times: user=0.06 sys=0.00, real=0.01 secs] 
1233.214: [GC
Desired survivor size 3145728 bytes, new threshold 15 (max 15)
 [PSYoungGen: 814368K->1760K(816128K)] 1801365K->988773K(1840128K), 0.0098040 secs] [Times: user=0.06 sys=0.00, real=0.01 secs] 
1233.481: [GC
Desired survivor size 3145728 bytes, new threshold 15 (max 15)
 [PSYoungGen: 814816K->2208K(816128K)] 1801829K->989261K(1840128K), 0.0096620 secs] [Times: user=0.06 sys=0.00, real=0.01 secs] 
1233.762: [GC
Desired survivor size 3145728 bytes, new threshold 15 (max 15)
 [PSYoungGen: 815264K->1248K(816128K)] 1802317K->988341K(1840128K), 0.0092450 secs] [Times: user=0.05 sys=0.00, real=0.01 secs] 
1234.056: [GC
Desired survivor size 3670016 bytes, new threshold 15 (max 15)
 [PSYoungGen: 814304K->2432K(815104K)] 1801397K->989557K(1839104K), 0.0103360 secs] [Times: user=0.06 sys=0.00, real=0.01 secs] 
1234.314: [GC
Desired survivor size 3145728 bytes, new threshold 15 (max 15)
 [PSYoungGen: 814464K->1632K(815616K)] 1801589K->988805K(1839616K), 0.0095050 secs] [Times: user=0.06 sys=0.01, real=0.01 secs] 
1234.594: [GC
Desired survivor size 3145728 bytes, new threshold 15 (max 15)
 [PSYoungGen: 813664K->1216K(816128K)] 1800837K->988397K(1840128K), 0.0092570 secs] [Times: user=0.06 sys=0.00, real=0.01 secs] 
1234.862: [GC
Desired survivor size 4194304 bytes, new threshold 14 (max 15)
 [PSYoungGen: 814272K->3072K(816128K)] 1801453K->991997K(1840128K), 0.0119510 secs] [Times: user=0.06 sys=0.00, real=0.01 secs] 
1235.131: [GC
Desired survivor size 4194304 bytes, new threshold 15 (max 15)
 [PSYoungGen: 816128K->2272K(814080K)] 1805053K->991229K(1838080K), 0.0100400 secs] [Times: user=0.05 sys=0.00, real=0.01 secs] 
1235.391: [GC
Desired survivor size 4194304 bytes, new threshold 15 (max 15)
 [PSYoungGen: 813280K->2880K(815104K)] 1802237K->991837K(1839104K), 0.0103840 secs] [Times: user=0.06 sys=0.00, real=0.01 secs] 
1235.654: [GC
Desired survivor size 4194304 bytes, new threshold 15 (max 15)
 [PSYoungGen: 813888K->1408K(815104K)] 1802845K->990365K(1839104K), 0.0099350 secs] [Times: user=0.06 sys=0.00, real=0.01 secs] 
1235.930: [GC
Desired survivor size 4194304 bytes, new threshold 15 (max 15)
 [PSYoungGen: 812416K->2112K(815104K)] 1801373K->991093K(1839104K), 0.0099260 secs] [Times: user=0.06 sys=0.00, real=0.01 secs] 
1236.190: [GC
Desired survivor size 4718592 bytes, new threshold 15 (max 15)
 [PSYoungGen: 813120K->4096K(814080K)] 1802101K->993093K(1838080K), 0.0106520 secs] [Times: user=0.06 sys=0.00, real=0.01 secs] 
1236.453: [GC
Desired survivor size 4718592 bytes, new threshold 15 (max 15)
 [PSYoungGen: 814080K->1248K(814592K)] 1803077K->990285K(1838592K), 0.0095710 secs] [Times: user=0.05 sys=0.00, real=0.01 secs] 
1236.733: [GC
Desired survivor size 4718592 bytes, new threshold 15 (max 15)
 [PSYoungGen: 811232K->2176K(814592K)] 1800269K->991237K(1838592K), 0.0098480 secs] [Times: user=0.06 sys=0.01, real=0.01 secs] 
1236.998: [GC
Desired survivor size 5242880 bytes, new threshold 15 (max 15)
 [PSYoungGen: 812160K->4224K(814592K)] 1801221K->993293K(1838592K), 0.0101890 secs] [Times: user=0.06 sys=0.00, real=0.01 secs] 
1237.260: [GC
Desired survivor size 4718592 bytes, new threshold 15 (max 15)
 [PSYoungGen: 814208K->2368K(814592K)] 1803277K->991453K(1838592K), 0.0101110 secs] [Times: user=0.06 sys=0.00, real=0.01 secs] 
1237.526: [GC
Desired survivor size 4718592 bytes, new threshold 15 (max 15)
 [PSYoungGen: 812352K->2464K(814592K)] 1801437K->991581K(1838592K), 0.0102270 secs] [Times: user=0.06 sys=0.01, real=0.01 secs] 
1237.799: [GC
Desired survivor size 4718592 bytes, new threshold 15 (max 15)
 [PSYoungGen: 812448K->2624K(814592K)] 1801565K->991757K(1838592K), 0.0103340 secs] [Times: user=0.06 sys=0.00, real=0.01 secs] 
1238.058: [GC
Desired survivor size 4718592 bytes, new threshold 15 (max 15)
 [PSYoungGen: 812608K->2848K(814592K)] 1801741K->991989K(1838592K), 0.0109940 secs] [Times: user=0.06 sys=0.00, real=0.01 secs] 
1238.323: [GC
Desired survivor size 4194304 bytes, new threshold 15 (max 15)
 [PSYoungGen: 812832K->2144K(815104K)] 1801973K->991301K(1839104K), 0.0103900 secs] [Times: user=0.07 sys=0.00, real=0.01 secs] 
1238.591: [GC
Desired survivor size 4718592 bytes, new threshold 15 (max 15)
 [PSYoungGen: 812640K->1120K(814592K)] 1801797K->990325K(1838592K), 0.0095530 secs] [Times: user=0.06 sys=0.00, real=0.01 secs] 
1238.863: [GC
Desired survivor size 4194304 bytes, new threshold 15 (max 15)
 [PSYoungGen: 811616K->1792K(815104K)] 1800821K->991253K(1839104K), 0.0100330 secs] [Times: user=0.06 sys=0.00, real=0.01 secs] 
1239.134: [GC
Desired survivor size 4194304 bytes, new threshold 15 (max 15)
 [PSYoungGen: 812288K->800K(814592K)] 1801749K->990325K(1838592K), 0.0100060 secs] [Times: user=0.05 sys=0.00, real=0.01 secs] 
1239.399: [GC
Desired survivor size 4194304 bytes, new threshold 15 (max 15)
 [PSYoungGen: 811296K->2560K(815104K)] 1800821K->992109K(1839104K), 0.0103200 secs] [Times: user=0.06 sys=0.00, real=0.01 secs] 
1239.662: [GC
Desired survivor size 4718592 bytes, new threshold 15 (max 15)
 [PSYoungGen: 813568K->2848K(814080K)] 1803117K->992445K(1838080K), 0.0101560 secs] [Times: user=0.06 sys=0.01, real=0.01 secs] 
1239.935: [GC
Desired survivor size 4718592 bytes, new threshold 15 (max 15)
 [PSYoungGen: 813856K->1184K(814592K)] 1803453K->990821K(1838592K), 0.0103790 secs] [Times: user=0.05 sys=0.00, real=0.01 secs] 
1240.200: [GC
Desired survivor size 4194304 bytes, new threshold 15 (max 15)
 [PSYoungGen: 811168K->1408K(814592K)] 1800805K->991069K(1838592K), 0.0099120 secs] [Times: user=0.05 sys=0.00, real=0.01 secs] 
1240.459: [GC
Desired survivor size 4194304 bytes, new threshold 15 (max 15)
 [PSYoungGen: 811392K->1984K(815104K)] 1801053K->991685K(1839104K), 0.0103620 secs] [Times: user=0.05 sys=0.00, real=0.01 secs] 
1240.745: [GC
Desired survivor size 4194304 bytes, new threshold 15 (max 15)
 [PSYoungGen: 812992K->3008K(815104K)] 1802693K->992757K(1839104K), 0.0112110 secs] [Times: user=0.06 sys=0.00, real=0.02 secs] 
1241.006: [GC
Desired survivor size 4194304 bytes, new threshold 15 (max 15)
 [PSYoungGen: 814016K->1952K(815104K)] 1803765K->991725K(1839104K), 0.0099090 secs] [Times: user=0.07 sys=0.00, real=0.01 secs] 
1241.266: [GC
Desired survivor size 4194304 bytes, new threshold 15 (max 15)
 [PSYoungGen: 812960K->2304K(815104K)] 1802733K->992101K(1839104K), 0.0101300 secs] [Times: user=0.06 sys=0.00, real=0.01 secs] 
1241.529: [GC
Desired survivor size 4194304 bytes, new threshold 15 (max 15)
 [PSYoungGen: 813312K->1888K(815104K)] 1803109K->991733K(1839104K), 0.0099830 secs] [Times: user=0.06 sys=0.00, real=0.01 secs] 
1241.796: [GC
Desired survivor size 4194304 bytes, new threshold 15 (max 15)
 [PSYoungGen: 812896K->1472K(815104K)] 1802741K->991357K(1839104K), 0.0092400 secs] [Times: user=0.06 sys=0.00, real=0.01 secs] 
1242.066: [GC
Desired survivor size 3670016 bytes, new threshold 15 (max 15)
 [PSYoungGen: 812480K->1696K(815616K)] 1802365K->991621K(1839616K), 0.0095110 secs] [Times: user=0.05 sys=0.00, real=0.01 secs] 
1242.329: [GC
Desired survivor size 4194304 bytes, new threshold 15 (max 15)
 [PSYoungGen: 813216K->3328K(815104K)] 1803141K->993293K(1839104K), 0.0101520 secs] [Times: user=0.06 sys=0.00, real=0.01 secs] 
1242.590: [GC
Desired survivor size 4718592 bytes, new threshold 15 (max 15)
 [PSYoungGen: 814848K->3744K(814080K)] 1804813K->993725K(1838080K), 0.0103130 secs] [Times: user=0.06 sys=0.00, real=0.01 secs] 
1242.862: [GC
Desired survivor size 4718592 bytes, new threshold 15 (max 15)
 [PSYoungGen: 813728K->2016K(814592K)] 1803709K->992037K(1838592K), 0.0092860 secs] [Times: user=0.06 sys=0.01, real=0.01 secs] 
1243.125: [GC
Desired survivor size 4194304 bytes, new threshold 15 (max 15)
 [PSYoungGen: 812000K->2688K(815104K)] 1802021K->992741K(1839104K), 0.0101140 secs] [Times: user=0.05 sys=0.00, real=0.01 secs] 
1243.397: [GC
Desired survivor size 4194304 bytes, new threshold 15 (max 15)
 [PSYoungGen: 813184K->1440K(814592K)] 1803237K->991533K(1838592K), 0.0094130 secs] [Times: user=0.05 sys=0.01, real=0.00 secs] 
1243.662: [GC
Desired survivor size 4194304 bytes, new threshold 15 (max 15)
 [PSYoungGen: 811936K->1408K(815104K)] 1802029K->991533K(1839104K), 0.0094970 secs] [Times: user=0.05 sys=0.00, real=0.01 secs] 
1243.939: [GC
Desired survivor size 4718592 bytes, new threshold 15 (max 15)
 [PSYoungGen: 812416K->3520K(814592K)] 1802541K->993669K(1838592K), 0.0108640 secs] [Times: user=0.06 sys=0.00, real=0.01 secs] 
1244.198: [GC
Desired survivor size 5242880 bytes, new threshold 15 (max 15)
 [PSYoungGen: 814528K->4160K(813568K)] 1804677K->994325K(1837568K), 0.0107990 secs] [Times: user=0.07 sys=0.00, real=0.01 secs] 
1244.458: [GC
Desired survivor size 5242880 bytes, new threshold 15 (max 15)
 [PSYoungGen: 813120K->1728K(814080K)] 1803285K->991917K(1838080K), 0.0095120 secs] [Times: user=0.06 sys=0.00, real=0.01 secs] 
1244.728: [GC
Desired survivor size 5242880 bytes, new threshold 15 (max 15)
 [PSYoungGen: 810688K->1024K(814080K)] 1800877K->991245K(1838080K), 0.0099270 secs] [Times: user=0.06 sys=0.00, real=0.01 secs] 
1244.990: [GC
Desired survivor size 5242880 bytes, new threshold 15 (max 15)
 [PSYoungGen: 809984K->1088K(814080K)] 1800205K->991349K(1838080K), 0.0091780 secs] [Times: user=0.06 sys=0.00, real=0.01 secs] 
1245.261: [GC
Desired survivor size 5242880 bytes, new threshold 15 (max 15)
 [PSYoungGen: 810048K->608K(814080K)] 1800309K->990885K(1838080K), 0.0085760 secs] [Times: user=0.05 sys=0.00, real=0.01 secs] 
1245.515: [GC
Desired survivor size 5767168 bytes, new threshold 15 (max 15)
 [PSYoungGen: 809568K->4480K(813568K)] 1799845K->994805K(1837568K), 0.0110100 secs] [Times: user=0.06 sys=0.00, real=0.01 secs] 
1245.794: [GC
Desired survivor size 5767168 bytes, new threshold 15 (max 15)
 [PSYoungGen: 813440K->2976K(813568K)] 1803765K->993333K(1837568K), 0.0102680 secs] [Times: user=0.07 sys=0.00, real=0.01 secs] 
1246.062: [GC
Desired survivor size 5767168 bytes, new threshold 15 (max 15)
 [PSYoungGen: 810912K->1344K(813568K)] 1801269K->991749K(1837568K), 0.0098190 secs] [Times: user=0.05 sys=0.00, real=0.01 secs] 
1246.320: [GC
Desired survivor size 5242880 bytes, new threshold 15 (max 15)
 [PSYoungGen: 809280K->1696K(814080K)] 1799685K->992125K(1838080K), 0.0100530 secs] [Times: user=0.06 sys=0.00, real=0.01 secs] 
1246.586: [GC
Desired survivor size 5242880 bytes, new threshold 15 (max 15)
 [PSYoungGen: 810144K->1984K(813568K)] 1800573K->992453K(1837568K), 0.0101120 secs] [Times: user=0.05 sys=0.00, real=0.01 secs] 
1246.852: [GC
Desired survivor size 4718592 bytes, new threshold 15 (max 15)
 [PSYoungGen: 810432K->1248K(814592K)] 1800901K->991757K(1838592K), 0.0092870 secs] [Times: user=0.06 sys=0.00, real=0.01 secs] 
1247.113: [GC
Desired survivor size 4718592 bytes, new threshold 15 (max 15)
 [PSYoungGen: 810720K->1952K(814080K)] 1801229K->992477K(1838080K), 0.0097040 secs] [Times: user=0.06 sys=0.00, real=0.01 secs] 
1247.373: [GC
Desired survivor size 4718592 bytes, new threshold 15 (max 15)
 [PSYoungGen: 811424K->2848K(814592K)] 1801949K->993397K(1838592K), 0.0109030 secs] [Times: user=0.07 sys=0.00, real=0.01 secs] 
1247.633: [GC
Desired survivor size 4718592 bytes, new threshold 15 (max 15)
 [PSYoungGen: 812832K->3168K(814592K)] 1803381K->993749K(1838592K), 0.0104640 secs] [Times: user=0.06 sys=0.01, real=0.01 secs] 
1247.908: [GC
Desired survivor size 5242880 bytes, new threshold 15 (max 15)
 [PSYoungGen: 813152K->608K(813568K)] 1803733K->991229K(1837568K), 0.0088550 secs] [Times: user=0.06 sys=0.00, real=0.00 secs] 
1248.174: [GC
Desired survivor size 4718592 bytes, new threshold 15 (max 15)
 [PSYoungGen: 809568K->2080K(814080K)] 1800189K->992717K(1838080K), 0.0095760 secs] [Times: user=0.05 sys=0.00, real=0.01 secs] 
1248.438: [GC
Desired survivor size 4718592 bytes, new threshold 15 (max 15)
 [PSYoungGen: 811040K->992K(814592K)] 1801677K->991661K(1838592K), 0.0097040 secs] [Times: user=0.06 sys=0.00, real=0.01 secs] 
1248.705: [GC
Desired survivor size 4718592 bytes, new threshold 14 (max 15)
 [PSYoungGen: 810976K->1248K(814592K)] 1801645K->991949K(1838592K), 0.0219420 secs] [Times: user=0.07 sys=0.00, real=0.02 secs] 
1248.979: [GC
Desired survivor size 4194304 bytes, new threshold 14 (max 15)
 [PSYoungGen: 811232K->1440K(815104K)] 1801933K->992181K(1839104K), 0.0093770 secs] [Times: user=0.05 sys=0.00, real=0.01 secs] 
1249.236: [GC
Desired survivor size 4718592 bytes, new threshold 14 (max 15)
 [PSYoungGen: 811936K->3840K(814592K)] 1802677K->994597K(1838592K), 0.0110390 secs] [Times: user=0.06 sys=0.00, real=0.01 secs] 
1249.499: [GC
Desired survivor size 4718592 bytes, new threshold 14 (max 15)
 [PSYoungGen: 814336K->1984K(814592K)] 1805093K->992765K(1838592K), 0.0100680 secs] [Times: user=0.06 sys=0.00, real=0.01 secs] 
1249.770: [GC
Desired survivor size 4718592 bytes, new threshold 14 (max 15)
 [PSYoungGen: 811968K->1984K(814592K)] 1802749K->992813K(1838592K), 0.0096970 secs] [Times: user=0.05 sys=0.00, real=0.01 secs] 
1250.029: [GC
Desired survivor size 4194304 bytes, new threshold 14 (max 15)
 [PSYoungGen: 811968K->1504K(815104K)] 1802797K->992357K(1839104K), 0.0102400 secs] [Times: user=0.06 sys=0.00, real=0.01 secs] 
1250.345: [GC
Desired survivor size 4194304 bytes, new threshold 14 (max 15)
 [PSYoungGen: 812000K->2304K(814592K)] 1802853K->993189K(1838592K), 0.0123180 secs] [Times: user=0.05 sys=0.01, real=0.01 secs] 
1250.716: [GC
Desired survivor size 4718592 bytes, new threshold 14 (max 15)
 [PSYoungGen: 812800K->4064K(814080K)] 1803685K->994981K(1838080K), 0.0188490 secs] [Times: user=0.06 sys=0.00, real=0.02 secs] 
1251.007: [GC
Desired survivor size 4718592 bytes, new threshold 14 (max 15)
 [PSYoungGen: 814048K->1056K(814592K)] 1804965K->991989K(1838592K), 0.0090190 secs] [Times: user=0.05 sys=0.00, real=0.01 secs] 
1251.282: [GC
Desired survivor size 4718592 bytes, new threshold 14 (max 15)
 [PSYoungGen: 811040K->1216K(814592K)] 1801973K->992173K(1838592K), 0.0093320 secs] [Times: user=0.06 sys=0.00, real=0.01 secs] 
1251.624: [GC
Desired survivor size 4718592 bytes, new threshold 15 (max 15)
 [PSYoungGen: 811200K->2592K(814592K)] 1802157K->993581K(1838592K), 0.0107790 secs] [Times: user=0.06 sys=0.00, real=0.01 secs] 
1251.915: [GC
Desired survivor size 4718592 bytes, new threshold 15 (max 15)
 [PSYoungGen: 812576K->1536K(814592K)] 1803565K->992525K(1838592K), 0.0096410 secs] [Times: user=0.06 sys=0.00, real=0.01 secs] 
1252.228: [GC
Desired survivor size 4194304 bytes, new threshold 14 (max 15)
 [PSYoungGen: 811520K->1568K(814592K)] 1802509K->992573K(1838592K), 0.0281500 secs] [Times: user=0.06 sys=0.00, real=0.02 secs] 
1252.544: [GC
Desired survivor size 5242880 bytes, new threshold 14 (max 15)
 [PSYoungGen: 811552K->4032K(813056K)] 1802557K->995061K(1837056K), 0.0111300 secs] [Times: user=0.06 sys=0.00, real=0.01 secs] 
1252.819: [GC
Desired survivor size 4718592 bytes, new threshold 14 (max 15)
 [PSYoungGen: 812992K->1728K(814080K)] 1804021K->992789K(1838080K), 0.0093890 secs] [Times: user=0.05 sys=0.01, real=0.01 secs] 
1253.084: [GC
Desired survivor size 4718592 bytes, new threshold 14 (max 15)
 [PSYoungGen: 810688K->1888K(814592K)] 1801749K->992981K(1838592K), 0.0096320 secs] [Times: user=0.05 sys=0.00, real=0.01 secs] 
1253.356: [GC
Desired survivor size 4718592 bytes, new threshold 14 (max 15)
 [PSYoungGen: 811872K->1440K(814592K)] 1802965K->992573K(1838592K), 0.0093910 secs] [Times: user=0.05 sys=0.01, real=0.01 secs] 
1253.624: [GC
Desired survivor size 4194304 bytes, new threshold 14 (max 15)
 [PSYoungGen: 811424K->1504K(815104K)] 1802557K->992653K(1839104K), 0.0100180 secs] [Times: user=0.06 sys=0.00, real=0.01 secs] 
1253.897: [GC
Desired survivor size 4718592 bytes, new threshold 13 (max 15)
 [PSYoungGen: 812000K->3424K(814592K)] 1803149K->994605K(1838592K), 0.0199530 secs] [Times: user=0.07 sys=0.00, real=0.02 secs] 
1254.207: [GC
Desired survivor size 4718592 bytes, new threshold 13 (max 15)
 [PSYoungGen: 813920K->864K(814592K)] 1805101K->992077K(1838592K), 0.0087880 secs] [Times: user=0.05 sys=0.00, real=0.01 secs] 
1254.468: [GC
Desired survivor size 4718592 bytes, new threshold 13 (max 15)
 [PSYoungGen: 810848K->1152K(814592K)] 1802061K->992389K(1838592K), 0.0098100 secs] [Times: user=0.05 sys=0.00, real=0.01 secs] 
1254.749: [GC
Desired survivor size 4718592 bytes, new threshold 13 (max 15)
 [PSYoungGen: 811136K->576K(814592K)] 1802373K->991845K(1838592K), 0.0091120 secs] [Times: user=0.05 sys=0.01, real=0.00 secs] 
1255.019: [GC
Desired survivor size 4718592 bytes, new threshold 13 (max 15)
 [PSYoungGen: 810560K->640K(814592K)] 1801829K->991957K(1838592K), 0.0091120 secs] [Times: user=0.05 sys=0.00, real=0.00 secs] 
1255.277: [GC
Desired survivor size 4194304 bytes, new threshold 14 (max 15)
 [PSYoungGen: 810624K->1280K(815104K)] 1801941K->992645K(1839104K), 0.0093770 secs] [Times: user=0.05 sys=0.00, real=0.01 secs] 
1255.539: [GC
Desired survivor size 4194304 bytes, new threshold 15 (max 15)
 [PSYoungGen: 811776K->1376K(814592K)] 1803141K->992741K(1838592K), 0.0097540 secs] [Times: user=0.06 sys=0.00, real=0.01 secs] 
1255.819: [GC
Desired survivor size 4194304 bytes, new threshold 15 (max 15)
 [PSYoungGen: 811872K->1216K(815104K)] 1803237K->992581K(1839104K), 0.0093310 secs] [Times: user=0.05 sys=0.00, real=0.00 secs] 
1256.082: [GC
Desired survivor size 4194304 bytes, new threshold 15 (max 15)
 [PSYoungGen: 812224K->1920K(815104K)] 1803589K->993301K(1839104K), 0.0096320 secs] [Times: user=0.06 sys=0.00, real=0.01 secs] 
1256.353: [GC
Desired survivor size 4194304 bytes, new threshold 15 (max 15)
 [PSYoungGen: 812928K->3392K(815104K)] 1804309K->994781K(1839104K), 0.0099440 secs] [Times: user=0.06 sys=0.00, real=0.01 secs] 
1256.620: [GC
Desired survivor size 4718592 bytes, new threshold 15 (max 15)
 [PSYoungGen: 814400K->3040K(814080K)] 1805789K->994453K(1838080K), 0.0099600 secs] [Times: user=0.06 sys=0.00, real=0.01 secs] 
1256.899: [GC
Desired survivor size 4718592 bytes, new threshold 15 (max 15)
 [PSYoungGen: 814048K->2080K(814592K)] 1805461K->993509K(1838592K), 0.0096570 secs] [Times: user=0.05 sys=0.01, real=0.01 secs] 
1257.164: [GC
Desired survivor size 4194304 bytes, new threshold 15 (max 15)
 [PSYoungGen: 812064K->1600K(814592K)] 1803493K->993053K(1838592K), 0.0103390 secs] [Times: user=0.05 sys=0.00, real=0.01 secs] 
1257.426: [GC
Desired survivor size 4194304 bytes, new threshold 15 (max 15)
 [PSYoungGen: 811584K->352K(815104K)] 1803037K->991845K(1839104K), 0.0088560 secs] [Times: user=0.05 sys=0.00, real=0.01 secs] 
1257.691: [GC
Desired survivor size 4194304 bytes, new threshold 15 (max 15)
 [PSYoungGen: 811360K->1024K(815104K)] 1802853K->992557K(1839104K), 0.0091940 secs] [Times: user=0.05 sys=0.00, real=0.01 secs] 
1257.967: [GC
Desired survivor size 4194304 bytes, new threshold 15 (max 15)
 [PSYoungGen: 812032K->1376K(815104K)] 1803565K->992925K(1839104K), 0.0107810 secs] [Times: user=0.06 sys=0.00, real=0.01 secs] 
1258.228: [GC
Desired survivor size 4194304 bytes, new threshold 15 (max 15)
 [PSYoungGen: 812384K->2784K(815104K)] 1803933K->994349K(1839104K), 0.0104930 secs] [Times: user=0.07 sys=0.00, real=0.01 secs] 
1258.488: [GC
Desired survivor size 4194304 bytes, new threshold 15 (max 15)
 [PSYoungGen: 813792K->2624K(815104K)] 1805357K->994197K(1839104K), 0.0099180 secs] [Times: user=0.06 sys=0.00, real=0.01 secs] 
1258.763: [GC
Desired survivor size 4194304 bytes, new threshold 15 (max 15)
 [PSYoungGen: 813632K->1504K(815104K)] 1805205K->993085K(1839104K), 0.0101900 secs] [Times: user=0.05 sys=0.00, real=0.01 secs] 
1259.026: [GC
Desired survivor size 4194304 bytes, new threshold 15 (max 15)
 [PSYoungGen: 812512K->1600K(815104K)] 1804093K->993221K(1839104K), 0.0098970 secs] [Times: user=0.06 sys=0.00, real=0.01 secs] 
1259.287: [GC
Desired survivor size 4194304 bytes, new threshold 15 (max 15)
 [PSYoungGen: 812608K->2048K(815104K)] 1804229K->993693K(1839104K), 0.0100080 secs] [Times: user=0.05 sys=0.00, real=0.01 secs] 
1259.554: [GC
Desired survivor size 4194304 bytes, new threshold 15 (max 15)
 [PSYoungGen: 813056K->736K(815104K)] 1804701K->992413K(1839104K), 0.0092740 secs] [Times: user=0.06 sys=0.01, real=0.01 secs] 
1259.830: [GC
Desired survivor size 4194304 bytes, new threshold 15 (max 15)
 [PSYoungGen: 811744K->640K(815104K)] 1803421K->992349K(1839104K), 0.0090160 secs] [Times: user=0.05 sys=0.00, real=0.01 secs] 
1260.093: [GC
Desired survivor size 3670016 bytes, new threshold 15 (max 15)
 [PSYoungGen: 811648K->1984K(815616K)] 1803357K->993725K(1839616K), 0.0098480 secs] [Times: user=0.06 sys=0.00, real=0.01 secs] 
1260.359: [GC
Desired survivor size 3670016 bytes, new threshold 15 (max 15)
 [PSYoungGen: 813504K->864K(815104K)] 1805245K->992613K(1839104K), 0.0095420 secs] [Times: user=0.05 sys=0.00, real=0.01 secs] 
1260.633: [GC
Desired survivor size 3670016 bytes, new threshold 15 (max 15)
 [PSYoungGen: 812384K->1216K(815616K)] 1804133K->992981K(1839616K), 0.0094570 secs] [Times: user=0.05 sys=0.00, real=0.01 secs] 
1260.912: [GC
Desired survivor size 3670016 bytes, new threshold 15 (max 15)
 [PSYoungGen: 813248K->1312K(815616K)] 1805013K->993117K(1839616K), 0.0094800 secs] [Times: user=0.05 sys=0.00, real=0.01 secs] 
1261.186: [GC
Desired survivor size 3145728 bytes, new threshold 15 (max 15)
 [PSYoungGen: 813344K->1312K(816128K)] 1805149K->993141K(1840128K), 0.0094530 secs] [Times: user=0.05 sys=0.00, real=0.01 secs] 
1261.446: [GC
Desired survivor size 3670016 bytes, new threshold 15 (max 15)
 [PSYoungGen: 813856K->2880K(815616K)] 1805685K->994741K(1839616K), 0.0107850 secs] [Times: user=0.05 sys=0.00, real=0.01 secs] 
1261.727: [GC
Desired survivor size 3670016 bytes, new threshold 15 (max 15)
 [PSYoungGen: 815424K->1472K(815616K)] 1807285K->993365K(1839616K), 0.0095960 secs] [Times: user=0.05 sys=0.01, real=0.01 secs] 
1261.991: [GC
Desired survivor size 4194304 bytes, new threshold 15 (max 15)
 [PSYoungGen: 813504K->3072K(815104K)] 1805397K->994997K(1839104K), 0.0100870 secs] [Times: user=0.06 sys=0.01, real=0.01 secs] 
1262.253: [GC
Desired survivor size 3670016 bytes, new threshold 15 (max 15)
 [PSYoungGen: 815104K->1888K(815616K)] 1807029K->993837K(1839616K), 0.0099210 secs] [Times: user=0.06 sys=0.00, real=0.01 secs] 
1262.517: [GC
Desired survivor size 3670016 bytes, new threshold 15 (max 15)
 [PSYoungGen: 813408K->1952K(815104K)] 1805357K->993917K(1839104K), 0.0096980 secs] [Times: user=0.06 sys=0.00, real=0.01 secs] 
1262.789: [GC
Desired survivor size 3670016 bytes, new threshold 15 (max 15)
 [PSYoungGen: 813472K->1920K(815616K)] 1805437K->993909K(1839616K), 0.0093790 secs] [Times: user=0.05 sys=0.00, real=0.01 secs] 
1263.060: [GC
Desired survivor size 3670016 bytes, new threshold 15 (max 15)
 [PSYoungGen: 813952K->2144K(815616K)] 1805941K->994157K(1839616K), 0.0099040 secs] [Times: user=0.06 sys=0.00, real=0.01 secs] 
1263.329: [GC
Desired survivor size 3670016 bytes, new threshold 15 (max 15)
 [PSYoungGen: 814176K->2912K(815616K)] 1806189K->994949K(1839616K), 0.0101080 secs] [Times: user=0.06 sys=0.00, real=0.01 secs] 
1263.593: [GC
Desired survivor size 3670016 bytes, new threshold 15 (max 15)
 [PSYoungGen: 814944K->800K(815616K)] 1806981K->992845K(1839616K), 0.0098890 secs] [Times: user=0.04 sys=0.00, real=0.01 secs] 
1263.871: [GC
Desired survivor size 3670016 bytes, new threshold 15 (max 15)
 [PSYoungGen: 812832K->1952K(815616K)] 1804877K->994029K(1839616K), 0.0097770 secs] [Times: user=0.05 sys=0.00, real=0.01 secs] 
1264.142: [GC
Desired survivor size 3670016 bytes, new threshold 15 (max 15)
 [PSYoungGen: 813984K->1056K(815616K)] 1806061K->993157K(1839616K), 0.0091890 secs] [Times: user=0.05 sys=0.00, real=0.01 secs] 
1264.405: [GC
Desired survivor size 3670016 bytes, new threshold 15 (max 15)
 [PSYoungGen: 813088K->1088K(815616K)] 1805189K->993221K(1839616K), 0.0096430 secs] [Times: user=0.06 sys=0.00, real=0.01 secs] 
1264.668: [GC
Desired survivor size 3670016 bytes, new threshold 15 (max 15)
 [PSYoungGen: 813120K->2272K(815616K)] 1805253K->994429K(1839616K), 0.0108800 secs] [Times: user=0.06 sys=0.00, real=0.01 secs] 
1264.938: [GC
Desired survivor size 3670016 bytes, new threshold 15 (max 15)
 [PSYoungGen: 814304K->1984K(815616K)] 1806461K->994189K(1839616K), 0.0095880 secs] [Times: user=0.06 sys=0.00, real=0.01 secs] 
1265.205: [GC
Desired survivor size 3670016 bytes, new threshold 15 (max 15)
 [PSYoungGen: 814016K->1536K(815616K)] 1806221K->993773K(1839616K), 0.0089740 secs] [Times: user=0.06 sys=0.00, real=0.01 secs] 
1265.470: [GC
Desired survivor size 3670016 bytes, new threshold 15 (max 15)
 [PSYoungGen: 813568K->2208K(815616K)] 1805805K->994469K(1839616K), 0.0114440 secs] [Times: user=0.05 sys=0.00, real=0.01 secs] 
1265.742: [GC
Desired survivor size 3670016 bytes, new threshold 15 (max 15)
 [PSYoungGen: 814240K->1248K(815616K)] 1806501K->993533K(1839616K), 0.0088250 secs] [Times: user=0.05 sys=0.00, real=0.01 secs] 
1266.008: [GC
Desired survivor size 3670016 bytes, new threshold 15 (max 15)
 [PSYoungGen: 813280K->2176K(815616K)] 1805565K->994493K(1839616K), 0.0097100 secs] [Times: user=0.05 sys=0.00, real=0.01 secs] 
1266.272: [GC
Desired survivor size 3670016 bytes, new threshold 15 (max 15)
 [PSYoungGen: 814208K->1344K(815616K)] 1806525K->993685K(1839616K), 0.0090640 secs] [Times: user=0.06 sys=0.00, real=0.01 secs] 
1266.758: [GC
Desired survivor size 3670016 bytes, new threshold 15 (max 15)
 [PSYoungGen: 813376K->800K(815616K)] 1805717K->993165K(1839616K), 0.0091790 secs] [Times: user=0.06 sys=0.00, real=0.01 secs] 
1267.021: [GC
Desired survivor size 3670016 bytes, new threshold 15 (max 15)
 [PSYoungGen: 812832K->2656K(815616K)] 1805197K->995037K(1839616K), 0.0099970 secs] [Times: user=0.07 sys=0.00, real=0.01 secs] 
1267.279: [GC
Desired survivor size 3670016 bytes, new threshold 15 (max 15)
 [PSYoungGen: 814688K->2432K(815616K)] 1807069K->994845K(1839616K), 0.0099620 secs] [Times: user=0.07 sys=0.00, real=0.01 secs] 
1267.545: [GC
Desired survivor size 3670016 bytes, new threshold 15 (max 15)
 [PSYoungGen: 814464K->2208K(815616K)] 1806877K->994653K(1839616K), 0.0097280 secs] [Times: user=0.06 sys=0.00, real=0.01 secs] 
1267.822: [GC
Desired survivor size 3670016 bytes, new threshold 15 (max 15)
 [PSYoungGen: 814240K->1600K(815616K)] 1806685K->994069K(1839616K), 0.0094230 secs] [Times: user=0.05 sys=0.01, real=0.01 secs] 
1268.090: [GC
Desired survivor size 3670016 bytes, new threshold 15 (max 15)
 [PSYoungGen: 813632K->2176K(815616K)] 1806101K->994669K(1839616K), 0.0098770 secs] [Times: user=0.05 sys=0.00, real=0.01 secs] 
1268.353: [GC
Desired survivor size 3670016 bytes, new threshold 15 (max 15)
 [PSYoungGen: 814208K->1760K(815616K)] 1806701K->994269K(1839616K), 0.0095820 secs] [Times: user=0.07 sys=0.00, real=0.01 secs] 
1268.622: [GC
Desired survivor size 3670016 bytes, new threshold 15 (max 15)
 [PSYoungGen: 813792K->2688K(815616K)] 1806301K->995229K(1839616K), 0.0097910 secs] [Times: user=0.05 sys=0.01, real=0.01 secs] 
1268.893: [GC
Desired survivor size 3670016 bytes, new threshold 15 (max 15)
 [PSYoungGen: 814720K->1440K(815616K)] 1807261K->994013K(1839616K), 0.0091180 secs] [Times: user=0.06 sys=0.00, real=0.01 secs] 
1269.165: [GC
Desired survivor size 3670016 bytes, new threshold 15 (max 15)
 [PSYoungGen: 813472K->832K(815616K)] 1806045K->993421K(1839616K), 0.0089300 secs] [Times: user=0.06 sys=0.00, real=0.01 secs] 
1269.425: [GC
Desired survivor size 4194304 bytes, new threshold 15 (max 15)
 [PSYoungGen: 812864K->2912K(814592K)] 1805453K->995525K(1838592K), 0.0098870 secs] [Times: user=0.07 sys=0.00, real=0.01 secs] 
1269.689: [GC
Desired survivor size 4194304 bytes, new threshold 15 (max 15)
 [PSYoungGen: 813920K->2368K(815104K)] 1806533K->995005K(1839104K), 0.0096680 secs] [Times: user=0.06 sys=0.00, real=0.01 secs] 
1269.961: [GC
Desired survivor size 3670016 bytes, new threshold 15 (max 15)
 [PSYoungGen: 813376K->1920K(815616K)] 1806013K->994581K(1839616K), 0.0096670 secs] [Times: user=0.06 sys=0.00, real=0.01 secs] 
1270.222: [GC
Desired survivor size 3670016 bytes, new threshold 15 (max 15)
 [PSYoungGen: 813440K->1440K(815104K)] 1806101K->994109K(1839104K), 0.0095320 secs] [Times: user=0.06 sys=0.00, real=0.01 secs] 
1270.497: [GC
Desired survivor size 3670016 bytes, new threshold 15 (max 15)
 [PSYoungGen: 812960K->1408K(815616K)] 1805629K->994093K(1839616K), 0.0096970 secs] [Times: user=0.06 sys=0.00, real=0.01 secs] 
1270.770: [GC
Desired survivor size 4194304 bytes, new threshold 15 (max 15)
 [PSYoungGen: 813440K->3136K(815616K)] 1806125K->995845K(1839616K), 0.0102460 secs] [Times: user=0.07 sys=0.00, real=0.01 secs] 
1271.031: [GC
Desired survivor size 4194304 bytes, new threshold 15 (max 15)
 [PSYoungGen: 815168K->2592K(814592K)] 1807877K->995333K(1838592K), 0.0101770 secs] [Times: user=0.06 sys=0.00, real=0.01 secs] 
1271.294: [GC
Desired survivor size 4194304 bytes, new threshold 15 (max 15)
 [PSYoungGen: 813600K->1408K(815104K)] 1806341K->994173K(1839104K), 0.0095740 secs] [Times: user=0.06 sys=0.00, real=0.01 secs] 
1271.558: [GC
Desired survivor size 3670016 bytes, new threshold 15 (max 15)
 [PSYoungGen: 812416K->1888K(815616K)] 1805181K->994669K(1839616K), 0.0097630 secs] [Times: user=0.06 sys=0.00, real=0.01 secs] 
1271.825: [GC
Desired survivor size 3670016 bytes, new threshold 15 (max 15)
 [PSYoungGen: 813408K->1024K(815104K)] 1806189K->993845K(1839104K), 0.0093550 secs] [Times: user=0.05 sys=0.00, real=0.01 secs] 
1272.095: [GC
Desired survivor size 3670016 bytes, new threshold 15 (max 15)
 [PSYoungGen: 812544K->1760K(815616K)] 1805365K->994605K(1839616K), 0.0101350 secs] [Times: user=0.05 sys=0.00, real=0.01 secs] 
1272.348: [GC
Desired survivor size 3670016 bytes, new threshold 15 (max 15)
 [PSYoungGen: 813792K->2272K(815616K)] 1806637K->995157K(1839616K), 0.0096950 secs] [Times: user=0.05 sys=0.00, real=0.01 secs] 
1272.607: [GC
Desired survivor size 4194304 bytes, new threshold 15 (max 15)
 [PSYoungGen: 814304K->2912K(814592K)] 1807189K->995829K(1838592K), 0.0100640 secs] [Times: user=0.07 sys=0.00, real=0.01 secs] 
1272.879: [GC
Desired survivor size 4194304 bytes, new threshold 15 (max 15)
 [PSYoungGen: 813920K->2880K(815104K)] 1806837K->995813K(1839104K), 0.0105150 secs] [Times: user=0.05 sys=0.01, real=0.01 secs] 
1273.151: [GC
Desired survivor size 4194304 bytes, new threshold 15 (max 15)
 [PSYoungGen: 813888K->2048K(815104K)] 1806821K->995005K(1839104K), 0.0104120 secs] [Times: user=0.05 sys=0.00, real=0.01 secs] 
1273.412: [GC
Desired survivor size 3670016 bytes, new threshold 15 (max 15)
 [PSYoungGen: 813056K->1760K(815104K)] 1806013K->994733K(1839104K), 0.0093920 secs] [Times: user=0.06 sys=0.00, real=0.01 secs] 
1273.678: [GC
Desired survivor size 3670016 bytes, new threshold 15 (max 15)
 [PSYoungGen: 812768K->2240K(815616K)] 1805741K->995245K(1839616K), 0.0096660 secs] [Times: user=0.06 sys=0.00, real=0.01 secs] 
1273.990: [GC
Desired survivor size 3670016 bytes, new threshold 15 (max 15)
 [PSYoungGen: 814272K->1088K(815616K)] 1807277K->994125K(1839616K), 0.0091540 secs] [Times: user=0.05 sys=0.00, real=0.01 secs] 
1274.255: [GC
Desired survivor size 3670016 bytes, new threshold 15 (max 15)
 [PSYoungGen: 813120K->1056K(815616K)] 1806157K->994117K(1839616K), 0.0094080 secs] [Times: user=0.05 sys=0.00, real=0.01 secs] 
1274.519: [GC
Desired survivor size 3670016 bytes, new threshold 15 (max 15)
 [PSYoungGen: 813088K->1664K(815616K)] 1806149K->994781K(1839616K), 0.0097960 secs] [Times: user=0.05 sys=0.01, real=0.01 secs] 
1274.792: [GC
Desired survivor size 4194304 bytes, new threshold 15 (max 15)
 [PSYoungGen: 813696K->3168K(814592K)] 1806813K->996309K(1838592K), 0.0108940 secs] [Times: user=0.06 sys=0.00, real=0.01 secs] 
1275.058: [GC
Desired survivor size 4194304 bytes, new threshold 15 (max 15)
 [PSYoungGen: 814176K->1152K(815104K)] 1807317K->994341K(1839104K), 0.0094850 secs] [Times: user=0.06 sys=0.00, real=0.01 secs] 
1275.325: [GC
Desired survivor size 4194304 bytes, new threshold 15 (max 15)
 [PSYoungGen: 812160K->2592K(815104K)] 1805349K->995789K(1839104K), 0.0103460 secs] [Times: user=0.06 sys=0.01, real=0.01 secs] 
1275.592: [GC
Desired survivor size 4194304 bytes, new threshold 15 (max 15)
 [PSYoungGen: 813600K->1536K(815104K)] 1806797K->994765K(1839104K), 0.0096450 secs] [Times: user=0.06 sys=0.00, real=0.01 secs] 
1275.862: [GC
Desired survivor size 4194304 bytes, new threshold 15 (max 15)
 [PSYoungGen: 812544K->1120K(815104K)] 1805773K->994373K(1839104K), 0.0091210 secs] [Times: user=0.05 sys=0.00, real=0.00 secs] 
1276.127: [GC
Desired survivor size 4194304 bytes, new threshold 15 (max 15)
 [PSYoungGen: 812128K->640K(815104K)] 1805381K->993925K(1839104K), 0.0087940 secs] [Times: user=0.05 sys=0.00, real=0.01 secs] 
1276.388: [GC
Desired survivor size 3670016 bytes, new threshold 15 (max 15)
 [PSYoungGen: 811648K->1344K(815616K)] 1804933K->994669K(1839616K), 0.0092300 secs] [Times: user=0.06 sys=0.00, real=0.01 secs] 
1276.651: [GC
Desired survivor size 3670016 bytes, new threshold 15 (max 15)
 [PSYoungGen: 812864K->1248K(815104K)] 1806189K->994581K(1839104K), 0.0093090 secs] [Times: user=0.05 sys=0.00, real=0.01 secs] 
1276.927: [GC
Desired survivor size 3670016 bytes, new threshold 15 (max 15)
 [PSYoungGen: 812768K->1088K(815616K)] 1806101K->994445K(1839616K), 0.0094580 secs] [Times: user=0.06 sys=0.00, real=0.01 secs] 
1277.203: [GC
Desired survivor size 3670016 bytes, new threshold 15 (max 15)
 [PSYoungGen: 813120K->960K(815616K)] 1806477K->994349K(1839616K), 0.0091860 secs] [Times: user=0.05 sys=0.00, real=0.01 secs] 
1277.468: [GC
Desired survivor size 3670016 bytes, new threshold 15 (max 15)
 [PSYoungGen: 812992K->2048K(815616K)] 1806381K->995469K(1839616K), 0.0104170 secs] [Times: user=0.07 sys=0.00, real=0.01 secs] 
1277.745: [GC
Desired survivor size 3670016 bytes, new threshold 15 (max 15)
 [PSYoungGen: 814080K->1952K(815616K)] 1807501K->995381K(1839616K), 0.0101900 secs] [Times: user=0.05 sys=0.00, real=0.01 secs] 
1278.007: [GC
Desired survivor size 3670016 bytes, new threshold 15 (max 15)
 [PSYoungGen: 813984K->1440K(815616K)] 1807413K->994893K(1839616K), 0.0095570 secs] [Times: user=0.05 sys=0.00, real=0.01 secs] 
1278.270: [GC
Desired survivor size 3145728 bytes, new threshold 15 (max 15)
 [PSYoungGen: 813472K->1696K(815616K)] 1806925K->995189K(1839616K), 0.0092610 secs] [Times: user=0.06 sys=0.00, real=0.01 secs] 
1278.563: [GC
Desired survivor size 3145728 bytes, new threshold 15 (max 15)
 [PSYoungGen: 813728K->1440K(816128K)] 1807221K->994949K(1840128K), 0.0094520 secs] [Times: user=0.06 sys=0.00, real=0.01 secs] 
1278.843: [GC
Desired survivor size 3670016 bytes, new threshold 15 (max 15)
 [PSYoungGen: 814496K->2752K(816128K)] 1808005K->996301K(1840128K), 0.0100090 secs] [Times: user=0.06 sys=0.00, real=0.01 secs] 
1279.113: [GC
Desired survivor size 3670016 bytes, new threshold 15 (max 15)
 [PSYoungGen: 815808K->1280K(815104K)] 1809357K->994877K(1839104K), 0.0092140 secs] [Times: user=0.05 sys=0.00, real=0.01 secs] 
1279.371: [GC
Desired survivor size 3670016 bytes, new threshold 15 (max 15)
 [PSYoungGen: 813312K->2368K(815616K)] 1806909K->995997K(1839616K), 0.0101600 secs] [Times: user=0.05 sys=0.00, real=0.01 secs] 
1279.639: [GC
Desired survivor size 3670016 bytes, new threshold 15 (max 15)
 [PSYoungGen: 814400K->1536K(815616K)] 1808029K->995189K(1839616K), 0.0094690 secs] [Times: user=0.06 sys=0.00, real=0.01 secs] 
1279.911: [GC
Desired survivor size 3670016 bytes, new threshold 15 (max 15)
 [PSYoungGen: 813568K->864K(815616K)] 1807221K->994557K(1839616K), 0.0090170 secs] [Times: user=0.05 sys=0.00, real=0.00 secs] 
1280.179: [GC
Desired survivor size 3670016 bytes, new threshold 15 (max 15)
 [PSYoungGen: 812896K->448K(815616K)] 1806589K->994189K(1839616K), 0.0086270 secs] [Times: user=0.05 sys=0.00, real=0.01 secs] 
1280.434: [GC
Desired survivor size 4194304 bytes, new threshold 14 (max 15)
 [PSYoungGen: 812480K->3584K(815616K)] 1806221K->998141K(1839616K), 0.0107300 secs] [Times: user=0.06 sys=0.00, real=0.01 secs] 
1280.703: [GC
Desired survivor size 4194304 bytes, new threshold 14 (max 15)
 [PSYoungGen: 815616K->1600K(814592K)] 1810173K->996173K(1838592K), 0.0148400 secs] [Times: user=0.08 sys=0.00, real=0.01 secs] 
1280.979: [GC
Desired survivor size 4194304 bytes, new threshold 14 (max 15)
 [PSYoungGen: 812608K->1440K(815104K)] 1807181K->996045K(1839104K), 0.0095240 secs] [Times: user=0.06 sys=0.00, real=0.01 secs] 
1281.246: [GC
Desired survivor size 4194304 bytes, new threshold 14 (max 15)
 [PSYoungGen: 812448K->2112K(815104K)] 1807053K->996765K(1839104K), 0.0101930 secs] [Times: user=0.04 sys=0.00, real=0.01 secs] 
1281.517: [GC
Desired survivor size 4194304 bytes, new threshold 14 (max 15)
 [PSYoungGen: 813120K->2464K(815104K)] 1807773K->997133K(1839104K), 0.0098120 secs] [Times: user=0.06 sys=0.00, real=0.01 secs] 
1281.787: [GC
Desired survivor size 3670016 bytes, new threshold 15 (max 15)
 [PSYoungGen: 813472K->1728K(815616K)] 1808141K->996429K(1839616K), 0.0095390 secs] [Times: user=0.05 sys=0.00, real=0.01 secs] 
1282.057: [GC
Desired survivor size 3670016 bytes, new threshold 15 (max 15)
 [PSYoungGen: 813248K->1280K(815104K)] 1807949K->995981K(1839104K), 0.0096180 secs] [Times: user=0.05 sys=0.00, real=0.01 secs] 
1282.323: [GC
Desired survivor size 3670016 bytes, new threshold 15 (max 15)
 [PSYoungGen: 812800K->2048K(815616K)] 1807501K->996789K(1839616K), 0.0096940 secs] [Times: user=0.05 sys=0.00, real=0.00 secs] 
1282.595: [GC
Desired survivor size 3670016 bytes, new threshold 15 (max 15)
 [PSYoungGen: 814080K->2304K(815616K)] 1808821K->997077K(1839616K), 0.0100450 secs] [Times: user=0.06 sys=0.00, real=0.01 secs] 
1282.867: [GC
Desired survivor size 3670016 bytes, new threshold 15 (max 15)
 [PSYoungGen: 814336K->2272K(815616K)] 1809109K->997069K(1839616K), 0.0103250 secs] [Times: user=0.06 sys=0.00, real=0.01 secs] 
1283.130: [GC
Desired survivor size 3670016 bytes, new threshold 15 (max 15)
 [PSYoungGen: 814304K->1888K(815616K)] 1809101K->996741K(1839616K), 0.0107250 secs] [Times: user=0.05 sys=0.01, real=0.01 secs] 
1283.394: [GC
Desired survivor size 3670016 bytes, new threshold 15 (max 15)
 [PSYoungGen: 813920K->2048K(815616K)] 1808773K->996941K(1839616K), 0.0097820 secs] [Times: user=0.07 sys=0.00, real=0.01 secs] 
1283.661: [GC
Desired survivor size 3670016 bytes, new threshold 15 (max 15)
 [PSYoungGen: 814080K->1024K(815616K)] 1808973K->995941K(1839616K), 0.0093130 secs] [Times: user=0.05 sys=0.00, real=0.01 secs] 
1283.928: [GC
Desired survivor size 3670016 bytes, new threshold 15 (max 15)
 [PSYoungGen: 813056K->2560K(815616K)] 1807973K->997509K(1839616K), 0.0104390 secs] [Times: user=0.06 sys=0.00, real=0.01 secs] 
1284.193: [GC
Desired survivor size 4194304 bytes, new threshold 15 (max 15)
 [PSYoungGen: 814592K->2944K(815104K)] 1809541K->997925K(1839104K), 0.0102010 secs] [Times: user=0.06 sys=0.00, real=0.01 secs] 
1284.458: [GC
Desired survivor size 3670016 bytes, new threshold 15 (max 15)
 [PSYoungGen: 814976K->1632K(815616K)] 1809957K->996845K(1839616K), 0.0097240 secs] [Times: user=0.06 sys=0.00, real=0.01 secs] 
1284.730: [GC
Desired survivor size 3670016 bytes, new threshold 15 (max 15)
 [PSYoungGen: 813152K->1056K(815104K)] 1808365K->996309K(1839104K), 0.0099870 secs] [Times: user=0.06 sys=0.00, real=0.01 secs] 
1284.999: [GC
Desired survivor size 3670016 bytes, new threshold 15 (max 15)
 [PSYoungGen: 812576K->1600K(815616K)] 1807829K->996901K(1839616K), 0.0098740 secs] [Times: user=0.06 sys=0.00, real=0.01 secs] 
1285.260: [GC
Desired survivor size 3670016 bytes, new threshold 15 (max 15)
 [PSYoungGen: 813632K->2720K(815616K)] 1808933K->998053K(1839616K), 0.0104980 secs] [Times: user=0.06 sys=0.00, real=0.01 secs] 
1285.532: [GC
Desired survivor size 3670016 bytes, new threshold 15 (max 15)
 [PSYoungGen: 814752K->1184K(815616K)] 1810085K->996533K(1839616K), 0.0095400 secs] [Times: user=0.06 sys=0.00, real=0.01 secs] 
1285.806: [GC
Desired survivor size 3670016 bytes, new threshold 15 (max 15)
 [PSYoungGen: 813216K->2336K(815616K)] 1808565K->997717K(1839616K), 0.0106920 secs] [Times: user=0.07 sys=0.00, real=0.01 secs] 
1286.071: [GC
Desired survivor size 3670016 bytes, new threshold 15 (max 15)
 [PSYoungGen: 814368K->1248K(815616K)] 1809749K->996669K(1839616K), 0.0123030 secs] [Times: user=0.05 sys=0.00, real=0.02 secs] 
1286.343: [GC
Desired survivor size 4194304 bytes, new threshold 15 (max 15)
 [PSYoungGen: 813280K->3488K(815616K)] 1808701K->998933K(1839616K), 0.0103000 secs] [Times: user=0.06 sys=0.00, real=0.01 secs] 
1286.605: [GC
Desired survivor size 4194304 bytes, new threshold 15 (max 15)
 [PSYoungGen: 815520K->2304K(814592K)] 1810965K->997797K(1838592K), 0.0100320 secs] [Times: user=0.06 sys=0.00, real=0.01 secs] 
1286.870: [GC
Desired survivor size 5242880 bytes, new threshold 14 (max 15)
 [PSYoungGen: 813312K->4096K(815104K)] 1808805K->1000109K(1839104K), 0.0111940 secs] [Times: user=0.06 sys=0.01, real=0.01 secs] 
1287.133: [GC
Desired survivor size 4718592 bytes, new threshold 14 (max 15)
 [PSYoungGen: 815104K->1472K(814080K)] 1811117K->997517K(1838080K), 0.0099230 secs] [Times: user=0.06 sys=0.00, real=0.01 secs] 
1287.395: [GC
Desired survivor size 4718592 bytes, new threshold 14 (max 15)
 [PSYoungGen: 811456K->1184K(814592K)] 1807501K->997237K(1838592K), 0.0089760 secs] [Times: user=0.04 sys=0.00, real=0.00 secs] 
1287.656: [GC
Desired survivor size 4718592 bytes, new threshold 14 (max 15)
 [PSYoungGen: 811168K->1312K(814592K)] 1807221K->997389K(1838592K), 0.0099980 secs] [Times: user=0.07 sys=0.00, real=0.01 secs] 
1287.925: [GC
Desired survivor size 4718592 bytes, new threshold 14 (max 15)
 [PSYoungGen: 811296K->1952K(814592K)] 1807373K->998053K(1838592K), 0.0103560 secs] [Times: user=0.06 sys=0.00, real=0.01 secs] 
1288.193: [GC
Desired survivor size 4718592 bytes, new threshold 15 (max 15)
 [PSYoungGen: 811936K->960K(814592K)] 1808037K->997077K(1838592K), 0.0093120 secs] [Times: user=0.05 sys=0.01, real=0.01 secs] 
1288.452: [GC
Desired survivor size 4718592 bytes, new threshold 15 (max 15)
 [PSYoungGen: 810944K->2528K(814592K)] 1807061K->998645K(1838592K), 0.0103510 secs] [Times: user=0.07 sys=0.00, real=0.01 secs] 
1288.725: [GC
Desired survivor size 4718592 bytes, new threshold 15 (max 15)
 [PSYoungGen: 812512K->2560K(814592K)] 1808629K->998709K(1838592K), 0.0103780 secs] [Times: user=0.05 sys=0.00, real=0.01 secs] 
1288.994: [GC
Desired survivor size 4194304 bytes, new threshold 15 (max 15)
 [PSYoungGen: 812544K->1056K(814592K)] 1808693K->997229K(1838592K), 0.0096430 secs] [Times: user=0.05 sys=0.00, real=0.01 secs] 
1289.258: [GC
Desired survivor size 4194304 bytes, new threshold 15 (max 15)
 [PSYoungGen: 811040K->1408K(815104K)] 1807213K->997589K(1839104K), 0.0094730 secs] [Times: user=0.06 sys=0.01, real=0.01 secs] 
1289.531: [GC
Desired survivor size 4194304 bytes, new threshold 15 (max 15)
 [PSYoungGen: 812416K->1376K(815104K)] 1808597K->997605K(1839104K), 0.0098420 secs] [Times: user=0.05 sys=0.00, real=0.01 secs] 
1289.810: [GC
Desired survivor size 4194304 bytes, new threshold 15 (max 15)
 [PSYoungGen: 812384K->2720K(815104K)] 1808613K->998981K(1839104K), 0.0108470 secs] [Times: user=0.07 sys=0.00, real=0.01 secs] 
1290.078: [GC
Desired survivor size 4194304 bytes, new threshold 15 (max 15)
 [PSYoungGen: 813728K->1536K(815104K)] 1809989K->997829K(1839104K), 0.0109330 secs] [Times: user=0.06 sys=0.00, real=0.01 secs] 
1290.346: [GC
Desired survivor size 4194304 bytes, new threshold 15 (max 15)
 [PSYoungGen: 812544K->2016K(815104K)] 1808837K->998533K(1839104K), 0.0103000 secs] [Times: user=0.06 sys=0.01, real=0.01 secs] 
1290.609: [GC
Desired survivor size 4194304 bytes, new threshold 15 (max 15)
 [PSYoungGen: 813024K->2400K(815104K)] 1809541K->998925K(1839104K), 0.0102140 secs] [Times: user=0.06 sys=0.00, real=0.01 secs] 
1290.884: [GC
Desired survivor size 4194304 bytes, new threshold 15 (max 15)
 [PSYoungGen: 813408K->1408K(815104K)] 1809933K->997989K(1839104K), 0.0099460 secs] [Times: user=0.07 sys=0.00, real=0.01 secs] 
1291.144: [GC
Desired survivor size 3670016 bytes, new threshold 15 (max 15)
 [PSYoungGen: 812416K->1824K(815104K)] 1808997K->998421K(1839104K), 0.0095530 secs] [Times: user=0.05 sys=0.00, real=0.00 secs] 
1291.398: [GC
Desired survivor size 3670016 bytes, new threshold 15 (max 15)
 [PSYoungGen: 812832K->2368K(815616K)] 1809429K->998981K(1839616K), 0.0101040 secs] [Times: user=0.06 sys=0.00, real=0.01 secs] 
1291.663: [GC
Desired survivor size 3670016 bytes, new threshold 15 (max 15)
 [PSYoungGen: 814400K->960K(815616K)] 1811013K->997605K(1839616K), 0.0089730 secs] [Times: user=0.05 sys=0.00, real=0.01 secs] 
1291.941: [GC
Desired survivor size 3670016 bytes, new threshold 15 (max 15)
 [PSYoungGen: 812992K->1984K(815616K)] 1809637K->998669K(1839616K), 0.0101750 secs] [Times: user=0.06 sys=0.00, real=0.01 secs] 
1292.205: [GC
Desired survivor size 3670016 bytes, new threshold 15 (max 15)
 [PSYoungGen: 814016K->2400K(815616K)] 1810701K->999117K(1839616K), 0.0098020 secs] [Times: user=0.06 sys=0.00, real=0.01 secs] 
1292.471: [GC
Desired survivor size 3670016 bytes, new threshold 15 (max 15)
 [PSYoungGen: 814432K->608K(815616K)] 1811149K->997357K(1839616K), 0.0096290 secs] [Times: user=0.05 sys=0.00, real=0.01 secs] 
1292.747: [GC
Desired survivor size 3670016 bytes, new threshold 15 (max 15)
 [PSYoungGen: 812640K->1792K(815616K)] 1809389K->998565K(1839616K), 0.0100280 secs] [Times: user=0.06 sys=0.00, real=0.01 secs] 
1293.012: [GC
Desired survivor size 3670016 bytes, new threshold 15 (max 15)
 [PSYoungGen: 813824K->2176K(815616K)] 1810597K->998957K(1839616K), 0.0098600 secs] [Times: user=0.06 sys=0.00, real=0.01 secs] 
1293.279: [GC
Desired survivor size 3670016 bytes, new threshold 15 (max 15)
 [PSYoungGen: 814208K->2432K(815616K)] 1810989K->999245K(1839616K), 0.0100260 secs] [Times: user=0.06 sys=0.00, real=0.01 secs] 
1293.538: [GC
Desired survivor size 3670016 bytes, new threshold 15 (max 15)
 [PSYoungGen: 814464K->1344K(815616K)] 1811277K->998197K(1839616K), 0.0090330 secs] [Times: user=0.05 sys=0.00, real=0.01 secs] 
1293.810: [GC
Desired survivor size 3670016 bytes, new threshold 15 (max 15)
 [PSYoungGen: 813376K->2016K(815616K)] 1810229K->998909K(1839616K), 0.0099060 secs] [Times: user=0.06 sys=0.00, real=0.01 secs] 
1294.115: [GC
Desired survivor size 4194304 bytes, new threshold 15 (max 15)
 [PSYoungGen: 814048K->3328K(814592K)] 1810941K->1000245K(1838592K), 0.0102890 secs] [Times: user=0.06 sys=0.00, real=0.01 secs] 
1294.384: [GC
Desired survivor size 3670016 bytes, new threshold 15 (max 15)
 [PSYoungGen: 814336K->1504K(815104K)] 1811253K->998445K(1839104K), 0.0107980 secs] [Times: user=0.05 sys=0.00, real=0.01 secs] 
1294.649: [GC
Desired survivor size 4194304 bytes, new threshold 14 (max 15)
 [PSYoungGen: 812512K->3584K(814592K)] 1809453K->1000573K(1838592K), 0.0105400 secs] [Times: user=0.07 sys=0.00, real=0.01 secs] 
1294.922: [GC
Desired survivor size 4194304 bytes, new threshold 15 (max 15)
 [PSYoungGen: 814592K->1472K(815104K)] 1811581K->998501K(1839104K), 0.0097040 secs] [Times: user=0.05 sys=0.00, real=0.01 secs] 
1295.196: [GC
Desired survivor size 4194304 bytes, new threshold 15 (max 15)
 [PSYoungGen: 812480K->1088K(815104K)] 1809509K->998117K(1839104K), 0.0091970 secs] [Times: user=0.05 sys=0.00, real=0.00 secs] 
1295.453: [GC
Desired survivor size 4194304 bytes, new threshold 15 (max 15)
 [PSYoungGen: 812096K->2400K(815104K)] 1809125K->999445K(1839104K), 0.0101320 secs] [Times: user=0.06 sys=0.00, real=0.01 secs] 
1295.728: [GC
Desired survivor size 4194304 bytes, new threshold 15 (max 15)
 [PSYoungGen: 813408K->1216K(815104K)] 1810453K->998285K(1839104K), 0.0093450 secs] [Times: user=0.06 sys=0.00, real=0.01 secs] 
1295.992: [GC
Desired survivor size 4194304 bytes, new threshold 15 (max 15)
 [PSYoungGen: 812224K->1728K(815104K)] 1809293K->998821K(1839104K), 0.0098220 secs] [Times: user=0.07 sys=0.00, real=0.01 secs] 
1296.256: [GC
Desired survivor size 4194304 bytes, new threshold 15 (max 15)
 [PSYoungGen: 812736K->1280K(815104K)] 1809829K->998405K(1839104K), 0.0099080 secs] [Times: user=0.05 sys=0.00, real=0.01 secs] 
1296.520: [GC
Desired survivor size 4194304 bytes, new threshold 15 (max 15)
 [PSYoungGen: 812288K->2688K(815104K)] 1809413K->999853K(1839104K), 0.0101870 secs] [Times: user=0.06 sys=0.00, real=0.01 secs] 
1296.793: [GC
Desired survivor size 4194304 bytes, new threshold 15 (max 15)
 [PSYoungGen: 813696K->2688K(815104K)] 1810861K->999877K(1839104K), 0.0103780 secs] [Times: user=0.05 sys=0.00, real=0.01 secs] 
1297.052: [GC
Desired survivor size 4194304 bytes, new threshold 15 (max 15)
 [PSYoungGen: 813696K->2016K(815104K)] 1810885K->999237K(1839104K), 0.0094300 secs] [Times: user=0.05 sys=0.00, real=0.01 secs] 
1297.322: [GC
Desired survivor size 4194304 bytes, new threshold 15 (max 15)
 [PSYoungGen: 813024K->896K(815104K)] 1810245K->998157K(1839104K), 0.0090700 secs] [Times: user=0.05 sys=0.00, real=0.01 secs] 
1297.587: [GC
Desired survivor size 4194304 bytes, new threshold 15 (max 15)
 [PSYoungGen: 811904K->672K(815104K)] 1809165K->997957K(1839104K), 0.0091130 secs] [Times: user=0.06 sys=0.00, real=0.01 secs] 
1297.857: [GC
Desired survivor size 3670016 bytes, new threshold 15 (max 15)
 [PSYoungGen: 811680K->1920K(815616K)] 1808965K->999229K(1839616K), 0.0094580 secs] [Times: user=0.06 sys=0.00, real=0.01 secs] 
1298.124: [GC
Desired survivor size 3670016 bytes, new threshold 15 (max 15)
 [PSYoungGen: 813440K->1216K(815104K)] 1810749K->998549K(1839104K), 0.0097120 secs] [Times: user=0.06 sys=0.01, real=0.01 secs] 
1298.390: [GC
Desired survivor size 3670016 bytes, new threshold 15 (max 15)
 [PSYoungGen: 812736K->1440K(815616K)] 1810069K->998813K(1839616K), 0.0095810 secs] [Times: user=0.06 sys=0.00, real=0.01 secs] 
1298.651: [GC
Desired survivor size 4194304 bytes, new threshold 15 (max 15)
 [PSYoungGen: 813472K->2848K(815104K)] 1810845K->1000261K(1839104K), 0.0103440 secs] [Times: user=0.06 sys=0.00, real=0.01 secs] 
1298.926: [GC
Desired survivor size 3670016 bytes, new threshold 15 (max 15)
 [PSYoungGen: 814880K->2080K(815616K)] 1812293K->999533K(1839616K), 0.0100080 secs] [Times: user=0.06 sys=0.00, real=0.01 secs] 
1299.195: [GC
Desired survivor size 3670016 bytes, new threshold 15 (max 15)
 [PSYoungGen: 813600K->864K(815104K)] 1811053K->998357K(1839104K), 0.0099240 secs] [Times: user=0.04 sys=0.00, real=0.01 secs] 
1299.453: [GC
Desired survivor size 3670016 bytes, new threshold 15 (max 15)
 [PSYoungGen: 812384K->2080K(815616K)] 1809877K->999605K(1839616K), 0.0101870 secs] [Times: user=0.06 sys=0.00, real=0.01 secs] 
1299.726: [GC
Desired survivor size 3670016 bytes, new threshold 15 (max 15)
 [PSYoungGen: 814112K->1312K(815616K)] 1811637K->998869K(1839616K), 0.0095240 secs] [Times: user=0.05 sys=0.00, real=0.01 secs] 
1299.989: [GC
Desired survivor size 3670016 bytes, new threshold 15 (max 15)
 [PSYoungGen: 813344K->1536K(815616K)] 1810901K->999125K(1839616K), 0.0094880 secs] [Times: user=0.05 sys=0.00, real=0.01 secs] 
1300.258: [GC
Desired survivor size 3670016 bytes, new threshold 15 (max 15)
 [PSYoungGen: 813568K->1632K(815616K)] 1811157K->999261K(1839616K), 0.0099670 secs] [Times: user=0.05 sys=0.00, real=0.01 secs] 
1300.527: [GC
Desired survivor size 3670016 bytes, new threshold 15 (max 15)
 [PSYoungGen: 813664K->544K(815616K)] 1811293K->998181K(1839616K), 0.0088440 secs] [Times: user=0.04 sys=0.00, real=0.00 secs] 
1300.808: [GC
Desired survivor size 3670016 bytes, new threshold 15 (max 15)
 [PSYoungGen: 812576K->640K(815616K)] 1810213K->998301K(1839616K), 0.0091220 secs] [Times: user=0.05 sys=0.01, real=0.01 secs] 
1301.074: [GC
Desired survivor size 3145728 bytes, new threshold 15 (max 15)
 [PSYoungGen: 812672K->1184K(816128K)] 1810333K->998861K(1840128K), 0.0101980 secs] [Times: user=0.05 sys=0.01, real=0.01 secs] 
1301.341: [GC
Desired survivor size 3145728 bytes, new threshold 15 (max 15)
 [PSYoungGen: 813728K->1888K(815616K)] 1811405K->999597K(1839616K), 0.0097300 secs] [Times: user=0.07 sys=0.00, real=0.01 secs] 
1301.611: [GC
Desired survivor size 3145728 bytes, new threshold 15 (max 15)
 [PSYoungGen: 814432K->608K(816128K)] 1812141K->998349K(1840128K), 0.0090120 secs] [Times: user=0.05 sys=0.01, real=0.01 secs] 
1301.883: [GC
Desired survivor size 3145728 bytes, new threshold 15 (max 15)
 [PSYoungGen: 813664K->1696K(816128K)] 1811405K->999453K(1840128K), 0.0102790 secs] [Times: user=0.06 sys=0.00, real=0.01 secs] 
1302.156: [GC
Desired survivor size 3145728 bytes, new threshold 15 (max 15)
 [PSYoungGen: 814752K->512K(816128K)] 1812509K->998309K(1840128K), 0.0091890 secs] [Times: user=0.05 sys=0.00, real=0.00 secs] 
1302.419: [GC
Desired survivor size 4194304 bytes, new threshold 14 (max 15)
 [PSYoungGen: 813568K->3072K(816128K)] 1811365K->1001541K(1840128K), 0.0105080 secs] [Times: user=0.06 sys=0.00, real=0.01 secs] 
1302.685: [GC
Desired survivor size 4194304 bytes, new threshold 15 (max 15)
 [PSYoungGen: 816128K->2464K(814080K)] 1814597K->1000965K(1838080K), 0.0100100 secs] [Times: user=0.06 sys=0.00, real=0.01 secs] 
1302.957: [GC
Desired survivor size 4718592 bytes, new threshold 15 (max 15)
 [PSYoungGen: 813472K->3168K(814592K)] 1811973K->1001669K(1838592K), 0.0108140 secs] [Times: user=0.06 sys=0.00, real=0.01 secs] 
1303.221: [GC
Desired survivor size 4718592 bytes, new threshold 15 (max 15)
 [PSYoungGen: 814176K->2272K(814592K)] 1812677K->1000805K(1838592K), 0.0102880 secs] [Times: user=0.06 sys=0.00, real=0.01 secs] 
1303.484: [GC
Desired survivor size 4194304 bytes, new threshold 15 (max 15)
 [PSYoungGen: 812256K->1408K(814592K)] 1810789K->999965K(1838592K), 0.0098390 secs] [Times: user=0.06 sys=0.00, real=0.01 secs] 
1303.764: [GC
Desired survivor size 4194304 bytes, new threshold 15 (max 15)
 [PSYoungGen: 811392K->672K(815104K)] 1809949K->999269K(1839104K), 0.0094210 secs] [Times: user=0.05 sys=0.00, real=0.01 secs] 
1304.038: [GC
Desired survivor size 4194304 bytes, new threshold 15 (max 15)
 [PSYoungGen: 811680K->1184K(815104K)] 1810277K->999805K(1839104K), 0.0091330 secs] [Times: user=0.06 sys=0.00, real=0.01 secs] 
1304.306: [GC
Desired survivor size 4194304 bytes, new threshold 15 (max 15)
 [PSYoungGen: 812192K->1504K(815104K)] 1810813K->1000157K(1839104K), 0.0089880 secs] [Times: user=0.06 sys=0.00, real=0.01 secs] 
1304.565: [GC
Desired survivor size 4194304 bytes, new threshold 15 (max 15)
 [PSYoungGen: 812512K->3392K(815104K)] 1811165K->1002069K(1839104K), 0.0104890 secs] [Times: user=0.06 sys=0.00, real=0.01 secs] 
1304.836: [GC
Desired survivor size 4718592 bytes, new threshold 15 (max 15)
 [PSYoungGen: 814400K->2560K(814080K)] 1813077K->1001261K(1838080K), 0.0106360 secs] [Times: user=0.06 sys=0.00, real=0.01 secs] 
1305.105: [GC
Desired survivor size 4194304 bytes, new threshold 15 (max 15)
 [PSYoungGen: 812544K->1728K(814592K)] 1811245K->1000445K(1838592K), 0.0096680 secs] [Times: user=0.05 sys=0.00, real=0.01 secs] 
1305.367: [GC
Desired survivor size 4194304 bytes, new threshold 15 (max 15)
 [PSYoungGen: 811712K->1504K(815104K)] 1810429K->1000253K(1839104K), 0.0099730 secs] [Times: user=0.06 sys=0.00, real=0.01 secs] 
1305.636: [GC
Desired survivor size 4194304 bytes, new threshold 15 (max 15)
 [PSYoungGen: 812512K->1888K(815104K)] 1811261K->1000677K(1839104K), 0.0102180 secs] [Times: user=0.06 sys=0.00, real=0.01 secs] 
1305.909: [GC
Desired survivor size 3670016 bytes, new threshold 15 (max 15)
 [PSYoungGen: 812896K->1088K(815616K)] 1811685K->999909K(1839616K), 0.0094790 secs] [Times: user=0.05 sys=0.00, real=0.01 secs] 
1306.180: [GC
Desired survivor size 3670016 bytes, new threshold 15 (max 15)
 [PSYoungGen: 812608K->1984K(815104K)] 1811429K->1000837K(1839104K), 0.0101240 secs] [Times: user=0.06 sys=0.00, real=0.01 secs] 
1306.448: [GC
Desired survivor size 3670016 bytes, new threshold 15 (max 15)
 [PSYoungGen: 813504K->2016K(815616K)] 1812357K->1001149K(1839616K), 0.0097920 secs] [Times: user=0.06 sys=0.00, real=0.01 secs] 
1306.732: [GC
Desired survivor size 3670016 bytes, new threshold 15 (max 15)
 [PSYoungGen: 814048K->608K(815616K)] 1813181K->999805K(1839616K), 0.0094370 secs] [Times: user=0.05 sys=0.00, real=0.01 secs] 
1306.998: [GC
Desired survivor size 3670016 bytes, new threshold 15 (max 15)
 [PSYoungGen: 812640K->1152K(815616K)] 1811837K->1000381K(1839616K), 0.0094170 secs] [Times: user=0.05 sys=0.00, real=0.01 secs] 
1307.260: [GC
Desired survivor size 4194304 bytes, new threshold 15 (max 15)
 [PSYoungGen: 813184K->2816K(815104K)] 1812413K->1002069K(1839104K), 0.0096690 secs] [Times: user=0.07 sys=0.00, real=0.01 secs] 
1307.519: [GC
Desired survivor size 3670016 bytes, new threshold 15 (max 15)
 [PSYoungGen: 814848K->1696K(815616K)] 1814101K->1000981K(1839616K), 0.0098090 secs] [Times: user=0.06 sys=0.00, real=0.01 secs] 
1307.791: [GC
Desired survivor size 3670016 bytes, new threshold 15 (max 15)
 [PSYoungGen: 813216K->2304K(815104K)] 1812501K->1001629K(1839104K), 0.0100910 secs] [Times: user=0.05 sys=0.00, real=0.01 secs] 
1308.057: [GC
Desired survivor size 3670016 bytes, new threshold 15 (max 15)
 [PSYoungGen: 813824K->1696K(815616K)] 1813149K->1001045K(1839616K), 0.0098580 secs] [Times: user=0.05 sys=0.00, real=0.01 secs] 
1308.321: [GC
Desired survivor size 3670016 bytes, new threshold 15 (max 15)
 [PSYoungGen: 813728K->1952K(815616K)] 1813077K->1001333K(1839616K), 0.0097720 secs] [Times: user=0.06 sys=0.00, real=0.01 secs] 
1308.584: [GC
Desired survivor size 3670016 bytes, new threshold 15 (max 15)
 [PSYoungGen: 813984K->2784K(815616K)] 1813365K->1002181K(1839616K), 0.0096900 secs] [Times: user=0.06 sys=0.00, real=0.01 secs] 
1308.858: [GC
Desired survivor size 3670016 bytes, new threshold 15 (max 15)
 [PSYoungGen: 814816K->1280K(815616K)] 1814213K->1000701K(1839616K), 0.0092580 secs] [Times: user=0.06 sys=0.00, real=0.01 secs] 
1309.129: [GC
Desired survivor size 3670016 bytes, new threshold 15 (max 15)
 [PSYoungGen: 813312K->960K(815616K)] 1812733K->1000405K(1839616K), 0.0090690 secs] [Times: user=0.04 sys=0.00, real=0.01 secs] 
1309.394: [GC
Desired survivor size 3670016 bytes, new threshold 15 (max 15)
 [PSYoungGen: 812992K->960K(815616K)] 1812437K->1000429K(1839616K), 0.0091900 secs] [Times: user=0.05 sys=0.00, real=0.01 secs] 
1309.659: [GC
Desired survivor size 4194304 bytes, new threshold 15 (max 15)
 [PSYoungGen: 812992K->3200K(814592K)] 1812461K->1002717K(1838592K), 0.0111540 secs] [Times: user=0.06 sys=0.00, real=0.01 secs] 
1309.931: [GC
Desired survivor size 4194304 bytes, new threshold 15 (max 15)
 [PSYoungGen: 814208K->800K(815104K)] 1813725K->1000341K(1839104K), 0.0099590 secs] [Times: user=0.06 sys=0.00, real=0.01 secs] 
1310.198: [GC
Desired survivor size 3670016 bytes, new threshold 15 (max 15)
 [PSYoungGen: 811808K->1760K(815616K)] 1811349K->1001349K(1839616K), 0.0096180 secs] [Times: user=0.07 sys=0.00, real=0.01 secs] 
1310.456: [GC
Desired survivor size 3670016 bytes, new threshold 15 (max 15)
 [PSYoungGen: 813280K->1472K(815104K)] 1812869K->1001085K(1839104K), 0.0095320 secs] [Times: user=0.05 sys=0.00, real=0.01 secs] 
1310.736: [GC
Desired survivor size 3670016 bytes, new threshold 15 (max 15)
 [PSYoungGen: 812992K->1344K(815616K)] 1812605K->1000989K(1839616K), 0.0101780 secs] [Times: user=0.04 sys=0.00, real=0.01 secs] 
1310.996: [GC
Desired survivor size 3670016 bytes, new threshold 15 (max 15)
 [PSYoungGen: 813376K->2176K(815616K)] 1813021K->1001853K(1839616K), 0.0096640 secs] [Times: user=0.06 sys=0.00, real=0.01 secs] 
1311.257: [GC
Desired survivor size 3670016 bytes, new threshold 15 (max 15)
 [PSYoungGen: 814208K->1376K(815616K)] 1813885K->1001077K(1839616K), 0.0092530 secs] [Times: user=0.05 sys=0.01, real=0.01 secs] 
1311.525: [GC
Desired survivor size 3670016 bytes, new threshold 15 (max 15)
 [PSYoungGen: 813408K->1248K(815616K)] 1813109K->1000989K(1839616K), 0.0090560 secs] [Times: user=0.05 sys=0.00, real=0.01 secs] 
1311.799: [GC
Desired survivor size 3670016 bytes, new threshold 15 (max 15)
 [PSYoungGen: 813280K->2016K(815616K)] 1813021K->1001789K(1839616K), 0.0103970 secs] [Times: user=0.05 sys=0.00, real=0.01 secs] 
1312.072: [GC
Desired survivor size 3145728 bytes, new threshold 15 (max 15)
 [PSYoungGen: 814048K->1376K(815616K)] 1813821K->1001181K(1839616K), 0.0115540 secs] [Times: user=0.06 sys=0.00, real=0.01 secs] 
1312.336: [GC
Desired survivor size 3145728 bytes, new threshold 15 (max 15)
 [PSYoungGen: 813408K->768K(816128K)] 1813213K->1000605K(1840128K), 0.0093980 secs] [Times: user=0.05 sys=0.00, real=0.01 secs] 
1312.690: [GC
Desired survivor size 3145728 bytes, new threshold 15 (max 15)
 [PSYoungGen: 813824K->1824K(816128K)] 1813661K->1001677K(1840128K), 0.0140680 secs] [Times: user=0.05 sys=0.00, real=0.01 secs] 
1312.966: [GC
Desired survivor size 3670016 bytes, new threshold 14 (max 15)
 [PSYoungGen: 814880K->3072K(815104K)] 1814733K->1002981K(1839104K), 0.0121200 secs] [Times: user=0.07 sys=0.00, real=0.02 secs] 
1313.237: [GC
Desired survivor size 3670016 bytes, new threshold 14 (max 15)
 [PSYoungGen: 815104K->1696K(815616K)] 1815013K->1001645K(1839616K), 0.0097430 secs] [Times: user=0.06 sys=0.00, real=0.01 secs] 
1313.497: [GC
Desired survivor size 3670016 bytes, new threshold 14 (max 15)
 [PSYoungGen: 813728K->1184K(815616K)] 1813677K->1001157K(1839616K), 0.0098060 secs] [Times: user=0.05 sys=0.00, real=0.01 secs] 
1313.775: [GC
Desired survivor size 3670016 bytes, new threshold 15 (max 15)
 [PSYoungGen: 813216K->1440K(815616K)] 1813189K->1001445K(1839616K), 0.0091990 secs] [Times: user=0.06 sys=0.00, real=0.01 secs] 
1314.089: [GC
Desired survivor size 3145728 bytes, new threshold 15 (max 15)
 [PSYoungGen: 813472K->1376K(816128K)] 1813477K->1001381K(1840128K), 0.0090750 secs] [Times: user=0.06 sys=0.00, real=0.01 secs] 
1314.350: [GC
Desired survivor size 3670016 bytes, new threshold 14 (max 15)
 [PSYoungGen: 813920K->3072K(815616K)] 1813925K->1003133K(1839616K), 0.0109360 secs] [Times: user=0.06 sys=0.00, real=0.01 secs] 
1314.623: [GC
Desired survivor size 3670016 bytes, new threshold 15 (max 15)
 [PSYoungGen: 815616K->2464K(815616K)] 1815677K->1002565K(1839616K), 0.0099700 secs] [Times: user=0.07 sys=0.00, real=0.01 secs] 
1314.891: [GC
Desired survivor size 4194304 bytes, new threshold 15 (max 15)
 [PSYoungGen: 814496K->2752K(815104K)] 1814597K->1002853K(1839104K), 0.0104820 secs] [Times: user=0.07 sys=0.00, real=0.01 secs] 
1315.159: [GC
Desired survivor size 4194304 bytes, new threshold 15 (max 15)
 [PSYoungGen: 814784K->1248K(815104K)] 1814885K->1001389K(1839104K), 0.0091880 secs] [Times: user=0.05 sys=0.00, real=0.01 secs] 
1315.428: [GC
Desired survivor size 4194304 bytes, new threshold 15 (max 15)
 [PSYoungGen: 812256K->544K(815104K)] 1812397K->1000725K(1839104K), 0.0091610 secs] [Times: user=0.05 sys=0.00, real=0.01 secs] 
1315.695: [GC
Desired survivor size 3670016 bytes, new threshold 15 (max 15)
 [PSYoungGen: 811552K->1440K(815616K)] 1811733K->1001645K(1839616K), 0.0100140 secs] [Times: user=0.06 sys=0.00, real=0.01 secs] 
1315.969: [GC
Desired survivor size 3670016 bytes, new threshold 15 (max 15)
 [PSYoungGen: 812960K->1888K(815104K)] 1813165K->1002117K(1839104K), 0.0112850 secs] [Times: user=0.07 sys=0.00, real=0.01 secs] 
1316.241: [GC
Desired survivor size 3670016 bytes, new threshold 15 (max 15)
 [PSYoungGen: 813408K->2496K(815616K)] 1813637K->1002757K(1839616K), 0.0095010 secs] [Times: user=0.06 sys=0.00, real=0.01 secs] 
1316.510: [GC
Desired survivor size 4718592 bytes, new threshold 14 (max 15)
 [PSYoungGen: 814528K->3584K(815616K)] 1814789K->1004109K(1839616K), 0.0107050 secs] [Times: user=0.07 sys=0.00, real=0.01 secs] 
1316.779: [GC
Desired survivor size 4194304 bytes, new threshold 15 (max 15)
 [PSYoungGen: 815616K->1600K(814592K)] 1816141K->1002173K(1838592K), 0.0095880 secs] [Times: user=0.06 sys=0.00, real=0.01 secs] 
1317.041: [GC
Desired survivor size 4718592 bytes, new threshold 15 (max 15)
 [PSYoungGen: 812608K->2976K(814080K)] 1813181K->1003549K(1838080K), 0.0106460 secs] [Times: user=0.07 sys=0.00, real=0.01 secs] 
1317.302: [GC
Desired survivor size 4718592 bytes, new threshold 15 (max 15)
 [PSYoungGen: 813984K->2624K(814592K)] 1814557K->1003221K(1838592K), 0.0099510 secs] [Times: user=0.07 sys=0.00, real=0.01 secs] 
1317.572: [GC
Desired survivor size 4194304 bytes, new threshold 15 (max 15)
 [PSYoungGen: 812608K->1920K(814592K)] 1813205K->1002541K(1838592K), 0.0123180 secs] [Times: user=0.06 sys=0.00, real=0.01 secs] 
1317.844: [GC
Desired survivor size 4194304 bytes, new threshold 15 (max 15)
 [PSYoungGen: 811904K->1152K(815104K)] 1812525K->1001789K(1839104K), 0.0096120 secs] [Times: user=0.05 sys=0.00, real=0.01 secs] 
1318.107: [GC
Desired survivor size 4194304 bytes, new threshold 15 (max 15)
 [PSYoungGen: 812160K->2304K(815104K)] 1812797K->1002989K(1839104K), 0.0099140 secs] [Times: user=0.06 sys=0.00, real=0.01 secs] 
1318.376: [GC
Desired survivor size 4718592 bytes, new threshold 15 (max 15)
 [PSYoungGen: 813312K->3840K(814080K)] 1813997K->1004565K(1838080K), 0.0107910 secs] [Times: user=0.07 sys=0.00, real=0.01 secs] 
1318.643: [GC
Desired survivor size 4718592 bytes, new threshold 15 (max 15)
 [PSYoungGen: 813824K->1312K(814592K)] 1814549K->1002077K(1838592K), 0.0091880 secs] [Times: user=0.05 sys=0.00, real=0.01 secs] 
1318.912: [GC
Desired survivor size 4718592 bytes, new threshold 15 (max 15)
 [PSYoungGen: 811296K->1984K(814592K)] 1812061K->1002781K(1838592K), 0.0095280 secs] [Times: user=0.06 sys=0.00, real=0.01 secs] 
1319.178: [GC
Desired survivor size 4194304 bytes, new threshold 15 (max 15)
 [PSYoungGen: 811968K->2016K(814592K)] 1812765K->1002845K(1838592K), 0.0101610 secs] [Times: user=0.06 sys=0.00, real=0.01 secs] 
1319.445: [GC
Desired survivor size 4194304 bytes, new threshold 15 (max 15)
 [PSYoungGen: 812000K->1888K(815104K)] 1812829K->1002741K(1839104K), 0.0096720 secs] [Times: user=0.05 sys=0.00, real=0.01 secs] 
1319.726: [GC
Desired survivor size 4194304 bytes, new threshold 15 (max 15)
 [PSYoungGen: 812896K->1728K(815104K)] 1813749K->1002597K(1839104K), 0.0100540 secs] [Times: user=0.05 sys=0.00, real=0.01 secs] 
1319.984: [GC
Desired survivor size 4194304 bytes, new threshold 15 (max 15)
 [PSYoungGen: 812736K->1280K(815104K)] 1813605K->1002197K(1839104K), 0.0096110 secs] [Times: user=0.04 sys=0.00, real=0.01 secs] 
1320.246: [GC
Desired survivor size 3670016 bytes, new threshold 15 (max 15)
 [PSYoungGen: 812288K->1856K(815104K)] 1813205K->1002797K(1839104K), 0.0102980 secs] [Times: user=0.05 sys=0.01, real=0.01 secs] 
1320.513: [GC
Desired survivor size 3670016 bytes, new threshold 15 (max 15)
 [PSYoungGen: 812864K->1248K(815616K)] 1813805K->1002261K(1839616K), 0.0094250 secs] [Times: user=0.06 sys=0.00, real=0.01 secs] 
1320.788: [GC
Desired survivor size 3670016 bytes, new threshold 15 (max 15)
 [PSYoungGen: 813280K->2400K(815616K)] 1814293K->1003437K(1839616K), 0.0102650 secs] [Times: user=0.06 sys=0.00, real=0.01 secs] 
1321.052: [GC
Desired survivor size 3670016 bytes, new threshold 15 (max 15)
 [PSYoungGen: 814432K->2144K(815616K)] 1815469K->1003189K(1839616K), 0.0099250 secs] [Times: user=0.06 sys=0.01, real=0.01 secs] 
1321.317: [GC
Desired survivor size 3670016 bytes, new threshold 15 (max 15)
 [PSYoungGen: 814176K->1312K(815616K)] 1815221K->1002357K(1839616K), 0.0098230 secs] [Times: user=0.05 sys=0.00, real=0.01 secs] 
1321.586: [GC
Desired survivor size 3670016 bytes, new threshold 15 (max 15)
 [PSYoungGen: 813344K->1696K(815616K)] 1814389K->1002773K(1839616K), 0.0099950 secs] [Times: user=0.05 sys=0.00, real=0.01 secs] 
1321.863: [GC
Desired survivor size 3670016 bytes, new threshold 15 (max 15)
 [PSYoungGen: 813728K->2112K(815616K)] 1814805K->1003197K(1839616K), 0.0102480 secs] [Times: user=0.05 sys=0.00, real=0.01 secs] 
1322.133: [GC
Desired survivor size 3670016 bytes, new threshold 15 (max 15)
 [PSYoungGen: 814144K->1120K(815616K)] 1815229K->1002237K(1839616K), 0.0100060 secs] [Times: user=0.05 sys=0.00, real=0.01 secs] 
1322.391: [GC
Desired survivor size 3670016 bytes, new threshold 15 (max 15)
 [PSYoungGen: 813152K->2464K(815616K)] 1814269K->1003613K(1839616K), 0.0097530 secs] [Times: user=0.06 sys=0.00, real=0.01 secs] 
1322.656: [GC
Desired survivor size 3670016 bytes, new threshold 15 (max 15)
 [PSYoungGen: 814496K->2720K(815616K)] 1815645K->1003901K(1839616K), 0.0100440 secs] [Times: user=0.06 sys=0.00, real=0.01 secs] 
1322.932: [GC
Desired survivor size 3670016 bytes, new threshold 15 (max 15)
 [PSYoungGen: 814752K->608K(815616K)] 1815933K->1001829K(1839616K), 0.0095650 secs] [Times: user=0.06 sys=0.00, real=0.01 secs] 
1323.194: [GC
Desired survivor size 4194304 bytes, new threshold 15 (max 15)
 [PSYoungGen: 812640K->544K(814592K)] 1813861K->1001789K(1838592K), 0.0090970 secs] [Times: user=0.06 sys=0.00, real=0.01 secs] 
1323.464: [GC
Desired survivor size 3670016 bytes, new threshold 15 (max 15)
 [PSYoungGen: 811552K->1216K(815104K)] 1812797K->1002501K(1839104K), 0.0108460 secs] [Times: user=0.06 sys=0.00, real=0.01 secs] 
1323.743: [GC
Desired survivor size 3670016 bytes, new threshold 15 (max 15)
 [PSYoungGen: 812224K->1440K(815616K)] 1813509K->1002757K(1839616K), 0.0106590 secs] [Times: user=0.05 sys=0.00, real=0.01 secs] 
1324.006: [GC
Desired survivor size 3670016 bytes, new threshold 15 (max 15)
 [PSYoungGen: 813472K->1696K(815616K)] 1814789K->1003029K(1839616K), 0.0093320 secs] [Times: user=0.05 sys=0.00, real=0.01 secs] 
1324.266: [GC
Desired survivor size 3670016 bytes, new threshold 15 (max 15)
 [PSYoungGen: 813728K->2016K(815616K)] 1815061K->1003373K(1839616K), 0.0097480 secs] [Times: user=0.06 sys=0.00, real=0.01 secs] 
1324.523: [GC
Desired survivor size 4194304 bytes, new threshold 15 (max 15)
 [PSYoungGen: 814048K->3200K(815616K)] 1815405K->1004581K(1839616K), 0.0106770 secs] [Times: user=0.07 sys=0.00, real=0.01 secs] 
1324.798: [GC
Desired survivor size 3670016 bytes, new threshold 15 (max 15)
 [PSYoungGen: 815232K->1280K(815616K)] 1816613K->1002701K(1839616K), 0.0094230 secs] [Times: user=0.06 sys=0.00, real=0.01 secs] 
1325.058: [GC
Desired survivor size 4194304 bytes, new threshold 15 (max 15)
 [PSYoungGen: 813312K->2624K(815104K)] 1814733K->1004085K(1839104K), 0.0100150 secs] [Times: user=0.05 sys=0.00, real=0.01 secs] 
1325.321: [GC
Desired survivor size 4194304 bytes, new threshold 15 (max 15)
 [PSYoungGen: 814656K->2560K(815104K)] 1816117K->1004053K(1839104K), 0.0103090 secs] [Times: user=0.06 sys=0.00, real=0.01 secs] 
1325.577: [GC
Desired survivor size 4194304 bytes, new threshold 15 (max 15)
 [PSYoungGen: 813568K->448K(815104K)] 1815061K->1001957K(1839104K), 0.0095640 secs] [Times: user=0.05 sys=0.00, real=0.01 secs] 
1325.852: [GC
Desired survivor size 4194304 bytes, new threshold 15 (max 15)
 [PSYoungGen: 811456K->2496K(815104K)] 1812965K->1004029K(1839104K), 0.0103590 secs] [Times: user=0.06 sys=0.00, real=0.01 secs] 
1326.118: [GC
Desired survivor size 4194304 bytes, new threshold 15 (max 15)
 [PSYoungGen: 813504K->2368K(815104K)] 1815037K->1003933K(1839104K), 0.0101450 secs] [Times: user=0.06 sys=0.00, real=0.01 secs] 
1326.388: [GC
Desired survivor size 4194304 bytes, new threshold 15 (max 15)
 [PSYoungGen: 813376K->896K(815104K)] 1814941K->1002477K(1839104K), 0.0090070 secs] [Times: user=0.05 sys=0.00, real=0.01 secs] 
1326.664: [GC
Desired survivor size 4194304 bytes, new threshold 15 (max 15)
 [PSYoungGen: 811904K->832K(815104K)] 1813485K->1002445K(1839104K), 0.0096500 secs] [Times: user=0.05 sys=0.00, real=0.01 secs] 
1326.938: [GC
Desired survivor size 4194304 bytes, new threshold 15 (max 15)
 [PSYoungGen: 811840K->2464K(815104K)] 1813453K->1004093K(1839104K), 0.0096520 secs] [Times: user=0.06 sys=0.00, real=0.01 secs] 
1327.201: [GC
Desired survivor size 4718592 bytes, new threshold 15 (max 15)
 [PSYoungGen: 813472K->3424K(814592K)] 1815101K->1005093K(1838592K), 0.0103400 secs] [Times: user=0.06 sys=0.00, real=0.01 secs] 
1327.460: [GC
Desired survivor size 4718592 bytes, new threshold 15 (max 15)
 [PSYoungGen: 814432K->3040K(814592K)] 1816101K->1004733K(1838592K), 0.0103840 secs] [Times: user=0.06 sys=0.00, real=0.01 secs] 
1327.736: [GC
Desired survivor size 4718592 bytes, new threshold 15 (max 15)
 [PSYoungGen: 813024K->1376K(814592K)] 1814717K->1003085K(1838592K), 0.0091430 secs] [Times: user=0.04 sys=0.00, real=0.01 secs] 
1328.002: [GC
Desired survivor size 4718592 bytes, new threshold 15 (max 15)
 [PSYoungGen: 811360K->1280K(814592K)] 1813069K->1003037K(1838592K), 0.0091420 secs] [Times: user=0.05 sys=0.00, real=0.01 secs] 
1328.264: [GC
Desired survivor size 4194304 bytes, new threshold 15 (max 15)
 [PSYoungGen: 811264K->2240K(814592K)] 1813021K->1004005K(1838592K), 0.0104600 secs] [Times: user=0.06 sys=0.00, real=0.01 secs] 
1328.527: [GC
Desired survivor size 4718592 bytes, new threshold 15 (max 15)
 [PSYoungGen: 812224K->2944K(814080K)] 1813989K->1004725K(1838080K), 0.0104560 secs] [Times: user=0.07 sys=0.00, real=0.01 secs] 
1328.802: [GC
Desired survivor size 4194304 bytes, new threshold 15 (max 15)
 [PSYoungGen: 812928K->2208K(814592K)] 1814709K->1004013K(1838592K), 0.0098510 secs] [Times: user=0.05 sys=0.00, real=0.01 secs] 
1329.065: [GC
Desired survivor size 4194304 bytes, new threshold 15 (max 15)
 [PSYoungGen: 812192K->2560K(815104K)] 1813997K->1004397K(1839104K), 0.0101930 secs] [Times: user=0.06 sys=0.00, real=0.01 secs] 
1329.331: [GC
Desired survivor size 4194304 bytes, new threshold 15 (max 15)
 [PSYoungGen: 813568K->2432K(815104K)] 1815405K->1004301K(1839104K), 0.0095210 secs] [Times: user=0.06 sys=0.00, real=0.01 secs] 
1329.595: [GC
Desired survivor size 4194304 bytes, new threshold 15 (max 15)
 [PSYoungGen: 813440K->928K(815104K)] 1815309K->1002813K(1839104K), 0.0090690 secs] [Times: user=0.05 sys=0.00, real=0.01 secs] 
1329.868: [GC
Desired survivor size 4718592 bytes, new threshold 15 (max 15)
 [PSYoungGen: 811936K->2816K(814080K)] 1813821K->1004725K(1838080K), 0.0104040 secs] [Times: user=0.05 sys=0.01, real=0.01 secs] 
1330.124: [GC
Desired survivor size 4194304 bytes, new threshold 15 (max 15)
 [PSYoungGen: 813824K->2528K(815104K)] 1815733K->1004469K(1839104K), 0.0105860 secs] [Times: user=0.06 sys=0.00, real=0.01 secs] 
1330.391: [GC
Desired survivor size 5242880 bytes, new threshold 14 (max 15)
 [PSYoungGen: 813024K->4096K(814592K)] 1814965K->1006125K(1838592K), 0.0114190 secs] [Times: user=0.07 sys=0.00, real=0.01 secs] 
1330.660: [GC
Desired survivor size 4718592 bytes, new threshold 14 (max 15)
 [PSYoungGen: 814592K->1472K(814592K)] 1816621K->1003533K(1838592K), 0.0094790 secs] [Times: user=0.05 sys=0.00, real=0.00 secs] 
1330.933: [GC
Desired survivor size 4718592 bytes, new threshold 15 (max 15)
 [PSYoungGen: 811456K->2208K(814592K)] 1813517K->1004317K(1838592K), 0.0098720 secs] [Times: user=0.05 sys=0.00, real=0.01 secs] 
1331.201: [GC
Desired survivor size 4718592 bytes, new threshold 15 (max 15)
 [PSYoungGen: 812192K->2304K(814592K)] 1814301K->1004413K(1838592K), 0.0102780 secs] [Times: user=0.06 sys=0.01, real=0.01 secs] 
1331.460: [GC
Desired survivor size 5242880 bytes, new threshold 15 (max 15)
 [PSYoungGen: 812288K->4480K(814592K)] 1814397K->1006597K(1838592K), 0.0111420 secs] [Times: user=0.07 sys=0.00, real=0.01 secs] 
1331.733: [GC
Desired survivor size 4718592 bytes, new threshold 15 (max 15)
 [PSYoungGen: 814464K->2144K(814592K)] 1816581K->1004301K(1838592K), 0.0101170 secs] [Times: user=0.06 sys=0.00, real=0.01 secs] 
1332.002: [GC
Desired survivor size 4718592 bytes, new threshold 15 (max 15)
 [PSYoungGen: 812128K->1856K(814592K)] 1814285K->1004045K(1838592K), 0.0103000 secs] [Times: user=0.06 sys=0.00, real=0.01 secs] 
1332.257: [GC
Desired survivor size 4718592 bytes, new threshold 15 (max 15)
 [PSYoungGen: 811840K->1568K(814592K)] 1814029K->1003781K(1838592K), 0.0097240 secs] [Times: user=0.06 sys=0.00, real=0.01 secs] 
1332.515: [GC
Desired survivor size 4718592 bytes, new threshold 15 (max 15)
 [PSYoungGen: 811552K->3072K(814592K)] 1813765K->1005325K(1838592K), 0.0103960 secs] [Times: user=0.06 sys=0.01, real=0.01 secs] 
1332.795: [GC
Desired survivor size 4718592 bytes, new threshold 15 (max 15)
 [PSYoungGen: 813056K->1504K(814592K)] 1815309K->1003773K(1838592K), 0.0101770 secs] [Times: user=0.06 sys=0.00, real=0.01 secs] 
1333.056: [GC
Desired survivor size 4718592 bytes, new threshold 15 (max 15)
 [PSYoungGen: 811488K->2304K(814592K)] 1813757K->1004605K(1838592K), 0.0101000 secs] [Times: user=0.06 sys=0.00, real=0.01 secs] 
1333.323: [GC
Desired survivor size 4718592 bytes, new threshold 15 (max 15)
 [PSYoungGen: 812288K->1696K(814592K)] 1814589K->1004037K(1838592K), 0.0100630 secs] [Times: user=0.06 sys=0.00, real=0.01 secs] 
1333.589: [GC
Desired survivor size 4194304 bytes, new threshold 15 (max 15)
 [PSYoungGen: 811680K->1536K(814592K)] 1814021K->1003901K(1838592K), 0.0096310 secs] [Times: user=0.06 sys=0.00, real=0.01 secs] 
1333.861: [GC
Desired survivor size 4194304 bytes, new threshold 15 (max 15)
 [PSYoungGen: 811520K->1664K(815104K)] 1813885K->1004053K(1839104K), 0.0094650 secs] [Times: user=0.06 sys=0.00, real=0.01 secs] 
1334.171: [GC
Desired survivor size 4194304 bytes, new threshold 15 (max 15)
 [PSYoungGen: 812672K->960K(815104K)] 1815061K->1003373K(1839104K), 0.0092480 secs] [Times: user=0.06 sys=0.00, real=0.01 secs] 
1334.438: [GC
Desired survivor size 4194304 bytes, new threshold 15 (max 15)
 [PSYoungGen: 811968K->1920K(815104K)] 1814381K->1004357K(1839104K), 0.0096210 secs] [Times: user=0.05 sys=0.00, real=0.01 secs] 
1334.711: [GC
Desired survivor size 4194304 bytes, new threshold 15 (max 15)
 [PSYoungGen: 812928K->1120K(815104K)] 1815365K->1003589K(1839104K), 0.0167350 secs] [Times: user=0.06 sys=0.00, real=0.01 secs] 
1334.983: [GC
Desired survivor size 4194304 bytes, new threshold 15 (max 15)
 [PSYoungGen: 812128K->1280K(815104K)] 1814597K->1003781K(1839104K), 0.0097080 secs] [Times: user=0.04 sys=0.00, real=0.01 secs] 
1335.252: [GC
Desired survivor size 4194304 bytes, new threshold 15 (max 15)
 [PSYoungGen: 812288K->1152K(815104K)] 1814789K->1003685K(1839104K), 0.0094230 secs] [Times: user=0.06 sys=0.00, real=0.01 secs] 
1335.512: [GC
Desired survivor size 3670016 bytes, new threshold 15 (max 15)
 [PSYoungGen: 812160K->1248K(815616K)] 1814693K->1003813K(1839616K), 0.0094940 secs] [Times: user=0.05 sys=0.00, real=0.01 secs] 
1335.789: [GC
Desired survivor size 3670016 bytes, new threshold 15 (max 15)
 [PSYoungGen: 812768K->1792K(815104K)] 1815333K->1004381K(1839104K), 0.0094540 secs] [Times: user=0.06 sys=0.00, real=0.01 secs] 
1336.061: [GC
Desired survivor size 4194304 bytes, new threshold 15 (max 15)
 [PSYoungGen: 813312K->3296K(814592K)] 1815901K->1005909K(1838592K), 0.0107270 secs] [Times: user=0.07 sys=0.00, real=0.01 secs] 
1336.330: [GC
Desired survivor size 4194304 bytes, new threshold 15 (max 15)
 [PSYoungGen: 814304K->1472K(815104K)] 1816917K->1004101K(1839104K), 0.0094900 secs] [Times: user=0.06 sys=0.00, real=0.01 secs] 
1336.597: [GC
Desired survivor size 3670016 bytes, new threshold 15 (max 15)
 [PSYoungGen: 812480K->2080K(815616K)] 1815109K->1004733K(1839616K), 0.0098250 secs] [Times: user=0.06 sys=0.00, real=0.01 secs] 
1336.871: [GC
Desired survivor size 4194304 bytes, new threshold 14 (max 15)
 [PSYoungGen: 813600K->3584K(815104K)] 1816253K->1006285K(1839104K), 0.0110290 secs] [Times: user=0.06 sys=0.00, real=0.02 secs] 
1337.145: [GC
Desired survivor size 4194304 bytes, new threshold 15 (max 15)
 [PSYoungGen: 815104K->1152K(815104K)] 1817805K->1003893K(1839104K), 0.0091030 secs] [Times: user=0.05 sys=0.00, real=0.01 secs] 
1337.403: [GC
Desired survivor size 4194304 bytes, new threshold 15 (max 15)
 [PSYoungGen: 812160K->2112K(815104K)] 1814901K->1004853K(1839104K), 0.0101730 secs] [Times: user=0.06 sys=0.00, real=0.01 secs] 
1337.671: [GC
Desired survivor size 4194304 bytes, new threshold 15 (max 15)
 [PSYoungGen: 813120K->2208K(815104K)] 1815861K->1004981K(1839104K), 0.0102330 secs] [Times: user=0.07 sys=0.00, real=0.01 secs] 
1337.943: [GC
Desired survivor size 4194304 bytes, new threshold 15 (max 15)
 [PSYoungGen: 813216K->2144K(815104K)] 1815989K->1004957K(1839104K), 0.0099720 secs] [Times: user=0.06 sys=0.00, real=0.01 secs] 
1338.213: [GC
Desired survivor size 4194304 bytes, new threshold 15 (max 15)
 [PSYoungGen: 813152K->1312K(815104K)] 1815965K->1004165K(1839104K), 0.0095050 secs] [Times: user=0.06 sys=0.00, real=0.01 secs] 
1338.481: [GC
Desired survivor size 3670016 bytes, new threshold 15 (max 15)
 [PSYoungGen: 812320K->2240K(815104K)] 1815173K->1005125K(1839104K), 0.0099640 secs] [Times: user=0.06 sys=0.00, real=0.01 secs] 
1338.753: [GC
Desired survivor size 3670016 bytes, new threshold 15 (max 15)
 [PSYoungGen: 813248K->1632K(815616K)] 1816133K->1004541K(1839616K), 0.0092860 secs] [Times: user=0.06 sys=0.00, real=0.01 secs] 
1339.025: [GC
Desired survivor size 4194304 bytes, new threshold 15 (max 15)
 [PSYoungGen: 813664K->2880K(815104K)] 1816573K->1005797K(1839104K), 0.0100830 secs] [Times: user=0.06 sys=0.01, real=0.01 secs] 
1339.293: [GC
Desired survivor size 3670016 bytes, new threshold 15 (max 15)
 [PSYoungGen: 814912K->1824K(815616K)] 1817829K->1004781K(1839616K), 0.0094710 secs] [Times: user=0.05 sys=0.00, real=0.01 secs] 
1339.561: [GC
Desired survivor size 3670016 bytes, new threshold 15 (max 15)
 [PSYoungGen: 813344K->864K(815104K)] 1816301K->1003853K(1839104K), 0.0093910 secs] [Times: user=0.05 sys=0.00, real=0.01 secs] 
1339.833: [GC
Desired survivor size 3670016 bytes, new threshold 15 (max 15)
 [PSYoungGen: 812384K->1984K(815616K)] 1815373K->1004997K(1839616K), 0.0095180 secs] [Times: user=0.05 sys=0.00, real=0.01 secs] 
1340.106: [GC
Desired survivor size 3670016 bytes, new threshold 15 (max 15)
 [PSYoungGen: 814016K->1088K(815616K)] 1817029K->1004133K(1839616K), 0.0093000 secs] [Times: user=0.06 sys=0.00, real=0.01 secs] 
1340.370: [GC
Desired survivor size 3670016 bytes, new threshold 15 (max 15)
 [PSYoungGen: 813120K->2656K(815616K)] 1816165K->1005733K(1839616K), 0.0105490 secs] [Times: user=0.06 sys=0.00, real=0.01 secs] 
1340.641: [GC
Desired survivor size 3670016 bytes, new threshold 15 (max 15)
 [PSYoungGen: 814688K->864K(815616K)] 1817765K->1003965K(1839616K), 0.0094410 secs] [Times: user=0.05 sys=0.00, real=0.01 secs] 
1340.919: [GC
Desired survivor size 3670016 bytes, new threshold 15 (max 15)
 [PSYoungGen: 812896K->1216K(815616K)] 1815997K->1004365K(1839616K), 0.0098910 secs] [Times: user=0.04 sys=0.00, real=0.01 secs] 
1341.189: [GC
Desired survivor size 3670016 bytes, new threshold 15 (max 15)
 [PSYoungGen: 813248K->1536K(815616K)] 1816397K->1004725K(1839616K), 0.0102600 secs] [Times: user=0.06 sys=0.00, real=0.01 secs] 
1341.454: [GC
Desired survivor size 3670016 bytes, new threshold 15 (max 15)
 [PSYoungGen: 813568K->960K(815616K)] 1816757K->1004189K(1839616K), 0.0091640 secs] [Times: user=0.04 sys=0.00, real=0.01 secs] 
1341.734: [GC
Desired survivor size 3670016 bytes, new threshold 15 (max 15)
 [PSYoungGen: 812992K->1504K(815616K)] 1816221K->1004765K(1839616K), 0.0094450 secs] [Times: user=0.05 sys=0.00, real=0.01 secs] 
1342.076: [GC
Desired survivor size 3670016 bytes, new threshold 15 (max 15)
 [PSYoungGen: 813536K->960K(815616K)] 1816797K->1004253K(1839616K), 0.0103820 secs] [Times: user=0.06 sys=0.00, real=0.01 secs] 
1342.451: [GC
Desired survivor size 3145728 bytes, new threshold 15 (max 15)
 [PSYoungGen: 812992K->1216K(815616K)] 1816285K->1004541K(1839616K), 0.0102320 secs] [Times: user=0.06 sys=0.00, real=0.01 secs] 
1342.727: [GC
Desired survivor size 3670016 bytes, new threshold 15 (max 15)
 [PSYoungGen: 813248K->2592K(815104K)] 1816573K->1005957K(1839104K), 0.0107710 secs] [Times: user=0.05 sys=0.00, real=0.01 secs] 
1342.989: [GC
Desired survivor size 3670016 bytes, new threshold 15 (max 15)
 [PSYoungGen: 814624K->2720K(815616K)] 1817989K->1006101K(1839616K), 0.0102190 secs] [Times: user=0.06 sys=0.00, real=0.01 secs] 
1343.344: [GC
Desired survivor size 3670016 bytes, new threshold 15 (max 15)
 [PSYoungGen: 814752K->2240K(815616K)] 1818133K->1005661K(1839616K), 0.0129450 secs] [Times: user=0.05 sys=0.00, real=0.01 secs] 
1343.627: [GC
Desired survivor size 3670016 bytes, new threshold 15 (max 15)
 [PSYoungGen: 814272K->1312K(815616K)] 1817693K->1004757K(1839616K), 0.0091860 secs] [Times: user=0.05 sys=0.00, real=0.01 secs] 
1343.906: [GC
Desired survivor size 3670016 bytes, new threshold 15 (max 15)
 [PSYoungGen: 813344K->1536K(815616K)] 1816789K->1005021K(1839616K), 0.0095480 secs] [Times: user=0.05 sys=0.00, real=0.01 secs] 
1344.175: [GC
Desired survivor size 4718592 bytes, new threshold 14 (max 15)
 [PSYoungGen: 813568K->3584K(815616K)] 1817053K->1007861K(1839616K), 0.0154120 secs] [Times: user=0.09 sys=0.00, real=0.01 secs] 
1344.464: [GC
Desired survivor size 4718592 bytes, new threshold 14 (max 15)
 [PSYoungGen: 815616K->3232K(813568K)] 1819893K->1007533K(1837568K), 0.0111390 secs] [Times: user=0.07 sys=0.00, real=0.01 secs] 
1344.734: [GC
Desired survivor size 4718592 bytes, new threshold 14 (max 15)
 [PSYoungGen: 813216K->2272K(814592K)] 1817517K->1006589K(1838592K), 0.0096850 secs] [Times: user=0.06 sys=0.00, real=0.01 secs] 
1345.003: [GC
Desired survivor size 4718592 bytes, new threshold 14 (max 15)
 [PSYoungGen: 812256K->2464K(814592K)] 1816573K->1006805K(1838592K), 0.0098890 secs] [Times: user=0.06 sys=0.00, real=0.01 secs] 
1345.265: [GC
Desired survivor size 4718592 bytes, new threshold 14 (max 15)
 [PSYoungGen: 812448K->3872K(814592K)] 1816789K->1008245K(1838592K), 0.0115690 secs] [Times: user=0.06 sys=0.00, real=0.01 secs] 
1345.526: [GC
Desired survivor size 4718592 bytes, new threshold 14 (max 15)
 [PSYoungGen: 813856K->928K(814592K)] 1818229K->1005309K(1838592K), 0.0092470 secs] [Times: user=0.05 sys=0.00, real=0.01 secs] 
1345.799: [GC
Desired survivor size 4718592 bytes, new threshold 15 (max 15)
 [PSYoungGen: 810912K->1408K(814592K)] 1815293K->1005821K(1838592K), 0.0094530 secs] [Times: user=0.05 sys=0.00, real=0.01 secs] 
1346.058: [GC
Desired survivor size 5242880 bytes, new threshold 15 (max 15)
 [PSYoungGen: 811392K->3136K(813568K)] 1815805K->1007549K(1837568K), 0.0105900 secs] [Times: user=0.06 sys=0.00, real=0.01 secs] 
1346.318: [GC
Desired survivor size 4718592 bytes, new threshold 14 (max 15)
 [PSYoungGen: 812096K->2784K(814080K)] 1816509K->1007213K(1838080K), 0.0221510 secs] [Times: user=0.07 sys=0.00, real=0.02 secs] 
1346.597: [GC
Desired survivor size 4718592 bytes, new threshold 13 (max 15)
 [PSYoungGen: 811744K->1408K(814592K)] 1816173K->1005869K(1838592K), 0.0098350 secs] [Times: user=0.05 sys=0.00, real=0.01 secs] 
1346.862: [GC
Desired survivor size 4718592 bytes, new threshold 13 (max 15)
 [PSYoungGen: 811392K->1792K(814592K)] 1815853K->1006293K(1838592K), 0.0101880 secs] [Times: user=0.06 sys=0.00, real=0.02 secs] 
1347.133: [GC
Desired survivor size 4718592 bytes, new threshold 13 (max 15)
 [PSYoungGen: 811776K->1440K(814592K)] 1816277K->1005965K(1838592K), 0.0102380 secs] [Times: user=0.06 sys=0.00, real=0.01 secs] 
1347.402: [GC
Desired survivor size 4718592 bytes, new threshold 13 (max 15)
 [PSYoungGen: 811424K->1152K(814592K)] 1815949K->1005757K(1838592K), 0.0102210 secs] [Times: user=0.05 sys=0.00, real=0.01 secs] 
1347.667: [GC
Desired survivor size 4194304 bytes, new threshold 13 (max 15)
 [PSYoungGen: 811136K->1472K(815104K)] 1815741K->1006317K(1839104K), 0.0097560 secs] [Times: user=0.06 sys=0.00, real=0.01 secs] 
1347.941: [GC
Desired survivor size 4194304 bytes, new threshold 13 (max 15)
 [PSYoungGen: 811968K->928K(814592K)] 1816813K->1005797K(1838592K), 0.0090020 secs] [Times: user=0.06 sys=0.00, real=0.01 secs] 
1348.208: [GC
Desired survivor size 4194304 bytes, new threshold 13 (max 15)
 [PSYoungGen: 811424K->2208K(815104K)] 1816293K->1007117K(1839104K), 0.0099980 secs] [Times: user=0.05 sys=0.01, real=0.01 secs] 
1348.470: [GC
Desired survivor size 4194304 bytes, new threshold 13 (max 15)
 [PSYoungGen: 813216K->1408K(815104K)] 1818125K->1006333K(1839104K), 0.0098650 secs] [Times: user=0.06 sys=0.00, real=0.01 secs] 
1348.750: [GC
Desired survivor size 4194304 bytes, new threshold 14 (max 15)
 [PSYoungGen: 812416K->1088K(815104K)] 1817341K->1006061K(1839104K), 0.0095820 secs] [Times: user=0.05 sys=0.00, real=0.01 secs] 
1349.013: [GC
Desired survivor size 3670016 bytes, new threshold 15 (max 15)
 [PSYoungGen: 812096K->1568K(815104K)] 1817069K->1006541K(1839104K), 0.0097880 secs] [Times: user=0.06 sys=0.00, real=0.01 secs] 
1349.280: [GC
Desired survivor size 3670016 bytes, new threshold 15 (max 15)
 [PSYoungGen: 812576K->1408K(815616K)] 1817549K->1006381K(1839616K), 0.0102230 secs] [Times: user=0.06 sys=0.00, real=0.01 secs] 
1349.548: [GC
Desired survivor size 3670016 bytes, new threshold 15 (max 15)
 [PSYoungGen: 813440K->1504K(815616K)] 1818413K->1006501K(1839616K), 0.0104820 secs] [Times: user=0.06 sys=0.00, real=0.01 secs] 
1349.816: [GC
Desired survivor size 3670016 bytes, new threshold 15 (max 15)
 [PSYoungGen: 813536K->2624K(815616K)] 1818533K->1007637K(1839616K), 0.0100440 secs] [Times: user=0.07 sys=0.00, real=0.01 secs] 
1350.080: [GC
Desired survivor size 4194304 bytes, new threshold 15 (max 15)
 [PSYoungGen: 814656K->3200K(815616K)] 1819669K->1008237K(1839616K), 0.0110910 secs] [Times: user=0.07 sys=0.00, real=0.01 secs] 
1350.347: [GC
Desired survivor size 4194304 bytes, new threshold 15 (max 15)
 [PSYoungGen: 815232K->544K(814592K)] 1820269K->1005597K(1838592K), 0.0090660 secs] [Times: user=0.05 sys=0.00, real=0.01 secs] 
1350.609: [GC
Desired survivor size 4718592 bytes, new threshold 15 (max 15)
 [PSYoungGen: 811552K->3104K(814592K)] 1816605K->1008173K(1838592K), 0.0105810 secs] [Times: user=0.06 sys=0.01, real=0.01 secs] 
1350.881: [GC
Desired survivor size 4194304 bytes, new threshold 15 (max 15)
 [PSYoungGen: 814112K->1824K(815104K)] 1819181K->1006917K(1839104K), 0.0094330 secs] [Times: user=0.06 sys=0.00, real=0.01 secs] 
1351.147: [GC
Desired survivor size 4194304 bytes, new threshold 15 (max 15)
 [PSYoungGen: 812320K->1280K(814592K)] 1817413K->1006405K(1838592K), 0.0099990 secs] [Times: user=0.07 sys=0.00, real=0.01 secs] 
1351.407: [GC
Desired survivor size 4194304 bytes, new threshold 15 (max 15)
 [PSYoungGen: 811776K->2560K(815104K)] 1816901K->1007709K(1839104K), 0.0105880 secs] [Times: user=0.06 sys=0.00, real=0.01 secs] 
1351.672: [GC
Desired survivor size 4194304 bytes, new threshold 15 (max 15)
 [PSYoungGen: 813568K->1024K(815104K)] 1818717K->1006205K(1839104K), 0.0093520 secs] [Times: user=0.05 sys=0.00, real=0.01 secs] 
1351.942: [GC
Desired survivor size 4194304 bytes, new threshold 15 (max 15)
 [PSYoungGen: 812032K->1216K(815104K)] 1817213K->1006413K(1839104K), 0.0095210 secs] [Times: user=0.06 sys=0.00, real=0.01 secs] 
1352.216: [GC
Desired survivor size 4194304 bytes, new threshold 15 (max 15)
 [PSYoungGen: 812224K->608K(815104K)] 1817421K->1005837K(1839104K), 0.0089870 secs] [Times: user=0.05 sys=0.00, real=0.01 secs] 
1352.476: [GC
Desired survivor size 4194304 bytes, new threshold 15 (max 15)
 [PSYoungGen: 811616K->1376K(815104K)] 1816845K->1006637K(1839104K), 0.0093130 secs] [Times: user=0.05 sys=0.00, real=0.01 secs] 
1352.748: [GC
Desired survivor size 4194304 bytes, new threshold 15 (max 15)
 [PSYoungGen: 812384K->2240K(815104K)] 1817645K->1007525K(1839104K), 0.0100100 secs] [Times: user=0.06 sys=0.00, real=0.01 secs] 
1353.017: [GC
Desired survivor size 3670016 bytes, new threshold 15 (max 15)
 [PSYoungGen: 813248K->1376K(815616K)] 1818533K->1006693K(1839616K), 0.0099010 secs] [Times: user=0.05 sys=0.00, real=0.01 secs] 
1353.276: [GC
Desired survivor size 3670016 bytes, new threshold 15 (max 15)
 [PSYoungGen: 812896K->832K(815104K)] 1818213K->1006181K(1839104K), 0.0092940 secs] [Times: user=0.06 sys=0.00, real=0.01 secs] 
1353.538: [GC
Desired survivor size 4194304 bytes, new threshold 15 (max 15)
 [PSYoungGen: 812352K->2720K(814592K)] 1817701K->1008093K(1838592K), 0.0101660 secs] [Times: user=0.05 sys=0.00, real=0.01 secs] 
1353.815: [GC
Desired survivor size 4194304 bytes, new threshold 15 (max 15)
 [PSYoungGen: 813728K->832K(815104K)] 1819101K->1006237K(1839104K), 0.0089460 secs] [Times: user=0.06 sys=0.00, real=0.01 secs] 
1354.118: [GC
Desired survivor size 4194304 bytes, new threshold 15 (max 15)
 [PSYoungGen: 811840K->2816K(815104K)] 1817245K->1008237K(1839104K), 0.0100930 secs] [Times: user=0.07 sys=0.00, real=0.01 secs] 
1354.379: [GC
Desired survivor size 4718592 bytes, new threshold 15 (max 15)
 [PSYoungGen: 813824K->3136K(814592K)] 1819245K->1008581K(1838592K), 0.0101930 secs] [Times: user=0.07 sys=0.00, real=0.01 secs] 
1354.649: [GC
Desired survivor size 4718592 bytes, new threshold 15 (max 15)
 [PSYoungGen: 814144K->544K(814592K)] 1819589K->1006029K(1838592K), 0.0090490 secs] [Times: user=0.05 sys=0.00, real=0.01 secs] 
1354.916: [GC
Desired survivor size 4718592 bytes, new threshold 15 (max 15)
 [PSYoungGen: 810528K->2560K(814592K)] 1816013K->1008069K(1838592K), 0.0101080 secs] [Times: user=0.06 sys=0.00, real=0.01 secs] 
1355.186: [GC
Desired survivor size 4194304 bytes, new threshold 15 (max 15)
 [PSYoungGen: 812544K->1344K(815104K)] 1818053K->1006893K(1839104K), 0.0096080 secs] [Times: user=0.06 sys=0.00, real=0.01 secs] 
1355.447: [GC
Desired survivor size 4718592 bytes, new threshold 15 (max 15)
 [PSYoungGen: 811840K->3584K(814592K)] 1817389K->1009141K(1838592K), 0.0107060 secs] [Times: user=0.06 sys=0.00, real=0.01 secs] 
1355.705: [GC
Desired survivor size 5242880 bytes, new threshold 15 (max 15)
 [PSYoungGen: 814080K->3136K(813568K)] 1819637K->1008725K(1837568K), 0.0187410 secs] [Times: user=0.09 sys=0.01, real=0.02 secs] 
1355.977: [GC
Desired survivor size 4718592 bytes, new threshold 15 (max 15)
 [PSYoungGen: 812096K->1760K(814080K)] 1817685K->1007381K(1838080K), 0.0102800 secs] [Times: user=0.05 sys=0.00, real=0.01 secs] 
1356.252: [GC
Desired survivor size 4718592 bytes, new threshold 15 (max 15)
 [PSYoungGen: 810720K->1248K(814592K)] 1816341K->1006885K(1838592K), 0.0095540 secs] [Times: user=0.06 sys=0.00, real=0.01 secs] 
1356.518: [GC
Desired survivor size 4718592 bytes, new threshold 15 (max 15)
 [PSYoungGen: 811232K->992K(814592K)] 1816869K->1006661K(1838592K), 0.0090240 secs] [Times: user=0.05 sys=0.00, real=0.01 secs] 
1356.790: [GC
Desired survivor size 4718592 bytes, new threshold 15 (max 15)
 [PSYoungGen: 810976K->2016K(814592K)] 1816645K->1007709K(1838592K), 0.0100500 secs] [Times: user=0.05 sys=0.00, real=0.01 secs] 
1357.057: [GC
Desired survivor size 4194304 bytes, new threshold 15 (max 15)
 [PSYoungGen: 812000K->1152K(814592K)] 1817693K->1006877K(1838592K), 0.0091710 secs] [Times: user=0.05 sys=0.00, real=0.01 secs] 
1357.321: [GC
Desired survivor size 4194304 bytes, new threshold 15 (max 15)
 [PSYoungGen: 811136K->2048K(815104K)] 1816861K->1007805K(1839104K), 0.0099990 secs] [Times: user=0.05 sys=0.00, real=0.01 secs] 
1357.585: [GC
Desired survivor size 4194304 bytes, new threshold 15 (max 15)
 [PSYoungGen: 813056K->2208K(815104K)] 1818813K->1007989K(1839104K), 0.0100230 secs] [Times: user=0.06 sys=0.00, real=0.01 secs] 
1357.857: [GC
Desired survivor size 4194304 bytes, new threshold 15 (max 15)
 [PSYoungGen: 813216K->2848K(815104K)] 1818997K->1008661K(1839104K), 0.0101530 secs] [Times: user=0.07 sys=0.00, real=0.01 secs] 
1358.124: [GC
Desired survivor size 4194304 bytes, new threshold 15 (max 15)
 [PSYoungGen: 813856K->1056K(815104K)] 1819669K->1006893K(1839104K), 0.0096410 secs] [Times: user=0.06 sys=0.00, real=0.01 secs] 
1358.393: [GC
Desired survivor size 4194304 bytes, new threshold 15 (max 15)
 [PSYoungGen: 812064K->736K(815104K)] 1817901K->1006581K(1839104K), 0.0088570 secs] [Times: user=0.05 sys=0.00, real=0.01 secs] 
1358.666: [GC
Desired survivor size 4194304 bytes, new threshold 15 (max 15)
 [PSYoungGen: 811744K->768K(815104K)] 1817589K->1006645K(1839104K), 0.0091730 secs] [Times: user=0.05 sys=0.00, real=0.01 secs] 
1358.932: [GC
Desired survivor size 4718592 bytes, new threshold 15 (max 15)
 [PSYoungGen: 811776K->3072K(814080K)] 1817653K->1008981K(1838080K), 0.0101760 secs] [Times: user=0.05 sys=0.00, real=0.01 secs] 
1359.191: [GC
Desired survivor size 4718592 bytes, new threshold 15 (max 15)
 [PSYoungGen: 813056K->3328K(814592K)] 1818965K->1009261K(1838592K), 0.0110160 secs] [Times: user=0.06 sys=0.00, real=0.01 secs] 
1359.458: [GC
Desired survivor size 4718592 bytes, new threshold 15 (max 15)
 [PSYoungGen: 813312K->1568K(814592K)] 1819245K->1007533K(1838592K), 0.0095810 secs] [Times: user=0.06 sys=0.00, real=0.01 secs] 
1359.731: [GC
Desired survivor size 4718592 bytes, new threshold 15 (max 15)
 [PSYoungGen: 811552K->2176K(814592K)] 1817517K->1008157K(1838592K), 0.0103440 secs] [Times: user=0.07 sys=0.00, real=0.01 secs] 
1359.991: [GC
Desired survivor size 4194304 bytes, new threshold 15 (max 15)
 [PSYoungGen: 812160K->1952K(815104K)] 1818141K->1007961K(1839104K), 0.0097910 secs] [Times: user=0.05 sys=0.00, real=0.01 secs] 
1360.258: [GC
Desired survivor size 4194304 bytes, new threshold 15 (max 15)
 [PSYoungGen: 812448K->512K(814592K)] 1818457K->1006553K(1838592K), 0.0094900 secs] [Times: user=0.06 sys=0.00, real=0.01 secs] 
1360.525: [GC
Desired survivor size 4194304 bytes, new threshold 15 (max 15)
 [PSYoungGen: 811008K->1920K(815104K)] 1817049K->1007985K(1839104K), 0.0100330 secs] [Times: user=0.07 sys=0.00, real=0.01 secs] 
1360.800: [GC
Desired survivor size 4194304 bytes, new threshold 15 (max 15)
 [PSYoungGen: 812928K->1728K(815104K)] 1818993K->1007817K(1839104K), 0.0094750 secs] [Times: user=0.05 sys=0.00, real=0.01 secs] 
1361.064: [GC
Desired survivor size 3670016 bytes, new threshold 15 (max 15)
 [PSYoungGen: 812736K->1440K(815616K)] 1818825K->1007561K(1839616K), 0.0096060 secs] [Times: user=0.06 sys=0.00, real=0.01 secs] 
1361.328: [GC
Desired survivor size 3670016 bytes, new threshold 15 (max 15)
 [PSYoungGen: 812960K->1760K(815104K)] 1819081K->1007905K(1839104K), 0.0099890 secs] [Times: user=0.05 sys=0.00, real=0.01 secs] 
1361.593: [GC
Desired survivor size 3670016 bytes, new threshold 15 (max 15)
 [PSYoungGen: 813280K->800K(815616K)] 1819425K->1006985K(1839616K), 0.0093210 secs] [Times: user=0.05 sys=0.00, real=0.01 secs] 
1361.870: [GC
Desired survivor size 3670016 bytes, new threshold 15 (max 15)
 [PSYoungGen: 812832K->1376K(815616K)] 1819017K->1007601K(1839616K), 0.0109810 secs] [Times: user=0.05 sys=0.00, real=0.01 secs] 
1362.134: [GC
Desired survivor size 3670016 bytes, new threshold 15 (max 15)
 [PSYoungGen: 813408K->2016K(815616K)] 1819633K->1008273K(1839616K), 0.0099770 secs] [Times: user=0.04 sys=0.00, real=0.01 secs] 
1362.406: [GC
Desired survivor size 3670016 bytes, new threshold 15 (max 15)
 [PSYoungGen: 814048K->1120K(815616K)] 1820305K->1007409K(1839616K), 0.0096070 secs] [Times: user=0.06 sys=0.00, real=0.01 secs] 
1362.667: [GC
Desired survivor size 4194304 bytes, new threshold 14 (max 15)
 [PSYoungGen: 813152K->3584K(814592K)] 1819441K->1010713K(1838592K), 0.0116370 secs] [Times: user=0.07 sys=0.00, real=0.01 secs] 
1362.938: [GC
Desired survivor size 4194304 bytes, new threshold 14 (max 15)
 [PSYoungGen: 814592K->2336K(815104K)] 1821721K->1009489K(1839104K), 0.0102030 secs] [Times: user=0.05 sys=0.00, real=0.01 secs] 
1363.207: [GC
Desired survivor size 4194304 bytes, new threshold 14 (max 15)
 [PSYoungGen: 813344K->1728K(815104K)] 1820497K->1008889K(1839104K), 0.0097310 secs] [Times: user=0.05 sys=0.00, real=0.01 secs] 
1363.476: [GC
Desired survivor size 4194304 bytes, new threshold 15 (max 15)
 [PSYoungGen: 812736K->2176K(815104K)] 1819897K->1009369K(1839104K), 0.0099850 secs] [Times: user=0.05 sys=0.00, real=0.01 secs] 
1363.756: [GC
Desired survivor size 4194304 bytes, new threshold 15 (max 15)
 [PSYoungGen: 813184K->1120K(815104K)] 1820377K->1008313K(1839104K), 0.0092530 secs] [Times: user=0.05 sys=0.00, real=0.01 secs] 
1364.018: [GC
Desired survivor size 3670016 bytes, new threshold 15 (max 15)
 [PSYoungGen: 812128K->1824K(815104K)] 1819321K->1009041K(1839104K), 0.0098360 secs] [Times: user=0.06 sys=0.00, real=0.01 secs] 
1364.285: [GC
Desired survivor size 3670016 bytes, new threshold 15 (max 15)
 [PSYoungGen: 812832K->1600K(815616K)] 1820049K->1008849K(1839616K), 0.0102430 secs] [Times: user=0.05 sys=0.00, real=0.01 secs] 
1364.553: [GC
Desired survivor size 3670016 bytes, new threshold 15 (max 15)
 [PSYoungGen: 813632K->2240K(815616K)] 1820881K->1009529K(1839616K), 0.0100920 secs] [Times: user=0.06 sys=0.00, real=0.01 secs] 
1364.828: [GC
Desired survivor size 3670016 bytes, new threshold 15 (max 15)
 [PSYoungGen: 814272K->1856K(815616K)] 1821561K->1009177K(1839616K), 0.0099730 secs] [Times: user=0.06 sys=0.00, real=0.01 secs] 
1365.097: [GC
Desired survivor size 3670016 bytes, new threshold 15 (max 15)
 [PSYoungGen: 813888K->3136K(815616K)] 1821209K->1010481K(1839616K), 0.0097790 secs] [Times: user=0.06 sys=0.00, real=0.01 secs] 
1365.362: [GC
Desired survivor size 3670016 bytes, new threshold 15 (max 15)
 [PSYoungGen: 815168K->1824K(815616K)] 1822513K->1009185K(1839616K), 0.0096070 secs] [Times: user=0.05 sys=0.00, real=0.01 secs] 
1365.618: [GC
Desired survivor size 4194304 bytes, new threshold 14 (max 15)
 [PSYoungGen: 813856K->3584K(815616K)] 1821217K->1010985K(1839616K), 0.0105480 secs] [Times: user=0.06 sys=0.00, real=0.01 secs] 
1365.888: [GC
Desired survivor size 4718592 bytes, new threshold 13 (max 15)
 [PSYoungGen: 815616K->3584K(813568K)] 1823017K->1011377K(1837568K), 0.0109160 secs] [Times: user=0.06 sys=0.00, real=0.01 secs] 
1366.150: [GC
Desired survivor size 4718592 bytes, new threshold 13 (max 15)
 [PSYoungGen: 813568K->1376K(814592K)] 1821361K->1009369K(1838592K), 0.0102590 secs] [Times: user=0.06 sys=0.00, real=0.01 secs] 
1366.414: [GC
Desired survivor size 4718592 bytes, new threshold 13 (max 15)
 [PSYoungGen: 811360K->1504K(814592K)] 1819353K->1009513K(1838592K), 0.0098370 secs] [Times: user=0.05 sys=0.00, real=0.01 secs] 
1366.679: [GC
Desired survivor size 4718592 bytes, new threshold 14 (max 15)
 [PSYoungGen: 811488K->896K(814592K)] 1819497K->1008937K(1838592K), 0.0092930 secs] [Times: user=0.06 sys=0.00, real=0.01 secs] 
1366.955: [GC
Desired survivor size 4718592 bytes, new threshold 15 (max 15)
 [PSYoungGen: 810880K->832K(814592K)] 1818921K->1008873K(1838592K), 0.0091350 secs] [Times: user=0.05 sys=0.00, real=0.01 secs] 
1367.225: [GC
Desired survivor size 4718592 bytes, new threshold 15 (max 15)
 [PSYoungGen: 810816K->1024K(814592K)] 1818857K->1009065K(1838592K), 0.0097450 secs] [Times: user=0.05 sys=0.00, real=0.01 secs] 
1367.493: [GC
Desired survivor size 4194304 bytes, new threshold 15 (max 15)
 [PSYoungGen: 811008K->1696K(815104K)] 1819049K->1009761K(1839104K), 0.0095830 secs] [Times: user=0.05 sys=0.00, real=0.01 secs] 
1367.761: [GC
Desired survivor size 4194304 bytes, new threshold 15 (max 15)
 [PSYoungGen: 812192K->2368K(814592K)] 1820257K->1010465K(1838592K), 0.0103080 secs] [Times: user=0.06 sys=0.00, real=0.01 secs] 
1368.028: [GC
Desired survivor size 4194304 bytes, new threshold 15 (max 15)
 [PSYoungGen: 812864K->2144K(815104K)] 1820961K->1010265K(1839104K), 0.0103890 secs] [Times: user=0.06 sys=0.00, real=0.01 secs] 
1368.293: [GC
Desired survivor size 4194304 bytes, new threshold 15 (max 15)
 [PSYoungGen: 813152K->1408K(815104K)] 1821273K->1009537K(1839104K), 0.0098430 secs] [Times: user=0.05 sys=0.00, real=0.01 secs] 
1368.557: [GC
Desired survivor size 4194304 bytes, new threshold 15 (max 15)
 [PSYoungGen: 812416K->1216K(815104K)] 1820545K->1009377K(1839104K), 0.0095720 secs] [Times: user=0.06 sys=0.00, real=0.01 secs] 
1368.831: [GC
Desired survivor size 3670016 bytes, new threshold 15 (max 15)
 [PSYoungGen: 812224K->1632K(815104K)] 1820385K->1009825K(1839104K), 0.0097900 secs] [Times: user=0.06 sys=0.00, real=0.01 secs] 
1369.092: [GC
Desired survivor size 3670016 bytes, new threshold 15 (max 15)
 [PSYoungGen: 812640K->1376K(815616K)] 1820833K->1009601K(1839616K), 0.0095430 secs] [Times: user=0.06 sys=0.00, real=0.01 secs] 
1369.351: [GC
Desired survivor size 3670016 bytes, new threshold 15 (max 15)
 [PSYoungGen: 813408K->2368K(815616K)] 1821633K->1010617K(1839616K), 0.0099800 secs] [Times: user=0.05 sys=0.01, real=0.01 secs] 
1369.620: [GC
Desired survivor size 3670016 bytes, new threshold 15 (max 15)
 [PSYoungGen: 814400K->2016K(815616K)] 1822649K->1010289K(1839616K), 0.0099380 secs] [Times: user=0.07 sys=0.00, real=0.01 secs] 
1369.900: [GC
Desired survivor size 3670016 bytes, new threshold 15 (max 15)
 [PSYoungGen: 814048K->544K(815616K)] 1822321K->1008977K(1839616K), 0.0095770 secs] [Times: user=0.05 sys=0.00, real=0.01 secs] 
1370.160: [GC
Desired survivor size 3670016 bytes, new threshold 15 (max 15)
 [PSYoungGen: 812576K->2304K(815616K)] 1821009K->1010793K(1839616K), 0.0096180 secs] [Times: user=0.06 sys=0.00, real=0.01 secs] 
1370.423: [GC
Desired survivor size 3670016 bytes, new threshold 15 (max 15)
 [PSYoungGen: 814336K->1664K(815616K)] 1822825K->1010185K(1839616K), 0.0096890 secs] [Times: user=0.06 sys=0.00, real=0.01 secs] 
1370.690: [GC
Desired survivor size 3670016 bytes, new threshold 15 (max 15)
 [PSYoungGen: 813696K->704K(815616K)] 1822217K->1009265K(1839616K), 0.0089590 secs] [Times: user=0.05 sys=0.00, real=0.01 secs] 
1370.960: [GC
Desired survivor size 3670016 bytes, new threshold 15 (max 15)
 [PSYoungGen: 812736K->1504K(815616K)] 1821297K->1010081K(1839616K), 0.0095110 secs] [Times: user=0.05 sys=0.00, real=0.01 secs] 
1371.231: [GC
Desired survivor size 3670016 bytes, new threshold 15 (max 15)
 [PSYoungGen: 813536K->1824K(815616K)] 1822113K->1010433K(1839616K), 0.0100000 secs] [Times: user=0.06 sys=0.00, real=0.01 secs] 
1371.502: [GC
Desired survivor size 3145728 bytes, new threshold 15 (max 15)
 [PSYoungGen: 813856K->1216K(815616K)] 1822465K->1009849K(1839616K), 0.0094820 secs] [Times: user=0.06 sys=0.00, real=0.01 secs] 
1371.769: [GC
Desired survivor size 3145728 bytes, new threshold 15 (max 15)
 [PSYoungGen: 813248K->2048K(816128K)] 1821881K->1010721K(1840128K), 0.0096160 secs] [Times: user=0.05 sys=0.00, real=0.01 secs] 
1372.040: [GC
Desired survivor size 3145728 bytes, new threshold 15 (max 15)
 [PSYoungGen: 815104K->1536K(816128K)] 1823777K->1010241K(1840128K), 0.0100180 secs] [Times: user=0.06 sys=0.00, real=0.01 secs] 
1372.309: [GC
Desired survivor size 3145728 bytes, new threshold 15 (max 15)
 [PSYoungGen: 814592K->1088K(816128K)] 1823297K->1009817K(1840128K), 0.0096980 secs] [Times: user=0.06 sys=0.00, real=0.01 secs] 
1372.578: [GC
Desired survivor size 3145728 bytes, new threshold 15 (max 15)
 [PSYoungGen: 814144K->1376K(816128K)] 1822873K->1010137K(1840128K), 0.0109150 secs] [Times: user=0.06 sys=0.00, real=0.01 secs] 
1372.944: [GC
Desired survivor size 3145728 bytes, new threshold 15 (max 15)
 [PSYoungGen: 814432K->832K(816128K)] 1823193K->1009617K(1840128K), 0.0202020 secs] [Times: user=0.06 sys=0.00, real=0.02 secs] 
1373.230: [GC
Desired survivor size 3145728 bytes, new threshold 15 (max 15)
 [PSYoungGen: 813888K->1184K(816128K)] 1822673K->1009993K(1840128K), 0.0092670 secs] [Times: user=0.06 sys=0.01, real=0.01 secs] 
1373.497: [GC
Desired survivor size 3145728 bytes, new threshold 15 (max 15)
 [PSYoungGen: 814240K->512K(816128K)] 1823049K->1009369K(1840128K), 0.0093090 secs] [Times: user=0.05 sys=0.00, real=0.01 secs] 
1373.766: [GC
Desired survivor size 3670016 bytes, new threshold 14 (max 15)
 [PSYoungGen: 813568K->3072K(816128K)] 1822425K->1012585K(1840128K), 0.0109200 secs] [Times: user=0.08 sys=0.00, real=0.01 secs] 
1374.074: [GC
Desired survivor size 3670016 bytes, new threshold 14 (max 15)
 [PSYoungGen: 816128K->2304K(815104K)] 1825641K->1011865K(1839104K), 0.0109270 secs] [Times: user=0.06 sys=0.00, real=0.01 secs] 
1374.340: [GC
Desired survivor size 4194304 bytes, new threshold 14 (max 15)
 [PSYoungGen: 814336K->2464K(814592K)] 1823897K->1012049K(1838592K), 0.0100020 secs] [Times: user=0.05 sys=0.00, real=0.01 secs] 
1374.616: [GC
Desired survivor size 4194304 bytes, new threshold 15 (max 15)
 [PSYoungGen: 814496K->736K(815104K)] 1824081K->1010345K(1839104K), 0.0092510 secs] [Times: user=0.05 sys=0.00, real=0.01 secs] 
1374.895: [GC
Desired survivor size 3670016 bytes, new threshold 15 (max 15)
 [PSYoungGen: 811744K->1888K(815104K)] 1821353K->1011497K(1839104K), 0.0100430 secs] [Times: user=0.05 sys=0.00, real=0.01 secs] 
1375.158: [GC
Desired survivor size 3670016 bytes, new threshold 15 (max 15)
 [PSYoungGen: 812896K->2080K(815616K)] 1822505K->1011729K(1839616K), 0.0105420 secs] [Times: user=0.04 sys=0.00, real=0.01 secs] 
1375.421: [GC
Desired survivor size 3670016 bytes, new threshold 15 (max 15)
 [PSYoungGen: 814112K->2208K(815616K)] 1823761K->1011881K(1839616K), 0.0098570 secs] [Times: user=0.07 sys=0.00, real=0.01 secs] 
1375.693: [GC
Desired survivor size 4194304 bytes, new threshold 15 (max 15)
 [PSYoungGen: 814240K->2528K(814592K)] 1823913K->1012233K(1838592K), 0.0106090 secs] [Times: user=0.06 sys=0.00, real=0.01 secs] 
1375.964: [GC
Desired survivor size 3670016 bytes, new threshold 15 (max 15)
 [PSYoungGen: 813536K->2016K(815104K)] 1823241K->1011745K(1839104K), 0.0113630 secs] [Times: user=0.06 sys=0.00, real=0.01 secs] 
1376.224: [GC
Desired survivor size 3670016 bytes, new threshold 15 (max 15)
 [PSYoungGen: 813024K->1824K(815616K)] 1822753K->1011585K(1839616K), 0.0104090 secs] [Times: user=0.05 sys=0.00, real=0.01 secs] 
1376.495: [GC
Desired survivor size 4194304 bytes, new threshold 15 (max 15)
 [PSYoungGen: 813856K->3328K(815616K)] 1823617K->1013113K(1839616K), 0.0106310 secs] [Times: user=0.07 sys=0.00, real=0.01 secs] 
1376.770: [GC
Desired survivor size 4194304 bytes, new threshold 15 (max 15)
 [PSYoungGen: 815360K->960K(814592K)] 1825145K->1010777K(1838592K), 0.0094710 secs] [Times: user=0.06 sys=0.00, real=0.01 secs] 
1377.042: [GC
Desired survivor size 3670016 bytes, new threshold 15 (max 15)
 [PSYoungGen: 811968K->1760K(815104K)] 1821785K->1011609K(1839104K), 0.0099260 secs] [Times: user=0.07 sys=0.00, real=0.01 secs] 
1377.309: [GC
Desired survivor size 3670016 bytes, new threshold 15 (max 15)
 [PSYoungGen: 812768K->1408K(815616K)] 1822617K->1011273K(1839616K), 0.0108570 secs] [Times: user=0.06 sys=0.00, real=0.01 secs] 
1377.569: [GC
Desired survivor size 3670016 bytes, new threshold 15 (max 15)
 [PSYoungGen: 813440K->2016K(815616K)] 1823305K->1011905K(1839616K), 0.0099700 secs] [Times: user=0.06 sys=0.00, real=0.01 secs] 
1377.841: [GC
Desired survivor size 3670016 bytes, new threshold 15 (max 15)
 [PSYoungGen: 814048K->1792K(815616K)] 1823937K->1011881K(1839616K), 0.0105320 secs] [Times: user=0.05 sys=0.01, real=0.01 secs] 
1378.108: [GC
Desired survivor size 3670016 bytes, new threshold 15 (max 15)
 [PSYoungGen: 813824K->2240K(815616K)] 1823913K->1012353K(1839616K), 0.0095070 secs] [Times: user=0.05 sys=0.00, real=0.01 secs] 
1378.371: [GC
Desired survivor size 4194304 bytes, new threshold 14 (max 15)
 [PSYoungGen: 814272K->3584K(814592K)] 1824385K->1014089K(1838592K), 0.0106580 secs] [Times: user=0.06 sys=0.00, real=0.01 secs] 
1378.635: [GC
Desired survivor size 4718592 bytes, new threshold 13 (max 15)
 [PSYoungGen: 814592K->4096K(815104K)] 1825097K->1014793K(1839104K), 0.0105250 secs] [Times: user=0.08 sys=0.00, real=0.01 secs] 
1378.904: [GC
Desired survivor size 4718592 bytes, new threshold 13 (max 15)
 [PSYoungGen: 815104K->768K(814080K)] 1825801K->1011497K(1838080K), 0.0095290 secs] [Times: user=0.06 sys=0.00, real=0.01 secs] 
1379.171: [GC
Desired survivor size 5242880 bytes, new threshold 13 (max 15)
 [PSYoungGen: 810752K->2976K(813056K)] 1821481K->1013745K(1837056K), 0.0104580 secs] [Times: user=0.06 sys=0.00, real=0.01 secs] 
1379.437: [GC
Desired survivor size 5242880 bytes, new threshold 13 (max 15)
 [PSYoungGen: 812960K->3296K(814080K)] 1823729K->1014089K(1838080K), 0.0105640 secs] [Times: user=0.06 sys=0.00, real=0.01 secs] 
1379.749: [GC
Desired survivor size 5242880 bytes, new threshold 13 (max 15)
 [PSYoungGen: 812256K->3232K(814080K)] 1823049K->1014049K(1838080K), 0.0203080 secs] [Times: user=0.06 sys=0.00, real=0.02 secs] 
1380.031: [GC
Desired survivor size 5242880 bytes, new threshold 13 (max 15)
 [PSYoungGen: 812192K->1312K(814080K)] 1823009K->1012153K(1838080K), 0.0096640 secs] [Times: user=0.06 sys=0.00, real=0.01 secs] 
1380.289: [GC
Desired survivor size 5242880 bytes, new threshold 13 (max 15)
 [PSYoungGen: 810272K->1504K(814080K)] 1821113K->1012361K(1838080K), 0.0094280 secs] [Times: user=0.06 sys=0.00, real=0.01 secs] 
1380.553: [GC
Desired survivor size 5242880 bytes, new threshold 13 (max 15)
 [PSYoungGen: 810464K->992K(814080K)] 1821321K->1011873K(1838080K), 0.0095900 secs] [Times: user=0.05 sys=0.00, real=0.01 secs] 
1380.832: [GC
Desired survivor size 4718592 bytes, new threshold 13 (max 15)
 [PSYoungGen: 809952K->1056K(814080K)] 1820833K->1011969K(1838080K), 0.0092700 secs] [Times: user=0.05 sys=0.00, real=0.01 secs] 
1381.104: [GC
Desired survivor size 4718592 bytes, new threshold 14 (max 15)
 [PSYoungGen: 810016K->1088K(814592K)] 1820929K->1012033K(1838592K), 0.0092960 secs] [Times: user=0.05 sys=0.00, real=0.01 secs] 
1381.366: [GC
Desired survivor size 4718592 bytes, new threshold 15 (max 15)
 [PSYoungGen: 811072K->2112K(814592K)] 1822017K->1013057K(1838592K), 0.0105090 secs] [Times: user=0.05 sys=0.00, real=0.01 secs] 
1381.627: [GC
Desired survivor size 4194304 bytes, new threshold 15 (max 15)
 [PSYoungGen: 812096K->1920K(815104K)] 1823041K->1012865K(1839104K), 0.0097280 secs] [Times: user=0.06 sys=0.00, real=0.01 secs] 
1381.897: [GC
Desired survivor size 4718592 bytes, new threshold 15 (max 15)
 [PSYoungGen: 812416K->2720K(814592K)] 1823361K->1013689K(1838592K), 0.0095810 secs] [Times: user=0.06 sys=0.00, real=0.01 secs] 
1382.167: [GC
Desired survivor size 4194304 bytes, new threshold 15 (max 15)
 [PSYoungGen: 813216K->2368K(815104K)] 1824185K->1013393K(1839104K), 0.0100970 secs] [Times: user=0.07 sys=0.00, real=0.01 secs] 
1382.432: [GC
Desired survivor size 4194304 bytes, new threshold 15 (max 15)
 [PSYoungGen: 812864K->1664K(814592K)] 1823889K->1012769K(1838592K), 0.0101560 secs] [Times: user=0.06 sys=0.00, real=0.01 secs] 
1382.695: [GC
Desired survivor size 4194304 bytes, new threshold 15 (max 15)
 [PSYoungGen: 812160K->1056K(815104K)] 1823265K->1012233K(1839104K), 0.0093340 secs] [Times: user=0.04 sys=0.00, real=0.01 secs] 
1382.965: [GC
Desired survivor size 4194304 bytes, new threshold 15 (max 15)
 [PSYoungGen: 812064K->832K(815104K)] 1823241K->1012017K(1839104K), 0.0108210 secs] [Times: user=0.05 sys=0.00, real=0.01 secs] 
1383.234: [GC
Desired survivor size 4194304 bytes, new threshold 15 (max 15)
 [PSYoungGen: 811840K->1216K(815104K)] 1823025K->1012441K(1839104K), 0.0089560 secs] [Times: user=0.05 sys=0.00, real=0.01 secs] 
1383.497: [GC
Desired survivor size 4194304 bytes, new threshold 15 (max 15)
 [PSYoungGen: 812224K->1568K(815104K)] 1823449K->1012809K(1839104K), 0.0095290 secs] [Times: user=0.05 sys=0.00, real=0.01 secs] 
1383.769: [GC
Desired survivor size 3670016 bytes, new threshold 15 (max 15)
 [PSYoungGen: 812576K->2048K(815616K)] 1823817K->1013305K(1839616K), 0.0099570 secs] [Times: user=0.05 sys=0.01, real=0.01 secs] 
1384.028: [GC
Desired survivor size 4194304 bytes, new threshold 15 (max 15)
 [PSYoungGen: 813568K->2624K(815104K)] 1824825K->1013921K(1839104K), 0.0100000 secs] [Times: user=0.06 sys=0.00, real=0.01 secs] 
1384.292: [GC
Desired survivor size 4194304 bytes, new threshold 15 (max 15)
 [PSYoungGen: 814144K->1056K(815104K)] 1825441K->1012401K(1839104K), 0.0092220 secs] [Times: user=0.05 sys=0.01, real=0.01 secs] 
1384.563: [GC
Desired survivor size 4194304 bytes, new threshold 15 (max 15)
 [PSYoungGen: 812064K->736K(815104K)] 1823409K->1012105K(1839104K), 0.0095040 secs] [Times: user=0.05 sys=0.00, real=0.01 secs] 
1384.841: [GC
Desired survivor size 3670016 bytes, new threshold 15 (max 15)
 [PSYoungGen: 811744K->1248K(815616K)] 1823113K->1012649K(1839616K), 0.0098260 secs] [Times: user=0.06 sys=0.00, real=0.01 secs] 
1385.106: [GC
Desired survivor size 3670016 bytes, new threshold 15 (max 15)
 [PSYoungGen: 812768K->1664K(815104K)] 1824169K->1013105K(1839104K), 0.0100760 secs] [Times: user=0.06 sys=0.00, real=0.01 secs] 
1385.371: [GC
Desired survivor size 4718592 bytes, new threshold 14 (max 15)
 [PSYoungGen: 813184K->3584K(813568K)] 1824625K->1015945K(1837568K), 0.0121910 secs] [Times: user=0.06 sys=0.00, real=0.01 secs] 
1385.633: [GC
Desired survivor size 4194304 bytes, new threshold 14 (max 15)
 [PSYoungGen: 813568K->1504K(814592K)] 1825929K->1013897K(1838592K), 0.0100090 secs] [Times: user=0.07 sys=0.00, real=0.01 secs] 
1385.907: [GC
Desired survivor size 4718592 bytes, new threshold 14 (max 15)
 [PSYoungGen: 811488K->2752K(814080K)] 1823881K->1015161K(1838080K), 0.0103000 secs] [Times: user=0.07 sys=0.00, real=0.01 secs] 
1386.172: [GC
Desired survivor size 4718592 bytes, new threshold 15 (max 15)
 [PSYoungGen: 812736K->608K(814592K)] 1825145K->1013057K(1838592K), 0.0093030 secs] [Times: user=0.05 sys=0.00, real=0.01 secs] 
1386.428: [GC
Desired survivor size 4194304 bytes, new threshold 15 (max 15)
 [PSYoungGen: 810592K->1632K(815104K)] 1823041K->1014081K(1839104K), 0.0098230 secs] [Times: user=0.06 sys=0.00, real=0.01 secs] 
1386.696: [GC
Desired survivor size 4194304 bytes, new threshold 15 (max 15)
 [PSYoungGen: 812128K->1952K(814592K)] 1824577K->1014433K(1838592K), 0.0108360 secs] [Times: user=0.07 sys=0.00, real=0.01 secs] 
1387.197: [GC
Desired survivor size 4194304 bytes, new threshold 15 (max 15)
 [PSYoungGen: 812448K->2080K(815104K)] 1824929K->1014593K(1839104K), 0.0103860 secs] [Times: user=0.05 sys=0.00, real=0.01 secs] 
1387.463: [GC
Desired survivor size 3670016 bytes, new threshold 15 (max 15)
 [PSYoungGen: 813088K->1600K(815104K)] 1825601K->1014121K(1839104K), 0.0101610 secs] [Times: user=0.06 sys=0.00, real=0.01 secs] 
1387.735: [GC
Desired survivor size 3670016 bytes, new threshold 15 (max 15)
 [PSYoungGen: 812608K->2144K(815616K)] 1825129K->1014681K(1839616K), 0.0101830 secs] [Times: user=0.06 sys=0.00, real=0.01 secs] 
1388.003: [GC
Desired survivor size 3670016 bytes, new threshold 15 (max 15)
 [PSYoungGen: 814176K->1152K(815616K)] 1826713K->1013721K(1839616K), 0.0096900 secs] [Times: user=0.06 sys=0.00, real=0.01 secs] 
1388.269: [GC
Desired survivor size 3670016 bytes, new threshold 15 (max 15)
 [PSYoungGen: 813184K->1952K(815616K)] 1825753K->1014537K(1839616K), 0.0099400 secs] [Times: user=0.06 sys=0.00, real=0.01 secs] 
1388.531: [GC
Desired survivor size 3670016 bytes, new threshold 15 (max 15)
 [PSYoungGen: 813984K->1440K(815616K)] 1826569K->1014049K(1839616K), 0.0095640 secs] [Times: user=0.06 sys=0.01, real=0.01 secs] 
1388.801: [GC
Desired survivor size 4194304 bytes, new threshold 15 (max 15)
 [PSYoungGen: 813472K->3584K(814592K)] 1826081K->1016201K(1838592K), 0.0106500 secs] [Times: user=0.07 sys=0.00, real=0.01 secs] 
1389.066: [GC
Desired survivor size 4194304 bytes, new threshold 15 (max 15)
 [PSYoungGen: 814592K->1376K(815104K)] 1827209K->1014017K(1839104K), 0.0094760 secs] [Times: user=0.04 sys=0.01, real=0.01 secs] 
1389.328: [GC
Desired survivor size 3670016 bytes, new threshold 15 (max 15)
 [PSYoungGen: 812384K->1824K(815616K)] 1825025K->1014489K(1839616K), 0.0099570 secs] [Times: user=0.06 sys=0.00, real=0.01 secs] 
1389.590: [GC
Desired survivor size 4194304 bytes, new threshold 15 (max 15)
 [PSYoungGen: 813344K->2784K(815104K)] 1826009K->1015585K(1839104K), 0.0102790 secs] [Times: user=0.06 sys=0.00, real=0.01 secs] 
1389.867: [GC
Desired survivor size 3670016 bytes, new threshold 15 (max 15)
 [PSYoungGen: 814304K->1792K(815616K)] 1827105K->1014633K(1839616K), 0.0100930 secs] [Times: user=0.06 sys=0.00, real=0.01 secs] 
1390.128: [GC
Desired survivor size 3670016 bytes, new threshold 15 (max 15)
 [PSYoungGen: 813312K->1600K(815104K)] 1826153K->1014473K(1839104K), 0.0096980 secs] [Times: user=0.06 sys=0.01, real=0.01 secs] 
1390.393: [GC
Desired survivor size 3670016 bytes, new threshold 15 (max 15)
 [PSYoungGen: 813120K->1344K(815616K)] 1825993K->1014225K(1839616K), 0.0094870 secs] [Times: user=0.05 sys=0.00, real=0.01 secs] 
1390.656: [GC
Desired survivor size 3670016 bytes, new threshold 15 (max 15)
 [PSYoungGen: 813376K->1952K(815616K)] 1826257K->1014857K(1839616K), 0.0097550 secs] [Times: user=0.06 sys=0.00, real=0.01 secs] 
1390.928: [GC
Desired survivor size 3670016 bytes, new threshold 15 (max 15)
 [PSYoungGen: 813984K->2656K(815616K)] 1826889K->1015593K(1839616K), 0.0100000 secs] [Times: user=0.06 sys=0.00, real=0.01 secs] 
1391.189: [GC
Desired survivor size 3670016 bytes, new threshold 15 (max 15)
 [PSYoungGen: 814688K->2560K(815616K)] 1827625K->1015521K(1839616K), 0.0100580 secs] [Times: user=0.06 sys=0.00, real=0.01 secs] 
1391.447: [GC
Desired survivor size 3670016 bytes, new threshold 15 (max 15)
 [PSYoungGen: 814592K->1888K(815616K)] 1827553K->1014881K(1839616K), 0.0094940 secs] [Times: user=0.05 sys=0.00, real=0.01 secs] 
1391.723: [GC
Desired survivor size 4194304 bytes, new threshold 15 (max 15)
 [PSYoungGen: 813920K->3232K(815616K)] 1826913K->1016265K(1839616K), 0.0110130 secs] [Times: user=0.07 sys=0.00, real=0.01 secs] 
1391.989: [GC
Desired survivor size 4194304 bytes, new threshold 15 (max 15)
 [PSYoungGen: 815264K->1440K(814592K)] 1828297K->1014481K(1838592K), 0.0098350 secs] [Times: user=0.05 sys=0.00, real=0.01 secs] 
1392.253: [GC
Desired survivor size 3670016 bytes, new threshold 15 (max 15)
 [PSYoungGen: 812448K->1632K(815104K)] 1825489K->1014689K(1839104K), 0.0099030 secs] [Times: user=0.06 sys=0.00, real=0.01 secs] 
1392.520: [GC
Desired survivor size 3670016 bytes, new threshold 15 (max 15)
 [PSYoungGen: 812640K->1760K(815616K)] 1825697K->1014849K(1839616K), 0.0091210 secs] [Times: user=0.06 sys=0.00, real=0.01 secs] 
1392.794: [GC
Desired survivor size 3670016 bytes, new threshold 15 (max 15)
 [PSYoungGen: 813792K->2400K(815616K)] 1826881K->1015521K(1839616K), 0.0100680 secs] [Times: user=0.06 sys=0.00, real=0.01 secs] 
1393.057: [GC
Desired survivor size 3670016 bytes, new threshold 15 (max 15)
 [PSYoungGen: 814432K->1184K(815616K)] 1827553K->1014337K(1839616K), 0.0095200 secs] [Times: user=0.06 sys=0.00, real=0.01 secs] 
1393.327: [GC
Desired survivor size 3670016 bytes, new threshold 15 (max 15)
 [PSYoungGen: 813216K->1248K(815616K)] 1826369K->1014417K(1839616K), 0.0098640 secs] [Times: user=0.06 sys=0.01, real=0.01 secs] 
1393.593: [GC
Desired survivor size 3670016 bytes, new threshold 15 (max 15)
 [PSYoungGen: 813280K->1792K(815616K)] 1826449K->1014985K(1839616K), 0.0095380 secs] [Times: user=0.06 sys=0.01, real=0.01 secs] 
1393.859: [GC
Desired survivor size 3670016 bytes, new threshold 15 (max 15)
 [PSYoungGen: 813824K->1056K(815616K)] 1827017K->1014265K(1839616K), 0.0092690 secs] [Times: user=0.06 sys=0.00, real=0.01 secs] 
1394.165: [GC
Desired survivor size 3670016 bytes, new threshold 15 (max 15)
 [PSYoungGen: 813088K->864K(815616K)] 1826297K->1014097K(1839616K), 0.0097460 secs] [Times: user=0.05 sys=0.00, real=0.01 secs] 
1394.425: [GC
Desired survivor size 3670016 bytes, new threshold 15 (max 15)
 [PSYoungGen: 812896K->1280K(815616K)] 1826129K->1014537K(1839616K), 0.0092010 secs] [Times: user=0.06 sys=0.00, real=0.01 secs] 
1394.693: [GC
Desired survivor size 3670016 bytes, new threshold 15 (max 15)
 [PSYoungGen: 813312K->2848K(815616K)] 1826569K->1016121K(1839616K), 0.0100520 secs] [Times: user=0.06 sys=0.00, real=0.01 secs] 
1394.966: [GC
Desired survivor size 4194304 bytes, new threshold 15 (max 15)
 [PSYoungGen: 814880K->3392K(815616K)] 1828153K->1016697K(1839616K), 0.0159370 secs] [Times: user=0.07 sys=0.00, real=0.02 secs] 
1395.240: [GC
Desired survivor size 4194304 bytes, new threshold 15 (max 15)
 [PSYoungGen: 815424K->2656K(814592K)] 1828729K->1015977K(1838592K), 0.0099860 secs] [Times: user=0.06 sys=0.00, real=0.01 secs] 
1395.507: [GC
Desired survivor size 4194304 bytes, new threshold 15 (max 15)
 [PSYoungGen: 813664K->1280K(815104K)] 1826985K->1014617K(1839104K), 0.0096110 secs] [Times: user=0.05 sys=0.00, real=0.01 secs] 
1395.780: [GC
Desired survivor size 4194304 bytes, new threshold 15 (max 15)
 [PSYoungGen: 812288K->1888K(815104K)] 1825625K->1015265K(1839104K), 0.0098050 secs] [Times: user=0.06 sys=0.00, real=0.01 secs] 
1396.051: [GC
Desired survivor size 3670016 bytes, new threshold 15 (max 15)
 [PSYoungGen: 812896K->1728K(815104K)] 1826273K->1015121K(1839104K), 0.0096650 secs] [Times: user=0.06 sys=0.00, real=0.01 secs] 
1396.314: [GC
Desired survivor size 4194304 bytes, new threshold 15 (max 15)
 [PSYoungGen: 812736K->3456K(814592K)] 1826129K->1016873K(1838592K), 0.0102680 secs] [Times: user=0.07 sys=0.00, real=0.01 secs] 
1396.578: [GC
Desired survivor size 4194304 bytes, new threshold 15 (max 15)
 [PSYoungGen: 814464K->1760K(815104K)] 1827881K->1015201K(1839104K), 0.0112470 secs] [Times: user=0.06 sys=0.00, real=0.01 secs] 
1396.847: [GC
Desired survivor size 4194304 bytes, new threshold 15 (max 15)
 [PSYoungGen: 812768K->1504K(815104K)] 1826209K->1014969K(1839104K), 0.0096310 secs] [Times: user=0.05 sys=0.00, real=0.01 secs] 
1397.110: [GC
Desired survivor size 4194304 bytes, new threshold 15 (max 15)
 [PSYoungGen: 812512K->1696K(815104K)] 1825977K->1015193K(1839104K), 0.0099550 secs] [Times: user=0.05 sys=0.00, real=0.01 secs] 
1397.377: [GC
Desired survivor size 3670016 bytes, new threshold 15 (max 15)
 [PSYoungGen: 812704K->1408K(815616K)] 1826201K->1014937K(1839616K), 0.0093540 secs] [Times: user=0.06 sys=0.00, real=0.01 secs] 
1397.638: [GC
Desired survivor size 4194304 bytes, new threshold 15 (max 15)
 [PSYoungGen: 812928K->672K(815104K)] 1826457K->1014233K(1839104K), 0.0094180 secs] [Times: user=0.05 sys=0.00, real=0.01 secs] 
1397.909: [GC
Desired survivor size 3670016 bytes, new threshold 15 (max 15)
 [PSYoungGen: 812192K->992K(815616K)] 1825753K->1014561K(1839616K), 0.0094270 secs] [Times: user=0.06 sys=0.00, real=0.01 secs] 
1398.181: [GC
Desired survivor size 3670016 bytes, new threshold 15 (max 15)
 [PSYoungGen: 812512K->1728K(815104K)] 1826081K->1015321K(1839104K), 0.0103530 secs] [Times: user=0.06 sys=0.00, real=0.01 secs] 
1398.451: [GC
Desired survivor size 3670016 bytes, new threshold 15 (max 15)
 [PSYoungGen: 813248K->1760K(815616K)] 1826841K->1015377K(1839616K), 0.0097660 secs] [Times: user=0.06 sys=0.00, real=0.01 secs] 
1398.731: [GC
Desired survivor size 3670016 bytes, new threshold 15 (max 15)
 [PSYoungGen: 813792K->896K(815616K)] 1827409K->1014545K(1839616K), 0.0092120 secs] [Times: user=0.05 sys=0.00, real=0.01 secs] 
1398.994: [GC
Desired survivor size 3670016 bytes, new threshold 15 (max 15)
 [PSYoungGen: 812928K->928K(815616K)] 1826577K->1014609K(1839616K), 0.0096020 secs] [Times: user=0.06 sys=0.00, real=0.01 secs] 
1399.262: [GC
Desired survivor size 3145728 bytes, new threshold 15 (max 15)
 [PSYoungGen: 812960K->1504K(815616K)] 1826641K->1015217K(1839616K), 0.0095360 secs] [Times: user=0.06 sys=0.00, real=0.01 secs] 
1399.532: [GC
Desired survivor size 3670016 bytes, new threshold 15 (max 15)
 [PSYoungGen: 813536K->2208K(815104K)] 1827249K->1015945K(1839104K), 0.0099150 secs] [Times: user=0.06 sys=0.00, real=0.01 secs] 
1399.814: [GC
Desired survivor size 4194304 bytes, new threshold 14 (max 15)
 [PSYoungGen: 814240K->3584K(815616K)] 1827977K->1017369K(1839616K), 0.0105970 secs] [Times: user=0.07 sys=0.00, real=0.01 secs] 
1400.081: [GC
Desired survivor size 4194304 bytes, new threshold 14 (max 15)
 [PSYoungGen: 815616K->2496K(814592K)] 1829401K->1016321K(1838592K), 0.0118190 secs] [Times: user=0.06 sys=0.00, real=0.01 secs] 
1400.343: [GC
Desired survivor size 4194304 bytes, new threshold 14 (max 15)
 [PSYoungGen: 813504K->1088K(815104K)] 1827329K->1014929K(1839104K), 0.0097120 secs] [Times: user=0.05 sys=0.00, real=0.01 secs] 
1400.612: [GC
Desired survivor size 3670016 bytes, new threshold 14 (max 15)
 [PSYoungGen: 812096K->1792K(815616K)] 1825937K->1015649K(1839616K), 0.0102600 secs] [Times: user=0.06 sys=0.00, real=0.01 secs] 
1400.875: [GC
Desired survivor size 3670016 bytes, new threshold 14 (max 15)
 [PSYoungGen: 813312K->2336K(815104K)] 1827169K->1016209K(1839104K), 0.0100300 secs] [Times: user=0.06 sys=0.00, real=0.01 secs] 
1401.135: [GC
Desired survivor size 3670016 bytes, new threshold 14 (max 15)
 [PSYoungGen: 813856K->1280K(815616K)] 1827729K->1015177K(1839616K), 0.0108330 secs] [Times: user=0.05 sys=0.00, real=0.01 secs] 
1401.401: [GC
Desired survivor size 3670016 bytes, new threshold 14 (max 15)
 [PSYoungGen: 813312K->1696K(815616K)] 1827209K->1015633K(1839616K), 0.0096810 secs] [Times: user=0.05 sys=0.00, real=0.00 secs] 
1401.665: [GC
Desired survivor size 3670016 bytes, new threshold 14 (max 15)
 [PSYoungGen: 813728K->2144K(815616K)] 1827665K->1016121K(1839616K), 0.0101560 secs] [Times: user=0.07 sys=0.00, real=0.01 secs] 
1401.941: [GC
Desired survivor size 3670016 bytes, new threshold 15 (max 15)
 [PSYoungGen: 814176K->1248K(815616K)] 1828153K->1015281K(1839616K), 0.0096140 secs] [Times: user=0.05 sys=0.00, real=0.00 secs] 
1402.205: [GC
Desired survivor size 3670016 bytes, new threshold 15 (max 15)
 [PSYoungGen: 813280K->1664K(815616K)] 1827313K->1015697K(1839616K), 0.0095360 secs] [Times: user=0.05 sys=0.00, real=0.01 secs] 
1402.467: [GC
Desired survivor size 3670016 bytes, new threshold 15 (max 15)
 [PSYoungGen: 813696K->2304K(815616K)] 1827729K->1016361K(1839616K), 0.0107680 secs] [Times: user=0.07 sys=0.00, real=0.01 secs] 
1402.743: [GC
Desired survivor size 3670016 bytes, new threshold 15 (max 15)
 [PSYoungGen: 814336K->1312K(815616K)] 1828393K->1015401K(1839616K), 0.0107010 secs] [Times: user=0.06 sys=0.00, real=0.01 secs] 
1403.014: [GC
Desired survivor size 3670016 bytes, new threshold 15 (max 15)
 [PSYoungGen: 813344K->1344K(815616K)] 1827433K->1015465K(1839616K), 0.0112620 secs] [Times: user=0.06 sys=0.00, real=0.01 secs] 
1403.292: [GC
Desired survivor size 3145728 bytes, new threshold 15 (max 15)
 [PSYoungGen: 813376K->1536K(816128K)] 1827497K->1015697K(1840128K), 0.0107910 secs] [Times: user=0.05 sys=0.01, real=0.01 secs] 
1403.559: [GC
Desired survivor size 3145728 bytes, new threshold 15 (max 15)
 [PSYoungGen: 814080K->1920K(815616K)] 1828241K->1016117K(1839616K), 0.0100020 secs] [Times: user=0.06 sys=0.00, real=0.01 secs] 
1403.834: [GC
Desired survivor size 3145728 bytes, new threshold 15 (max 15)
 [PSYoungGen: 814464K->1056K(816128K)] 1828661K->1015285K(1840128K), 0.0099960 secs] [Times: user=0.04 sys=0.00, real=0.01 secs] 
1404.119: [GC
Desired survivor size 3145728 bytes, new threshold 15 (max 15)
 [PSYoungGen: 814112K->1152K(816128K)] 1828341K->1015429K(1840128K), 0.0100390 secs] [Times: user=0.05 sys=0.00, real=0.01 secs] 
1404.388: [GC
Desired survivor size 3145728 bytes, new threshold 15 (max 15)
 [PSYoungGen: 814208K->2432K(816128K)] 1828485K->1016741K(1840128K), 0.0105730 secs] [Times: user=0.05 sys=0.00, real=0.01 secs] 
1404.671: [GC
Desired survivor size 3145728 bytes, new threshold 15 (max 15)
 [PSYoungGen: 815488K->1152K(816128K)] 1829797K->1015517K(1840128K), 0.0105170 secs] [Times: user=0.06 sys=0.00, real=0.02 secs] 
1404.941: [GC
Desired survivor size 3145728 bytes, new threshold 15 (max 15)
 [PSYoungGen: 814208K->1856K(816128K)] 1828573K->1016237K(1840128K), 0.0099940 secs] [Times: user=0.05 sys=0.01, real=0.02 secs] 
1405.202: [GC
Desired survivor size 3145728 bytes, new threshold 15 (max 15)
 [PSYoungGen: 814912K->1664K(816128K)] 1829293K->1016077K(1840128K), 0.0099700 secs] [Times: user=0.06 sys=0.00, real=0.01 secs] 
1405.467: [GC
Desired survivor size 3670016 bytes, new threshold 15 (max 15)
 [PSYoungGen: 814720K->2688K(815104K)] 1829133K->1017125K(1839104K), 0.0104480 secs] [Times: user=0.06 sys=0.00, real=0.01 secs] 
1405.746: [GC
Desired survivor size 3670016 bytes, new threshold 15 (max 15)
 [PSYoungGen: 814720K->3072K(815616K)] 1829157K->1017533K(1839616K), 0.0106600 secs] [Times: user=0.07 sys=0.00, real=0.01 secs] 
1406.014: [GC
Desired survivor size 3670016 bytes, new threshold 15 (max 15)
 [PSYoungGen: 815104K->1632K(815616K)] 1829565K->1016125K(1839616K), 0.0101670 secs] [Times: user=0.05 sys=0.01, real=0.01 secs] 
1406.278: [GC
Desired survivor size 3670016 bytes, new threshold 15 (max 15)
 [PSYoungGen: 813664K->2848K(815616K)] 1828157K->1017357K(1839616K), 0.0097840 secs] [Times: user=0.06 sys=0.00, real=0.01 secs] 
1406.558: [GC
Desired survivor size 3670016 bytes, new threshold 15 (max 15)
 [PSYoungGen: 814880K->1344K(815616K)] 1829389K->1015861K(1839616K), 0.0093430 secs] [Times: user=0.06 sys=0.00, real=0.01 secs] 
1406.834: [GC
Desired survivor size 4194304 bytes, new threshold 15 (max 15)
 [PSYoungGen: 813376K->2912K(815104K)] 1827893K->1017445K(1839104K), 0.0102220 secs] [Times: user=0.06 sys=0.00, real=0.01 secs] 
1407.094: [GC
Desired survivor size 4194304 bytes, new threshold 15 (max 15)
 [PSYoungGen: 814944K->3200K(815104K)] 1829477K->1017765K(1839104K), 0.0097510 secs] [Times: user=0.06 sys=0.00, real=0.01 secs] 
1407.354: [GC
Desired survivor size 4194304 bytes, new threshold 15 (max 15)
 [PSYoungGen: 814208K->1824K(815104K)] 1828773K->1016413K(1839104K), 0.0099780 secs] [Times: user=0.06 sys=0.00, real=0.01 secs] 
1407.627: [GC
Desired survivor size 4194304 bytes, new threshold 15 (max 15)
 [PSYoungGen: 812832K->1952K(815104K)] 1827421K->1016565K(1839104K), 0.0100170 secs] [Times: user=0.05 sys=0.00, real=0.01 secs] 
1407.898: [GC
Desired survivor size 4194304 bytes, new threshold 15 (max 15)
 [PSYoungGen: 812960K->1536K(815104K)] 1827573K->1016173K(1839104K), 0.0099380 secs] [Times: user=0.06 sys=0.00, real=0.01 secs] 
1408.165: [GC
Desired survivor size 3670016 bytes, new threshold 15 (max 15)
 [PSYoungGen: 812544K->1920K(815616K)] 1827181K->1016573K(1839616K), 0.0100780 secs] [Times: user=0.06 sys=0.00, real=0.01 secs] 
1408.429: [GC
Desired survivor size 3670016 bytes, new threshold 15 (max 15)
 [PSYoungGen: 813440K->1088K(815104K)] 1828093K->1015781K(1839104K), 0.0094660 secs] [Times: user=0.05 sys=0.00, real=0.01 secs] 
1408.694: [GC
Desired survivor size 3670016 bytes, new threshold 15 (max 15)
 [PSYoungGen: 812608K->2240K(815616K)] 1827301K->1016973K(1839616K), 0.0103540 secs] [Times: user=0.06 sys=0.00, real=0.01 secs] 
1408.967: [GC
Desired survivor size 4194304 bytes, new threshold 15 (max 15)
 [PSYoungGen: 814272K->3104K(815616K)] 1829005K->1017853K(1839616K), 0.0120080 secs] [Times: user=0.07 sys=0.00, real=0.01 secs] 
1409.232: [GC
Desired survivor size 4194304 bytes, new threshold 15 (max 15)
 [PSYoungGen: 815136K->1568K(814592K)] 1829885K->1016349K(1838592K), 0.0096570 secs] [Times: user=0.06 sys=0.00, real=0.01 secs] 
1409.494: [GC
Desired survivor size 3670016 bytes, new threshold 15 (max 15)
 [PSYoungGen: 812576K->2080K(815104K)] 1827357K->1016893K(1839104K), 0.0100220 secs] [Times: user=0.06 sys=0.00, real=0.01 secs] 
1409.759: [GC
Desired survivor size 4194304 bytes, new threshold 15 (max 15)
 [PSYoungGen: 813088K->2912K(814592K)] 1827901K->1017757K(1838592K), 0.0104460 secs] [Times: user=0.06 sys=0.01, real=0.01 secs] 
1410.022: [GC
Desired survivor size 4194304 bytes, new threshold 15 (max 15)
 [PSYoungGen: 813920K->1440K(815104K)] 1828765K->1016293K(1839104K), 0.0095980 secs] [Times: user=0.06 sys=0.00, real=0.01 secs] 
1410.277: [GC
Desired survivor size 4194304 bytes, new threshold 15 (max 15)
 [PSYoungGen: 812448K->2528K(815104K)] 1827301K->1017421K(1839104K), 0.0101440 secs] [Times: user=0.06 sys=0.00, real=0.01 secs] 
1410.538: [GC
Desired survivor size 3670016 bytes, new threshold 15 (max 15)
 [PSYoungGen: 813536K->2080K(815104K)] 1828429K->1017005K(1839104K), 0.0101720 secs] [Times: user=0.06 sys=0.00, real=0.01 secs] 
1410.810: [GC
Desired survivor size 3670016 bytes, new threshold 15 (max 15)
 [PSYoungGen: 813088K->992K(815616K)] 1828013K->1015933K(1839616K), 0.0104790 secs] [Times: user=0.06 sys=0.00, real=0.01 secs] 
1411.075: [GC
Desired survivor size 3670016 bytes, new threshold 15 (max 15)
 [PSYoungGen: 813024K->1376K(815616K)] 1827965K->1016325K(1839616K), 0.0109990 secs] [Times: user=0.06 sys=0.00, real=0.01 secs] 
1411.333: [GC
Desired survivor size 3670016 bytes, new threshold 15 (max 15)
 [PSYoungGen: 813408K->2400K(815616K)] 1828357K->1017381K(1839616K), 0.0096610 secs] [Times: user=0.06 sys=0.00, real=0.01 secs] 
1411.589: [GC
Desired survivor size 3670016 bytes, new threshold 15 (max 15)
 [PSYoungGen: 814432K->2176K(815616K)] 1829413K->1017181K(1839616K), 0.0098720 secs] [Times: user=0.07 sys=0.00, real=0.01 secs] 
1411.863: [GC
Desired survivor size 3670016 bytes, new threshold 15 (max 15)
 [PSYoungGen: 814208K->864K(815616K)] 1829213K->1015909K(1839616K), 0.0096810 secs] [Times: user=0.05 sys=0.00, real=0.01 secs] 
1412.132: [GC
Desired survivor size 3670016 bytes, new threshold 15 (max 15)
 [PSYoungGen: 812896K->2016K(815616K)] 1827941K->1017077K(1839616K), 0.0099260 secs] [Times: user=0.05 sys=0.01, real=0.01 secs] 
1412.390: [GC
Desired survivor size 4194304 bytes, new threshold 15 (max 15)
 [PSYoungGen: 814048K->3360K(814592K)] 1829109K->1018469K(1838592K), 0.0114870 secs] [Times: user=0.07 sys=0.00, real=0.01 secs] 
1412.678: [GC
Desired survivor size 4194304 bytes, new threshold 15 (max 15)
 [PSYoungGen: 814368K->1056K(815104K)] 1829477K->1016189K(1839104K), 0.0093390 secs] [Times: user=0.05 sys=0.00, real=0.01 secs] 
1412.956: [GC
Desired survivor size 4718592 bytes, new threshold 14 (max 15)
 [PSYoungGen: 812064K->4096K(814080K)] 1827197K->1019653K(1838080K), 0.0115080 secs] [Times: user=0.06 sys=0.01, real=0.01 secs] 
1413.216: [GC
Desired survivor size 4718592 bytes, new threshold 14 (max 15)
 [PSYoungGen: 814080K->2016K(814592K)] 1829637K->1017605K(1838592K), 0.0102900 secs] [Times: user=0.06 sys=0.00, real=0.01 secs] 
1413.481: [GC
Desired survivor size 4718592 bytes, new threshold 14 (max 15)
 [PSYoungGen: 812000K->2528K(814592K)] 1827589K->1018133K(1838592K), 0.0100800 secs] [Times: user=0.06 sys=0.00, real=0.01 secs] 
1413.753: [GC
Desired survivor size 4194304 bytes, new threshold 14 (max 15)
 [PSYoungGen: 812512K->2048K(814592K)] 1828117K->1017677K(1838592K), 0.0096910 secs] [Times: user=0.06 sys=0.00, real=0.00 secs] 
1414.059: [GC
Desired survivor size 4718592 bytes, new threshold 15 (max 15)
 [PSYoungGen: 812032K->3296K(814080K)] 1827661K->1018949K(1838080K), 0.0103740 secs] [Times: user=0.06 sys=0.00, real=0.01 secs] 
1414.321: [GC
Desired survivor size 4718592 bytes, new threshold 15 (max 15)
 [PSYoungGen: 813280K->2432K(814592K)] 1828933K->1018085K(1838592K), 0.0098620 secs] [Times: user=0.05 sys=0.00, real=0.01 secs] 
1414.600: [GC
Desired survivor size 4194304 bytes, new threshold 15 (max 15)
 [PSYoungGen: 812416K->1824K(815104K)] 1828069K->1017485K(1839104K), 0.0096490 secs] [Times: user=0.05 sys=0.00, real=0.01 secs] 
1414.877: [GC
Desired survivor size 4718592 bytes, new threshold 15 (max 15)
 [PSYoungGen: 812320K->3744K(814592K)] 1827981K->1019429K(1838592K), 0.0108470 secs] [Times: user=0.07 sys=0.00, real=0.01 secs] 
1415.145: [GC
Desired survivor size 5767168 bytes, new threshold 14 (max 15)
 [PSYoungGen: 814240K->4608K(812544K)] 1829925K->1020845K(1836544K), 0.0123400 secs] [Times: user=0.08 sys=0.00, real=0.01 secs] 
1415.411: [GC
Desired survivor size 5242880 bytes, new threshold 14 (max 15)
 [PSYoungGen: 812544K->2240K(813568K)] 1828781K->1018541K(1837568K), 0.0109920 secs] [Times: user=0.06 sys=0.00, real=0.01 secs] 
1415.679: [GC
Desired survivor size 5242880 bytes, new threshold 14 (max 15)
 [PSYoungGen: 810176K->1120K(814080K)] 1826477K->1017445K(1838080K), 0.0098240 secs] [Times: user=0.06 sys=0.00, real=0.01 secs] 
1415.956: [GC
Desired survivor size 5242880 bytes, new threshold 14 (max 15)
 [PSYoungGen: 810080K->1760K(814080K)] 1826405K->1018133K(1838080K), 0.0099330 secs] [Times: user=0.06 sys=0.00, real=0.01 secs] 
1416.215: [GC
Desired survivor size 5242880 bytes, new threshold 14 (max 15)
 [PSYoungGen: 810720K->2816K(814080K)] 1827093K->1019205K(1838080K), 0.0102900 secs] [Times: user=0.07 sys=0.00, real=0.01 secs] 
1416.477: [GC
Desired survivor size 4718592 bytes, new threshold 14 (max 15)
 [PSYoungGen: 811776K->2464K(814080K)] 1828165K->1018869K(1838080K), 0.0101360 secs] [Times: user=0.05 sys=0.00, real=0.01 secs] 
1416.745: [GC
Desired survivor size 4718592 bytes, new threshold 14 (max 15)
 [PSYoungGen: 811424K->2208K(814592K)] 1827829K->1018797K(1838592K), 0.0104720 secs] [Times: user=0.07 sys=0.00, real=0.01 secs] 
1417.010: [GC
Desired survivor size 4718592 bytes, new threshold 14 (max 15)
 [PSYoungGen: 812192K->2272K(814592K)] 1828781K->1018901K(1838592K), 0.0107640 secs] [Times: user=0.06 sys=0.00, real=0.01 secs] 
1417.274: [GC
Desired survivor size 4718592 bytes, new threshold 14 (max 15)
 [PSYoungGen: 812256K->2144K(814592K)] 1828885K->1018797K(1838592K), 0.0100370 secs] [Times: user=0.06 sys=0.01, real=0.01 secs] 
1417.546: [GC
Desired survivor size 4718592 bytes, new threshold 14 (max 15)
 [PSYoungGen: 812128K->1344K(814592K)] 1828781K->1018013K(1838592K), 0.0092950 secs] [Times: user=0.06 sys=0.00, real=0.01 secs] 
1417.825: [GC
Desired survivor size 4194304 bytes, new threshold 15 (max 15)
 [PSYoungGen: 811328K->1696K(815104K)] 1827997K->1018405K(1839104K), 0.0096800 secs] [Times: user=0.05 sys=0.01, real=0.01 secs] 
1418.094: [GC
Desired survivor size 4194304 bytes, new threshold 15 (max 15)
 [PSYoungGen: 812192K->1696K(814592K)] 1828901K->1018405K(1838592K), 0.0098400 secs] [Times: user=0.06 sys=0.00, real=0.01 secs] 
1418.366: [GC
Desired survivor size 4194304 bytes, new threshold 15 (max 15)
 [PSYoungGen: 812192K->1696K(815104K)] 1828901K->1018437K(1839104K), 0.0097420 secs] [Times: user=0.06 sys=0.00, real=0.01 secs] 
1418.632: [GC
Desired survivor size 4194304 bytes, new threshold 15 (max 15)
 [PSYoungGen: 812704K->2048K(815104K)] 1829445K->1018821K(1839104K), 0.0099610 secs] [Times: user=0.06 sys=0.00, real=0.01 secs] 
1418.903: [GC
Desired survivor size 4194304 bytes, new threshold 15 (max 15)
 [PSYoungGen: 813056K->2784K(815104K)] 1829829K->1019565K(1839104K), 0.0099540 secs] [Times: user=0.05 sys=0.00, real=0.01 secs] 
1419.169: [GC
Desired survivor size 4194304 bytes, new threshold 15 (max 15)
 [PSYoungGen: 813792K->832K(815104K)] 1830573K->1017925K(1839104K), 0.0089390 secs] [Times: user=0.05 sys=0.00, real=0.01 secs] 
1419.426: [GC
Desired survivor size 4194304 bytes, new threshold 15 (max 15)
 [PSYoungGen: 811840K->2208K(815104K)] 1828933K->1019413K(1839104K), 0.0103740 secs] [Times: user=0.06 sys=0.00, real=0.01 secs] 
1419.693: [GC
Desired survivor size 3670016 bytes, new threshold 15 (max 15)
 [PSYoungGen: 813216K->2016K(815104K)] 1830421K->1019237K(1839104K), 0.0111030 secs] [Times: user=0.05 sys=0.00, real=0.02 secs] 
1419.958: [GC
Desired survivor size 3670016 bytes, new threshold 15 (max 15)
 [PSYoungGen: 813024K->1792K(815616K)] 1830245K->1019029K(1839616K), 0.0095410 secs] [Times: user=0.06 sys=0.00, real=0.01 secs] 
1420.221: [GC
Desired survivor size 3670016 bytes, new threshold 15 (max 15)
 [PSYoungGen: 813824K->2016K(815616K)] 1831061K->1019285K(1839616K), 0.0098250 secs] [Times: user=0.06 sys=0.00, real=0.01 secs] 
1420.484: [GC
Desired survivor size 4194304 bytes, new threshold 14 (max 15)
 [PSYoungGen: 814048K->3584K(814592K)] 1831317K->1021557K(1838592K), 0.0111360 secs] [Times: user=0.06 sys=0.00, real=0.01 secs] 
1420.754: [GC
Desired survivor size 4194304 bytes, new threshold 14 (max 15)
 [PSYoungGen: 814592K->2368K(815104K)] 1832565K->1020357K(1839104K), 0.0103990 secs] [Times: user=0.06 sys=0.00, real=0.01 secs] 
1421.021: [GC
Desired survivor size 4194304 bytes, new threshold 14 (max 15)
 [PSYoungGen: 813376K->1984K(815104K)] 1831365K->1020013K(1839104K), 0.0107280 secs] [Times: user=0.05 sys=0.00, real=0.01 secs] 
1421.289: [GC
Desired survivor size 4194304 bytes, new threshold 14 (max 15)
 [PSYoungGen: 812992K->1952K(815104K)] 1831021K->1020013K(1839104K), 0.0100250 secs] [Times: user=0.06 sys=0.00, real=0.01 secs] 
1421.550: [GC
Desired survivor size 3670016 bytes, new threshold 14 (max 15)
 [PSYoungGen: 812960K->2272K(815616K)] 1831021K->1020365K(1839616K), 0.0106340 secs] [Times: user=0.05 sys=0.00, real=0.01 secs] 
1421.824: [GC
Desired survivor size 4194304 bytes, new threshold 14 (max 15)
 [PSYoungGen: 813792K->2944K(815104K)] 1831885K->1021053K(1839104K), 0.0104710 secs] [Times: user=0.07 sys=0.00, real=0.01 secs] 
1422.088: [GC
Desired survivor size 4194304 bytes, new threshold 14 (max 15)
 [PSYoungGen: 814464K->2592K(815104K)] 1832573K->1020733K(1839104K), 0.0104120 secs] [Times: user=0.06 sys=0.00, real=0.01 secs] 
1422.352: [GC
Desired survivor size 4194304 bytes, new threshold 14 (max 15)
 [PSYoungGen: 813600K->3424K(815104K)] 1831741K->1021597K(1839104K), 0.0106230 secs] [Times: user=0.07 sys=0.00, real=0.01 secs] 
1422.614: [GC
Desired survivor size 4194304 bytes, new threshold 14 (max 15)
 [PSYoungGen: 814432K->2976K(815104K)] 1832605K->1021189K(1839104K), 0.0105860 secs] [Times: user=0.07 sys=0.00, real=0.01 secs] 
1422.886: [GC
Desired survivor size 4194304 bytes, new threshold 14 (max 15)
 [PSYoungGen: 813984K->1792K(815104K)] 1832197K->1020061K(1839104K), 0.0097280 secs] [Times: user=0.07 sys=0.00, real=0.01 secs] 
1423.144: [GC
Desired survivor size 4194304 bytes, new threshold 14 (max 15)
 [PSYoungGen: 812800K->2496K(815104K)] 1831069K->1020765K(1839104K), 0.0099990 secs] [Times: user=0.06 sys=0.00, real=0.01 secs] 
1423.406: [GC
Desired survivor size 4194304 bytes, new threshold 14 (max 15)
 [PSYoungGen: 813504K->2272K(815104K)] 1831773K->1020557K(1839104K), 0.0101370 secs] [Times: user=0.06 sys=0.00, real=0.01 secs] 
1423.663: [GC
Desired survivor size 4194304 bytes, new threshold 14 (max 15)
 [PSYoungGen: 813280K->2624K(815104K)] 1831565K->1020949K(1839104K), 0.0099930 secs] [Times: user=0.06 sys=0.00, real=0.01 secs] 
1423.945: [GC
Desired survivor size 4194304 bytes, new threshold 14 (max 15)
 [PSYoungGen: 813632K->2048K(815104K)] 1831957K->1020405K(1839104K), 0.0100550 secs] [Times: user=0.06 sys=0.00, real=0.01 secs] 
1424.208: [GC
Desired survivor size 3670016 bytes, new threshold 14 (max 15)
 [PSYoungGen: 813056K->1920K(815616K)] 1831413K->1020629K(1839616K), 0.0098830 secs] [Times: user=0.06 sys=0.00, real=0.01 secs] 
1424.465: [GC
Desired survivor size 4194304 bytes, new threshold 14 (max 15)
 [PSYoungGen: 813440K->3008K(815104K)] 1832149K->1021813K(1839104K), 0.0107440 secs] [Times: user=0.06 sys=0.00, real=0.01 secs] 
1424.746: [GC
Desired survivor size 4194304 bytes, new threshold 14 (max 15)
 [PSYoungGen: 814528K->2240K(815104K)] 1833333K->1021077K(1839104K), 0.0100890 secs] [Times: user=0.06 sys=0.00, real=0.01 secs] 
1425.012: [GC
Desired survivor size 4194304 bytes, new threshold 14 (max 15)
 [PSYoungGen: 813248K->1632K(815104K)] 1832085K->1020517K(1839104K), 0.0103610 secs] [Times: user=0.06 sys=0.00, real=0.01 secs] 
1425.274: [GC
Desired survivor size 4194304 bytes, new threshold 14 (max 15)
 [PSYoungGen: 812640K->3104K(815104K)] 1831525K->1022021K(1839104K), 0.0106360 secs] [Times: user=0.06 sys=0.00, real=0.01 secs] 
1425.532: [GC
Desired survivor size 4194304 bytes, new threshold 14 (max 15)
 [PSYoungGen: 814112K->2368K(815104K)] 1833029K->1021301K(1839104K), 0.0102760 secs] [Times: user=0.05 sys=0.00, real=0.01 secs] 
1425.804: [GC
Desired survivor size 4194304 bytes, new threshold 14 (max 15)
 [PSYoungGen: 813376K->960K(815104K)] 1832309K->1019925K(1839104K), 0.0095530 secs] [Times: user=0.05 sys=0.00, real=0.01 secs] 
1426.075: [GC
Desired survivor size 4194304 bytes, new threshold 14 (max 15)
 [PSYoungGen: 811968K->1504K(815104K)] 1830933K->1020501K(1839104K), 0.0107570 secs] [Times: user=0.06 sys=0.01, real=0.01 secs] 
1426.342: [GC
Desired survivor size 4194304 bytes, new threshold 14 (max 15)
 [PSYoungGen: 812512K->2592K(815104K)] 1831509K->1021613K(1839104K), 0.0097500 secs] [Times: user=0.06 sys=0.01, real=0.01 secs] 
1426.608: [GC
Desired survivor size 4194304 bytes, new threshold 15 (max 15)
 [PSYoungGen: 813600K->1152K(815104K)] 1832621K->1020205K(1839104K), 0.0096450 secs] [Times: user=0.06 sys=0.00, real=0.01 secs] 
1426.881: [GC
Desired survivor size 4194304 bytes, new threshold 15 (max 15)
 [PSYoungGen: 812160K->1728K(815104K)] 1831213K->1020781K(1839104K), 0.0098780 secs] [Times: user=0.06 sys=0.00, real=0.01 secs] 
1427.145: [GC
Desired survivor size 4194304 bytes, new threshold 15 (max 15)
 [PSYoungGen: 812736K->1472K(815104K)] 1831789K->1020541K(1839104K), 0.0100450 secs] [Times: user=0.04 sys=0.00, real=0.01 secs] 
1427.414: [GC
Desired survivor size 3670016 bytes, new threshold 15 (max 15)
 [PSYoungGen: 812480K->1728K(815616K)] 1831549K->1020829K(1839616K), 0.0100940 secs] [Times: user=0.06 sys=0.00, real=0.01 secs] 
1427.679: [GC
Desired survivor size 4194304 bytes, new threshold 15 (max 15)
 [PSYoungGen: 813248K->3296K(815104K)] 1832349K->1022429K(1839104K), 0.0103800 secs] [Times: user=0.06 sys=0.00, real=0.01 secs] 
1427.953: [GC
Desired survivor size 4194304 bytes, new threshold 15 (max 15)
 [PSYoungGen: 814816K->1504K(815104K)] 1833949K->1020653K(1839104K), 0.0093450 secs] [Times: user=0.06 sys=0.00, real=0.01 secs] 
1428.222: [GC
Desired survivor size 4194304 bytes, new threshold 15 (max 15)
 [PSYoungGen: 812512K->1888K(815104K)] 1831661K->1021061K(1839104K), 0.0094750 secs] [Times: user=0.06 sys=0.00, real=0.01 secs] 
1428.480: [GC
Desired survivor size 4194304 bytes, new threshold 15 (max 15)
 [PSYoungGen: 812896K->3456K(815104K)] 1832069K->1022645K(1839104K), 0.0107540 secs] [Times: user=0.07 sys=0.00, real=0.01 secs] 
1428.754: [GC
Desired survivor size 4194304 bytes, new threshold 15 (max 15)
 [PSYoungGen: 814464K->1280K(815104K)] 1833653K->1020501K(1839104K), 0.0095380 secs] [Times: user=0.05 sys=0.01, real=0.01 secs] 
1429.024: [GC
Desired survivor size 4194304 bytes, new threshold 15 (max 15)
 [PSYoungGen: 812288K->1248K(815104K)] 1831509K->1020485K(1839104K), 0.0096150 secs] [Times: user=0.05 sys=0.00, real=0.01 secs] 
1429.287: [GC
Desired survivor size 4718592 bytes, new threshold 15 (max 15)
 [PSYoungGen: 812256K->3200K(814592K)] 1831493K->1022445K(1838592K), 0.0109420 secs] [Times: user=0.06 sys=0.00, real=0.01 secs] 
1429.550: [GC
Desired survivor size 4718592 bytes, new threshold 15 (max 15)
 [PSYoungGen: 814208K->480K(814592K)] 1833453K->1019765K(1838592K), 0.0090360 secs] [Times: user=0.06 sys=0.00, real=0.01 secs] 
1429.822: [GC
Desired survivor size 4718592 bytes, new threshold 15 (max 15)
 [PSYoungGen: 810464K->3296K(814592K)] 1829749K->1022597K(1838592K), 0.0106380 secs] [Times: user=0.07 sys=0.00, real=0.01 secs] 
1430.086: [GC
Desired survivor size 4718592 bytes, new threshold 15 (max 15)
 [PSYoungGen: 813280K->1952K(814592K)] 1832581K->1021285K(1838592K), 0.0099310 secs] [Times: user=0.06 sys=0.00, real=0.01 secs] 
1430.346: [GC
Desired survivor size 4718592 bytes, new threshold 15 (max 15)
 [PSYoungGen: 811936K->800K(814592K)] 1831269K->1020165K(1838592K), 0.0094130 secs] [Times: user=0.05 sys=0.00, real=0.01 secs] 
1430.613: [GC
Desired survivor size 4194304 bytes, new threshold 15 (max 15)
 [PSYoungGen: 810784K->1696K(815104K)] 1830149K->1021109K(1839104K), 0.0099380 secs] [Times: user=0.05 sys=0.01, real=0.01 secs] 
1430.888: [GC
Desired survivor size 4194304 bytes, new threshold 15 (max 15)
 [PSYoungGen: 812192K->1728K(814592K)] 1831605K->1021181K(1838592K), 0.0099590 secs] [Times: user=0.06 sys=0.00, real=0.01 secs] 
1431.150: [GC
Desired survivor size 4194304 bytes, new threshold 15 (max 15)
 [PSYoungGen: 812224K->1760K(815104K)] 1831677K->1021261K(1839104K), 0.0096820 secs] [Times: user=0.06 sys=0.01, real=0.01 secs] 
1431.414: [GC
Desired survivor size 4194304 bytes, new threshold 15 (max 15)
 [PSYoungGen: 812768K->1440K(815104K)] 1832269K->1020981K(1839104K), 0.0108830 secs] [Times: user=0.06 sys=0.00, real=0.02 secs] 
1431.684: [GC
Desired survivor size 3670016 bytes, new threshold 15 (max 15)
 [PSYoungGen: 812448K->1312K(815616K)] 1831989K->1020869K(1839616K), 0.0093350 secs] [Times: user=0.06 sys=0.00, real=0.01 secs] 
1431.960: [GC
Desired survivor size 3670016 bytes, new threshold 15 (max 15)
 [PSYoungGen: 812832K->768K(815104K)] 1832389K->1020333K(1839104K), 0.0090510 secs] [Times: user=0.06 sys=0.00, real=0.01 secs] 
1432.225: [GC
Desired survivor size 3670016 bytes, new threshold 15 (max 15)
 [PSYoungGen: 812288K->1696K(815616K)] 1831853K->1021277K(1839616K), 0.0097970 secs] [Times: user=0.06 sys=0.00, real=0.01 secs] 
1432.494: [GC
Desired survivor size 3670016 bytes, new threshold 15 (max 15)
 [PSYoungGen: 813728K->1888K(815616K)] 1833309K->1021493K(1839616K), 0.0094960 secs] [Times: user=0.06 sys=0.00, real=0.01 secs] 
1432.778: [GC
Desired survivor size 3670016 bytes, new threshold 15 (max 15)
 [PSYoungGen: 813920K->1728K(815616K)] 1833525K->1021341K(1839616K), 0.0096560 secs] [Times: user=0.06 sys=0.00, real=0.01 secs] 
1433.091: [GC
Desired survivor size 3145728 bytes, new threshold 14 (max 15)
 [PSYoungGen: 813760K->1568K(815616K)] 1833373K->1021221K(1839616K), 0.0286490 secs] [Times: user=0.04 sys=0.01, real=0.03 secs] 
1433.413: [GC
Desired survivor size 3145728 bytes, new threshold 14 (max 15)
 [PSYoungGen: 813600K->1216K(816128K)] 1833253K->1020893K(1840128K), 0.0095090 secs] [Times: user=0.05 sys=0.00, real=0.01 secs] 
1433.747: [GC
Desired survivor size 3145728 bytes, new threshold 14 (max 15)
 [PSYoungGen: 814272K->672K(816128K)] 1833949K->1020357K(1840128K), 0.0087450 secs] [Times: user=0.06 sys=0.00, real=0.01 secs] 
1434.100: [GC
Desired survivor size 3145728 bytes, new threshold 15 (max 15)
 [PSYoungGen: 813728K->1536K(816128K)] 1833413K->1021245K(1840128K), 0.0095760 secs] [Times: user=0.06 sys=0.00, real=0.01 secs] 
1434.366: [GC
Desired survivor size 3670016 bytes, new threshold 14 (max 15)
 [PSYoungGen: 814592K->3072K(816128K)] 1834301K->1022805K(1840128K), 0.0102190 secs] [Times: user=0.06 sys=0.00, real=0.01 secs] 
1434.643: [GC
Desired survivor size 4194304 bytes, new threshold 13 (max 15)
 [PSYoungGen: 816128K->3072K(814080K)] 1835861K->1023141K(1838080K), 0.0108520 secs] [Times: user=0.06 sys=0.00, real=0.01 secs] 
1435.062: [GC
Desired survivor size 4194304 bytes, new threshold 12 (max 15)
 [PSYoungGen: 814080K->2176K(815104K)] 1834149K->1022277K(1839104K), 0.0637030 secs] [Times: user=0.07 sys=0.00, real=0.07 secs] 
1435.500: [GC
Desired survivor size 3670016 bytes, new threshold 11 (max 15)
 [PSYoungGen: 813184K->2016K(815616K)] 1833285K->1022157K(1839616K), 0.0103200 secs] [Times: user=0.06 sys=0.00, real=0.01 secs] 
1435.778: [GC
Desired survivor size 3670016 bytes, new threshold 10 (max 15)
 [PSYoungGen: 813536K->1184K(815104K)] 1833677K->1021357K(1839104K), 0.0092770 secs] [Times: user=0.05 sys=0.00, real=0.01 secs] 
1436.047: [GC
Desired survivor size 3670016 bytes, new threshold 9 (max 15)
 [PSYoungGen: 812704K->1920K(815616K)] 1832877K->1022125K(1839616K), 0.0102980 secs] [Times: user=0.05 sys=0.00, real=0.01 secs] 
1436.337: [GC
Desired survivor size 3670016 bytes, new threshold 9 (max 15)
 [PSYoungGen: 813952K->1888K(815616K)] 1834157K->1022117K(1839616K), 0.0099370 secs] [Times: user=0.07 sys=0.00, real=0.01 secs] 
1436.598: [GC
Desired survivor size 3670016 bytes, new threshold 9 (max 15)
 [PSYoungGen: 813920K->1184K(815616K)] 1834149K->1021453K(1839616K), 0.0102720 secs] [Times: user=0.05 sys=0.00, real=0.01 secs] 
1436.868: [GC
Desired survivor size 3670016 bytes, new threshold 9 (max 15)
 [PSYoungGen: 813216K->2496K(815616K)] 1833485K->1022789K(1839616K), 0.0105380 secs] [Times: user=0.06 sys=0.00, real=0.01 secs] 
1437.133: [GC
Desired survivor size 3670016 bytes, new threshold 9 (max 15)
 [PSYoungGen: 814528K->1120K(815616K)] 1834821K->1021477K(1839616K), 0.0092560 secs] [Times: user=0.06 sys=0.00, real=0.01 secs] 
1437.394: [GC
Desired survivor size 4194304 bytes, new threshold 8 (max 15)
 [PSYoungGen: 813152K->3584K(815616K)] 1833509K->1024077K(1839616K), 0.0111990 secs] [Times: user=0.06 sys=0.00, real=0.02 secs] 
1437.665: [GC
Desired survivor size 4194304 bytes, new threshold 8 (max 15)
 [PSYoungGen: 815616K->1568K(814592K)] 1836109K->1022093K(1838592K), 0.0096380 secs] [Times: user=0.06 sys=0.00, real=0.01 secs] 
1437.939: [GC
Desired survivor size 4194304 bytes, new threshold 8 (max 15)
 [PSYoungGen: 812576K->2304K(815104K)] 1833101K->1022845K(1839104K), 0.0103580 secs] [Times: user=0.05 sys=0.00, real=0.01 secs] 
1438.206: [GC
Desired survivor size 4194304 bytes, new threshold 9 (max 15)
 [PSYoungGen: 813312K->672K(815104K)] 1833853K->1021221K(1839104K), 0.0089930 secs] [Times: user=0.06 sys=0.00, real=0.01 secs] 
1438.467: [GC
Desired survivor size 4194304 bytes, new threshold 9 (max 15)
 [PSYoungGen: 811680K->1248K(815104K)] 1832229K->1021797K(1839104K), 0.0107050 secs] [Times: user=0.05 sys=0.00, real=0.01 secs] 
1438.743: [GC
Desired survivor size 3670016 bytes, new threshold 10 (max 15)
 [PSYoungGen: 812256K->1600K(815616K)] 1832805K->1022197K(1839616K), 0.0097840 secs] [Times: user=0.06 sys=0.00, real=0.01 secs] 
1439.008: [GC
Desired survivor size 3670016 bytes, new threshold 10 (max 15)
 [PSYoungGen: 813120K->1792K(815104K)] 1833717K->1022389K(1839104K), 0.0107960 secs] [Times: user=0.06 sys=0.00, real=0.01 secs] 
1439.266: [GC
Desired survivor size 4194304 bytes, new threshold 9 (max 15)
 [PSYoungGen: 813312K->3584K(814592K)] 1833909K->1024645K(1838592K), 0.0114690 secs] [Times: user=0.06 sys=0.00, real=0.02 secs] 
1439.528: [GC
Desired survivor size 4194304 bytes, new threshold 9 (max 15)
 [PSYoungGen: 814592K->1600K(815104K)] 1835653K->1022685K(1839104K), 0.0097530 secs] [Times: user=0.05 sys=0.00, real=0.01 secs] 
1439.805: [GC
Desired survivor size 4194304 bytes, new threshold 9 (max 15)
 [PSYoungGen: 812608K->928K(815104K)] 1833693K->1022045K(1839104K), 0.0093850 secs] [Times: user=0.05 sys=0.00, real=0.01 secs] 
1440.073: [GC
Desired survivor size 4194304 bytes, new threshold 9 (max 15)
 [PSYoungGen: 811936K->1376K(815104K)] 1833053K->1022533K(1839104K), 0.0109630 secs] [Times: user=0.05 sys=0.00, real=0.01 secs] 
1440.339: [GC
Desired survivor size 4194304 bytes, new threshold 9 (max 15)
 [PSYoungGen: 812384K->1376K(815104K)] 1833541K->1022565K(1839104K), 0.0100560 secs] [Times: user=0.06 sys=0.00, real=0.01 secs] 
1440.611: [GC
Desired survivor size 3670016 bytes, new threshold 9 (max 15)
 [PSYoungGen: 812384K->1632K(815104K)] 1833573K->1022853K(1839104K), 0.0097540 secs] [Times: user=0.06 sys=0.00, real=0.01 secs] 
1440.884: [GC
Desired survivor size 3670016 bytes, new threshold 10 (max 15)
 [PSYoungGen: 812640K->1440K(815616K)] 1833861K->1022685K(1839616K), 0.0093930 secs] [Times: user=0.05 sys=0.00, real=0.01 secs] 
1441.146: [GC
Desired survivor size 3670016 bytes, new threshold 11 (max 15)
 [PSYoungGen: 813472K->1952K(815616K)] 1834717K->1023197K(1839616K), 0.0097740 secs] [Times: user=0.06 sys=0.00, real=0.01 secs] 
1441.412: [GC
Desired survivor size 3670016 bytes, new threshold 12 (max 15)
 [PSYoungGen: 813984K->2176K(815616K)] 1835229K->1023421K(1839616K), 0.0094320 secs] [Times: user=0.05 sys=0.00, real=0.01 secs] 
1441.681: [GC
Desired survivor size 3670016 bytes, new threshold 13 (max 15)
 [PSYoungGen: 814208K->1088K(815616K)] 1835453K->1022333K(1839616K), 0.0097510 secs] [Times: user=0.05 sys=0.00, real=0.01 secs] 
1441.947: [GC
Desired survivor size 4194304 bytes, new threshold 14 (max 15)
 [PSYoungGen: 813120K->3296K(814592K)] 1834365K->1024541K(1838592K), 0.0103160 secs] [Times: user=0.06 sys=0.00, real=0.01 secs] 
1442.205: [GC
Desired survivor size 4718592 bytes, new threshold 13 (max 15)
 [PSYoungGen: 814304K->4096K(815104K)] 1835549K->1025389K(1839104K), 0.0113870 secs] [Times: user=0.06 sys=0.00, real=0.01 secs] 
1442.468: [GC
Desired survivor size 4718592 bytes, new threshold 13 (max 15)
 [PSYoungGen: 815104K->1760K(814080K)] 1836397K->1023101K(1838080K), 0.0103010 secs] [Times: user=0.07 sys=0.00, real=0.01 secs] 
1442.739: [GC
Desired survivor size 4194304 bytes, new threshold 13 (max 15)
 [PSYoungGen: 811744K->1920K(814592K)] 1833085K->1023397K(1838592K), 0.0099070 secs] [Times: user=0.07 sys=0.00, real=0.01 secs] 
1443.012: [GC
Desired survivor size 4194304 bytes, new threshold 14 (max 15)
 [PSYoungGen: 811904K->1248K(815104K)] 1833381K->1022749K(1839104K), 0.0097110 secs] [Times: user=0.05 sys=0.00, real=0.01 secs] 
1443.284: [GC
Desired survivor size 4194304 bytes, new threshold 15 (max 15)
 [PSYoungGen: 812256K->2240K(815104K)] 1833757K->1023741K(1839104K), 0.0102460 secs] [Times: user=0.05 sys=0.01, real=0.01 secs] 
1443.545: [GC
Desired survivor size 4194304 bytes, new threshold 15 (max 15)
 [PSYoungGen: 813248K->2400K(815104K)] 1834749K->1023901K(1839104K), 0.0101140 secs] [Times: user=0.07 sys=0.00, real=0.01 secs] 
1443.817: [GC
Desired survivor size 4194304 bytes, new threshold 15 (max 15)
 [PSYoungGen: 813408K->672K(815104K)] 1834909K->1022197K(1839104K), 0.0091930 secs] [Times: user=0.05 sys=0.00, real=0.00 secs] 
1444.086: [GC
Desired survivor size 4194304 bytes, new threshold 15 (max 15)
 [PSYoungGen: 811680K->3008K(815104K)] 1833205K->1024581K(1839104K), 0.0101190 secs] [Times: user=0.05 sys=0.00, real=0.01 secs] 
1444.348: [GC
Desired survivor size 4718592 bytes, new threshold 15 (max 15)
 [PSYoungGen: 814016K->2976K(814080K)] 1835589K->1024597K(1838080K), 0.0099910 secs] [Times: user=0.06 sys=0.00, real=0.01 secs] 
1444.615: [GC
Desired survivor size 4718592 bytes, new threshold 15 (max 15)
 [PSYoungGen: 813984K->1152K(814592K)] 1835605K->1022797K(1838592K), 0.0095060 secs] [Times: user=0.05 sys=0.00, real=0.01 secs] 
1444.883: [GC
Desired survivor size 4194304 bytes, new threshold 15 (max 15)
 [PSYoungGen: 811136K->1312K(814592K)] 1832781K->1022965K(1838592K), 0.0093820 secs] [Times: user=0.05 sys=0.00, real=0.01 secs] 
1445.150: [GC
Desired survivor size 5242880 bytes, new threshold 14 (max 15)
 [PSYoungGen: 811296K->4096K(813056K)] 1832949K->1026005K(1837056K), 0.0112890 secs] [Times: user=0.07 sys=0.00, real=0.01 secs] 
1445.411: [GC
Desired survivor size 4718592 bytes, new threshold 14 (max 15)
 [PSYoungGen: 813056K->2208K(814080K)] 1834965K->1024141K(1838080K), 0.0103070 secs] [Times: user=0.06 sys=0.00, real=0.01 secs] 
1445.678: [GC
Desired survivor size 4718592 bytes, new threshold 15 (max 15)
 [PSYoungGen: 811168K->1056K(814592K)] 1833101K->1023013K(1838592K), 0.0093370 secs] [Times: user=0.05 sys=0.00, real=0.01 secs] 
1445.948: [GC
Desired survivor size 4718592 bytes, new threshold 15 (max 15)
 [PSYoungGen: 811040K->2592K(814592K)] 1832997K->1024549K(1838592K), 0.0101720 secs] [Times: user=0.06 sys=0.00, real=0.00 secs] 
1446.213: [GC
Desired survivor size 4718592 bytes, new threshold 15 (max 15)
 [PSYoungGen: 812576K->2336K(814592K)] 1834533K->1024325K(1838592K), 0.0102780 secs] [Times: user=0.06 sys=0.00, real=0.01 secs] 
1446.479: [GC
Desired survivor size 4718592 bytes, new threshold 15 (max 15)
 [PSYoungGen: 812320K->2720K(814592K)] 1834309K->1024741K(1838592K), 0.0107290 secs] [Times: user=0.06 sys=0.00, real=0.01 secs] 
1446.759: [GC
Desired survivor size 4718592 bytes, new threshold 15 (max 15)
 [PSYoungGen: 812704K->1888K(814592K)] 1834725K->1023925K(1838592K), 0.0101440 secs] [Times: user=0.05 sys=0.00, real=0.01 secs] 
1447.017: [GC
Desired survivor size 4194304 bytes, new threshold 15 (max 15)
 [PSYoungGen: 811872K->1344K(814592K)] 1833909K->1023429K(1838592K), 0.0096770 secs] [Times: user=0.05 sys=0.00, real=0.01 secs] 
1447.290: [GC
Desired survivor size 4194304 bytes, new threshold 15 (max 15)
 [PSYoungGen: 811328K->736K(815104K)] 1833413K->1022853K(1839104K), 0.0089370 secs] [Times: user=0.05 sys=0.00, real=0.01 secs] 
1447.556: [GC
Desired survivor size 4194304 bytes, new threshold 15 (max 15)
 [PSYoungGen: 811744K->2464K(815104K)] 1833861K->1024605K(1839104K), 0.0099330 secs] [Times: user=0.05 sys=0.01, real=0.01 secs] 
1447.831: [GC
Desired survivor size 4194304 bytes, new threshold 15 (max 15)
 [PSYoungGen: 813472K->800K(815104K)] 1835613K->1022949K(1839104K), 0.0090450 secs] [Times: user=0.04 sys=0.00, real=0.01 secs] 
1448.101: [GC
Desired survivor size 4194304 bytes, new threshold 15 (max 15)
 [PSYoungGen: 811808K->1824K(815104K)] 1833957K->1024013K(1839104K), 0.0104110 secs] [Times: user=0.04 sys=0.00, real=0.01 secs] 
1448.361: [GC
Desired survivor size 4194304 bytes, new threshold 15 (max 15)
 [PSYoungGen: 812832K->1376K(815104K)] 1835021K->1023597K(1839104K), 0.0095240 secs] [Times: user=0.06 sys=0.00, real=0.01 secs] 
1448.630: [GC
Desired survivor size 4194304 bytes, new threshold 15 (max 15)
 [PSYoungGen: 812384K->1536K(815104K)] 1834605K->1023789K(1839104K), 0.0099630 secs] [Times: user=0.06 sys=0.00, real=0.01 secs] 
1448.899: [GC
Desired survivor size 3670016 bytes, new threshold 15 (max 15)
 [PSYoungGen: 812544K->1632K(815616K)] 1834797K->1023909K(1839616K), 0.0098300 secs] [Times: user=0.07 sys=0.00, real=0.01 secs] 
1449.164: [GC
Desired survivor size 4194304 bytes, new threshold 15 (max 15)
 [PSYoungGen: 813152K->2752K(815104K)] 1835429K->1025085K(1839104K), 0.0104420 secs] [Times: user=0.06 sys=0.00, real=0.01 secs] 
1449.427: [GC
Desired survivor size 4194304 bytes, new threshold 15 (max 15)
 [PSYoungGen: 814272K->2208K(815104K)] 1836605K->1024565K(1839104K), 0.0099060 secs] [Times: user=0.06 sys=0.00, real=0.01 secs] 
1449.692: [GC
Desired survivor size 3670016 bytes, new threshold 15 (max 15)
 [PSYoungGen: 813216K->1440K(815104K)] 1835573K->1023813K(1839104K), 0.0095900 secs] [Times: user=0.06 sys=0.00, real=0.01 secs] 
1449.966: [GC
Desired survivor size 3670016 bytes, new threshold 15 (max 15)
 [PSYoungGen: 812448K->1248K(815616K)] 1834821K->1023645K(1839616K), 0.0138600 secs] [Times: user=0.07 sys=0.01, real=0.02 secs] 
1450.234: [GC
Desired survivor size 3670016 bytes, new threshold 15 (max 15)
 [PSYoungGen: 813280K->544K(815616K)] 1835677K->1022981K(1839616K), 0.0090610 secs] [Times: user=0.05 sys=0.00, real=0.01 secs] 
1450.508: [GC
Desired survivor size 3670016 bytes, new threshold 15 (max 15)
 [PSYoungGen: 812576K->640K(815616K)] 1835013K->1023109K(1839616K), 0.0096610 secs] [Times: user=0.05 sys=0.00, real=0.01 secs] 
1450.787: [GC
Desired survivor size 3670016 bytes, new threshold 15 (max 15)
 [PSYoungGen: 812672K->512K(815616K)] 1835141K->1023005K(1839616K), 0.0090420 secs] [Times: user=0.05 sys=0.00, real=0.01 secs] 
1451.056: [GC
Desired survivor size 3670016 bytes, new threshold 15 (max 15)
 [PSYoungGen: 812544K->1536K(815616K)] 1835037K->1024061K(1839616K), 0.0099100 secs] [Times: user=0.06 sys=0.00, real=0.01 secs] 
1451.321: [GC
Desired survivor size 3670016 bytes, new threshold 15 (max 15)
 [PSYoungGen: 813568K->2304K(815616K)] 1836093K->1024853K(1839616K), 0.0100930 secs] [Times: user=0.05 sys=0.01, real=0.01 secs] 
1451.585: [GC
Desired survivor size 3670016 bytes, new threshold 15 (max 15)
 [PSYoungGen: 814336K->1248K(815616K)] 1836885K->1023813K(1839616K), 0.0093600 secs] [Times: user=0.06 sys=0.00, real=0.01 secs] 
1451.863: [GC
Desired survivor size 3670016 bytes, new threshold 15 (max 15)
 [PSYoungGen: 813280K->2304K(815616K)] 1835845K->1024885K(1839616K), 0.0112360 secs] [Times: user=0.06 sys=0.01, real=0.01 secs] 
1452.136: [GC
Desired survivor size 3670016 bytes, new threshold 15 (max 15)
 [PSYoungGen: 814336K->1024K(815616K)] 1836917K->1023629K(1839616K), 0.0091210 secs] [Times: user=0.05 sys=0.00, real=0.01 secs] 
1452.399: [GC
Desired survivor size 3670016 bytes, new threshold 15 (max 15)
 [PSYoungGen: 813056K->2272K(815616K)] 1835661K->1024901K(1839616K), 0.0101760 secs] [Times: user=0.06 sys=0.00, real=0.01 secs] 
1452.656: [GC
Desired survivor size 4718592 bytes, new threshold 14 (max 15)
 [PSYoungGen: 814304K->3584K(813568K)] 1836933K->1027373K(1837568K), 0.0113340 secs] [Times: user=0.08 sys=0.00, real=0.01 secs] 
1452.667: [Full GC [PSYoungGen: 3584K->0K(813568K)] [ParOldGen: 1023789K->982201K(1024000K)] 1027373K->982201K(1837568K) [PSPermGen: 48231K->48231K(524288K)], 1.2538980 secs] [Times: user=9.14 sys=0.00, real=1.26 secs] 
1454.183: [GC
Desired survivor size 5242880 bytes, new threshold 14 (max 15)
 [PSYoungGen: 809984K->3232K(813568K)] 1792185K->985433K(1837568K), 0.0103140 secs] [Times: user=0.06 sys=0.00, real=0.01 secs] 
1454.441: [GC
Desired survivor size 5767168 bytes, new threshold 14 (max 15)
 [PSYoungGen: 813216K->4640K(813056K)] 1795417K->986841K(1837056K), 0.0111650 secs] [Times: user=0.07 sys=0.01, real=0.01 secs] 
1454.729: [GC
Desired survivor size 5767168 bytes, new threshold 14 (max 15)
 [PSYoungGen: 812576K->3296K(813568K)] 1794777K->985497K(1837568K), 0.0107790 secs] [Times: user=0.06 sys=0.00, real=0.01 secs] 
1455.006: [GC
Desired survivor size 5767168 bytes, new threshold 14 (max 15)
 [PSYoungGen: 811232K->2816K(813568K)] 1793433K->985017K(1837568K), 0.0098660 secs] [Times: user=0.05 sys=0.00, real=0.01 secs] 
1455.272: [GC
Desired survivor size 5767168 bytes, new threshold 14 (max 15)
 [PSYoungGen: 810752K->3392K(813568K)] 1792953K->985593K(1837568K), 0.0098350 secs] [Times: user=0.06 sys=0.00, real=0.01 secs] 
1455.538: [GC
Desired survivor size 5767168 bytes, new threshold 13 (max 15)
 [PSYoungGen: 811328K->3104K(813568K)] 1793529K->985305K(1837568K), 0.0098040 secs] [Times: user=0.05 sys=0.00, real=0.01 secs] 
1455.811: [GC
Desired survivor size 5767168 bytes, new threshold 12 (max 15)
 [PSYoungGen: 811040K->3232K(813568K)] 1793241K->985433K(1837568K), 0.0099010 secs] [Times: user=0.06 sys=0.00, real=0.01 secs] 
1456.074: [GC
Desired survivor size 5767168 bytes, new threshold 11 (max 15)
 [PSYoungGen: 811168K->3904K(813568K)] 1793369K->986105K(1837568K), 0.0110880 secs] [Times: user=0.08 sys=0.00, real=0.01 secs] 
1456.336: [GC
Desired survivor size 5767168 bytes, new threshold 10 (max 15)
 [PSYoungGen: 811840K->3552K(813568K)] 1794041K->985753K(1837568K), 0.0100190 secs] [Times: user=0.06 sys=0.00, real=0.01 secs] 
1456.607: [GC
Desired survivor size 5767168 bytes, new threshold 9 (max 15)
 [PSYoungGen: 811488K->3648K(813568K)] 1793689K->985849K(1837568K), 0.0102640 secs] [Times: user=0.06 sys=0.01, real=0.01 secs] 
1456.872: [GC
Desired survivor size 5767168 bytes, new threshold 8 (max 15)
 [PSYoungGen: 811584K->3072K(813568K)] 1793785K->987273K(1837568K), 0.0112200 secs] [Times: user=0.06 sys=0.00, real=0.01 secs] 
1457.137: [GC
Desired survivor size 5767168 bytes, new threshold 7 (max 15)
 [PSYoungGen: 811008K->2368K(813568K)] 1795209K->986601K(1837568K), 0.0097110 secs] [Times: user=0.05 sys=0.00, real=0.01 secs] 
1457.389: [GC
Desired survivor size 5767168 bytes, new threshold 6 (max 15)
 [PSYoungGen: 810304K->1312K(813568K)] 1794537K->985577K(1837568K), 0.0088220 secs] [Times: user=0.05 sys=0.00, real=0.01 secs] 
1457.652: [GC
Desired survivor size 5767168 bytes, new threshold 5 (max 15)
 [PSYoungGen: 809248K->800K(813568K)] 1793513K->985089K(1837568K), 0.0093830 secs] [Times: user=0.05 sys=0.00, real=0.01 secs] 
1457.918: [GC
Desired survivor size 5767168 bytes, new threshold 4 (max 15)
 [PSYoungGen: 808736K->1088K(813568K)] 1793025K->985409K(1837568K), 0.0093060 secs] [Times: user=0.05 sys=0.00, real=0.01 secs] 
1458.188: [GC
Desired survivor size 5767168 bytes, new threshold 3 (max 15)
 [PSYoungGen: 809024K->1376K(813568K)] 1793345K->985737K(1837568K), 0.0097650 secs] [Times: user=0.05 sys=0.00, real=0.01 secs] 
1458.449: [GC
Desired survivor size 5767168 bytes, new threshold 2 (max 15)
 [PSYoungGen: 809312K->3328K(813568K)] 1793673K->987713K(1837568K), 0.0099170 secs] [Times: user=0.06 sys=0.00, real=0.01 secs] 
1458.709: [GC
Desired survivor size 5767168 bytes, new threshold 1 (max 15)
 [PSYoungGen: 811264K->3648K(813568K)] 1795649K->988065K(1837568K), 0.0181570 secs] [Times: user=0.08 sys=0.00, real=0.02 secs] 
1458.980: [GC
Desired survivor size 5767168 bytes, new threshold 1 (max 15)
 [PSYoungGen: 811584K->2368K(813568K)] 1796001K->986817K(1837568K), 0.0093170 secs] [Times: user=0.06 sys=0.00, real=0.00 secs] 
1459.238: [GC
Desired survivor size 5242880 bytes, new threshold 1 (max 15)
 [PSYoungGen: 810304K->2400K(814080K)] 1794753K->986881K(1838080K), 0.0097950 secs] [Times: user=0.07 sys=0.00, real=0.01 secs] 
1459.502: [GC
Desired survivor size 5242880 bytes, new threshold 1 (max 15)
 [PSYoungGen: 810848K->1440K(813568K)] 1795329K->985945K(1837568K), 0.0090060 secs] [Times: user=0.06 sys=0.00, real=0.01 secs] 
1459.837: [GC
Desired survivor size 5242880 bytes, new threshold 1 (max 15)
 [PSYoungGen: 809888K->2176K(814080K)] 1794393K->986705K(1838080K), 0.0096300 secs] [Times: user=0.05 sys=0.00, real=0.01 secs] 
1460.106: [GC
Desired survivor size 4718592 bytes, new threshold 1 (max 15)
 [PSYoungGen: 811136K->1536K(814080K)] 1795665K->986097K(1838080K), 0.0092080 secs] [Times: user=0.05 sys=0.00, real=0.01 secs] 
1460.365: [GC
Desired survivor size 4718592 bytes, new threshold 1 (max 15)
 [PSYoungGen: 810496K->2272K(814592K)] 1795057K->986873K(1838592K), 0.0094690 secs] [Times: user=0.05 sys=0.00, real=0.01 secs] 
1460.623: [GC
Desired survivor size 4718592 bytes, new threshold 1 (max 15)
 [PSYoungGen: 812256K->2624K(814592K)] 1796857K->987249K(1838592K), 0.0099360 secs] [Times: user=0.06 sys=0.00, real=0.01 secs] 
1460.895: [GC
Desired survivor size 4718592 bytes, new threshold 1 (max 15)
 [PSYoungGen: 812608K->1344K(814592K)] 1797233K->986001K(1838592K), 0.0092290 secs] [Times: user=0.05 sys=0.00, real=0.01 secs] 
1461.155: [GC
Desired survivor size 4718592 bytes, new threshold 1 (max 15)
 [PSYoungGen: 811328K->2752K(814592K)] 1795985K->987433K(1838592K), 0.0102080 secs] [Times: user=0.05 sys=0.01, real=0.01 secs] 
1461.411: [GC
Desired survivor size 4718592 bytes, new threshold 1 (max 15)
 [PSYoungGen: 812736K->3328K(814592K)] 1797417K->988041K(1838592K), 0.0096980 secs] [Times: user=0.06 sys=0.00, real=0.01 secs] 
1461.683: [GC
Desired survivor size 4718592 bytes, new threshold 1 (max 15)
 [PSYoungGen: 813312K->1504K(814592K)] 1798025K->986249K(1838592K), 0.0095720 secs] [Times: user=0.06 sys=0.00, real=0.01 secs] 
1461.955: [GC
Desired survivor size 4718592 bytes, new threshold 1 (max 15)
 [PSYoungGen: 811488K->2880K(814592K)] 1796233K->987633K(1838592K), 0.0101350 secs] [Times: user=0.05 sys=0.00, real=0.01 secs] 
1462.220: [GC
Desired survivor size 5242880 bytes, new threshold 1 (max 15)
 [PSYoungGen: 812864K->3680K(814080K)] 1797617K->988449K(1838080K), 0.0102710 secs] [Times: user=0.06 sys=0.00, real=0.02 secs] 
1462.476: [GC
Desired survivor size 4718592 bytes, new threshold 1 (max 15)
 [PSYoungGen: 813664K->1952K(814592K)] 1798433K->986753K(1838592K), 0.0096130 secs] [Times: user=0.05 sys=0.00, real=0.01 secs] 
1462.746: [GC
Desired survivor size 4718592 bytes, new threshold 1 (max 15)
 [PSYoungGen: 811424K->2432K(814080K)] 1796225K->987249K(1838080K), 0.0098490 secs] [Times: user=0.06 sys=0.00, real=0.01 secs] 
1463.016: [GC
Desired survivor size 4718592 bytes, new threshold 1 (max 15)
 [PSYoungGen: 811904K->1952K(814592K)] 1796721K->986785K(1838592K), 0.0096290 secs] [Times: user=0.05 sys=0.00, real=0.01 secs] 
1463.284: [GC
Desired survivor size 4194304 bytes, new threshold 1 (max 15)
 [PSYoungGen: 811936K->2080K(814592K)] 1796769K->986937K(1838592K), 0.0099800 secs] [Times: user=0.04 sys=0.00, real=0.01 secs] 
1463.549: [GC
Desired survivor size 4194304 bytes, new threshold 1 (max 15)
 [PSYoungGen: 812064K->2560K(815104K)] 1796921K->987457K(1839104K), 0.0095280 secs] [Times: user=0.06 sys=0.00, real=0.01 secs] 
1463.822: [GC
Desired survivor size 4194304 bytes, new threshold 1 (max 15)
 [PSYoungGen: 813568K->2336K(815104K)] 1798465K->987249K(1839104K), 0.0103010 secs] [Times: user=0.05 sys=0.00, real=0.01 secs] 
1464.093: [GC
Desired survivor size 4194304 bytes, new threshold 1 (max 15)
 [PSYoungGen: 813344K->1472K(815104K)] 1798257K->986425K(1839104K), 0.0092570 secs] [Times: user=0.05 sys=0.00, real=0.01 secs] 
1464.356: [GC
Desired survivor size 4194304 bytes, new threshold 1 (max 15)
 [PSYoungGen: 812480K->1056K(815104K)] 1797433K->986025K(1839104K), 0.0091830 secs] [Times: user=0.05 sys=0.00, real=0.01 secs] 
1464.624: [GC
Desired survivor size 4194304 bytes, new threshold 1 (max 15)
 [PSYoungGen: 812064K->1888K(815104K)] 1797033K->986873K(1839104K), 0.0097330 secs] [Times: user=0.06 sys=0.00, real=0.01 secs] 
1464.890: [GC
Desired survivor size 4194304 bytes, new threshold 1 (max 15)
 [PSYoungGen: 812896K->1376K(815104K)] 1797881K->986385K(1839104K), 0.0089100 secs] [Times: user=0.04 sys=0.00, real=0.01 secs] 
1465.157: [GC
Desired survivor size 4194304 bytes, new threshold 1 (max 15)
 [PSYoungGen: 812384K->864K(815104K)] 1797393K->985897K(1839104K), 0.0088780 secs] [Times: user=0.06 sys=0.00, real=0.01 secs] 
1465.413: [GC
Desired survivor size 4194304 bytes, new threshold 1 (max 15)
 [PSYoungGen: 811872K->1984K(815104K)] 1796905K->987057K(1839104K), 0.0093770 secs] [Times: user=0.05 sys=0.01, real=0.01 secs] 
1465.676: [GC
Desired survivor size 3670016 bytes, new threshold 1 (max 15)
 [PSYoungGen: 812992K->1344K(815616K)] 1798065K->986465K(1839616K), 0.0089080 secs] [Times: user=0.04 sys=0.00, real=0.01 secs] 
1465.941: [GC
Desired survivor size 3670016 bytes, new threshold 1 (max 15)
 [PSYoungGen: 812864K->1440K(815104K)] 1797985K->986601K(1839104K), 0.0090890 secs] [Times: user=0.05 sys=0.00, real=0.00 secs] 
1466.215: [GC
Desired survivor size 3670016 bytes, new threshold 1 (max 15)
 [PSYoungGen: 812960K->512K(815616K)] 1798121K->985705K(1839616K), 0.0088210 secs] [Times: user=0.04 sys=0.00, real=0.01 secs] 
1466.492: [GC
Desired survivor size 3670016 bytes, new threshold 1 (max 15)
 [PSYoungGen: 812544K->1600K(815616K)] 1797737K->986809K(1839616K), 0.0096080 secs] [Times: user=0.05 sys=0.00, real=0.01 secs] 
1466.765: [GC
Desired survivor size 4194304 bytes, new threshold 1 (max 15)
 [PSYoungGen: 813632K->3104K(814592K)] 1798841K->988713K(1838592K), 0.0104560 secs] [Times: user=0.06 sys=0.00, real=0.01 secs] 
1467.032: [GC
Desired survivor size 4194304 bytes, new threshold 1 (max 15)
 [PSYoungGen: 814112K->2976K(815104K)] 1799721K->989081K(1839104K), 0.0103300 secs] [Times: user=0.06 sys=0.00, real=0.01 secs] 
1467.297: [GC
Desired survivor size 4194304 bytes, new threshold 1 (max 15)
 [PSYoungGen: 813984K->832K(815104K)] 1800089K->987097K(1839104K), 0.0089730 secs] [Times: user=0.04 sys=0.00, real=0.01 secs] 
1467.560: [GC
Desired survivor size 4194304 bytes, new threshold 1 (max 15)
 [PSYoungGen: 811840K->736K(815104K)] 1798105K->987049K(1839104K), 0.0088420 secs] [Times: user=0.05 sys=0.00, real=0.01 secs] 
1467.833: [GC
Desired survivor size 4194304 bytes, new threshold 1 (max 15)
 [PSYoungGen: 811744K->1408K(815104K)] 1798057K->987745K(1839104K), 0.0093230 secs] [Times: user=0.05 sys=0.00, real=0.01 secs] 
1468.101: [GC
Desired survivor size 4194304 bytes, new threshold 1 (max 15)
 [PSYoungGen: 812416K->1152K(815104K)] 1798753K->987521K(1839104K), 0.0098330 secs] [Times: user=0.05 sys=0.00, real=0.01 secs] 
1468.361: [GC
Desired survivor size 3670016 bytes, new threshold 1 (max 15)
 [PSYoungGen: 812160K->1376K(815616K)] 1798529K->987777K(1839616K), 0.0090110 secs] [Times: user=0.04 sys=0.00, real=0.00 secs] 
1468.632: [GC
Desired survivor size 3670016 bytes, new threshold 1 (max 15)
 [PSYoungGen: 812896K->928K(815104K)] 1799297K->987345K(1839104K), 0.0088770 secs] [Times: user=0.05 sys=0.00, real=0.00 secs] 
1468.910: [GC
Desired survivor size 3670016 bytes, new threshold 1 (max 15)
 [PSYoungGen: 812448K->1344K(815616K)] 1798865K->987785K(1839616K), 0.0091180 secs] [Times: user=0.05 sys=0.01, real=0.01 secs] 
1469.183: [GC
Desired survivor size 3670016 bytes, new threshold 1 (max 15)
 [PSYoungGen: 813376K->1120K(815616K)] 1799817K->987585K(1839616K), 0.0091880 secs] [Times: user=0.06 sys=0.00, real=0.01 secs] 
1469.447: [GC
Desired survivor size 3670016 bytes, new threshold 1 (max 15)
 [PSYoungGen: 813152K->896K(815616K)] 1799617K->987409K(1839616K), 0.0091230 secs] [Times: user=0.05 sys=0.00, real=0.01 secs] 
1469.725: [GC
Desired survivor size 3145728 bytes, new threshold 1 (max 15)
 [PSYoungGen: 812928K->608K(815616K)] 1799441K->987153K(1839616K), 0.0090190 secs] [Times: user=0.05 sys=0.00, real=0.01 secs] 
1469.985: [GC
Desired survivor size 3670016 bytes, new threshold 1 (max 15)
 [PSYoungGen: 812640K->2496K(815104K)] 1799185K->989065K(1839104K), 0.0099240 secs] [Times: user=0.05 sys=0.00, real=0.01 secs] 
1470.247: [GC
Desired survivor size 3670016 bytes, new threshold 1 (max 15)
 [PSYoungGen: 814528K->2304K(815616K)] 1801097K->988881K(1839616K), 0.0093460 secs] [Times: user=0.05 sys=0.00, real=0.01 secs] 
1470.508: [GC
Desired survivor size 4194304 bytes, new threshold 1 (max 15)
 [PSYoungGen: 814336K->3584K(814592K)] 1800913K->990217K(1838592K), 0.0108970 secs] [Times: user=0.06 sys=0.00, real=0.01 secs] 
1470.784: [GC
Desired survivor size 4718592 bytes, new threshold 1 (max 15)
 [PSYoungGen: 814592K->2592K(814080K)] 1801225K->989257K(1838080K), 0.0098170 secs] [Times: user=0.05 sys=0.00, real=0.01 secs] 
1471.045: [GC
Desired survivor size 4194304 bytes, new threshold 1 (max 15)
 [PSYoungGen: 813600K->2336K(815104K)] 1800265K->989017K(1839104K), 0.0106870 secs] [Times: user=0.05 sys=0.00, real=0.01 secs] 
1471.315: [GC
Desired survivor size 4194304 bytes, new threshold 1 (max 15)
 [PSYoungGen: 812832K->1472K(814592K)] 1799513K->988169K(1838592K), 0.0089790 secs] [Times: user=0.06 sys=0.00, real=0.01 secs] 
1471.574: [GC
Desired survivor size 4194304 bytes, new threshold 1 (max 15)
 [PSYoungGen: 811968K->736K(815104K)] 1798665K->987473K(1839104K), 0.0103350 secs] [Times: user=0.06 sys=0.00, real=0.01 secs] 
1471.853: [GC
Desired survivor size 4194304 bytes, new threshold 1 (max 15)
 [PSYoungGen: 811744K->1152K(815104K)] 1798481K->987905K(1839104K), 0.0090930 secs] [Times: user=0.04 sys=0.00, real=0.01 secs] 
1472.121: [GC
Desired survivor size 4194304 bytes, new threshold 1 (max 15)
 [PSYoungGen: 812160K->992K(815104K)] 1798913K->987785K(1839104K), 0.0086240 secs] [Times: user=0.05 sys=0.00, real=0.01 secs] 
1472.382: [GC
Desired survivor size 4194304 bytes, new threshold 1 (max 15)
 [PSYoungGen: 812000K->768K(815104K)] 1798793K->987601K(1839104K), 0.0089850 secs] [Times: user=0.06 sys=0.00, real=0.01 secs] 
1472.651: [GC
Desired survivor size 3670016 bytes, new threshold 1 (max 15)
 [PSYoungGen: 811776K->1536K(815616K)] 1798609K->988401K(1839616K), 0.0089770 secs] [Times: user=0.05 sys=0.00, real=0.01 secs] 
1472.930: [GC
Desired survivor size 3670016 bytes, new threshold 1 (max 15)
 [PSYoungGen: 813056K->1088K(815104K)] 1799921K->987977K(1839104K), 0.0088540 secs] [Times: user=0.06 sys=0.00, real=0.01 secs] 
1473.196: [GC
Desired survivor size 3670016 bytes, new threshold 1 (max 15)
 [PSYoungGen: 812608K->672K(815616K)] 1799497K->987593K(1839616K), 0.0091800 secs] [Times: user=0.04 sys=0.00, real=0.01 secs] 
1473.460: [GC
Desired survivor size 3670016 bytes, new threshold 1 (max 15)
 [PSYoungGen: 812704K->1568K(815616K)] 1799625K->988521K(1839616K), 0.0093920 secs] [Times: user=0.05 sys=0.00, real=0.01 secs] 
1473.736: [GC
Desired survivor size 3145728 bytes, new threshold 1 (max 15)
 [PSYoungGen: 813600K->928K(816128K)] 1800553K->987913K(1840128K), 0.0089410 secs] [Times: user=0.05 sys=0.00, real=0.01 secs] 
1474.031: [GC
Desired survivor size 3670016 bytes, new threshold 1 (max 15)
 [PSYoungGen: 813472K->2880K(815616K)] 1800457K->989889K(1839616K), 0.0096830 secs] [Times: user=0.07 sys=0.00, real=0.01 secs] 
1474.292: [GC
Desired survivor size 3670016 bytes, new threshold 1 (max 15)
 [PSYoungGen: 815424K->480K(815616K)] 1802433K->987521K(1839616K), 0.0085100 secs] [Times: user=0.04 sys=0.00, real=0.01 secs] 
1474.556: [GC
Desired survivor size 4718592 bytes, new threshold 1 (max 15)
 [PSYoungGen: 812512K->3584K(815616K)] 1799553K->990905K(1839616K), 0.0104310 secs] [Times: user=0.06 sys=0.01, real=0.01 secs] 
1474.830: [GC
Desired survivor size 4194304 bytes, new threshold 1 (max 15)
 [PSYoungGen: 815616K->1952K(814592K)] 1802937K->989337K(1838592K), 0.0096700 secs] [Times: user=0.06 sys=0.00, real=0.01 secs] 
1475.099: [GC
Desired survivor size 4194304 bytes, new threshold 1 (max 15)
 [PSYoungGen: 812960K->2112K(815104K)] 1800345K->989537K(1839104K), 0.0098690 secs] [Times: user=0.05 sys=0.00, real=0.01 secs] 
1475.378: [GC
Desired survivor size 4194304 bytes, new threshold 1 (max 15)
 [PSYoungGen: 813120K->1440K(815104K)] 1800545K->988905K(1839104K), 0.0095530 secs] [Times: user=0.05 sys=0.01, real=0.01 secs] 
1475.642: [GC
Desired survivor size 3670016 bytes, new threshold 1 (max 15)
 [PSYoungGen: 812448K->1536K(815104K)] 1799913K->989017K(1839104K), 0.0096380 secs] [Times: user=0.07 sys=0.00, real=0.01 secs] 
1475.912: [GC
Desired survivor size 3670016 bytes, new threshold 1 (max 15)
 [PSYoungGen: 812544K->1504K(815616K)] 1800025K->989017K(1839616K), 0.0097280 secs] [Times: user=0.05 sys=0.00, real=0.00 secs] 
1476.175: [GC
Desired survivor size 4194304 bytes, new threshold 1 (max 15)
 [PSYoungGen: 813536K->3584K(815616K)] 1801049K->991465K(1839616K), 0.0105000 secs] [Times: user=0.06 sys=0.00, real=0.01 secs] 
1476.439: [GC
Desired survivor size 4194304 bytes, new threshold 1 (max 15)
 [PSYoungGen: 815616K->2400K(814592K)] 1803497K->990377K(1838592K), 0.0100810 secs] [Times: user=0.05 sys=0.00, real=0.01 secs] 
1476.697: [GC
Desired survivor size 4194304 bytes, new threshold 1 (max 15)
 [PSYoungGen: 813408K->1856K(815104K)] 1801385K->989865K(1839104K), 0.0103400 secs] [Times: user=0.06 sys=0.00, real=0.01 secs] 
1476.966: [GC
Desired survivor size 4194304 bytes, new threshold 1 (max 15)
 [PSYoungGen: 812864K->1376K(815104K)] 1800873K->989425K(1839104K), 0.0135840 secs] [Times: user=0.06 sys=0.01, real=0.01 secs] 
1477.242: [GC
Desired survivor size 4194304 bytes, new threshold 1 (max 15)
 [PSYoungGen: 812384K->704K(815104K)] 1800433K->988793K(1839104K), 0.0102870 secs] [Times: user=0.05 sys=0.00, real=0.02 secs] 
1477.508: [GC
Desired survivor size 4194304 bytes, new threshold 1 (max 15)
 [PSYoungGen: 811712K->1024K(815104K)] 1799801K->989137K(1839104K), 0.0092760 secs] [Times: user=0.06 sys=0.00, real=0.01 secs] 
1477.774: [GC
Desired survivor size 3670016 bytes, new threshold 1 (max 15)
 [PSYoungGen: 812032K->1600K(815104K)] 1800145K->989745K(1839104K), 0.0090870 secs] [Times: user=0.05 sys=0.00, real=0.01 secs] 
1478.047: [GC
Desired survivor size 3670016 bytes, new threshold 1 (max 15)
 [PSYoungGen: 812608K->1408K(815616K)] 1800753K->989577K(1839616K), 0.0092970 secs] [Times: user=0.05 sys=0.00, real=0.01 secs] 
1478.311: [GC
Desired survivor size 3670016 bytes, new threshold 1 (max 15)
 [PSYoungGen: 813440K->1376K(815616K)] 1801609K->989569K(1839616K), 0.0090020 secs] [Times: user=0.05 sys=0.00, real=0.01 secs] 
1478.572: [GC
Desired survivor size 3670016 bytes, new threshold 1 (max 15)
 [PSYoungGen: 813408K->2080K(815616K)] 1801601K->990289K(1839616K), 0.0120700 secs] [Times: user=0.07 sys=0.00, real=0.02 secs] 
1478.845: [GC
Desired survivor size 3670016 bytes, new threshold 1 (max 15)
 [PSYoungGen: 814112K->2624K(815616K)] 1802321K->990849K(1839616K), 0.0100100 secs] [Times: user=0.05 sys=0.00, real=0.01 secs] 
1479.112: [GC
Desired survivor size 3670016 bytes, new threshold 1 (max 15)
 [PSYoungGen: 814656K->1152K(815616K)] 1802881K->989401K(1839616K), 0.0094380 secs] [Times: user=0.05 sys=0.00, real=0.01 secs] 
1479.374: [GC
Desired survivor size 3670016 bytes, new threshold 1 (max 15)
 [PSYoungGen: 813184K->1632K(815616K)] 1801433K->989905K(1839616K), 0.0095980 secs] [Times: user=0.05 sys=0.00, real=0.01 secs] 
1479.638: [GC
Desired survivor size 3670016 bytes, new threshold 1 (max 15)
 [PSYoungGen: 813664K->800K(815616K)] 1801937K->989113K(1839616K), 0.0091750 secs] [Times: user=0.05 sys=0.00, real=0.01 secs] 
1479.978: [GC
Desired survivor size 3670016 bytes, new threshold 1 (max 15)
 [PSYoungGen: 812832K->1216K(815616K)] 1801145K->989545K(1839616K), 0.0090880 secs] [Times: user=0.05 sys=0.00, real=0.01 secs] 
1480.245: [GC
Desired survivor size 3145728 bytes, new threshold 1 (max 15)
 [PSYoungGen: 813248K->1600K(816128K)] 1801577K->989953K(1840128K), 0.0097350 secs] [Times: user=0.06 sys=0.00, real=0.01 secs] 
1480.503: [GC
Desired survivor size 3145728 bytes, new threshold 1 (max 15)
 [PSYoungGen: 814144K->1760K(815616K)] 1802497K->990129K(1839616K), 0.0094270 secs] [Times: user=0.05 sys=0.00, real=0.00 secs] 
1480.781: [GC
Desired survivor size 3145728 bytes, new threshold 1 (max 15)
 [PSYoungGen: 814304K->2016K(816128K)] 1802673K->990409K(1840128K), 0.0095880 secs] [Times: user=0.06 sys=0.01, real=0.01 secs] 
1481.047: [GC
Desired survivor size 3145728 bytes, new threshold 1 (max 15)
 [PSYoungGen: 815072K->1248K(816128K)] 1803465K->989657K(1840128K), 0.0098780 secs] [Times: user=0.05 sys=0.00, real=0.01 secs] 
1481.314: [GC
Desired survivor size 3145728 bytes, new threshold 1 (max 15)
 [PSYoungGen: 814304K->1664K(816128K)] 1802713K->990097K(1840128K), 0.0091980 secs] [Times: user=0.05 sys=0.00, real=0.01 secs] 
1481.583: [GC
Desired survivor size 3145728 bytes, new threshold 1 (max 15)
 [PSYoungGen: 814720K->672K(816128K)] 1803153K->989137K(1840128K), 0.0090690 secs] [Times: user=0.05 sys=0.00, real=0.00 secs] 
1481.853: [GC
Desired survivor size 3145728 bytes, new threshold 1 (max 15)
 [PSYoungGen: 813728K->1600K(816128K)] 1802193K->990105K(1840128K), 0.0091510 secs] [Times: user=0.06 sys=0.00, real=0.00 secs] 
1482.123: [GC
Desired survivor size 3145728 bytes, new threshold 1 (max 15)
 [PSYoungGen: 814656K->2176K(816128K)] 1803161K->990705K(1840128K), 0.0097220 secs] [Times: user=0.06 sys=0.00, real=0.01 secs] 
1482.394: [GC
Desired survivor size 3145728 bytes, new threshold 1 (max 15)
 [PSYoungGen: 815232K->1344K(816128K)] 1803761K->989905K(1840128K), 0.0094160 secs] [Times: user=0.05 sys=0.00, real=0.01 secs] 
1482.655: [GC
Desired survivor size 3670016 bytes, new threshold 1 (max 15)
 [PSYoungGen: 814400K->3072K(816128K)] 1802961K->991905K(1840128K), 0.0101880 secs] [Times: user=0.06 sys=0.00, real=0.01 secs] 
1482.921: [GC
Desired survivor size 3670016 bytes, new threshold 1 (max 15)
 [PSYoungGen: 816128K->2624K(815104K)] 1804961K->992153K(1839104K), 0.0096240 secs] [Times: user=0.06 sys=0.00, real=0.01 secs] 
1483.187: [GC
Desired survivor size 3670016 bytes, new threshold 1 (max 15)
 [PSYoungGen: 814656K->1344K(815616K)] 1804185K->990889K(1839616K), 0.0091810 secs] [Times: user=0.05 sys=0.00, real=0.01 secs] 
1483.453: [GC
Desired survivor size 3670016 bytes, new threshold 1 (max 15)
 [PSYoungGen: 813376K->1440K(815616K)] 1802921K->991009K(1839616K), 0.0092270 secs] [Times: user=0.05 sys=0.00, real=0.00 secs] 
1483.733: [GC
Desired survivor size 3670016 bytes, new threshold 1 (max 15)
 [PSYoungGen: 813472K->1728K(815616K)] 1803041K->991329K(1839616K), 0.0095390 secs] [Times: user=0.06 sys=0.00, real=0.01 secs] 
1483.997: [GC
Desired survivor size 3670016 bytes, new threshold 1 (max 15)
 [PSYoungGen: 813760K->2528K(815616K)] 1803361K->992145K(1839616K), 0.0100370 secs] [Times: user=0.06 sys=0.00, real=0.01 secs] 
1484.260: [GC
Desired survivor size 3670016 bytes, new threshold 1 (max 15)
 [PSYoungGen: 814560K->1312K(815616K)] 1804177K->990969K(1839616K), 0.0098260 secs] [Times: user=0.05 sys=0.01, real=0.01 secs] 
1484.524: [GC
Desired survivor size 3670016 bytes, new threshold 1 (max 15)
 [PSYoungGen: 813344K->960K(815616K)] 1803001K->990649K(1839616K), 0.0089110 secs] [Times: user=0.06 sys=0.00, real=0.00 secs] 
1484.797: [GC
Desired survivor size 3145728 bytes, new threshold 1 (max 15)
 [PSYoungGen: 812992K->1696K(815616K)] 1802681K->991417K(1839616K), 0.0096840 secs] [Times: user=0.05 sys=0.00, real=0.01 secs] 
1485.064: [GC
Desired survivor size 3145728 bytes, new threshold 1 (max 15)
 [PSYoungGen: 813728K->1696K(816128K)] 1803449K->991433K(1840128K), 0.0094250 secs] [Times: user=0.05 sys=0.00, real=0.00 secs] 
1485.334: [GC
Desired survivor size 3145728 bytes, new threshold 1 (max 15)
 [PSYoungGen: 814752K->1888K(816128K)] 1804489K->991657K(1840128K), 0.0088670 secs] [Times: user=0.04 sys=0.00, real=0.01 secs] 
1485.594: [GC
Desired survivor size 3145728 bytes, new threshold 1 (max 15)
 [PSYoungGen: 814944K->1024K(816128K)] 1804713K->990825K(1840128K), 0.0091090 secs] [Times: user=0.06 sys=0.00, real=0.01 secs] 
1485.870: [GC
Desired survivor size 3145728 bytes, new threshold 1 (max 15)
 [PSYoungGen: 814080K->1312K(816128K)] 1803881K->991145K(1840128K), 0.0087760 secs] [Times: user=0.05 sys=0.00, real=0.01 secs] 
1486.145: [GC
Desired survivor size 3145728 bytes, new threshold 1 (max 15)
 [PSYoungGen: 814368K->1888K(816128K)] 1804201K->991745K(1840128K), 0.0093460 secs] [Times: user=0.04 sys=0.00, real=0.01 secs] 
1486.412: [GC
Desired survivor size 3145728 bytes, new threshold 1 (max 15)
 [PSYoungGen: 814944K->1664K(816128K)] 1804801K->991553K(1840128K), 0.0087710 secs] [Times: user=0.05 sys=0.00, real=0.01 secs] 
1486.672: [GC
Desired survivor size 3145728 bytes, new threshold 1 (max 15)
 [PSYoungGen: 814720K->2464K(816128K)] 1804609K->992369K(1840128K), 0.0099870 secs] [Times: user=0.06 sys=0.00, real=0.01 secs] 
1486.950: [GC
Desired survivor size 3145728 bytes, new threshold 1 (max 15)
 [PSYoungGen: 815520K->1376K(816128K)] 1805425K->991297K(1840128K), 0.0095510 secs] [Times: user=0.05 sys=0.00, real=0.01 secs] 
1487.220: [GC
Desired survivor size 3145728 bytes, new threshold 1 (max 15)
 [PSYoungGen: 814432K->608K(816128K)] 1804353K->990545K(1840128K), 0.0087050 secs] [Times: user=0.04 sys=0.00, real=0.01 secs] 
1487.488: [GC
Desired survivor size 3145728 bytes, new threshold 1 (max 15)
 [PSYoungGen: 813664K->1184K(816128K)] 1803601K->991153K(1840128K), 0.0089240 secs] [Times: user=0.04 sys=0.00, real=0.01 secs] 
1487.759: [GC
Desired survivor size 3145728 bytes, new threshold 1 (max 15)
 [PSYoungGen: 814240K->1248K(816128K)] 1804209K->991257K(1840128K), 0.0091260 secs] [Times: user=0.05 sys=0.00, real=0.01 secs] 
1488.023: [GC
Desired survivor size 3145728 bytes, new threshold 1 (max 15)
 [PSYoungGen: 814304K->2240K(816128K)] 1804313K->992273K(1840128K), 0.0094400 secs] [Times: user=0.06 sys=0.00, real=0.01 secs] 
1488.288: [GC
Desired survivor size 3145728 bytes, new threshold 1 (max 15)
 [PSYoungGen: 815296K->1344K(816128K)] 1805329K->991401K(1840128K), 0.0090400 secs] [Times: user=0.06 sys=0.01, real=0.01 secs] 
1488.554: [GC
Desired survivor size 3145728 bytes, new threshold 1 (max 15)
 [PSYoungGen: 814400K->704K(816128K)] 1804457K->990777K(1840128K), 0.0086840 secs] [Times: user=0.05 sys=0.00, real=0.00 secs] 
1488.826: [GC
Desired survivor size 3145728 bytes, new threshold 1 (max 15)
 [PSYoungGen: 813760K->1952K(816128K)] 1803833K->992049K(1840128K), 0.0094620 secs] [Times: user=0.06 sys=0.00, real=0.01 secs] 
1489.103: [GC
Desired survivor size 3145728 bytes, new threshold 1 (max 15)
 [PSYoungGen: 815008K->1664K(816128K)] 1805105K->991785K(1840128K), 0.0095570 secs] [Times: user=0.05 sys=0.00, real=0.01 secs] 
1489.372: [GC
Desired survivor size 3145728 bytes, new threshold 1 (max 15)
 [PSYoungGen: 814720K->2176K(816128K)] 1804841K->992321K(1840128K), 0.0100790 secs] [Times: user=0.05 sys=0.00, real=0.01 secs] 
1489.647: [GC
Desired survivor size 3145728 bytes, new threshold 1 (max 15)
 [PSYoungGen: 815232K->1376K(816128K)] 1805377K->991537K(1840128K), 0.0092770 secs] [Times: user=0.05 sys=0.00, real=0.01 secs] 
1489.922: [GC
Desired survivor size 3145728 bytes, new threshold 1 (max 15)
 [PSYoungGen: 814432K->1696K(816128K)] 1804593K->991913K(1840128K), 0.0099030 secs] [Times: user=0.06 sys=0.00, real=0.01 secs] 
1490.186: [GC
Desired survivor size 3145728 bytes, new threshold 1 (max 15)
 [PSYoungGen: 814752K->2560K(816128K)] 1804969K->992801K(1840128K), 0.0110420 secs] [Times: user=0.05 sys=0.00, real=0.01 secs] 
1490.457: [GC
Desired survivor size 3145728 bytes, new threshold 1 (max 15)
 [PSYoungGen: 815616K->1216K(816128K)] 1805857K->991481K(1840128K), 0.0090240 secs] [Times: user=0.05 sys=0.00, real=0.01 secs] 
1490.735: [GC
Desired survivor size 3145728 bytes, new threshold 1 (max 15)
 [PSYoungGen: 814272K->1056K(816128K)] 1804537K->991337K(1840128K), 0.0090170 secs] [Times: user=0.05 sys=0.00, real=0.01 secs] 
1491.004: [GC
Desired survivor size 3145728 bytes, new threshold 1 (max 15)
 [PSYoungGen: 814112K->640K(816128K)] 1804393K->990937K(1840128K), 0.0091950 secs] [Times: user=0.05 sys=0.00, real=0.00 secs] 
1491.267: [GC
Desired survivor size 3670016 bytes, new threshold 1 (max 15)
 [PSYoungGen: 813696K->2560K(815616K)] 1803993K->992873K(1839616K), 0.0099660 secs] [Times: user=0.06 sys=0.00, real=0.01 secs] 
1491.530: [GC
Desired survivor size 3145728 bytes, new threshold 1 (max 15)
 [PSYoungGen: 815616K->1504K(816128K)] 1805929K->991841K(1840128K), 0.0093320 secs] [Times: user=0.05 sys=0.00, real=0.01 secs] 
1491.806: [GC
Desired survivor size 3145728 bytes, new threshold 1 (max 15)
 [PSYoungGen: 814048K->1504K(815616K)] 1804385K->991873K(1839616K), 0.0096780 secs] [Times: user=0.04 sys=0.00, real=0.01 secs] 
1492.068: [GC
Desired survivor size 3145728 bytes, new threshold 1 (max 15)
 [PSYoungGen: 814048K->1792K(816128K)] 1804417K->992185K(1840128K), 0.0098670 secs] [Times: user=0.05 sys=0.00, real=0.01 secs] 
1492.336: [GC
Desired survivor size 3145728 bytes, new threshold 1 (max 15)
 [PSYoungGen: 814848K->2464K(816128K)] 1805241K->992873K(1840128K), 0.0105620 secs] [Times: user=0.06 sys=0.00, real=0.01 secs] 
1492.603: [GC
Desired survivor size 3145728 bytes, new threshold 1 (max 15)
 [PSYoungGen: 815520K->1728K(816128K)] 1805929K->992161K(1840128K), 0.0095080 secs] [Times: user=0.06 sys=0.00, real=0.01 secs] 
1492.889: [GC
Desired survivor size 3145728 bytes, new threshold 1 (max 15)
 [PSYoungGen: 814784K->1184K(816128K)] 1805217K->991657K(1840128K), 0.0093300 secs] [Times: user=0.05 sys=0.00, real=0.01 secs] 
1493.153: [GC
Desired survivor size 3145728 bytes, new threshold 1 (max 15)
 [PSYoungGen: 814240K->1280K(816128K)] 1804713K->991769K(1840128K), 0.0093110 secs] [Times: user=0.05 sys=0.00, real=0.01 secs] 
1493.484: [GC
Desired survivor size 3670016 bytes, new threshold 1 (max 15)
 [PSYoungGen: 814336K->2880K(816128K)] 1804825K->993409K(1840128K), 0.0121110 secs] [Times: user=0.07 sys=0.00, real=0.02 secs] 
1493.763: [GC
Desired survivor size 3670016 bytes, new threshold 1 (max 15)
 [PSYoungGen: 815936K->3040K(815104K)] 1806465K->993585K(1839104K), 0.0097640 secs] [Times: user=0.06 sys=0.00, real=0.01 secs] 
1494.066: [GC
Desired survivor size 3670016 bytes, new threshold 1 (max 15)
 [PSYoungGen: 815072K->544K(815616K)] 1805617K->991121K(1839616K), 0.0088670 secs] [Times: user=0.04 sys=0.00, real=0.00 secs] 
1494.336: [GC
Desired survivor size 4194304 bytes, new threshold 1 (max 15)
 [PSYoungGen: 812576K->2752K(814592K)] 1803153K->993377K(1838592K), 0.0100020 secs] [Times: user=0.06 sys=0.00, real=0.01 secs] 
1494.670: [GC
Desired survivor size 4718592 bytes, new threshold 1 (max 15)
 [PSYoungGen: 813760K->3328K(814592K)] 1804385K->993977K(1838592K), 0.0110090 secs] [Times: user=0.06 sys=0.00, real=0.01 secs] 
1494.963: [GC
Desired survivor size 4194304 bytes, new threshold 1 (max 15)
 [PSYoungGen: 814336K->1792K(815104K)] 1804985K->992465K(1839104K), 0.0100720 secs] [Times: user=0.06 sys=0.00, real=0.01 secs] 
1495.226: [GC
Desired survivor size 4194304 bytes, new threshold 1 (max 15)
 [PSYoungGen: 812288K->1056K(814592K)] 1802961K->991785K(1838592K), 0.0089210 secs] [Times: user=0.05 sys=0.00, real=0.01 secs] 
1495.486: [GC
Desired survivor size 4194304 bytes, new threshold 1 (max 15)
 [PSYoungGen: 811552K->1504K(815104K)] 1802281K->992249K(1839104K), 0.0097160 secs] [Times: user=0.05 sys=0.00, real=0.01 secs] 
1495.756: [GC
Desired survivor size 4194304 bytes, new threshold 1 (max 15)
 [PSYoungGen: 812512K->2688K(815104K)] 1803257K->993465K(1839104K), 0.0107760 secs] [Times: user=0.06 sys=0.00, real=0.01 secs] 
1496.019: [GC
Desired survivor size 4194304 bytes, new threshold 1 (max 15)
 [PSYoungGen: 813696K->672K(815104K)] 1804473K->991497K(1839104K), 0.0087390 secs] [Times: user=0.05 sys=0.00, real=0.01 secs] 
1496.279: [GC
Desired survivor size 4194304 bytes, new threshold 1 (max 15)
 [PSYoungGen: 811680K->544K(815104K)] 1802505K->991393K(1839104K), 0.0086370 secs] [Times: user=0.05 sys=0.01, real=0.01 secs] 
1496.558: [GC
Desired survivor size 4194304 bytes, new threshold 1 (max 15)
 [PSYoungGen: 811552K->1376K(815104K)] 1802401K->992257K(1839104K), 0.0096090 secs] [Times: user=0.06 sys=0.01, real=0.01 secs] 
1496.832: [GC
Desired survivor size 3670016 bytes, new threshold 1 (max 15)
 [PSYoungGen: 812384K->1536K(815104K)] 1803265K->992441K(1839104K), 0.0091510 secs] [Times: user=0.06 sys=0.00, real=0.01 secs] 
1497.106: [GC
Desired survivor size 3670016 bytes, new threshold 1 (max 15)
 [PSYoungGen: 812544K->1760K(815616K)] 1803449K->992689K(1839616K), 0.0094640 secs] [Times: user=0.06 sys=0.00, real=0.01 secs] 
1497.374: [GC
Desired survivor size 3670016 bytes, new threshold 1 (max 15)
 [PSYoungGen: 813792K->1408K(815616K)] 1804721K->992353K(1839616K), 0.0095260 secs] [Times: user=0.05 sys=0.00, real=0.01 secs] 
1497.637: [GC
Desired survivor size 3670016 bytes, new threshold 1 (max 15)
 [PSYoungGen: 813440K->1824K(815616K)] 1804385K->992801K(1839616K), 0.0097240 secs] [Times: user=0.06 sys=0.00, real=0.01 secs] 
1497.913: [GC
Desired survivor size 3670016 bytes, new threshold 1 (max 15)
 [PSYoungGen: 813856K->480K(815616K)] 1804833K->991513K(1839616K), 0.0093440 secs] [Times: user=0.05 sys=0.00, real=0.01 secs] 
1498.177: [GC
Desired survivor size 3670016 bytes, new threshold 1 (max 15)
 [PSYoungGen: 812512K->1984K(815616K)] 1803545K->993041K(1839616K), 0.0095860 secs] [Times: user=0.06 sys=0.00, real=0.01 secs] 
1498.438: [GC
Desired survivor size 3670016 bytes, new threshold 1 (max 15)
 [PSYoungGen: 814016K->2336K(815616K)] 1805073K->993417K(1839616K), 0.0098910 secs] [Times: user=0.05 sys=0.00, real=0.01 secs] 
1498.704: [GC
Desired survivor size 3670016 bytes, new threshold 1 (max 15)
 [PSYoungGen: 814368K->864K(815616K)] 1805449K->991969K(1839616K), 0.0139400 secs] [Times: user=0.07 sys=0.00, real=0.02 secs] 
1498.982: [GC
Desired survivor size 3670016 bytes, new threshold 1 (max 15)
 [PSYoungGen: 812896K->1504K(815616K)] 1804001K->992633K(1839616K), 0.0127220 secs] [Times: user=0.04 sys=0.00, real=0.01 secs] 
1499.247: [GC
Desired survivor size 3670016 bytes, new threshold 1 (max 15)
 [PSYoungGen: 813536K->736K(815616K)] 1804665K->991889K(1839616K), 0.0092000 secs] [Times: user=0.05 sys=0.00, real=0.01 secs] 
1499.512: [GC
Desired survivor size 3145728 bytes, new threshold 1 (max 15)
 [PSYoungGen: 812768K->1024K(815616K)] 1803921K->992225K(1839616K), 0.0094700 secs] [Times: user=0.04 sys=0.00, real=0.01 secs] 
1499.789: [GC
Desired survivor size 4194304 bytes, new threshold 1 (max 15)
 [PSYoungGen: 813056K->3072K(814080K)] 1804257K->995209K(1838080K), 0.0105880 secs] [Times: user=0.07 sys=0.00, real=0.01 secs] 
1500.045: [GC
Desired survivor size 4194304 bytes, new threshold 1 (max 15)
 [PSYoungGen: 814080K->2816K(815104K)] 1806217K->995081K(1839104K), 0.0101740 secs] [Times: user=0.06 sys=0.00, real=0.01 secs] 
1500.312: [GC
Desired survivor size 4194304 bytes, new threshold 1 (max 15)
 [PSYoungGen: 813824K->1088K(815104K)] 1806089K->993409K(1839104K), 0.0087840 secs] [Times: user=0.04 sys=0.00, real=0.01 secs] 
1500.575: [GC
Desired survivor size 4194304 bytes, new threshold 1 (max 15)
 [PSYoungGen: 812096K->1024K(815104K)] 1804417K->993369K(1839104K), 0.0105190 secs] [Times: user=0.05 sys=0.00, real=0.02 secs] 
1500.840: [GC
Desired survivor size 4194304 bytes, new threshold 1 (max 15)
 [PSYoungGen: 812032K->1536K(815104K)] 1804377K->993905K(1839104K), 0.0092370 secs] [Times: user=0.05 sys=0.00, real=0.01 secs] 
1501.109: [GC
Desired survivor size 4194304 bytes, new threshold 1 (max 15)
 [PSYoungGen: 812544K->704K(815104K)] 1804913K->993089K(1839104K), 0.0089110 secs] [Times: user=0.05 sys=0.01, real=0.01 secs] 
1501.372: [GC
Desired survivor size 3670016 bytes, new threshold 1 (max 15)
 [PSYoungGen: 811712K->1248K(815616K)] 1804097K->993657K(1839616K), 0.0096870 secs] [Times: user=0.05 sys=0.00, real=0.01 secs] 
1501.634: [GC
Desired survivor size 4194304 bytes, new threshold 1 (max 15)
 [PSYoungGen: 812768K->2880K(815104K)] 1805177K->995321K(1839104K), 0.0100030 secs] [Times: user=0.06 sys=0.00, real=0.01 secs] 
1501.919: [GC
Desired survivor size 3670016 bytes, new threshold 1 (max 15)
 [PSYoungGen: 814400K->1504K(815616K)] 1806841K->993977K(1839616K), 0.0092990 secs] [Times: user=0.05 sys=0.00, real=0.01 secs] 
1502.185: [GC
Desired survivor size 4194304 bytes, new threshold 1 (max 15)
 [PSYoungGen: 813024K->2464K(815104K)] 1805497K->994961K(1839104K), 0.0098540 secs] [Times: user=0.05 sys=0.00, real=0.01 secs] 
1502.449: [GC
Desired survivor size 3670016 bytes, new threshold 1 (max 15)
 [PSYoungGen: 813984K->1408K(815616K)] 1806481K->993929K(1839616K), 0.0099090 secs] [Times: user=0.06 sys=0.00, real=0.01 secs] 
1502.719: [GC
Desired survivor size 4194304 bytes, new threshold 1 (max 15)
 [PSYoungGen: 812928K->2432K(815104K)] 1805449K->994993K(1839104K), 0.0166520 secs] [Times: user=0.06 sys=0.00, real=0.02 secs] 
1502.982: [GC
Desired survivor size 3670016 bytes, new threshold 1 (max 15)
 [PSYoungGen: 813952K->1536K(815616K)] 1806513K->994129K(1839616K), 0.0097790 secs] [Times: user=0.06 sys=0.00, real=0.01 secs] 
1503.247: [GC
Desired survivor size 3670016 bytes, new threshold 1 (max 15)
 [PSYoungGen: 813056K->2432K(815104K)] 1805649K->995057K(1839104K), 0.0099560 secs] [Times: user=0.05 sys=0.00, real=0.01 secs] 
1503.515: [GC
Desired survivor size 3670016 bytes, new threshold 1 (max 15)
 [PSYoungGen: 813952K->896K(815616K)] 1806577K->993545K(1839616K), 0.0088360 secs] [Times: user=0.06 sys=0.00, real=0.01 secs] 
1503.788: [GC
Desired survivor size 3670016 bytes, new threshold 1 (max 15)
 [PSYoungGen: 812928K->1760K(815616K)] 1805577K->994449K(1839616K), 0.0096670 secs] [Times: user=0.06 sys=0.00, real=0.01 secs] 
1504.048: [GC
Desired survivor size 3670016 bytes, new threshold 1 (max 15)
 [PSYoungGen: 813792K->896K(815616K)] 1806481K->993633K(1839616K), 0.0091730 secs] [Times: user=0.05 sys=0.00, real=0.01 secs] 
1504.318: [GC
Desired survivor size 3670016 bytes, new threshold 1 (max 15)
 [PSYoungGen: 812928K->480K(815616K)] 1805665K->993249K(1839616K), 0.0087660 secs] [Times: user=0.06 sys=0.00, real=0.01 secs] 
1504.586: [GC
Desired survivor size 3670016 bytes, new threshold 1 (max 15)
 [PSYoungGen: 812512K->1344K(815616K)] 1805281K->994153K(1839616K), 0.0093730 secs] [Times: user=0.05 sys=0.00, real=0.01 secs] 
1504.857: [GC
Desired survivor size 3670016 bytes, new threshold 1 (max 15)
 [PSYoungGen: 813376K->2016K(815616K)] 1806185K->994849K(1839616K), 0.0100690 secs] [Times: user=0.05 sys=0.00, real=0.01 secs] 
1505.125: [GC
Desired survivor size 3670016 bytes, new threshold 1 (max 15)
 [PSYoungGen: 814048K->1984K(815616K)] 1806881K->994841K(1839616K), 0.0094760 secs] [Times: user=0.06 sys=0.00, real=0.01 secs] 
1505.395: [GC
Desired survivor size 3670016 bytes, new threshold 1 (max 15)
 [PSYoungGen: 814016K->672K(815616K)] 1806873K->993553K(1839616K), 0.0089870 secs] [Times: user=0.04 sys=0.00, real=0.01 secs] 
1505.661: [GC
Desired survivor size 4194304 bytes, new threshold 1 (max 15)
 [PSYoungGen: 812704K->3232K(814592K)] 1805585K->996145K(1838592K), 0.0103320 secs] [Times: user=0.05 sys=0.00, real=0.01 secs] 
1505.933: [GC
Desired survivor size 4194304 bytes, new threshold 1 (max 15)
 [PSYoungGen: 814240K->2688K(815104K)] 1807153K->995633K(1839104K), 0.0100630 secs] [Times: user=0.06 sys=0.00, real=0.01 secs] 
1506.205: [GC
Desired survivor size 4194304 bytes, new threshold 1 (max 15)
 [PSYoungGen: 813696K->1056K(815104K)] 1806641K->994033K(1839104K), 0.0090350 secs] [Times: user=0.06 sys=0.01, real=0.01 secs] 
1506.473: [GC
Desired survivor size 4194304 bytes, new threshold 1 (max 15)
 [PSYoungGen: 812064K->2176K(815104K)] 1805041K->995177K(1839104K), 0.0095920 secs] [Times: user=0.06 sys=0.00, real=0.01 secs] 
1506.744: [GC
Desired survivor size 4194304 bytes, new threshold 1 (max 15)
 [PSYoungGen: 813184K->640K(815104K)] 1806185K->993657K(1839104K), 0.0090190 secs] [Times: user=0.05 sys=0.00, real=0.01 secs] 
1507.004: [GC
Desired survivor size 3670016 bytes, new threshold 1 (max 15)
 [PSYoungGen: 811648K->1312K(815104K)] 1804665K->994353K(1839104K), 0.0094120 secs] [Times: user=0.05 sys=0.00, real=0.01 secs] 
1507.400: [GC
Desired survivor size 4194304 bytes, new threshold 1 (max 15)
 [PSYoungGen: 812320K->2304K(814592K)] 1805361K->995361K(1838592K), 0.1043960 secs] [Times: user=0.10 sys=0.01, real=0.10 secs] 
1507.790: [GC
Desired survivor size 4194304 bytes, new threshold 1 (max 15)
 [PSYoungGen: 813312K->3264K(815104K)] 1806369K->996337K(1839104K), 0.0104530 secs] [Times: user=0.06 sys=0.00, real=0.01 secs] 
1508.047: [GC
Desired survivor size 4194304 bytes, new threshold 1 (max 15)
 [PSYoungGen: 814272K->2528K(815104K)] 1807345K->995633K(1839104K), 0.0097900 secs] [Times: user=0.06 sys=0.00, real=0.01 secs] 
1508.311: [GC
Desired survivor size 4194304 bytes, new threshold 1 (max 15)
 [PSYoungGen: 813536K->1728K(815104K)] 1806641K->994881K(1839104K), 0.0096950 secs] [Times: user=0.06 sys=0.00, real=0.01 secs] 
1508.577: [GC
Desired survivor size 4194304 bytes, new threshold 1 (max 15)
 [PSYoungGen: 812736K->2592K(815104K)] 1805889K->995793K(1839104K), 0.0115750 secs] [Times: user=0.07 sys=0.00, real=0.01 secs] 
1508.853: [GC
Desired survivor size 4194304 bytes, new threshold 1 (max 15)
 [PSYoungGen: 813600K->2368K(815104K)] 1806801K->995585K(1839104K), 0.0093110 secs] [Times: user=0.06 sys=0.00, real=0.01 secs] 
1509.125: [GC
Desired survivor size 4194304 bytes, new threshold 1 (max 15)
 [PSYoungGen: 813376K->1184K(815104K)] 1806593K->994425K(1839104K), 0.0095900 secs] [Times: user=0.05 sys=0.01, real=0.01 secs] 
1509.391: [GC
Desired survivor size 4194304 bytes, new threshold 1 (max 15)
 [PSYoungGen: 812192K->1440K(815104K)] 1805433K->994737K(1839104K), 0.0095700 secs] [Times: user=0.05 sys=0.01, real=0.01 secs] 
1509.655: [GC
Desired survivor size 4194304 bytes, new threshold 1 (max 15)
 [PSYoungGen: 812448K->2528K(815104K)] 1805745K->995849K(1839104K), 0.0099590 secs] [Times: user=0.05 sys=0.00, real=0.01 secs] 
1509.920: [GC
Desired survivor size 4194304 bytes, new threshold 1 (max 15)
 [PSYoungGen: 813536K->1696K(815104K)] 1806857K->995049K(1839104K), 0.0092770 secs] [Times: user=0.05 sys=0.00, real=0.01 secs] 
1510.193: [GC
Desired survivor size 4194304 bytes, new threshold 1 (max 15)
 [PSYoungGen: 812704K->832K(815104K)] 1806057K->994209K(1839104K), 0.0090020 secs] [Times: user=0.05 sys=0.00, real=0.01 secs] 
1510.462: [GC
Desired survivor size 3670016 bytes, new threshold 1 (max 15)
 [PSYoungGen: 811840K->1824K(815104K)] 1805217K->995217K(1839104K), 0.0097510 secs] [Times: user=0.06 sys=0.00, real=0.01 secs] 
1510.744: [GC
Desired survivor size 3670016 bytes, new threshold 1 (max 15)
 [PSYoungGen: 812832K->1056K(815616K)] 1806225K->994457K(1839616K), 0.0090870 secs] [Times: user=0.05 sys=0.00, real=0.01 secs] 
1511.008: [GC
Desired survivor size 3670016 bytes, new threshold 1 (max 15)
 [PSYoungGen: 813088K->2144K(815616K)] 1806489K->995577K(1839616K), 0.0094630 secs] [Times: user=0.05 sys=0.00, real=0.00 secs] 
1511.262: [GC
Desired survivor size 3670016 bytes, new threshold 1 (max 15)
 [PSYoungGen: 814176K->1472K(815616K)] 1807609K->994929K(1839616K), 0.0094420 secs] [Times: user=0.05 sys=0.00, real=0.01 secs] 
1511.533: [GC
Desired survivor size 3670016 bytes, new threshold 1 (max 15)
 [PSYoungGen: 813504K->1472K(815616K)] 1806961K->994961K(1839616K), 0.0095130 secs] [Times: user=0.05 sys=0.00, real=0.01 secs] 
1511.802: [GC
Desired survivor size 3670016 bytes, new threshold 1 (max 15)
 [PSYoungGen: 813504K->640K(815616K)] 1806993K->994153K(1839616K), 0.0090140 secs] [Times: user=0.05 sys=0.00, real=0.01 secs] 
1512.067: [GC
Desired survivor size 3670016 bytes, new threshold 1 (max 15)
 [PSYoungGen: 812672K->2432K(815616K)] 1806185K->995961K(1839616K), 0.0097700 secs] [Times: user=0.06 sys=0.00, real=0.01 secs] 
1512.331: [GC
Desired survivor size 3670016 bytes, new threshold 1 (max 15)
 [PSYoungGen: 814464K->1056K(815616K)] 1807993K->994625K(1839616K), 0.0092020 secs] [Times: user=0.04 sys=0.00, real=0.01 secs] 
1512.603: [GC
Desired survivor size 3670016 bytes, new threshold 1 (max 15)
 [PSYoungGen: 813088K->2048K(815616K)] 1806657K->995649K(1839616K), 0.0098310 secs] [Times: user=0.07 sys=0.00, real=0.01 secs] 
1512.875: [GC
Desired survivor size 4194304 bytes, new threshold 1 (max 15)
 [PSYoungGen: 814080K->2944K(814592K)] 1807681K->996577K(1838592K), 0.0101740 secs] [Times: user=0.06 sys=0.00, real=0.01 secs] 
1513.137: [GC
Desired survivor size 3670016 bytes, new threshold 1 (max 15)
 [PSYoungGen: 813952K->1888K(815104K)] 1807585K->995929K(1839104K), 0.0096600 secs] [Times: user=0.06 sys=0.00, real=0.01 secs] 
1513.401: [GC
Desired survivor size 3670016 bytes, new threshold 1 (max 15)
 [PSYoungGen: 812896K->1696K(815616K)] 1806937K->996065K(1839616K), 0.0097050 secs] [Times: user=0.05 sys=0.00, real=0.01 secs] 
1513.671: [GC
Desired survivor size 3670016 bytes, new threshold 1 (max 15)
 [PSYoungGen: 813728K->1472K(815616K)] 1808097K->995889K(1839616K), 0.0095510 secs] [Times: user=0.06 sys=0.00, real=0.01 secs] 
1513.993: [GC
Desired survivor size 3670016 bytes, new threshold 1 (max 15)
 [PSYoungGen: 813504K->992K(815616K)] 1807921K->995433K(1839616K), 0.0099190 secs] [Times: user=0.05 sys=0.00, real=0.01 secs] 
1514.257: [GC
Desired survivor size 3670016 bytes, new threshold 1 (max 15)
 [PSYoungGen: 813024K->2272K(815616K)] 1807465K->996753K(1839616K), 0.0097080 secs] [Times: user=0.06 sys=0.00, real=0.01 secs] 
1514.510: [GC
Desired survivor size 3670016 bytes, new threshold 1 (max 15)
 [PSYoungGen: 814304K->1472K(815616K)] 1808785K->995969K(1839616K), 0.0089900 secs] [Times: user=0.05 sys=0.00, real=0.01 secs] 
1514.789: [GC
Desired survivor size 3670016 bytes, new threshold 1 (max 15)
 [PSYoungGen: 813504K->800K(815616K)] 1808001K->995321K(1839616K), 0.0088270 secs] [Times: user=0.05 sys=0.00, real=0.01 secs] 
1515.049: [GC
Desired survivor size 3145728 bytes, new threshold 1 (max 15)
 [PSYoungGen: 812832K->1568K(816128K)] 1807353K->996129K(1840128K), 0.0092600 secs] [Times: user=0.05 sys=0.00, real=0.01 secs] 
1515.312: [GC
Desired survivor size 3145728 bytes, new threshold 1 (max 15)
 [PSYoungGen: 814112K->1248K(815616K)] 1808673K->995825K(1839616K), 0.0095510 secs] [Times: user=0.05 sys=0.00, real=0.01 secs] 
1515.583: [GC
Desired survivor size 3145728 bytes, new threshold 1 (max 15)
 [PSYoungGen: 813792K->512K(816128K)] 1808369K->995121K(1840128K), 0.0090390 secs] [Times: user=0.05 sys=0.00, real=0.01 secs] 
1515.853: [GC
Desired survivor size 3145728 bytes, new threshold 1 (max 15)
 [PSYoungGen: 813568K->1120K(816128K)] 1808177K->995769K(1840128K), 0.0093230 secs] [Times: user=0.06 sys=0.00, real=0.01 secs] 
1516.123: [GC
Desired survivor size 3670016 bytes, new threshold 1 (max 15)
 [PSYoungGen: 814176K->2880K(815104K)] 1808825K->997545K(1839104K), 0.0101440 secs] [Times: user=0.06 sys=0.00, real=0.01 secs] 
1516.387: [GC
Desired survivor size 3670016 bytes, new threshold 1 (max 15)
 [PSYoungGen: 814912K->1440K(815616K)] 1809577K->996137K(1839616K), 0.0095070 secs] [Times: user=0.06 sys=0.00, real=0.01 secs] 
1516.662: [GC
Desired survivor size 3670016 bytes, new threshold 1 (max 15)
 [PSYoungGen: 813472K->1024K(815616K)] 1808169K->995769K(1839616K), 0.0088070 secs] [Times: user=0.04 sys=0.00, real=0.01 secs] 
1516.930: [GC
Desired survivor size 3145728 bytes, new threshold 1 (max 15)
 [PSYoungGen: 813056K->1664K(815616K)] 1807801K->996433K(1839616K), 0.0092710 secs] [Times: user=0.06 sys=0.00, real=0.01 secs] 
